[2026-06-26T13:51:16.324-0300][0.014s][14000][7988][info][gc,init] Initializing The Z Garbage Collector
[2026-06-26T13:51:16.324-0300][0.014s][14000][7988][info][gc,init] Version: 25.0.1+8-LTS (release)
[2026-06-26T13:51:16.324-0300][0.014s][14000][7988][info][gc,init] NUMA Support: Disabled
[2026-06-26T13:51:16.324-0300][0.014s][14000][7988][info][gc,init] CPUs: 12 total, 12 available
[2026-06-26T13:51:16.324-0300][0.014s][14000][7988][info][gc,init] Memory: 32693M
[2026-06-26T13:51:16.324-0300][0.014s][14000][7988][info][gc,init] Large Page Support: Disabled
[2026-06-26T13:51:16.324-0300][0.014s][14000][7988][info][gc,init] Address Space Size: limited (137434287384K)
[2026-06-26T13:51:16.324-0300][0.014s][14000][7988][info][gc,init] Reserved Space Type: Contiguous/Unrestricted/Complete
[2026-06-26T13:51:16.324-0300][0.014s][14000][7988][info][gc,init] Reserved Space Size: 48G
[2026-06-26T13:51:16.324-0300][0.014s][14000][7988][info][gc,init] Min Capacity: 8M
[2026-06-26T13:51:16.324-0300][0.014s][14000][7988][info][gc,init] Initial Capacity: 512M
[2026-06-26T13:51:16.324-0300][0.014s][14000][7988][info][gc,init] Max Capacity: 3072M
[2026-06-26T13:51:16.324-0300][0.014s][14000][7988][info][gc,init] Soft Max Capacity: 3072M
[2026-06-26T13:51:16.324-0300][0.014s][14000][7988][info][gc,init] Page Size Medium: Range [4M, 32M]
[2026-06-26T13:51:16.324-0300][0.014s][14000][7988][info][gc,init] Pre-touch: Disabled
[2026-06-26T13:51:16.324-0300][0.014s][14000][7988][info][gc,init] Uncommit: Enabled
[2026-06-26T13:51:16.324-0300][0.014s][14000][7988][info][gc,init] Uncommit Delay: 300s
[2026-06-26T13:51:16.324-0300][0.014s][14000][7988][info][gc,init] GC Workers for Old Generation: 3 (dynamic)
[2026-06-26T13:51:16.324-0300][0.014s][14000][7988][info][gc,init] GC Workers for Young Generation: 3 (dynamic)
[2026-06-26T13:51:16.337-0300][0.025s][14000][7988][info][gc,init] GC Workers Max: 3 (dynamic)
[2026-06-26T13:51:16.337-0300][0.026s][14000][7988][info][gc,init] Runtime Workers: 8
[2026-06-26T13:51:16.338-0300][0.026s][14000][7988][info][gc     ] Using The Z Garbage Collector
[2026-06-26T13:51:16.344-0300][0.032s][14000][7988][info][gc,metaspace] CDS archive(s) mapped at: [0x000000003d000000-0x000000003dd20000-0x000000003dd20000), size 13762560, SharedBaseAddress: 0x000000003d000000, ArchiveRelocationMode: 1.
[2026-06-26T13:51:16.344-0300][0.032s][14000][7988][info][gc,metaspace] Compressed class space mapped at: 0x000000003e000000-0x000000007e000000, reserved size: 1073741824
[2026-06-26T13:51:16.344-0300][0.032s][14000][7988][info][gc,metaspace] UseCompressedClassPointers 1, UseCompactObjectHeaders 0
[2026-06-26T13:51:16.344-0300][0.032s][14000][7988][info][gc,metaspace] Narrow klass pointer bits 32, Max shift 3
[2026-06-26T13:51:16.344-0300][0.032s][14000][7988][info][gc,metaspace] Narrow klass base: 0x000000003d000000, Narrow klass shift: 0
[2026-06-26T13:51:16.344-0300][0.032s][14000][7988][info][gc,metaspace] Encoding Range: [0x000000003d000000 - 0x000000013d000000), (4294967296 bytes)
[2026-06-26T13:51:16.344-0300][0.032s][14000][7988][info][gc,metaspace] Klass Range:    [0x000000003d010000 - 0x000000007e000000), (1090453504 bytes)
[2026-06-26T13:51:16.344-0300][0.032s][14000][7988][info][gc,metaspace] Klass ID Range:  [65536 - 1090519033) (1090453497)
[2026-06-26T13:51:16.344-0300][0.032s][14000][7988][info][gc,metaspace] Protection zone: [0x000000003d000000 - 0x000000003d010000), (65536 bytes)
[2026-06-26T13:51:20.095-0300][3.784s][14000][1600][info][gc          ] GC(0) Major Collection (Metadata GC Threshold)
[2026-06-26T13:51:20.096-0300][3.785s][14000][1600][info][gc,task     ] GC(0) Using 1 Workers for Young Generation
[2026-06-26T13:51:20.096-0300][3.785s][14000][1600][info][gc,task     ] GC(0) Using 1 Workers for Old Generation
[2026-06-26T13:51:20.098-0300][3.787s][14000][1600][info][gc,phases   ] GC(0) Y: Young Generation
[2026-06-26T13:51:20.102-0300][3.790s][14000][2192][info][gc,phases   ] GC(0) Y: Pause Mark Start (Major) 0.957ms
[2026-06-26T13:51:20.122-0300][3.810s][14000][1600][info][gc,phases   ] GC(0) Y: Concurrent Mark 19.748ms
[2026-06-26T13:51:20.123-0300][3.811s][14000][2192][info][gc,phases   ] GC(0) Y: Pause Mark End 0.919ms
[2026-06-26T13:51:20.123-0300][3.811s][14000][1600][info][gc,phases   ] GC(0) Y: Concurrent Mark Free 0.002ms
[2026-06-26T13:51:20.123-0300][3.811s][14000][1600][info][gc,phases   ] GC(0) Y: Concurrent Reset Relocation Set 0.000ms
[2026-06-26T13:51:20.124-0300][3.812s][14000][1600][info][gc,reloc    ] GC(0) Y: Using tenuring threshold: 1 (Computed)
[2026-06-26T13:51:20.125-0300][3.813s][14000][1600][info][gc,phases   ] GC(0) Y: Concurrent Select Relocation Set 1.476ms
[2026-06-26T13:51:20.125-0300][3.813s][14000][2192][info][gc,phases   ] GC(0) Y: Pause Relocate Start 0.006ms
[2026-06-26T13:51:20.132-0300][3.820s][14000][1600][info][gc,phases   ] GC(0) Y: Concurrent Relocate 7.444ms
[2026-06-26T13:51:20.132-0300][3.820s][14000][1600][info][gc,alloc    ] GC(0) Y:                         Mark Start        Mark End      Relocate Start    Relocate End   
[2026-06-26T13:51:20.132-0300][3.820s][14000][1600][info][gc,alloc    ] GC(0) Y: Allocation Stalls:          0                0                0                0         
[2026-06-26T13:51:20.132-0300][3.820s][14000][1600][info][gc,load     ] GC(0) Y: Load: 0.00 (0%) / 0.00 (0%) / 0.00 (0%)
[2026-06-26T13:51:20.133-0300][3.821s][14000][1600][info][gc,mmu      ] GC(0) Y: MMU: 2ms/52.1%, 5ms/80.9%, 10ms/90.4%, 20ms/95.2%, 50ms/96.2%, 100ms/98.1%
[2026-06-26T13:51:20.133-0300][3.821s][14000][1600][info][gc,marking  ] GC(0) Y: Mark: 1 stripe(s), 2 proactive flush(es), 1 terminate flush(es), 0 completion(s), 0 continuation(s) 
[2026-06-26T13:51:20.134-0300][3.821s][14000][1600][info][gc,nmethod  ] GC(0) Y: NMethods: 3184 registered, 0 unregistered
[2026-06-26T13:51:20.134-0300][3.821s][14000][1600][info][gc,metaspace] GC(0) Y: Metaspace: 20M used, 21M committed, 1088M reserved
[2026-06-26T13:51:20.134-0300][3.821s][14000][1600][info][gc,reloc    ] GC(0) Y:                        Candidates     Selected     In-Place         Size        Empty    Relocated 
[2026-06-26T13:51:20.134-0300][3.821s][14000][1600][info][gc,reloc    ] GC(0) Y: Small Pages:                   37           30            0          74M           0M           5M 
[2026-06-26T13:51:20.134-0300][3.821s][14000][1600][info][gc,reloc    ] GC(0) Y: Medium Pages:                   1            0            0          32M           0M           0M 
[2026-06-26T13:51:20.134-0300][3.821s][14000][1600][info][gc,reloc    ] GC(0) Y: Large Pages:                    0            0            0           0M           0M           0M 
[2026-06-26T13:51:20.134-0300][3.821s][14000][1600][info][gc,reloc    ] GC(0) Y: Forwarding Usage: 2M
[2026-06-26T13:51:20.134-0300][3.821s][14000][1600][info][gc,reloc    ] GC(0) Y: Age Table:
[2026-06-26T13:51:20.134-0300][3.821s][14000][1600][info][gc,reloc    ] GC(0) Y:                    Live             Garbage             Small              Medium             Large        
[2026-06-26T13:51:20.134-0300][3.821s][14000][1600][info][gc,reloc    ] GC(0) Y: Eden              13M (0%)           92M (3%)          37 / 30             1 / 0              0 / 0        
[2026-06-26T13:51:20.134-0300][3.822s][14000][1600][info][gc,heap     ] GC(0) Y: Min Capacity: 8M(0%)
[2026-06-26T13:51:20.134-0300][3.822s][14000][1600][info][gc,heap     ] GC(0) Y: Max Capacity: 3072M(100%)
[2026-06-26T13:51:20.134-0300][3.822s][14000][1600][info][gc,heap     ] GC(0) Y: Soft Max Capacity: 3072M(100%)
[2026-06-26T13:51:20.134-0300][3.822s][14000][1600][info][gc,heap     ] GC(0) Y: Heap Statistics:
[2026-06-26T13:51:20.134-0300][3.822s][14000][1600][info][gc,heap     ] GC(0) Y:                Mark Start          Mark End        Relocate Start      Relocate End           High               Low         
[2026-06-26T13:51:20.134-0300][3.822s][14000][1600][info][gc,heap     ] GC(0) Y:  Capacity:      512M (17%)         512M (17%)         512M (17%)         512M (17%)         512M (17%)         512M (17%)    
[2026-06-26T13:51:20.134-0300][3.822s][14000][1600][info][gc,heap     ] GC(0) Y:      Free:     2966M (97%)        2962M (96%)        2962M (96%)        3018M (98%)        3018M (98%)        2958M (96%)    
[2026-06-26T13:51:20.134-0300][3.822s][14000][1600][info][gc,heap     ] GC(0) Y:      Used:      106M (3%)          110M (4%)          110M (4%)           54M (2%)          114M (4%)           54M (2%)     
[2026-06-26T13:51:20.134-0300][3.822s][14000][1600][info][gc,heap     ] GC(0) Y: Young Generation Statistics:
[2026-06-26T13:51:20.134-0300][3.822s][14000][1600][info][gc,heap     ] GC(0) Y:                Mark Start          Mark End        Relocate Start      Relocate End    
[2026-06-26T13:51:20.134-0300][3.822s][14000][1600][info][gc,heap     ] GC(0) Y:      Used:      106M (3%)          110M (4%)          110M (4%)           54M (2%)     
[2026-06-26T13:51:20.135-0300][3.822s][14000][1600][info][gc,heap     ] GC(0) Y:      Live:         -                13M (0%)           13M (0%)           13M (0%)     
[2026-06-26T13:51:20.135-0300][3.822s][14000][1600][info][gc,heap     ] GC(0) Y:   Garbage:         -                92M (3%)           92M (3%)           30M (1%)     
[2026-06-26T13:51:20.135-0300][3.822s][14000][1600][info][gc,heap     ] GC(0) Y: Allocated:         -                 4M (0%)            4M (0%)            9M (0%)     
[2026-06-26T13:51:20.135-0300][3.822s][14000][1600][info][gc,heap     ] GC(0) Y: Reclaimed:         -                  -                 0M (0%)           61M (2%)     
[2026-06-26T13:51:20.135-0300][3.822s][14000][1600][info][gc,heap     ] GC(0) Y:  Promoted:         -                  -                 0M (0%)            0M (0%)     
[2026-06-26T13:51:20.135-0300][3.822s][14000][1600][info][gc,heap     ] GC(0) Y: Compacted:         -                  -                  -                 6M (0%)     
[2026-06-26T13:51:20.135-0300][3.822s][14000][1600][info][gc,phases   ] GC(0) Y: Young Generation 106M(3%)->54M(2%) 0.034s
[2026-06-26T13:51:20.135-0300][3.822s][14000][1600][info][gc,phases   ] GC(0) O: Old Generation
[2026-06-26T13:51:20.136-0300][3.824s][14000][1600][info][gc,phases   ] GC(0) O: Concurrent Mark 1.096ms
[2026-06-26T13:51:20.136-0300][3.824s][14000][2192][info][gc,phases   ] GC(0) O: Pause Mark End 0.009ms
[2026-06-26T13:51:20.136-0300][3.824s][14000][1600][info][gc,phases   ] GC(0) O: Concurrent Mark Free 0.001ms
[2026-06-26T13:51:20.141-0300][3.829s][14000][1600][info][gc,phases   ] GC(0) O: Concurrent Process Non-Strong 5.197ms
[2026-06-26T13:51:20.141-0300][3.829s][14000][1600][info][gc,phases   ] GC(0) O: Concurrent Reset Relocation Set 0.000ms
[2026-06-26T13:51:20.141-0300][3.829s][14000][1600][info][gc,phases   ] GC(0) O: Concurrent Select Relocation Set 0.065ms
[2026-06-26T13:51:20.141-0300][3.829s][14000][1600][info][gc,task     ] GC(0) O: Using 2 Workers for Old Generation
[2026-06-26T13:51:20.142-0300][3.830s][14000][1600][info][gc,task     ] GC(0) O: Using 1 Workers for Old Generation
[2026-06-26T13:51:20.142-0300][3.830s][14000][1600][info][gc,phases   ] GC(0) O: Concurrent Remap Roots 1.012ms
[2026-06-26T13:51:20.144-0300][3.832s][14000][2192][info][gc,phases   ] GC(0) O: Pause Relocate Start 0.647ms
[2026-06-26T13:51:20.144-0300][3.832s][14000][1600][info][gc,phases   ] GC(0) O: Concurrent Relocate 0.048ms
[2026-06-26T13:51:20.144-0300][3.832s][14000][1600][info][gc,alloc    ] GC(0) O:                         Mark Start        Mark End      Relocate Start    Relocate End   
[2026-06-26T13:51:20.144-0300][3.832s][14000][1600][info][gc,alloc    ] GC(0) O: Allocation Stalls:          0                0                0                0         
[2026-06-26T13:51:20.144-0300][3.832s][14000][1600][info][gc,load     ] GC(0) O: Load: 0.00 (0%) / 0.00 (0%) / 0.00 (0%)
[2026-06-26T13:51:20.144-0300][3.832s][14000][1600][info][gc,mmu      ] GC(0) O: MMU: 2ms/52.1%, 5ms/80.9%, 10ms/90.4%, 20ms/95.2%, 50ms/94.9%, 100ms/97.5%
[2026-06-26T13:51:20.144-0300][3.832s][14000][1600][info][gc,marking  ] GC(0) O: Mark: 1 stripe(s), 1 proactive flush(es), 1 terminate flush(es), 0 completion(s), 0 continuation(s) 
[2026-06-26T13:51:20.144-0300][3.832s][14000][1600][info][gc,nmethod  ] GC(0) O: NMethods: 2914 registered, 337 unregistered
[2026-06-26T13:51:20.144-0300][3.832s][14000][1600][info][gc,metaspace] GC(0) O: Metaspace: 20M used, 21M committed, 1088M reserved
[2026-06-26T13:51:20.144-0300][3.832s][14000][1600][info][gc,ref      ] GC(0) O:                       Encountered   Discovered     Enqueued 
[2026-06-26T13:51:20.144-0300][3.832s][14000][1600][info][gc,ref      ] GC(0) O: Soft References:             2984            0            0 
[2026-06-26T13:51:20.144-0300][3.832s][14000][1600][info][gc,ref      ] GC(0) O: Weak References:             3621            0            0 
[2026-06-26T13:51:20.144-0300][3.832s][14000][1600][info][gc,ref      ] GC(0) O: Final References:               8            0            0 
[2026-06-26T13:51:20.144-0300][3.832s][14000][1600][info][gc,ref      ] GC(0) O: Phantom References:          1215            0            0 
[2026-06-26T13:51:20.144-0300][3.832s][14000][1600][info][gc,heap     ] GC(0) O: Min Capacity: 8M(0%)
[2026-06-26T13:51:20.144-0300][3.832s][14000][1600][info][gc,heap     ] GC(0) O: Max Capacity: 3072M(100%)
[2026-06-26T13:51:20.144-0300][3.832s][14000][1600][info][gc,heap     ] GC(0) O: Soft Max Capacity: 3072M(100%)
[2026-06-26T13:51:20.144-0300][3.832s][14000][1600][info][gc,heap     ] GC(0) O: Heap Statistics:
[2026-06-26T13:51:20.144-0300][3.832s][14000][1600][info][gc,heap     ] GC(0) O:                Mark Start          Mark End        Relocate Start      Relocate End           High               Low         
[2026-06-26T13:51:20.144-0300][3.832s][14000][1600][info][gc,heap     ] GC(0) O:  Capacity:      512M (17%)         512M (17%)         512M (17%)         512M (17%)         512M (17%)         512M (17%)    
[2026-06-26T13:51:20.144-0300][3.832s][14000][1600][info][gc,heap     ] GC(0) O:      Free:     2966M (97%)        3016M (98%)        3016M (98%)        3016M (98%)        3018M (98%)        2958M (96%)    
[2026-06-26T13:51:20.144-0300][3.832s][14000][1600][info][gc,heap     ] GC(0) O:      Used:      106M (3%)           56M (2%)           56M (2%)           56M (2%)          114M (4%)           54M (2%)     
[2026-06-26T13:51:20.144-0300][3.832s][14000][1600][info][gc,heap     ] GC(0) O: Old Generation Statistics:
[2026-06-26T13:51:20.144-0300][3.833s][14000][1600][info][gc,heap     ] GC(0) O:                Mark Start          Mark End        Relocate Start      Relocate End    
[2026-06-26T13:51:20.144-0300][3.833s][14000][1600][info][gc,heap     ] GC(0) O:      Used:        0M (0%)            0M (0%)            0M (0%)            0M (0%)     
[2026-06-26T13:51:20.144-0300][3.833s][14000][1600][info][gc,heap     ] GC(0) O:      Live:         -                 0M (0%)            0M (0%)            0M (0%)     
[2026-06-26T13:51:20.144-0300][3.833s][14000][1600][info][gc,heap     ] GC(0) O:   Garbage:         -                 0M (0%)            0M (0%)            0M (0%)     
[2026-06-26T13:51:20.144-0300][3.833s][14000][1600][info][gc,heap     ] GC(0) O: Allocated:         -                 0M (0%)            0M (0%)            0M (0%)     
[2026-06-26T13:51:20.144-0300][3.833s][14000][1600][info][gc,heap     ] GC(0) O: Reclaimed:         -                  -                 0M (0%)            0M (0%)     
[2026-06-26T13:51:20.144-0300][3.833s][14000][1600][info][gc,heap     ] GC(0) O: Compacted:         -                  -                  -                 0M (0%)     
[2026-06-26T13:51:20.144-0300][3.833s][14000][1600][info][gc,phases   ] GC(0) O: Old Generation 54M(2%)->56M(2%) 0.009s
[2026-06-26T13:51:20.144-0300][3.833s][14000][1600][info][gc          ] GC(0) Major Collection (Metadata GC Threshold) 106M(3%)->56M(2%) 0.049s
[2026-06-26T13:51:27.339-0300][11.027s][14000][1600][info][gc          ] GC(1) Major Collection (Warmup)
[2026-06-26T13:51:27.339-0300][11.027s][14000][1600][info][gc,task     ] GC(1) Using 3 Workers for Young Generation
[2026-06-26T13:51:27.339-0300][11.027s][14000][1600][info][gc,task     ] GC(1) Using 2 Workers for Old Generation
[2026-06-26T13:51:27.339-0300][11.027s][14000][1600][info][gc,phases   ] GC(1) Y: Young Generation
[2026-06-26T13:51:27.339-0300][11.027s][14000][2192][info][gc,phases   ] GC(1) Y: Pause Mark Start (Major) 0.011ms
[2026-06-26T13:51:27.370-0300][11.059s][14000][1600][info][gc,phases   ] GC(1) Y: Concurrent Mark 31.597ms
[2026-06-26T13:51:27.370-0300][11.059s][14000][2192][info][gc,phases   ] GC(1) Y: Pause Mark End 0.011ms
[2026-06-26T13:51:27.370-0300][11.059s][14000][1600][info][gc,phases   ] GC(1) Y: Concurrent Mark Free 0.002ms
[2026-06-26T13:51:27.370-0300][11.059s][14000][1600][info][gc,phases   ] GC(1) Y: Concurrent Reset Relocation Set 0.002ms
[2026-06-26T13:51:27.370-0300][11.059s][14000][1600][info][gc,reloc    ] GC(1) Y: Using tenuring threshold: 2 (Computed)
[2026-06-26T13:51:27.372-0300][11.061s][14000][1600][info][gc,phases   ] GC(1) Y: Concurrent Select Relocation Set 2.174ms
[2026-06-26T13:51:27.373-0300][11.061s][14000][2192][info][gc,phases   ] GC(1) Y: Pause Relocate Start 0.007ms
[2026-06-26T13:51:27.385-0300][11.073s][14000][1600][info][gc,phases   ] GC(1) Y: Concurrent Relocate 12.180ms
[2026-06-26T13:51:27.385-0300][11.073s][14000][1600][info][gc,alloc    ] GC(1) Y:                         Mark Start        Mark End      Relocate Start    Relocate End   
[2026-06-26T13:51:27.385-0300][11.073s][14000][1600][info][gc,alloc    ] GC(1) Y: Allocation Stalls:          0                0                0                0         
[2026-06-26T13:51:27.385-0300][11.073s][14000][1600][info][gc,load     ] GC(1) Y: Load: 0.00 (0%) / 0.00 (0%) / 0.00 (0%)
[2026-06-26T13:51:27.385-0300][11.073s][14000][1600][info][gc,mmu      ] GC(1) Y: MMU: 2ms/52.1%, 5ms/80.9%, 10ms/90.4%, 20ms/95.2%, 50ms/94.9%, 100ms/97.5%
[2026-06-26T13:51:27.385-0300][11.073s][14000][1600][info][gc,marking  ] GC(1) Y: Mark: 2 stripe(s), 10 proactive flush(es), 1 terminate flush(es), 0 completion(s), 0 continuation(s) 
[2026-06-26T13:51:27.385-0300][11.074s][14000][1600][info][gc,nmethod  ] GC(1) Y: NMethods: 3638 registered, 337 unregistered
[2026-06-26T13:51:27.385-0300][11.074s][14000][1600][info][gc,metaspace] GC(1) Y: Metaspace: 25M used, 25M committed, 1088M reserved
[2026-06-26T13:51:27.385-0300][11.074s][14000][1600][info][gc,reloc    ] GC(1) Y:                        Candidates     Selected     In-Place         Size        Empty    Relocated 
[2026-06-26T13:51:27.385-0300][11.074s][14000][1600][info][gc,reloc    ] GC(1) Y: Small Pages:                  123           93            0         246M          28M          17M 
[2026-06-26T13:51:27.385-0300][11.074s][14000][1600][info][gc,reloc    ] GC(1) Y: Medium Pages:                   2            1            0          64M           0M           2M 
[2026-06-26T13:51:27.385-0300][11.074s][14000][1600][info][gc,reloc    ] GC(1) Y: Large Pages:                    0            0            0           0M           0M           0M 
[2026-06-26T13:51:27.385-0300][11.074s][14000][1600][info][gc,reloc    ] GC(1) Y: Forwarding Usage: 8M
[2026-06-26T13:51:27.385-0300][11.074s][14000][1600][info][gc,reloc    ] GC(1) Y: Age Table:
[2026-06-26T13:51:27.385-0300][11.074s][14000][1600][info][gc,reloc    ] GC(1) Y:                    Live             Garbage             Small              Medium             Large        
[2026-06-26T13:51:27.385-0300][11.074s][14000][1600][info][gc,reloc    ] GC(1) Y: Eden              19M (1%)          240M (8%)         114 / 91             1 / 0              0 / 0        
[2026-06-26T13:51:27.385-0300][11.074s][14000][1600][info][gc,reloc    ] GC(1) Y: Survivor 1        13M (0%)           36M (1%)           9 / 2              1 / 1              0 / 0        
[2026-06-26T13:51:27.385-0300][11.074s][14000][1600][info][gc,heap     ] GC(1) Y: Min Capacity: 8M(0%)
[2026-06-26T13:51:27.385-0300][11.074s][14000][1600][info][gc,heap     ] GC(1) Y: Max Capacity: 3072M(100%)
[2026-06-26T13:51:27.385-0300][11.074s][14000][1600][info][gc,heap     ] GC(1) Y: Soft Max Capacity: 3072M(100%)
[2026-06-26T13:51:27.385-0300][11.074s][14000][1600][info][gc,heap     ] GC(1) Y: Heap Statistics:
[2026-06-26T13:51:27.385-0300][11.074s][14000][1600][info][gc,heap     ] GC(1) Y:                Mark Start          Mark End        Relocate Start      Relocate End           High               Low         
[2026-06-26T13:51:27.385-0300][11.074s][14000][1600][info][gc,heap     ] GC(1) Y:  Capacity:      512M (17%)         512M (17%)         512M (17%)         512M (17%)         512M (17%)         512M (17%)    
[2026-06-26T13:51:27.385-0300][11.074s][14000][1600][info][gc,heap     ] GC(1) Y:      Free:     2762M (90%)        2752M (90%)        2780M (90%)        2946M (96%)        2946M (96%)        2706M (88%)    
[2026-06-26T13:51:27.385-0300][11.074s][14000][1600][info][gc,heap     ] GC(1) Y:      Used:      310M (10%)         320M (10%)         292M (10%)         126M (4%)          366M (12%)         126M (4%)     
[2026-06-26T13:51:27.385-0300][11.074s][14000][1600][info][gc,heap     ] GC(1) Y: Young Generation Statistics:
[2026-06-26T13:51:27.385-0300][11.074s][14000][1600][info][gc,heap     ] GC(1) Y:                Mark Start          Mark End        Relocate Start      Relocate End    
[2026-06-26T13:51:27.385-0300][11.074s][14000][1600][info][gc,heap     ] GC(1) Y:      Used:      310M (10%)         320M (10%)         292M (10%)         126M (4%)     
[2026-06-26T13:51:27.385-0300][11.074s][14000][1600][info][gc,heap     ] GC(1) Y:      Live:         -                32M (1%)           32M (1%)           32M (1%)     
[2026-06-26T13:51:27.385-0300][11.074s][14000][1600][info][gc,heap     ] GC(1) Y:   Garbage:         -               277M (9%)          249M (8%)            0M (0%)     
[2026-06-26T13:51:27.385-0300][11.074s][14000][1600][info][gc,heap     ] GC(1) Y: Allocated:         -                10M (0%)           10M (0%)           93M (3%)     
[2026-06-26T13:51:27.385-0300][11.074s][14000][1600][info][gc,heap     ] GC(1) Y: Reclaimed:         -                  -                28M (1%)          277M (9%)     
[2026-06-26T13:51:27.385-0300][11.074s][14000][1600][info][gc,heap     ] GC(1) Y:  Promoted:         -                  -                 0M (0%)            0M (0%)     
[2026-06-26T13:51:27.385-0300][11.074s][14000][1600][info][gc,heap     ] GC(1) Y: Compacted:         -                  -                  -                24M (1%)     
[2026-06-26T13:51:27.385-0300][11.074s][14000][1600][info][gc,phases   ] GC(1) Y: Young Generation 310M(10%)->126M(4%) 0.046s
[2026-06-26T13:51:27.385-0300][11.074s][14000][1600][info][gc,phases   ] GC(1) O: Old Generation
[2026-06-26T13:51:27.385-0300][11.074s][14000][1600][info][gc,phases   ] GC(1) O: Concurrent Mark 0.267ms
[2026-06-26T13:51:27.385-0300][11.074s][14000][2192][info][gc,phases   ] GC(1) O: Pause Mark End 0.011ms
[2026-06-26T13:51:27.385-0300][11.074s][14000][1600][info][gc,phases   ] GC(1) O: Concurrent Mark Free 0.000ms
[2026-06-26T13:51:27.389-0300][11.077s][14000][1600][info][gc,phases   ] GC(1) O: Concurrent Process Non-Strong 3.073ms
[2026-06-26T13:51:27.389-0300][11.077s][14000][1600][info][gc,phases   ] GC(1) O: Concurrent Reset Relocation Set 0.000ms
[2026-06-26T13:51:27.389-0300][11.077s][14000][1600][info][gc,phases   ] GC(1) O: Concurrent Select Relocation Set 0.059ms
[2026-06-26T13:51:27.389-0300][11.077s][14000][1600][info][gc,task     ] GC(1) O: Using 3 Workers for Old Generation
[2026-06-26T13:51:27.390-0300][11.078s][14000][1600][info][gc,task     ] GC(1) O: Using 2 Workers for Old Generation
[2026-06-26T13:51:27.390-0300][11.078s][14000][1600][info][gc,phases   ] GC(1) O: Concurrent Remap Roots 0.952ms
[2026-06-26T13:51:27.390-0300][11.078s][14000][2192][info][gc,phases   ] GC(1) O: Pause Relocate Start 0.008ms
[2026-06-26T13:51:27.390-0300][11.078s][14000][1600][info][gc,phases   ] GC(1) O: Concurrent Relocate 0.048ms
[2026-06-26T13:51:27.390-0300][11.078s][14000][1600][info][gc,alloc    ] GC(1) O:                         Mark Start        Mark End      Relocate Start    Relocate End   
[2026-06-26T13:51:27.390-0300][11.078s][14000][1600][info][gc,alloc    ] GC(1) O: Allocation Stalls:          0                0                0                0         
[2026-06-26T13:51:27.390-0300][11.078s][14000][1600][info][gc,load     ] GC(1) O: Load: 0.00 (0%) / 0.00 (0%) / 0.00 (0%)
[2026-06-26T13:51:27.390-0300][11.078s][14000][1600][info][gc,mmu      ] GC(1) O: MMU: 2ms/52.1%, 5ms/80.9%, 10ms/90.4%, 20ms/95.2%, 50ms/94.9%, 100ms/97.5%
[2026-06-26T13:51:27.390-0300][11.078s][14000][1600][info][gc,marking  ] GC(1) O: Mark: 2 stripe(s), 1 proactive flush(es), 1 terminate flush(es), 0 completion(s), 0 continuation(s) 
[2026-06-26T13:51:27.390-0300][11.078s][14000][1600][info][gc,nmethod  ] GC(1) O: NMethods: 3421 registered, 565 unregistered
[2026-06-26T13:51:27.390-0300][11.079s][14000][1600][info][gc,metaspace] GC(1) O: Metaspace: 25M used, 25M committed, 1088M reserved
[2026-06-26T13:51:27.390-0300][11.079s][14000][1600][info][gc,ref      ] GC(1) O:                       Encountered   Discovered     Enqueued 
[2026-06-26T13:51:27.390-0300][11.079s][14000][1600][info][gc,ref      ] GC(1) O: Soft References:             3123            0            0 
[2026-06-26T13:51:27.390-0300][11.079s][14000][1600][info][gc,ref      ] GC(1) O: Weak References:             5320            0            0 
[2026-06-26T13:51:27.390-0300][11.079s][14000][1600][info][gc,ref      ] GC(1) O: Final References:               8            0            0 
[2026-06-26T13:51:27.390-0300][11.079s][14000][1600][info][gc,ref      ] GC(1) O: Phantom References:          1218            0            0 
[2026-06-26T13:51:27.390-0300][11.079s][14000][1600][info][gc,heap     ] GC(1) O: Min Capacity: 8M(0%)
[2026-06-26T13:51:27.390-0300][11.079s][14000][1600][info][gc,heap     ] GC(1) O: Max Capacity: 3072M(100%)
[2026-06-26T13:51:27.390-0300][11.079s][14000][1600][info][gc,heap     ] GC(1) O: Soft Max Capacity: 3072M(100%)
[2026-06-26T13:51:27.390-0300][11.079s][14000][1600][info][gc,heap     ] GC(1) O: Heap Statistics:
[2026-06-26T13:51:27.390-0300][11.079s][14000][1600][info][gc,heap     ] GC(1) O:                Mark Start          Mark End        Relocate Start      Relocate End           High               Low         
[2026-06-26T13:51:27.390-0300][11.079s][14000][1600][info][gc,heap     ] GC(1) O:  Capacity:      512M (17%)         512M (17%)         512M (17%)         512M (17%)         512M (17%)         512M (17%)    
[2026-06-26T13:51:27.390-0300][11.079s][14000][1600][info][gc,heap     ] GC(1) O:      Free:     2762M (90%)        2946M (96%)        2946M (96%)        2946M (96%)        2946M (96%)        2706M (88%)    
[2026-06-26T13:51:27.390-0300][11.079s][14000][1600][info][gc,heap     ] GC(1) O:      Used:      310M (10%)         126M (4%)          126M (4%)          126M (4%)          366M (12%)         126M (4%)     
[2026-06-26T13:51:27.390-0300][11.079s][14000][1600][info][gc,heap     ] GC(1) O: Old Generation Statistics:
[2026-06-26T13:51:27.390-0300][11.079s][14000][1600][info][gc,heap     ] GC(1) O:                Mark Start          Mark End        Relocate Start      Relocate End    
[2026-06-26T13:51:27.390-0300][11.079s][14000][1600][info][gc,heap     ] GC(1) O:      Used:        0M (0%)            0M (0%)            0M (0%)            0M (0%)     
[2026-06-26T13:51:27.390-0300][11.079s][14000][1600][info][gc,heap     ] GC(1) O:      Live:         -                 0M (0%)            0M (0%)            0M (0%)     
[2026-06-26T13:51:27.390-0300][11.079s][14000][1600][info][gc,heap     ] GC(1) O:   Garbage:         -                 0M (0%)            0M (0%)            0M (0%)     
[2026-06-26T13:51:27.390-0300][11.079s][14000][1600][info][gc,heap     ] GC(1) O: Allocated:         -                 0M (0%)            0M (0%)            0M (0%)     
[2026-06-26T13:51:27.390-0300][11.079s][14000][1600][info][gc,heap     ] GC(1) O: Reclaimed:         -                  -                 0M (0%)            0M (0%)     
[2026-06-26T13:51:27.390-0300][11.079s][14000][1600][info][gc,heap     ] GC(1) O: Compacted:         -                  -                  -                 0M (0%)     
[2026-06-26T13:51:27.390-0300][11.079s][14000][1600][info][gc,phases   ] GC(1) O: Old Generation 126M(4%)->126M(4%) 0.005s
[2026-06-26T13:51:27.390-0300][11.079s][14000][1600][info][gc          ] GC(1) Major Collection (Warmup) 310M(10%)->126M(4%) 0.052s
[2026-06-26T13:51:36.189-0300][19.877s][14000][1600][info][gc          ] GC(2) Major Collection (Warmup)
[2026-06-26T13:51:36.189-0300][19.877s][14000][1600][info][gc,task     ] GC(2) Using 3 Workers for Young Generation
[2026-06-26T13:51:36.189-0300][19.877s][14000][1600][info][gc,task     ] GC(2) Using 1 Workers for Old Generation
[2026-06-26T13:51:36.189-0300][19.877s][14000][1600][info][gc,phases   ] GC(2) Y: Young Generation
[2026-06-26T13:51:36.189-0300][19.877s][14000][2192][info][gc,phases   ] GC(2) Y: Pause Mark Start (Major) 0.011ms
[2026-06-26T13:51:36.236-0300][19.924s][14000][1600][info][gc,phases   ] GC(2) Y: Concurrent Mark 46.734ms
[2026-06-26T13:51:36.236-0300][19.924s][14000][2192][info][gc,phases   ] GC(2) Y: Pause Mark End 0.011ms
[2026-06-26T13:51:36.236-0300][19.924s][14000][1600][info][gc,phases   ] GC(2) Y: Concurrent Mark Free 0.005ms
[2026-06-26T13:51:36.236-0300][19.924s][14000][1600][info][gc,phases   ] GC(2) Y: Concurrent Reset Relocation Set 0.008ms
[2026-06-26T13:51:36.236-0300][19.924s][14000][1600][info][gc,reloc    ] GC(2) Y: Using tenuring threshold: 3 (Computed)
[2026-06-26T13:51:36.239-0300][19.927s][14000][1600][info][gc,phases   ] GC(2) Y: Concurrent Select Relocation Set 2.850ms
[2026-06-26T13:51:36.239-0300][19.927s][14000][2192][info][gc,phases   ] GC(2) Y: Pause Relocate Start 0.009ms
[2026-06-26T13:51:36.253-0300][19.942s][14000][1600][info][gc,phases   ] GC(2) Y: Concurrent Relocate 15.295ms
[2026-06-26T13:51:36.253-0300][19.942s][14000][1600][info][gc,alloc    ] GC(2) Y:                         Mark Start        Mark End      Relocate Start    Relocate End   
[2026-06-26T13:51:36.253-0300][19.942s][14000][1600][info][gc,alloc    ] GC(2) Y: Allocation Stalls:          0                0                0                0         
[2026-06-26T13:51:36.253-0300][19.942s][14000][1600][info][gc,load     ] GC(2) Y: Load: 0.00 (0%) / 0.00 (0%) / 0.00 (0%)
[2026-06-26T13:51:36.253-0300][19.942s][14000][1600][info][gc,mmu      ] GC(2) Y: MMU: 2ms/52.1%, 5ms/80.9%, 10ms/90.4%, 20ms/95.2%, 50ms/94.9%, 100ms/97.5%
[2026-06-26T13:51:36.253-0300][19.942s][14000][1600][info][gc,marking  ] GC(2) Y: Mark: 2 stripe(s), 2 proactive flush(es), 1 terminate flush(es), 0 completion(s), 0 continuation(s) 
[2026-06-26T13:51:36.253-0300][19.942s][14000][1600][info][gc,nmethod  ] GC(2) Y: NMethods: 4391 registered, 565 unregistered
[2026-06-26T13:51:36.253-0300][19.942s][14000][1600][info][gc,metaspace] GC(2) Y: Metaspace: 31M used, 31M committed, 1088M reserved
[2026-06-26T13:51:36.253-0300][19.942s][14000][1600][info][gc,reloc    ] GC(2) Y:                        Candidates     Selected     In-Place         Size        Empty    Relocated 
[2026-06-26T13:51:36.253-0300][19.942s][14000][1600][info][gc,reloc    ] GC(2) Y: Small Pages:                  260          164            0         520M         130M          24M 
[2026-06-26T13:51:36.253-0300][19.942s][14000][1600][info][gc,reloc    ] GC(2) Y: Medium Pages:                   3            2            0          96M           0M           8M 
[2026-06-26T13:51:36.255-0300][19.942s][14000][1600][info][gc,reloc    ] GC(2) Y: Large Pages:                    0            0            0           0M           0M           0M 
[2026-06-26T13:51:36.255-0300][19.942s][14000][1600][info][gc,reloc    ] GC(2) Y: Forwarding Usage: 12M
[2026-06-26T13:51:36.255-0300][19.942s][14000][1600][info][gc,reloc    ] GC(2) Y: Age Table:
[2026-06-26T13:51:36.255-0300][19.942s][14000][1600][info][gc,reloc    ] GC(2) Y:                    Live             Garbage             Small              Medium             Large        
[2026-06-26T13:51:36.255-0300][19.942s][14000][1600][info][gc,reloc    ] GC(2) Y: Eden              33M (1%)          468M (15%)        235 / 155            1 / 1              0 / 0        
[2026-06-26T13:51:36.255-0300][19.943s][14000][1600][info][gc,reloc    ] GC(2) Y: Survivor 1        18M (1%)           39M (1%)          13 / 4              1 / 0              0 / 0        
[2026-06-26T13:51:36.255-0300][19.943s][14000][1600][info][gc,reloc    ] GC(2) Y: Survivor 2        13M (0%)           42M (1%)          12 / 5              1 / 1              0 / 0        
[2026-06-26T13:51:36.255-0300][19.943s][14000][1600][info][gc,heap     ] GC(2) Y: Min Capacity: 8M(0%)
[2026-06-26T13:51:36.255-0300][19.943s][14000][1600][info][gc,heap     ] GC(2) Y: Max Capacity: 3072M(100%)
[2026-06-26T13:51:36.255-0300][19.943s][14000][1600][info][gc,heap     ] GC(2) Y: Soft Max Capacity: 3072M(100%)
[2026-06-26T13:51:36.255-0300][19.943s][14000][1600][info][gc,heap     ] GC(2) Y: Heap Statistics:
[2026-06-26T13:51:36.255-0300][19.943s][14000][1600][info][gc,heap     ] GC(2) Y:                Mark Start          Mark End        Relocate Start      Relocate End           High               Low         
[2026-06-26T13:51:36.255-0300][19.943s][14000][1600][info][gc,heap     ] GC(2) Y:  Capacity:      616M (20%)         662M (22%)         662M (22%)         758M (25%)         758M (25%)         616M (20%)    
[2026-06-26T13:51:36.255-0300][19.943s][14000][1600][info][gc,heap     ] GC(2) Y:      Free:     2456M (80%)        2410M (78%)        2534M (82%)        2844M (93%)        2844M (93%)        2410M (78%)    
[2026-06-26T13:51:36.255-0300][19.943s][14000][1600][info][gc,heap     ] GC(2) Y:      Used:      616M (20%)         662M (22%)         538M (18%)         228M (7%)          662M (22%)         228M (7%)     
[2026-06-26T13:51:36.255-0300][19.943s][14000][1600][info][gc,heap     ] GC(2) Y: Young Generation Statistics:
[2026-06-26T13:51:36.255-0300][19.943s][14000][1600][info][gc,heap     ] GC(2) Y:                Mark Start          Mark End        Relocate Start      Relocate End    
[2026-06-26T13:51:36.255-0300][19.943s][14000][1600][info][gc,heap     ] GC(2) Y:      Used:      616M (20%)         662M (22%)         538M (18%)         228M (7%)     
[2026-06-26T13:51:36.255-0300][19.943s][14000][1600][info][gc,heap     ] GC(2) Y:      Live:         -                65M (2%)           65M (2%)           65M (2%)     
[2026-06-26T13:51:36.255-0300][19.943s][14000][1600][info][gc,heap     ] GC(2) Y:   Garbage:         -               550M (18%)         420M (14%)           0M (0%)     
[2026-06-26T13:51:36.255-0300][19.943s][14000][1600][info][gc,heap     ] GC(2) Y: Allocated:         -                46M (1%)           52M (2%)          161M (5%)     
[2026-06-26T13:51:36.255-0300][19.943s][14000][1600][info][gc,heap     ] GC(2) Y: Reclaimed:         -                  -               130M (4%)          549M (18%)    
[2026-06-26T13:51:36.255-0300][19.943s][14000][1600][info][gc,heap     ] GC(2) Y:  Promoted:         -                  -                 0M (0%)            0M (0%)     
[2026-06-26T13:51:36.255-0300][19.943s][14000][1600][info][gc,heap     ] GC(2) Y: Compacted:         -                  -                  -                40M (1%)     
[2026-06-26T13:51:36.255-0300][19.943s][14000][1600][info][gc,phases   ] GC(2) Y: Young Generation 616M(20%)->228M(7%) 0.065s
[2026-06-26T13:51:36.255-0300][19.943s][14000][1600][info][gc,phases   ] GC(2) O: Old Generation
[2026-06-26T13:51:36.255-0300][19.943s][14000][1600][info][gc,phases   ] GC(2) O: Concurrent Mark 0.307ms
[2026-06-26T13:51:36.255-0300][19.943s][14000][2192][info][gc,phases   ] GC(2) O: Pause Mark End 0.011ms
[2026-06-26T13:51:36.255-0300][19.943s][14000][1600][info][gc,phases   ] GC(2) O: Concurrent Mark Free 0.001ms
[2026-06-26T13:51:36.261-0300][19.950s][14000][1600][info][gc,phases   ] GC(2) O: Concurrent Process Non-Strong 6.514ms
[2026-06-26T13:51:36.261-0300][19.950s][14000][1600][info][gc,phases   ] GC(2) O: Concurrent Reset Relocation Set 0.000ms
[2026-06-26T13:51:36.261-0300][19.950s][14000][1600][info][gc,phases   ] GC(2) O: Concurrent Select Relocation Set 0.057ms
[2026-06-26T13:51:36.261-0300][19.950s][14000][1600][info][gc,task     ] GC(2) O: Using 3 Workers for Old Generation
[2026-06-26T13:51:36.263-0300][19.951s][14000][1600][info][gc,task     ] GC(2) O: Using 1 Workers for Old Generation
[2026-06-26T13:51:36.263-0300][19.951s][14000][1600][info][gc,phases   ] GC(2) O: Concurrent Remap Roots 1.205ms
[2026-06-26T13:51:36.263-0300][19.951s][14000][2192][info][gc,phases   ] GC(2) O: Pause Relocate Start 0.009ms
[2026-06-26T13:51:36.263-0300][19.951s][14000][1600][info][gc,phases   ] GC(2) O: Concurrent Relocate 0.048ms
[2026-06-26T13:51:36.263-0300][19.951s][14000][1600][info][gc,alloc    ] GC(2) O:                         Mark Start        Mark End      Relocate Start    Relocate End   
[2026-06-26T13:51:36.263-0300][19.951s][14000][1600][info][gc,alloc    ] GC(2) O: Allocation Stalls:          0                0                0                0         
[2026-06-26T13:51:36.263-0300][19.951s][14000][1600][info][gc,load     ] GC(2) O: Load: 0.00 (0%) / 0.00 (0%) / 0.00 (0%)
[2026-06-26T13:51:36.263-0300][19.951s][14000][1600][info][gc,mmu      ] GC(2) O: MMU: 2ms/52.1%, 5ms/80.9%, 10ms/90.4%, 20ms/95.2%, 50ms/94.9%, 100ms/97.5%
[2026-06-26T13:51:36.263-0300][19.951s][14000][1600][info][gc,marking  ] GC(2) O: Mark: 1 stripe(s), 1 proactive flush(es), 1 terminate flush(es), 0 completion(s), 0 continuation(s) 
[2026-06-26T13:51:36.263-0300][19.951s][14000][1600][info][gc,nmethod  ] GC(2) O: NMethods: 4057 registered, 901 unregistered
[2026-06-26T13:51:36.263-0300][19.951s][14000][1600][info][gc,metaspace] GC(2) O: Metaspace: 31M used, 31M committed, 1088M reserved
[2026-06-26T13:51:36.263-0300][19.951s][14000][1600][info][gc,ref      ] GC(2) O:                       Encountered   Discovered     Enqueued 
[2026-06-26T13:51:36.263-0300][19.951s][14000][1600][info][gc,ref      ] GC(2) O: Soft References:             3157            0            0 
[2026-06-26T13:51:36.263-0300][19.951s][14000][1600][info][gc,ref      ] GC(2) O: Weak References:             9650            0            0 
[2026-06-26T13:51:36.263-0300][19.951s][14000][1600][info][gc,ref      ] GC(2) O: Final References:               8            0            0 
[2026-06-26T13:51:36.263-0300][19.951s][14000][1600][info][gc,ref      ] GC(2) O: Phantom References:          7456            0            0 
[2026-06-26T13:51:36.263-0300][19.951s][14000][1600][info][gc,heap     ] GC(2) O: Min Capacity: 8M(0%)
[2026-06-26T13:51:36.263-0300][19.951s][14000][1600][info][gc,heap     ] GC(2) O: Max Capacity: 3072M(100%)
[2026-06-26T13:51:36.263-0300][19.951s][14000][1600][info][gc,heap     ] GC(2) O: Soft Max Capacity: 3072M(100%)
[2026-06-26T13:51:36.263-0300][19.951s][14000][1600][info][gc,heap     ] GC(2) O: Heap Statistics:
[2026-06-26T13:51:36.263-0300][19.951s][14000][1600][info][gc,heap     ] GC(2) O:                Mark Start          Mark End        Relocate Start      Relocate End           High               Low         
[2026-06-26T13:51:36.263-0300][19.951s][14000][1600][info][gc,heap     ] GC(2) O:  Capacity:      616M (20%)         758M (25%)         758M (25%)         758M (25%)         758M (25%)         616M (20%)    
[2026-06-26T13:51:36.263-0300][19.951s][14000][1600][info][gc,heap     ] GC(2) O:      Free:     2456M (80%)        2844M (93%)        2842M (93%)        2842M (93%)        2844M (93%)        2410M (78%)    
[2026-06-26T13:51:36.263-0300][19.951s][14000][1600][info][gc,heap     ] GC(2) O:      Used:      616M (20%)         228M (7%)          230M (7%)          230M (7%)          662M (22%)         228M (7%)     
[2026-06-26T13:51:36.263-0300][19.951s][14000][1600][info][gc,heap     ] GC(2) O: Old Generation Statistics:
[2026-06-26T13:51:36.263-0300][19.951s][14000][1600][info][gc,heap     ] GC(2) O:                Mark Start          Mark End        Relocate Start      Relocate End    
[2026-06-26T13:51:36.263-0300][19.951s][14000][1600][info][gc,heap     ] GC(2) O:      Used:        0M (0%)            0M (0%)            0M (0%)            0M (0%)     
[2026-06-26T13:51:36.263-0300][19.951s][14000][1600][info][gc,heap     ] GC(2) O:      Live:         -                 0M (0%)            0M (0%)            0M (0%)     
[2026-06-26T13:51:36.263-0300][19.951s][14000][1600][info][gc,heap     ] GC(2) O:   Garbage:         -                 0M (0%)            0M (0%)            0M (0%)     
[2026-06-26T13:51:36.263-0300][19.952s][14000][1600][info][gc,heap     ] GC(2) O: Allocated:         -                 0M (0%)            0M (0%)            0M (0%)     
[2026-06-26T13:51:36.263-0300][19.952s][14000][1600][info][gc,heap     ] GC(2) O: Reclaimed:         -                  -                 0M (0%)            0M (0%)     
[2026-06-26T13:51:36.263-0300][19.952s][14000][1600][info][gc,heap     ] GC(2) O: Compacted:         -                  -                  -                 0M (0%)     
[2026-06-26T13:51:36.263-0300][19.952s][14000][1600][info][gc,phases   ] GC(2) O: Old Generation 228M(7%)->230M(7%) 0.008s
[2026-06-26T13:51:36.263-0300][19.952s][14000][1600][info][gc          ] GC(2) Major Collection (Warmup) 616M(20%)->230M(7%) 0.075s
[2026-06-26T13:51:38.100-0300][21.789s][14000][1600][info][gc          ] GC(3) Major Collection (Warmup)
[2026-06-26T13:51:38.100-0300][21.789s][14000][1600][info][gc,task     ] GC(3) Using 3 Workers for Young Generation
[2026-06-26T13:51:38.100-0300][21.789s][14000][1600][info][gc,task     ] GC(3) Using 1 Workers for Old Generation
[2026-06-26T13:51:38.100-0300][21.789s][14000][1600][info][gc,phases   ] GC(3) Y: Young Generation
[2026-06-26T13:51:38.100-0300][21.789s][14000][2192][info][gc,phases   ] GC(3) Y: Pause Mark Start (Major) 0.013ms
[2026-06-26T13:51:38.197-0300][21.885s][14000][1600][info][gc,phases   ] GC(3) Y: Concurrent Mark 95.934ms
[2026-06-26T13:51:38.197-0300][21.885s][14000][2192][info][gc,phases   ] GC(3) Y: Pause Mark End 0.011ms
[2026-06-26T13:51:38.197-0300][21.885s][14000][1600][info][gc,phases   ] GC(3) Y: Concurrent Mark Free 0.003ms
[2026-06-26T13:51:38.197-0300][21.885s][14000][1600][info][gc,phases   ] GC(3) Y: Concurrent Reset Relocation Set 0.009ms
[2026-06-26T13:51:38.197-0300][21.885s][14000][1600][info][gc,reloc    ] GC(3) Y: Using tenuring threshold: 3 (Computed)
[2026-06-26T13:51:38.206-0300][21.894s][14000][1600][info][gc,phases   ] GC(3) Y: Concurrent Select Relocation Set 8.377ms
[2026-06-26T13:51:38.206-0300][21.894s][14000][2192][info][gc,phases   ] GC(3) Y: Pause Relocate Start 0.010ms
[2026-06-26T13:51:38.240-0300][21.929s][14000][1600][info][gc,phases   ] GC(3) Y: Concurrent Relocate 34.971ms
[2026-06-26T13:51:38.240-0300][21.929s][14000][1600][info][gc,alloc    ] GC(3) Y:                         Mark Start        Mark End      Relocate Start    Relocate End   
[2026-06-26T13:51:38.240-0300][21.929s][14000][1600][info][gc,alloc    ] GC(3) Y: Allocation Stalls:          0                0                0                0         
[2026-06-26T13:51:38.240-0300][21.929s][14000][1600][info][gc,load     ] GC(3) Y: Load: 0.00 (0%) / 0.00 (0%) / 0.00 (0%)
[2026-06-26T13:51:38.241-0300][21.929s][14000][1600][info][gc,mmu      ] GC(3) Y: MMU: 2ms/52.1%, 5ms/80.9%, 10ms/90.4%, 20ms/95.2%, 50ms/94.9%, 100ms/97.5%
[2026-06-26T13:51:38.241-0300][21.929s][14000][1600][info][gc,marking  ] GC(3) Y: Mark: 2 stripe(s), 2 proactive flush(es), 1 terminate flush(es), 0 completion(s), 0 continuation(s) 
[2026-06-26T13:51:38.241-0300][21.929s][14000][1600][info][gc,nmethod  ] GC(3) Y: NMethods: 5193 registered, 0 unregistered
[2026-06-26T13:51:38.241-0300][21.929s][14000][1600][info][gc,metaspace] GC(3) Y: Metaspace: 48M used, 49M committed, 1088M reserved
[2026-06-26T13:51:38.241-0300][21.929s][14000][1600][info][gc,reloc    ] GC(3) Y:                        Candidates     Selected     In-Place         Size        Empty    Relocated 
[2026-06-26T13:51:38.241-0300][21.929s][14000][1600][info][gc,reloc    ] GC(3) Y: Small Pages:                  188          107            0         376M           2M          43M 
[2026-06-26T13:51:38.241-0300][21.929s][14000][1600][info][gc,reloc    ] GC(3) Y: Medium Pages:                  18            4            0         560M         400M          12M 
[2026-06-26T13:51:38.241-0300][21.929s][14000][1600][info][gc,reloc    ] GC(3) Y: Large Pages:                    1            0            0          12M           0M           0M 
[2026-06-26T13:51:38.241-0300][21.929s][14000][1600][info][gc,reloc    ] GC(3) Y: Forwarding Usage: 28M
[2026-06-26T13:51:38.241-0300][21.929s][14000][1600][info][gc,reloc    ] GC(3) Y: Age Table:
[2026-06-26T13:51:38.241-0300][21.929s][14000][1600][info][gc,reloc    ] GC(3) Y:                    Live             Garbage             Small              Medium             Large        
[2026-06-26T13:51:38.241-0300][21.929s][14000][1600][info][gc,reloc    ] GC(3) Y: Eden             103M (3%)          672M (22%)        150 / 99            15 / 2              1 / 0        
[2026-06-26T13:51:38.241-0300][21.929s][14000][1600][info][gc,reloc    ] GC(3) Y: Survivor 1        33M (1%)           30M (1%)          16 / 2              1 / 1              0 / 0        
[2026-06-26T13:51:38.241-0300][21.929s][14000][1600][info][gc,reloc    ] GC(3) Y: Survivor 2        17M (1%)           38M (1%)          12 / 3              1 / 0              0 / 0        
[2026-06-26T13:51:38.241-0300][21.929s][14000][1600][info][gc,reloc    ] GC(3) Y: Survivor 3        13M (0%)           38M (1%)          10 / 3              1 / 1              0 / 0        
[2026-06-26T13:51:38.241-0300][21.929s][14000][1600][info][gc,heap     ] GC(3) Y: Min Capacity: 8M(0%)
[2026-06-26T13:51:38.241-0300][21.929s][14000][1600][info][gc,heap     ] GC(3) Y: Max Capacity: 3072M(100%)
[2026-06-26T13:51:38.241-0300][21.929s][14000][1600][info][gc,heap     ] GC(3) Y: Soft Max Capacity: 3072M(100%)
[2026-06-26T13:51:38.241-0300][21.929s][14000][1600][info][gc,heap     ] GC(3) Y: Heap Statistics:
[2026-06-26T13:51:38.241-0300][21.929s][14000][1600][info][gc,heap     ] GC(3) Y:                Mark Start          Mark End        Relocate Start      Relocate End           High               Low         
[2026-06-26T13:51:38.241-0300][21.929s][14000][1600][info][gc,heap     ] GC(3) Y:  Capacity:      950M (31%)        1172M (38%)        1172M (38%)        1172M (38%)        1172M (38%)         950M (31%)    
[2026-06-26T13:51:38.241-0300][21.929s][14000][1600][info][gc,heap     ] GC(3) Y:      Free:     2124M (69%)        1900M (62%)        2302M (75%)        2314M (75%)        2434M (79%)        1900M (62%)    
[2026-06-26T13:51:38.241-0300][21.929s][14000][1600][info][gc,heap     ] GC(3) Y:      Used:      948M (31%)        1172M (38%)         770M (25%)         758M (25%)        1172M (38%)         638M (21%)    
[2026-06-26T13:51:38.241-0300][21.929s][14000][1600][info][gc,heap     ] GC(3) Y: Young Generation Statistics:
[2026-06-26T13:51:38.241-0300][21.929s][14000][1600][info][gc,heap     ] GC(3) Y:                Mark Start          Mark End        Relocate Start      Relocate End    
[2026-06-26T13:51:38.241-0300][21.929s][14000][1600][info][gc,heap     ] GC(3) Y:      Used:      948M (31%)        1172M (38%)         758M (25%)         708M (23%)    
[2026-06-26T13:51:38.241-0300][21.929s][14000][1600][info][gc,heap     ] GC(3) Y:      Live:         -               168M (5%)          157M (5%)          154M (5%)     
[2026-06-26T13:51:38.241-0300][21.929s][14000][1600][info][gc,heap     ] GC(3) Y:   Garbage:         -               779M (25%)         376M (12%)           2M (0%)     
[2026-06-26T13:51:38.241-0300][21.929s][14000][1600][info][gc,heap     ] GC(3) Y: Allocated:         -               224M (7%)          224M (7%)          550M (18%)    
[2026-06-26T13:51:38.241-0300][21.929s][14000][1600][info][gc,heap     ] GC(3) Y: Reclaimed:         -                  -               403M (13%)         776M (25%)    
[2026-06-26T13:51:38.241-0300][21.929s][14000][1600][info][gc,heap     ] GC(3) Y:  Promoted:         -                  -                10M (0%)           13M (0%)     
[2026-06-26T13:51:38.241-0300][21.929s][14000][1600][info][gc,heap     ] GC(3) Y: Compacted:         -                  -                  -                95M (3%)     
[2026-06-26T13:51:38.241-0300][21.929s][14000][1600][info][gc,phases   ] GC(3) Y: Young Generation 948M(31%)->758M(25%) 0.140s
[2026-06-26T13:51:38.241-0300][21.929s][14000][1600][info][gc,phases   ] GC(3) O: Old Generation
[2026-06-26T13:51:38.241-0300][21.930s][14000][1600][info][gc,phases   ] GC(3) O: Concurrent Mark 0.331ms
[2026-06-26T13:51:38.241-0300][21.930s][14000][2192][info][gc,phases   ] GC(3) O: Pause Mark End 0.011ms
[2026-06-26T13:51:38.241-0300][21.930s][14000][1600][info][gc,phases   ] GC(3) O: Concurrent Mark Free 0.000ms
[2026-06-26T13:51:38.254-0300][21.943s][14000][1600][info][gc,phases   ] GC(3) O: Concurrent Process Non-Strong 12.695ms
[2026-06-26T13:51:38.254-0300][21.943s][14000][1600][info][gc,phases   ] GC(3) O: Concurrent Reset Relocation Set 0.000ms
[2026-06-26T13:51:38.254-0300][21.943s][14000][1600][info][gc,phases   ] GC(3) O: Concurrent Select Relocation Set 0.052ms
[2026-06-26T13:51:38.254-0300][21.943s][14000][1600][info][gc,task     ] GC(3) O: Using 3 Workers for Old Generation
[2026-06-26T13:51:38.257-0300][21.945s][14000][1600][info][gc,task     ] GC(3) O: Using 1 Workers for Old Generation
[2026-06-26T13:51:38.257-0300][21.945s][14000][1600][info][gc,phases   ] GC(3) O: Concurrent Remap Roots 1.980ms
[2026-06-26T13:51:38.257-0300][21.945s][14000][2192][info][gc,phases   ] GC(3) O: Pause Relocate Start 0.009ms
[2026-06-26T13:51:38.257-0300][21.945s][14000][1600][info][gc,phases   ] GC(3) O: Concurrent Relocate 0.041ms
[2026-06-26T13:51:38.257-0300][21.945s][14000][1600][info][gc,alloc    ] GC(3) O:                         Mark Start        Mark End      Relocate Start    Relocate End   
[2026-06-26T13:51:38.257-0300][21.945s][14000][1600][info][gc,alloc    ] GC(3) O: Allocation Stalls:          0                0                0                0         
[2026-06-26T13:51:38.257-0300][21.945s][14000][1600][info][gc,load     ] GC(3) O: Load: 0.00 (0%) / 0.00 (0%) / 0.00 (0%)
[2026-06-26T13:51:38.257-0300][21.945s][14000][1600][info][gc,mmu      ] GC(3) O: MMU: 2ms/52.1%, 5ms/80.9%, 10ms/90.4%, 20ms/95.2%, 50ms/94.9%, 100ms/97.5%
[2026-06-26T13:51:38.257-0300][21.945s][14000][1600][info][gc,marking  ] GC(3) O: Mark: 1 stripe(s), 1 proactive flush(es), 1 terminate flush(es), 0 completion(s), 0 continuation(s) 
[2026-06-26T13:51:38.257-0300][21.945s][14000][1600][info][gc,nmethod  ] GC(3) O: NMethods: 4878 registered, 316 unregistered
[2026-06-26T13:51:38.257-0300][21.945s][14000][1600][info][gc,metaspace] GC(3) O: Metaspace: 48M used, 49M committed, 1088M reserved
[2026-06-26T13:51:38.257-0300][21.945s][14000][1600][info][gc,ref      ] GC(3) O:                       Encountered   Discovered     Enqueued 
[2026-06-26T13:51:38.257-0300][21.945s][14000][1600][info][gc,ref      ] GC(3) O: Soft References:             4379            0            0 
[2026-06-26T13:51:38.257-0300][21.945s][14000][1600][info][gc,ref      ] GC(3) O: Weak References:            10335            0            0 
[2026-06-26T13:51:38.257-0300][21.945s][14000][1600][info][gc,ref      ] GC(3) O: Final References:               8            0            0 
[2026-06-26T13:51:38.257-0300][21.945s][14000][1600][info][gc,ref      ] GC(3) O: Phantom References:          7456            0            0 
[2026-06-26T13:51:38.257-0300][21.945s][14000][1600][info][gc,heap     ] GC(3) O: Min Capacity: 8M(0%)
[2026-06-26T13:51:38.257-0300][21.945s][14000][1600][info][gc,heap     ] GC(3) O: Max Capacity: 3072M(100%)
[2026-06-26T13:51:38.257-0300][21.945s][14000][1600][info][gc,heap     ] GC(3) O: Soft Max Capacity: 3072M(100%)
[2026-06-26T13:51:38.257-0300][21.945s][14000][1600][info][gc,heap     ] GC(3) O: Heap Statistics:
[2026-06-26T13:51:38.257-0300][21.945s][14000][1600][info][gc,heap     ] GC(3) O:                Mark Start          Mark End        Relocate Start      Relocate End           High               Low         
[2026-06-26T13:51:38.257-0300][21.945s][14000][1600][info][gc,heap     ] GC(3) O:  Capacity:      950M (31%)        1172M (38%)        1172M (38%)        1172M (38%)        1172M (38%)         950M (31%)    
[2026-06-26T13:51:38.257-0300][21.945s][14000][1600][info][gc,heap     ] GC(3) O:      Free:     2124M (69%)        2314M (75%)        2292M (75%)        2292M (75%)        2434M (79%)        1900M (62%)    
[2026-06-26T13:51:38.257-0300][21.945s][14000][1600][info][gc,heap     ] GC(3) O:      Used:      948M (31%)         758M (25%)         780M (25%)         780M (25%)        1172M (38%)         638M (21%)    
[2026-06-26T13:51:38.257-0300][21.945s][14000][1600][info][gc,heap     ] GC(3) O: Old Generation Statistics:
[2026-06-26T13:51:38.257-0300][21.945s][14000][1600][info][gc,heap     ] GC(3) O:                Mark Start          Mark End        Relocate Start      Relocate End    
[2026-06-26T13:51:38.257-0300][21.945s][14000][1600][info][gc,heap     ] GC(3) O:      Used:        0M (0%)           50M (2%)           50M (2%)           50M (2%)     
[2026-06-26T13:51:38.257-0300][21.945s][14000][1600][info][gc,heap     ] GC(3) O:      Live:         -                 0M (0%)            0M (0%)            0M (0%)     
[2026-06-26T13:51:38.257-0300][21.945s][14000][1600][info][gc,heap     ] GC(3) O:   Garbage:         -                 0M (0%)            0M (0%)            0M (0%)     
[2026-06-26T13:51:38.257-0300][21.945s][14000][1600][info][gc,heap     ] GC(3) O: Allocated:         -                50M (2%)           50M (2%)           50M (2%)     
[2026-06-26T13:51:38.257-0300][21.945s][14000][1600][info][gc,heap     ] GC(3) O: Reclaimed:         -                  -                 0M (0%)            0M (0%)     
[2026-06-26T13:51:38.257-0300][21.945s][14000][1600][info][gc,heap     ] GC(3) O: Compacted:         -                  -                  -                 0M (0%)     
[2026-06-26T13:51:38.257-0300][21.945s][14000][1600][info][gc,phases   ] GC(3) O: Old Generation 758M(25%)->780M(25%) 0.016s
[2026-06-26T13:51:38.257-0300][21.945s][14000][1600][info][gc          ] GC(3) Major Collection (Warmup) 948M(31%)->780M(25%) 0.156s
[2026-06-26T13:51:39.520-0300][23.208s][14000][1580][info][gc          ] GC(4) Minor Collection (Allocation Rate)
[2026-06-26T13:51:39.520-0300][23.208s][14000][1580][info][gc,task     ] GC(4) Using 1 Workers for Young Generation
[2026-06-26T13:51:39.520-0300][23.208s][14000][1580][info][gc,phases   ] GC(4) y: Young Generation
[2026-06-26T13:51:39.520-0300][23.208s][14000][2192][info][gc,phases   ] GC(4) y: Pause Mark Start 0.011ms
[2026-06-26T13:51:39.828-0300][23.517s][14000][1612][info][gc,task     ] Adjusting Workers for Young Generation: 1 -> 3
[2026-06-26T13:51:39.842-0300][23.530s][14000][1580][info][gc,phases   ] GC(4) y: Concurrent Mark 321.779ms
[2026-06-26T13:51:39.842-0300][23.530s][14000][2192][info][gc,phases   ] GC(4) y: Pause Mark End 0.013ms
[2026-06-26T13:51:39.842-0300][23.530s][14000][1580][info][gc,phases   ] GC(4) y: Concurrent Mark Free 0.004ms
[2026-06-26T13:51:39.843-0300][23.530s][14000][1580][info][gc,phases   ] GC(4) y: Concurrent Reset Relocation Set 0.044ms
[2026-06-26T13:51:39.843-0300][23.531s][14000][1580][info][gc,reloc    ] GC(4) y: Using tenuring threshold: 1 (Computed)
[2026-06-26T13:51:39.870-0300][23.558s][14000][1580][info][gc,phases   ] GC(4) y: Concurrent Select Relocation Set 27.568ms
[2026-06-26T13:51:39.870-0300][23.558s][14000][2192][info][gc,phases   ] GC(4) y: Pause Relocate Start 0.009ms
[2026-06-26T13:51:39.929-0300][23.618s][14000][1580][info][gc,phases   ] GC(4) y: Concurrent Relocate 59.535ms
[2026-06-26T13:51:39.929-0300][23.618s][14000][1580][info][gc,alloc    ] GC(4) y:                         Mark Start        Mark End      Relocate Start    Relocate End   
[2026-06-26T13:51:39.929-0300][23.618s][14000][1580][info][gc,alloc    ] GC(4) y: Allocation Stalls:          0                0                0                0         
[2026-06-26T13:51:39.929-0300][23.618s][14000][1580][info][gc,load     ] GC(4) y: Load: 0.00 (0%) / 0.00 (0%) / 0.00 (0%)
[2026-06-26T13:51:39.929-0300][23.618s][14000][1580][info][gc,mmu      ] GC(4) y: MMU: 2ms/52.1%, 5ms/80.9%, 10ms/90.4%, 20ms/95.2%, 50ms/94.9%, 100ms/97.5%
[2026-06-26T13:51:39.929-0300][23.618s][14000][1580][info][gc,marking  ] GC(4) y: Mark: 1 stripe(s), 5 proactive flush(es), 1 terminate flush(es), 0 completion(s), 0 continuation(s) 
[2026-06-26T13:51:39.929-0300][23.618s][14000][1580][info][gc,nmethod  ] GC(4) y: NMethods: 5070 registered, 316 unregistered
[2026-06-26T13:51:39.929-0300][23.618s][14000][1580][info][gc,metaspace] GC(4) y: Metaspace: 48M used, 49M committed, 1088M reserved
[2026-06-26T13:51:39.929-0300][23.618s][14000][1580][info][gc,reloc    ] GC(4) y:                        Candidates     Selected     In-Place         Size        Empty    Relocated 
[2026-06-26T13:51:39.929-0300][23.618s][14000][1580][info][gc,reloc    ] GC(4) y: Small Pages:                  656          280            0        1312M         554M          38M 
[2026-06-26T13:51:39.929-0300][23.618s][14000][1580][info][gc,reloc    ] GC(4) y: Medium Pages:                  19            3            0         608M         480M           9M 
[2026-06-26T13:51:39.929-0300][23.618s][14000][1580][info][gc,reloc    ] GC(4) y: Large Pages:                    1            0            0          12M           0M           0M 
[2026-06-26T13:51:39.929-0300][23.618s][14000][1580][info][gc,reloc    ] GC(4) y: Forwarding Usage: 13M
[2026-06-26T13:51:39.929-0300][23.618s][14000][1580][info][gc,reloc    ] GC(4) y: Age Table:
[2026-06-26T13:51:39.929-0300][23.618s][14000][1580][info][gc,reloc    ] GC(4) y:                    Live             Garbage             Small              Medium             Large        
[2026-06-26T13:51:39.929-0300][23.618s][14000][1580][info][gc,reloc    ] GC(4) y: Eden              54M (2%)         1619M (53%)        581 / 274           16 / 1              0 / 0        
[2026-06-26T13:51:39.930-0300][23.618s][14000][1580][info][gc,reloc    ] GC(4) y: Survivor 1        99M (3%)           38M (1%)          47 / 2              1 / 0              1 / 0        
[2026-06-26T13:51:39.930-0300][23.618s][14000][1580][info][gc,reloc    ] GC(4) y: Survivor 2        33M (1%)           30M (1%)          16 / 2              1 / 1              0 / 0        
[2026-06-26T13:51:39.930-0300][23.618s][14000][1580][info][gc,reloc    ] GC(4) y: Survivor 3        17M (1%)           38M (1%)          12 / 2              1 / 1              0 / 0        
[2026-06-26T13:51:39.930-0300][23.618s][14000][1580][info][gc,heap     ] GC(4) y: Min Capacity: 8M(0%)
[2026-06-26T13:51:39.930-0300][23.618s][14000][1580][info][gc,heap     ] GC(4) y: Max Capacity: 3072M(100%)
[2026-06-26T13:51:39.930-0300][23.618s][14000][1580][info][gc,heap     ] GC(4) y: Soft Max Capacity: 3072M(100%)
[2026-06-26T13:51:39.930-0300][23.618s][14000][1580][info][gc,heap     ] GC(4) y: Heap Statistics:
[2026-06-26T13:51:39.930-0300][23.618s][14000][1580][info][gc,heap     ] GC(4) y:                Mark Start          Mark End        Relocate Start      Relocate End           High               Low         
[2026-06-26T13:51:39.930-0300][23.618s][14000][1580][info][gc,heap     ] GC(4) y:  Capacity:     1982M (65%)        2866M (93%)        2866M (93%)        2866M (93%)        2866M (93%)        1982M (65%)    
[2026-06-26T13:51:39.930-0300][23.618s][14000][1580][info][gc,heap     ] GC(4) y:      Free:     1090M (35%)         206M (7%)         1152M (38%)        1738M (57%)        1742M (57%)         206M (7%)     
[2026-06-26T13:51:39.930-0300][23.618s][14000][1580][info][gc,heap     ] GC(4) y:      Used:     1982M (65%)        2866M (93%)        1920M (62%)        1334M (43%)        2866M (93%)        1330M (43%)    
[2026-06-26T13:51:39.930-0300][23.618s][14000][1580][info][gc,heap     ] GC(4) y: Young Generation Statistics:
[2026-06-26T13:51:39.930-0300][23.618s][14000][1580][info][gc,heap     ] GC(4) y:                Mark Start          Mark End        Relocate Start      Relocate End    
[2026-06-26T13:51:39.930-0300][23.618s][14000][1580][info][gc,heap     ] GC(4) y:      Used:     1932M (63%)        2816M (92%)        1724M (56%)        1068M (35%)    
[2026-06-26T13:51:39.930-0300][23.618s][14000][1580][info][gc,heap     ] GC(4) y:      Live:         -               206M (7%)           64M (2%)           54M (2%)     
[2026-06-26T13:51:39.930-0300][23.618s][14000][1580][info][gc,heap     ] GC(4) y:   Garbage:         -              1725M (56%)         687M (22%)           0M (0%)     
[2026-06-26T13:51:39.930-0300][23.618s][14000][1580][info][gc,heap     ] GC(4) y: Allocated:         -               884M (29%)         972M (32%)        1012M (33%)    
[2026-06-26T13:51:39.930-0300][23.618s][14000][1580][info][gc,heap     ] GC(4) y: Reclaimed:         -                  -              1037M (34%)        1724M (56%)    
[2026-06-26T13:51:39.930-0300][23.618s][14000][1580][info][gc,heap     ] GC(4) y:  Promoted:         -                  -               142M (5%)          151M (5%)     
[2026-06-26T13:51:39.930-0300][23.618s][14000][1580][info][gc,heap     ] GC(4) y: Compacted:         -                  -                  -                53M (2%)     
[2026-06-26T13:51:39.930-0300][23.618s][14000][1580][info][gc,phases   ] GC(4) y: Young Generation 1982M(65%)->1334M(43%) 0.409s
[2026-06-26T13:51:39.930-0300][23.618s][14000][1580][info][gc          ] GC(4) Minor Collection (Allocation Rate) 1982M(65%)->1334M(43%) 0.410s
[2026-06-26T13:51:39.930-0300][23.618s][14000][1600][info][gc          ] GC(5) Major Collection (Allocation Rate)
[2026-06-26T13:51:39.930-0300][23.618s][14000][1600][info][gc,task     ] GC(5) Using 3 Workers for Young Generation
[2026-06-26T13:51:39.930-0300][23.618s][14000][1600][info][gc,task     ] GC(5) Using 1 Workers for Old Generation
[2026-06-26T13:51:39.930-0300][23.618s][14000][1600][info][gc,phases   ] GC(5) Y: Young Generation
[2026-06-26T13:51:39.930-0300][23.618s][14000][2192][info][gc,phases   ] GC(5) Y: Pause Mark Start (Major) 0.009ms
[2026-06-26T13:51:39.989-0300][23.676s][14000][1600][info][gc,phases   ] GC(5) Y: Concurrent Mark 58.238ms
[2026-06-26T13:51:39.989-0300][23.677s][14000][2192][info][gc,phases   ] GC(5) Y: Pause Mark End 0.010ms
[2026-06-26T13:51:39.989-0300][23.677s][14000][1600][info][gc,phases   ] GC(5) Y: Concurrent Mark Free 0.003ms
[2026-06-26T13:51:39.989-0300][23.677s][14000][1600][info][gc,phases   ] GC(5) Y: Concurrent Reset Relocation Set 0.100ms
[2026-06-26T13:51:39.989-0300][23.677s][14000][1600][info][gc,reloc    ] GC(5) Y: Using tenuring threshold: 1 (Computed)
[2026-06-26T13:51:39.999-0300][23.687s][14000][1600][info][gc,phases   ] GC(5) Y: Concurrent Select Relocation Set 9.861ms
[2026-06-26T13:51:39.999-0300][23.687s][14000][2192][info][gc,phases   ] GC(5) Y: Pause Relocate Start 0.008ms
[2026-06-26T13:51:40.014-0300][23.702s][14000][1600][info][gc,phases   ] GC(5) Y: Concurrent Relocate 14.940ms
[2026-06-26T13:51:40.014-0300][23.702s][14000][1600][info][gc,alloc    ] GC(5) Y:                         Mark Start        Mark End      Relocate Start    Relocate End   
[2026-06-26T13:51:40.014-0300][23.702s][14000][1600][info][gc,alloc    ] GC(5) Y: Allocation Stalls:          0                0                0                0         
[2026-06-26T13:51:40.014-0300][23.702s][14000][1600][info][gc,load     ] GC(5) Y: Load: 0.00 (0%) / 0.00 (0%) / 0.00 (0%)
[2026-06-26T13:51:40.014-0300][23.702s][14000][1600][info][gc,mmu      ] GC(5) Y: MMU: 2ms/52.1%, 5ms/80.9%, 10ms/90.4%, 20ms/95.2%, 50ms/94.9%, 100ms/97.5%
[2026-06-26T13:51:40.014-0300][23.702s][14000][1600][info][gc,marking  ] GC(5) Y: Mark: 2 stripe(s), 10 proactive flush(es), 1 terminate flush(es), 0 completion(s), 0 continuation(s) 
[2026-06-26T13:51:40.014-0300][23.702s][14000][1600][info][gc,nmethod  ] GC(5) Y: NMethods: 5112 registered, 316 unregistered
[2026-06-26T13:51:40.014-0300][23.702s][14000][1600][info][gc,metaspace] GC(5) Y: Metaspace: 48M used, 49M committed, 1088M reserved
[2026-06-26T13:51:40.014-0300][23.702s][14000][1600][info][gc,reloc    ] GC(5) Y:                        Candidates     Selected     In-Place         Size        Empty    Relocated 
[2026-06-26T13:51:40.014-0300][23.702s][14000][1600][info][gc,reloc    ] GC(5) Y: Small Pages:                  118           33            0         236M         110M           4M 
[2026-06-26T13:51:40.014-0300][23.702s][14000][1600][info][gc,reloc    ] GC(5) Y: Medium Pages:                  26            0            0         832M         832M           0M 
[2026-06-26T13:51:40.014-0300][23.702s][14000][1600][info][gc,reloc    ] GC(5) Y: Large Pages:                    0            0            0           0M           0M           0M 
[2026-06-26T13:51:40.014-0300][23.702s][14000][1600][info][gc,reloc    ] GC(5) Y: Forwarding Usage: 1M
[2026-06-26T13:51:40.014-0300][23.702s][14000][1600][info][gc,reloc    ] GC(5) Y: Age Table:
[2026-06-26T13:51:40.014-0300][23.702s][14000][1600][info][gc,reloc    ] GC(5) Y:                    Live             Garbage             Small              Medium             Large        
[2026-06-26T13:51:40.014-0300][23.702s][14000][1600][info][gc,reloc    ] GC(5) Y: Eden               4M (0%)          973M (32%)         89 / 33            25 / 0              0 / 0        
[2026-06-26T13:51:40.014-0300][23.702s][14000][1600][info][gc,reloc    ] GC(5) Y: Survivor 1        51M (2%)           38M (1%)          29 / 0              1 / 0              0 / 0        
[2026-06-26T13:51:40.014-0300][23.702s][14000][1600][info][gc,heap     ] GC(5) Y: Min Capacity: 8M(0%)
[2026-06-26T13:51:40.014-0300][23.702s][14000][1600][info][gc,heap     ] GC(5) Y: Max Capacity: 3072M(100%)
[2026-06-26T13:51:40.014-0300][23.702s][14000][1600][info][gc,heap     ] GC(5) Y: Soft Max Capacity: 3072M(100%)
[2026-06-26T13:51:40.014-0300][23.702s][14000][1600][info][gc,heap     ] GC(5) Y: Heap Statistics:
[2026-06-26T13:51:40.014-0300][23.702s][14000][1600][info][gc,heap     ] GC(5) Y:                Mark Start          Mark End        Relocate Start      Relocate End           High               Low         
[2026-06-26T13:51:40.014-0300][23.702s][14000][1600][info][gc,heap     ] GC(5) Y:  Capacity:     2866M (93%)        2866M (93%)        2866M (93%)        2866M (93%)        2866M (93%)        2866M (93%)    
[2026-06-26T13:51:40.014-0300][23.702s][14000][1600][info][gc,heap     ] GC(5) Y:      Free:     1738M (57%)        1728M (56%)        2668M (87%)        2722M (89%)        2724M (89%)        1728M (56%)    
[2026-06-26T13:51:40.014-0300][23.702s][14000][1600][info][gc,heap     ] GC(5) Y:      Used:     1334M (43%)        1344M (44%)         404M (13%)         350M (11%)        1344M (44%)         348M (11%)    
[2026-06-26T13:51:40.014-0300][23.702s][14000][1600][info][gc,heap     ] GC(5) Y: Young Generation Statistics:
[2026-06-26T13:51:40.014-0300][23.702s][14000][1600][info][gc,heap     ] GC(5) Y:                Mark Start          Mark End        Relocate Start      Relocate End    
[2026-06-26T13:51:40.014-0300][23.702s][14000][1600][info][gc,heap     ] GC(5) Y:      Used:     1068M (35%)        1078M (35%)          84M (3%)           24M (1%)     
[2026-06-26T13:51:40.014-0300][23.702s][14000][1600][info][gc,heap     ] GC(5) Y:      Live:         -                56M (2%)            4M (0%)            4M (0%)     
[2026-06-26T13:51:40.014-0300][23.702s][14000][1600][info][gc,heap     ] GC(5) Y:   Garbage:         -              1011M (33%)          67M (2%)            0M (0%)     
[2026-06-26T13:51:40.014-0300][23.702s][14000][1600][info][gc,heap     ] GC(5) Y: Allocated:         -                10M (0%)           12M (0%)           19M (1%)     
[2026-06-26T13:51:40.014-0300][23.702s][14000][1600][info][gc,heap     ] GC(5) Y: Reclaimed:         -                  -               944M (31%)        1011M (33%)    
[2026-06-26T13:51:40.014-0300][23.702s][14000][1600][info][gc,heap     ] GC(5) Y:  Promoted:         -                  -                51M (2%)           51M (2%)     
[2026-06-26T13:51:40.014-0300][23.702s][14000][1600][info][gc,heap     ] GC(5) Y: Compacted:         -                  -                  -                 4M (0%)     
[2026-06-26T13:51:40.014-0300][23.702s][14000][1600][info][gc,phases   ] GC(5) Y: Young Generation 1334M(43%)->350M(11%) 0.084s
[2026-06-26T13:51:40.014-0300][23.702s][14000][1600][info][gc,phases   ] GC(5) O: Old Generation
[2026-06-26T13:51:40.241-0300][23.930s][14000][1600][info][gc,phases   ] GC(5) O: Concurrent Mark 227.444ms
[2026-06-26T13:51:40.241-0300][23.930s][14000][2192][info][gc,phases   ] GC(5) O: Pause Mark End 0.015ms
[2026-06-26T13:51:40.241-0300][23.930s][14000][1600][info][gc,phases   ] GC(5) O: Concurrent Mark Free 0.005ms
[2026-06-26T13:51:40.251-0300][23.940s][14000][1600][info][gc,phases   ] GC(5) O: Concurrent Process Non-Strong 10.034ms
[2026-06-26T13:51:40.251-0300][23.940s][14000][1600][info][gc,phases   ] GC(5) O: Concurrent Reset Relocation Set 0.000ms
[2026-06-26T13:51:40.252-0300][23.940s][14000][1600][info][gc,phases   ] GC(5) O: Concurrent Select Relocation Set 0.569ms
[2026-06-26T13:51:40.252-0300][23.940s][14000][1600][info][gc,task     ] GC(5) O: Using 3 Workers for Old Generation
[2026-06-26T13:51:40.255-0300][23.943s][14000][1600][info][gc,task     ] GC(5) O: Using 1 Workers for Old Generation
[2026-06-26T13:51:40.255-0300][23.943s][14000][1600][info][gc,phases   ] GC(5) O: Concurrent Remap Roots 2.686ms
[2026-06-26T13:51:40.255-0300][23.943s][14000][2192][info][gc,phases   ] GC(5) O: Pause Relocate Start 0.009ms
[2026-06-26T13:51:40.265-0300][23.953s][14000][1600][info][gc,phases   ] GC(5) O: Concurrent Relocate 9.533ms
[2026-06-26T13:51:40.265-0300][23.953s][14000][1600][info][gc,alloc    ] GC(5) O:                         Mark Start        Mark End      Relocate Start    Relocate End   
[2026-06-26T13:51:40.265-0300][23.953s][14000][1600][info][gc,alloc    ] GC(5) O: Allocation Stalls:          0                0                0                0         
[2026-06-26T13:51:40.265-0300][23.953s][14000][1600][info][gc,load     ] GC(5) O: Load: 0.00 (0%) / 0.00 (0%) / 0.00 (0%)
[2026-06-26T13:51:40.265-0300][23.953s][14000][1600][info][gc,mmu      ] GC(5) O: MMU: 2ms/52.1%, 5ms/80.9%, 10ms/90.4%, 20ms/95.2%, 50ms/94.9%, 100ms/97.5%
[2026-06-26T13:51:40.265-0300][23.953s][14000][1600][info][gc,marking  ] GC(5) O: Mark: 1 stripe(s), 2 proactive flush(es), 1 terminate flush(es), 0 completion(s), 0 continuation(s) 
[2026-06-26T13:51:40.265-0300][23.953s][14000][1600][info][gc,nmethod  ] GC(5) O: NMethods: 5088 registered, 408 unregistered
[2026-06-26T13:51:40.265-0300][23.953s][14000][1600][info][gc,metaspace] GC(5) O: Metaspace: 48M used, 49M committed, 1088M reserved
[2026-06-26T13:51:40.265-0300][23.953s][14000][1600][info][gc,ref      ] GC(5) O:                       Encountered   Discovered     Enqueued 
[2026-06-26T13:51:40.265-0300][23.953s][14000][1600][info][gc,ref      ] GC(5) O: Soft References:             4386            0            0 
[2026-06-26T13:51:40.265-0300][23.953s][14000][1600][info][gc,ref      ] GC(5) O: Weak References:            10347         9708         7777 
[2026-06-26T13:51:40.265-0300][23.953s][14000][1600][info][gc,ref      ] GC(5) O: Final References:               8            2            1 
[2026-06-26T13:51:40.265-0300][23.953s][14000][1600][info][gc,ref      ] GC(5) O: Phantom References:          7456         7449         1105 
[2026-06-26T13:51:40.265-0300][23.953s][14000][1600][info][gc,reloc    ] GC(5) O:                        Candidates     Selected     In-Place         Size        Empty    Relocated 
[2026-06-26T13:51:40.265-0300][23.953s][14000][1600][info][gc,reloc    ] GC(5) O: Small Pages:                   79            5            0         158M           0M           2M 
[2026-06-26T13:51:40.265-0300][23.953s][14000][1600][info][gc,reloc    ] GC(5) O: Medium Pages:                   3            2            0          96M           0M           8M 
[2026-06-26T13:51:40.265-0300][23.953s][14000][1600][info][gc,reloc    ] GC(5) O: Large Pages:                    1            0            0          12M           0M           0M 
[2026-06-26T13:51:40.265-0300][23.953s][14000][1600][info][gc,reloc    ] GC(5) O: Forwarding Usage: 2M
[2026-06-26T13:51:40.265-0300][23.953s][14000][1600][info][gc,heap     ] GC(5) O: Min Capacity: 8M(0%)
[2026-06-26T13:51:40.265-0300][23.953s][14000][1600][info][gc,heap     ] GC(5) O: Max Capacity: 3072M(100%)
[2026-06-26T13:51:40.265-0300][23.953s][14000][1600][info][gc,heap     ] GC(5) O: Soft Max Capacity: 3072M(100%)
[2026-06-26T13:51:40.265-0300][23.953s][14000][1600][info][gc,heap     ] GC(5) O: Heap Statistics:
[2026-06-26T13:51:40.265-0300][23.953s][14000][1600][info][gc,heap     ] GC(5) O:                Mark Start          Mark End        Relocate Start      Relocate End           High               Low         
[2026-06-26T13:51:40.265-0300][23.953s][14000][1600][info][gc,heap     ] GC(5) O:  Capacity:     2866M (93%)        2866M (93%)        2866M (93%)        2866M (93%)        2866M (93%)        2866M (93%)    
[2026-06-26T13:51:40.265-0300][23.953s][14000][1600][info][gc,heap     ] GC(5) O:      Free:     1738M (57%)        2690M (88%)        2686M (87%)        2752M (90%)        2752M (90%)        1728M (56%)    
[2026-06-26T13:51:40.265-0300][23.953s][14000][1600][info][gc,heap     ] GC(5) O:      Used:     1334M (43%)         382M (12%)         386M (13%)         320M (10%)        1344M (44%)         320M (10%)    
[2026-06-26T13:51:40.265-0300][23.953s][14000][1600][info][gc,heap     ] GC(5) O: Old Generation Statistics:
[2026-06-26T13:51:40.265-0300][23.953s][14000][1600][info][gc,heap     ] GC(5) O:                Mark Start          Mark End        Relocate Start      Relocate End    
[2026-06-26T13:51:40.265-0300][23.953s][14000][1600][info][gc,heap     ] GC(5) O:      Used:      266M (9%)          326M (11%)         326M (11%)         258M (8%)     
[2026-06-26T13:51:40.265-0300][23.953s][14000][1600][info][gc,heap     ] GC(5) O:      Live:         -               164M (5%)          164M (5%)          164M (5%)     
[2026-06-26T13:51:40.265-0300][23.953s][14000][1600][info][gc,heap     ] GC(5) O:   Garbage:         -               101M (3%)          101M (3%)            3M (0%)     
[2026-06-26T13:51:40.265-0300][23.953s][14000][1600][info][gc,heap     ] GC(5) O: Allocated:         -                60M (2%)           60M (2%)           89M (3%)     
[2026-06-26T13:51:40.265-0300][23.953s][14000][1600][info][gc,heap     ] GC(5) O: Reclaimed:         -                  -                 0M (0%)           97M (3%)     
[2026-06-26T13:51:40.265-0300][23.953s][14000][1600][info][gc,heap     ] GC(5) O: Compacted:         -                  -                  -                16M (1%)     
[2026-06-26T13:51:40.265-0300][23.953s][14000][1600][info][gc,phases   ] GC(5) O: Old Generation 350M(11%)->320M(10%) 0.251s
[2026-06-26T13:51:40.265-0300][23.953s][14000][1600][info][gc          ] GC(5) Major Collection (Allocation Rate) 1334M(43%)->320M(10%) 0.335s
[2026-06-26T13:51:41.340-0300][25.028s][14000][1580][info][gc          ] GC(6) Minor Collection (Allocation Rate)
[2026-06-26T13:51:41.340-0300][25.028s][14000][1580][info][gc,task     ] GC(6) Using 3 Workers for Young Generation
[2026-06-26T13:51:41.340-0300][25.028s][14000][1580][info][gc,phases   ] GC(6) y: Young Generation
[2026-06-26T13:51:41.340-0300][25.028s][14000][2192][info][gc,phases   ] GC(6) y: Pause Mark Start 0.010ms
[2026-06-26T13:51:41.365-0300][25.053s][14000][1580][info][gc,phases   ] GC(6) y: Concurrent Mark 25.107ms
[2026-06-26T13:51:41.365-0300][25.053s][14000][2192][info][gc,phases   ] GC(6) y: Pause Mark End 0.012ms
[2026-06-26T13:51:41.365-0300][25.053s][14000][1580][info][gc,phases   ] GC(6) y: Concurrent Mark Free 0.004ms
[2026-06-26T13:51:41.365-0300][25.053s][14000][1580][info][gc,phases   ] GC(6) y: Concurrent Reset Relocation Set 0.058ms
[2026-06-26T13:51:41.365-0300][25.053s][14000][1580][info][gc,reloc    ] GC(6) y: Using tenuring threshold: 2 (Computed)
[2026-06-26T13:51:41.367-0300][25.056s][14000][1580][info][gc,phases   ] GC(6) y: Concurrent Select Relocation Set 2.759ms
[2026-06-26T13:51:41.367-0300][25.056s][14000][2192][info][gc,phases   ] GC(6) y: Pause Relocate Start 0.005ms
[2026-06-26T13:51:41.383-0300][25.073s][14000][1580][info][gc,phases   ] GC(6) y: Concurrent Relocate 16.595ms
[2026-06-26T13:51:41.383-0300][25.073s][14000][1580][info][gc,alloc    ] GC(6) y:                         Mark Start        Mark End      Relocate Start    Relocate End   
[2026-06-26T13:51:41.383-0300][25.073s][14000][1580][info][gc,alloc    ] GC(6) y: Allocation Stalls:          0                0                0                0         
[2026-06-26T13:51:41.383-0300][25.073s][14000][1580][info][gc,load     ] GC(6) y: Load: 0.00 (0%) / 0.00 (0%) / 0.00 (0%)
[2026-06-26T13:51:41.383-0300][25.073s][14000][1580][info][gc,mmu      ] GC(6) y: MMU: 2ms/52.1%, 5ms/80.9%, 10ms/90.4%, 20ms/95.2%, 50ms/94.9%, 100ms/97.5%
[2026-06-26T13:51:41.383-0300][25.073s][14000][1580][info][gc,marking  ] GC(6) y: Mark: 2 stripe(s), 2 proactive flush(es), 1 terminate flush(es), 0 completion(s), 0 continuation(s) 
[2026-06-26T13:51:41.383-0300][25.073s][14000][1580][info][gc,nmethod  ] GC(6) y: NMethods: 5171 registered, 408 unregistered
[2026-06-26T13:51:41.383-0300][25.073s][14000][1580][info][gc,metaspace] GC(6) y: Metaspace: 48M used, 49M committed, 1088M reserved
[2026-06-26T13:51:41.383-0300][25.073s][14000][1580][info][gc,reloc    ] GC(6) y:                        Candidates     Selected     In-Place         Size        Empty    Relocated 
[2026-06-26T13:51:41.383-0300][25.073s][14000][1580][info][gc,reloc    ] GC(6) y: Small Pages:                  134          118            0         268M           2M          18M 
[2026-06-26T13:51:41.383-0300][25.073s][14000][1580][info][gc,reloc    ] GC(6) y: Medium Pages:                   1            0            0          32M           0M           0M 
[2026-06-26T13:51:41.383-0300][25.073s][14000][1580][info][gc,reloc    ] GC(6) y: Large Pages:                    0            0            0           0M           0M           0M 
[2026-06-26T13:51:41.383-0300][25.073s][14000][1580][info][gc,reloc    ] GC(6) y: Forwarding Usage: 9M
[2026-06-26T13:51:41.383-0300][25.073s][14000][1580][info][gc,reloc    ] GC(6) y: Age Table:
[2026-06-26T13:51:41.385-0300][25.073s][14000][1580][info][gc,reloc    ] GC(6) y:                    Live             Garbage             Small              Medium             Large        
[2026-06-26T13:51:41.385-0300][25.073s][14000][1580][info][gc,reloc    ] GC(6) y: Eden              21M (1%)          268M (9%)         129 / 116            1 / 0              0 / 0        
[2026-06-26T13:51:41.385-0300][25.073s][14000][1580][info][gc,reloc    ] GC(6) y: Survivor 1         4M (0%)            5M (0%)           5 / 2              0 / 0              0 / 0        
[2026-06-26T13:51:41.385-0300][25.073s][14000][1580][info][gc,heap     ] GC(6) y: Min Capacity: 8M(0%)
[2026-06-26T13:51:41.385-0300][25.073s][14000][1580][info][gc,heap     ] GC(6) y: Max Capacity: 3072M(100%)
[2026-06-26T13:51:41.385-0300][25.073s][14000][1580][info][gc,heap     ] GC(6) y: Soft Max Capacity: 3072M(100%)
[2026-06-26T13:51:41.385-0300][25.073s][14000][1580][info][gc,heap     ] GC(6) y: Heap Statistics:
[2026-06-26T13:51:41.385-0300][25.073s][14000][1580][info][gc,heap     ] GC(6) y:                Mark Start          Mark End        Relocate Start      Relocate End           High               Low         
[2026-06-26T13:51:41.385-0300][25.073s][14000][1580][info][gc,heap     ] GC(6) y:  Capacity:     2866M (93%)        2866M (93%)        2866M (93%)        2866M (93%)        2866M (93%)        2866M (93%)    
[2026-06-26T13:51:41.385-0300][25.073s][14000][1580][info][gc,heap     ] GC(6) y:      Free:     2514M (82%)        2508M (82%)        2510M (82%)        2738M (89%)        2738M (89%)        2502M (81%)    
[2026-06-26T13:51:41.385-0300][25.073s][14000][1580][info][gc,heap     ] GC(6) y:      Used:      558M (18%)         564M (18%)         562M (18%)         334M (11%)         570M (19%)         334M (11%)    
[2026-06-26T13:51:41.385-0300][25.073s][14000][1580][info][gc,heap     ] GC(6) y: Young Generation Statistics:
[2026-06-26T13:51:41.385-0300][25.073s][14000][1580][info][gc,heap     ] GC(6) y:                Mark Start          Mark End        Relocate Start      Relocate End    
[2026-06-26T13:51:41.385-0300][25.073s][14000][1580][info][gc,heap     ] GC(6) y:      Used:      300M (10%)         306M (10%)         304M (10%)          76M (2%)     
[2026-06-26T13:51:41.385-0300][25.073s][14000][1580][info][gc,heap     ] GC(6) y:      Live:         -                25M (1%)           25M (1%)           25M (1%)     
[2026-06-26T13:51:41.385-0300][25.073s][14000][1580][info][gc,heap     ] GC(6) y:   Garbage:         -               274M (9%)          272M (9%)           32M (1%)     
[2026-06-26T13:51:41.385-0300][25.073s][14000][1580][info][gc,heap     ] GC(6) y: Allocated:         -                 6M (0%)            6M (0%)           17M (1%)     
[2026-06-26T13:51:41.385-0300][25.073s][14000][1580][info][gc,heap     ] GC(6) y: Reclaimed:         -                  -                 2M (0%)          241M (8%)     
[2026-06-26T13:51:41.385-0300][25.073s][14000][1580][info][gc,heap     ] GC(6) y:  Promoted:         -                  -                 0M (0%)            0M (0%)     
[2026-06-26T13:51:41.385-0300][25.073s][14000][1580][info][gc,heap     ] GC(6) y: Compacted:         -                  -                  -                20M (1%)     
[2026-06-26T13:51:41.385-0300][25.073s][14000][1580][info][gc,phases   ] GC(6) y: Young Generation 558M(18%)->334M(11%) 0.045s
[2026-06-26T13:51:41.385-0300][25.073s][14000][1580][info][gc          ] GC(6) Minor Collection (Allocation Rate) 558M(18%)->336M(11%) 0.045s
[2026-06-26T13:51:52.898-0300][36.586s][14000][1580][info][gc          ] GC(7) Minor Collection (Allocation Rate)
[2026-06-26T13:51:52.898-0300][36.586s][14000][1580][info][gc,task     ] GC(7) Using 2 Workers for Young Generation
[2026-06-26T13:51:52.898-0300][36.586s][14000][1580][info][gc,phases   ] GC(7) y: Young Generation
[2026-06-26T13:51:52.898-0300][36.586s][14000][2192][info][gc,phases   ] GC(7) y: Pause Mark Start 0.011ms
[2026-06-26T13:51:53.153-0300][36.842s][14000][1580][info][gc,phases   ] GC(7) y: Concurrent Mark 255.683ms
[2026-06-26T13:51:53.153-0300][36.842s][14000][2192][info][gc,phases   ] GC(7) y: Pause Mark End 0.012ms
[2026-06-26T13:51:53.153-0300][36.842s][14000][1580][info][gc,phases   ] GC(7) y: Concurrent Mark Free 0.004ms
[2026-06-26T13:51:53.153-0300][36.842s][14000][1580][info][gc,phases   ] GC(7) y: Concurrent Reset Relocation Set 0.008ms
[2026-06-26T13:51:53.153-0300][36.842s][14000][1580][info][gc,reloc    ] GC(7) y: Using tenuring threshold: 3 (Computed)
[2026-06-26T13:51:53.171-0300][36.860s][14000][1580][info][gc,phases   ] GC(7) y: Concurrent Select Relocation Set 18.632ms
[2026-06-26T13:51:53.171-0300][36.861s][14000][2192][info][gc,phases   ] GC(7) y: Pause Relocate Start 0.011ms
[2026-06-26T13:51:53.288-0300][36.976s][14000][1580][info][gc,phases   ] GC(7) y: Concurrent Relocate 115.561ms
[2026-06-26T13:51:53.288-0300][36.976s][14000][1580][info][gc,alloc    ] GC(7) y:                         Mark Start        Mark End      Relocate Start    Relocate End   
[2026-06-26T13:51:53.288-0300][36.976s][14000][1580][info][gc,alloc    ] GC(7) y: Allocation Stalls:          0                0                0                0         
[2026-06-26T13:51:53.288-0300][36.976s][14000][1580][info][gc,load     ] GC(7) y: Load: 0.00 (0%) / 0.00 (0%) / 0.00 (0%)
[2026-06-26T13:51:53.288-0300][36.976s][14000][1580][info][gc,mmu      ] GC(7) y: MMU: 2ms/52.1%, 5ms/80.9%, 10ms/90.4%, 20ms/95.2%, 50ms/94.9%, 100ms/97.5%
[2026-06-26T13:51:53.288-0300][36.976s][14000][1580][info][gc,marking  ] GC(7) y: Mark: 2 stripe(s), 2 proactive flush(es), 1 terminate flush(es), 0 completion(s), 0 continuation(s) 
[2026-06-26T13:51:53.288-0300][36.976s][14000][1580][info][gc,nmethod  ] GC(7) y: NMethods: 9580 registered, 0 unregistered
[2026-06-26T13:51:53.288-0300][36.976s][14000][1580][info][gc,metaspace] GC(7) y: Metaspace: 58M used, 59M committed, 1088M reserved
[2026-06-26T13:51:53.288-0300][36.976s][14000][1580][info][gc,reloc    ] GC(7) y:                        Candidates     Selected     In-Place         Size        Empty    Relocated 
[2026-06-26T13:51:53.288-0300][36.976s][14000][1580][info][gc,reloc    ] GC(7) y: Small Pages:                  696          526            0        1392M          78M         141M 
[2026-06-26T13:51:53.288-0300][36.976s][14000][1580][info][gc,reloc    ] GC(7) y: Medium Pages:                   2            1            0          64M           0M           5M 
[2026-06-26T13:51:53.288-0300][36.976s][14000][1580][info][gc,reloc    ] GC(7) y: Large Pages:                    2            0            0          16M          16M           0M 
[2026-06-26T13:51:53.288-0300][36.976s][14000][1580][info][gc,reloc    ] GC(7) y: Forwarding Usage: 76M
[2026-06-26T13:51:53.288-0300][36.976s][14000][1580][info][gc,reloc    ] GC(7) y: Age Table:
[2026-06-26T13:51:53.288-0300][36.976s][14000][1580][info][gc,reloc    ] GC(7) y:                    Live             Garbage             Small              Medium             Large        
[2026-06-26T13:51:53.288-0300][36.976s][14000][1580][info][gc,reloc    ] GC(7) y: Eden             211M (7%)         1192M (39%)        678 / 520            1 / 1              2 / 0        
[2026-06-26T13:51:53.288-0300][36.976s][14000][1580][info][gc,reloc    ] GC(7) y: Survivor 1        17M (1%)           40M (1%)          13 / 4              1 / 0              0 / 0        
[2026-06-26T13:51:53.288-0300][36.977s][14000][1580][info][gc,reloc    ] GC(7) y: Survivor 2         4M (0%)            5M (0%)           5 / 2              0 / 0              0 / 0        
[2026-06-26T13:51:53.288-0300][36.977s][14000][1580][info][gc,heap     ] GC(7) y: Min Capacity: 8M(0%)
[2026-06-26T13:51:53.288-0300][36.977s][14000][1580][info][gc,heap     ] GC(7) y: Max Capacity: 3072M(100%)
[2026-06-26T13:51:53.288-0300][36.977s][14000][1580][info][gc,heap     ] GC(7) y: Soft Max Capacity: 3072M(100%)
[2026-06-26T13:51:53.288-0300][36.977s][14000][1580][info][gc,heap     ] GC(7) y: Heap Statistics:
[2026-06-26T13:51:53.288-0300][36.977s][14000][1580][info][gc,heap     ] GC(7) y:                Mark Start          Mark End        Relocate Start      Relocate End           High               Low         
[2026-06-26T13:51:53.288-0300][36.977s][14000][1580][info][gc,heap     ] GC(7) y:  Capacity:     2866M (93%)        2866M (93%)        2866M (93%)        2866M (93%)        2866M (93%)        2866M (93%)    
[2026-06-26T13:51:53.288-0300][36.977s][14000][1580][info][gc,heap     ] GC(7) y:      Free:     1342M (44%)        1304M (42%)        1396M (45%)        2422M (79%)        2422M (79%)        1304M (42%)    
[2026-06-26T13:51:53.288-0300][36.977s][14000][1580][info][gc,heap     ] GC(7) y:      Used:     1730M (56%)        1768M (58%)        1676M (55%)         650M (21%)        1768M (58%)         650M (21%)    
[2026-06-26T13:51:53.288-0300][36.977s][14000][1580][info][gc,heap     ] GC(7) y: Young Generation Statistics:
[2026-06-26T13:51:53.288-0300][36.977s][14000][1580][info][gc,heap     ] GC(7) y:                Mark Start          Mark End        Relocate Start      Relocate End    
[2026-06-26T13:51:53.288-0300][36.977s][14000][1580][info][gc,heap     ] GC(7) y:      Used:     1472M (48%)        1510M (49%)        1418M (46%)         392M (13%)    
[2026-06-26T13:51:53.288-0300][36.977s][14000][1580][info][gc,heap     ] GC(7) y:      Live:         -               233M (8%)          233M (8%)          233M (8%)     
[2026-06-26T13:51:53.288-0300][36.977s][14000][1580][info][gc,heap     ] GC(7) y:   Garbage:         -              1238M (40%)        1144M (37%)           8M (0%)     
[2026-06-26T13:51:53.288-0300][36.977s][14000][1580][info][gc,heap     ] GC(7) y: Allocated:         -                38M (1%)           40M (1%)          150M (5%)     
[2026-06-26T13:51:53.288-0300][36.977s][14000][1580][info][gc,heap     ] GC(7) y: Reclaimed:         -                  -                94M (3%)         1230M (40%)    
[2026-06-26T13:51:53.288-0300][36.977s][14000][1580][info][gc,heap     ] GC(7) y:  Promoted:         -                  -                 0M (0%)            0M (0%)     
[2026-06-26T13:51:53.288-0300][36.977s][14000][1580][info][gc,heap     ] GC(7) y: Compacted:         -                  -                  -               189M (6%)     
[2026-06-26T13:51:53.288-0300][36.977s][14000][1580][info][gc,phases   ] GC(7) y: Young Generation 1730M(56%)->650M(21%) 0.390s
[2026-06-26T13:51:53.288-0300][36.977s][14000][1580][info][gc          ] GC(7) Minor Collection (Allocation Rate) 1730M(56%)->650M(21%) 0.391s
[2026-06-26T13:51:53.897-0300][37.585s][14000][1580][info][gc          ] GC(8) Minor Collection (Allocation Rate)
[2026-06-26T13:51:53.897-0300][37.585s][14000][1580][info][gc,task     ] GC(8) Using 3 Workers for Young Generation
[2026-06-26T13:51:53.897-0300][37.585s][14000][1580][info][gc,phases   ] GC(8) y: Young Generation
[2026-06-26T13:51:53.897-0300][37.585s][14000][2192][info][gc,phases   ] GC(8) y: Pause Mark Start 0.011ms
[2026-06-26T13:51:54.131-0300][37.819s][14000][1580][info][gc,phases   ] GC(8) y: Concurrent Mark 234.062ms
[2026-06-26T13:51:54.131-0300][37.819s][14000][2192][info][gc,phases   ] GC(8) y: Pause Mark End 0.013ms
[2026-06-26T13:51:54.131-0300][37.819s][14000][1580][info][gc,phases   ] GC(8) y: Concurrent Mark Free 0.003ms
[2026-06-26T13:51:54.131-0300][37.819s][14000][1580][info][gc,phases   ] GC(8) y: Concurrent Reset Relocation Set 0.040ms
[2026-06-26T13:51:54.131-0300][37.819s][14000][1580][info][gc,reloc    ] GC(8) y: Using tenuring threshold: 1 (Computed)
[2026-06-26T13:51:54.175-0300][37.863s][14000][1580][info][gc,phases   ] GC(8) y: Concurrent Select Relocation Set 43.631ms
[2026-06-26T13:51:54.175-0300][37.863s][14000][2192][info][gc,phases   ] GC(8) y: Pause Relocate Start 0.011ms
[2026-06-26T13:51:54.248-0300][37.936s][14000][1580][info][gc,phases   ] GC(8) y: Concurrent Relocate 72.903ms
[2026-06-26T13:51:54.248-0300][37.936s][14000][1580][info][gc,alloc    ] GC(8) y:                         Mark Start        Mark End      Relocate Start    Relocate End   
[2026-06-26T13:51:54.248-0300][37.936s][14000][1580][info][gc,alloc    ] GC(8) y: Allocation Stalls:          0                0                0                0         
[2026-06-26T13:51:54.248-0300][37.936s][14000][1580][info][gc,load     ] GC(8) y: Load: 0.00 (0%) / 0.00 (0%) / 0.00 (0%)
[2026-06-26T13:51:54.248-0300][37.936s][14000][1580][info][gc,mmu      ] GC(8) y: MMU: 2ms/52.1%, 5ms/80.9%, 10ms/90.4%, 20ms/95.2%, 50ms/94.9%, 100ms/97.5%
[2026-06-26T13:51:54.248-0300][37.936s][14000][1580][info][gc,marking  ] GC(8) y: Mark: 2 stripe(s), 2 proactive flush(es), 1 terminate flush(es), 0 completion(s), 0 continuation(s) 
[2026-06-26T13:51:54.248-0300][37.936s][14000][1580][info][gc,nmethod  ] GC(8) y: NMethods: 9817 registered, 0 unregistered
[2026-06-26T13:51:54.248-0300][37.936s][14000][1580][info][gc,metaspace] GC(8) y: Metaspace: 59M used, 60M committed, 1088M reserved
[2026-06-26T13:51:54.248-0300][37.936s][14000][1580][info][gc,reloc    ] GC(8) y:                        Candidates     Selected     In-Place         Size        Empty    Relocated 
[2026-06-26T13:51:54.248-0300][37.936s][14000][1580][info][gc,reloc    ] GC(8) y: Small Pages:                  179           46            0         358M           0M           9M 
[2026-06-26T13:51:54.248-0300][37.936s][14000][1580][info][gc,reloc    ] GC(8) y: Medium Pages:                   3            2            0          96M           0M           6M 
[2026-06-26T13:51:54.248-0300][37.936s][14000][1580][info][gc,reloc    ] GC(8) y: Large Pages:                    0            0            0           0M           0M           0M 
[2026-06-26T13:51:54.248-0300][37.936s][14000][1580][info][gc,reloc    ] GC(8) y: Forwarding Usage: 6M
[2026-06-26T13:51:54.248-0300][37.936s][14000][1580][info][gc,reloc    ] GC(8) y: Age Table:
[2026-06-26T13:51:54.248-0300][37.936s][14000][1580][info][gc,reloc    ] GC(8) y:                    Live             Garbage             Small              Medium             Large        
[2026-06-26T13:51:54.248-0300][37.936s][14000][1580][info][gc,reloc    ] GC(8) y: Eden              24M (1%)          113M (4%)          53 / 39             1 / 1              0 / 0        
[2026-06-26T13:51:54.248-0300][37.936s][14000][1580][info][gc,reloc    ] GC(8) y: Survivor 1       211M (7%)           42M (1%)         111 / 5              1 / 1              0 / 0        
[2026-06-26T13:51:54.248-0300][37.936s][14000][1580][info][gc,reloc    ] GC(8) y: Survivor 2        17M (1%)           36M (1%)          11 / 1              1 / 0              0 / 0        
[2026-06-26T13:51:54.248-0300][37.936s][14000][1580][info][gc,reloc    ] GC(8) y: Survivor 3         4M (0%)            3M (0%)           4 / 1              0 / 0              0 / 0        
[2026-06-26T13:51:54.248-0300][37.936s][14000][1580][info][gc,heap     ] GC(8) y: Min Capacity: 8M(0%)
[2026-06-26T13:51:54.248-0300][37.936s][14000][1580][info][gc,heap     ] GC(8) y: Max Capacity: 3072M(100%)
[2026-06-26T13:51:54.248-0300][37.936s][14000][1580][info][gc,heap     ] GC(8) y: Soft Max Capacity: 3072M(100%)
[2026-06-26T13:51:54.248-0300][37.936s][14000][1580][info][gc,heap     ] GC(8) y: Heap Statistics:
[2026-06-26T13:51:54.248-0300][37.936s][14000][1580][info][gc,heap     ] GC(8) y:                Mark Start          Mark End        Relocate Start      Relocate End           High               Low         
[2026-06-26T13:51:54.248-0300][37.936s][14000][1580][info][gc,heap     ] GC(8) y:  Capacity:     2866M (93%)        2866M (93%)        2866M (93%)        2866M (93%)        2866M (93%)        2866M (93%)    
[2026-06-26T13:51:54.248-0300][37.936s][14000][1580][info][gc,heap     ] GC(8) y:      Free:     2360M (77%)        2342M (76%)        2340M (76%)        2428M (79%)        2428M (79%)        2242M (73%)    
[2026-06-26T13:51:54.248-0300][37.936s][14000][1580][info][gc,heap     ] GC(8) y:      Used:      712M (23%)         730M (24%)         732M (24%)         644M (21%)         830M (27%)         644M (21%)    
[2026-06-26T13:51:54.248-0300][37.936s][14000][1580][info][gc,heap     ] GC(8) y: Young Generation Statistics:
[2026-06-26T13:51:54.248-0300][37.936s][14000][1580][info][gc,heap     ] GC(8) y:                Mark Start          Mark End        Relocate Start      Relocate End    
[2026-06-26T13:51:54.248-0300][37.936s][14000][1580][info][gc,heap     ] GC(8) y:      Used:      454M (15%)         472M (15%)         240M (8%)          116M (4%)     
[2026-06-26T13:51:54.248-0300][37.936s][14000][1580][info][gc,heap     ] GC(8) y:      Live:         -               257M (8%)           32M (1%)           24M (1%)     
[2026-06-26T13:51:54.248-0300][37.936s][14000][1580][info][gc,heap     ] GC(8) y:   Garbage:         -               196M (6%)          187M (6%)            3M (0%)     
[2026-06-26T13:51:54.248-0300][37.936s][14000][1580][info][gc,heap     ] GC(8) y: Allocated:         -                18M (1%)           20M (1%)           87M (3%)     
[2026-06-26T13:51:54.248-0300][37.936s][14000][1580][info][gc,heap     ] GC(8) y: Reclaimed:         -                  -                 9M (0%)          192M (6%)     
[2026-06-26T13:51:54.248-0300][37.936s][14000][1580][info][gc,heap     ] GC(8) y:  Promoted:         -                  -               224M (7%)          233M (8%)     
[2026-06-26T13:51:54.248-0300][37.936s][14000][1580][info][gc,heap     ] GC(8) y: Compacted:         -                  -                  -                14M (0%)     
[2026-06-26T13:51:54.248-0300][37.936s][14000][1580][info][gc,phases   ] GC(8) y: Young Generation 712M(23%)->644M(21%) 0.351s
[2026-06-26T13:51:54.248-0300][37.936s][14000][1580][info][gc          ] GC(8) Minor Collection (Allocation Rate) 712M(23%)->644M(21%) 0.352s
[2026-06-26T13:51:55.271-0300][38.959s][14000][1600][info][gc          ] GC(9) Major Collection (Allocation Rate)
[2026-06-26T13:51:55.271-0300][38.959s][14000][1600][info][gc,task     ] GC(9) Using 3 Workers for Young Generation
[2026-06-26T13:51:55.271-0300][38.959s][14000][1600][info][gc,task     ] GC(9) Using 1 Workers for Old Generation
[2026-06-26T13:51:55.271-0300][38.959s][14000][1600][info][gc,phases   ] GC(9) Y: Young Generation
[2026-06-26T13:51:55.271-0300][38.959s][14000][2192][info][gc,phases   ] GC(9) Y: Pause Mark Start (Major) 0.010ms
[2026-06-26T13:51:55.307-0300][38.995s][14000][1600][info][gc,phases   ] GC(9) Y: Concurrent Mark 35.725ms
[2026-06-26T13:51:55.307-0300][38.995s][14000][2192][info][gc,phases   ] GC(9) Y: Pause Mark End 0.013ms
[2026-06-26T13:51:55.307-0300][38.995s][14000][1600][info][gc,phases   ] GC(9) Y: Concurrent Mark Free 0.003ms
[2026-06-26T13:51:55.307-0300][38.995s][14000][1600][info][gc,phases   ] GC(9) Y: Concurrent Reset Relocation Set 0.079ms
[2026-06-26T13:51:55.307-0300][38.995s][14000][1600][info][gc,reloc    ] GC(9) Y: Using tenuring threshold: 2 (Computed)
[2026-06-26T13:51:55.307-0300][38.995s][14000][1600][info][gc,phases   ] GC(9) Y: Concurrent Select Relocation Set 0.402ms
[2026-06-26T13:51:55.307-0300][38.996s][14000][2192][info][gc,phases   ] GC(9) Y: Pause Relocate Start 0.005ms
[2026-06-26T13:51:55.311-0300][38.999s][14000][1600][info][gc,phases   ] GC(9) Y: Concurrent Relocate 3.428ms
[2026-06-26T13:51:55.311-0300][38.999s][14000][1600][info][gc,alloc    ] GC(9) Y:                         Mark Start        Mark End      Relocate Start    Relocate End   
[2026-06-26T13:51:55.311-0300][38.999s][14000][1600][info][gc,alloc    ] GC(9) Y: Allocation Stalls:          0                0                0                0         
[2026-06-26T13:51:55.311-0300][38.999s][14000][1600][info][gc,load     ] GC(9) Y: Load: 0.00 (0%) / 0.00 (0%) / 0.00 (0%)
[2026-06-26T13:51:55.311-0300][38.999s][14000][1600][info][gc,mmu      ] GC(9) Y: MMU: 2ms/52.1%, 5ms/80.9%, 10ms/90.4%, 20ms/95.2%, 50ms/94.9%, 100ms/97.5%
[2026-06-26T13:51:55.311-0300][38.999s][14000][1600][info][gc,marking  ] GC(9) Y: Mark: 2 stripe(s), 2 proactive flush(es), 1 terminate flush(es), 0 completion(s), 0 continuation(s) 
[2026-06-26T13:51:55.311-0300][38.999s][14000][1600][info][gc,nmethod  ] GC(9) Y: NMethods: 9893 registered, 0 unregistered
[2026-06-26T13:51:55.311-0300][38.999s][14000][1600][info][gc,metaspace] GC(9) Y: Metaspace: 59M used, 60M committed, 1088M reserved
[2026-06-26T13:51:55.311-0300][38.999s][14000][1600][info][gc,reloc    ] GC(9) Y:                        Candidates     Selected     In-Place         Size        Empty    Relocated 
[2026-06-26T13:51:55.311-0300][38.999s][14000][1600][info][gc,reloc    ] GC(9) Y: Small Pages:                   45           19            0          90M           8M           5M 
[2026-06-26T13:51:55.311-0300][38.999s][14000][1600][info][gc,reloc    ] GC(9) Y: Medium Pages:                   2            1            0          64M           0M           0M 
[2026-06-26T13:51:55.311-0300][38.999s][14000][1600][info][gc,reloc    ] GC(9) Y: Large Pages:                    0            0            0           0M           0M           0M 
[2026-06-26T13:51:55.311-0300][38.999s][14000][1600][info][gc,reloc    ] GC(9) Y: Forwarding Usage: 4M
[2026-06-26T13:51:55.311-0300][38.999s][14000][1600][info][gc,reloc    ] GC(9) Y: Age Table:
[2026-06-26T13:51:55.311-0300][38.999s][14000][1600][info][gc,reloc    ] GC(9) Y:                    Live             Garbage             Small              Medium             Large        
[2026-06-26T13:51:55.311-0300][38.999s][14000][1600][info][gc,reloc    ] GC(9) Y: Eden              13M (0%)           44M (1%)          29 / 17             0 / 0              0 / 0        
[2026-06-26T13:51:55.311-0300][38.999s][14000][1600][info][gc,reloc    ] GC(9) Y: Survivor 1        24M (1%)           71M (2%)          16 / 2              2 / 1              0 / 0        
[2026-06-26T13:51:55.311-0300][38.999s][14000][1600][info][gc,heap     ] GC(9) Y: Min Capacity: 8M(0%)
[2026-06-26T13:51:55.311-0300][38.999s][14000][1600][info][gc,heap     ] GC(9) Y: Max Capacity: 3072M(100%)
[2026-06-26T13:51:55.311-0300][38.999s][14000][1600][info][gc,heap     ] GC(9) Y: Soft Max Capacity: 3072M(100%)
[2026-06-26T13:51:55.311-0300][38.999s][14000][1600][info][gc,heap     ] GC(9) Y: Heap Statistics:
[2026-06-26T13:51:55.311-0300][38.999s][14000][1600][info][gc,heap     ] GC(9) Y:                Mark Start          Mark End        Relocate Start      Relocate End           High               Low         
[2026-06-26T13:51:55.311-0300][38.999s][14000][1600][info][gc,heap     ] GC(9) Y:  Capacity:     2866M (93%)        2866M (93%)        2866M (93%)        2866M (93%)        2866M (93%)        2866M (93%)    
[2026-06-26T13:51:55.311-0300][38.999s][14000][1600][info][gc,heap     ] GC(9) Y:      Free:     2390M (78%)        2380M (77%)        2388M (78%)        2450M (80%)        2450M (80%)        2354M (77%)    
[2026-06-26T13:51:55.311-0300][38.999s][14000][1600][info][gc,heap     ] GC(9) Y:      Used:      682M (22%)         692M (23%)         684M (22%)         622M (20%)         718M (23%)         622M (20%)    
[2026-06-26T13:51:55.311-0300][38.999s][14000][1600][info][gc,heap     ] GC(9) Y: Young Generation Statistics:
[2026-06-26T13:51:55.311-0300][38.999s][14000][1600][info][gc,heap     ] GC(9) Y:                Mark Start          Mark End        Relocate Start      Relocate End    
[2026-06-26T13:51:55.311-0300][38.999s][14000][1600][info][gc,heap     ] GC(9) Y:      Used:      154M (5%)          164M (5%)          156M (5%)           94M (3%)     
[2026-06-26T13:51:55.311-0300][38.999s][14000][1600][info][gc,heap     ] GC(9) Y:      Live:         -                37M (1%)           37M (1%)           37M (1%)     
[2026-06-26T13:51:55.311-0300][38.999s][14000][1600][info][gc,heap     ] GC(9) Y:   Garbage:         -               116M (4%)          108M (4%)            5M (0%)     
[2026-06-26T13:51:55.311-0300][38.999s][14000][1600][info][gc,heap     ] GC(9) Y: Allocated:         -                10M (0%)           10M (0%)           50M (2%)     
[2026-06-26T13:51:55.311-0300][39.000s][14000][1600][info][gc,heap     ] GC(9) Y: Reclaimed:         -                  -                 8M (0%)          110M (4%)     
[2026-06-26T13:51:55.311-0300][39.000s][14000][1600][info][gc,heap     ] GC(9) Y:  Promoted:         -                  -                 0M (0%)            0M (0%)     
[2026-06-26T13:51:55.311-0300][39.000s][14000][1600][info][gc,heap     ] GC(9) Y: Compacted:         -                  -                  -                11M (0%)     
[2026-06-26T13:51:55.311-0300][39.000s][14000][1600][info][gc,phases   ] GC(9) Y: Young Generation 682M(22%)->622M(20%) 0.040s
[2026-06-26T13:51:55.311-0300][39.000s][14000][1600][info][gc,phases   ] GC(9) O: Old Generation
[2026-06-26T13:51:56.103-0300][39.790s][14000][1600][info][gc,phases   ] GC(9) O: Concurrent Mark 790.868ms
[2026-06-26T13:51:56.103-0300][39.791s][14000][2192][info][gc,phases   ] GC(9) O: Pause Mark End 0.016ms
[2026-06-26T13:51:56.103-0300][39.791s][14000][1600][info][gc,phases   ] GC(9) O: Concurrent Mark Free 0.002ms
[2026-06-26T13:51:56.126-0300][39.814s][14000][1600][info][gc,phases   ] GC(9) O: Concurrent Process Non-Strong 23.320ms
[2026-06-26T13:51:56.126-0300][39.814s][14000][1600][info][gc,phases   ] GC(9) O: Concurrent Reset Relocation Set 0.002ms
[2026-06-26T13:51:56.127-0300][39.815s][14000][1600][info][gc,phases   ] GC(9) O: Concurrent Select Relocation Set 1.404ms
[2026-06-26T13:51:56.127-0300][39.815s][14000][1600][info][gc,task     ] GC(9) O: Using 3 Workers for Old Generation
[2026-06-26T13:51:56.131-0300][39.819s][14000][1600][info][gc,task     ] GC(9) O: Using 1 Workers for Old Generation
[2026-06-26T13:51:56.131-0300][39.819s][14000][1600][info][gc,phases   ] GC(9) O: Concurrent Remap Roots 3.620ms
[2026-06-26T13:51:56.131-0300][39.819s][14000][2192][info][gc,phases   ] GC(9) O: Pause Relocate Start 0.011ms
[2026-06-26T13:51:56.149-0300][39.837s][14000][1600][info][gc,phases   ] GC(9) O: Concurrent Relocate 18.250ms
[2026-06-26T13:51:56.149-0300][39.837s][14000][1600][info][gc,alloc    ] GC(9) O:                         Mark Start        Mark End      Relocate Start    Relocate End   
[2026-06-26T13:51:56.149-0300][39.837s][14000][1600][info][gc,alloc    ] GC(9) O: Allocation Stalls:          0                0                0                0         
[2026-06-26T13:51:56.149-0300][39.838s][14000][1600][info][gc,load     ] GC(9) O: Load: 0.00 (0%) / 0.00 (0%) / 0.00 (0%)
[2026-06-26T13:51:56.149-0300][39.838s][14000][1600][info][gc,mmu      ] GC(9) O: MMU: 2ms/52.1%, 5ms/80.9%, 10ms/90.4%, 20ms/95.2%, 50ms/94.9%, 100ms/97.5%
[2026-06-26T13:51:56.149-0300][39.838s][14000][1600][info][gc,marking  ] GC(9) O: Mark: 1 stripe(s), 2 proactive flush(es), 1 terminate flush(es), 0 completion(s), 0 continuation(s) 
[2026-06-26T13:51:56.149-0300][39.838s][14000][1600][info][gc,nmethod  ] GC(9) O: NMethods: 8613 registered, 1621 unregistered
[2026-06-26T13:51:56.149-0300][39.838s][14000][1600][info][gc,metaspace] GC(9) O: Metaspace: 59M used, 60M committed, 1088M reserved
[2026-06-26T13:51:56.149-0300][39.838s][14000][1600][info][gc,ref      ] GC(9) O:                       Encountered   Discovered     Enqueued 
[2026-06-26T13:51:56.149-0300][39.838s][14000][1600][info][gc,ref      ] GC(9) O: Soft References:             5062            0            0 
[2026-06-26T13:51:56.149-0300][39.838s][14000][1600][info][gc,ref      ] GC(9) O: Weak References:             4849         2454          777 
[2026-06-26T13:51:56.149-0300][39.838s][14000][1600][info][gc,ref      ] GC(9) O: Final References:              20           13            7 
[2026-06-26T13:51:56.149-0300][39.838s][14000][1600][info][gc,ref      ] GC(9) O: Phantom References:         10291        10279         3861 
[2026-06-26T13:51:56.149-0300][39.838s][14000][1600][info][gc,reloc    ] GC(9) O:                        Candidates     Selected     In-Place         Size        Empty    Relocated 
[2026-06-26T13:51:56.149-0300][39.838s][14000][1600][info][gc,reloc    ] GC(9) O: Small Pages:                  226            9            0         452M           0M           5M 
[2026-06-26T13:51:56.149-0300][39.838s][14000][1600][info][gc,reloc    ] GC(9) O: Medium Pages:                   2            1            0          64M           0M           9M 
[2026-06-26T13:51:56.149-0300][39.838s][14000][1600][info][gc,reloc    ] GC(9) O: Large Pages:                    1            0            0          12M           0M           0M 
[2026-06-26T13:51:56.149-0300][39.838s][14000][1600][info][gc,reloc    ] GC(9) O: Forwarding Usage: 5M
[2026-06-26T13:51:56.149-0300][39.838s][14000][1600][info][gc,heap     ] GC(9) O: Min Capacity: 8M(0%)
[2026-06-26T13:51:56.149-0300][39.838s][14000][1600][info][gc,heap     ] GC(9) O: Max Capacity: 3072M(100%)
[2026-06-26T13:51:56.149-0300][39.838s][14000][1600][info][gc,heap     ] GC(9) O: Soft Max Capacity: 3072M(100%)
[2026-06-26T13:51:56.149-0300][39.838s][14000][1600][info][gc,heap     ] GC(9) O: Heap Statistics:
[2026-06-26T13:51:56.149-0300][39.838s][14000][1600][info][gc,heap     ] GC(9) O:                Mark Start          Mark End        Relocate Start      Relocate End           High               Low         
[2026-06-26T13:51:56.149-0300][39.838s][14000][1600][info][gc,heap     ] GC(9) O:  Capacity:     2866M (93%)        2866M (93%)        2866M (93%)        2866M (93%)        2866M (93%)        2866M (93%)    
[2026-06-26T13:51:56.149-0300][39.838s][14000][1600][info][gc,heap     ] GC(9) O:      Free:     2390M (78%)        2428M (79%)        2428M (79%)        2474M (81%)        2474M (81%)        2354M (77%)    
[2026-06-26T13:51:56.149-0300][39.838s][14000][1600][info][gc,heap     ] GC(9) O:      Used:      682M (22%)         644M (21%)         644M (21%)         598M (19%)         718M (23%)         598M (19%)    
[2026-06-26T13:51:56.149-0300][39.838s][14000][1600][info][gc,heap     ] GC(9) O: Old Generation Statistics:
[2026-06-26T13:51:56.149-0300][39.838s][14000][1600][info][gc,heap     ] GC(9) O:                Mark Start          Mark End        Relocate Start      Relocate End    
[2026-06-26T13:51:56.149-0300][39.838s][14000][1600][info][gc,heap     ] GC(9) O:      Used:      528M (17%)         528M (17%)         528M (17%)         482M (16%)    
[2026-06-26T13:51:56.149-0300][39.838s][14000][1600][info][gc,heap     ] GC(9) O:      Live:         -               446M (15%)         446M (15%)         446M (15%)    
[2026-06-26T13:51:56.149-0300][39.838s][14000][1600][info][gc,heap     ] GC(9) O:   Garbage:         -                81M (3%)           81M (3%)           11M (0%)     
[2026-06-26T13:51:56.149-0300][39.838s][14000][1600][info][gc,heap     ] GC(9) O: Allocated:         -                 0M (0%)            0M (0%)           23M (1%)     
[2026-06-26T13:51:56.149-0300][39.838s][14000][1600][info][gc,heap     ] GC(9) O: Reclaimed:         -                  -                 0M (0%)           69M (2%)     
[2026-06-26T13:51:56.149-0300][39.838s][14000][1600][info][gc,heap     ] GC(9) O: Compacted:         -                  -                  -                30M (1%)     
[2026-06-26T13:51:56.149-0300][39.838s][14000][1600][info][gc,phases   ] GC(9) O: Old Generation 622M(20%)->598M(19%) 0.838s
[2026-06-26T13:51:56.149-0300][39.838s][14000][1600][info][gc          ] GC(9) Major Collection (Allocation Rate) 682M(22%)->598M(19%) 0.879s
[2026-06-26T13:51:57.272-0300][40.960s][14000][1580][info][gc          ] GC(10) Minor Collection (Allocation Rate)
[2026-06-26T13:51:57.272-0300][40.960s][14000][1580][info][gc,task     ] GC(10) Using 3 Workers for Young Generation
[2026-06-26T13:51:57.272-0300][40.960s][14000][1580][info][gc,phases   ] GC(10) y: Young Generation
[2026-06-26T13:51:57.273-0300][40.961s][14000][2192][info][gc,phases   ] GC(10) y: Pause Mark Start 0.007ms
[2026-06-26T13:51:57.300-0300][40.988s][14000][1580][info][gc,phases   ] GC(10) y: Concurrent Mark 27.115ms
[2026-06-26T13:51:57.300-0300][40.988s][14000][2192][info][gc,phases   ] GC(10) y: Pause Mark End 0.011ms
[2026-06-26T13:51:57.300-0300][40.988s][14000][1580][info][gc,phases   ] GC(10) y: Concurrent Mark Free 0.001ms
[2026-06-26T13:51:57.300-0300][40.988s][14000][1580][info][gc,phases   ] GC(10) y: Concurrent Reset Relocation Set 0.002ms
[2026-06-26T13:51:57.300-0300][40.988s][14000][1580][info][gc,reloc    ] GC(10) y: Using tenuring threshold: 1 (Computed)
[2026-06-26T13:51:57.306-0300][40.994s][14000][1580][info][gc,phases   ] GC(10) y: Concurrent Select Relocation Set 6.329ms
[2026-06-26T13:51:57.306-0300][40.994s][14000][2192][info][gc,phases   ] GC(10) y: Pause Relocate Start 0.010ms
[2026-06-26T13:51:57.320-0300][41.009s][14000][1580][info][gc,phases   ] GC(10) y: Concurrent Relocate 14.851ms
[2026-06-26T13:51:57.320-0300][41.009s][14000][1580][info][gc,alloc    ] GC(10) y:                         Mark Start        Mark End      Relocate Start    Relocate End   
[2026-06-26T13:51:57.320-0300][41.009s][14000][1580][info][gc,alloc    ] GC(10) y: Allocation Stalls:          0                0                0                0         
[2026-06-26T13:51:57.320-0300][41.009s][14000][1580][info][gc,load     ] GC(10) y: Load: 0.00 (0%) / 0.00 (0%) / 0.00 (0%)
[2026-06-26T13:51:57.321-0300][41.009s][14000][1580][info][gc,mmu      ] GC(10) y: MMU: 2ms/52.1%, 5ms/80.9%, 10ms/90.4%, 20ms/95.2%, 50ms/94.9%, 100ms/97.5%
[2026-06-26T13:51:57.321-0300][41.009s][14000][1580][info][gc,marking  ] GC(10) y: Mark: 2 stripe(s), 5 proactive flush(es), 1 terminate flush(es), 0 completion(s), 0 continuation(s) 
[2026-06-26T13:51:57.321-0300][41.009s][14000][1580][info][gc,nmethod  ] GC(10) y: NMethods: 8724 registered, 1621 unregistered
[2026-06-26T13:51:57.321-0300][41.009s][14000][1580][info][gc,metaspace] GC(10) y: Metaspace: 60M used, 61M committed, 1088M reserved
[2026-06-26T13:51:57.321-0300][41.009s][14000][1580][info][gc,reloc    ] GC(10) y:                        Candidates     Selected     In-Place         Size        Empty    Relocated 
[2026-06-26T13:51:57.321-0300][41.009s][14000][1580][info][gc,reloc    ] GC(10) y: Small Pages:                   59           31            0         118M           4M           5M 
[2026-06-26T13:51:57.321-0300][41.009s][14000][1580][info][gc,reloc    ] GC(10) y: Medium Pages:                   2            1            0          64M           0M           0M 
[2026-06-26T13:51:57.321-0300][41.009s][14000][1580][info][gc,reloc    ] GC(10) y: Large Pages:                    0            0            0           0M           0M           0M 
[2026-06-26T13:51:57.321-0300][41.009s][14000][1580][info][gc,reloc    ] GC(10) y: Forwarding Usage: 2M
[2026-06-26T13:51:57.321-0300][41.009s][14000][1580][info][gc,reloc    ] GC(10) y: Age Table:
[2026-06-26T13:51:57.321-0300][41.009s][14000][1580][info][gc,reloc    ] GC(10) y:                    Live             Garbage             Small              Medium             Large        
[2026-06-26T13:51:57.321-0300][41.009s][14000][1580][info][gc,reloc    ] GC(10) y: Eden              10M (0%)           89M (3%)          34 / 27             1 / 0              0 / 0        
[2026-06-26T13:51:57.321-0300][41.009s][14000][1580][info][gc,reloc    ] GC(10) y: Survivor 1         8M (0%)           11M (0%)          10 / 3              0 / 0              0 / 0        
[2026-06-26T13:51:57.321-0300][41.009s][14000][1580][info][gc,reloc    ] GC(10) y: Survivor 2        24M (1%)           37M (1%)          15 / 1              1 / 1              0 / 0        
[2026-06-26T13:51:57.321-0300][41.009s][14000][1580][info][gc,heap     ] GC(10) y: Min Capacity: 8M(0%)
[2026-06-26T13:51:57.321-0300][41.009s][14000][1580][info][gc,heap     ] GC(10) y: Max Capacity: 3072M(100%)
[2026-06-26T13:51:57.321-0300][41.009s][14000][1580][info][gc,heap     ] GC(10) y: Soft Max Capacity: 3072M(100%)
[2026-06-26T13:51:57.321-0300][41.009s][14000][1580][info][gc,heap     ] GC(10) y: Heap Statistics:
[2026-06-26T13:51:57.321-0300][41.009s][14000][1580][info][gc,heap     ] GC(10) y:                Mark Start          Mark End        Relocate Start      Relocate End           High               Low         
[2026-06-26T13:51:57.321-0300][41.009s][14000][1580][info][gc,heap     ] GC(10) y:  Capacity:     2866M (93%)        2866M (93%)        2866M (93%)        2866M (93%)        2866M (93%)        2866M (93%)    
[2026-06-26T13:51:57.321-0300][41.009s][14000][1580][info][gc,heap     ] GC(10) y:      Free:     2408M (78%)        2356M (77%)        2358M (77%)        2410M (78%)        2412M (79%)        2292M (75%)    
[2026-06-26T13:51:57.321-0300][41.009s][14000][1580][info][gc,heap     ] GC(10) y:      Used:      664M (22%)         716M (23%)         714M (23%)         662M (22%)         780M (25%)         660M (21%)    
[2026-06-26T13:51:57.321-0300][41.009s][14000][1580][info][gc,heap     ] GC(10) y: Young Generation Statistics:
[2026-06-26T13:51:57.321-0300][41.009s][14000][1580][info][gc,heap     ] GC(10) y:                Mark Start          Mark End        Relocate Start      Relocate End    
[2026-06-26T13:51:57.321-0300][41.009s][14000][1580][info][gc,heap     ] GC(10) y:      Used:      182M (6%)          234M (8%)          196M (6%)          106M (3%)     
[2026-06-26T13:51:57.321-0300][41.009s][14000][1580][info][gc,heap     ] GC(10) y:      Live:         -                43M (1%)           13M (0%)           10M (0%)     
[2026-06-26T13:51:57.321-0300][41.009s][14000][1580][info][gc,heap     ] GC(10) y:   Garbage:         -               138M (4%)          128M (4%)            2M (0%)     
[2026-06-26T13:51:57.321-0300][41.009s][14000][1580][info][gc,heap     ] GC(10) y: Allocated:         -                52M (2%)           54M (2%)           92M (3%)     
[2026-06-26T13:51:57.321-0300][41.009s][14000][1580][info][gc,heap     ] GC(10) y: Reclaimed:         -                  -                 9M (0%)          135M (4%)     
[2026-06-26T13:51:57.321-0300][41.009s][14000][1580][info][gc,heap     ] GC(10) y:  Promoted:         -                  -                30M (1%)           33M (1%)     
[2026-06-26T13:51:57.321-0300][41.010s][14000][1580][info][gc,heap     ] GC(10) y: Compacted:         -                  -                  -                 5M (0%)     
[2026-06-26T13:51:57.321-0300][41.010s][14000][1580][info][gc,phases   ] GC(10) y: Young Generation 664M(22%)->662M(22%) 0.049s
[2026-06-26T13:51:57.321-0300][41.010s][14000][1580][info][gc          ] GC(10) Minor Collection (Allocation Rate) 664M(22%)->662M(22%) 0.049s
[2026-06-26T13:51:57.642-0300][41.329s][14000][1580][info][gc          ] GC(11) Minor Collection (Allocation Rate)
[2026-06-26T13:51:57.642-0300][41.329s][14000][1580][info][gc,task     ] GC(11) Using 2 Workers for Young Generation
[2026-06-26T13:51:57.642-0300][41.330s][14000][1580][info][gc,phases   ] GC(11) y: Young Generation
[2026-06-26T13:51:57.642-0300][41.330s][14000][2192][info][gc,phases   ] GC(11) y: Pause Mark Start 0.012ms
[2026-06-26T13:51:57.671-0300][41.359s][14000][1580][info][gc,phases   ] GC(11) y: Concurrent Mark 29.123ms
[2026-06-26T13:51:57.671-0300][41.359s][14000][2192][info][gc,phases   ] GC(11) y: Pause Mark End 0.013ms
[2026-06-26T13:51:57.671-0300][41.359s][14000][1580][info][gc,phases   ] GC(11) y: Concurrent Mark Free 0.003ms
[2026-06-26T13:51:57.671-0300][41.359s][14000][1580][info][gc,phases   ] GC(11) y: Concurrent Reset Relocation Set 0.144ms
[2026-06-26T13:51:57.671-0300][41.359s][14000][1580][info][gc,reloc    ] GC(11) y: Using tenuring threshold: 2 (Computed)
[2026-06-26T13:51:57.671-0300][41.359s][14000][1580][info][gc,phases   ] GC(11) y: Concurrent Select Relocation Set 0.245ms
[2026-06-26T13:51:57.671-0300][41.359s][14000][2192][info][gc,phases   ] GC(11) y: Pause Relocate Start 0.009ms
[2026-06-26T13:51:57.675-0300][41.363s][14000][1580][info][gc,phases   ] GC(11) y: Concurrent Relocate 3.581ms
[2026-06-26T13:51:57.675-0300][41.363s][14000][1580][info][gc,alloc    ] GC(11) y:                         Mark Start        Mark End      Relocate Start    Relocate End   
[2026-06-26T13:51:57.675-0300][41.363s][14000][1580][info][gc,alloc    ] GC(11) y: Allocation Stalls:          0                0                0                0         
[2026-06-26T13:51:57.675-0300][41.363s][14000][1580][info][gc,load     ] GC(11) y: Load: 0.00 (0%) / 0.00 (0%) / 0.00 (0%)
[2026-06-26T13:51:57.675-0300][41.363s][14000][1580][info][gc,mmu      ] GC(11) y: MMU: 2ms/52.1%, 5ms/80.9%, 10ms/90.4%, 20ms/95.2%, 50ms/94.9%, 100ms/97.5%
[2026-06-26T13:51:57.675-0300][41.363s][14000][1580][info][gc,marking  ] GC(11) y: Mark: 2 stripe(s), 2 proactive flush(es), 1 terminate flush(es), 0 completion(s), 0 continuation(s) 
[2026-06-26T13:51:57.675-0300][41.363s][14000][1580][info][gc,nmethod  ] GC(11) y: NMethods: 8786 registered, 1621 unregistered
[2026-06-26T13:51:57.675-0300][41.363s][14000][1580][info][gc,metaspace] GC(11) y: Metaspace: 60M used, 61M committed, 1088M reserved
[2026-06-26T13:51:57.675-0300][41.363s][14000][1580][info][gc,reloc    ] GC(11) y:                        Candidates     Selected     In-Place         Size        Empty    Relocated 
[2026-06-26T13:51:57.675-0300][41.363s][14000][1580][info][gc,reloc    ] GC(11) y: Small Pages:                   48           28            0          96M           0M           6M 
[2026-06-26T13:51:57.675-0300][41.363s][14000][1580][info][gc,reloc    ] GC(11) y: Medium Pages:                   2            0            0          64M          32M           0M 
[2026-06-26T13:51:57.675-0300][41.363s][14000][1580][info][gc,reloc    ] GC(11) y: Large Pages:                    0            0            0           0M           0M           0M 
[2026-06-26T13:51:57.675-0300][41.363s][14000][1580][info][gc,reloc    ] GC(11) y: Forwarding Usage: 2M
[2026-06-26T13:51:57.675-0300][41.363s][14000][1580][info][gc,reloc    ] GC(11) y: Age Table:
[2026-06-26T13:51:57.675-0300][41.363s][14000][1580][info][gc,reloc    ] GC(11) y:                    Live             Garbage             Small              Medium             Large        
[2026-06-26T13:51:57.675-0300][41.363s][14000][1580][info][gc,reloc    ] GC(11) y: Eden              22M (1%)           89M (3%)          40 / 27             1 / 0              0 / 0        
[2026-06-26T13:51:57.675-0300][41.363s][14000][1580][info][gc,reloc    ] GC(11) y: Survivor 1        10M (0%)           37M (1%)           8 / 1              1 / 0              0 / 0        
[2026-06-26T13:51:57.675-0300][41.363s][14000][1580][info][gc,heap     ] GC(11) y: Min Capacity: 8M(0%)
[2026-06-26T13:51:57.675-0300][41.363s][14000][1580][info][gc,heap     ] GC(11) y: Max Capacity: 3072M(100%)
[2026-06-26T13:51:57.675-0300][41.363s][14000][1580][info][gc,heap     ] GC(11) y: Soft Max Capacity: 3072M(100%)
[2026-06-26T13:51:57.675-0300][41.363s][14000][1580][info][gc,heap     ] GC(11) y: Heap Statistics:
[2026-06-26T13:51:57.675-0300][41.363s][14000][1580][info][gc,heap     ] GC(11) y:                Mark Start          Mark End        Relocate Start      Relocate End           High               Low         
[2026-06-26T13:51:57.675-0300][41.363s][14000][1580][info][gc,heap     ] GC(11) y:  Capacity:     2866M (93%)        2866M (93%)        2866M (93%)        2866M (93%)        2866M (93%)        2866M (93%)    
[2026-06-26T13:51:57.675-0300][41.363s][14000][1580][info][gc,heap     ] GC(11) y:      Free:     2356M (77%)        2352M (77%)        2384M (78%)        2434M (79%)        2434M (79%)        2352M (77%)    
[2026-06-26T13:51:57.675-0300][41.363s][14000][1580][info][gc,heap     ] GC(11) y:      Used:      716M (23%)         720M (23%)         688M (22%)         638M (21%)         720M (23%)         638M (21%)    
[2026-06-26T13:51:57.675-0300][41.363s][14000][1580][info][gc,heap     ] GC(11) y: Young Generation Statistics:
[2026-06-26T13:51:57.675-0300][41.363s][14000][1580][info][gc,heap     ] GC(11) y:                Mark Start          Mark End        Relocate Start      Relocate End    
[2026-06-26T13:51:57.675-0300][41.363s][14000][1580][info][gc,heap     ] GC(11) y:      Used:      160M (5%)          164M (5%)          132M (4%)           82M (3%)     
[2026-06-26T13:51:57.675-0300][41.363s][14000][1580][info][gc,heap     ] GC(11) y:      Live:         -                33M (1%)           33M (1%)           33M (1%)     
[2026-06-26T13:51:57.675-0300][41.363s][14000][1580][info][gc,heap     ] GC(11) y:   Garbage:         -               126M (4%)           94M (3%)           37M (1%)     
[2026-06-26T13:51:57.675-0300][41.363s][14000][1580][info][gc,heap     ] GC(11) y: Allocated:         -                 4M (0%)            4M (0%)           11M (0%)     
[2026-06-26T13:51:57.675-0300][41.363s][14000][1580][info][gc,heap     ] GC(11) y: Reclaimed:         -                  -                32M (1%)           89M (3%)     
[2026-06-26T13:51:57.675-0300][41.363s][14000][1580][info][gc,heap     ] GC(11) y:  Promoted:         -                  -                 0M (0%)            0M (0%)     
[2026-06-26T13:51:57.675-0300][41.363s][14000][1580][info][gc,heap     ] GC(11) y: Compacted:         -                  -                  -                 8M (0%)     
[2026-06-26T13:51:57.675-0300][41.363s][14000][1580][info][gc,phases   ] GC(11) y: Young Generation 716M(23%)->638M(21%) 0.033s
[2026-06-26T13:51:57.675-0300][41.363s][14000][1580][info][gc          ] GC(11) Minor Collection (Allocation Rate) 716M(23%)->638M(21%) 0.034s
[2026-06-26T13:52:00.971-0300][44.660s][14000][1580][info][gc          ] GC(12) Minor Collection (Allocation Rate)
[2026-06-26T13:52:00.971-0300][44.661s][14000][1580][info][gc,task     ] GC(12) Using 1 Workers for Young Generation
[2026-06-26T13:52:00.971-0300][44.661s][14000][1580][info][gc,phases   ] GC(12) y: Young Generation
[2026-06-26T13:52:00.977-0300][44.665s][14000][2192][info][gc,phases   ] GC(12) y: Pause Mark Start 0.010ms
[2026-06-26T13:52:01.119-0300][44.807s][14000][1580][info][gc,phases   ] GC(12) y: Concurrent Mark 141.965ms
[2026-06-26T13:52:01.119-0300][44.807s][14000][2192][info][gc,phases   ] GC(12) y: Pause Mark End 0.020ms
[2026-06-26T13:52:01.119-0300][44.807s][14000][1580][info][gc,phases   ] GC(12) y: Concurrent Mark Free 0.008ms
[2026-06-26T13:52:01.119-0300][44.807s][14000][1580][info][gc,phases   ] GC(12) y: Concurrent Reset Relocation Set 0.004ms
[2026-06-26T13:52:01.119-0300][44.808s][14000][1580][info][gc,reloc    ] GC(12) y: Using tenuring threshold: 2 (Computed)
[2026-06-26T13:52:01.125-0300][44.813s][14000][1580][info][gc,phases   ] GC(12) y: Concurrent Select Relocation Set 5.575ms
[2026-06-26T13:52:01.125-0300][44.814s][14000][2192][info][gc,phases   ] GC(12) y: Pause Relocate Start 0.023ms
[2026-06-26T13:52:01.157-0300][44.845s][14000][1580][info][gc,phases   ] GC(12) y: Concurrent Relocate 31.126ms
[2026-06-26T13:52:01.157-0300][44.845s][14000][1580][info][gc,alloc    ] GC(12) y:                         Mark Start        Mark End      Relocate Start    Relocate End   
[2026-06-26T13:52:01.157-0300][44.845s][14000][1580][info][gc,alloc    ] GC(12) y: Allocation Stalls:          0                0                0                0         
[2026-06-26T13:52:01.157-0300][44.845s][14000][1580][info][gc,load     ] GC(12) y: Load: 0.00 (0%) / 0.00 (0%) / 0.00 (0%)
[2026-06-26T13:52:01.157-0300][44.845s][14000][1580][info][gc,mmu      ] GC(12) y: MMU: 2ms/52.1%, 5ms/80.9%, 10ms/90.4%, 20ms/95.2%, 50ms/94.9%, 100ms/97.5%
[2026-06-26T13:52:01.157-0300][44.845s][14000][1580][info][gc,marking  ] GC(12) y: Mark: 1 stripe(s), 2 proactive flush(es), 1 terminate flush(es), 0 completion(s), 0 continuation(s) 
[2026-06-26T13:52:01.157-0300][44.845s][14000][1580][info][gc,nmethod  ] GC(12) y: NMethods: 9902 registered, 0 unregistered
[2026-06-26T13:52:01.157-0300][44.845s][14000][1580][info][gc,metaspace] GC(12) y: Metaspace: 61M used, 62M committed, 1088M reserved
[2026-06-26T13:52:01.157-0300][44.845s][14000][1580][info][gc,reloc    ] GC(12) y:                        Candidates     Selected     In-Place         Size        Empty    Relocated 
[2026-06-26T13:52:01.157-0300][44.845s][14000][1580][info][gc,reloc    ] GC(12) y: Small Pages:                  193          106            0         386M          96M          12M 
[2026-06-26T13:52:01.157-0300][44.845s][14000][1580][info][gc,reloc    ] GC(12) y: Medium Pages:                   2            1            0          64M           0M           1M 
[2026-06-26T13:52:01.157-0300][44.845s][14000][1580][info][gc,reloc    ] GC(12) y: Large Pages:                    0            0            0           0M           0M           0M 
[2026-06-26T13:52:01.157-0300][44.845s][14000][1580][info][gc,reloc    ] GC(12) y: Forwarding Usage: 6M
[2026-06-26T13:52:01.157-0300][44.845s][14000][1580][info][gc,reloc    ] GC(12) y: Age Table:
[2026-06-26T13:52:01.157-0300][44.845s][14000][1580][info][gc,reloc    ] GC(12) y:                    Live             Garbage             Small              Medium             Large        
[2026-06-26T13:52:01.157-0300][44.845s][14000][1580][info][gc,reloc    ] GC(12) y: Eden              33M (1%)          338M (11%)        170 / 101            1 / 0              0 / 0        
[2026-06-26T13:52:01.157-0300][44.845s][14000][1580][info][gc,reloc    ] GC(12) y: Survivor 1        22M (1%)           39M (1%)          15 / 3              1 / 1              0 / 0        
[2026-06-26T13:52:01.157-0300][44.845s][14000][1580][info][gc,reloc    ] GC(12) y: Survivor 2        10M (0%)            5M (0%)           8 / 2              0 / 0              0 / 0        
[2026-06-26T13:52:01.157-0300][44.845s][14000][1580][info][gc,heap     ] GC(12) y: Min Capacity: 8M(0%)
[2026-06-26T13:52:01.157-0300][44.845s][14000][1580][info][gc,heap     ] GC(12) y: Max Capacity: 3072M(100%)
[2026-06-26T13:52:01.157-0300][44.845s][14000][1580][info][gc,heap     ] GC(12) y: Soft Max Capacity: 3072M(100%)
[2026-06-26T13:52:01.157-0300][44.845s][14000][1580][info][gc,heap     ] GC(12) y: Heap Statistics:
[2026-06-26T13:52:01.157-0300][44.845s][14000][1580][info][gc,heap     ] GC(12) y:                Mark Start          Mark End        Relocate Start      Relocate End           High               Low         
[2026-06-26T13:52:01.157-0300][44.845s][14000][1580][info][gc,heap     ] GC(12) y:  Capacity:     2866M (93%)        2866M (93%)        2866M (93%)        2866M (93%)        2866M (93%)        2866M (93%)    
[2026-06-26T13:52:01.157-0300][44.845s][14000][1580][info][gc,heap     ] GC(12) y:      Free:     2066M (67%)        1868M (61%)        1946M (63%)        2036M (66%)        2078M (68%)        1868M (61%)    
[2026-06-26T13:52:01.157-0300][44.845s][14000][1580][info][gc,heap     ] GC(12) y:      Used:     1006M (33%)        1204M (39%)        1126M (37%)        1036M (34%)        1204M (39%)         994M (32%)    
[2026-06-26T13:52:01.157-0300][44.845s][14000][1580][info][gc,heap     ] GC(12) y: Young Generation Statistics:
[2026-06-26T13:52:01.157-0300][44.845s][14000][1580][info][gc,heap     ] GC(12) y:                Mark Start          Mark End        Relocate Start      Relocate End    
[2026-06-26T13:52:01.157-0300][44.845s][14000][1580][info][gc,heap     ] GC(12) y:      Used:      450M (15%)         648M (21%)         558M (18%)         464M (15%)    
[2026-06-26T13:52:01.157-0300][44.845s][14000][1580][info][gc,heap     ] GC(12) y:      Live:         -                66M (2%)           57M (2%)           56M (2%)     
[2026-06-26T13:52:01.157-0300][44.845s][14000][1580][info][gc,heap     ] GC(12) y:   Garbage:         -               383M (12%)         284M (9%)            7M (0%)     
[2026-06-26T13:52:01.157-0300][44.845s][14000][1580][info][gc,heap     ] GC(12) y: Allocated:         -               198M (6%)          216M (7%)          400M (13%)    
[2026-06-26T13:52:01.157-0300][44.846s][14000][1580][info][gc,heap     ] GC(12) y: Reclaimed:         -                  -                99M (3%)          375M (12%)    
[2026-06-26T13:52:01.157-0300][44.846s][14000][1580][info][gc,heap     ] GC(12) y:  Promoted:         -                  -                 8M (0%)           10M (0%)     
[2026-06-26T13:52:01.157-0300][44.846s][14000][1580][info][gc,heap     ] GC(12) y: Compacted:         -                  -                  -                17M (1%)     
[2026-06-26T13:52:01.158-0300][44.846s][14000][1580][info][gc,phases   ] GC(12) y: Young Generation 1006M(33%)->1036M(34%) 0.184s
[2026-06-26T13:52:01.158-0300][44.846s][14000][1580][info][gc          ] GC(12) Minor Collection (Allocation Rate) 1006M(33%)->1038M(34%) 0.185s
[2026-06-26T13:52:01.553-0300][45.241s][14000][1580][info][gc          ] GC(13) Minor Collection (Allocation Rate)
[2026-06-26T13:52:01.553-0300][45.241s][14000][1580][info][gc,task     ] GC(13) Using 3 Workers for Young Generation
[2026-06-26T13:52:01.553-0300][45.241s][14000][1580][info][gc,phases   ] GC(13) y: Young Generation
[2026-06-26T13:52:01.553-0300][45.241s][14000][2192][info][gc,phases   ] GC(13) y: Pause Mark Start 0.011ms
[2026-06-26T13:52:01.661-0300][45.349s][14000][1580][info][gc,phases   ] GC(13) y: Concurrent Mark 107.507ms
[2026-06-26T13:52:01.661-0300][45.349s][14000][2192][info][gc,phases   ] GC(13) y: Pause Mark End 0.012ms
[2026-06-26T13:52:01.661-0300][45.349s][14000][1580][info][gc,phases   ] GC(13) y: Concurrent Mark Free 0.007ms
[2026-06-26T13:52:01.661-0300][45.349s][14000][1580][info][gc,phases   ] GC(13) y: Concurrent Reset Relocation Set 0.028ms
[2026-06-26T13:52:01.661-0300][45.349s][14000][14048][info][gc          ] Allocation Stall (MetaGridLoaderThread7) 2.269ms
[2026-06-26T13:52:01.661-0300][45.349s][14000][14024][info][gc          ] Allocation Stall (MetaGridLoaderThread1) 2.280ms
[2026-06-26T13:52:01.661-0300][45.349s][14000][15332][info][gc          ] Allocation Stall (MetaGridLoaderThread0) 2.028ms
[2026-06-26T13:52:01.661-0300][45.349s][14000][3936 ][info][gc          ] Allocation Stall (MetaGridLoaderThread3) 1.749ms
[2026-06-26T13:52:01.661-0300][45.349s][14000][14908][info][gc          ] Allocation Stall (MetaGridLoaderThread2) 1.886ms
[2026-06-26T13:52:01.661-0300][45.349s][14000][15008][info][gc          ] Allocation Stall (MetaGridLoaderThread4) 1.380ms
[2026-06-26T13:52:01.661-0300][45.349s][14000][14240][info][gc          ] Allocation Stall (MetaGridLoaderThread6) 3.485ms
[2026-06-26T13:52:01.661-0300][45.349s][14000][4180 ][info][gc          ] Allocation Stall (MetaGridLoaderThread5) 2.898ms
[2026-06-26T13:52:01.661-0300][45.349s][14000][1580 ][info][gc,reloc    ] GC(13) y: Using tenuring threshold: 2 (Computed)
[2026-06-26T13:52:01.674-0300][45.362s][14000][1580 ][info][gc,phases   ] GC(13) y: Concurrent Select Relocation Set 13.150ms
[2026-06-26T13:52:01.674-0300][45.362s][14000][2192 ][info][gc,phases   ] GC(13) y: Pause Relocate Start 0.013ms
[2026-06-26T13:52:01.733-0300][45.421s][14000][1580 ][info][gc,phases   ] GC(13) y: Concurrent Relocate 58.426ms
[2026-06-26T13:52:01.733-0300][45.421s][14000][1580 ][info][gc,alloc    ] GC(13) y:                         Mark Start        Mark End      Relocate Start    Relocate End   
[2026-06-26T13:52:01.733-0300][45.421s][14000][1580 ][info][gc,alloc    ] GC(13) y: Allocation Stalls:          0                8                0                0         
[2026-06-26T13:52:01.733-0300][45.421s][14000][1580 ][info][gc,load     ] GC(13) y: Load: 0.00 (0%) / 0.00 (0%) / 0.00 (0%)
[2026-06-26T13:52:01.733-0300][45.421s][14000][1580 ][info][gc,mmu      ] GC(13) y: MMU: 2ms/52.1%, 5ms/80.9%, 10ms/90.4%, 20ms/95.2%, 50ms/94.9%, 100ms/97.5%
[2026-06-26T13:52:01.733-0300][45.421s][14000][1580 ][info][gc,marking  ] GC(13) y: Mark: 2 stripe(s), 2 proactive flush(es), 1 terminate flush(es), 0 completion(s), 0 continuation(s) 
[2026-06-26T13:52:01.733-0300][45.421s][14000][1580 ][info][gc,nmethod  ] GC(13) y: NMethods: 10053 registered, 0 unregistered
[2026-06-26T13:52:01.733-0300][45.421s][14000][1580 ][info][gc,metaspace] GC(13) y: Metaspace: 61M used, 62M committed, 1088M reserved
[2026-06-26T13:52:01.733-0300][45.421s][14000][1580 ][info][gc,reloc    ] GC(13) y:                        Candidates     Selected     In-Place         Size        Empty    Relocated 
[2026-06-26T13:52:01.733-0300][45.421s][14000][1580 ][info][gc,reloc    ] GC(13) y: Small Pages:                 1039          859            0        2078M         212M          49M 
[2026-06-26T13:52:01.733-0300][45.421s][14000][1580 ][info][gc,reloc    ] GC(13) y: Medium Pages:                   3            2            0          96M           0M           1M 
[2026-06-26T13:52:01.733-0300][45.421s][14000][1580 ][info][gc,reloc    ] GC(13) y: Large Pages:                    0            0            0           0M           0M           0M 
[2026-06-26T13:52:01.733-0300][45.421s][14000][1580 ][info][gc,reloc    ] GC(13) y: Forwarding Usage: 30M
[2026-06-26T13:52:01.733-0300][45.421s][14000][1580 ][info][gc,reloc    ] GC(13) y: Age Table:
[2026-06-26T13:52:01.733-0300][45.421s][14000][1580 ][info][gc,reloc    ] GC(13) y:                    Live             Garbage             Small              Medium             Large        
[2026-06-26T13:52:01.733-0300][45.421s][14000][1580 ][info][gc,reloc    ] GC(13) y: Eden              73M (2%)         1948M (63%)        995 / 849            1 / 0              0 / 0        
[2026-06-26T13:52:01.733-0300][45.421s][14000][1580 ][info][gc,reloc    ] GC(13) y: Survivor 1        33M (1%)           58M (2%)          30 / 9              1 / 1              0 / 0        
[2026-06-26T13:52:01.733-0300][45.421s][14000][1580 ][info][gc,reloc    ] GC(13) y: Survivor 2        22M (1%)           37M (1%)          14 / 1              1 / 1              0 / 0        
[2026-06-26T13:52:01.733-0300][45.421s][14000][1580 ][info][gc,heap     ] GC(13) y: Min Capacity: 8M(0%)
[2026-06-26T13:52:01.733-0300][45.421s][14000][1580 ][info][gc,heap     ] GC(13) y: Max Capacity: 3072M(100%)
[2026-06-26T13:52:01.733-0300][45.421s][14000][1580 ][info][gc,heap     ] GC(13) y: Soft Max Capacity: 3072M(100%)
[2026-06-26T13:52:01.733-0300][45.421s][14000][1580 ][info][gc,heap     ] GC(13) y: Heap Statistics:
[2026-06-26T13:52:01.733-0300][45.421s][14000][1580 ][info][gc,heap     ] GC(13) y:                Mark Start          Mark End        Relocate Start      Relocate End           High               Low         
[2026-06-26T13:52:01.733-0300][45.421s][14000][1580 ][info][gc,heap     ] GC(13) y:  Capacity:     2866M (93%)        3072M (100%)       3072M (100%)       3072M (100%)       3072M (100%)       2866M (93%)    
[2026-06-26T13:52:01.733-0300][45.421s][14000][1580 ][info][gc,heap     ] GC(13) y:      Free:      326M (11%)           0M (0%)          162M (5%)         1630M (53%)        1704M (55%)           0M (0%)     
[2026-06-26T13:52:01.733-0300][45.421s][14000][1580 ][info][gc,heap     ] GC(13) y:      Used:     2746M (89%)        3072M (100%)       2910M (95%)        1442M (47%)        3072M (100%)       1368M (45%)    
[2026-06-26T13:52:01.733-0300][45.421s][14000][1580 ][info][gc,heap     ] GC(13) y: Young Generation Statistics:
[2026-06-26T13:52:01.733-0300][45.421s][14000][1580 ][info][gc,heap     ] GC(13) y:                Mark Start          Mark End        Relocate Start      Relocate End    
[2026-06-26T13:52:01.733-0300][45.421s][14000][1580 ][info][gc,heap     ] GC(13) y:      Used:     2174M (71%)        2500M (81%)        2314M (75%)         810M (26%)    
[2026-06-26T13:52:01.733-0300][45.421s][14000][1580 ][info][gc,heap     ] GC(13) y:      Live:         -               130M (4%)          109M (4%)          107M (3%)     
[2026-06-26T13:52:01.733-0300][45.421s][14000][1580 ][info][gc,heap     ] GC(13) y:   Garbage:         -              2043M (67%)        1828M (60%)           6M (0%)     
[2026-06-26T13:52:01.733-0300][45.422s][14000][1580 ][info][gc,heap     ] GC(13) y: Allocated:         -               326M (11%)         376M (12%)         696M (23%)    
[2026-06-26T13:52:01.733-0300][45.422s][14000][1580 ][info][gc,heap     ] GC(13) y: Reclaimed:         -                  -               215M (7%)         2037M (66%)    
[2026-06-26T13:52:01.733-0300][45.422s][14000][1580 ][info][gc,heap     ] GC(13) y:  Promoted:         -                  -                20M (1%)           22M (1%)     
[2026-06-26T13:52:01.733-0300][45.422s][14000][1580 ][info][gc,heap     ] GC(13) y: Compacted:         -                  -                  -                73M (2%)     
[2026-06-26T13:52:01.733-0300][45.422s][14000][1580 ][info][gc,phases   ] GC(13) y: Young Generation 2746M(89%)->1442M(47%) 0.180s
[2026-06-26T13:52:01.733-0300][45.422s][14000][1580 ][info][gc          ] GC(13) Minor Collection (Allocation Rate) 2746M(89%)->1444M(47%) 0.180s
[2026-06-26T13:52:01.733-0300][45.422s][14000][1580 ][info][gc          ] GC(14) Minor Collection (Allocation Rate)
[2026-06-26T13:52:01.733-0300][45.422s][14000][1580 ][info][gc,task     ] GC(14) Using 3 Workers for Young Generation
[2026-06-26T13:52:01.733-0300][45.422s][14000][1580 ][info][gc,phases   ] GC(14) y: Young Generation
[2026-06-26T13:52:01.733-0300][45.422s][14000][2192 ][info][gc,phases   ] GC(14) y: Pause Mark Start 0.013ms
[2026-06-26T13:52:01.846-0300][45.534s][14000][1580 ][info][gc,phases   ] GC(14) y: Concurrent Mark 112.020ms
[2026-06-26T13:52:01.846-0300][45.534s][14000][2192 ][info][gc,phases   ] GC(14) y: Pause Mark End 0.021ms
[2026-06-26T13:52:01.846-0300][45.534s][14000][1580 ][info][gc,phases   ] GC(14) y: Concurrent Mark Free 0.006ms
[2026-06-26T13:52:01.846-0300][45.534s][14000][1580 ][info][gc,phases   ] GC(14) y: Concurrent Reset Relocation Set 0.122ms
[2026-06-26T13:52:01.846-0300][45.534s][14000][1580 ][info][gc,reloc    ] GC(14) y: Using tenuring threshold: 1 (Computed)
[2026-06-26T13:52:01.869-0300][45.558s][14000][1580 ][info][gc,phases   ] GC(14) y: Concurrent Select Relocation Set 23.532ms
[2026-06-26T13:52:01.870-0300][45.558s][14000][2192 ][info][gc,phases   ] GC(14) y: Pause Relocate Start 0.025ms
[2026-06-26T13:52:01.911-0300][45.600s][14000][1580 ][info][gc,phases   ] GC(14) y: Concurrent Relocate 41.710ms
[2026-06-26T13:52:01.911-0300][45.600s][14000][1580 ][info][gc,alloc    ] GC(14) y:                         Mark Start        Mark End      Relocate Start    Relocate End   
[2026-06-26T13:52:01.911-0300][45.600s][14000][1580 ][info][gc,alloc    ] GC(14) y: Allocation Stalls:          0                0                0                0         
[2026-06-26T13:52:01.911-0300][45.600s][14000][1580 ][info][gc,load     ] GC(14) y: Load: 0.00 (0%) / 0.00 (0%) / 0.00 (0%)
[2026-06-26T13:52:01.911-0300][45.600s][14000][1580 ][info][gc,mmu      ] GC(14) y: MMU: 2ms/52.1%, 5ms/80.9%, 10ms/90.4%, 20ms/95.2%, 50ms/94.9%, 100ms/97.5%
[2026-06-26T13:52:01.911-0300][45.600s][14000][1580 ][info][gc,marking  ] GC(14) y: Mark: 2 stripe(s), 7 proactive flush(es), 1 terminate flush(es), 0 completion(s), 0 continuation(s) 
[2026-06-26T13:52:01.911-0300][45.600s][14000][1580 ][info][gc,nmethod  ] GC(14) y: NMethods: 10136 registered, 0 unregistered
[2026-06-26T13:52:01.911-0300][45.600s][14000][1580 ][info][gc,metaspace] GC(14) y: Metaspace: 61M used, 62M committed, 1088M reserved
[2026-06-26T13:52:01.911-0300][45.600s][14000][1580 ][info][gc,reloc    ] GC(14) y:                        Candidates     Selected     In-Place         Size        Empty    Relocated 
[2026-06-26T13:52:01.911-0300][45.600s][14000][1580 ][info][gc,reloc    ] GC(14) y: Small Pages:                  374          283            0         748M          64M           7M 
[2026-06-26T13:52:01.911-0300][45.600s][14000][1580 ][info][gc,reloc    ] GC(14) y: Medium Pages:                   2            1            0          64M           0M           0M 
[2026-06-26T13:52:01.911-0300][45.600s][14000][1580 ][info][gc,reloc    ] GC(14) y: Large Pages:                    0            0            0           0M           0M           0M 
[2026-06-26T13:52:01.911-0300][45.600s][14000][1580 ][info][gc,reloc    ] GC(14) y: Forwarding Usage: 3M
[2026-06-26T13:52:01.911-0300][45.600s][14000][1580 ][info][gc,reloc    ] GC(14) y: Age Table:
[2026-06-26T13:52:01.911-0300][45.600s][14000][1580 ][info][gc,reloc    ] GC(14) y:                    Live             Garbage             Small              Medium             Large        
[2026-06-26T13:52:01.911-0300][45.600s][14000][1580 ][info][gc,reloc    ] GC(14) y: Eden               5M (0%)          590M (19%)        298 / 264            0 / 0              0 / 0        
[2026-06-26T13:52:01.911-0300][45.600s][14000][1580 ][info][gc,reloc    ] GC(14) y: Survivor 1        73M (2%)           50M (2%)          46 / 8              1 / 0              0 / 0        
[2026-06-26T13:52:01.911-0300][45.600s][14000][1580 ][info][gc,reloc    ] GC(14) y: Survivor 2        33M (1%)           58M (2%)          30 / 11             1 / 1              0 / 0        
[2026-06-26T13:52:01.911-0300][45.600s][14000][1580 ][info][gc,heap     ] GC(14) y: Min Capacity: 8M(0%)
[2026-06-26T13:52:01.911-0300][45.600s][14000][1580 ][info][gc,heap     ] GC(14) y: Max Capacity: 3072M(100%)
[2026-06-26T13:52:01.911-0300][45.600s][14000][1580 ][info][gc,heap     ] GC(14) y: Soft Max Capacity: 3072M(100%)
[2026-06-26T13:52:01.911-0300][45.600s][14000][1580 ][info][gc,heap     ] GC(14) y: Heap Statistics:
[2026-06-26T13:52:01.911-0300][45.600s][14000][1580 ][info][gc,heap     ] GC(14) y:                Mark Start          Mark End        Relocate Start      Relocate End           High               Low         
[2026-06-26T13:52:01.911-0300][45.600s][14000][1580 ][info][gc,heap     ] GC(14) y:  Capacity:     3072M (100%)       3072M (100%)       3072M (100%)       3072M (100%)       3072M (100%)       3072M (100%)   
[2026-06-26T13:52:01.911-0300][45.600s][14000][1580 ][info][gc,heap     ] GC(14) y:      Free:     1628M (53%)        1256M (41%)        1246M (41%)        1670M (54%)        1784M (58%)        1168M (38%)    
[2026-06-26T13:52:01.911-0300][45.600s][14000][1580 ][info][gc,heap     ] GC(14) y:      Used:     1444M (47%)        1816M (59%)        1826M (59%)        1402M (46%)        1904M (62%)        1288M (42%)    
[2026-06-26T13:52:01.911-0300][45.600s][14000][1580 ][info][gc,heap     ] GC(14) y: Young Generation Statistics:
[2026-06-26T13:52:01.911-0300][45.600s][14000][1580 ][info][gc,heap     ] GC(14) y:                Mark Start          Mark End        Relocate Start      Relocate End    
[2026-06-26T13:52:01.911-0300][45.600s][14000][1580 ][info][gc,heap     ] GC(14) y:      Used:      812M (26%)        1184M (39%)        1088M (35%)         584M (19%)    
[2026-06-26T13:52:01.911-0300][45.600s][14000][1580 ][info][gc,heap     ] GC(14) y:      Live:         -               112M (4%)           11M (0%)            4M (0%)     
[2026-06-26T13:52:01.911-0300][45.600s][14000][1580 ][info][gc,heap     ] GC(14) y:   Garbage:         -               699M (23%)         630M (21%)           0M (0%)     
[2026-06-26T13:52:01.911-0300][45.600s][14000][1580 ][info][gc,heap     ] GC(14) y: Allocated:         -               372M (12%)         446M (15%)         578M (19%)    
[2026-06-26T13:52:01.911-0300][45.600s][14000][1580 ][info][gc,heap     ] GC(14) y: Reclaimed:         -                  -                68M (2%)          699M (23%)    
[2026-06-26T13:52:01.911-0300][45.601s][14000][1580 ][info][gc,heap     ] GC(14) y:  Promoted:         -                  -               101M (3%)          107M (3%)     
[2026-06-26T13:52:01.911-0300][45.601s][14000][1580 ][info][gc,heap     ] GC(14) y: Compacted:         -                  -                  -                 5M (0%)     
[2026-06-26T13:52:01.911-0300][45.601s][14000][1580 ][info][gc,phases   ] GC(14) y: Young Generation 1444M(47%)->1402M(46%) 0.178s
[2026-06-26T13:52:01.911-0300][45.601s][14000][1580 ][info][gc          ] GC(14) Minor Collection (Allocation Rate) 1444M(47%)->1406M(46%) 0.179s
[2026-06-26T13:52:01.911-0300][45.601s][14000][1600 ][info][gc          ] GC(15) Major Collection (Allocation Rate)
[2026-06-26T13:52:01.911-0300][45.601s][14000][1600 ][info][gc,task     ] GC(15) Using 3 Workers for Young Generation
[2026-06-26T13:52:01.911-0300][45.601s][14000][1600 ][info][gc,task     ] GC(15) Using 1 Workers for Old Generation
[2026-06-26T13:52:01.911-0300][45.601s][14000][1600 ][info][gc,phases   ] GC(15) Y: Young Generation
[2026-06-26T13:52:01.913-0300][45.601s][14000][2192 ][info][gc,phases   ] GC(15) Y: Pause Mark Start (Major) 0.028ms
[2026-06-26T13:52:01.934-0300][45.623s][14000][1600 ][info][gc,phases   ] GC(15) Y: Concurrent Mark 22.016ms
[2026-06-26T13:52:01.934-0300][45.623s][14000][2192 ][info][gc,phases   ] GC(15) Y: Pause Mark End 0.015ms
[2026-06-26T13:52:01.934-0300][45.623s][14000][1600 ][info][gc,phases   ] GC(15) Y: Concurrent Mark Free 0.003ms
[2026-06-26T13:52:01.936-0300][45.623s][14000][1600 ][info][gc,phases   ] GC(15) Y: Concurrent Reset Relocation Set 0.143ms
[2026-06-26T13:52:01.936-0300][45.623s][14000][1600 ][info][gc,reloc    ] GC(15) Y: Using tenuring threshold: 2 (Computed)
[2026-06-26T13:52:01.936-0300][45.624s][14000][1600 ][info][gc,phases   ] GC(15) Y: Concurrent Select Relocation Set 0.498ms
[2026-06-26T13:52:01.936-0300][45.624s][14000][2192 ][info][gc,phases   ] GC(15) Y: Pause Relocate Start 0.012ms
[2026-06-26T13:52:01.938-0300][45.627s][14000][1600 ][info][gc,phases   ] GC(15) Y: Concurrent Relocate 2.694ms
[2026-06-26T13:52:01.938-0300][45.627s][14000][1600 ][info][gc,alloc    ] GC(15) Y:                         Mark Start        Mark End      Relocate Start    Relocate End   
[2026-06-26T13:52:01.938-0300][45.627s][14000][1600 ][info][gc,alloc    ] GC(15) Y: Allocation Stalls:          0                0                0                0         
[2026-06-26T13:52:01.938-0300][45.627s][14000][1600 ][info][gc,load     ] GC(15) Y: Load: 0.00 (0%) / 0.00 (0%) / 0.00 (0%)
[2026-06-26T13:52:01.938-0300][45.627s][14000][1600 ][info][gc,mmu      ] GC(15) Y: MMU: 2ms/52.1%, 5ms/80.9%, 10ms/90.4%, 20ms/95.2%, 50ms/94.9%, 100ms/97.5%
[2026-06-26T13:52:01.938-0300][45.627s][14000][1600 ][info][gc,marking  ] GC(15) Y: Mark: 2 stripe(s), 4 proactive flush(es), 1 terminate flush(es), 0 completion(s), 0 continuation(s) 
[2026-06-26T13:52:01.938-0300][45.627s][14000][1600 ][info][gc,nmethod  ] GC(15) Y: NMethods: 10139 registered, 0 unregistered
[2026-06-26T13:52:01.938-0300][45.627s][14000][1600 ][info][gc,metaspace] GC(15) Y: Metaspace: 61M used, 62M committed, 1088M reserved
[2026-06-26T13:52:01.939-0300][45.627s][14000][1600 ][info][gc,reloc    ] GC(15) Y:                        Candidates     Selected     In-Place         Size        Empty    Relocated 
[2026-06-26T13:52:01.939-0300][45.627s][14000][1600 ][info][gc,reloc    ] GC(15) Y: Small Pages:                  294          256            0         588M          60M           5M 
[2026-06-26T13:52:01.939-0300][45.627s][14000][1600 ][info][gc,reloc    ] GC(15) Y: Medium Pages:                   0            0            0           0M           0M           0M 
[2026-06-26T13:52:01.939-0300][45.627s][14000][1600 ][info][gc,reloc    ] GC(15) Y: Large Pages:                    0            0            0           0M           0M           0M 
[2026-06-26T13:52:01.939-0300][45.627s][14000][1600 ][info][gc,reloc    ] GC(15) Y: Forwarding Usage: 1M
[2026-06-26T13:52:01.939-0300][45.627s][14000][1600 ][info][gc,reloc    ] GC(15) Y: Age Table:
[2026-06-26T13:52:01.939-0300][45.627s][14000][1600 ][info][gc,reloc    ] GC(15) Y:                    Live             Garbage             Small              Medium             Large        
[2026-06-26T13:52:01.939-0300][45.627s][14000][1600 ][info][gc,reloc    ] GC(15) Y: Eden               7M (0%)          566M (18%)        287 / 253            0 / 0              0 / 0        
[2026-06-26T13:52:01.939-0300][45.627s][14000][1600 ][info][gc,reloc    ] GC(15) Y: Survivor 1         4M (0%)            9M (0%)           7 / 3              0 / 0              0 / 0        
[2026-06-26T13:52:01.939-0300][45.627s][14000][1600 ][info][gc,heap     ] GC(15) Y: Min Capacity: 8M(0%)
[2026-06-26T13:52:01.939-0300][45.627s][14000][1600 ][info][gc,heap     ] GC(15) Y: Max Capacity: 3072M(100%)
[2026-06-26T13:52:01.939-0300][45.627s][14000][1600 ][info][gc,heap     ] GC(15) Y: Soft Max Capacity: 3072M(100%)
[2026-06-26T13:52:01.939-0300][45.627s][14000][1600 ][info][gc,heap     ] GC(15) Y: Heap Statistics:
[2026-06-26T13:52:01.939-0300][45.627s][14000][1600 ][info][gc,heap     ] GC(15) Y:                Mark Start          Mark End        Relocate Start      Relocate End           High               Low         
[2026-06-26T13:52:01.939-0300][45.627s][14000][1600 ][info][gc,heap     ] GC(15) Y:  Capacity:     3072M (100%)       3072M (100%)       3072M (100%)       3072M (100%)       3072M (100%)       3072M (100%)   
[2026-06-26T13:52:01.939-0300][45.627s][14000][1600 ][info][gc,heap     ] GC(15) Y:      Free:     1666M (54%)        1588M (52%)        1646M (54%)        2140M (70%)        2142M (70%)        1586M (52%)    
[2026-06-26T13:52:01.939-0300][45.627s][14000][1600 ][info][gc,heap     ] GC(15) Y:      Used:     1406M (46%)        1484M (48%)        1426M (46%)         932M (30%)        1486M (48%)         930M (30%)    
[2026-06-26T13:52:01.939-0300][45.627s][14000][1600 ][info][gc,heap     ] GC(15) Y: Young Generation Statistics:
[2026-06-26T13:52:01.939-0300][45.627s][14000][1600 ][info][gc,heap     ] GC(15) Y:                Mark Start          Mark End        Relocate Start      Relocate End    
[2026-06-26T13:52:01.939-0300][45.627s][14000][1600 ][info][gc,heap     ] GC(15) Y:      Used:      588M (19%)         666M (22%)         608M (20%)         114M (4%)     
[2026-06-26T13:52:01.939-0300][45.627s][14000][1600 ][info][gc,heap     ] GC(15) Y:      Live:         -                12M (0%)           12M (0%)           12M (0%)     
[2026-06-26T13:52:01.939-0300][45.627s][14000][1600 ][info][gc,heap     ] GC(15) Y:   Garbage:         -               575M (19%)         515M (17%)           1M (0%)     
[2026-06-26T13:52:01.939-0300][45.627s][14000][1600 ][info][gc,heap     ] GC(15) Y: Allocated:         -                78M (3%)           80M (3%)           99M (3%)     
[2026-06-26T13:52:01.939-0300][45.627s][14000][1600 ][info][gc,heap     ] GC(15) Y: Reclaimed:         -                  -                60M (2%)          573M (19%)    
[2026-06-26T13:52:01.939-0300][45.627s][14000][1600 ][info][gc,heap     ] GC(15) Y:  Promoted:         -                  -                 0M (0%)            0M (0%)     
[2026-06-26T13:52:01.939-0300][45.627s][14000][1600 ][info][gc,heap     ] GC(15) Y: Compacted:         -                  -                  -                 6M (0%)     
[2026-06-26T13:52:01.939-0300][45.627s][14000][1600 ][info][gc,phases   ] GC(15) Y: Young Generation 1406M(46%)->932M(30%) 0.026s
[2026-06-26T13:52:01.939-0300][45.627s][14000][1600 ][info][gc,phases   ] GC(15) O: Old Generation
[2026-06-26T13:52:01.948-0300][45.637s][14000][1580 ][info][gc          ] GC(16) Minor Collection (Allocation Rate)
[2026-06-26T13:52:01.948-0300][45.637s][14000][1580 ][info][gc,task     ] GC(16) Using 2 Workers for Young Generation
[2026-06-26T13:52:01.948-0300][45.637s][14000][1580 ][info][gc,phases   ] GC(16) y: Young Generation
[2026-06-26T13:52:01.948-0300][45.637s][14000][2192 ][info][gc,phases   ] GC(16) y: Pause Mark Start 0.013ms
[2026-06-26T13:52:01.971-0300][45.659s][14000][1580 ][info][gc,phases   ] GC(16) y: Concurrent Mark 22.304ms
[2026-06-26T13:52:01.971-0300][45.659s][14000][2192 ][info][gc,phases   ] GC(16) y: Pause Mark End 0.017ms
[2026-06-26T13:52:01.971-0300][45.659s][14000][1580 ][info][gc,phases   ] GC(16) y: Concurrent Mark Free 0.006ms
[2026-06-26T13:52:01.972-0300][45.659s][14000][1580 ][info][gc,phases   ] GC(16) y: Concurrent Reset Relocation Set 0.019ms
[2026-06-26T13:52:01.972-0300][45.660s][14000][1580 ][info][gc,reloc    ] GC(16) y: Using tenuring threshold: 3 (Computed)
[2026-06-26T13:52:01.972-0300][45.660s][14000][1580 ][info][gc,phases   ] GC(16) y: Concurrent Select Relocation Set 0.432ms
[2026-06-26T13:52:01.972-0300][45.660s][14000][2192 ][info][gc,phases   ] GC(16) y: Pause Relocate Start 0.017ms
[2026-06-26T13:52:01.975-0300][45.663s][14000][1580 ][info][gc,phases   ] GC(16) y: Concurrent Relocate 2.451ms
[2026-06-26T13:52:01.975-0300][45.663s][14000][1580 ][info][gc,alloc    ] GC(16) y:                         Mark Start        Mark End      Relocate Start    Relocate End   
[2026-06-26T13:52:01.975-0300][45.663s][14000][1580 ][info][gc,alloc    ] GC(16) y: Allocation Stalls:          0                0                0                0         
[2026-06-26T13:52:01.975-0300][45.663s][14000][1580 ][info][gc,load     ] GC(16) y: Load: 0.00 (0%) / 0.00 (0%) / 0.00 (0%)
[2026-06-26T13:52:01.975-0300][45.663s][14000][1580 ][info][gc,mmu      ] GC(16) y: MMU: 2ms/52.1%, 5ms/80.9%, 10ms/90.4%, 20ms/95.2%, 50ms/94.9%, 100ms/97.5%
[2026-06-26T13:52:01.975-0300][45.663s][14000][1580 ][info][gc,marking  ] GC(16) y: Mark: 2 stripe(s), 2 proactive flush(es), 1 terminate flush(es), 0 completion(s), 0 continuation(s) 
[2026-06-26T13:52:01.975-0300][45.663s][14000][1580 ][info][gc,nmethod  ] GC(16) y: NMethods: 10158 registered, 0 unregistered
[2026-06-26T13:52:01.975-0300][45.663s][14000][1580 ][info][gc,metaspace] GC(16) y: Metaspace: 61M used, 62M committed, 1088M reserved
[2026-06-26T13:52:01.975-0300][45.663s][14000][1580 ][info][gc,reloc    ] GC(16) y:                        Candidates     Selected     In-Place         Size        Empty    Relocated 
[2026-06-26T13:52:01.975-0300][45.663s][14000][1580 ][info][gc,reloc    ] GC(16) y: Small Pages:                   77           60            0         154M          16M           2M 
[2026-06-26T13:52:01.975-0300][45.663s][14000][1580 ][info][gc,reloc    ] GC(16) y: Medium Pages:                   0            0            0           0M           0M           0M 
[2026-06-26T13:52:01.975-0300][45.663s][14000][1580 ][info][gc,reloc    ] GC(16) y: Large Pages:                    0            0            0           0M           0M           0M 
[2026-06-26T13:52:01.975-0300][45.663s][14000][1580 ][info][gc,reloc    ] GC(16) y: Forwarding Usage: 1M
[2026-06-26T13:52:01.975-0300][45.663s][14000][1580 ][info][gc,reloc    ] GC(16) y: Age Table:
[2026-06-26T13:52:01.975-0300][45.663s][14000][1580 ][info][gc,reloc    ] GC(16) y:                    Live             Garbage             Small              Medium             Large        
[2026-06-26T13:52:01.975-0300][45.663s][14000][1580 ][info][gc,reloc    ] GC(16) y: Eden               2M (0%)          129M (4%)          66 / 55             0 / 0              0 / 0        
[2026-06-26T13:52:01.975-0300][45.663s][14000][1580 ][info][gc,reloc    ] GC(16) y: Survivor 1         6M (0%)            5M (0%)           6 / 3              0 / 0              0 / 0        
[2026-06-26T13:52:01.975-0300][45.663s][14000][1580 ][info][gc,reloc    ] GC(16) y: Survivor 2         4M (0%)            5M (0%)           5 / 2              0 / 0              0 / 0        
[2026-06-26T13:52:01.975-0300][45.663s][14000][1580 ][info][gc,heap     ] GC(16) y: Min Capacity: 8M(0%)
[2026-06-26T13:52:01.975-0300][45.663s][14000][1580 ][info][gc,heap     ] GC(16) y: Max Capacity: 3072M(100%)
[2026-06-26T13:52:01.975-0300][45.663s][14000][1580 ][info][gc,heap     ] GC(16) y: Soft Max Capacity: 3072M(100%)
[2026-06-26T13:52:01.975-0300][45.663s][14000][1580 ][info][gc,heap     ] GC(16) y: Heap Statistics:
[2026-06-26T13:52:01.975-0300][45.663s][14000][1580 ][info][gc,heap     ] GC(16) y:                Mark Start          Mark End        Relocate Start      Relocate End           High               Low         
[2026-06-26T13:52:01.975-0300][45.663s][14000][1580 ][info][gc,heap     ] GC(16) y:  Capacity:     3072M (100%)       3072M (100%)       3072M (100%)       3072M (100%)       3072M (100%)       3072M (100%)   
[2026-06-26T13:52:01.975-0300][45.663s][14000][1580 ][info][gc,heap     ] GC(16) y:      Free:     2100M (68%)        2022M (66%)        2036M (66%)        2140M (70%)        2140M (70%)        2022M (66%)    
[2026-06-26T13:52:01.975-0300][45.663s][14000][1580 ][info][gc,heap     ] GC(16) y:      Used:      972M (32%)        1050M (34%)        1036M (34%)         932M (30%)        1050M (34%)         932M (30%)    
[2026-06-26T13:52:01.975-0300][45.663s][14000][1580 ][info][gc,heap     ] GC(16) y: Young Generation Statistics:
[2026-06-26T13:52:01.975-0300][45.663s][14000][1580 ][info][gc,heap     ] GC(16) y:                Mark Start          Mark End        Relocate Start      Relocate End    
[2026-06-26T13:52:01.975-0300][45.663s][14000][1580 ][info][gc,heap     ] GC(16) y:      Used:      154M (5%)          232M (8%)          218M (7%)          114M (4%)     
[2026-06-26T13:52:01.975-0300][45.663s][14000][1580 ][info][gc,heap     ] GC(16) y:      Live:         -                14M (0%)           14M (0%)           14M (0%)     
[2026-06-26T13:52:01.975-0300][45.663s][14000][1580 ][info][gc,heap     ] GC(16) y:   Garbage:         -               139M (5%)          123M (4%)            2M (0%)     
[2026-06-26T13:52:01.975-0300][45.663s][14000][1580 ][info][gc,heap     ] GC(16) y: Allocated:         -                78M (3%)           80M (3%)           96M (3%)     
[2026-06-26T13:52:01.975-0300][45.663s][14000][1580 ][info][gc,heap     ] GC(16) y: Reclaimed:         -                  -                16M (1%)          136M (4%)     
[2026-06-26T13:52:01.975-0300][45.663s][14000][1580 ][info][gc,heap     ] GC(16) y:  Promoted:         -                  -                 0M (0%)            0M (0%)     
[2026-06-26T13:52:01.975-0300][45.663s][14000][1580 ][info][gc,heap     ] GC(16) y: Compacted:         -                  -                  -                 3M (0%)     
[2026-06-26T13:52:01.975-0300][45.663s][14000][1580 ][info][gc,phases   ] GC(16) y: Young Generation 972M(32%)->932M(30%) 0.026s
[2026-06-26T13:52:01.975-0300][45.663s][14000][1580 ][info][gc          ] GC(16) Minor Collection (Allocation Rate) 972M(32%)->940M(31%) 0.027s
[2026-06-26T13:52:01.986-0300][45.674s][14000][1580 ][info][gc          ] GC(17) Minor Collection (Allocation Rate)
[2026-06-26T13:52:01.986-0300][45.674s][14000][1580 ][info][gc,task     ] GC(17) Using 2 Workers for Young Generation
[2026-06-26T13:52:01.986-0300][45.674s][14000][1580 ][info][gc,phases   ] GC(17) y: Young Generation
[2026-06-26T13:52:01.986-0300][45.674s][14000][2192 ][info][gc,phases   ] GC(17) y: Pause Mark Start 0.013ms
[2026-06-26T13:52:02.028-0300][45.716s][14000][1580 ][info][gc,phases   ] GC(17) y: Concurrent Mark 42.038ms
[2026-06-26T13:52:02.028-0300][45.716s][14000][2192 ][info][gc,phases   ] GC(17) y: Pause Mark End 0.019ms
[2026-06-26T13:52:02.028-0300][45.716s][14000][1580 ][info][gc,phases   ] GC(17) y: Concurrent Mark Free 0.004ms
[2026-06-26T13:52:02.028-0300][45.716s][14000][1580 ][info][gc,phases   ] GC(17) y: Concurrent Reset Relocation Set 0.005ms
[2026-06-26T13:52:02.028-0300][45.716s][14000][1580 ][info][gc,reloc    ] GC(17) y: Using tenuring threshold: 1 (Computed)
[2026-06-26T13:52:02.035-0300][45.723s][14000][1580 ][info][gc,phases   ] GC(17) y: Concurrent Select Relocation Set 6.926ms
[2026-06-26T13:52:02.035-0300][45.723s][14000][2192 ][info][gc,phases   ] GC(17) y: Pause Relocate Start 0.016ms
[2026-06-26T13:52:02.049-0300][45.737s][14000][1580 ][info][gc,phases   ] GC(17) y: Concurrent Relocate 13.729ms
[2026-06-26T13:52:02.049-0300][45.737s][14000][1580 ][info][gc,alloc    ] GC(17) y:                         Mark Start        Mark End      Relocate Start    Relocate End   
[2026-06-26T13:52:02.049-0300][45.737s][14000][1580 ][info][gc,alloc    ] GC(17) y: Allocation Stalls:          0                0                0                0         
[2026-06-26T13:52:02.049-0300][45.737s][14000][1580 ][info][gc,load     ] GC(17) y: Load: 0.00 (0%) / 0.00 (0%) / 0.00 (0%)
[2026-06-26T13:52:02.049-0300][45.737s][14000][1580 ][info][gc,mmu      ] GC(17) y: MMU: 2ms/52.1%, 5ms/80.9%, 10ms/90.4%, 20ms/95.2%, 50ms/94.9%, 100ms/97.5%
[2026-06-26T13:52:02.049-0300][45.737s][14000][1580 ][info][gc,marking  ] GC(17) y: Mark: 2 stripe(s), 3 proactive flush(es), 1 terminate flush(es), 0 completion(s), 0 continuation(s) 
[2026-06-26T13:52:02.049-0300][45.737s][14000][1580 ][info][gc,nmethod  ] GC(17) y: NMethods: 10173 registered, 0 unregistered
[2026-06-26T13:52:02.049-0300][45.737s][14000][1580 ][info][gc,metaspace] GC(17) y: Metaspace: 61M used, 62M committed, 1088M reserved
[2026-06-26T13:52:02.049-0300][45.737s][14000][1580 ][info][gc,reloc    ] GC(17) y:                        Candidates     Selected     In-Place         Size        Empty    Relocated 
[2026-06-26T13:52:02.049-0300][45.737s][14000][1580 ][info][gc,reloc    ] GC(17) y: Small Pages:                   84           68            0         168M          12M           3M 
[2026-06-26T13:52:02.049-0300][45.737s][14000][1580 ][info][gc,reloc    ] GC(17) y: Medium Pages:                   0            0            0           0M           0M           0M 
[2026-06-26T13:52:02.049-0300][45.737s][14000][1580 ][info][gc,reloc    ] GC(17) y: Large Pages:                    0            0            0           0M           0M           0M 
[2026-06-26T13:52:02.049-0300][45.737s][14000][1580 ][info][gc,reloc    ] GC(17) y: Forwarding Usage: 2M
[2026-06-26T13:52:02.049-0300][45.737s][14000][1580 ][info][gc,reloc    ] GC(17) y: Age Table:
[2026-06-26T13:52:02.049-0300][45.737s][14000][1580 ][info][gc,reloc    ] GC(17) y:                    Live             Garbage             Small              Medium             Large        
[2026-06-26T13:52:02.049-0300][45.738s][14000][1580 ][info][gc,reloc    ] GC(17) y: Eden               2M (0%)          137M (4%)          70 / 63             0 / 0              0 / 0        
[2026-06-26T13:52:02.049-0300][45.738s][14000][1580 ][info][gc,reloc    ] GC(17) y: Survivor 1         2M (0%)            5M (0%)           4 / 2              0 / 0              0 / 0        
[2026-06-26T13:52:02.049-0300][45.738s][14000][1580 ][info][gc,reloc    ] GC(17) y: Survivor 2         6M (0%)            3M (0%)           5 / 0              0 / 0              0 / 0        
[2026-06-26T13:52:02.049-0300][45.738s][14000][1580 ][info][gc,reloc    ] GC(17) y: Survivor 3         4M (0%)            5M (0%)           5 / 3              0 / 0              0 / 0        
[2026-06-26T13:52:02.049-0300][45.738s][14000][1580 ][info][gc,heap     ] GC(17) y: Min Capacity: 8M(0%)
[2026-06-26T13:52:02.049-0300][45.738s][14000][1580 ][info][gc,heap     ] GC(17) y: Max Capacity: 3072M(100%)
[2026-06-26T13:52:02.049-0300][45.738s][14000][1580 ][info][gc,heap     ] GC(17) y: Soft Max Capacity: 3072M(100%)
[2026-06-26T13:52:02.049-0300][45.738s][14000][1580 ][info][gc,heap     ] GC(17) y: Heap Statistics:
[2026-06-26T13:52:02.049-0300][45.738s][14000][1580 ][info][gc,heap     ] GC(17) y:                Mark Start          Mark End        Relocate Start      Relocate End           High               Low         
[2026-06-26T13:52:02.049-0300][45.738s][14000][1580 ][info][gc,heap     ] GC(17) y:  Capacity:     3072M (100%)       3072M (100%)       3072M (100%)       3072M (100%)       3072M (100%)       3072M (100%)   
[2026-06-26T13:52:02.049-0300][45.738s][14000][1580 ][info][gc,heap     ] GC(17) y:      Free:     2086M (68%)        1914M (62%)        1882M (61%)        1966M (64%)        2086M (68%)        1872M (61%)    
[2026-06-26T13:52:02.049-0300][45.738s][14000][1580 ][info][gc,heap     ] GC(17) y:      Used:      986M (32%)        1158M (38%)        1190M (39%)        1106M (36%)        1200M (39%)         986M (32%)    
[2026-06-26T13:52:02.049-0300][45.738s][14000][1580 ][info][gc,heap     ] GC(17) y: Young Generation Statistics:
[2026-06-26T13:52:02.049-0300][45.738s][14000][1580 ][info][gc,heap     ] GC(17) y:                Mark Start          Mark End        Relocate Start      Relocate End    
[2026-06-26T13:52:02.049-0300][45.738s][14000][1580 ][info][gc,heap     ] GC(17) y:      Used:      168M (5%)          340M (11%)         360M (12%)         266M (9%)     
[2026-06-26T13:52:02.049-0300][45.738s][14000][1580 ][info][gc,heap     ] GC(17) y:      Live:         -                17M (1%)            6M (0%)            2M (0%)     
[2026-06-26T13:52:02.049-0300][45.738s][14000][1580 ][info][gc,heap     ] GC(17) y:   Garbage:         -               150M (5%)          137M (4%)            0M (0%)     
[2026-06-26T13:52:02.049-0300][45.738s][14000][1580 ][info][gc,heap     ] GC(17) y: Allocated:         -               172M (6%)          216M (7%)          263M (9%)     
[2026-06-26T13:52:02.049-0300][45.738s][14000][1580 ][info][gc,heap     ] GC(17) y: Reclaimed:         -                  -                13M (0%)          150M (5%)     
[2026-06-26T13:52:02.049-0300][45.738s][14000][1580 ][info][gc,heap     ] GC(17) y:  Promoted:         -                  -                10M (0%)           14M (0%)     
[2026-06-26T13:52:02.049-0300][45.738s][14000][1580 ][info][gc,heap     ] GC(17) y: Compacted:         -                  -                  -                 2M (0%)     
[2026-06-26T13:52:02.049-0300][45.738s][14000][1580 ][info][gc,phases   ] GC(17) y: Young Generation 986M(32%)->1106M(36%) 0.064s
[2026-06-26T13:52:02.049-0300][45.738s][14000][1580 ][info][gc          ] GC(17) Minor Collection (Allocation Rate) 986M(32%)->1108M(36%) 0.064s
[2026-06-26T13:52:02.049-0300][45.738s][14000][1580 ][info][gc          ] GC(18) Minor Collection (Allocation Rate)
[2026-06-26T13:52:02.049-0300][45.738s][14000][1580 ][info][gc,task     ] GC(18) Using 2 Workers for Young Generation
[2026-06-26T13:52:02.049-0300][45.738s][14000][1580 ][info][gc,phases   ] GC(18) y: Young Generation
[2026-06-26T13:52:02.049-0300][45.738s][14000][2192 ][info][gc,phases   ] GC(18) y: Pause Mark Start 0.016ms
[2026-06-26T13:52:02.074-0300][45.763s][14000][1580 ][info][gc,phases   ] GC(18) y: Concurrent Mark 24.515ms
[2026-06-26T13:52:02.074-0300][45.763s][14000][2192 ][info][gc,phases   ] GC(18) y: Pause Mark End 0.023ms
[2026-06-26T13:52:02.074-0300][45.763s][14000][1580 ][info][gc,phases   ] GC(18) y: Concurrent Mark Free 0.009ms
[2026-06-26T13:52:02.074-0300][45.763s][14000][1580 ][info][gc,phases   ] GC(18) y: Concurrent Reset Relocation Set 0.026ms
[2026-06-26T13:52:02.074-0300][45.763s][14000][1580 ][info][gc,reloc    ] GC(18) y: Using tenuring threshold: 2 (Computed)
[2026-06-26T13:52:02.076-0300][45.763s][14000][1580 ][info][gc,phases   ] GC(18) y: Concurrent Select Relocation Set 0.499ms
[2026-06-26T13:52:02.076-0300][45.764s][14000][2192 ][info][gc,phases   ] GC(18) y: Pause Relocate Start 0.020ms
[2026-06-26T13:52:02.078-0300][45.766s][14000][1580 ][info][gc,phases   ] GC(18) y: Concurrent Relocate 2.702ms
[2026-06-26T13:52:02.078-0300][45.766s][14000][1580 ][info][gc,alloc    ] GC(18) y:                         Mark Start        Mark End      Relocate Start    Relocate End   
[2026-06-26T13:52:02.078-0300][45.766s][14000][1580 ][info][gc,alloc    ] GC(18) y: Allocation Stalls:          0                0                0                0         
[2026-06-26T13:52:02.078-0300][45.766s][14000][1580 ][info][gc,load     ] GC(18) y: Load: 0.00 (0%) / 0.00 (0%) / 0.00 (0%)
[2026-06-26T13:52:02.078-0300][45.766s][14000][1580 ][info][gc,mmu      ] GC(18) y: MMU: 2ms/52.1%, 5ms/80.9%, 10ms/90.4%, 20ms/95.2%, 50ms/94.9%, 100ms/97.5%
[2026-06-26T13:52:02.078-0300][45.766s][14000][1580 ][info][gc,marking  ] GC(18) y: Mark: 2 stripe(s), 3 proactive flush(es), 1 terminate flush(es), 0 completion(s), 0 continuation(s) 
[2026-06-26T13:52:02.078-0300][45.766s][14000][1580 ][info][gc,nmethod  ] GC(18) y: NMethods: 10179 registered, 0 unregistered
[2026-06-26T13:52:02.078-0300][45.766s][14000][1580 ][info][gc,metaspace] GC(18) y: Metaspace: 61M used, 62M committed, 1088M reserved
[2026-06-26T13:52:02.078-0300][45.766s][14000][1580 ][info][gc,reloc    ] GC(18) y:                        Candidates     Selected     In-Place         Size        Empty    Relocated 
[2026-06-26T13:52:02.078-0300][45.767s][14000][1580 ][info][gc,reloc    ] GC(18) y: Small Pages:                  118          101            0         236M          24M           2M 
[2026-06-26T13:52:02.078-0300][45.767s][14000][1580 ][info][gc,reloc    ] GC(18) y: Medium Pages:                   1            0            0          32M           0M           0M 
[2026-06-26T13:52:02.078-0300][45.767s][14000][1580 ][info][gc,reloc    ] GC(18) y: Large Pages:                    0            0            0           0M           0M           0M 
[2026-06-26T13:52:02.078-0300][45.767s][14000][1580 ][info][gc,reloc    ] GC(18) y: Forwarding Usage: 1M
[2026-06-26T13:52:02.078-0300][45.767s][14000][1580 ][info][gc,reloc    ] GC(18) y: Age Table:
[2026-06-26T13:52:02.078-0300][45.767s][14000][1580 ][info][gc,reloc    ] GC(18) y:                    Live             Garbage             Small              Medium             Large        
[2026-06-26T13:52:02.078-0300][45.767s][14000][1580 ][info][gc,reloc    ] GC(18) y: Eden               6M (0%)          255M (8%)         115 / 99             1 / 0              0 / 0        
[2026-06-26T13:52:02.078-0300][45.767s][14000][1580 ][info][gc,reloc    ] GC(18) y: Survivor 1         2M (0%)            3M (0%)           3 / 2              0 / 0              0 / 0        
[2026-06-26T13:52:02.078-0300][45.767s][14000][1580 ][info][gc,heap     ] GC(18) y: Min Capacity: 8M(0%)
[2026-06-26T13:52:02.078-0300][45.767s][14000][1580 ][info][gc,heap     ] GC(18) y: Max Capacity: 3072M(100%)
[2026-06-26T13:52:02.078-0300][45.767s][14000][1580 ][info][gc,heap     ] GC(18) y: Soft Max Capacity: 3072M(100%)
[2026-06-26T13:52:02.078-0300][45.767s][14000][1580 ][info][gc,heap     ] GC(18) y: Heap Statistics:
[2026-06-26T13:52:02.078-0300][45.767s][14000][1580 ][info][gc,heap     ] GC(18) y:                Mark Start          Mark End        Relocate Start      Relocate End           High               Low         
[2026-06-26T13:52:02.078-0300][45.767s][14000][1580 ][info][gc,heap     ] GC(18) y:  Capacity:     3072M (100%)       3072M (100%)       3072M (100%)       3072M (100%)       3072M (100%)       3072M (100%)   
[2026-06-26T13:52:02.078-0300][45.767s][14000][1580 ][info][gc,heap     ] GC(18) y:      Free:     1964M (64%)        1864M (61%)        1888M (61%)        2078M (68%)        2080M (68%)        1864M (61%)    
[2026-06-26T13:52:02.078-0300][45.767s][14000][1580 ][info][gc,heap     ] GC(18) y:      Used:     1108M (36%)        1208M (39%)        1184M (39%)         994M (32%)        1208M (39%)         992M (32%)    
[2026-06-26T13:52:02.078-0300][45.767s][14000][1580 ][info][gc,heap     ] GC(18) y: Young Generation Statistics:
[2026-06-26T13:52:02.078-0300][45.767s][14000][1580 ][info][gc,heap     ] GC(18) y:                Mark Start          Mark End        Relocate Start      Relocate End    
[2026-06-26T13:52:02.078-0300][45.767s][14000][1580 ][info][gc,heap     ] GC(18) y:      Used:      268M (9%)          368M (12%)         344M (11%)         154M (5%)     
[2026-06-26T13:52:02.078-0300][45.767s][14000][1580 ][info][gc,heap     ] GC(18) y:      Live:         -                 8M (0%)            8M (0%)            8M (0%)     
[2026-06-26T13:52:02.078-0300][45.767s][14000][1580 ][info][gc,heap     ] GC(18) y:   Garbage:         -               259M (8%)          235M (8%)           32M (1%)     
[2026-06-26T13:52:02.078-0300][45.767s][14000][1580 ][info][gc,heap     ] GC(18) y: Allocated:         -               100M (3%)          100M (3%)          112M (4%)     
[2026-06-26T13:52:02.078-0300][45.767s][14000][1580 ][info][gc,heap     ] GC(18) y: Reclaimed:         -                  -                24M (1%)          226M (7%)     
[2026-06-26T13:52:02.078-0300][45.767s][14000][1580 ][info][gc,heap     ] GC(18) y:  Promoted:         -                  -                 0M (0%)            0M (0%)     
[2026-06-26T13:52:02.079-0300][45.767s][14000][1580 ][info][gc,heap     ] GC(18) y: Compacted:         -                  -                  -                 5M (0%)     
[2026-06-26T13:52:02.079-0300][45.767s][14000][1580 ][info][gc,phases   ] GC(18) y: Young Generation 1108M(36%)->994M(32%) 0.028s
[2026-06-26T13:52:02.079-0300][45.767s][14000][1580 ][info][gc          ] GC(18) Minor Collection (Allocation Rate) 1108M(36%)->994M(32%) 0.029s
[2026-06-26T13:52:02.196-0300][45.884s][14000][1580 ][info][gc          ] GC(19) Minor Collection (Allocation Rate)
[2026-06-26T13:52:02.196-0300][45.885s][14000][1580 ][info][gc,task     ] GC(19) Using 2 Workers for Young Generation
[2026-06-26T13:52:02.196-0300][45.885s][14000][1580 ][info][gc,phases   ] GC(19) y: Young Generation
[2026-06-26T13:52:02.197-0300][45.885s][14000][2192 ][info][gc,phases   ] GC(19) y: Pause Mark Start 0.013ms
[2026-06-26T13:52:02.221-0300][45.910s][14000][1580 ][info][gc,phases   ] GC(19) y: Concurrent Mark 25.064ms
[2026-06-26T13:52:02.221-0300][45.910s][14000][2192 ][info][gc,phases   ] GC(19) y: Pause Mark End 0.019ms
[2026-06-26T13:52:02.221-0300][45.910s][14000][1580 ][info][gc,phases   ] GC(19) y: Concurrent Mark Free 0.005ms
[2026-06-26T13:52:02.221-0300][45.910s][14000][1580 ][info][gc,phases   ] GC(19) y: Concurrent Reset Relocation Set 0.021ms
[2026-06-26T13:52:02.221-0300][45.910s][14000][1580 ][info][gc,reloc    ] GC(19) y: Using tenuring threshold: 3 (Computed)
[2026-06-26T13:52:02.223-0300][45.911s][14000][1580 ][info][gc,phases   ] GC(19) y: Concurrent Select Relocation Set 1.140ms
[2026-06-26T13:52:02.223-0300][45.911s][14000][2192 ][info][gc,phases   ] GC(19) y: Pause Relocate Start 0.010ms
[2026-06-26T13:52:02.228-0300][45.917s][14000][1580 ][info][gc,phases   ] GC(19) y: Concurrent Relocate 5.452ms
[2026-06-26T13:52:02.228-0300][45.917s][14000][1580 ][info][gc,alloc    ] GC(19) y:                         Mark Start        Mark End      Relocate Start    Relocate End   
[2026-06-26T13:52:02.228-0300][45.917s][14000][1580 ][info][gc,alloc    ] GC(19) y: Allocation Stalls:          0                0                0                0         
[2026-06-26T13:52:02.228-0300][45.917s][14000][1580 ][info][gc,load     ] GC(19) y: Load: 0.00 (0%) / 0.00 (0%) / 0.00 (0%)
[2026-06-26T13:52:02.228-0300][45.917s][14000][1580 ][info][gc,mmu      ] GC(19) y: MMU: 2ms/52.1%, 5ms/80.9%, 10ms/90.4%, 20ms/95.2%, 50ms/94.9%, 100ms/97.5%
[2026-06-26T13:52:02.228-0300][45.917s][14000][1580 ][info][gc,marking  ] GC(19) y: Mark: 2 stripe(s), 2 proactive flush(es), 1 terminate flush(es), 0 completion(s), 0 continuation(s) 
[2026-06-26T13:52:02.228-0300][45.917s][14000][1580 ][info][gc,nmethod  ] GC(19) y: NMethods: 10206 registered, 0 unregistered
[2026-06-26T13:52:02.228-0300][45.917s][14000][1580 ][info][gc,metaspace] GC(19) y: Metaspace: 61M used, 62M committed, 1088M reserved
[2026-06-26T13:52:02.228-0300][45.917s][14000][1580 ][info][gc,reloc    ] GC(19) y:                        Candidates     Selected     In-Place         Size        Empty    Relocated 
[2026-06-26T13:52:02.228-0300][45.917s][14000][1580 ][info][gc,reloc    ] GC(19) y: Small Pages:                  296          260            0         592M          52M           7M 
[2026-06-26T13:52:02.228-0300][45.917s][14000][1580 ][info][gc,reloc    ] GC(19) y: Medium Pages:                   2            1            0          64M           0M           0M 
[2026-06-26T13:52:02.228-0300][45.917s][14000][1580 ][info][gc,reloc    ] GC(19) y: Large Pages:                    0            0            0           0M           0M           0M 
[2026-06-26T13:52:02.228-0300][45.917s][14000][1580 ][info][gc,reloc    ] GC(19) y: Forwarding Usage: 2M
[2026-06-26T13:52:02.228-0300][45.917s][14000][1580 ][info][gc,reloc    ] GC(19) y: Age Table:
[2026-06-26T13:52:02.228-0300][45.917s][14000][1580 ][info][gc,reloc    ] GC(19) y:                    Live             Garbage             Small              Medium             Large        
[2026-06-26T13:52:02.228-0300][45.917s][14000][1580 ][info][gc,reloc    ] GC(19) y: Eden               9M (0%)          596M (19%)        287 / 255            1 / 0              0 / 0        
[2026-06-26T13:52:02.228-0300][45.917s][14000][1580 ][info][gc,reloc    ] GC(19) y: Survivor 1         5M (0%)           38M (1%)           6 / 3              1 / 1              0 / 0        
[2026-06-26T13:52:02.229-0300][45.917s][14000][1580 ][info][gc,reloc    ] GC(19) y: Survivor 2         2M (0%)            3M (0%)           3 / 2              0 / 0              0 / 0        
[2026-06-26T13:52:02.229-0300][45.917s][14000][1580 ][info][gc,heap     ] GC(19) y: Min Capacity: 8M(0%)
[2026-06-26T13:52:02.229-0300][45.917s][14000][1580 ][info][gc,heap     ] GC(19) y: Max Capacity: 3072M(100%)
[2026-06-26T13:52:02.229-0300][45.917s][14000][1580 ][info][gc,heap     ] GC(19) y: Soft Max Capacity: 3072M(100%)
[2026-06-26T13:52:02.229-0300][45.917s][14000][1580 ][info][gc,heap     ] GC(19) y: Heap Statistics:
[2026-06-26T13:52:02.229-0300][45.917s][14000][1580 ][info][gc,heap     ] GC(19) y:                Mark Start          Mark End        Relocate Start      Relocate End           High               Low         
[2026-06-26T13:52:02.229-0300][45.917s][14000][1580 ][info][gc,heap     ] GC(19) y:  Capacity:     3072M (100%)       3072M (100%)       3072M (100%)       3072M (100%)       3072M (100%)       3072M (100%)   
[2026-06-26T13:52:02.229-0300][45.917s][14000][1580 ][info][gc,heap     ] GC(19) y:      Free:     1576M (51%)        1478M (48%)        1522M (50%)        1972M (64%)        1982M (65%)        1422M (46%)    
[2026-06-26T13:52:02.229-0300][45.917s][14000][1580 ][info][gc,heap     ] GC(19) y:      Used:     1496M (49%)        1594M (52%)        1550M (50%)        1100M (36%)        1650M (54%)        1090M (35%)    
[2026-06-26T13:52:02.229-0300][45.917s][14000][1580 ][info][gc,heap     ] GC(19) y: Young Generation Statistics:
[2026-06-26T13:52:02.229-0300][45.917s][14000][1580 ][info][gc,heap     ] GC(19) y:                Mark Start          Mark End        Relocate Start      Relocate End    
[2026-06-26T13:52:02.229-0300][45.917s][14000][1580 ][info][gc,heap     ] GC(19) y:      Used:      656M (21%)         754M (25%)         710M (23%)         260M (8%)     
[2026-06-26T13:52:02.229-0300][45.917s][14000][1580 ][info][gc,heap     ] GC(19) y:      Live:         -                17M (1%)           17M (1%)           17M (1%)     
[2026-06-26T13:52:02.229-0300][45.917s][14000][1580 ][info][gc,heap     ] GC(19) y:   Garbage:         -               638M (21%)         586M (19%)           1M (0%)     
[2026-06-26T13:52:02.229-0300][45.917s][14000][1580 ][info][gc,heap     ] GC(19) y: Allocated:         -                98M (3%)          106M (3%)          240M (8%)     
[2026-06-26T13:52:02.229-0300][45.917s][14000][1580 ][info][gc,heap     ] GC(19) y: Reclaimed:         -                  -                52M (2%)          636M (21%)    
[2026-06-26T13:52:02.229-0300][45.917s][14000][1580 ][info][gc,heap     ] GC(19) y:  Promoted:         -                  -                 0M (0%)            0M (0%)     
[2026-06-26T13:52:02.229-0300][45.917s][14000][1580 ][info][gc,heap     ] GC(19) y: Compacted:         -                  -                  -                11M (0%)     
[2026-06-26T13:52:02.229-0300][45.917s][14000][1580 ][info][gc,phases   ] GC(19) y: Young Generation 1496M(49%)->1100M(36%) 0.032s
[2026-06-26T13:52:02.229-0300][45.917s][14000][1580 ][info][gc          ] GC(19) Minor Collection (Allocation Rate) 1496M(49%)->1100M(36%) 0.033s
[2026-06-26T13:52:02.483-0300][46.171s][14000][1580 ][info][gc          ] GC(20) Minor Collection (Allocation Rate)
[2026-06-26T13:52:02.483-0300][46.171s][14000][1580 ][info][gc,task     ] GC(20) Using 2 Workers for Young Generation
[2026-06-26T13:52:02.483-0300][46.171s][14000][1580 ][info][gc,phases   ] GC(20) y: Young Generation
[2026-06-26T13:52:02.483-0300][46.171s][14000][2192 ][info][gc,phases   ] GC(20) y: Pause Mark Start 0.013ms
[2026-06-26T13:52:02.547-0300][46.235s][14000][1580 ][info][gc,phases   ] GC(20) y: Concurrent Mark 64.348ms
[2026-06-26T13:52:02.547-0300][46.235s][14000][2192 ][info][gc,phases   ] GC(20) y: Pause Mark End 0.020ms
[2026-06-26T13:52:02.547-0300][46.235s][14000][1580 ][info][gc,phases   ] GC(20) y: Concurrent Mark Free 0.003ms
[2026-06-26T13:52:02.547-0300][46.235s][14000][1580 ][info][gc,phases   ] GC(20) y: Concurrent Reset Relocation Set 0.019ms
[2026-06-26T13:52:02.547-0300][46.236s][14000][1580 ][info][gc,reloc    ] GC(20) y: Using tenuring threshold: 4 (Computed)
[2026-06-26T13:52:02.550-0300][46.238s][14000][1580 ][info][gc,phases   ] GC(20) y: Concurrent Select Relocation Set 2.916ms
[2026-06-26T13:52:02.550-0300][46.238s][14000][2192 ][info][gc,phases   ] GC(20) y: Pause Relocate Start 0.014ms
[2026-06-26T13:52:02.568-0300][46.256s][14000][1580 ][info][gc,phases   ] GC(20) y: Concurrent Relocate 17.599ms
[2026-06-26T13:52:02.568-0300][46.256s][14000][1580 ][info][gc,alloc    ] GC(20) y:                         Mark Start        Mark End      Relocate Start    Relocate End   
[2026-06-26T13:52:02.568-0300][46.256s][14000][1580 ][info][gc,alloc    ] GC(20) y: Allocation Stalls:          0                0                0                0         
[2026-06-26T13:52:02.568-0300][46.256s][14000][1580 ][info][gc,load     ] GC(20) y: Load: 0.00 (0%) / 0.00 (0%) / 0.00 (0%)
[2026-06-26T13:52:02.568-0300][46.256s][14000][1580 ][info][gc,mmu      ] GC(20) y: MMU: 2ms/52.1%, 5ms/80.9%, 10ms/90.4%, 20ms/95.2%, 50ms/94.9%, 100ms/97.5%
[2026-06-26T13:52:02.568-0300][46.256s][14000][1580 ][info][gc,marking  ] GC(20) y: Mark: 2 stripe(s), 2 proactive flush(es), 1 terminate flush(es), 0 completion(s), 0 continuation(s) 
[2026-06-26T13:52:02.568-0300][46.256s][14000][1580 ][info][gc,nmethod  ] GC(20) y: NMethods: 10219 registered, 0 unregistered
[2026-06-26T13:52:02.568-0300][46.256s][14000][1580 ][info][gc,metaspace] GC(20) y: Metaspace: 61M used, 62M committed, 1088M reserved
[2026-06-26T13:52:02.568-0300][46.256s][14000][1580 ][info][gc,reloc    ] GC(20) y:                        Candidates     Selected     In-Place         Size        Empty    Relocated 
[2026-06-26T13:52:02.568-0300][46.256s][14000][1580 ][info][gc,reloc    ] GC(20) y: Small Pages:                  648          555            0        1296M         128M          18M 
[2026-06-26T13:52:02.568-0300][46.256s][14000][1580 ][info][gc,reloc    ] GC(20) y: Medium Pages:                   4            0            0         128M          96M           0M 
[2026-06-26T13:52:02.568-0300][46.256s][14000][1580 ][info][gc,reloc    ] GC(20) y: Large Pages:                    0            0            0           0M           0M           0M 
[2026-06-26T13:52:02.568-0300][46.256s][14000][1580 ][info][gc,reloc    ] GC(20) y: Forwarding Usage: 9M
[2026-06-26T13:52:02.568-0300][46.256s][14000][1580 ][info][gc,reloc    ] GC(20) y: Age Table:
[2026-06-26T13:52:02.568-0300][46.256s][14000][1580 ][info][gc,reloc    ] GC(20) y:                    Live             Garbage             Small              Medium             Large        
[2026-06-26T13:52:02.568-0300][46.256s][14000][1580 ][info][gc,reloc    ] GC(20) y: Eden              36M (1%)         1257M (41%)        631 / 545            1 / 0              0 / 0        
[2026-06-26T13:52:02.568-0300][46.256s][14000][1580 ][info][gc,reloc    ] GC(20) y: Survivor 1         8M (0%)           75M (2%)          10 / 7              2 / 0              0 / 0        
[2026-06-26T13:52:02.568-0300][46.256s][14000][1580 ][info][gc,reloc    ] GC(20) y: Survivor 2         5M (0%)           34M (1%)           4 / 1              1 / 0              0 / 0        
[2026-06-26T13:52:02.568-0300][46.256s][14000][1580 ][info][gc,reloc    ] GC(20) y: Survivor 3         2M (0%)            3M (0%)           3 / 2              0 / 0              0 / 0        
[2026-06-26T13:52:02.568-0300][46.256s][14000][1580 ][info][gc,heap     ] GC(20) y: Min Capacity: 8M(0%)
[2026-06-26T13:52:02.568-0300][46.256s][14000][1580 ][info][gc,heap     ] GC(20) y: Max Capacity: 3072M(100%)
[2026-06-26T13:52:02.568-0300][46.257s][14000][1580 ][info][gc,heap     ] GC(20) y: Soft Max Capacity: 3072M(100%)
[2026-06-26T13:52:02.568-0300][46.257s][14000][1580 ][info][gc,heap     ] GC(20) y: Heap Statistics:
[2026-06-26T13:52:02.568-0300][46.257s][14000][1580 ][info][gc,heap     ] GC(20) y:                Mark Start          Mark End        Relocate Start      Relocate End           High               Low         
[2026-06-26T13:52:02.568-0300][46.257s][14000][1580 ][info][gc,heap     ] GC(20) y:  Capacity:     3072M (100%)       3072M (100%)       3072M (100%)       3072M (100%)       3072M (100%)       3072M (100%)   
[2026-06-26T13:52:02.568-0300][46.257s][14000][1580 ][info][gc,heap     ] GC(20) y:      Free:      808M (26%)         508M (17%)         716M (23%)        1730M (56%)        1754M (57%)         506M (16%)    
[2026-06-26T13:52:02.568-0300][46.257s][14000][1580 ][info][gc,heap     ] GC(20) y:      Used:     2264M (74%)        2564M (83%)        2356M (77%)        1342M (44%)        2566M (84%)        1318M (43%)    
[2026-06-26T13:52:02.568-0300][46.257s][14000][1580 ][info][gc,heap     ] GC(20) y: Young Generation Statistics:
[2026-06-26T13:52:02.568-0300][46.257s][14000][1580 ][info][gc,heap     ] GC(20) y:                Mark Start          Mark End        Relocate Start      Relocate End    
[2026-06-26T13:52:02.568-0300][46.257s][14000][1580 ][info][gc,heap     ] GC(20) y:      Used:     1424M (46%)        1724M (56%)        1516M (49%)         502M (16%)    
[2026-06-26T13:52:02.568-0300][46.257s][14000][1580 ][info][gc,heap     ] GC(20) y:      Live:         -                52M (2%)           52M (2%)           52M (2%)     
[2026-06-26T13:52:02.568-0300][46.257s][14000][1580 ][info][gc,heap     ] GC(20) y:   Garbage:         -              1371M (45%)        1147M (37%)          33M (1%)     
[2026-06-26T13:52:02.568-0300][46.257s][14000][1580 ][info][gc,heap     ] GC(20) y: Allocated:         -               300M (10%)         316M (10%)         416M (14%)    
[2026-06-26T13:52:02.568-0300][46.257s][14000][1580 ][info][gc,heap     ] GC(20) y: Reclaimed:         -                  -               224M (7%)         1338M (44%)    
[2026-06-26T13:52:02.568-0300][46.257s][14000][1580 ][info][gc,heap     ] GC(20) y:  Promoted:         -                  -                 0M (0%)            0M (0%)     
[2026-06-26T13:52:02.568-0300][46.257s][14000][1580 ][info][gc,heap     ] GC(20) y: Compacted:         -                  -                  -                27M (1%)     
[2026-06-26T13:52:02.568-0300][46.257s][14000][1580 ][info][gc,phases   ] GC(20) y: Young Generation 2264M(74%)->1342M(44%) 0.086s
[2026-06-26T13:52:02.568-0300][46.257s][14000][1580 ][info][gc          ] GC(20) Minor Collection (Allocation Rate) 2264M(74%)->1342M(44%) 0.086s
[2026-06-26T13:52:02.579-0300][46.268s][14000][1580 ][info][gc          ] GC(21) Minor Collection (Allocation Rate)
[2026-06-26T13:52:02.579-0300][46.268s][14000][1580 ][info][gc,task     ] GC(21) Using 2 Workers for Young Generation
[2026-06-26T13:52:02.579-0300][46.268s][14000][1580 ][info][gc,phases   ] GC(21) y: Young Generation
[2026-06-26T13:52:02.579-0300][46.268s][14000][2192 ][info][gc,phases   ] GC(21) y: Pause Mark Start 0.011ms
[2026-06-26T13:52:02.673-0300][46.361s][14000][1580 ][info][gc,phases   ] GC(21) y: Concurrent Mark 93.275ms
[2026-06-26T13:52:02.673-0300][46.361s][14000][2192 ][info][gc,phases   ] GC(21) y: Pause Mark End 0.017ms
[2026-06-26T13:52:02.673-0300][46.362s][14000][1580 ][info][gc,phases   ] GC(21) y: Concurrent Mark Free 0.008ms
[2026-06-26T13:52:02.673-0300][46.362s][14000][1580 ][info][gc,phases   ] GC(21) y: Concurrent Reset Relocation Set 0.036ms
[2026-06-26T13:52:02.673-0300][46.362s][14000][1580 ][info][gc,reloc    ] GC(21) y: Using tenuring threshold: 2 (Computed)
[2026-06-26T13:52:02.680-0300][46.368s][14000][1580 ][info][gc,phases   ] GC(21) y: Concurrent Select Relocation Set 6.763ms
[2026-06-26T13:52:02.681-0300][46.369s][14000][2192 ][info][gc,phases   ] GC(21) y: Pause Relocate Start 0.012ms
[2026-06-26T13:52:02.696-0300][46.384s][14000][1580 ][info][gc,phases   ] GC(21) y: Concurrent Relocate 15.239ms
[2026-06-26T13:52:02.696-0300][46.384s][14000][1580 ][info][gc,alloc    ] GC(21) y:                         Mark Start        Mark End      Relocate Start    Relocate End   
[2026-06-26T13:52:02.696-0300][46.384s][14000][1580 ][info][gc,alloc    ] GC(21) y: Allocation Stalls:          0                0                0                0         
[2026-06-26T13:52:02.696-0300][46.384s][14000][1580 ][info][gc,load     ] GC(21) y: Load: 0.00 (0%) / 0.00 (0%) / 0.00 (0%)
[2026-06-26T13:52:02.696-0300][46.384s][14000][1580 ][info][gc,mmu      ] GC(21) y: MMU: 2ms/52.1%, 5ms/80.9%, 10ms/90.4%, 20ms/95.2%, 50ms/94.9%, 100ms/97.5%
[2026-06-26T13:52:02.696-0300][46.384s][14000][1580 ][info][gc,marking  ] GC(21) y: Mark: 2 stripe(s), 2 proactive flush(es), 1 terminate flush(es), 0 completion(s), 0 continuation(s) 
[2026-06-26T13:52:02.696-0300][46.384s][14000][1580 ][info][gc,nmethod  ] GC(21) y: NMethods: 10222 registered, 0 unregistered
[2026-06-26T13:52:02.696-0300][46.384s][14000][1580 ][info][gc,metaspace] GC(21) y: Metaspace: 61M used, 62M committed, 1088M reserved
[2026-06-26T13:52:02.696-0300][46.384s][14000][1580 ][info][gc,reloc    ] GC(21) y:                        Candidates     Selected     In-Place         Size        Empty    Relocated 
[2026-06-26T13:52:02.696-0300][46.384s][14000][1580 ][info][gc,reloc    ] GC(21) y: Small Pages:                  241          186            0         482M          40M           7M 
[2026-06-26T13:52:02.696-0300][46.384s][14000][1580 ][info][gc,reloc    ] GC(21) y: Medium Pages:                   2            1            0          64M           0M           3M 
[2026-06-26T13:52:02.696-0300][46.384s][14000][1580 ][info][gc,reloc    ] GC(21) y: Large Pages:                    0            0            0           0M           0M           0M 
[2026-06-26T13:52:02.696-0300][46.384s][14000][1580 ][info][gc,reloc    ] GC(21) y: Forwarding Usage: 3M
[2026-06-26T13:52:02.696-0300][46.384s][14000][1580 ][info][gc,reloc    ] GC(21) y: Age Table:
[2026-06-26T13:52:02.696-0300][46.384s][14000][1580 ][info][gc,reloc    ] GC(21) y:                    Live             Garbage             Small              Medium             Large        
[2026-06-26T13:52:02.696-0300][46.384s][14000][1580 ][info][gc,reloc    ] GC(21) y: Eden              12M (0%)          417M (14%)        199 / 172            1 / 0              0 / 0        
[2026-06-26T13:52:02.696-0300][46.384s][14000][1580 ][info][gc,reloc    ] GC(21) y: Survivor 1        35M (1%)           46M (1%)          25 / 5              1 / 1              0 / 0        
[2026-06-26T13:52:02.696-0300][46.385s][14000][1580 ][info][gc,reloc    ] GC(21) y: Survivor 2         8M (0%)            7M (0%)           8 / 4              0 / 0              0 / 0        
[2026-06-26T13:52:02.696-0300][46.385s][14000][1580 ][info][gc,reloc    ] GC(21) y: Survivor 3         5M (0%)            4M (0%)           5 / 2              0 / 0              0 / 0        
[2026-06-26T13:52:02.696-0300][46.385s][14000][1580 ][info][gc,reloc    ] GC(21) y: Survivor 4         2M (0%)            5M (0%)           4 / 3              0 / 0              0 / 0        
[2026-06-26T13:52:02.696-0300][46.385s][14000][1580 ][info][gc,heap     ] GC(21) y: Min Capacity: 8M(0%)
[2026-06-26T13:52:02.696-0300][46.385s][14000][1580 ][info][gc,heap     ] GC(21) y: Max Capacity: 3072M(100%)
[2026-06-26T13:52:02.696-0300][46.385s][14000][1580 ][info][gc,heap     ] GC(21) y: Soft Max Capacity: 3072M(100%)
[2026-06-26T13:52:02.696-0300][46.385s][14000][1580 ][info][gc,heap     ] GC(21) y: Heap Statistics:
[2026-06-26T13:52:02.696-0300][46.385s][14000][1580 ][info][gc,heap     ] GC(21) y:                Mark Start          Mark End        Relocate Start      Relocate End           High               Low         
[2026-06-26T13:52:02.696-0300][46.385s][14000][1580 ][info][gc,heap     ] GC(21) y:  Capacity:     3072M (100%)       3072M (100%)       3072M (100%)       3072M (100%)       3072M (100%)       3072M (100%)   
[2026-06-26T13:52:02.696-0300][46.385s][14000][1580 ][info][gc,heap     ] GC(21) y:      Free:     1686M (55%)        1212M (39%)        1220M (40%)        1496M (49%)        1686M (55%)        1124M (37%)    
[2026-06-26T13:52:02.696-0300][46.385s][14000][1580 ][info][gc,heap     ] GC(21) y:      Used:     1386M (45%)        1860M (61%)        1852M (60%)        1576M (51%)        1948M (63%)        1386M (45%)    
[2026-06-26T13:52:02.696-0300][46.385s][14000][1580 ][info][gc,heap     ] GC(21) y: Young Generation Statistics:
[2026-06-26T13:52:02.696-0300][46.385s][14000][1580 ][info][gc,heap     ] GC(21) y:                Mark Start          Mark End        Relocate Start      Relocate End    
[2026-06-26T13:52:02.696-0300][46.385s][14000][1580 ][info][gc,heap     ] GC(21) y:      Used:      546M (18%)        1020M (33%)         998M (32%)         716M (23%)    
[2026-06-26T13:52:02.696-0300][46.385s][14000][1580 ][info][gc,heap     ] GC(21) y:      Live:         -                64M (2%)           50M (2%)           48M (2%)     
[2026-06-26T13:52:02.696-0300][46.385s][14000][1580 ][info][gc,heap     ] GC(21) y:   Garbage:         -               481M (16%)         441M (14%)           7M (0%)     
[2026-06-26T13:52:02.696-0300][46.385s][14000][1580 ][info][gc,heap     ] GC(21) y: Allocated:         -               474M (15%)         506M (16%)         660M (21%)    
[2026-06-26T13:52:02.696-0300][46.385s][14000][1580 ][info][gc,heap     ] GC(21) y: Reclaimed:         -                  -                40M (1%)          474M (15%)    
[2026-06-26T13:52:02.696-0300][46.385s][14000][1580 ][info][gc,heap     ] GC(21) y:  Promoted:         -                  -                13M (0%)           15M (1%)     
[2026-06-26T13:52:02.696-0300][46.385s][14000][1580 ][info][gc,heap     ] GC(21) y: Compacted:         -                  -                  -                11M (0%)     
[2026-06-26T13:52:02.696-0300][46.385s][14000][1580 ][info][gc,phases   ] GC(21) y: Young Generation 1386M(45%)->1576M(51%) 0.117s
[2026-06-26T13:52:02.696-0300][46.385s][14000][1580 ][info][gc          ] GC(21) Minor Collection (Allocation Rate) 1386M(45%)->1576M(51%) 0.117s
[2026-06-26T13:52:02.696-0300][46.385s][14000][1580 ][info][gc          ] GC(22) Minor Collection (Allocation Rate)
[2026-06-26T13:52:02.697-0300][46.385s][14000][1580 ][info][gc,task     ] GC(22) Using 2 Workers for Young Generation
[2026-06-26T13:52:02.697-0300][46.385s][14000][1580 ][info][gc,phases   ] GC(22) y: Young Generation
[2026-06-26T13:52:02.697-0300][46.385s][14000][2192 ][info][gc,phases   ] GC(22) y: Pause Mark Start 0.010ms
[2026-06-26T13:52:02.773-0300][46.461s][14000][1580 ][info][gc,phases   ] GC(22) y: Concurrent Mark 75.828ms
[2026-06-26T13:52:02.773-0300][46.461s][14000][2192 ][info][gc,phases   ] GC(22) y: Pause Mark End 0.015ms
[2026-06-26T13:52:02.773-0300][46.461s][14000][1580 ][info][gc,phases   ] GC(22) y: Concurrent Mark Free 0.011ms
[2026-06-26T13:52:02.773-0300][46.461s][14000][1580 ][info][gc,phases   ] GC(22) y: Concurrent Reset Relocation Set 0.043ms
[2026-06-26T13:52:02.773-0300][46.461s][14000][1580 ][info][gc,reloc    ] GC(22) y: Using tenuring threshold: 1 (Computed)
[2026-06-26T13:52:02.789-0300][46.478s][14000][1580 ][info][gc,phases   ] GC(22) y: Concurrent Select Relocation Set 16.474ms
[2026-06-26T13:52:02.789-0300][46.478s][14000][2192 ][info][gc,phases   ] GC(22) y: Pause Relocate Start 0.013ms
[2026-06-26T13:52:02.824-0300][46.512s][14000][1580 ][info][gc,phases   ] GC(22) y: Concurrent Relocate 33.968ms
[2026-06-26T13:52:02.824-0300][46.512s][14000][1580 ][info][gc,alloc    ] GC(22) y:                         Mark Start        Mark End      Relocate Start    Relocate End   
[2026-06-26T13:52:02.824-0300][46.512s][14000][1580 ][info][gc,alloc    ] GC(22) y: Allocation Stalls:          0                0                0                0         
[2026-06-26T13:52:02.824-0300][46.512s][14000][1580 ][info][gc,load     ] GC(22) y: Load: 0.00 (0%) / 0.00 (0%) / 0.00 (0%)
[2026-06-26T13:52:02.824-0300][46.512s][14000][1580 ][info][gc,mmu      ] GC(22) y: MMU: 2ms/52.1%, 5ms/80.9%, 10ms/90.4%, 20ms/95.2%, 50ms/94.9%, 100ms/97.5%
[2026-06-26T13:52:02.824-0300][46.512s][14000][1580 ][info][gc,marking  ] GC(22) y: Mark: 2 stripe(s), 2 proactive flush(es), 1 terminate flush(es), 0 completion(s), 0 continuation(s) 
[2026-06-26T13:52:02.824-0300][46.512s][14000][1580 ][info][gc,nmethod  ] GC(22) y: NMethods: 10228 registered, 0 unregistered
[2026-06-26T13:52:02.824-0300][46.512s][14000][1580 ][info][gc,metaspace] GC(22) y: Metaspace: 61M used, 62M committed, 1088M reserved
[2026-06-26T13:52:02.824-0300][46.512s][14000][1580 ][info][gc,reloc    ] GC(22) y:                        Candidates     Selected     In-Place         Size        Empty    Relocated 
[2026-06-26T13:52:02.824-0300][46.512s][14000][1580 ][info][gc,reloc    ] GC(22) y: Small Pages:                  294          233            0         588M          52M           9M 
[2026-06-26T13:52:02.824-0300][46.512s][14000][1580 ][info][gc,reloc    ] GC(22) y: Medium Pages:                   4            2            0         128M          32M           4M 
[2026-06-26T13:52:02.824-0300][46.512s][14000][1580 ][info][gc,reloc    ] GC(22) y: Large Pages:                    0            0            0           0M           0M           0M 
[2026-06-26T13:52:02.824-0300][46.512s][14000][1580 ][info][gc,reloc    ] GC(22) y: Forwarding Usage: 3M
[2026-06-26T13:52:02.824-0300][46.512s][14000][1580 ][info][gc,reloc    ] GC(22) y: Age Table:
[2026-06-26T13:52:02.824-0300][46.512s][14000][1580 ][info][gc,reloc    ] GC(22) y:                    Live             Garbage             Small              Medium             Large        
[2026-06-26T13:52:02.824-0300][46.512s][14000][1580 ][info][gc,reloc    ] GC(22) y: Eden              17M (1%)          544M (18%)        265 / 231            1 / 1              0 / 0        
[2026-06-26T13:52:02.824-0300][46.512s][14000][1580 ][info][gc,reloc    ] GC(22) y: Survivor 1        12M (0%)           39M (1%)          10 / 2              1 / 0              0 / 0        
[2026-06-26T13:52:02.824-0300][46.512s][14000][1580 ][info][gc,reloc    ] GC(22) y: Survivor 2        34M (1%)           67M (2%)          19 / 0              2 / 1              0 / 0        
[2026-06-26T13:52:02.824-0300][46.512s][14000][1580 ][info][gc,heap     ] GC(22) y: Min Capacity: 8M(0%)
[2026-06-26T13:52:02.824-0300][46.512s][14000][1580 ][info][gc,heap     ] GC(22) y: Max Capacity: 3072M(100%)
[2026-06-26T13:52:02.824-0300][46.512s][14000][1580 ][info][gc,heap     ] GC(22) y: Soft Max Capacity: 3072M(100%)
[2026-06-26T13:52:02.824-0300][46.512s][14000][1580 ][info][gc,heap     ] GC(22) y: Heap Statistics:
[2026-06-26T13:52:02.824-0300][46.512s][14000][1580 ][info][gc,heap     ] GC(22) y:                Mark Start          Mark End        Relocate Start      Relocate End           High               Low         
[2026-06-26T13:52:02.824-0300][46.512s][14000][1580 ][info][gc,heap     ] GC(22) y:  Capacity:     3072M (100%)       3072M (100%)       3072M (100%)       3072M (100%)       3072M (100%)       3072M (100%)   
[2026-06-26T13:52:02.824-0300][46.512s][14000][1580 ][info][gc,heap     ] GC(22) y:      Free:     1496M (49%)        1130M (37%)        1152M (38%)        1450M (47%)        1568M (51%)        1072M (35%)    
[2026-06-26T13:52:02.824-0300][46.512s][14000][1580 ][info][gc,heap     ] GC(22) y:      Used:     1576M (51%)        1942M (63%)        1920M (62%)        1622M (53%)        2000M (65%)        1504M (49%)    
[2026-06-26T13:52:02.824-0300][46.512s][14000][1580 ][info][gc,heap     ] GC(22) y: Young Generation Statistics:
[2026-06-26T13:52:02.825-0300][46.512s][14000][1580 ][info][gc,heap     ] GC(22) y:                Mark Start          Mark End        Relocate Start      Relocate End    
[2026-06-26T13:52:02.825-0300][46.512s][14000][1580 ][info][gc,heap     ] GC(22) y:      Used:      716M (23%)        1082M (35%)        1010M (33%)         674M (22%)    
[2026-06-26T13:52:02.825-0300][46.512s][14000][1580 ][info][gc,heap     ] GC(22) y:      Live:         -                64M (2%)           21M (1%)           17M (1%)     
[2026-06-26T13:52:02.825-0300][46.512s][14000][1580 ][info][gc,heap     ] GC(22) y:   Garbage:         -               651M (21%)         560M (18%)           1M (0%)     
[2026-06-26T13:52:02.825-0300][46.512s][14000][1580 ][info][gc,heap     ] GC(22) y: Allocated:         -               366M (12%)         428M (14%)         654M (21%)    
[2026-06-26T13:52:02.825-0300][46.512s][14000][1580 ][info][gc,heap     ] GC(22) y: Reclaimed:         -                  -                91M (3%)          649M (21%)    
[2026-06-26T13:52:02.825-0300][46.512s][14000][1580 ][info][gc,heap     ] GC(22) y:  Promoted:         -                  -                42M (1%)           46M (2%)     
[2026-06-26T13:52:02.825-0300][46.512s][14000][1580 ][info][gc,heap     ] GC(22) y: Compacted:         -                  -                  -                13M (0%)     
[2026-06-26T13:52:02.825-0300][46.512s][14000][1580 ][info][gc,phases   ] GC(22) y: Young Generation 1576M(51%)->1622M(53%) 0.127s
[2026-06-26T13:52:02.825-0300][46.512s][14000][1580 ][info][gc          ] GC(22) Minor Collection (Allocation Rate) 1576M(51%)->1624M(53%) 0.128s
[2026-06-26T13:52:02.825-0300][46.513s][14000][1580 ][info][gc          ] GC(23) Minor Collection (Allocation Rate)
[2026-06-26T13:52:02.825-0300][46.513s][14000][1580 ][info][gc,task     ] GC(23) Using 2 Workers for Young Generation
[2026-06-26T13:52:02.825-0300][46.513s][14000][1580 ][info][gc,phases   ] GC(23) y: Young Generation
[2026-06-26T13:52:02.825-0300][46.513s][14000][2192 ][info][gc,phases   ] GC(23) y: Pause Mark Start 0.023ms
[2026-06-26T13:52:02.875-0300][46.562s][14000][1580 ][info][gc,phases   ] GC(23) y: Concurrent Mark 49.499ms
[2026-06-26T13:52:02.875-0300][46.563s][14000][2192 ][info][gc,phases   ] GC(23) y: Pause Mark End 0.014ms
[2026-06-26T13:52:02.875-0300][46.563s][14000][1580 ][info][gc,phases   ] GC(23) y: Concurrent Mark Free 0.005ms
[2026-06-26T13:52:02.875-0300][46.563s][14000][1580 ][info][gc,phases   ] GC(23) y: Concurrent Reset Relocation Set 0.142ms
[2026-06-26T13:52:02.875-0300][46.563s][14000][1580 ][info][gc,reloc    ] GC(23) y: Using tenuring threshold: 2 (Computed)
[2026-06-26T13:52:02.876-0300][46.564s][14000][1580 ][info][gc,phases   ] GC(23) y: Concurrent Select Relocation Set 0.739ms
[2026-06-26T13:52:02.876-0300][46.564s][14000][2192 ][info][gc,phases   ] GC(23) y: Pause Relocate Start 0.011ms
[2026-06-26T13:52:02.881-0300][46.569s][14000][1580 ][info][gc,phases   ] GC(23) y: Concurrent Relocate 5.422ms
[2026-06-26T13:52:02.881-0300][46.569s][14000][1580 ][info][gc,alloc    ] GC(23) y:                         Mark Start        Mark End      Relocate Start    Relocate End   
[2026-06-26T13:52:02.881-0300][46.569s][14000][1580 ][info][gc,alloc    ] GC(23) y: Allocation Stalls:          0                0                0                0         
[2026-06-26T13:52:02.881-0300][46.569s][14000][1580 ][info][gc,load     ] GC(23) y: Load: 0.00 (0%) / 0.00 (0%) / 0.00 (0%)
[2026-06-26T13:52:02.881-0300][46.569s][14000][1580 ][info][gc,mmu      ] GC(23) y: MMU: 2ms/52.1%, 5ms/80.9%, 10ms/90.4%, 20ms/95.2%, 50ms/94.9%, 100ms/97.5%
[2026-06-26T13:52:02.881-0300][46.569s][14000][1580 ][info][gc,marking  ] GC(23) y: Mark: 2 stripe(s), 2 proactive flush(es), 1 terminate flush(es), 0 completion(s), 0 continuation(s) 
[2026-06-26T13:52:02.881-0300][46.569s][14000][1580 ][info][gc,nmethod  ] GC(23) y: NMethods: 10235 registered, 0 unregistered
[2026-06-26T13:52:02.881-0300][46.569s][14000][1580 ][info][gc,metaspace] GC(23) y: Metaspace: 61M used, 62M committed, 1088M reserved
[2026-06-26T13:52:02.881-0300][46.569s][14000][1580 ][info][gc,reloc    ] GC(23) y:                        Candidates     Selected     In-Place         Size        Empty    Relocated 
[2026-06-26T13:52:02.881-0300][46.569s][14000][1580 ][info][gc,reloc    ] GC(23) y: Small Pages:                  290          244            0         580M          60M           6M 
[2026-06-26T13:52:02.881-0300][46.569s][14000][1580 ][info][gc,reloc    ] GC(23) y: Medium Pages:                   3            2            0          96M           0M           4M 
[2026-06-26T13:52:02.881-0300][46.569s][14000][1580 ][info][gc,reloc    ] GC(23) y: Large Pages:                    0            0            0           0M           0M           0M 
[2026-06-26T13:52:02.881-0300][46.569s][14000][1580 ][info][gc,reloc    ] GC(23) y: Forwarding Usage: 2M
[2026-06-26T13:52:02.881-0300][46.569s][14000][1580 ][info][gc,reloc    ] GC(23) y: Age Table:
[2026-06-26T13:52:02.881-0300][46.569s][14000][1580 ][info][gc,reloc    ] GC(23) y:                    Live             Garbage             Small              Medium             Large        
[2026-06-26T13:52:02.881-0300][46.569s][14000][1580 ][info][gc,reloc    ] GC(23) y: Eden              13M (0%)          566M (18%)        274 / 237            1 / 1              0 / 0        
[2026-06-26T13:52:02.881-0300][46.569s][14000][1580 ][info][gc,reloc    ] GC(23) y: Survivor 1        17M (1%)           78M (3%)          16 / 7              2 / 1              0 / 0        
[2026-06-26T13:52:02.881-0300][46.569s][14000][1580 ][info][gc,heap     ] GC(23) y: Min Capacity: 8M(0%)
[2026-06-26T13:52:02.881-0300][46.569s][14000][1580 ][info][gc,heap     ] GC(23) y: Max Capacity: 3072M(100%)
[2026-06-26T13:52:02.881-0300][46.569s][14000][1580 ][info][gc,heap     ] GC(23) y: Soft Max Capacity: 3072M(100%)
[2026-06-26T13:52:02.881-0300][46.569s][14000][1580 ][info][gc,heap     ] GC(23) y: Heap Statistics:
[2026-06-26T13:52:02.881-0300][46.570s][14000][1580 ][info][gc,heap     ] GC(23) y:                Mark Start          Mark End        Relocate Start      Relocate End           High               Low         
[2026-06-26T13:52:02.881-0300][46.570s][14000][1580 ][info][gc,heap     ] GC(23) y:  Capacity:     3072M (100%)       3072M (100%)       3072M (100%)       3072M (100%)       3072M (100%)       3072M (100%)   
[2026-06-26T13:52:02.881-0300][46.570s][14000][1580 ][info][gc,heap     ] GC(23) y:      Free:     1448M (47%)        1256M (41%)        1314M (43%)        1808M (59%)        1812M (59%)        1250M (41%)    
[2026-06-26T13:52:02.881-0300][46.570s][14000][1580 ][info][gc,heap     ] GC(23) y:      Used:     1624M (53%)        1816M (59%)        1758M (57%)        1264M (41%)        1822M (59%)        1260M (41%)    
[2026-06-26T13:52:02.881-0300][46.570s][14000][1580 ][info][gc,heap     ] GC(23) y: Young Generation Statistics:
[2026-06-26T13:52:02.881-0300][46.570s][14000][1580 ][info][gc,heap     ] GC(23) y:                Mark Start          Mark End        Relocate Start      Relocate End    
[2026-06-26T13:52:02.881-0300][46.570s][14000][1580 ][info][gc,heap     ] GC(23) y:      Used:      676M (22%)         868M (28%)         810M (26%)         316M (10%)    
[2026-06-26T13:52:02.881-0300][46.570s][14000][1580 ][info][gc,heap     ] GC(23) y:      Live:         -                31M (1%)           31M (1%)           31M (1%)     
[2026-06-26T13:52:02.881-0300][46.570s][14000][1580 ][info][gc,heap     ] GC(23) y:   Garbage:         -               644M (21%)         584M (19%)           4M (0%)     
[2026-06-26T13:52:02.881-0300][46.570s][14000][1580 ][info][gc,heap     ] GC(23) y: Allocated:         -               192M (6%)          194M (6%)          280M (9%)     
[2026-06-26T13:52:02.881-0300][46.570s][14000][1580 ][info][gc,heap     ] GC(23) y: Reclaimed:         -                  -                60M (2%)          640M (21%)    
[2026-06-26T13:52:02.881-0300][46.570s][14000][1580 ][info][gc,heap     ] GC(23) y:  Promoted:         -                  -                 0M (0%)            0M (0%)     
[2026-06-26T13:52:02.881-0300][46.570s][14000][1580 ][info][gc,heap     ] GC(23) y: Compacted:         -                  -                  -                13M (0%)     
[2026-06-26T13:52:02.881-0300][46.570s][14000][1580 ][info][gc,phases   ] GC(23) y: Young Generation 1624M(53%)->1264M(41%) 0.057s
[2026-06-26T13:52:02.881-0300][46.570s][14000][1580 ][info][gc          ] GC(23) Minor Collection (Allocation Rate) 1624M(53%)->1268M(41%) 0.057s
[2026-06-26T13:52:02.986-0300][46.674s][14000][1580 ][info][gc          ] GC(24) Minor Collection (Allocation Rate)
[2026-06-26T13:52:02.986-0300][46.674s][14000][1580 ][info][gc,task     ] GC(24) Using 2 Workers for Young Generation
[2026-06-26T13:52:02.986-0300][46.674s][14000][1580 ][info][gc,phases   ] GC(24) y: Young Generation
[2026-06-26T13:52:02.986-0300][46.674s][14000][2192 ][info][gc,phases   ] GC(24) y: Pause Mark Start 0.014ms
[2026-06-26T13:52:03.037-0300][46.725s][14000][1580 ][info][gc,phases   ] GC(24) y: Concurrent Mark 51.053ms
[2026-06-26T13:52:03.037-0300][46.726s][14000][2192 ][info][gc,phases   ] GC(24) y: Pause Mark End 0.029ms
[2026-06-26T13:52:03.037-0300][46.726s][14000][1580 ][info][gc,phases   ] GC(24) y: Concurrent Mark Free 0.008ms
[2026-06-26T13:52:03.037-0300][46.726s][14000][1580 ][info][gc,phases   ] GC(24) y: Concurrent Reset Relocation Set 0.019ms
[2026-06-26T13:52:03.038-0300][46.726s][14000][1580 ][info][gc,reloc    ] GC(24) y: Using tenuring threshold: 2 (Computed)
[2026-06-26T13:52:03.045-0300][46.733s][14000][1580 ][info][gc,phases   ] GC(24) y: Concurrent Select Relocation Set 7.422ms
[2026-06-26T13:52:03.046-0300][46.733s][14000][2192 ][info][gc,phases   ] GC(24) y: Pause Relocate Start 0.018ms
[2026-06-26T13:52:03.063-0300][46.751s][14000][1580 ][info][gc,phases   ] GC(24) y: Concurrent Relocate 17.847ms
[2026-06-26T13:52:03.063-0300][46.751s][14000][1580 ][info][gc,alloc    ] GC(24) y:                         Mark Start        Mark End      Relocate Start    Relocate End   
[2026-06-26T13:52:03.063-0300][46.751s][14000][1580 ][info][gc,alloc    ] GC(24) y: Allocation Stalls:          0                0                0                0         
[2026-06-26T13:52:03.063-0300][46.752s][14000][1580 ][info][gc,load     ] GC(24) y: Load: 0.00 (0%) / 0.00 (0%) / 0.00 (0%)
[2026-06-26T13:52:03.063-0300][46.752s][14000][1580 ][info][gc,mmu      ] GC(24) y: MMU: 2ms/52.1%, 5ms/80.9%, 10ms/90.4%, 20ms/95.2%, 50ms/94.9%, 100ms/97.5%
[2026-06-26T13:52:03.063-0300][46.752s][14000][1580 ][info][gc,marking  ] GC(24) y: Mark: 2 stripe(s), 2 proactive flush(es), 1 terminate flush(es), 0 completion(s), 0 continuation(s) 
[2026-06-26T13:52:03.063-0300][46.752s][14000][1580 ][info][gc,nmethod  ] GC(24) y: NMethods: 10340 registered, 0 unregistered
[2026-06-26T13:52:03.063-0300][46.752s][14000][1580 ][info][gc,metaspace] GC(24) y: Metaspace: 61M used, 62M committed, 1088M reserved
[2026-06-26T13:52:03.063-0300][46.752s][14000][1580 ][info][gc,reloc    ] GC(24) y:                        Candidates     Selected     In-Place         Size        Empty    Relocated 
[2026-06-26T13:52:03.063-0300][46.752s][14000][1580 ][info][gc,reloc    ] GC(24) y: Small Pages:                  356          307            0         712M          60M           8M 
[2026-06-26T13:52:03.063-0300][46.752s][14000][1580 ][info][gc,reloc    ] GC(24) y: Medium Pages:                   2            1            0          64M           0M           3M 
[2026-06-26T13:52:03.063-0300][46.752s][14000][1580 ][info][gc,reloc    ] GC(24) y: Large Pages:                    0            0            0           0M           0M           0M 
[2026-06-26T13:52:03.063-0300][46.752s][14000][1580 ][info][gc,reloc    ] GC(24) y: Forwarding Usage: 3M
[2026-06-26T13:52:03.063-0300][46.752s][14000][1580 ][info][gc,reloc    ] GC(24) y: Age Table:
[2026-06-26T13:52:03.063-0300][46.752s][14000][1580 ][info][gc,reloc    ] GC(24) y:                    Live             Garbage             Small              Medium             Large        
[2026-06-26T13:52:03.063-0300][46.752s][14000][1580 ][info][gc,reloc    ] GC(24) y: Eden               7M (0%)          670M (22%)        339 / 305            0 / 0              0 / 0        
[2026-06-26T13:52:03.063-0300][46.752s][14000][1580 ][info][gc,reloc    ] GC(24) y: Survivor 1        13M (0%)           34M (1%)           8 / 2              1 / 0              0 / 0        
[2026-06-26T13:52:03.063-0300][46.752s][14000][1580 ][info][gc,reloc    ] GC(24) y: Survivor 2        17M (1%)           32M (1%)           9 / 0              1 / 1              0 / 0        
[2026-06-26T13:52:03.063-0300][46.752s][14000][1580 ][info][gc,heap     ] GC(24) y: Min Capacity: 8M(0%)
[2026-06-26T13:52:03.063-0300][46.752s][14000][1580 ][info][gc,heap     ] GC(24) y: Max Capacity: 3072M(100%)
[2026-06-26T13:52:03.063-0300][46.752s][14000][1580 ][info][gc,heap     ] GC(24) y: Soft Max Capacity: 3072M(100%)
[2026-06-26T13:52:03.063-0300][46.752s][14000][1580 ][info][gc,heap     ] GC(24) y: Heap Statistics:
[2026-06-26T13:52:03.063-0300][46.752s][14000][1580 ][info][gc,heap     ] GC(24) y:                Mark Start          Mark End        Relocate Start      Relocate End           High               Low         
[2026-06-26T13:52:03.063-0300][46.752s][14000][1580 ][info][gc,heap     ] GC(24) y:  Capacity:     3072M (100%)       3072M (100%)       3072M (100%)       3072M (100%)       3072M (100%)       3072M (100%)   
[2026-06-26T13:52:03.063-0300][46.752s][14000][1580 ][info][gc,heap     ] GC(24) y:      Free:     1348M (44%)        1130M (37%)        1156M (38%)        1660M (54%)        1702M (55%)        1052M (34%)    
[2026-06-26T13:52:03.063-0300][46.752s][14000][1580 ][info][gc,heap     ] GC(24) y:      Used:     1724M (56%)        1942M (63%)        1916M (62%)        1412M (46%)        2020M (66%)        1370M (45%)    
[2026-06-26T13:52:03.063-0300][46.752s][14000][1580 ][info][gc,heap     ] GC(24) y: Young Generation Statistics:
[2026-06-26T13:52:03.063-0300][46.752s][14000][1580 ][info][gc,heap     ] GC(24) y:                Mark Start          Mark End        Relocate Start      Relocate End    
[2026-06-26T13:52:03.063-0300][46.752s][14000][1580 ][info][gc,heap     ] GC(24) y:      Used:      776M (25%)         994M (32%)         954M (31%)         380M (12%)    
[2026-06-26T13:52:03.063-0300][46.752s][14000][1580 ][info][gc,heap     ] GC(24) y:      Live:         -                39M (1%)           26M (1%)           21M (1%)     
[2026-06-26T13:52:03.063-0300][46.752s][14000][1580 ][info][gc,heap     ] GC(24) y:   Garbage:         -               736M (24%)         675M (22%)           0M (0%)     
[2026-06-26T13:52:03.063-0300][46.752s][14000][1580 ][info][gc,heap     ] GC(24) y: Allocated:         -               218M (7%)          252M (8%)          357M (12%)    
[2026-06-26T13:52:03.063-0300][46.752s][14000][1580 ][info][gc,heap     ] GC(24) y: Reclaimed:         -                  -                61M (2%)          736M (24%)    
[2026-06-26T13:52:03.063-0300][46.752s][14000][1580 ][info][gc,heap     ] GC(24) y:  Promoted:         -                  -                12M (0%)           17M (1%)     
[2026-06-26T13:52:03.063-0300][46.752s][14000][1580 ][info][gc,heap     ] GC(24) y: Compacted:         -                  -                  -                12M (0%)     
[2026-06-26T13:52:03.063-0300][46.752s][14000][1580 ][info][gc,phases   ] GC(24) y: Young Generation 1724M(56%)->1412M(46%) 0.077s
[2026-06-26T13:52:03.063-0300][46.752s][14000][1580 ][info][gc          ] GC(24) Minor Collection (Allocation Rate) 1722M(56%)->1416M(46%) 0.078s
[2026-06-26T13:52:03.115-0300][46.803s][14000][1580 ][info][gc          ] GC(25) Minor Collection (Allocation Rate)
[2026-06-26T13:52:03.115-0300][46.803s][14000][1580 ][info][gc,task     ] GC(25) Using 2 Workers for Young Generation
[2026-06-26T13:52:03.115-0300][46.803s][14000][1580 ][info][gc,phases   ] GC(25) y: Young Generation
[2026-06-26T13:52:03.115-0300][46.804s][14000][2192 ][info][gc,phases   ] GC(25) y: Pause Mark Start 0.011ms
[2026-06-26T13:52:03.159-0300][46.847s][14000][1580 ][info][gc,phases   ] GC(25) y: Concurrent Mark 42.764ms
[2026-06-26T13:52:03.159-0300][46.847s][14000][2192 ][info][gc,phases   ] GC(25) y: Pause Mark End 0.018ms
[2026-06-26T13:52:03.159-0300][46.847s][14000][1580 ][info][gc,phases   ] GC(25) y: Concurrent Mark Free 0.006ms
[2026-06-26T13:52:03.159-0300][46.847s][14000][1580 ][info][gc,phases   ] GC(25) y: Concurrent Reset Relocation Set 0.044ms
[2026-06-26T13:52:03.159-0300][46.847s][14000][1580 ][info][gc,reloc    ] GC(25) y: Using tenuring threshold: 2 (Computed)
[2026-06-26T13:52:03.165-0300][46.853s][14000][1580 ][info][gc,phases   ] GC(25) y: Concurrent Select Relocation Set 6.394ms
[2026-06-26T13:52:03.166-0300][46.853s][14000][2192 ][info][gc,phases   ] GC(25) y: Pause Relocate Start 0.012ms
[2026-06-26T13:52:03.177-0300][46.866s][14000][1580 ][info][gc,phases   ] GC(25) y: Concurrent Relocate 12.107ms
[2026-06-26T13:52:03.177-0300][46.866s][14000][1580 ][info][gc,alloc    ] GC(25) y:                         Mark Start        Mark End      Relocate Start    Relocate End   
[2026-06-26T13:52:03.177-0300][46.866s][14000][1580 ][info][gc,alloc    ] GC(25) y: Allocation Stalls:          0                0                0                0         
[2026-06-26T13:52:03.177-0300][46.866s][14000][1580 ][info][gc,load     ] GC(25) y: Load: 0.00 (0%) / 0.00 (0%) / 0.00 (0%)
[2026-06-26T13:52:03.177-0300][46.866s][14000][1580 ][info][gc,mmu      ] GC(25) y: MMU: 2ms/52.1%, 5ms/80.9%, 10ms/90.4%, 20ms/95.2%, 50ms/94.9%, 100ms/97.5%
[2026-06-26T13:52:03.177-0300][46.866s][14000][1580 ][info][gc,marking  ] GC(25) y: Mark: 2 stripe(s), 3 proactive flush(es), 1 terminate flush(es), 0 completion(s), 0 continuation(s) 
[2026-06-26T13:52:03.177-0300][46.866s][14000][1580 ][info][gc,nmethod  ] GC(25) y: NMethods: 10368 registered, 0 unregistered
[2026-06-26T13:52:03.177-0300][46.866s][14000][1580 ][info][gc,metaspace] GC(25) y: Metaspace: 61M used, 62M committed, 1088M reserved
[2026-06-26T13:52:03.177-0300][46.866s][14000][1580 ][info][gc,reloc    ] GC(25) y:                        Candidates     Selected     In-Place         Size        Empty    Relocated 
[2026-06-26T13:52:03.177-0300][46.866s][14000][1580 ][info][gc,reloc    ] GC(25) y: Small Pages:                  308          261            0         616M          70M           5M 
[2026-06-26T13:52:03.177-0300][46.866s][14000][1580 ][info][gc,reloc    ] GC(25) y: Medium Pages:                   1            0            0          32M           0M           0M 
[2026-06-26T13:52:03.177-0300][46.866s][14000][1580 ][info][gc,reloc    ] GC(25) y: Large Pages:                    0            0            0           0M           0M           0M 
[2026-06-26T13:52:03.177-0300][46.866s][14000][1580 ][info][gc,reloc    ] GC(25) y: Forwarding Usage: 1M
[2026-06-26T13:52:03.177-0300][46.866s][14000][1580 ][info][gc,reloc    ] GC(25) y: Age Table:
[2026-06-26T13:52:03.177-0300][46.866s][14000][1580 ][info][gc,reloc    ] GC(25) y:                    Live             Garbage             Small              Medium             Large        
[2026-06-26T13:52:03.177-0300][46.866s][14000][1580 ][info][gc,reloc    ] GC(25) y: Eden               3M (0%)          582M (19%)        293 / 256            0 / 0              0 / 0        
[2026-06-26T13:52:03.177-0300][46.866s][14000][1580 ][info][gc,reloc    ] GC(25) y: Survivor 1         7M (0%)            4M (0%)           6 / 2              0 / 0              0 / 0        
[2026-06-26T13:52:03.177-0300][46.866s][14000][1580 ][info][gc,reloc    ] GC(25) y: Survivor 2        13M (0%)           36M (1%)           9 / 3              1 / 0              0 / 0        
[2026-06-26T13:52:03.177-0300][46.866s][14000][1580 ][info][gc,heap     ] GC(25) y: Min Capacity: 8M(0%)
[2026-06-26T13:52:03.177-0300][46.866s][14000][1580 ][info][gc,heap     ] GC(25) y: Max Capacity: 3072M(100%)
[2026-06-26T13:52:03.177-0300][46.866s][14000][1580 ][info][gc,heap     ] GC(25) y: Soft Max Capacity: 3072M(100%)
[2026-06-26T13:52:03.177-0300][46.866s][14000][1580 ][info][gc,heap     ] GC(25) y: Heap Statistics:
[2026-06-26T13:52:03.177-0300][46.866s][14000][1580 ][info][gc,heap     ] GC(25) y:                Mark Start          Mark End        Relocate Start      Relocate End           High               Low         
[2026-06-26T13:52:03.177-0300][46.866s][14000][1580 ][info][gc,heap     ] GC(25) y:  Capacity:     3072M (100%)       3072M (100%)       3072M (100%)       3072M (100%)       3072M (100%)       3072M (100%)   
[2026-06-26T13:52:03.177-0300][46.866s][14000][1580 ][info][gc,heap     ] GC(25) y:      Free:     1392M (45%)        1204M (39%)        1248M (41%)        1708M (56%)        1748M (57%)        1204M (39%)    
[2026-06-26T13:52:03.177-0300][46.866s][14000][1580 ][info][gc,heap     ] GC(25) y:      Used:     1680M (55%)        1868M (61%)        1824M (59%)        1364M (44%)        1868M (61%)        1324M (43%)    
[2026-06-26T13:52:03.177-0300][46.866s][14000][1580 ][info][gc,heap     ] GC(25) y: Young Generation Statistics:
[2026-06-26T13:52:03.177-0300][46.866s][14000][1580 ][info][gc,heap     ] GC(25) y:                Mark Start          Mark End        Relocate Start      Relocate End    
[2026-06-26T13:52:03.177-0300][46.866s][14000][1580 ][info][gc,heap     ] GC(25) y:      Used:      648M (21%)         836M (27%)         750M (24%)         286M (9%)     
[2026-06-26T13:52:03.177-0300][46.866s][14000][1580 ][info][gc,heap     ] GC(25) y:      Live:         -                24M (1%)           12M (0%)           10M (0%)     
[2026-06-26T13:52:03.177-0300][46.866s][14000][1580 ][info][gc,heap     ] GC(25) y:   Garbage:         -               623M (20%)         523M (17%)           0M (0%)     
[2026-06-26T13:52:03.177-0300][46.866s][14000][1580 ][info][gc,heap     ] GC(25) y: Allocated:         -               188M (6%)          214M (7%)          275M (9%)     
[2026-06-26T13:52:03.177-0300][46.866s][14000][1580 ][info][gc,heap     ] GC(25) y: Reclaimed:         -                  -               100M (3%)          623M (20%)    
[2026-06-26T13:52:03.177-0300][46.866s][14000][1580 ][info][gc,heap     ] GC(25) y:  Promoted:         -                  -                11M (0%)           13M (0%)     
[2026-06-26T13:52:03.177-0300][46.866s][14000][1580 ][info][gc,heap     ] GC(25) y: Compacted:         -                  -                  -                 4M (0%)     
[2026-06-26T13:52:03.177-0300][46.866s][14000][1580 ][info][gc,phases   ] GC(25) y: Young Generation 1680M(55%)->1364M(44%) 0.062s
[2026-06-26T13:52:03.178-0300][46.866s][14000][1580 ][info][gc          ] GC(25) Minor Collection (Allocation Rate) 1680M(55%)->1366M(44%) 0.063s
[2026-06-26T13:52:03.327-0300][47.015s][14000][1580 ][info][gc          ] GC(26) Minor Collection (Allocation Rate)
[2026-06-26T13:52:03.327-0300][47.015s][14000][1580 ][info][gc,task     ] GC(26) Using 2 Workers for Young Generation
[2026-06-26T13:52:03.327-0300][47.015s][14000][1580 ][info][gc,phases   ] GC(26) y: Young Generation
[2026-06-26T13:52:03.327-0300][47.015s][14000][2192 ][info][gc,phases   ] GC(26) y: Pause Mark Start 0.012ms
[2026-06-26T13:52:03.353-0300][47.041s][14000][1580 ][info][gc,phases   ] GC(26) y: Concurrent Mark 25.723ms
[2026-06-26T13:52:03.353-0300][47.041s][14000][2192 ][info][gc,phases   ] GC(26) y: Pause Mark End 0.033ms
[2026-06-26T13:52:03.353-0300][47.041s][14000][1580 ][info][gc,phases   ] GC(26) y: Concurrent Mark Free 0.004ms
[2026-06-26T13:52:03.353-0300][47.041s][14000][1580 ][info][gc,phases   ] GC(26) y: Concurrent Reset Relocation Set 0.039ms
[2026-06-26T13:52:03.353-0300][47.041s][14000][1580 ][info][gc,reloc    ] GC(26) y: Using tenuring threshold: 3 (Computed)
[2026-06-26T13:52:03.353-0300][47.042s][14000][1580 ][info][gc,phases   ] GC(26) y: Concurrent Select Relocation Set 0.489ms
[2026-06-26T13:52:03.353-0300][47.042s][14000][2192 ][info][gc,phases   ] GC(26) y: Pause Relocate Start 0.007ms
[2026-06-26T13:52:03.358-0300][47.046s][14000][1580 ][info][gc,phases   ] GC(26) y: Concurrent Relocate 4.099ms
[2026-06-26T13:52:03.358-0300][47.046s][14000][1580 ][info][gc,alloc    ] GC(26) y:                         Mark Start        Mark End      Relocate Start    Relocate End   
[2026-06-26T13:52:03.358-0300][47.046s][14000][1580 ][info][gc,alloc    ] GC(26) y: Allocation Stalls:          0                0                0                0         
[2026-06-26T13:52:03.358-0300][47.046s][14000][1580 ][info][gc,load     ] GC(26) y: Load: 0.00 (0%) / 0.00 (0%) / 0.00 (0%)
[2026-06-26T13:52:03.358-0300][47.046s][14000][1580 ][info][gc,mmu      ] GC(26) y: MMU: 2ms/52.1%, 5ms/80.9%, 10ms/90.4%, 20ms/95.2%, 50ms/94.9%, 100ms/97.5%
[2026-06-26T13:52:03.358-0300][47.046s][14000][1580 ][info][gc,marking  ] GC(26) y: Mark: 2 stripe(s), 2 proactive flush(es), 1 terminate flush(es), 0 completion(s), 0 continuation(s) 
[2026-06-26T13:52:03.358-0300][47.046s][14000][1580 ][info][gc,nmethod  ] GC(26) y: NMethods: 10393 registered, 0 unregistered
[2026-06-26T13:52:03.358-0300][47.046s][14000][1580 ][info][gc,metaspace] GC(26) y: Metaspace: 61M used, 62M committed, 1088M reserved
[2026-06-26T13:52:03.358-0300][47.046s][14000][1580 ][info][gc,reloc    ] GC(26) y:                        Candidates     Selected     In-Place         Size        Empty    Relocated 
[2026-06-26T13:52:03.358-0300][47.046s][14000][1580 ][info][gc,reloc    ] GC(26) y: Small Pages:                  452          374            0         904M         136M           6M 
[2026-06-26T13:52:03.358-0300][47.046s][14000][1580 ][info][gc,reloc    ] GC(26) y: Medium Pages:                   0            0            0           0M           0M           0M 
[2026-06-26T13:52:03.358-0300][47.046s][14000][1580 ][info][gc,reloc    ] GC(26) y: Large Pages:                    0            0            0           0M           0M           0M 
[2026-06-26T13:52:03.358-0300][47.046s][14000][1580 ][info][gc,reloc    ] GC(26) y: Forwarding Usage: 1M
[2026-06-26T13:52:03.358-0300][47.046s][14000][1580 ][info][gc,reloc    ] GC(26) y: Age Table:
[2026-06-26T13:52:03.358-0300][47.046s][14000][1580 ][info][gc,reloc    ] GC(26) y:                    Live             Garbage             Small              Medium             Large        
[2026-06-26T13:52:03.358-0300][47.046s][14000][1580 ][info][gc,reloc    ] GC(26) y: Eden               6M (0%)          877M (29%)        442 / 371            0 / 0              0 / 0        
[2026-06-26T13:52:03.358-0300][47.046s][14000][1580 ][info][gc,reloc    ] GC(26) y: Survivor 1         2M (0%)            7M (0%)           5 / 1              0 / 0              0 / 0        
[2026-06-26T13:52:03.358-0300][47.046s][14000][1580 ][info][gc,reloc    ] GC(26) y: Survivor 2         7M (0%)            2M (0%)           5 / 2              0 / 0              0 / 0        
[2026-06-26T13:52:03.358-0300][47.046s][14000][1580 ][info][gc,heap     ] GC(26) y: Min Capacity: 8M(0%)
[2026-06-26T13:52:03.358-0300][47.046s][14000][1580 ][info][gc,heap     ] GC(26) y: Max Capacity: 3072M(100%)
[2026-06-26T13:52:03.358-0300][47.047s][14000][1580 ][info][gc,heap     ] GC(26) y: Soft Max Capacity: 3072M(100%)
[2026-06-26T13:52:03.358-0300][47.047s][14000][1580 ][info][gc,heap     ] GC(26) y: Heap Statistics:
[2026-06-26T13:52:03.358-0300][47.047s][14000][1580 ][info][gc,heap     ] GC(26) y:                Mark Start          Mark End        Relocate Start      Relocate End           High               Low         
[2026-06-26T13:52:03.358-0300][47.047s][14000][1580 ][info][gc,heap     ] GC(26) y:  Capacity:     3072M (100%)       3072M (100%)       3072M (100%)       3072M (100%)       3072M (100%)       3072M (100%)   
[2026-06-26T13:52:03.358-0300][47.047s][14000][1580 ][info][gc,heap     ] GC(26) y:      Free:     1090M (35%)         998M (32%)        1132M (37%)        1860M (61%)        1866M (61%)         998M (32%)    
[2026-06-26T13:52:03.358-0300][47.047s][14000][1580 ][info][gc,heap     ] GC(26) y:      Used:     1982M (65%)        2074M (68%)        1940M (63%)        1212M (39%)        2074M (68%)        1206M (39%)    
[2026-06-26T13:52:03.358-0300][47.047s][14000][1580 ][info][gc,heap     ] GC(26) y: Young Generation Statistics:
[2026-06-26T13:52:03.358-0300][47.047s][14000][1580 ][info][gc,heap     ] GC(26) y:                Mark Start          Mark End        Relocate Start      Relocate End    
[2026-06-26T13:52:03.358-0300][47.047s][14000][1580 ][info][gc,heap     ] GC(26) y:      Used:      904M (29%)         996M (32%)         862M (28%)         134M (4%)     
[2026-06-26T13:52:03.358-0300][47.047s][14000][1580 ][info][gc,heap     ] GC(26) y:      Live:         -                17M (1%)           17M (1%)           17M (1%)     
[2026-06-26T13:52:03.358-0300][47.047s][14000][1580 ][info][gc,heap     ] GC(26) y:   Garbage:         -               886M (29%)         750M (24%)           1M (0%)     
[2026-06-26T13:52:03.358-0300][47.047s][14000][1580 ][info][gc,heap     ] GC(26) y: Allocated:         -                92M (3%)           94M (3%)          115M (4%)     
[2026-06-26T13:52:03.358-0300][47.047s][14000][1580 ][info][gc,heap     ] GC(26) y: Reclaimed:         -                  -               136M (4%)          885M (29%)    
[2026-06-26T13:52:03.358-0300][47.047s][14000][1580 ][info][gc,heap     ] GC(26) y:  Promoted:         -                  -                 0M (0%)            0M (0%)     
[2026-06-26T13:52:03.358-0300][47.047s][14000][1580 ][info][gc,heap     ] GC(26) y: Compacted:         -                  -                  -                 6M (0%)     
[2026-06-26T13:52:03.358-0300][47.047s][14000][1580 ][info][gc,phases   ] GC(26) y: Young Generation 1982M(65%)->1212M(39%) 0.031s
[2026-06-26T13:52:03.358-0300][47.047s][14000][1580 ][info][gc          ] GC(26) Minor Collection (Allocation Rate) 1980M(64%)->1212M(39%) 0.032s
[2026-06-26T13:52:03.413-0300][47.102s][14000][1600 ][info][gc,phases   ] GC(15) O: Concurrent Mark 1474.487ms
[2026-06-26T13:52:03.413-0300][47.102s][14000][2192 ][info][gc,phases   ] GC(15) O: Pause Mark End 0.015ms
[2026-06-26T13:52:03.413-0300][47.102s][14000][1600 ][info][gc,phases   ] GC(15) O: Concurrent Mark Free 0.003ms
[2026-06-26T13:52:03.461-0300][47.149s][14000][1600 ][info][gc,phases   ] GC(15) O: Concurrent Process Non-Strong 47.030ms
[2026-06-26T13:52:03.461-0300][47.149s][14000][1600 ][info][gc,phases   ] GC(15) O: Concurrent Reset Relocation Set 0.004ms
[2026-06-26T13:52:03.467-0300][47.155s][14000][1600 ][info][gc,phases   ] GC(15) O: Concurrent Select Relocation Set 6.117ms
[2026-06-26T13:52:03.467-0300][47.155s][14000][1600 ][info][gc,task     ] GC(15) O: Using 3 Workers for Old Generation
[2026-06-26T13:52:03.473-0300][47.161s][14000][1600 ][info][gc,task     ] GC(15) O: Using 1 Workers for Old Generation
[2026-06-26T13:52:03.473-0300][47.161s][14000][1600 ][info][gc,phases   ] GC(15) O: Concurrent Remap Roots 6.052ms
[2026-06-26T13:52:03.473-0300][47.161s][14000][2192 ][info][gc,phases   ] GC(15) O: Pause Relocate Start 0.017ms
[2026-06-26T13:52:03.556-0300][47.244s][14000][1600 ][info][gc,phases   ] GC(15) O: Concurrent Relocate 82.334ms
[2026-06-26T13:52:03.556-0300][47.244s][14000][1600 ][info][gc,alloc    ] GC(15) O:                         Mark Start        Mark End      Relocate Start    Relocate End   
[2026-06-26T13:52:03.556-0300][47.244s][14000][1600 ][info][gc,alloc    ] GC(15) O: Allocation Stalls:          0                0                0                0         
[2026-06-26T13:52:03.556-0300][47.244s][14000][1600 ][info][gc,load     ] GC(15) O: Load: 0.00 (0%) / 0.00 (0%) / 0.00 (0%)
[2026-06-26T13:52:03.556-0300][47.244s][14000][1600 ][info][gc,mmu      ] GC(15) O: MMU: 2ms/52.1%, 5ms/80.9%, 10ms/90.4%, 20ms/95.2%, 50ms/94.9%, 100ms/97.5%
[2026-06-26T13:52:03.556-0300][47.244s][14000][1600 ][info][gc,marking  ] GC(15) O: Mark: 1 stripe(s), 2 proactive flush(es), 1 terminate flush(es), 0 completion(s), 0 continuation(s) 
[2026-06-26T13:52:03.556-0300][47.244s][14000][1600 ][info][gc,nmethod  ] GC(15) O: NMethods: 9625 registered, 773 unregistered
[2026-06-26T13:52:03.556-0300][47.244s][14000][1600 ][info][gc,metaspace] GC(15) O: Metaspace: 61M used, 62M committed, 1088M reserved
[2026-06-26T13:52:03.556-0300][47.244s][14000][1600 ][info][gc,ref      ] GC(15) O:                       Encountered   Discovered     Enqueued 
[2026-06-26T13:52:03.556-0300][47.244s][14000][1600 ][info][gc,ref      ] GC(15) O: Soft References:             5193            0            0 
[2026-06-26T13:52:03.556-0300][47.244s][14000][1600 ][info][gc,ref      ] GC(15) O: Weak References:             4495         3699          529 
[2026-06-26T13:52:03.556-0300][47.244s][14000][1600 ][info][gc,ref      ] GC(15) O: Final References:              13            5            0 
[2026-06-26T13:52:03.556-0300][47.244s][14000][1600 ][info][gc,ref      ] GC(15) O: Phantom References:          9386         7184         2925 
[2026-06-26T13:52:03.556-0300][47.244s][14000][1600 ][info][gc,reloc    ] GC(15) O:                        Candidates     Selected     In-Place         Size        Empty    Relocated 
[2026-06-26T13:52:03.556-0300][47.244s][14000][1600 ][info][gc,reloc    ] GC(15) O: Small Pages:                  323           18            0         646M           0M          11M 
[2026-06-26T13:52:03.556-0300][47.244s][14000][1600 ][info][gc,reloc    ] GC(15) O: Medium Pages:                   5            4            0         160M           0M          17M 
[2026-06-26T13:52:03.556-0300][47.244s][14000][1600 ][info][gc,reloc    ] GC(15) O: Large Pages:                    1            0            0          12M           0M           0M 
[2026-06-26T13:52:03.556-0300][47.244s][14000][1600 ][info][gc,reloc    ] GC(15) O: Forwarding Usage: 20M
[2026-06-26T13:52:03.556-0300][47.244s][14000][1600 ][info][gc,heap     ] GC(15) O: Min Capacity: 8M(0%)
[2026-06-26T13:52:03.556-0300][47.244s][14000][1600 ][info][gc,heap     ] GC(15) O: Max Capacity: 3072M(100%)
[2026-06-26T13:52:03.556-0300][47.244s][14000][1600 ][info][gc,heap     ] GC(15) O: Soft Max Capacity: 3072M(100%)
[2026-06-26T13:52:03.556-0300][47.244s][14000][1600 ][info][gc,heap     ] GC(15) O: Heap Statistics:
[2026-06-26T13:52:03.556-0300][47.244s][14000][1600 ][info][gc,heap     ] GC(15) O:                Mark Start          Mark End        Relocate Start      Relocate End           High               Low         
[2026-06-26T13:52:03.556-0300][47.244s][14000][1600 ][info][gc,heap     ] GC(15) O:  Capacity:     3072M (100%)       3072M (100%)       3072M (100%)       3072M (100%)       3072M (100%)       3072M (100%)   
[2026-06-26T13:52:03.556-0300][47.244s][14000][1600 ][info][gc,heap     ] GC(15) O:      Free:     1666M (54%)        1696M (55%)        1534M (50%)        1520M (49%)        2142M (70%)         506M (16%)    
[2026-06-26T13:52:03.556-0300][47.244s][14000][1600 ][info][gc,heap     ] GC(15) O:      Used:     1406M (46%)        1376M (45%)        1538M (50%)        1552M (51%)        2566M (84%)         930M (30%)    
[2026-06-26T13:52:03.556-0300][47.244s][14000][1600 ][info][gc,heap     ] GC(15) O: Old Generation Statistics:
[2026-06-26T13:52:03.556-0300][47.244s][14000][1600 ][info][gc,heap     ] GC(15) O:                Mark Start          Mark End        Relocate Start      Relocate End    
[2026-06-26T13:52:03.556-0300][47.244s][14000][1600 ][info][gc,heap     ] GC(15) O:      Used:      818M (27%)        1078M (35%)        1078M (35%)         916M (30%)    
[2026-06-26T13:52:03.556-0300][47.244s][14000][1600 ][info][gc,heap     ] GC(15) O:      Live:         -               616M (20%)         616M (20%)         616M (20%)    
[2026-06-26T13:52:03.556-0300][47.244s][14000][1600 ][info][gc,heap     ] GC(15) O:   Garbage:         -               201M (7%)          201M (7%)           13M (0%)     
[2026-06-26T13:52:03.556-0300][47.244s][14000][1600 ][info][gc,heap     ] GC(15) O: Allocated:         -               260M (8%)          260M (8%)          285M (9%)     
[2026-06-26T13:52:03.556-0300][47.244s][14000][1600 ][info][gc,heap     ] GC(15) O: Reclaimed:         -                  -                 0M (0%)          187M (6%)     
[2026-06-26T13:52:03.556-0300][47.244s][14000][1600 ][info][gc,heap     ] GC(15) O: Compacted:         -                  -                  -                80M (3%)     
[2026-06-26T13:52:03.556-0300][47.244s][14000][1600 ][info][gc,phases   ] GC(15) O: Old Generation 936M(30%)->1552M(51%) 1.617s
[2026-06-26T13:52:03.556-0300][47.244s][14000][1600 ][info][gc          ] GC(15) Major Collection (Allocation Rate) 1406M(46%)->1554M(51%) 1.644s
[2026-06-26T13:52:03.708-0300][47.396s][14000][1580 ][info][gc          ] GC(27) Minor Collection (Allocation Rate)
[2026-06-26T13:52:03.708-0300][47.396s][14000][1580 ][info][gc,task     ] GC(27) Using 2 Workers for Young Generation
[2026-06-26T13:52:03.708-0300][47.396s][14000][1580 ][info][gc,phases   ] GC(27) y: Young Generation
[2026-06-26T13:52:03.708-0300][47.396s][14000][2192 ][info][gc,phases   ] GC(27) y: Pause Mark Start 0.010ms
[2026-06-26T13:52:03.735-0300][47.423s][14000][1580 ][info][gc,phases   ] GC(27) y: Concurrent Mark 26.803ms
[2026-06-26T13:52:03.735-0300][47.423s][14000][2192 ][info][gc,phases   ] GC(27) y: Pause Mark End 0.017ms
[2026-06-26T13:52:03.735-0300][47.423s][14000][1580 ][info][gc,phases   ] GC(27) y: Concurrent Mark Free 0.004ms
[2026-06-26T13:52:03.735-0300][47.423s][14000][1580 ][info][gc,phases   ] GC(27) y: Concurrent Reset Relocation Set 0.023ms
[2026-06-26T13:52:03.736-0300][47.423s][14000][1580 ][info][gc,reloc    ] GC(27) y: Using tenuring threshold: 4 (Computed)
[2026-06-26T13:52:03.736-0300][47.425s][14000][1580 ][info][gc,phases   ] GC(27) y: Concurrent Select Relocation Set 1.561ms
[2026-06-26T13:52:03.737-0300][47.425s][14000][2192 ][info][gc,phases   ] GC(27) y: Pause Relocate Start 0.012ms
[2026-06-26T13:52:03.743-0300][47.431s][14000][1580 ][info][gc,phases   ] GC(27) y: Concurrent Relocate 6.277ms
[2026-06-26T13:52:03.743-0300][47.431s][14000][1580 ][info][gc,alloc    ] GC(27) y:                         Mark Start        Mark End      Relocate Start    Relocate End   
[2026-06-26T13:52:03.743-0300][47.431s][14000][1580 ][info][gc,alloc    ] GC(27) y: Allocation Stalls:          0                0                0                0         
[2026-06-26T13:52:03.743-0300][47.431s][14000][1580 ][info][gc,load     ] GC(27) y: Load: 0.00 (0%) / 0.00 (0%) / 0.00 (0%)
[2026-06-26T13:52:03.743-0300][47.431s][14000][1580 ][info][gc,mmu      ] GC(27) y: MMU: 2ms/52.1%, 5ms/80.9%, 10ms/90.4%, 20ms/95.2%, 50ms/94.9%, 100ms/97.5%
[2026-06-26T13:52:03.743-0300][47.431s][14000][1580 ][info][gc,marking  ] GC(27) y: Mark: 2 stripe(s), 2 proactive flush(es), 1 terminate flush(es), 0 completion(s), 0 continuation(s) 
[2026-06-26T13:52:03.743-0300][47.431s][14000][1580 ][info][gc,nmethod  ] GC(27) y: NMethods: 9777 registered, 773 unregistered
[2026-06-26T13:52:03.743-0300][47.431s][14000][1580 ][info][gc,metaspace] GC(27) y: Metaspace: 61M used, 62M committed, 1088M reserved
[2026-06-26T13:52:03.743-0300][47.431s][14000][1580 ][info][gc,reloc    ] GC(27) y:                        Candidates     Selected     In-Place         Size        Empty    Relocated 
[2026-06-26T13:52:03.743-0300][47.431s][14000][1580 ][info][gc,reloc    ] GC(27) y: Small Pages:                  487          406            0         974M         132M           8M 
[2026-06-26T13:52:03.743-0300][47.431s][14000][1580 ][info][gc,reloc    ] GC(27) y: Medium Pages:                   0            0            0           0M           0M           0M 
[2026-06-26T13:52:03.743-0300][47.431s][14000][1580 ][info][gc,reloc    ] GC(27) y: Large Pages:                    0            0            0           0M           0M           0M 
[2026-06-26T13:52:03.743-0300][47.431s][14000][1580 ][info][gc,reloc    ] GC(27) y: Forwarding Usage: 3M
[2026-06-26T13:52:03.743-0300][47.431s][14000][1580 ][info][gc,reloc    ] GC(27) y: Age Table:
[2026-06-26T13:52:03.743-0300][47.431s][14000][1580 ][info][gc,reloc    ] GC(27) y:                    Live             Garbage             Small              Medium             Large        
[2026-06-26T13:52:03.743-0300][47.431s][14000][1580 ][info][gc,reloc    ] GC(27) y: Eden               9M (0%)          936M (30%)        473 / 404            0 / 0              0 / 0        
[2026-06-26T13:52:03.743-0300][47.431s][14000][1580 ][info][gc,reloc    ] GC(27) y: Survivor 1         6M (0%)            5M (0%)           6 / 1              0 / 0              0 / 0        
[2026-06-26T13:52:03.743-0300][47.431s][14000][1580 ][info][gc,reloc    ] GC(27) y: Survivor 2         2M (0%)            3M (0%)           3 / 0              0 / 0              0 / 0        
[2026-06-26T13:52:03.743-0300][47.431s][14000][1580 ][info][gc,reloc    ] GC(27) y: Survivor 3         7M (0%)            2M (0%)           5 / 1              0 / 0              0 / 0        
[2026-06-26T13:52:03.743-0300][47.431s][14000][1580 ][info][gc,heap     ] GC(27) y: Min Capacity: 8M(0%)
[2026-06-26T13:52:03.743-0300][47.431s][14000][1580 ][info][gc,heap     ] GC(27) y: Max Capacity: 3072M(100%)
[2026-06-26T13:52:03.743-0300][47.431s][14000][1580 ][info][gc,heap     ] GC(27) y: Soft Max Capacity: 3072M(100%)
[2026-06-26T13:52:03.743-0300][47.431s][14000][1580 ][info][gc,heap     ] GC(27) y: Heap Statistics:
[2026-06-26T13:52:03.743-0300][47.431s][14000][1580 ][info][gc,heap     ] GC(27) y:                Mark Start          Mark End        Relocate Start      Relocate End           High               Low         
[2026-06-26T13:52:03.743-0300][47.431s][14000][1580 ][info][gc,heap     ] GC(27) y:  Capacity:     3072M (100%)       3072M (100%)       3072M (100%)       3072M (100%)       3072M (100%)       3072M (100%)   
[2026-06-26T13:52:03.743-0300][47.431s][14000][1580 ][info][gc,heap     ] GC(27) y:      Free:     1182M (38%)        1144M (37%)        1274M (41%)        2070M (67%)        2070M (67%)        1144M (37%)    
[2026-06-26T13:52:03.743-0300][47.431s][14000][1580 ][info][gc,heap     ] GC(27) y:      Used:     1890M (62%)        1928M (63%)        1798M (59%)        1002M (33%)        1928M (63%)        1002M (33%)    
[2026-06-26T13:52:03.743-0300][47.431s][14000][1580 ][info][gc,heap     ] GC(27) y: Young Generation Statistics:
[2026-06-26T13:52:03.743-0300][47.432s][14000][1580 ][info][gc,heap     ] GC(27) y:                Mark Start          Mark End        Relocate Start      Relocate End    
[2026-06-26T13:52:03.743-0300][47.432s][14000][1580 ][info][gc,heap     ] GC(27) y:      Used:      974M (32%)        1012M (33%)         882M (29%)          86M (3%)     
[2026-06-26T13:52:03.743-0300][47.432s][14000][1580 ][info][gc,heap     ] GC(27) y:      Live:         -                26M (1%)           26M (1%)           26M (1%)     
[2026-06-26T13:52:03.743-0300][47.432s][14000][1580 ][info][gc,heap     ] GC(27) y:   Garbage:         -               947M (31%)         815M (27%)           1M (0%)     
[2026-06-26T13:52:03.743-0300][47.432s][14000][1580 ][info][gc,heap     ] GC(27) y: Allocated:         -                38M (1%)           40M (1%)           57M (2%)     
[2026-06-26T13:52:03.743-0300][47.432s][14000][1580 ][info][gc,heap     ] GC(27) y: Reclaimed:         -                  -               132M (4%)          945M (31%)    
[2026-06-26T13:52:03.743-0300][47.432s][14000][1580 ][info][gc,heap     ] GC(27) y:  Promoted:         -                  -                 0M (0%)            0M (0%)     
[2026-06-26T13:52:03.743-0300][47.432s][14000][1580 ][info][gc,heap     ] GC(27) y: Compacted:         -                  -                  -                12M (0%)     
[2026-06-26T13:52:03.743-0300][47.432s][14000][1580 ][info][gc,phases   ] GC(27) y: Young Generation 1890M(62%)->1002M(33%) 0.035s
[2026-06-26T13:52:03.743-0300][47.432s][14000][1580 ][info][gc          ] GC(27) Minor Collection (Allocation Rate) 1890M(62%)->1002M(33%) 0.036s
[2026-06-26T13:52:04.375-0300][48.062s][14000][1580 ][info][gc          ] GC(28) Minor Collection (Allocation Rate)
[2026-06-26T13:52:04.375-0300][48.062s][14000][1580 ][info][gc,task     ] GC(28) Using 1 Workers for Young Generation
[2026-06-26T13:52:04.375-0300][48.062s][14000][1580 ][info][gc,phases   ] GC(28) y: Young Generation
[2026-06-26T13:52:04.375-0300][48.063s][14000][2192 ][info][gc,phases   ] GC(28) y: Pause Mark Start 0.009ms
[2026-06-26T13:52:04.448-0300][48.136s][14000][1580 ][info][gc,phases   ] GC(28) y: Concurrent Mark 73.317ms
[2026-06-26T13:52:04.448-0300][48.136s][14000][2192 ][info][gc,phases   ] GC(28) y: Pause Mark End 0.015ms
[2026-06-26T13:52:04.448-0300][48.136s][14000][1580 ][info][gc,phases   ] GC(28) y: Concurrent Mark Free 0.006ms
[2026-06-26T13:52:04.448-0300][48.136s][14000][1580 ][info][gc,phases   ] GC(28) y: Concurrent Reset Relocation Set 0.023ms
[2026-06-26T13:52:04.448-0300][48.136s][14000][1580 ][info][gc,reloc    ] GC(28) y: Using tenuring threshold: 5 (Computed)
[2026-06-26T13:52:04.450-0300][48.139s][14000][1580 ][info][gc,phases   ] GC(28) y: Concurrent Select Relocation Set 2.708ms
[2026-06-26T13:52:04.451-0300][48.139s][14000][2192 ][info][gc,phases   ] GC(28) y: Pause Relocate Start 0.010ms
[2026-06-26T13:52:04.486-0300][48.174s][14000][1580 ][info][gc,phases   ] GC(28) y: Concurrent Relocate 35.008ms
[2026-06-26T13:52:04.486-0300][48.174s][14000][1580 ][info][gc,alloc    ] GC(28) y:                         Mark Start        Mark End      Relocate Start    Relocate End   
[2026-06-26T13:52:04.486-0300][48.174s][14000][1580 ][info][gc,alloc    ] GC(28) y: Allocation Stalls:          0                0                0                0         
[2026-06-26T13:52:04.486-0300][48.174s][14000][1580 ][info][gc,load     ] GC(28) y: Load: 0.00 (0%) / 0.00 (0%) / 0.00 (0%)
[2026-06-26T13:52:04.486-0300][48.174s][14000][1580 ][info][gc,mmu      ] GC(28) y: MMU: 2ms/52.1%, 5ms/80.9%, 10ms/90.4%, 20ms/95.2%, 50ms/94.9%, 100ms/97.5%
[2026-06-26T13:52:04.486-0300][48.174s][14000][1580 ][info][gc,marking  ] GC(28) y: Mark: 1 stripe(s), 2 proactive flush(es), 1 terminate flush(es), 0 completion(s), 0 continuation(s) 
[2026-06-26T13:52:04.486-0300][48.174s][14000][1580 ][info][gc,nmethod  ] GC(28) y: NMethods: 9870 registered, 773 unregistered
[2026-06-26T13:52:04.486-0300][48.174s][14000][1580 ][info][gc,metaspace] GC(28) y: Metaspace: 61M used, 63M committed, 1088M reserved
[2026-06-26T13:52:04.486-0300][48.174s][14000][1580 ][info][gc,reloc    ] GC(28) y:                        Candidates     Selected     In-Place         Size        Empty    Relocated 
[2026-06-26T13:52:04.486-0300][48.174s][14000][1580 ][info][gc,reloc    ] GC(28) y: Small Pages:                  176           84            0         352M         132M          13M 
[2026-06-26T13:52:04.486-0300][48.174s][14000][1580 ][info][gc,reloc    ] GC(28) y: Medium Pages:                   0            0            0           0M           0M           0M 
[2026-06-26T13:52:04.486-0300][48.174s][14000][1580 ][info][gc,reloc    ] GC(28) y: Large Pages:                    0            0            0           0M           0M           0M 
[2026-06-26T13:52:04.486-0300][48.174s][14000][1580 ][info][gc,reloc    ] GC(28) y: Forwarding Usage: 11M
[2026-06-26T13:52:04.486-0300][48.174s][14000][1580 ][info][gc,reloc    ] GC(28) y: Age Table:
[2026-06-26T13:52:04.486-0300][48.174s][14000][1580 ][info][gc,reloc    ] GC(28) y:                    Live             Garbage             Small              Medium             Large        
[2026-06-26T13:52:04.486-0300][48.174s][14000][1580 ][info][gc,reloc    ] GC(28) y: Eden              22M (1%)          289M (9%)         156 / 78             0 / 0              0 / 0        
[2026-06-26T13:52:04.486-0300][48.174s][14000][1580 ][info][gc,reloc    ] GC(28) y: Survivor 1         5M (0%)            8M (0%)           7 / 4              0 / 0              0 / 0        
[2026-06-26T13:52:04.486-0300][48.174s][14000][1580 ][info][gc,reloc    ] GC(28) y: Survivor 2         6M (0%)            3M (0%)           5 / 0              0 / 0              0 / 0        
[2026-06-26T13:52:04.486-0300][48.174s][14000][1580 ][info][gc,reloc    ] GC(28) y: Survivor 3         2M (0%)            3M (0%)           3 / 1              0 / 0              0 / 0        
[2026-06-26T13:52:04.486-0300][48.174s][14000][1580 ][info][gc,reloc    ] GC(28) y: Survivor 4         7M (0%)            2M (0%)           5 / 1              0 / 0              0 / 0        
[2026-06-26T13:52:04.486-0300][48.174s][14000][1580 ][info][gc,heap     ] GC(28) y: Min Capacity: 8M(0%)
[2026-06-26T13:52:04.486-0300][48.174s][14000][1580 ][info][gc,heap     ] GC(28) y: Max Capacity: 3072M(100%)
[2026-06-26T13:52:04.486-0300][48.174s][14000][1580 ][info][gc,heap     ] GC(28) y: Soft Max Capacity: 3072M(100%)
[2026-06-26T13:52:04.486-0300][48.174s][14000][1580 ][info][gc,heap     ] GC(28) y: Heap Statistics:
[2026-06-26T13:52:04.486-0300][48.174s][14000][1580 ][info][gc,heap     ] GC(28) y:                Mark Start          Mark End        Relocate Start      Relocate End           High               Low         
[2026-06-26T13:52:04.486-0300][48.174s][14000][1580 ][info][gc,heap     ] GC(28) y:  Capacity:     3072M (100%)       3072M (100%)       3072M (100%)       3072M (100%)       3072M (100%)       3072M (100%)   
[2026-06-26T13:52:04.486-0300][48.174s][14000][1580 ][info][gc,heap     ] GC(28) y:      Free:     1804M (59%)        1776M (58%)        1906M (62%)        2060M (67%)        2060M (67%)        1776M (58%)    
[2026-06-26T13:52:04.486-0300][48.174s][14000][1580 ][info][gc,heap     ] GC(28) y:      Used:     1268M (41%)        1296M (42%)        1166M (38%)        1012M (33%)        1296M (42%)        1012M (33%)    
[2026-06-26T13:52:04.486-0300][48.174s][14000][1580 ][info][gc,heap     ] GC(28) y: Young Generation Statistics:
[2026-06-26T13:52:04.486-0300][48.174s][14000][1580 ][info][gc,heap     ] GC(28) y:                Mark Start          Mark End        Relocate Start      Relocate End    
[2026-06-26T13:52:04.486-0300][48.174s][14000][1580 ][info][gc,heap     ] GC(28) y:      Used:      352M (11%)         380M (12%)         250M (8%)           96M (3%)     
[2026-06-26T13:52:04.486-0300][48.174s][14000][1580 ][info][gc,heap     ] GC(28) y:      Live:         -                45M (1%)           45M (1%)           45M (1%)     
[2026-06-26T13:52:04.486-0300][48.174s][14000][1580 ][info][gc,heap     ] GC(28) y:   Garbage:         -               306M (10%)         174M (6%)            2M (0%)     
[2026-06-26T13:52:04.486-0300][48.174s][14000][1580 ][info][gc,heap     ] GC(28) y: Allocated:         -                28M (1%)           30M (1%)           48M (2%)     
[2026-06-26T13:52:04.486-0300][48.174s][14000][1580 ][info][gc,heap     ] GC(28) y: Reclaimed:         -                  -               132M (4%)          304M (10%)    
[2026-06-26T13:52:04.486-0300][48.174s][14000][1580 ][info][gc,heap     ] GC(28) y:  Promoted:         -                  -                 0M (0%)            0M (0%)     
[2026-06-26T13:52:04.486-0300][48.174s][14000][1580 ][info][gc,heap     ] GC(28) y: Compacted:         -                  -                  -                25M (1%)     
[2026-06-26T13:52:04.486-0300][48.174s][14000][1580 ][info][gc,phases   ] GC(28) y: Young Generation 1268M(41%)->1012M(33%) 0.112s
[2026-06-26T13:52:04.486-0300][48.174s][14000][1580 ][info][gc          ] GC(28) Minor Collection (Allocation Rate) 1268M(41%)->1012M(33%) 0.112s
[2026-06-26T13:52:09.300-0300][52.988s][14000][1580 ][info][gc          ] GC(29) Minor Collection (Allocation Rate)
[2026-06-26T13:52:09.300-0300][52.988s][14000][1580 ][info][gc,task     ] GC(29) Using 2 Workers for Young Generation
[2026-06-26T13:52:09.300-0300][52.988s][14000][1580 ][info][gc,phases   ] GC(29) y: Young Generation
[2026-06-26T13:52:09.300-0300][52.988s][14000][2192 ][info][gc,phases   ] GC(29) y: Pause Mark Start 0.010ms
[2026-06-26T13:52:09.441-0300][53.129s][14000][1580 ][info][gc,phases   ] GC(29) y: Concurrent Mark 141.111ms
[2026-06-26T13:52:09.441-0300][53.129s][14000][2192 ][info][gc,phases   ] GC(29) y: Pause Mark End 0.013ms
[2026-06-26T13:52:09.441-0300][53.129s][14000][1580 ][info][gc,phases   ] GC(29) y: Concurrent Mark Free 0.003ms
[2026-06-26T13:52:09.441-0300][53.129s][14000][1580 ][info][gc,phases   ] GC(29) y: Concurrent Reset Relocation Set 0.006ms
[2026-06-26T13:52:09.446-0300][53.134s][14000][1580 ][info][gc,reloc    ] GC(29) y: Using tenuring threshold: 4 (Computed)
[2026-06-26T13:52:09.455-0300][53.142s][14000][1580 ][info][gc,phases   ] GC(29) y: Concurrent Select Relocation Set 12.965ms
[2026-06-26T13:52:09.455-0300][53.142s][14000][2192 ][info][gc,phases   ] GC(29) y: Pause Relocate Start 0.012ms
[2026-06-26T13:52:09.493-0300][53.181s][14000][1580 ][info][gc,phases   ] GC(29) y: Concurrent Relocate 38.148ms
[2026-06-26T13:52:09.493-0300][53.181s][14000][1580 ][info][gc,alloc    ] GC(29) y:                         Mark Start        Mark End      Relocate Start    Relocate End   
[2026-06-26T13:52:09.493-0300][53.181s][14000][1580 ][info][gc,alloc    ] GC(29) y: Allocation Stalls:          0                0                0                0         
[2026-06-26T13:52:09.493-0300][53.181s][14000][1580 ][info][gc,load     ] GC(29) y: Load: 0.00 (0%) / 0.00 (0%) / 0.00 (0%)
[2026-06-26T13:52:09.493-0300][53.181s][14000][1580 ][info][gc,mmu      ] GC(29) y: MMU: 2ms/52.1%, 5ms/80.9%, 10ms/90.4%, 20ms/95.2%, 50ms/94.9%, 100ms/97.5%
[2026-06-26T13:52:09.493-0300][53.181s][14000][1580 ][info][gc,marking  ] GC(29) y: Mark: 2 stripe(s), 2 proactive flush(es), 1 terminate flush(es), 0 completion(s), 0 continuation(s) 
[2026-06-26T13:52:09.493-0300][53.181s][14000][1580 ][info][gc,nmethod  ] GC(29) y: NMethods: 11066 registered, 0 unregistered
[2026-06-26T13:52:09.493-0300][53.181s][14000][1580 ][info][gc,metaspace] GC(29) y: Metaspace: 63M used, 64M committed, 1088M reserved
[2026-06-26T13:52:09.493-0300][53.181s][14000][1580 ][info][gc,reloc    ] GC(29) y:                        Candidates     Selected     In-Place         Size        Empty    Relocated 
[2026-06-26T13:52:09.493-0300][53.181s][14000][1580 ][info][gc,reloc    ] GC(29) y: Small Pages:                  318          170            0         636M          86M          34M 
[2026-06-26T13:52:09.493-0300][53.181s][14000][1580 ][info][gc,reloc    ] GC(29) y: Medium Pages:                   1            0            0          32M           0M           0M 
[2026-06-26T13:52:09.493-0300][53.181s][14000][1580 ][info][gc,reloc    ] GC(29) y: Large Pages:                    3            0            0          18M          18M           0M 
[2026-06-26T13:52:09.493-0300][53.181s][14000][1580 ][info][gc,reloc    ] GC(29) y: Forwarding Usage: 20M
[2026-06-26T13:52:09.493-0300][53.181s][14000][1580 ][info][gc,reloc    ] GC(29) y: Age Table:
[2026-06-26T13:52:09.493-0300][53.181s][14000][1580 ][info][gc,reloc    ] GC(29) y:                    Live             Garbage             Small              Medium             Large        
[2026-06-26T13:52:09.493-0300][53.181s][14000][1580 ][info][gc,reloc    ] GC(29) y: Eden             164M (5%)          463M (15%)        289 / 165            1 / 0              3 / 0        
[2026-06-26T13:52:09.493-0300][53.181s][14000][1580 ][info][gc,reloc    ] GC(29) y: Survivor 1         5M (0%)           24M (1%)          15 / 3              0 / 0              0 / 0        
[2026-06-26T13:52:09.493-0300][53.181s][14000][1580 ][info][gc,reloc    ] GC(29) y: Survivor 2         5M (0%)            0M (0%)           3 / 0              0 / 0              0 / 0        
[2026-06-26T13:52:09.493-0300][53.181s][14000][1580 ][info][gc,reloc    ] GC(29) y: Survivor 3         6M (0%)            1M (0%)           4 / 1              0 / 0              0 / 0        
[2026-06-26T13:52:09.493-0300][53.181s][14000][1580 ][info][gc,reloc    ] GC(29) y: Survivor 4         2M (0%)            3M (0%)           3 / 1              0 / 0              0 / 0        
[2026-06-26T13:52:09.493-0300][53.181s][14000][1580 ][info][gc,reloc    ] GC(29) y: Survivor 5         7M (0%)            0M (0%)           4 / 0              0 / 0              0 / 0        
[2026-06-26T13:52:09.493-0300][53.181s][14000][1580 ][info][gc,heap     ] GC(29) y: Min Capacity: 8M(0%)
[2026-06-26T13:52:09.493-0300][53.181s][14000][1580 ][info][gc,heap     ] GC(29) y: Max Capacity: 3072M(100%)
[2026-06-26T13:52:09.493-0300][53.181s][14000][1580 ][info][gc,heap     ] GC(29) y: Soft Max Capacity: 3072M(100%)
[2026-06-26T13:52:09.493-0300][53.181s][14000][1580 ][info][gc,heap     ] GC(29) y: Heap Statistics:
[2026-06-26T13:52:09.493-0300][53.181s][14000][1580 ][info][gc,heap     ] GC(29) y:                Mark Start          Mark End        Relocate Start      Relocate End           High               Low         
[2026-06-26T13:52:09.493-0300][53.181s][14000][1580 ][info][gc,heap     ] GC(29) y:  Capacity:     3072M (100%)       3072M (100%)       3072M (100%)       3072M (100%)       3072M (100%)       3072M (100%)   
[2026-06-26T13:52:09.493-0300][53.181s][14000][1580 ][info][gc,heap     ] GC(29) y:      Free:     1470M (48%)        1444M (47%)        1546M (50%)        1878M (61%)        1878M (61%)        1444M (47%)    
[2026-06-26T13:52:09.493-0300][53.181s][14000][1580 ][info][gc,heap     ] GC(29) y:      Used:     1602M (52%)        1628M (53%)        1526M (50%)        1194M (39%)        1628M (53%)        1194M (39%)    
[2026-06-26T13:52:09.493-0300][53.181s][14000][1580 ][info][gc,heap     ] GC(29) y: Young Generation Statistics:
[2026-06-26T13:52:09.493-0300][53.181s][14000][1580 ][info][gc,heap     ] GC(29) y:                Mark Start          Mark End        Relocate Start      Relocate End    
[2026-06-26T13:52:09.493-0300][53.181s][14000][1580 ][info][gc,heap     ] GC(29) y:      Used:      686M (22%)         712M (23%)         598M (19%)         264M (9%)     
[2026-06-26T13:52:09.493-0300][53.181s][14000][1580 ][info][gc,heap     ] GC(29) y:      Live:         -               191M (6%)          181M (6%)          181M (6%)     
[2026-06-26T13:52:09.493-0300][53.181s][14000][1580 ][info][gc,heap     ] GC(29) y:   Garbage:         -               494M (16%)         388M (13%)          39M (1%)     
[2026-06-26T13:52:09.493-0300][53.181s][14000][1580 ][info][gc,heap     ] GC(29) y: Allocated:         -                26M (1%)           28M (1%)           42M (1%)     
[2026-06-26T13:52:09.493-0300][53.181s][14000][1580 ][info][gc,heap     ] GC(29) y: Reclaimed:         -                  -               106M (3%)          454M (15%)    
[2026-06-26T13:52:09.493-0300][53.181s][14000][1580 ][info][gc,heap     ] GC(29) y:  Promoted:         -                  -                 9M (0%)            9M (0%)     
[2026-06-26T13:52:09.493-0300][53.181s][14000][1580 ][info][gc,heap     ] GC(29) y: Compacted:         -                  -                  -                57M (2%)     
[2026-06-26T13:52:09.493-0300][53.181s][14000][1580 ][info][gc,phases   ] GC(29) y: Young Generation 1602M(52%)->1194M(39%) 0.193s
[2026-06-26T13:52:09.493-0300][53.181s][14000][1580 ][info][gc          ] GC(29) Minor Collection (Allocation Rate) 1602M(52%)->1194M(39%) 0.193s
[2026-06-26T13:52:09.493-0300][53.181s][14000][1600 ][info][gc          ] GC(30) Major Collection (Allocation Rate)
[2026-06-26T13:52:09.493-0300][53.181s][14000][1600 ][info][gc,task     ] GC(30) Using 3 Workers for Young Generation
[2026-06-26T13:52:09.493-0300][53.181s][14000][1600 ][info][gc,task     ] GC(30) Using 1 Workers for Old Generation
[2026-06-26T13:52:09.493-0300][53.181s][14000][1600 ][info][gc,phases   ] GC(30) Y: Young Generation
[2026-06-26T13:52:09.494-0300][53.181s][14000][2192 ][info][gc,phases   ] GC(30) Y: Pause Mark Start (Major) 0.018ms
[2026-06-26T13:52:09.593-0300][53.281s][14000][1600 ][info][gc,phases   ] GC(30) Y: Concurrent Mark 99.477ms
[2026-06-26T13:52:09.593-0300][53.281s][14000][2192 ][info][gc,phases   ] GC(30) Y: Pause Mark End 0.014ms
[2026-06-26T13:52:09.593-0300][53.281s][14000][1600 ][info][gc,phases   ] GC(30) Y: Concurrent Mark Free 0.002ms
[2026-06-26T13:52:09.593-0300][53.281s][14000][1600 ][info][gc,phases   ] GC(30) Y: Concurrent Reset Relocation Set 0.059ms
[2026-06-26T13:52:09.593-0300][53.281s][14000][1600 ][info][gc,reloc    ] GC(30) Y: Using tenuring threshold: 2 (Computed)
[2026-06-26T13:52:09.598-0300][53.286s][14000][1600 ][info][gc,phases   ] GC(30) Y: Concurrent Select Relocation Set 4.932ms
[2026-06-26T13:52:09.599-0300][53.286s][14000][2192 ][info][gc,phases   ] GC(30) Y: Pause Relocate Start 0.012ms
[2026-06-26T13:52:09.606-0300][53.294s][14000][1600 ][info][gc,phases   ] GC(30) Y: Concurrent Relocate 7.778ms
[2026-06-26T13:52:09.606-0300][53.294s][14000][1600 ][info][gc,alloc    ] GC(30) Y:                         Mark Start        Mark End      Relocate Start    Relocate End   
[2026-06-26T13:52:09.606-0300][53.294s][14000][1600 ][info][gc,alloc    ] GC(30) Y: Allocation Stalls:          0                0                0                0         
[2026-06-26T13:52:09.606-0300][53.294s][14000][1600 ][info][gc,load     ] GC(30) Y: Load: 0.00 (0%) / 0.00 (0%) / 0.00 (0%)
[2026-06-26T13:52:09.606-0300][53.294s][14000][1600 ][info][gc,mmu      ] GC(30) Y: MMU: 2ms/52.1%, 5ms/80.9%, 10ms/90.4%, 20ms/95.2%, 50ms/94.9%, 100ms/97.5%
[2026-06-26T13:52:09.606-0300][53.294s][14000][1600 ][info][gc,marking  ] GC(30) Y: Mark: 2 stripe(s), 2 proactive flush(es), 1 terminate flush(es), 0 completion(s), 0 continuation(s) 
[2026-06-26T13:52:09.606-0300][53.294s][14000][1600 ][info][gc,nmethod  ] GC(30) Y: NMethods: 11067 registered, 0 unregistered
[2026-06-26T13:52:09.606-0300][53.294s][14000][1600 ][info][gc,metaspace] GC(30) Y: Metaspace: 63M used, 64M committed, 1088M reserved
[2026-06-26T13:52:09.606-0300][53.294s][14000][1600 ][info][gc,reloc    ] GC(30) Y:                        Candidates     Selected     In-Place         Size        Empty    Relocated 
[2026-06-26T13:52:09.606-0300][53.294s][14000][1600 ][info][gc,reloc    ] GC(30) Y: Small Pages:                  116           34            0         232M          32M           5M 
[2026-06-26T13:52:09.606-0300][53.294s][14000][1600 ][info][gc,reloc    ] GC(30) Y: Medium Pages:                   1            0            0          32M           0M           0M 
[2026-06-26T13:52:09.606-0300][53.294s][14000][1600 ][info][gc,reloc    ] GC(30) Y: Large Pages:                    0            0            0           0M           0M           0M 
[2026-06-26T13:52:09.606-0300][53.294s][14000][1600 ][info][gc,reloc    ] GC(30) Y: Forwarding Usage: 2M
[2026-06-26T13:52:09.606-0300][53.294s][14000][1600 ][info][gc,reloc    ] GC(30) Y: Age Table:
[2026-06-26T13:52:09.606-0300][53.294s][14000][1600 ][info][gc,reloc    ] GC(30) Y:                    Live             Garbage             Small              Medium             Large        
[2026-06-26T13:52:09.606-0300][53.294s][14000][1600 ][info][gc,reloc    ] GC(30) Y: Eden              14M (0%)           15M (0%)          15 / 7              0 / 0              0 / 0        
[2026-06-26T13:52:09.606-0300][53.294s][14000][1600 ][info][gc,reloc    ] GC(30) Y: Survivor 1        94M (3%)          113M (4%)          88 / 25             1 / 0              0 / 0        
[2026-06-26T13:52:09.606-0300][53.294s][14000][1600 ][info][gc,reloc    ] GC(30) Y: Survivor 2         5M (0%)            4M (0%)           5 / 1              0 / 0              0 / 0        
[2026-06-26T13:52:09.606-0300][53.294s][14000][1600 ][info][gc,reloc    ] GC(30) Y: Survivor 3         5M (0%)            0M (0%)           3 / 0              0 / 0              0 / 0        
[2026-06-26T13:52:09.606-0300][53.294s][14000][1600 ][info][gc,reloc    ] GC(30) Y: Survivor 4         6M (0%)            3M (0%)           5 / 1              0 / 0              0 / 0        
[2026-06-26T13:52:09.606-0300][53.294s][14000][1600 ][info][gc,heap     ] GC(30) Y: Min Capacity: 8M(0%)
[2026-06-26T13:52:09.606-0300][53.294s][14000][1600 ][info][gc,heap     ] GC(30) Y: Max Capacity: 3072M(100%)
[2026-06-26T13:52:09.606-0300][53.294s][14000][1600 ][info][gc,heap     ] GC(30) Y: Soft Max Capacity: 3072M(100%)
[2026-06-26T13:52:09.606-0300][53.294s][14000][1600 ][info][gc,heap     ] GC(30) Y: Heap Statistics:
[2026-06-26T13:52:09.606-0300][53.295s][14000][1600 ][info][gc,heap     ] GC(30) Y:                Mark Start          Mark End        Relocate Start      Relocate End           High               Low         
[2026-06-26T13:52:09.606-0300][53.295s][14000][1600 ][info][gc,heap     ] GC(30) Y:  Capacity:     3072M (100%)       3072M (100%)       3072M (100%)       3072M (100%)       3072M (100%)       3072M (100%)   
[2026-06-26T13:52:09.606-0300][53.295s][14000][1600 ][info][gc,heap     ] GC(30) Y:      Free:     1878M (61%)        1834M (60%)        1864M (61%)        1914M (62%)        1914M (62%)        1834M (60%)    
[2026-06-26T13:52:09.606-0300][53.295s][14000][1600 ][info][gc,heap     ] GC(30) Y:      Used:     1194M (39%)        1238M (40%)        1208M (39%)        1158M (38%)        1238M (40%)        1158M (38%)    
[2026-06-26T13:52:09.606-0300][53.295s][14000][1600 ][info][gc,heap     ] GC(30) Y: Young Generation Statistics:
[2026-06-26T13:52:09.606-0300][53.295s][14000][1600 ][info][gc,heap     ] GC(30) Y:                Mark Start          Mark End        Relocate Start      Relocate End    
[2026-06-26T13:52:09.606-0300][53.295s][14000][1600 ][info][gc,heap     ] GC(30) Y:      Used:      264M (9%)          308M (10%)         262M (9%)          206M (7%)     
[2026-06-26T13:52:09.606-0300][53.295s][14000][1600 ][info][gc,heap     ] GC(30) Y:      Live:         -               125M (4%)          112M (4%)          109M (4%)     
[2026-06-26T13:52:09.606-0300][53.295s][14000][1600 ][info][gc,heap     ] GC(30) Y:   Garbage:         -               138M (5%)          103M (3%)           34M (1%)     
[2026-06-26T13:52:09.606-0300][53.295s][14000][1600 ][info][gc,heap     ] GC(30) Y: Allocated:         -                44M (1%)           46M (1%)           62M (2%)     
[2026-06-26T13:52:09.606-0300][53.295s][14000][1600 ][info][gc,heap     ] GC(30) Y: Reclaimed:         -                  -                34M (1%)          103M (3%)     
[2026-06-26T13:52:09.606-0300][53.295s][14000][1600 ][info][gc,heap     ] GC(30) Y:  Promoted:         -                  -                13M (0%)           16M (1%)     
[2026-06-26T13:52:09.606-0300][53.295s][14000][1600 ][info][gc,heap     ] GC(30) Y: Compacted:         -                  -                  -                 5M (0%)     
[2026-06-26T13:52:09.606-0300][53.295s][14000][1600 ][info][gc,phases   ] GC(30) Y: Young Generation 1194M(39%)->1158M(38%) 0.113s
[2026-06-26T13:52:09.606-0300][53.295s][14000][1600 ][info][gc,phases   ] GC(30) O: Old Generation
[2026-06-26T13:52:09.615-0300][53.303s][14000][1580 ][info][gc          ] GC(31) Minor Collection (Allocation Rate)
[2026-06-26T13:52:09.615-0300][53.303s][14000][1580 ][info][gc,task     ] GC(31) Using 2 Workers for Young Generation
[2026-06-26T13:52:09.615-0300][53.303s][14000][1580 ][info][gc,phases   ] GC(31) y: Young Generation
[2026-06-26T13:52:09.615-0300][53.303s][14000][2192 ][info][gc,phases   ] GC(31) y: Pause Mark Start 0.010ms
[2026-06-26T13:52:09.747-0300][53.435s][14000][1580 ][info][gc,phases   ] GC(31) y: Concurrent Mark 132.318ms
[2026-06-26T13:52:09.748-0300][53.435s][14000][2192 ][info][gc,phases   ] GC(31) y: Pause Mark End 0.016ms
[2026-06-26T13:52:09.748-0300][53.435s][14000][1580 ][info][gc,phases   ] GC(31) y: Concurrent Mark Free 0.003ms
[2026-06-26T13:52:09.748-0300][53.436s][14000][1580 ][info][gc,phases   ] GC(31) y: Concurrent Reset Relocation Set 0.073ms
[2026-06-26T13:52:09.748-0300][53.436s][14000][1580 ][info][gc,reloc    ] GC(31) y: Using tenuring threshold: 1 (Computed)
[2026-06-26T13:52:09.775-0300][53.463s][14000][1580 ][info][gc,phases   ] GC(31) y: Concurrent Select Relocation Set 27.806ms
[2026-06-26T13:52:09.775-0300][53.464s][14000][2192 ][info][gc,phases   ] GC(31) y: Pause Relocate Start 0.010ms
[2026-06-26T13:52:09.821-0300][53.509s][14000][1580 ][info][gc,phases   ] GC(31) y: Concurrent Relocate 45.697ms
[2026-06-26T13:52:09.821-0300][53.509s][14000][1580 ][info][gc,alloc    ] GC(31) y:                         Mark Start        Mark End      Relocate Start    Relocate End   
[2026-06-26T13:52:09.821-0300][53.509s][14000][1580 ][info][gc,alloc    ] GC(31) y: Allocation Stalls:          0                0                0                0         
[2026-06-26T13:52:09.821-0300][53.509s][14000][1580 ][info][gc,load     ] GC(31) y: Load: 0.00 (0%) / 0.00 (0%) / 0.00 (0%)
[2026-06-26T13:52:09.821-0300][53.509s][14000][1580 ][info][gc,mmu      ] GC(31) y: MMU: 2ms/52.1%, 5ms/80.9%, 10ms/90.4%, 20ms/95.2%, 50ms/94.9%, 100ms/97.5%
[2026-06-26T13:52:09.821-0300][53.509s][14000][1580 ][info][gc,marking  ] GC(31) y: Mark: 2 stripe(s), 3 proactive flush(es), 1 terminate flush(es), 0 completion(s), 0 continuation(s) 
[2026-06-26T13:52:09.821-0300][53.509s][14000][1580 ][info][gc,nmethod  ] GC(31) y: NMethods: 11091 registered, 0 unregistered
[2026-06-26T13:52:09.821-0300][53.509s][14000][1580 ][info][gc,metaspace] GC(31) y: Metaspace: 63M used, 64M committed, 1088M reserved
[2026-06-26T13:52:09.821-0300][53.509s][14000][1580 ][info][gc,reloc    ] GC(31) y:                        Candidates     Selected     In-Place         Size        Empty    Relocated 
[2026-06-26T13:52:09.821-0300][53.509s][14000][1580 ][info][gc,reloc    ] GC(31) y: Small Pages:                   90           13            0         180M           0M           3M 
[2026-06-26T13:52:09.821-0300][53.509s][14000][1580 ][info][gc,reloc    ] GC(31) y: Medium Pages:                   1            0            0          32M           0M           0M 
[2026-06-26T13:52:09.821-0300][53.509s][14000][1580 ][info][gc,reloc    ] GC(31) y: Large Pages:                    0            0            0           0M           0M           0M 
[2026-06-26T13:52:09.822-0300][53.509s][14000][1580 ][info][gc,reloc    ] GC(31) y: Forwarding Usage: 1M
[2026-06-26T13:52:09.822-0300][53.509s][14000][1580 ][info][gc,reloc    ] GC(31) y: Age Table:
[2026-06-26T13:52:09.822-0300][53.510s][14000][1580 ][info][gc,reloc    ] GC(31) y:                    Live             Garbage             Small              Medium             Large        
[2026-06-26T13:52:09.822-0300][53.510s][14000][1580 ][info][gc,reloc    ] GC(31) y: Eden              42M (1%)           13M (0%)          28 / 6              0 / 0              0 / 0        
[2026-06-26T13:52:09.822-0300][53.510s][14000][1580 ][info][gc,reloc    ] GC(31) y: Survivor 1        14M (0%)            7M (0%)          11 / 2              0 / 0              0 / 0        
[2026-06-26T13:52:09.822-0300][53.510s][14000][1580 ][info][gc,reloc    ] GC(31) y: Survivor 2        94M (3%)           39M (1%)          51 / 5              1 / 0              0 / 0        
[2026-06-26T13:52:09.822-0300][53.510s][14000][1580 ][info][gc,heap     ] GC(31) y: Min Capacity: 8M(0%)
[2026-06-26T13:52:09.822-0300][53.510s][14000][1580 ][info][gc,heap     ] GC(31) y: Max Capacity: 3072M(100%)
[2026-06-26T13:52:09.822-0300][53.510s][14000][1580 ][info][gc,heap     ] GC(31) y: Soft Max Capacity: 3072M(100%)
[2026-06-26T13:52:09.822-0300][53.510s][14000][1580 ][info][gc,heap     ] GC(31) y: Heap Statistics:
[2026-06-26T13:52:09.822-0300][53.510s][14000][1580 ][info][gc,heap     ] GC(31) y:                Mark Start          Mark End        Relocate Start      Relocate End           High               Low         
[2026-06-26T13:52:09.822-0300][53.510s][14000][1580 ][info][gc,heap     ] GC(31) y:  Capacity:     3072M (100%)       3072M (100%)       3072M (100%)       3072M (100%)       3072M (100%)       3072M (100%)   
[2026-06-26T13:52:09.822-0300][53.510s][14000][1580 ][info][gc,heap     ] GC(31) y:      Free:     1908M (62%)        1876M (61%)        1870M (61%)        1870M (61%)        1908M (62%)        1866M (61%)    
[2026-06-26T13:52:09.822-0300][53.510s][14000][1580 ][info][gc,heap     ] GC(31) y:      Used:     1164M (38%)        1196M (39%)        1202M (39%)        1202M (39%)        1206M (39%)        1164M (38%)    
[2026-06-26T13:52:09.822-0300][53.510s][14000][1580 ][info][gc,heap     ] GC(31) y: Young Generation Statistics:
[2026-06-26T13:52:09.822-0300][53.510s][14000][1580 ][info][gc,heap     ] GC(31) y:                Mark Start          Mark End        Relocate Start      Relocate End    
[2026-06-26T13:52:09.822-0300][53.510s][14000][1580 ][info][gc,heap     ] GC(31) y:      Used:      212M (7%)          244M (8%)          114M (4%)          102M (3%)     
[2026-06-26T13:52:09.822-0300][53.510s][14000][1580 ][info][gc,heap     ] GC(31) y:      Live:         -               151M (5%)           48M (2%)           42M (1%)     
[2026-06-26T13:52:09.822-0300][53.510s][14000][1580 ][info][gc,heap     ] GC(31) y:   Garbage:         -                60M (2%)           27M (1%)            0M (0%)     
[2026-06-26T13:52:09.822-0300][53.510s][14000][1580 ][info][gc,heap     ] GC(31) y: Allocated:         -                32M (1%)           38M (1%)           59M (2%)     
[2026-06-26T13:52:09.822-0300][53.510s][14000][1580 ][info][gc,heap     ] GC(31) y: Reclaimed:         -                  -                32M (1%)           59M (2%)     
[2026-06-26T13:52:09.822-0300][53.510s][14000][1580 ][info][gc,heap     ] GC(31) y:  Promoted:         -                  -               103M (3%)          109M (4%)     
[2026-06-26T13:52:09.822-0300][53.510s][14000][1580 ][info][gc,heap     ] GC(31) y: Compacted:         -                  -                  -                 0M (0%)     
[2026-06-26T13:52:09.822-0300][53.510s][14000][1580 ][info][gc,phases   ] GC(31) y: Young Generation 1164M(38%)->1202M(39%) 0.207s
[2026-06-26T13:52:09.822-0300][53.510s][14000][1580 ][info][gc          ] GC(31) Minor Collection (Allocation Rate) 1164M(38%)->1202M(39%) 0.207s
[2026-06-26T13:52:10.089-0300][53.778s][14000][1580 ][info][gc          ] GC(32) Minor Collection (Allocation Rate)
[2026-06-26T13:52:10.090-0300][53.778s][14000][1580 ][info][gc,task     ] GC(32) Using 2 Workers for Young Generation
[2026-06-26T13:52:10.090-0300][53.778s][14000][1580 ][info][gc,phases   ] GC(32) y: Young Generation
[2026-06-26T13:52:10.090-0300][53.778s][14000][2192 ][info][gc,phases   ] GC(32) y: Pause Mark Start 0.008ms
[2026-06-26T13:52:10.189-0300][53.877s][14000][1580 ][info][gc,phases   ] GC(32) y: Concurrent Mark 98.918ms
[2026-06-26T13:52:10.189-0300][53.877s][14000][2192 ][info][gc,phases   ] GC(32) y: Pause Mark End 0.015ms
[2026-06-26T13:52:10.189-0300][53.877s][14000][1580 ][info][gc,phases   ] GC(32) y: Concurrent Mark Free 0.005ms
[2026-06-26T13:52:10.189-0300][53.877s][14000][1580 ][info][gc,phases   ] GC(32) y: Concurrent Reset Relocation Set 0.167ms
[2026-06-26T13:52:10.190-0300][53.877s][14000][1580 ][info][gc,reloc    ] GC(32) y: Using tenuring threshold: 2 (Computed)
[2026-06-26T13:52:10.193-0300][53.881s][14000][1580 ][info][gc,phases   ] GC(32) y: Concurrent Select Relocation Set 3.475ms
[2026-06-26T13:52:10.193-0300][53.881s][14000][2192 ][info][gc,phases   ] GC(32) y: Pause Relocate Start 0.014ms
[2026-06-26T13:52:10.219-0300][53.907s][14000][1580 ][info][gc,phases   ] GC(32) y: Concurrent Relocate 25.577ms
[2026-06-26T13:52:10.219-0300][53.907s][14000][1580 ][info][gc,alloc    ] GC(32) y:                         Mark Start        Mark End      Relocate Start    Relocate End   
[2026-06-26T13:52:10.219-0300][53.907s][14000][1580 ][info][gc,alloc    ] GC(32) y: Allocation Stalls:          0                0                0                0         
[2026-06-26T13:52:10.219-0300][53.907s][14000][1580 ][info][gc,load     ] GC(32) y: Load: 0.00 (0%) / 0.00 (0%) / 0.00 (0%)
[2026-06-26T13:52:10.219-0300][53.907s][14000][1580 ][info][gc,mmu      ] GC(32) y: MMU: 2ms/52.1%, 5ms/80.9%, 10ms/90.4%, 20ms/95.2%, 50ms/94.9%, 100ms/97.5%
[2026-06-26T13:52:10.219-0300][53.907s][14000][1580 ][info][gc,marking  ] GC(32) y: Mark: 2 stripe(s), 2 proactive flush(es), 1 terminate flush(es), 0 completion(s), 0 continuation(s) 
[2026-06-26T13:52:10.219-0300][53.907s][14000][1580 ][info][gc,nmethod  ] GC(32) y: NMethods: 11274 registered, 0 unregistered
[2026-06-26T13:52:10.219-0300][53.907s][14000][1580 ][info][gc,metaspace] GC(32) y: Metaspace: 64M used, 65M committed, 1088M reserved
[2026-06-26T13:52:10.219-0300][53.907s][14000][1580 ][info][gc,reloc    ] GC(32) y:                        Candidates     Selected     In-Place         Size        Empty    Relocated 
[2026-06-26T13:52:10.219-0300][53.907s][14000][1580 ][info][gc,reloc    ] GC(32) y: Small Pages:                   69           27            0         138M           2M          19M 
[2026-06-26T13:52:10.219-0300][53.907s][14000][1580 ][info][gc,reloc    ] GC(32) y: Medium Pages:                   1            0            0          32M           0M           0M 
[2026-06-26T13:52:10.219-0300][53.907s][14000][1580 ][info][gc,reloc    ] GC(32) y: Large Pages:                    0            0            0           0M           0M           0M 
[2026-06-26T13:52:10.219-0300][53.907s][14000][1580 ][info][gc,reloc    ] GC(32) y: Forwarding Usage: 17M
[2026-06-26T13:52:10.219-0300][53.907s][14000][1580 ][info][gc,reloc    ] GC(32) y: Age Table:
[2026-06-26T13:52:10.219-0300][53.907s][14000][1580 ][info][gc,reloc    ] GC(32) y:                    Live             Garbage             Small              Medium             Large        
[2026-06-26T13:52:10.219-0300][53.907s][14000][1580 ][info][gc,reloc    ] GC(32) y: Eden              55M (2%)           68M (2%)          46 / 16             1 / 0              0 / 0        
[2026-06-26T13:52:10.219-0300][53.907s][14000][1580 ][info][gc,reloc    ] GC(32) y: Survivor 1        19M (1%)           26M (1%)          23 / 11             0 / 0              0 / 0        
[2026-06-26T13:52:10.219-0300][53.907s][14000][1580 ][info][gc,heap     ] GC(32) y: Min Capacity: 8M(0%)
[2026-06-26T13:52:10.219-0300][53.907s][14000][1580 ][info][gc,heap     ] GC(32) y: Max Capacity: 3072M(100%)
[2026-06-26T13:52:10.219-0300][53.907s][14000][1580 ][info][gc,heap     ] GC(32) y: Soft Max Capacity: 3072M(100%)
[2026-06-26T13:52:10.219-0300][53.907s][14000][1580 ][info][gc,heap     ] GC(32) y: Heap Statistics:
[2026-06-26T13:52:10.219-0300][53.907s][14000][1580 ][info][gc,heap     ] GC(32) y:                Mark Start          Mark End        Relocate Start      Relocate End           High               Low         
[2026-06-26T13:52:10.219-0300][53.907s][14000][1580 ][info][gc,heap     ] GC(32) y:  Capacity:     3072M (100%)       3072M (100%)       3072M (100%)       3072M (100%)       3072M (100%)       3072M (100%)   
[2026-06-26T13:52:10.219-0300][53.907s][14000][1580 ][info][gc,heap     ] GC(32) y:      Free:     1802M (59%)        1710M (56%)        1706M (56%)        1726M (56%)        1802M (59%)        1702M (55%)    
[2026-06-26T13:52:10.219-0300][53.907s][14000][1580 ][info][gc,heap     ] GC(32) y:      Used:     1270M (41%)        1362M (44%)        1366M (44%)        1346M (44%)        1370M (45%)        1270M (41%)    
[2026-06-26T13:52:10.219-0300][53.907s][14000][1580 ][info][gc,heap     ] GC(32) y: Young Generation Statistics:
[2026-06-26T13:52:10.219-0300][53.907s][14000][1580 ][info][gc,heap     ] GC(32) y:                Mark Start          Mark End        Relocate Start      Relocate End    
[2026-06-26T13:52:10.219-0300][53.907s][14000][1580 ][info][gc,heap     ] GC(32) y:      Used:      170M (6%)          262M (9%)          266M (9%)          246M (8%)     
[2026-06-26T13:52:10.219-0300][53.907s][14000][1580 ][info][gc,heap     ] GC(32) y:      Live:         -                74M (2%)           74M (2%)           74M (2%)     
[2026-06-26T13:52:10.219-0300][53.907s][14000][1580 ][info][gc,heap     ] GC(32) y:   Garbage:         -                95M (3%)           93M (3%)           33M (1%)     
[2026-06-26T13:52:10.219-0300][53.907s][14000][1580 ][info][gc,heap     ] GC(32) y: Allocated:         -                92M (3%)           98M (3%)          137M (4%)     
[2026-06-26T13:52:10.219-0300][53.907s][14000][1580 ][info][gc,heap     ] GC(32) y: Reclaimed:         -                  -                 2M (0%)           61M (2%)     
[2026-06-26T13:52:10.219-0300][53.907s][14000][1580 ][info][gc,heap     ] GC(32) y:  Promoted:         -                  -                 0M (0%)            0M (0%)     
[2026-06-26T13:52:10.219-0300][53.907s][14000][1580 ][info][gc,heap     ] GC(32) y: Compacted:         -                  -                  -                36M (1%)     
[2026-06-26T13:52:10.219-0300][53.907s][14000][1580 ][info][gc,phases   ] GC(32) y: Young Generation 1270M(41%)->1346M(44%) 0.129s
[2026-06-26T13:52:10.219-0300][53.907s][14000][1580 ][info][gc          ] GC(32) Minor Collection (Allocation Rate) 1270M(41%)->1346M(44%) 0.129s
[2026-06-26T13:52:10.219-0300][53.907s][14000][1580 ][info][gc          ] GC(33) Minor Collection (Allocation Rate)
[2026-06-26T13:52:10.219-0300][53.907s][14000][1580 ][info][gc,task     ] GC(33) Using 2 Workers for Young Generation
[2026-06-26T13:52:10.219-0300][53.907s][14000][1580 ][info][gc,phases   ] GC(33) y: Young Generation
[2026-06-26T13:52:10.219-0300][53.907s][14000][2192 ][info][gc,phases   ] GC(33) y: Pause Mark Start 0.011ms
[2026-06-26T13:52:10.356-0300][54.044s][14000][1580 ][info][gc,phases   ] GC(33) y: Concurrent Mark 136.809ms
[2026-06-26T13:52:10.356-0300][54.044s][14000][2192 ][info][gc,phases   ] GC(33) y: Pause Mark End 0.013ms
[2026-06-26T13:52:10.356-0300][54.044s][14000][1580 ][info][gc,phases   ] GC(33) y: Concurrent Mark Free 0.005ms
[2026-06-26T13:52:10.357-0300][54.044s][14000][1580 ][info][gc,phases   ] GC(33) y: Concurrent Reset Relocation Set 0.005ms
[2026-06-26T13:52:10.357-0300][54.045s][14000][1580 ][info][gc,reloc    ] GC(33) y: Using tenuring threshold: 1 (Computed)
[2026-06-26T13:52:10.386-0300][54.074s][14000][1580 ][info][gc,phases   ] GC(33) y: Concurrent Select Relocation Set 29.732ms
[2026-06-26T13:52:10.386-0300][54.074s][14000][2192 ][info][gc,phases   ] GC(33) y: Pause Relocate Start 0.012ms
[2026-06-26T13:52:10.438-0300][54.126s][14000][1580 ][info][gc,phases   ] GC(33) y: Concurrent Relocate 51.894ms
[2026-06-26T13:52:10.438-0300][54.126s][14000][1580 ][info][gc,alloc    ] GC(33) y:                         Mark Start        Mark End      Relocate Start    Relocate End   
[2026-06-26T13:52:10.438-0300][54.126s][14000][1580 ][info][gc,alloc    ] GC(33) y: Allocation Stalls:          0                0                0                0         
[2026-06-26T13:52:10.438-0300][54.126s][14000][1580 ][info][gc,load     ] GC(33) y: Load: 0.00 (0%) / 0.00 (0%) / 0.00 (0%)
[2026-06-26T13:52:10.438-0300][54.126s][14000][1580 ][info][gc,mmu      ] GC(33) y: MMU: 2ms/52.1%, 5ms/80.9%, 10ms/90.4%, 20ms/95.2%, 50ms/94.9%, 100ms/97.5%
[2026-06-26T13:52:10.438-0300][54.126s][14000][1580 ][info][gc,marking  ] GC(33) y: Mark: 2 stripe(s), 2 proactive flush(es), 1 terminate flush(es), 0 completion(s), 0 continuation(s) 
[2026-06-26T13:52:10.438-0300][54.126s][14000][1580 ][info][gc,nmethod  ] GC(33) y: NMethods: 11278 registered, 0 unregistered
[2026-06-26T13:52:10.438-0300][54.126s][14000][1580 ][info][gc,metaspace] GC(33) y: Metaspace: 64M used, 65M committed, 1088M reserved
[2026-06-26T13:52:10.438-0300][54.126s][14000][1580 ][info][gc,reloc    ] GC(33) y:                        Candidates     Selected     In-Place         Size        Empty    Relocated 
[2026-06-26T13:52:10.438-0300][54.126s][14000][1580 ][info][gc,reloc    ] GC(33) y: Small Pages:                   91           13            0         182M          76M           3M 
[2026-06-26T13:52:10.438-0300][54.126s][14000][1580 ][info][gc,reloc    ] GC(33) y: Medium Pages:                   2            0            0          64M          32M           0M 
[2026-06-26T13:52:10.438-0300][54.126s][14000][1580 ][info][gc,reloc    ] GC(33) y: Large Pages:                    0            0            0           0M           0M           0M 
[2026-06-26T13:52:10.438-0300][54.126s][14000][1580 ][info][gc,reloc    ] GC(33) y: Forwarding Usage: 2M
[2026-06-26T13:52:10.438-0300][54.126s][14000][1580 ][info][gc,reloc    ] GC(33) y: Age Table:
[2026-06-26T13:52:10.438-0300][54.126s][14000][1580 ][info][gc,reloc    ] GC(33) y:                    Live             Garbage             Small              Medium             Large        
[2026-06-26T13:52:10.438-0300][54.127s][14000][1580 ][info][gc,reloc    ] GC(33) y: Eden               4M (0%)          125M (4%)          49 / 8              1 / 0              0 / 0        
[2026-06-26T13:52:10.439-0300][54.127s][14000][1580 ][info][gc,reloc    ] GC(33) y: Survivor 1        55M (2%)           38M (1%)          31 / 3              1 / 0              0 / 0        
[2026-06-26T13:52:10.439-0300][54.127s][14000][1580 ][info][gc,reloc    ] GC(33) y: Survivor 2        19M (1%)            2M (0%)          11 / 2              0 / 0              0 / 0        
[2026-06-26T13:52:10.439-0300][54.127s][14000][1580 ][info][gc,heap     ] GC(33) y: Min Capacity: 8M(0%)
[2026-06-26T13:52:10.439-0300][54.127s][14000][1580 ][info][gc,heap     ] GC(33) y: Max Capacity: 3072M(100%)
[2026-06-26T13:52:10.439-0300][54.127s][14000][1580 ][info][gc,heap     ] GC(33) y: Soft Max Capacity: 3072M(100%)
[2026-06-26T13:52:10.439-0300][54.127s][14000][1580 ][info][gc,heap     ] GC(33) y: Heap Statistics:
[2026-06-26T13:52:10.439-0300][54.127s][14000][1580 ][info][gc,heap     ] GC(33) y:                Mark Start          Mark End        Relocate Start      Relocate End           High               Low         
[2026-06-26T13:52:10.439-0300][54.127s][14000][1580 ][info][gc,heap     ] GC(33) y:  Capacity:     3072M (100%)       3072M (100%)       3072M (100%)       3072M (100%)       3072M (100%)       3072M (100%)   
[2026-06-26T13:52:10.439-0300][54.127s][14000][1580 ][info][gc,heap     ] GC(33) y:      Free:     1726M (56%)        1662M (54%)        1766M (57%)        1784M (58%)        1786M (58%)        1662M (54%)    
[2026-06-26T13:52:10.439-0300][54.127s][14000][1580 ][info][gc,heap     ] GC(33) y:      Used:     1346M (44%)        1410M (46%)        1306M (43%)        1288M (42%)        1410M (46%)        1286M (42%)    
[2026-06-26T13:52:10.439-0300][54.127s][14000][1580 ][info][gc,heap     ] GC(33) y: Young Generation Statistics:
[2026-06-26T13:52:10.439-0300][54.127s][14000][1580 ][info][gc,heap     ] GC(33) y:                Mark Start          Mark End        Relocate Start      Relocate End    
[2026-06-26T13:52:10.439-0300][54.127s][14000][1580 ][info][gc,heap     ] GC(33) y:      Used:      246M (8%)          310M (10%)         134M (4%)          110M (4%)     
[2026-06-26T13:52:10.439-0300][54.127s][14000][1580 ][info][gc,heap     ] GC(33) y:      Live:         -                78M (3%)            8M (0%)            4M (0%)     
[2026-06-26T13:52:10.439-0300][54.127s][14000][1580 ][info][gc,heap     ] GC(33) y:   Garbage:         -               167M (5%)           57M (2%)           31M (1%)     
[2026-06-26T13:52:10.439-0300][54.127s][14000][1580 ][info][gc,heap     ] GC(33) y: Allocated:         -                64M (2%)           68M (2%)           74M (2%)     
[2026-06-26T13:52:10.439-0300][54.127s][14000][1580 ][info][gc,heap     ] GC(33) y: Reclaimed:         -                  -               109M (4%)          136M (4%)     
[2026-06-26T13:52:10.439-0300][54.127s][14000][1580 ][info][gc,heap     ] GC(33) y:  Promoted:         -                  -                70M (2%)           74M (2%)     
[2026-06-26T13:52:10.439-0300][54.127s][14000][1580 ][info][gc,heap     ] GC(33) y: Compacted:         -                  -                  -                 1M (0%)     
[2026-06-26T13:52:10.439-0300][54.127s][14000][1580 ][info][gc,phases   ] GC(33) y: Young Generation 1346M(44%)->1288M(42%) 0.219s
[2026-06-26T13:52:10.439-0300][54.127s][14000][1580 ][info][gc          ] GC(33) Minor Collection (Allocation Rate) 1346M(44%)->1288M(42%) 0.220s
[2026-06-26T13:52:10.878-0300][54.566s][14000][1580 ][info][gc          ] GC(34) Minor Collection (Allocation Rate)
[2026-06-26T13:52:10.878-0300][54.566s][14000][1580 ][info][gc,task     ] GC(34) Using 2 Workers for Young Generation
[2026-06-26T13:52:10.878-0300][54.566s][14000][1580 ][info][gc,phases   ] GC(34) y: Young Generation
[2026-06-26T13:52:10.878-0300][54.566s][14000][2192 ][info][gc,phases   ] GC(34) y: Pause Mark Start 0.010ms
[2026-06-26T13:52:10.909-0300][54.597s][14000][1580 ][info][gc,phases   ] GC(34) y: Concurrent Mark 31.254ms
[2026-06-26T13:52:10.909-0300][54.597s][14000][2192 ][info][gc,phases   ] GC(34) y: Pause Mark End 0.018ms
[2026-06-26T13:52:10.909-0300][54.597s][14000][1580 ][info][gc,phases   ] GC(34) y: Concurrent Mark Free 0.004ms
[2026-06-26T13:52:10.909-0300][54.597s][14000][1580 ][info][gc,phases   ] GC(34) y: Concurrent Reset Relocation Set 0.063ms
[2026-06-26T13:52:10.909-0300][54.598s][14000][1580 ][info][gc,reloc    ] GC(34) y: Using tenuring threshold: 2 (Computed)
[2026-06-26T13:52:10.911-0300][54.599s][14000][1580 ][info][gc,phases   ] GC(34) y: Concurrent Select Relocation Set 1.816ms
[2026-06-26T13:52:10.911-0300][54.599s][14000][2192 ][info][gc,phases   ] GC(34) y: Pause Relocate Start 0.007ms
[2026-06-26T13:52:10.919-0300][54.607s][14000][1580 ][info][gc,phases   ] GC(34) y: Concurrent Relocate 7.866ms
[2026-06-26T13:52:10.919-0300][54.607s][14000][1580 ][info][gc,alloc    ] GC(34) y:                         Mark Start        Mark End      Relocate Start    Relocate End   
[2026-06-26T13:52:10.919-0300][54.607s][14000][1580 ][info][gc,alloc    ] GC(34) y: Allocation Stalls:          0                0                0                0         
[2026-06-26T13:52:10.919-0300][54.607s][14000][1580 ][info][gc,load     ] GC(34) y: Load: 0.00 (0%) / 0.00 (0%) / 0.00 (0%)
[2026-06-26T13:52:10.920-0300][54.607s][14000][1580 ][info][gc,mmu      ] GC(34) y: MMU: 2ms/52.1%, 5ms/80.9%, 10ms/90.4%, 20ms/95.2%, 50ms/94.9%, 100ms/97.5%
[2026-06-26T13:52:10.920-0300][54.607s][14000][1580 ][info][gc,marking  ] GC(34) y: Mark: 2 stripe(s), 5 proactive flush(es), 1 terminate flush(es), 0 completion(s), 0 continuation(s) 
[2026-06-26T13:52:10.920-0300][54.607s][14000][1580 ][info][gc,nmethod  ] GC(34) y: NMethods: 11314 registered, 0 unregistered
[2026-06-26T13:52:10.920-0300][54.607s][14000][1580 ][info][gc,metaspace] GC(34) y: Metaspace: 64M used, 65M committed, 1088M reserved
[2026-06-26T13:52:10.920-0300][54.607s][14000][1580 ][info][gc,reloc    ] GC(34) y:                        Candidates     Selected     In-Place         Size        Empty    Relocated 
[2026-06-26T13:52:10.920-0300][54.608s][14000][1580 ][info][gc,reloc    ] GC(34) y: Small Pages:                   61           20            0         122M          64M           8M 
[2026-06-26T13:52:10.920-0300][54.608s][14000][1580 ][info][gc,reloc    ] GC(34) y: Medium Pages:                   1            0            0          32M           0M           0M 
[2026-06-26T13:52:10.920-0300][54.608s][14000][1580 ][info][gc,reloc    ] GC(34) y: Large Pages:                    0            0            0           0M           0M           0M 
[2026-06-26T13:52:10.920-0300][54.608s][14000][1580 ][info][gc,reloc    ] GC(34) y: Forwarding Usage: 5M
[2026-06-26T13:52:10.920-0300][54.608s][14000][1580 ][info][gc,reloc    ] GC(34) y: Age Table:
[2026-06-26T13:52:10.920-0300][54.608s][14000][1580 ][info][gc,reloc    ] GC(34) y:                    Live             Garbage             Small              Medium             Large        
[2026-06-26T13:52:10.920-0300][54.608s][14000][1580 ][info][gc,reloc    ] GC(34) y: Eden              12M (0%)          101M (3%)          57 / 19             0 / 0              0 / 0        
[2026-06-26T13:52:10.920-0300][54.608s][14000][1580 ][info][gc,reloc    ] GC(34) y: Survivor 1         4M (0%)           35M (1%)           4 / 1              1 / 0              0 / 0        
[2026-06-26T13:52:10.920-0300][54.608s][14000][1580 ][info][gc,heap     ] GC(34) y: Min Capacity: 8M(0%)
[2026-06-26T13:52:10.920-0300][54.608s][14000][1580 ][info][gc,heap     ] GC(34) y: Max Capacity: 3072M(100%)
[2026-06-26T13:52:10.920-0300][54.608s][14000][1580 ][info][gc,heap     ] GC(34) y: Soft Max Capacity: 3072M(100%)
[2026-06-26T13:52:10.920-0300][54.608s][14000][1580 ][info][gc,heap     ] GC(34) y: Heap Statistics:
[2026-06-26T13:52:10.920-0300][54.608s][14000][1580 ][info][gc,heap     ] GC(34) y:                Mark Start          Mark End        Relocate Start      Relocate End           High               Low         
[2026-06-26T13:52:10.920-0300][54.608s][14000][1580 ][info][gc,heap     ] GC(34) y:  Capacity:     3072M (100%)       3072M (100%)       3072M (100%)       3072M (100%)       3072M (100%)       3072M (100%)   
[2026-06-26T13:52:10.920-0300][54.608s][14000][1580 ][info][gc,heap     ] GC(34) y:      Free:     1740M (57%)        1724M (56%)        1788M (58%)        1820M (59%)        1820M (59%)        1724M (56%)    
[2026-06-26T13:52:10.920-0300][54.608s][14000][1580 ][info][gc,heap     ] GC(34) y:      Used:     1332M (43%)        1348M (44%)        1284M (42%)        1252M (41%)        1348M (44%)        1252M (41%)    
[2026-06-26T13:52:10.920-0300][54.608s][14000][1580 ][info][gc,heap     ] GC(34) y: Young Generation Statistics:
[2026-06-26T13:52:10.920-0300][54.608s][14000][1580 ][info][gc,heap     ] GC(34) y:                Mark Start          Mark End        Relocate Start      Relocate End    
[2026-06-26T13:52:10.920-0300][54.608s][14000][1580 ][info][gc,heap     ] GC(34) y:      Used:      154M (5%)          170M (6%)          106M (3%)           74M (2%)     
[2026-06-26T13:52:10.920-0300][54.608s][14000][1580 ][info][gc,heap     ] GC(34) y:      Live:         -                16M (1%)           16M (1%)           16M (1%)     
[2026-06-26T13:52:10.920-0300][54.608s][14000][1580 ][info][gc,heap     ] GC(34) y:   Garbage:         -               137M (4%)           73M (2%)           31M (1%)     
[2026-06-26T13:52:10.920-0300][54.608s][14000][1580 ][info][gc,heap     ] GC(34) y: Allocated:         -                16M (1%)           16M (1%)           26M (1%)     
[2026-06-26T13:52:10.920-0300][54.608s][14000][1580 ][info][gc,heap     ] GC(34) y: Reclaimed:         -                  -                64M (2%)          106M (3%)     
[2026-06-26T13:52:10.920-0300][54.608s][14000][1580 ][info][gc,heap     ] GC(34) y:  Promoted:         -                  -                 0M (0%)            0M (0%)     
[2026-06-26T13:52:10.920-0300][54.608s][14000][1580 ][info][gc,heap     ] GC(34) y: Compacted:         -                  -                  -                13M (0%)     
[2026-06-26T13:52:10.920-0300][54.608s][14000][1580 ][info][gc,phases   ] GC(34) y: Young Generation 1332M(43%)->1252M(41%) 0.042s
[2026-06-26T13:52:10.920-0300][54.608s][14000][1580 ][info][gc          ] GC(34) Minor Collection (Allocation Rate) 1332M(43%)->1252M(41%) 0.042s
[2026-06-26T13:52:11.069-0300][54.758s][14000][1600 ][info][gc,phases   ] GC(30) O: Concurrent Mark 1463.113ms
[2026-06-26T13:52:11.069-0300][54.758s][14000][2192 ][info][gc,phases   ] GC(30) O: Pause Mark End 0.015ms
[2026-06-26T13:52:11.069-0300][54.758s][14000][1600 ][info][gc,phases   ] GC(30) O: Concurrent Mark Free 0.002ms
[2026-06-26T13:52:11.098-0300][54.786s][14000][1600 ][info][gc,phases   ] GC(30) O: Concurrent Process Non-Strong 27.972ms
[2026-06-26T13:52:11.098-0300][54.786s][14000][1600 ][info][gc,phases   ] GC(30) O: Concurrent Reset Relocation Set 0.005ms
[2026-06-26T13:52:11.104-0300][54.793s][14000][1600 ][info][gc,phases   ] GC(30) O: Concurrent Select Relocation Set 6.547ms
[2026-06-26T13:52:11.104-0300][54.793s][14000][1600 ][info][gc,task     ] GC(30) O: Using 3 Workers for Old Generation
[2026-06-26T13:52:11.110-0300][54.798s][14000][1600 ][info][gc,task     ] GC(30) O: Using 1 Workers for Old Generation
[2026-06-26T13:52:11.110-0300][54.798s][14000][1600 ][info][gc,phases   ] GC(30) O: Concurrent Remap Roots 5.544ms
[2026-06-26T13:52:11.110-0300][54.798s][14000][2192 ][info][gc,phases   ] GC(30) O: Pause Relocate Start 0.011ms
[2026-06-26T13:52:11.185-0300][54.873s][14000][1580 ][info][gc          ] GC(35) Minor Collection (Allocation Rate)
[2026-06-26T13:52:11.185-0300][54.873s][14000][1580 ][info][gc,task     ] GC(35) Using 2 Workers for Young Generation
[2026-06-26T13:52:11.185-0300][54.873s][14000][1580 ][info][gc,phases   ] GC(35) y: Young Generation
[2026-06-26T13:52:11.185-0300][54.874s][14000][2192 ][info][gc,phases   ] GC(35) y: Pause Mark Start 0.014ms
[2026-06-26T13:52:11.205-0300][54.893s][14000][1600 ][info][gc,phases   ] GC(30) O: Concurrent Relocate 95.030ms
[2026-06-26T13:52:11.222-0300][54.910s][14000][1580 ][info][gc,phases   ] GC(35) y: Concurrent Mark 35.602ms
[2026-06-26T13:52:11.222-0300][54.910s][14000][2192 ][info][gc,phases   ] GC(35) y: Pause Mark End 0.012ms
[2026-06-26T13:52:11.222-0300][54.910s][14000][1580 ][info][gc,phases   ] GC(35) y: Concurrent Mark Free 0.006ms
[2026-06-26T13:52:11.222-0300][54.910s][14000][1580 ][info][gc,phases   ] GC(35) y: Concurrent Reset Relocation Set 0.004ms
[2026-06-26T13:52:11.222-0300][54.910s][14000][1580 ][info][gc,reloc    ] GC(35) y: Using tenuring threshold: 2 (Computed)
[2026-06-26T13:52:11.226-0300][54.915s][14000][1580 ][info][gc,phases   ] GC(35) y: Concurrent Select Relocation Set 4.669ms
[2026-06-26T13:52:11.226-0300][54.915s][14000][2192 ][info][gc,phases   ] GC(35) y: Pause Relocate Start 0.010ms
[2026-06-26T13:52:11.238-0300][54.926s][14000][1580 ][info][gc,phases   ] GC(35) y: Concurrent Relocate 11.459ms
[2026-06-26T13:52:11.238-0300][54.927s][14000][1580 ][info][gc,alloc    ] GC(35) y:                         Mark Start        Mark End      Relocate Start    Relocate End   
[2026-06-26T13:52:11.238-0300][54.927s][14000][1580 ][info][gc,alloc    ] GC(35) y: Allocation Stalls:          0                0                0                0         
[2026-06-26T13:52:11.238-0300][54.927s][14000][1580 ][info][gc,load     ] GC(35) y: Load: 0.00 (0%) / 0.00 (0%) / 0.00 (0%)
[2026-06-26T13:52:11.238-0300][54.927s][14000][1580 ][info][gc,mmu      ] GC(35) y: MMU: 2ms/52.1%, 5ms/80.9%, 10ms/90.4%, 20ms/95.2%, 50ms/94.9%, 100ms/97.5%
[2026-06-26T13:52:11.238-0300][54.927s][14000][1580 ][info][gc,marking  ] GC(35) y: Mark: 2 stripe(s), 2 proactive flush(es), 1 terminate flush(es), 0 completion(s), 0 continuation(s) 
[2026-06-26T13:52:11.238-0300][54.927s][14000][1580 ][info][gc,nmethod  ] GC(35) y: NMethods: 10749 registered, 611 unregistered
[2026-06-26T13:52:11.238-0300][54.927s][14000][1580 ][info][gc,metaspace] GC(35) y: Metaspace: 64M used, 65M committed, 1088M reserved
[2026-06-26T13:52:11.238-0300][54.927s][14000][1580 ][info][gc,reloc    ] GC(35) y:                        Candidates     Selected     In-Place         Size        Empty    Relocated 
[2026-06-26T13:52:11.238-0300][54.927s][14000][1580 ][info][gc,reloc    ] GC(35) y: Small Pages:                   68           27            0         136M          56M           7M 
[2026-06-26T13:52:11.238-0300][54.927s][14000][1580 ][info][gc,reloc    ] GC(35) y: Medium Pages:                   1            0            0          32M           0M           0M 
[2026-06-26T13:52:11.238-0300][54.927s][14000][1580 ][info][gc,reloc    ] GC(35) y: Large Pages:                    0            0            0           0M           0M           0M 
[2026-06-26T13:52:11.238-0300][54.927s][14000][1580 ][info][gc,reloc    ] GC(35) y: Forwarding Usage: 5M
[2026-06-26T13:52:11.238-0300][54.927s][14000][1580 ][info][gc,reloc    ] GC(35) y: Age Table:
[2026-06-26T13:52:11.238-0300][54.927s][14000][1580 ][info][gc,reloc    ] GC(35) y:                    Live             Garbage             Small              Medium             Large        
[2026-06-26T13:52:11.238-0300][54.927s][14000][1580 ][info][gc,reloc    ] GC(35) y: Eden               8M (0%)          103M (3%)          56 / 23             0 / 0              0 / 0        
[2026-06-26T13:52:11.238-0300][54.927s][14000][1580 ][info][gc,reloc    ] GC(35) y: Survivor 1        12M (0%)            3M (0%)           8 / 2              0 / 0              0 / 0        
[2026-06-26T13:52:11.238-0300][54.927s][14000][1580 ][info][gc,reloc    ] GC(35) y: Survivor 2         4M (0%)           35M (1%)           4 / 2              1 / 0              0 / 0        
[2026-06-26T13:52:11.238-0300][54.927s][14000][1580 ][info][gc,heap     ] GC(35) y: Min Capacity: 8M(0%)
[2026-06-26T13:52:11.238-0300][54.927s][14000][1580 ][info][gc,heap     ] GC(35) y: Max Capacity: 3072M(100%)
[2026-06-26T13:52:11.238-0300][54.927s][14000][1580 ][info][gc,heap     ] GC(35) y: Soft Max Capacity: 3072M(100%)
[2026-06-26T13:52:11.238-0300][54.927s][14000][1580 ][info][gc,heap     ] GC(35) y: Heap Statistics:
[2026-06-26T13:52:11.238-0300][54.927s][14000][1580 ][info][gc,heap     ] GC(35) y:                Mark Start          Mark End        Relocate Start      Relocate End           High               Low         
[2026-06-26T13:52:11.238-0300][54.927s][14000][1580 ][info][gc,heap     ] GC(35) y:  Capacity:     3072M (100%)       3072M (100%)       3072M (100%)       3072M (100%)       3072M (100%)       3072M (100%)   
[2026-06-26T13:52:11.238-0300][54.927s][14000][1580 ][info][gc,heap     ] GC(35) y:      Free:     1922M (63%)        1838M (60%)        1892M (62%)        1934M (63%)        1936M (63%)        1838M (60%)    
[2026-06-26T13:52:11.238-0300][54.927s][14000][1580 ][info][gc,heap     ] GC(35) y:      Used:     1150M (37%)        1234M (40%)        1180M (38%)        1138M (37%)        1234M (40%)        1136M (37%)    
[2026-06-26T13:52:11.238-0300][54.927s][14000][1580 ][info][gc,heap     ] GC(35) y: Young Generation Statistics:
[2026-06-26T13:52:11.238-0300][54.927s][14000][1580 ][info][gc,heap     ] GC(35) y:                Mark Start          Mark End        Relocate Start      Relocate End    
[2026-06-26T13:52:11.238-0300][54.927s][14000][1580 ][info][gc,heap     ] GC(35) y:      Used:      168M (5%)          254M (8%)          166M (5%)          120M (4%)     
[2026-06-26T13:52:11.238-0300][54.927s][14000][1580 ][info][gc,heap     ] GC(35) y:      Live:         -                24M (1%)           21M (1%)           20M (1%)     
[2026-06-26T13:52:11.238-0300][54.927s][14000][1580 ][info][gc,heap     ] GC(35) y:   Garbage:         -               143M (5%)           56M (2%)            0M (0%)     
[2026-06-26T13:52:11.238-0300][54.927s][14000][1580 ][info][gc,heap     ] GC(35) y: Allocated:         -                86M (3%)           88M (3%)           99M (3%)     
[2026-06-26T13:52:11.238-0300][54.927s][14000][1580 ][info][gc,heap     ] GC(35) y: Reclaimed:         -                  -                87M (3%)          143M (5%)     
[2026-06-26T13:52:11.238-0300][54.927s][14000][1580 ][info][gc,heap     ] GC(35) y:  Promoted:         -                  -                 2M (0%)            4M (0%)     
[2026-06-26T13:52:11.238-0300][54.927s][14000][1580 ][info][gc,heap     ] GC(35) y: Compacted:         -                  -                  -                 8M (0%)     
[2026-06-26T13:52:11.238-0300][54.927s][14000][1580 ][info][gc,phases   ] GC(35) y: Young Generation 1148M(37%)->1138M(37%) 0.054s
[2026-06-26T13:52:11.238-0300][54.927s][14000][1580 ][info][gc          ] GC(35) Minor Collection (Allocation Rate) 1148M(37%)->1138M(37%) 0.054s
[2026-06-26T13:52:11.239-0300][54.927s][14000][1600 ][info][gc,alloc    ] GC(30) O:                         Mark Start        Mark End      Relocate Start    Relocate End   
[2026-06-26T13:52:11.239-0300][54.927s][14000][1600 ][info][gc,alloc    ] GC(30) O: Allocation Stalls:          0                0                0                0         
[2026-06-26T13:52:11.239-0300][54.927s][14000][1600 ][info][gc,load     ] GC(30) O: Load: 0.00 (0%) / 0.00 (0%) / 0.00 (0%)
[2026-06-26T13:52:11.239-0300][54.927s][14000][1600 ][info][gc,mmu      ] GC(30) O: MMU: 2ms/52.1%, 5ms/80.9%, 10ms/90.4%, 20ms/95.2%, 50ms/94.9%, 100ms/97.5%
[2026-06-26T13:52:11.239-0300][54.927s][14000][1600 ][info][gc,marking  ] GC(30) O: Mark: 1 stripe(s), 2 proactive flush(es), 1 terminate flush(es), 0 completion(s), 0 continuation(s) 
[2026-06-26T13:52:11.239-0300][54.927s][14000][1600 ][info][gc,nmethod  ] GC(30) O: NMethods: 10749 registered, 611 unregistered
[2026-06-26T13:52:11.239-0300][54.927s][14000][1600 ][info][gc,metaspace] GC(30) O: Metaspace: 64M used, 65M committed, 1088M reserved
[2026-06-26T13:52:11.239-0300][54.927s][14000][1600 ][info][gc,ref      ] GC(30) O:                       Encountered   Discovered     Enqueued 
[2026-06-26T13:52:11.239-0300][54.927s][14000][1600 ][info][gc,ref      ] GC(30) O: Soft References:             5486            0            0 
[2026-06-26T13:52:11.239-0300][54.927s][14000][1600 ][info][gc,ref      ] GC(30) O: Weak References:             5203         3086            2 
[2026-06-26T13:52:11.239-0300][54.927s][14000][1600 ][info][gc,ref      ] GC(30) O: Final References:              17            5            0 
[2026-06-26T13:52:11.239-0300][54.927s][14000][1600 ][info][gc,ref      ] GC(30) O: Phantom References:         12523         6425            0 
[2026-06-26T13:52:11.239-0300][54.927s][14000][1600 ][info][gc,reloc    ] GC(30) O:                        Candidates     Selected     In-Place         Size        Empty    Relocated 
[2026-06-26T13:52:11.239-0300][54.927s][14000][1600 ][info][gc,reloc    ] GC(30) O: Small Pages:                  379           35            0         758M           0M          15M 
[2026-06-26T13:52:11.239-0300][54.927s][14000][1600 ][info][gc,reloc    ] GC(30) O: Medium Pages:                   5            4            0         160M           0M          22M 
[2026-06-26T13:52:11.239-0300][54.927s][14000][1600 ][info][gc,reloc    ] GC(30) O: Large Pages:                    1            0            0          12M           0M           0M 
[2026-06-26T13:52:11.239-0300][54.927s][14000][1600 ][info][gc,reloc    ] GC(30) O: Forwarding Usage: 24M
[2026-06-26T13:52:11.239-0300][54.927s][14000][1600 ][info][gc,heap     ] GC(30) O: Min Capacity: 8M(0%)
[2026-06-26T13:52:11.239-0300][54.927s][14000][1600 ][info][gc,heap     ] GC(30) O: Max Capacity: 3072M(100%)
[2026-06-26T13:52:11.239-0300][54.927s][14000][1600 ][info][gc,heap     ] GC(30) O: Soft Max Capacity: 3072M(100%)
[2026-06-26T13:52:11.239-0300][54.927s][14000][1600 ][info][gc,heap     ] GC(30) O: Heap Statistics:
[2026-06-26T13:52:11.239-0300][54.927s][14000][1600 ][info][gc,heap     ] GC(30) O:                Mark Start          Mark End        Relocate Start      Relocate End           High               Low         
[2026-06-26T13:52:11.239-0300][54.927s][14000][1600 ][info][gc,heap     ] GC(30) O:  Capacity:     3072M (100%)       3072M (100%)       3072M (100%)       3072M (100%)       3072M (100%)       3072M (100%)   
[2026-06-26T13:52:11.239-0300][54.927s][14000][1600 ][info][gc,heap     ] GC(30) O:      Free:     1878M (61%)        1796M (58%)        1788M (58%)        1884M (61%)        1966M (64%)        1662M (54%)    
[2026-06-26T13:52:11.239-0300][54.927s][14000][1600 ][info][gc,heap     ] GC(30) O:      Used:     1194M (39%)        1276M (42%)        1284M (42%)        1188M (39%)        1410M (46%)        1106M (36%)    
[2026-06-26T13:52:11.239-0300][54.927s][14000][1600 ][info][gc,heap     ] GC(30) O: Old Generation Statistics:
[2026-06-26T13:52:11.239-0300][54.927s][14000][1600 ][info][gc,heap     ] GC(30) O:                Mark Start          Mark End        Relocate Start      Relocate End    
[2026-06-26T13:52:11.239-0300][54.927s][14000][1600 ][info][gc,heap     ] GC(30) O:      Used:      930M (30%)        1178M (38%)        1178M (38%)         980M (32%)    
[2026-06-26T13:52:11.239-0300][54.927s][14000][1600 ][info][gc,heap     ] GC(30) O:      Live:         -               690M (22%)         690M (22%)         690M (22%)    
[2026-06-26T13:52:11.239-0300][54.927s][14000][1600 ][info][gc,heap     ] GC(30) O:   Garbage:         -               239M (8%)          239M (8%)           22M (1%)     
[2026-06-26T13:52:11.239-0300][54.927s][14000][1600 ][info][gc,heap     ] GC(30) O: Allocated:         -               248M (8%)          248M (8%)          267M (9%)     
[2026-06-26T13:52:11.239-0300][54.928s][14000][1600 ][info][gc,heap     ] GC(30) O: Reclaimed:         -                  -                 0M (0%)          217M (7%)     
[2026-06-26T13:52:11.239-0300][54.928s][14000][1600 ][info][gc,heap     ] GC(30) O: Compacted:         -                  -                  -               100M (3%)     
[2026-06-26T13:52:11.239-0300][54.928s][14000][1600 ][info][gc,phases   ] GC(30) O: Old Generation 1160M(38%)->1188M(39%) 1.632s
[2026-06-26T13:52:11.239-0300][54.928s][14000][1600 ][info][gc          ] GC(30) Major Collection (Allocation Rate) 1194M(39%)->1138M(37%) 1.746s
[2026-06-26T13:52:11.325-0300][55.014s][14000][1600 ][info][gc          ] GC(36) Major Collection (Allocation Rate)
[2026-06-26T13:52:11.326-0300][55.014s][14000][1600 ][info][gc,task     ] GC(36) Using 3 Workers for Young Generation
[2026-06-26T13:52:11.326-0300][55.014s][14000][1600 ][info][gc,task     ] GC(36) Using 1 Workers for Old Generation
[2026-06-26T13:52:11.326-0300][55.014s][14000][1600 ][info][gc,phases   ] GC(36) Y: Young Generation
[2026-06-26T13:52:11.326-0300][55.014s][14000][2192 ][info][gc,phases   ] GC(36) Y: Pause Mark Start (Major) 0.015ms
[2026-06-26T13:52:11.359-0300][55.047s][14000][1600 ][info][gc,phases   ] GC(36) Y: Concurrent Mark 33.008ms
[2026-06-26T13:52:11.359-0300][55.048s][14000][2192 ][info][gc,phases   ] GC(36) Y: Pause Mark End 0.018ms
[2026-06-26T13:52:11.360-0300][55.048s][14000][1600 ][info][gc,phases   ] GC(36) Y: Concurrent Mark Free 0.005ms
[2026-06-26T13:52:11.360-0300][55.048s][14000][1600 ][info][gc,phases   ] GC(36) Y: Concurrent Reset Relocation Set 0.009ms
[2026-06-26T13:52:11.360-0300][55.048s][14000][1600 ][info][gc,reloc    ] GC(36) Y: Using tenuring threshold: 3 (Computed)
[2026-06-26T13:52:11.360-0300][55.048s][14000][1600 ][info][gc,phases   ] GC(36) Y: Concurrent Select Relocation Set 0.510ms
[2026-06-26T13:52:11.360-0300][55.048s][14000][2192 ][info][gc,phases   ] GC(36) Y: Pause Relocate Start 0.006ms
[2026-06-26T13:52:11.363-0300][55.051s][14000][1600 ][info][gc,phases   ] GC(36) Y: Concurrent Relocate 2.999ms
[2026-06-26T13:52:11.363-0300][55.051s][14000][1600 ][info][gc,alloc    ] GC(36) Y:                         Mark Start        Mark End      Relocate Start    Relocate End   
[2026-06-26T13:52:11.363-0300][55.051s][14000][1600 ][info][gc,alloc    ] GC(36) Y: Allocation Stalls:          0                0                0                0         
[2026-06-26T13:52:11.363-0300][55.051s][14000][1600 ][info][gc,load     ] GC(36) Y: Load: 0.00 (0%) / 0.00 (0%) / 0.00 (0%)
[2026-06-26T13:52:11.363-0300][55.051s][14000][1600 ][info][gc,mmu      ] GC(36) Y: MMU: 2ms/52.1%, 5ms/80.9%, 10ms/90.4%, 20ms/95.2%, 50ms/94.9%, 100ms/97.5%
[2026-06-26T13:52:11.363-0300][55.051s][14000][1600 ][info][gc,marking  ] GC(36) Y: Mark: 2 stripe(s), 10 proactive flush(es), 1 terminate flush(es), 0 completion(s), 0 continuation(s) 
[2026-06-26T13:52:11.363-0300][55.051s][14000][1600 ][info][gc,nmethod  ] GC(36) Y: NMethods: 10803 registered, 611 unregistered
[2026-06-26T13:52:11.363-0300][55.051s][14000][1600 ][info][gc,metaspace] GC(36) Y: Metaspace: 64M used, 65M committed, 1088M reserved
[2026-06-26T13:52:11.363-0300][55.051s][14000][1600 ][info][gc,reloc    ] GC(36) Y:                        Candidates     Selected     In-Place         Size        Empty    Relocated 
[2026-06-26T13:52:11.363-0300][55.051s][14000][1600 ][info][gc,reloc    ] GC(36) Y: Small Pages:                   54           14            0         108M          38M           4M 
[2026-06-26T13:52:11.363-0300][55.051s][14000][1600 ][info][gc,reloc    ] GC(36) Y: Medium Pages:                   1            0            0          32M           0M           0M 
[2026-06-26T13:52:11.363-0300][55.051s][14000][1600 ][info][gc,reloc    ] GC(36) Y: Large Pages:                    2            0            0          24M           0M           0M 
[2026-06-26T13:52:11.363-0300][55.051s][14000][1600 ][info][gc,reloc    ] GC(36) Y: Forwarding Usage: 3M
[2026-06-26T13:52:11.363-0300][55.051s][14000][1600 ][info][gc,reloc    ] GC(36) Y: Age Table:
[2026-06-26T13:52:11.363-0300][55.051s][14000][1600 ][info][gc,reloc    ] GC(36) Y:                    Live             Garbage             Small              Medium             Large        
[2026-06-26T13:52:11.363-0300][55.051s][14000][1600 ][info][gc,reloc    ] GC(36) Y: Eden              49M (2%)           90M (3%)          42 / 12             1 / 0              2 / 0        
[2026-06-26T13:52:11.363-0300][55.052s][14000][1600 ][info][gc,reloc    ] GC(36) Y: Survivor 1         8M (0%)            1M (0%)           5 / 1              0 / 0              0 / 0        
[2026-06-26T13:52:11.363-0300][55.052s][14000][1600 ][info][gc,reloc    ] GC(36) Y: Survivor 2        12M (0%)            1M (0%)           7 / 1              0 / 0              0 / 0        
[2026-06-26T13:52:11.363-0300][55.052s][14000][1600 ][info][gc,heap     ] GC(36) Y: Min Capacity: 8M(0%)
[2026-06-26T13:52:11.363-0300][55.052s][14000][1600 ][info][gc,heap     ] GC(36) Y: Max Capacity: 3072M(100%)
[2026-06-26T13:52:11.363-0300][55.052s][14000][1600 ][info][gc,heap     ] GC(36) Y: Soft Max Capacity: 3072M(100%)
[2026-06-26T13:52:11.363-0300][55.052s][14000][1600 ][info][gc,heap     ] GC(36) Y: Heap Statistics:
[2026-06-26T13:52:11.363-0300][55.052s][14000][1600 ][info][gc,heap     ] GC(36) Y:                Mark Start          Mark End        Relocate Start      Relocate End           High               Low         
[2026-06-26T13:52:11.363-0300][55.052s][14000][1600 ][info][gc,heap     ] GC(36) Y:  Capacity:     3072M (100%)       3072M (100%)       3072M (100%)       3072M (100%)       3072M (100%)       3072M (100%)   
[2026-06-26T13:52:11.363-0300][55.052s][14000][1600 ][info][gc,heap     ] GC(36) Y:      Free:     1890M (62%)        1844M (60%)        1882M (61%)        1902M (62%)        1902M (62%)        1844M (60%)    
[2026-06-26T13:52:11.363-0300][55.052s][14000][1600 ][info][gc,heap     ] GC(36) Y:      Used:     1182M (38%)        1228M (40%)        1190M (39%)        1170M (38%)        1228M (40%)        1170M (38%)    
[2026-06-26T13:52:11.363-0300][55.052s][14000][1600 ][info][gc,heap     ] GC(36) Y: Young Generation Statistics:
[2026-06-26T13:52:11.363-0300][55.052s][14000][1600 ][info][gc,heap     ] GC(36) Y:                Mark Start          Mark End        Relocate Start      Relocate End    
[2026-06-26T13:52:11.363-0300][55.052s][14000][1600 ][info][gc,heap     ] GC(36) Y:      Used:      164M (5%)          210M (7%)          172M (6%)          152M (5%)     
[2026-06-26T13:52:11.363-0300][55.052s][14000][1600 ][info][gc,heap     ] GC(36) Y:      Live:         -                69M (2%)           69M (2%)           69M (2%)     
[2026-06-26T13:52:11.364-0300][55.052s][14000][1600 ][info][gc,heap     ] GC(36) Y:   Garbage:         -                94M (3%)           56M (2%)           26M (1%)     
[2026-06-26T13:52:11.364-0300][55.052s][14000][1600 ][info][gc,heap     ] GC(36) Y: Allocated:         -                46M (1%)           46M (1%)           55M (2%)     
[2026-06-26T13:52:11.364-0300][55.052s][14000][1600 ][info][gc,heap     ] GC(36) Y: Reclaimed:         -                  -                38M (1%)           67M (2%)     
[2026-06-26T13:52:11.364-0300][55.052s][14000][1600 ][info][gc,heap     ] GC(36) Y:  Promoted:         -                  -                 0M (0%)            0M (0%)     
[2026-06-26T13:52:11.364-0300][55.052s][14000][1600 ][info][gc,heap     ] GC(36) Y: Compacted:         -                  -                  -                 6M (0%)     
[2026-06-26T13:52:11.364-0300][55.052s][14000][1600 ][info][gc,phases   ] GC(36) Y: Young Generation 1182M(38%)->1170M(38%) 0.037s
[2026-06-26T13:52:11.364-0300][55.052s][14000][1600 ][info][gc,phases   ] GC(36) O: Old Generation
[2026-06-26T13:52:13.301-0300][56.989s][14000][1600 ][info][gc,phases   ] GC(36) O: Concurrent Mark 1937.559ms
[2026-06-26T13:52:13.301-0300][56.989s][14000][2192 ][info][gc,phases   ] GC(36) O: Pause Mark End 0.015ms
[2026-06-26T13:52:13.301-0300][56.989s][14000][1600 ][info][gc,phases   ] GC(36) O: Concurrent Mark Free 0.002ms
[2026-06-26T13:52:13.328-0300][57.016s][14000][1600 ][info][gc,phases   ] GC(36) O: Concurrent Process Non-Strong 27.026ms
[2026-06-26T13:52:13.328-0300][57.017s][14000][1600 ][info][gc,phases   ] GC(36) O: Concurrent Reset Relocation Set 0.009ms
[2026-06-26T13:52:13.330-0300][57.019s][14000][1600 ][info][gc,phases   ] GC(36) O: Concurrent Select Relocation Set 1.973ms
[2026-06-26T13:52:13.330-0300][57.019s][14000][1600 ][info][gc,task     ] GC(36) O: Using 3 Workers for Old Generation
[2026-06-26T13:52:13.334-0300][57.023s][14000][1600 ][info][gc,task     ] GC(36) O: Using 1 Workers for Old Generation
[2026-06-26T13:52:13.334-0300][57.023s][14000][1600 ][info][gc,phases   ] GC(36) O: Concurrent Remap Roots 4.561ms
[2026-06-26T13:52:13.334-0300][57.023s][14000][2192 ][info][gc,phases   ] GC(36) O: Pause Relocate Start 0.013ms
[2026-06-26T13:52:13.399-0300][57.087s][14000][1600 ][info][gc,phases   ] GC(36) O: Concurrent Relocate 64.062ms
[2026-06-26T13:52:13.399-0300][57.087s][14000][1600 ][info][gc,alloc    ] GC(36) O:                         Mark Start        Mark End      Relocate Start    Relocate End   
[2026-06-26T13:52:13.399-0300][57.087s][14000][1600 ][info][gc,alloc    ] GC(36) O: Allocation Stalls:          0                0                0                0         
[2026-06-26T13:52:13.399-0300][57.087s][14000][1600 ][info][gc,load     ] GC(36) O: Load: 0.00 (0%) / 0.00 (0%) / 0.00 (0%)
[2026-06-26T13:52:13.399-0300][57.087s][14000][1600 ][info][gc,mmu      ] GC(36) O: MMU: 2ms/52.1%, 5ms/80.9%, 10ms/90.4%, 20ms/95.2%, 50ms/94.9%, 100ms/97.5%
[2026-06-26T13:52:13.399-0300][57.087s][14000][1600 ][info][gc,marking  ] GC(36) O: Mark: 1 stripe(s), 2 proactive flush(es), 1 terminate flush(es), 0 completion(s), 0 continuation(s) 
[2026-06-26T13:52:13.399-0300][57.087s][14000][1600 ][info][gc,nmethod  ] GC(36) O: NMethods: 11339 registered, 711 unregistered
[2026-06-26T13:52:13.399-0300][57.087s][14000][1600 ][info][gc,metaspace] GC(36) O: Metaspace: 64M used, 66M committed, 1088M reserved
[2026-06-26T13:52:13.399-0300][57.087s][14000][1600 ][info][gc,ref      ] GC(36) O:                       Encountered   Discovered     Enqueued 
[2026-06-26T13:52:13.399-0300][57.088s][14000][1600 ][info][gc,ref      ] GC(36) O: Soft References:             5355            0            0 
[2026-06-26T13:52:13.399-0300][57.088s][14000][1600 ][info][gc,ref      ] GC(36) O: Weak References:             4604         3806          195 
[2026-06-26T13:52:13.399-0300][57.088s][14000][1600 ][info][gc,ref      ] GC(36) O: Final References:              15            1            0 
[2026-06-26T13:52:13.399-0300][57.088s][14000][1600 ][info][gc,ref      ] GC(36) O: Phantom References:         21232         4259            0 
[2026-06-26T13:52:13.399-0300][57.088s][14000][1600 ][info][gc,reloc    ] GC(36) O:                        Candidates     Selected     In-Place         Size        Empty    Relocated 
[2026-06-26T13:52:13.399-0300][57.088s][14000][1600 ][info][gc,reloc    ] GC(36) O: Small Pages:                  455           19            0         910M           0M          11M 
[2026-06-26T13:52:13.399-0300][57.088s][14000][1600 ][info][gc,reloc    ] GC(36) O: Medium Pages:                   3            1            0          96M           0M           7M 
[2026-06-26T13:52:13.399-0300][57.088s][14000][1600 ][info][gc,reloc    ] GC(36) O: Large Pages:                    1            0            0          12M           0M           0M 
[2026-06-26T13:52:13.399-0300][57.088s][14000][1600 ][info][gc,reloc    ] GC(36) O: Forwarding Usage: 18M
[2026-06-26T13:52:13.399-0300][57.088s][14000][1600 ][info][gc,heap     ] GC(36) O: Min Capacity: 8M(0%)
[2026-06-26T13:52:13.399-0300][57.088s][14000][1600 ][info][gc,heap     ] GC(36) O: Max Capacity: 3072M(100%)
[2026-06-26T13:52:13.399-0300][57.088s][14000][1600 ][info][gc,heap     ] GC(36) O: Soft Max Capacity: 3072M(100%)
[2026-06-26T13:52:13.399-0300][57.088s][14000][1600 ][info][gc,heap     ] GC(36) O: Heap Statistics:
[2026-06-26T13:52:13.399-0300][57.088s][14000][1600 ][info][gc,heap     ] GC(36) O:                Mark Start          Mark End        Relocate Start      Relocate End           High               Low         
[2026-06-26T13:52:13.399-0300][57.088s][14000][1600 ][info][gc,heap     ] GC(36) O:  Capacity:     3072M (100%)       3072M (100%)       3072M (100%)       3072M (100%)       3072M (100%)       3072M (100%)   
[2026-06-26T13:52:13.399-0300][57.088s][14000][1600 ][info][gc,heap     ] GC(36) O:      Free:     1890M (62%)        1562M (51%)        1552M (51%)        1610M (52%)        1902M (62%)        1516M (49%)    
[2026-06-26T13:52:13.399-0300][57.088s][14000][1600 ][info][gc,heap     ] GC(36) O:      Used:     1182M (38%)        1510M (49%)        1520M (49%)        1462M (48%)        1556M (51%)        1170M (38%)    
[2026-06-26T13:52:13.399-0300][57.088s][14000][1600 ][info][gc,heap     ] GC(36) O: Old Generation Statistics:
[2026-06-26T13:52:13.399-0300][57.088s][14000][1600 ][info][gc,heap     ] GC(36) O:                Mark Start          Mark End        Relocate Start      Relocate End    
[2026-06-26T13:52:13.399-0300][57.088s][14000][1600 ][info][gc,heap     ] GC(36) O:      Used:     1018M (33%)        1018M (33%)        1018M (33%)         950M (31%)    
[2026-06-26T13:52:13.399-0300][57.088s][14000][1600 ][info][gc,heap     ] GC(36) O:      Live:         -               883M (29%)         883M (29%)         883M (29%)    
[2026-06-26T13:52:13.399-0300][57.088s][14000][1600 ][info][gc,heap     ] GC(36) O:   Garbage:         -               134M (4%)          134M (4%)           34M (1%)     
[2026-06-26T13:52:13.399-0300][57.088s][14000][1600 ][info][gc,heap     ] GC(36) O: Allocated:         -                 0M (0%)            0M (0%)           32M (1%)     
[2026-06-26T13:52:13.399-0300][57.088s][14000][1600 ][info][gc,heap     ] GC(36) O: Reclaimed:         -                  -                 0M (0%)          100M (3%)     
[2026-06-26T13:52:13.399-0300][57.088s][14000][1600 ][info][gc,heap     ] GC(36) O: Compacted:         -                  -                  -                57M (2%)     
[2026-06-26T13:52:13.399-0300][57.088s][14000][1600 ][info][gc,phases   ] GC(36) O: Old Generation 1170M(38%)->1462M(48%) 2.036s
[2026-06-26T13:52:13.399-0300][57.088s][14000][1600 ][info][gc          ] GC(36) Major Collection (Allocation Rate) 1182M(38%)->1462M(48%) 2.074s
[2026-06-26T13:52:15.737-0300][59.425s][14000][1580 ][info][gc          ] GC(37) Minor Collection (Allocation Rate)
[2026-06-26T13:52:15.737-0300][59.425s][14000][1580 ][info][gc,task     ] GC(37) Using 2 Workers for Young Generation
[2026-06-26T13:52:15.737-0300][59.425s][14000][1580 ][info][gc,phases   ] GC(37) y: Young Generation
[2026-06-26T13:52:15.737-0300][59.425s][14000][2192 ][info][gc,phases   ] GC(37) y: Pause Mark Start 0.011ms
[2026-06-26T13:52:16.017-0300][59.706s][14000][1580 ][info][gc,phases   ] GC(37) y: Concurrent Mark 280.633ms
[2026-06-26T13:52:16.017-0300][59.706s][14000][2192 ][info][gc,phases   ] GC(37) y: Pause Mark End 0.016ms
[2026-06-26T13:52:16.017-0300][59.706s][14000][1580 ][info][gc,phases   ] GC(37) y: Concurrent Mark Free 0.005ms
[2026-06-26T13:52:16.017-0300][59.706s][14000][1580 ][info][gc,phases   ] GC(37) y: Concurrent Reset Relocation Set 0.003ms
[2026-06-26T13:52:16.018-0300][59.706s][14000][1580 ][info][gc,reloc    ] GC(37) y: Using tenuring threshold: 1 (Computed)
[2026-06-26T13:52:16.058-0300][59.746s][14000][1580 ][info][gc,phases   ] GC(37) y: Concurrent Select Relocation Set 40.218ms
[2026-06-26T13:52:16.058-0300][59.746s][14000][2192 ][info][gc,phases   ] GC(37) y: Pause Relocate Start 0.013ms
[2026-06-26T13:52:16.214-0300][59.902s][14000][1580 ][info][gc,phases   ] GC(37) y: Concurrent Relocate 155.675ms
[2026-06-26T13:52:16.214-0300][59.902s][14000][1580 ][info][gc,alloc    ] GC(37) y:                         Mark Start        Mark End      Relocate Start    Relocate End   
[2026-06-26T13:52:16.214-0300][59.902s][14000][1580 ][info][gc,alloc    ] GC(37) y: Allocation Stalls:          0                0                0                0         
[2026-06-26T13:52:16.214-0300][59.902s][14000][1580 ][info][gc,load     ] GC(37) y: Load: 0.00 (0%) / 0.00 (0%) / 0.00 (0%)
[2026-06-26T13:52:16.214-0300][59.902s][14000][1580 ][info][gc,mmu      ] GC(37) y: MMU: 2ms/52.1%, 5ms/80.9%, 10ms/90.4%, 20ms/95.2%, 50ms/94.9%, 100ms/97.5%
[2026-06-26T13:52:16.214-0300][59.902s][14000][1580 ][info][gc,marking  ] GC(37) y: Mark: 2 stripe(s), 2 proactive flush(es), 1 terminate flush(es), 0 completion(s), 0 continuation(s) 
[2026-06-26T13:52:16.214-0300][59.902s][14000][1580 ][info][gc,nmethod  ] GC(37) y: NMethods: 11805 registered, 711 unregistered
[2026-06-26T13:52:16.214-0300][59.902s][14000][1580 ][info][gc,metaspace] GC(37) y: Metaspace: 65M used, 66M committed, 1088M reserved
[2026-06-26T13:52:16.214-0300][59.902s][14000][1580 ][info][gc,reloc    ] GC(37) y:                        Candidates     Selected     In-Place         Size        Empty    Relocated 
[2026-06-26T13:52:16.214-0300][59.902s][14000][1580 ][info][gc,reloc    ] GC(37) y: Small Pages:                  439          254            0         878M           0M         107M 
[2026-06-26T13:52:16.214-0300][59.902s][14000][1580 ][info][gc,reloc    ] GC(37) y: Medium Pages:                   1            0            0          32M           0M           0M 
[2026-06-26T13:52:16.214-0300][59.902s][14000][1580 ][info][gc,reloc    ] GC(37) y: Large Pages:                    4            0            0          48M           0M           0M 
[2026-06-26T13:52:16.214-0300][59.902s][14000][1580 ][info][gc,reloc    ] GC(37) y: Forwarding Usage: 88M
[2026-06-26T13:52:16.214-0300][59.902s][14000][1580 ][info][gc,reloc    ] GC(37) y: Age Table:
[2026-06-26T13:52:16.214-0300][59.902s][14000][1580 ][info][gc,reloc    ] GC(37) y:                    Live             Garbage             Small              Medium             Large        
[2026-06-26T13:52:16.214-0300][59.902s][14000][1580 ][info][gc,reloc    ] GC(37) y: Eden             309M (10%)         544M (18%)        415 / 251            0 / 0              2 / 0        
[2026-06-26T13:52:16.214-0300][59.902s][14000][1580 ][info][gc,reloc    ] GC(37) y: Survivor 1        49M (2%)           30M (1%)          12 / 1              1 / 0              2 / 0        
[2026-06-26T13:52:16.214-0300][59.902s][14000][1580 ][info][gc,reloc    ] GC(37) y: Survivor 2         8M (0%)            1M (0%)           5 / 1              0 / 0              0 / 0        
[2026-06-26T13:52:16.214-0300][59.902s][14000][1580 ][info][gc,reloc    ] GC(37) y: Survivor 3        12M (0%)            1M (0%)           7 / 1              0 / 0              0 / 0        
[2026-06-26T13:52:16.214-0300][59.902s][14000][1580 ][info][gc,heap     ] GC(37) y: Min Capacity: 8M(0%)
[2026-06-26T13:52:16.214-0300][59.902s][14000][1580 ][info][gc,heap     ] GC(37) y: Max Capacity: 3072M(100%)
[2026-06-26T13:52:16.214-0300][59.902s][14000][1580 ][info][gc,heap     ] GC(37) y: Soft Max Capacity: 3072M(100%)
[2026-06-26T13:52:16.214-0300][59.902s][14000][1580 ][info][gc,heap     ] GC(37) y: Heap Statistics:
[2026-06-26T13:52:16.214-0300][59.902s][14000][1580 ][info][gc,heap     ] GC(37) y:                Mark Start          Mark End        Relocate Start      Relocate End           High               Low         
[2026-06-26T13:52:16.214-0300][59.902s][14000][1580 ][info][gc,heap     ] GC(37) y:  Capacity:     3072M (100%)       3072M (100%)       3072M (100%)       3072M (100%)       3072M (100%)       3072M (100%)   
[2026-06-26T13:52:16.214-0300][59.902s][14000][1580 ][info][gc,heap     ] GC(37) y:      Free:     1164M (38%)        1074M (35%)        1056M (34%)        1526M (50%)        1538M (50%)        1052M (34%)    
[2026-06-26T13:52:16.214-0300][59.902s][14000][1580 ][info][gc,heap     ] GC(37) y:      Used:     1908M (62%)        1998M (65%)        2016M (66%)        1546M (50%)        2020M (66%)        1534M (50%)    
[2026-06-26T13:52:16.214-0300][59.902s][14000][1580 ][info][gc,heap     ] GC(37) y: Young Generation Statistics:
[2026-06-26T13:52:16.214-0300][59.902s][14000][1580 ][info][gc,heap     ] GC(37) y:                Mark Start          Mark End        Relocate Start      Relocate End    
[2026-06-26T13:52:16.214-0300][59.902s][14000][1580 ][info][gc,heap     ] GC(37) y:      Used:      958M (31%)        1048M (34%)         970M (32%)         496M (16%)    
[2026-06-26T13:52:16.214-0300][59.902s][14000][1580 ][info][gc,heap     ] GC(37) y:      Live:         -               379M (12%)         310M (10%)         309M (10%)    
[2026-06-26T13:52:16.214-0300][59.902s][14000][1580 ][info][gc,heap     ] GC(37) y:   Garbage:         -               578M (19%)         551M (18%)          20M (1%)     
[2026-06-26T13:52:16.214-0300][59.902s][14000][1580 ][info][gc,heap     ] GC(37) y: Allocated:         -                90M (3%)          108M (4%)          165M (5%)     
[2026-06-26T13:52:16.214-0300][59.902s][14000][1580 ][info][gc,heap     ] GC(37) y: Reclaimed:         -                  -                27M (1%)          557M (18%)    
[2026-06-26T13:52:16.214-0300][59.902s][14000][1580 ][info][gc,heap     ] GC(37) y:  Promoted:         -                  -                68M (2%)           69M (2%)     
[2026-06-26T13:52:16.214-0300][59.902s][14000][1580 ][info][gc,heap     ] GC(37) y: Compacted:         -                  -                  -               152M (5%)     
[2026-06-26T13:52:16.214-0300][59.902s][14000][1580 ][info][gc,phases   ] GC(37) y: Young Generation 1908M(62%)->1546M(50%) 0.477s
[2026-06-26T13:52:16.214-0300][59.902s][14000][1580 ][info][gc          ] GC(37) Minor Collection (Allocation Rate) 1908M(62%)->1546M(50%) 0.478s
[2026-06-26T13:52:16.214-0300][59.902s][14000][1580 ][info][gc          ] GC(38) Minor Collection (Allocation Rate)
[2026-06-26T13:52:16.214-0300][59.902s][14000][1580 ][info][gc,task     ] GC(38) Using 3 Workers for Young Generation
[2026-06-26T13:52:16.214-0300][59.902s][14000][1580 ][info][gc,phases   ] GC(38) y: Young Generation
[2026-06-26T13:52:16.214-0300][59.902s][14000][2192 ][info][gc,phases   ] GC(38) y: Pause Mark Start 0.010ms
[2026-06-26T13:52:16.481-0300][60.170s][14000][1580 ][info][gc,phases   ] GC(38) y: Concurrent Mark 267.650ms
[2026-06-26T13:52:16.481-0300][60.170s][14000][2192 ][info][gc,phases   ] GC(38) y: Pause Mark End 0.016ms
[2026-06-26T13:52:16.481-0300][60.170s][14000][1580 ][info][gc,phases   ] GC(38) y: Concurrent Mark Free 0.004ms
[2026-06-26T13:52:16.481-0300][60.170s][14000][1580 ][info][gc,phases   ] GC(38) y: Concurrent Reset Relocation Set 0.071ms
[2026-06-26T13:52:16.481-0300][60.170s][14000][1580 ][info][gc,reloc    ] GC(38) y: Using tenuring threshold: 1 (Computed)
[2026-06-26T13:52:16.555-0300][60.243s][14000][1580 ][info][gc,phases   ] GC(38) y: Concurrent Select Relocation Set 72.718ms
[2026-06-26T13:52:16.555-0300][60.243s][14000][2192 ][info][gc,phases   ] GC(38) y: Pause Relocate Start 0.015ms
[2026-06-26T13:52:16.675-0300][60.363s][14000][1580 ][info][gc,phases   ] GC(38) y: Concurrent Relocate 120.079ms
[2026-06-26T13:52:16.675-0300][60.363s][14000][1580 ][info][gc,alloc    ] GC(38) y:                         Mark Start        Mark End      Relocate Start    Relocate End   
[2026-06-26T13:52:16.675-0300][60.363s][14000][1580 ][info][gc,alloc    ] GC(38) y: Allocation Stalls:          0                0                0                0         
[2026-06-26T13:52:16.675-0300][60.364s][14000][1580 ][info][gc,load     ] GC(38) y: Load: 0.00 (0%) / 0.00 (0%) / 0.00 (0%)
[2026-06-26T13:52:16.675-0300][60.364s][14000][1580 ][info][gc,mmu      ] GC(38) y: MMU: 2ms/52.1%, 5ms/80.9%, 10ms/90.4%, 20ms/95.2%, 50ms/94.9%, 100ms/97.5%
[2026-06-26T13:52:16.675-0300][60.364s][14000][1580 ][info][gc,marking  ] GC(38) y: Mark: 2 stripe(s), 10 proactive flush(es), 1 terminate flush(es), 0 completion(s), 0 continuation(s) 
[2026-06-26T13:52:16.675-0300][60.364s][14000][1580 ][info][gc,nmethod  ] GC(38) y: NMethods: 11833 registered, 711 unregistered
[2026-06-26T13:52:16.675-0300][60.364s][14000][1580 ][info][gc,metaspace] GC(38) y: Metaspace: 65M used, 66M committed, 1088M reserved
[2026-06-26T13:52:16.675-0300][60.364s][14000][1580 ][info][gc,reloc    ] GC(38) y:                        Candidates     Selected     In-Place         Size        Empty    Relocated 
[2026-06-26T13:52:16.675-0300][60.364s][14000][1580 ][info][gc,reloc    ] GC(38) y: Small Pages:                  236           75            0         472M           2M          11M 
[2026-06-26T13:52:16.675-0300][60.364s][14000][1580 ][info][gc,reloc    ] GC(38) y: Medium Pages:                   0            0            0           0M           0M           0M 
[2026-06-26T13:52:16.675-0300][60.364s][14000][1580 ][info][gc,reloc    ] GC(38) y: Large Pages:                    2            0            0          24M           0M           0M 
[2026-06-26T13:52:16.675-0300][60.364s][14000][1580 ][info][gc,reloc    ] GC(38) y: Forwarding Usage: 7M
[2026-06-26T13:52:16.675-0300][60.364s][14000][1580 ][info][gc,reloc    ] GC(38) y: Age Table:
[2026-06-26T13:52:16.675-0300][60.364s][14000][1580 ][info][gc,reloc    ] GC(38) y:                    Live             Garbage             Small              Medium             Large        
[2026-06-26T13:52:16.675-0300][60.364s][14000][1580 ][info][gc,reloc    ] GC(38) y: Eden              11M (0%)          146M (5%)          79 / 71             0 / 0              0 / 0        
[2026-06-26T13:52:16.675-0300][60.364s][14000][1580 ][info][gc,reloc    ] GC(38) y: Survivor 1       309M (10%)          28M (1%)         157 / 4              0 / 0              2 / 0        
[2026-06-26T13:52:16.675-0300][60.364s][14000][1580 ][info][gc,heap     ] GC(38) y: Min Capacity: 8M(0%)
[2026-06-26T13:52:16.675-0300][60.364s][14000][1580 ][info][gc,heap     ] GC(38) y: Max Capacity: 3072M(100%)
[2026-06-26T13:52:16.675-0300][60.364s][14000][1580 ][info][gc,heap     ] GC(38) y: Soft Max Capacity: 3072M(100%)
[2026-06-26T13:52:16.675-0300][60.364s][14000][1580 ][info][gc,heap     ] GC(38) y: Heap Statistics:
[2026-06-26T13:52:16.675-0300][60.364s][14000][1580 ][info][gc,heap     ] GC(38) y:                Mark Start          Mark End        Relocate Start      Relocate End           High               Low         
[2026-06-26T13:52:16.675-0300][60.364s][14000][1580 ][info][gc,heap     ] GC(38) y:  Capacity:     3072M (100%)       3072M (100%)       3072M (100%)       3072M (100%)       3072M (100%)       3072M (100%)   
[2026-06-26T13:52:16.675-0300][60.364s][14000][1580 ][info][gc,heap     ] GC(38) y:      Free:     1526M (50%)        1396M (45%)        1364M (44%)        1454M (47%)        1526M (50%)        1358M (44%)    
[2026-06-26T13:52:16.675-0300][60.364s][14000][1580 ][info][gc,heap     ] GC(38) y:      Used:     1546M (50%)        1676M (55%)        1708M (56%)        1618M (53%)        1714M (56%)        1546M (50%)    
[2026-06-26T13:52:16.675-0300][60.364s][14000][1580 ][info][gc,heap     ] GC(38) y: Young Generation Statistics:
[2026-06-26T13:52:16.675-0300][60.364s][14000][1580 ][info][gc,heap     ] GC(38) y:                Mark Start          Mark End        Relocate Start      Relocate End    
[2026-06-26T13:52:16.675-0300][60.364s][14000][1580 ][info][gc,heap     ] GC(38) y:      Used:      496M (16%)         626M (20%)         330M (11%)         234M (8%)     
[2026-06-26T13:52:16.675-0300][60.364s][14000][1580 ][info][gc,heap     ] GC(38) y:      Live:         -               321M (10%)          13M (0%)           11M (0%)     
[2026-06-26T13:52:16.675-0300][60.364s][14000][1580 ][info][gc,heap     ] GC(38) y:   Garbage:         -               174M (6%)          152M (5%)            0M (0%)     
[2026-06-26T13:52:16.675-0300][60.364s][14000][1580 ][info][gc,heap     ] GC(38) y: Allocated:         -               130M (4%)          164M (5%)          222M (7%)     
[2026-06-26T13:52:16.675-0300][60.364s][14000][1580 ][info][gc,heap     ] GC(38) y: Reclaimed:         -                  -                22M (1%)          174M (6%)     
[2026-06-26T13:52:16.675-0300][60.364s][14000][1580 ][info][gc,heap     ] GC(38) y:  Promoted:         -                  -               307M (10%)         309M (10%)    
[2026-06-26T13:52:16.675-0300][60.364s][14000][1580 ][info][gc,heap     ] GC(38) y: Compacted:         -                  -                  -                11M (0%)     
[2026-06-26T13:52:16.675-0300][60.364s][14000][1580 ][info][gc,phases   ] GC(38) y: Young Generation 1546M(50%)->1618M(53%) 0.461s
[2026-06-26T13:52:16.675-0300][60.364s][14000][1580 ][info][gc          ] GC(38) Minor Collection (Allocation Rate) 1546M(50%)->1620M(53%) 0.462s
[2026-06-26T13:52:16.675-0300][60.364s][14000][1600 ][info][gc          ] GC(39) Major Collection (Allocation Rate)
[2026-06-26T13:52:16.675-0300][60.364s][14000][1600 ][info][gc,task     ] GC(39) Using 3 Workers for Young Generation
[2026-06-26T13:52:16.675-0300][60.364s][14000][1600 ][info][gc,task     ] GC(39) Using 1 Workers for Old Generation
[2026-06-26T13:52:16.675-0300][60.364s][14000][1600 ][info][gc,phases   ] GC(39) Y: Young Generation
[2026-06-26T13:52:16.675-0300][60.364s][14000][2192 ][info][gc,phases   ] GC(39) Y: Pause Mark Start (Major) 0.010ms
[2026-06-26T13:52:16.711-0300][60.401s][14000][1600 ][info][gc,phases   ] GC(39) Y: Concurrent Mark 36.308ms
[2026-06-26T13:52:16.711-0300][60.401s][14000][2192 ][info][gc,phases   ] GC(39) Y: Pause Mark End 0.014ms
[2026-06-26T13:52:16.711-0300][60.401s][14000][1600 ][info][gc,phases   ] GC(39) Y: Concurrent Mark Free 0.002ms
[2026-06-26T13:52:16.713-0300][60.401s][14000][1600 ][info][gc,phases   ] GC(39) Y: Concurrent Reset Relocation Set 0.174ms
[2026-06-26T13:52:16.713-0300][60.401s][14000][1600 ][info][gc,reloc    ] GC(39) Y: Using tenuring threshold: 2 (Computed)
[2026-06-26T13:52:16.717-0300][60.406s][14000][1600 ][info][gc,phases   ] GC(39) Y: Concurrent Select Relocation Set 4.671ms
[2026-06-26T13:52:16.717-0300][60.406s][14000][2192 ][info][gc,phases   ] GC(39) Y: Pause Relocate Start 0.012ms
[2026-06-26T13:52:16.730-0300][60.418s][14000][1600 ][info][gc,phases   ] GC(39) Y: Concurrent Relocate 12.748ms
[2026-06-26T13:52:16.730-0300][60.419s][14000][1600 ][info][gc,alloc    ] GC(39) Y:                         Mark Start        Mark End      Relocate Start    Relocate End   
[2026-06-26T13:52:16.730-0300][60.419s][14000][1600 ][info][gc,alloc    ] GC(39) Y: Allocation Stalls:          0                0                0                0         
[2026-06-26T13:52:16.730-0300][60.419s][14000][1600 ][info][gc,load     ] GC(39) Y: Load: 0.00 (0%) / 0.00 (0%) / 0.00 (0%)
[2026-06-26T13:52:16.730-0300][60.419s][14000][1600 ][info][gc,mmu      ] GC(39) Y: MMU: 2ms/52.1%, 5ms/80.9%, 10ms/90.4%, 20ms/95.2%, 50ms/94.9%, 100ms/97.5%
[2026-06-26T13:52:16.730-0300][60.419s][14000][1600 ][info][gc,marking  ] GC(39) Y: Mark: 2 stripe(s), 2 proactive flush(es), 1 terminate flush(es), 0 completion(s), 0 continuation(s) 
[2026-06-26T13:52:16.730-0300][60.419s][14000][1600 ][info][gc,nmethod  ] GC(39) Y: NMethods: 11838 registered, 711 unregistered
[2026-06-26T13:52:16.730-0300][60.419s][14000][1600 ][info][gc,metaspace] GC(39) Y: Metaspace: 65M used, 66M committed, 1088M reserved
[2026-06-26T13:52:16.730-0300][60.419s][14000][1600 ][info][gc,reloc    ] GC(39) Y:                        Candidates     Selected     In-Place         Size        Empty    Relocated 
[2026-06-26T13:52:16.730-0300][60.419s][14000][1600 ][info][gc,reloc    ] GC(39) Y: Small Pages:                  118           99            0         236M           2M          14M 
[2026-06-26T13:52:16.730-0300][60.419s][14000][1600 ][info][gc,reloc    ] GC(39) Y: Medium Pages:                   0            0            0           0M           0M           0M 
[2026-06-26T13:52:16.730-0300][60.419s][14000][1600 ][info][gc,reloc    ] GC(39) Y: Large Pages:                    0            0            0           0M           0M           0M 
[2026-06-26T13:52:16.731-0300][60.419s][14000][1600 ][info][gc,reloc    ] GC(39) Y: Forwarding Usage: 12M
[2026-06-26T13:52:16.731-0300][60.419s][14000][1600 ][info][gc,reloc    ] GC(39) Y: Age Table:
[2026-06-26T13:52:16.731-0300][60.419s][14000][1600 ][info][gc,reloc    ] GC(39) Y:                    Live             Garbage             Small              Medium             Large        
[2026-06-26T13:52:16.731-0300][60.419s][14000][1600 ][info][gc,reloc    ] GC(39) Y: Eden              20M (1%)          197M (6%)         109 / 98             0 / 0              0 / 0        
[2026-06-26T13:52:16.731-0300][60.419s][14000][1600 ][info][gc,reloc    ] GC(39) Y: Survivor 1        11M (0%)            6M (0%)           9 / 1              0 / 0              0 / 0        
[2026-06-26T13:52:16.731-0300][60.419s][14000][1600 ][info][gc,heap     ] GC(39) Y: Min Capacity: 8M(0%)
[2026-06-26T13:52:16.731-0300][60.419s][14000][1600 ][info][gc,heap     ] GC(39) Y: Max Capacity: 3072M(100%)
[2026-06-26T13:52:16.731-0300][60.419s][14000][1600 ][info][gc,heap     ] GC(39) Y: Soft Max Capacity: 3072M(100%)
[2026-06-26T13:52:16.731-0300][60.419s][14000][1600 ][info][gc,heap     ] GC(39) Y: Heap Statistics:
[2026-06-26T13:52:16.731-0300][60.419s][14000][1600 ][info][gc,heap     ] GC(39) Y:                Mark Start          Mark End        Relocate Start      Relocate End           High               Low         
[2026-06-26T13:52:16.731-0300][60.419s][14000][1600 ][info][gc,heap     ] GC(39) Y:  Capacity:     3072M (100%)       3072M (100%)       3072M (100%)       3072M (100%)       3072M (100%)       3072M (100%)   
[2026-06-26T13:52:16.731-0300][60.419s][14000][1600 ][info][gc,heap     ] GC(39) Y:      Free:     1452M (47%)        1432M (47%)        1432M (47%)        1620M (53%)        1620M (53%)        1424M (46%)    
[2026-06-26T13:52:16.731-0300][60.419s][14000][1600 ][info][gc,heap     ] GC(39) Y:      Used:     1620M (53%)        1640M (53%)        1640M (53%)        1452M (47%)        1648M (54%)        1452M (47%)    
[2026-06-26T13:52:16.731-0300][60.419s][14000][1600 ][info][gc,heap     ] GC(39) Y: Young Generation Statistics:
[2026-06-26T13:52:16.731-0300][60.419s][14000][1600 ][info][gc,heap     ] GC(39) Y:                Mark Start          Mark End        Relocate Start      Relocate End    
[2026-06-26T13:52:16.731-0300][60.419s][14000][1600 ][info][gc,heap     ] GC(39) Y:      Used:      236M (8%)          256M (8%)          256M (8%)           68M (2%)     
[2026-06-26T13:52:16.731-0300][60.419s][14000][1600 ][info][gc,heap     ] GC(39) Y:      Live:         -                31M (1%)           31M (1%)           31M (1%)     
[2026-06-26T13:52:16.731-0300][60.419s][14000][1600 ][info][gc,heap     ] GC(39) Y:   Garbage:         -               204M (7%)          202M (7%)            0M (0%)     
[2026-06-26T13:52:16.731-0300][60.419s][14000][1600 ][info][gc,heap     ] GC(39) Y: Allocated:         -                20M (1%)           22M (1%)           35M (1%)     
[2026-06-26T13:52:16.731-0300][60.419s][14000][1600 ][info][gc,heap     ] GC(39) Y: Reclaimed:         -                  -                 2M (0%)          203M (7%)     
[2026-06-26T13:52:16.731-0300][60.419s][14000][1600 ][info][gc,heap     ] GC(39) Y:  Promoted:         -                  -                 0M (0%)            0M (0%)     
[2026-06-26T13:52:16.731-0300][60.419s][14000][1600 ][info][gc,heap     ] GC(39) Y: Compacted:         -                  -                  -                20M (1%)     
[2026-06-26T13:52:16.731-0300][60.419s][14000][1600 ][info][gc,phases   ] GC(39) Y: Young Generation 1620M(53%)->1452M(47%) 0.054s
[2026-06-26T13:52:16.731-0300][60.419s][14000][1600 ][info][gc,phases   ] GC(39) O: Old Generation
[2026-06-26T13:52:17.523-0300][61.211s][14000][1580 ][info][gc          ] GC(40) Minor Collection (Allocation Rate)
[2026-06-26T13:52:17.523-0300][61.211s][14000][1580 ][info][gc,task     ] GC(40) Using 2 Workers for Young Generation
[2026-06-26T13:52:17.523-0300][61.211s][14000][1580 ][info][gc,phases   ] GC(40) y: Young Generation
[2026-06-26T13:52:17.523-0300][61.211s][14000][2192 ][info][gc,phases   ] GC(40) y: Pause Mark Start 0.013ms
[2026-06-26T13:52:17.609-0300][61.297s][14000][1580 ][info][gc,phases   ] GC(40) y: Concurrent Mark 85.842ms
[2026-06-26T13:52:17.609-0300][61.297s][14000][2192 ][info][gc,phases   ] GC(40) y: Pause Mark End 0.019ms
[2026-06-26T13:52:17.609-0300][61.297s][14000][1580 ][info][gc,phases   ] GC(40) y: Concurrent Mark Free 0.002ms
[2026-06-26T13:52:17.609-0300][61.297s][14000][1580 ][info][gc,phases   ] GC(40) y: Concurrent Reset Relocation Set 0.009ms
[2026-06-26T13:52:17.609-0300][61.297s][14000][1580 ][info][gc,reloc    ] GC(40) y: Using tenuring threshold: 3 (Computed)
[2026-06-26T13:52:17.614-0300][61.302s][14000][1580 ][info][gc,phases   ] GC(40) y: Concurrent Select Relocation Set 4.621ms
[2026-06-26T13:52:17.614-0300][61.302s][14000][2192 ][info][gc,phases   ] GC(40) y: Pause Relocate Start 0.009ms
[2026-06-26T13:52:17.640-0300][61.329s][14000][1580 ][info][gc,phases   ] GC(40) y: Concurrent Relocate 26.732ms
[2026-06-26T13:52:17.640-0300][61.329s][14000][1580 ][info][gc,alloc    ] GC(40) y:                         Mark Start        Mark End      Relocate Start    Relocate End   
[2026-06-26T13:52:17.640-0300][61.329s][14000][1580 ][info][gc,alloc    ] GC(40) y: Allocation Stalls:          0                0                0                0         
[2026-06-26T13:52:17.640-0300][61.329s][14000][1580 ][info][gc,load     ] GC(40) y: Load: 0.00 (0%) / 0.00 (0%) / 0.00 (0%)
[2026-06-26T13:52:17.640-0300][61.329s][14000][1580 ][info][gc,mmu      ] GC(40) y: MMU: 2ms/52.1%, 5ms/80.9%, 10ms/90.4%, 20ms/95.2%, 50ms/94.9%, 100ms/97.5%
[2026-06-26T13:52:17.640-0300][61.329s][14000][1580 ][info][gc,marking  ] GC(40) y: Mark: 2 stripe(s), 2 proactive flush(es), 1 terminate flush(es), 0 completion(s), 0 continuation(s) 
[2026-06-26T13:52:17.640-0300][61.329s][14000][1580 ][info][gc,nmethod  ] GC(40) y: NMethods: 11914 registered, 711 unregistered
[2026-06-26T13:52:17.640-0300][61.329s][14000][1580 ][info][gc,metaspace] GC(40) y: Metaspace: 65M used, 66M committed, 1088M reserved
[2026-06-26T13:52:17.640-0300][61.329s][14000][1580 ][info][gc,reloc    ] GC(40) y:                        Candidates     Selected     In-Place         Size        Empty    Relocated 
[2026-06-26T13:52:17.640-0300][61.329s][14000][1580 ][info][gc,reloc    ] GC(40) y: Small Pages:                  177          141            0         354M           2M          23M 
[2026-06-26T13:52:17.640-0300][61.329s][14000][1580 ][info][gc,reloc    ] GC(40) y: Medium Pages:                   0            0            0           0M           0M           0M 
[2026-06-26T13:52:17.640-0300][61.329s][14000][1580 ][info][gc,reloc    ] GC(40) y: Large Pages:                    0            0            0           0M           0M           0M 
[2026-06-26T13:52:17.640-0300][61.329s][14000][1580 ][info][gc,reloc    ] GC(40) y: Forwarding Usage: 18M
[2026-06-26T13:52:17.640-0300][61.329s][14000][1580 ][info][gc,reloc    ] GC(40) y: Age Table:
[2026-06-26T13:52:17.640-0300][61.329s][14000][1580 ][info][gc,reloc    ] GC(40) y:                    Live             Garbage             Small              Medium             Large        
[2026-06-26T13:52:17.640-0300][61.329s][14000][1580 ][info][gc,reloc    ] GC(40) y: Eden              30M (1%)          281M (9%)         156 / 139            0 / 0              0 / 0        
[2026-06-26T13:52:17.640-0300][61.329s][14000][1580 ][info][gc,reloc    ] GC(40) y: Survivor 1        19M (1%)            4M (0%)          12 / 0              0 / 0              0 / 0        
[2026-06-26T13:52:17.640-0300][61.329s][14000][1580 ][info][gc,reloc    ] GC(40) y: Survivor 2        11M (0%)            6M (0%)           9 / 2              0 / 0              0 / 0        
[2026-06-26T13:52:17.640-0300][61.329s][14000][1580 ][info][gc,heap     ] GC(40) y: Min Capacity: 8M(0%)
[2026-06-26T13:52:17.640-0300][61.329s][14000][1580 ][info][gc,heap     ] GC(40) y: Max Capacity: 3072M(100%)
[2026-06-26T13:52:17.640-0300][61.329s][14000][1580 ][info][gc,heap     ] GC(40) y: Soft Max Capacity: 3072M(100%)
[2026-06-26T13:52:17.640-0300][61.329s][14000][1580 ][info][gc,heap     ] GC(40) y: Heap Statistics:
[2026-06-26T13:52:17.640-0300][61.329s][14000][1580 ][info][gc,heap     ] GC(40) y:                Mark Start          Mark End        Relocate Start      Relocate End           High               Low         
[2026-06-26T13:52:17.640-0300][61.329s][14000][1580 ][info][gc,heap     ] GC(40) y:  Capacity:     3072M (100%)       3072M (100%)       3072M (100%)       3072M (100%)       3072M (100%)       3072M (100%)   
[2026-06-26T13:52:17.640-0300][61.329s][14000][1580 ][info][gc,heap     ] GC(40) y:      Free:     1334M (43%)        1298M (42%)        1298M (42%)        1562M (51%)        1562M (51%)        1294M (42%)    
[2026-06-26T13:52:17.640-0300][61.329s][14000][1580 ][info][gc,heap     ] GC(40) y:      Used:     1738M (57%)        1774M (58%)        1774M (58%)        1510M (49%)        1778M (58%)        1510M (49%)    
[2026-06-26T13:52:17.640-0300][61.329s][14000][1580 ][info][gc,heap     ] GC(40) y: Young Generation Statistics:
[2026-06-26T13:52:17.640-0300][61.329s][14000][1580 ][info][gc,heap     ] GC(40) y:                Mark Start          Mark End        Relocate Start      Relocate End    
[2026-06-26T13:52:17.640-0300][61.329s][14000][1580 ][info][gc,heap     ] GC(40) y:      Used:      354M (12%)         390M (13%)         390M (13%)         126M (4%)     
[2026-06-26T13:52:17.640-0300][61.329s][14000][1580 ][info][gc,heap     ] GC(40) y:      Live:         -                61M (2%)           61M (2%)           61M (2%)     
[2026-06-26T13:52:17.640-0300][61.329s][14000][1580 ][info][gc,heap     ] GC(40) y:   Garbage:         -               292M (10%)         290M (9%)            3M (0%)     
[2026-06-26T13:52:17.640-0300][61.329s][14000][1580 ][info][gc,heap     ] GC(40) y: Allocated:         -                36M (1%)           38M (1%)           60M (2%)     
[2026-06-26T13:52:17.640-0300][61.329s][14000][1580 ][info][gc,heap     ] GC(40) y: Reclaimed:         -                  -                 2M (0%)          288M (9%)     
[2026-06-26T13:52:17.640-0300][61.329s][14000][1580 ][info][gc,heap     ] GC(40) y:  Promoted:         -                  -                 0M (0%)            0M (0%)     
[2026-06-26T13:52:17.640-0300][61.329s][14000][1580 ][info][gc,heap     ] GC(40) y: Compacted:         -                  -                  -                31M (1%)     
[2026-06-26T13:52:17.640-0300][61.329s][14000][1580 ][info][gc,phases   ] GC(40) y: Young Generation 1738M(57%)->1510M(49%) 0.118s
[2026-06-26T13:52:17.640-0300][61.329s][14000][1580 ][info][gc          ] GC(40) Minor Collection (Allocation Rate) 1738M(57%)->1510M(49%) 0.118s
[2026-06-26T13:52:19.135-0300][62.823s][14000][1600 ][info][gc,phases   ] GC(39) O: Concurrent Mark 2404.285ms
[2026-06-26T13:52:19.135-0300][62.823s][14000][2192 ][info][gc,phases   ] GC(39) O: Pause Mark End 0.014ms
[2026-06-26T13:52:19.135-0300][62.823s][14000][1600 ][info][gc,phases   ] GC(39) O: Concurrent Mark Free 0.003ms
[2026-06-26T13:52:19.174-0300][62.862s][14000][1600 ][info][gc,phases   ] GC(39) O: Concurrent Process Non-Strong 38.923ms
[2026-06-26T13:52:19.174-0300][62.862s][14000][1600 ][info][gc,phases   ] GC(39) O: Concurrent Reset Relocation Set 0.004ms
[2026-06-26T13:52:19.175-0300][62.863s][14000][1600 ][info][gc,phases   ] GC(39) O: Concurrent Select Relocation Set 1.049ms
[2026-06-26T13:52:19.175-0300][62.864s][14000][1600 ][info][gc,task     ] GC(39) O: Using 3 Workers for Old Generation
[2026-06-26T13:52:19.181-0300][62.870s][14000][1600 ][info][gc,task     ] GC(39) O: Using 1 Workers for Old Generation
[2026-06-26T13:52:19.181-0300][62.870s][14000][1600 ][info][gc,phases   ] GC(39) O: Concurrent Remap Roots 6.372ms
[2026-06-26T13:52:19.181-0300][62.870s][14000][2192 ][info][gc,phases   ] GC(39) O: Pause Relocate Start 0.011ms
[2026-06-26T13:52:19.218-0300][62.906s][14000][1600 ][info][gc,phases   ] GC(39) O: Concurrent Relocate 35.715ms
[2026-06-26T13:52:19.218-0300][62.906s][14000][1600 ][info][gc,alloc    ] GC(39) O:                         Mark Start        Mark End      Relocate Start    Relocate End   
[2026-06-26T13:52:19.218-0300][62.906s][14000][1600 ][info][gc,alloc    ] GC(39) O: Allocation Stalls:          0                0                0                0         
[2026-06-26T13:52:19.218-0300][62.906s][14000][1600 ][info][gc,load     ] GC(39) O: Load: 0.00 (0%) / 0.00 (0%) / 0.00 (0%)
[2026-06-26T13:52:19.218-0300][62.906s][14000][1600 ][info][gc,mmu      ] GC(39) O: MMU: 2ms/52.1%, 5ms/80.9%, 10ms/90.4%, 20ms/95.2%, 50ms/94.9%, 100ms/97.5%
[2026-06-26T13:52:19.218-0300][62.906s][14000][1600 ][info][gc,marking  ] GC(39) O: Mark: 1 stripe(s), 2 proactive flush(es), 1 terminate flush(es), 0 completion(s), 0 continuation(s) 
[2026-06-26T13:52:19.218-0300][62.906s][14000][1600 ][info][gc,nmethod  ] GC(39) O: NMethods: 11771 registered, 1088 unregistered
[2026-06-26T13:52:19.218-0300][62.906s][14000][1600 ][info][gc,metaspace] GC(39) O: Metaspace: 65M used, 67M committed, 1088M reserved
[2026-06-26T13:52:19.218-0300][62.906s][14000][1600 ][info][gc,ref      ] GC(39) O:                       Encountered   Discovered     Enqueued 
[2026-06-26T13:52:19.218-0300][62.906s][14000][1600 ][info][gc,ref      ] GC(39) O: Soft References:             5387            0            0 
[2026-06-26T13:52:19.218-0300][62.906s][14000][1600 ][info][gc,ref      ] GC(39) O: Weak References:             4580         3582           45 
[2026-06-26T13:52:19.218-0300][62.906s][14000][1600 ][info][gc,ref      ] GC(39) O: Final References:              15            3            0 
[2026-06-26T13:52:19.218-0300][62.906s][14000][1600 ][info][gc,ref      ] GC(39) O: Phantom References:        148988       100706        94219 
[2026-06-26T13:52:19.218-0300][62.906s][14000][1600 ][info][gc,reloc    ] GC(39) O:                        Candidates     Selected     In-Place         Size        Empty    Relocated 
[2026-06-26T13:52:19.218-0300][62.906s][14000][1600 ][info][gc,reloc    ] GC(39) O: Small Pages:                  614            9            0        1228M           0M           5M 
[2026-06-26T13:52:19.218-0300][62.906s][14000][1600 ][info][gc,reloc    ] GC(39) O: Medium Pages:                   3            1            0          96M           0M           8M 
[2026-06-26T13:52:19.218-0300][62.906s][14000][1600 ][info][gc,reloc    ] GC(39) O: Large Pages:                    5            0            0          60M           0M           0M 
[2026-06-26T13:52:19.218-0300][62.906s][14000][1600 ][info][gc,reloc    ] GC(39) O: Forwarding Usage: 8M
[2026-06-26T13:52:19.218-0300][62.906s][14000][1600 ][info][gc,heap     ] GC(39) O: Min Capacity: 8M(0%)
[2026-06-26T13:52:19.218-0300][62.906s][14000][1600 ][info][gc,heap     ] GC(39) O: Max Capacity: 3072M(100%)
[2026-06-26T13:52:19.218-0300][62.906s][14000][1600 ][info][gc,heap     ] GC(39) O: Soft Max Capacity: 3072M(100%)
[2026-06-26T13:52:19.218-0300][62.906s][14000][1600 ][info][gc,heap     ] GC(39) O: Heap Statistics:
[2026-06-26T13:52:19.218-0300][62.906s][14000][1600 ][info][gc,heap     ] GC(39) O:                Mark Start          Mark End        Relocate Start      Relocate End           High               Low         
[2026-06-26T13:52:19.218-0300][62.906s][14000][1600 ][info][gc,heap     ] GC(39) O:  Capacity:     3072M (100%)       3072M (100%)       3072M (100%)       3072M (100%)       3072M (100%)       3072M (100%)   
[2026-06-26T13:52:19.218-0300][62.906s][14000][1600 ][info][gc,heap     ] GC(39) O:      Free:     1452M (47%)        1304M (42%)        1294M (42%)        1332M (43%)        1620M (53%)        1252M (41%)    
[2026-06-26T13:52:19.218-0300][62.906s][14000][1600 ][info][gc,heap     ] GC(39) O:      Used:     1620M (53%)        1768M (58%)        1778M (58%)        1740M (57%)        1820M (59%)        1452M (47%)    
[2026-06-26T13:52:19.218-0300][62.906s][14000][1600 ][info][gc,heap     ] GC(39) O: Old Generation Statistics:
[2026-06-26T13:52:19.218-0300][62.906s][14000][1600 ][info][gc,heap     ] GC(39) O:                Mark Start          Mark End        Relocate Start      Relocate End    
[2026-06-26T13:52:19.218-0300][62.906s][14000][1600 ][info][gc,heap     ] GC(39) O:      Used:     1384M (45%)        1384M (45%)        1384M (45%)        1342M (44%)    
[2026-06-26T13:52:19.218-0300][62.906s][14000][1600 ][info][gc,heap     ] GC(39) O:      Live:         -              1254M (41%)        1254M (41%)        1254M (41%)    
[2026-06-26T13:52:19.218-0300][62.906s][14000][1600 ][info][gc,heap     ] GC(39) O:   Garbage:         -               129M (4%)          129M (4%)           59M (2%)     
[2026-06-26T13:52:19.218-0300][62.906s][14000][1600 ][info][gc,heap     ] GC(39) O: Allocated:         -                 0M (0%)            0M (0%)           28M (1%)     
[2026-06-26T13:52:19.218-0300][62.906s][14000][1600 ][info][gc,heap     ] GC(39) O: Reclaimed:         -                  -                 0M (0%)           70M (2%)     
[2026-06-26T13:52:19.218-0300][62.906s][14000][1600 ][info][gc,heap     ] GC(39) O: Compacted:         -                  -                  -                39M (1%)     
[2026-06-26T13:52:19.218-0300][62.906s][14000][1600 ][info][gc,phases   ] GC(39) O: Old Generation 1452M(47%)->1740M(57%) 2.487s
[2026-06-26T13:52:19.218-0300][62.906s][14000][1600 ][info][gc          ] GC(39) Major Collection (Allocation Rate) 1620M(53%)->1740M(57%) 2.542s
[2026-06-26T13:52:21.802-0300][65.490s][14000][1580 ][info][gc          ] GC(41) Minor Collection (Allocation Rate)
[2026-06-26T13:52:21.802-0300][65.490s][14000][1580 ][info][gc,task     ] GC(41) Using 1 Workers for Young Generation
[2026-06-26T13:52:21.802-0300][65.490s][14000][1580 ][info][gc,phases   ] GC(41) y: Young Generation
[2026-06-26T13:52:21.802-0300][65.490s][14000][2192 ][info][gc,phases   ] GC(41) y: Pause Mark Start 0.011ms
[2026-06-26T13:52:22.137-0300][65.825s][14000][1580 ][info][gc,phases   ] GC(41) y: Concurrent Mark 334.206ms
[2026-06-26T13:52:22.137-0300][65.825s][14000][2192 ][info][gc,phases   ] GC(41) y: Pause Mark End 0.011ms
[2026-06-26T13:52:22.137-0300][65.825s][14000][1580 ][info][gc,phases   ] GC(41) y: Concurrent Mark Free 0.003ms
[2026-06-26T13:52:22.137-0300][65.825s][14000][1580 ][info][gc,phases   ] GC(41) y: Concurrent Reset Relocation Set 0.008ms
[2026-06-26T13:52:22.137-0300][65.825s][14000][1580 ][info][gc,reloc    ] GC(41) y: Using tenuring threshold: 4 (Computed)
[2026-06-26T13:52:22.151-0300][65.840s][14000][1580 ][info][gc,phases   ] GC(41) y: Concurrent Select Relocation Set 14.910ms
[2026-06-26T13:52:22.151-0300][65.840s][14000][2192 ][info][gc,phases   ] GC(41) y: Pause Relocate Start 0.014ms
[2026-06-26T13:52:22.337-0300][66.025s][14000][1580 ][info][gc,phases   ] GC(41) y: Concurrent Relocate 184.729ms
[2026-06-26T13:52:22.337-0300][66.025s][14000][1580 ][info][gc,alloc    ] GC(41) y:                         Mark Start        Mark End      Relocate Start    Relocate End   
[2026-06-26T13:52:22.337-0300][66.025s][14000][1580 ][info][gc,alloc    ] GC(41) y: Allocation Stalls:          0                0                0                0         
[2026-06-26T13:52:22.337-0300][66.025s][14000][1580 ][info][gc,load     ] GC(41) y: Load: 0.00 (0%) / 0.00 (0%) / 0.00 (0%)
[2026-06-26T13:52:22.337-0300][66.025s][14000][1580 ][info][gc,mmu      ] GC(41) y: MMU: 2ms/52.1%, 5ms/80.9%, 10ms/90.4%, 20ms/95.2%, 50ms/94.9%, 100ms/97.5%
[2026-06-26T13:52:22.337-0300][66.025s][14000][1580 ][info][gc,marking  ] GC(41) y: Mark: 1 stripe(s), 2 proactive flush(es), 1 terminate flush(es), 0 completion(s), 0 continuation(s) 
[2026-06-26T13:52:22.337-0300][66.025s][14000][1580 ][info][gc,nmethod  ] GC(41) y: NMethods: 11823 registered, 1088 unregistered
[2026-06-26T13:52:22.337-0300][66.025s][14000][1580 ][info][gc,metaspace] GC(41) y: Metaspace: 65M used, 67M committed, 1088M reserved
[2026-06-26T13:52:22.337-0300][66.025s][14000][1580 ][info][gc,reloc    ] GC(41) y:                        Candidates     Selected     In-Place         Size        Empty    Relocated 
[2026-06-26T13:52:22.337-0300][66.025s][14000][1580 ][info][gc,reloc    ] GC(41) y: Small Pages:                  401          294            0         802M           2M          97M 
[2026-06-26T13:52:22.337-0300][66.025s][14000][1580 ][info][gc,reloc    ] GC(41) y: Medium Pages:                   0            0            0           0M           0M           0M 
[2026-06-26T13:52:22.337-0300][66.025s][14000][1580 ][info][gc,reloc    ] GC(41) y: Large Pages:                    0            0            0           0M           0M           0M 
[2026-06-26T13:52:22.337-0300][66.025s][14000][1580 ][info][gc,reloc    ] GC(41) y: Forwarding Usage: 77M
[2026-06-26T13:52:22.337-0300][66.025s][14000][1580 ][info][gc,reloc    ] GC(41) y: Age Table:
[2026-06-26T13:52:22.337-0300][66.025s][14000][1580 ][info][gc,reloc    ] GC(41) y:                    Live             Garbage             Small              Medium             Large        
[2026-06-26T13:52:22.337-0300][66.025s][14000][1580 ][info][gc,reloc    ] GC(41) y: Eden             129M (4%)          592M (19%)        361 / 288            0 / 0              0 / 0        
[2026-06-26T13:52:22.337-0300][66.025s][14000][1580 ][info][gc,reloc    ] GC(41) y: Survivor 1        30M (1%)            9M (0%)          20 / 4              0 / 0              0 / 0        
[2026-06-26T13:52:22.337-0300][66.025s][14000][1580 ][info][gc,reloc    ] GC(41) y: Survivor 2        19M (1%)            4M (0%)          12 / 1              0 / 0              0 / 0        
[2026-06-26T13:52:22.337-0300][66.025s][14000][1580 ][info][gc,reloc    ] GC(41) y: Survivor 3        11M (0%)            4M (0%)           8 / 1              0 / 0              0 / 0        
[2026-06-26T13:52:22.337-0300][66.025s][14000][1580 ][info][gc,heap     ] GC(41) y: Min Capacity: 8M(0%)
[2026-06-26T13:52:22.337-0300][66.025s][14000][1580 ][info][gc,heap     ] GC(41) y: Max Capacity: 3072M(100%)
[2026-06-26T13:52:22.337-0300][66.025s][14000][1580 ][info][gc,heap     ] GC(41) y: Soft Max Capacity: 3072M(100%)
[2026-06-26T13:52:22.337-0300][66.025s][14000][1580 ][info][gc,heap     ] GC(41) y: Heap Statistics:
[2026-06-26T13:52:22.337-0300][66.025s][14000][1580 ][info][gc,heap     ] GC(41) y:                Mark Start          Mark End        Relocate Start      Relocate End           High               Low         
[2026-06-26T13:52:22.337-0300][66.025s][14000][1580 ][info][gc,heap     ] GC(41) y:  Capacity:     3072M (100%)       3072M (100%)       3072M (100%)       3072M (100%)       3072M (100%)       3072M (100%)   
[2026-06-26T13:52:22.337-0300][66.025s][14000][1580 ][info][gc,heap     ] GC(41) y:      Free:      928M (30%)         860M (28%)         860M (28%)        1422M (46%)        1422M (46%)         858M (28%)    
[2026-06-26T13:52:22.337-0300][66.025s][14000][1580 ][info][gc,heap     ] GC(41) y:      Used:     2144M (70%)        2212M (72%)        2212M (72%)        1650M (54%)        2214M (72%)        1650M (54%)    
[2026-06-26T13:52:22.337-0300][66.025s][14000][1580 ][info][gc,heap     ] GC(41) y: Young Generation Statistics:
[2026-06-26T13:52:22.337-0300][66.025s][14000][1580 ][info][gc,heap     ] GC(41) y:                Mark Start          Mark End        Relocate Start      Relocate End    
[2026-06-26T13:52:22.337-0300][66.025s][14000][1580 ][info][gc,heap     ] GC(41) y:      Used:      802M (26%)         870M (28%)         870M (28%)         308M (10%)    
[2026-06-26T13:52:22.337-0300][66.025s][14000][1580 ][info][gc,heap     ] GC(41) y:      Live:         -               190M (6%)          190M (6%)          190M (6%)     
[2026-06-26T13:52:22.337-0300][66.025s][14000][1580 ][info][gc,heap     ] GC(41) y:   Garbage:         -               611M (20%)         609M (20%)           2M (0%)     
[2026-06-26T13:52:22.337-0300][66.025s][14000][1580 ][info][gc,heap     ] GC(41) y: Allocated:         -                68M (2%)           70M (2%)          114M (4%)     
[2026-06-26T13:52:22.337-0300][66.025s][14000][1580 ][info][gc,heap     ] GC(41) y: Reclaimed:         -                  -                 2M (0%)          608M (20%)    
[2026-06-26T13:52:22.337-0300][66.025s][14000][1580 ][info][gc,heap     ] GC(41) y:  Promoted:         -                  -                 0M (0%)            0M (0%)     
[2026-06-26T13:52:22.337-0300][66.025s][14000][1580 ][info][gc,heap     ] GC(41) y: Compacted:         -                  -                  -               131M (4%)     
[2026-06-26T13:52:22.337-0300][66.025s][14000][1580 ][info][gc,phases   ] GC(41) y: Young Generation 2144M(70%)->1650M(54%) 0.534s
[2026-06-26T13:52:22.337-0300][66.025s][14000][1580 ][info][gc          ] GC(41) Minor Collection (Allocation Rate) 2144M(70%)->1650M(54%) 0.535s
[2026-06-26T13:52:27.134-0300][70.822s][14000][1580 ][info][gc          ] GC(42) Minor Collection (Allocation Rate)
[2026-06-26T13:52:27.134-0300][70.822s][14000][1580 ][info][gc,task     ] GC(42) Using 1 Workers for Young Generation
[2026-06-26T13:52:27.134-0300][70.822s][14000][1580 ][info][gc,phases   ] GC(42) y: Young Generation
[2026-06-26T13:52:27.134-0300][70.822s][14000][2192 ][info][gc,phases   ] GC(42) y: Pause Mark Start 0.008ms
[2026-06-26T13:52:27.724-0300][71.413s][14000][1580 ][info][gc,phases   ] GC(42) y: Concurrent Mark 590.824ms
[2026-06-26T13:52:27.724-0300][71.413s][14000][2192 ][info][gc,phases   ] GC(42) y: Pause Mark End 0.013ms
[2026-06-26T13:52:27.724-0300][71.413s][14000][1580 ][info][gc,phases   ] GC(42) y: Concurrent Mark Free 0.001ms
[2026-06-26T13:52:27.724-0300][71.413s][14000][1580 ][info][gc,phases   ] GC(42) y: Concurrent Reset Relocation Set 0.014ms
[2026-06-26T13:52:27.724-0300][71.413s][14000][1580 ][info][gc,reloc    ] GC(42) y: Using tenuring threshold: 3 (Computed)
[2026-06-26T13:52:27.762-0300][71.450s][14000][1580 ][info][gc,phases   ] GC(42) y: Concurrent Select Relocation Set 36.990ms
[2026-06-26T13:52:27.762-0300][71.450s][14000][2192 ][info][gc,phases   ] GC(42) y: Pause Relocate Start 0.012ms
[2026-06-26T13:52:27.976-0300][71.665s][14000][1580 ][info][gc,phases   ] GC(42) y: Concurrent Relocate 214.691ms
[2026-06-26T13:52:27.976-0300][71.665s][14000][1580 ][info][gc,alloc    ] GC(42) y:                         Mark Start        Mark End      Relocate Start    Relocate End   
[2026-06-26T13:52:27.976-0300][71.665s][14000][1580 ][info][gc,alloc    ] GC(42) y: Allocation Stalls:          0                0                0                0         
[2026-06-26T13:52:27.976-0300][71.665s][14000][1580 ][info][gc,load     ] GC(42) y: Load: 0.00 (0%) / 0.00 (0%) / 0.00 (0%)
[2026-06-26T13:52:27.976-0300][71.665s][14000][1580 ][info][gc,mmu      ] GC(42) y: MMU: 2ms/52.1%, 5ms/80.9%, 10ms/90.4%, 20ms/95.2%, 50ms/94.9%, 100ms/97.5%
[2026-06-26T13:52:27.976-0300][71.665s][14000][1580 ][info][gc,marking  ] GC(42) y: Mark: 1 stripe(s), 2 proactive flush(es), 1 terminate flush(es), 0 completion(s), 0 continuation(s) 
[2026-06-26T13:52:27.976-0300][71.665s][14000][1580 ][info][gc,nmethod  ] GC(42) y: NMethods: 11914 registered, 1088 unregistered
[2026-06-26T13:52:27.976-0300][71.665s][14000][1580 ][info][gc,metaspace] GC(42) y: Metaspace: 66M used, 67M committed, 1088M reserved
[2026-06-26T13:52:27.976-0300][71.665s][14000][1580 ][info][gc,reloc    ] GC(42) y:                        Candidates     Selected     In-Place         Size        Empty    Relocated 
[2026-06-26T13:52:27.976-0300][71.665s][14000][1580 ][info][gc,reloc    ] GC(42) y: Small Pages:                  522          229            0        1044M         216M          97M 
[2026-06-26T13:52:27.976-0300][71.665s][14000][1580 ][info][gc,reloc    ] GC(42) y: Medium Pages:                   0            0            0           0M           0M           0M 
[2026-06-26T13:52:27.976-0300][71.665s][14000][1580 ][info][gc,reloc    ] GC(42) y: Large Pages:                    0            0            0           0M           0M           0M 
[2026-06-26T13:52:27.976-0300][71.665s][14000][1580 ][info][gc,reloc    ] GC(42) y: Forwarding Usage: 84M
[2026-06-26T13:52:27.976-0300][71.665s][14000][1580 ][info][gc,reloc    ] GC(42) y: Age Table:
[2026-06-26T13:52:27.976-0300][71.665s][14000][1580 ][info][gc,reloc    ] GC(42) y:                    Live             Garbage             Small              Medium             Large        
[2026-06-26T13:52:27.976-0300][71.665s][14000][1580 ][info][gc,reloc    ] GC(42) y: Eden             152M (5%)          683M (22%)        418 / 224            0 / 0              0 / 0        
[2026-06-26T13:52:27.976-0300][71.665s][14000][1580 ][info][gc,reloc    ] GC(42) y: Survivor 1       128M (4%)            9M (0%)          69 / 3              0 / 0              0 / 0        
[2026-06-26T13:52:27.976-0300][71.665s][14000][1580 ][info][gc,reloc    ] GC(42) y: Survivor 2        30M (1%)            1M (0%)          16 / 0              0 / 0              0 / 0        
[2026-06-26T13:52:27.976-0300][71.665s][14000][1580 ][info][gc,reloc    ] GC(42) y: Survivor 3        19M (1%)            2M (0%)          11 / 1              0 / 0              0 / 0        
[2026-06-26T13:52:27.976-0300][71.665s][14000][1580 ][info][gc,reloc    ] GC(42) y: Survivor 4        11M (0%)            4M (0%)           8 / 1              0 / 0              0 / 0        
[2026-06-26T13:52:27.976-0300][71.665s][14000][1580 ][info][gc,heap     ] GC(42) y: Min Capacity: 8M(0%)
[2026-06-26T13:52:27.976-0300][71.665s][14000][1580 ][info][gc,heap     ] GC(42) y: Max Capacity: 3072M(100%)
[2026-06-26T13:52:27.976-0300][71.665s][14000][1580 ][info][gc,heap     ] GC(42) y: Soft Max Capacity: 3072M(100%)
[2026-06-26T13:52:27.976-0300][71.665s][14000][1580 ][info][gc,heap     ] GC(42) y: Heap Statistics:
[2026-06-26T13:52:27.976-0300][71.665s][14000][1580 ][info][gc,heap     ] GC(42) y:                Mark Start          Mark End        Relocate Start      Relocate End           High               Low         
[2026-06-26T13:52:27.976-0300][71.665s][14000][1580 ][info][gc,heap     ] GC(42) y:  Capacity:     3072M (100%)       3072M (100%)       3072M (100%)       3072M (100%)       3072M (100%)       3072M (100%)   
[2026-06-26T13:52:27.976-0300][71.665s][14000][1580 ][info][gc,heap     ] GC(42) y:      Free:      686M (22%)         570M (19%)         786M (26%)        1222M (40%)        1234M (40%)         570M (19%)    
[2026-06-26T13:52:27.976-0300][71.665s][14000][1580 ][info][gc,heap     ] GC(42) y:      Used:     2386M (78%)        2502M (81%)        2286M (74%)        1850M (60%)        2502M (81%)        1838M (60%)    
[2026-06-26T13:52:27.976-0300][71.665s][14000][1580 ][info][gc,heap     ] GC(42) y: Young Generation Statistics:
[2026-06-26T13:52:27.976-0300][71.665s][14000][1580 ][info][gc,heap     ] GC(42) y:                Mark Start          Mark End        Relocate Start      Relocate End    
[2026-06-26T13:52:27.976-0300][71.665s][14000][1580 ][info][gc,heap     ] GC(42) y:      Used:     1044M (34%)        1160M (38%)         912M (30%)         474M (15%)    
[2026-06-26T13:52:27.977-0300][71.665s][14000][1580 ][info][gc,heap     ] GC(42) y:      Live:         -               343M (11%)         312M (10%)         311M (10%)    
[2026-06-26T13:52:27.977-0300][71.665s][14000][1580 ][info][gc,heap     ] GC(42) y:   Garbage:         -               700M (23%)         483M (16%)           3M (0%)     
[2026-06-26T13:52:27.977-0300][71.665s][14000][1580 ][info][gc,heap     ] GC(42) y: Allocated:         -               116M (4%)          116M (4%)          158M (5%)     
[2026-06-26T13:52:27.977-0300][71.665s][14000][1580 ][info][gc,heap     ] GC(42) y: Reclaimed:         -                  -               217M (7%)          697M (23%)    
[2026-06-26T13:52:27.977-0300][71.665s][14000][1580 ][info][gc,heap     ] GC(42) y:  Promoted:         -                  -                30M (1%)           31M (1%)     
[2026-06-26T13:52:27.977-0300][71.665s][14000][1580 ][info][gc,heap     ] GC(42) y: Compacted:         -                  -                  -               147M (5%)     
[2026-06-26T13:52:27.977-0300][71.665s][14000][1580 ][info][gc,phases   ] GC(42) y: Young Generation 2386M(78%)->1850M(60%) 0.843s
[2026-06-26T13:52:27.977-0300][71.665s][14000][1580 ][info][gc          ] GC(42) Minor Collection (Allocation Rate) 2386M(78%)->1850M(60%) 0.844s
[2026-06-26T13:52:33.973-0300][77.660s][14000][1580 ][info][gc          ] GC(43) Minor Collection (Allocation Rate)
[2026-06-26T13:52:33.973-0300][77.660s][14000][1580 ][info][gc,task     ] GC(43) Using 1 Workers for Young Generation
[2026-06-26T13:52:33.973-0300][77.660s][14000][1580 ][info][gc,phases   ] GC(43) y: Young Generation
[2026-06-26T13:52:33.973-0300][77.661s][14000][2192 ][info][gc,phases   ] GC(43) y: Pause Mark Start 0.010ms
[2026-06-26T13:52:34.527-0300][78.215s][14000][1580 ][info][gc,phases   ] GC(43) y: Concurrent Mark 554.396ms
[2026-06-26T13:52:34.527-0300][78.215s][14000][2192 ][info][gc,phases   ] GC(43) y: Pause Mark End 0.012ms
[2026-06-26T13:52:34.527-0300][78.215s][14000][1580 ][info][gc,phases   ] GC(43) y: Concurrent Mark Free 0.004ms
[2026-06-26T13:52:34.527-0300][78.215s][14000][1580 ][info][gc,phases   ] GC(43) y: Concurrent Reset Relocation Set 0.060ms
[2026-06-26T13:52:34.527-0300][78.215s][14000][1580 ][info][gc,reloc    ] GC(43) y: Using tenuring threshold: 1 (Computed)
[2026-06-26T13:52:34.651-0300][78.339s][14000][1580 ][info][gc,phases   ] GC(43) y: Concurrent Select Relocation Set 124.056ms
[2026-06-26T13:52:34.651-0300][78.339s][14000][2192 ][info][gc,phases   ] GC(43) y: Pause Relocate Start 0.011ms
[2026-06-26T13:52:34.877-0300][78.566s][14000][1580 ][info][gc,phases   ] GC(43) y: Concurrent Relocate 226.382ms
[2026-06-26T13:52:34.877-0300][78.566s][14000][1580 ][info][gc,alloc    ] GC(43) y:                         Mark Start        Mark End      Relocate Start    Relocate End   
[2026-06-26T13:52:34.877-0300][78.566s][14000][1580 ][info][gc,alloc    ] GC(43) y: Allocation Stalls:          0                0                0                0         
[2026-06-26T13:52:34.877-0300][78.566s][14000][1580 ][info][gc,load     ] GC(43) y: Load: 0.00 (0%) / 0.00 (0%) / 0.00 (0%)
[2026-06-26T13:52:34.878-0300][78.566s][14000][1580 ][info][gc,mmu      ] GC(43) y: MMU: 2ms/52.1%, 5ms/80.9%, 10ms/90.4%, 20ms/95.2%, 50ms/94.9%, 100ms/97.5%
[2026-06-26T13:52:34.878-0300][78.566s][14000][1580 ][info][gc,marking  ] GC(43) y: Mark: 1 stripe(s), 2 proactive flush(es), 1 terminate flush(es), 0 completion(s), 0 continuation(s) 
[2026-06-26T13:52:34.878-0300][78.566s][14000][1580 ][info][gc,nmethod  ] GC(43) y: NMethods: 13059 registered, 1088 unregistered
[2026-06-26T13:52:34.878-0300][78.566s][14000][1580 ][info][gc,metaspace] GC(43) y: Metaspace: 67M used, 69M committed, 1088M reserved
[2026-06-26T13:52:34.878-0300][78.566s][14000][1580 ][info][gc,reloc    ] GC(43) y:                        Candidates     Selected     In-Place         Size        Empty    Relocated 
[2026-06-26T13:52:34.878-0300][78.566s][14000][1580 ][info][gc,reloc    ] GC(43) y: Small Pages:                  377           80            0         754M         266M          11M 
[2026-06-26T13:52:34.878-0300][78.566s][14000][1580 ][info][gc,reloc    ] GC(43) y: Medium Pages:                   1            0            0          32M           0M           0M 
[2026-06-26T13:52:34.878-0300][78.566s][14000][1580 ][info][gc,reloc    ] GC(43) y: Large Pages:                    0            0            0           0M           0M           0M 
[2026-06-26T13:52:34.878-0300][78.566s][14000][1580 ][info][gc,reloc    ] GC(43) y: Forwarding Usage: 7M
[2026-06-26T13:52:34.878-0300][78.566s][14000][1580 ][info][gc,reloc    ] GC(43) y: Age Table:
[2026-06-26T13:52:34.878-0300][78.566s][14000][1580 ][info][gc,reloc    ] GC(43) y:                    Live             Garbage             Small              Medium             Large        
[2026-06-26T13:52:34.878-0300][78.566s][14000][1580 ][info][gc,reloc    ] GC(43) y: Eden              18M (1%)          441M (14%)        214 / 75             1 / 0              0 / 0        
[2026-06-26T13:52:34.878-0300][78.566s][14000][1580 ][info][gc,reloc    ] GC(43) y: Survivor 1       148M (5%)           15M (0%)          82 / 4              0 / 0              0 / 0        
[2026-06-26T13:52:34.878-0300][78.566s][14000][1580 ][info][gc,reloc    ] GC(43) y: Survivor 2       128M (4%)            1M (0%)          65 / 1              0 / 0              0 / 0        
[2026-06-26T13:52:34.878-0300][78.566s][14000][1580 ][info][gc,reloc    ] GC(43) y: Survivor 3        30M (1%)            1M (0%)          16 / 0              0 / 0              0 / 0        
[2026-06-26T13:52:34.878-0300][78.566s][14000][1580 ][info][gc,heap     ] GC(43) y: Min Capacity: 8M(0%)
[2026-06-26T13:52:34.878-0300][78.566s][14000][1580 ][info][gc,heap     ] GC(43) y: Max Capacity: 3072M(100%)
[2026-06-26T13:52:34.878-0300][78.566s][14000][1580 ][info][gc,heap     ] GC(43) y: Soft Max Capacity: 3072M(100%)
[2026-06-26T13:52:34.878-0300][78.566s][14000][1580 ][info][gc,heap     ] GC(43) y: Heap Statistics:
[2026-06-26T13:52:34.878-0300][78.566s][14000][1580 ][info][gc,heap     ] GC(43) y:                Mark Start          Mark End        Relocate Start      Relocate End           High               Low         
[2026-06-26T13:52:34.878-0300][78.566s][14000][1580 ][info][gc,heap     ] GC(43) y:  Capacity:     3072M (100%)       3072M (100%)       3072M (100%)       3072M (100%)       3072M (100%)       3072M (100%)   
[2026-06-26T13:52:34.878-0300][78.566s][14000][1580 ][info][gc,heap     ] GC(43) y:      Free:      910M (30%)         842M (27%)        1098M (36%)        1238M (40%)        1254M (41%)         842M (27%)    
[2026-06-26T13:52:34.878-0300][78.566s][14000][1580 ][info][gc,heap     ] GC(43) y:      Used:     2162M (70%)        2230M (73%)        1974M (64%)        1834M (60%)        2230M (73%)        1818M (59%)    
[2026-06-26T13:52:34.878-0300][78.566s][14000][1580 ][info][gc,heap     ] GC(43) y: Young Generation Statistics:
[2026-06-26T13:52:34.878-0300][78.566s][14000][1580 ][info][gc,heap     ] GC(43) y:                Mark Start          Mark End        Relocate Start      Relocate End    
[2026-06-26T13:52:34.878-0300][78.566s][14000][1580 ][info][gc,heap     ] GC(43) y:      Used:      786M (26%)         854M (28%)         290M (9%)          144M (5%)     
[2026-06-26T13:52:34.878-0300][78.566s][14000][1580 ][info][gc,heap     ] GC(43) y:      Live:         -               325M (11%)          21M (1%)           18M (1%)     
[2026-06-26T13:52:34.878-0300][78.566s][14000][1580 ][info][gc,heap     ] GC(43) y:   Garbage:         -               460M (15%)         190M (6%)           27M (1%)     
[2026-06-26T13:52:34.878-0300][78.566s][14000][1580 ][info][gc,heap     ] GC(43) y: Allocated:         -                68M (2%)           78M (3%)           98M (3%)     
[2026-06-26T13:52:34.878-0300][78.566s][14000][1580 ][info][gc,heap     ] GC(43) y: Reclaimed:         -                  -               269M (9%)          432M (14%)    
[2026-06-26T13:52:34.878-0300][78.566s][14000][1580 ][info][gc,heap     ] GC(43) y:  Promoted:         -                  -               304M (10%)         307M (10%)    
[2026-06-26T13:52:34.878-0300][78.566s][14000][1580 ][info][gc,heap     ] GC(43) y: Compacted:         -                  -                  -                13M (0%)     
[2026-06-26T13:52:34.878-0300][78.566s][14000][1580 ][info][gc,phases   ] GC(43) y: Young Generation 2162M(70%)->1834M(60%) 0.905s
[2026-06-26T13:52:34.878-0300][78.566s][14000][1580 ][info][gc          ] GC(43) Minor Collection (Allocation Rate) 2162M(70%)->1834M(60%) 0.906s
[2026-06-26T13:52:41.956-0300][85.645s][14000][7988 ][info][gc,exit     ] Stopping ZGC
[2026-06-26T13:52:41.956-0300][85.645s][14000][1836 ][info][gc,stats    ] === Garbage Collection Statistics =======================================================================================================================
[2026-06-26T13:52:41.956-0300][85.645s][14000][1836 ][info][gc,stats    ]                                                              Last 10s              Last 10m              Last 10h                Total
[2026-06-26T13:52:41.956-0300][85.645s][14000][1836 ][info][gc,stats    ]                                                              Avg / Max             Avg / Max             Avg / Max             Avg / Max
[2026-06-26T13:52:41.956-0300][85.645s][14000][1836 ][info][gc,stats    ]        Contention: Mark Segment Reset Contention                     0 / 0                 3 / 156               3 / 156               3 / 156         ops/s
[2026-06-26T13:52:41.956-0300][85.645s][14000][1836 ][info][gc,stats    ]        Contention: Mark SeqNum Reset Contention                      0 / 0                 1 / 18                1 / 18                1 / 18          ops/s
[2026-06-26T13:52:41.956-0300][85.645s][14000][1836 ][info][gc,stats    ]          Critical: Allocation Stall                                  0 / 0                 0 / 8                 0 / 8                 0 / 8           ops/s
[2026-06-26T13:52:41.956-0300][85.646s][14000][1836 ][info][gc,stats    ]          Critical: Allocation Stall                              0.000 / 0.000         2.247 / 3.485         2.247 / 3.485         2.247 / 3.485       ms
[2026-06-26T13:52:41.956-0300][85.646s][14000][1836 ][info][gc,stats    ]          Critical: JNI Critical Stall                                0 / 0                 1 / 33                1 / 33                1 / 33          ops/s
[2026-06-26T13:52:41.956-0300][85.646s][14000][1836 ][info][gc,stats    ]          Critical: JNI Critical Stall                            0.000 / 0.000         1.128 / 8.312         1.128 / 8.312         1.128 / 8.312       ms
[2026-06-26T13:52:41.956-0300][85.646s][14000][1836 ][info][gc,stats    ]          Critical: Relocation Stall                                  0 / 0                 0 / 0                 0 / 0                 0 / 0           ops/s
[2026-06-26T13:52:41.958-0300][85.646s][14000][1836 ][info][gc,stats    ]          Critical: Relocation Stall                              0.000 / 0.000         0.000 / 0.000         0.000 / 0.000         0.000 / 0.000       ms
[2026-06-26T13:52:41.958-0300][85.646s][14000][1836 ][info][gc,stats    ]  Major Collection: Major Collection                              0.000 / 0.000       955.160 / 2542.071    955.160 / 2542.071    955.160 / 2542.071    ms
[2026-06-26T13:52:41.958-0300][85.646s][14000][1836 ][info][gc,stats    ]            Memory: Allocation Rate                                  43 / 116             272 / 4544            272 / 4544            272 / 4544        MB/s
[2026-06-26T13:52:41.958-0300][85.646s][14000][1836 ][info][gc,stats    ]            Memory: Defragment                                        0 / 0                 0 / 1                 0 / 1                 0 / 1           ops/s
[2026-06-26T13:52:41.958-0300][85.646s][14000][1836 ][info][gc,stats    ]            Memory: Mapped Cache Harvest                              0 / 0                 0 / 64                0 / 64                0 / 64          MB/s
[2026-06-26T13:52:41.958-0300][85.646s][14000][1836 ][info][gc,stats    ]            Memory: Out Of Memory                                     0 / 0                 0 / 0                 0 / 0                 0 / 0           ops/s
[2026-06-26T13:52:41.958-0300][85.646s][14000][1836 ][info][gc,stats    ]            Memory: Uncommit                                          0 / 0                 0 / 0                 0 / 0                 0 / 0           MB/s
[2026-06-26T13:52:41.958-0300][85.646s][14000][1836 ][info][gc,stats    ]            Memory: Undo Object Allocation Failed                     0 / 0                 0 / 0                 0 / 0                 0 / 0           ops/s
[2026-06-26T13:52:41.958-0300][85.646s][14000][1836 ][info][gc,stats    ]            Memory: Undo Object Allocation Succeeded                  0 / 0                 0 / 7                 0 / 7                 0 / 7           ops/s
[2026-06-26T13:52:41.958-0300][85.646s][14000][1836 ][info][gc,stats    ]            Memory: Undo Page Allocation                              0 / 0                 0 / 1                 0 / 1                 0 / 1           ops/s
[2026-06-26T13:52:41.958-0300][85.646s][14000][1836 ][info][gc,stats    ]  Minor Collection: Minor Collection                            905.873 / 905.873     202.170 / 905.873     202.170 / 905.873     202.170 / 905.873     ms
[2026-06-26T13:52:41.958-0300][85.646s][14000][1836 ][info][gc,stats    ]    Old Generation: Old Generation                                0.000 / 0.000       889.808 / 2486.788    889.808 / 2486.788    889.808 / 2486.788    ms
[2026-06-26T13:52:41.958-0300][85.646s][14000][1836 ][info][gc,stats    ]         Old Pause: Pause Mark End                                0.000 / 0.000         0.013 / 0.016         0.013 / 0.016         0.013 / 0.016       ms
[2026-06-26T13:52:41.958-0300][85.646s][14000][1836 ][info][gc,stats    ]         Old Pause: Pause Relocate Start                          0.000 / 0.000         0.074 / 0.647         0.074 / 0.647         0.074 / 0.647       ms
[2026-06-26T13:52:41.958-0300][85.646s][14000][1836 ][info][gc,stats    ]         Old Phase: Concurrent Mark                               0.000 / 0.000       829.976 / 2404.285    829.976 / 2404.285    829.976 / 2404.285    ms
[2026-06-26T13:52:41.958-0300][85.646s][14000][1836 ][info][gc,stats    ]         Old Phase: Concurrent Mark Continue                      0.000 / 0.000         0.000 / 0.000         0.000 / 0.000         0.000 / 0.000       ms
[2026-06-26T13:52:41.958-0300][85.646s][14000][1836 ][info][gc,stats    ]         Old Phase: Concurrent Mark Free                          0.000 / 0.000         0.002 / 0.005         0.002 / 0.005         0.002 / 0.005       ms
[2026-06-26T13:52:41.958-0300][85.646s][14000][1836 ][info][gc,stats    ]         Old Phase: Concurrent Process Non-Strong                 0.000 / 0.000        20.178 / 47.030       20.178 / 47.030       20.178 / 47.030      ms
[2026-06-26T13:52:41.958-0300][85.646s][14000][1836 ][info][gc,stats    ]         Old Phase: Concurrent Relocate                           0.000 / 0.000        30.511 / 95.030       30.511 / 95.030       30.511 / 95.030      ms
[2026-06-26T13:52:41.958-0300][85.646s][14000][1836 ][info][gc,stats    ]         Old Phase: Concurrent Remap Roots                        0.000 / 0.000         3.398 / 6.372         3.398 / 6.372         3.398 / 6.372       ms
[2026-06-26T13:52:41.958-0300][85.646s][14000][1836 ][info][gc,stats    ]         Old Phase: Concurrent Reset Relocation Set               0.000 / 0.000         0.003 / 0.009         0.003 / 0.009         0.003 / 0.009       ms
[2026-06-26T13:52:41.958-0300][85.646s][14000][1836 ][info][gc,stats    ]         Old Phase: Concurrent Select Relocation Set              0.000 / 0.000         1.789 / 6.547         1.789 / 6.547         1.789 / 6.547       ms
[2026-06-26T13:52:41.958-0300][85.646s][14000][1836 ][info][gc,stats    ]      Old Subphase: Concurrent Classes Purge                      0.000 / 0.000         1.088 / 3.480         1.088 / 3.480         1.088 / 3.480       ms
[2026-06-26T13:52:41.958-0300][85.646s][14000][1836 ][info][gc,stats    ]      Old Subphase: Concurrent Classes Unlink                     0.000 / 0.000        13.952 / 36.726       13.952 / 36.726       13.952 / 36.726      ms
[2026-06-26T13:52:41.958-0300][85.646s][14000][1836 ][info][gc,stats    ]      Old Subphase: Concurrent Mark Follow                        0.000 / 0.000       829.611 / 2403.756    829.611 / 2403.756    829.611 / 2403.756    ms
[2026-06-26T13:52:41.958-0300][85.646s][14000][1836 ][info][gc,stats    ]      Old Subphase: Concurrent Mark Root Colored                  0.000 / 0.000         0.069 / 0.131         0.069 / 0.131         0.069 / 0.131       ms
[2026-06-26T13:52:41.958-0300][85.646s][14000][1836 ][info][gc,stats    ]      Old Subphase: Concurrent Mark Root Uncolored                0.000 / 0.000         0.161 / 0.687         0.161 / 0.687         0.161 / 0.687       ms
[2026-06-26T13:52:41.958-0300][85.646s][14000][1836 ][info][gc,stats    ]      Old Subphase: Concurrent Mark Roots                         0.000 / 0.000         0.279 / 0.851         0.279 / 0.851         0.279 / 0.851       ms
[2026-06-26T13:52:41.958-0300][85.646s][14000][1836 ][info][gc,stats    ]      Old Subphase: Concurrent References Enqueue                 0.000 / 0.000         0.003 / 0.007         0.003 / 0.007         0.003 / 0.007       ms
[2026-06-26T13:52:41.958-0300][85.646s][14000][1836 ][info][gc,stats    ]      Old Subphase: Concurrent References Process                 0.000 / 0.000         1.464 / 8.819         1.464 / 8.819         1.464 / 8.819       ms
[2026-06-26T13:52:41.958-0300][85.646s][14000][1836 ][info][gc,stats    ]      Old Subphase: Concurrent Remap Remembered                   0.000 / 0.000         0.796 / 2.092         0.796 / 2.092         0.796 / 2.092       ms
[2026-06-26T13:52:41.958-0300][85.646s][14000][1836 ][info][gc,stats    ]      Old Subphase: Concurrent Remap Roots Colored                0.000 / 0.000         1.071 / 1.724         1.071 / 1.724         1.071 / 1.724       ms
[2026-06-26T13:52:41.958-0300][85.646s][14000][1836 ][info][gc,stats    ]      Old Subphase: Concurrent Remap Roots Uncolored              0.000 / 0.000         1.499 / 2.572         1.499 / 2.572         1.499 / 2.572       ms
[2026-06-26T13:52:41.958-0300][85.646s][14000][1836 ][info][gc,stats    ]      Old Subphase: Concurrent Roots ClassLoaderDataGraph         0.000 / 0.000         0.434 / 0.903         0.434 / 0.903         0.434 / 0.903       ms
[2026-06-26T13:52:41.958-0300][85.646s][14000][1836 ][info][gc,stats    ]      Old Subphase: Concurrent Roots CodeCache                    0.000 / 0.000         1.488 / 2.544         1.488 / 2.544         1.488 / 2.544       ms
[2026-06-26T13:52:41.958-0300][85.646s][14000][1836 ][info][gc,stats    ]      Old Subphase: Concurrent Roots JavaThreads                  0.000 / 0.000         0.042 / 0.687         0.042 / 0.687         0.042 / 0.687       ms
[2026-06-26T13:52:41.958-0300][85.646s][14000][1836 ][info][gc,stats    ]      Old Subphase: Concurrent Roots OopStorageSet                0.000 / 0.000         0.009 / 0.041         0.009 / 0.041         0.009 / 0.041       ms
[2026-06-26T13:52:41.958-0300][85.646s][14000][1836 ][info][gc,stats    ]      Old Subphase: Concurrent Weak Roots OopStorageSet           0.000 / 0.000         1.230 / 6.384         1.230 / 6.384         1.230 / 6.384       ms
[2026-06-26T13:52:41.958-0300][85.646s][14000][1836 ][info][gc,stats    ]            System: Java Threads                                     30 / 30               26 / 33               26 / 33               26 / 33          threads
[2026-06-26T13:52:41.958-0300][85.646s][14000][1836 ][info][gc,stats    ]  Young Generation: Young Generation                              0.000 / 0.000        64.020 / 140.041      64.020 / 140.041      64.020 / 140.041     ms
[2026-06-26T13:52:41.958-0300][85.646s][14000][1836 ][info][gc,stats    ]  Young Generation: Young Generation                            905.468 / 905.468     201.649 / 905.468     201.649 / 905.468     201.649 / 905.468     ms
[2026-06-26T13:52:41.958-0300][85.646s][14000][1836 ][info][gc,stats    ]  Young Generation: Young Generation (Collect Roots)              0.000 / 0.000         0.000 / 0.000         0.000 / 0.000         0.000 / 0.000       ms
[2026-06-26T13:52:41.958-0300][85.646s][14000][1836 ][info][gc,stats    ]  Young Generation: Young Generation (Promote All)                0.000 / 0.000         0.000 / 0.000         0.000 / 0.000         0.000 / 0.000       ms
[2026-06-26T13:52:41.958-0300][85.646s][14000][1836 ][info][gc,stats    ]       Young Pause: Pause Mark End                                0.012 / 0.012         0.036 / 0.919         0.036 / 0.919         0.036 / 0.919       ms
[2026-06-26T13:52:41.958-0300][85.646s][14000][1836 ][info][gc,stats    ]       Young Pause: Pause Mark Start                              0.010 / 0.010         0.011 / 0.023         0.011 / 0.023         0.011 / 0.023       ms
[2026-06-26T13:52:41.958-0300][85.646s][14000][1836 ][info][gc,stats    ]       Young Pause: Pause Mark Start (Major)                      0.000 / 0.000         0.108 / 0.957         0.108 / 0.957         0.108 / 0.957       ms
[2026-06-26T13:52:41.958-0300][85.646s][14000][1836 ][info][gc,stats    ]       Young Pause: Pause Relocate Start                          0.011 / 0.011         0.012 / 0.025         0.012 / 0.025         0.012 / 0.025       ms
[2026-06-26T13:52:41.958-0300][85.646s][14000][1836 ][info][gc,stats    ]       Young Phase: Concurrent Mark                             554.396 / 554.396     114.528 / 590.824     114.528 / 590.824     114.528 / 590.824     ms
[2026-06-26T13:52:41.958-0300][85.646s][14000][1836 ][info][gc,stats    ]       Young Phase: Concurrent Mark Continue                      0.000 / 0.000         0.000 / 0.000         0.000 / 0.000         0.000 / 0.000       ms
[2026-06-26T13:52:41.958-0300][85.646s][14000][1836 ][info][gc,stats    ]       Young Phase: Concurrent Mark Free                          0.004 / 0.004         0.004 / 0.011         0.004 / 0.011         0.004 / 0.011       ms
[2026-06-26T13:52:41.958-0300][85.646s][14000][1836 ][info][gc,stats    ]       Young Phase: Concurrent Relocate                         226.382 / 226.382      41.127 / 226.382      41.127 / 226.382      41.127 / 226.382     ms
[2026-06-26T13:52:41.958-0300][85.646s][14000][1836 ][info][gc,stats    ]       Young Phase: Concurrent Reset Relocation Set               0.060 / 0.060         0.045 / 0.174         0.045 / 0.174         0.045 / 0.174       ms
[2026-06-26T13:52:41.958-0300][85.646s][14000][1836 ][info][gc,stats    ]       Young Phase: Concurrent Select Relocation Set            124.056 / 124.056      13.764 / 124.056      13.764 / 124.056      13.764 / 124.056     ms
[2026-06-26T13:52:41.958-0300][85.646s][14000][1836 ][info][gc,stats    ]    Young Subphase: Concurrent Mark Follow                      544.720 / 544.720     108.119 / 580.946     108.119 / 580.946     108.119 / 580.946     ms
[2026-06-26T13:52:41.958-0300][85.646s][14000][1836 ][info][gc,stats    ]    Young Subphase: Concurrent Mark Root Colored                  3.701 / 3.701         2.841 / 8.417         2.841 / 8.417         2.841 / 8.417       ms
[2026-06-26T13:52:41.958-0300][85.646s][14000][1836 ][info][gc,stats    ]    Young Subphase: Concurrent Mark Root Uncolored                5.928 / 5.928         2.971 / 8.011         2.971 / 8.011         2.971 / 8.011       ms
[2026-06-26T13:52:41.958-0300][85.646s][14000][1836 ][info][gc,stats    ]    Young Subphase: Concurrent Mark Roots                         9.673 / 9.673         6.405 / 14.611        6.405 / 14.611        6.405 / 14.611      ms
[2026-06-26T13:52:41.958-0300][85.646s][14000][1836 ][info][gc,stats    ]    Young Subphase: Concurrent Relocate Remset FP               207.808 / 207.808      15.768 / 207.808      15.768 / 207.808      15.768 / 207.808     ms
[2026-06-26T13:52:41.958-0300][85.646s][14000][1836 ][info][gc,stats    ]    Young Subphase: Concurrent Roots ClassLoaderDataGraph         0.341 / 0.341         0.780 / 1.958         0.780 / 1.958         0.780 / 1.958       ms
[2026-06-26T13:52:41.958-0300][85.646s][14000][1836 ][info][gc,stats    ]    Young Subphase: Concurrent Roots CodeCache                    5.742 / 5.742         2.760 / 7.012         2.760 / 7.012         2.760 / 7.012       ms
[2026-06-26T13:52:41.958-0300][85.646s][14000][1836 ][info][gc,stats    ]    Young Subphase: Concurrent Roots JavaThreads                  0.095 / 0.185         0.106 / 3.718         0.106 / 3.718         0.106 / 3.718       ms
[2026-06-26T13:52:41.958-0300][85.646s][14000][1836 ][info][gc,stats    ]    Young Subphase: Concurrent Roots OopStorageSet                0.028 / 0.028         0.064 / 1.987         0.064 / 1.987         0.064 / 1.987       ms
[2026-06-26T13:52:41.958-0300][85.646s][14000][1836 ][info][gc,stats    ]    Young Subphase: Concurrent Weak Roots OopStorageSet           3.330 / 3.330         1.994 / 7.905         1.994 / 7.905         1.994 / 7.905       ms
[2026-06-26T13:52:41.958-0300][85.646s][14000][1836 ][info][gc,stats    ] =========================================================================================================================================================
[2026-06-26T13:52:41.959-0300][85.647s][14000][7988 ][info][gc,exit     ] Heap
[2026-06-26T13:52:41.959-0300][85.647s][14000][7988 ][info][gc,exit     ]  ZHeap           used 2054M, capacity 3072M, max capacity 3072M
[2026-06-26T13:52:41.959-0300][85.647s][14000][7988 ][info][gc,exit     ]   Cache          1018M (9)
[2026-06-26T13:52:41.959-0300][85.647s][14000][7988 ][info][gc,exit     ]    size classes  2M (1), 4M (1), 16M (4), 32M (1), 128M (1), 512M (1)
[2026-06-26T13:52:41.959-0300][85.647s][14000][7988 ][info][gc,exit     ]  Metaspace       used 76343K, committed 78080K, reserved 1179648K
[2026-06-26T13:52:41.959-0300][85.647s][14000][7988 ][info][gc,exit     ]   class space    used 6974K, committed 7808K, reserved 1048576K
