[2026-06-26T13:54:02.775-0300][0.008s][3772][6432][info][gc,init] Initializing The Z Garbage Collector
[2026-06-26T13:54:02.775-0300][0.008s][3772][6432][info][gc,init] Version: 25.0.1+8-LTS (release)
[2026-06-26T13:54:02.775-0300][0.008s][3772][6432][info][gc,init] NUMA Support: Disabled
[2026-06-26T13:54:02.775-0300][0.008s][3772][6432][info][gc,init] CPUs: 12 total, 12 available
[2026-06-26T13:54:02.775-0300][0.008s][3772][6432][info][gc,init] Memory: 32693M
[2026-06-26T13:54:02.775-0300][0.008s][3772][6432][info][gc,init] Large Page Support: Disabled
[2026-06-26T13:54:02.775-0300][0.008s][3772][6432][info][gc,init] Address Space Size: limited (137434287384K)
[2026-06-26T13:54:02.775-0300][0.008s][3772][6432][info][gc,init] Reserved Space Type: Contiguous/Unrestricted/Complete
[2026-06-26T13:54:02.775-0300][0.008s][3772][6432][info][gc,init] Reserved Space Size: 48G
[2026-06-26T13:54:02.775-0300][0.008s][3772][6432][info][gc,init] Min Capacity: 8M
[2026-06-26T13:54:02.775-0300][0.008s][3772][6432][info][gc,init] Initial Capacity: 512M
[2026-06-26T13:54:02.775-0300][0.008s][3772][6432][info][gc,init] Max Capacity: 3072M
[2026-06-26T13:54:02.775-0300][0.008s][3772][6432][info][gc,init] Soft Max Capacity: 3072M
[2026-06-26T13:54:02.775-0300][0.008s][3772][6432][info][gc,init] Page Size Medium: Range [4M, 32M]
[2026-06-26T13:54:02.775-0300][0.008s][3772][6432][info][gc,init] Pre-touch: Disabled
[2026-06-26T13:54:02.775-0300][0.009s][3772][6432][info][gc,init] Uncommit: Enabled
[2026-06-26T13:54:02.775-0300][0.009s][3772][6432][info][gc,init] Uncommit Delay: 300s
[2026-06-26T13:54:02.775-0300][0.009s][3772][6432][info][gc,init] GC Workers for Old Generation: 3 (dynamic)
[2026-06-26T13:54:02.775-0300][0.009s][3772][6432][info][gc,init] GC Workers for Young Generation: 3 (dynamic)
[2026-06-26T13:54:02.787-0300][0.018s][3772][6432][info][gc,init] GC Workers Max: 3 (dynamic)
[2026-06-26T13:54:02.787-0300][0.018s][3772][6432][info][gc,init] Runtime Workers: 8
[2026-06-26T13:54:02.787-0300][0.019s][3772][6432][info][gc     ] Using The Z Garbage Collector
[2026-06-26T13:54:02.793-0300][0.024s][3772][6432][info][gc,metaspace] CDS archive(s) mapped at: [0x000000002c000000-0x000000002cd20000-0x000000002cd20000), size 13762560, SharedBaseAddress: 0x000000002c000000, ArchiveRelocationMode: 1.
[2026-06-26T13:54:02.793-0300][0.024s][3772][6432][info][gc,metaspace] Compressed class space mapped at: 0x000000002d000000-0x000000006d000000, reserved size: 1073741824
[2026-06-26T13:54:02.793-0300][0.024s][3772][6432][info][gc,metaspace] UseCompressedClassPointers 1, UseCompactObjectHeaders 0
[2026-06-26T13:54:02.793-0300][0.024s][3772][6432][info][gc,metaspace] Narrow klass pointer bits 32, Max shift 3
[2026-06-26T13:54:02.793-0300][0.024s][3772][6432][info][gc,metaspace] Narrow klass base: 0x000000002c000000, Narrow klass shift: 0
[2026-06-26T13:54:02.793-0300][0.024s][3772][6432][info][gc,metaspace] Encoding Range: [0x000000002c000000 - 0x000000012c000000), (4294967296 bytes)
[2026-06-26T13:54:02.793-0300][0.024s][3772][6432][info][gc,metaspace] Klass Range:    [0x000000002c010000 - 0x000000006d000000), (1090453504 bytes)
[2026-06-26T13:54:02.793-0300][0.024s][3772][6432][info][gc,metaspace] Klass ID Range:  [65536 - 1090519033) (1090453497)
[2026-06-26T13:54:02.793-0300][0.024s][3772][6432][info][gc,metaspace] Protection zone: [0x000000002c000000 - 0x000000002c010000), (65536 bytes)
[2026-06-26T13:54:04.195-0300][1.422s][3772][8616][info][gc          ] GC(0) Major Collection (Metadata GC Threshold)
[2026-06-26T13:54:04.195-0300][1.422s][3772][8616][info][gc,task     ] GC(0) Using 1 Workers for Young Generation
[2026-06-26T13:54:04.195-0300][1.422s][3772][8616][info][gc,task     ] GC(0) Using 1 Workers for Old Generation
[2026-06-26T13:54:04.195-0300][1.422s][3772][8616][info][gc,phases   ] GC(0) Y: Young Generation
[2026-06-26T13:54:04.195-0300][1.422s][3772][1692][info][gc,phases   ] GC(0) Y: Pause Mark Start (Major) 0.010ms
[2026-06-26T13:54:04.212-0300][1.439s][3772][8616][info][gc,phases   ] GC(0) Y: Concurrent Mark 16.678ms
[2026-06-26T13:54:04.212-0300][1.439s][3772][1692][info][gc,phases   ] GC(0) Y: Pause Mark End 0.015ms
[2026-06-26T13:54:04.212-0300][1.439s][3772][8616][info][gc,phases   ] GC(0) Y: Concurrent Mark Free 0.005ms
[2026-06-26T13:54:04.212-0300][1.439s][3772][8616][info][gc,phases   ] GC(0) Y: Concurrent Reset Relocation Set 0.000ms
[2026-06-26T13:54:04.212-0300][1.439s][3772][8616][info][gc,reloc    ] GC(0) Y: Using tenuring threshold: 1 (Computed)
[2026-06-26T13:54:04.213-0300][1.440s][3772][8616][info][gc,phases   ] GC(0) Y: Concurrent Select Relocation Set 0.561ms
[2026-06-26T13:54:04.213-0300][1.440s][3772][1692][info][gc,phases   ] GC(0) Y: Pause Relocate Start 0.008ms
[2026-06-26T13:54:04.222-0300][1.449s][3772][8616][info][gc,phases   ] GC(0) Y: Concurrent Relocate 9.544ms
[2026-06-26T13:54:04.223-0300][1.449s][3772][8616][info][gc,alloc    ] GC(0) Y:                         Mark Start        Mark End      Relocate Start    Relocate End   
[2026-06-26T13:54:04.223-0300][1.449s][3772][8616][info][gc,alloc    ] GC(0) Y: Allocation Stalls:          0                0                0                0         
[2026-06-26T13:54:04.223-0300][1.449s][3772][8616][info][gc,load     ] GC(0) Y: Load: 0.00 (0%) / 0.00 (0%) / 0.00 (0%)
[2026-06-26T13:54:04.223-0300][1.450s][3772][8616][info][gc,mmu      ] GC(0) Y: MMU: 2ms/98.8%, 5ms/99.5%, 10ms/99.8%, 20ms/99.8%, 50ms/99.9%, 100ms/100.0%
[2026-06-26T13:54:04.223-0300][1.450s][3772][8616][info][gc,marking  ] GC(0) Y: Mark: 1 stripe(s), 2 proactive flush(es), 1 terminate flush(es), 0 completion(s), 0 continuation(s) 
[2026-06-26T13:54:04.223-0300][1.450s][3772][8616][info][gc,nmethod  ] GC(0) Y: NMethods: 3248 registered, 0 unregistered
[2026-06-26T13:54:04.223-0300][1.450s][3772][8616][info][gc,metaspace] GC(0) Y: Metaspace: 21M used, 21M committed, 1088M reserved
[2026-06-26T13:54:04.223-0300][1.450s][3772][8616][info][gc,reloc    ] GC(0) Y:                        Candidates     Selected     In-Place         Size        Empty    Relocated 
[2026-06-26T13:54:04.223-0300][1.450s][3772][8616][info][gc,reloc    ] GC(0) Y: Small Pages:                   38           31            0          76M           0M           5M 
[2026-06-26T13:54:04.223-0300][1.450s][3772][8616][info][gc,reloc    ] GC(0) Y: Medium Pages:                   1            0            0          32M           0M           0M 
[2026-06-26T13:54:04.223-0300][1.450s][3772][8616][info][gc,reloc    ] GC(0) Y: Large Pages:                    0            0            0           0M           0M           0M 
[2026-06-26T13:54:04.223-0300][1.450s][3772][8616][info][gc,reloc    ] GC(0) Y: Forwarding Usage: 2M
[2026-06-26T13:54:04.223-0300][1.450s][3772][8616][info][gc,reloc    ] GC(0) Y: Age Table:
[2026-06-26T13:54:04.223-0300][1.450s][3772][8616][info][gc,reloc    ] GC(0) Y:                    Live             Garbage             Small              Medium             Large        
[2026-06-26T13:54:04.223-0300][1.450s][3772][8616][info][gc,reloc    ] GC(0) Y: Eden              13M (0%)           94M (3%)          38 / 31             1 / 0              0 / 0        
[2026-06-26T13:54:04.223-0300][1.450s][3772][8616][info][gc,heap     ] GC(0) Y: Min Capacity: 8M(0%)
[2026-06-26T13:54:04.223-0300][1.450s][3772][8616][info][gc,heap     ] GC(0) Y: Max Capacity: 3072M(100%)
[2026-06-26T13:54:04.223-0300][1.450s][3772][8616][info][gc,heap     ] GC(0) Y: Soft Max Capacity: 3072M(100%)
[2026-06-26T13:54:04.223-0300][1.450s][3772][8616][info][gc,heap     ] GC(0) Y: Heap Statistics:
[2026-06-26T13:54:04.223-0300][1.450s][3772][8616][info][gc,heap     ] GC(0) Y:                Mark Start          Mark End        Relocate Start      Relocate End           High               Low         
[2026-06-26T13:54:04.223-0300][1.450s][3772][8616][info][gc,heap     ] GC(0) Y:  Capacity:      512M (17%)         512M (17%)         512M (17%)         512M (17%)         512M (17%)         512M (17%)    
[2026-06-26T13:54:04.223-0300][1.450s][3772][8616][info][gc,heap     ] GC(0) Y:      Free:     2964M (96%)        2960M (96%)        2960M (96%)        3018M (98%)        3018M (98%)        2956M (96%)    
[2026-06-26T13:54:04.223-0300][1.450s][3772][8616][info][gc,heap     ] GC(0) Y:      Used:      108M (4%)          112M (4%)          112M (4%)           54M (2%)          116M (4%)           54M (2%)     
[2026-06-26T13:54:04.223-0300][1.450s][3772][8616][info][gc,heap     ] GC(0) Y: Young Generation Statistics:
[2026-06-26T13:54:04.223-0300][1.450s][3772][8616][info][gc,heap     ] GC(0) Y:                Mark Start          Mark End        Relocate Start      Relocate End    
[2026-06-26T13:54:04.223-0300][1.450s][3772][8616][info][gc,heap     ] GC(0) Y:      Used:      108M (4%)          112M (4%)          112M (4%)           54M (2%)     
[2026-06-26T13:54:04.223-0300][1.450s][3772][8616][info][gc,heap     ] GC(0) Y:      Live:         -                13M (0%)           13M (0%)           13M (0%)     
[2026-06-26T13:54:04.223-0300][1.450s][3772][8616][info][gc,heap     ] GC(0) Y:   Garbage:         -                94M (3%)           94M (3%)           30M (1%)     
[2026-06-26T13:54:04.223-0300][1.450s][3772][8616][info][gc,heap     ] GC(0) Y: Allocated:         -                 4M (0%)            4M (0%)            9M (0%)     
[2026-06-26T13:54:04.223-0300][1.450s][3772][8616][info][gc,heap     ] GC(0) Y: Reclaimed:         -                  -                 0M (0%)           63M (2%)     
[2026-06-26T13:54:04.223-0300][1.450s][3772][8616][info][gc,heap     ] GC(0) Y:  Promoted:         -                  -                 0M (0%)            0M (0%)     
[2026-06-26T13:54:04.223-0300][1.450s][3772][8616][info][gc,heap     ] GC(0) Y: Compacted:         -                  -                  -                 6M (0%)     
[2026-06-26T13:54:04.223-0300][1.450s][3772][8616][info][gc,phases   ] GC(0) Y: Young Generation 108M(4%)->54M(2%) 0.027s
[2026-06-26T13:54:04.223-0300][1.450s][3772][8616][info][gc,phases   ] GC(0) O: Old Generation
[2026-06-26T13:54:04.223-0300][1.450s][3772][8616][info][gc,phases   ] GC(0) O: Concurrent Mark 0.350ms
[2026-06-26T13:54:04.223-0300][1.450s][3772][1692][info][gc,phases   ] GC(0) O: Pause Mark End 0.011ms
[2026-06-26T13:54:04.224-0300][1.450s][3772][8616][info][gc,phases   ] GC(0) O: Concurrent Mark Free 0.001ms
[2026-06-26T13:54:04.229-0300][1.456s][3772][8616][info][gc,phases   ] GC(0) O: Concurrent Process Non-Strong 5.240ms
[2026-06-26T13:54:04.229-0300][1.456s][3772][8616][info][gc,phases   ] GC(0) O: Concurrent Reset Relocation Set 0.000ms
[2026-06-26T13:54:04.229-0300][1.456s][3772][8616][info][gc,phases   ] GC(0) O: Concurrent Select Relocation Set 0.262ms
[2026-06-26T13:54:04.229-0300][1.456s][3772][8616][info][gc,task     ] GC(0) O: Using 2 Workers for Old Generation
[2026-06-26T13:54:04.230-0300][1.457s][3772][8616][info][gc,task     ] GC(0) O: Using 1 Workers for Old Generation
[2026-06-26T13:54:04.230-0300][1.457s][3772][8616][info][gc,phases   ] GC(0) O: Concurrent Remap Roots 0.816ms
[2026-06-26T13:54:04.230-0300][1.457s][3772][1692][info][gc,phases   ] GC(0) O: Pause Relocate Start 0.012ms
[2026-06-26T13:54:04.230-0300][1.457s][3772][8616][info][gc,phases   ] GC(0) O: Concurrent Relocate 0.047ms
[2026-06-26T13:54:04.230-0300][1.457s][3772][8616][info][gc,alloc    ] GC(0) O:                         Mark Start        Mark End      Relocate Start    Relocate End   
[2026-06-26T13:54:04.230-0300][1.457s][3772][8616][info][gc,alloc    ] GC(0) O: Allocation Stalls:          0                0                0                0         
[2026-06-26T13:54:04.230-0300][1.457s][3772][8616][info][gc,load     ] GC(0) O: Load: 0.00 (0%) / 0.00 (0%) / 0.00 (0%)
[2026-06-26T13:54:04.230-0300][1.457s][3772][8616][info][gc,mmu      ] GC(0) O: MMU: 2ms/98.8%, 5ms/99.5%, 10ms/99.8%, 20ms/99.8%, 50ms/99.9%, 100ms/99.9%
[2026-06-26T13:54:04.230-0300][1.457s][3772][8616][info][gc,marking  ] GC(0) O: Mark: 1 stripe(s), 1 proactive flush(es), 1 terminate flush(es), 0 completion(s), 0 continuation(s) 
[2026-06-26T13:54:04.230-0300][1.457s][3772][8616][info][gc,nmethod  ] GC(0) O: NMethods: 2929 registered, 344 unregistered
[2026-06-26T13:54:04.230-0300][1.457s][3772][8616][info][gc,metaspace] GC(0) O: Metaspace: 21M used, 21M committed, 1088M reserved
[2026-06-26T13:54:04.230-0300][1.457s][3772][8616][info][gc,ref      ] GC(0) O:                       Encountered   Discovered     Enqueued 
[2026-06-26T13:54:04.230-0300][1.457s][3772][8616][info][gc,ref      ] GC(0) O: Soft References:             2984            0            0 
[2026-06-26T13:54:04.230-0300][1.457s][3772][8616][info][gc,ref      ] GC(0) O: Weak References:             3617            0            0 
[2026-06-26T13:54:04.230-0300][1.457s][3772][8616][info][gc,ref      ] GC(0) O: Final References:               8            0            0 
[2026-06-26T13:54:04.230-0300][1.457s][3772][8616][info][gc,ref      ] GC(0) O: Phantom References:          1215            0            0 
[2026-06-26T13:54:04.230-0300][1.457s][3772][8616][info][gc,heap     ] GC(0) O: Min Capacity: 8M(0%)
[2026-06-26T13:54:04.230-0300][1.457s][3772][8616][info][gc,heap     ] GC(0) O: Max Capacity: 3072M(100%)
[2026-06-26T13:54:04.230-0300][1.457s][3772][8616][info][gc,heap     ] GC(0) O: Soft Max Capacity: 3072M(100%)
[2026-06-26T13:54:04.230-0300][1.457s][3772][8616][info][gc,heap     ] GC(0) O: Heap Statistics:
[2026-06-26T13:54:04.230-0300][1.457s][3772][8616][info][gc,heap     ] GC(0) O:                Mark Start          Mark End        Relocate Start      Relocate End           High               Low         
[2026-06-26T13:54:04.230-0300][1.457s][3772][8616][info][gc,heap     ] GC(0) O:  Capacity:      512M (17%)         512M (17%)         512M (17%)         512M (17%)         512M (17%)         512M (17%)    
[2026-06-26T13:54:04.230-0300][1.457s][3772][8616][info][gc,heap     ] GC(0) O:      Free:     2964M (96%)        3018M (98%)        3018M (98%)        3018M (98%)        3018M (98%)        2956M (96%)    
[2026-06-26T13:54:04.230-0300][1.457s][3772][8616][info][gc,heap     ] GC(0) O:      Used:      108M (4%)           54M (2%)           54M (2%)           54M (2%)          116M (4%)           54M (2%)     
[2026-06-26T13:54:04.230-0300][1.457s][3772][8616][info][gc,heap     ] GC(0) O: Old Generation Statistics:
[2026-06-26T13:54:04.230-0300][1.457s][3772][8616][info][gc,heap     ] GC(0) O:                Mark Start          Mark End        Relocate Start      Relocate End    
[2026-06-26T13:54:04.230-0300][1.457s][3772][8616][info][gc,heap     ] GC(0) O:      Used:        0M (0%)            0M (0%)            0M (0%)            0M (0%)     
[2026-06-26T13:54:04.230-0300][1.457s][3772][8616][info][gc,heap     ] GC(0) O:      Live:         -                 0M (0%)            0M (0%)            0M (0%)     
[2026-06-26T13:54:04.230-0300][1.457s][3772][8616][info][gc,heap     ] GC(0) O:   Garbage:         -                 0M (0%)            0M (0%)            0M (0%)     
[2026-06-26T13:54:04.230-0300][1.457s][3772][8616][info][gc,heap     ] GC(0) O: Allocated:         -                 0M (0%)            0M (0%)            0M (0%)     
[2026-06-26T13:54:04.230-0300][1.457s][3772][8616][info][gc,heap     ] GC(0) O: Reclaimed:         -                  -                 0M (0%)            0M (0%)     
[2026-06-26T13:54:04.230-0300][1.457s][3772][8616][info][gc,heap     ] GC(0) O: Compacted:         -                  -                  -                 0M (0%)     
[2026-06-26T13:54:04.230-0300][1.457s][3772][8616][info][gc,phases   ] GC(0) O: Old Generation 54M(2%)->54M(2%) 0.007s
[2026-06-26T13:54:04.230-0300][1.457s][3772][8616][info][gc          ] GC(0) Major Collection (Metadata GC Threshold) 108M(4%)->54M(2%) 0.035s
[2026-06-26T13:54:07.175-0300][4.402s][3772][8616][info][gc          ] GC(1) Major Collection (Warmup)
[2026-06-26T13:54:07.175-0300][4.402s][3772][8616][info][gc,task     ] GC(1) Using 3 Workers for Young Generation
[2026-06-26T13:54:07.175-0300][4.402s][3772][8616][info][gc,task     ] GC(1) Using 2 Workers for Old Generation
[2026-06-26T13:54:07.175-0300][4.402s][3772][8616][info][gc,phases   ] GC(1) Y: Young Generation
[2026-06-26T13:54:07.175-0300][4.402s][3772][1692][info][gc,phases   ] GC(1) Y: Pause Mark Start (Major) 0.010ms
[2026-06-26T13:54:07.203-0300][4.430s][3772][8616][info][gc,phases   ] GC(1) Y: Concurrent Mark 27.588ms
[2026-06-26T13:54:07.203-0300][4.430s][3772][1692][info][gc,phases   ] GC(1) Y: Pause Mark End 0.012ms
[2026-06-26T13:54:07.203-0300][4.430s][3772][8616][info][gc,phases   ] GC(1) Y: Concurrent Mark Free 0.005ms
[2026-06-26T13:54:07.203-0300][4.430s][3772][8616][info][gc,phases   ] GC(1) Y: Concurrent Reset Relocation Set 0.002ms
[2026-06-26T13:54:07.203-0300][4.430s][3772][8616][info][gc,reloc    ] GC(1) Y: Using tenuring threshold: 2 (Computed)
[2026-06-26T13:54:07.205-0300][4.432s][3772][8616][info][gc,phases   ] GC(1) Y: Concurrent Select Relocation Set 2.042ms
[2026-06-26T13:54:07.205-0300][4.432s][3772][1692][info][gc,phases   ] GC(1) Y: Pause Relocate Start 0.005ms
[2026-06-26T13:54:07.217-0300][4.444s][3772][8616][info][gc,phases   ] GC(1) Y: Concurrent Relocate 12.211ms
[2026-06-26T13:54:07.217-0300][4.444s][3772][8616][info][gc,alloc    ] GC(1) Y:                         Mark Start        Mark End      Relocate Start    Relocate End   
[2026-06-26T13:54:07.217-0300][4.444s][3772][8616][info][gc,alloc    ] GC(1) Y: Allocation Stalls:          0                0                0                0         
[2026-06-26T13:54:07.217-0300][4.444s][3772][8616][info][gc,load     ] GC(1) Y: Load: 0.00 (0%) / 0.00 (0%) / 0.00 (0%)
[2026-06-26T13:54:07.217-0300][4.444s][3772][8616][info][gc,mmu      ] GC(1) Y: MMU: 2ms/98.8%, 5ms/99.5%, 10ms/99.8%, 20ms/99.8%, 50ms/99.9%, 100ms/99.9%
[2026-06-26T13:54:07.217-0300][4.444s][3772][8616][info][gc,marking  ] GC(1) Y: Mark: 2 stripe(s), 7 proactive flush(es), 1 terminate flush(es), 0 completion(s), 0 continuation(s) 
[2026-06-26T13:54:07.217-0300][4.444s][3772][8616][info][gc,nmethod  ] GC(1) Y: NMethods: 3763 registered, 344 unregistered
[2026-06-26T13:54:07.217-0300][4.444s][3772][8616][info][gc,metaspace] GC(1) Y: Metaspace: 25M used, 26M committed, 1088M reserved
[2026-06-26T13:54:07.217-0300][4.444s][3772][8616][info][gc,reloc    ] GC(1) Y:                        Candidates     Selected     In-Place         Size        Empty    Relocated 
[2026-06-26T13:54:07.217-0300][4.444s][3772][8616][info][gc,reloc    ] GC(1) Y: Small Pages:                  122           93            0         244M          22M          17M 
[2026-06-26T13:54:07.217-0300][4.444s][3772][8616][info][gc,reloc    ] GC(1) Y: Medium Pages:                   2            1            0          64M           0M           2M 
[2026-06-26T13:54:07.217-0300][4.444s][3772][8616][info][gc,reloc    ] GC(1) Y: Large Pages:                    0            0            0           0M           0M           0M 
[2026-06-26T13:54:07.218-0300][4.444s][3772][8616][info][gc,reloc    ] GC(1) Y: Forwarding Usage: 9M
[2026-06-26T13:54:07.218-0300][4.444s][3772][8616][info][gc,reloc    ] GC(1) Y: Age Table:
[2026-06-26T13:54:07.218-0300][4.444s][3772][8616][info][gc,reloc    ] GC(1) Y:                    Live             Garbage             Small              Medium             Large        
[2026-06-26T13:54:07.218-0300][4.444s][3772][8616][info][gc,reloc    ] GC(1) Y: Eden              21M (1%)          236M (8%)         113 / 91             1 / 0              0 / 0        
[2026-06-26T13:54:07.218-0300][4.444s][3772][8616][info][gc,reloc    ] GC(1) Y: Survivor 1        13M (0%)           36M (1%)           9 / 2              1 / 1              0 / 0        
[2026-06-26T13:54:07.218-0300][4.444s][3772][8616][info][gc,heap     ] GC(1) Y: Min Capacity: 8M(0%)
[2026-06-26T13:54:07.218-0300][4.444s][3772][8616][info][gc,heap     ] GC(1) Y: Max Capacity: 3072M(100%)
[2026-06-26T13:54:07.218-0300][4.444s][3772][8616][info][gc,heap     ] GC(1) Y: Soft Max Capacity: 3072M(100%)
[2026-06-26T13:54:07.218-0300][4.444s][3772][8616][info][gc,heap     ] GC(1) Y: Heap Statistics:
[2026-06-26T13:54:07.218-0300][4.444s][3772][8616][info][gc,heap     ] GC(1) Y:                Mark Start          Mark End        Relocate Start      Relocate End           High               Low         
[2026-06-26T13:54:07.218-0300][4.444s][3772][8616][info][gc,heap     ] GC(1) Y:  Capacity:      512M (17%)         512M (17%)         512M (17%)         512M (17%)         512M (17%)         512M (17%)    
[2026-06-26T13:54:07.218-0300][4.444s][3772][8616][info][gc,heap     ] GC(1) Y:      Free:     2764M (90%)        2760M (90%)        2782M (91%)        2940M (96%)        2940M (96%)        2704M (88%)    
[2026-06-26T13:54:07.218-0300][4.444s][3772][8616][info][gc,heap     ] GC(1) Y:      Used:      308M (10%)         312M (10%)         290M (9%)          132M (4%)          368M (12%)         132M (4%)     
[2026-06-26T13:54:07.218-0300][4.444s][3772][8616][info][gc,heap     ] GC(1) Y: Young Generation Statistics:
[2026-06-26T13:54:07.218-0300][4.444s][3772][8616][info][gc,heap     ] GC(1) Y:                Mark Start          Mark End        Relocate Start      Relocate End    
[2026-06-26T13:54:07.218-0300][4.444s][3772][8616][info][gc,heap     ] GC(1) Y:      Used:      308M (10%)         312M (10%)         290M (9%)          132M (4%)     
[2026-06-26T13:54:07.218-0300][4.444s][3772][8616][info][gc,heap     ] GC(1) Y:      Live:         -                35M (1%)           35M (1%)           35M (1%)     
[2026-06-26T13:54:07.218-0300][4.444s][3772][8616][info][gc,heap     ] GC(1) Y:   Garbage:         -               272M (9%)          250M (8%)            1M (0%)     
[2026-06-26T13:54:07.218-0300][4.444s][3772][8616][info][gc,heap     ] GC(1) Y: Allocated:         -                 4M (0%)            4M (0%)           95M (3%)     
[2026-06-26T13:54:07.218-0300][4.444s][3772][8616][info][gc,heap     ] GC(1) Y: Reclaimed:         -                  -                22M (1%)          271M (9%)     
[2026-06-26T13:54:07.218-0300][4.444s][3772][8616][info][gc,heap     ] GC(1) Y:  Promoted:         -                  -                 0M (0%)            0M (0%)     
[2026-06-26T13:54:07.218-0300][4.444s][3772][8616][info][gc,heap     ] GC(1) Y: Compacted:         -                  -                  -                24M (1%)     
[2026-06-26T13:54:07.218-0300][4.445s][3772][8616][info][gc,phases   ] GC(1) Y: Young Generation 308M(10%)->132M(4%) 0.042s
[2026-06-26T13:54:07.218-0300][4.445s][3772][8616][info][gc,phases   ] GC(1) O: Old Generation
[2026-06-26T13:54:07.218-0300][4.445s][3772][8616][info][gc,phases   ] GC(1) O: Concurrent Mark 0.314ms
[2026-06-26T13:54:07.218-0300][4.445s][3772][1692][info][gc,phases   ] GC(1) O: Pause Mark End 0.013ms
[2026-06-26T13:54:07.218-0300][4.445s][3772][8616][info][gc,phases   ] GC(1) O: Concurrent Mark Free 0.001ms
[2026-06-26T13:54:07.221-0300][4.448s][3772][8616][info][gc,phases   ] GC(1) O: Concurrent Process Non-Strong 3.232ms
[2026-06-26T13:54:07.221-0300][4.448s][3772][8616][info][gc,phases   ] GC(1) O: Concurrent Reset Relocation Set 0.000ms
[2026-06-26T13:54:07.221-0300][4.448s][3772][8616][info][gc,phases   ] GC(1) O: Concurrent Select Relocation Set 0.066ms
[2026-06-26T13:54:07.221-0300][4.448s][3772][8616][info][gc,task     ] GC(1) O: Using 3 Workers for Old Generation
[2026-06-26T13:54:07.222-0300][4.449s][3772][8616][info][gc,task     ] GC(1) O: Using 2 Workers for Old Generation
[2026-06-26T13:54:07.222-0300][4.449s][3772][8616][info][gc,phases   ] GC(1) O: Concurrent Remap Roots 0.937ms
[2026-06-26T13:54:07.222-0300][4.449s][3772][1692][info][gc,phases   ] GC(1) O: Pause Relocate Start 0.008ms
[2026-06-26T13:54:07.223-0300][4.449s][3772][8616][info][gc,phases   ] GC(1) O: Concurrent Relocate 0.043ms
[2026-06-26T13:54:07.223-0300][4.449s][3772][8616][info][gc,alloc    ] GC(1) O:                         Mark Start        Mark End      Relocate Start    Relocate End   
[2026-06-26T13:54:07.223-0300][4.449s][3772][8616][info][gc,alloc    ] GC(1) O: Allocation Stalls:          0                0                0                0         
[2026-06-26T13:54:07.223-0300][4.449s][3772][8616][info][gc,load     ] GC(1) O: Load: 0.00 (0%) / 0.00 (0%) / 0.00 (0%)
[2026-06-26T13:54:07.223-0300][4.449s][3772][8616][info][gc,mmu      ] GC(1) O: MMU: 2ms/98.8%, 5ms/99.5%, 10ms/99.8%, 20ms/99.8%, 50ms/99.9%, 100ms/99.9%
[2026-06-26T13:54:07.223-0300][4.449s][3772][8616][info][gc,marking  ] GC(1) O: Mark: 2 stripe(s), 1 proactive flush(es), 1 terminate flush(es), 0 completion(s), 0 continuation(s) 
[2026-06-26T13:54:07.223-0300][4.449s][3772][8616][info][gc,nmethod  ] GC(1) O: NMethods: 3483 registered, 624 unregistered
[2026-06-26T13:54:07.223-0300][4.449s][3772][8616][info][gc,metaspace] GC(1) O: Metaspace: 25M used, 26M committed, 1088M reserved
[2026-06-26T13:54:07.223-0300][4.449s][3772][8616][info][gc,ref      ] GC(1) O:                       Encountered   Discovered     Enqueued 
[2026-06-26T13:54:07.223-0300][4.449s][3772][8616][info][gc,ref      ] GC(1) O: Soft References:             3124            0            0 
[2026-06-26T13:54:07.223-0300][4.449s][3772][8616][info][gc,ref      ] GC(1) O: Weak References:             6469            0            0 
[2026-06-26T13:54:07.223-0300][4.449s][3772][8616][info][gc,ref      ] GC(1) O: Final References:               8            0            0 
[2026-06-26T13:54:07.223-0300][4.449s][3772][8616][info][gc,ref      ] GC(1) O: Phantom References:          3889            0            0 
[2026-06-26T13:54:07.223-0300][4.450s][3772][8616][info][gc,heap     ] GC(1) O: Min Capacity: 8M(0%)
[2026-06-26T13:54:07.223-0300][4.450s][3772][8616][info][gc,heap     ] GC(1) O: Max Capacity: 3072M(100%)
[2026-06-26T13:54:07.223-0300][4.450s][3772][8616][info][gc,heap     ] GC(1) O: Soft Max Capacity: 3072M(100%)
[2026-06-26T13:54:07.223-0300][4.450s][3772][8616][info][gc,heap     ] GC(1) O: Heap Statistics:
[2026-06-26T13:54:07.223-0300][4.450s][3772][8616][info][gc,heap     ] GC(1) O:                Mark Start          Mark End        Relocate Start      Relocate End           High               Low         
[2026-06-26T13:54:07.223-0300][4.450s][3772][8616][info][gc,heap     ] GC(1) O:  Capacity:      512M (17%)         512M (17%)         512M (17%)         512M (17%)         512M (17%)         512M (17%)    
[2026-06-26T13:54:07.223-0300][4.450s][3772][8616][info][gc,heap     ] GC(1) O:      Free:     2764M (90%)        2940M (96%)        2940M (96%)        2940M (96%)        2940M (96%)        2704M (88%)    
[2026-06-26T13:54:07.223-0300][4.450s][3772][8616][info][gc,heap     ] GC(1) O:      Used:      308M (10%)         132M (4%)          132M (4%)          132M (4%)          368M (12%)         132M (4%)     
[2026-06-26T13:54:07.223-0300][4.450s][3772][8616][info][gc,heap     ] GC(1) O: Old Generation Statistics:
[2026-06-26T13:54:07.223-0300][4.450s][3772][8616][info][gc,heap     ] GC(1) O:                Mark Start          Mark End        Relocate Start      Relocate End    
[2026-06-26T13:54:07.223-0300][4.450s][3772][8616][info][gc,heap     ] GC(1) O:      Used:        0M (0%)            0M (0%)            0M (0%)            0M (0%)     
[2026-06-26T13:54:07.223-0300][4.450s][3772][8616][info][gc,heap     ] GC(1) O:      Live:         -                 0M (0%)            0M (0%)            0M (0%)     
[2026-06-26T13:54:07.223-0300][4.450s][3772][8616][info][gc,heap     ] GC(1) O:   Garbage:         -                 0M (0%)            0M (0%)            0M (0%)     
[2026-06-26T13:54:07.223-0300][4.450s][3772][8616][info][gc,heap     ] GC(1) O: Allocated:         -                 0M (0%)            0M (0%)            0M (0%)     
[2026-06-26T13:54:07.223-0300][4.450s][3772][8616][info][gc,heap     ] GC(1) O: Reclaimed:         -                  -                 0M (0%)            0M (0%)     
[2026-06-26T13:54:07.223-0300][4.450s][3772][8616][info][gc,heap     ] GC(1) O: Compacted:         -                  -                  -                 0M (0%)     
[2026-06-26T13:54:07.223-0300][4.450s][3772][8616][info][gc,phases   ] GC(1) O: Old Generation 132M(4%)->132M(4%) 0.005s
[2026-06-26T13:54:07.223-0300][4.450s][3772][8616][info][gc          ] GC(1) Major Collection (Warmup) 308M(10%)->132M(4%) 0.048s
[2026-06-26T13:54:09.423-0300][6.650s][3772][8616][info][gc          ] GC(2) Major Collection (Warmup)
[2026-06-26T13:54:09.423-0300][6.650s][3772][8616][info][gc,task     ] GC(2) Using 3 Workers for Young Generation
[2026-06-26T13:54:09.423-0300][6.650s][3772][8616][info][gc,task     ] GC(2) Using 1 Workers for Old Generation
[2026-06-26T13:54:09.423-0300][6.650s][3772][8616][info][gc,phases   ] GC(2) Y: Young Generation
[2026-06-26T13:54:09.423-0300][6.650s][3772][1692][info][gc,phases   ] GC(2) Y: Pause Mark Start (Major) 0.010ms
[2026-06-26T13:54:09.550-0300][6.777s][3772][8616][info][gc,phases   ] GC(2) Y: Concurrent Mark 126.818ms
[2026-06-26T13:54:09.550-0300][6.777s][3772][1692][info][gc,phases   ] GC(2) Y: Pause Mark End 0.011ms
[2026-06-26T13:54:09.550-0300][6.777s][3772][8616][info][gc,phases   ] GC(2) Y: Concurrent Mark Free 0.002ms
[2026-06-26T13:54:09.550-0300][6.777s][3772][8616][info][gc,phases   ] GC(2) Y: Concurrent Reset Relocation Set 0.004ms
[2026-06-26T13:54:09.550-0300][6.777s][3772][8616][info][gc,reloc    ] GC(2) Y: Using tenuring threshold: 3 (Computed)
[2026-06-26T13:54:09.553-0300][6.780s][3772][8616][info][gc,phases   ] GC(2) Y: Concurrent Select Relocation Set 2.695ms
[2026-06-26T13:54:09.553-0300][6.780s][3772][1692][info][gc,phases   ] GC(2) Y: Pause Relocate Start 0.006ms
[2026-06-26T13:54:09.567-0300][6.794s][3772][8616][info][gc,phases   ] GC(2) Y: Concurrent Relocate 14.661ms
[2026-06-26T13:54:09.567-0300][6.794s][3772][8616][info][gc,alloc    ] GC(2) Y:                         Mark Start        Mark End      Relocate Start    Relocate End   
[2026-06-26T13:54:09.567-0300][6.794s][3772][8616][info][gc,alloc    ] GC(2) Y: Allocation Stalls:          0                0                0                0         
[2026-06-26T13:54:09.567-0300][6.794s][3772][8616][info][gc,load     ] GC(2) Y: Load: 0.00 (0%) / 0.00 (0%) / 0.00 (0%)
[2026-06-26T13:54:09.567-0300][6.794s][3772][8616][info][gc,mmu      ] GC(2) Y: MMU: 2ms/98.8%, 5ms/99.5%, 10ms/99.8%, 20ms/99.8%, 50ms/99.9%, 100ms/99.9%
[2026-06-26T13:54:09.567-0300][6.794s][3772][8616][info][gc,marking  ] GC(2) Y: Mark: 2 stripe(s), 10 proactive flush(es), 1 terminate flush(es), 0 completion(s), 0 continuation(s) 
[2026-06-26T13:54:09.567-0300][6.794s][3772][8616][info][gc,nmethod  ] GC(2) Y: NMethods: 4406 registered, 624 unregistered
[2026-06-26T13:54:09.567-0300][6.794s][3772][8616][info][gc,metaspace] GC(2) Y: Metaspace: 31M used, 32M committed, 1088M reserved
[2026-06-26T13:54:09.567-0300][6.795s][3772][8616][info][gc,reloc    ] GC(2) Y:                        Candidates     Selected     In-Place         Size        Empty    Relocated 
[2026-06-26T13:54:09.567-0300][6.795s][3772][8616][info][gc,reloc    ] GC(2) Y: Small Pages:                  262          166            0         524M         128M          24M 
[2026-06-26T13:54:09.567-0300][6.795s][3772][8616][info][gc,reloc    ] GC(2) Y: Medium Pages:                   3            2            0          96M           0M           8M 
[2026-06-26T13:54:09.567-0300][6.795s][3772][8616][info][gc,reloc    ] GC(2) Y: Large Pages:                    0            0            0           0M           0M           0M 
[2026-06-26T13:54:09.567-0300][6.795s][3772][8616][info][gc,reloc    ] GC(2) Y: Forwarding Usage: 12M
[2026-06-26T13:54:09.567-0300][6.795s][3772][8616][info][gc,reloc    ] GC(2) Y: Age Table:
[2026-06-26T13:54:09.567-0300][6.795s][3772][8616][info][gc,reloc    ] GC(2) Y:                    Live             Garbage             Small              Medium             Large        
[2026-06-26T13:54:09.567-0300][6.795s][3772][8616][info][gc,reloc    ] GC(2) Y: Eden              33M (1%)          464M (15%)        233 / 154            1 / 1              0 / 0        
[2026-06-26T13:54:09.567-0300][6.795s][3772][8616][info][gc,reloc    ] GC(2) Y: Survivor 1        20M (1%)           45M (1%)          17 / 7              1 / 0              0 / 0        
[2026-06-26T13:54:09.567-0300][6.795s][3772][8616][info][gc,reloc    ] GC(2) Y: Survivor 2        13M (0%)           42M (1%)          12 / 5              1 / 1              0 / 0        
[2026-06-26T13:54:09.567-0300][6.795s][3772][8616][info][gc,heap     ] GC(2) Y: Min Capacity: 8M(0%)
[2026-06-26T13:54:09.567-0300][6.795s][3772][8616][info][gc,heap     ] GC(2) Y: Max Capacity: 3072M(100%)
[2026-06-26T13:54:09.567-0300][6.795s][3772][8616][info][gc,heap     ] GC(2) Y: Soft Max Capacity: 3072M(100%)
[2026-06-26T13:54:09.567-0300][6.795s][3772][8616][info][gc,heap     ] GC(2) Y: Heap Statistics:
[2026-06-26T13:54:09.567-0300][6.795s][3772][8616][info][gc,heap     ] GC(2) Y:                Mark Start          Mark End        Relocate Start      Relocate End           High               Low         
[2026-06-26T13:54:09.567-0300][6.795s][3772][8616][info][gc,heap     ] GC(2) Y:  Capacity:      620M (20%)         700M (23%)         700M (23%)         764M (25%)         764M (25%)         620M (20%)    
[2026-06-26T13:54:09.567-0300][6.795s][3772][8616][info][gc,heap     ] GC(2) Y:      Free:     2452M (80%)        2372M (77%)        2500M (81%)        2826M (92%)        2826M (92%)        2372M (77%)    
[2026-06-26T13:54:09.567-0300][6.795s][3772][8616][info][gc,heap     ] GC(2) Y:      Used:      620M (20%)         700M (23%)         572M (19%)         246M (8%)          700M (23%)         246M (8%)     
[2026-06-26T13:54:09.567-0300][6.795s][3772][8616][info][gc,heap     ] GC(2) Y: Young Generation Statistics:
[2026-06-26T13:54:09.567-0300][6.795s][3772][8616][info][gc,heap     ] GC(2) Y:                Mark Start          Mark End        Relocate Start      Relocate End    
[2026-06-26T13:54:09.567-0300][6.795s][3772][8616][info][gc,heap     ] GC(2) Y:      Used:      620M (20%)         700M (23%)         572M (19%)         246M (8%)     
[2026-06-26T13:54:09.567-0300][6.795s][3772][8616][info][gc,heap     ] GC(2) Y:      Live:         -                67M (2%)           67M (2%)           67M (2%)     
[2026-06-26T13:54:09.567-0300][6.795s][3772][8616][info][gc,heap     ] GC(2) Y:   Garbage:         -               552M (18%)         424M (14%)           0M (0%)     
[2026-06-26T13:54:09.567-0300][6.795s][3772][8616][info][gc,heap     ] GC(2) Y: Allocated:         -                80M (3%)           80M (3%)          177M (6%)     
[2026-06-26T13:54:09.567-0300][6.795s][3772][8616][info][gc,heap     ] GC(2) Y: Reclaimed:         -                  -               128M (4%)          551M (18%)    
[2026-06-26T13:54:09.567-0300][6.795s][3772][8616][info][gc,heap     ] GC(2) Y:  Promoted:         -                  -                 0M (0%)            0M (0%)     
[2026-06-26T13:54:09.567-0300][6.795s][3772][8616][info][gc,heap     ] GC(2) Y: Compacted:         -                  -                  -                40M (1%)     
[2026-06-26T13:54:09.567-0300][6.795s][3772][8616][info][gc,phases   ] GC(2) Y: Young Generation 620M(20%)->246M(8%) 0.145s
[2026-06-26T13:54:09.567-0300][6.795s][3772][8616][info][gc,phases   ] GC(2) O: Old Generation
[2026-06-26T13:54:09.568-0300][6.795s][3772][8616][info][gc,phases   ] GC(2) O: Concurrent Mark 0.433ms
[2026-06-26T13:54:09.568-0300][6.795s][3772][1692][info][gc,phases   ] GC(2) O: Pause Mark End 0.013ms
[2026-06-26T13:54:09.568-0300][6.795s][3772][8616][info][gc,phases   ] GC(2) O: Concurrent Mark Free 0.001ms
[2026-06-26T13:54:09.575-0300][6.802s][3772][8616][info][gc,phases   ] GC(2) O: Concurrent Process Non-Strong 6.801ms
[2026-06-26T13:54:09.575-0300][6.802s][3772][8616][info][gc,phases   ] GC(2) O: Concurrent Reset Relocation Set 0.000ms
[2026-06-26T13:54:09.575-0300][6.802s][3772][8616][info][gc,phases   ] GC(2) O: Concurrent Select Relocation Set 0.075ms
[2026-06-26T13:54:09.575-0300][6.802s][3772][8616][info][gc,task     ] GC(2) O: Using 3 Workers for Old Generation
[2026-06-26T13:54:09.577-0300][6.804s][3772][8616][info][gc,task     ] GC(2) O: Using 1 Workers for Old Generation
[2026-06-26T13:54:09.577-0300][6.804s][3772][8616][info][gc,phases   ] GC(2) O: Concurrent Remap Roots 1.421ms
[2026-06-26T13:54:09.577-0300][6.804s][3772][1692][info][gc,phases   ] GC(2) O: Pause Relocate Start 0.008ms
[2026-06-26T13:54:09.577-0300][6.804s][3772][8616][info][gc,phases   ] GC(2) O: Concurrent Relocate 0.053ms
[2026-06-26T13:54:09.577-0300][6.804s][3772][8616][info][gc,alloc    ] GC(2) O:                         Mark Start        Mark End      Relocate Start    Relocate End   
[2026-06-26T13:54:09.577-0300][6.804s][3772][8616][info][gc,alloc    ] GC(2) O: Allocation Stalls:          0                0                0                0         
[2026-06-26T13:54:09.577-0300][6.804s][3772][8616][info][gc,load     ] GC(2) O: Load: 0.00 (0%) / 0.00 (0%) / 0.00 (0%)
[2026-06-26T13:54:09.577-0300][6.804s][3772][8616][info][gc,mmu      ] GC(2) O: MMU: 2ms/98.8%, 5ms/99.5%, 10ms/99.8%, 20ms/99.8%, 50ms/99.9%, 100ms/99.9%
[2026-06-26T13:54:09.577-0300][6.804s][3772][8616][info][gc,marking  ] GC(2) O: Mark: 1 stripe(s), 1 proactive flush(es), 1 terminate flush(es), 0 completion(s), 0 continuation(s) 
[2026-06-26T13:54:09.577-0300][6.804s][3772][8616][info][gc,nmethod  ] GC(2) O: NMethods: 4155 registered, 912 unregistered
[2026-06-26T13:54:09.577-0300][6.804s][3772][8616][info][gc,metaspace] GC(2) O: Metaspace: 31M used, 32M committed, 1088M reserved
[2026-06-26T13:54:09.577-0300][6.804s][3772][8616][info][gc,ref      ] GC(2) O:                       Encountered   Discovered     Enqueued 
[2026-06-26T13:54:09.577-0300][6.804s][3772][8616][info][gc,ref      ] GC(2) O: Soft References:             3157            0            0 
[2026-06-26T13:54:09.577-0300][6.804s][3772][8616][info][gc,ref      ] GC(2) O: Weak References:             9650            0            0 
[2026-06-26T13:54:09.577-0300][6.804s][3772][8616][info][gc,ref      ] GC(2) O: Final References:               8            0            0 
[2026-06-26T13:54:09.577-0300][6.804s][3772][8616][info][gc,ref      ] GC(2) O: Phantom References:          7456            0            0 
[2026-06-26T13:54:09.577-0300][6.804s][3772][8616][info][gc,heap     ] GC(2) O: Min Capacity: 8M(0%)
[2026-06-26T13:54:09.577-0300][6.804s][3772][8616][info][gc,heap     ] GC(2) O: Max Capacity: 3072M(100%)
[2026-06-26T13:54:09.577-0300][6.804s][3772][8616][info][gc,heap     ] GC(2) O: Soft Max Capacity: 3072M(100%)
[2026-06-26T13:54:09.577-0300][6.804s][3772][8616][info][gc,heap     ] GC(2) O: Heap Statistics:
[2026-06-26T13:54:09.577-0300][6.804s][3772][8616][info][gc,heap     ] GC(2) O:                Mark Start          Mark End        Relocate Start      Relocate End           High               Low         
[2026-06-26T13:54:09.577-0300][6.804s][3772][8616][info][gc,heap     ] GC(2) O:  Capacity:      620M (20%)         764M (25%)         764M (25%)         764M (25%)         764M (25%)         620M (20%)    
[2026-06-26T13:54:09.577-0300][6.804s][3772][8616][info][gc,heap     ] GC(2) O:      Free:     2452M (80%)        2826M (92%)        2824M (92%)        2824M (92%)        2826M (92%)        2372M (77%)    
[2026-06-26T13:54:09.577-0300][6.804s][3772][8616][info][gc,heap     ] GC(2) O:      Used:      620M (20%)         246M (8%)          248M (8%)          248M (8%)          700M (23%)         246M (8%)     
[2026-06-26T13:54:09.577-0300][6.804s][3772][8616][info][gc,heap     ] GC(2) O: Old Generation Statistics:
[2026-06-26T13:54:09.577-0300][6.804s][3772][8616][info][gc,heap     ] GC(2) O:                Mark Start          Mark End        Relocate Start      Relocate End    
[2026-06-26T13:54:09.577-0300][6.804s][3772][8616][info][gc,heap     ] GC(2) O:      Used:        0M (0%)            0M (0%)            0M (0%)            0M (0%)     
[2026-06-26T13:54:09.577-0300][6.804s][3772][8616][info][gc,heap     ] GC(2) O:      Live:         -                 0M (0%)            0M (0%)            0M (0%)     
[2026-06-26T13:54:09.577-0300][6.804s][3772][8616][info][gc,heap     ] GC(2) O:   Garbage:         -                 0M (0%)            0M (0%)            0M (0%)     
[2026-06-26T13:54:09.577-0300][6.804s][3772][8616][info][gc,heap     ] GC(2) O: Allocated:         -                 0M (0%)            0M (0%)            0M (0%)     
[2026-06-26T13:54:09.577-0300][6.804s][3772][8616][info][gc,heap     ] GC(2) O: Reclaimed:         -                  -                 0M (0%)            0M (0%)     
[2026-06-26T13:54:09.577-0300][6.804s][3772][8616][info][gc,heap     ] GC(2) O: Compacted:         -                  -                  -                 0M (0%)     
[2026-06-26T13:54:09.577-0300][6.804s][3772][8616][info][gc,phases   ] GC(2) O: Old Generation 246M(8%)->248M(8%) 0.009s
[2026-06-26T13:54:09.577-0300][6.804s][3772][8616][info][gc          ] GC(2) Major Collection (Warmup) 620M(20%)->248M(8%) 0.155s
[2026-06-26T13:54:11.015-0300][8.241s][3772][8616][info][gc          ] GC(3) Major Collection (Warmup)
[2026-06-26T13:54:11.015-0300][8.241s][3772][8616][info][gc,task     ] GC(3) Using 3 Workers for Young Generation
[2026-06-26T13:54:11.015-0300][8.241s][3772][8616][info][gc,task     ] GC(3) Using 1 Workers for Old Generation
[2026-06-26T13:54:11.015-0300][8.241s][3772][8616][info][gc,phases   ] GC(3) Y: Young Generation
[2026-06-26T13:54:11.015-0300][8.241s][3772][1692][info][gc,phases   ] GC(3) Y: Pause Mark Start (Major) 0.013ms
[2026-06-26T13:54:11.179-0300][8.406s][3772][8616][info][gc,phases   ] GC(3) Y: Concurrent Mark 164.167ms
[2026-06-26T13:54:11.179-0300][8.406s][3772][1692][info][gc,phases   ] GC(3) Y: Pause Mark End 0.013ms
[2026-06-26T13:54:11.179-0300][8.406s][3772][8616][info][gc,phases   ] GC(3) Y: Concurrent Mark Free 0.004ms
[2026-06-26T13:54:11.179-0300][8.406s][3772][8616][info][gc,phases   ] GC(3) Y: Concurrent Reset Relocation Set 0.011ms
[2026-06-26T13:54:11.179-0300][8.406s][3772][8616][info][gc,reloc    ] GC(3) Y: Using tenuring threshold: 2 (Computed)
[2026-06-26T13:54:11.189-0300][8.416s][3772][8616][info][gc,phases   ] GC(3) Y: Concurrent Select Relocation Set 10.354ms
[2026-06-26T13:54:11.189-0300][8.416s][3772][1692][info][gc,phases   ] GC(3) Y: Pause Relocate Start 0.010ms
[2026-06-26T13:54:11.228-0300][8.455s][3772][8616][info][gc,phases   ] GC(3) Y: Concurrent Relocate 38.480ms
[2026-06-26T13:54:11.228-0300][8.455s][3772][8616][info][gc,alloc    ] GC(3) Y:                         Mark Start        Mark End      Relocate Start    Relocate End   
[2026-06-26T13:54:11.228-0300][8.455s][3772][8616][info][gc,alloc    ] GC(3) Y: Allocation Stalls:          0                0                0                0         
[2026-06-26T13:54:11.228-0300][8.455s][3772][8616][info][gc,load     ] GC(3) Y: Load: 0.00 (0%) / 0.00 (0%) / 0.00 (0%)
[2026-06-26T13:54:11.228-0300][8.455s][3772][8616][info][gc,mmu      ] GC(3) Y: MMU: 2ms/98.8%, 5ms/99.5%, 10ms/99.8%, 20ms/99.8%, 50ms/99.9%, 100ms/99.9%
[2026-06-26T13:54:11.228-0300][8.455s][3772][8616][info][gc,marking  ] GC(3) Y: Mark: 2 stripe(s), 10 proactive flush(es), 1 terminate flush(es), 0 completion(s), 0 continuation(s) 
[2026-06-26T13:54:11.228-0300][8.455s][3772][8616][info][gc,nmethod  ] GC(3) Y: NMethods: 5198 registered, 0 unregistered
[2026-06-26T13:54:11.228-0300][8.455s][3772][8616][info][gc,metaspace] GC(3) Y: Metaspace: 48M used, 49M committed, 1088M reserved
[2026-06-26T13:54:11.228-0300][8.455s][3772][8616][info][gc,reloc    ] GC(3) Y:                        Candidates     Selected     In-Place         Size        Empty    Relocated 
[2026-06-26T13:54:11.228-0300][8.455s][3772][8616][info][gc,reloc    ] GC(3) Y: Small Pages:                  186          105            0         372M           2M          42M 
[2026-06-26T13:54:11.228-0300][8.455s][3772][8616][info][gc,reloc    ] GC(3) Y: Medium Pages:                  20            4            0         540M         396M          12M 
[2026-06-26T13:54:11.228-0300][8.455s][3772][8616][info][gc,reloc    ] GC(3) Y: Large Pages:                    1            0            0          12M           0M           0M 
[2026-06-26T13:54:11.228-0300][8.455s][3772][8616][info][gc,reloc    ] GC(3) Y: Forwarding Usage: 26M
[2026-06-26T13:54:11.228-0300][8.455s][3772][8616][info][gc,reloc    ] GC(3) Y: Age Table:
[2026-06-26T13:54:11.228-0300][8.455s][3772][8616][info][gc,reloc    ] GC(3) Y:                    Live             Garbage             Small              Medium             Large        
[2026-06-26T13:54:11.228-0300][8.455s][3772][8616][info][gc,reloc    ] GC(3) Y: Eden             101M (3%)          658M (21%)        144 / 95            17 / 2              1 / 0        
[2026-06-26T13:54:11.228-0300][8.455s][3772][8616][info][gc,reloc    ] GC(3) Y: Survivor 1        33M (1%)           30M (1%)          16 / 2              1 / 1              0 / 0        
[2026-06-26T13:54:11.228-0300][8.455s][3772][8616][info][gc,reloc    ] GC(3) Y: Survivor 2        20M (1%)           39M (1%)          14 / 3              1 / 0              0 / 0        
[2026-06-26T13:54:11.228-0300][8.455s][3772][8616][info][gc,reloc    ] GC(3) Y: Survivor 3        13M (0%)           26M (1%)          12 / 5              1 / 1              0 / 0        
[2026-06-26T13:54:11.228-0300][8.455s][3772][8616][info][gc,heap     ] GC(3) Y: Min Capacity: 8M(0%)
[2026-06-26T13:54:11.228-0300][8.455s][3772][8616][info][gc,heap     ] GC(3) Y: Max Capacity: 3072M(100%)
[2026-06-26T13:54:11.228-0300][8.455s][3772][8616][info][gc,heap     ] GC(3) Y: Soft Max Capacity: 3072M(100%)
[2026-06-26T13:54:11.228-0300][8.455s][3772][8616][info][gc,heap     ] GC(3) Y: Heap Statistics:
[2026-06-26T13:54:11.228-0300][8.455s][3772][8616][info][gc,heap     ] GC(3) Y:                Mark Start          Mark End        Relocate Start      Relocate End           High               Low         
[2026-06-26T13:54:11.228-0300][8.455s][3772][8616][info][gc,heap     ] GC(3) Y:  Capacity:      924M (30%)        1316M (43%)        1316M (43%)        1316M (43%)        1316M (43%)         924M (30%)    
[2026-06-26T13:54:11.228-0300][8.455s][3772][8616][info][gc,heap     ] GC(3) Y:      Free:     2148M (70%)        1756M (57%)        2098M (68%)        2194M (71%)        2310M (75%)        1756M (57%)    
[2026-06-26T13:54:11.228-0300][8.455s][3772][8616][info][gc,heap     ] GC(3) Y:      Used:      924M (30%)        1316M (43%)         974M (32%)         878M (29%)        1316M (43%)         762M (25%)    
[2026-06-26T13:54:11.228-0300][8.455s][3772][8616][info][gc,heap     ] GC(3) Y: Young Generation Statistics:
[2026-06-26T13:54:11.228-0300][8.455s][3772][8616][info][gc,heap     ] GC(3) Y:                Mark Start          Mark End        Relocate Start      Relocate End    
[2026-06-26T13:54:11.228-0300][8.455s][3772][8616][info][gc,heap     ] GC(3) Y:      Used:      924M (30%)        1316M (43%)         946M (31%)         802M (26%)    
[2026-06-26T13:54:11.228-0300][8.455s][3772][8616][info][gc,heap     ] GC(3) Y:      Live:         -               168M (5%)          141M (5%)          134M (4%)     
[2026-06-26T13:54:11.228-0300][8.455s][3772][8616][info][gc,heap     ] GC(3) Y:   Garbage:         -               755M (25%)         356M (12%)           2M (0%)     
[2026-06-26T13:54:11.228-0300][8.455s][3772][8616][info][gc,heap     ] GC(3) Y: Allocated:         -               392M (13%)         448M (15%)         664M (22%)    
[2026-06-26T13:54:11.228-0300][8.455s][3772][8616][info][gc,heap     ] GC(3) Y: Reclaimed:         -                  -               398M (13%)         752M (24%)    
[2026-06-26T13:54:11.228-0300][8.455s][3772][8616][info][gc,heap     ] GC(3) Y:  Promoted:         -                  -                27M (1%)           34M (1%)     
[2026-06-26T13:54:11.228-0300][8.455s][3772][8616][info][gc,heap     ] GC(3) Y: Compacted:         -                  -                  -                91M (3%)     
[2026-06-26T13:54:11.228-0300][8.455s][3772][8616][info][gc,phases   ] GC(3) Y: Young Generation 924M(30%)->878M(29%) 0.214s
[2026-06-26T13:54:11.228-0300][8.455s][3772][8616][info][gc,phases   ] GC(3) O: Old Generation
[2026-06-26T13:54:11.229-0300][8.456s][3772][8616][info][gc,phases   ] GC(3) O: Concurrent Mark 0.423ms
[2026-06-26T13:54:11.229-0300][8.456s][3772][1692][info][gc,phases   ] GC(3) O: Pause Mark End 0.016ms
[2026-06-26T13:54:11.229-0300][8.456s][3772][8616][info][gc,phases   ] GC(3) O: Concurrent Mark Free 0.001ms
[2026-06-26T13:54:11.244-0300][8.471s][3772][8616][info][gc,phases   ] GC(3) O: Concurrent Process Non-Strong 14.739ms
[2026-06-26T13:54:11.244-0300][8.471s][3772][8616][info][gc,phases   ] GC(3) O: Concurrent Reset Relocation Set 0.000ms
[2026-06-26T13:54:11.244-0300][8.471s][3772][8616][info][gc,phases   ] GC(3) O: Concurrent Select Relocation Set 0.074ms
[2026-06-26T13:54:11.244-0300][8.471s][3772][8616][info][gc,task     ] GC(3) O: Using 3 Workers for Old Generation
[2026-06-26T13:54:11.247-0300][8.475s][3772][8616][info][gc,task     ] GC(3) O: Using 1 Workers for Old Generation
[2026-06-26T13:54:11.247-0300][8.475s][3772][8616][info][gc,phases   ] GC(3) O: Concurrent Remap Roots 3.728ms
[2026-06-26T13:54:11.247-0300][8.475s][3772][1692][info][gc,phases   ] GC(3) O: Pause Relocate Start 0.011ms
[2026-06-26T13:54:11.247-0300][8.475s][3772][8616][info][gc,phases   ] GC(3) O: Concurrent Relocate 0.054ms
[2026-06-26T13:54:11.247-0300][8.475s][3772][8616][info][gc,alloc    ] GC(3) O:                         Mark Start        Mark End      Relocate Start    Relocate End   
[2026-06-26T13:54:11.247-0300][8.475s][3772][8616][info][gc,alloc    ] GC(3) O: Allocation Stalls:          0                0                0                0         
[2026-06-26T13:54:11.247-0300][8.475s][3772][8616][info][gc,load     ] GC(3) O: Load: 0.00 (0%) / 0.00 (0%) / 0.00 (0%)
[2026-06-26T13:54:11.247-0300][8.475s][3772][8616][info][gc,mmu      ] GC(3) O: MMU: 2ms/98.8%, 5ms/99.5%, 10ms/99.8%, 20ms/99.8%, 50ms/99.9%, 100ms/99.9%
[2026-06-26T13:54:11.247-0300][8.475s][3772][8616][info][gc,marking  ] GC(3) O: Mark: 1 stripe(s), 1 proactive flush(es), 1 terminate flush(es), 0 completion(s), 0 continuation(s) 
[2026-06-26T13:54:11.247-0300][8.475s][3772][8616][info][gc,nmethod  ] GC(3) O: NMethods: 4906 registered, 300 unregistered
[2026-06-26T13:54:11.247-0300][8.475s][3772][8616][info][gc,metaspace] GC(3) O: Metaspace: 48M used, 49M committed, 1088M reserved
[2026-06-26T13:54:11.247-0300][8.475s][3772][8616][info][gc,ref      ] GC(3) O:                       Encountered   Discovered     Enqueued 
[2026-06-26T13:54:11.247-0300][8.475s][3772][8616][info][gc,ref      ] GC(3) O: Soft References:             4379            0            0 
[2026-06-26T13:54:11.247-0300][8.475s][3772][8616][info][gc,ref      ] GC(3) O: Weak References:            10335            0            0 
[2026-06-26T13:54:11.247-0300][8.475s][3772][8616][info][gc,ref      ] GC(3) O: Final References:               8            0            0 
[2026-06-26T13:54:11.247-0300][8.475s][3772][8616][info][gc,ref      ] GC(3) O: Phantom References:          7456            0            0 
[2026-06-26T13:54:11.247-0300][8.475s][3772][8616][info][gc,heap     ] GC(3) O: Min Capacity: 8M(0%)
[2026-06-26T13:54:11.247-0300][8.475s][3772][8616][info][gc,heap     ] GC(3) O: Max Capacity: 3072M(100%)
[2026-06-26T13:54:11.247-0300][8.475s][3772][8616][info][gc,heap     ] GC(3) O: Soft Max Capacity: 3072M(100%)
[2026-06-26T13:54:11.247-0300][8.475s][3772][8616][info][gc,heap     ] GC(3) O: Heap Statistics:
[2026-06-26T13:54:11.247-0300][8.475s][3772][8616][info][gc,heap     ] GC(3) O:                Mark Start          Mark End        Relocate Start      Relocate End           High               Low         
[2026-06-26T13:54:11.247-0300][8.475s][3772][8616][info][gc,heap     ] GC(3) O:  Capacity:      924M (30%)        1316M (43%)        1316M (43%)        1316M (43%)        1316M (43%)         924M (30%)    
[2026-06-26T13:54:11.247-0300][8.475s][3772][8616][info][gc,heap     ] GC(3) O:      Free:     2148M (70%)        2182M (71%)        2094M (68%)        2094M (68%)        2310M (75%)        1756M (57%)    
[2026-06-26T13:54:11.247-0300][8.475s][3772][8616][info][gc,heap     ] GC(3) O:      Used:      924M (30%)         890M (29%)         978M (32%)         978M (32%)        1316M (43%)         762M (25%)    
[2026-06-26T13:54:11.247-0300][8.475s][3772][8616][info][gc,heap     ] GC(3) O: Old Generation Statistics:
[2026-06-26T13:54:11.249-0300][8.475s][3772][8616][info][gc,heap     ] GC(3) O:                Mark Start          Mark End        Relocate Start      Relocate End    
[2026-06-26T13:54:11.249-0300][8.475s][3772][8616][info][gc,heap     ] GC(3) O:      Used:        0M (0%)           76M (2%)           76M (2%)           76M (2%)     
[2026-06-26T13:54:11.249-0300][8.475s][3772][8616][info][gc,heap     ] GC(3) O:      Live:         -                 0M (0%)            0M (0%)            0M (0%)     
[2026-06-26T13:54:11.249-0300][8.475s][3772][8616][info][gc,heap     ] GC(3) O:   Garbage:         -                 0M (0%)            0M (0%)            0M (0%)     
[2026-06-26T13:54:11.249-0300][8.475s][3772][8616][info][gc,heap     ] GC(3) O: Allocated:         -                76M (2%)           76M (2%)           76M (2%)     
[2026-06-26T13:54:11.249-0300][8.475s][3772][8616][info][gc,heap     ] GC(3) O: Reclaimed:         -                  -                 0M (0%)            0M (0%)     
[2026-06-26T13:54:11.249-0300][8.475s][3772][8616][info][gc,heap     ] GC(3) O: Compacted:         -                  -                  -                 0M (0%)     
[2026-06-26T13:54:11.249-0300][8.475s][3772][8616][info][gc,phases   ] GC(3) O: Old Generation 884M(29%)->978M(32%) 0.019s
[2026-06-26T13:54:11.249-0300][8.475s][3772][8616][info][gc          ] GC(3) Major Collection (Warmup) 924M(30%)->980M(32%) 0.234s
[2026-06-26T13:54:11.687-0300][8.914s][3772][6460][info][gc          ] GC(4) Minor Collection (Allocation Rate)
[2026-06-26T13:54:11.687-0300][8.914s][3772][6460][info][gc,task     ] GC(4) Using 2 Workers for Young Generation
[2026-06-26T13:54:11.687-0300][8.914s][3772][6460][info][gc,phases   ] GC(4) y: Young Generation
[2026-06-26T13:54:11.687-0300][8.914s][3772][1692][info][gc,phases   ] GC(4) y: Pause Mark Start 0.011ms
[2026-06-26T13:54:11.865-0300][9.092s][3772][6460][info][gc,phases   ] GC(4) y: Concurrent Mark 177.608ms
[2026-06-26T13:54:11.865-0300][9.092s][3772][1692][info][gc,phases   ] GC(4) y: Pause Mark End 0.011ms
[2026-06-26T13:54:11.865-0300][9.092s][3772][6460][info][gc,phases   ] GC(4) y: Concurrent Mark Free 0.002ms
[2026-06-26T13:54:11.865-0300][9.092s][3772][6460][info][gc,phases   ] GC(4) y: Concurrent Reset Relocation Set 0.048ms
[2026-06-26T13:54:11.866-0300][9.092s][3772][6460][info][gc,reloc    ] GC(4) y: Using tenuring threshold: 1 (Computed)
[2026-06-26T13:54:11.897-0300][9.124s][3772][6460][info][gc,phases   ] GC(4) y: Concurrent Select Relocation Set 32.329ms
[2026-06-26T13:54:11.898-0300][9.125s][3772][1692][info][gc,phases   ] GC(4) y: Pause Relocate Start 0.011ms
[2026-06-26T13:54:11.968-0300][9.195s][3772][6460][info][gc,phases   ] GC(4) y: Concurrent Relocate 70.054ms
[2026-06-26T13:54:11.968-0300][9.195s][3772][6460][info][gc,alloc    ] GC(4) y:                         Mark Start        Mark End      Relocate Start    Relocate End   
[2026-06-26T13:54:11.968-0300][9.195s][3772][6460][info][gc,alloc    ] GC(4) y: Allocation Stalls:          0                0                0                0         
[2026-06-26T13:54:11.968-0300][9.195s][3772][6460][info][gc,load     ] GC(4) y: Load: 0.00 (0%) / 0.00 (0%) / 0.00 (0%)
[2026-06-26T13:54:11.968-0300][9.195s][3772][6460][info][gc,mmu      ] GC(4) y: MMU: 2ms/98.8%, 5ms/99.5%, 10ms/99.8%, 20ms/99.8%, 50ms/99.9%, 100ms/99.9%
[2026-06-26T13:54:11.968-0300][9.195s][3772][6460][info][gc,marking  ] GC(4) y: Mark: 2 stripe(s), 3 proactive flush(es), 1 terminate flush(es), 0 completion(s), 0 continuation(s) 
[2026-06-26T13:54:11.968-0300][9.195s][3772][6460][info][gc,nmethod  ] GC(4) y: NMethods: 5028 registered, 300 unregistered
[2026-06-26T13:54:11.968-0300][9.195s][3772][6460][info][gc,metaspace] GC(4) y: Metaspace: 48M used, 49M committed, 1088M reserved
[2026-06-26T13:54:11.968-0300][9.195s][3772][6460][info][gc,reloc    ] GC(4) y:                        Candidates     Selected     In-Place         Size        Empty    Relocated 
[2026-06-26T13:54:11.968-0300][9.195s][3772][6460][info][gc,reloc    ] GC(4) y: Small Pages:                  567          218            0        1134M         534M          28M 
[2026-06-26T13:54:11.968-0300][9.195s][3772][6460][info][gc,reloc    ] GC(4) y: Medium Pages:                  18            2            0         576M         480M           8M 
[2026-06-26T13:54:11.968-0300][9.195s][3772][6460][info][gc,reloc    ] GC(4) y: Large Pages:                    1            0            0          12M           0M           0M 
[2026-06-26T13:54:11.968-0300][9.195s][3772][6460][info][gc,reloc    ] GC(4) y: Forwarding Usage: 9M
[2026-06-26T13:54:11.968-0300][9.195s][3772][6460][info][gc,reloc    ] GC(4) y: Age Table:
[2026-06-26T13:54:11.968-0300][9.195s][3772][6460][info][gc,reloc    ] GC(4) y:                    Live             Garbage             Small              Medium             Large        
[2026-06-26T13:54:11.968-0300][9.195s][3772][6460][info][gc,reloc    ] GC(4) y: Eden              43M (1%)         1476M (48%)        504 / 212           16 / 1              0 / 0        
[2026-06-26T13:54:11.968-0300][9.195s][3772][6460][info][gc,reloc    ] GC(4) y: Survivor 1        97M (3%)           40M (1%)          47 / 4              1 / 0              1 / 0        
[2026-06-26T13:54:11.968-0300][9.195s][3772][6460][info][gc,reloc    ] GC(4) y: Survivor 2        33M (1%)           30M (1%)          16 / 2              1 / 1              0 / 0        
[2026-06-26T13:54:11.968-0300][9.195s][3772][6460][info][gc,heap     ] GC(4) y: Min Capacity: 8M(0%)
[2026-06-26T13:54:11.968-0300][9.195s][3772][6460][info][gc,heap     ] GC(4) y: Max Capacity: 3072M(100%)
[2026-06-26T13:54:11.968-0300][9.195s][3772][6460][info][gc,heap     ] GC(4) y: Soft Max Capacity: 3072M(100%)
[2026-06-26T13:54:11.968-0300][9.195s][3772][6460][info][gc,heap     ] GC(4) y: Heap Statistics:
[2026-06-26T13:54:11.968-0300][9.195s][3772][6460][info][gc,heap     ] GC(4) y:                Mark Start          Mark End        Relocate Start      Relocate End           High               Low         
[2026-06-26T13:54:11.968-0300][9.195s][3772][6460][info][gc,heap     ] GC(4) y:  Capacity:     1798M (59%)        2036M (66%)        2036M (66%)        2036M (66%)        2036M (66%)        1798M (59%)    
[2026-06-26T13:54:11.968-0300][9.195s][3772][6460][info][gc,heap     ] GC(4) y:      Free:     1274M (41%)        1036M (34%)        2008M (65%)        1772M (58%)        2370M (77%)        1036M (34%)    
[2026-06-26T13:54:11.968-0300][9.195s][3772][6460][info][gc,heap     ] GC(4) y:      Used:     1798M (59%)        2036M (66%)        1064M (35%)        1300M (42%)        2036M (66%)         702M (23%)    
[2026-06-26T13:54:11.968-0300][9.195s][3772][6460][info][gc,heap     ] GC(4) y: Young Generation Statistics:
[2026-06-26T13:54:11.968-0300][9.195s][3772][6460][info][gc,heap     ] GC(4) y:                Mark Start          Mark End        Relocate Start      Relocate End    
[2026-06-26T13:54:11.968-0300][9.195s][3772][6460][info][gc,heap     ] GC(4) y:      Used:     1722M (56%)        1960M (64%)         862M (28%)        1062M (35%)    
[2026-06-26T13:54:11.968-0300][9.195s][3772][6460][info][gc,heap     ] GC(4) y:      Live:         -               174M (6%)           51M (2%)           43M (1%)     
[2026-06-26T13:54:11.968-0300][9.195s][3772][6460][info][gc,heap     ] GC(4) y:   Garbage:         -              1547M (50%)         530M (17%)           1M (0%)     
[2026-06-26T13:54:11.968-0300][9.195s][3772][6460][info][gc,heap     ] GC(4) y: Allocated:         -               238M (8%)          280M (9%)         1016M (33%)    
[2026-06-26T13:54:11.968-0300][9.195s][3772][6460][info][gc,heap     ] GC(4) y: Reclaimed:         -                  -              1016M (33%)        1545M (50%)    
[2026-06-26T13:54:11.968-0300][9.195s][3772][6460][info][gc,heap     ] GC(4) y:  Promoted:         -                  -               123M (4%)          130M (4%)     
[2026-06-26T13:54:11.968-0300][9.195s][3772][6460][info][gc,heap     ] GC(4) y: Compacted:         -                  -                  -                41M (1%)     
[2026-06-26T13:54:11.968-0300][9.195s][3772][6460][info][gc,phases   ] GC(4) y: Young Generation 1798M(59%)->1300M(42%) 0.281s
[2026-06-26T13:54:11.968-0300][9.195s][3772][6460][info][gc          ] GC(4) Minor Collection (Allocation Rate) 1798M(59%)->1300M(42%) 0.281s
[2026-06-26T13:54:11.968-0300][9.195s][3772][8616][info][gc          ] GC(5) Major Collection (Allocation Rate)
[2026-06-26T13:54:11.968-0300][9.195s][3772][8616][info][gc,task     ] GC(5) Using 3 Workers for Young Generation
[2026-06-26T13:54:11.968-0300][9.195s][3772][8616][info][gc,task     ] GC(5) Using 1 Workers for Old Generation
[2026-06-26T13:54:11.968-0300][9.195s][3772][8616][info][gc,phases   ] GC(5) Y: Young Generation
[2026-06-26T13:54:11.968-0300][9.195s][3772][1692][info][gc,phases   ] GC(5) Y: Pause Mark Start (Major) 0.014ms
[2026-06-26T13:54:12.022-0300][9.250s][3772][8616][info][gc,phases   ] GC(5) Y: Concurrent Mark 54.229ms
[2026-06-26T13:54:12.022-0300][9.250s][3772][1692][info][gc,phases   ] GC(5) Y: Pause Mark End 0.010ms
[2026-06-26T13:54:12.022-0300][9.250s][3772][8616][info][gc,phases   ] GC(5) Y: Concurrent Mark Free 0.004ms
[2026-06-26T13:54:12.022-0300][9.250s][3772][8616][info][gc,phases   ] GC(5) Y: Concurrent Reset Relocation Set 0.094ms
[2026-06-26T13:54:12.022-0300][9.250s][3772][8616][info][gc,reloc    ] GC(5) Y: Using tenuring threshold: 2 (Computed)
[2026-06-26T13:54:12.023-0300][9.251s][3772][8616][info][gc,phases   ] GC(5) Y: Concurrent Select Relocation Set 0.673ms
[2026-06-26T13:54:12.023-0300][9.251s][3772][1692][info][gc,phases   ] GC(5) Y: Pause Relocate Start 0.004ms
[2026-06-26T13:54:12.029-0300][9.256s][3772][8616][info][gc,phases   ] GC(5) Y: Concurrent Relocate 5.017ms
[2026-06-26T13:54:12.029-0300][9.256s][3772][8616][info][gc,alloc    ] GC(5) Y:                         Mark Start        Mark End      Relocate Start    Relocate End   
[2026-06-26T13:54:12.029-0300][9.256s][3772][8616][info][gc,alloc    ] GC(5) Y: Allocation Stalls:          0                0                0                0         
[2026-06-26T13:54:12.029-0300][9.256s][3772][8616][info][gc,load     ] GC(5) Y: Load: 0.00 (0%) / 0.00 (0%) / 0.00 (0%)
[2026-06-26T13:54:12.029-0300][9.256s][3772][8616][info][gc,mmu      ] GC(5) Y: MMU: 2ms/98.8%, 5ms/99.5%, 10ms/99.8%, 20ms/99.8%, 50ms/99.9%, 100ms/99.9%
[2026-06-26T13:54:12.029-0300][9.256s][3772][8616][info][gc,marking  ] GC(5) Y: Mark: 2 stripe(s), 11 proactive flush(es), 2 terminate flush(es), 0 completion(s), 0 continuation(s) 
[2026-06-26T13:54:12.029-0300][9.256s][3772][8616][info][gc,nmethod  ] GC(5) Y: NMethods: 5049 registered, 300 unregistered
[2026-06-26T13:54:12.029-0300][9.256s][3772][8616][info][gc,metaspace] GC(5) Y: Metaspace: 48M used, 49M committed, 1088M reserved
[2026-06-26T13:54:12.029-0300][9.256s][3772][8616][info][gc,reloc    ] GC(5) Y:                        Candidates     Selected     In-Place         Size        Empty    Relocated 
[2026-06-26T13:54:12.029-0300][9.256s][3772][8616][info][gc,reloc    ] GC(5) Y: Small Pages:                  131           78            0         262M          48M          12M 
[2026-06-26T13:54:12.029-0300][9.256s][3772][8616][info][gc,reloc    ] GC(5) Y: Medium Pages:                  25            2            0         800M         704M           4M 
[2026-06-26T13:54:12.029-0300][9.256s][3772][8616][info][gc,reloc    ] GC(5) Y: Large Pages:                    0            0            0           0M           0M           0M 
[2026-06-26T13:54:12.029-0300][9.256s][3772][8616][info][gc,reloc    ] GC(5) Y: Forwarding Usage: 3M
[2026-06-26T13:54:12.029-0300][9.256s][3772][8616][info][gc,reloc    ] GC(5) Y: Age Table:
[2026-06-26T13:54:12.029-0300][9.256s][3772][8616][info][gc,reloc    ] GC(5) Y:                    Live             Garbage             Small              Medium             Large        
[2026-06-26T13:54:12.029-0300][9.256s][3772][8616][info][gc,reloc    ] GC(5) Y: Eden              15M (0%)          968M (32%)        108 / 76            24 / 1              0 / 0        
[2026-06-26T13:54:12.029-0300][9.256s][3772][8616][info][gc,reloc    ] GC(5) Y: Survivor 1        43M (1%)           34M (1%)          23 / 2              1 / 1              0 / 0        
[2026-06-26T13:54:12.029-0300][9.256s][3772][8616][info][gc,heap     ] GC(5) Y: Min Capacity: 8M(0%)
[2026-06-26T13:54:12.030-0300][9.256s][3772][8616][info][gc,heap     ] GC(5) Y: Max Capacity: 3072M(100%)
[2026-06-26T13:54:12.030-0300][9.256s][3772][8616][info][gc,heap     ] GC(5) Y: Soft Max Capacity: 3072M(100%)
[2026-06-26T13:54:12.030-0300][9.256s][3772][8616][info][gc,heap     ] GC(5) Y: Heap Statistics:
[2026-06-26T13:54:12.030-0300][9.256s][3772][8616][info][gc,heap     ] GC(5) Y:                Mark Start          Mark End        Relocate Start      Relocate End           High               Low         
[2026-06-26T13:54:12.030-0300][9.256s][3772][8616][info][gc,heap     ] GC(5) Y:  Capacity:     2036M (66%)        2036M (66%)        2036M (66%)        2036M (66%)        2036M (66%)        2036M (66%)    
[2026-06-26T13:54:12.030-0300][9.256s][3772][8616][info][gc,heap     ] GC(5) Y:      Free:     1772M (58%)        1596M (52%)        2348M (76%)        2526M (82%)        2526M (82%)        1596M (52%)    
[2026-06-26T13:54:12.030-0300][9.256s][3772][8616][info][gc,heap     ] GC(5) Y:      Used:     1300M (42%)        1476M (48%)         724M (24%)         546M (18%)        1476M (48%)         546M (18%)    
[2026-06-26T13:54:12.030-0300][9.256s][3772][8616][info][gc,heap     ] GC(5) Y: Young Generation Statistics:
[2026-06-26T13:54:12.030-0300][9.256s][3772][8616][info][gc,heap     ] GC(5) Y:                Mark Start          Mark End        Relocate Start      Relocate End    
[2026-06-26T13:54:12.030-0300][9.256s][3772][8616][info][gc,heap     ] GC(5) Y:      Used:     1062M (35%)        1238M (40%)         486M (16%)         308M (10%)    
[2026-06-26T13:54:12.030-0300][9.256s][3772][8616][info][gc,heap     ] GC(5) Y:      Live:         -                58M (2%)           58M (2%)           58M (2%)     
[2026-06-26T13:54:12.030-0300][9.256s][3772][8616][info][gc,heap     ] GC(5) Y:   Garbage:         -              1003M (33%)         251M (8%)            2M (0%)     
[2026-06-26T13:54:12.030-0300][9.256s][3772][8616][info][gc,heap     ] GC(5) Y: Allocated:         -               176M (6%)          176M (6%)          247M (8%)     
[2026-06-26T13:54:12.030-0300][9.256s][3772][8616][info][gc,heap     ] GC(5) Y: Reclaimed:         -                  -               752M (24%)        1001M (33%)    
[2026-06-26T13:54:12.030-0300][9.256s][3772][8616][info][gc,heap     ] GC(5) Y:  Promoted:         -                  -                 0M (0%)            0M (0%)     
[2026-06-26T13:54:12.030-0300][9.256s][3772][8616][info][gc,heap     ] GC(5) Y: Compacted:         -                  -                  -                20M (1%)     
[2026-06-26T13:54:12.030-0300][9.256s][3772][8616][info][gc,phases   ] GC(5) Y: Young Generation 1300M(42%)->546M(18%) 0.061s
[2026-06-26T13:54:12.030-0300][9.256s][3772][8616][info][gc,phases   ] GC(5) O: Old Generation
[2026-06-26T13:54:12.035-0300][9.261s][3772][6460][info][gc          ] GC(6) Minor Collection (Allocation Rate)
[2026-06-26T13:54:12.035-0300][9.261s][3772][6460][info][gc,task     ] GC(6) Using 3 Workers for Young Generation
[2026-06-26T13:54:12.035-0300][9.261s][3772][6460][info][gc,phases   ] GC(6) y: Young Generation
[2026-06-26T13:54:12.035-0300][9.261s][3772][1692][info][gc,phases   ] GC(6) y: Pause Mark Start 0.008ms
[2026-06-26T13:54:12.066-0300][9.293s][3772][6460][info][gc,phases   ] GC(6) y: Concurrent Mark 31.241ms
[2026-06-26T13:54:12.066-0300][9.293s][3772][1692][info][gc,phases   ] GC(6) y: Pause Mark End 0.014ms
[2026-06-26T13:54:12.066-0300][9.293s][3772][6460][info][gc,phases   ] GC(6) y: Concurrent Mark Free 0.004ms
[2026-06-26T13:54:12.066-0300][9.293s][3772][6460][info][gc,phases   ] GC(6) y: Concurrent Reset Relocation Set 0.007ms
[2026-06-26T13:54:12.066-0300][9.293s][3772][6460][info][gc,reloc    ] GC(6) y: Using tenuring threshold: 1 (Computed)
[2026-06-26T13:54:12.076-0300][9.303s][3772][6460][info][gc,phases   ] GC(6) y: Concurrent Select Relocation Set 10.316ms
[2026-06-26T13:54:12.076-0300][9.303s][3772][1692][info][gc,phases   ] GC(6) y: Pause Relocate Start 0.008ms
[2026-06-26T13:54:12.094-0300][9.321s][3772][6460][info][gc,phases   ] GC(6) y: Concurrent Relocate 17.609ms
[2026-06-26T13:54:12.094-0300][9.321s][3772][6460][info][gc,alloc    ] GC(6) y:                         Mark Start        Mark End      Relocate Start    Relocate End   
[2026-06-26T13:54:12.094-0300][9.321s][3772][6460][info][gc,alloc    ] GC(6) y: Allocation Stalls:          0                0                0                0         
[2026-06-26T13:54:12.094-0300][9.321s][3772][6460][info][gc,load     ] GC(6) y: Load: 0.00 (0%) / 0.00 (0%) / 0.00 (0%)
[2026-06-26T13:54:12.094-0300][9.321s][3772][6460][info][gc,mmu      ] GC(6) y: MMU: 2ms/98.8%, 5ms/99.5%, 10ms/99.8%, 20ms/99.8%, 50ms/99.9%, 100ms/99.9%
[2026-06-26T13:54:12.094-0300][9.321s][3772][6460][info][gc,marking  ] GC(6) y: Mark: 2 stripe(s), 4 proactive flush(es), 1 terminate flush(es), 0 completion(s), 0 continuation(s) 
[2026-06-26T13:54:12.094-0300][9.321s][3772][6460][info][gc,nmethod  ] GC(6) y: NMethods: 5121 registered, 300 unregistered
[2026-06-26T13:54:12.094-0300][9.321s][3772][6460][info][gc,metaspace] GC(6) y: Metaspace: 48M used, 49M committed, 1088M reserved
[2026-06-26T13:54:12.094-0300][9.321s][3772][6460][info][gc,reloc    ] GC(6) y:                        Candidates     Selected     In-Place         Size        Empty    Relocated 
[2026-06-26T13:54:12.094-0300][9.321s][3772][6460][info][gc,reloc    ] GC(6) y: Small Pages:                   91           20            0         182M          84M           5M 
[2026-06-26T13:54:12.094-0300][9.321s][3772][6460][info][gc,reloc    ] GC(6) y: Medium Pages:                   4            0            0         128M         128M           0M 
[2026-06-26T13:54:12.094-0300][9.321s][3772][6460][info][gc,reloc    ] GC(6) y: Large Pages:                    0            0            0           0M           0M           0M 
[2026-06-26T13:54:12.094-0300][9.321s][3772][6460][info][gc,reloc    ] GC(6) y: Forwarding Usage: 2M
[2026-06-26T13:54:12.094-0300][9.321s][3772][6460][info][gc,reloc    ] GC(6) y: Age Table:
[2026-06-26T13:54:12.094-0300][9.321s][3772][6460][info][gc,reloc    ] GC(6) y:                    Live             Garbage             Small              Medium             Large        
[2026-06-26T13:54:12.094-0300][9.321s][3772][6460][info][gc,reloc    ] GC(6) y: Eden               2M (0%)          175M (6%)          57 / 13             2 / 0              0 / 0        
[2026-06-26T13:54:12.095-0300][9.321s][3772][6460][info][gc,reloc    ] GC(6) y: Survivor 1        13M (0%)           38M (1%)          10 / 4              1 / 0              0 / 0        
[2026-06-26T13:54:12.095-0300][9.321s][3772][6460][info][gc,reloc    ] GC(6) y: Survivor 2        40M (1%)           39M (1%)          24 / 3              1 / 0              0 / 0        
[2026-06-26T13:54:12.095-0300][9.321s][3772][6460][info][gc,heap     ] GC(6) y: Min Capacity: 8M(0%)
[2026-06-26T13:54:12.095-0300][9.321s][3772][6460][info][gc,heap     ] GC(6) y: Max Capacity: 3072M(100%)
[2026-06-26T13:54:12.095-0300][9.321s][3772][6460][info][gc,heap     ] GC(6) y: Soft Max Capacity: 3072M(100%)
[2026-06-26T13:54:12.095-0300][9.321s][3772][6460][info][gc,heap     ] GC(6) y: Heap Statistics:
[2026-06-26T13:54:12.095-0300][9.321s][3772][6460][info][gc,heap     ] GC(6) y:                Mark Start          Mark End        Relocate Start      Relocate End           High               Low         
[2026-06-26T13:54:12.095-0300][9.321s][3772][6460][info][gc,heap     ] GC(6) y:  Capacity:     2036M (66%)        2036M (66%)        2036M (66%)        2036M (66%)        2036M (66%)        2036M (66%)    
[2026-06-26T13:54:12.095-0300][9.321s][3772][6460][info][gc,heap     ] GC(6) y:      Free:     2524M (82%)        2520M (82%)        2730M (89%)        2756M (90%)        2758M (90%)        2520M (82%)    
[2026-06-26T13:54:12.095-0300][9.321s][3772][6460][info][gc,heap     ] GC(6) y:      Used:      548M (18%)         552M (18%)         342M (11%)         316M (10%)         552M (18%)         314M (10%)    
[2026-06-26T13:54:12.095-0300][9.321s][3772][6460][info][gc,heap     ] GC(6) y: Young Generation Statistics:
[2026-06-26T13:54:12.095-0300][9.321s][3772][6460][info][gc,heap     ] GC(6) y:                Mark Start          Mark End        Relocate Start      Relocate End    
[2026-06-26T13:54:12.095-0300][9.321s][3772][6460][info][gc,heap     ] GC(6) y:      Used:      310M (10%)         314M (10%)          56M (2%)           18M (1%)     
[2026-06-26T13:54:12.095-0300][9.321s][3772][6460][info][gc,heap     ] GC(6) y:      Live:         -                56M (2%)            8M (0%)            2M (0%)     
[2026-06-26T13:54:12.095-0300][9.321s][3772][6460][info][gc,heap     ] GC(6) y:   Garbage:         -               253M (8%)           41M (1%)            0M (0%)     
[2026-06-26T13:54:12.095-0300][9.321s][3772][6460][info][gc,heap     ] GC(6) y: Allocated:         -                 4M (0%)            6M (0%)           15M (1%)     
[2026-06-26T13:54:12.095-0300][9.321s][3772][6460][info][gc,heap     ] GC(6) y: Reclaimed:         -                  -               212M (7%)          253M (8%)     
[2026-06-26T13:54:12.095-0300][9.321s][3772][6460][info][gc,heap     ] GC(6) y:  Promoted:         -                  -                47M (2%)           53M (2%)     
[2026-06-26T13:54:12.095-0300][9.321s][3772][6460][info][gc,heap     ] GC(6) y: Compacted:         -                  -                  -                 2M (0%)     
[2026-06-26T13:54:12.095-0300][9.321s][3772][6460][info][gc,phases   ] GC(6) y: Young Generation 548M(18%)->316M(10%) 0.060s
[2026-06-26T13:54:12.095-0300][9.321s][3772][6460][info][gc          ] GC(6) Minor Collection (Allocation Rate) 548M(18%)->316M(10%) 0.060s
[2026-06-26T13:54:12.267-0300][9.494s][3772][8616][info][gc,phases   ] GC(5) O: Concurrent Mark 237.617ms
[2026-06-26T13:54:12.267-0300][9.494s][3772][1692][info][gc,phases   ] GC(5) O: Pause Mark End 0.015ms
[2026-06-26T13:54:12.267-0300][9.494s][3772][8616][info][gc,phases   ] GC(5) O: Concurrent Mark Free 0.002ms
[2026-06-26T13:54:12.278-0300][9.505s][3772][8616][info][gc,phases   ] GC(5) O: Concurrent Process Non-Strong 10.646ms
[2026-06-26T13:54:12.278-0300][9.505s][3772][8616][info][gc,phases   ] GC(5) O: Concurrent Reset Relocation Set 0.001ms
[2026-06-26T13:54:12.279-0300][9.506s][3772][8616][info][gc,phases   ] GC(5) O: Concurrent Select Relocation Set 1.014ms
[2026-06-26T13:54:12.279-0300][9.506s][3772][8616][info][gc,task     ] GC(5) O: Using 3 Workers for Old Generation
[2026-06-26T13:54:12.282-0300][9.510s][3772][8616][info][gc,task     ] GC(5) O: Using 1 Workers for Old Generation
[2026-06-26T13:54:12.283-0300][9.510s][3772][8616][info][gc,phases   ] GC(5) O: Concurrent Remap Roots 3.775ms
[2026-06-26T13:54:12.283-0300][9.510s][3772][1692][info][gc,phases   ] GC(5) O: Pause Relocate Start 0.013ms
[2026-06-26T13:54:12.297-0300][9.524s][3772][8616][info][gc,phases   ] GC(5) O: Concurrent Relocate 14.206ms
[2026-06-26T13:54:12.297-0300][9.524s][3772][8616][info][gc,alloc    ] GC(5) O:                         Mark Start        Mark End      Relocate Start    Relocate End   
[2026-06-26T13:54:12.297-0300][9.524s][3772][8616][info][gc,alloc    ] GC(5) O: Allocation Stalls:          0                0                0                0         
[2026-06-26T13:54:12.297-0300][9.524s][3772][8616][info][gc,load     ] GC(5) O: Load: 0.00 (0%) / 0.00 (0%) / 0.00 (0%)
[2026-06-26T13:54:12.297-0300][9.524s][3772][8616][info][gc,mmu      ] GC(5) O: MMU: 2ms/98.8%, 5ms/99.5%, 10ms/99.8%, 20ms/99.8%, 50ms/99.9%, 100ms/99.9%
[2026-06-26T13:54:12.297-0300][9.524s][3772][8616][info][gc,marking  ] GC(5) O: Mark: 1 stripe(s), 2 proactive flush(es), 1 terminate flush(es), 0 completion(s), 0 continuation(s) 
[2026-06-26T13:54:12.297-0300][9.524s][3772][8616][info][gc,nmethod  ] GC(5) O: NMethods: 5114 registered, 384 unregistered
[2026-06-26T13:54:12.297-0300][9.524s][3772][8616][info][gc,metaspace] GC(5) O: Metaspace: 48M used, 49M committed, 1088M reserved
[2026-06-26T13:54:12.297-0300][9.524s][3772][8616][info][gc,ref      ] GC(5) O:                       Encountered   Discovered     Enqueued 
[2026-06-26T13:54:12.297-0300][9.524s][3772][8616][info][gc,ref      ] GC(5) O: Soft References:             4386            0            0 
[2026-06-26T13:54:12.297-0300][9.524s][3772][8616][info][gc,ref      ] GC(5) O: Weak References:            10344         9320         7777 
[2026-06-26T13:54:12.297-0300][9.524s][3772][8616][info][gc,ref      ] GC(5) O: Final References:               8            8            1 
[2026-06-26T13:54:12.297-0300][9.524s][3772][8616][info][gc,ref      ] GC(5) O: Phantom References:          7456         7450         1105 
[2026-06-26T13:54:12.297-0300][9.524s][3772][8616][info][gc,reloc    ] GC(5) O:                        Candidates     Selected     In-Place         Size        Empty    Relocated 
[2026-06-26T13:54:12.297-0300][9.524s][3772][8616][info][gc,reloc    ] GC(5) O: Small Pages:                   81            8            0         162M           0M           3M 
[2026-06-26T13:54:12.297-0300][9.524s][3772][8616][info][gc,reloc    ] GC(5) O: Medium Pages:                   2            1            0          64M           0M           6M 
[2026-06-26T13:54:12.297-0300][9.524s][3772][8616][info][gc,reloc    ] GC(5) O: Large Pages:                    1            0            0          12M           0M           0M 
[2026-06-26T13:54:12.297-0300][9.524s][3772][8616][info][gc,reloc    ] GC(5) O: Forwarding Usage: 5M
[2026-06-26T13:54:12.297-0300][9.524s][3772][8616][info][gc,heap     ] GC(5) O: Min Capacity: 8M(0%)
[2026-06-26T13:54:12.297-0300][9.524s][3772][8616][info][gc,heap     ] GC(5) O: Max Capacity: 3072M(100%)
[2026-06-26T13:54:12.297-0300][9.524s][3772][8616][info][gc,heap     ] GC(5) O: Soft Max Capacity: 3072M(100%)
[2026-06-26T13:54:12.297-0300][9.524s][3772][8616][info][gc,heap     ] GC(5) O: Heap Statistics:
[2026-06-26T13:54:12.297-0300][9.524s][3772][8616][info][gc,heap     ] GC(5) O:                Mark Start          Mark End        Relocate Start      Relocate End           High               Low         
[2026-06-26T13:54:12.297-0300][9.524s][3772][8616][info][gc,heap     ] GC(5) O:  Capacity:     2036M (66%)        2036M (66%)        2036M (66%)        2036M (66%)        2036M (66%)        2036M (66%)    
[2026-06-26T13:54:12.297-0300][9.524s][3772][8616][info][gc,heap     ] GC(5) O:      Free:     1772M (58%)        2728M (89%)        2724M (89%)        2730M (89%)        2758M (90%)        1596M (52%)    
[2026-06-26T13:54:12.297-0300][9.524s][3772][8616][info][gc,heap     ] GC(5) O:      Used:     1300M (42%)         344M (11%)         348M (11%)         342M (11%)        1476M (48%)         314M (10%)    
[2026-06-26T13:54:12.297-0300][9.524s][3772][8616][info][gc,heap     ] GC(5) O: Old Generation Statistics:
[2026-06-26T13:54:12.297-0300][9.524s][3772][8616][info][gc,heap     ] GC(5) O:                Mark Start          Mark End        Relocate Start      Relocate End    
[2026-06-26T13:54:12.297-0300][9.524s][3772][8616][info][gc,heap     ] GC(5) O:      Used:      238M (8%)          298M (10%)         298M (10%)         292M (10%)    
[2026-06-26T13:54:12.297-0300][9.524s][3772][8616][info][gc,heap     ] GC(5) O:      Live:         -               164M (5%)          164M (5%)          164M (5%)     
[2026-06-26T13:54:12.297-0300][9.524s][3772][8616][info][gc,heap     ] GC(5) O:   Garbage:         -                73M (2%)           73M (2%)            1M (0%)     
[2026-06-26T13:54:12.297-0300][9.524s][3772][8616][info][gc,heap     ] GC(5) O: Allocated:         -                60M (2%)           60M (2%)          125M (4%)     
[2026-06-26T13:54:12.297-0300][9.524s][3772][8616][info][gc,heap     ] GC(5) O: Reclaimed:         -                  -                 0M (0%)           71M (2%)     
[2026-06-26T13:54:12.297-0300][9.524s][3772][8616][info][gc,heap     ] GC(5) O: Compacted:         -                  -                  -                18M (1%)     
[2026-06-26T13:54:12.297-0300][9.524s][3772][8616][info][gc,phases   ] GC(5) O: Old Generation 546M(18%)->342M(11%) 0.268s
[2026-06-26T13:54:12.297-0300][9.524s][3772][8616][info][gc          ] GC(5) Major Collection (Allocation Rate) 1300M(42%)->342M(11%) 0.329s
[2026-06-26T13:54:12.922-0300][10.148s][3772][6460][info][gc          ] GC(7) Minor Collection (Allocation Rate)
[2026-06-26T13:54:12.922-0300][10.148s][3772][6460][info][gc,task     ] GC(7) Using 3 Workers for Young Generation
[2026-06-26T13:54:12.922-0300][10.148s][3772][6460][info][gc,phases   ] GC(7) y: Young Generation
[2026-06-26T13:54:12.922-0300][10.148s][3772][1692][info][gc,phases   ] GC(7) y: Pause Mark Start 0.008ms
[2026-06-26T13:54:12.938-0300][10.165s][3772][6460][info][gc,phases   ] GC(7) y: Concurrent Mark 16.873ms
[2026-06-26T13:54:12.938-0300][10.165s][3772][1692][info][gc,phases   ] GC(7) y: Pause Mark End 0.013ms
[2026-06-26T13:54:12.938-0300][10.165s][3772][6460][info][gc,phases   ] GC(7) y: Concurrent Mark Free 0.004ms
[2026-06-26T13:54:12.938-0300][10.165s][3772][6460][info][gc,phases   ] GC(7) y: Concurrent Reset Relocation Set 0.080ms
[2026-06-26T13:54:12.938-0300][10.165s][3772][6460][info][gc,reloc    ] GC(7) y: Using tenuring threshold: 2 (Computed)
[2026-06-26T13:54:12.939-0300][10.167s][3772][6460][info][gc,phases   ] GC(7) y: Concurrent Select Relocation Set 1.218ms
[2026-06-26T13:54:12.939-0300][10.167s][3772][1692][info][gc,phases   ] GC(7) y: Pause Relocate Start 0.005ms
[2026-06-26T13:54:12.947-0300][10.174s][3772][6460][info][gc,phases   ] GC(7) y: Concurrent Relocate 6.819ms
[2026-06-26T13:54:12.947-0300][10.174s][3772][6460][info][gc,alloc    ] GC(7) y:                         Mark Start        Mark End      Relocate Start    Relocate End   
[2026-06-26T13:54:12.947-0300][10.174s][3772][6460][info][gc,alloc    ] GC(7) y: Allocation Stalls:          0                0                0                0         
[2026-06-26T13:54:12.947-0300][10.174s][3772][6460][info][gc,load     ] GC(7) y: Load: 0.00 (0%) / 0.00 (0%) / 0.00 (0%)
[2026-06-26T13:54:12.947-0300][10.174s][3772][6460][info][gc,mmu      ] GC(7) y: MMU: 2ms/98.8%, 5ms/99.5%, 10ms/99.8%, 20ms/99.8%, 50ms/99.9%, 100ms/99.9%
[2026-06-26T13:54:12.947-0300][10.174s][3772][6460][info][gc,marking  ] GC(7) y: Mark: 2 stripe(s), 2 proactive flush(es), 1 terminate flush(es), 0 completion(s), 0 continuation(s) 
[2026-06-26T13:54:12.947-0300][10.174s][3772][6460][info][gc,nmethod  ] GC(7) y: NMethods: 5180 registered, 384 unregistered
[2026-06-26T13:54:12.947-0300][10.174s][3772][6460][info][gc,metaspace] GC(7) y: Metaspace: 48M used, 49M committed, 1088M reserved
[2026-06-26T13:54:12.947-0300][10.174s][3772][6460][info][gc,reloc    ] GC(7) y:                        Candidates     Selected     In-Place         Size        Empty    Relocated 
[2026-06-26T13:54:12.947-0300][10.174s][3772][6460][info][gc,reloc    ] GC(7) y: Small Pages:                   77           68            0         154M           2M          11M 
[2026-06-26T13:54:12.947-0300][10.174s][3772][6460][info][gc,reloc    ] GC(7) y: Medium Pages:                   0            0            0           0M           0M           0M 
[2026-06-26T13:54:12.947-0300][10.174s][3772][6460][info][gc,reloc    ] GC(7) y: Large Pages:                    0            0            0           0M           0M           0M 
[2026-06-26T13:54:12.947-0300][10.174s][3772][6460][info][gc,reloc    ] GC(7) y: Forwarding Usage: 4M
[2026-06-26T13:54:12.947-0300][10.174s][3772][6460][info][gc,reloc    ] GC(7) y: Age Table:
[2026-06-26T13:54:12.947-0300][10.174s][3772][6460][info][gc,reloc    ] GC(7) y:                    Live             Garbage             Small              Medium             Large        
[2026-06-26T13:54:12.947-0300][10.174s][3772][6460][info][gc,reloc    ] GC(7) y: Eden              10M (0%)          133M (4%)          72 / 65             0 / 0              0 / 0        
[2026-06-26T13:54:12.947-0300][10.174s][3772][6460][info][gc,reloc    ] GC(7) y: Survivor 1         2M (0%)            7M (0%)           5 / 3              0 / 0              0 / 0        
[2026-06-26T13:54:12.947-0300][10.174s][3772][6460][info][gc,heap     ] GC(7) y: Min Capacity: 8M(0%)
[2026-06-26T13:54:12.947-0300][10.174s][3772][6460][info][gc,heap     ] GC(7) y: Max Capacity: 3072M(100%)
[2026-06-26T13:54:12.947-0300][10.174s][3772][6460][info][gc,heap     ] GC(7) y: Soft Max Capacity: 3072M(100%)
[2026-06-26T13:54:12.947-0300][10.174s][3772][6460][info][gc,heap     ] GC(7) y: Heap Statistics:
[2026-06-26T13:54:12.947-0300][10.174s][3772][6460][info][gc,heap     ] GC(7) y:                Mark Start          Mark End        Relocate Start      Relocate End           High               Low         
[2026-06-26T13:54:12.947-0300][10.174s][3772][6460][info][gc,heap     ] GC(7) y:  Capacity:     2036M (66%)        2036M (66%)        2036M (66%)        2036M (66%)        2036M (66%)        2036M (66%)    
[2026-06-26T13:54:12.947-0300][10.174s][3772][6460][info][gc,heap     ] GC(7) y:      Free:     2626M (85%)        2622M (85%)        2624M (85%)        2752M (90%)        2752M (90%)        2618M (85%)    
[2026-06-26T13:54:12.947-0300][10.174s][3772][6460][info][gc,heap     ] GC(7) y:      Used:      446M (15%)         450M (15%)         448M (15%)         320M (10%)         454M (15%)         320M (10%)    
[2026-06-26T13:54:12.947-0300][10.174s][3772][6460][info][gc,heap     ] GC(7) y: Young Generation Statistics:
[2026-06-26T13:54:12.947-0300][10.174s][3772][6460][info][gc,heap     ] GC(7) y:                Mark Start          Mark End        Relocate Start      Relocate End    
[2026-06-26T13:54:12.947-0300][10.174s][3772][6460][info][gc,heap     ] GC(7) y:      Used:      154M (5%)          158M (5%)          156M (5%)           28M (1%)     
[2026-06-26T13:54:12.947-0300][10.174s][3772][6460][info][gc,heap     ] GC(7) y:      Live:         -                13M (0%)           13M (0%)           13M (0%)     
[2026-06-26T13:54:12.947-0300][10.174s][3772][6460][info][gc,heap     ] GC(7) y:   Garbage:         -               140M (5%)          138M (5%)            1M (0%)     
[2026-06-26T13:54:12.947-0300][10.174s][3772][6460][info][gc,heap     ] GC(7) y: Allocated:         -                 4M (0%)            4M (0%)           13M (0%)     
[2026-06-26T13:54:12.947-0300][10.174s][3772][6460][info][gc,heap     ] GC(7) y: Reclaimed:         -                  -                 2M (0%)          139M (5%)     
[2026-06-26T13:54:12.947-0300][10.174s][3772][6460][info][gc,heap     ] GC(7) y:  Promoted:         -                  -                 0M (0%)            0M (0%)     
[2026-06-26T13:54:12.947-0300][10.174s][3772][6460][info][gc,heap     ] GC(7) y: Compacted:         -                  -                  -                12M (0%)     
[2026-06-26T13:54:12.947-0300][10.174s][3772][6460][info][gc,phases   ] GC(7) y: Young Generation 446M(15%)->320M(10%) 0.025s
[2026-06-26T13:54:12.947-0300][10.174s][3772][6460][info][gc          ] GC(7) Minor Collection (Allocation Rate) 446M(15%)->320M(10%) 0.026s
[2026-06-26T13:54:13.819-0300][11.045s][3772][6460][info][gc          ] GC(8) Minor Collection (Allocation Rate)
[2026-06-26T13:54:13.819-0300][11.045s][3772][6460][info][gc,task     ] GC(8) Using 2 Workers for Young Generation
[2026-06-26T13:54:13.819-0300][11.046s][3772][6460][info][gc,phases   ] GC(8) y: Young Generation
[2026-06-26T13:54:13.819-0300][11.046s][3772][1692][info][gc,phases   ] GC(8) y: Pause Mark Start 0.010ms
[2026-06-26T13:54:13.879-0300][11.106s][3772][6460][info][gc,phases   ] GC(8) y: Concurrent Mark 59.833ms
[2026-06-26T13:54:13.879-0300][11.106s][3772][1692][info][gc,phases   ] GC(8) y: Pause Mark End 0.012ms
[2026-06-26T13:54:13.879-0300][11.106s][3772][6460][info][gc,phases   ] GC(8) y: Concurrent Mark Free 0.002ms
[2026-06-26T13:54:13.879-0300][11.106s][3772][6460][info][gc,phases   ] GC(8) y: Concurrent Reset Relocation Set 0.005ms
[2026-06-26T13:54:13.879-0300][11.106s][3772][6460][info][gc,reloc    ] GC(8) y: Using tenuring threshold: 3 (Computed)
[2026-06-26T13:54:13.883-0300][11.109s][3772][6460][info][gc,phases   ] GC(8) y: Concurrent Select Relocation Set 3.686ms
[2026-06-26T13:54:13.883-0300][11.110s][3772][1692][info][gc,phases   ] GC(8) y: Pause Relocate Start 0.009ms
[2026-06-26T13:54:13.903-0300][11.130s][3772][6460][info][gc,phases   ] GC(8) y: Concurrent Relocate 20.353ms
[2026-06-26T13:54:13.903-0300][11.130s][3772][6460][info][gc,alloc    ] GC(8) y:                         Mark Start        Mark End      Relocate Start    Relocate End   
[2026-06-26T13:54:13.903-0300][11.130s][3772][6460][info][gc,alloc    ] GC(8) y: Allocation Stalls:          0                0                0                0         
[2026-06-26T13:54:13.904-0300][11.130s][3772][6460][info][gc,load     ] GC(8) y: Load: 0.00 (0%) / 0.00 (0%) / 0.00 (0%)
[2026-06-26T13:54:13.904-0300][11.130s][3772][6460][info][gc,mmu      ] GC(8) y: MMU: 2ms/98.8%, 5ms/99.5%, 10ms/99.8%, 20ms/99.8%, 50ms/99.9%, 100ms/99.9%
[2026-06-26T13:54:13.904-0300][11.130s][3772][6460][info][gc,marking  ] GC(8) y: Mark: 2 stripe(s), 2 proactive flush(es), 1 terminate flush(es), 0 completion(s), 0 continuation(s) 
[2026-06-26T13:54:13.904-0300][11.130s][3772][6460][info][gc,nmethod  ] GC(8) y: NMethods: 5433 registered, 0 unregistered
[2026-06-26T13:54:13.904-0300][11.130s][3772][6460][info][gc,metaspace] GC(8) y: Metaspace: 49M used, 49M committed, 1088M reserved
[2026-06-26T13:54:13.904-0300][11.130s][3772][6460][info][gc,reloc    ] GC(8) y:                        Candidates     Selected     In-Place         Size        Empty    Relocated 
[2026-06-26T13:54:13.904-0300][11.130s][3772][6460][info][gc,reloc    ] GC(8) y: Small Pages:                  132          113            0         264M           0M          20M 
[2026-06-26T13:54:13.904-0300][11.130s][3772][6460][info][gc,reloc    ] GC(8) y: Medium Pages:                   1            0            0          32M           0M           0M 
[2026-06-26T13:54:13.904-0300][11.130s][3772][6460][info][gc,reloc    ] GC(8) y: Large Pages:                    0            0            0           0M           0M           0M 
[2026-06-26T13:54:13.904-0300][11.130s][3772][6460][info][gc,reloc    ] GC(8) y: Forwarding Usage: 11M
[2026-06-26T13:54:13.904-0300][11.130s][3772][6460][info][gc,reloc    ] GC(8) y: Age Table:
[2026-06-26T13:54:13.904-0300][11.130s][3772][6460][info][gc,reloc    ] GC(8) y:                    Live             Garbage             Small              Medium             Large        
[2026-06-26T13:54:13.904-0300][11.130s][3772][6460][info][gc,reloc    ] GC(8) y: Eden              20M (1%)          253M (8%)         121 / 109            1 / 0              0 / 0        
[2026-06-26T13:54:13.904-0300][11.130s][3772][6460][info][gc,reloc    ] GC(8) y: Survivor 1         9M (0%)            4M (0%)           7 / 1              0 / 0              0 / 0        
[2026-06-26T13:54:13.904-0300][11.130s][3772][6460][info][gc,reloc    ] GC(8) y: Survivor 2         2M (0%)            5M (0%)           4 / 3              0 / 0              0 / 0        
[2026-06-26T13:54:13.904-0300][11.130s][3772][6460][info][gc,heap     ] GC(8) y: Min Capacity: 8M(0%)
[2026-06-26T13:54:13.904-0300][11.130s][3772][6460][info][gc,heap     ] GC(8) y: Max Capacity: 3072M(100%)
[2026-06-26T13:54:13.904-0300][11.130s][3772][6460][info][gc,heap     ] GC(8) y: Soft Max Capacity: 3072M(100%)
[2026-06-26T13:54:13.904-0300][11.130s][3772][6460][info][gc,heap     ] GC(8) y: Heap Statistics:
[2026-06-26T13:54:13.904-0300][11.130s][3772][6460][info][gc,heap     ] GC(8) y:                Mark Start          Mark End        Relocate Start      Relocate End           High               Low         
[2026-06-26T13:54:13.904-0300][11.130s][3772][6460][info][gc,heap     ] GC(8) y:  Capacity:     2036M (66%)        2036M (66%)        2036M (66%)        2036M (66%)        2036M (66%)        2036M (66%)    
[2026-06-26T13:54:13.904-0300][11.130s][3772][6460][info][gc,heap     ] GC(8) y:      Free:     2484M (81%)        2448M (80%)        2446M (80%)        2646M (86%)        2646M (86%)        2440M (79%)    
[2026-06-26T13:54:13.904-0300][11.130s][3772][6460][info][gc,heap     ] GC(8) y:      Used:      588M (19%)         624M (20%)         626M (20%)         426M (14%)         632M (21%)         426M (14%)    
[2026-06-26T13:54:13.904-0300][11.130s][3772][6460][info][gc,heap     ] GC(8) y: Young Generation Statistics:
[2026-06-26T13:54:13.904-0300][11.130s][3772][6460][info][gc,heap     ] GC(8) y:                Mark Start          Mark End        Relocate Start      Relocate End    
[2026-06-26T13:54:13.904-0300][11.130s][3772][6460][info][gc,heap     ] GC(8) y:      Used:      296M (10%)         332M (11%)         334M (11%)         134M (4%)     
[2026-06-26T13:54:13.904-0300][11.130s][3772][6460][info][gc,heap     ] GC(8) y:      Live:         -                33M (1%)           33M (1%)           33M (1%)     
[2026-06-26T13:54:13.904-0300][11.130s][3772][6460][info][gc,heap     ] GC(8) y:   Garbage:         -               262M (9%)          262M (9%)           32M (1%)     
[2026-06-26T13:54:13.904-0300][11.130s][3772][6460][info][gc,heap     ] GC(8) y: Allocated:         -                36M (1%)           38M (1%)           68M (2%)     
[2026-06-26T13:54:13.904-0300][11.130s][3772][6460][info][gc,heap     ] GC(8) y: Reclaimed:         -                  -                 0M (0%)          230M (7%)     
[2026-06-26T13:54:13.904-0300][11.130s][3772][6460][info][gc,heap     ] GC(8) y:  Promoted:         -                  -                 0M (0%)            0M (0%)     
[2026-06-26T13:54:13.904-0300][11.130s][3772][6460][info][gc,heap     ] GC(8) y: Compacted:         -                  -                  -                23M (1%)     
[2026-06-26T13:54:13.904-0300][11.130s][3772][6460][info][gc,phases   ] GC(8) y: Young Generation 588M(19%)->426M(14%) 0.084s
[2026-06-26T13:54:13.904-0300][11.130s][3772][6460][info][gc          ] GC(8) Minor Collection (Allocation Rate) 588M(19%)->426M(14%) 0.085s
[2026-06-26T13:54:23.811-0300][21.038s][3772][6460][info][gc          ] GC(9) Minor Collection (Allocation Rate)
[2026-06-26T13:54:23.811-0300][21.039s][3772][6460][info][gc,task     ] GC(9) Using 2 Workers for Young Generation
[2026-06-26T13:54:23.811-0300][21.039s][3772][6460][info][gc,phases   ] GC(9) y: Young Generation
[2026-06-26T13:54:23.811-0300][21.039s][3772][1692][info][gc,phases   ] GC(9) y: Pause Mark Start 0.011ms
[2026-06-26T13:54:24.048-0300][21.275s][3772][6460][info][gc,phases   ] GC(9) y: Concurrent Mark 236.520ms
[2026-06-26T13:54:24.048-0300][21.275s][3772][1692][info][gc,phases   ] GC(9) y: Pause Mark End 0.012ms
[2026-06-26T13:54:24.048-0300][21.275s][3772][6460][info][gc,phases   ] GC(9) y: Concurrent Mark Free 0.005ms
[2026-06-26T13:54:24.048-0300][21.275s][3772][6460][info][gc,phases   ] GC(9) y: Concurrent Reset Relocation Set 0.011ms
[2026-06-26T13:54:24.048-0300][21.275s][3772][6460][info][gc,reloc    ] GC(9) y: Using tenuring threshold: 4 (Computed)
[2026-06-26T13:54:24.064-0300][21.291s][3772][6460][info][gc,phases   ] GC(9) y: Concurrent Select Relocation Set 15.808ms
[2026-06-26T13:54:24.064-0300][21.291s][3772][1692][info][gc,phases   ] GC(9) y: Pause Relocate Start 0.011ms
[2026-06-26T13:54:24.165-0300][21.392s][3772][6460][info][gc,phases   ] GC(9) y: Concurrent Relocate 101.110ms
[2026-06-26T13:54:24.165-0300][21.392s][3772][6460][info][gc,alloc    ] GC(9) y:                         Mark Start        Mark End      Relocate Start    Relocate End   
[2026-06-26T13:54:24.165-0300][21.393s][3772][6460][info][gc,alloc    ] GC(9) y: Allocation Stalls:          0                0                0                0         
[2026-06-26T13:54:24.165-0300][21.393s][3772][6460][info][gc,load     ] GC(9) y: Load: 0.00 (0%) / 0.00 (0%) / 0.00 (0%)
[2026-06-26T13:54:24.165-0300][21.393s][3772][6460][info][gc,mmu      ] GC(9) y: MMU: 2ms/98.8%, 5ms/99.5%, 10ms/99.8%, 20ms/99.8%, 50ms/99.9%, 100ms/99.9%
[2026-06-26T13:54:24.165-0300][21.393s][3772][6460][info][gc,marking  ] GC(9) y: Mark: 2 stripe(s), 8 proactive flush(es), 1 terminate flush(es), 0 completion(s), 0 continuation(s) 
[2026-06-26T13:54:24.165-0300][21.393s][3772][6460][info][gc,nmethod  ] GC(9) y: NMethods: 9773 registered, 0 unregistered
[2026-06-26T13:54:24.165-0300][21.393s][3772][6460][info][gc,metaspace] GC(9) y: Metaspace: 59M used, 60M committed, 1088M reserved
[2026-06-26T13:54:24.165-0300][21.393s][3772][6460][info][gc,reloc    ] GC(9) y:                        Candidates     Selected     In-Place         Size        Empty    Relocated 
[2026-06-26T13:54:24.165-0300][21.393s][3772][6460][info][gc,reloc    ] GC(9) y: Small Pages:                  666          484            0        1332M          80M         138M 
[2026-06-26T13:54:24.165-0300][21.393s][3772][6460][info][gc,reloc    ] GC(9) y: Medium Pages:                   2            1            0          64M           0M           5M 
[2026-06-26T13:54:24.165-0300][21.393s][3772][6460][info][gc,reloc    ] GC(9) y: Large Pages:                    2            0            0          16M          16M           0M 
[2026-06-26T13:54:24.165-0300][21.393s][3772][6460][info][gc,reloc    ] GC(9) y: Forwarding Usage: 75M
[2026-06-26T13:54:24.165-0300][21.393s][3772][6460][info][gc,reloc    ] GC(9) y: Age Table:
[2026-06-26T13:54:24.165-0300][21.393s][3772][6460][info][gc,reloc    ] GC(9) y:                    Live             Garbage             Small              Medium             Large        
[2026-06-26T13:54:24.165-0300][21.393s][3772][6460][info][gc,reloc    ] GC(9) y: Eden             222M (7%)         1111M (36%)        643 / 477            1 / 1              2 / 0        
[2026-06-26T13:54:24.165-0300][21.393s][3772][6460][info][gc,reloc    ] GC(9) y: Survivor 1        18M (1%)           39M (1%)          13 / 3              1 / 0              0 / 0        
[2026-06-26T13:54:24.165-0300][21.393s][3772][6460][info][gc,reloc    ] GC(9) y: Survivor 2         8M (0%)            5M (0%)           7 / 2              0 / 0              0 / 0        
[2026-06-26T13:54:24.165-0300][21.393s][3772][6460][info][gc,reloc    ] GC(9) y: Survivor 3         2M (0%)            3M (0%)           3 / 2              0 / 0              0 / 0        
[2026-06-26T13:54:24.165-0300][21.393s][3772][6460][info][gc,heap     ] GC(9) y: Min Capacity: 8M(0%)
[2026-06-26T13:54:24.165-0300][21.393s][3772][6460][info][gc,heap     ] GC(9) y: Max Capacity: 3072M(100%)
[2026-06-26T13:54:24.165-0300][21.393s][3772][6460][info][gc,heap     ] GC(9) y: Soft Max Capacity: 3072M(100%)
[2026-06-26T13:54:24.165-0300][21.393s][3772][6460][info][gc,heap     ] GC(9) y: Heap Statistics:
[2026-06-26T13:54:24.166-0300][21.393s][3772][6460][info][gc,heap     ] GC(9) y:                Mark Start          Mark End        Relocate Start      Relocate End           High               Low         
[2026-06-26T13:54:24.166-0300][21.393s][3772][6460][info][gc,heap     ] GC(9) y:  Capacity:     2036M (66%)        2036M (66%)        2036M (66%)        2036M (66%)        2036M (66%)        2036M (66%)    
[2026-06-26T13:54:24.166-0300][21.393s][3772][6460][info][gc,heap     ] GC(9) y:      Free:     1368M (45%)        1284M (42%)        1376M (45%)        2334M (76%)        2334M (76%)        1284M (42%)    
[2026-06-26T13:54:24.166-0300][21.393s][3772][6460][info][gc,heap     ] GC(9) y:      Used:     1704M (55%)        1788M (58%)        1696M (55%)         738M (24%)        1788M (58%)         738M (24%)    
[2026-06-26T13:54:24.166-0300][21.393s][3772][6460][info][gc,heap     ] GC(9) y: Young Generation Statistics:
[2026-06-26T13:54:24.166-0300][21.393s][3772][6460][info][gc,heap     ] GC(9) y:                Mark Start          Mark End        Relocate Start      Relocate End    
[2026-06-26T13:54:24.166-0300][21.393s][3772][6460][info][gc,heap     ] GC(9) y:      Used:     1412M (46%)        1496M (49%)        1404M (46%)         446M (15%)    
[2026-06-26T13:54:24.166-0300][21.393s][3772][6460][info][gc,heap     ] GC(9) y:      Live:         -               251M (8%)          251M (8%)          251M (8%)     
[2026-06-26T13:54:24.166-0300][21.393s][3772][6460][info][gc,heap     ] GC(9) y:   Garbage:         -              1160M (38%)        1064M (35%)          11M (0%)     
[2026-06-26T13:54:24.166-0300][21.393s][3772][6460][info][gc,heap     ] GC(9) y: Allocated:         -                84M (3%)           88M (3%)          182M (6%)     
[2026-06-26T13:54:24.166-0300][21.393s][3772][6460][info][gc,heap     ] GC(9) y: Reclaimed:         -                  -                96M (3%)         1148M (37%)    
[2026-06-26T13:54:24.166-0300][21.393s][3772][6460][info][gc,heap     ] GC(9) y:  Promoted:         -                  -                 0M (0%)            0M (0%)     
[2026-06-26T13:54:24.166-0300][21.393s][3772][6460][info][gc,heap     ] GC(9) y: Compacted:         -                  -                  -               191M (6%)     
[2026-06-26T13:54:24.166-0300][21.393s][3772][6460][info][gc,phases   ] GC(9) y: Young Generation 1704M(55%)->738M(24%) 0.354s
[2026-06-26T13:54:24.166-0300][21.393s][3772][6460][info][gc          ] GC(9) Minor Collection (Allocation Rate) 1704M(55%)->738M(24%) 0.354s
[2026-06-26T13:54:24.166-0300][21.393s][3772][8616][info][gc          ] GC(10) Major Collection (Allocation Rate)
[2026-06-26T13:54:24.166-0300][21.393s][3772][8616][info][gc,task     ] GC(10) Using 3 Workers for Young Generation
[2026-06-26T13:54:24.166-0300][21.393s][3772][8616][info][gc,task     ] GC(10) Using 1 Workers for Old Generation
[2026-06-26T13:54:24.166-0300][21.393s][3772][8616][info][gc,phases   ] GC(10) Y: Young Generation
[2026-06-26T13:54:24.166-0300][21.393s][3772][1692][info][gc,phases   ] GC(10) Y: Pause Mark Start (Major) 0.012ms
[2026-06-26T13:54:24.405-0300][21.633s][3772][8616][info][gc,phases   ] GC(10) Y: Concurrent Mark 239.761ms
[2026-06-26T13:54:24.406-0300][21.633s][3772][1692][info][gc,phases   ] GC(10) Y: Pause Mark End 0.014ms
[2026-06-26T13:54:24.406-0300][21.633s][3772][8616][info][gc,phases   ] GC(10) Y: Concurrent Mark Free 0.005ms
[2026-06-26T13:54:24.406-0300][21.633s][3772][8616][info][gc,phases   ] GC(10) Y: Concurrent Reset Relocation Set 0.038ms
[2026-06-26T13:54:24.406-0300][21.633s][3772][8616][info][gc,reloc    ] GC(10) Y: Using tenuring threshold: 1 (Computed)
[2026-06-26T13:54:24.458-0300][21.685s][3772][8616][info][gc,phases   ] GC(10) Y: Concurrent Select Relocation Set 51.785ms
[2026-06-26T13:54:24.458-0300][21.685s][3772][1692][info][gc,phases   ] GC(10) Y: Pause Relocate Start 0.009ms
[2026-06-26T13:54:24.550-0300][21.777s][3772][8616][info][gc,phases   ] GC(10) Y: Concurrent Relocate 91.527ms
[2026-06-26T13:54:24.550-0300][21.777s][3772][8616][info][gc,alloc    ] GC(10) Y:                         Mark Start        Mark End      Relocate Start    Relocate End   
[2026-06-26T13:54:24.550-0300][21.777s][3772][8616][info][gc,alloc    ] GC(10) Y: Allocation Stalls:          0                0                0                0         
[2026-06-26T13:54:24.550-0300][21.777s][3772][8616][info][gc,load     ] GC(10) Y: Load: 0.00 (0%) / 0.00 (0%) / 0.00 (0%)
[2026-06-26T13:54:24.550-0300][21.777s][3772][8616][info][gc,mmu      ] GC(10) Y: MMU: 2ms/98.8%, 5ms/99.5%, 10ms/99.8%, 20ms/99.8%, 50ms/99.9%, 100ms/99.9%
[2026-06-26T13:54:24.550-0300][21.777s][3772][8616][info][gc,marking  ] GC(10) Y: Mark: 2 stripe(s), 2 proactive flush(es), 1 terminate flush(es), 0 completion(s), 0 continuation(s) 
[2026-06-26T13:54:24.550-0300][21.777s][3772][8616][info][gc,nmethod  ] GC(10) Y: NMethods: 9833 registered, 0 unregistered
[2026-06-26T13:54:24.550-0300][21.777s][3772][8616][info][gc,metaspace] GC(10) Y: Metaspace: 59M used, 60M committed, 1088M reserved
[2026-06-26T13:54:24.550-0300][21.777s][3772][8616][info][gc,reloc    ] GC(10) Y:                        Candidates     Selected     In-Place         Size        Empty    Relocated 
[2026-06-26T13:54:24.550-0300][21.777s][3772][8616][info][gc,reloc    ] GC(10) Y: Small Pages:                  175           37            0         350M           8M           6M 
[2026-06-26T13:54:24.550-0300][21.777s][3772][8616][info][gc,reloc    ] GC(10) Y: Medium Pages:                   3            2            0          96M           0M           6M 
[2026-06-26T13:54:24.550-0300][21.777s][3772][8616][info][gc,reloc    ] GC(10) Y: Large Pages:                    0            0            0           0M           0M           0M 
[2026-06-26T13:54:24.550-0300][21.777s][3772][8616][info][gc,reloc    ] GC(10) Y: Forwarding Usage: 3M
[2026-06-26T13:54:24.550-0300][21.777s][3772][8616][info][gc,reloc    ] GC(10) Y: Age Table:
[2026-06-26T13:54:24.550-0300][21.777s][3772][8616][info][gc,reloc    ] GC(10) Y:                    Live             Garbage             Small              Medium             Large        
[2026-06-26T13:54:24.550-0300][21.777s][3772][8616][info][gc,reloc    ] GC(10) Y: Eden               8M (0%)           87M (3%)          32 / 22             1 / 1              0 / 0        
[2026-06-26T13:54:24.550-0300][21.777s][3772][8616][info][gc,reloc    ] GC(10) Y: Survivor 1       221M (7%)           50M (2%)         120 / 8              1 / 1              0 / 0        
[2026-06-26T13:54:24.550-0300][21.777s][3772][8616][info][gc,reloc    ] GC(10) Y: Survivor 2        18M (1%)           37M (1%)          12 / 2              1 / 0              0 / 0        
[2026-06-26T13:54:24.550-0300][21.777s][3772][8616][info][gc,reloc    ] GC(10) Y: Survivor 3         8M (0%)            5M (0%)           7 / 2              0 / 0              0 / 0        
[2026-06-26T13:54:24.550-0300][21.777s][3772][8616][info][gc,reloc    ] GC(10) Y: Survivor 4         2M (0%)            5M (0%)           4 / 3              0 / 0              0 / 0        
[2026-06-26T13:54:24.550-0300][21.777s][3772][8616][info][gc,heap     ] GC(10) Y: Min Capacity: 8M(0%)
[2026-06-26T13:54:24.550-0300][21.777s][3772][8616][info][gc,heap     ] GC(10) Y: Max Capacity: 3072M(100%)
[2026-06-26T13:54:24.550-0300][21.777s][3772][8616][info][gc,heap     ] GC(10) Y: Soft Max Capacity: 3072M(100%)
[2026-06-26T13:54:24.550-0300][21.777s][3772][8616][info][gc,heap     ] GC(10) Y: Heap Statistics:
[2026-06-26T13:54:24.550-0300][21.777s][3772][8616][info][gc,heap     ] GC(10) Y:                Mark Start          Mark End        Relocate Start      Relocate End           High               Low         
[2026-06-26T13:54:24.550-0300][21.777s][3772][8616][info][gc,heap     ] GC(10) Y:  Capacity:     2036M (66%)        2036M (66%)        2036M (66%)        2036M (66%)        2036M (66%)        2036M (66%)    
[2026-06-26T13:54:24.550-0300][21.777s][3772][8616][info][gc,heap     ] GC(10) Y:      Free:     2334M (76%)        2310M (75%)        2318M (75%)        2412M (79%)        2416M (79%)        2252M (73%)    
[2026-06-26T13:54:24.550-0300][21.777s][3772][8616][info][gc,heap     ] GC(10) Y:      Used:      738M (24%)         762M (25%)         754M (25%)         660M (21%)         820M (27%)         656M (21%)    
[2026-06-26T13:54:24.550-0300][21.777s][3772][8616][info][gc,heap     ] GC(10) Y: Young Generation Statistics:
[2026-06-26T13:54:24.550-0300][21.777s][3772][8616][info][gc,heap     ] GC(10) Y:                Mark Start          Mark End        Relocate Start      Relocate End    
[2026-06-26T13:54:24.550-0300][21.777s][3772][8616][info][gc,heap     ] GC(10) Y:      Used:      446M (15%)         470M (15%)         210M (7%)           72M (2%)     
[2026-06-26T13:54:24.550-0300][21.777s][3772][8616][info][gc,heap     ] GC(10) Y:      Live:         -               259M (8%)           19M (1%)            8M (0%)     
[2026-06-26T13:54:24.550-0300][21.777s][3772][8616][info][gc,heap     ] GC(10) Y:   Garbage:         -               186M (6%)          166M (5%)            1M (0%)     
[2026-06-26T13:54:24.550-0300][21.777s][3772][8616][info][gc,heap     ] GC(10) Y: Allocated:         -                24M (1%)           24M (1%)           61M (2%)     
[2026-06-26T13:54:24.550-0300][21.777s][3772][8616][info][gc,heap     ] GC(10) Y: Reclaimed:         -                  -                19M (1%)          184M (6%)     
[2026-06-26T13:54:24.550-0300][21.777s][3772][8616][info][gc,heap     ] GC(10) Y:  Promoted:         -                  -               240M (8%)          251M (8%)     
[2026-06-26T13:54:24.550-0300][21.777s][3772][8616][info][gc,heap     ] GC(10) Y: Compacted:         -                  -                  -                 4M (0%)     
[2026-06-26T13:54:24.550-0300][21.777s][3772][8616][info][gc,phases   ] GC(10) Y: Young Generation 738M(24%)->660M(21%) 0.384s
[2026-06-26T13:54:24.550-0300][21.777s][3772][8616][info][gc,phases   ] GC(10) O: Old Generation
[2026-06-26T13:54:24.859-0300][22.086s][3772][8616][info][gc,phases   ] GC(10) O: Concurrent Mark 308.844ms
[2026-06-26T13:54:24.859-0300][22.086s][3772][1692][info][gc,phases   ] GC(10) O: Pause Mark End 0.013ms
[2026-06-26T13:54:24.859-0300][22.086s][3772][8616][info][gc,phases   ] GC(10) O: Concurrent Mark Free 0.002ms
[2026-06-26T13:54:24.880-0300][22.106s][3772][8616][info][gc,phases   ] GC(10) O: Concurrent Process Non-Strong 20.379ms
[2026-06-26T13:54:24.880-0300][22.106s][3772][8616][info][gc,phases   ] GC(10) O: Concurrent Reset Relocation Set 0.001ms
[2026-06-26T13:54:24.880-0300][22.107s][3772][8616][info][gc,phases   ] GC(10) O: Concurrent Select Relocation Set 0.390ms
[2026-06-26T13:54:24.880-0300][22.107s][3772][8616][info][gc,task     ] GC(10) O: Using 3 Workers for Old Generation
[2026-06-26T13:54:24.884-0300][22.112s][3772][8616][info][gc,task     ] GC(10) O: Using 1 Workers for Old Generation
[2026-06-26T13:54:24.884-0300][22.112s][3772][8616][info][gc,phases   ] GC(10) O: Concurrent Remap Roots 4.916ms
[2026-06-26T13:54:24.884-0300][22.112s][3772][1692][info][gc,phases   ] GC(10) O: Pause Relocate Start 0.010ms
[2026-06-26T13:54:24.887-0300][22.114s][3772][8616][info][gc,phases   ] GC(10) O: Concurrent Relocate 2.405ms
[2026-06-26T13:54:24.887-0300][22.114s][3772][8616][info][gc,alloc    ] GC(10) O:                         Mark Start        Mark End      Relocate Start    Relocate End   
[2026-06-26T13:54:24.887-0300][22.114s][3772][8616][info][gc,alloc    ] GC(10) O: Allocation Stalls:          0                0                0                0         
[2026-06-26T13:54:24.887-0300][22.114s][3772][8616][info][gc,load     ] GC(10) O: Load: 0.00 (0%) / 0.00 (0%) / 0.00 (0%)
[2026-06-26T13:54:24.887-0300][22.114s][3772][8616][info][gc,mmu      ] GC(10) O: MMU: 2ms/98.8%, 5ms/99.5%, 10ms/99.8%, 20ms/99.8%, 50ms/99.9%, 100ms/99.9%
[2026-06-26T13:54:24.887-0300][22.114s][3772][8616][info][gc,marking  ] GC(10) O: Mark: 1 stripe(s), 2 proactive flush(es), 1 terminate flush(es), 0 completion(s), 0 continuation(s) 
[2026-06-26T13:54:24.887-0300][22.114s][3772][8616][info][gc,nmethod  ] GC(10) O: NMethods: 8289 registered, 1552 unregistered
[2026-06-26T13:54:24.887-0300][22.114s][3772][8616][info][gc,metaspace] GC(10) O: Metaspace: 59M used, 60M committed, 1088M reserved
[2026-06-26T13:54:24.887-0300][22.114s][3772][8616][info][gc,ref      ] GC(10) O:                       Encountered   Discovered     Enqueued 
[2026-06-26T13:54:24.887-0300][22.114s][3772][8616][info][gc,ref      ] GC(10) O: Soft References:             5063            0            0 
[2026-06-26T13:54:24.887-0300][22.114s][3772][8616][info][gc,ref      ] GC(10) O: Weak References:             4886         1022            0 
[2026-06-26T13:54:24.887-0300][22.114s][3772][8616][info][gc,ref      ] GC(10) O: Final References:              20            0            0 
[2026-06-26T13:54:24.887-0300][22.114s][3772][8616][info][gc,ref      ] GC(10) O: Phantom References:         10291         4174            0 
[2026-06-26T13:54:24.887-0300][22.114s][3772][8616][info][gc,reloc    ] GC(10) O:                        Candidates     Selected     In-Place         Size        Empty    Relocated 
[2026-06-26T13:54:24.887-0300][22.114s][3772][8616][info][gc,reloc    ] GC(10) O: Small Pages:                  108            8            0         216M           0M           1M 
[2026-06-26T13:54:24.887-0300][22.114s][3772][8616][info][gc,reloc    ] GC(10) O: Medium Pages:                   2            1            0          64M           0M           8M 
[2026-06-26T13:54:24.887-0300][22.115s][3772][8616][info][gc,reloc    ] GC(10) O: Large Pages:                    1            0            0          12M           0M           0M 
[2026-06-26T13:54:24.887-0300][22.115s][3772][8616][info][gc,reloc    ] GC(10) O: Forwarding Usage: 0M
[2026-06-26T13:54:24.887-0300][22.115s][3772][8616][info][gc,heap     ] GC(10) O: Min Capacity: 8M(0%)
[2026-06-26T13:54:24.887-0300][22.115s][3772][8616][info][gc,heap     ] GC(10) O: Max Capacity: 3072M(100%)
[2026-06-26T13:54:24.887-0300][22.115s][3772][8616][info][gc,heap     ] GC(10) O: Soft Max Capacity: 3072M(100%)
[2026-06-26T13:54:24.887-0300][22.115s][3772][8616][info][gc,heap     ] GC(10) O: Heap Statistics:
[2026-06-26T13:54:24.887-0300][22.115s][3772][8616][info][gc,heap     ] GC(10) O:                Mark Start          Mark End        Relocate Start      Relocate End           High               Low         
[2026-06-26T13:54:24.887-0300][22.115s][3772][8616][info][gc,heap     ] GC(10) O:  Capacity:     2036M (66%)        2036M (66%)        2036M (66%)        2036M (66%)        2036M (66%)        2036M (66%)    
[2026-06-26T13:54:24.887-0300][22.115s][3772][8616][info][gc,heap     ] GC(10) O:      Free:     2334M (76%)        2410M (78%)        2410M (78%)        2450M (80%)        2450M (80%)        2252M (73%)    
[2026-06-26T13:54:24.887-0300][22.115s][3772][8616][info][gc,heap     ] GC(10) O:      Used:      738M (24%)         662M (22%)         662M (22%)         622M (20%)         820M (27%)         622M (20%)    
[2026-06-26T13:54:24.887-0300][22.115s][3772][8616][info][gc,heap     ] GC(10) O: Old Generation Statistics:
[2026-06-26T13:54:24.887-0300][22.115s][3772][8616][info][gc,heap     ] GC(10) O:                Mark Start          Mark End        Relocate Start      Relocate End    
[2026-06-26T13:54:24.887-0300][22.115s][3772][8616][info][gc,heap     ] GC(10) O:      Used:      292M (10%)         588M (19%)         588M (19%)         548M (18%)    
[2026-06-26T13:54:24.887-0300][22.115s][3772][8616][info][gc,heap     ] GC(10) O:      Live:         -               216M (7%)          216M (7%)          216M (7%)     
[2026-06-26T13:54:24.887-0300][22.115s][3772][8616][info][gc,heap     ] GC(10) O:   Garbage:         -                75M (2%)           75M (2%)            4M (0%)     
[2026-06-26T13:54:24.887-0300][22.115s][3772][8616][info][gc,heap     ] GC(10) O: Allocated:         -               296M (10%)         296M (10%)         327M (11%)    
[2026-06-26T13:54:24.887-0300][22.115s][3772][8616][info][gc,heap     ] GC(10) O: Reclaimed:         -                  -                 0M (0%)           71M (2%)     
[2026-06-26T13:54:24.887-0300][22.115s][3772][8616][info][gc,heap     ] GC(10) O: Compacted:         -                  -                  -                10M (0%)     
[2026-06-26T13:54:24.887-0300][22.115s][3772][8616][info][gc,phases   ] GC(10) O: Old Generation 660M(21%)->622M(20%) 0.337s
[2026-06-26T13:54:24.887-0300][22.115s][3772][8616][info][gc          ] GC(10) Major Collection (Allocation Rate) 738M(24%)->622M(20%) 0.722s
[2026-06-26T13:54:26.741-0300][23.967s][3772][6460][info][gc          ] GC(11) Minor Collection (Allocation Rate)
[2026-06-26T13:54:26.741-0300][23.967s][3772][6460][info][gc,task     ] GC(11) Using 3 Workers for Young Generation
[2026-06-26T13:54:26.741-0300][23.967s][3772][6460][info][gc,phases   ] GC(11) y: Young Generation
[2026-06-26T13:54:26.741-0300][23.967s][3772][1692][info][gc,phases   ] GC(11) y: Pause Mark Start 0.010ms
[2026-06-26T13:54:26.769-0300][23.996s][3772][6460][info][gc,phases   ] GC(11) y: Concurrent Mark 28.453ms
[2026-06-26T13:54:26.769-0300][23.996s][3772][1692][info][gc,phases   ] GC(11) y: Pause Mark End 0.013ms
[2026-06-26T13:54:26.769-0300][23.996s][3772][6460][info][gc,phases   ] GC(11) y: Concurrent Mark Free 0.004ms
[2026-06-26T13:54:26.769-0300][23.996s][3772][6460][info][gc,phases   ] GC(11) y: Concurrent Reset Relocation Set 0.172ms
[2026-06-26T13:54:26.769-0300][23.996s][3772][6460][info][gc,reloc    ] GC(11) y: Using tenuring threshold: 2 (Computed)
[2026-06-26T13:54:26.770-0300][23.997s][3772][6460][info][gc,phases   ] GC(11) y: Concurrent Select Relocation Set 0.402ms
[2026-06-26T13:54:26.770-0300][23.997s][3772][1692][info][gc,phases   ] GC(11) y: Pause Relocate Start 0.005ms
[2026-06-26T13:54:26.772-0300][23.999s][3772][6460][info][gc,phases   ] GC(11) y: Concurrent Relocate 1.985ms
[2026-06-26T13:54:26.772-0300][23.999s][3772][6460][info][gc,alloc    ] GC(11) y:                         Mark Start        Mark End      Relocate Start    Relocate End   
[2026-06-26T13:54:26.772-0300][23.999s][3772][6460][info][gc,alloc    ] GC(11) y: Allocation Stalls:          0                0                0                0         
[2026-06-26T13:54:26.772-0300][23.999s][3772][6460][info][gc,load     ] GC(11) y: Load: 0.00 (0%) / 0.00 (0%) / 0.00 (0%)
[2026-06-26T13:54:26.772-0300][23.999s][3772][6460][info][gc,mmu      ] GC(11) y: MMU: 2ms/98.8%, 5ms/99.5%, 10ms/99.8%, 20ms/99.8%, 50ms/99.9%, 100ms/99.9%
[2026-06-26T13:54:26.772-0300][23.999s][3772][6460][info][gc,marking  ] GC(11) y: Mark: 2 stripe(s), 7 proactive flush(es), 1 terminate flush(es), 0 completion(s), 0 continuation(s) 
[2026-06-26T13:54:26.772-0300][23.999s][3772][6460][info][gc,nmethod  ] GC(11) y: NMethods: 8846 registered, 1552 unregistered
[2026-06-26T13:54:26.772-0300][23.999s][3772][6460][info][gc,metaspace] GC(11) y: Metaspace: 59M used, 60M committed, 1088M reserved
[2026-06-26T13:54:26.772-0300][23.999s][3772][6460][info][gc,reloc    ] GC(11) y:                        Candidates     Selected     In-Place         Size        Empty    Relocated 
[2026-06-26T13:54:26.772-0300][23.999s][3772][6460][info][gc,reloc    ] GC(11) y: Small Pages:                   61           37            0         122M           8M           4M 
[2026-06-26T13:54:26.772-0300][23.999s][3772][6460][info][gc,reloc    ] GC(11) y: Medium Pages:                   1            0            0          32M           0M           0M 
[2026-06-26T13:54:26.772-0300][23.999s][3772][6460][info][gc,reloc    ] GC(11) y: Large Pages:                    0            0            0           0M           0M           0M 
[2026-06-26T13:54:26.772-0300][23.999s][3772][6460][info][gc,reloc    ] GC(11) y: Forwarding Usage: 1M
[2026-06-26T13:54:26.772-0300][23.999s][3772][6460][info][gc,reloc    ] GC(11) y: Age Table:
[2026-06-26T13:54:26.772-0300][23.999s][3772][6460][info][gc,reloc    ] GC(11) y:                    Live             Garbage             Small              Medium             Large        
[2026-06-26T13:54:26.772-0300][23.999s][3772][6460][info][gc,reloc    ] GC(11) y: Eden              22M (1%)           87M (3%)          55 / 36             0 / 0              0 / 0        
[2026-06-26T13:54:26.772-0300][23.999s][3772][6460][info][gc,reloc    ] GC(11) y: Survivor 1         8M (0%)           35M (1%)           6 / 1              1 / 0              0 / 0        
[2026-06-26T13:54:26.772-0300][23.999s][3772][6460][info][gc,heap     ] GC(11) y: Min Capacity: 8M(0%)
[2026-06-26T13:54:26.772-0300][23.999s][3772][6460][info][gc,heap     ] GC(11) y: Max Capacity: 3072M(100%)
[2026-06-26T13:54:26.772-0300][23.999s][3772][6460][info][gc,heap     ] GC(11) y: Soft Max Capacity: 3072M(100%)
[2026-06-26T13:54:26.772-0300][23.999s][3772][6460][info][gc,heap     ] GC(11) y: Heap Statistics:
[2026-06-26T13:54:26.772-0300][23.999s][3772][6460][info][gc,heap     ] GC(11) y:                Mark Start          Mark End        Relocate Start      Relocate End           High               Low         
[2026-06-26T13:54:26.772-0300][23.999s][3772][6460][info][gc,heap     ] GC(11) y:  Capacity:     2036M (66%)        2036M (66%)        2036M (66%)        2036M (66%)        2036M (66%)        2036M (66%)    
[2026-06-26T13:54:26.772-0300][23.999s][3772][6460][info][gc,heap     ] GC(11) y:      Free:     2370M (77%)        2356M (77%)        2364M (77%)        2434M (79%)        2434M (79%)        2356M (77%)    
[2026-06-26T13:54:26.772-0300][23.999s][3772][6460][info][gc,heap     ] GC(11) y:      Used:      702M (23%)         716M (23%)         708M (23%)         638M (21%)         716M (23%)         638M (21%)    
[2026-06-26T13:54:26.772-0300][23.999s][3772][6460][info][gc,heap     ] GC(11) y: Young Generation Statistics:
[2026-06-26T13:54:26.772-0300][23.999s][3772][6460][info][gc,heap     ] GC(11) y:                Mark Start          Mark End        Relocate Start      Relocate End    
[2026-06-26T13:54:26.772-0300][23.999s][3772][6460][info][gc,heap     ] GC(11) y:      Used:      154M (5%)          168M (5%)          160M (5%)           90M (3%)     
[2026-06-26T13:54:26.772-0300][23.999s][3772][6460][info][gc,heap     ] GC(11) y:      Live:         -                30M (1%)           30M (1%)           30M (1%)     
[2026-06-26T13:54:26.772-0300][23.999s][3772][6460][info][gc,heap     ] GC(11) y:   Garbage:         -               123M (4%)          115M (4%)           40M (1%)     
[2026-06-26T13:54:26.772-0300][23.999s][3772][6460][info][gc,heap     ] GC(11) y: Allocated:         -                14M (0%)           14M (0%)           18M (1%)     
[2026-06-26T13:54:26.772-0300][23.999s][3772][6460][info][gc,heap     ] GC(11) y: Reclaimed:         -                  -                 8M (0%)           82M (3%)     
[2026-06-26T13:54:26.772-0300][23.999s][3772][6460][info][gc,heap     ] GC(11) y:  Promoted:         -                  -                 0M (0%)            0M (0%)     
[2026-06-26T13:54:26.772-0300][23.999s][3772][6460][info][gc,heap     ] GC(11) y: Compacted:         -                  -                  -                 5M (0%)     
[2026-06-26T13:54:26.772-0300][23.999s][3772][6460][info][gc,phases   ] GC(11) y: Young Generation 702M(23%)->638M(21%) 0.031s
[2026-06-26T13:54:26.772-0300][23.999s][3772][6460][info][gc          ] GC(11) Minor Collection (Allocation Rate) 702M(23%)->638M(21%) 0.032s
[2026-06-26T13:54:27.068-0300][24.295s][3772][8616][info][gc          ] GC(12) Major Collection (Allocation Rate)
[2026-06-26T13:54:27.068-0300][24.295s][3772][8616][info][gc,task     ] GC(12) Using 3 Workers for Young Generation
[2026-06-26T13:54:27.068-0300][24.295s][3772][8616][info][gc,task     ] GC(12) Using 2 Workers for Old Generation
[2026-06-26T13:54:27.068-0300][24.295s][3772][8616][info][gc,phases   ] GC(12) Y: Young Generation
[2026-06-26T13:54:27.068-0300][24.295s][3772][1692][info][gc,phases   ] GC(12) Y: Pause Mark Start (Major) 0.012ms
[2026-06-26T13:54:27.092-0300][24.319s][3772][8616][info][gc,phases   ] GC(12) Y: Concurrent Mark 24.570ms
[2026-06-26T13:54:27.092-0300][24.320s][3772][1692][info][gc,phases   ] GC(12) Y: Pause Mark End 0.012ms
[2026-06-26T13:54:27.092-0300][24.320s][3772][8616][info][gc,phases   ] GC(12) Y: Concurrent Mark Free 0.002ms
[2026-06-26T13:54:27.092-0300][24.320s][3772][8616][info][gc,phases   ] GC(12) Y: Concurrent Reset Relocation Set 0.002ms
[2026-06-26T13:54:27.093-0300][24.320s][3772][8616][info][gc,reloc    ] GC(12) Y: Using tenuring threshold: 1 (Computed)
[2026-06-26T13:54:27.099-0300][24.326s][3772][8616][info][gc,phases   ] GC(12) Y: Concurrent Select Relocation Set 6.213ms
[2026-06-26T13:54:27.099-0300][24.326s][3772][1692][info][gc,phases   ] GC(12) Y: Pause Relocate Start 0.009ms
[2026-06-26T13:54:27.111-0300][24.337s][3772][8616][info][gc,phases   ] GC(12) Y: Concurrent Relocate 11.271ms
[2026-06-26T13:54:27.111-0300][24.337s][3772][8616][info][gc,alloc    ] GC(12) Y:                         Mark Start        Mark End      Relocate Start    Relocate End   
[2026-06-26T13:54:27.111-0300][24.337s][3772][8616][info][gc,alloc    ] GC(12) Y: Allocation Stalls:          0                0                0                0         
[2026-06-26T13:54:27.111-0300][24.337s][3772][8616][info][gc,load     ] GC(12) Y: Load: 0.00 (0%) / 0.00 (0%) / 0.00 (0%)
[2026-06-26T13:54:27.111-0300][24.337s][3772][8616][info][gc,mmu      ] GC(12) Y: MMU: 2ms/98.8%, 5ms/99.5%, 10ms/99.8%, 20ms/99.8%, 50ms/99.9%, 100ms/99.9%
[2026-06-26T13:54:27.111-0300][24.337s][3772][8616][info][gc,marking  ] GC(12) Y: Mark: 2 stripe(s), 10 proactive flush(es), 1 terminate flush(es), 0 completion(s), 0 continuation(s) 
[2026-06-26T13:54:27.111-0300][24.337s][3772][8616][info][gc,nmethod  ] GC(12) Y: NMethods: 9205 registered, 1552 unregistered
[2026-06-26T13:54:27.111-0300][24.337s][3772][8616][info][gc,metaspace] GC(12) Y: Metaspace: 60M used, 61M committed, 1088M reserved
[2026-06-26T13:54:27.111-0300][24.337s][3772][8616][info][gc,reloc    ] GC(12) Y:                        Candidates     Selected     In-Place         Size        Empty    Relocated 
[2026-06-26T13:54:27.111-0300][24.337s][3772][8616][info][gc,reloc    ] GC(12) Y: Small Pages:                   61           41            0         122M           0M           2M 
[2026-06-26T13:54:27.111-0300][24.337s][3772][8616][info][gc,reloc    ] GC(12) Y: Medium Pages:                   1            0            0          32M           0M           0M 
[2026-06-26T13:54:27.111-0300][24.337s][3772][8616][info][gc,reloc    ] GC(12) Y: Large Pages:                    0            0            0           0M           0M           0M 
[2026-06-26T13:54:27.111-0300][24.337s][3772][8616][info][gc,reloc    ] GC(12) Y: Forwarding Usage: 1M
[2026-06-26T13:54:27.111-0300][24.337s][3772][8616][info][gc,reloc    ] GC(12) Y: Age Table:
[2026-06-26T13:54:27.111-0300][24.337s][3772][8616][info][gc,reloc    ] GC(12) Y:                    Live             Garbage             Small              Medium             Large        
[2026-06-26T13:54:27.111-0300][24.337s][3772][8616][info][gc,reloc    ] GC(12) Y: Eden               1M (0%)           76M (2%)          39 / 39             0 / 0              0 / 0        
[2026-06-26T13:54:27.111-0300][24.337s][3772][8616][info][gc,reloc    ] GC(12) Y: Survivor 1        21M (1%)           10M (0%)          16 / 1              0 / 0              0 / 0        
[2026-06-26T13:54:27.111-0300][24.337s][3772][8616][info][gc,reloc    ] GC(12) Y: Survivor 2         8M (0%)           35M (1%)           6 / 1              1 / 0              0 / 0        
[2026-06-26T13:54:27.111-0300][24.337s][3772][8616][info][gc,heap     ] GC(12) Y: Min Capacity: 8M(0%)
[2026-06-26T13:54:27.111-0300][24.337s][3772][8616][info][gc,heap     ] GC(12) Y: Max Capacity: 3072M(100%)
[2026-06-26T13:54:27.111-0300][24.337s][3772][8616][info][gc,heap     ] GC(12) Y: Soft Max Capacity: 3072M(100%)
[2026-06-26T13:54:27.111-0300][24.337s][3772][8616][info][gc,heap     ] GC(12) Y: Heap Statistics:
[2026-06-26T13:54:27.111-0300][24.337s][3772][8616][info][gc,heap     ] GC(12) Y:                Mark Start          Mark End        Relocate Start      Relocate End           High               Low         
[2026-06-26T13:54:27.111-0300][24.337s][3772][8616][info][gc,heap     ] GC(12) Y:  Capacity:     2036M (66%)        2036M (66%)        2036M (66%)        2036M (66%)        2036M (66%)        2036M (66%)    
[2026-06-26T13:54:27.111-0300][24.337s][3772][8616][info][gc,heap     ] GC(12) Y:      Free:     2370M (77%)        2358M (77%)        2358M (77%)        2434M (79%)        2434M (79%)        2352M (77%)    
[2026-06-26T13:54:27.111-0300][24.337s][3772][8616][info][gc,heap     ] GC(12) Y:      Used:      702M (23%)         714M (23%)         714M (23%)         638M (21%)         720M (23%)         638M (21%)    
[2026-06-26T13:54:27.111-0300][24.338s][3772][8616][info][gc,heap     ] GC(12) Y: Young Generation Statistics:
[2026-06-26T13:54:27.111-0300][24.338s][3772][8616][info][gc,heap     ] GC(12) Y:                Mark Start          Mark End        Relocate Start      Relocate End    
[2026-06-26T13:54:27.111-0300][24.338s][3772][8616][info][gc,heap     ] GC(12) Y:      Used:      154M (5%)          166M (5%)          100M (3%)           18M (1%)     
[2026-06-26T13:54:27.111-0300][24.338s][3772][8616][info][gc,heap     ] GC(12) Y:      Live:         -                31M (1%)            5M (0%)            1M (0%)     
[2026-06-26T13:54:27.111-0300][24.338s][3772][8616][info][gc,heap     ] GC(12) Y:   Garbage:         -               122M (4%)           82M (3%)            0M (0%)     
[2026-06-26T13:54:27.111-0300][24.338s][3772][8616][info][gc,heap     ] GC(12) Y: Allocated:         -                12M (0%)           12M (0%)           16M (1%)     
[2026-06-26T13:54:27.111-0300][24.338s][3772][8616][info][gc,heap     ] GC(12) Y: Reclaimed:         -                  -                39M (1%)          122M (4%)     
[2026-06-26T13:54:27.111-0300][24.338s][3772][8616][info][gc,heap     ] GC(12) Y:  Promoted:         -                  -                26M (1%)           30M (1%)     
[2026-06-26T13:54:27.111-0300][24.338s][3772][8616][info][gc,heap     ] GC(12) Y: Compacted:         -                  -                  -                 1M (0%)     
[2026-06-26T13:54:27.111-0300][24.338s][3772][8616][info][gc,phases   ] GC(12) Y: Young Generation 702M(23%)->638M(21%) 0.042s
[2026-06-26T13:54:27.111-0300][24.338s][3772][8616][info][gc,phases   ] GC(12) O: Old Generation
[2026-06-26T13:54:27.562-0300][24.789s][3772][8616][info][gc,phases   ] GC(12) O: Concurrent Mark 450.880ms
[2026-06-26T13:54:27.562-0300][24.789s][3772][1692][info][gc,phases   ] GC(12) O: Pause Mark End 0.019ms
[2026-06-26T13:54:27.562-0300][24.789s][3772][8616][info][gc,phases   ] GC(12) O: Concurrent Mark Free 0.002ms
[2026-06-26T13:54:27.572-0300][24.799s][3772][8616][info][gc,phases   ] GC(12) O: Concurrent Process Non-Strong 10.282ms
[2026-06-26T13:54:27.572-0300][24.799s][3772][8616][info][gc,phases   ] GC(12) O: Concurrent Reset Relocation Set 0.002ms
[2026-06-26T13:54:27.574-0300][24.801s][3772][8616][info][gc,phases   ] GC(12) O: Concurrent Select Relocation Set 2.249ms
[2026-06-26T13:54:27.575-0300][24.801s][3772][8616][info][gc,task     ] GC(12) O: Using 3 Workers for Old Generation
[2026-06-26T13:54:27.579-0300][24.806s][3772][8616][info][gc,task     ] GC(12) O: Using 2 Workers for Old Generation
[2026-06-26T13:54:27.579-0300][24.806s][3772][8616][info][gc,phases   ] GC(12) O: Concurrent Remap Roots 4.751ms
[2026-06-26T13:54:27.579-0300][24.806s][3772][1692][info][gc,phases   ] GC(12) O: Pause Relocate Start 0.009ms
[2026-06-26T13:54:27.602-0300][24.829s][3772][8616][info][gc,phases   ] GC(12) O: Concurrent Relocate 22.923ms
[2026-06-26T13:54:27.602-0300][24.829s][3772][8616][info][gc,alloc    ] GC(12) O:                         Mark Start        Mark End      Relocate Start    Relocate End   
[2026-06-26T13:54:27.602-0300][24.829s][3772][8616][info][gc,alloc    ] GC(12) O: Allocation Stalls:          0                0                0                0         
[2026-06-26T13:54:27.602-0300][24.829s][3772][8616][info][gc,load     ] GC(12) O: Load: 0.00 (0%) / 0.00 (0%) / 0.00 (0%)
[2026-06-26T13:54:27.602-0300][24.829s][3772][8616][info][gc,mmu      ] GC(12) O: MMU: 2ms/98.8%, 5ms/99.5%, 10ms/99.8%, 20ms/99.8%, 50ms/99.9%, 100ms/99.9%
[2026-06-26T13:54:27.602-0300][24.829s][3772][8616][info][gc,marking  ] GC(12) O: Mark: 2 stripe(s), 3 proactive flush(es), 1 terminate flush(es), 0 completion(s), 0 continuation(s) 
[2026-06-26T13:54:27.602-0300][24.829s][3772][8616][info][gc,nmethod  ] GC(12) O: NMethods: 9112 registered, 1852 unregistered
[2026-06-26T13:54:27.602-0300][24.829s][3772][8616][info][gc,metaspace] GC(12) O: Metaspace: 60M used, 61M committed, 1088M reserved
[2026-06-26T13:54:27.602-0300][24.829s][3772][8616][info][gc,ref      ] GC(12) O:                       Encountered   Discovered     Enqueued 
[2026-06-26T13:54:27.602-0300][24.829s][3772][8616][info][gc,ref      ] GC(12) O: Soft References:             5094            0            0 
[2026-06-26T13:54:27.602-0300][24.829s][3772][8616][info][gc,ref      ] GC(12) O: Weak References:             4908         3488         1150 
[2026-06-26T13:54:27.602-0300][24.829s][3772][8616][info][gc,ref      ] GC(12) O: Final References:              20            8            7 
[2026-06-26T13:54:27.602-0300][24.829s][3772][8616][info][gc,ref      ] GC(12) O: Phantom References:         11321        10269         3861 
[2026-06-26T13:54:27.602-0300][24.829s][3772][8616][info][gc,reloc    ] GC(12) O:                        Candidates     Selected     In-Place         Size        Empty    Relocated 
[2026-06-26T13:54:27.602-0300][24.829s][3772][8616][info][gc,reloc    ] GC(12) O: Small Pages:                  236            7            0         472M           6M           5M 
[2026-06-26T13:54:27.602-0300][24.829s][3772][8616][info][gc,reloc    ] GC(12) O: Medium Pages:                   2            1            0          64M           0M           9M 
[2026-06-26T13:54:27.602-0300][24.829s][3772][8616][info][gc,reloc    ] GC(12) O: Large Pages:                    1            0            0          12M           0M           0M 
[2026-06-26T13:54:27.602-0300][24.829s][3772][8616][info][gc,reloc    ] GC(12) O: Forwarding Usage: 15M
[2026-06-26T13:54:27.602-0300][24.829s][3772][8616][info][gc,heap     ] GC(12) O: Min Capacity: 8M(0%)
[2026-06-26T13:54:27.602-0300][24.829s][3772][8616][info][gc,heap     ] GC(12) O: Max Capacity: 3072M(100%)
[2026-06-26T13:54:27.602-0300][24.829s][3772][8616][info][gc,heap     ] GC(12) O: Soft Max Capacity: 3072M(100%)
[2026-06-26T13:54:27.602-0300][24.829s][3772][8616][info][gc,heap     ] GC(12) O: Heap Statistics:
[2026-06-26T13:54:27.602-0300][24.829s][3772][8616][info][gc,heap     ] GC(12) O:                Mark Start          Mark End        Relocate Start      Relocate End           High               Low         
[2026-06-26T13:54:27.602-0300][24.829s][3772][8616][info][gc,heap     ] GC(12) O:  Capacity:     2036M (66%)        2036M (66%)        2036M (66%)        2036M (66%)        2036M (66%)        2036M (66%)    
[2026-06-26T13:54:27.602-0300][24.829s][3772][8616][info][gc,heap     ] GC(12) O:      Free:     2370M (77%)        2344M (76%)        2350M (76%)        2400M (78%)        2434M (79%)        2318M (75%)    
[2026-06-26T13:54:27.602-0300][24.829s][3772][8616][info][gc,heap     ] GC(12) O:      Used:      702M (23%)         728M (24%)         722M (24%)         672M (22%)         754M (25%)         638M (21%)    
[2026-06-26T13:54:27.603-0300][24.829s][3772][8616][info][gc,heap     ] GC(12) O: Old Generation Statistics:
[2026-06-26T13:54:27.603-0300][24.829s][3772][8616][info][gc,heap     ] GC(12) O:                Mark Start          Mark End        Relocate Start      Relocate End    
[2026-06-26T13:54:27.603-0300][24.829s][3772][8616][info][gc,heap     ] GC(12) O:      Used:      548M (18%)         620M (20%)         614M (20%)         564M (18%)    
[2026-06-26T13:54:27.603-0300][24.829s][3772][8616][info][gc,heap     ] GC(12) O:      Live:         -               466M (15%)         466M (15%)         466M (15%)    
[2026-06-26T13:54:27.603-0300][24.829s][3772][8616][info][gc,heap     ] GC(12) O:   Garbage:         -                81M (3%)           75M (2%)            6M (0%)     
[2026-06-26T13:54:27.603-0300][24.829s][3772][8616][info][gc,heap     ] GC(12) O: Allocated:         -                72M (2%)           72M (2%)           91M (3%)     
[2026-06-26T13:54:27.603-0300][24.829s][3772][8616][info][gc,heap     ] GC(12) O: Reclaimed:         -                  -                 6M (0%)           75M (2%)     
[2026-06-26T13:54:27.603-0300][24.830s][3772][8616][info][gc,heap     ] GC(12) O: Compacted:         -                  -                  -                56M (2%)     
[2026-06-26T13:54:27.603-0300][24.830s][3772][8616][info][gc,phases   ] GC(12) O: Old Generation 638M(21%)->672M(22%) 0.492s
[2026-06-26T13:54:27.603-0300][24.830s][3772][8616][info][gc          ] GC(12) Major Collection (Allocation Rate) 702M(23%)->672M(22%) 0.535s
[2026-06-26T13:54:28.011-0300][25.238s][3772][6460][info][gc          ] GC(13) Minor Collection (Allocation Rate)
[2026-06-26T13:54:28.011-0300][25.238s][3772][6460][info][gc,task     ] GC(13) Using 3 Workers for Young Generation
[2026-06-26T13:54:28.011-0300][25.238s][3772][6460][info][gc,phases   ] GC(13) y: Young Generation
[2026-06-26T13:54:28.012-0300][25.238s][3772][1692][info][gc,phases   ] GC(13) y: Pause Mark Start 0.009ms
[2026-06-26T13:54:28.025-0300][25.253s][3772][6460][info][gc,phases   ] GC(13) y: Concurrent Mark 14.394ms
[2026-06-26T13:54:28.025-0300][25.253s][3772][1692][info][gc,phases   ] GC(13) y: Pause Mark End 0.009ms
[2026-06-26T13:54:28.025-0300][25.253s][3772][6460][info][gc,phases   ] GC(13) y: Concurrent Mark Free 0.003ms
[2026-06-26T13:54:28.026-0300][25.253s][3772][6460][info][gc,phases   ] GC(13) y: Concurrent Reset Relocation Set 0.074ms
[2026-06-26T13:54:28.026-0300][25.253s][3772][6460][info][gc,reloc    ] GC(13) y: Using tenuring threshold: 2 (Computed)
[2026-06-26T13:54:28.027-0300][25.254s][3772][6460][info][gc,phases   ] GC(13) y: Concurrent Select Relocation Set 1.421ms
[2026-06-26T13:54:28.027-0300][25.254s][3772][1692][info][gc,phases   ] GC(13) y: Pause Relocate Start 0.005ms
[2026-06-26T13:54:28.034-0300][25.261s][3772][6460][info][gc,phases   ] GC(13) y: Concurrent Relocate 6.142ms
[2026-06-26T13:54:28.034-0300][25.261s][3772][6460][info][gc,alloc    ] GC(13) y:                         Mark Start        Mark End      Relocate Start    Relocate End   
[2026-06-26T13:54:28.034-0300][25.261s][3772][6460][info][gc,alloc    ] GC(13) y: Allocation Stalls:          0                0                0                0         
[2026-06-26T13:54:28.034-0300][25.261s][3772][6460][info][gc,load     ] GC(13) y: Load: 0.00 (0%) / 0.00 (0%) / 0.00 (0%)
[2026-06-26T13:54:28.034-0300][25.261s][3772][6460][info][gc,mmu      ] GC(13) y: MMU: 2ms/98.8%, 5ms/99.5%, 10ms/99.8%, 20ms/99.8%, 50ms/99.9%, 100ms/99.9%
[2026-06-26T13:54:28.034-0300][25.261s][3772][6460][info][gc,marking  ] GC(13) y: Mark: 2 stripe(s), 2 proactive flush(es), 1 terminate flush(es), 0 completion(s), 0 continuation(s) 
[2026-06-26T13:54:28.034-0300][25.261s][3772][6460][info][gc,nmethod  ] GC(13) y: NMethods: 9138 registered, 1852 unregistered
[2026-06-26T13:54:28.034-0300][25.261s][3772][6460][info][gc,metaspace] GC(13) y: Metaspace: 60M used, 61M committed, 1088M reserved
[2026-06-26T13:54:28.034-0300][25.261s][3772][6460][info][gc,reloc    ] GC(13) y:                        Candidates     Selected     In-Place         Size        Empty    Relocated 
[2026-06-26T13:54:28.034-0300][25.261s][3772][6460][info][gc,reloc    ] GC(13) y: Small Pages:                   68           59            0         136M           0M          11M 
[2026-06-26T13:54:28.034-0300][25.261s][3772][6460][info][gc,reloc    ] GC(13) y: Medium Pages:                   1            0            0          32M           0M           0M 
[2026-06-26T13:54:28.034-0300][25.261s][3772][6460][info][gc,reloc    ] GC(13) y: Large Pages:                    0            0            0           0M           0M           0M 
[2026-06-26T13:54:28.034-0300][25.261s][3772][6460][info][gc,reloc    ] GC(13) y: Forwarding Usage: 7M
[2026-06-26T13:54:28.034-0300][25.261s][3772][6460][info][gc,reloc    ] GC(13) y: Age Table:
[2026-06-26T13:54:28.034-0300][25.261s][3772][6460][info][gc,reloc    ] GC(13) y:                    Live             Garbage             Small              Medium             Large        
[2026-06-26T13:54:28.034-0300][25.261s][3772][6460][info][gc,reloc    ] GC(13) y: Eden              15M (0%)          146M (5%)          65 / 57             1 / 0              0 / 0        
[2026-06-26T13:54:28.034-0300][25.261s][3772][6460][info][gc,reloc    ] GC(13) y: Survivor 1         0M (0%)            5M (0%)           3 / 2              0 / 0              0 / 0        
[2026-06-26T13:54:28.034-0300][25.261s][3772][6460][info][gc,heap     ] GC(13) y: Min Capacity: 8M(0%)
[2026-06-26T13:54:28.034-0300][25.261s][3772][6460][info][gc,heap     ] GC(13) y: Max Capacity: 3072M(100%)
[2026-06-26T13:54:28.034-0300][25.261s][3772][6460][info][gc,heap     ] GC(13) y: Soft Max Capacity: 3072M(100%)
[2026-06-26T13:54:28.034-0300][25.261s][3772][6460][info][gc,heap     ] GC(13) y: Heap Statistics:
[2026-06-26T13:54:28.034-0300][25.261s][3772][6460][info][gc,heap     ] GC(13) y:                Mark Start          Mark End        Relocate Start      Relocate End           High               Low         
[2026-06-26T13:54:28.034-0300][25.261s][3772][6460][info][gc,heap     ] GC(13) y:  Capacity:     2036M (66%)        2036M (66%)        2036M (66%)        2036M (66%)        2036M (66%)        2036M (66%)    
[2026-06-26T13:54:28.034-0300][25.261s][3772][6460][info][gc,heap     ] GC(13) y:      Free:     2340M (76%)        2298M (75%)        2298M (75%)        2406M (78%)        2406M (78%)        2290M (75%)    
[2026-06-26T13:54:28.034-0300][25.261s][3772][6460][info][gc,heap     ] GC(13) y:      Used:      732M (24%)         774M (25%)         774M (25%)         666M (22%)         782M (25%)         666M (22%)    
[2026-06-26T13:54:28.034-0300][25.261s][3772][6460][info][gc,heap     ] GC(13) y: Young Generation Statistics:
[2026-06-26T13:54:28.034-0300][25.261s][3772][6460][info][gc,heap     ] GC(13) y:                Mark Start          Mark End        Relocate Start      Relocate End    
[2026-06-26T13:54:28.034-0300][25.261s][3772][6460][info][gc,heap     ] GC(13) y:      Used:      168M (5%)          210M (7%)          210M (7%)          102M (3%)     
[2026-06-26T13:54:28.034-0300][25.261s][3772][6460][info][gc,heap     ] GC(13) y:      Live:         -                15M (1%)           15M (1%)           15M (1%)     
[2026-06-26T13:54:28.034-0300][25.261s][3772][6460][info][gc,heap     ] GC(13) y:   Garbage:         -               152M (5%)          152M (5%)           31M (1%)     
[2026-06-26T13:54:28.034-0300][25.261s][3772][6460][info][gc,heap     ] GC(13) y: Allocated:         -                42M (1%)           42M (1%)           54M (2%)     
[2026-06-26T13:54:28.034-0300][25.261s][3772][6460][info][gc,heap     ] GC(13) y: Reclaimed:         -                  -                 0M (0%)          120M (4%)     
[2026-06-26T13:54:28.034-0300][25.261s][3772][6460][info][gc,heap     ] GC(13) y:  Promoted:         -                  -                 0M (0%)            0M (0%)     
[2026-06-26T13:54:28.034-0300][25.261s][3772][6460][info][gc,heap     ] GC(13) y: Compacted:         -                  -                  -                15M (0%)     
[2026-06-26T13:54:28.034-0300][25.261s][3772][6460][info][gc,phases   ] GC(13) y: Young Generation 732M(24%)->666M(22%) 0.022s
[2026-06-26T13:54:28.034-0300][25.261s][3772][6460][info][gc          ] GC(13) Minor Collection (Allocation Rate) 732M(24%)->666M(22%) 0.023s
[2026-06-26T13:54:29.087-0300][26.314s][3772][6460][info][gc          ] GC(14) Minor Collection (Allocation Rate)
[2026-06-26T13:54:29.088-0300][26.314s][3772][6460][info][gc,task     ] GC(14) Using 3 Workers for Young Generation
[2026-06-26T13:54:29.088-0300][26.314s][3772][6460][info][gc,phases   ] GC(14) y: Young Generation
[2026-06-26T13:54:29.088-0300][26.314s][3772][1692][info][gc,phases   ] GC(14) y: Pause Mark Start 0.018ms
[2026-06-26T13:54:29.191-0300][26.418s][3772][6460][info][gc,phases   ] GC(14) y: Concurrent Mark 103.997ms
[2026-06-26T13:54:29.191-0300][26.418s][3772][1692][info][gc,phases   ] GC(14) y: Pause Mark End 0.016ms
[2026-06-26T13:54:29.191-0300][26.419s][3772][6460][info][gc,phases   ] GC(14) y: Concurrent Mark Free 0.004ms
[2026-06-26T13:54:29.192-0300][26.419s][3772][6460][info][gc,phases   ] GC(14) y: Concurrent Reset Relocation Set 0.010ms
[2026-06-26T13:54:29.192-0300][26.419s][3772][1600][info][gc          ] Allocation Stall (MetaGridLoaderThread7) 6.080ms
[2026-06-26T13:54:29.192-0300][26.419s][3772][1580][info][gc          ] Allocation Stall (MetaGridLoaderThread6) 6.493ms
[2026-06-26T13:54:29.192-0300][26.419s][3772][6872][info][gc          ] Allocation Stall (MetaGridLoaderThread5) 5.163ms
[2026-06-26T13:54:29.192-0300][26.419s][3772][13452][info][gc          ] Allocation Stall (MetaGridLoaderThread3) 5.135ms
[2026-06-26T13:54:29.192-0300][26.419s][3772][13328][info][gc          ] Allocation Stall (MetaGridLoaderThread4) 4.479ms
[2026-06-26T13:54:29.192-0300][26.419s][3772][1432 ][info][gc          ] Allocation Stall (MetaGridLoaderThread1) 8.042ms
[2026-06-26T13:54:29.192-0300][26.419s][3772][5228 ][info][gc          ] Allocation Stall (MetaGridLoaderThread2) 7.667ms
[2026-06-26T13:54:29.192-0300][26.419s][3772][1416 ][info][gc          ] Allocation Stall (MetaGridLoaderThread0) 6.555ms
[2026-06-26T13:54:29.192-0300][26.419s][3772][6460 ][info][gc,reloc    ] GC(14) y: Using tenuring threshold: 3 (Computed)
[2026-06-26T13:54:29.208-0300][26.435s][3772][6460 ][info][gc,phases   ] GC(14) y: Concurrent Select Relocation Set 16.780ms
[2026-06-26T13:54:29.208-0300][26.436s][3772][1692 ][info][gc,phases   ] GC(14) y: Pause Relocate Start 0.019ms
[2026-06-26T13:54:29.258-0300][26.485s][3772][6460 ][info][gc,phases   ] GC(14) y: Concurrent Relocate 49.431ms
[2026-06-26T13:54:29.258-0300][26.485s][3772][6460 ][info][gc,alloc    ] GC(14) y:                         Mark Start        Mark End      Relocate Start    Relocate End   
[2026-06-26T13:54:29.258-0300][26.485s][3772][6460 ][info][gc,alloc    ] GC(14) y: Allocation Stalls:          0                8                0                0         
[2026-06-26T13:54:29.258-0300][26.485s][3772][6460 ][info][gc,load     ] GC(14) y: Load: 0.00 (0%) / 0.00 (0%) / 0.00 (0%)
[2026-06-26T13:54:29.258-0300][26.485s][3772][6460 ][info][gc,mmu      ] GC(14) y: MMU: 2ms/98.8%, 5ms/99.5%, 10ms/99.8%, 20ms/99.8%, 50ms/99.9%, 100ms/99.9%
[2026-06-26T13:54:29.258-0300][26.485s][3772][6460 ][info][gc,marking  ] GC(14) y: Mark: 2 stripe(s), 10 proactive flush(es), 1 terminate flush(es), 0 completion(s), 0 continuation(s) 
[2026-06-26T13:54:29.258-0300][26.485s][3772][6460 ][info][gc,nmethod  ] GC(14) y: NMethods: 9828 registered, 0 unregistered
[2026-06-26T13:54:29.258-0300][26.485s][3772][6460 ][info][gc,metaspace] GC(14) y: Metaspace: 61M used, 62M committed, 1088M reserved
[2026-06-26T13:54:29.258-0300][26.485s][3772][6460 ][info][gc,reloc    ] GC(14) y:                        Candidates     Selected     In-Place         Size        Empty    Relocated 
[2026-06-26T13:54:29.258-0300][26.485s][3772][6460 ][info][gc,reloc    ] GC(14) y: Small Pages:                 1057          840            0        2114M         288M          60M 
[2026-06-26T13:54:29.258-0300][26.485s][3772][6460 ][info][gc,reloc    ] GC(14) y: Medium Pages:                   2            0            0          64M          32M           0M 
[2026-06-26T13:54:29.258-0300][26.485s][3772][6460 ][info][gc,reloc    ] GC(14) y: Large Pages:                    0            0            0           0M           0M           0M 
[2026-06-26T13:54:29.258-0300][26.485s][3772][6460 ][info][gc,reloc    ] GC(14) y: Forwarding Usage: 36M
[2026-06-26T13:54:29.258-0300][26.485s][3772][6460 ][info][gc,reloc    ] GC(14) y: Age Table:
[2026-06-26T13:54:29.258-0300][26.485s][3772][6460 ][info][gc,reloc    ] GC(14) y:                    Live             Garbage             Small              Medium             Large        
[2026-06-26T13:54:29.258-0300][26.485s][3772][6460 ][info][gc,reloc    ] GC(14) y: Eden             112M (4%)         2007M (65%)       1044 / 837            1 / 0              0 / 0        
[2026-06-26T13:54:29.258-0300][26.485s][3772][6460 ][info][gc,reloc    ] GC(14) y: Survivor 1        14M (0%)           37M (1%)          10 / 2              1 / 0              0 / 0        
[2026-06-26T13:54:29.258-0300][26.485s][3772][6460 ][info][gc,reloc    ] GC(14) y: Survivor 2         0M (0%)            5M (0%)           3 / 1              0 / 0              0 / 0        
[2026-06-26T13:54:29.258-0300][26.485s][3772][6460 ][info][gc,heap     ] GC(14) y: Min Capacity: 8M(0%)
[2026-06-26T13:54:29.258-0300][26.485s][3772][6460 ][info][gc,heap     ] GC(14) y: Max Capacity: 3072M(100%)
[2026-06-26T13:54:29.258-0300][26.485s][3772][6460 ][info][gc,heap     ] GC(14) y: Soft Max Capacity: 3072M(100%)
[2026-06-26T13:54:29.258-0300][26.485s][3772][6460 ][info][gc,heap     ] GC(14) y: Heap Statistics:
[2026-06-26T13:54:29.258-0300][26.485s][3772][6460 ][info][gc,heap     ] GC(14) y:                Mark Start          Mark End        Relocate Start      Relocate End           High               Low         
[2026-06-26T13:54:29.258-0300][26.485s][3772][6460 ][info][gc,heap     ] GC(14) y:  Capacity:     2742M (89%)        3072M (100%)       3072M (100%)       3072M (100%)       3072M (100%)       2742M (89%)    
[2026-06-26T13:54:29.258-0300][26.485s][3772][6460 ][info][gc,heap     ] GC(14) y:      Free:      330M (11%)           0M (0%)          208M (7%)         1628M (53%)        1700M (55%)           0M (0%)     
[2026-06-26T13:54:29.258-0300][26.485s][3772][6460 ][info][gc,heap     ] GC(14) y:      Used:     2742M (89%)        3072M (100%)       2864M (93%)        1444M (47%)        3072M (100%)       1372M (45%)    
[2026-06-26T13:54:29.258-0300][26.485s][3772][6460 ][info][gc,heap     ] GC(14) y: Young Generation Statistics:
[2026-06-26T13:54:29.258-0300][26.485s][3772][6460 ][info][gc,heap     ] GC(14) y:                Mark Start          Mark End        Relocate Start      Relocate End    
[2026-06-26T13:54:29.258-0300][26.485s][3772][6460 ][info][gc,heap     ] GC(14) y:      Used:     2178M (71%)        2508M (82%)        2300M (75%)         880M (29%)    
[2026-06-26T13:54:29.258-0300][26.485s][3772][6460 ][info][gc,heap     ] GC(14) y:      Live:         -               127M (4%)          127M (4%)          127M (4%)     
[2026-06-26T13:54:29.258-0300][26.485s][3772][6460 ][info][gc,heap     ] GC(14) y:   Garbage:         -              2050M (67%)        1730M (56%)          37M (1%)     
[2026-06-26T13:54:29.258-0300][26.485s][3772][6460 ][info][gc,heap     ] GC(14) y: Allocated:         -               330M (11%)         442M (14%)         715M (23%)    
[2026-06-26T13:54:29.258-0300][26.485s][3772][6460 ][info][gc,heap     ] GC(14) y: Reclaimed:         -                  -               320M (10%)        2013M (66%)    
[2026-06-26T13:54:29.258-0300][26.485s][3772][6460 ][info][gc,heap     ] GC(14) y:  Promoted:         -                  -                 0M (0%)            0M (0%)     
[2026-06-26T13:54:29.258-0300][26.486s][3772][6460 ][info][gc,heap     ] GC(14) y: Compacted:         -                  -                  -                88M (3%)     
[2026-06-26T13:54:29.258-0300][26.486s][3772][6460 ][info][gc,phases   ] GC(14) y: Young Generation 2742M(89%)->1444M(47%) 0.171s
[2026-06-26T13:54:29.258-0300][26.486s][3772][6460 ][info][gc          ] GC(14) Minor Collection (Allocation Rate) 2742M(89%)->1448M(47%) 0.172s
[2026-06-26T13:54:29.258-0300][26.486s][3772][6460 ][info][gc          ] GC(15) Minor Collection (Allocation Rate)
[2026-06-26T13:54:29.258-0300][26.486s][3772][6460 ][info][gc,task     ] GC(15) Using 3 Workers for Young Generation
[2026-06-26T13:54:29.258-0300][26.486s][3772][6460 ][info][gc,phases   ] GC(15) y: Young Generation
[2026-06-26T13:54:29.259-0300][26.486s][3772][1692 ][info][gc,phases   ] GC(15) y: Pause Mark Start 0.018ms
[2026-06-26T13:54:29.405-0300][26.631s][3772][6460 ][info][gc,phases   ] GC(15) y: Concurrent Mark 145.642ms
[2026-06-26T13:54:29.405-0300][26.632s][3772][1692 ][info][gc,phases   ] GC(15) y: Pause Mark End 0.019ms
[2026-06-26T13:54:29.405-0300][26.632s][3772][6460 ][info][gc,phases   ] GC(15) y: Concurrent Mark Free 0.006ms
[2026-06-26T13:54:29.405-0300][26.632s][3772][6460 ][info][gc,phases   ] GC(15) y: Concurrent Reset Relocation Set 0.073ms
[2026-06-26T13:54:29.405-0300][26.632s][3772][6460 ][info][gc,reloc    ] GC(15) y: Using tenuring threshold: 1 (Computed)
[2026-06-26T13:54:29.439-0300][26.666s][3772][6460 ][info][gc,phases   ] GC(15) y: Concurrent Select Relocation Set 33.917ms
[2026-06-26T13:54:29.439-0300][26.666s][3772][1692 ][info][gc,phases   ] GC(15) y: Pause Relocate Start 0.018ms
[2026-06-26T13:54:29.499-0300][26.726s][3772][6460 ][info][gc,phases   ] GC(15) y: Concurrent Relocate 60.082ms
[2026-06-26T13:54:29.499-0300][26.726s][3772][6460 ][info][gc,alloc    ] GC(15) y:                         Mark Start        Mark End      Relocate Start    Relocate End   
[2026-06-26T13:54:29.499-0300][26.726s][3772][6460 ][info][gc,alloc    ] GC(15) y: Allocation Stalls:          0                0                0                0         
[2026-06-26T13:54:29.499-0300][26.726s][3772][6460 ][info][gc,load     ] GC(15) y: Load: 0.00 (0%) / 0.00 (0%) / 0.00 (0%)
[2026-06-26T13:54:29.499-0300][26.726s][3772][6460 ][info][gc,mmu      ] GC(15) y: MMU: 2ms/98.8%, 5ms/99.5%, 10ms/99.8%, 20ms/99.8%, 50ms/99.9%, 100ms/99.9%
[2026-06-26T13:54:29.499-0300][26.726s][3772][6460 ][info][gc,marking  ] GC(15) y: Mark: 2 stripe(s), 2 proactive flush(es), 1 terminate flush(es), 0 completion(s), 0 continuation(s) 
[2026-06-26T13:54:29.499-0300][26.726s][3772][6460 ][info][gc,nmethod  ] GC(15) y: NMethods: 9894 registered, 0 unregistered
[2026-06-26T13:54:29.499-0300][26.726s][3772][6460 ][info][gc,metaspace] GC(15) y: Metaspace: 61M used, 62M committed, 1088M reserved
[2026-06-26T13:54:29.499-0300][26.726s][3772][6460 ][info][gc,reloc    ] GC(15) y:                        Candidates     Selected     In-Place         Size        Empty    Relocated 
[2026-06-26T13:54:29.499-0300][26.726s][3772][6460 ][info][gc,reloc    ] GC(15) y: Small Pages:                  426          318            0         852M          76M           8M 
[2026-06-26T13:54:29.499-0300][26.726s][3772][6460 ][info][gc,reloc    ] GC(15) y: Medium Pages:                   1            0            0          32M           0M           0M 
[2026-06-26T13:54:29.499-0300][26.726s][3772][6460 ][info][gc,reloc    ] GC(15) y: Large Pages:                    0            0            0           0M           0M           0M 
[2026-06-26T13:54:29.499-0300][26.726s][3772][6460 ][info][gc,reloc    ] GC(15) y: Forwarding Usage: 4M
[2026-06-26T13:54:29.499-0300][26.726s][3772][6460 ][info][gc,reloc    ] GC(15) y: Age Table:
[2026-06-26T13:54:29.499-0300][26.726s][3772][6460 ][info][gc,reloc    ] GC(15) y:                    Live             Garbage             Small              Medium             Large        
[2026-06-26T13:54:29.499-0300][26.726s][3772][6460 ][info][gc,reloc    ] GC(15) y: Eden               5M (0%)          684M (22%)        345 / 304            0 / 0              0 / 0        
[2026-06-26T13:54:29.499-0300][26.726s][3772][6460 ][info][gc,reloc    ] GC(15) y: Survivor 1       112M (4%)           59M (2%)          70 / 11             1 / 0              0 / 0        
[2026-06-26T13:54:29.499-0300][26.726s][3772][6460 ][info][gc,reloc    ] GC(15) y: Survivor 2        14M (0%)            3M (0%)           9 / 1              0 / 0              0 / 0        
[2026-06-26T13:54:29.499-0300][26.726s][3772][6460 ][info][gc,reloc    ] GC(15) y: Survivor 3         0M (0%)            3M (0%)           2 / 2              0 / 0              0 / 0        
[2026-06-26T13:54:29.499-0300][26.726s][3772][6460 ][info][gc,heap     ] GC(15) y: Min Capacity: 8M(0%)
[2026-06-26T13:54:29.499-0300][26.726s][3772][6460 ][info][gc,heap     ] GC(15) y: Max Capacity: 3072M(100%)
[2026-06-26T13:54:29.499-0300][26.726s][3772][6460 ][info][gc,heap     ] GC(15) y: Soft Max Capacity: 3072M(100%)
[2026-06-26T13:54:29.499-0300][26.726s][3772][6460 ][info][gc,heap     ] GC(15) y: Heap Statistics:
[2026-06-26T13:54:29.499-0300][26.726s][3772][6460 ][info][gc,heap     ] GC(15) y:                Mark Start          Mark End        Relocate Start      Relocate End           High               Low         
[2026-06-26T13:54:29.499-0300][26.726s][3772][6460 ][info][gc,heap     ] GC(15) y:  Capacity:     3072M (100%)       3072M (100%)       3072M (100%)       3072M (100%)       3072M (100%)       3072M (100%)   
[2026-06-26T13:54:29.499-0300][26.726s][3772][6460 ][info][gc,heap     ] GC(15) y:      Free:     1624M (53%)         716M (23%)         558M (18%)         844M (27%)        1624M (53%)         528M (17%)    
[2026-06-26T13:54:29.500-0300][26.726s][3772][6460 ][info][gc,heap     ] GC(15) y:      Used:     1448M (47%)        2356M (77%)        2514M (82%)        2228M (73%)        2544M (83%)        1448M (47%)    
[2026-06-26T13:54:29.500-0300][26.726s][3772][6460 ][info][gc,heap     ] GC(15) y: Young Generation Statistics:
[2026-06-26T13:54:29.500-0300][26.726s][3772][6460 ][info][gc,heap     ] GC(15) y:                Mark Start          Mark End        Relocate Start      Relocate End    
[2026-06-26T13:54:29.500-0300][26.726s][3772][6460 ][info][gc,heap     ] GC(15) y:      Used:      884M (29%)        1792M (58%)        1792M (58%)        1478M (48%)    
[2026-06-26T13:54:29.500-0300][26.726s][3772][6460 ][info][gc,heap     ] GC(15) y:      Live:         -               133M (4%)           12M (0%)            5M (0%)     
[2026-06-26T13:54:29.500-0300][26.726s][3772][6460 ][info][gc,heap     ] GC(15) y:   Garbage:         -               750M (24%)         637M (21%)           0M (0%)     
[2026-06-26T13:54:29.500-0300][26.726s][3772][6460 ][info][gc,heap     ] GC(15) y: Allocated:         -               908M (30%)        1142M (37%)        1472M (48%)    
[2026-06-26T13:54:29.500-0300][26.726s][3772][6460 ][info][gc,heap     ] GC(15) y: Reclaimed:         -                  -               112M (4%)          750M (24%)    
[2026-06-26T13:54:29.500-0300][26.727s][3772][6460 ][info][gc,heap     ] GC(15) y:  Promoted:         -                  -               121M (4%)          127M (4%)     
[2026-06-26T13:54:29.500-0300][26.727s][3772][6460 ][info][gc,heap     ] GC(15) y: Compacted:         -                  -                  -                 5M (0%)     
[2026-06-26T13:54:29.500-0300][26.727s][3772][6460 ][info][gc,phases   ] GC(15) y: Young Generation 1448M(47%)->2228M(73%) 0.240s
[2026-06-26T13:54:29.500-0300][26.727s][3772][6460 ][info][gc          ] GC(15) Minor Collection (Allocation Rate) 1448M(47%)->2230M(73%) 0.241s
[2026-06-26T13:54:29.500-0300][26.727s][3772][6460 ][info][gc          ] GC(16) Minor Collection (Allocation Rate)
[2026-06-26T13:54:29.500-0300][26.727s][3772][6460 ][info][gc,task     ] GC(16) Using 3 Workers for Young Generation
[2026-06-26T13:54:29.500-0300][26.727s][3772][6460 ][info][gc,phases   ] GC(16) y: Young Generation
[2026-06-26T13:54:29.500-0300][26.727s][3772][1692 ][info][gc,phases   ] GC(16) y: Pause Mark Start 0.017ms
[2026-06-26T13:54:29.584-0300][26.810s][3772][6460 ][info][gc,phases   ] GC(16) y: Concurrent Mark 83.583ms
[2026-06-26T13:54:29.584-0300][26.811s][3772][1692 ][info][gc,phases   ] GC(16) y: Pause Mark End 0.031ms
[2026-06-26T13:54:29.584-0300][26.811s][3772][6460 ][info][gc,phases   ] GC(16) y: Concurrent Mark Free 0.013ms
[2026-06-26T13:54:29.584-0300][26.811s][3772][6460 ][info][gc,phases   ] GC(16) y: Concurrent Reset Relocation Set 0.158ms
[2026-06-26T13:54:29.584-0300][26.811s][3772][6460 ][info][gc,reloc    ] GC(16) y: Using tenuring threshold: 2 (Computed)
[2026-06-26T13:54:29.585-0300][26.812s][3772][6460 ][info][gc,phases   ] GC(16) y: Concurrent Select Relocation Set 0.891ms
[2026-06-26T13:54:29.585-0300][26.812s][3772][1692 ][info][gc,phases   ] GC(16) y: Pause Relocate Start 0.010ms
[2026-06-26T13:54:29.596-0300][26.824s][3772][6460 ][info][gc,phases   ] GC(16) y: Concurrent Relocate 11.493ms
[2026-06-26T13:54:29.597-0300][26.824s][3772][6460 ][info][gc,alloc    ] GC(16) y:                         Mark Start        Mark End      Relocate Start    Relocate End   
[2026-06-26T13:54:29.597-0300][26.824s][3772][6460 ][info][gc,alloc    ] GC(16) y: Allocation Stalls:          0                0                0                0         
[2026-06-26T13:54:29.597-0300][26.824s][3772][6460 ][info][gc,load     ] GC(16) y: Load: 0.00 (0%) / 0.00 (0%) / 0.00 (0%)
[2026-06-26T13:54:29.597-0300][26.824s][3772][6460 ][info][gc,mmu      ] GC(16) y: MMU: 2ms/97.9%, 5ms/99.2%, 10ms/99.6%, 20ms/99.8%, 50ms/99.9%, 100ms/99.9%
[2026-06-26T13:54:29.597-0300][26.824s][3772][6460 ][info][gc,marking  ] GC(16) y: Mark: 2 stripe(s), 2 proactive flush(es), 1 terminate flush(es), 0 completion(s), 0 continuation(s) 
[2026-06-26T13:54:29.597-0300][26.824s][3772][6460 ][info][gc,nmethod  ] GC(16) y: NMethods: 9926 registered, 0 unregistered
[2026-06-26T13:54:29.597-0300][26.824s][3772][6460 ][info][gc,metaspace] GC(16) y: Metaspace: 61M used, 62M committed, 1088M reserved
[2026-06-26T13:54:29.597-0300][26.824s][3772][6460 ][info][gc,reloc    ] GC(16) y:                        Candidates     Selected     In-Place         Size        Empty    Relocated 
[2026-06-26T13:54:29.597-0300][26.824s][3772][6460 ][info][gc,reloc    ] GC(16) y: Small Pages:                  740          659            0        1480M         140M          11M 
[2026-06-26T13:54:29.597-0300][26.824s][3772][6460 ][info][gc,reloc    ] GC(16) y: Medium Pages:                   0            0            0           0M           0M           0M 
[2026-06-26T13:54:29.597-0300][26.824s][3772][6460 ][info][gc,reloc    ] GC(16) y: Large Pages:                    0            0            0           0M           0M           0M 
[2026-06-26T13:54:29.597-0300][26.824s][3772][6460 ][info][gc,reloc    ] GC(16) y: Forwarding Usage: 2M
[2026-06-26T13:54:29.597-0300][26.824s][3772][6460 ][info][gc,reloc    ] GC(16) y: Age Table:
[2026-06-26T13:54:29.597-0300][26.824s][3772][6460 ][info][gc,reloc    ] GC(16) y:                    Live             Garbage             Small              Medium             Large        
[2026-06-26T13:54:29.597-0300][26.824s][3772][6460 ][info][gc,reloc    ] GC(16) y: Eden              12M (0%)         1455M (47%)        734 / 656            0 / 0              0 / 0        
[2026-06-26T13:54:29.597-0300][26.824s][3772][6460 ][info][gc,reloc    ] GC(16) y: Survivor 1         5M (0%)            6M (0%)           6 / 3              0 / 0              0 / 0        
[2026-06-26T13:54:29.597-0300][26.824s][3772][6460 ][info][gc,heap     ] GC(16) y: Min Capacity: 8M(0%)
[2026-06-26T13:54:29.597-0300][26.824s][3772][6460 ][info][gc,heap     ] GC(16) y: Max Capacity: 3072M(100%)
[2026-06-26T13:54:29.597-0300][26.824s][3772][6460 ][info][gc,heap     ] GC(16) y: Soft Max Capacity: 3072M(100%)
[2026-06-26T13:54:29.597-0300][26.824s][3772][6460 ][info][gc,heap     ] GC(16) y: Heap Statistics:
[2026-06-26T13:54:29.597-0300][26.824s][3772][6460 ][info][gc,heap     ] GC(16) y:                Mark Start          Mark End        Relocate Start      Relocate End           High               Low         
[2026-06-26T13:54:29.597-0300][26.824s][3772][6460 ][info][gc,heap     ] GC(16) y:  Capacity:     3072M (100%)       3072M (100%)       3072M (100%)       3072M (100%)       3072M (100%)       3072M (100%)   
[2026-06-26T13:54:29.597-0300][26.824s][3772][6460 ][info][gc,heap     ] GC(16) y:      Free:      842M (27%)         290M (9%)          420M (14%)        1656M (54%)        1662M (54%)         286M (9%)     
[2026-06-26T13:54:29.597-0300][26.824s][3772][6460 ][info][gc,heap     ] GC(16) y:      Used:     2230M (73%)        2782M (91%)        2652M (86%)        1416M (46%)        2786M (91%)        1410M (46%)    
[2026-06-26T13:54:29.597-0300][26.824s][3772][6460 ][info][gc,heap     ] GC(16) y: Young Generation Statistics:
[2026-06-26T13:54:29.597-0300][26.824s][3772][6460 ][info][gc,heap     ] GC(16) y:                Mark Start          Mark End        Relocate Start      Relocate End    
[2026-06-26T13:54:29.597-0300][26.824s][3772][6460 ][info][gc,heap     ] GC(16) y:      Used:     1480M (48%)        2032M (66%)        1902M (62%)         666M (22%)    
[2026-06-26T13:54:29.597-0300][26.824s][3772][6460 ][info][gc,heap     ] GC(16) y:      Live:         -                17M (1%)           17M (1%)           17M (1%)     
[2026-06-26T13:54:29.597-0300][26.824s][3772][6460 ][info][gc,heap     ] GC(16) y:   Garbage:         -              1462M (48%)        1322M (43%)           1M (0%)     
[2026-06-26T13:54:29.597-0300][26.824s][3772][6460 ][info][gc,heap     ] GC(16) y: Allocated:         -               552M (18%)         562M (18%)         646M (21%)    
[2026-06-26T13:54:29.597-0300][26.824s][3772][6460 ][info][gc,heap     ] GC(16) y: Reclaimed:         -                  -               140M (5%)         1460M (48%)    
[2026-06-26T13:54:29.597-0300][26.824s][3772][6460 ][info][gc,heap     ] GC(16) y:  Promoted:         -                  -                 0M (0%)            0M (0%)     
[2026-06-26T13:54:29.597-0300][26.824s][3772][6460 ][info][gc,heap     ] GC(16) y: Compacted:         -                  -                  -                11M (0%)     
[2026-06-26T13:54:29.597-0300][26.824s][3772][6460 ][info][gc,phases   ] GC(16) y: Young Generation 2230M(73%)->1416M(46%) 0.097s
[2026-06-26T13:54:29.598-0300][26.824s][3772][6460 ][info][gc          ] GC(16) Minor Collection (Allocation Rate) 2230M(73%)->1422M(46%) 0.098s
[2026-06-26T13:54:29.598-0300][26.824s][3772][6460 ][info][gc          ] GC(17) Minor Collection (Allocation Rate)
[2026-06-26T13:54:29.598-0300][26.825s][3772][6460 ][info][gc,task     ] GC(17) Using 3 Workers for Young Generation
[2026-06-26T13:54:29.598-0300][26.825s][3772][6460 ][info][gc,phases   ] GC(17) y: Young Generation
[2026-06-26T13:54:29.598-0300][26.825s][3772][1692 ][info][gc,phases   ] GC(17) y: Pause Mark Start 0.021ms
[2026-06-26T13:54:29.703-0300][26.929s][3772][6460 ][info][gc,phases   ] GC(17) y: Concurrent Mark 104.110ms
[2026-06-26T13:54:29.703-0300][26.930s][3772][1692 ][info][gc,phases   ] GC(17) y: Pause Mark End 0.021ms
[2026-06-26T13:54:29.703-0300][26.930s][3772][6460 ][info][gc,phases   ] GC(17) y: Concurrent Mark Free 0.009ms
[2026-06-26T13:54:29.703-0300][26.930s][3772][6460 ][info][gc,phases   ] GC(17) y: Concurrent Reset Relocation Set 0.035ms
[2026-06-26T13:54:29.703-0300][26.930s][3772][6460 ][info][gc,reloc    ] GC(17) y: Using tenuring threshold: 2 (Computed)
[2026-06-26T13:54:29.705-0300][26.932s][3772][6460 ][info][gc,phases   ] GC(17) y: Concurrent Select Relocation Set 2.636ms
[2026-06-26T13:54:29.705-0300][26.933s][3772][1692 ][info][gc,phases   ] GC(17) y: Pause Relocate Start 0.016ms
[2026-06-26T13:54:29.715-0300][26.942s][3772][6460 ][info][gc,phases   ] GC(17) y: Concurrent Relocate 9.083ms
[2026-06-26T13:54:29.715-0300][26.942s][3772][6460 ][info][gc,alloc    ] GC(17) y:                         Mark Start        Mark End      Relocate Start    Relocate End   
[2026-06-26T13:54:29.715-0300][26.942s][3772][6460 ][info][gc,alloc    ] GC(17) y: Allocation Stalls:          0                0                0                0         
[2026-06-26T13:54:29.715-0300][26.942s][3772][6460 ][info][gc,load     ] GC(17) y: Load: 0.00 (0%) / 0.00 (0%) / 0.00 (0%)
[2026-06-26T13:54:29.715-0300][26.942s][3772][6460 ][info][gc,mmu      ] GC(17) y: MMU: 2ms/97.9%, 5ms/99.2%, 10ms/99.6%, 20ms/99.7%, 50ms/99.9%, 100ms/99.9%
[2026-06-26T13:54:29.715-0300][26.942s][3772][6460 ][info][gc,marking  ] GC(17) y: Mark: 2 stripe(s), 2 proactive flush(es), 1 terminate flush(es), 0 completion(s), 0 continuation(s) 
[2026-06-26T13:54:29.715-0300][26.942s][3772][6460 ][info][gc,nmethod  ] GC(17) y: NMethods: 9955 registered, 0 unregistered
[2026-06-26T13:54:29.715-0300][26.942s][3772][6460 ][info][gc,metaspace] GC(17) y: Metaspace: 61M used, 62M committed, 1088M reserved
[2026-06-26T13:54:29.715-0300][26.942s][3772][6460 ][info][gc,reloc    ] GC(17) y:                        Candidates     Selected     In-Place         Size        Empty    Relocated 
[2026-06-26T13:54:29.715-0300][26.942s][3772][6460 ][info][gc,reloc    ] GC(17) y: Small Pages:                  336          286            0         672M          70M           7M 
[2026-06-26T13:54:29.715-0300][26.942s][3772][6460 ][info][gc,reloc    ] GC(17) y: Medium Pages:                   0            0            0           0M           0M           0M 
[2026-06-26T13:54:29.715-0300][26.942s][3772][6460 ][info][gc,reloc    ] GC(17) y: Large Pages:                    0            0            0           0M           0M           0M 
[2026-06-26T13:54:29.715-0300][26.942s][3772][6460 ][info][gc,reloc    ] GC(17) y: Forwarding Usage: 2M
[2026-06-26T13:54:29.715-0300][26.942s][3772][6460 ][info][gc,reloc    ] GC(17) y: Age Table:
[2026-06-26T13:54:29.715-0300][26.942s][3772][6460 ][info][gc,reloc    ] GC(17) y:                    Live             Garbage             Small              Medium             Large        
[2026-06-26T13:54:29.715-0300][26.942s][3772][6460 ][info][gc,reloc    ] GC(17) y: Eden               8M (0%)          631M (21%)        320 / 280            0 / 0              0 / 0        
[2026-06-26T13:54:29.715-0300][26.942s][3772][6460 ][info][gc,reloc    ] GC(17) y: Survivor 1        11M (0%)            8M (0%)          10 / 4              0 / 0              0 / 0        
[2026-06-26T13:54:29.715-0300][26.942s][3772][6460 ][info][gc,reloc    ] GC(17) y: Survivor 2         5M (0%)            6M (0%)           6 / 2              0 / 0              0 / 0        
[2026-06-26T13:54:29.715-0300][26.942s][3772][6460 ][info][gc,heap     ] GC(17) y: Min Capacity: 8M(0%)
[2026-06-26T13:54:29.715-0300][26.942s][3772][6460 ][info][gc,heap     ] GC(17) y: Max Capacity: 3072M(100%)
[2026-06-26T13:54:29.715-0300][26.942s][3772][6460 ][info][gc,heap     ] GC(17) y: Soft Max Capacity: 3072M(100%)
[2026-06-26T13:54:29.715-0300][26.942s][3772][6460 ][info][gc,heap     ] GC(17) y: Heap Statistics:
[2026-06-26T13:54:29.715-0300][26.942s][3772][6460 ][info][gc,heap     ] GC(17) y:                Mark Start          Mark End        Relocate Start      Relocate End           High               Low         
[2026-06-26T13:54:29.715-0300][26.942s][3772][6460 ][info][gc,heap     ] GC(17) y:  Capacity:     3072M (100%)       3072M (100%)       3072M (100%)       3072M (100%)       3072M (100%)       3072M (100%)   
[2026-06-26T13:54:29.715-0300][26.942s][3772][6460 ][info][gc,heap     ] GC(17) y:      Free:     1650M (54%)         976M (32%)        1028M (33%)        1532M (50%)        1650M (54%)         976M (32%)    
[2026-06-26T13:54:29.715-0300][26.942s][3772][6460 ][info][gc,heap     ] GC(17) y:      Used:     1422M (46%)        2096M (68%)        2044M (67%)        1540M (50%)        2096M (68%)        1422M (46%)    
[2026-06-26T13:54:29.715-0300][26.942s][3772][6460 ][info][gc,heap     ] GC(17) y: Young Generation Statistics:
[2026-06-26T13:54:29.715-0300][26.942s][3772][6460 ][info][gc,heap     ] GC(17) y:                Mark Start          Mark End        Relocate Start      Relocate End    
[2026-06-26T13:54:29.715-0300][26.942s][3772][6460 ][info][gc,heap     ] GC(17) y:      Used:      672M (22%)        1346M (44%)        1288M (42%)         780M (25%)    
[2026-06-26T13:54:29.715-0300][26.942s][3772][6460 ][info][gc,heap     ] GC(17) y:      Live:         -                25M (1%)           20M (1%)           19M (1%)     
[2026-06-26T13:54:29.715-0300][26.942s][3772][6460 ][info][gc,heap     ] GC(17) y:   Garbage:         -               646M (21%)         575M (19%)           1M (0%)     
[2026-06-26T13:54:29.715-0300][26.942s][3772][6460 ][info][gc,heap     ] GC(17) y: Allocated:         -               674M (22%)         692M (23%)         758M (25%)    
[2026-06-26T13:54:29.715-0300][26.942s][3772][6460 ][info][gc,heap     ] GC(17) y: Reclaimed:         -                  -                70M (2%)          644M (21%)    
[2026-06-26T13:54:29.715-0300][26.942s][3772][6460 ][info][gc,heap     ] GC(17) y:  Promoted:         -                  -                 5M (0%)            5M (0%)     
[2026-06-26T13:54:29.715-0300][26.942s][3772][6460 ][info][gc,heap     ] GC(17) y: Compacted:         -                  -                  -                 7M (0%)     
[2026-06-26T13:54:29.715-0300][26.942s][3772][6460 ][info][gc,phases   ] GC(17) y: Young Generation 1422M(46%)->1540M(50%) 0.117s
[2026-06-26T13:54:29.715-0300][26.942s][3772][6460 ][info][gc          ] GC(17) Minor Collection (Allocation Rate) 1422M(46%)->1550M(50%) 0.118s
[2026-06-26T13:54:29.715-0300][26.942s][3772][6460 ][info][gc          ] GC(18) Minor Collection (Allocation Rate)
[2026-06-26T13:54:29.715-0300][26.942s][3772][6460 ][info][gc,task     ] GC(18) Using 3 Workers for Young Generation
[2026-06-26T13:54:29.715-0300][26.942s][3772][6460 ][info][gc,phases   ] GC(18) y: Young Generation
[2026-06-26T13:54:29.719-0300][26.945s][3772][1692 ][info][gc,phases   ] GC(18) y: Pause Mark Start 0.019ms
[2026-06-26T13:54:29.783-0300][27.009s][3772][6460 ][info][gc,phases   ] GC(18) y: Concurrent Mark 63.895ms
[2026-06-26T13:54:29.783-0300][27.010s][3772][1692 ][info][gc,phases   ] GC(18) y: Pause Mark End 0.025ms
[2026-06-26T13:54:29.783-0300][27.010s][3772][6460 ][info][gc,phases   ] GC(18) y: Concurrent Mark Free 0.011ms
[2026-06-26T13:54:29.783-0300][27.010s][3772][6460 ][info][gc,phases   ] GC(18) y: Concurrent Reset Relocation Set 0.038ms
[2026-06-26T13:54:29.783-0300][27.010s][3772][6460 ][info][gc,reloc    ] GC(18) y: Using tenuring threshold: 2 (Computed)
[2026-06-26T13:54:29.788-0300][27.015s][3772][6460 ][info][gc,phases   ] GC(18) y: Concurrent Select Relocation Set 5.512ms
[2026-06-26T13:54:29.789-0300][27.015s][3772][1692 ][info][gc,phases   ] GC(18) y: Pause Relocate Start 0.018ms
[2026-06-26T13:54:29.800-0300][27.027s][3772][6460 ][info][gc,phases   ] GC(18) y: Concurrent Relocate 11.580ms
[2026-06-26T13:54:29.800-0300][27.027s][3772][6460 ][info][gc,alloc    ] GC(18) y:                         Mark Start        Mark End      Relocate Start    Relocate End   
[2026-06-26T13:54:29.800-0300][27.027s][3772][6460 ][info][gc,alloc    ] GC(18) y: Allocation Stalls:          0                0                0                0         
[2026-06-26T13:54:29.800-0300][27.027s][3772][6460 ][info][gc,load     ] GC(18) y: Load: 0.00 (0%) / 0.00 (0%) / 0.00 (0%)
[2026-06-26T13:54:29.800-0300][27.027s][3772][6460 ][info][gc,mmu      ] GC(18) y: MMU: 2ms/97.9%, 5ms/99.2%, 10ms/99.6%, 20ms/99.7%, 50ms/99.9%, 100ms/99.9%
[2026-06-26T13:54:29.800-0300][27.027s][3772][6460 ][info][gc,marking  ] GC(18) y: Mark: 2 stripe(s), 2 proactive flush(es), 1 terminate flush(es), 0 completion(s), 0 continuation(s) 
[2026-06-26T13:54:29.800-0300][27.027s][3772][6460 ][info][gc,nmethod  ] GC(18) y: NMethods: 9958 registered, 0 unregistered
[2026-06-26T13:54:29.800-0300][27.027s][3772][6460 ][info][gc,metaspace] GC(18) y: Metaspace: 61M used, 62M committed, 1088M reserved
[2026-06-26T13:54:29.800-0300][27.027s][3772][6460 ][info][gc,reloc    ] GC(18) y:                        Candidates     Selected     In-Place         Size        Empty    Relocated 
[2026-06-26T13:54:29.800-0300][27.027s][3772][6460 ][info][gc,reloc    ] GC(18) y: Small Pages:                  395          337            0         790M          82M           8M 
[2026-06-26T13:54:29.800-0300][27.027s][3772][6460 ][info][gc,reloc    ] GC(18) y: Medium Pages:                   0            0            0           0M           0M           0M 
[2026-06-26T13:54:29.800-0300][27.027s][3772][6460 ][info][gc,reloc    ] GC(18) y: Large Pages:                    0            0            0           0M           0M           0M 
[2026-06-26T13:54:29.800-0300][27.027s][3772][6460 ][info][gc,reloc    ] GC(18) y: Forwarding Usage: 2M
[2026-06-26T13:54:29.800-0300][27.027s][3772][6460 ][info][gc,reloc    ] GC(18) y: Age Table:
[2026-06-26T13:54:29.800-0300][27.027s][3772][6460 ][info][gc,reloc    ] GC(18) y:                    Live             Garbage             Small              Medium             Large        
[2026-06-26T13:54:29.800-0300][27.027s][3772][6460 ][info][gc,reloc    ] GC(18) y: Eden               9M (0%)          746M (24%)        378 / 331            0 / 0              0 / 0        
[2026-06-26T13:54:29.800-0300][27.027s][3772][6460 ][info][gc,reloc    ] GC(18) y: Survivor 1         7M (0%)           10M (0%)           9 / 4              0 / 0              0 / 0        
[2026-06-26T13:54:29.800-0300][27.027s][3772][6460 ][info][gc,reloc    ] GC(18) y: Survivor 2        11M (0%)            4M (0%)           8 / 2              0 / 0              0 / 0        
[2026-06-26T13:54:29.800-0300][27.027s][3772][6460 ][info][gc,heap     ] GC(18) y: Min Capacity: 8M(0%)
[2026-06-26T13:54:29.800-0300][27.027s][3772][6460 ][info][gc,heap     ] GC(18) y: Max Capacity: 3072M(100%)
[2026-06-26T13:54:29.800-0300][27.027s][3772][6460 ][info][gc,heap     ] GC(18) y: Soft Max Capacity: 3072M(100%)
[2026-06-26T13:54:29.800-0300][27.027s][3772][6460 ][info][gc,heap     ] GC(18) y: Heap Statistics:
[2026-06-26T13:54:29.801-0300][27.027s][3772][6460 ][info][gc,heap     ] GC(18) y:                Mark Start          Mark End        Relocate Start      Relocate End           High               Low         
[2026-06-26T13:54:29.801-0300][27.028s][3772][6460 ][info][gc,heap     ] GC(18) y:  Capacity:     3072M (100%)       3072M (100%)       3072M (100%)       3072M (100%)       3072M (100%)       3072M (100%)   
[2026-06-26T13:54:29.801-0300][27.028s][3772][6460 ][info][gc,heap     ] GC(18) y:      Free:     1522M (50%)        1014M (33%)        1058M (34%)        1642M (53%)        1698M (55%)        1010M (33%)    
[2026-06-26T13:54:29.801-0300][27.028s][3772][6460 ][info][gc,heap     ] GC(18) y:      Used:     1550M (50%)        2058M (67%)        2014M (66%)        1430M (47%)        2062M (67%)        1374M (45%)    
[2026-06-26T13:54:29.801-0300][27.028s][3772][6460 ][info][gc,heap     ] GC(18) y: Young Generation Statistics:
[2026-06-26T13:54:29.801-0300][27.028s][3772][6460 ][info][gc,heap     ] GC(18) y:                Mark Start          Mark End        Relocate Start      Relocate End    
[2026-06-26T13:54:29.801-0300][27.028s][3772][6460 ][info][gc,heap     ] GC(18) y:      Used:      790M (26%)        1298M (42%)        1242M (40%)         656M (21%)    
[2026-06-26T13:54:29.801-0300][27.028s][3772][6460 ][info][gc,heap     ] GC(18) y:      Live:         -                29M (1%)           18M (1%)           17M (1%)     
[2026-06-26T13:54:29.801-0300][27.028s][3772][6460 ][info][gc,heap     ] GC(18) y:   Garbage:         -               760M (25%)         677M (22%)           1M (0%)     
[2026-06-26T13:54:29.801-0300][27.028s][3772][6460 ][info][gc,heap     ] GC(18) y: Allocated:         -               508M (17%)         546M (18%)         636M (21%)    
[2026-06-26T13:54:29.801-0300][27.028s][3772][6460 ][info][gc,heap     ] GC(18) y: Reclaimed:         -                  -                83M (3%)          758M (25%)    
[2026-06-26T13:54:29.801-0300][27.028s][3772][6460 ][info][gc,heap     ] GC(18) y:  Promoted:         -                  -                10M (0%)           11M (0%)     
[2026-06-26T13:54:29.801-0300][27.028s][3772][6460 ][info][gc,heap     ] GC(18) y: Compacted:         -                  -                  -                 9M (0%)     
[2026-06-26T13:54:29.801-0300][27.028s][3772][6460 ][info][gc,phases   ] GC(18) y: Young Generation 1550M(50%)->1430M(47%) 0.085s
[2026-06-26T13:54:29.801-0300][27.028s][3772][6460 ][info][gc          ] GC(18) Minor Collection (Allocation Rate) 1550M(50%)->1434M(47%) 0.085s
[2026-06-26T13:54:29.801-0300][27.028s][3772][6460 ][info][gc          ] GC(19) Minor Collection (Allocation Rate)
[2026-06-26T13:54:29.801-0300][27.028s][3772][6460 ][info][gc,task     ] GC(19) Using 3 Workers for Young Generation
[2026-06-26T13:54:29.801-0300][27.028s][3772][6460 ][info][gc,phases   ] GC(19) y: Young Generation
[2026-06-26T13:54:29.801-0300][27.028s][3772][1692 ][info][gc,phases   ] GC(19) y: Pause Mark Start 0.019ms
[2026-06-26T13:54:29.864-0300][27.091s][3772][6460 ][info][gc,phases   ] GC(19) y: Concurrent Mark 62.594ms
[2026-06-26T13:54:29.864-0300][27.091s][3772][1692 ][info][gc,phases   ] GC(19) y: Pause Mark End 0.028ms
[2026-06-26T13:54:29.864-0300][27.091s][3772][6460 ][info][gc,phases   ] GC(19) y: Concurrent Mark Free 0.011ms
[2026-06-26T13:54:29.864-0300][27.091s][3772][6460 ][info][gc,phases   ] GC(19) y: Concurrent Reset Relocation Set 0.040ms
[2026-06-26T13:54:29.864-0300][27.091s][3772][6460 ][info][gc,reloc    ] GC(19) y: Using tenuring threshold: 2 (Computed)
[2026-06-26T13:54:29.867-0300][27.094s][3772][6460 ][info][gc,phases   ] GC(19) y: Concurrent Select Relocation Set 3.382ms
[2026-06-26T13:54:29.868-0300][27.095s][3772][1692 ][info][gc,phases   ] GC(19) y: Pause Relocate Start 0.017ms
[2026-06-26T13:54:29.875-0300][27.102s][3772][6460 ][info][gc,phases   ] GC(19) y: Concurrent Relocate 7.442ms
[2026-06-26T13:54:29.875-0300][27.102s][3772][6460 ][info][gc,alloc    ] GC(19) y:                         Mark Start        Mark End      Relocate Start    Relocate End   
[2026-06-26T13:54:29.875-0300][27.102s][3772][6460 ][info][gc,alloc    ] GC(19) y: Allocation Stalls:          0                0                0                0         
[2026-06-26T13:54:29.875-0300][27.102s][3772][6460 ][info][gc,load     ] GC(19) y: Load: 0.00 (0%) / 0.00 (0%) / 0.00 (0%)
[2026-06-26T13:54:29.875-0300][27.102s][3772][6460 ][info][gc,mmu      ] GC(19) y: MMU: 2ms/97.9%, 5ms/99.1%, 10ms/99.6%, 20ms/99.7%, 50ms/99.9%, 100ms/99.9%
[2026-06-26T13:54:29.875-0300][27.102s][3772][6460 ][info][gc,marking  ] GC(19) y: Mark: 2 stripe(s), 2 proactive flush(es), 1 terminate flush(es), 0 completion(s), 0 continuation(s) 
[2026-06-26T13:54:29.875-0300][27.102s][3772][6460 ][info][gc,nmethod  ] GC(19) y: NMethods: 9966 registered, 0 unregistered
[2026-06-26T13:54:29.875-0300][27.102s][3772][6460 ][info][gc,metaspace] GC(19) y: Metaspace: 61M used, 62M committed, 1088M reserved
[2026-06-26T13:54:29.875-0300][27.102s][3772][6460 ][info][gc,reloc    ] GC(19) y:                        Candidates     Selected     In-Place         Size        Empty    Relocated 
[2026-06-26T13:54:29.875-0300][27.102s][3772][6460 ][info][gc,reloc    ] GC(19) y: Small Pages:                  315          271            0         630M          60M           6M 
[2026-06-26T13:54:29.875-0300][27.102s][3772][6460 ][info][gc,reloc    ] GC(19) y: Medium Pages:                   1            0            0          32M           0M           0M 
[2026-06-26T13:54:29.875-0300][27.102s][3772][6460 ][info][gc,reloc    ] GC(19) y: Large Pages:                    0            0            0           0M           0M           0M 
[2026-06-26T13:54:29.875-0300][27.102s][3772][6460 ][info][gc,reloc    ] GC(19) y: Forwarding Usage: 2M
[2026-06-26T13:54:29.875-0300][27.102s][3772][6460 ][info][gc,reloc    ] GC(19) y: Age Table:
[2026-06-26T13:54:29.875-0300][27.102s][3772][6460 ][info][gc,reloc    ] GC(19) y:                    Live             Garbage             Small              Medium             Large        
[2026-06-26T13:54:29.875-0300][27.102s][3772][6460 ][info][gc,reloc    ] GC(19) y: Eden               7M (0%)          624M (20%)        300 / 265            1 / 0              0 / 0        
[2026-06-26T13:54:29.875-0300][27.102s][3772][6460 ][info][gc,reloc    ] GC(19) y: Survivor 1         9M (0%)            4M (0%)           7 / 2              0 / 0              0 / 0        
[2026-06-26T13:54:29.875-0300][27.102s][3772][6460 ][info][gc,reloc    ] GC(19) y: Survivor 2         7M (0%)            8M (0%)           8 / 4              0 / 0              0 / 0        
[2026-06-26T13:54:29.875-0300][27.102s][3772][6460 ][info][gc,heap     ] GC(19) y: Min Capacity: 8M(0%)
[2026-06-26T13:54:29.875-0300][27.102s][3772][6460 ][info][gc,heap     ] GC(19) y: Max Capacity: 3072M(100%)
[2026-06-26T13:54:29.875-0300][27.102s][3772][6460 ][info][gc,heap     ] GC(19) y: Soft Max Capacity: 3072M(100%)
[2026-06-26T13:54:29.875-0300][27.102s][3772][6460 ][info][gc,heap     ] GC(19) y: Heap Statistics:
[2026-06-26T13:54:29.875-0300][27.102s][3772][6460 ][info][gc,heap     ] GC(19) y:                Mark Start          Mark End        Relocate Start      Relocate End           High               Low         
[2026-06-26T13:54:29.875-0300][27.102s][3772][6460 ][info][gc,heap     ] GC(19) y:  Capacity:     3072M (100%)       3072M (100%)       3072M (100%)       3072M (100%)       3072M (100%)       3072M (100%)   
[2026-06-26T13:54:29.875-0300][27.102s][3772][6460 ][info][gc,heap     ] GC(19) y:      Free:     1636M (53%)        1188M (39%)        1216M (40%)        1698M (55%)        1732M (56%)        1184M (39%)    
[2026-06-26T13:54:29.875-0300][27.102s][3772][6460 ][info][gc,heap     ] GC(19) y:      Used:     1436M (47%)        1884M (61%)        1856M (60%)        1374M (45%)        1888M (61%)        1340M (44%)    
[2026-06-26T13:54:29.875-0300][27.102s][3772][6460 ][info][gc,heap     ] GC(19) y: Young Generation Statistics:
[2026-06-26T13:54:29.875-0300][27.102s][3772][6460 ][info][gc,heap     ] GC(19) y:                Mark Start          Mark End        Relocate Start      Relocate End    
[2026-06-26T13:54:29.875-0300][27.103s][3772][6460 ][info][gc,heap     ] GC(19) y:      Used:      662M (22%)        1110M (36%)        1074M (35%)         588M (19%)    
[2026-06-26T13:54:29.875-0300][27.103s][3772][6460 ][info][gc,heap     ] GC(19) y:      Live:         -                24M (1%)           17M (1%)           16M (1%)     
[2026-06-26T13:54:29.875-0300][27.103s][3772][6460 ][info][gc,heap     ] GC(19) y:   Garbage:         -               637M (21%)         576M (19%)          32M (1%)     
[2026-06-26T13:54:29.875-0300][27.103s][3772][6460 ][info][gc,heap     ] GC(19) y: Allocated:         -               448M (15%)         480M (16%)         538M (18%)    
[2026-06-26T13:54:29.875-0300][27.103s][3772][6460 ][info][gc,heap     ] GC(19) y: Reclaimed:         -                  -                61M (2%)          605M (20%)    
[2026-06-26T13:54:29.875-0300][27.103s][3772][6460 ][info][gc,heap     ] GC(19) y:  Promoted:         -                  -                 6M (0%)            7M (0%)     
[2026-06-26T13:54:29.875-0300][27.103s][3772][6460 ][info][gc,heap     ] GC(19) y: Compacted:         -                  -                  -                 7M (0%)     
[2026-06-26T13:54:29.875-0300][27.103s][3772][6460 ][info][gc,phases   ] GC(19) y: Young Generation 1434M(47%)->1374M(45%) 0.074s
[2026-06-26T13:54:29.875-0300][27.103s][3772][6460 ][info][gc          ] GC(19) Minor Collection (Allocation Rate) 1434M(47%)->1380M(45%) 0.075s
[2026-06-26T13:54:29.875-0300][27.103s][3772][6460 ][info][gc          ] GC(20) Minor Collection (Allocation Rate)
[2026-06-26T13:54:29.875-0300][27.103s][3772][6460 ][info][gc,task     ] GC(20) Using 3 Workers for Young Generation
[2026-06-26T13:54:29.875-0300][27.103s][3772][6460 ][info][gc,phases   ] GC(20) y: Young Generation
[2026-06-26T13:54:29.875-0300][27.103s][3772][1692 ][info][gc,phases   ] GC(20) y: Pause Mark Start 0.027ms
[2026-06-26T13:54:29.919-0300][27.145s][3772][6460 ][info][gc,phases   ] GC(20) y: Concurrent Mark 42.465ms
[2026-06-26T13:54:29.919-0300][27.146s][3772][1692 ][info][gc,phases   ] GC(20) y: Pause Mark End 0.031ms
[2026-06-26T13:54:29.919-0300][27.146s][3772][6460 ][info][gc,phases   ] GC(20) y: Concurrent Mark Free 0.016ms
[2026-06-26T13:54:29.919-0300][27.146s][3772][6460 ][info][gc,phases   ] GC(20) y: Concurrent Reset Relocation Set 0.034ms
[2026-06-26T13:54:29.919-0300][27.146s][3772][6460 ][info][gc,reloc    ] GC(20) y: Using tenuring threshold: 2 (Computed)
[2026-06-26T13:54:29.923-0300][27.150s][3772][6460 ][info][gc,phases   ] GC(20) y: Concurrent Select Relocation Set 3.910ms
[2026-06-26T13:54:29.923-0300][27.150s][3772][1692 ][info][gc,phases   ] GC(20) y: Pause Relocate Start 0.018ms
[2026-06-26T13:54:29.933-0300][27.160s][3772][6460 ][info][gc,phases   ] GC(20) y: Concurrent Relocate 10.017ms
[2026-06-26T13:54:29.933-0300][27.160s][3772][6460 ][info][gc,alloc    ] GC(20) y:                         Mark Start        Mark End      Relocate Start    Relocate End   
[2026-06-26T13:54:29.933-0300][27.160s][3772][6460 ][info][gc,alloc    ] GC(20) y: Allocation Stalls:          0                0                0                0         
[2026-06-26T13:54:29.933-0300][27.160s][3772][6460 ][info][gc,load     ] GC(20) y: Load: 0.00 (0%) / 0.00 (0%) / 0.00 (0%)
[2026-06-26T13:54:29.933-0300][27.160s][3772][6460 ][info][gc,mmu      ] GC(20) y: MMU: 2ms/97.9%, 5ms/99.0%, 10ms/99.5%, 20ms/99.6%, 50ms/99.8%, 100ms/99.9%
[2026-06-26T13:54:29.933-0300][27.160s][3772][6460 ][info][gc,marking  ] GC(20) y: Mark: 2 stripe(s), 2 proactive flush(es), 1 terminate flush(es), 0 completion(s), 0 continuation(s) 
[2026-06-26T13:54:29.933-0300][27.160s][3772][6460 ][info][gc,nmethod  ] GC(20) y: NMethods: 9968 registered, 0 unregistered
[2026-06-26T13:54:29.933-0300][27.160s][3772][6460 ][info][gc,metaspace] GC(20) y: Metaspace: 61M used, 62M committed, 1088M reserved
[2026-06-26T13:54:29.933-0300][27.160s][3772][6460 ][info][gc,reloc    ] GC(20) y:                        Candidates     Selected     In-Place         Size        Empty    Relocated 
[2026-06-26T13:54:29.933-0300][27.160s][3772][6460 ][info][gc,reloc    ] GC(20) y: Small Pages:                  282          242            0         564M          56M           5M 
[2026-06-26T13:54:29.933-0300][27.160s][3772][6460 ][info][gc,reloc    ] GC(20) y: Medium Pages:                   1            0            0          32M           0M           0M 
[2026-06-26T13:54:29.933-0300][27.160s][3772][6460 ][info][gc,reloc    ] GC(20) y: Large Pages:                    0            0            0           0M           0M           0M 
[2026-06-26T13:54:29.933-0300][27.160s][3772][6460 ][info][gc,reloc    ] GC(20) y: Forwarding Usage: 2M
[2026-06-26T13:54:29.933-0300][27.160s][3772][6460 ][info][gc,reloc    ] GC(20) y: Age Table:
[2026-06-26T13:54:29.933-0300][27.160s][3772][6460 ][info][gc,reloc    ] GC(20) y:                    Live             Garbage             Small              Medium             Large        
[2026-06-26T13:54:29.933-0300][27.160s][3772][6460 ][info][gc,reloc    ] GC(20) y: Eden               4M (0%)          531M (17%)        268 / 236            0 / 0              0 / 0        
[2026-06-26T13:54:29.933-0300][27.160s][3772][6460 ][info][gc,reloc    ] GC(20) y: Survivor 1         6M (0%)           37M (1%)           6 / 3              1 / 0              0 / 0        
[2026-06-26T13:54:29.933-0300][27.160s][3772][6460 ][info][gc,reloc    ] GC(20) y: Survivor 2         9M (0%)            6M (0%)           8 / 3              0 / 0              0 / 0        
[2026-06-26T13:54:29.933-0300][27.160s][3772][6460 ][info][gc,heap     ] GC(20) y: Min Capacity: 8M(0%)
[2026-06-26T13:54:29.933-0300][27.160s][3772][6460 ][info][gc,heap     ] GC(20) y: Max Capacity: 3072M(100%)
[2026-06-26T13:54:29.933-0300][27.160s][3772][6460 ][info][gc,heap     ] GC(20) y: Soft Max Capacity: 3072M(100%)
[2026-06-26T13:54:29.933-0300][27.160s][3772][6460 ][info][gc,heap     ] GC(20) y: Heap Statistics:
[2026-06-26T13:54:29.933-0300][27.160s][3772][6460 ][info][gc,heap     ] GC(20) y:                Mark Start          Mark End        Relocate Start      Relocate End           High               Low         
[2026-06-26T13:54:29.933-0300][27.160s][3772][6460 ][info][gc,heap     ] GC(20) y:  Capacity:     3072M (100%)       3072M (100%)       3072M (100%)       3072M (100%)       3072M (100%)       3072M (100%)   
[2026-06-26T13:54:29.933-0300][27.160s][3772][6460 ][info][gc,heap     ] GC(20) y:      Free:     1690M (55%)        1360M (44%)        1392M (45%)        1788M (58%)        1852M (60%)        1356M (44%)    
[2026-06-26T13:54:29.933-0300][27.160s][3772][6460 ][info][gc,heap     ] GC(20) y:      Used:     1382M (45%)        1712M (56%)        1680M (55%)        1284M (42%)        1716M (56%)        1220M (40%)    
[2026-06-26T13:54:29.933-0300][27.160s][3772][6460 ][info][gc,heap     ] GC(20) y: Young Generation Statistics:
[2026-06-26T13:54:29.933-0300][27.160s][3772][6460 ][info][gc,heap     ] GC(20) y:                Mark Start          Mark End        Relocate Start      Relocate End    
[2026-06-26T13:54:29.933-0300][27.160s][3772][6460 ][info][gc,heap     ] GC(20) y:      Used:      596M (19%)         926M (30%)         886M (29%)         484M (16%)    
[2026-06-26T13:54:29.933-0300][27.160s][3772][6460 ][info][gc,heap     ] GC(20) y:      Live:         -                21M (1%)           13M (0%)           11M (0%)     
[2026-06-26T13:54:29.933-0300][27.160s][3772][6460 ][info][gc,heap     ] GC(20) y:   Garbage:         -               574M (19%)         518M (17%)          32M (1%)     
[2026-06-26T13:54:29.933-0300][27.160s][3772][6460 ][info][gc,heap     ] GC(20) y: Allocated:         -               330M (11%)         354M (12%)         439M (14%)    
[2026-06-26T13:54:29.933-0300][27.160s][3772][6460 ][info][gc,heap     ] GC(20) y: Reclaimed:         -                  -                56M (2%)          542M (18%)    
[2026-06-26T13:54:29.933-0300][27.160s][3772][6460 ][info][gc,heap     ] GC(20) y:  Promoted:         -                  -                 7M (0%)            9M (0%)     
[2026-06-26T13:54:29.934-0300][27.160s][3772][6460 ][info][gc,heap     ] GC(20) y: Compacted:         -                  -                  -                 6M (0%)     
[2026-06-26T13:54:29.934-0300][27.160s][3772][6460 ][info][gc,phases   ] GC(20) y: Young Generation 1382M(45%)->1284M(42%) 0.057s
[2026-06-26T13:54:29.934-0300][27.160s][3772][6460 ][info][gc          ] GC(20) Minor Collection (Allocation Rate) 1380M(45%)->1288M(42%) 0.058s
[2026-06-26T13:54:29.934-0300][27.160s][3772][6460 ][info][gc          ] GC(21) Minor Collection (Allocation Rate)
[2026-06-26T13:54:29.934-0300][27.161s][3772][6460 ][info][gc,task     ] GC(21) Using 3 Workers for Young Generation
[2026-06-26T13:54:29.934-0300][27.161s][3772][6460 ][info][gc,phases   ] GC(21) y: Young Generation
[2026-06-26T13:54:29.934-0300][27.161s][3772][1692 ][info][gc,phases   ] GC(21) y: Pause Mark Start 0.016ms
[2026-06-26T13:54:29.984-0300][27.210s][3772][6460 ][info][gc,phases   ] GC(21) y: Concurrent Mark 49.115ms
[2026-06-26T13:54:29.984-0300][27.211s][3772][1692 ][info][gc,phases   ] GC(21) y: Pause Mark End 0.026ms
[2026-06-26T13:54:29.984-0300][27.211s][3772][6460 ][info][gc,phases   ] GC(21) y: Concurrent Mark Free 0.008ms
[2026-06-26T13:54:29.984-0300][27.211s][3772][6460 ][info][gc,phases   ] GC(21) y: Concurrent Reset Relocation Set 0.032ms
[2026-06-26T13:54:29.984-0300][27.211s][3772][6460 ][info][gc,reloc    ] GC(21) y: Using tenuring threshold: 2 (Computed)
[2026-06-26T13:54:29.987-0300][27.214s][3772][6460 ][info][gc,phases   ] GC(21) y: Concurrent Select Relocation Set 3.363ms
[2026-06-26T13:54:29.987-0300][27.214s][3772][1692 ][info][gc,phases   ] GC(21) y: Pause Relocate Start 0.013ms
[2026-06-26T13:54:29.995-0300][27.222s][3772][6460 ][info][gc,phases   ] GC(21) y: Concurrent Relocate 7.274ms
[2026-06-26T13:54:29.995-0300][27.222s][3772][6460 ][info][gc,alloc    ] GC(21) y:                         Mark Start        Mark End      Relocate Start    Relocate End   
[2026-06-26T13:54:29.995-0300][27.222s][3772][6460 ][info][gc,alloc    ] GC(21) y: Allocation Stalls:          0                0                0                0         
[2026-06-26T13:54:29.995-0300][27.222s][3772][6460 ][info][gc,load     ] GC(21) y: Load: 0.00 (0%) / 0.00 (0%) / 0.00 (0%)
[2026-06-26T13:54:29.995-0300][27.222s][3772][6460 ][info][gc,mmu      ] GC(21) y: MMU: 2ms/97.9%, 5ms/99.0%, 10ms/99.5%, 20ms/99.6%, 50ms/99.8%, 100ms/99.9%
[2026-06-26T13:54:29.995-0300][27.222s][3772][6460 ][info][gc,marking  ] GC(21) y: Mark: 2 stripe(s), 2 proactive flush(es), 1 terminate flush(es), 0 completion(s), 0 continuation(s) 
[2026-06-26T13:54:29.995-0300][27.222s][3772][6460 ][info][gc,nmethod  ] GC(21) y: NMethods: 9976 registered, 0 unregistered
[2026-06-26T13:54:29.995-0300][27.222s][3772][6460 ][info][gc,metaspace] GC(21) y: Metaspace: 61M used, 62M committed, 1088M reserved
[2026-06-26T13:54:29.995-0300][27.222s][3772][6460 ][info][gc,reloc    ] GC(21) y:                        Candidates     Selected     In-Place         Size        Empty    Relocated 
[2026-06-26T13:54:29.995-0300][27.222s][3772][6460 ][info][gc,reloc    ] GC(21) y: Small Pages:                  228          199            0         456M          40M           5M 
[2026-06-26T13:54:29.995-0300][27.222s][3772][6460 ][info][gc,reloc    ] GC(21) y: Medium Pages:                   1            0            0          32M           0M           0M 
[2026-06-26T13:54:29.995-0300][27.222s][3772][6460 ][info][gc,reloc    ] GC(21) y: Large Pages:                    0            0            0           0M           0M           0M 
[2026-06-26T13:54:29.995-0300][27.222s][3772][6460 ][info][gc,reloc    ] GC(21) y: Forwarding Usage: 2M
[2026-06-26T13:54:29.995-0300][27.222s][3772][6460 ][info][gc,reloc    ] GC(21) y: Age Table:
[2026-06-26T13:54:29.995-0300][27.222s][3772][6460 ][info][gc,reloc    ] GC(21) y:                    Live             Garbage             Small              Medium             Large        
[2026-06-26T13:54:29.995-0300][27.222s][3772][6460 ][info][gc,reloc    ] GC(21) y: Eden               4M (0%)          431M (14%)        218 / 196            0 / 0              0 / 0        
[2026-06-26T13:54:29.995-0300][27.222s][3772][6460 ][info][gc,reloc    ] GC(21) y: Survivor 1         4M (0%)            3M (0%)           4 / 0              0 / 0              0 / 0        
[2026-06-26T13:54:29.995-0300][27.222s][3772][6460 ][info][gc,reloc    ] GC(21) y: Survivor 2         6M (0%)           37M (1%)           6 / 3              1 / 0              0 / 0        
[2026-06-26T13:54:29.995-0300][27.222s][3772][6460 ][info][gc,heap     ] GC(21) y: Min Capacity: 8M(0%)
[2026-06-26T13:54:29.995-0300][27.222s][3772][6460 ][info][gc,heap     ] GC(21) y: Max Capacity: 3072M(100%)
[2026-06-26T13:54:29.995-0300][27.222s][3772][6460 ][info][gc,heap     ] GC(21) y: Soft Max Capacity: 3072M(100%)
[2026-06-26T13:54:29.995-0300][27.222s][3772][6460 ][info][gc,heap     ] GC(21) y: Heap Statistics:
[2026-06-26T13:54:29.995-0300][27.222s][3772][6460 ][info][gc,heap     ] GC(21) y:                Mark Start          Mark End        Relocate Start      Relocate End           High               Low         
[2026-06-26T13:54:29.995-0300][27.222s][3772][6460 ][info][gc,heap     ] GC(21) y:  Capacity:     3072M (100%)       3072M (100%)       3072M (100%)       3072M (100%)       3072M (100%)       3072M (100%)   
[2026-06-26T13:54:29.995-0300][27.222s][3772][6460 ][info][gc,heap     ] GC(21) y:      Free:     1784M (58%)        1396M (45%)        1410M (46%)        1752M (57%)        1784M (58%)        1396M (45%)    
[2026-06-26T13:54:29.995-0300][27.222s][3772][6460 ][info][gc,heap     ] GC(21) y:      Used:     1288M (42%)        1676M (55%)        1662M (54%)        1320M (43%)        1676M (55%)        1288M (42%)    
[2026-06-26T13:54:29.995-0300][27.222s][3772][6460 ][info][gc,heap     ] GC(21) y: Young Generation Statistics:
[2026-06-26T13:54:29.995-0300][27.222s][3772][6460 ][info][gc,heap     ] GC(21) y:                Mark Start          Mark End        Relocate Start      Relocate End    
[2026-06-26T13:54:29.995-0300][27.222s][3772][6460 ][info][gc,heap     ] GC(21) y:      Used:      488M (16%)         876M (29%)         826M (27%)         476M (15%)    
[2026-06-26T13:54:29.995-0300][27.222s][3772][6460 ][info][gc,heap     ] GC(21) y:      Live:         -                16M (1%)           11M (0%)            9M (0%)     
[2026-06-26T13:54:29.995-0300][27.222s][3772][6460 ][info][gc,heap     ] GC(21) y:   Garbage:         -               471M (15%)         400M (13%)           0M (0%)     
[2026-06-26T13:54:29.995-0300][27.222s][3772][6460 ][info][gc,heap     ] GC(21) y: Allocated:         -               388M (13%)         414M (13%)         466M (15%)    
[2026-06-26T13:54:29.995-0300][27.222s][3772][6460 ][info][gc,heap     ] GC(21) y: Reclaimed:         -                  -                71M (2%)          471M (15%)    
[2026-06-26T13:54:29.995-0300][27.222s][3772][6460 ][info][gc,heap     ] GC(21) y:  Promoted:         -                  -                 4M (0%)            6M (0%)     
[2026-06-26T13:54:29.995-0300][27.222s][3772][6460 ][info][gc,heap     ] GC(21) y: Compacted:         -                  -                  -                 5M (0%)     
[2026-06-26T13:54:29.995-0300][27.222s][3772][6460 ][info][gc,phases   ] GC(21) y: Young Generation 1288M(42%)->1320M(43%) 0.061s
[2026-06-26T13:54:29.995-0300][27.222s][3772][6460 ][info][gc          ] GC(21) Minor Collection (Allocation Rate) 1288M(42%)->1324M(43%) 0.062s
[2026-06-26T13:54:29.995-0300][27.222s][3772][6460 ][info][gc          ] GC(22) Minor Collection (Allocation Rate)
[2026-06-26T13:54:29.995-0300][27.222s][3772][6460 ][info][gc,task     ] GC(22) Using 3 Workers for Young Generation
[2026-06-26T13:54:29.995-0300][27.222s][3772][6460 ][info][gc,phases   ] GC(22) y: Young Generation
[2026-06-26T13:54:29.995-0300][27.222s][3772][1692 ][info][gc,phases   ] GC(22) y: Pause Mark Start 0.030ms
[2026-06-26T13:54:30.040-0300][27.267s][3772][6460 ][info][gc,phases   ] GC(22) y: Concurrent Mark 44.170ms
[2026-06-26T13:54:30.040-0300][27.267s][3772][1692 ][info][gc,phases   ] GC(22) y: Pause Mark End 0.035ms
[2026-06-26T13:54:30.040-0300][27.267s][3772][6460 ][info][gc,phases   ] GC(22) y: Concurrent Mark Free 0.008ms
[2026-06-26T13:54:30.040-0300][27.267s][3772][6460 ][info][gc,phases   ] GC(22) y: Concurrent Reset Relocation Set 0.035ms
[2026-06-26T13:54:30.040-0300][27.267s][3772][6460 ][info][gc,reloc    ] GC(22) y: Using tenuring threshold: 3 (Computed)
[2026-06-26T13:54:30.041-0300][27.268s][3772][6460 ][info][gc,phases   ] GC(22) y: Concurrent Select Relocation Set 0.605ms
[2026-06-26T13:54:30.041-0300][27.268s][3772][1692 ][info][gc,phases   ] GC(22) y: Pause Relocate Start 0.012ms
[2026-06-26T13:54:30.044-0300][27.271s][3772][6460 ][info][gc,phases   ] GC(22) y: Concurrent Relocate 2.537ms
[2026-06-26T13:54:30.044-0300][27.271s][3772][6460 ][info][gc,alloc    ] GC(22) y:                         Mark Start        Mark End      Relocate Start    Relocate End   
[2026-06-26T13:54:30.044-0300][27.271s][3772][6460 ][info][gc,alloc    ] GC(22) y: Allocation Stalls:          0                0                0                0         
[2026-06-26T13:54:30.044-0300][27.271s][3772][6460 ][info][gc,load     ] GC(22) y: Load: 0.00 (0%) / 0.00 (0%) / 0.00 (0%)
[2026-06-26T13:54:30.044-0300][27.271s][3772][6460 ][info][gc,mmu      ] GC(22) y: MMU: 2ms/97.6%, 5ms/99.0%, 10ms/99.5%, 20ms/99.6%, 50ms/99.8%, 100ms/99.9%
[2026-06-26T13:54:30.044-0300][27.271s][3772][6460 ][info][gc,marking  ] GC(22) y: Mark: 2 stripe(s), 3 proactive flush(es), 1 terminate flush(es), 0 completion(s), 0 continuation(s) 
[2026-06-26T13:54:30.044-0300][27.271s][3772][6460 ][info][gc,nmethod  ] GC(22) y: NMethods: 9984 registered, 0 unregistered
[2026-06-26T13:54:30.044-0300][27.271s][3772][6460 ][info][gc,metaspace] GC(22) y: Metaspace: 61M used, 62M committed, 1088M reserved
[2026-06-26T13:54:30.044-0300][27.271s][3772][6460 ][info][gc,reloc    ] GC(22) y:                        Candidates     Selected     In-Place         Size        Empty    Relocated 
[2026-06-26T13:54:30.044-0300][27.271s][3772][6460 ][info][gc,reloc    ] GC(22) y: Small Pages:                  224          196            0         448M          38M           4M 
[2026-06-26T13:54:30.044-0300][27.271s][3772][6460 ][info][gc,reloc    ] GC(22) y: Medium Pages:                   1            0            0          32M           0M           0M 
[2026-06-26T13:54:30.044-0300][27.271s][3772][6460 ][info][gc,reloc    ] GC(22) y: Large Pages:                    0            0            0           0M           0M           0M 
[2026-06-26T13:54:30.044-0300][27.271s][3772][6460 ][info][gc,reloc    ] GC(22) y: Forwarding Usage: 1M
[2026-06-26T13:54:30.044-0300][27.271s][3772][6460 ][info][gc,reloc    ] GC(22) y: Age Table:
[2026-06-26T13:54:30.044-0300][27.271s][3772][6460 ][info][gc,reloc    ] GC(22) y:                    Live             Garbage             Small              Medium             Large        
[2026-06-26T13:54:30.044-0300][27.271s][3772][6460 ][info][gc,reloc    ] GC(22) y: Eden               5M (0%)          458M (15%)        216 / 195            1 / 0              0 / 0        
[2026-06-26T13:54:30.044-0300][27.271s][3772][6460 ][info][gc,reloc    ] GC(22) y: Survivor 1         4M (0%)            3M (0%)           4 / 1              0 / 0              0 / 0        
[2026-06-26T13:54:30.044-0300][27.271s][3772][6460 ][info][gc,reloc    ] GC(22) y: Survivor 2         4M (0%)            3M (0%)           4 / 0              0 / 0              0 / 0        
[2026-06-26T13:54:30.044-0300][27.271s][3772][6460 ][info][gc,heap     ] GC(22) y: Min Capacity: 8M(0%)
[2026-06-26T13:54:30.044-0300][27.271s][3772][6460 ][info][gc,heap     ] GC(22) y: Max Capacity: 3072M(100%)
[2026-06-26T13:54:30.044-0300][27.271s][3772][6460 ][info][gc,heap     ] GC(22) y: Soft Max Capacity: 3072M(100%)
[2026-06-26T13:54:30.044-0300][27.271s][3772][6460 ][info][gc,heap     ] GC(22) y: Heap Statistics:
[2026-06-26T13:54:30.044-0300][27.271s][3772][6460 ][info][gc,heap     ] GC(22) y:                Mark Start          Mark End        Relocate Start      Relocate End           High               Low         
[2026-06-26T13:54:30.044-0300][27.271s][3772][6460 ][info][gc,heap     ] GC(22) y:  Capacity:     3072M (100%)       3072M (100%)       3072M (100%)       3072M (100%)       3072M (100%)       3072M (100%)   
[2026-06-26T13:54:30.044-0300][27.271s][3772][6460 ][info][gc,heap     ] GC(22) y:      Free:     1748M (57%)        1430M (47%)        1460M (48%)        1830M (60%)        1830M (60%)        1428M (46%)    
[2026-06-26T13:54:30.044-0300][27.271s][3772][6460 ][info][gc,heap     ] GC(22) y:      Used:     1324M (43%)        1642M (53%)        1612M (52%)        1242M (40%)        1644M (54%)        1242M (40%)    
[2026-06-26T13:54:30.044-0300][27.271s][3772][6460 ][info][gc,heap     ] GC(22) y: Young Generation Statistics:
[2026-06-26T13:54:30.044-0300][27.271s][3772][6460 ][info][gc,heap     ] GC(22) y:                Mark Start          Mark End        Relocate Start      Relocate End    
[2026-06-26T13:54:30.044-0300][27.271s][3772][6460 ][info][gc,heap     ] GC(22) y:      Used:      480M (16%)         798M (26%)         768M (25%)         398M (13%)    
[2026-06-26T13:54:30.044-0300][27.271s][3772][6460 ][info][gc,heap     ] GC(22) y:      Live:         -                14M (0%)           14M (0%)           14M (0%)     
[2026-06-26T13:54:30.044-0300][27.271s][3772][6460 ][info][gc,heap     ] GC(22) y:   Garbage:         -               465M (15%)         427M (14%)          34M (1%)     
[2026-06-26T13:54:30.044-0300][27.271s][3772][6460 ][info][gc,heap     ] GC(22) y: Allocated:         -               318M (10%)         326M (11%)         348M (11%)    
[2026-06-26T13:54:30.044-0300][27.271s][3772][6460 ][info][gc,heap     ] GC(22) y: Reclaimed:         -                  -                38M (1%)          430M (14%)    
[2026-06-26T13:54:30.044-0300][27.271s][3772][6460 ][info][gc,heap     ] GC(22) y:  Promoted:         -                  -                 0M (0%)            0M (0%)     
[2026-06-26T13:54:30.044-0300][27.271s][3772][6460 ][info][gc,heap     ] GC(22) y: Compacted:         -                  -                  -                 5M (0%)     
[2026-06-26T13:54:30.044-0300][27.271s][3772][6460 ][info][gc,phases   ] GC(22) y: Young Generation 1324M(43%)->1242M(40%) 0.048s
[2026-06-26T13:54:30.044-0300][27.271s][3772][6460 ][info][gc          ] GC(22) Minor Collection (Allocation Rate) 1324M(43%)->1248M(41%) 0.049s
[2026-06-26T13:54:30.068-0300][27.294s][3772][6460 ][info][gc          ] GC(23) Minor Collection (Allocation Rate)
[2026-06-26T13:54:30.068-0300][27.294s][3772][6460 ][info][gc,task     ] GC(23) Using 3 Workers for Young Generation
[2026-06-26T13:54:30.068-0300][27.294s][3772][6460 ][info][gc,phases   ] GC(23) y: Young Generation
[2026-06-26T13:54:30.068-0300][27.295s][3772][1692 ][info][gc,phases   ] GC(23) y: Pause Mark Start 0.031ms
[2026-06-26T13:54:30.110-0300][27.337s][3772][6460 ][info][gc,phases   ] GC(23) y: Concurrent Mark 41.919ms
[2026-06-26T13:54:30.110-0300][27.337s][3772][1692 ][info][gc,phases   ] GC(23) y: Pause Mark End 0.024ms
[2026-06-26T13:54:30.110-0300][27.337s][3772][6460 ][info][gc,phases   ] GC(23) y: Concurrent Mark Free 0.015ms
[2026-06-26T13:54:30.110-0300][27.337s][3772][6460 ][info][gc,phases   ] GC(23) y: Concurrent Reset Relocation Set 0.015ms
[2026-06-26T13:54:30.110-0300][27.337s][3772][6460 ][info][gc,reloc    ] GC(23) y: Using tenuring threshold: 2 (Computed)
[2026-06-26T13:54:30.113-0300][27.340s][3772][6460 ][info][gc,phases   ] GC(23) y: Concurrent Select Relocation Set 3.370ms
[2026-06-26T13:54:30.113-0300][27.340s][3772][1692 ][info][gc,phases   ] GC(23) y: Pause Relocate Start 0.026ms
[2026-06-26T13:54:30.122-0300][27.349s][3772][6460 ][info][gc,phases   ] GC(23) y: Concurrent Relocate 8.436ms
[2026-06-26T13:54:30.122-0300][27.349s][3772][6460 ][info][gc,alloc    ] GC(23) y:                         Mark Start        Mark End      Relocate Start    Relocate End   
[2026-06-26T13:54:30.122-0300][27.349s][3772][6460 ][info][gc,alloc    ] GC(23) y: Allocation Stalls:          0                0                0                0         
[2026-06-26T13:54:30.122-0300][27.349s][3772][6460 ][info][gc,load     ] GC(23) y: Load: 0.00 (0%) / 0.00 (0%) / 0.00 (0%)
[2026-06-26T13:54:30.122-0300][27.349s][3772][6460 ][info][gc,mmu      ] GC(23) y: MMU: 2ms/97.6%, 5ms/99.0%, 10ms/99.5%, 20ms/99.6%, 50ms/99.8%, 100ms/99.9%
[2026-06-26T13:54:30.122-0300][27.349s][3772][6460 ][info][gc,marking  ] GC(23) y: Mark: 2 stripe(s), 3 proactive flush(es), 1 terminate flush(es), 0 completion(s), 0 continuation(s) 
[2026-06-26T13:54:30.122-0300][27.349s][3772][6460 ][info][gc,nmethod  ] GC(23) y: NMethods: 9985 registered, 0 unregistered
[2026-06-26T13:54:30.122-0300][27.349s][3772][6460 ][info][gc,metaspace] GC(23) y: Metaspace: 61M used, 62M committed, 1088M reserved
[2026-06-26T13:54:30.122-0300][27.349s][3772][6460 ][info][gc,reloc    ] GC(23) y:                        Candidates     Selected     In-Place         Size        Empty    Relocated 
[2026-06-26T13:54:30.122-0300][27.349s][3772][6460 ][info][gc,reloc    ] GC(23) y: Small Pages:                  271          234            0         542M          48M           5M 
[2026-06-26T13:54:30.122-0300][27.349s][3772][6460 ][info][gc,reloc    ] GC(23) y: Medium Pages:                   1            0            0          32M           0M           0M 
[2026-06-26T13:54:30.122-0300][27.349s][3772][6460 ][info][gc,reloc    ] GC(23) y: Large Pages:                    0            0            0           0M           0M           0M 
[2026-06-26T13:54:30.122-0300][27.349s][3772][6460 ][info][gc,reloc    ] GC(23) y: Forwarding Usage: 1M
[2026-06-26T13:54:30.122-0300][27.349s][3772][6460 ][info][gc,reloc    ] GC(23) y: Age Table:
[2026-06-26T13:54:30.122-0300][27.349s][3772][6460 ][info][gc,reloc    ] GC(23) y:                    Live             Garbage             Small              Medium             Large        
[2026-06-26T13:54:30.122-0300][27.349s][3772][6460 ][info][gc,reloc    ] GC(23) y: Eden               6M (0%)          511M (17%)        259 / 232            0 / 0              0 / 0        
[2026-06-26T13:54:30.122-0300][27.349s][3772][6460 ][info][gc,reloc    ] GC(23) y: Survivor 1         5M (0%)           36M (1%)           5 / 1              1 / 0              0 / 0        
[2026-06-26T13:54:30.122-0300][27.349s][3772][6460 ][info][gc,reloc    ] GC(23) y: Survivor 2         4M (0%)            3M (0%)           4 / 0              0 / 0              0 / 0        
[2026-06-26T13:54:30.122-0300][27.349s][3772][6460 ][info][gc,reloc    ] GC(23) y: Survivor 3         4M (0%)            1M (0%)           3 / 1              0 / 0              0 / 0        
[2026-06-26T13:54:30.122-0300][27.349s][3772][6460 ][info][gc,heap     ] GC(23) y: Min Capacity: 8M(0%)
[2026-06-26T13:54:30.122-0300][27.349s][3772][6460 ][info][gc,heap     ] GC(23) y: Max Capacity: 3072M(100%)
[2026-06-26T13:54:30.122-0300][27.349s][3772][6460 ][info][gc,heap     ] GC(23) y: Soft Max Capacity: 3072M(100%)
[2026-06-26T13:54:30.122-0300][27.349s][3772][6460 ][info][gc,heap     ] GC(23) y: Heap Statistics:
[2026-06-26T13:54:30.122-0300][27.349s][3772][6460 ][info][gc,heap     ] GC(23) y:                Mark Start          Mark End        Relocate Start      Relocate End           High               Low         
[2026-06-26T13:54:30.122-0300][27.349s][3772][6460 ][info][gc,heap     ] GC(23) y:  Capacity:     3072M (100%)       3072M (100%)       3072M (100%)       3072M (100%)       3072M (100%)       3072M (100%)   
[2026-06-26T13:54:30.122-0300][27.349s][3772][6460 ][info][gc,heap     ] GC(23) y:      Free:     1654M (54%)        1342M (44%)        1364M (44%)        1778M (58%)        1814M (59%)        1340M (44%)    
[2026-06-26T13:54:30.122-0300][27.349s][3772][6460 ][info][gc,heap     ] GC(23) y:      Used:     1418M (46%)        1730M (56%)        1708M (56%)        1294M (42%)        1732M (56%)        1258M (41%)    
[2026-06-26T13:54:30.122-0300][27.349s][3772][6460 ][info][gc,heap     ] GC(23) y: Young Generation Statistics:
[2026-06-26T13:54:30.122-0300][27.349s][3772][6460 ][info][gc,heap     ] GC(23) y:                Mark Start          Mark End        Relocate Start      Relocate End    
[2026-06-26T13:54:30.122-0300][27.349s][3772][6460 ][info][gc,heap     ] GC(23) y:      Used:      574M (19%)         886M (29%)         854M (28%)         438M (14%)    
[2026-06-26T13:54:30.122-0300][27.349s][3772][6460 ][info][gc,heap     ] GC(23) y:      Live:         -                21M (1%)           13M (0%)           12M (0%)     
[2026-06-26T13:54:30.122-0300][27.349s][3772][6460 ][info][gc,heap     ] GC(23) y:   Garbage:         -               552M (18%)         502M (16%)          33M (1%)     
[2026-06-26T13:54:30.122-0300][27.349s][3772][6460 ][info][gc,heap     ] GC(23) y: Allocated:         -               312M (10%)         338M (11%)         392M (13%)    
[2026-06-26T13:54:30.122-0300][27.349s][3772][6460 ][info][gc,heap     ] GC(23) y: Reclaimed:         -                  -                49M (2%)          519M (17%)    
[2026-06-26T13:54:30.122-0300][27.350s][3772][6460 ][info][gc,heap     ] GC(23) y:  Promoted:         -                  -                 8M (0%)            9M (0%)     
[2026-06-26T13:54:30.122-0300][27.350s][3772][6460 ][info][gc,heap     ] GC(23) y: Compacted:         -                  -                  -                 5M (0%)     
[2026-06-26T13:54:30.122-0300][27.350s][3772][6460 ][info][gc,phases   ] GC(23) y: Young Generation 1418M(46%)->1294M(42%) 0.055s
[2026-06-26T13:54:30.122-0300][27.350s][3772][6460 ][info][gc          ] GC(23) Minor Collection (Allocation Rate) 1418M(46%)->1302M(42%) 0.055s
[2026-06-26T13:54:30.160-0300][27.387s][3772][8616 ][info][gc          ] GC(24) Major Collection (Allocation Rate)
[2026-06-26T13:54:30.160-0300][27.387s][3772][8616 ][info][gc,task     ] GC(24) Using 3 Workers for Young Generation
[2026-06-26T13:54:30.160-0300][27.387s][3772][8616 ][info][gc,task     ] GC(24) Using 1 Workers for Old Generation
[2026-06-26T13:54:30.160-0300][27.387s][3772][8616 ][info][gc,phases   ] GC(24) Y: Young Generation
[2026-06-26T13:54:30.160-0300][27.387s][3772][1692 ][info][gc,phases   ] GC(24) Y: Pause Mark Start (Major) 0.027ms
[2026-06-26T13:54:30.190-0300][27.417s][3772][8616 ][info][gc,phases   ] GC(24) Y: Concurrent Mark 29.270ms
[2026-06-26T13:54:30.190-0300][27.417s][3772][1692 ][info][gc,phases   ] GC(24) Y: Pause Mark End 0.038ms
[2026-06-26T13:54:30.190-0300][27.417s][3772][8616 ][info][gc,phases   ] GC(24) Y: Concurrent Mark Free 0.013ms
[2026-06-26T13:54:30.190-0300][27.417s][3772][8616 ][info][gc,phases   ] GC(24) Y: Concurrent Reset Relocation Set 0.040ms
[2026-06-26T13:54:30.190-0300][27.417s][3772][8616 ][info][gc,reloc    ] GC(24) Y: Using tenuring threshold: 3 (Computed)
[2026-06-26T13:54:30.191-0300][27.418s][3772][8616 ][info][gc,phases   ] GC(24) Y: Concurrent Select Relocation Set 0.929ms
[2026-06-26T13:54:30.191-0300][27.418s][3772][1692 ][info][gc,phases   ] GC(24) Y: Pause Relocate Start 0.020ms
[2026-06-26T13:54:30.195-0300][27.422s][3772][8616 ][info][gc,phases   ] GC(24) Y: Concurrent Relocate 3.960ms
[2026-06-26T13:54:30.195-0300][27.422s][3772][8616 ][info][gc,alloc    ] GC(24) Y:                         Mark Start        Mark End      Relocate Start    Relocate End   
[2026-06-26T13:54:30.195-0300][27.422s][3772][8616 ][info][gc,alloc    ] GC(24) Y: Allocation Stalls:          0                0                0                0         
[2026-06-26T13:54:30.195-0300][27.422s][3772][8616 ][info][gc,load     ] GC(24) Y: Load: 0.00 (0%) / 0.00 (0%) / 0.00 (0%)
[2026-06-26T13:54:30.195-0300][27.422s][3772][8616 ][info][gc,mmu      ] GC(24) Y: MMU: 2ms/97.1%, 5ms/98.8%, 10ms/99.4%, 20ms/99.6%, 50ms/99.8%, 100ms/99.9%
[2026-06-26T13:54:30.195-0300][27.422s][3772][8616 ][info][gc,marking  ] GC(24) Y: Mark: 2 stripe(s), 2 proactive flush(es), 1 terminate flush(es), 0 completion(s), 0 continuation(s) 
[2026-06-26T13:54:30.195-0300][27.422s][3772][8616 ][info][gc,nmethod  ] GC(24) Y: NMethods: 9986 registered, 0 unregistered
[2026-06-26T13:54:30.195-0300][27.422s][3772][8616 ][info][gc,metaspace] GC(24) Y: Metaspace: 61M used, 62M committed, 1088M reserved
[2026-06-26T13:54:30.195-0300][27.422s][3772][8616 ][info][gc,reloc    ] GC(24) Y:                        Candidates     Selected     In-Place         Size        Empty    Relocated 
[2026-06-26T13:54:30.195-0300][27.422s][3772][8616 ][info][gc,reloc    ] GC(24) Y: Small Pages:                  347          293            0         694M          84M           6M 
[2026-06-26T13:54:30.195-0300][27.422s][3772][8616 ][info][gc,reloc    ] GC(24) Y: Medium Pages:                   2            1            0          64M           0M           0M 
[2026-06-26T13:54:30.195-0300][27.422s][3772][8616 ][info][gc,reloc    ] GC(24) Y: Large Pages:                    0            0            0           0M           0M           0M 
[2026-06-26T13:54:30.195-0300][27.422s][3772][8616 ][info][gc,reloc    ] GC(24) Y: Forwarding Usage: 2M
[2026-06-26T13:54:30.195-0300][27.422s][3772][8616 ][info][gc,reloc    ] GC(24) Y: Age Table:
[2026-06-26T13:54:30.195-0300][27.422s][3772][8616 ][info][gc,reloc    ] GC(24) Y:                    Live             Garbage             Small              Medium             Large        
[2026-06-26T13:54:30.195-0300][27.423s][3772][8616 ][info][gc,reloc    ] GC(24) Y: Eden               8M (0%)          697M (23%)        337 / 290            1 / 0              0 / 0        
[2026-06-26T13:54:30.195-0300][27.423s][3772][8616 ][info][gc,reloc    ] GC(24) Y: Survivor 1         6M (0%)            3M (0%)           5 / 1              0 / 0              0 / 0        
[2026-06-26T13:54:30.195-0300][27.423s][3772][8616 ][info][gc,reloc    ] GC(24) Y: Survivor 2         5M (0%)           36M (1%)           5 / 2              1 / 1              0 / 0        
[2026-06-26T13:54:30.195-0300][27.423s][3772][8616 ][info][gc,heap     ] GC(24) Y: Min Capacity: 8M(0%)
[2026-06-26T13:54:30.195-0300][27.423s][3772][8616 ][info][gc,heap     ] GC(24) Y: Max Capacity: 3072M(100%)
[2026-06-26T13:54:30.195-0300][27.423s][3772][8616 ][info][gc,heap     ] GC(24) Y: Soft Max Capacity: 3072M(100%)
[2026-06-26T13:54:30.195-0300][27.423s][3772][8616 ][info][gc,heap     ] GC(24) Y: Heap Statistics:
[2026-06-26T13:54:30.195-0300][27.423s][3772][8616 ][info][gc,heap     ] GC(24) Y:                Mark Start          Mark End        Relocate Start      Relocate End           High               Low         
[2026-06-26T13:54:30.195-0300][27.423s][3772][8616 ][info][gc,heap     ] GC(24) Y:  Capacity:     3072M (100%)       3072M (100%)       3072M (100%)       3072M (100%)       3072M (100%)       3072M (100%)   
[2026-06-26T13:54:30.195-0300][27.423s][3772][8616 ][info][gc,heap     ] GC(24) Y:      Free:     1458M (47%)        1276M (42%)        1352M (44%)        1882M (61%)        1890M (62%)        1252M (41%)    
[2026-06-26T13:54:30.195-0300][27.423s][3772][8616 ][info][gc,heap     ] GC(24) Y:      Used:     1614M (53%)        1796M (58%)        1720M (56%)        1190M (39%)        1820M (59%)        1182M (38%)    
[2026-06-26T13:54:30.195-0300][27.423s][3772][8616 ][info][gc,heap     ] GC(24) Y: Young Generation Statistics:
[2026-06-26T13:54:30.195-0300][27.423s][3772][8616 ][info][gc,heap     ] GC(24) Y:                Mark Start          Mark End        Relocate Start      Relocate End    
[2026-06-26T13:54:30.195-0300][27.423s][3772][8616 ][info][gc,heap     ] GC(24) Y:      Used:      758M (25%)         940M (31%)         864M (28%)         334M (11%)    
[2026-06-26T13:54:30.195-0300][27.423s][3772][8616 ][info][gc,heap     ] GC(24) Y:      Live:         -                20M (1%)           20M (1%)           20M (1%)     
[2026-06-26T13:54:30.195-0300][27.423s][3772][8616 ][info][gc,heap     ] GC(24) Y:   Garbage:         -               737M (24%)         653M (21%)           3M (0%)     
[2026-06-26T13:54:30.195-0300][27.423s][3772][8616 ][info][gc,heap     ] GC(24) Y: Allocated:         -               182M (6%)          190M (6%)          310M (10%)    
[2026-06-26T13:54:30.195-0300][27.423s][3772][8616 ][info][gc,heap     ] GC(24) Y: Reclaimed:         -                  -                84M (3%)          734M (24%)    
[2026-06-26T13:54:30.195-0300][27.423s][3772][8616 ][info][gc,heap     ] GC(24) Y:  Promoted:         -                  -                 0M (0%)            0M (0%)     
[2026-06-26T13:54:30.195-0300][27.423s][3772][8616 ][info][gc,heap     ] GC(24) Y: Compacted:         -                  -                  -                 9M (0%)     
[2026-06-26T13:54:30.195-0300][27.423s][3772][8616 ][info][gc,phases   ] GC(24) Y: Young Generation 1614M(53%)->1190M(39%) 0.035s
[2026-06-26T13:54:30.195-0300][27.423s][3772][8616 ][info][gc,phases   ] GC(24) O: Old Generation
[2026-06-26T13:54:30.292-0300][27.519s][3772][6460 ][info][gc          ] GC(25) Minor Collection (Allocation Rate)
[2026-06-26T13:54:30.292-0300][27.519s][3772][6460 ][info][gc,task     ] GC(25) Using 2 Workers for Young Generation
[2026-06-26T13:54:30.292-0300][27.519s][3772][6460 ][info][gc,phases   ] GC(25) y: Young Generation
[2026-06-26T13:54:30.292-0300][27.519s][3772][1692 ][info][gc,phases   ] GC(25) y: Pause Mark Start 0.017ms
[2026-06-26T13:54:30.340-0300][27.567s][3772][6460 ][info][gc,phases   ] GC(25) y: Concurrent Mark 47.940ms
[2026-06-26T13:54:30.340-0300][27.568s][3772][1692 ][info][gc,phases   ] GC(25) y: Pause Mark End 0.018ms
[2026-06-26T13:54:30.340-0300][27.568s][3772][6460 ][info][gc,phases   ] GC(25) y: Concurrent Mark Free 0.005ms
[2026-06-26T13:54:30.340-0300][27.568s][3772][6460 ][info][gc,phases   ] GC(25) y: Concurrent Reset Relocation Set 0.023ms
[2026-06-26T13:54:30.340-0300][27.568s][3772][6460 ][info][gc,reloc    ] GC(25) y: Using tenuring threshold: 4 (Computed)
[2026-06-26T13:54:30.342-0300][27.569s][3772][6460 ][info][gc,phases   ] GC(25) y: Concurrent Select Relocation Set 1.803ms
[2026-06-26T13:54:30.342-0300][27.570s][3772][1692 ][info][gc,phases   ] GC(25) y: Pause Relocate Start 0.020ms
[2026-06-26T13:54:30.351-0300][27.578s][3772][6460 ][info][gc,phases   ] GC(25) y: Concurrent Relocate 8.731ms
[2026-06-26T13:54:30.352-0300][27.578s][3772][6460 ][info][gc,alloc    ] GC(25) y:                         Mark Start        Mark End      Relocate Start    Relocate End   
[2026-06-26T13:54:30.352-0300][27.579s][3772][6460 ][info][gc,alloc    ] GC(25) y: Allocation Stalls:          0                0                0                0         
[2026-06-26T13:54:30.352-0300][27.579s][3772][6460 ][info][gc,load     ] GC(25) y: Load: 0.00 (0%) / 0.00 (0%) / 0.00 (0%)
[2026-06-26T13:54:30.352-0300][27.579s][3772][6460 ][info][gc,mmu      ] GC(25) y: MMU: 2ms/97.1%, 5ms/98.8%, 10ms/99.4%, 20ms/99.6%, 50ms/99.8%, 100ms/99.9%
[2026-06-26T13:54:30.352-0300][27.579s][3772][6460 ][info][gc,marking  ] GC(25) y: Mark: 2 stripe(s), 2 proactive flush(es), 1 terminate flush(es), 0 completion(s), 0 continuation(s) 
[2026-06-26T13:54:30.352-0300][27.579s][3772][6460 ][info][gc,nmethod  ] GC(25) y: NMethods: 9994 registered, 0 unregistered
[2026-06-26T13:54:30.352-0300][27.579s][3772][6460 ][info][gc,metaspace] GC(25) y: Metaspace: 61M used, 62M committed, 1088M reserved
[2026-06-26T13:54:30.352-0300][27.579s][3772][6460 ][info][gc,reloc    ] GC(25) y:                        Candidates     Selected     In-Place         Size        Empty    Relocated 
[2026-06-26T13:54:30.352-0300][27.579s][3772][6460 ][info][gc,reloc    ] GC(25) y: Small Pages:                  413          331            0         826M         126M          10M 
[2026-06-26T13:54:30.352-0300][27.579s][3772][6460 ][info][gc,reloc    ] GC(25) y: Medium Pages:                   4            1            0         128M          64M           1M 
[2026-06-26T13:54:30.352-0300][27.579s][3772][6460 ][info][gc,reloc    ] GC(25) y: Large Pages:                    0            0            0           0M           0M           0M 
[2026-06-26T13:54:30.352-0300][27.579s][3772][6460 ][info][gc,reloc    ] GC(25) y: Forwarding Usage: 4M
[2026-06-26T13:54:30.352-0300][27.579s][3772][6460 ][info][gc,reloc    ] GC(25) y: Age Table:
[2026-06-26T13:54:30.352-0300][27.579s][3772][6460 ][info][gc,reloc    ] GC(25) y:                    Live             Garbage             Small              Medium             Large        
[2026-06-26T13:54:30.352-0300][27.579s][3772][6460 ][info][gc,reloc    ] GC(25) y: Eden              15M (1%)          808M (26%)        396 / 328            1 / 1              0 / 0        
[2026-06-26T13:54:30.352-0300][27.579s][3772][6460 ][info][gc,reloc    ] GC(25) y: Survivor 1         8M (0%)           39M (1%)           8 / 1              1 / 0              0 / 0        
[2026-06-26T13:54:30.352-0300][27.579s][3772][6460 ][info][gc,reloc    ] GC(25) y: Survivor 2         6M (0%)            3M (0%)           5 / 1              0 / 0              0 / 0        
[2026-06-26T13:54:30.352-0300][27.579s][3772][6460 ][info][gc,reloc    ] GC(25) y: Survivor 3         4M (0%)           67M (2%)           4 / 1              2 / 0              0 / 0        
[2026-06-26T13:54:30.352-0300][27.579s][3772][6460 ][info][gc,heap     ] GC(25) y: Min Capacity: 8M(0%)
[2026-06-26T13:54:30.352-0300][27.579s][3772][6460 ][info][gc,heap     ] GC(25) y: Max Capacity: 3072M(100%)
[2026-06-26T13:54:30.352-0300][27.579s][3772][6460 ][info][gc,heap     ] GC(25) y: Soft Max Capacity: 3072M(100%)
[2026-06-26T13:54:30.352-0300][27.579s][3772][6460 ][info][gc,heap     ] GC(25) y: Heap Statistics:
[2026-06-26T13:54:30.352-0300][27.579s][3772][6460 ][info][gc,heap     ] GC(25) y:                Mark Start          Mark End        Relocate Start      Relocate End           High               Low         
[2026-06-26T13:54:30.352-0300][27.579s][3772][6460 ][info][gc,heap     ] GC(25) y:  Capacity:     3072M (100%)       3072M (100%)       3072M (100%)       3072M (100%)       3072M (100%)       3072M (100%)   
[2026-06-26T13:54:30.352-0300][27.579s][3772][6460 ][info][gc,heap     ] GC(25) y:      Free:     1262M (41%)        1112M (36%)        1298M (42%)        1892M (62%)        1904M (62%)        1112M (36%)    
[2026-06-26T13:54:30.352-0300][27.579s][3772][6460 ][info][gc,heap     ] GC(25) y:      Used:     1810M (59%)        1960M (64%)        1774M (58%)        1180M (38%)        1960M (64%)        1168M (38%)    
[2026-06-26T13:54:30.352-0300][27.579s][3772][6460 ][info][gc,heap     ] GC(25) y: Young Generation Statistics:
[2026-06-26T13:54:30.352-0300][27.579s][3772][6460 ][info][gc,heap     ] GC(25) y:                Mark Start          Mark End        Relocate Start      Relocate End    
[2026-06-26T13:54:30.352-0300][27.579s][3772][6460 ][info][gc,heap     ] GC(25) y:      Used:      954M (31%)        1104M (36%)         918M (30%)         324M (11%)    
[2026-06-26T13:54:30.352-0300][27.579s][3772][6460 ][info][gc,heap     ] GC(25) y:      Live:         -                34M (1%)           34M (1%)           34M (1%)     
[2026-06-26T13:54:30.352-0300][27.579s][3772][6460 ][info][gc,heap     ] GC(25) y:   Garbage:         -               919M (30%)         729M (24%)           2M (0%)     
[2026-06-26T13:54:30.352-0300][27.579s][3772][6460 ][info][gc,heap     ] GC(25) y: Allocated:         -               150M (5%)          154M (5%)          286M (9%)     
[2026-06-26T13:54:30.352-0300][27.579s][3772][6460 ][info][gc,heap     ] GC(25) y: Reclaimed:         -                  -               190M (6%)          916M (30%)    
[2026-06-26T13:54:30.352-0300][27.579s][3772][6460 ][info][gc,heap     ] GC(25) y:  Promoted:         -                  -                 0M (0%)            0M (0%)     
[2026-06-26T13:54:30.352-0300][27.579s][3772][6460 ][info][gc,heap     ] GC(25) y: Compacted:         -                  -                  -                17M (1%)     
[2026-06-26T13:54:30.352-0300][27.579s][3772][6460 ][info][gc,phases   ] GC(25) y: Young Generation 1810M(59%)->1180M(38%) 0.059s
[2026-06-26T13:54:30.352-0300][27.579s][3772][6460 ][info][gc          ] GC(25) Minor Collection (Allocation Rate) 1808M(59%)->1180M(38%) 0.060s
[2026-06-26T13:54:30.466-0300][27.693s][3772][6460 ][info][gc          ] GC(26) Minor Collection (Allocation Rate)
[2026-06-26T13:54:30.466-0300][27.693s][3772][6460 ][info][gc,task     ] GC(26) Using 2 Workers for Young Generation
[2026-06-26T13:54:30.466-0300][27.693s][3772][6460 ][info][gc,phases   ] GC(26) y: Young Generation
[2026-06-26T13:54:30.466-0300][27.694s][3772][1692 ][info][gc,phases   ] GC(26) y: Pause Mark Start 0.013ms
[2026-06-26T13:54:30.538-0300][27.765s][3772][6460 ][info][gc,phases   ] GC(26) y: Concurrent Mark 71.344ms
[2026-06-26T13:54:30.538-0300][27.765s][3772][1692 ][info][gc,phases   ] GC(26) y: Pause Mark End 0.029ms
[2026-06-26T13:54:30.538-0300][27.765s][3772][6460 ][info][gc,phases   ] GC(26) y: Concurrent Mark Free 0.006ms
[2026-06-26T13:54:30.538-0300][27.765s][3772][6460 ][info][gc,phases   ] GC(26) y: Concurrent Reset Relocation Set 0.022ms
[2026-06-26T13:54:30.538-0300][27.766s][3772][6460 ][info][gc,reloc    ] GC(26) y: Using tenuring threshold: 5 (Computed)
[2026-06-26T13:54:30.539-0300][27.766s][3772][6460 ][info][gc,phases   ] GC(26) y: Concurrent Select Relocation Set 0.836ms
[2026-06-26T13:54:30.539-0300][27.766s][3772][1692 ][info][gc,phases   ] GC(26) y: Pause Relocate Start 0.010ms
[2026-06-26T13:54:30.545-0300][27.772s][3772][6460 ][info][gc,phases   ] GC(26) y: Concurrent Relocate 5.385ms
[2026-06-26T13:54:30.545-0300][27.772s][3772][6460 ][info][gc,alloc    ] GC(26) y:                         Mark Start        Mark End      Relocate Start    Relocate End   
[2026-06-26T13:54:30.545-0300][27.772s][3772][6460 ][info][gc,alloc    ] GC(26) y: Allocation Stalls:          0                0                0                0         
[2026-06-26T13:54:30.545-0300][27.772s][3772][6460 ][info][gc,load     ] GC(26) y: Load: 0.00 (0%) / 0.00 (0%) / 0.00 (0%)
[2026-06-26T13:54:30.545-0300][27.772s][3772][6460 ][info][gc,mmu      ] GC(26) y: MMU: 2ms/97.1%, 5ms/98.8%, 10ms/99.4%, 20ms/99.6%, 50ms/99.8%, 100ms/99.9%
[2026-06-26T13:54:30.545-0300][27.772s][3772][6460 ][info][gc,marking  ] GC(26) y: Mark: 2 stripe(s), 2 proactive flush(es), 1 terminate flush(es), 0 completion(s), 0 continuation(s) 
[2026-06-26T13:54:30.545-0300][27.772s][3772][6460 ][info][gc,nmethod  ] GC(26) y: NMethods: 10003 registered, 0 unregistered
[2026-06-26T13:54:30.545-0300][27.772s][3772][6460 ][info][gc,metaspace] GC(26) y: Metaspace: 61M used, 62M committed, 1088M reserved
[2026-06-26T13:54:30.545-0300][27.772s][3772][6460 ][info][gc,reloc    ] GC(26) y:                        Candidates     Selected     In-Place         Size        Empty    Relocated 
[2026-06-26T13:54:30.545-0300][27.772s][3772][6460 ][info][gc,reloc    ] GC(26) y: Small Pages:                  250          190            0         500M          48M           5M 
[2026-06-26T13:54:30.545-0300][27.772s][3772][6460 ][info][gc,reloc    ] GC(26) y: Medium Pages:                   4            2            0         128M          32M           3M 
[2026-06-26T13:54:30.545-0300][27.772s][3772][6460 ][info][gc,reloc    ] GC(26) y: Large Pages:                    0            0            0           0M           0M           0M 
[2026-06-26T13:54:30.545-0300][27.772s][3772][6460 ][info][gc,reloc    ] GC(26) y: Forwarding Usage: 2M
[2026-06-26T13:54:30.545-0300][27.772s][3772][6460 ][info][gc,reloc    ] GC(26) y: Age Table:
[2026-06-26T13:54:30.545-0300][27.772s][3772][6460 ][info][gc,reloc    ] GC(26) y:                    Live             Garbage             Small              Medium             Large        
[2026-06-26T13:54:30.545-0300][27.772s][3772][6460 ][info][gc,reloc    ] GC(26) y: Eden              28M (1%)          453M (15%)        225 / 185            1 / 1              0 / 0        
[2026-06-26T13:54:30.545-0300][27.772s][3772][6460 ][info][gc,reloc    ] GC(26) y: Survivor 1        15M (0%)           68M (2%)          10 / 1              2 / 1              0 / 0        
[2026-06-26T13:54:30.545-0300][27.772s][3772][6460 ][info][gc,reloc    ] GC(26) y: Survivor 2         7M (0%)           36M (1%)           6 / 2              1 / 0              0 / 0        
[2026-06-26T13:54:30.545-0300][27.772s][3772][6460 ][info][gc,reloc    ] GC(26) y: Survivor 3         6M (0%)            3M (0%)           5 / 2              0 / 0              0 / 0        
[2026-06-26T13:54:30.545-0300][27.772s][3772][6460 ][info][gc,reloc    ] GC(26) y: Survivor 4         4M (0%)            3M (0%)           4 / 0              0 / 0              0 / 0        
[2026-06-26T13:54:30.545-0300][27.772s][3772][6460 ][info][gc,heap     ] GC(26) y: Min Capacity: 8M(0%)
[2026-06-26T13:54:30.545-0300][27.772s][3772][6460 ][info][gc,heap     ] GC(26) y: Max Capacity: 3072M(100%)
[2026-06-26T13:54:30.545-0300][27.772s][3772][6460 ][info][gc,heap     ] GC(26) y: Soft Max Capacity: 3072M(100%)
[2026-06-26T13:54:30.545-0300][27.772s][3772][6460 ][info][gc,heap     ] GC(26) y: Heap Statistics:
[2026-06-26T13:54:30.545-0300][27.772s][3772][6460 ][info][gc,heap     ] GC(26) y:                Mark Start          Mark End        Relocate Start      Relocate End           High               Low         
[2026-06-26T13:54:30.545-0300][27.772s][3772][6460 ][info][gc,heap     ] GC(26) y:  Capacity:     3072M (100%)       3072M (100%)       3072M (100%)       3072M (100%)       3072M (100%)       3072M (100%)   
[2026-06-26T13:54:30.545-0300][27.772s][3772][6460 ][info][gc,heap     ] GC(26) y:      Free:     1588M (52%)        1378M (45%)        1454M (47%)        1802M (59%)        1816M (59%)        1376M (45%)    
[2026-06-26T13:54:30.545-0300][27.772s][3772][6460 ][info][gc,heap     ] GC(26) y:      Used:     1484M (48%)        1694M (55%)        1618M (53%)        1270M (41%)        1696M (55%)        1256M (41%)    
[2026-06-26T13:54:30.545-0300][27.772s][3772][6460 ][info][gc,heap     ] GC(26) y: Young Generation Statistics:
[2026-06-26T13:54:30.545-0300][27.772s][3772][6460 ][info][gc,heap     ] GC(26) y:                Mark Start          Mark End        Relocate Start      Relocate End    
[2026-06-26T13:54:30.545-0300][27.772s][3772][6460 ][info][gc,heap     ] GC(26) y:      Used:      628M (20%)         838M (27%)         762M (25%)         414M (13%)    
[2026-06-26T13:54:30.545-0300][27.772s][3772][6460 ][info][gc,heap     ] GC(26) y:      Live:         -                62M (2%)           62M (2%)           62M (2%)     
[2026-06-26T13:54:30.545-0300][27.772s][3772][6460 ][info][gc,heap     ] GC(26) y:   Garbage:         -               565M (18%)         485M (16%)          13M (0%)     
[2026-06-26T13:54:30.545-0300][27.772s][3772][6460 ][info][gc,heap     ] GC(26) y: Allocated:         -               210M (7%)          214M (7%)          338M (11%)    
[2026-06-26T13:54:30.545-0300][27.772s][3772][6460 ][info][gc,heap     ] GC(26) y: Reclaimed:         -                  -                80M (3%)          552M (18%)    
[2026-06-26T13:54:30.545-0300][27.772s][3772][6460 ][info][gc,heap     ] GC(26) y:  Promoted:         -                  -                 0M (0%)            0M (0%)     
[2026-06-26T13:54:30.545-0300][27.772s][3772][6460 ][info][gc,heap     ] GC(26) y: Compacted:         -                  -                  -                13M (0%)     
[2026-06-26T13:54:30.545-0300][27.772s][3772][6460 ][info][gc,phases   ] GC(26) y: Young Generation 1484M(48%)->1270M(41%) 0.078s
[2026-06-26T13:54:30.545-0300][27.772s][3772][6460 ][info][gc          ] GC(26) Minor Collection (Allocation Rate) 1484M(48%)->1272M(41%) 0.079s
[2026-06-26T13:54:31.152-0300][28.379s][3772][6460 ][info][gc          ] GC(27) Minor Collection (Allocation Rate)
[2026-06-26T13:54:31.152-0300][28.379s][3772][6460 ][info][gc,task     ] GC(27) Using 2 Workers for Young Generation
[2026-06-26T13:54:31.152-0300][28.379s][3772][6460 ][info][gc,phases   ] GC(27) y: Young Generation
[2026-06-26T13:54:31.152-0300][28.379s][3772][1692 ][info][gc,phases   ] GC(27) y: Pause Mark Start 0.011ms
[2026-06-26T13:54:31.264-0300][28.491s][3772][6460 ][info][gc,phases   ] GC(27) y: Concurrent Mark 112.319ms
[2026-06-26T13:54:31.264-0300][28.491s][3772][1692 ][info][gc,phases   ] GC(27) y: Pause Mark End 0.024ms
[2026-06-26T13:54:31.264-0300][28.491s][3772][6460 ][info][gc,phases   ] GC(27) y: Concurrent Mark Free 0.006ms
[2026-06-26T13:54:31.265-0300][28.491s][3772][6460 ][info][gc,phases   ] GC(27) y: Concurrent Reset Relocation Set 0.013ms
[2026-06-26T13:54:31.265-0300][28.492s][3772][6460 ][info][gc,reloc    ] GC(27) y: Using tenuring threshold: 6 (Computed)
[2026-06-26T13:54:31.268-0300][28.495s][3772][6460 ][info][gc,phases   ] GC(27) y: Concurrent Select Relocation Set 3.087ms
[2026-06-26T13:54:31.268-0300][28.495s][3772][1692 ][info][gc,phases   ] GC(27) y: Pause Relocate Start 0.014ms
[2026-06-26T13:54:31.295-0300][28.523s][3772][6460 ][info][gc,phases   ] GC(27) y: Concurrent Relocate 27.952ms
[2026-06-26T13:54:31.295-0300][28.523s][3772][6460 ][info][gc,alloc    ] GC(27) y:                         Mark Start        Mark End      Relocate Start    Relocate End   
[2026-06-26T13:54:31.295-0300][28.523s][3772][6460 ][info][gc,alloc    ] GC(27) y: Allocation Stalls:          0                0                0                0         
[2026-06-26T13:54:31.295-0300][28.523s][3772][6460 ][info][gc,load     ] GC(27) y: Load: 0.00 (0%) / 0.00 (0%) / 0.00 (0%)
[2026-06-26T13:54:31.295-0300][28.523s][3772][6460 ][info][gc,mmu      ] GC(27) y: MMU: 2ms/97.1%, 5ms/98.8%, 10ms/99.4%, 20ms/99.6%, 50ms/99.8%, 100ms/99.9%
[2026-06-26T13:54:31.295-0300][28.523s][3772][6460 ][info][gc,marking  ] GC(27) y: Mark: 2 stripe(s), 7 proactive flush(es), 1 terminate flush(es), 0 completion(s), 0 continuation(s) 
[2026-06-26T13:54:31.295-0300][28.523s][3772][6460 ][info][gc,nmethod  ] GC(27) y: NMethods: 10419 registered, 0 unregistered
[2026-06-26T13:54:31.295-0300][28.523s][3772][6460 ][info][gc,metaspace] GC(27) y: Metaspace: 61M used, 63M committed, 1088M reserved
[2026-06-26T13:54:31.296-0300][28.523s][3772][6460 ][info][gc,reloc    ] GC(27) y:                        Candidates     Selected     In-Place         Size        Empty    Relocated 
[2026-06-26T13:54:31.296-0300][28.523s][3772][6460 ][info][gc,reloc    ] GC(27) y: Small Pages:                  263          175            0         526M          56M          16M 
[2026-06-26T13:54:31.296-0300][28.523s][3772][6460 ][info][gc,reloc    ] GC(27) y: Medium Pages:                   4            2            0         128M          32M           6M 
[2026-06-26T13:54:31.296-0300][28.523s][3772][6460 ][info][gc,reloc    ] GC(27) y: Large Pages:                    0            0            0           0M           0M           0M 
[2026-06-26T13:54:31.296-0300][28.523s][3772][6460 ][info][gc,reloc    ] GC(27) y: Forwarding Usage: 14M
[2026-06-26T13:54:31.296-0300][28.523s][3772][6460 ][info][gc,reloc    ] GC(27) y: Age Table:
[2026-06-26T13:54:31.296-0300][28.523s][3772][6460 ][info][gc,reloc    ] GC(27) y:                    Live             Garbage             Small              Medium             Large        
[2026-06-26T13:54:31.296-0300][28.523s][3772][6460 ][info][gc,reloc    ] GC(27) y: Eden              43M (1%)          424M (14%)        218 / 167            1 / 1              0 / 0        
[2026-06-26T13:54:31.296-0300][28.523s][3772][6460 ][info][gc,reloc    ] GC(27) y: Survivor 1        28M (1%)           75M (2%)          20 / 2              2 / 1              0 / 0        
[2026-06-26T13:54:31.296-0300][28.523s][3772][6460 ][info][gc,reloc    ] GC(27) y: Survivor 2        13M (0%)           36M (1%)           9 / 2              1 / 0              0 / 0        
[2026-06-26T13:54:31.296-0300][28.523s][3772][6460 ][info][gc,reloc    ] GC(27) y: Survivor 3         7M (0%)            6M (0%)           7 / 2              0 / 0              0 / 0        
[2026-06-26T13:54:31.296-0300][28.523s][3772][6460 ][info][gc,reloc    ] GC(27) y: Survivor 4         6M (0%)            3M (0%)           5 / 1              0 / 0              0 / 0        
[2026-06-26T13:54:31.296-0300][28.523s][3772][6460 ][info][gc,reloc    ] GC(27) y: Survivor 5         4M (0%)            3M (0%)           4 / 1              0 / 0              0 / 0        
[2026-06-26T13:54:31.296-0300][28.523s][3772][6460 ][info][gc,heap     ] GC(27) y: Min Capacity: 8M(0%)
[2026-06-26T13:54:31.296-0300][28.523s][3772][6460 ][info][gc,heap     ] GC(27) y: Max Capacity: 3072M(100%)
[2026-06-26T13:54:31.296-0300][28.523s][3772][6460 ][info][gc,heap     ] GC(27) y: Soft Max Capacity: 3072M(100%)
[2026-06-26T13:54:31.296-0300][28.523s][3772][6460 ][info][gc,heap     ] GC(27) y: Heap Statistics:
[2026-06-26T13:54:31.296-0300][28.523s][3772][6460 ][info][gc,heap     ] GC(27) y:                Mark Start          Mark End        Relocate Start      Relocate End           High               Low         
[2026-06-26T13:54:31.296-0300][28.523s][3772][6460 ][info][gc,heap     ] GC(27) y:  Capacity:     3072M (100%)       3072M (100%)       3072M (100%)       3072M (100%)       3072M (100%)       3072M (100%)   
[2026-06-26T13:54:31.296-0300][28.523s][3772][6460 ][info][gc,heap     ] GC(27) y:      Free:     1562M (51%)        1526M (50%)        1614M (53%)        1974M (64%)        1976M (64%)        1526M (50%)    
[2026-06-26T13:54:31.296-0300][28.523s][3772][6460 ][info][gc,heap     ] GC(27) y:      Used:     1510M (49%)        1546M (50%)        1458M (47%)        1098M (36%)        1546M (50%)        1096M (36%)    
[2026-06-26T13:54:31.296-0300][28.523s][3772][6460 ][info][gc,heap     ] GC(27) y: Young Generation Statistics:
[2026-06-26T13:54:31.296-0300][28.523s][3772][6460 ][info][gc,heap     ] GC(27) y:                Mark Start          Mark End        Relocate Start      Relocate End    
[2026-06-26T13:54:31.296-0300][28.523s][3772][6460 ][info][gc,heap     ] GC(27) y:      Used:      654M (21%)         690M (22%)         602M (20%)         242M (8%)     
[2026-06-26T13:54:31.296-0300][28.523s][3772][6460 ][info][gc,heap     ] GC(27) y:      Live:         -               103M (3%)          103M (3%)          103M (3%)     
[2026-06-26T13:54:31.296-0300][28.523s][3772][6460 ][info][gc,heap     ] GC(27) y:   Garbage:         -               550M (18%)         462M (15%)          16M (1%)     
[2026-06-26T13:54:31.296-0300][28.523s][3772][6460 ][info][gc,heap     ] GC(27) y: Allocated:         -                36M (1%)           36M (1%)          121M (4%)     
[2026-06-26T13:54:31.296-0300][28.523s][3772][6460 ][info][gc,heap     ] GC(27) y: Reclaimed:         -                  -                88M (3%)          533M (17%)    
[2026-06-26T13:54:31.296-0300][28.523s][3772][6460 ][info][gc,heap     ] GC(27) y:  Promoted:         -                  -                 0M (0%)            0M (0%)     
[2026-06-26T13:54:31.296-0300][28.523s][3772][6460 ][info][gc,heap     ] GC(27) y: Compacted:         -                  -                  -                42M (1%)     
[2026-06-26T13:54:31.296-0300][28.523s][3772][6460 ][info][gc,phases   ] GC(27) y: Young Generation 1510M(49%)->1098M(36%) 0.144s
[2026-06-26T13:54:31.296-0300][28.523s][3772][6460 ][info][gc          ] GC(27) Minor Collection (Allocation Rate) 1510M(49%)->1098M(36%) 0.145s
[2026-06-26T13:54:31.296-0300][28.523s][3772][6460 ][info][gc          ] GC(28) Minor Collection (Allocation Rate)
[2026-06-26T13:54:31.296-0300][28.523s][3772][6460 ][info][gc,task     ] GC(28) Using 2 Workers for Young Generation
[2026-06-26T13:54:31.296-0300][28.523s][3772][6460 ][info][gc,phases   ] GC(28) y: Young Generation
[2026-06-26T13:54:31.296-0300][28.524s][3772][1692 ][info][gc,phases   ] GC(28) y: Pause Mark Start 0.009ms
[2026-06-26T13:54:31.404-0300][28.631s][3772][6460 ][info][gc,phases   ] GC(28) y: Concurrent Mark 107.400ms
[2026-06-26T13:54:31.404-0300][28.631s][3772][1692 ][info][gc,phases   ] GC(28) y: Pause Mark End 0.013ms
[2026-06-26T13:54:31.404-0300][28.631s][3772][6460 ][info][gc,phases   ] GC(28) y: Concurrent Mark Free 0.006ms
[2026-06-26T13:54:31.404-0300][28.631s][3772][6460 ][info][gc,phases   ] GC(28) y: Concurrent Reset Relocation Set 0.015ms
[2026-06-26T13:54:31.404-0300][28.631s][3772][6460 ][info][gc,reloc    ] GC(28) y: Using tenuring threshold: 5 (Computed)
[2026-06-26T13:54:31.409-0300][28.636s][3772][6460 ][info][gc,phases   ] GC(28) y: Concurrent Select Relocation Set 4.847ms
[2026-06-26T13:54:31.409-0300][28.636s][3772][1692 ][info][gc,phases   ] GC(28) y: Pause Relocate Start 0.012ms
[2026-06-26T13:54:31.427-0300][28.654s][3772][6460 ][info][gc,phases   ] GC(28) y: Concurrent Relocate 17.310ms
[2026-06-26T13:54:31.427-0300][28.654s][3772][6460 ][info][gc,alloc    ] GC(28) y:                         Mark Start        Mark End      Relocate Start    Relocate End   
[2026-06-26T13:54:31.427-0300][28.654s][3772][6460 ][info][gc,alloc    ] GC(28) y: Allocation Stalls:          0                0                0                0         
[2026-06-26T13:54:31.427-0300][28.654s][3772][6460 ][info][gc,load     ] GC(28) y: Load: 0.00 (0%) / 0.00 (0%) / 0.00 (0%)
[2026-06-26T13:54:31.427-0300][28.654s][3772][6460 ][info][gc,mmu      ] GC(28) y: MMU: 2ms/97.1%, 5ms/98.8%, 10ms/99.4%, 20ms/99.6%, 50ms/99.8%, 100ms/99.9%
[2026-06-26T13:54:31.427-0300][28.654s][3772][6460 ][info][gc,marking  ] GC(28) y: Mark: 2 stripe(s), 2 proactive flush(es), 1 terminate flush(es), 0 completion(s), 0 continuation(s) 
[2026-06-26T13:54:31.427-0300][28.654s][3772][6460 ][info][gc,nmethod  ] GC(28) y: NMethods: 10424 registered, 0 unregistered
[2026-06-26T13:54:31.427-0300][28.654s][3772][6460 ][info][gc,metaspace] GC(28) y: Metaspace: 61M used, 63M committed, 1088M reserved
[2026-06-26T13:54:31.427-0300][28.654s][3772][6460 ][info][gc,reloc    ] GC(28) y:                        Candidates     Selected     In-Place         Size        Empty    Relocated 
[2026-06-26T13:54:31.427-0300][28.654s][3772][6460 ][info][gc,reloc    ] GC(28) y: Small Pages:                   89           23            0         178M          22M           7M 
[2026-06-26T13:54:31.427-0300][28.654s][3772][6460 ][info][gc,reloc    ] GC(28) y: Medium Pages:                   2            1            0          64M           0M           4M 
[2026-06-26T13:54:31.427-0300][28.654s][3772][6460 ][info][gc,reloc    ] GC(28) y: Large Pages:                    0            0            0           0M           0M           0M 
[2026-06-26T13:54:31.427-0300][28.654s][3772][6460 ][info][gc,reloc    ] GC(28) y: Forwarding Usage: 6M
[2026-06-26T13:54:31.427-0300][28.654s][3772][6460 ][info][gc,reloc    ] GC(28) y: Age Table:
[2026-06-26T13:54:31.427-0300][28.654s][3772][6460 ][info][gc,reloc    ] GC(28) y:                    Live             Garbage             Small              Medium             Large        
[2026-06-26T13:54:31.427-0300][28.654s][3772][6460 ][info][gc,reloc    ] GC(28) y: Eden              11M (0%)           32M (1%)          22 / 12             0 / 0              0 / 0        
[2026-06-26T13:54:31.427-0300][28.654s][3772][6460 ][info][gc,reloc    ] GC(28) y: Survivor 1        25M (1%)           56M (2%)          25 / 5              1 / 1              0 / 0        
[2026-06-26T13:54:31.427-0300][28.654s][3772][6460 ][info][gc,reloc    ] GC(28) y: Survivor 2        28M (1%)           41M (1%)          19 / 2              1 / 0              0 / 0        
[2026-06-26T13:54:31.427-0300][28.654s][3772][6460 ][info][gc,reloc    ] GC(28) y: Survivor 3        13M (0%)            4M (0%)           9 / 2              0 / 0              0 / 0        
[2026-06-26T13:54:31.427-0300][28.654s][3772][6460 ][info][gc,reloc    ] GC(28) y: Survivor 4         7M (0%)            2M (0%)           5 / 1              0 / 0              0 / 0        
[2026-06-26T13:54:31.427-0300][28.654s][3772][6460 ][info][gc,reloc    ] GC(28) y: Survivor 5         6M (0%)            3M (0%)           5 / 0              0 / 0              0 / 0        
[2026-06-26T13:54:31.427-0300][28.654s][3772][6460 ][info][gc,reloc    ] GC(28) y: Survivor 6         4M (0%)            3M (0%)           4 / 1              0 / 0              0 / 0        
[2026-06-26T13:54:31.427-0300][28.654s][3772][6460 ][info][gc,heap     ] GC(28) y: Min Capacity: 8M(0%)
[2026-06-26T13:54:31.427-0300][28.654s][3772][6460 ][info][gc,heap     ] GC(28) y: Max Capacity: 3072M(100%)
[2026-06-26T13:54:31.427-0300][28.654s][3772][6460 ][info][gc,heap     ] GC(28) y: Soft Max Capacity: 3072M(100%)
[2026-06-26T13:54:31.427-0300][28.654s][3772][6460 ][info][gc,heap     ] GC(28) y: Heap Statistics:
[2026-06-26T13:54:31.427-0300][28.654s][3772][6460 ][info][gc,heap     ] GC(28) y:                Mark Start          Mark End        Relocate Start      Relocate End           High               Low         
[2026-06-26T13:54:31.427-0300][28.654s][3772][6460 ][info][gc,heap     ] GC(28) y:  Capacity:     3072M (100%)       3072M (100%)       3072M (100%)       3072M (100%)       3072M (100%)       3072M (100%)   
[2026-06-26T13:54:31.428-0300][28.654s][3772][6460 ][info][gc,heap     ] GC(28) y:      Free:     1974M (64%)        1938M (63%)        1958M (64%)        1986M (65%)        1986M (65%)        1890M (62%)    
[2026-06-26T13:54:31.428-0300][28.654s][3772][6460 ][info][gc,heap     ] GC(28) y:      Used:     1098M (36%)        1134M (37%)        1114M (36%)        1086M (35%)        1182M (38%)        1086M (35%)    
[2026-06-26T13:54:31.428-0300][28.654s][3772][6460 ][info][gc,heap     ] GC(28) y: Young Generation Statistics:
[2026-06-26T13:54:31.428-0300][28.654s][3772][6460 ][info][gc,heap     ] GC(28) y:                Mark Start          Mark End        Relocate Start      Relocate End    
[2026-06-26T13:54:31.428-0300][28.654s][3772][6460 ][info][gc,heap     ] GC(28) y:      Used:      242M (8%)          278M (9%)          244M (8%)          214M (7%)     
[2026-06-26T13:54:31.428-0300][28.654s][3772][6460 ][info][gc,heap     ] GC(28) y:      Live:         -                96M (3%)           85M (3%)           85M (3%)     
[2026-06-26T13:54:31.428-0300][28.654s][3772][6460 ][info][gc,heap     ] GC(28) y:   Garbage:         -               145M (5%)          120M (4%)           15M (1%)     
[2026-06-26T13:54:31.428-0300][28.654s][3772][6460 ][info][gc,heap     ] GC(28) y: Allocated:         -                36M (1%)           38M (1%)          112M (4%)     
[2026-06-26T13:54:31.428-0300][28.654s][3772][6460 ][info][gc,heap     ] GC(28) y: Reclaimed:         -                  -                25M (1%)          129M (4%)     
[2026-06-26T13:54:31.428-0300][28.654s][3772][6460 ][info][gc,heap     ] GC(28) y:  Promoted:         -                  -                10M (0%)           10M (0%)     
[2026-06-26T13:54:31.428-0300][28.654s][3772][6460 ][info][gc,heap     ] GC(28) y: Compacted:         -                  -                  -                21M (1%)     
[2026-06-26T13:54:31.428-0300][28.654s][3772][6460 ][info][gc,phases   ] GC(28) y: Young Generation 1098M(36%)->1086M(35%) 0.130s
[2026-06-26T13:54:31.428-0300][28.654s][3772][6460 ][info][gc          ] GC(28) Minor Collection (Allocation Rate) 1098M(36%)->1086M(35%) 0.131s
[2026-06-26T13:54:31.428-0300][28.654s][3772][6460 ][info][gc          ] GC(29) Minor Collection (Allocation Rate)
[2026-06-26T13:54:31.428-0300][28.654s][3772][6460 ][info][gc,task     ] GC(29) Using 2 Workers for Young Generation
[2026-06-26T13:54:31.428-0300][28.654s][3772][6460 ][info][gc,phases   ] GC(29) y: Young Generation
[2026-06-26T13:54:31.428-0300][28.654s][3772][1692 ][info][gc,phases   ] GC(29) y: Pause Mark Start 0.016ms
[2026-06-26T13:54:31.545-0300][28.772s][3772][6460 ][info][gc,phases   ] GC(29) y: Concurrent Mark 117.239ms
[2026-06-26T13:54:31.545-0300][28.772s][3772][1692 ][info][gc,phases   ] GC(29) y: Pause Mark End 0.012ms
[2026-06-26T13:54:31.545-0300][28.772s][3772][6460 ][info][gc,phases   ] GC(29) y: Concurrent Mark Free 0.003ms
[2026-06-26T13:54:31.545-0300][28.772s][3772][6460 ][info][gc,phases   ] GC(29) y: Concurrent Reset Relocation Set 0.034ms
[2026-06-26T13:54:31.545-0300][28.772s][3772][6460 ][info][gc,reloc    ] GC(29) y: Using tenuring threshold: 2 (Computed)
[2026-06-26T13:54:31.569-0300][28.796s][3772][6460 ][info][gc,phases   ] GC(29) y: Concurrent Select Relocation Set 24.356ms
[2026-06-26T13:54:31.570-0300][28.797s][3772][1692 ][info][gc,phases   ] GC(29) y: Pause Relocate Start 0.011ms
[2026-06-26T13:54:31.619-0300][28.846s][3772][6460 ][info][gc,phases   ] GC(29) y: Concurrent Relocate 49.692ms
[2026-06-26T13:54:31.619-0300][28.846s][3772][6460 ][info][gc,alloc    ] GC(29) y:                         Mark Start        Mark End      Relocate Start    Relocate End   
[2026-06-26T13:54:31.619-0300][28.846s][3772][6460 ][info][gc,alloc    ] GC(29) y: Allocation Stalls:          0                0                0                0         
[2026-06-26T13:54:31.619-0300][28.846s][3772][6460 ][info][gc,load     ] GC(29) y: Load: 0.00 (0%) / 0.00 (0%) / 0.00 (0%)
[2026-06-26T13:54:31.619-0300][28.846s][3772][6460 ][info][gc,mmu      ] GC(29) y: MMU: 2ms/97.1%, 5ms/98.8%, 10ms/99.4%, 20ms/99.6%, 50ms/99.8%, 100ms/99.9%
[2026-06-26T13:54:31.619-0300][28.846s][3772][6460 ][info][gc,marking  ] GC(29) y: Mark: 2 stripe(s), 2 proactive flush(es), 1 terminate flush(es), 0 completion(s), 0 continuation(s) 
[2026-06-26T13:54:31.619-0300][28.846s][3772][6460 ][info][gc,nmethod  ] GC(29) y: NMethods: 10433 registered, 0 unregistered
[2026-06-26T13:54:31.619-0300][28.846s][3772][6460 ][info][gc,metaspace] GC(29) y: Metaspace: 61M used, 63M committed, 1088M reserved
[2026-06-26T13:54:31.619-0300][28.846s][3772][6460 ][info][gc,reloc    ] GC(29) y:                        Candidates     Selected     In-Place         Size        Empty    Relocated 
[2026-06-26T13:54:31.619-0300][28.846s][3772][6460 ][info][gc,reloc    ] GC(29) y: Small Pages:                   75           18            0         150M           2M           8M 
[2026-06-26T13:54:31.619-0300][28.846s][3772][6460 ][info][gc,reloc    ] GC(29) y: Medium Pages:                   2            1            0          64M           0M           4M 
[2026-06-26T13:54:31.620-0300][28.847s][3772][6460 ][info][gc,reloc    ] GC(29) y: Large Pages:                    0            0            0           0M           0M           0M 
[2026-06-26T13:54:31.620-0300][28.847s][3772][6460 ][info][gc,reloc    ] GC(29) y: Forwarding Usage: 6M
[2026-06-26T13:54:31.620-0300][28.847s][3772][6460 ][info][gc,reloc    ] GC(29) y: Age Table:
[2026-06-26T13:54:31.620-0300][28.847s][3772][6460 ][info][gc,reloc    ] GC(29) y:                    Live             Garbage             Small              Medium             Large        
[2026-06-26T13:54:31.620-0300][28.847s][3772][6460 ][info][gc,reloc    ] GC(29) y: Eden              14M (0%)           27M (1%)          21 / 12             0 / 0              0 / 0        
[2026-06-26T13:54:31.620-0300][28.847s][3772][6460 ][info][gc,reloc    ] GC(29) y: Survivor 1        11M (0%)            4M (0%)           8 / 1              0 / 0              0 / 0        
[2026-06-26T13:54:31.620-0300][28.847s][3772][6460 ][info][gc,reloc    ] GC(29) y: Survivor 2        25M (1%)           34M (1%)          14 / 1              1 / 1              0 / 0        
[2026-06-26T13:54:31.620-0300][28.847s][3772][6460 ][info][gc,reloc    ] GC(29) y: Survivor 3        28M (1%)           41M (1%)          19 / 2              1 / 0              0 / 0        
[2026-06-26T13:54:31.620-0300][28.847s][3772][6460 ][info][gc,reloc    ] GC(29) y: Survivor 4        13M (0%)            2M (0%)           8 / 1              0 / 0              0 / 0        
[2026-06-26T13:54:31.620-0300][28.847s][3772][6460 ][info][gc,reloc    ] GC(29) y: Survivor 5         7M (0%)            2M (0%)           5 / 1              0 / 0              0 / 0        
[2026-06-26T13:54:31.620-0300][28.847s][3772][6460 ][info][gc,heap     ] GC(29) y: Min Capacity: 8M(0%)
[2026-06-26T13:54:31.620-0300][28.847s][3772][6460 ][info][gc,heap     ] GC(29) y: Max Capacity: 3072M(100%)
[2026-06-26T13:54:31.620-0300][28.847s][3772][6460 ][info][gc,heap     ] GC(29) y: Soft Max Capacity: 3072M(100%)
[2026-06-26T13:54:31.620-0300][28.847s][3772][6460 ][info][gc,heap     ] GC(29) y: Heap Statistics:
[2026-06-26T13:54:31.620-0300][28.847s][3772][6460 ][info][gc,heap     ] GC(29) y:                Mark Start          Mark End        Relocate Start      Relocate End           High               Low         
[2026-06-26T13:54:31.620-0300][28.847s][3772][6460 ][info][gc,heap     ] GC(29) y:  Capacity:     3072M (100%)       3072M (100%)       3072M (100%)       3072M (100%)       3072M (100%)       3072M (100%)   
[2026-06-26T13:54:31.620-0300][28.847s][3772][6460 ][info][gc,heap     ] GC(29) y:      Free:     1986M (65%)        1946M (63%)        1944M (63%)        1992M (65%)        1998M (65%)        1904M (62%)    
[2026-06-26T13:54:31.620-0300][28.847s][3772][6460 ][info][gc,heap     ] GC(29) y:      Used:     1086M (35%)        1126M (37%)        1128M (37%)        1080M (35%)        1168M (38%)        1074M (35%)    
[2026-06-26T13:54:31.620-0300][28.847s][3772][6460 ][info][gc,heap     ] GC(29) y: Young Generation Statistics:
[2026-06-26T13:54:31.620-0300][28.847s][3772][6460 ][info][gc,heap     ] GC(29) y:                Mark Start          Mark End        Relocate Start      Relocate End    
[2026-06-26T13:54:31.620-0300][28.847s][3772][6460 ][info][gc,heap     ] GC(29) y:      Used:      214M (7%)          254M (8%)          174M (6%)           86M (3%)     
[2026-06-26T13:54:31.620-0300][28.847s][3772][6460 ][info][gc,heap     ] GC(29) y:      Live:         -               100M (3%)           33M (1%)           25M (1%)     
[2026-06-26T13:54:31.620-0300][28.847s][3772][6460 ][info][gc,heap     ] GC(29) y:   Garbage:         -               113M (4%)           96M (3%)            1M (0%)     
[2026-06-26T13:54:31.620-0300][28.847s][3772][6460 ][info][gc,heap     ] GC(29) y: Allocated:         -                40M (1%)           44M (1%)           59M (2%)     
[2026-06-26T13:54:31.620-0300][28.847s][3772][6460 ][info][gc,heap     ] GC(29) y: Reclaimed:         -                  -                17M (1%)          112M (4%)     
[2026-06-26T13:54:31.620-0300][28.847s][3772][6460 ][info][gc,heap     ] GC(29) y:  Promoted:         -                  -                66M (2%)           74M (2%)     
[2026-06-26T13:54:31.620-0300][28.847s][3772][6460 ][info][gc,heap     ] GC(29) y: Compacted:         -                  -                  -                14M (0%)     
[2026-06-26T13:54:31.620-0300][28.847s][3772][6460 ][info][gc,phases   ] GC(29) y: Young Generation 1086M(35%)->1080M(35%) 0.192s
[2026-06-26T13:54:31.620-0300][28.847s][3772][6460 ][info][gc          ] GC(29) Minor Collection (Allocation Rate) 1086M(35%)->1080M(35%) 0.193s
[2026-06-26T13:54:31.721-0300][28.948s][3772][8616 ][info][gc,phases   ] GC(24) O: Concurrent Mark 1524.905ms
[2026-06-26T13:54:31.721-0300][28.948s][3772][1692 ][info][gc,phases   ] GC(24) O: Pause Mark End 0.017ms
[2026-06-26T13:54:31.721-0300][28.948s][3772][8616 ][info][gc,phases   ] GC(24) O: Concurrent Mark Free 0.003ms
[2026-06-26T13:54:31.760-0300][28.987s][3772][8616 ][info][gc,phases   ] GC(24) O: Concurrent Process Non-Strong 38.789ms
[2026-06-26T13:54:31.760-0300][28.987s][3772][8616 ][info][gc,phases   ] GC(24) O: Concurrent Reset Relocation Set 0.005ms
[2026-06-26T13:54:31.766-0300][28.994s][3772][8616 ][info][gc,phases   ] GC(24) O: Concurrent Select Relocation Set 6.716ms
[2026-06-26T13:54:31.766-0300][28.994s][3772][8616 ][info][gc,task     ] GC(24) O: Using 3 Workers for Old Generation
[2026-06-26T13:54:31.772-0300][28.999s][3772][8616 ][info][gc,task     ] GC(24) O: Using 1 Workers for Old Generation
[2026-06-26T13:54:31.772-0300][28.999s][3772][8616 ][info][gc,phases   ] GC(24) O: Concurrent Remap Roots 5.887ms
[2026-06-26T13:54:31.773-0300][29.000s][3772][1692 ][info][gc,phases   ] GC(24) O: Pause Relocate Start 0.011ms
[2026-06-26T13:54:31.844-0300][29.071s][3772][8616 ][info][gc,phases   ] GC(24) O: Concurrent Relocate 71.628ms
[2026-06-26T13:54:31.844-0300][29.071s][3772][8616 ][info][gc,alloc    ] GC(24) O:                         Mark Start        Mark End      Relocate Start    Relocate End   
[2026-06-26T13:54:31.844-0300][29.071s][3772][8616 ][info][gc,alloc    ] GC(24) O: Allocation Stalls:          0                0                0                0         
[2026-06-26T13:54:31.844-0300][29.071s][3772][8616 ][info][gc,load     ] GC(24) O: Load: 0.00 (0%) / 0.00 (0%) / 0.00 (0%)
[2026-06-26T13:54:31.844-0300][29.071s][3772][8616 ][info][gc,mmu      ] GC(24) O: MMU: 2ms/97.1%, 5ms/98.8%, 10ms/99.4%, 20ms/99.6%, 50ms/99.8%, 100ms/99.9%
[2026-06-26T13:54:31.844-0300][29.071s][3772][8616 ][info][gc,marking  ] GC(24) O: Mark: 1 stripe(s), 2 proactive flush(es), 1 terminate flush(es), 0 completion(s), 0 continuation(s) 
[2026-06-26T13:54:31.844-0300][29.071s][3772][8616 ][info][gc,nmethod  ] GC(24) O: NMethods: 9907 registered, 536 unregistered
[2026-06-26T13:54:31.844-0300][29.071s][3772][8616 ][info][gc,metaspace] GC(24) O: Metaspace: 61M used, 63M committed, 1088M reserved
[2026-06-26T13:54:31.844-0300][29.071s][3772][8616 ][info][gc,ref      ] GC(24) O:                       Encountered   Discovered     Enqueued 
[2026-06-26T13:54:31.844-0300][29.071s][3772][8616 ][info][gc,ref      ] GC(24) O: Soft References:             5292            0            0 
[2026-06-26T13:54:31.844-0300][29.072s][3772][8616 ][info][gc,ref      ] GC(24) O: Weak References:             4301         3161          149 
[2026-06-26T13:54:31.844-0300][29.072s][3772][8616 ][info][gc,ref      ] GC(24) O: Final References:              13            0            0 
[2026-06-26T13:54:31.844-0300][29.072s][3772][8616 ][info][gc,ref      ] GC(24) O: Phantom References:         13679        11484         7224 
[2026-06-26T13:54:31.844-0300][29.072s][3772][8616 ][info][gc,reloc    ] GC(24) O:                        Candidates     Selected     In-Place         Size        Empty    Relocated 
[2026-06-26T13:54:31.844-0300][29.072s][3772][8616 ][info][gc,reloc    ] GC(24) O: Small Pages:                  358           26            0         716M           0M          14M 
[2026-06-26T13:54:31.844-0300][29.072s][3772][8616 ][info][gc,reloc    ] GC(24) O: Medium Pages:                   4            3            0         128M           0M          17M 
[2026-06-26T13:54:31.844-0300][29.072s][3772][8616 ][info][gc,reloc    ] GC(24) O: Large Pages:                    1            0            0          12M           0M           0M 
[2026-06-26T13:54:31.844-0300][29.072s][3772][8616 ][info][gc,reloc    ] GC(24) O: Forwarding Usage: 17M
[2026-06-26T13:54:31.844-0300][29.072s][3772][8616 ][info][gc,heap     ] GC(24) O: Min Capacity: 8M(0%)
[2026-06-26T13:54:31.844-0300][29.072s][3772][8616 ][info][gc,heap     ] GC(24) O: Max Capacity: 3072M(100%)
[2026-06-26T13:54:31.844-0300][29.072s][3772][8616 ][info][gc,heap     ] GC(24) O: Soft Max Capacity: 3072M(100%)
[2026-06-26T13:54:31.844-0300][29.072s][3772][8616 ][info][gc,heap     ] GC(24) O: Heap Statistics:
[2026-06-26T13:54:31.844-0300][29.072s][3772][8616 ][info][gc,heap     ] GC(24) O:                Mark Start          Mark End        Relocate Start      Relocate End           High               Low         
[2026-06-26T13:54:31.844-0300][29.072s][3772][8616 ][info][gc,heap     ] GC(24) O:  Capacity:     3072M (100%)       3072M (100%)       3072M (100%)       3072M (100%)       3072M (100%)       3072M (100%)   
[2026-06-26T13:54:31.844-0300][29.072s][3772][8616 ][info][gc,heap     ] GC(24) O:      Free:     1458M (47%)        1972M (64%)        1958M (64%)        2096M (68%)        2096M (68%)        1112M (36%)    
[2026-06-26T13:54:31.844-0300][29.072s][3772][8616 ][info][gc,heap     ] GC(24) O:      Used:     1614M (53%)        1100M (36%)        1114M (36%)         976M (32%)        1960M (64%)         976M (32%)    
[2026-06-26T13:54:31.844-0300][29.072s][3772][8616 ][info][gc,heap     ] GC(24) O: Old Generation Statistics:
[2026-06-26T13:54:31.844-0300][29.072s][3772][8616 ][info][gc,heap     ] GC(24) O:                Mark Start          Mark End        Relocate Start      Relocate End    
[2026-06-26T13:54:31.844-0300][29.072s][3772][8616 ][info][gc,heap     ] GC(24) O:      Used:      856M (28%)         994M (32%)         994M (32%)         842M (27%)    
[2026-06-26T13:54:31.844-0300][29.072s][3772][8616 ][info][gc,heap     ] GC(24) O:      Live:         -               671M (22%)         671M (22%)         671M (22%)    
[2026-06-26T13:54:31.844-0300][29.072s][3772][8616 ][info][gc,heap     ] GC(24) O:   Garbage:         -               184M (6%)          184M (6%)           14M (0%)     
[2026-06-26T13:54:31.845-0300][29.072s][3772][8616 ][info][gc,heap     ] GC(24) O: Allocated:         -               138M (4%)          138M (4%)          156M (5%)     
[2026-06-26T13:54:31.845-0300][29.072s][3772][8616 ][info][gc,heap     ] GC(24) O: Reclaimed:         -                  -                 0M (0%)          170M (6%)     
[2026-06-26T13:54:31.845-0300][29.072s][3772][8616 ][info][gc,heap     ] GC(24) O: Compacted:         -                  -                  -                79M (3%)     
[2026-06-26T13:54:31.845-0300][29.072s][3772][8616 ][info][gc,phases   ] GC(24) O: Old Generation 1194M(39%)->976M(32%) 1.649s
[2026-06-26T13:54:31.845-0300][29.072s][3772][8616 ][info][gc          ] GC(24) Major Collection (Allocation Rate) 1614M(53%)->976M(32%) 1.685s
[2026-06-26T13:54:31.945-0300][29.173s][3772][8616 ][info][gc          ] GC(30) Major Collection (Allocation Rate)
[2026-06-26T13:54:31.945-0300][29.173s][3772][8616 ][info][gc,task     ] GC(30) Using 3 Workers for Young Generation
[2026-06-26T13:54:31.945-0300][29.173s][3772][8616 ][info][gc,task     ] GC(30) Using 1 Workers for Old Generation
[2026-06-26T13:54:31.945-0300][29.173s][3772][8616 ][info][gc,phases   ] GC(30) Y: Young Generation
[2026-06-26T13:54:31.946-0300][29.173s][3772][1692 ][info][gc,phases   ] GC(30) Y: Pause Mark Start (Major) 0.010ms
[2026-06-26T13:54:31.977-0300][29.204s][3772][8616 ][info][gc,phases   ] GC(30) Y: Concurrent Mark 30.815ms
[2026-06-26T13:54:31.977-0300][29.204s][3772][1692 ][info][gc,phases   ] GC(30) Y: Pause Mark End 0.015ms
[2026-06-26T13:54:31.977-0300][29.204s][3772][8616 ][info][gc,phases   ] GC(30) Y: Concurrent Mark Free 0.005ms
[2026-06-26T13:54:31.977-0300][29.204s][3772][8616 ][info][gc,phases   ] GC(30) Y: Concurrent Reset Relocation Set 0.135ms
[2026-06-26T13:54:31.977-0300][29.204s][3772][8616 ][info][gc,reloc    ] GC(30) Y: Using tenuring threshold: 3 (Computed)
[2026-06-26T13:54:31.980-0300][29.207s][3772][8616 ][info][gc,phases   ] GC(30) Y: Concurrent Select Relocation Set 2.895ms
[2026-06-26T13:54:31.980-0300][29.207s][3772][1692 ][info][gc,phases   ] GC(30) Y: Pause Relocate Start 0.015ms
[2026-06-26T13:54:31.996-0300][29.224s][3772][8616 ][info][gc,phases   ] GC(30) Y: Concurrent Relocate 16.434ms
[2026-06-26T13:54:31.997-0300][29.224s][3772][8616 ][info][gc,alloc    ] GC(30) Y:                         Mark Start        Mark End      Relocate Start    Relocate End   
[2026-06-26T13:54:31.997-0300][29.224s][3772][8616 ][info][gc,alloc    ] GC(30) Y: Allocation Stalls:          0                0                0                0         
[2026-06-26T13:54:31.997-0300][29.224s][3772][8616 ][info][gc,load     ] GC(30) Y: Load: 0.00 (0%) / 0.00 (0%) / 0.00 (0%)
[2026-06-26T13:54:31.997-0300][29.224s][3772][8616 ][info][gc,mmu      ] GC(30) Y: MMU: 2ms/97.1%, 5ms/98.8%, 10ms/99.4%, 20ms/99.6%, 50ms/99.8%, 100ms/99.9%
[2026-06-26T13:54:31.997-0300][29.224s][3772][8616 ][info][gc,marking  ] GC(30) Y: Mark: 2 stripe(s), 8 proactive flush(es), 1 terminate flush(es), 0 completion(s), 0 continuation(s) 
[2026-06-26T13:54:31.997-0300][29.224s][3772][8616 ][info][gc,nmethod  ] GC(30) Y: NMethods: 9946 registered, 536 unregistered
[2026-06-26T13:54:31.997-0300][29.224s][3772][8616 ][info][gc,metaspace] GC(30) Y: Metaspace: 62M used, 63M committed, 1088M reserved
[2026-06-26T13:54:31.997-0300][29.224s][3772][8616 ][info][gc,reloc    ] GC(30) Y:                        Candidates     Selected     In-Place         Size        Empty    Relocated 
[2026-06-26T13:54:31.997-0300][29.224s][3772][8616 ][info][gc,reloc    ] GC(30) Y: Small Pages:                   75           19            0         150M          72M          13M 
[2026-06-26T13:54:31.997-0300][29.224s][3772][8616 ][info][gc,reloc    ] GC(30) Y: Medium Pages:                   1            0            0          32M           0M           0M 
[2026-06-26T13:54:31.997-0300][29.224s][3772][8616 ][info][gc,reloc    ] GC(30) Y: Large Pages:                    0            0            0           0M           0M           0M 
[2026-06-26T13:54:31.997-0300][29.224s][3772][8616 ][info][gc,reloc    ] GC(30) Y: Forwarding Usage: 12M
[2026-06-26T13:54:31.997-0300][29.224s][3772][8616 ][info][gc,reloc    ] GC(30) Y: Age Table:
[2026-06-26T13:54:31.997-0300][29.224s][3772][8616 ][info][gc,reloc    ] GC(30) Y:                    Live             Garbage             Small              Medium             Large        
[2026-06-26T13:54:31.997-0300][29.224s][3772][8616 ][info][gc,reloc    ] GC(30) Y: Eden              30M (1%)          119M (4%)          59 / 16             1 / 0              0 / 0        
[2026-06-26T13:54:31.997-0300][29.224s][3772][8616 ][info][gc,reloc    ] GC(30) Y: Survivor 1         1M (0%)           16M (1%)           9 / 0              0 / 0              0 / 0        
[2026-06-26T13:54:31.997-0300][29.224s][3772][8616 ][info][gc,reloc    ] GC(30) Y: Survivor 2         2M (0%)           11M (0%)           7 / 3              0 / 0              0 / 0        
[2026-06-26T13:54:31.997-0300][29.224s][3772][8616 ][info][gc,heap     ] GC(30) Y: Min Capacity: 8M(0%)
[2026-06-26T13:54:31.997-0300][29.224s][3772][8616 ][info][gc,heap     ] GC(30) Y: Max Capacity: 3072M(100%)
[2026-06-26T13:54:31.997-0300][29.224s][3772][8616 ][info][gc,heap     ] GC(30) Y: Soft Max Capacity: 3072M(100%)
[2026-06-26T13:54:31.997-0300][29.224s][3772][8616 ][info][gc,heap     ] GC(30) Y: Heap Statistics:
[2026-06-26T13:54:31.997-0300][29.224s][3772][8616 ][info][gc,heap     ] GC(30) Y:                Mark Start          Mark End        Relocate Start      Relocate End           High               Low         
[2026-06-26T13:54:31.997-0300][29.224s][3772][8616 ][info][gc,heap     ] GC(30) Y:  Capacity:     3072M (100%)       3072M (100%)       3072M (100%)       3072M (100%)       3072M (100%)       3072M (100%)   
[2026-06-26T13:54:31.997-0300][29.224s][3772][8616 ][info][gc,heap     ] GC(30) Y:      Free:     2048M (67%)        2004M (65%)        2074M (68%)        2102M (68%)        2102M (68%)        2004M (65%)    
[2026-06-26T13:54:31.997-0300][29.224s][3772][8616 ][info][gc,heap     ] GC(30) Y:      Used:     1024M (33%)        1068M (35%)         998M (32%)         970M (32%)        1068M (35%)         970M (32%)    
[2026-06-26T13:54:31.997-0300][29.224s][3772][8616 ][info][gc,heap     ] GC(30) Y: Young Generation Statistics:
[2026-06-26T13:54:31.997-0300][29.224s][3772][8616 ][info][gc,heap     ] GC(30) Y:                Mark Start          Mark End        Relocate Start      Relocate End    
[2026-06-26T13:54:31.997-0300][29.224s][3772][8616 ][info][gc,heap     ] GC(30) Y:      Used:      182M (6%)          226M (7%)          156M (5%)          128M (4%)     
[2026-06-26T13:54:31.997-0300][29.224s][3772][8616 ][info][gc,heap     ] GC(30) Y:      Live:         -                34M (1%)           34M (1%)           34M (1%)     
[2026-06-26T13:54:31.998-0300][29.224s][3772][8616 ][info][gc,heap     ] GC(30) Y:   Garbage:         -               147M (5%)           75M (2%)           32M (1%)     
[2026-06-26T13:54:31.998-0300][29.224s][3772][8616 ][info][gc,heap     ] GC(30) Y: Allocated:         -                44M (1%)           46M (1%)           60M (2%)     
[2026-06-26T13:54:31.998-0300][29.224s][3772][8616 ][info][gc,heap     ] GC(30) Y: Reclaimed:         -                  -                72M (2%)          114M (4%)     
[2026-06-26T13:54:31.998-0300][29.224s][3772][8616 ][info][gc,heap     ] GC(30) Y:  Promoted:         -                  -                 0M (0%)            0M (0%)     
[2026-06-26T13:54:31.998-0300][29.224s][3772][8616 ][info][gc,heap     ] GC(30) Y: Compacted:         -                  -                  -                29M (1%)     
[2026-06-26T13:54:31.998-0300][29.224s][3772][8616 ][info][gc,phases   ] GC(30) Y: Young Generation 1024M(33%)->970M(32%) 0.051s
[2026-06-26T13:54:31.998-0300][29.224s][3772][8616 ][info][gc,phases   ] GC(30) O: Old Generation
[2026-06-26T13:54:32.105-0300][29.332s][3772][6460 ][info][gc          ] GC(31) Minor Collection (Allocation Rate)
[2026-06-26T13:54:32.105-0300][29.332s][3772][6460 ][info][gc,task     ] GC(31) Using 2 Workers for Young Generation
[2026-06-26T13:54:32.105-0300][29.332s][3772][6460 ][info][gc,phases   ] GC(31) y: Young Generation
[2026-06-26T13:54:32.105-0300][29.332s][3772][1692 ][info][gc,phases   ] GC(31) y: Pause Mark Start 0.010ms
[2026-06-26T13:54:32.176-0300][29.403s][3772][6460 ][info][gc,phases   ] GC(31) y: Concurrent Mark 71.247ms
[2026-06-26T13:54:32.176-0300][29.403s][3772][1692 ][info][gc,phases   ] GC(31) y: Pause Mark End 0.020ms
[2026-06-26T13:54:32.176-0300][29.403s][3772][6460 ][info][gc,phases   ] GC(31) y: Concurrent Mark Free 0.006ms
[2026-06-26T13:54:32.176-0300][29.403s][3772][6460 ][info][gc,phases   ] GC(31) y: Concurrent Reset Relocation Set 0.006ms
[2026-06-26T13:54:32.176-0300][29.404s][3772][6460 ][info][gc,reloc    ] GC(31) y: Using tenuring threshold: 2 (Computed)
[2026-06-26T13:54:32.178-0300][29.405s][3772][6460 ][info][gc,phases   ] GC(31) y: Concurrent Select Relocation Set 1.592ms
[2026-06-26T13:54:32.178-0300][29.405s][3772][1692 ][info][gc,phases   ] GC(31) y: Pause Relocate Start 0.012ms
[2026-06-26T13:54:32.183-0300][29.410s][3772][6460 ][info][gc,phases   ] GC(31) y: Concurrent Relocate 4.124ms
[2026-06-26T13:54:32.183-0300][29.410s][3772][6460 ][info][gc,alloc    ] GC(31) y:                         Mark Start        Mark End      Relocate Start    Relocate End   
[2026-06-26T13:54:32.183-0300][29.410s][3772][6460 ][info][gc,alloc    ] GC(31) y: Allocation Stalls:          0                0                0                0         
[2026-06-26T13:54:32.183-0300][29.410s][3772][6460 ][info][gc,load     ] GC(31) y: Load: 0.00 (0%) / 0.00 (0%) / 0.00 (0%)
[2026-06-26T13:54:32.183-0300][29.410s][3772][6460 ][info][gc,mmu      ] GC(31) y: MMU: 2ms/97.1%, 5ms/98.8%, 10ms/99.4%, 20ms/99.6%, 50ms/99.8%, 100ms/99.9%
[2026-06-26T13:54:32.183-0300][29.410s][3772][6460 ][info][gc,marking  ] GC(31) y: Mark: 2 stripe(s), 2 proactive flush(es), 1 terminate flush(es), 0 completion(s), 0 continuation(s) 
[2026-06-26T13:54:32.183-0300][29.410s][3772][6460 ][info][gc,nmethod  ] GC(31) y: NMethods: 10108 registered, 536 unregistered
[2026-06-26T13:54:32.183-0300][29.410s][3772][6460 ][info][gc,metaspace] GC(31) y: Metaspace: 62M used, 63M committed, 1088M reserved
[2026-06-26T13:54:32.183-0300][29.410s][3772][6460 ][info][gc,reloc    ] GC(31) y:                        Candidates     Selected     In-Place         Size        Empty    Relocated 
[2026-06-26T13:54:32.183-0300][29.410s][3772][6460 ][info][gc,reloc    ] GC(31) y: Small Pages:                   46           17            0          92M          14M           4M 
[2026-06-26T13:54:32.183-0300][29.410s][3772][6460 ][info][gc,reloc    ] GC(31) y: Medium Pages:                   2            0            0          64M          64M           0M 
[2026-06-26T13:54:32.183-0300][29.410s][3772][6460 ][info][gc,reloc    ] GC(31) y: Large Pages:                    0            0            0           0M           0M           0M 
[2026-06-26T13:54:32.183-0300][29.410s][3772][6460 ][info][gc,reloc    ] GC(31) y: Forwarding Usage: 1M
[2026-06-26T13:54:32.183-0300][29.410s][3772][6460 ][info][gc,reloc    ] GC(31) y: Age Table:
[2026-06-26T13:54:32.183-0300][29.410s][3772][6460 ][info][gc,reloc    ] GC(31) y:                    Live             Garbage             Small              Medium             Large        
[2026-06-26T13:54:32.183-0300][29.410s][3772][6460 ][info][gc,reloc    ] GC(31) y: Eden               5M (0%)           70M (2%)          22 / 12             1 / 0              0 / 0        
[2026-06-26T13:54:32.183-0300][29.410s][3772][6460 ][info][gc,reloc    ] GC(31) y: Survivor 1        30M (1%)           39M (1%)          19 / 3              1 / 0              0 / 0        
[2026-06-26T13:54:32.183-0300][29.410s][3772][6460 ][info][gc,reloc    ] GC(31) y: Survivor 2         1M (0%)            2M (0%)           2 / 1              0 / 0              0 / 0        
[2026-06-26T13:54:32.183-0300][29.410s][3772][6460 ][info][gc,reloc    ] GC(31) y: Survivor 3         2M (0%)            3M (0%)           3 / 1              0 / 0              0 / 0        
[2026-06-26T13:54:32.183-0300][29.410s][3772][6460 ][info][gc,heap     ] GC(31) y: Min Capacity: 8M(0%)
[2026-06-26T13:54:32.183-0300][29.410s][3772][6460 ][info][gc,heap     ] GC(31) y: Max Capacity: 3072M(100%)
[2026-06-26T13:54:32.183-0300][29.410s][3772][6460 ][info][gc,heap     ] GC(31) y: Soft Max Capacity: 3072M(100%)
[2026-06-26T13:54:32.183-0300][29.410s][3772][6460 ][info][gc,heap     ] GC(31) y: Heap Statistics:
[2026-06-26T13:54:32.183-0300][29.410s][3772][6460 ][info][gc,heap     ] GC(31) y:                Mark Start          Mark End        Relocate Start      Relocate End           High               Low         
[2026-06-26T13:54:32.183-0300][29.410s][3772][6460 ][info][gc,heap     ] GC(31) y:  Capacity:     3072M (100%)       3072M (100%)       3072M (100%)       3072M (100%)       3072M (100%)       3072M (100%)   
[2026-06-26T13:54:32.183-0300][29.410s][3772][6460 ][info][gc,heap     ] GC(31) y:      Free:     2074M (68%)        2044M (67%)        2120M (69%)        2146M (70%)        2146M (70%)        2044M (67%)    
[2026-06-26T13:54:32.183-0300][29.410s][3772][6460 ][info][gc,heap     ] GC(31) y:      Used:      998M (32%)        1028M (33%)         952M (31%)         926M (30%)        1028M (33%)         926M (30%)    
[2026-06-26T13:54:32.183-0300][29.410s][3772][6460 ][info][gc,heap     ] GC(31) y: Young Generation Statistics:
[2026-06-26T13:54:32.183-0300][29.410s][3772][6460 ][info][gc,heap     ] GC(31) y:                Mark Start          Mark End        Relocate Start      Relocate End    
[2026-06-26T13:54:32.183-0300][29.410s][3772][6460 ][info][gc,heap     ] GC(31) y:      Used:      156M (5%)          186M (6%)          108M (4%)           78M (3%)     
[2026-06-26T13:54:32.183-0300][29.410s][3772][6460 ][info][gc,heap     ] GC(31) y:      Live:         -                39M (1%)           38M (1%)           35M (1%)     
[2026-06-26T13:54:32.183-0300][29.410s][3772][6460 ][info][gc,heap     ] GC(31) y:   Garbage:         -               116M (4%)           37M (1%)            2M (0%)     
[2026-06-26T13:54:32.183-0300][29.410s][3772][6460 ][info][gc,heap     ] GC(31) y: Allocated:         -                30M (1%)           32M (1%)           39M (1%)     
[2026-06-26T13:54:32.183-0300][29.410s][3772][6460 ][info][gc,heap     ] GC(31) y: Reclaimed:         -                  -                78M (3%)          114M (4%)     
[2026-06-26T13:54:32.183-0300][29.410s][3772][6460 ][info][gc,heap     ] GC(31) y:  Promoted:         -                  -                 1M (0%)            3M (0%)     
[2026-06-26T13:54:32.183-0300][29.410s][3772][6460 ][info][gc,heap     ] GC(31) y: Compacted:         -                  -                  -                 4M (0%)     
[2026-06-26T13:54:32.183-0300][29.410s][3772][6460 ][info][gc,phases   ] GC(31) y: Young Generation 998M(32%)->926M(30%) 0.078s
[2026-06-26T13:54:32.183-0300][29.410s][3772][6460 ][info][gc          ] GC(31) Minor Collection (Allocation Rate) 998M(32%)->926M(30%) 0.078s
[2026-06-26T13:54:32.514-0300][29.742s][3772][6460 ][info][gc          ] GC(32) Minor Collection (Allocation Rate)
[2026-06-26T13:54:32.514-0300][29.742s][3772][6460 ][info][gc,task     ] GC(32) Using 2 Workers for Young Generation
[2026-06-26T13:54:32.515-0300][29.742s][3772][6460 ][info][gc,phases   ] GC(32) y: Young Generation
[2026-06-26T13:54:32.515-0300][29.742s][3772][1692 ][info][gc,phases   ] GC(32) y: Pause Mark Start 0.010ms
[2026-06-26T13:54:32.575-0300][29.802s][3772][6460 ][info][gc,phases   ] GC(32) y: Concurrent Mark 59.575ms
[2026-06-26T13:54:32.575-0300][29.802s][3772][1692 ][info][gc,phases   ] GC(32) y: Pause Mark End 0.019ms
[2026-06-26T13:54:32.575-0300][29.802s][3772][6460 ][info][gc,phases   ] GC(32) y: Concurrent Mark Free 0.017ms
[2026-06-26T13:54:32.575-0300][29.802s][3772][6460 ][info][gc,phases   ] GC(32) y: Concurrent Reset Relocation Set 0.017ms
[2026-06-26T13:54:32.575-0300][29.802s][3772][6460 ][info][gc,reloc    ] GC(32) y: Using tenuring threshold: 1 (Computed)
[2026-06-26T13:54:32.585-0300][29.813s][3772][6460 ][info][gc,phases   ] GC(32) y: Concurrent Select Relocation Set 10.814ms
[2026-06-26T13:54:32.585-0300][29.813s][3772][1692 ][info][gc,phases   ] GC(32) y: Pause Relocate Start 0.012ms
[2026-06-26T13:54:32.612-0300][29.839s][3772][6460 ][info][gc,phases   ] GC(32) y: Concurrent Relocate 26.545ms
[2026-06-26T13:54:32.613-0300][29.839s][3772][6460 ][info][gc,alloc    ] GC(32) y:                         Mark Start        Mark End      Relocate Start    Relocate End   
[2026-06-26T13:54:32.613-0300][29.839s][3772][6460 ][info][gc,alloc    ] GC(32) y: Allocation Stalls:          0                0                0                0         
[2026-06-26T13:54:32.613-0300][29.839s][3772][6460 ][info][gc,load     ] GC(32) y: Load: 0.00 (0%) / 0.00 (0%) / 0.00 (0%)
[2026-06-26T13:54:32.613-0300][29.839s][3772][6460 ][info][gc,mmu      ] GC(32) y: MMU: 2ms/97.1%, 5ms/98.8%, 10ms/99.4%, 20ms/99.6%, 50ms/99.8%, 100ms/99.9%
[2026-06-26T13:54:32.613-0300][29.839s][3772][6460 ][info][gc,marking  ] GC(32) y: Mark: 2 stripe(s), 2 proactive flush(es), 1 terminate flush(es), 0 completion(s), 0 continuation(s) 
[2026-06-26T13:54:32.613-0300][29.839s][3772][6460 ][info][gc,nmethod  ] GC(32) y: NMethods: 10269 registered, 536 unregistered
[2026-06-26T13:54:32.613-0300][29.840s][3772][6460 ][info][gc,metaspace] GC(32) y: Metaspace: 62M used, 63M committed, 1088M reserved
[2026-06-26T13:54:32.613-0300][29.840s][3772][6460 ][info][gc,reloc    ] GC(32) y:                        Candidates     Selected     In-Place         Size        Empty    Relocated 
[2026-06-26T13:54:32.613-0300][29.840s][3772][6460 ][info][gc,reloc    ] GC(32) y: Small Pages:                   70           38            0         140M           2M          15M 
[2026-06-26T13:54:32.613-0300][29.840s][3772][6460 ][info][gc,reloc    ] GC(32) y: Medium Pages:                   1            0            0          32M           0M           0M 
[2026-06-26T13:54:32.613-0300][29.840s][3772][6460 ][info][gc,reloc    ] GC(32) y: Large Pages:                    1            0            0           6M           6M           0M 
[2026-06-26T13:54:32.613-0300][29.840s][3772][6460 ][info][gc,reloc    ] GC(32) y: Forwarding Usage: 1M
[2026-06-26T13:54:32.613-0300][29.840s][3772][6460 ][info][gc,reloc    ] GC(32) y: Age Table:
[2026-06-26T13:54:32.613-0300][29.840s][3772][6460 ][info][gc,reloc    ] GC(32) y:                    Live             Garbage             Small              Medium             Large        
[2026-06-26T13:54:32.613-0300][29.840s][3772][6460 ][info][gc,reloc    ] GC(32) y: Eden              21M (1%)          112M (4%)          48 / 36             1 / 0              1 / 0        
[2026-06-26T13:54:32.613-0300][29.840s][3772][6460 ][info][gc,reloc    ] GC(32) y: Survivor 1         5M (0%)            4M (0%)           5 / 1              0 / 0              0 / 0        
[2026-06-26T13:54:32.613-0300][29.840s][3772][6460 ][info][gc,reloc    ] GC(32) y: Survivor 2        30M (1%)            3M (0%)          17 / 1              0 / 0              0 / 0        
[2026-06-26T13:54:32.613-0300][29.840s][3772][6460 ][info][gc,heap     ] GC(32) y: Min Capacity: 8M(0%)
[2026-06-26T13:54:32.613-0300][29.840s][3772][6460 ][info][gc,heap     ] GC(32) y: Max Capacity: 3072M(100%)
[2026-06-26T13:54:32.613-0300][29.840s][3772][6460 ][info][gc,heap     ] GC(32) y: Soft Max Capacity: 3072M(100%)
[2026-06-26T13:54:32.613-0300][29.840s][3772][6460 ][info][gc,heap     ] GC(32) y: Heap Statistics:
[2026-06-26T13:54:32.613-0300][29.840s][3772][6460 ][info][gc,heap     ] GC(32) y:                Mark Start          Mark End        Relocate Start      Relocate End           High               Low         
[2026-06-26T13:54:32.613-0300][29.840s][3772][6460 ][info][gc,heap     ] GC(32) y:  Capacity:     3072M (100%)       3072M (100%)       3072M (100%)       3072M (100%)       3072M (100%)       3072M (100%)   
[2026-06-26T13:54:32.613-0300][29.840s][3772][6460 ][info][gc,heap     ] GC(32) y:      Free:     2046M (67%)        2024M (66%)        2032M (66%)        2100M (68%)        2102M (68%)        2024M (66%)    
[2026-06-26T13:54:32.613-0300][29.840s][3772][6460 ][info][gc,heap     ] GC(32) y:      Used:     1026M (33%)        1048M (34%)        1040M (34%)         972M (32%)        1048M (34%)         970M (32%)    
[2026-06-26T13:54:32.613-0300][29.840s][3772][6460 ][info][gc,heap     ] GC(32) y: Young Generation Statistics:
[2026-06-26T13:54:32.613-0300][29.840s][3772][6460 ][info][gc,heap     ] GC(32) y:                Mark Start          Mark End        Relocate Start      Relocate End    
[2026-06-26T13:54:32.613-0300][29.840s][3772][6460 ][info][gc,heap     ] GC(32) y:      Used:      178M (6%)          200M (7%)          154M (5%)           80M (3%)     
[2026-06-26T13:54:32.613-0300][29.840s][3772][6460 ][info][gc,heap     ] GC(32) y:      Live:         -                57M (2%)           22M (1%)           21M (1%)     
[2026-06-26T13:54:32.613-0300][29.840s][3772][6460 ][info][gc,heap     ] GC(32) y:   Garbage:         -               120M (4%)          109M (4%)           29M (1%)     
[2026-06-26T13:54:32.613-0300][29.840s][3772][6460 ][info][gc,heap     ] GC(32) y: Allocated:         -                22M (1%)           22M (1%)           28M (1%)     
[2026-06-26T13:54:32.613-0300][29.840s][3772][6460 ][info][gc,heap     ] GC(32) y: Reclaimed:         -                  -                11M (0%)           90M (3%)     
[2026-06-26T13:54:32.613-0300][29.840s][3772][6460 ][info][gc,heap     ] GC(32) y:  Promoted:         -                  -                34M (1%)           35M (1%)     
[2026-06-26T13:54:32.613-0300][29.840s][3772][6460 ][info][gc,heap     ] GC(32) y: Compacted:         -                  -                  -                19M (1%)     
[2026-06-26T13:54:32.613-0300][29.840s][3772][6460 ][info][gc,phases   ] GC(32) y: Young Generation 1026M(33%)->972M(32%) 0.098s
[2026-06-26T13:54:32.613-0300][29.840s][3772][6460 ][info][gc          ] GC(32) Minor Collection (Allocation Rate) 1026M(33%)->972M(32%) 0.098s
[2026-06-26T13:54:33.125-0300][30.351s][3772][6460 ][info][gc          ] GC(33) Minor Collection (Allocation Rate)
[2026-06-26T13:54:33.125-0300][30.351s][3772][6460 ][info][gc,task     ] GC(33) Using 2 Workers for Young Generation
[2026-06-26T13:54:33.125-0300][30.351s][3772][6460 ][info][gc,phases   ] GC(33) y: Young Generation
[2026-06-26T13:54:33.125-0300][30.352s][3772][1692 ][info][gc,phases   ] GC(33) y: Pause Mark Start 0.011ms
[2026-06-26T13:54:33.155-0300][30.382s][3772][6460 ][info][gc,phases   ] GC(33) y: Concurrent Mark 30.061ms
[2026-06-26T13:54:33.155-0300][30.382s][3772][1692 ][info][gc,phases   ] GC(33) y: Pause Mark End 0.019ms
[2026-06-26T13:54:33.155-0300][30.382s][3772][6460 ][info][gc,phases   ] GC(33) y: Concurrent Mark Free 0.004ms
[2026-06-26T13:54:33.155-0300][30.382s][3772][6460 ][info][gc,phases   ] GC(33) y: Concurrent Reset Relocation Set 0.075ms
[2026-06-26T13:54:33.155-0300][30.382s][3772][6460 ][info][gc,reloc    ] GC(33) y: Using tenuring threshold: 2 (Computed)
[2026-06-26T13:54:33.155-0300][30.382s][3772][6460 ][info][gc,phases   ] GC(33) y: Concurrent Select Relocation Set 0.314ms
[2026-06-26T13:54:33.155-0300][30.382s][3772][1692 ][info][gc,phases   ] GC(33) y: Pause Relocate Start 0.006ms
[2026-06-26T13:54:33.159-0300][30.386s][3772][6460 ][info][gc,phases   ] GC(33) y: Concurrent Relocate 3.198ms
[2026-06-26T13:54:33.159-0300][30.386s][3772][6460 ][info][gc,alloc    ] GC(33) y:                         Mark Start        Mark End      Relocate Start    Relocate End   
[2026-06-26T13:54:33.159-0300][30.386s][3772][6460 ][info][gc,alloc    ] GC(33) y: Allocation Stalls:          0                0                0                0         
[2026-06-26T13:54:33.159-0300][30.386s][3772][6460 ][info][gc,load     ] GC(33) y: Load: 0.00 (0%) / 0.00 (0%) / 0.00 (0%)
[2026-06-26T13:54:33.159-0300][30.386s][3772][6460 ][info][gc,mmu      ] GC(33) y: MMU: 2ms/97.1%, 5ms/98.8%, 10ms/99.4%, 20ms/99.6%, 50ms/99.8%, 100ms/99.9%
[2026-06-26T13:54:33.159-0300][30.386s][3772][6460 ][info][gc,marking  ] GC(33) y: Mark: 2 stripe(s), 2 proactive flush(es), 1 terminate flush(es), 0 completion(s), 0 continuation(s) 
[2026-06-26T13:54:33.159-0300][30.386s][3772][6460 ][info][gc,nmethod  ] GC(33) y: NMethods: 10522 registered, 536 unregistered
[2026-06-26T13:54:33.159-0300][30.386s][3772][6460 ][info][gc,metaspace] GC(33) y: Metaspace: 63M used, 64M committed, 1088M reserved
[2026-06-26T13:54:33.159-0300][30.386s][3772][6460 ][info][gc,reloc    ] GC(33) y:                        Candidates     Selected     In-Place         Size        Empty    Relocated 
[2026-06-26T13:54:33.159-0300][30.386s][3772][6460 ][info][gc,reloc    ] GC(33) y: Small Pages:                   62           46            0         124M           2M           4M 
[2026-06-26T13:54:33.159-0300][30.386s][3772][6460 ][info][gc,reloc    ] GC(33) y: Medium Pages:                   1            0            0          32M           0M           0M 
[2026-06-26T13:54:33.159-0300][30.386s][3772][6460 ][info][gc,reloc    ] GC(33) y: Large Pages:                    0            0            0           0M           0M           0M 
[2026-06-26T13:54:33.159-0300][30.386s][3772][6460 ][info][gc,reloc    ] GC(33) y: Forwarding Usage: 1M
[2026-06-26T13:54:33.159-0300][30.386s][3772][6460 ][info][gc,reloc    ] GC(33) y: Age Table:
[2026-06-26T13:54:33.159-0300][30.386s][3772][6460 ][info][gc,reloc    ] GC(33) y:                    Live             Garbage             Small              Medium             Large        
[2026-06-26T13:54:33.159-0300][30.386s][3772][6460 ][info][gc,reloc    ] GC(33) y: Eden               7M (0%)           92M (3%)          50 / 44             0 / 0              0 / 0        
[2026-06-26T13:54:33.159-0300][30.386s][3772][6460 ][info][gc,reloc    ] GC(33) y: Survivor 1        21M (1%)           34M (1%)          12 / 2              1 / 0              0 / 0        
[2026-06-26T13:54:33.159-0300][30.386s][3772][6460 ][info][gc,heap     ] GC(33) y: Min Capacity: 8M(0%)
[2026-06-26T13:54:33.159-0300][30.386s][3772][6460 ][info][gc,heap     ] GC(33) y: Max Capacity: 3072M(100%)
[2026-06-26T13:54:33.159-0300][30.386s][3772][6460 ][info][gc,heap     ] GC(33) y: Soft Max Capacity: 3072M(100%)
[2026-06-26T13:54:33.159-0300][30.386s][3772][6460 ][info][gc,heap     ] GC(33) y: Heap Statistics:
[2026-06-26T13:54:33.159-0300][30.386s][3772][6460 ][info][gc,heap     ] GC(33) y:                Mark Start          Mark End        Relocate Start      Relocate End           High               Low         
[2026-06-26T13:54:33.159-0300][30.386s][3772][6460 ][info][gc,heap     ] GC(33) y:  Capacity:     3072M (100%)       3072M (100%)       3072M (100%)       3072M (100%)       3072M (100%)       3072M (100%)   
[2026-06-26T13:54:33.159-0300][30.386s][3772][6460 ][info][gc,heap     ] GC(33) y:      Free:     2024M (66%)        2004M (65%)        2006M (65%)        2094M (68%)        2094M (68%)        2002M (65%)    
[2026-06-26T13:54:33.159-0300][30.386s][3772][6460 ][info][gc,heap     ] GC(33) y:      Used:     1048M (34%)        1068M (35%)        1066M (35%)         978M (32%)        1070M (35%)         978M (32%)    
[2026-06-26T13:54:33.159-0300][30.386s][3772][6460 ][info][gc,heap     ] GC(33) y: Young Generation Statistics:
[2026-06-26T13:54:33.159-0300][30.386s][3772][6460 ][info][gc,heap     ] GC(33) y:                Mark Start          Mark End        Relocate Start      Relocate End    
[2026-06-26T13:54:33.159-0300][30.386s][3772][6460 ][info][gc,heap     ] GC(33) y:      Used:      156M (5%)          176M (6%)          174M (6%)           86M (3%)     
[2026-06-26T13:54:33.159-0300][30.386s][3772][6460 ][info][gc,heap     ] GC(33) y:      Live:         -                29M (1%)           29M (1%)           29M (1%)     
[2026-06-26T13:54:33.159-0300][30.386s][3772][6460 ][info][gc,heap     ] GC(33) y:   Garbage:         -               126M (4%)          124M (4%)           31M (1%)     
[2026-06-26T13:54:33.159-0300][30.386s][3772][6460 ][info][gc,heap     ] GC(33) y: Allocated:         -                20M (1%)           20M (1%)           25M (1%)     
[2026-06-26T13:54:33.159-0300][30.386s][3772][6460 ][info][gc,heap     ] GC(33) y: Reclaimed:         -                  -                 2M (0%)           95M (3%)     
[2026-06-26T13:54:33.159-0300][30.386s][3772][6460 ][info][gc,heap     ] GC(33) y:  Promoted:         -                  -                 0M (0%)            0M (0%)     
[2026-06-26T13:54:33.159-0300][30.386s][3772][6460 ][info][gc,heap     ] GC(33) y: Compacted:         -                  -                  -                 6M (0%)     
[2026-06-26T13:54:33.159-0300][30.386s][3772][6460 ][info][gc,phases   ] GC(33) y: Young Generation 1048M(34%)->978M(32%) 0.034s
[2026-06-26T13:54:33.159-0300][30.386s][3772][6460 ][info][gc          ] GC(33) Minor Collection (Allocation Rate) 1048M(34%)->978M(32%) 0.035s
[2026-06-26T13:54:33.322-0300][30.549s][3772][6460 ][info][gc          ] GC(34) Minor Collection (Allocation Rate)
[2026-06-26T13:54:33.322-0300][30.549s][3772][6460 ][info][gc,task     ] GC(34) Using 2 Workers for Young Generation
[2026-06-26T13:54:33.322-0300][30.549s][3772][6460 ][info][gc,phases   ] GC(34) y: Young Generation
[2026-06-26T13:54:33.322-0300][30.549s][3772][1692 ][info][gc,phases   ] GC(34) y: Pause Mark Start 0.015ms
[2026-06-26T13:54:33.358-0300][30.585s][3772][6460 ][info][gc,phases   ] GC(34) y: Concurrent Mark 35.821ms
[2026-06-26T13:54:33.358-0300][30.585s][3772][1692 ][info][gc,phases   ] GC(34) y: Pause Mark End 0.022ms
[2026-06-26T13:54:33.359-0300][30.585s][3772][6460 ][info][gc,phases   ] GC(34) y: Concurrent Mark Free 0.005ms
[2026-06-26T13:54:33.359-0300][30.585s][3772][6460 ][info][gc,phases   ] GC(34) y: Concurrent Reset Relocation Set 0.005ms
[2026-06-26T13:54:33.359-0300][30.585s][3772][6460 ][info][gc,reloc    ] GC(34) y: Using tenuring threshold: 1 (Computed)
[2026-06-26T13:54:33.364-0300][30.591s][3772][6460 ][info][gc,phases   ] GC(34) y: Concurrent Select Relocation Set 6.125ms
[2026-06-26T13:54:33.365-0300][30.591s][3772][1692 ][info][gc,phases   ] GC(34) y: Pause Relocate Start 0.013ms
[2026-06-26T13:54:33.380-0300][30.607s][3772][6460 ][info][gc,phases   ] GC(34) y: Concurrent Relocate 15.732ms
[2026-06-26T13:54:33.380-0300][30.607s][3772][6460 ][info][gc,alloc    ] GC(34) y:                         Mark Start        Mark End      Relocate Start    Relocate End   
[2026-06-26T13:54:33.380-0300][30.607s][3772][6460 ][info][gc,alloc    ] GC(34) y: Allocation Stalls:          0                0                0                0         
[2026-06-26T13:54:33.380-0300][30.607s][3772][6460 ][info][gc,load     ] GC(34) y: Load: 0.00 (0%) / 0.00 (0%) / 0.00 (0%)
[2026-06-26T13:54:33.380-0300][30.607s][3772][6460 ][info][gc,mmu      ] GC(34) y: MMU: 2ms/97.1%, 5ms/98.8%, 10ms/99.4%, 20ms/99.6%, 50ms/99.8%, 100ms/99.9%
[2026-06-26T13:54:33.380-0300][30.607s][3772][6460 ][info][gc,marking  ] GC(34) y: Mark: 2 stripe(s), 2 proactive flush(es), 1 terminate flush(es), 0 completion(s), 0 continuation(s) 
[2026-06-26T13:54:33.380-0300][30.607s][3772][6460 ][info][gc,nmethod  ] GC(34) y: NMethods: 10720 registered, 536 unregistered
[2026-06-26T13:54:33.380-0300][30.607s][3772][6460 ][info][gc,metaspace] GC(34) y: Metaspace: 63M used, 64M committed, 1088M reserved
[2026-06-26T13:54:33.380-0300][30.607s][3772][6460 ][info][gc,reloc    ] GC(34) y:                        Candidates     Selected     In-Place         Size        Empty    Relocated 
[2026-06-26T13:54:33.380-0300][30.607s][3772][6460 ][info][gc,reloc    ] GC(34) y: Small Pages:                   45           23            0          90M           0M           4M 
[2026-06-26T13:54:33.381-0300][30.607s][3772][6460 ][info][gc,reloc    ] GC(34) y: Medium Pages:                   2            1            0          64M           0M           2M 
[2026-06-26T13:54:33.381-0300][30.607s][3772][6460 ][info][gc,reloc    ] GC(34) y: Large Pages:                    0            0            0           0M           0M           0M 
[2026-06-26T13:54:33.381-0300][30.607s][3772][6460 ][info][gc,reloc    ] GC(34) y: Forwarding Usage: 1M
[2026-06-26T13:54:33.381-0300][30.607s][3772][6460 ][info][gc,reloc    ] GC(34) y: Age Table:
[2026-06-26T13:54:33.381-0300][30.607s][3772][6460 ][info][gc,reloc    ] GC(34) y:                    Live             Garbage             Small              Medium             Large        
[2026-06-26T13:54:33.381-0300][30.608s][3772][6460 ][info][gc,reloc    ] GC(34) y: Eden              11M (0%)           76M (2%)          28 / 22             1 / 0              0 / 0        
[2026-06-26T13:54:33.381-0300][30.608s][3772][6460 ][info][gc,reloc    ] GC(34) y: Survivor 1         7M (0%)            4M (0%)           6 / 0              0 / 0              0 / 0        
[2026-06-26T13:54:33.381-0300][30.608s][3772][6460 ][info][gc,reloc    ] GC(34) y: Survivor 2        21M (1%)           32M (1%)          11 / 1              1 / 1              0 / 0        
[2026-06-26T13:54:33.381-0300][30.608s][3772][6460 ][info][gc,heap     ] GC(34) y: Min Capacity: 8M(0%)
[2026-06-26T13:54:33.381-0300][30.608s][3772][6460 ][info][gc,heap     ] GC(34) y: Max Capacity: 3072M(100%)
[2026-06-26T13:54:33.381-0300][30.608s][3772][6460 ][info][gc,heap     ] GC(34) y: Soft Max Capacity: 3072M(100%)
[2026-06-26T13:54:33.381-0300][30.608s][3772][6460 ][info][gc,heap     ] GC(34) y: Heap Statistics:
[2026-06-26T13:54:33.381-0300][30.608s][3772][6460 ][info][gc,heap     ] GC(34) y:                Mark Start          Mark End        Relocate Start      Relocate End           High               Low         
[2026-06-26T13:54:33.381-0300][30.608s][3772][6460 ][info][gc,heap     ] GC(34) y:  Capacity:     3072M (100%)       3072M (100%)       3072M (100%)       3072M (100%)       3072M (100%)       3072M (100%)   
[2026-06-26T13:54:33.381-0300][30.608s][3772][6460 ][info][gc,heap     ] GC(34) y:      Free:     2026M (66%)        1968M (64%)        1966M (64%)        1998M (65%)        2026M (66%)        1898M (62%)    
[2026-06-26T13:54:33.381-0300][30.608s][3772][6460 ][info][gc,heap     ] GC(34) y:      Used:     1046M (34%)        1104M (36%)        1106M (36%)        1074M (35%)        1174M (38%)        1046M (34%)    
[2026-06-26T13:54:33.381-0300][30.608s][3772][6460 ][info][gc,heap     ] GC(34) y: Young Generation Statistics:
[2026-06-26T13:54:33.381-0300][30.608s][3772][6460 ][info][gc,heap     ] GC(34) y:                Mark Start          Mark End        Relocate Start      Relocate End    
[2026-06-26T13:54:33.381-0300][30.608s][3772][6460 ][info][gc,heap     ] GC(34) y:      Used:      154M (5%)          212M (7%)          184M (6%)          118M (4%)     
[2026-06-26T13:54:33.381-0300][30.608s][3772][6460 ][info][gc,heap     ] GC(34) y:      Live:         -                40M (1%)           13M (0%)           11M (0%)     
[2026-06-26T13:54:33.381-0300][30.608s][3772][6460 ][info][gc,heap     ] GC(34) y:   Garbage:         -               113M (4%)          110M (4%)            2M (0%)     
[2026-06-26T13:54:33.381-0300][30.608s][3772][6460 ][info][gc,heap     ] GC(34) y: Allocated:         -                58M (2%)           60M (2%)          103M (3%)     
[2026-06-26T13:54:33.381-0300][30.608s][3772][6460 ][info][gc,heap     ] GC(34) y: Reclaimed:         -                  -                 2M (0%)          110M (4%)     
[2026-06-26T13:54:33.381-0300][30.608s][3772][6460 ][info][gc,heap     ] GC(34) y:  Promoted:         -                  -                27M (1%)           29M (1%)     
[2026-06-26T13:54:33.381-0300][30.608s][3772][6460 ][info][gc,heap     ] GC(34) y: Compacted:         -                  -                  -                 6M (0%)     
[2026-06-26T13:54:33.381-0300][30.608s][3772][6460 ][info][gc,phases   ] GC(34) y: Young Generation 1046M(34%)->1074M(35%) 0.059s
[2026-06-26T13:54:33.381-0300][30.608s][3772][6460 ][info][gc          ] GC(34) Minor Collection (Allocation Rate) 1046M(34%)->1074M(35%) 0.059s
[2026-06-26T13:54:33.475-0300][30.701s][3772][6460 ][info][gc          ] GC(35) Minor Collection (Allocation Rate)
[2026-06-26T13:54:33.475-0300][30.701s][3772][6460 ][info][gc,task     ] GC(35) Using 2 Workers for Young Generation
[2026-06-26T13:54:33.475-0300][30.701s][3772][6460 ][info][gc,phases   ] GC(35) y: Young Generation
[2026-06-26T13:54:33.475-0300][30.702s][3772][1692 ][info][gc,phases   ] GC(35) y: Pause Mark Start 0.010ms
[2026-06-26T13:54:33.499-0300][30.726s][3772][6460 ][info][gc,phases   ] GC(35) y: Concurrent Mark 24.628ms
[2026-06-26T13:54:33.499-0300][30.726s][3772][1692 ][info][gc,phases   ] GC(35) y: Pause Mark End 0.013ms
[2026-06-26T13:54:33.500-0300][30.726s][3772][6460 ][info][gc,phases   ] GC(35) y: Concurrent Mark Free 0.014ms
[2026-06-26T13:54:33.500-0300][30.727s][3772][6460 ][info][gc,phases   ] GC(35) y: Concurrent Reset Relocation Set 0.058ms
[2026-06-26T13:54:33.500-0300][30.727s][3772][6460 ][info][gc,reloc    ] GC(35) y: Using tenuring threshold: 2 (Computed)
[2026-06-26T13:54:33.500-0300][30.727s][3772][6460 ][info][gc,phases   ] GC(35) y: Concurrent Select Relocation Set 0.809ms
[2026-06-26T13:54:33.501-0300][30.727s][3772][1692 ][info][gc,phases   ] GC(35) y: Pause Relocate Start 0.009ms
[2026-06-26T13:54:33.504-0300][30.730s][3772][6460 ][info][gc,phases   ] GC(35) y: Concurrent Relocate 2.994ms
[2026-06-26T13:54:33.504-0300][30.731s][3772][6460 ][info][gc,alloc    ] GC(35) y:                         Mark Start        Mark End      Relocate Start    Relocate End   
[2026-06-26T13:54:33.504-0300][30.731s][3772][6460 ][info][gc,alloc    ] GC(35) y: Allocation Stalls:          0                0                0                0         
[2026-06-26T13:54:33.504-0300][30.731s][3772][6460 ][info][gc,load     ] GC(35) y: Load: 0.00 (0%) / 0.00 (0%) / 0.00 (0%)
[2026-06-26T13:54:33.504-0300][30.731s][3772][6460 ][info][gc,mmu      ] GC(35) y: MMU: 2ms/97.1%, 5ms/98.8%, 10ms/99.4%, 20ms/99.6%, 50ms/99.8%, 100ms/99.9%
[2026-06-26T13:54:33.504-0300][30.731s][3772][6460 ][info][gc,marking  ] GC(35) y: Mark: 2 stripe(s), 2 proactive flush(es), 1 terminate flush(es), 0 completion(s), 0 continuation(s) 
[2026-06-26T13:54:33.504-0300][30.731s][3772][6460 ][info][gc,nmethod  ] GC(35) y: NMethods: 10723 registered, 536 unregistered
[2026-06-26T13:54:33.504-0300][30.731s][3772][6460 ][info][gc,metaspace] GC(35) y: Metaspace: 63M used, 64M committed, 1088M reserved
[2026-06-26T13:54:33.504-0300][30.731s][3772][6460 ][info][gc,reloc    ] GC(35) y:                        Candidates     Selected     In-Place         Size        Empty    Relocated 
[2026-06-26T13:54:33.504-0300][30.731s][3772][6460 ][info][gc,reloc    ] GC(35) y: Small Pages:                   45           36            0          90M           2M           3M 
[2026-06-26T13:54:33.504-0300][30.731s][3772][6460 ][info][gc,reloc    ] GC(35) y: Medium Pages:                   2            0            0          64M          32M           0M 
[2026-06-26T13:54:33.504-0300][30.731s][3772][6460 ][info][gc,reloc    ] GC(35) y: Large Pages:                    1            0            0           6M           0M           0M 
[2026-06-26T13:54:33.504-0300][30.731s][3772][6460 ][info][gc,reloc    ] GC(35) y: Forwarding Usage: 1M
[2026-06-26T13:54:33.504-0300][30.731s][3772][6460 ][info][gc,reloc    ] GC(35) y: Age Table:
[2026-06-26T13:54:33.504-0300][30.731s][3772][6460 ][info][gc,reloc    ] GC(35) y:                    Live             Garbage             Small              Medium             Large        
[2026-06-26T13:54:33.504-0300][30.731s][3772][6460 ][info][gc,reloc    ] GC(35) y: Eden              12M (0%)           95M (3%)          35 / 33             1 / 0              1 / 0        
[2026-06-26T13:54:33.504-0300][30.731s][3772][6460 ][info][gc,reloc    ] GC(35) y: Survivor 1        10M (0%)           41M (1%)          10 / 3              1 / 0              0 / 0        
[2026-06-26T13:54:33.504-0300][30.731s][3772][6460 ][info][gc,heap     ] GC(35) y: Min Capacity: 8M(0%)
[2026-06-26T13:54:33.504-0300][30.731s][3772][6460 ][info][gc,heap     ] GC(35) y: Max Capacity: 3072M(100%)
[2026-06-26T13:54:33.504-0300][30.731s][3772][6460 ][info][gc,heap     ] GC(35) y: Soft Max Capacity: 3072M(100%)
[2026-06-26T13:54:33.504-0300][30.731s][3772][6460 ][info][gc,heap     ] GC(35) y: Heap Statistics:
[2026-06-26T13:54:33.504-0300][30.731s][3772][6460 ][info][gc,heap     ] GC(35) y:                Mark Start          Mark End        Relocate Start      Relocate End           High               Low         
[2026-06-26T13:54:33.504-0300][30.731s][3772][6460 ][info][gc,heap     ] GC(35) y:  Capacity:     3072M (100%)       3072M (100%)       3072M (100%)       3072M (100%)       3072M (100%)       3072M (100%)   
[2026-06-26T13:54:33.504-0300][30.731s][3772][6460 ][info][gc,heap     ] GC(35) y:      Free:     1956M (64%)        1928M (63%)        1962M (64%)        2020M (66%)        2020M (66%)        1928M (63%)    
[2026-06-26T13:54:33.504-0300][30.731s][3772][6460 ][info][gc,heap     ] GC(35) y:      Used:     1116M (36%)        1144M (37%)        1110M (36%)        1052M (34%)        1144M (37%)        1052M (34%)    
[2026-06-26T13:54:33.504-0300][30.731s][3772][6460 ][info][gc,heap     ] GC(35) y: Young Generation Statistics:
[2026-06-26T13:54:33.504-0300][30.731s][3772][6460 ][info][gc,heap     ] GC(35) y:                Mark Start          Mark End        Relocate Start      Relocate End    
[2026-06-26T13:54:33.504-0300][30.731s][3772][6460 ][info][gc,heap     ] GC(35) y:      Used:      160M (5%)          188M (6%)          154M (5%)           96M (3%)     
[2026-06-26T13:54:33.504-0300][30.731s][3772][6460 ][info][gc,heap     ] GC(35) y:      Live:         -                23M (1%)           23M (1%)           23M (1%)     
[2026-06-26T13:54:33.504-0300][30.731s][3772][6460 ][info][gc,heap     ] GC(35) y:   Garbage:         -               136M (4%)          102M (3%)           30M (1%)     
[2026-06-26T13:54:33.504-0300][30.731s][3772][6460 ][info][gc,heap     ] GC(35) y: Allocated:         -                28M (1%)           28M (1%)           42M (1%)     
[2026-06-26T13:54:33.504-0300][30.731s][3772][6460 ][info][gc,heap     ] GC(35) y: Reclaimed:         -                  -                34M (1%)          106M (3%)     
[2026-06-26T13:54:33.504-0300][30.731s][3772][6460 ][info][gc,heap     ] GC(35) y:  Promoted:         -                  -                 0M (0%)            0M (0%)     
[2026-06-26T13:54:33.504-0300][30.731s][3772][6460 ][info][gc,heap     ] GC(35) y: Compacted:         -                  -                  -                 5M (0%)     
[2026-06-26T13:54:33.504-0300][30.731s][3772][6460 ][info][gc,phases   ] GC(35) y: Young Generation 1116M(36%)->1052M(34%) 0.029s
[2026-06-26T13:54:33.504-0300][30.731s][3772][6460 ][info][gc          ] GC(35) Minor Collection (Allocation Rate) 1116M(36%)->1052M(34%) 0.030s
[2026-06-26T13:54:33.600-0300][30.827s][3772][8616 ][info][gc,phases   ] GC(30) O: Concurrent Mark 1602.856ms
[2026-06-26T13:54:33.600-0300][30.827s][3772][1692 ][info][gc,phases   ] GC(30) O: Pause Mark End 0.015ms
[2026-06-26T13:54:33.601-0300][30.827s][3772][8616 ][info][gc,phases   ] GC(30) O: Concurrent Mark Free 0.005ms
[2026-06-26T13:54:33.631-0300][30.858s][3772][8616 ][info][gc,phases   ] GC(30) O: Concurrent Process Non-Strong 30.726ms
[2026-06-26T13:54:33.631-0300][30.858s][3772][8616 ][info][gc,phases   ] GC(30) O: Concurrent Reset Relocation Set 0.008ms
[2026-06-26T13:54:33.639-0300][30.865s][3772][8616 ][info][gc,phases   ] GC(30) O: Concurrent Select Relocation Set 7.045ms
[2026-06-26T13:54:33.639-0300][30.865s][3772][8616 ][info][gc,task     ] GC(30) O: Using 3 Workers for Old Generation
[2026-06-26T13:54:33.645-0300][30.871s][3772][8616 ][info][gc,task     ] GC(30) O: Using 1 Workers for Old Generation
[2026-06-26T13:54:33.645-0300][30.871s][3772][8616 ][info][gc,phases   ] GC(30) O: Concurrent Remap Roots 6.122ms
[2026-06-26T13:54:33.645-0300][30.872s][3772][1692 ][info][gc,phases   ] GC(30) O: Pause Relocate Start 0.015ms
[2026-06-26T13:54:33.742-0300][30.969s][3772][8616 ][info][gc,phases   ] GC(30) O: Concurrent Relocate 97.361ms
[2026-06-26T13:54:33.742-0300][30.969s][3772][8616 ][info][gc,alloc    ] GC(30) O:                         Mark Start        Mark End      Relocate Start    Relocate End   
[2026-06-26T13:54:33.742-0300][30.969s][3772][8616 ][info][gc,alloc    ] GC(30) O: Allocation Stalls:          0                0                0                0         
[2026-06-26T13:54:33.742-0300][30.969s][3772][8616 ][info][gc,load     ] GC(30) O: Load: 0.00 (0%) / 0.00 (0%) / 0.00 (0%)
[2026-06-26T13:54:33.742-0300][30.969s][3772][8616 ][info][gc,mmu      ] GC(30) O: MMU: 2ms/97.1%, 5ms/98.8%, 10ms/99.4%, 20ms/99.6%, 50ms/99.8%, 100ms/99.9%
[2026-06-26T13:54:33.742-0300][30.969s][3772][8616 ][info][gc,marking  ] GC(30) O: Mark: 1 stripe(s), 2 proactive flush(es), 1 terminate flush(es), 0 completion(s), 0 continuation(s) 
[2026-06-26T13:54:33.742-0300][30.969s][3772][8616 ][info][gc,nmethod  ] GC(30) O: NMethods: 10659 registered, 715 unregistered
[2026-06-26T13:54:33.742-0300][30.969s][3772][8616 ][info][gc,metaspace] GC(30) O: Metaspace: 63M used, 64M committed, 1088M reserved
[2026-06-26T13:54:33.742-0300][30.969s][3772][8616 ][info][gc,ref      ] GC(30) O:                       Encountered   Discovered     Enqueued 
[2026-06-26T13:54:33.742-0300][30.969s][3772][8616 ][info][gc,ref      ] GC(30) O: Soft References:             5317            0            0 
[2026-06-26T13:54:33.742-0300][30.969s][3772][8616 ][info][gc,ref      ] GC(30) O: Weak References:             4798         3016           16 
[2026-06-26T13:54:33.742-0300][30.969s][3772][8616 ][info][gc,ref      ] GC(30) O: Final References:              15            0            0 
[2026-06-26T13:54:33.742-0300][30.969s][3772][8616 ][info][gc,ref      ] GC(30) O: Phantom References:          6458         4260            0 
[2026-06-26T13:54:33.742-0300][30.969s][3772][8616 ][info][gc,reloc    ] GC(30) O:                        Candidates     Selected     In-Place         Size        Empty    Relocated 
[2026-06-26T13:54:33.742-0300][30.969s][3772][8616 ][info][gc,reloc    ] GC(30) O: Small Pages:                  383           21            0         766M           6M          13M 
[2026-06-26T13:54:33.742-0300][30.969s][3772][8616 ][info][gc,reloc    ] GC(30) O: Medium Pages:                   2            1            0          64M           0M          16M 
[2026-06-26T13:54:33.742-0300][30.969s][3772][8616 ][info][gc,reloc    ] GC(30) O: Large Pages:                    1            0            0          12M           0M           0M 
[2026-06-26T13:54:33.742-0300][30.969s][3772][8616 ][info][gc,reloc    ] GC(30) O: Forwarding Usage: 23M
[2026-06-26T13:54:33.742-0300][30.969s][3772][8616 ][info][gc,heap     ] GC(30) O: Min Capacity: 8M(0%)
[2026-06-26T13:54:33.742-0300][30.969s][3772][8616 ][info][gc,heap     ] GC(30) O: Max Capacity: 3072M(100%)
[2026-06-26T13:54:33.742-0300][30.969s][3772][8616 ][info][gc,heap     ] GC(30) O: Soft Max Capacity: 3072M(100%)
[2026-06-26T13:54:33.742-0300][30.969s][3772][8616 ][info][gc,heap     ] GC(30) O: Heap Statistics:
[2026-06-26T13:54:33.742-0300][30.969s][3772][8616 ][info][gc,heap     ] GC(30) O:                Mark Start          Mark End        Relocate Start      Relocate End           High               Low         
[2026-06-26T13:54:33.742-0300][30.969s][3772][8616 ][info][gc,heap     ] GC(30) O:  Capacity:     3072M (100%)       3072M (100%)       3072M (100%)       3072M (100%)       3072M (100%)       3072M (100%)   
[2026-06-26T13:54:33.742-0300][30.969s][3772][8616 ][info][gc,heap     ] GC(30) O:      Free:     2048M (67%)        1946M (63%)        1948M (63%)        1974M (64%)        2146M (70%)        1874M (61%)    
[2026-06-26T13:54:33.742-0300][30.969s][3772][8616 ][info][gc,heap     ] GC(30) O:      Used:     1024M (33%)        1126M (37%)        1124M (37%)        1098M (36%)        1198M (39%)         926M (30%)    
[2026-06-26T13:54:33.742-0300][30.969s][3772][8616 ][info][gc,heap     ] GC(30) O: Old Generation Statistics:
[2026-06-26T13:54:33.742-0300][30.969s][3772][8616 ][info][gc,heap     ] GC(30) O:                Mark Start          Mark End        Relocate Start      Relocate End    
[2026-06-26T13:54:33.742-0300][30.969s][3772][8616 ][info][gc,heap     ] GC(30) O:      Used:      842M (27%)         956M (31%)         950M (31%)         914M (30%)    
[2026-06-26T13:54:33.742-0300][30.969s][3772][8616 ][info][gc,heap     ] GC(30) O:      Live:         -               729M (24%)         729M (24%)         729M (24%)    
[2026-06-26T13:54:33.742-0300][30.969s][3772][8616 ][info][gc,heap     ] GC(30) O:   Garbage:         -               112M (4%)          106M (3%)           15M (0%)     
[2026-06-26T13:54:33.742-0300][30.969s][3772][8616 ][info][gc,heap     ] GC(30) O: Allocated:         -               114M (4%)          114M (4%)          169M (6%)     
[2026-06-26T13:54:33.742-0300][30.969s][3772][8616 ][info][gc,heap     ] GC(30) O: Reclaimed:         -                  -                 6M (0%)           97M (3%)     
[2026-06-26T13:54:33.742-0300][30.970s][3772][8616 ][info][gc,heap     ] GC(30) O: Compacted:         -                  -                  -                92M (3%)     
[2026-06-26T13:54:33.742-0300][30.970s][3772][8616 ][info][gc,phases   ] GC(30) O: Old Generation 970M(32%)->1098M(36%) 1.745s
[2026-06-26T13:54:33.743-0300][30.970s][3772][8616 ][info][gc          ] GC(30) Major Collection (Allocation Rate) 1024M(33%)->1098M(36%) 1.797s
[2026-06-26T13:54:34.540-0300][31.766s][3772][6460 ][info][gc          ] GC(36) Minor Collection (Allocation Rate)
[2026-06-26T13:54:34.540-0300][31.766s][3772][6460 ][info][gc,task     ] GC(36) Using 3 Workers for Young Generation
[2026-06-26T13:54:34.540-0300][31.766s][3772][6460 ][info][gc,phases   ] GC(36) y: Young Generation
[2026-06-26T13:54:34.540-0300][31.766s][3772][1692 ][info][gc,phases   ] GC(36) y: Pause Mark Start 0.010ms
[2026-06-26T13:54:34.617-0300][31.843s][3772][6460 ][info][gc,phases   ] GC(36) y: Concurrent Mark 76.494ms
[2026-06-26T13:54:34.617-0300][31.843s][3772][1692 ][info][gc,phases   ] GC(36) y: Pause Mark End 0.015ms
[2026-06-26T13:54:34.617-0300][31.843s][3772][6460 ][info][gc,phases   ] GC(36) y: Concurrent Mark Free 0.004ms
[2026-06-26T13:54:34.617-0300][31.843s][3772][6460 ][info][gc,phases   ] GC(36) y: Concurrent Reset Relocation Set 0.005ms
[2026-06-26T13:54:34.617-0300][31.843s][3772][6460 ][info][gc,reloc    ] GC(36) y: Using tenuring threshold: 1 (Computed)
[2026-06-26T13:54:34.622-0300][31.849s][3772][6460 ][info][gc,phases   ] GC(36) y: Concurrent Select Relocation Set 5.806ms
[2026-06-26T13:54:34.622-0300][31.849s][3772][1692 ][info][gc,phases   ] GC(36) y: Pause Relocate Start 0.013ms
[2026-06-26T13:54:34.643-0300][31.870s][3772][6460 ][info][gc,phases   ] GC(36) y: Concurrent Relocate 20.577ms
[2026-06-26T13:54:34.643-0300][31.870s][3772][6460 ][info][gc,alloc    ] GC(36) y:                         Mark Start        Mark End      Relocate Start    Relocate End   
[2026-06-26T13:54:34.643-0300][31.870s][3772][6460 ][info][gc,alloc    ] GC(36) y: Allocation Stalls:          0                0                0                0         
[2026-06-26T13:54:34.643-0300][31.870s][3772][6460 ][info][gc,load     ] GC(36) y: Load: 0.00 (0%) / 0.00 (0%) / 0.00 (0%)
[2026-06-26T13:54:34.643-0300][31.870s][3772][6460 ][info][gc,mmu      ] GC(36) y: MMU: 2ms/97.1%, 5ms/98.8%, 10ms/99.4%, 20ms/99.6%, 50ms/99.8%, 100ms/99.9%
[2026-06-26T13:54:34.643-0300][31.870s][3772][6460 ][info][gc,marking  ] GC(36) y: Mark: 2 stripe(s), 2 proactive flush(es), 1 terminate flush(es), 0 completion(s), 0 continuation(s) 
[2026-06-26T13:54:34.643-0300][31.870s][3772][6460 ][info][gc,nmethod  ] GC(36) y: NMethods: 10832 registered, 0 unregistered
[2026-06-26T13:54:34.643-0300][31.870s][3772][6460 ][info][gc,metaspace] GC(36) y: Metaspace: 63M used, 64M committed, 1088M reserved
[2026-06-26T13:54:34.643-0300][31.870s][3772][6460 ][info][gc,reloc    ] GC(36) y:                        Candidates     Selected     In-Place         Size        Empty    Relocated 
[2026-06-26T13:54:34.643-0300][31.870s][3772][6460 ][info][gc,reloc    ] GC(36) y: Small Pages:                  157           72            0         314M          46M          22M 
[2026-06-26T13:54:34.643-0300][31.870s][3772][6460 ][info][gc,reloc    ] GC(36) y: Medium Pages:                   2            0            0          64M          32M           0M 
[2026-06-26T13:54:34.643-0300][31.870s][3772][6460 ][info][gc,reloc    ] GC(36) y: Large Pages:                    2            0            0          12M          12M           0M 
[2026-06-26T13:54:34.643-0300][31.870s][3772][6460 ][info][gc,reloc    ] GC(36) y: Forwarding Usage: 14M
[2026-06-26T13:54:34.643-0300][31.870s][3772][6460 ][info][gc,reloc    ] GC(36) y: Age Table:
[2026-06-26T13:54:34.643-0300][31.870s][3772][6460 ][info][gc,reloc    ] GC(36) y:                    Live             Garbage             Small              Medium             Large        
[2026-06-26T13:54:34.643-0300][31.870s][3772][6460 ][info][gc,reloc    ] GC(36) y: Eden             103M (3%)          220M (7%)         143 / 66             1 / 0              1 / 0        
[2026-06-26T13:54:34.643-0300][31.870s][3772][6460 ][info][gc,reloc    ] GC(36) y: Survivor 1         1M (0%)           46M (2%)           5 / 4              1 / 0              1 / 0        
[2026-06-26T13:54:34.643-0300][31.870s][3772][6460 ][info][gc,reloc    ] GC(36) y: Survivor 2         9M (0%)            8M (0%)           9 / 2              0 / 0              0 / 0        
[2026-06-26T13:54:34.643-0300][31.870s][3772][6460 ][info][gc,heap     ] GC(36) y: Min Capacity: 8M(0%)
[2026-06-26T13:54:34.643-0300][31.870s][3772][6460 ][info][gc,heap     ] GC(36) y: Max Capacity: 3072M(100%)
[2026-06-26T13:54:34.643-0300][31.870s][3772][6460 ][info][gc,heap     ] GC(36) y: Soft Max Capacity: 3072M(100%)
[2026-06-26T13:54:34.643-0300][31.870s][3772][6460 ][info][gc,heap     ] GC(36) y: Heap Statistics:
[2026-06-26T13:54:34.643-0300][31.870s][3772][6460 ][info][gc,heap     ] GC(36) y:                Mark Start          Mark End        Relocate Start      Relocate End           High               Low         
[2026-06-26T13:54:34.643-0300][31.870s][3772][6460 ][info][gc,heap     ] GC(36) y:  Capacity:     3072M (100%)       3072M (100%)       3072M (100%)       3072M (100%)       3072M (100%)       3072M (100%)   
[2026-06-26T13:54:34.643-0300][31.870s][3772][6460 ][info][gc,heap     ] GC(36) y:      Free:     1768M (58%)        1746M (57%)        1834M (60%)        1970M (64%)        1970M (64%)        1746M (57%)    
[2026-06-26T13:54:34.643-0300][31.870s][3772][6460 ][info][gc,heap     ] GC(36) y:      Used:     1304M (42%)        1326M (43%)        1238M (40%)        1102M (36%)        1326M (43%)        1102M (36%)    
[2026-06-26T13:54:34.643-0300][31.870s][3772][6460 ][info][gc,heap     ] GC(36) y: Young Generation Statistics:
[2026-06-26T13:54:34.643-0300][31.870s][3772][6460 ][info][gc,heap     ] GC(36) y:                Mark Start          Mark End        Relocate Start      Relocate End    
[2026-06-26T13:54:34.643-0300][31.870s][3772][6460 ][info][gc,heap     ] GC(36) y:      Used:      390M (13%)         412M (13%)         314M (10%)         170M (6%)     
[2026-06-26T13:54:34.643-0300][31.870s][3772][6460 ][info][gc,heap     ] GC(36) y:      Live:         -               115M (4%)          107M (4%)          103M (3%)     
[2026-06-26T13:54:34.643-0300][31.870s][3772][6460 ][info][gc,heap     ] GC(36) y:   Garbage:         -               274M (9%)          182M (6%)           32M (1%)     
[2026-06-26T13:54:34.643-0300][31.870s][3772][6460 ][info][gc,heap     ] GC(36) y: Allocated:         -                22M (1%)           24M (1%)           33M (1%)     
[2026-06-26T13:54:34.643-0300][31.870s][3772][6460 ][info][gc,heap     ] GC(36) y: Reclaimed:         -                  -                92M (3%)          241M (8%)     
[2026-06-26T13:54:34.643-0300][31.870s][3772][6460 ][info][gc,heap     ] GC(36) y:  Promoted:         -                  -                 7M (0%)           11M (0%)     
[2026-06-26T13:54:34.643-0300][31.870s][3772][6460 ][info][gc,heap     ] GC(36) y: Compacted:         -                  -                  -                30M (1%)     
[2026-06-26T13:54:34.643-0300][31.870s][3772][6460 ][info][gc,phases   ] GC(36) y: Young Generation 1304M(42%)->1102M(36%) 0.104s
[2026-06-26T13:54:34.643-0300][31.870s][3772][6460 ][info][gc          ] GC(36) Minor Collection (Allocation Rate) 1304M(42%)->1102M(36%) 0.104s
[2026-06-26T13:54:34.643-0300][31.870s][3772][8616 ][info][gc          ] GC(37) Major Collection (Allocation Rate)
[2026-06-26T13:54:34.643-0300][31.870s][3772][8616 ][info][gc,task     ] GC(37) Using 3 Workers for Young Generation
[2026-06-26T13:54:34.643-0300][31.870s][3772][8616 ][info][gc,task     ] GC(37) Using 1 Workers for Old Generation
[2026-06-26T13:54:34.643-0300][31.870s][3772][8616 ][info][gc,phases   ] GC(37) Y: Young Generation
[2026-06-26T13:54:34.644-0300][31.870s][3772][1692 ][info][gc,phases   ] GC(37) Y: Pause Mark Start (Major) 0.009ms
[2026-06-26T13:54:34.731-0300][31.958s][3772][8616 ][info][gc,phases   ] GC(37) Y: Concurrent Mark 87.491ms
[2026-06-26T13:54:34.731-0300][31.958s][3772][1692 ][info][gc,phases   ] GC(37) Y: Pause Mark End 0.015ms
[2026-06-26T13:54:34.731-0300][31.958s][3772][8616 ][info][gc,phases   ] GC(37) Y: Concurrent Mark Free 0.002ms
[2026-06-26T13:54:34.731-0300][31.958s][3772][8616 ][info][gc,phases   ] GC(37) Y: Concurrent Reset Relocation Set 0.019ms
[2026-06-26T13:54:34.731-0300][31.958s][3772][8616 ][info][gc,reloc    ] GC(37) Y: Using tenuring threshold: 1 (Computed)
[2026-06-26T13:54:34.754-0300][31.981s][3772][8616 ][info][gc,phases   ] GC(37) Y: Concurrent Select Relocation Set 22.990ms
[2026-06-26T13:54:34.754-0300][31.981s][3772][1692 ][info][gc,phases   ] GC(37) Y: Pause Relocate Start 0.011ms
[2026-06-26T13:54:34.794-0300][32.021s][3772][8616 ][info][gc,phases   ] GC(37) Y: Concurrent Relocate 39.150ms
[2026-06-26T13:54:34.794-0300][32.021s][3772][8616 ][info][gc,alloc    ] GC(37) Y:                         Mark Start        Mark End      Relocate Start    Relocate End   
[2026-06-26T13:54:34.794-0300][32.021s][3772][8616 ][info][gc,alloc    ] GC(37) Y: Allocation Stalls:          0                0                0                0         
[2026-06-26T13:54:34.794-0300][32.021s][3772][8616 ][info][gc,load     ] GC(37) Y: Load: 0.00 (0%) / 0.00 (0%) / 0.00 (0%)
[2026-06-26T13:54:34.794-0300][32.021s][3772][8616 ][info][gc,mmu      ] GC(37) Y: MMU: 2ms/97.1%, 5ms/98.8%, 10ms/99.4%, 20ms/99.6%, 50ms/99.8%, 100ms/99.9%
[2026-06-26T13:54:34.794-0300][32.021s][3772][8616 ][info][gc,marking  ] GC(37) Y: Mark: 2 stripe(s), 2 proactive flush(es), 1 terminate flush(es), 0 completion(s), 0 continuation(s) 
[2026-06-26T13:54:34.794-0300][32.021s][3772][8616 ][info][gc,nmethod  ] GC(37) Y: NMethods: 10845 registered, 0 unregistered
[2026-06-26T13:54:34.794-0300][32.021s][3772][8616 ][info][gc,metaspace] GC(37) Y: Metaspace: 63M used, 64M committed, 1088M reserved
[2026-06-26T13:54:34.794-0300][32.021s][3772][8616 ][info][gc,reloc    ] GC(37) Y:                        Candidates     Selected     In-Place         Size        Empty    Relocated 
[2026-06-26T13:54:34.794-0300][32.021s][3772][8616 ][info][gc,reloc    ] GC(37) Y: Small Pages:                   69           14            0         138M           2M           2M 
[2026-06-26T13:54:34.794-0300][32.021s][3772][8616 ][info][gc,reloc    ] GC(37) Y: Medium Pages:                   1            0            0          32M           0M           0M 
[2026-06-26T13:54:34.794-0300][32.021s][3772][8616 ][info][gc,reloc    ] GC(37) Y: Large Pages:                    0            0            0           0M           0M           0M 
[2026-06-26T13:54:34.794-0300][32.021s][3772][8616 ][info][gc,reloc    ] GC(37) Y: Forwarding Usage: 1M
[2026-06-26T13:54:34.794-0300][32.021s][3772][8616 ][info][gc,reloc    ] GC(37) Y: Age Table:
[2026-06-26T13:54:34.794-0300][32.021s][3772][8616 ][info][gc,reloc    ] GC(37) Y:                    Live             Garbage             Small              Medium             Large        
[2026-06-26T13:54:34.794-0300][32.021s][3772][8616 ][info][gc,reloc    ] GC(37) Y: Eden               1M (0%)           24M (1%)          13 / 11             0 / 0              0 / 0        
[2026-06-26T13:54:34.794-0300][32.021s][3772][8616 ][info][gc,reloc    ] GC(37) Y: Survivor 1       103M (3%)           40M (1%)          56 / 3              1 / 0              0 / 0        
[2026-06-26T13:54:34.794-0300][32.021s][3772][8616 ][info][gc,heap     ] GC(37) Y: Min Capacity: 8M(0%)
[2026-06-26T13:54:34.794-0300][32.021s][3772][8616 ][info][gc,heap     ] GC(37) Y: Max Capacity: 3072M(100%)
[2026-06-26T13:54:34.794-0300][32.021s][3772][8616 ][info][gc,heap     ] GC(37) Y: Soft Max Capacity: 3072M(100%)
[2026-06-26T13:54:34.794-0300][32.021s][3772][8616 ][info][gc,heap     ] GC(37) Y: Heap Statistics:
[2026-06-26T13:54:34.794-0300][32.021s][3772][8616 ][info][gc,heap     ] GC(37) Y:                Mark Start          Mark End        Relocate Start      Relocate End           High               Low         
[2026-06-26T13:54:34.794-0300][32.021s][3772][8616 ][info][gc,heap     ] GC(37) Y:  Capacity:     3072M (100%)       3072M (100%)       3072M (100%)       3072M (100%)       3072M (100%)       3072M (100%)   
[2026-06-26T13:54:34.794-0300][32.021s][3772][8616 ][info][gc,heap     ] GC(37) Y:      Free:     1970M (64%)        1946M (63%)        1942M (63%)        1954M (64%)        1970M (64%)        1932M (63%)    
[2026-06-26T13:54:34.794-0300][32.021s][3772][8616 ][info][gc,heap     ] GC(37) Y:      Used:     1102M (36%)        1126M (37%)        1130M (37%)        1118M (36%)        1140M (37%)        1102M (36%)    
[2026-06-26T13:54:34.794-0300][32.021s][3772][8616 ][info][gc,heap     ] GC(37) Y: Young Generation Statistics:
[2026-06-26T13:54:34.794-0300][32.021s][3772][8616 ][info][gc,heap     ] GC(37) Y:                Mark Start          Mark End        Relocate Start      Relocate End    
[2026-06-26T13:54:34.794-0300][32.021s][3772][8616 ][info][gc,heap     ] GC(37) Y:      Used:      170M (6%)          194M (6%)           62M (2%)           42M (1%)     
[2026-06-26T13:54:34.794-0300][32.021s][3772][8616 ][info][gc,heap     ] GC(37) Y:      Live:         -               105M (3%)            3M (0%)            1M (0%)     
[2026-06-26T13:54:34.794-0300][32.021s][3772][8616 ][info][gc,heap     ] GC(37) Y:   Garbage:         -                64M (2%)           28M (1%)            0M (0%)     
[2026-06-26T13:54:34.794-0300][32.021s][3772][8616 ][info][gc,heap     ] GC(37) Y: Allocated:         -                24M (1%)           30M (1%)           40M (1%)     
[2026-06-26T13:54:34.794-0300][32.021s][3772][8616 ][info][gc,heap     ] GC(37) Y: Reclaimed:         -                  -                35M (1%)           64M (2%)     
[2026-06-26T13:54:34.794-0300][32.021s][3772][8616 ][info][gc,heap     ] GC(37) Y:  Promoted:         -                  -               102M (3%)          103M (3%)     
[2026-06-26T13:54:34.794-0300][32.021s][3772][8616 ][info][gc,heap     ] GC(37) Y: Compacted:         -                  -                  -                 1M (0%)     
[2026-06-26T13:54:34.794-0300][32.021s][3772][8616 ][info][gc,phases   ] GC(37) Y: Young Generation 1102M(36%)->1118M(36%) 0.150s
[2026-06-26T13:54:34.794-0300][32.021s][3772][8616 ][info][gc,phases   ] GC(37) O: Old Generation
[2026-06-26T13:54:35.443-0300][32.670s][3772][6460 ][info][gc          ] GC(38) Minor Collection (Allocation Rate)
[2026-06-26T13:54:35.443-0300][32.670s][3772][6460 ][info][gc,task     ] GC(38) Using 2 Workers for Young Generation
[2026-06-26T13:54:35.443-0300][32.670s][3772][6460 ][info][gc,phases   ] GC(38) y: Young Generation
[2026-06-26T13:54:35.443-0300][32.670s][3772][1692 ][info][gc,phases   ] GC(38) y: Pause Mark Start 0.015ms
[2026-06-26T13:54:35.497-0300][32.723s][3772][6460 ][info][gc,phases   ] GC(38) y: Concurrent Mark 53.578ms
[2026-06-26T13:54:35.497-0300][32.724s][3772][1692 ][info][gc,phases   ] GC(38) y: Pause Mark End 0.013ms
[2026-06-26T13:54:35.497-0300][32.724s][3772][6460 ][info][gc,phases   ] GC(38) y: Concurrent Mark Free 0.004ms
[2026-06-26T13:54:35.497-0300][32.724s][3772][6460 ][info][gc,phases   ] GC(38) y: Concurrent Reset Relocation Set 0.045ms
[2026-06-26T13:54:35.497-0300][32.724s][3772][6460 ][info][gc,reloc    ] GC(38) y: Using tenuring threshold: 2 (Computed)
[2026-06-26T13:54:35.501-0300][32.728s][3772][6460 ][info][gc,phases   ] GC(38) y: Concurrent Select Relocation Set 4.607ms
[2026-06-26T13:54:35.501-0300][32.728s][3772][1692 ][info][gc,phases   ] GC(38) y: Pause Relocate Start 0.013ms
[2026-06-26T13:54:35.534-0300][32.761s][3772][6460 ][info][gc,phases   ] GC(38) y: Concurrent Relocate 32.194ms
[2026-06-26T13:54:35.534-0300][32.761s][3772][6460 ][info][gc,alloc    ] GC(38) y:                         Mark Start        Mark End      Relocate Start    Relocate End   
[2026-06-26T13:54:35.534-0300][32.761s][3772][6460 ][info][gc,alloc    ] GC(38) y: Allocation Stalls:          0                0                0                0         
[2026-06-26T13:54:35.534-0300][32.761s][3772][6460 ][info][gc,load     ] GC(38) y: Load: 0.00 (0%) / 0.00 (0%) / 0.00 (0%)
[2026-06-26T13:54:35.534-0300][32.761s][3772][6460 ][info][gc,mmu      ] GC(38) y: MMU: 2ms/97.1%, 5ms/98.8%, 10ms/99.4%, 20ms/99.6%, 50ms/99.8%, 100ms/99.9%
[2026-06-26T13:54:35.534-0300][32.761s][3772][6460 ][info][gc,marking  ] GC(38) y: Mark: 2 stripe(s), 2 proactive flush(es), 1 terminate flush(es), 0 completion(s), 0 continuation(s) 
[2026-06-26T13:54:35.534-0300][32.761s][3772][6460 ][info][gc,nmethod  ] GC(38) y: NMethods: 10873 registered, 0 unregistered
[2026-06-26T13:54:35.534-0300][32.761s][3772][6460 ][info][gc,metaspace] GC(38) y: Metaspace: 63M used, 64M committed, 1088M reserved
[2026-06-26T13:54:35.534-0300][32.761s][3772][6460 ][info][gc,reloc    ] GC(38) y:                        Candidates     Selected     In-Place         Size        Empty    Relocated 
[2026-06-26T13:54:35.534-0300][32.761s][3772][6460 ][info][gc,reloc    ] GC(38) y: Small Pages:                   77           52            0         154M           4M          25M 
[2026-06-26T13:54:35.534-0300][32.761s][3772][6460 ][info][gc,reloc    ] GC(38) y: Medium Pages:                   0            0            0           0M           0M           0M 
[2026-06-26T13:54:35.534-0300][32.761s][3772][6460 ][info][gc,reloc    ] GC(38) y: Large Pages:                    0            0            0           0M           0M           0M 
[2026-06-26T13:54:35.534-0300][32.761s][3772][6460 ][info][gc,reloc    ] GC(38) y: Forwarding Usage: 22M
[2026-06-26T13:54:35.534-0300][32.761s][3772][6460 ][info][gc,reloc    ] GC(38) y: Age Table:
[2026-06-26T13:54:35.534-0300][32.761s][3772][6460 ][info][gc,reloc    ] GC(38) y:                    Live             Garbage             Small              Medium             Large        
[2026-06-26T13:54:35.534-0300][32.761s][3772][6460 ][info][gc,reloc    ] GC(38) y: Eden              37M (1%)          110M (4%)          74 / 51             0 / 0              0 / 0        
[2026-06-26T13:54:35.534-0300][32.761s][3772][6460 ][info][gc,reloc    ] GC(38) y: Survivor 1         1M (0%)            4M (0%)           3 / 1              0 / 0              0 / 0        
[2026-06-26T13:54:35.534-0300][32.761s][3772][6460 ][info][gc,heap     ] GC(38) y: Min Capacity: 8M(0%)
[2026-06-26T13:54:35.534-0300][32.761s][3772][6460 ][info][gc,heap     ] GC(38) y: Max Capacity: 3072M(100%)
[2026-06-26T13:54:35.534-0300][32.761s][3772][6460 ][info][gc,heap     ] GC(38) y: Soft Max Capacity: 3072M(100%)
[2026-06-26T13:54:35.534-0300][32.761s][3772][6460 ][info][gc,heap     ] GC(38) y: Heap Statistics:
[2026-06-26T13:54:35.534-0300][32.761s][3772][6460 ][info][gc,heap     ] GC(38) y:                Mark Start          Mark End        Relocate Start      Relocate End           High               Low         
[2026-06-26T13:54:35.534-0300][32.761s][3772][6460 ][info][gc,heap     ] GC(38) y:  Capacity:     3072M (100%)       3072M (100%)       3072M (100%)       3072M (100%)       3072M (100%)       3072M (100%)   
[2026-06-26T13:54:35.534-0300][32.761s][3772][6460 ][info][gc,heap     ] GC(38) y:      Free:     1842M (60%)        1822M (59%)        1822M (59%)        1912M (62%)        1912M (62%)        1814M (59%)    
[2026-06-26T13:54:35.534-0300][32.761s][3772][6460 ][info][gc,heap     ] GC(38) y:      Used:     1230M (40%)        1250M (41%)        1250M (41%)        1160M (38%)        1258M (41%)        1160M (38%)    
[2026-06-26T13:54:35.534-0300][32.761s][3772][6460 ][info][gc,heap     ] GC(38) y: Young Generation Statistics:
[2026-06-26T13:54:35.534-0300][32.761s][3772][6460 ][info][gc,heap     ] GC(38) y:                Mark Start          Mark End        Relocate Start      Relocate End    
[2026-06-26T13:54:35.534-0300][32.761s][3772][6460 ][info][gc,heap     ] GC(38) y:      Used:      154M (5%)          174M (6%)          174M (6%)           84M (3%)     
[2026-06-26T13:54:35.534-0300][32.761s][3772][6460 ][info][gc,heap     ] GC(38) y:      Live:         -                39M (1%)           39M (1%)           39M (1%)     
[2026-06-26T13:54:35.534-0300][32.761s][3772][6460 ][info][gc,heap     ] GC(38) y:   Garbage:         -               114M (4%)          110M (4%)            0M (0%)     
[2026-06-26T13:54:35.534-0300][32.761s][3772][6460 ][info][gc,heap     ] GC(38) y: Allocated:         -                20M (1%)           24M (1%)           43M (1%)     
[2026-06-26T13:54:35.534-0300][32.761s][3772][6460 ][info][gc,heap     ] GC(38) y: Reclaimed:         -                  -                 4M (0%)          113M (4%)     
[2026-06-26T13:54:35.534-0300][32.761s][3772][6460 ][info][gc,heap     ] GC(38) y:  Promoted:         -                  -                 0M (0%)            0M (0%)     
[2026-06-26T13:54:35.534-0300][32.761s][3772][6460 ][info][gc,heap     ] GC(38) y: Compacted:         -                  -                  -                38M (1%)     
[2026-06-26T13:54:35.534-0300][32.761s][3772][6460 ][info][gc,phases   ] GC(38) y: Young Generation 1230M(40%)->1160M(38%) 0.091s
[2026-06-26T13:54:35.534-0300][32.761s][3772][6460 ][info][gc          ] GC(38) Minor Collection (Allocation Rate) 1230M(40%)->1162M(38%) 0.092s
[2026-06-26T13:54:35.927-0300][33.153s][3772][6460 ][info][gc          ] GC(39) Minor Collection (Allocation Rate)
[2026-06-26T13:54:35.927-0300][33.153s][3772][6460 ][info][gc,task     ] GC(39) Using 2 Workers for Young Generation
[2026-06-26T13:54:35.927-0300][33.153s][3772][6460 ][info][gc,phases   ] GC(39) y: Young Generation
[2026-06-26T13:54:35.927-0300][33.153s][3772][1692 ][info][gc,phases   ] GC(39) y: Pause Mark Start 0.008ms
[2026-06-26T13:54:36.023-0300][33.250s][3772][6460 ][info][gc,phases   ] GC(39) y: Concurrent Mark 96.316ms
[2026-06-26T13:54:36.023-0300][33.250s][3772][1692 ][info][gc,phases   ] GC(39) y: Pause Mark End 0.013ms
[2026-06-26T13:54:36.023-0300][33.250s][3772][6460 ][info][gc,phases   ] GC(39) y: Concurrent Mark Free 0.002ms
[2026-06-26T13:54:36.023-0300][33.250s][3772][6460 ][info][gc,phases   ] GC(39) y: Concurrent Reset Relocation Set 0.006ms
[2026-06-26T13:54:36.023-0300][33.250s][3772][6460 ][info][gc,reloc    ] GC(39) y: Using tenuring threshold: 3 (Computed)
[2026-06-26T13:54:36.024-0300][33.251s][3772][6460 ][info][gc,phases   ] GC(39) y: Concurrent Select Relocation Set 1.480ms
[2026-06-26T13:54:36.024-0300][33.252s][3772][1692 ][info][gc,phases   ] GC(39) y: Pause Relocate Start 0.011ms
[2026-06-26T13:54:36.048-0300][33.276s][3772][6460 ][info][gc,phases   ] GC(39) y: Concurrent Relocate 24.392ms
[2026-06-26T13:54:36.048-0300][33.276s][3772][6460 ][info][gc,alloc    ] GC(39) y:                         Mark Start        Mark End      Relocate Start    Relocate End   
[2026-06-26T13:54:36.048-0300][33.276s][3772][6460 ][info][gc,alloc    ] GC(39) y: Allocation Stalls:          0                0                0                0         
[2026-06-26T13:54:36.048-0300][33.276s][3772][6460 ][info][gc,load     ] GC(39) y: Load: 0.00 (0%) / 0.00 (0%) / 0.00 (0%)
[2026-06-26T13:54:36.048-0300][33.276s][3772][6460 ][info][gc,mmu      ] GC(39) y: MMU: 2ms/97.1%, 5ms/98.8%, 10ms/99.4%, 20ms/99.6%, 50ms/99.8%, 100ms/99.9%
[2026-06-26T13:54:36.048-0300][33.276s][3772][6460 ][info][gc,marking  ] GC(39) y: Mark: 2 stripe(s), 6 proactive flush(es), 1 terminate flush(es), 0 completion(s), 0 continuation(s) 
[2026-06-26T13:54:36.048-0300][33.276s][3772][6460 ][info][gc,nmethod  ] GC(39) y: NMethods: 10883 registered, 0 unregistered
[2026-06-26T13:54:36.048-0300][33.276s][3772][6460 ][info][gc,metaspace] GC(39) y: Metaspace: 63M used, 64M committed, 1088M reserved
[2026-06-26T13:54:36.048-0300][33.276s][3772][6460 ][info][gc,reloc    ] GC(39) y:                        Candidates     Selected     In-Place         Size        Empty    Relocated 
[2026-06-26T13:54:36.048-0300][33.276s][3772][6460 ][info][gc,reloc    ] GC(39) y: Small Pages:                   77           36            0         154M          14M          18M 
[2026-06-26T13:54:36.048-0300][33.276s][3772][6460 ][info][gc,reloc    ] GC(39) y: Medium Pages:                   0            0            0           0M           0M           0M 
[2026-06-26T13:54:36.048-0300][33.276s][3772][6460 ][info][gc,reloc    ] GC(39) y: Large Pages:                    0            0            0           0M           0M           0M 
[2026-06-26T13:54:36.050-0300][33.276s][3772][6460 ][info][gc,reloc    ] GC(39) y: Forwarding Usage: 16M
[2026-06-26T13:54:36.050-0300][33.276s][3772][6460 ][info][gc,reloc    ] GC(39) y: Age Table:
[2026-06-26T13:54:36.050-0300][33.276s][3772][6460 ][info][gc,reloc    ] GC(39) y:                    Live             Garbage             Small              Medium             Large        
[2026-06-26T13:54:36.050-0300][33.276s][3772][6460 ][info][gc,reloc    ] GC(39) y: Eden              24M (1%)           73M (2%)          49 / 33             0 / 0              0 / 0        
[2026-06-26T13:54:36.050-0300][33.276s][3772][6460 ][info][gc,reloc    ] GC(39) y: Survivor 1        37M (1%)           14M (0%)          26 / 3              0 / 0              0 / 0        
[2026-06-26T13:54:36.050-0300][33.276s][3772][6460 ][info][gc,reloc    ] GC(39) y: Survivor 2         1M (0%)            2M (0%)           2 / 0              0 / 0              0 / 0        
[2026-06-26T13:54:36.050-0300][33.276s][3772][6460 ][info][gc,heap     ] GC(39) y: Min Capacity: 8M(0%)
[2026-06-26T13:54:36.050-0300][33.276s][3772][6460 ][info][gc,heap     ] GC(39) y: Max Capacity: 3072M(100%)
[2026-06-26T13:54:36.050-0300][33.276s][3772][6460 ][info][gc,heap     ] GC(39) y: Soft Max Capacity: 3072M(100%)
[2026-06-26T13:54:36.050-0300][33.276s][3772][6460 ][info][gc,heap     ] GC(39) y: Heap Statistics:
[2026-06-26T13:54:36.050-0300][33.276s][3772][6460 ][info][gc,heap     ] GC(39) y:                Mark Start          Mark End        Relocate Start      Relocate End           High               Low         
[2026-06-26T13:54:36.050-0300][33.276s][3772][6460 ][info][gc,heap     ] GC(39) y:  Capacity:     3072M (100%)       3072M (100%)       3072M (100%)       3072M (100%)       3072M (100%)       3072M (100%)   
[2026-06-26T13:54:36.050-0300][33.276s][3772][6460 ][info][gc,heap     ] GC(39) y:      Free:     1842M (60%)        1818M (59%)        1830M (60%)        1894M (62%)        1894M (62%)        1818M (59%)    
[2026-06-26T13:54:36.050-0300][33.276s][3772][6460 ][info][gc,heap     ] GC(39) y:      Used:     1230M (40%)        1254M (41%)        1242M (40%)        1178M (38%)        1254M (41%)        1178M (38%)    
[2026-06-26T13:54:36.050-0300][33.276s][3772][6460 ][info][gc,heap     ] GC(39) y: Young Generation Statistics:
[2026-06-26T13:54:36.050-0300][33.276s][3772][6460 ][info][gc,heap     ] GC(39) y:                Mark Start          Mark End        Relocate Start      Relocate End    
[2026-06-26T13:54:36.050-0300][33.276s][3772][6460 ][info][gc,heap     ] GC(39) y:      Used:      154M (5%)          178M (6%)          166M (5%)          102M (3%)     
[2026-06-26T13:54:36.050-0300][33.277s][3772][6460 ][info][gc,heap     ] GC(39) y:      Live:         -                63M (2%)           63M (2%)           63M (2%)     
[2026-06-26T13:54:36.050-0300][33.277s][3772][6460 ][info][gc,heap     ] GC(39) y:   Garbage:         -                90M (3%)           76M (2%)            0M (0%)     
[2026-06-26T13:54:36.050-0300][33.277s][3772][6460 ][info][gc,heap     ] GC(39) y: Allocated:         -                24M (1%)           26M (1%)           38M (1%)     
[2026-06-26T13:54:36.050-0300][33.277s][3772][6460 ][info][gc,heap     ] GC(39) y: Reclaimed:         -                  -                14M (0%)           90M (3%)     
[2026-06-26T13:54:36.050-0300][33.277s][3772][6460 ][info][gc,heap     ] GC(39) y:  Promoted:         -                  -                 0M (0%)            0M (0%)     
[2026-06-26T13:54:36.050-0300][33.277s][3772][6460 ][info][gc,heap     ] GC(39) y: Compacted:         -                  -                  -                27M (1%)     
[2026-06-26T13:54:36.050-0300][33.277s][3772][6460 ][info][gc,phases   ] GC(39) y: Young Generation 1230M(40%)->1178M(38%) 0.123s
[2026-06-26T13:54:36.050-0300][33.277s][3772][6460 ][info][gc          ] GC(39) Minor Collection (Allocation Rate) 1230M(40%)->1178M(38%) 0.123s
[2026-06-26T13:54:36.362-0300][33.588s][3772][6460 ][info][gc          ] GC(40) Minor Collection (Allocation Rate)
[2026-06-26T13:54:36.362-0300][33.588s][3772][6460 ][info][gc,task     ] GC(40) Using 2 Workers for Young Generation
[2026-06-26T13:54:36.362-0300][33.588s][3772][6460 ][info][gc,phases   ] GC(40) y: Young Generation
[2026-06-26T13:54:36.362-0300][33.589s][3772][1692 ][info][gc,phases   ] GC(40) y: Pause Mark Start 0.011ms
[2026-06-26T13:54:36.465-0300][33.693s][3772][6460 ][info][gc,phases   ] GC(40) y: Concurrent Mark 104.034ms
[2026-06-26T13:54:36.466-0300][33.693s][3772][1692 ][info][gc,phases   ] GC(40) y: Pause Mark End 0.013ms
[2026-06-26T13:54:36.466-0300][33.693s][3772][6460 ][info][gc,phases   ] GC(40) y: Concurrent Mark Free 0.004ms
[2026-06-26T13:54:36.466-0300][33.693s][3772][6460 ][info][gc,phases   ] GC(40) y: Concurrent Reset Relocation Set 0.006ms
[2026-06-26T13:54:36.466-0300][33.693s][3772][6460 ][info][gc,reloc    ] GC(40) y: Using tenuring threshold: 3 (Computed)
[2026-06-26T13:54:36.468-0300][33.695s][3772][6460 ][info][gc,phases   ] GC(40) y: Concurrent Select Relocation Set 1.803ms
[2026-06-26T13:54:36.468-0300][33.695s][3772][1692 ][info][gc,phases   ] GC(40) y: Pause Relocate Start 0.010ms
[2026-06-26T13:54:36.485-0300][33.712s][3772][8616 ][info][gc,phases   ] GC(37) O: Concurrent Mark 1690.453ms
[2026-06-26T13:54:36.485-0300][33.712s][3772][1692 ][info][gc,phases   ] GC(37) O: Pause Mark End 0.014ms
[2026-06-26T13:54:36.485-0300][33.712s][3772][6460 ][info][gc,phases   ] GC(40) y: Concurrent Relocate 17.413ms
[2026-06-26T13:54:36.485-0300][33.712s][3772][8616 ][info][gc,phases   ] GC(37) O: Concurrent Mark Free 0.002ms
[2026-06-26T13:54:36.485-0300][33.712s][3772][6460 ][info][gc,alloc    ] GC(40) y:                         Mark Start        Mark End      Relocate Start    Relocate End   
[2026-06-26T13:54:36.485-0300][33.712s][3772][6460 ][info][gc,alloc    ] GC(40) y: Allocation Stalls:          0                0                0                0         
[2026-06-26T13:54:36.485-0300][33.712s][3772][6460 ][info][gc,load     ] GC(40) y: Load: 0.00 (0%) / 0.00 (0%) / 0.00 (0%)
[2026-06-26T13:54:36.485-0300][33.712s][3772][6460 ][info][gc,mmu      ] GC(40) y: MMU: 2ms/97.1%, 5ms/98.8%, 10ms/99.4%, 20ms/99.6%, 50ms/99.8%, 100ms/99.9%
[2026-06-26T13:54:36.485-0300][33.712s][3772][6460 ][info][gc,marking  ] GC(40) y: Mark: 2 stripe(s), 2 proactive flush(es), 1 terminate flush(es), 0 completion(s), 0 continuation(s) 
[2026-06-26T13:54:36.485-0300][33.713s][3772][6460 ][info][gc,nmethod  ] GC(40) y: NMethods: 10936 registered, 0 unregistered
[2026-06-26T13:54:36.485-0300][33.713s][3772][6460 ][info][gc,metaspace] GC(40) y: Metaspace: 63M used, 64M committed, 1088M reserved
[2026-06-26T13:54:36.485-0300][33.713s][3772][6460 ][info][gc,reloc    ] GC(40) y:                        Candidates     Selected     In-Place         Size        Empty    Relocated 
[2026-06-26T13:54:36.485-0300][33.713s][3772][6460 ][info][gc,reloc    ] GC(40) y: Small Pages:                   77           33            0         154M           2M          13M 
[2026-06-26T13:54:36.485-0300][33.713s][3772][6460 ][info][gc,reloc    ] GC(40) y: Medium Pages:                   0            0            0           0M           0M           0M 
[2026-06-26T13:54:36.485-0300][33.713s][3772][6460 ][info][gc,reloc    ] GC(40) y: Large Pages:                    0            0            0           0M           0M           0M 
[2026-06-26T13:54:36.485-0300][33.713s][3772][6460 ][info][gc,reloc    ] GC(40) y: Forwarding Usage: 11M
[2026-06-26T13:54:36.485-0300][33.713s][3772][6460 ][info][gc,reloc    ] GC(40) y: Age Table:
[2026-06-26T13:54:36.485-0300][33.713s][3772][6460 ][info][gc,reloc    ] GC(40) y:                    Live             Garbage             Small              Medium             Large        
[2026-06-26T13:54:36.485-0300][33.713s][3772][6460 ][info][gc,reloc    ] GC(40) y: Eden              17M (1%)           66M (2%)          42 / 32             0 / 0              0 / 0        
[2026-06-26T13:54:36.485-0300][33.713s][3772][6460 ][info][gc,reloc    ] GC(40) y: Survivor 1        24M (1%)            1M (0%)          13 / 0              0 / 0              0 / 0        
[2026-06-26T13:54:36.485-0300][33.713s][3772][6460 ][info][gc,reloc    ] GC(40) y: Survivor 2        37M (1%)            2M (0%)          20 / 0              0 / 0              0 / 0        
[2026-06-26T13:54:36.485-0300][33.713s][3772][6460 ][info][gc,reloc    ] GC(40) y: Survivor 3         1M (0%)            2M (0%)           2 / 1              0 / 0              0 / 0        
[2026-06-26T13:54:36.485-0300][33.713s][3772][6460 ][info][gc,heap     ] GC(40) y: Min Capacity: 8M(0%)
[2026-06-26T13:54:36.485-0300][33.713s][3772][6460 ][info][gc,heap     ] GC(40) y: Max Capacity: 3072M(100%)
[2026-06-26T13:54:36.485-0300][33.713s][3772][6460 ][info][gc,heap     ] GC(40) y: Soft Max Capacity: 3072M(100%)
[2026-06-26T13:54:36.485-0300][33.713s][3772][6460 ][info][gc,heap     ] GC(40) y: Heap Statistics:
[2026-06-26T13:54:36.485-0300][33.713s][3772][6460 ][info][gc,heap     ] GC(40) y:                Mark Start          Mark End        Relocate Start      Relocate End           High               Low         
[2026-06-26T13:54:36.485-0300][33.713s][3772][6460 ][info][gc,heap     ] GC(40) y:  Capacity:     3072M (100%)       3072M (100%)       3072M (100%)       3072M (100%)       3072M (100%)       3072M (100%)   
[2026-06-26T13:54:36.485-0300][33.713s][3772][6460 ][info][gc,heap     ] GC(40) y:      Free:     1842M (60%)        1818M (59%)        1820M (59%)        1874M (61%)        1874M (61%)        1812M (59%)    
[2026-06-26T13:54:36.485-0300][33.713s][3772][6460 ][info][gc,heap     ] GC(40) y:      Used:     1230M (40%)        1254M (41%)        1252M (41%)        1198M (39%)        1260M (41%)        1198M (39%)    
[2026-06-26T13:54:36.485-0300][33.713s][3772][6460 ][info][gc,heap     ] GC(40) y: Young Generation Statistics:
[2026-06-26T13:54:36.485-0300][33.713s][3772][6460 ][info][gc,heap     ] GC(40) y:                Mark Start          Mark End        Relocate Start      Relocate End    
[2026-06-26T13:54:36.485-0300][33.713s][3772][6460 ][info][gc,heap     ] GC(40) y:      Used:      154M (5%)          178M (6%)          174M (6%)          118M (4%)     
[2026-06-26T13:54:36.486-0300][33.713s][3772][6460 ][info][gc,heap     ] GC(40) y:      Live:         -                80M (3%)           79M (3%)           79M (3%)     
[2026-06-26T13:54:36.486-0300][33.713s][3772][6460 ][info][gc,heap     ] GC(40) y:   Garbage:         -                73M (2%)           70M (2%)            1M (0%)     
[2026-06-26T13:54:36.486-0300][33.713s][3772][6460 ][info][gc,heap     ] GC(40) y: Allocated:         -                24M (1%)           24M (1%)           37M (1%)     
[2026-06-26T13:54:36.486-0300][33.713s][3772][6460 ][info][gc,heap     ] GC(40) y: Reclaimed:         -                  -                 2M (0%)           72M (2%)     
[2026-06-26T13:54:36.486-0300][33.713s][3772][6460 ][info][gc,heap     ] GC(40) y:  Promoted:         -                  -                 1M (0%)            1M (0%)     
[2026-06-26T13:54:36.486-0300][33.713s][3772][6460 ][info][gc,heap     ] GC(40) y: Compacted:         -                  -                  -                18M (1%)     
[2026-06-26T13:54:36.486-0300][33.713s][3772][6460 ][info][gc,phases   ] GC(40) y: Young Generation 1230M(40%)->1198M(39%) 0.124s
[2026-06-26T13:54:36.486-0300][33.713s][3772][6460 ][info][gc          ] GC(40) Minor Collection (Allocation Rate) 1230M(40%)->1198M(39%) 0.124s
[2026-06-26T13:54:36.512-0300][33.739s][3772][8616 ][info][gc,phases   ] GC(37) O: Concurrent Process Non-Strong 26.571ms
[2026-06-26T13:54:36.512-0300][33.739s][3772][8616 ][info][gc,phases   ] GC(37) O: Concurrent Reset Relocation Set 0.007ms
[2026-06-26T13:54:36.514-0300][33.741s][3772][8616 ][info][gc,phases   ] GC(37) O: Concurrent Select Relocation Set 1.662ms
[2026-06-26T13:54:36.514-0300][33.741s][3772][8616 ][info][gc,task     ] GC(37) O: Using 3 Workers for Old Generation
[2026-06-26T13:54:36.520-0300][33.747s][3772][8616 ][info][gc,task     ] GC(37) O: Using 1 Workers for Old Generation
[2026-06-26T13:54:36.520-0300][33.747s][3772][8616 ][info][gc,phases   ] GC(37) O: Concurrent Remap Roots 6.214ms
[2026-06-26T13:54:36.520-0300][33.747s][3772][1692 ][info][gc,phases   ] GC(37) O: Pause Relocate Start 0.012ms
[2026-06-26T13:54:36.539-0300][33.766s][3772][8616 ][info][gc,phases   ] GC(37) O: Concurrent Relocate 19.011ms
[2026-06-26T13:54:36.539-0300][33.766s][3772][8616 ][info][gc,alloc    ] GC(37) O:                         Mark Start        Mark End      Relocate Start    Relocate End   
[2026-06-26T13:54:36.539-0300][33.766s][3772][8616 ][info][gc,alloc    ] GC(37) O: Allocation Stalls:          0                0                0                0         
[2026-06-26T13:54:36.539-0300][33.766s][3772][8616 ][info][gc,load     ] GC(37) O: Load: 0.00 (0%) / 0.00 (0%) / 0.00 (0%)
[2026-06-26T13:54:36.539-0300][33.766s][3772][8616 ][info][gc,mmu      ] GC(37) O: MMU: 2ms/97.1%, 5ms/98.8%, 10ms/99.4%, 20ms/99.6%, 50ms/99.8%, 100ms/99.9%
[2026-06-26T13:54:36.539-0300][33.766s][3772][8616 ][info][gc,marking  ] GC(37) O: Mark: 1 stripe(s), 2 proactive flush(es), 1 terminate flush(es), 0 completion(s), 0 continuation(s) 
[2026-06-26T13:54:36.539-0300][33.766s][3772][8616 ][info][gc,nmethod  ] GC(37) O: NMethods: 10647 registered, 299 unregistered
[2026-06-26T13:54:36.539-0300][33.766s][3772][8616 ][info][gc,metaspace] GC(37) O: Metaspace: 63M used, 64M committed, 1088M reserved
[2026-06-26T13:54:36.539-0300][33.766s][3772][8616 ][info][gc,ref      ] GC(37) O:                       Encountered   Discovered     Enqueued 
[2026-06-26T13:54:36.539-0300][33.766s][3772][8616 ][info][gc,ref      ] GC(37) O: Soft References:             5331            0            0 
[2026-06-26T13:54:36.539-0300][33.766s][3772][8616 ][info][gc,ref      ] GC(37) O: Weak References:             4459         3661          149 
[2026-06-26T13:54:36.539-0300][33.766s][3772][8616 ][info][gc,ref      ] GC(37) O: Final References:              14            3            0 
[2026-06-26T13:54:36.539-0300][33.766s][3772][8616 ][info][gc,ref      ] GC(37) O: Phantom References:        101739         6428            0 
[2026-06-26T13:54:36.539-0300][33.766s][3772][8616 ][info][gc,reloc    ] GC(37) O:                        Candidates     Selected     In-Place         Size        Empty    Relocated 
[2026-06-26T13:54:36.539-0300][33.766s][3772][8616 ][info][gc,reloc    ] GC(37) O: Small Pages:                  412           11            0         824M          10M           5M 
[2026-06-26T13:54:36.539-0300][33.766s][3772][8616 ][info][gc,reloc    ] GC(37) O: Medium Pages:                   3            2            0          96M           0M          24M 
[2026-06-26T13:54:36.539-0300][33.766s][3772][8616 ][info][gc,reloc    ] GC(37) O: Large Pages:                    1            0            0          12M           0M           0M 
[2026-06-26T13:54:36.539-0300][33.766s][3772][8616 ][info][gc,reloc    ] GC(37) O: Forwarding Usage: 3M
[2026-06-26T13:54:36.539-0300][33.766s][3772][8616 ][info][gc,heap     ] GC(37) O: Min Capacity: 8M(0%)
[2026-06-26T13:54:36.539-0300][33.766s][3772][8616 ][info][gc,heap     ] GC(37) O: Max Capacity: 3072M(100%)
[2026-06-26T13:54:36.539-0300][33.766s][3772][8616 ][info][gc,heap     ] GC(37) O: Soft Max Capacity: 3072M(100%)
[2026-06-26T13:54:36.539-0300][33.766s][3772][8616 ][info][gc,heap     ] GC(37) O: Heap Statistics:
[2026-06-26T13:54:36.539-0300][33.766s][3772][8616 ][info][gc,heap     ] GC(37) O:                Mark Start          Mark End        Relocate Start      Relocate End           High               Low         
[2026-06-26T13:54:36.539-0300][33.766s][3772][8616 ][info][gc,heap     ] GC(37) O:  Capacity:     3072M (100%)       3072M (100%)       3072M (100%)       3072M (100%)       3072M (100%)       3072M (100%)   
[2026-06-26T13:54:36.539-0300][33.767s][3772][8616 ][info][gc,heap     ] GC(37) O:      Free:     1970M (64%)        1874M (61%)        1870M (61%)        1948M (63%)        1970M (64%)        1812M (59%)    
[2026-06-26T13:54:36.539-0300][33.767s][3772][8616 ][info][gc,heap     ] GC(37) O:      Used:     1102M (36%)        1198M (39%)        1202M (39%)        1124M (37%)        1260M (41%)        1102M (36%)    
[2026-06-26T13:54:36.539-0300][33.767s][3772][8616 ][info][gc,heap     ] GC(37) O: Old Generation Statistics:
[2026-06-26T13:54:36.539-0300][33.767s][3772][8616 ][info][gc,heap     ] GC(37) O:                Mark Start          Mark End        Relocate Start      Relocate End    
[2026-06-26T13:54:36.539-0300][33.767s][3772][8616 ][info][gc,heap     ] GC(37) O:      Used:      932M (30%)        1080M (35%)        1070M (35%)         988M (32%)    
[2026-06-26T13:54:36.539-0300][33.767s][3772][8616 ][info][gc,heap     ] GC(37) O:      Live:         -               803M (26%)         803M (26%)         803M (26%)    
[2026-06-26T13:54:36.539-0300][33.767s][3772][8616 ][info][gc,heap     ] GC(37) O:   Garbage:         -               128M (4%)          118M (4%)           23M (1%)     
[2026-06-26T13:54:36.540-0300][33.767s][3772][8616 ][info][gc,heap     ] GC(37) O: Allocated:         -               148M (5%)          148M (5%)          161M (5%)     
[2026-06-26T13:54:36.540-0300][33.767s][3772][8616 ][info][gc,heap     ] GC(37) O: Reclaimed:         -                  -                10M (0%)          105M (3%)     
[2026-06-26T13:54:36.540-0300][33.767s][3772][8616 ][info][gc,heap     ] GC(37) O: Compacted:         -                  -                  -                44M (1%)     
[2026-06-26T13:54:36.540-0300][33.767s][3772][8616 ][info][gc,phases   ] GC(37) O: Old Generation 1118M(36%)->1124M(37%) 1.745s
[2026-06-26T13:54:36.540-0300][33.767s][3772][8616 ][info][gc          ] GC(37) Major Collection (Allocation Rate) 1102M(36%)->1124M(37%) 1.896s
[2026-06-26T13:54:36.637-0300][33.864s][3772][8616 ][info][gc          ] GC(41) Major Collection (Allocation Rate)
[2026-06-26T13:54:36.637-0300][33.864s][3772][8616 ][info][gc,task     ] GC(41) Using 3 Workers for Young Generation
[2026-06-26T13:54:36.637-0300][33.864s][3772][8616 ][info][gc,task     ] GC(41) Using 1 Workers for Old Generation
[2026-06-26T13:54:36.637-0300][33.864s][3772][8616 ][info][gc,phases   ] GC(41) Y: Young Generation
[2026-06-26T13:54:36.637-0300][33.864s][3772][1692 ][info][gc,phases   ] GC(41) Y: Pause Mark Start (Major) 0.013ms
[2026-06-26T13:54:36.726-0300][33.954s][3772][8616 ][info][gc,phases   ] GC(41) Y: Concurrent Mark 89.924ms
[2026-06-26T13:54:36.727-0300][33.954s][3772][1692 ][info][gc,phases   ] GC(41) Y: Pause Mark End 0.014ms
[2026-06-26T13:54:36.727-0300][33.954s][3772][8616 ][info][gc,phases   ] GC(41) Y: Concurrent Mark Free 0.006ms
[2026-06-26T13:54:36.727-0300][33.954s][3772][8616 ][info][gc,phases   ] GC(41) Y: Concurrent Reset Relocation Set 0.010ms
[2026-06-26T13:54:36.727-0300][33.954s][3772][8616 ][info][gc,reloc    ] GC(41) Y: Using tenuring threshold: 2 (Computed)
[2026-06-26T13:54:36.740-0300][33.967s][3772][8616 ][info][gc,phases   ] GC(41) Y: Concurrent Select Relocation Set 12.882ms
[2026-06-26T13:54:36.740-0300][33.967s][3772][1692 ][info][gc,phases   ] GC(41) Y: Pause Relocate Start 0.012ms
[2026-06-26T13:54:36.770-0300][33.997s][3772][8616 ][info][gc,phases   ] GC(41) Y: Concurrent Relocate 29.497ms
[2026-06-26T13:54:36.770-0300][33.997s][3772][8616 ][info][gc,alloc    ] GC(41) Y:                         Mark Start        Mark End      Relocate Start    Relocate End   
[2026-06-26T13:54:36.770-0300][33.997s][3772][8616 ][info][gc,alloc    ] GC(41) Y: Allocation Stalls:          0                0                0                0         
[2026-06-26T13:54:36.770-0300][33.997s][3772][8616 ][info][gc,load     ] GC(41) Y: Load: 0.00 (0%) / 0.00 (0%) / 0.00 (0%)
[2026-06-26T13:54:36.770-0300][33.997s][3772][8616 ][info][gc,mmu      ] GC(41) Y: MMU: 2ms/97.1%, 5ms/98.8%, 10ms/99.4%, 20ms/99.6%, 50ms/99.8%, 100ms/99.9%
[2026-06-26T13:54:36.770-0300][33.997s][3772][8616 ][info][gc,marking  ] GC(41) Y: Mark: 2 stripe(s), 2 proactive flush(es), 1 terminate flush(es), 0 completion(s), 0 continuation(s) 
[2026-06-26T13:54:36.770-0300][33.997s][3772][8616 ][info][gc,nmethod  ] GC(41) Y: NMethods: 10676 registered, 299 unregistered
[2026-06-26T13:54:36.770-0300][33.997s][3772][8616 ][info][gc,metaspace] GC(41) Y: Metaspace: 63M used, 64M committed, 1088M reserved
[2026-06-26T13:54:36.770-0300][33.997s][3772][8616 ][info][gc,reloc    ] GC(41) Y:                        Candidates     Selected     In-Place         Size        Empty    Relocated 
[2026-06-26T13:54:36.770-0300][33.997s][3772][8616 ][info][gc,reloc    ] GC(41) Y: Small Pages:                   78           26            0         156M           4M           8M 
[2026-06-26T13:54:36.770-0300][33.997s][3772][8616 ][info][gc,reloc    ] GC(41) Y: Medium Pages:                   0            0            0           0M           0M           0M 
[2026-06-26T13:54:36.770-0300][33.997s][3772][8616 ][info][gc,reloc    ] GC(41) Y: Large Pages:                    0            0            0           0M           0M           0M 
[2026-06-26T13:54:36.770-0300][33.997s][3772][8616 ][info][gc,reloc    ] GC(41) Y: Forwarding Usage: 6M
[2026-06-26T13:54:36.770-0300][33.997s][3772][8616 ][info][gc,reloc    ] GC(41) Y: Age Table:
[2026-06-26T13:54:36.770-0300][33.997s][3772][8616 ][info][gc,reloc    ] GC(41) Y:                    Live             Garbage             Small              Medium             Large        
[2026-06-26T13:54:36.770-0300][33.997s][3772][8616 ][info][gc,reloc    ] GC(41) Y: Eden              17M (1%)           46M (2%)          32 / 21             0 / 0              0 / 0        
[2026-06-26T13:54:36.770-0300][33.997s][3772][8616 ][info][gc,reloc    ] GC(41) Y: Survivor 1        16M (1%)            9M (0%)          13 / 2              0 / 0              0 / 0        
[2026-06-26T13:54:36.770-0300][33.997s][3772][8616 ][info][gc,reloc    ] GC(41) Y: Survivor 2        24M (1%)            1M (0%)          13 / 1              0 / 0              0 / 0        
[2026-06-26T13:54:36.770-0300][33.997s][3772][8616 ][info][gc,reloc    ] GC(41) Y: Survivor 3        37M (1%)            2M (0%)          20 / 2              0 / 0              0 / 0        
[2026-06-26T13:54:36.770-0300][33.997s][3772][8616 ][info][gc,heap     ] GC(41) Y: Min Capacity: 8M(0%)
[2026-06-26T13:54:36.770-0300][33.997s][3772][8616 ][info][gc,heap     ] GC(41) Y: Max Capacity: 3072M(100%)
[2026-06-26T13:54:36.770-0300][33.997s][3772][8616 ][info][gc,heap     ] GC(41) Y: Soft Max Capacity: 3072M(100%)
[2026-06-26T13:54:36.770-0300][33.997s][3772][8616 ][info][gc,heap     ] GC(41) Y: Heap Statistics:
[2026-06-26T13:54:36.770-0300][33.997s][3772][8616 ][info][gc,heap     ] GC(41) Y:                Mark Start          Mark End        Relocate Start      Relocate End           High               Low         
[2026-06-26T13:54:36.770-0300][33.997s][3772][8616 ][info][gc,heap     ] GC(41) Y:  Capacity:     3072M (100%)       3072M (100%)       3072M (100%)       3072M (100%)       3072M (100%)       3072M (100%)   
[2026-06-26T13:54:36.770-0300][33.997s][3772][8616 ][info][gc,heap     ] GC(41) Y:      Free:     1928M (63%)        1906M (62%)        1910M (62%)        1954M (64%)        1954M (64%)        1904M (62%)    
[2026-06-26T13:54:36.770-0300][33.997s][3772][8616 ][info][gc,heap     ] GC(41) Y:      Used:     1144M (37%)        1166M (38%)        1162M (38%)        1118M (36%)        1168M (38%)        1118M (36%)    
[2026-06-26T13:54:36.770-0300][33.997s][3772][8616 ][info][gc,heap     ] GC(41) Y: Young Generation Statistics:
[2026-06-26T13:54:36.770-0300][33.997s][3772][8616 ][info][gc,heap     ] GC(41) Y:                Mark Start          Mark End        Relocate Start      Relocate End    
[2026-06-26T13:54:36.770-0300][33.997s][3772][8616 ][info][gc,heap     ] GC(41) Y:      Used:      156M (5%)          178M (6%)          114M (4%)           66M (2%)     
[2026-06-26T13:54:36.770-0300][33.997s][3772][8616 ][info][gc,heap     ] GC(41) Y:      Live:         -                96M (3%)           36M (1%)           34M (1%)     
[2026-06-26T13:54:36.770-0300][33.997s][3772][8616 ][info][gc,heap     ] GC(41) Y:   Garbage:         -                59M (2%)           55M (2%)            1M (0%)     
[2026-06-26T13:54:36.770-0300][33.997s][3772][8616 ][info][gc,heap     ] GC(41) Y: Allocated:         -                22M (1%)           22M (1%)           30M (1%)     
[2026-06-26T13:54:36.770-0300][33.997s][3772][8616 ][info][gc,heap     ] GC(41) Y: Reclaimed:         -                  -                 4M (0%)           58M (2%)     
[2026-06-26T13:54:36.770-0300][33.997s][3772][8616 ][info][gc,heap     ] GC(41) Y:  Promoted:         -                  -                59M (2%)           61M (2%)     
[2026-06-26T13:54:36.770-0300][33.997s][3772][8616 ][info][gc,heap     ] GC(41) Y: Compacted:         -                  -                  -                 9M (0%)     
[2026-06-26T13:54:36.770-0300][33.997s][3772][8616 ][info][gc,phases   ] GC(41) Y: Young Generation 1144M(37%)->1118M(36%) 0.133s
[2026-06-26T13:54:36.770-0300][33.997s][3772][8616 ][info][gc,phases   ] GC(41) O: Old Generation
[2026-06-26T13:54:36.987-0300][34.214s][3772][6460 ][info][gc          ] GC(42) Minor Collection (Allocation Rate)
[2026-06-26T13:54:36.987-0300][34.214s][3772][6460 ][info][gc,task     ] GC(42) Using 2 Workers for Young Generation
[2026-06-26T13:54:36.987-0300][34.214s][3772][6460 ][info][gc,phases   ] GC(42) y: Young Generation
[2026-06-26T13:54:36.987-0300][34.214s][3772][1692 ][info][gc,phases   ] GC(42) y: Pause Mark Start 0.012ms
[2026-06-26T13:54:37.119-0300][34.345s][3772][6460 ][info][gc,phases   ] GC(42) y: Concurrent Mark 130.844ms
[2026-06-26T13:54:37.119-0300][34.346s][3772][1692 ][info][gc,phases   ] GC(42) y: Pause Mark End 0.014ms
[2026-06-26T13:54:37.119-0300][34.346s][3772][6460 ][info][gc,phases   ] GC(42) y: Concurrent Mark Free 0.006ms
[2026-06-26T13:54:37.119-0300][34.346s][3772][6460 ][info][gc,phases   ] GC(42) y: Concurrent Reset Relocation Set 0.037ms
[2026-06-26T13:54:37.119-0300][34.346s][3772][6460 ][info][gc,reloc    ] GC(42) y: Using tenuring threshold: 2 (Computed)
[2026-06-26T13:54:37.126-0300][34.354s][3772][6460 ][info][gc,phases   ] GC(42) y: Concurrent Select Relocation Set 7.866ms
[2026-06-26T13:54:37.126-0300][34.354s][3772][1692 ][info][gc,phases   ] GC(42) y: Pause Relocate Start 0.010ms
[2026-06-26T13:54:37.145-0300][34.372s][3772][6460 ][info][gc,phases   ] GC(42) y: Concurrent Relocate 18.501ms
[2026-06-26T13:54:37.145-0300][34.372s][3772][6460 ][info][gc,alloc    ] GC(42) y:                         Mark Start        Mark End      Relocate Start    Relocate End   
[2026-06-26T13:54:37.145-0300][34.372s][3772][6460 ][info][gc,alloc    ] GC(42) y: Allocation Stalls:          0                0                0                0         
[2026-06-26T13:54:37.145-0300][34.372s][3772][6460 ][info][gc,load     ] GC(42) y: Load: 0.00 (0%) / 0.00 (0%) / 0.00 (0%)
[2026-06-26T13:54:37.145-0300][34.372s][3772][6460 ][info][gc,mmu      ] GC(42) y: MMU: 2ms/97.1%, 5ms/98.8%, 10ms/99.4%, 20ms/99.6%, 50ms/99.8%, 100ms/99.9%
[2026-06-26T13:54:37.145-0300][34.372s][3772][6460 ][info][gc,marking  ] GC(42) y: Mark: 2 stripe(s), 2 proactive flush(es), 1 terminate flush(es), 0 completion(s), 0 continuation(s) 
[2026-06-26T13:54:37.145-0300][34.372s][3772][6460 ][info][gc,nmethod  ] GC(42) y: NMethods: 10728 registered, 299 unregistered
[2026-06-26T13:54:37.145-0300][34.372s][3772][6460 ][info][gc,metaspace] GC(42) y: Metaspace: 63M used, 65M committed, 1088M reserved
[2026-06-26T13:54:37.145-0300][34.372s][3772][6460 ][info][gc,reloc    ] GC(42) y:                        Candidates     Selected     In-Place         Size        Empty    Relocated 
[2026-06-26T13:54:37.145-0300][34.372s][3772][6460 ][info][gc,reloc    ] GC(42) y: Small Pages:                   78           26            0         156M           2M           8M 
[2026-06-26T13:54:37.145-0300][34.372s][3772][6460 ][info][gc,reloc    ] GC(42) y: Medium Pages:                   0            0            0           0M           0M           0M 
[2026-06-26T13:54:37.145-0300][34.372s][3772][6460 ][info][gc,reloc    ] GC(42) y: Large Pages:                    0            0            0           0M           0M           0M 
[2026-06-26T13:54:37.145-0300][34.372s][3772][6460 ][info][gc,reloc    ] GC(42) y: Forwarding Usage: 6M
[2026-06-26T13:54:37.145-0300][34.372s][3772][6460 ][info][gc,reloc    ] GC(42) y: Age Table:
[2026-06-26T13:54:37.145-0300][34.372s][3772][6460 ][info][gc,reloc    ] GC(42) y:                    Live             Garbage             Small              Medium             Large        
[2026-06-26T13:54:37.145-0300][34.372s][3772][6460 ][info][gc,reloc    ] GC(42) y: Eden              60M (2%)           51M (2%)          56 / 23             0 / 0              0 / 0        
[2026-06-26T13:54:37.145-0300][34.372s][3772][6460 ][info][gc,reloc    ] GC(42) y: Survivor 1        17M (1%)            4M (0%)          11 / 1              0 / 0              0 / 0        
[2026-06-26T13:54:37.145-0300][34.372s][3772][6460 ][info][gc,reloc    ] GC(42) y: Survivor 2        16M (1%)            5M (0%)          11 / 2              0 / 0              0 / 0        
[2026-06-26T13:54:37.145-0300][34.373s][3772][6460 ][info][gc,heap     ] GC(42) y: Min Capacity: 8M(0%)
[2026-06-26T13:54:37.145-0300][34.373s][3772][6460 ][info][gc,heap     ] GC(42) y: Max Capacity: 3072M(100%)
[2026-06-26T13:54:37.145-0300][34.373s][3772][6460 ][info][gc,heap     ] GC(42) y: Soft Max Capacity: 3072M(100%)
[2026-06-26T13:54:37.145-0300][34.373s][3772][6460 ][info][gc,heap     ] GC(42) y: Heap Statistics:
[2026-06-26T13:54:37.145-0300][34.373s][3772][6460 ][info][gc,heap     ] GC(42) y:                Mark Start          Mark End        Relocate Start      Relocate End           High               Low         
[2026-06-26T13:54:37.145-0300][34.373s][3772][6460 ][info][gc,heap     ] GC(42) y:  Capacity:     3072M (100%)       3072M (100%)       3072M (100%)       3072M (100%)       3072M (100%)       3072M (100%)   
[2026-06-26T13:54:37.145-0300][34.373s][3772][6460 ][info][gc,heap     ] GC(42) y:      Free:     1864M (61%)        1818M (59%)        1818M (59%)        1862M (61%)        1864M (61%)        1814M (59%)    
[2026-06-26T13:54:37.145-0300][34.373s][3772][6460 ][info][gc,heap     ] GC(42) y:      Used:     1208M (39%)        1254M (41%)        1254M (41%)        1210M (39%)        1258M (41%)        1208M (39%)    
[2026-06-26T13:54:37.145-0300][34.373s][3772][6460 ][info][gc,heap     ] GC(42) y: Young Generation Statistics:
[2026-06-26T13:54:37.145-0300][34.373s][3772][6460 ][info][gc,heap     ] GC(42) y:                Mark Start          Mark End        Relocate Start      Relocate End    
[2026-06-26T13:54:37.145-0300][34.373s][3772][6460 ][info][gc,heap     ] GC(42) y:      Used:      156M (5%)          202M (7%)          186M (6%)          136M (4%)     
[2026-06-26T13:54:37.145-0300][34.373s][3772][6460 ][info][gc,heap     ] GC(42) y:      Live:         -                94M (3%)           79M (3%)           78M (3%)     
[2026-06-26T13:54:37.145-0300][34.373s][3772][6460 ][info][gc,heap     ] GC(42) y:   Garbage:         -                61M (2%)           58M (2%)            4M (0%)     
[2026-06-26T13:54:37.145-0300][34.373s][3772][6460 ][info][gc,heap     ] GC(42) y: Allocated:         -                46M (1%)           48M (2%)           53M (2%)     
[2026-06-26T13:54:37.145-0300][34.373s][3772][6460 ][info][gc,heap     ] GC(42) y: Reclaimed:         -                  -                 2M (0%)           56M (2%)     
[2026-06-26T13:54:37.145-0300][34.373s][3772][6460 ][info][gc,heap     ] GC(42) y:  Promoted:         -                  -                15M (1%)           16M (1%)     
[2026-06-26T13:54:37.145-0300][34.373s][3772][6460 ][info][gc,heap     ] GC(42) y: Compacted:         -                  -                  -                10M (0%)     
[2026-06-26T13:54:37.145-0300][34.373s][3772][6460 ][info][gc,phases   ] GC(42) y: Young Generation 1208M(39%)->1210M(39%) 0.158s
[2026-06-26T13:54:37.145-0300][34.373s][3772][6460 ][info][gc          ] GC(42) Minor Collection (Allocation Rate) 1208M(39%)->1210M(39%) 0.159s
[2026-06-26T13:54:37.188-0300][34.415s][3772][6460 ][info][gc          ] GC(43) Minor Collection (Allocation Rate)
[2026-06-26T13:54:37.188-0300][34.415s][3772][6460 ][info][gc,task     ] GC(43) Using 2 Workers for Young Generation
[2026-06-26T13:54:37.188-0300][34.415s][3772][6460 ][info][gc,phases   ] GC(43) y: Young Generation
[2026-06-26T13:54:37.188-0300][34.415s][3772][1692 ][info][gc,phases   ] GC(43) y: Pause Mark Start 0.012ms
[2026-06-26T13:54:37.304-0300][34.531s][3772][6460 ][info][gc,phases   ] GC(43) y: Concurrent Mark 116.245ms
[2026-06-26T13:54:37.304-0300][34.531s][3772][1692 ][info][gc,phases   ] GC(43) y: Pause Mark End 0.022ms
[2026-06-26T13:54:37.304-0300][34.531s][3772][6460 ][info][gc,phases   ] GC(43) y: Concurrent Mark Free 0.006ms
[2026-06-26T13:54:37.304-0300][34.531s][3772][6460 ][info][gc,phases   ] GC(43) y: Concurrent Reset Relocation Set 0.015ms
[2026-06-26T13:54:37.304-0300][34.531s][3772][6460 ][info][gc,reloc    ] GC(43) y: Using tenuring threshold: 2 (Computed)
[2026-06-26T13:54:37.313-0300][34.540s][3772][6460 ][info][gc,phases   ] GC(43) y: Concurrent Select Relocation Set 9.087ms
[2026-06-26T13:54:37.314-0300][34.541s][3772][1692 ][info][gc,phases   ] GC(43) y: Pause Relocate Start 0.013ms
[2026-06-26T13:54:37.346-0300][34.573s][3772][6460 ][info][gc,phases   ] GC(43) y: Concurrent Relocate 32.269ms
[2026-06-26T13:54:37.346-0300][34.573s][3772][6460 ][info][gc,alloc    ] GC(43) y:                         Mark Start        Mark End      Relocate Start    Relocate End   
[2026-06-26T13:54:37.346-0300][34.573s][3772][6460 ][info][gc,alloc    ] GC(43) y: Allocation Stalls:          0                0                0                0         
[2026-06-26T13:54:37.346-0300][34.573s][3772][6460 ][info][gc,load     ] GC(43) y: Load: 0.00 (0%) / 0.00 (0%) / 0.00 (0%)
[2026-06-26T13:54:37.346-0300][34.573s][3772][6460 ][info][gc,mmu      ] GC(43) y: MMU: 2ms/97.1%, 5ms/98.8%, 10ms/99.4%, 20ms/99.6%, 50ms/99.8%, 100ms/99.9%
[2026-06-26T13:54:37.346-0300][34.573s][3772][6460 ][info][gc,marking  ] GC(43) y: Mark: 2 stripe(s), 2 proactive flush(es), 1 terminate flush(es), 0 completion(s), 0 continuation(s) 
[2026-06-26T13:54:37.346-0300][34.573s][3772][6460 ][info][gc,nmethod  ] GC(43) y: NMethods: 10828 registered, 299 unregistered
[2026-06-26T13:54:37.346-0300][34.573s][3772][6460 ][info][gc,metaspace] GC(43) y: Metaspace: 63M used, 65M committed, 1088M reserved
[2026-06-26T13:54:37.346-0300][34.573s][3772][6460 ][info][gc,reloc    ] GC(43) y:                        Candidates     Selected     In-Place         Size        Empty    Relocated 
[2026-06-26T13:54:37.346-0300][34.573s][3772][6460 ][info][gc,reloc    ] GC(43) y: Small Pages:                   79           29            0         158M           0M          15M 
[2026-06-26T13:54:37.346-0300][34.573s][3772][6460 ][info][gc,reloc    ] GC(43) y: Medium Pages:                   0            0            0           0M           0M           0M 
[2026-06-26T13:54:37.346-0300][34.573s][3772][6460 ][info][gc,reloc    ] GC(43) y: Large Pages:                    0            0            0           0M           0M           0M 
[2026-06-26T13:54:37.346-0300][34.573s][3772][6460 ][info][gc,reloc    ] GC(43) y: Forwarding Usage: 15M
[2026-06-26T13:54:37.346-0300][34.573s][3772][6460 ][info][gc,reloc    ] GC(43) y: Age Table:
[2026-06-26T13:54:37.346-0300][34.573s][3772][6460 ][info][gc,reloc    ] GC(43) y:                    Live             Garbage             Small              Medium             Large        
[2026-06-26T13:54:37.347-0300][34.573s][3772][6460 ][info][gc,reloc    ] GC(43) y: Eden              29M (1%)           42M (1%)          36 / 19             0 / 0              0 / 0        
[2026-06-26T13:54:37.347-0300][34.573s][3772][6460 ][info][gc,reloc    ] GC(43) y: Survivor 1        43M (1%)           20M (1%)          32 / 9              0 / 0              0 / 0        
[2026-06-26T13:54:37.347-0300][34.573s][3772][6460 ][info][gc,reloc    ] GC(43) y: Survivor 2        17M (1%)            4M (0%)          11 / 1              0 / 0              0 / 0        
[2026-06-26T13:54:37.347-0300][34.573s][3772][6460 ][info][gc,heap     ] GC(43) y: Min Capacity: 8M(0%)
[2026-06-26T13:54:37.347-0300][34.573s][3772][6460 ][info][gc,heap     ] GC(43) y: Max Capacity: 3072M(100%)
[2026-06-26T13:54:37.347-0300][34.573s][3772][6460 ][info][gc,heap     ] GC(43) y: Soft Max Capacity: 3072M(100%)
[2026-06-26T13:54:37.347-0300][34.573s][3772][6460 ][info][gc,heap     ] GC(43) y: Heap Statistics:
[2026-06-26T13:54:37.347-0300][34.573s][3772][6460 ][info][gc,heap     ] GC(43) y:                Mark Start          Mark End        Relocate Start      Relocate End           High               Low         
[2026-06-26T13:54:37.347-0300][34.573s][3772][6460 ][info][gc,heap     ] GC(43) y:  Capacity:     3072M (100%)       3072M (100%)       3072M (100%)       3072M (100%)       3072M (100%)       3072M (100%)   
[2026-06-26T13:54:37.347-0300][34.573s][3772][6460 ][info][gc,heap     ] GC(43) y:      Free:     1840M (60%)        1802M (59%)        1800M (59%)        1848M (60%)        1852M (60%)        1796M (58%)    
[2026-06-26T13:54:37.347-0300][34.573s][3772][6460 ][info][gc,heap     ] GC(43) y:      Used:     1232M (40%)        1270M (41%)        1272M (41%)        1224M (40%)        1276M (42%)        1220M (40%)    
[2026-06-26T13:54:37.347-0300][34.573s][3772][6460 ][info][gc,heap     ] GC(43) y: Young Generation Statistics:
[2026-06-26T13:54:37.347-0300][34.573s][3772][6460 ][info][gc,heap     ] GC(43) y:                Mark Start          Mark End        Relocate Start      Relocate End    
[2026-06-26T13:54:37.347-0300][34.573s][3772][6460 ][info][gc,heap     ] GC(43) y:      Used:      158M (5%)          196M (6%)          180M (6%)          130M (4%)     
[2026-06-26T13:54:37.347-0300][34.573s][3772][6460 ][info][gc,heap     ] GC(43) y:      Live:         -                90M (3%)           73M (2%)           72M (2%)     
[2026-06-26T13:54:37.347-0300][34.573s][3772][6460 ][info][gc,heap     ] GC(43) y:   Garbage:         -                67M (2%)           66M (2%)            3M (0%)     
[2026-06-26T13:54:37.347-0300][34.573s][3772][6460 ][info][gc,heap     ] GC(43) y: Allocated:         -                38M (1%)           40M (1%)           53M (2%)     
[2026-06-26T13:54:37.347-0300][34.573s][3772][6460 ][info][gc,heap     ] GC(43) y: Reclaimed:         -                  -                 1M (0%)           64M (2%)     
[2026-06-26T13:54:37.347-0300][34.573s][3772][6460 ][info][gc,heap     ] GC(43) y:  Promoted:         -                  -                16M (1%)           17M (1%)     
[2026-06-26T13:54:37.347-0300][34.573s][3772][6460 ][info][gc,heap     ] GC(43) y: Compacted:         -                  -                  -                28M (1%)     
[2026-06-26T13:54:37.347-0300][34.573s][3772][6460 ][info][gc,phases   ] GC(43) y: Young Generation 1232M(40%)->1224M(40%) 0.158s
[2026-06-26T13:54:37.347-0300][34.573s][3772][6460 ][info][gc          ] GC(43) Minor Collection (Allocation Rate) 1232M(40%)->1224M(40%) 0.159s
[2026-06-26T13:54:37.457-0300][34.683s][3772][6460 ][info][gc          ] GC(44) Minor Collection (Allocation Rate)
[2026-06-26T13:54:37.457-0300][34.683s][3772][6460 ][info][gc,task     ] GC(44) Using 2 Workers for Young Generation
[2026-06-26T13:54:37.457-0300][34.683s][3772][6460 ][info][gc,phases   ] GC(44) y: Young Generation
[2026-06-26T13:54:37.457-0300][34.683s][3772][1692 ][info][gc,phases   ] GC(44) y: Pause Mark Start 0.012ms
[2026-06-26T13:54:37.609-0300][34.836s][3772][6460 ][info][gc,phases   ] GC(44) y: Concurrent Mark 152.076ms
[2026-06-26T13:54:37.609-0300][34.836s][3772][1692 ][info][gc,phases   ] GC(44) y: Pause Mark End 0.014ms
[2026-06-26T13:54:37.609-0300][34.836s][3772][6460 ][info][gc,phases   ] GC(44) y: Concurrent Mark Free 0.006ms
[2026-06-26T13:54:37.609-0300][34.836s][3772][6460 ][info][gc,phases   ] GC(44) y: Concurrent Reset Relocation Set 0.025ms
[2026-06-26T13:54:37.609-0300][34.836s][3772][6460 ][info][gc,reloc    ] GC(44) y: Using tenuring threshold: 1 (Computed)
[2026-06-26T13:54:37.631-0300][34.858s][3772][6460 ][info][gc,phases   ] GC(44) y: Concurrent Select Relocation Set 22.616ms
[2026-06-26T13:54:37.631-0300][34.859s][3772][1692 ][info][gc,phases   ] GC(44) y: Pause Relocate Start 0.012ms
[2026-06-26T13:54:37.683-0300][34.909s][3772][6460 ][info][gc,phases   ] GC(44) y: Concurrent Relocate 50.743ms
[2026-06-26T13:54:37.683-0300][34.909s][3772][6460 ][info][gc,alloc    ] GC(44) y:                         Mark Start        Mark End      Relocate Start    Relocate End   
[2026-06-26T13:54:37.683-0300][34.909s][3772][6460 ][info][gc,alloc    ] GC(44) y: Allocation Stalls:          0                0                0                0         
[2026-06-26T13:54:37.683-0300][34.909s][3772][6460 ][info][gc,load     ] GC(44) y: Load: 0.00 (0%) / 0.00 (0%) / 0.00 (0%)
[2026-06-26T13:54:37.683-0300][34.909s][3772][6460 ][info][gc,mmu      ] GC(44) y: MMU: 2ms/97.1%, 5ms/98.8%, 10ms/99.4%, 20ms/99.6%, 50ms/99.8%, 100ms/99.9%
[2026-06-26T13:54:37.683-0300][34.909s][3772][6460 ][info][gc,marking  ] GC(44) y: Mark: 2 stripe(s), 3 proactive flush(es), 1 terminate flush(es), 0 completion(s), 0 continuation(s) 
[2026-06-26T13:54:37.683-0300][34.909s][3772][6460 ][info][gc,nmethod  ] GC(44) y: NMethods: 10900 registered, 299 unregistered
[2026-06-26T13:54:37.683-0300][34.909s][3772][6460 ][info][gc,metaspace] GC(44) y: Metaspace: 64M used, 65M committed, 1088M reserved
[2026-06-26T13:54:37.683-0300][34.909s][3772][6460 ][info][gc,reloc    ] GC(44) y:                        Candidates     Selected     In-Place         Size        Empty    Relocated 
[2026-06-26T13:54:37.683-0300][34.909s][3772][6460 ][info][gc,reloc    ] GC(44) y: Small Pages:                   78           32            0         156M           0M          14M 
[2026-06-26T13:54:37.683-0300][34.910s][3772][6460 ][info][gc,reloc    ] GC(44) y: Medium Pages:                   0            0            0           0M           0M           0M 
[2026-06-26T13:54:37.683-0300][34.910s][3772][6460 ][info][gc,reloc    ] GC(44) y: Large Pages:                    0            0            0           0M           0M           0M 
[2026-06-26T13:54:37.683-0300][34.910s][3772][6460 ][info][gc,reloc    ] GC(44) y: Forwarding Usage: 12M
[2026-06-26T13:54:37.683-0300][34.910s][3772][6460 ][info][gc,reloc    ] GC(44) y: Age Table:
[2026-06-26T13:54:37.683-0300][34.910s][3772][6460 ][info][gc,reloc    ] GC(44) y:                    Live             Garbage             Small              Medium             Large        
[2026-06-26T13:54:37.683-0300][34.910s][3772][6460 ][info][gc,reloc    ] GC(44) y: Eden              23M (1%)           50M (2%)          37 / 23             0 / 0              0 / 0        
[2026-06-26T13:54:37.683-0300][34.910s][3772][6460 ][info][gc,reloc    ] GC(44) y: Survivor 1        27M (1%)            6M (0%)          17 / 3              0 / 0              0 / 0        
[2026-06-26T13:54:37.683-0300][34.910s][3772][6460 ][info][gc,reloc    ] GC(44) y: Survivor 2        33M (1%)           14M (0%)          24 / 6              0 / 0              0 / 0        
[2026-06-26T13:54:37.683-0300][34.910s][3772][6460 ][info][gc,heap     ] GC(44) y: Min Capacity: 8M(0%)
[2026-06-26T13:54:37.683-0300][34.910s][3772][6460 ][info][gc,heap     ] GC(44) y: Max Capacity: 3072M(100%)
[2026-06-26T13:54:37.683-0300][34.910s][3772][6460 ][info][gc,heap     ] GC(44) y: Soft Max Capacity: 3072M(100%)
[2026-06-26T13:54:37.683-0300][34.910s][3772][6460 ][info][gc,heap     ] GC(44) y: Heap Statistics:
[2026-06-26T13:54:37.683-0300][34.910s][3772][6460 ][info][gc,heap     ] GC(44) y:                Mark Start          Mark End        Relocate Start      Relocate End           High               Low         
[2026-06-26T13:54:37.683-0300][34.910s][3772][6460 ][info][gc,heap     ] GC(44) y:  Capacity:     3072M (100%)       3072M (100%)       3072M (100%)       3072M (100%)       3072M (100%)       3072M (100%)   
[2026-06-26T13:54:37.683-0300][34.910s][3772][6460 ][info][gc,heap     ] GC(44) y:      Free:     1822M (59%)        1728M (56%)        1718M (56%)        1712M (56%)        1822M (59%)        1712M (56%)    
[2026-06-26T13:54:37.683-0300][34.910s][3772][6460 ][info][gc,heap     ] GC(44) y:      Used:     1250M (41%)        1344M (44%)        1354M (44%)        1360M (44%)        1360M (44%)        1250M (41%)    
[2026-06-26T13:54:37.683-0300][34.910s][3772][6460 ][info][gc,heap     ] GC(44) y: Young Generation Statistics:
[2026-06-26T13:54:37.683-0300][34.910s][3772][6460 ][info][gc,heap     ] GC(44) y:                Mark Start          Mark End        Relocate Start      Relocate End    
[2026-06-26T13:54:37.683-0300][34.910s][3772][6460 ][info][gc,heap     ] GC(44) y:      Used:      156M (5%)          250M (8%)          208M (7%)          200M (7%)     
[2026-06-26T13:54:37.683-0300][34.910s][3772][6460 ][info][gc,heap     ] GC(44) y:      Live:         -                84M (3%)           36M (1%)           23M (1%)     
[2026-06-26T13:54:37.683-0300][34.910s][3772][6460 ][info][gc,heap     ] GC(44) y:   Garbage:         -                71M (2%)           67M (2%)            0M (0%)     
[2026-06-26T13:54:37.683-0300][34.910s][3772][6460 ][info][gc,heap     ] GC(44) y: Allocated:         -                94M (3%)          104M (3%)          175M (6%)     
[2026-06-26T13:54:37.683-0300][34.910s][3772][6460 ][info][gc,heap     ] GC(44) y: Reclaimed:         -                  -                 3M (0%)           71M (2%)     
[2026-06-26T13:54:37.683-0300][34.910s][3772][6460 ][info][gc,heap     ] GC(44) y:  Promoted:         -                  -                48M (2%)           60M (2%)     
[2026-06-26T13:54:37.683-0300][34.910s][3772][6460 ][info][gc,heap     ] GC(44) y: Compacted:         -                  -                  -                12M (0%)     
[2026-06-26T13:54:37.683-0300][34.910s][3772][6460 ][info][gc,phases   ] GC(44) y: Young Generation 1250M(41%)->1360M(44%) 0.226s
[2026-06-26T13:54:37.683-0300][34.910s][3772][6460 ][info][gc          ] GC(44) Minor Collection (Allocation Rate) 1250M(41%)->1360M(44%) 0.227s
[2026-06-26T13:54:37.683-0300][34.910s][3772][6460 ][info][gc          ] GC(45) Minor Collection (Allocation Rate)
[2026-06-26T13:54:37.683-0300][34.910s][3772][6460 ][info][gc,task     ] GC(45) Using 2 Workers for Young Generation
[2026-06-26T13:54:37.683-0300][34.910s][3772][6460 ][info][gc,phases   ] GC(45) y: Young Generation
[2026-06-26T13:54:37.683-0300][34.910s][3772][1692 ][info][gc,phases   ] GC(45) y: Pause Mark Start 0.011ms
[2026-06-26T13:54:37.779-0300][35.006s][3772][6460 ][info][gc,phases   ] GC(45) y: Concurrent Mark 95.609ms
[2026-06-26T13:54:37.779-0300][35.006s][3772][1692 ][info][gc,phases   ] GC(45) y: Pause Mark End 0.013ms
[2026-06-26T13:54:37.779-0300][35.006s][3772][6460 ][info][gc,phases   ] GC(45) y: Concurrent Mark Free 0.007ms
[2026-06-26T13:54:37.779-0300][35.006s][3772][6460 ][info][gc,phases   ] GC(45) y: Concurrent Reset Relocation Set 0.039ms
[2026-06-26T13:54:37.779-0300][35.006s][3772][6460 ][info][gc,reloc    ] GC(45) y: Using tenuring threshold: 1 (Computed)
[2026-06-26T13:54:37.789-0300][35.016s][3772][6460 ][info][gc,phases   ] GC(45) y: Concurrent Select Relocation Set 9.718ms
[2026-06-26T13:54:37.789-0300][35.016s][3772][1692 ][info][gc,phases   ] GC(45) y: Pause Relocate Start 0.026ms
[2026-06-26T13:54:37.814-0300][35.041s][3772][6460 ][info][gc,phases   ] GC(45) y: Concurrent Relocate 24.500ms
[2026-06-26T13:54:37.814-0300][35.041s][3772][6460 ][info][gc,alloc    ] GC(45) y:                         Mark Start        Mark End      Relocate Start    Relocate End   
[2026-06-26T13:54:37.814-0300][35.041s][3772][6460 ][info][gc,alloc    ] GC(45) y: Allocation Stalls:          0                0                0                0         
[2026-06-26T13:54:37.814-0300][35.041s][3772][6460 ][info][gc,load     ] GC(45) y: Load: 0.00 (0%) / 0.00 (0%) / 0.00 (0%)
[2026-06-26T13:54:37.814-0300][35.041s][3772][6460 ][info][gc,mmu      ] GC(45) y: MMU: 2ms/97.1%, 5ms/98.8%, 10ms/99.4%, 20ms/99.6%, 50ms/99.8%, 100ms/99.9%
[2026-06-26T13:54:37.814-0300][35.041s][3772][6460 ][info][gc,marking  ] GC(45) y: Mark: 2 stripe(s), 2 proactive flush(es), 1 terminate flush(es), 0 completion(s), 0 continuation(s) 
[2026-06-26T13:54:37.814-0300][35.041s][3772][6460 ][info][gc,nmethod  ] GC(45) y: NMethods: 10907 registered, 299 unregistered
[2026-06-26T13:54:37.814-0300][35.041s][3772][6460 ][info][gc,metaspace] GC(45) y: Metaspace: 64M used, 65M committed, 1088M reserved
[2026-06-26T13:54:37.814-0300][35.041s][3772][6460 ][info][gc,reloc    ] GC(45) y:                        Candidates     Selected     In-Place         Size        Empty    Relocated 
[2026-06-26T13:54:37.814-0300][35.041s][3772][6460 ][info][gc,reloc    ] GC(45) y: Small Pages:                   84           20            0         168M          78M           5M 
[2026-06-26T13:54:37.814-0300][35.041s][3772][6460 ][info][gc,reloc    ] GC(45) y: Medium Pages:                   1            0            0          32M           0M           0M 
[2026-06-26T13:54:37.814-0300][35.041s][3772][6460 ][info][gc,reloc    ] GC(45) y: Large Pages:                    0            0            0           0M           0M           0M 
[2026-06-26T13:54:37.814-0300][35.041s][3772][6460 ][info][gc,reloc    ] GC(45) y: Forwarding Usage: 4M
[2026-06-26T13:54:37.814-0300][35.041s][3772][6460 ][info][gc,reloc    ] GC(45) y: Age Table:
[2026-06-26T13:54:37.814-0300][35.041s][3772][6460 ][info][gc,reloc    ] GC(45) y:                    Live             Garbage             Small              Medium             Large        
[2026-06-26T13:54:37.814-0300][35.041s][3772][6460 ][info][gc,reloc    ] GC(45) y: Eden              23M (1%)          146M (5%)          69 / 17             1 / 0              0 / 0        
[2026-06-26T13:54:37.814-0300][35.041s][3772][6460 ][info][gc,reloc    ] GC(45) y: Survivor 1        23M (1%)            6M (0%)          15 / 3              0 / 0              0 / 0        
[2026-06-26T13:54:37.814-0300][35.041s][3772][6460 ][info][gc,heap     ] GC(45) y: Min Capacity: 8M(0%)
[2026-06-26T13:54:37.814-0300][35.041s][3772][6460 ][info][gc,heap     ] GC(45) y: Max Capacity: 3072M(100%)
[2026-06-26T13:54:37.814-0300][35.041s][3772][6460 ][info][gc,heap     ] GC(45) y: Soft Max Capacity: 3072M(100%)
[2026-06-26T13:54:37.814-0300][35.041s][3772][6460 ][info][gc,heap     ] GC(45) y: Heap Statistics:
[2026-06-26T13:54:37.814-0300][35.041s][3772][6460 ][info][gc,heap     ] GC(45) y:                Mark Start          Mark End        Relocate Start      Relocate End           High               Low         
[2026-06-26T13:54:37.814-0300][35.041s][3772][6460 ][info][gc,heap     ] GC(45) y:  Capacity:     3072M (100%)       3072M (100%)       3072M (100%)       3072M (100%)       3072M (100%)       3072M (100%)   
[2026-06-26T13:54:37.814-0300][35.041s][3772][6460 ][info][gc,heap     ] GC(45) y:      Free:     1712M (56%)        1640M (53%)        1714M (56%)        1742M (57%)        1746M (57%)        1640M (53%)    
[2026-06-26T13:54:37.814-0300][35.041s][3772][6460 ][info][gc,heap     ] GC(45) y:      Used:     1360M (44%)        1432M (47%)        1358M (44%)        1330M (43%)        1432M (47%)        1326M (43%)    
[2026-06-26T13:54:37.814-0300][35.041s][3772][6460 ][info][gc,heap     ] GC(45) y: Young Generation Statistics:
[2026-06-26T13:54:37.814-0300][35.041s][3772][6460 ][info][gc,heap     ] GC(45) y:                Mark Start          Mark End        Relocate Start      Relocate End    
[2026-06-26T13:54:37.814-0300][35.041s][3772][6460 ][info][gc,heap     ] GC(45) y:      Used:      200M (7%)          272M (9%)          174M (6%)          142M (5%)     
[2026-06-26T13:54:37.814-0300][35.041s][3772][6460 ][info][gc,heap     ] GC(45) y:      Live:         -                46M (2%)           23M (1%)           23M (1%)     
[2026-06-26T13:54:37.814-0300][35.041s][3772][6460 ][info][gc,heap     ] GC(45) y:   Garbage:         -               153M (5%)           74M (2%)           32M (1%)     
[2026-06-26T13:54:37.814-0300][35.041s][3772][6460 ][info][gc,heap     ] GC(45) y: Allocated:         -                72M (2%)           76M (2%)           86M (3%)     
[2026-06-26T13:54:37.814-0300][35.041s][3772][6460 ][info][gc,heap     ] GC(45) y: Reclaimed:         -                  -                78M (3%)          120M (4%)     
[2026-06-26T13:54:37.814-0300][35.041s][3772][6460 ][info][gc,heap     ] GC(45) y:  Promoted:         -                  -                23M (1%)           23M (1%)     
[2026-06-26T13:54:37.814-0300][35.041s][3772][6460 ][info][gc,heap     ] GC(45) y: Compacted:         -                  -                  -                 7M (0%)     
[2026-06-26T13:54:37.814-0300][35.041s][3772][6460 ][info][gc,phases   ] GC(45) y: Young Generation 1360M(44%)->1330M(43%) 0.131s
[2026-06-26T13:54:37.814-0300][35.041s][3772][6460 ][info][gc          ] GC(45) Minor Collection (Allocation Rate) 1360M(44%)->1330M(43%) 0.131s
[2026-06-26T13:54:37.894-0300][35.120s][3772][6460 ][info][gc          ] GC(46) Minor Collection (Allocation Rate)
[2026-06-26T13:54:37.894-0300][35.120s][3772][6460 ][info][gc,task     ] GC(46) Using 2 Workers for Young Generation
[2026-06-26T13:54:37.894-0300][35.120s][3772][6460 ][info][gc,phases   ] GC(46) y: Young Generation
[2026-06-26T13:54:37.894-0300][35.121s][3772][1692 ][info][gc,phases   ] GC(46) y: Pause Mark Start 0.012ms
[2026-06-26T13:54:37.940-0300][35.167s][3772][6460 ][info][gc,phases   ] GC(46) y: Concurrent Mark 46.592ms
[2026-06-26T13:54:37.941-0300][35.167s][3772][1692 ][info][gc,phases   ] GC(46) y: Pause Mark End 0.013ms
[2026-06-26T13:54:37.941-0300][35.167s][3772][6460 ][info][gc,phases   ] GC(46) y: Concurrent Mark Free 0.005ms
[2026-06-26T13:54:37.941-0300][35.167s][3772][6460 ][info][gc,phases   ] GC(46) y: Concurrent Reset Relocation Set 0.042ms
[2026-06-26T13:54:37.941-0300][35.168s][3772][6460 ][info][gc,reloc    ] GC(46) y: Using tenuring threshold: 2 (Computed)
[2026-06-26T13:54:37.942-0300][35.169s][3772][6460 ][info][gc,phases   ] GC(46) y: Concurrent Select Relocation Set 1.710ms
[2026-06-26T13:54:37.943-0300][35.169s][3772][1692 ][info][gc,phases   ] GC(46) y: Pause Relocate Start 0.010ms
[2026-06-26T13:54:37.949-0300][35.176s][3772][6460 ][info][gc,phases   ] GC(46) y: Concurrent Relocate 6.848ms
[2026-06-26T13:54:37.949-0300][35.176s][3772][6460 ][info][gc,alloc    ] GC(46) y:                         Mark Start        Mark End      Relocate Start    Relocate End   
[2026-06-26T13:54:37.950-0300][35.176s][3772][6460 ][info][gc,alloc    ] GC(46) y: Allocation Stalls:          0                0                0                0         
[2026-06-26T13:54:37.950-0300][35.176s][3772][6460 ][info][gc,load     ] GC(46) y: Load: 0.00 (0%) / 0.00 (0%) / 0.00 (0%)
[2026-06-26T13:54:37.950-0300][35.176s][3772][6460 ][info][gc,mmu      ] GC(46) y: MMU: 2ms/97.1%, 5ms/98.8%, 10ms/99.4%, 20ms/99.6%, 50ms/99.8%, 100ms/99.9%
[2026-06-26T13:54:37.950-0300][35.176s][3772][6460 ][info][gc,marking  ] GC(46) y: Mark: 2 stripe(s), 2 proactive flush(es), 1 terminate flush(es), 0 completion(s), 0 continuation(s) 
[2026-06-26T13:54:37.950-0300][35.176s][3772][6460 ][info][gc,nmethod  ] GC(46) y: NMethods: 10910 registered, 299 unregistered
[2026-06-26T13:54:37.950-0300][35.176s][3772][6460 ][info][gc,metaspace] GC(46) y: Metaspace: 64M used, 65M committed, 1088M reserved
[2026-06-26T13:54:37.950-0300][35.176s][3772][6460 ][info][gc,reloc    ] GC(46) y:                        Candidates     Selected     In-Place         Size        Empty    Relocated 
[2026-06-26T13:54:37.950-0300][35.176s][3772][6460 ][info][gc,reloc    ] GC(46) y: Small Pages:                   62           15            0         124M          60M           5M 
[2026-06-26T13:54:37.950-0300][35.176s][3772][6460 ][info][gc,reloc    ] GC(46) y: Medium Pages:                   1            0            0          32M           0M           0M 
[2026-06-26T13:54:37.950-0300][35.176s][3772][6460 ][info][gc,reloc    ] GC(46) y: Large Pages:                    0            0            0           0M           0M           0M 
[2026-06-26T13:54:37.950-0300][35.176s][3772][6460 ][info][gc,reloc    ] GC(46) y: Forwarding Usage: 5M
[2026-06-26T13:54:37.950-0300][35.176s][3772][6460 ][info][gc,reloc    ] GC(46) y: Age Table:
[2026-06-26T13:54:37.950-0300][35.177s][3772][6460 ][info][gc,reloc    ] GC(46) y:                    Live             Garbage             Small              Medium             Large        
[2026-06-26T13:54:37.950-0300][35.177s][3772][6460 ][info][gc,reloc    ] GC(46) y: Eden               8M (0%)           89M (3%)          49 / 15             0 / 0              0 / 0        
[2026-06-26T13:54:37.950-0300][35.177s][3772][6460 ][info][gc,reloc    ] GC(46) y: Survivor 1        22M (1%)           35M (1%)          13 / 0              1 / 0              0 / 0        
[2026-06-26T13:54:37.950-0300][35.177s][3772][6460 ][info][gc,heap     ] GC(46) y: Min Capacity: 8M(0%)
[2026-06-26T13:54:37.950-0300][35.177s][3772][6460 ][info][gc,heap     ] GC(46) y: Max Capacity: 3072M(100%)
[2026-06-26T13:54:37.950-0300][35.177s][3772][6460 ][info][gc,heap     ] GC(46) y: Soft Max Capacity: 3072M(100%)
[2026-06-26T13:54:37.950-0300][35.177s][3772][6460 ][info][gc,heap     ] GC(46) y: Heap Statistics:
[2026-06-26T13:54:37.950-0300][35.177s][3772][6460 ][info][gc,heap     ] GC(46) y:                Mark Start          Mark End        Relocate Start      Relocate End           High               Low         
[2026-06-26T13:54:37.950-0300][35.177s][3772][6460 ][info][gc,heap     ] GC(46) y:  Capacity:     3072M (100%)       3072M (100%)       3072M (100%)       3072M (100%)       3072M (100%)       3072M (100%)   
[2026-06-26T13:54:37.950-0300][35.177s][3772][6460 ][info][gc,heap     ] GC(46) y:      Free:     1728M (56%)        1712M (56%)        1772M (58%)        1794M (58%)        1794M (58%)        1712M (56%)    
[2026-06-26T13:54:37.950-0300][35.177s][3772][6460 ][info][gc,heap     ] GC(46) y:      Used:     1344M (44%)        1360M (44%)        1300M (42%)        1278M (42%)        1360M (44%)        1278M (42%)    
[2026-06-26T13:54:37.950-0300][35.177s][3772][6460 ][info][gc,heap     ] GC(46) y: Young Generation Statistics:
[2026-06-26T13:54:37.950-0300][35.177s][3772][6460 ][info][gc,heap     ] GC(46) y:                Mark Start          Mark End        Relocate Start      Relocate End    
[2026-06-26T13:54:37.950-0300][35.177s][3772][6460 ][info][gc,heap     ] GC(46) y:      Used:      156M (5%)          172M (6%)          112M (4%)           90M (3%)     
[2026-06-26T13:54:37.950-0300][35.177s][3772][6460 ][info][gc,heap     ] GC(46) y:      Live:         -                31M (1%)           31M (1%)           31M (1%)     
[2026-06-26T13:54:37.950-0300][35.177s][3772][6460 ][info][gc,heap     ] GC(46) y:   Garbage:         -               124M (4%)           64M (2%)           33M (1%)     
[2026-06-26T13:54:37.950-0300][35.177s][3772][6460 ][info][gc,heap     ] GC(46) y: Allocated:         -                16M (1%)           16M (1%)           25M (1%)     
[2026-06-26T13:54:37.950-0300][35.177s][3772][6460 ][info][gc,heap     ] GC(46) y: Reclaimed:         -                  -                60M (2%)           91M (3%)     
[2026-06-26T13:54:37.950-0300][35.177s][3772][6460 ][info][gc,heap     ] GC(46) y:  Promoted:         -                  -                 0M (0%)            0M (0%)     
[2026-06-26T13:54:37.950-0300][35.177s][3772][6460 ][info][gc,heap     ] GC(46) y: Compacted:         -                  -                  -                 8M (0%)     
[2026-06-26T13:54:37.950-0300][35.177s][3772][6460 ][info][gc,phases   ] GC(46) y: Young Generation 1344M(44%)->1278M(42%) 0.056s
[2026-06-26T13:54:37.950-0300][35.177s][3772][6460 ][info][gc          ] GC(46) Minor Collection (Allocation Rate) 1344M(44%)->1278M(42%) 0.056s
[2026-06-26T13:54:38.315-0300][35.541s][3772][6460 ][info][gc          ] GC(47) Minor Collection (Allocation Rate)
[2026-06-26T13:54:38.315-0300][35.541s][3772][6460 ][info][gc,task     ] GC(47) Using 2 Workers for Young Generation
[2026-06-26T13:54:38.315-0300][35.542s][3772][6460 ][info][gc,phases   ] GC(47) y: Young Generation
[2026-06-26T13:54:38.315-0300][35.542s][3772][1692 ][info][gc,phases   ] GC(47) y: Pause Mark Start 0.011ms
[2026-06-26T13:54:38.373-0300][35.599s][3772][6460 ][info][gc,phases   ] GC(47) y: Concurrent Mark 57.749ms
[2026-06-26T13:54:38.373-0300][35.600s][3772][1692 ][info][gc,phases   ] GC(47) y: Pause Mark End 0.014ms
[2026-06-26T13:54:38.373-0300][35.600s][3772][6460 ][info][gc,phases   ] GC(47) y: Concurrent Mark Free 0.002ms
[2026-06-26T13:54:38.373-0300][35.600s][3772][6460 ][info][gc,phases   ] GC(47) y: Concurrent Reset Relocation Set 0.002ms
[2026-06-26T13:54:38.373-0300][35.600s][3772][6460 ][info][gc,reloc    ] GC(47) y: Using tenuring threshold: 2 (Computed)
[2026-06-26T13:54:38.385-0300][35.612s][3772][6460 ][info][gc,phases   ] GC(47) y: Concurrent Select Relocation Set 12.620ms
[2026-06-26T13:54:38.385-0300][35.612s][3772][1692 ][info][gc,phases   ] GC(47) y: Pause Relocate Start 0.010ms
[2026-06-26T13:54:38.414-0300][35.641s][3772][6460 ][info][gc,phases   ] GC(47) y: Concurrent Relocate 28.396ms
[2026-06-26T13:54:38.414-0300][35.641s][3772][6460 ][info][gc,alloc    ] GC(47) y:                         Mark Start        Mark End      Relocate Start    Relocate End   
[2026-06-26T13:54:38.414-0300][35.641s][3772][6460 ][info][gc,alloc    ] GC(47) y: Allocation Stalls:          0                0                0                0         
[2026-06-26T13:54:38.414-0300][35.641s][3772][6460 ][info][gc,load     ] GC(47) y: Load: 0.00 (0%) / 0.00 (0%) / 0.00 (0%)
[2026-06-26T13:54:38.414-0300][35.641s][3772][6460 ][info][gc,mmu      ] GC(47) y: MMU: 2ms/97.1%, 5ms/98.8%, 10ms/99.4%, 20ms/99.6%, 50ms/99.8%, 100ms/99.9%
[2026-06-26T13:54:38.414-0300][35.641s][3772][6460 ][info][gc,marking  ] GC(47) y: Mark: 2 stripe(s), 2 proactive flush(es), 1 terminate flush(es), 0 completion(s), 0 continuation(s) 
[2026-06-26T13:54:38.414-0300][35.641s][3772][6460 ][info][gc,nmethod  ] GC(47) y: NMethods: 10916 registered, 299 unregistered
[2026-06-26T13:54:38.414-0300][35.641s][3772][6460 ][info][gc,metaspace] GC(47) y: Metaspace: 64M used, 65M committed, 1088M reserved
[2026-06-26T13:54:38.414-0300][35.641s][3772][6460 ][info][gc,reloc    ] GC(47) y:                        Candidates     Selected     In-Place         Size        Empty    Relocated 
[2026-06-26T13:54:38.414-0300][35.641s][3772][6460 ][info][gc,reloc    ] GC(47) y: Small Pages:                   61           32            0         122M          12M          10M 
[2026-06-26T13:54:38.414-0300][35.641s][3772][6460 ][info][gc,reloc    ] GC(47) y: Medium Pages:                   1            0            0          32M           0M           0M 
[2026-06-26T13:54:38.414-0300][35.641s][3772][6460 ][info][gc,reloc    ] GC(47) y: Large Pages:                    0            0            0           0M           0M           0M 
[2026-06-26T13:54:38.414-0300][35.641s][3772][6460 ][info][gc,reloc    ] GC(47) y: Forwarding Usage: 8M
[2026-06-26T13:54:38.414-0300][35.641s][3772][6460 ][info][gc,reloc    ] GC(47) y: Age Table:
[2026-06-26T13:54:38.414-0300][35.641s][3772][6460 ][info][gc,reloc    ] GC(47) y:                    Live             Garbage             Small              Medium             Large        
[2026-06-26T13:54:38.414-0300][35.641s][3772][6460 ][info][gc,reloc    ] GC(47) y: Eden              12M (0%)           71M (2%)          42 / 29             0 / 0              0 / 0        
[2026-06-26T13:54:38.414-0300][35.641s][3772][6460 ][info][gc,reloc    ] GC(47) y: Survivor 1         8M (0%)            3M (0%)           6 / 2              0 / 0              0 / 0        
[2026-06-26T13:54:38.414-0300][35.641s][3772][6460 ][info][gc,reloc    ] GC(47) y: Survivor 2        22M (1%)           35M (1%)          13 / 1              1 / 0              0 / 0        
[2026-06-26T13:54:38.414-0300][35.641s][3772][6460 ][info][gc,heap     ] GC(47) y: Min Capacity: 8M(0%)
[2026-06-26T13:54:38.414-0300][35.641s][3772][6460 ][info][gc,heap     ] GC(47) y: Max Capacity: 3072M(100%)
[2026-06-26T13:54:38.414-0300][35.641s][3772][6460 ][info][gc,heap     ] GC(47) y: Soft Max Capacity: 3072M(100%)
[2026-06-26T13:54:38.414-0300][35.641s][3772][6460 ][info][gc,heap     ] GC(47) y: Heap Statistics:
[2026-06-26T13:54:38.414-0300][35.641s][3772][6460 ][info][gc,heap     ] GC(47) y:                Mark Start          Mark End        Relocate Start      Relocate End           High               Low         
[2026-06-26T13:54:38.414-0300][35.641s][3772][6460 ][info][gc,heap     ] GC(47) y:  Capacity:     3072M (100%)       3072M (100%)       3072M (100%)       3072M (100%)       3072M (100%)       3072M (100%)   
[2026-06-26T13:54:38.414-0300][35.641s][3772][6460 ][info][gc,heap     ] GC(47) y:      Free:     1730M (56%)        1708M (56%)        1716M (56%)        1772M (58%)        1776M (58%)        1708M (56%)    
[2026-06-26T13:54:38.414-0300][35.641s][3772][6460 ][info][gc,heap     ] GC(47) y:      Used:     1342M (44%)        1364M (44%)        1356M (44%)        1300M (42%)        1364M (44%)        1296M (42%)    
[2026-06-26T13:54:38.414-0300][35.641s][3772][6460 ][info][gc,heap     ] GC(47) y: Young Generation Statistics:
[2026-06-26T13:54:38.414-0300][35.641s][3772][6460 ][info][gc,heap     ] GC(47) y:                Mark Start          Mark End        Relocate Start      Relocate End    
[2026-06-26T13:54:38.414-0300][35.641s][3772][6460 ][info][gc,heap     ] GC(47) y:      Used:      154M (5%)          176M (6%)          114M (4%)           54M (2%)     
[2026-06-26T13:54:38.414-0300][35.641s][3772][6460 ][info][gc,heap     ] GC(47) y:      Live:         -                43M (1%)           21M (1%)           20M (1%)     
[2026-06-26T13:54:38.414-0300][35.641s][3772][6460 ][info][gc,heap     ] GC(47) y:   Garbage:         -               110M (4%)           66M (2%)            0M (0%)     
[2026-06-26T13:54:38.414-0300][35.641s][3772][6460 ][info][gc,heap     ] GC(47) y: Allocated:         -                22M (1%)           26M (1%)           33M (1%)     
[2026-06-26T13:54:38.414-0300][35.641s][3772][6460 ][info][gc,heap     ] GC(47) y: Reclaimed:         -                  -                44M (1%)          110M (4%)     
[2026-06-26T13:54:38.414-0300][35.641s][3772][6460 ][info][gc,heap     ] GC(47) y:  Promoted:         -                  -                21M (1%)           22M (1%)     
[2026-06-26T13:54:38.414-0300][35.641s][3772][6460 ][info][gc,heap     ] GC(47) y: Compacted:         -                  -                  -                12M (0%)     
[2026-06-26T13:54:38.414-0300][35.641s][3772][6460 ][info][gc,phases   ] GC(47) y: Young Generation 1342M(44%)->1300M(42%) 0.099s
[2026-06-26T13:54:38.414-0300][35.641s][3772][6460 ][info][gc          ] GC(47) Minor Collection (Allocation Rate) 1342M(44%)->1300M(42%) 0.100s
[2026-06-26T13:54:38.523-0300][35.749s][3772][8616 ][info][gc,phases   ] GC(41) O: Concurrent Mark 1752.137ms
[2026-06-26T13:54:38.523-0300][35.749s][3772][1692 ][info][gc,phases   ] GC(41) O: Pause Mark End 0.015ms
[2026-06-26T13:54:38.523-0300][35.749s][3772][8616 ][info][gc,phases   ] GC(41) O: Concurrent Mark Free 0.004ms
[2026-06-26T13:54:38.553-0300][35.779s][3772][8616 ][info][gc,phases   ] GC(41) O: Concurrent Process Non-Strong 29.985ms
[2026-06-26T13:54:38.553-0300][35.779s][3772][8616 ][info][gc,phases   ] GC(41) O: Concurrent Reset Relocation Set 0.004ms
[2026-06-26T13:54:38.557-0300][35.784s][3772][8616 ][info][gc,phases   ] GC(41) O: Concurrent Select Relocation Set 4.013ms
[2026-06-26T13:54:38.557-0300][35.784s][3772][8616 ][info][gc,task     ] GC(41) O: Using 3 Workers for Old Generation
[2026-06-26T13:54:38.561-0300][35.789s][3772][8616 ][info][gc,task     ] GC(41) O: Using 1 Workers for Old Generation
[2026-06-26T13:54:38.561-0300][35.789s][3772][8616 ][info][gc,phases   ] GC(41) O: Concurrent Remap Roots 5.626ms
[2026-06-26T13:54:38.561-0300][35.789s][3772][1692 ][info][gc,phases   ] GC(41) O: Pause Relocate Start 0.013ms
[2026-06-26T13:54:38.635-0300][35.862s][3772][8616 ][info][gc,phases   ] GC(41) O: Concurrent Relocate 72.936ms
[2026-06-26T13:54:38.635-0300][35.862s][3772][8616 ][info][gc,alloc    ] GC(41) O:                         Mark Start        Mark End      Relocate Start    Relocate End   
[2026-06-26T13:54:38.635-0300][35.862s][3772][8616 ][info][gc,alloc    ] GC(41) O: Allocation Stalls:          0                0                0                0         
[2026-06-26T13:54:38.635-0300][35.862s][3772][8616 ][info][gc,load     ] GC(41) O: Load: 0.00 (0%) / 0.00 (0%) / 0.00 (0%)
[2026-06-26T13:54:38.635-0300][35.862s][3772][8616 ][info][gc,mmu      ] GC(41) O: MMU: 2ms/97.1%, 5ms/98.8%, 10ms/99.4%, 20ms/99.6%, 50ms/99.8%, 100ms/99.9%
[2026-06-26T13:54:38.635-0300][35.862s][3772][8616 ][info][gc,marking  ] GC(41) O: Mark: 1 stripe(s), 2 proactive flush(es), 1 terminate flush(es), 0 completion(s), 0 continuation(s) 
[2026-06-26T13:54:38.635-0300][35.862s][3772][8616 ][info][gc,nmethod  ] GC(41) O: NMethods: 10859 registered, 363 unregistered
[2026-06-26T13:54:38.635-0300][35.862s][3772][8616 ][info][gc,metaspace] GC(41) O: Metaspace: 64M used, 65M committed, 1088M reserved
[2026-06-26T13:54:38.635-0300][35.862s][3772][8616 ][info][gc,ref      ] GC(41) O:                       Encountered   Discovered     Enqueued 
[2026-06-26T13:54:38.635-0300][35.862s][3772][8616 ][info][gc,ref      ] GC(41) O: Soft References:             5369            0            0 
[2026-06-26T13:54:38.635-0300][35.862s][3772][8616 ][info][gc,ref      ] GC(41) O: Weak References:             4585         3380            7 
[2026-06-26T13:54:38.635-0300][35.862s][3772][8616 ][info][gc,ref      ] GC(41) O: Final References:              17            0            0 
[2026-06-26T13:54:38.635-0300][35.862s][3772][8616 ][info][gc,ref      ] GC(41) O: Phantom References:        137776        23632        17151 
[2026-06-26T13:54:38.635-0300][35.863s][3772][8616 ][info][gc,reloc    ] GC(41) O:                        Candidates     Selected     In-Place         Size        Empty    Relocated 
[2026-06-26T13:54:38.635-0300][35.863s][3772][8616 ][info][gc,reloc    ] GC(41) O: Small Pages:                  456           18            0         912M           8M          11M 
[2026-06-26T13:54:38.635-0300][35.863s][3772][8616 ][info][gc,reloc    ] GC(41) O: Medium Pages:                   2            0            0          64M           0M           0M 
[2026-06-26T13:54:38.635-0300][35.863s][3772][8616 ][info][gc,reloc    ] GC(41) O: Large Pages:                    1            0            0          12M           0M           0M 
[2026-06-26T13:54:38.635-0300][35.863s][3772][8616 ][info][gc,reloc    ] GC(41) O: Forwarding Usage: 19M
[2026-06-26T13:54:38.635-0300][35.863s][3772][8616 ][info][gc,heap     ] GC(41) O: Min Capacity: 8M(0%)
[2026-06-26T13:54:38.635-0300][35.863s][3772][8616 ][info][gc,heap     ] GC(41) O: Max Capacity: 3072M(100%)
[2026-06-26T13:54:38.635-0300][35.863s][3772][8616 ][info][gc,heap     ] GC(41) O: Soft Max Capacity: 3072M(100%)
[2026-06-26T13:54:38.635-0300][35.863s][3772][8616 ][info][gc,heap     ] GC(41) O: Heap Statistics:
[2026-06-26T13:54:38.635-0300][35.863s][3772][8616 ][info][gc,heap     ] GC(41) O:                Mark Start          Mark End        Relocate Start      Relocate End           High               Low         
[2026-06-26T13:54:38.635-0300][35.863s][3772][8616 ][info][gc,heap     ] GC(41) O:  Capacity:     3072M (100%)       3072M (100%)       3072M (100%)       3072M (100%)       3072M (100%)       3072M (100%)   
[2026-06-26T13:54:38.635-0300][35.863s][3772][8616 ][info][gc,heap     ] GC(41) O:      Free:     1928M (63%)        1750M (57%)        1750M (57%)        1762M (57%)        1954M (64%)        1640M (53%)    
[2026-06-26T13:54:38.635-0300][35.863s][3772][8616 ][info][gc,heap     ] GC(41) O:      Used:     1144M (37%)        1322M (43%)        1322M (43%)        1310M (43%)        1432M (47%)        1118M (36%)    
[2026-06-26T13:54:38.635-0300][35.863s][3772][8616 ][info][gc,heap     ] GC(41) O: Old Generation Statistics:
[2026-06-26T13:54:38.635-0300][35.863s][3772][8616 ][info][gc,heap     ] GC(41) O:                Mark Start          Mark End        Relocate Start      Relocate End    
[2026-06-26T13:54:38.635-0300][35.863s][3772][8616 ][info][gc,heap     ] GC(41) O:      Used:      988M (32%)        1246M (41%)        1238M (40%)        1206M (39%)    
[2026-06-26T13:54:38.635-0300][35.863s][3772][8616 ][info][gc,heap     ] GC(41) O:      Live:         -               873M (28%)         873M (28%)         873M (28%)    
[2026-06-26T13:54:38.635-0300][35.863s][3772][8616 ][info][gc,heap     ] GC(41) O:   Garbage:         -               114M (4%)          106M (3%)           63M (2%)     
[2026-06-26T13:54:38.635-0300][35.863s][3772][8616 ][info][gc,heap     ] GC(41) O: Allocated:         -               258M (8%)          258M (8%)          269M (9%)     
[2026-06-26T13:54:38.635-0300][35.863s][3772][8616 ][info][gc,heap     ] GC(41) O: Reclaimed:         -                  -                 8M (0%)           51M (2%)     
[2026-06-26T13:54:38.635-0300][35.863s][3772][8616 ][info][gc,heap     ] GC(41) O: Compacted:         -                  -                  -                52M (2%)     
[2026-06-26T13:54:38.635-0300][35.863s][3772][8616 ][info][gc,phases   ] GC(41) O: Old Generation 1118M(36%)->1310M(43%) 1.865s
[2026-06-26T13:54:38.635-0300][35.863s][3772][8616 ][info][gc          ] GC(41) Major Collection (Allocation Rate) 1144M(37%)->1312M(43%) 1.999s
[2026-06-26T13:54:38.691-0300][35.918s][3772][8616 ][info][gc          ] GC(48) Major Collection (Allocation Rate)
[2026-06-26T13:54:38.691-0300][35.918s][3772][8616 ][info][gc,task     ] GC(48) Using 2 Workers for Young Generation
[2026-06-26T13:54:38.691-0300][35.918s][3772][8616 ][info][gc,task     ] GC(48) Using 1 Workers for Old Generation
[2026-06-26T13:54:38.691-0300][35.918s][3772][8616 ][info][gc,phases   ] GC(48) Y: Young Generation
[2026-06-26T13:54:38.691-0300][35.918s][3772][1692 ][info][gc,phases   ] GC(48) Y: Pause Mark Start (Major) 0.013ms
[2026-06-26T13:54:38.743-0300][35.970s][3772][8616 ][info][gc,phases   ] GC(48) Y: Concurrent Mark 51.968ms
[2026-06-26T13:54:38.744-0300][35.970s][3772][1692 ][info][gc,phases   ] GC(48) Y: Pause Mark End 0.015ms
[2026-06-26T13:54:38.744-0300][35.971s][3772][8616 ][info][gc,phases   ] GC(48) Y: Concurrent Mark Free 0.002ms
[2026-06-26T13:54:38.744-0300][35.971s][3772][8616 ][info][gc,phases   ] GC(48) Y: Concurrent Reset Relocation Set 0.030ms
[2026-06-26T13:54:38.744-0300][35.971s][3772][8616 ][info][gc,reloc    ] GC(48) Y: Using tenuring threshold: 2 (Computed)
[2026-06-26T13:54:38.746-0300][35.974s][3772][8616 ][info][gc,phases   ] GC(48) Y: Concurrent Select Relocation Set 2.941ms
[2026-06-26T13:54:38.746-0300][35.974s][3772][1692 ][info][gc,phases   ] GC(48) Y: Pause Relocate Start 0.010ms
[2026-06-26T13:54:38.761-0300][35.988s][3772][8616 ][info][gc,phases   ] GC(48) Y: Concurrent Relocate 14.599ms
[2026-06-26T13:54:38.761-0300][35.988s][3772][8616 ][info][gc,alloc    ] GC(48) Y:                         Mark Start        Mark End      Relocate Start    Relocate End   
[2026-06-26T13:54:38.761-0300][35.988s][3772][8616 ][info][gc,alloc    ] GC(48) Y: Allocation Stalls:          0                0                0                0         
[2026-06-26T13:54:38.761-0300][35.988s][3772][8616 ][info][gc,load     ] GC(48) Y: Load: 0.00 (0%) / 0.00 (0%) / 0.00 (0%)
[2026-06-26T13:54:38.761-0300][35.988s][3772][8616 ][info][gc,mmu      ] GC(48) Y: MMU: 2ms/97.1%, 5ms/98.8%, 10ms/99.4%, 20ms/99.6%, 50ms/99.8%, 100ms/99.9%
[2026-06-26T13:54:38.761-0300][35.988s][3772][8616 ][info][gc,marking  ] GC(48) Y: Mark: 2 stripe(s), 3 proactive flush(es), 1 terminate flush(es), 0 completion(s), 0 continuation(s) 
[2026-06-26T13:54:38.761-0300][35.988s][3772][8616 ][info][gc,nmethod  ] GC(48) Y: NMethods: 10888 registered, 363 unregistered
[2026-06-26T13:54:38.761-0300][35.988s][3772][8616 ][info][gc,metaspace] GC(48) Y: Metaspace: 64M used, 65M committed, 1088M reserved
[2026-06-26T13:54:38.762-0300][35.989s][3772][8616 ][info][gc,reloc    ] GC(48) Y:                        Candidates     Selected     In-Place         Size        Empty    Relocated 
[2026-06-26T13:54:38.762-0300][35.989s][3772][8616 ][info][gc,reloc    ] GC(48) Y: Small Pages:                   89           28            0         178M          84M           9M 
[2026-06-26T13:54:38.762-0300][35.989s][3772][8616 ][info][gc,reloc    ] GC(48) Y: Medium Pages:                   0            0            0           0M           0M           0M 
[2026-06-26T13:54:38.762-0300][35.989s][3772][8616 ][info][gc,reloc    ] GC(48) Y: Large Pages:                    0            0            0           0M           0M           0M 
[2026-06-26T13:54:38.762-0300][35.989s][3772][8616 ][info][gc,reloc    ] GC(48) Y: Forwarding Usage: 7M
[2026-06-26T13:54:38.762-0300][35.989s][3772][8616 ][info][gc,reloc    ] GC(48) Y: Age Table:
[2026-06-26T13:54:38.762-0300][35.989s][3772][8616 ][info][gc,reloc    ] GC(48) Y:                    Live             Garbage             Small              Medium             Large        
[2026-06-26T13:54:38.762-0300][35.989s][3772][8616 ][info][gc,reloc    ] GC(48) Y: Eden              13M (0%)          140M (5%)          77 / 26             0 / 0              0 / 0        
[2026-06-26T13:54:38.762-0300][35.989s][3772][8616 ][info][gc,reloc    ] GC(48) Y: Survivor 1        11M (0%)            2M (0%)           7 / 1              0 / 0              0 / 0        
[2026-06-26T13:54:38.762-0300][35.989s][3772][8616 ][info][gc,reloc    ] GC(48) Y: Survivor 2         8M (0%)            1M (0%)           5 / 1              0 / 0              0 / 0        
[2026-06-26T13:54:38.762-0300][35.989s][3772][8616 ][info][gc,heap     ] GC(48) Y: Min Capacity: 8M(0%)
[2026-06-26T13:54:38.762-0300][35.989s][3772][8616 ][info][gc,heap     ] GC(48) Y: Max Capacity: 3072M(100%)
[2026-06-26T13:54:38.762-0300][35.989s][3772][8616 ][info][gc,heap     ] GC(48) Y: Soft Max Capacity: 3072M(100%)
[2026-06-26T13:54:38.762-0300][35.989s][3772][8616 ][info][gc,heap     ] GC(48) Y: Heap Statistics:
[2026-06-26T13:54:38.762-0300][35.989s][3772][8616 ][info][gc,heap     ] GC(48) Y:                Mark Start          Mark End        Relocate Start      Relocate End           High               Low         
[2026-06-26T13:54:38.762-0300][35.989s][3772][8616 ][info][gc,heap     ] GC(48) Y:  Capacity:     3072M (100%)       3072M (100%)       3072M (100%)       3072M (100%)       3072M (100%)       3072M (100%)   
[2026-06-26T13:54:38.762-0300][35.989s][3772][8616 ][info][gc,heap     ] GC(48) Y:      Free:     1688M (55%)        1608M (52%)        1692M (55%)        1740M (57%)        1740M (57%)        1608M (52%)    
[2026-06-26T13:54:38.762-0300][35.989s][3772][8616 ][info][gc,heap     ] GC(48) Y:      Used:     1384M (45%)        1464M (48%)        1380M (45%)        1332M (43%)        1464M (48%)        1332M (43%)    
[2026-06-26T13:54:38.762-0300][35.989s][3772][8616 ][info][gc,heap     ] GC(48) Y: Young Generation Statistics:
[2026-06-26T13:54:38.762-0300][35.989s][3772][8616 ][info][gc,heap     ] GC(48) Y:                Mark Start          Mark End        Relocate Start      Relocate End    
[2026-06-26T13:54:38.762-0300][35.989s][3772][8616 ][info][gc,heap     ] GC(48) Y:      Used:      178M (6%)          258M (8%)          166M (5%)          116M (4%)     
[2026-06-26T13:54:38.762-0300][35.989s][3772][8616 ][info][gc,heap     ] GC(48) Y:      Live:         -                33M (1%)           25M (1%)           25M (1%)     
[2026-06-26T13:54:38.762-0300][35.989s][3772][8616 ][info][gc,heap     ] GC(48) Y:   Garbage:         -               144M (5%)           60M (2%)            1M (0%)     
[2026-06-26T13:54:38.762-0300][35.989s][3772][8616 ][info][gc,heap     ] GC(48) Y: Allocated:         -                80M (3%)           80M (3%)           89M (3%)     
[2026-06-26T13:54:38.762-0300][35.989s][3772][8616 ][info][gc,heap     ] GC(48) Y: Reclaimed:         -                  -                84M (3%)          143M (5%)     
[2026-06-26T13:54:38.762-0300][35.989s][3772][8616 ][info][gc,heap     ] GC(48) Y:  Promoted:         -                  -                 7M (0%)            8M (0%)     
[2026-06-26T13:54:38.762-0300][35.989s][3772][8616 ][info][gc,heap     ] GC(48) Y: Compacted:         -                  -                  -                12M (0%)     
[2026-06-26T13:54:38.762-0300][35.989s][3772][8616 ][info][gc,phases   ] GC(48) Y: Young Generation 1384M(45%)->1332M(43%) 0.070s
[2026-06-26T13:54:38.762-0300][35.989s][3772][8616 ][info][gc,phases   ] GC(48) O: Old Generation
[2026-06-26T13:54:40.878-0300][38.105s][3772][8616 ][info][gc,phases   ] GC(48) O: Concurrent Mark 2115.850ms
[2026-06-26T13:54:40.878-0300][38.105s][3772][1692 ][info][gc,phases   ] GC(48) O: Pause Mark End 0.017ms
[2026-06-26T13:54:40.878-0300][38.105s][3772][8616 ][info][gc,phases   ] GC(48) O: Concurrent Mark Free 0.004ms
[2026-06-26T13:54:40.908-0300][38.136s][3772][8616 ][info][gc,phases   ] GC(48) O: Concurrent Process Non-Strong 30.565ms
[2026-06-26T13:54:40.909-0300][38.136s][3772][8616 ][info][gc,phases   ] GC(48) O: Concurrent Reset Relocation Set 0.006ms
[2026-06-26T13:54:40.914-0300][38.141s][3772][8616 ][info][gc,phases   ] GC(48) O: Concurrent Select Relocation Set 5.776ms
[2026-06-26T13:54:40.914-0300][38.141s][3772][8616 ][info][gc,task     ] GC(48) O: Using 3 Workers for Old Generation
[2026-06-26T13:54:40.920-0300][38.147s][3772][8616 ][info][gc,task     ] GC(48) O: Using 1 Workers for Old Generation
[2026-06-26T13:54:40.920-0300][38.147s][3772][8616 ][info][gc,phases   ] GC(48) O: Concurrent Remap Roots 5.886ms
[2026-06-26T13:54:40.920-0300][38.147s][3772][1692 ][info][gc,phases   ] GC(48) O: Pause Relocate Start 0.013ms
[2026-06-26T13:54:40.987-0300][38.214s][3772][8616 ][info][gc,phases   ] GC(48) O: Concurrent Relocate 66.904ms
[2026-06-26T13:54:40.987-0300][38.214s][3772][8616 ][info][gc,alloc    ] GC(48) O:                         Mark Start        Mark End      Relocate Start    Relocate End   
[2026-06-26T13:54:40.987-0300][38.214s][3772][8616 ][info][gc,alloc    ] GC(48) O: Allocation Stalls:          0                0                0                0         
[2026-06-26T13:54:40.987-0300][38.215s][3772][8616 ][info][gc,load     ] GC(48) O: Load: 0.00 (0%) / 0.00 (0%) / 0.00 (0%)
[2026-06-26T13:54:40.987-0300][38.215s][3772][8616 ][info][gc,mmu      ] GC(48) O: MMU: 2ms/97.1%, 5ms/98.8%, 10ms/99.4%, 20ms/99.6%, 50ms/99.8%, 100ms/99.9%
[2026-06-26T13:54:40.987-0300][38.215s][3772][8616 ][info][gc,marking  ] GC(48) O: Mark: 1 stripe(s), 2 proactive flush(es), 1 terminate flush(es), 0 completion(s), 0 continuation(s) 
[2026-06-26T13:54:40.987-0300][38.215s][3772][8616 ][info][gc,nmethod  ] GC(48) O: NMethods: 11640 registered, 434 unregistered
[2026-06-26T13:54:40.987-0300][38.215s][3772][8616 ][info][gc,metaspace] GC(48) O: Metaspace: 65M used, 66M committed, 1088M reserved
[2026-06-26T13:54:40.987-0300][38.215s][3772][8616 ][info][gc,ref      ] GC(48) O:                       Encountered   Discovered     Enqueued 
[2026-06-26T13:54:40.987-0300][38.215s][3772][8616 ][info][gc,ref      ] GC(48) O: Soft References:             5344            0            0 
[2026-06-26T13:54:40.988-0300][38.215s][3772][8616 ][info][gc,ref      ] GC(48) O: Weak References:             4410         3456           25 
[2026-06-26T13:54:40.988-0300][38.215s][3772][8616 ][info][gc,ref      ] GC(48) O: Final References:              15            2            0 
[2026-06-26T13:54:40.988-0300][38.215s][3772][8616 ][info][gc,ref      ] GC(48) O: Phantom References:         79671        61354        54871 
[2026-06-26T13:54:40.988-0300][38.215s][3772][8616 ][info][gc,reloc    ] GC(48) O:                        Candidates     Selected     In-Place         Size        Empty    Relocated 
[2026-06-26T13:54:40.988-0300][38.215s][3772][8616 ][info][gc,reloc    ] GC(48) O: Small Pages:                  549           34            0        1098M          14M          12M 
[2026-06-26T13:54:40.988-0300][38.215s][3772][8616 ][info][gc,reloc    ] GC(48) O: Medium Pages:                   3            1            0          96M           0M           5M 
[2026-06-26T13:54:40.988-0300][38.215s][3772][8616 ][info][gc,reloc    ] GC(48) O: Large Pages:                    1            0            0          12M           0M           0M 
[2026-06-26T13:54:40.988-0300][38.215s][3772][8616 ][info][gc,reloc    ] GC(48) O: Forwarding Usage: 19M
[2026-06-26T13:54:40.988-0300][38.215s][3772][8616 ][info][gc,heap     ] GC(48) O: Min Capacity: 8M(0%)
[2026-06-26T13:54:40.988-0300][38.215s][3772][8616 ][info][gc,heap     ] GC(48) O: Max Capacity: 3072M(100%)
[2026-06-26T13:54:40.988-0300][38.215s][3772][8616 ][info][gc,heap     ] GC(48) O: Soft Max Capacity: 3072M(100%)
[2026-06-26T13:54:40.988-0300][38.215s][3772][8616 ][info][gc,heap     ] GC(48) O: Heap Statistics:
[2026-06-26T13:54:40.988-0300][38.215s][3772][8616 ][info][gc,heap     ] GC(48) O:                Mark Start          Mark End        Relocate Start      Relocate End           High               Low         
[2026-06-26T13:54:40.988-0300][38.215s][3772][8616 ][info][gc,heap     ] GC(48) O:  Capacity:     3072M (100%)       3072M (100%)       3072M (100%)       3072M (100%)       3072M (100%)       3072M (100%)   
[2026-06-26T13:54:40.988-0300][38.215s][3772][8616 ][info][gc,heap     ] GC(48) O:      Free:     1688M (55%)        1298M (42%)        1306M (43%)        1388M (45%)        1740M (57%)        1274M (41%)    
[2026-06-26T13:54:40.988-0300][38.215s][3772][8616 ][info][gc,heap     ] GC(48) O:      Used:     1384M (45%)        1774M (58%)        1766M (57%)        1684M (55%)        1798M (59%)        1332M (43%)    
[2026-06-26T13:54:40.988-0300][38.215s][3772][8616 ][info][gc,heap     ] GC(48) O: Old Generation Statistics:
[2026-06-26T13:54:40.988-0300][38.215s][3772][8616 ][info][gc,heap     ] GC(48) O:                Mark Start          Mark End        Relocate Start      Relocate End    
[2026-06-26T13:54:40.988-0300][38.215s][3772][8616 ][info][gc,heap     ] GC(48) O:      Used:     1206M (39%)        1216M (40%)        1202M (39%)        1106M (36%)    
[2026-06-26T13:54:40.988-0300][38.215s][3772][8616 ][info][gc,heap     ] GC(48) O:      Live:         -              1015M (33%)        1015M (33%)        1015M (33%)    
[2026-06-26T13:54:40.988-0300][38.215s][3772][8616 ][info][gc,heap     ] GC(48) O:   Garbage:         -               190M (6%)          176M (6%)           44M (1%)     
[2026-06-26T13:54:40.988-0300][38.215s][3772][8616 ][info][gc,heap     ] GC(48) O: Allocated:         -                10M (0%)           10M (0%)           45M (1%)     
[2026-06-26T13:54:40.988-0300][38.215s][3772][8616 ][info][gc,heap     ] GC(48) O: Reclaimed:         -                  -                14M (0%)          145M (5%)     
[2026-06-26T13:54:40.988-0300][38.215s][3772][8616 ][info][gc,heap     ] GC(48) O: Compacted:         -                  -                  -                54M (2%)     
[2026-06-26T13:54:40.988-0300][38.215s][3772][8616 ][info][gc,phases   ] GC(48) O: Old Generation 1332M(43%)->1684M(55%) 2.226s
[2026-06-26T13:54:40.988-0300][38.215s][3772][8616 ][info][gc          ] GC(48) Major Collection (Allocation Rate) 1384M(45%)->1686M(55%) 2.297s
[2026-06-26T13:54:44.968-0300][42.195s][3772][6460 ][info][gc          ] GC(49) Minor Collection (Allocation Rate)
[2026-06-26T13:54:44.968-0300][42.195s][3772][6460 ][info][gc,task     ] GC(49) Using 1 Workers for Young Generation
[2026-06-26T13:54:44.968-0300][42.195s][3772][6460 ][info][gc,phases   ] GC(49) y: Young Generation
[2026-06-26T13:54:44.968-0300][42.195s][3772][1692 ][info][gc,phases   ] GC(49) y: Pause Mark Start 0.010ms
[2026-06-26T13:54:45.529-0300][42.756s][3772][6460 ][info][gc,phases   ] GC(49) y: Concurrent Mark 561.198ms
[2026-06-26T13:54:45.529-0300][42.756s][3772][1692 ][info][gc,phases   ] GC(49) y: Pause Mark End 0.016ms
[2026-06-26T13:54:45.529-0300][42.756s][3772][6460 ][info][gc,phases   ] GC(49) y: Concurrent Mark Free 0.002ms
[2026-06-26T13:54:45.529-0300][42.756s][3772][6460 ][info][gc,phases   ] GC(49) y: Concurrent Reset Relocation Set 0.053ms
[2026-06-26T13:54:45.529-0300][42.756s][3772][6460 ][info][gc,reloc    ] GC(49) y: Using tenuring threshold: 2 (Computed)
[2026-06-26T13:54:45.555-0300][42.782s][3772][6460 ][info][gc,phases   ] GC(49) y: Concurrent Select Relocation Set 25.401ms
[2026-06-26T13:54:45.555-0300][42.782s][3772][1692 ][info][gc,phases   ] GC(49) y: Pause Relocate Start 0.011ms
[2026-06-26T13:54:45.845-0300][43.072s][3772][6460 ][info][gc,phases   ] GC(49) y: Concurrent Relocate 290.129ms
[2026-06-26T13:54:45.845-0300][43.072s][3772][6460 ][info][gc,alloc    ] GC(49) y:                         Mark Start        Mark End      Relocate Start    Relocate End   
[2026-06-26T13:54:45.845-0300][43.072s][3772][6460 ][info][gc,alloc    ] GC(49) y: Allocation Stalls:          0                0                0                0         
[2026-06-26T13:54:45.845-0300][43.072s][3772][6460 ][info][gc,load     ] GC(49) y: Load: 0.00 (0%) / 0.00 (0%) / 0.00 (0%)
[2026-06-26T13:54:45.845-0300][43.072s][3772][6460 ][info][gc,mmu      ] GC(49) y: MMU: 2ms/97.1%, 5ms/98.8%, 10ms/99.4%, 20ms/99.6%, 50ms/99.8%, 100ms/99.9%
[2026-06-26T13:54:45.845-0300][43.072s][3772][6460 ][info][gc,marking  ] GC(49) y: Mark: 1 stripe(s), 2 proactive flush(es), 1 terminate flush(es), 0 completion(s), 0 continuation(s) 
[2026-06-26T13:54:45.845-0300][43.072s][3772][6460 ][info][gc,nmethod  ] GC(49) y: NMethods: 12311 registered, 434 unregistered
[2026-06-26T13:54:45.845-0300][43.072s][3772][6460 ][info][gc,metaspace] GC(49) y: Metaspace: 65M used, 67M committed, 1088M reserved
[2026-06-26T13:54:45.845-0300][43.072s][3772][6460 ][info][gc,reloc    ] GC(49) y:                        Candidates     Selected     In-Place         Size        Empty    Relocated 
[2026-06-26T13:54:45.845-0300][43.072s][3772][6460 ][info][gc,reloc    ] GC(49) y: Small Pages:                  808          587            0        1616M          18M         147M 
[2026-06-26T13:54:45.845-0300][43.072s][3772][6460 ][info][gc,reloc    ] GC(49) y: Medium Pages:                   1            0            0          32M           0M           0M 
[2026-06-26T13:54:45.845-0300][43.072s][3772][6460 ][info][gc,reloc    ] GC(49) y: Large Pages:                    4            0            0          48M           0M           0M 
[2026-06-26T13:54:45.845-0300][43.072s][3772][6460 ][info][gc,reloc    ] GC(49) y: Forwarding Usage: 114M
[2026-06-26T13:54:45.845-0300][43.072s][3772][6460 ][info][gc,reloc    ] GC(49) y: Age Table:
[2026-06-26T13:54:45.845-0300][43.072s][3772][6460 ][info][gc,reloc    ] GC(49) y:                    Live             Garbage             Small              Medium             Large        
[2026-06-26T13:54:45.845-0300][43.072s][3772][6460 ][info][gc,reloc    ] GC(49) y: Eden             402M (13%)        1263M (41%)        793 / 585            1 / 0              4 / 0        
[2026-06-26T13:54:45.845-0300][43.072s][3772][6460 ][info][gc,reloc    ] GC(49) y: Survivor 1        13M (0%)            2M (0%)           8 / 1              0 / 0              0 / 0        
[2026-06-26T13:54:45.845-0300][43.072s][3772][6460 ][info][gc,reloc    ] GC(49) y: Survivor 2        11M (0%)            2M (0%)           7 / 1              0 / 0              0 / 0        
[2026-06-26T13:54:45.845-0300][43.072s][3772][6460 ][info][gc,heap     ] GC(49) y: Min Capacity: 8M(0%)
[2026-06-26T13:54:45.845-0300][43.072s][3772][6460 ][info][gc,heap     ] GC(49) y: Max Capacity: 3072M(100%)
[2026-06-26T13:54:45.845-0300][43.072s][3772][6460 ][info][gc,heap     ] GC(49) y: Soft Max Capacity: 3072M(100%)
[2026-06-26T13:54:45.845-0300][43.072s][3772][6460 ][info][gc,heap     ] GC(49) y: Heap Statistics:
[2026-06-26T13:54:45.845-0300][43.072s][3772][6460 ][info][gc,heap     ] GC(49) y:                Mark Start          Mark End        Relocate Start      Relocate End           High               Low         
[2026-06-26T13:54:45.845-0300][43.072s][3772][6460 ][info][gc,heap     ] GC(49) y:  Capacity:     3072M (100%)       3072M (100%)       3072M (100%)       3072M (100%)       3072M (100%)       3072M (100%)   
[2026-06-26T13:54:45.845-0300][43.072s][3772][6460 ][info][gc,heap     ] GC(49) y:      Free:      270M (9%)          164M (5%)          176M (6%)         1318M (43%)        1318M (43%)         164M (5%)     
[2026-06-26T13:54:45.845-0300][43.072s][3772][6460 ][info][gc,heap     ] GC(49) y:      Used:     2802M (91%)        2908M (95%)        2896M (94%)        1754M (57%)        2908M (95%)        1754M (57%)    
[2026-06-26T13:54:45.845-0300][43.072s][3772][6460 ][info][gc,heap     ] GC(49) y: Young Generation Statistics:
[2026-06-26T13:54:45.845-0300][43.073s][3772][6460 ][info][gc,heap     ] GC(49) y:                Mark Start          Mark End        Relocate Start      Relocate End    
[2026-06-26T13:54:45.845-0300][43.073s][3772][6460 ][info][gc,heap     ] GC(49) y:      Used:     1696M (55%)        1802M (59%)        1778M (58%)         634M (21%)    
[2026-06-26T13:54:45.845-0300][43.073s][3772][6460 ][info][gc,heap     ] GC(49) y:      Live:         -               427M (14%)         415M (14%)         415M (14%)    
[2026-06-26T13:54:45.845-0300][43.073s][3772][6460 ][info][gc,heap     ] GC(49) y:   Garbage:         -              1268M (41%)        1250M (41%)          47M (2%)     
[2026-06-26T13:54:45.845-0300][43.073s][3772][6460 ][info][gc,heap     ] GC(49) y: Allocated:         -               106M (3%)          112M (4%)          170M (6%)     
[2026-06-26T13:54:45.845-0300][43.073s][3772][6460 ][info][gc,heap     ] GC(49) y: Reclaimed:         -                  -                18M (1%)         1221M (40%)    
[2026-06-26T13:54:45.845-0300][43.073s][3772][6460 ][info][gc,heap     ] GC(49) y:  Promoted:         -                  -                11M (0%)           11M (0%)     
[2026-06-26T13:54:45.845-0300][43.073s][3772][6460 ][info][gc,heap     ] GC(49) y: Compacted:         -                  -                  -               199M (6%)     
[2026-06-26T13:54:45.845-0300][43.073s][3772][6460 ][info][gc,phases   ] GC(49) y: Young Generation 2802M(91%)->1754M(57%) 0.877s
[2026-06-26T13:54:45.845-0300][43.073s][3772][6460 ][info][gc          ] GC(49) Minor Collection (Allocation Rate) 2802M(91%)->1754M(57%) 0.878s
[2026-06-26T13:54:49.652-0300][46.879s][3772][6460 ][info][gc          ] GC(50) Minor Collection (Allocation Rate)
[2026-06-26T13:54:49.652-0300][46.879s][3772][6460 ][info][gc,task     ] GC(50) Using 2 Workers for Young Generation
[2026-06-26T13:54:49.652-0300][46.879s][3772][6460 ][info][gc,phases   ] GC(50) y: Young Generation
[2026-06-26T13:54:49.652-0300][46.879s][3772][1692 ][info][gc,phases   ] GC(50) y: Pause Mark Start 0.010ms
[2026-06-26T13:54:50.120-0300][47.348s][3772][6460 ][info][gc,phases   ] GC(50) y: Concurrent Mark 468.663ms
[2026-06-26T13:54:50.120-0300][47.348s][3772][1692 ][info][gc,phases   ] GC(50) y: Pause Mark End 0.013ms
[2026-06-26T13:54:50.121-0300][47.348s][3772][6460 ][info][gc,phases   ] GC(50) y: Concurrent Mark Free 0.004ms
[2026-06-26T13:54:50.121-0300][47.348s][3772][6460 ][info][gc,phases   ] GC(50) y: Concurrent Reset Relocation Set 0.089ms
[2026-06-26T13:54:50.121-0300][47.348s][3772][6460 ][info][gc,reloc    ] GC(50) y: Using tenuring threshold: 2 (Computed)
[2026-06-26T13:54:50.130-0300][47.358s][3772][6460 ][info][gc,phases   ] GC(50) y: Concurrent Select Relocation Set 10.152ms
[2026-06-26T13:54:50.130-0300][47.358s][3772][1692 ][info][gc,phases   ] GC(50) y: Pause Relocate Start 0.011ms
[2026-06-26T13:54:50.228-0300][47.456s][3772][6460 ][info][gc,phases   ] GC(50) y: Concurrent Relocate 97.197ms
[2026-06-26T13:54:50.228-0300][47.456s][3772][6460 ][info][gc,alloc    ] GC(50) y:                         Mark Start        Mark End      Relocate Start    Relocate End   
[2026-06-26T13:54:50.228-0300][47.456s][3772][6460 ][info][gc,alloc    ] GC(50) y: Allocation Stalls:          0                0                0                0         
[2026-06-26T13:54:50.228-0300][47.456s][3772][6460 ][info][gc,load     ] GC(50) y: Load: 0.00 (0%) / 0.00 (0%) / 0.00 (0%)
[2026-06-26T13:54:50.228-0300][47.456s][3772][6460 ][info][gc,mmu      ] GC(50) y: MMU: 2ms/97.1%, 5ms/98.8%, 10ms/99.4%, 20ms/99.6%, 50ms/99.8%, 100ms/99.9%
[2026-06-26T13:54:50.228-0300][47.456s][3772][6460 ][info][gc,marking  ] GC(50) y: Mark: 2 stripe(s), 4 proactive flush(es), 1 terminate flush(es), 0 completion(s), 0 continuation(s) 
[2026-06-26T13:54:50.228-0300][47.456s][3772][6460 ][info][gc,nmethod  ] GC(50) y: NMethods: 12421 registered, 434 unregistered
[2026-06-26T13:54:50.228-0300][47.456s][3772][6460 ][info][gc,metaspace] GC(50) y: Metaspace: 66M used, 67M committed, 1088M reserved
[2026-06-26T13:54:50.228-0300][47.456s][3772][6460 ][info][gc,reloc    ] GC(50) y:                        Candidates     Selected     In-Place         Size        Empty    Relocated 
[2026-06-26T13:54:50.228-0300][47.456s][3772][6460 ][info][gc,reloc    ] GC(50) y: Small Pages:                  591          217            0        1182M         200M          92M 
[2026-06-26T13:54:50.228-0300][47.456s][3772][6460 ][info][gc,reloc    ] GC(50) y: Medium Pages:                   1            0            0          32M           0M           0M 
[2026-06-26T13:54:50.228-0300][47.456s][3772][6460 ][info][gc,reloc    ] GC(50) y: Large Pages:                    4            0            0          48M           0M           0M 
[2026-06-26T13:54:50.228-0300][47.456s][3772][6460 ][info][gc,reloc    ] GC(50) y: Forwarding Usage: 83M
[2026-06-26T13:54:50.228-0300][47.456s][3772][6460 ][info][gc,reloc    ] GC(50) y: Age Table:
[2026-06-26T13:54:50.228-0300][47.456s][3772][6460 ][info][gc,reloc    ] GC(50) y:                    Live             Garbage             Small              Medium             Large        
[2026-06-26T13:54:50.228-0300][47.456s][3772][6460 ][info][gc,reloc    ] GC(50) y: Eden             143M (5%)          640M (21%)        392 / 210            0 / 0              0 / 0        
[2026-06-26T13:54:50.228-0300][47.456s][3772][6460 ][info][gc,reloc    ] GC(50) y: Survivor 1       401M (13%)          62M (2%)         192 / 7              1 / 0              4 / 0        
[2026-06-26T13:54:50.228-0300][47.456s][3772][6460 ][info][gc,reloc    ] GC(50) y: Survivor 2        13M (0%)            0M (0%)           7 / 0              0 / 0              0 / 0        
[2026-06-26T13:54:50.228-0300][47.456s][3772][6460 ][info][gc,heap     ] GC(50) y: Min Capacity: 8M(0%)
[2026-06-26T13:54:50.228-0300][47.456s][3772][6460 ][info][gc,heap     ] GC(50) y: Max Capacity: 3072M(100%)
[2026-06-26T13:54:50.228-0300][47.456s][3772][6460 ][info][gc,heap     ] GC(50) y: Soft Max Capacity: 3072M(100%)
[2026-06-26T13:54:50.228-0300][47.456s][3772][6460 ][info][gc,heap     ] GC(50) y: Heap Statistics:
[2026-06-26T13:54:50.228-0300][47.456s][3772][6460 ][info][gc,heap     ] GC(50) y:                Mark Start          Mark End        Relocate Start      Relocate End           High               Low         
[2026-06-26T13:54:50.229-0300][47.456s][3772][6460 ][info][gc,heap     ] GC(50) y:  Capacity:     3072M (100%)       3072M (100%)       3072M (100%)       3072M (100%)       3072M (100%)       3072M (100%)   
[2026-06-26T13:54:50.229-0300][47.456s][3772][6460 ][info][gc,heap     ] GC(50) y:      Free:      690M (22%)         584M (19%)         784M (26%)        1220M (40%)        1220M (40%)         584M (19%)    
[2026-06-26T13:54:50.229-0300][47.456s][3772][6460 ][info][gc,heap     ] GC(50) y:      Used:     2382M (78%)        2488M (81%)        2288M (74%)        1852M (60%)        2488M (81%)        1852M (60%)    
[2026-06-26T13:54:50.229-0300][47.456s][3772][6460 ][info][gc,heap     ] GC(50) y: Young Generation Statistics:
[2026-06-26T13:54:50.229-0300][47.456s][3772][6460 ][info][gc,heap     ] GC(50) y:                Mark Start          Mark End        Relocate Start      Relocate End    
[2026-06-26T13:54:50.229-0300][47.456s][3772][6460 ][info][gc,heap     ] GC(50) y:      Used:     1262M (41%)        1368M (45%)        1154M (38%)         718M (23%)    
[2026-06-26T13:54:50.229-0300][47.456s][3772][6460 ][info][gc,heap     ] GC(50) y:      Live:         -               558M (18%)         545M (18%)         545M (18%)    
[2026-06-26T13:54:50.229-0300][47.456s][3772][6460 ][info][gc,heap     ] GC(50) y:   Garbage:         -               703M (23%)         502M (16%)          48M (2%)     
[2026-06-26T13:54:50.229-0300][47.456s][3772][6460 ][info][gc,heap     ] GC(50) y: Allocated:         -               106M (3%)          106M (3%)          124M (4%)     
[2026-06-26T13:54:50.229-0300][47.456s][3772][6460 ][info][gc,heap     ] GC(50) y: Reclaimed:         -                  -               200M (7%)          655M (21%)    
[2026-06-26T13:54:50.229-0300][47.456s][3772][6460 ][info][gc,heap     ] GC(50) y:  Promoted:         -                  -                13M (0%)           13M (0%)     
[2026-06-26T13:54:50.229-0300][47.456s][3772][6460 ][info][gc,heap     ] GC(50) y: Compacted:         -                  -                  -               141M (5%)     
[2026-06-26T13:54:50.229-0300][47.456s][3772][6460 ][info][gc,phases   ] GC(50) y: Young Generation 2382M(78%)->1852M(60%) 0.577s
[2026-06-26T13:54:50.229-0300][47.456s][3772][6460 ][info][gc          ] GC(50) Minor Collection (Allocation Rate) 2382M(78%)->1852M(60%) 0.577s
[2026-06-26T13:54:57.806-0300][55.032s][3772][6460 ][info][gc          ] GC(51) Minor Collection (Allocation Rate)
[2026-06-26T13:54:57.806-0300][55.032s][3772][6460 ][info][gc,task     ] GC(51) Using 2 Workers for Young Generation
[2026-06-26T13:54:57.806-0300][55.032s][3772][6460 ][info][gc,phases   ] GC(51) y: Young Generation
[2026-06-26T13:54:57.806-0300][55.032s][3772][1692 ][info][gc,phases   ] GC(51) y: Pause Mark Start 0.009ms
[2026-06-26T13:54:58.204-0300][55.431s][3772][6460 ][info][gc,phases   ] GC(51) y: Concurrent Mark 398.876ms
[2026-06-26T13:54:58.204-0300][55.431s][3772][1692 ][info][gc,phases   ] GC(51) y: Pause Mark End 0.013ms
[2026-06-26T13:54:58.204-0300][55.431s][3772][6460 ][info][gc,phases   ] GC(51) y: Concurrent Mark Free 0.003ms
[2026-06-26T13:54:58.205-0300][55.431s][3772][6460 ][info][gc,phases   ] GC(51) y: Concurrent Reset Relocation Set 0.113ms
[2026-06-26T13:54:58.205-0300][55.432s][3772][6460 ][info][gc,reloc    ] GC(51) y: Using tenuring threshold: 1 (Computed)
[2026-06-26T13:54:58.338-0300][55.566s][3772][6460 ][info][gc,phases   ] GC(51) y: Concurrent Select Relocation Set 134.147ms
[2026-06-26T13:54:58.339-0300][55.566s][3772][1692 ][info][gc,phases   ] GC(51) y: Pause Relocate Start 0.010ms
[2026-06-26T13:54:58.565-0300][55.792s][3772][6460 ][info][gc,phases   ] GC(51) y: Concurrent Relocate 226.392ms
[2026-06-26T13:54:58.566-0300][55.792s][3772][6460 ][info][gc,alloc    ] GC(51) y:                         Mark Start        Mark End      Relocate Start    Relocate End   
[2026-06-26T13:54:58.566-0300][55.792s][3772][6460 ][info][gc,alloc    ] GC(51) y: Allocation Stalls:          0                0                0                0         
[2026-06-26T13:54:58.566-0300][55.792s][3772][6460 ][info][gc,load     ] GC(51) y: Load: 0.00 (0%) / 0.00 (0%) / 0.00 (0%)
[2026-06-26T13:54:58.566-0300][55.792s][3772][6460 ][info][gc,mmu      ] GC(51) y: MMU: 2ms/97.1%, 5ms/98.8%, 10ms/99.4%, 20ms/99.6%, 50ms/99.8%, 100ms/99.9%
[2026-06-26T13:54:58.566-0300][55.792s][3772][6460 ][info][gc,marking  ] GC(51) y: Mark: 2 stripe(s), 6 proactive flush(es), 1 terminate flush(es), 0 completion(s), 0 continuation(s) 
[2026-06-26T13:54:58.566-0300][55.792s][3772][6460 ][info][gc,nmethod  ] GC(51) y: NMethods: 13526 registered, 434 unregistered
[2026-06-26T13:54:58.566-0300][55.792s][3772][6460 ][info][gc,metaspace] GC(51) y: Metaspace: 67M used, 68M committed, 1088M reserved
[2026-06-26T13:54:58.566-0300][55.792s][3772][6460 ][info][gc,reloc    ] GC(51) y:                        Candidates     Selected     In-Place         Size        Empty    Relocated 
[2026-06-26T13:54:58.566-0300][55.792s][3772][6460 ][info][gc,reloc    ] GC(51) y: Small Pages:                  499           89            0         998M         288M          11M 
[2026-06-26T13:54:58.566-0300][55.792s][3772][6460 ][info][gc,reloc    ] GC(51) y: Medium Pages:                   2            1            0          64M           0M           5M 
[2026-06-26T13:54:58.566-0300][55.792s][3772][6460 ][info][gc,reloc    ] GC(51) y: Large Pages:                    4            0            0          48M           0M           0M 
[2026-06-26T13:54:58.566-0300][55.792s][3772][6460 ][info][gc,reloc    ] GC(51) y: Forwarding Usage: 5M
[2026-06-26T13:54:58.566-0300][55.792s][3772][6460 ][info][gc,reloc    ] GC(51) y: Age Table:
[2026-06-26T13:54:58.566-0300][55.792s][3772][6460 ][info][gc,reloc    ] GC(51) y:                    Live             Garbage             Small              Medium             Large        
[2026-06-26T13:54:58.566-0300][55.792s][3772][6460 ][info][gc,reloc    ] GC(51) y: Eden              19M (1%)          484M (16%)        236 / 87             1 / 0              0 / 0        
[2026-06-26T13:54:58.566-0300][55.792s][3772][6460 ][info][gc,reloc    ] GC(51) y: Survivor 1       141M (5%)           12M (0%)          77 / 1              0 / 0              0 / 0        
[2026-06-26T13:54:58.566-0300][55.792s][3772][6460 ][info][gc,reloc    ] GC(51) y: Survivor 2       401M (13%)          50M (2%)         186 / 1              1 / 1              4 / 0        
[2026-06-26T13:54:58.566-0300][55.792s][3772][6460 ][info][gc,heap     ] GC(51) y: Min Capacity: 8M(0%)
[2026-06-26T13:54:58.566-0300][55.792s][3772][6460 ][info][gc,heap     ] GC(51) y: Max Capacity: 3072M(100%)
[2026-06-26T13:54:58.566-0300][55.792s][3772][6460 ][info][gc,heap     ] GC(51) y: Soft Max Capacity: 3072M(100%)
[2026-06-26T13:54:58.566-0300][55.792s][3772][6460 ][info][gc,heap     ] GC(51) y: Heap Statistics:
[2026-06-26T13:54:58.566-0300][55.792s][3772][6460 ][info][gc,heap     ] GC(51) y:                Mark Start          Mark End        Relocate Start      Relocate End           High               Low         
[2026-06-26T13:54:58.566-0300][55.792s][3772][6460 ][info][gc,heap     ] GC(51) y:  Capacity:     3072M (100%)       3072M (100%)       3072M (100%)       3072M (100%)       3072M (100%)       3072M (100%)   
[2026-06-26T13:54:58.566-0300][55.792s][3772][6460 ][info][gc,heap     ] GC(51) y:      Free:      828M (27%)         760M (25%)        1038M (34%)        1156M (38%)        1174M (38%)         760M (25%)    
[2026-06-26T13:54:58.566-0300][55.792s][3772][6460 ][info][gc,heap     ] GC(51) y:      Used:     2244M (73%)        2312M (75%)        2034M (66%)        1916M (62%)        2312M (75%)        1898M (62%)    
[2026-06-26T13:54:58.566-0300][55.792s][3772][6460 ][info][gc,heap     ] GC(51) y: Young Generation Statistics:
[2026-06-26T13:54:58.566-0300][55.792s][3772][6460 ][info][gc,heap     ] GC(51) y:                Mark Start          Mark End        Relocate Start      Relocate End    
[2026-06-26T13:54:58.566-0300][55.793s][3772][6460 ][info][gc,heap     ] GC(51) y:      Used:     1110M (36%)        1178M (38%)         340M (11%)         154M (5%)     
[2026-06-26T13:54:58.566-0300][55.793s][3772][6460 ][info][gc,heap     ] GC(51) y:      Live:         -               562M (18%)          27M (1%)           19M (1%)     
[2026-06-26T13:54:58.566-0300][55.793s][3772][6460 ][info][gc,heap     ] GC(51) y:   Garbage:         -               547M (18%)         234M (8%)            0M (0%)     
[2026-06-26T13:54:58.566-0300][55.793s][3772][6460 ][info][gc,heap     ] GC(51) y: Allocated:         -                68M (2%)           78M (3%)          134M (4%)     
[2026-06-26T13:54:58.566-0300][55.793s][3772][6460 ][info][gc,heap     ] GC(51) y: Reclaimed:         -                  -               312M (10%)         546M (18%)    
[2026-06-26T13:54:58.566-0300][55.793s][3772][6460 ][info][gc,heap     ] GC(51) y:  Promoted:         -                  -               535M (17%)         543M (18%)    
[2026-06-26T13:54:58.566-0300][55.793s][3772][6460 ][info][gc,heap     ] GC(51) y: Compacted:         -                  -                  -                17M (1%)     
[2026-06-26T13:54:58.566-0300][55.793s][3772][6460 ][info][gc,phases   ] GC(51) y: Young Generation 2244M(73%)->1916M(62%) 0.760s
[2026-06-26T13:54:58.566-0300][55.793s][3772][6460 ][info][gc          ] GC(51) Minor Collection (Allocation Rate) 2244M(73%)->1916M(62%) 0.761s
[2026-06-26T13:54:59.975-0300][57.201s][3772][8616 ][info][gc          ] GC(52) Major Collection (Allocation Rate)
[2026-06-26T13:54:59.975-0300][57.201s][3772][8616 ][info][gc,task     ] GC(52) Using 2 Workers for Young Generation
[2026-06-26T13:54:59.975-0300][57.201s][3772][8616 ][info][gc,task     ] GC(52) Using 1 Workers for Old Generation
[2026-06-26T13:54:59.975-0300][57.201s][3772][8616 ][info][gc,phases   ] GC(52) Y: Young Generation
[2026-06-26T13:54:59.975-0300][57.201s][3772][1692 ][info][gc,phases   ] GC(52) Y: Pause Mark Start (Major) 0.014ms
[2026-06-26T13:55:00.066-0300][57.293s][3772][8616 ][info][gc,phases   ] GC(52) Y: Concurrent Mark 91.701ms
[2026-06-26T13:55:00.066-0300][57.293s][3772][1692 ][info][gc,phases   ] GC(52) Y: Pause Mark End 0.015ms
[2026-06-26T13:55:00.066-0300][57.293s][3772][8616 ][info][gc,phases   ] GC(52) Y: Concurrent Mark Free 0.003ms
[2026-06-26T13:55:00.070-0300][57.297s][3772][8616 ][info][gc,phases   ] GC(52) Y: Concurrent Reset Relocation Set 3.868ms
[2026-06-26T13:55:00.070-0300][57.297s][3772][8616 ][info][gc,reloc    ] GC(52) Y: Using tenuring threshold: 2 (Computed)
[2026-06-26T13:55:00.075-0300][57.302s][3772][8616 ][info][gc,phases   ] GC(52) Y: Concurrent Select Relocation Set 5.200ms
[2026-06-26T13:55:00.075-0300][57.302s][3772][1692 ][info][gc,phases   ] GC(52) Y: Pause Relocate Start 0.010ms
[2026-06-26T13:55:00.101-0300][57.329s][3772][8616 ][info][gc,phases   ] GC(52) Y: Concurrent Relocate 26.137ms
[2026-06-26T13:55:00.101-0300][57.329s][3772][8616 ][info][gc,alloc    ] GC(52) Y:                         Mark Start        Mark End      Relocate Start    Relocate End   
[2026-06-26T13:55:00.101-0300][57.329s][3772][8616 ][info][gc,alloc    ] GC(52) Y: Allocation Stalls:          0                0                0                0         
[2026-06-26T13:55:00.101-0300][57.329s][3772][8616 ][info][gc,load     ] GC(52) Y: Load: 0.00 (0%) / 0.00 (0%) / 0.00 (0%)
[2026-06-26T13:55:00.101-0300][57.329s][3772][8616 ][info][gc,mmu      ] GC(52) Y: MMU: 2ms/97.1%, 5ms/98.8%, 10ms/99.4%, 20ms/99.6%, 50ms/99.8%, 100ms/99.9%
[2026-06-26T13:55:00.101-0300][57.329s][3772][8616 ][info][gc,marking  ] GC(52) Y: Mark: 2 stripe(s), 3 proactive flush(es), 1 terminate flush(es), 0 completion(s), 0 continuation(s) 
[2026-06-26T13:55:00.101-0300][57.329s][3772][8616 ][info][gc,nmethod  ] GC(52) Y: NMethods: 16313 registered, 434 unregistered
[2026-06-26T13:55:00.101-0300][57.329s][3772][8616 ][info][gc,metaspace] GC(52) Y: Metaspace: 71M used, 73M committed, 1152M reserved
[2026-06-26T13:55:00.101-0300][57.329s][3772][8616 ][info][gc,reloc    ] GC(52) Y:                        Candidates     Selected     In-Place         Size        Empty    Relocated 
[2026-06-26T13:55:00.101-0300][57.329s][3772][8616 ][info][gc,reloc    ] GC(52) Y: Small Pages:                  109           77            0         218M           0M          20M 
[2026-06-26T13:55:00.101-0300][57.329s][3772][8616 ][info][gc,reloc    ] GC(52) Y: Medium Pages:                   2            1            0          64M           0M           4M 
[2026-06-26T13:55:00.101-0300][57.329s][3772][8616 ][info][gc,reloc    ] GC(52) Y: Large Pages:                    0            0            0           0M           0M           0M 
[2026-06-26T13:55:00.101-0300][57.329s][3772][8616 ][info][gc,reloc    ] GC(52) Y: Forwarding Usage: 14M
[2026-06-26T13:55:00.101-0300][57.329s][3772][8616 ][info][gc,reloc    ] GC(52) Y: Age Table:
[2026-06-26T13:55:00.101-0300][57.329s][3772][8616 ][info][gc,reloc    ] GC(52) Y:                    Live             Garbage             Small              Medium             Large        
[2026-06-26T13:55:00.101-0300][57.329s][3772][8616 ][info][gc,reloc    ] GC(52) Y: Eden              44M (1%)          179M (6%)          96 / 73             1 / 0              0 / 0        
[2026-06-26T13:55:00.101-0300][57.329s][3772][8616 ][info][gc,reloc    ] GC(52) Y: Survivor 1        18M (1%)           39M (1%)          13 / 4              1 / 1              0 / 0        
[2026-06-26T13:55:00.101-0300][57.329s][3772][8616 ][info][gc,heap     ] GC(52) Y: Min Capacity: 8M(0%)
[2026-06-26T13:55:00.101-0300][57.329s][3772][8616 ][info][gc,heap     ] GC(52) Y: Max Capacity: 3072M(100%)
[2026-06-26T13:55:00.101-0300][57.329s][3772][8616 ][info][gc,heap     ] GC(52) Y: Soft Max Capacity: 3072M(100%)
[2026-06-26T13:55:00.101-0300][57.329s][3772][8616 ][info][gc,heap     ] GC(52) Y: Heap Statistics:
[2026-06-26T13:55:00.101-0300][57.329s][3772][8616 ][info][gc,heap     ] GC(52) Y:                Mark Start          Mark End        Relocate Start      Relocate End           High               Low         
[2026-06-26T13:55:00.101-0300][57.329s][3772][8616 ][info][gc,heap     ] GC(52) Y:  Capacity:     3072M (100%)       3072M (100%)       3072M (100%)       3072M (100%)       3072M (100%)       3072M (100%)   
[2026-06-26T13:55:00.101-0300][57.329s][3772][8616 ][info][gc,heap     ] GC(52) Y:      Free:     1028M (33%)        1006M (33%)        1006M (33%)        1142M (37%)        1142M (37%)         934M (30%)    
[2026-06-26T13:55:00.101-0300][57.329s][3772][8616 ][info][gc,heap     ] GC(52) Y:      Used:     2044M (67%)        2066M (67%)        2066M (67%)        1930M (63%)        2138M (70%)        1930M (63%)    
[2026-06-26T13:55:00.103-0300][57.329s][3772][8616 ][info][gc,heap     ] GC(52) Y: Young Generation Statistics:
[2026-06-26T13:55:00.103-0300][57.329s][3772][8616 ][info][gc,heap     ] GC(52) Y:                Mark Start          Mark End        Relocate Start      Relocate End    
[2026-06-26T13:55:00.103-0300][57.329s][3772][8616 ][info][gc,heap     ] GC(52) Y:      Used:      282M (9%)          304M (10%)         304M (10%)         168M (5%)     
[2026-06-26T13:55:00.103-0300][57.329s][3772][8616 ][info][gc,heap     ] GC(52) Y:      Live:         -                63M (2%)           63M (2%)           63M (2%)     
[2026-06-26T13:55:00.103-0300][57.329s][3772][8616 ][info][gc,heap     ] GC(52) Y:   Garbage:         -               218M (7%)          218M (7%)            3M (0%)     
[2026-06-26T13:55:00.103-0300][57.329s][3772][8616 ][info][gc,heap     ] GC(52) Y: Allocated:         -                22M (1%)           22M (1%)          101M (3%)     
[2026-06-26T13:55:00.103-0300][57.329s][3772][8616 ][info][gc,heap     ] GC(52) Y: Reclaimed:         -                  -                 0M (0%)          215M (7%)     
[2026-06-26T13:55:00.103-0300][57.329s][3772][8616 ][info][gc,heap     ] GC(52) Y:  Promoted:         -                  -                 0M (0%)            0M (0%)     
[2026-06-26T13:55:00.103-0300][57.329s][3772][8616 ][info][gc,heap     ] GC(52) Y: Compacted:         -                  -                  -                40M (1%)     
[2026-06-26T13:55:00.103-0300][57.329s][3772][8616 ][info][gc,phases   ] GC(52) Y: Young Generation 2044M(67%)->1930M(63%) 0.128s
[2026-06-26T13:55:00.103-0300][57.329s][3772][8616 ][info][gc,phases   ] GC(52) O: Old Generation
[2026-06-26T13:55:02.653-0300][59.879s][3772][6460 ][info][gc          ] GC(53) Minor Collection (Allocation Rate)
[2026-06-26T13:55:02.653-0300][59.879s][3772][6460 ][info][gc,task     ] GC(53) Using 2 Workers for Young Generation
[2026-06-26T13:55:02.653-0300][59.880s][3772][6460 ][info][gc,phases   ] GC(53) y: Young Generation
[2026-06-26T13:55:02.653-0300][59.880s][3772][1692 ][info][gc,phases   ] GC(53) y: Pause Mark Start 0.011ms
[2026-06-26T13:55:02.739-0300][59.966s][3772][6460 ][info][gc,phases   ] GC(53) y: Concurrent Mark 86.342ms
[2026-06-26T13:55:02.740-0300][59.966s][3772][1692 ][info][gc,phases   ] GC(53) y: Pause Mark End 0.013ms
[2026-06-26T13:55:02.740-0300][59.966s][3772][6460 ][info][gc,phases   ] GC(53) y: Concurrent Mark Free 0.004ms
[2026-06-26T13:55:02.740-0300][59.966s][3772][6460 ][info][gc,phases   ] GC(53) y: Concurrent Reset Relocation Set 0.008ms
[2026-06-26T13:55:02.740-0300][59.966s][3772][6460 ][info][gc,reloc    ] GC(53) y: Using tenuring threshold: 1 (Computed)
[2026-06-26T13:55:02.756-0300][59.983s][3772][6460 ][info][gc,phases   ] GC(53) y: Concurrent Select Relocation Set 17.017ms
[2026-06-26T13:55:02.756-0300][59.983s][3772][1692 ][info][gc,phases   ] GC(53) y: Pause Relocate Start 0.011ms
[2026-06-26T13:55:02.785-0300][60.012s][3772][6460 ][info][gc,phases   ] GC(53) y: Concurrent Relocate 28.409ms
[2026-06-26T13:55:02.785-0300][60.012s][3772][6460 ][info][gc,alloc    ] GC(53) y:                         Mark Start        Mark End      Relocate Start    Relocate End   
[2026-06-26T13:55:02.785-0300][60.012s][3772][6460 ][info][gc,alloc    ] GC(53) y: Allocation Stalls:          0                0                0                0         
[2026-06-26T13:55:02.785-0300][60.012s][3772][6460 ][info][gc,load     ] GC(53) y: Load: 0.00 (0%) / 0.00 (0%) / 0.00 (0%)
[2026-06-26T13:55:02.785-0300][60.012s][3772][6460 ][info][gc,mmu      ] GC(53) y: MMU: 2ms/97.1%, 5ms/98.8%, 10ms/99.4%, 20ms/99.6%, 50ms/99.8%, 100ms/99.9%
[2026-06-26T13:55:02.785-0300][60.012s][3772][6460 ][info][gc,marking  ] GC(53) y: Mark: 2 stripe(s), 2 proactive flush(es), 1 terminate flush(es), 0 completion(s), 0 continuation(s) 
[2026-06-26T13:55:02.785-0300][60.012s][3772][6460 ][info][gc,nmethod  ] GC(53) y: NMethods: 18858 registered, 434 unregistered
[2026-06-26T13:55:02.785-0300][60.012s][3772][6460 ][info][gc,metaspace] GC(53) y: Metaspace: 74M used, 76M committed, 1152M reserved
[2026-06-26T13:55:02.785-0300][60.012s][3772][6460 ][info][gc,reloc    ] GC(53) y:                        Candidates     Selected     In-Place         Size        Empty    Relocated 
[2026-06-26T13:55:02.785-0300][60.012s][3772][6460 ][info][gc,reloc    ] GC(53) y: Small Pages:                   87           51            0         174M           8M           5M 
[2026-06-26T13:55:02.785-0300][60.012s][3772][6460 ][info][gc,reloc    ] GC(53) y: Medium Pages:                   2            1            0          64M           0M           4M 
[2026-06-26T13:55:02.785-0300][60.012s][3772][6460 ][info][gc,reloc    ] GC(53) y: Large Pages:                    0            0            0           0M           0M           0M 
[2026-06-26T13:55:02.785-0300][60.012s][3772][6460 ][info][gc,reloc    ] GC(53) y: Forwarding Usage: 2M
[2026-06-26T13:55:02.785-0300][60.012s][3772][6460 ][info][gc,reloc    ] GC(53) y: Age Table:
[2026-06-26T13:55:02.785-0300][60.012s][3772][6460 ][info][gc,reloc    ] GC(53) y:                    Live             Garbage             Small              Medium             Large        
[2026-06-26T13:55:02.785-0300][60.012s][3772][6460 ][info][gc,reloc    ] GC(53) y: Eden               3M (0%)           92M (3%)          48 / 46             0 / 0              0 / 0        
[2026-06-26T13:55:02.785-0300][60.012s][3772][6460 ][info][gc,reloc    ] GC(53) y: Survivor 1        43M (1%)           46M (2%)          29 / 2              1 / 0              0 / 0        
[2026-06-26T13:55:02.785-0300][60.012s][3772][6460 ][info][gc,reloc    ] GC(53) y: Survivor 2        18M (1%)           33M (1%)          10 / 3              1 / 1              0 / 0        
[2026-06-26T13:55:02.785-0300][60.012s][3772][6460 ][info][gc,heap     ] GC(53) y: Min Capacity: 8M(0%)
[2026-06-26T13:55:02.785-0300][60.012s][3772][6460 ][info][gc,heap     ] GC(53) y: Max Capacity: 3072M(100%)
[2026-06-26T13:55:02.785-0300][60.012s][3772][6460 ][info][gc,heap     ] GC(53) y: Soft Max Capacity: 3072M(100%)
[2026-06-26T13:55:02.785-0300][60.012s][3772][6460 ][info][gc,heap     ] GC(53) y: Heap Statistics:
[2026-06-26T13:55:02.785-0300][60.012s][3772][6460 ][info][gc,heap     ] GC(53) y:                Mark Start          Mark End        Relocate Start      Relocate End           High               Low         
[2026-06-26T13:55:02.785-0300][60.012s][3772][6460 ][info][gc,heap     ] GC(53) y:  Capacity:     3072M (100%)       3072M (100%)       3072M (100%)       3072M (100%)       3072M (100%)       3072M (100%)   
[2026-06-26T13:55:02.785-0300][60.012s][3772][6460 ][info][gc,heap     ] GC(53) y:      Free:     1072M (35%)        1056M (34%)        1064M (35%)        1184M (39%)        1188M (39%)        1028M (33%)    
[2026-06-26T13:55:02.785-0300][60.012s][3772][6460 ][info][gc,heap     ] GC(53) y:      Used:     2000M (65%)        2016M (66%)        2008M (65%)        1888M (61%)        2044M (67%)        1884M (61%)    
[2026-06-26T13:55:02.785-0300][60.012s][3772][6460 ][info][gc,heap     ] GC(53) y: Young Generation Statistics:
[2026-06-26T13:55:02.785-0300][60.012s][3772][6460 ][info][gc,heap     ] GC(53) y:                Mark Start          Mark End        Relocate Start      Relocate End    
[2026-06-26T13:55:02.785-0300][60.012s][3772][6460 ][info][gc,heap     ] GC(53) y:      Used:      238M (8%)          254M (8%)          190M (6%)           30M (1%)     
[2026-06-26T13:55:02.785-0300][60.012s][3772][6460 ][info][gc,heap     ] GC(53) y:      Live:         -                66M (2%)           14M (0%)            3M (0%)     
[2026-06-26T13:55:02.785-0300][60.012s][3772][6460 ][info][gc,heap     ] GC(53) y:   Garbage:         -               171M (6%)          159M (5%)            0M (0%)     
[2026-06-26T13:55:02.785-0300][60.012s][3772][6460 ][info][gc,heap     ] GC(53) y: Allocated:         -                16M (1%)           16M (1%)           26M (1%)     
[2026-06-26T13:55:02.785-0300][60.012s][3772][6460 ][info][gc,heap     ] GC(53) y: Reclaimed:         -                  -                11M (0%)          171M (6%)     
[2026-06-26T13:55:02.785-0300][60.012s][3772][6460 ][info][gc,heap     ] GC(53) y:  Promoted:         -                  -                52M (2%)           62M (2%)     
[2026-06-26T13:55:02.785-0300][60.012s][3772][6460 ][info][gc,heap     ] GC(53) y: Compacted:         -                  -                  -                 3M (0%)     
[2026-06-26T13:55:02.785-0300][60.012s][3772][6460 ][info][gc,phases   ] GC(53) y: Young Generation 2000M(65%)->1888M(61%) 0.132s
[2026-06-26T13:55:02.785-0300][60.012s][3772][6460 ][info][gc          ] GC(53) Minor Collection (Allocation Rate) 2000M(65%)->1888M(61%) 0.133s
[2026-06-26T13:55:02.828-0300][60.055s][3772][8616 ][info][gc,phases   ] GC(52) O: Concurrent Mark 2725.994ms
[2026-06-26T13:55:02.828-0300][60.055s][3772][1692 ][info][gc,phases   ] GC(52) O: Pause Mark End 0.014ms
[2026-06-26T13:55:02.828-0300][60.055s][3772][8616 ][info][gc,phases   ] GC(52) O: Concurrent Mark Free 0.001ms
[2026-06-26T13:55:02.890-0300][60.118s][3772][8616 ][info][gc,phases   ] GC(52) O: Concurrent Process Non-Strong 62.313ms
[2026-06-26T13:55:02.890-0300][60.118s][3772][8616 ][info][gc,phases   ] GC(52) O: Concurrent Reset Relocation Set 0.005ms
[2026-06-26T13:55:02.898-0300][60.125s][3772][8616 ][info][gc,phases   ] GC(52) O: Concurrent Select Relocation Set 6.952ms
[2026-06-26T13:55:02.898-0300][60.125s][3772][8616 ][info][gc,task     ] GC(52) O: Using 3 Workers for Old Generation
[2026-06-26T13:55:02.908-0300][60.135s][3772][8616 ][info][gc,task     ] GC(52) O: Using 1 Workers for Old Generation
[2026-06-26T13:55:02.908-0300][60.135s][3772][8616 ][info][gc,phases   ] GC(52) O: Concurrent Remap Roots 9.882ms
[2026-06-26T13:55:02.908-0300][60.135s][3772][1692 ][info][gc,phases   ] GC(52) O: Pause Relocate Start 0.012ms
[2026-06-26T13:55:03.027-0300][60.254s][3772][8616 ][info][gc,phases   ] GC(52) O: Concurrent Relocate 119.435ms
[2026-06-26T13:55:03.027-0300][60.254s][3772][8616 ][info][gc,alloc    ] GC(52) O:                         Mark Start        Mark End      Relocate Start    Relocate End   
[2026-06-26T13:55:03.027-0300][60.254s][3772][8616 ][info][gc,alloc    ] GC(52) O: Allocation Stalls:          0                0                0                0         
[2026-06-26T13:55:03.027-0300][60.254s][3772][8616 ][info][gc,load     ] GC(52) O: Load: 0.00 (0%) / 0.00 (0%) / 0.00 (0%)
[2026-06-26T13:55:03.027-0300][60.254s][3772][8616 ][info][gc,mmu      ] GC(52) O: MMU: 2ms/97.1%, 5ms/98.8%, 10ms/99.4%, 20ms/99.6%, 50ms/99.8%, 100ms/99.9%
[2026-06-26T13:55:03.027-0300][60.254s][3772][8616 ][info][gc,marking  ] GC(52) O: Mark: 1 stripe(s), 2 proactive flush(es), 1 terminate flush(es), 0 completion(s), 0 continuation(s) 
[2026-06-26T13:55:03.027-0300][60.254s][3772][8616 ][info][gc,nmethod  ] GC(52) O: NMethods: 15783 registered, 3569 unregistered
[2026-06-26T13:55:03.027-0300][60.254s][3772][8616 ][info][gc,metaspace] GC(52) O: Metaspace: 74M used, 76M committed, 1152M reserved
[2026-06-26T13:55:03.027-0300][60.254s][3772][8616 ][info][gc,ref      ] GC(52) O:                       Encountered   Discovered     Enqueued 
[2026-06-26T13:55:03.027-0300][60.254s][3772][8616 ][info][gc,ref      ] GC(52) O: Soft References:             5896            0            0 
[2026-06-26T13:55:03.027-0300][60.254s][3772][8616 ][info][gc,ref      ] GC(52) O: Weak References:             7056         3662          190 
[2026-06-26T13:55:03.027-0300][60.254s][3772][8616 ][info][gc,ref      ] GC(52) O: Final References:              19           14            0 
[2026-06-26T13:55:03.027-0300][60.254s][3772][8616 ][info][gc,ref      ] GC(52) O: Phantom References:        288017       215601       209107 
[2026-06-26T13:55:03.027-0300][60.254s][3772][8616 ][info][gc,reloc    ] GC(52) O:                        Candidates     Selected     In-Place         Size        Empty    Relocated 
[2026-06-26T13:55:03.027-0300][60.254s][3772][8616 ][info][gc,reloc    ] GC(52) O: Small Pages:                  787           11            0        1574M           2M           8M 
[2026-06-26T13:55:03.027-0300][60.254s][3772][8616 ][info][gc,reloc    ] GC(52) O: Medium Pages:                   4            2            0         128M           0M          10M 
[2026-06-26T13:55:03.027-0300][60.254s][3772][8616 ][info][gc,reloc    ] GC(52) O: Large Pages:                    5            0            0          60M           0M           0M 
[2026-06-26T13:55:03.027-0300][60.254s][3772][8616 ][info][gc,reloc    ] GC(52) O: Forwarding Usage: 30M
[2026-06-26T13:55:03.027-0300][60.254s][3772][8616 ][info][gc,heap     ] GC(52) O: Min Capacity: 8M(0%)
[2026-06-26T13:55:03.027-0300][60.254s][3772][8616 ][info][gc,heap     ] GC(52) O: Max Capacity: 3072M(100%)
[2026-06-26T13:55:03.027-0300][60.255s][3772][8616 ][info][gc,heap     ] GC(52) O: Soft Max Capacity: 3072M(100%)
[2026-06-26T13:55:03.027-0300][60.255s][3772][8616 ][info][gc,heap     ] GC(52) O: Heap Statistics:
[2026-06-26T13:55:03.027-0300][60.255s][3772][8616 ][info][gc,heap     ] GC(52) O:                Mark Start          Mark End        Relocate Start      Relocate End           High               Low         
[2026-06-26T13:55:03.027-0300][60.255s][3772][8616 ][info][gc,heap     ] GC(52) O:  Capacity:     3072M (100%)       3072M (100%)       3072M (100%)       3072M (100%)       3072M (100%)       3072M (100%)   
[2026-06-26T13:55:03.027-0300][60.255s][3772][8616 ][info][gc,heap     ] GC(52) O:      Free:     1028M (33%)        1180M (38%)        1182M (38%)        1264M (41%)        1264M (41%)         934M (30%)    
[2026-06-26T13:55:03.027-0300][60.255s][3772][8616 ][info][gc,heap     ] GC(52) O:      Used:     2044M (67%)        1892M (62%)        1890M (62%)        1808M (59%)        2138M (70%)        1808M (59%)    
[2026-06-26T13:55:03.027-0300][60.255s][3772][8616 ][info][gc,heap     ] GC(52) O: Old Generation Statistics:
[2026-06-26T13:55:03.027-0300][60.255s][3772][8616 ][info][gc,heap     ] GC(52) O:                Mark Start          Mark End        Relocate Start      Relocate End    
[2026-06-26T13:55:03.027-0300][60.255s][3772][8616 ][info][gc,heap     ] GC(52) O:      Used:     1762M (57%)        1858M (60%)        1856M (60%)        1772M (58%)    
[2026-06-26T13:55:03.027-0300][60.255s][3772][8616 ][info][gc,heap     ] GC(52) O:      Live:         -              1568M (51%)        1568M (51%)        1568M (51%)    
[2026-06-26T13:55:03.027-0300][60.255s][3772][8616 ][info][gc,heap     ] GC(52) O:   Garbage:         -               193M (6%)          191M (6%)           77M (3%)     
[2026-06-26T13:55:03.027-0300][60.255s][3772][8616 ][info][gc,heap     ] GC(52) O: Allocated:         -                96M (3%)           96M (3%)          126M (4%)     
[2026-06-26T13:55:03.027-0300][60.255s][3772][8616 ][info][gc,heap     ] GC(52) O: Reclaimed:         -                  -                 2M (0%)          116M (4%)     
[2026-06-26T13:55:03.027-0300][60.255s][3772][8616 ][info][gc,heap     ] GC(52) O: Compacted:         -                  -                  -                75M (2%)     
[2026-06-26T13:55:03.027-0300][60.255s][3772][8616 ][info][gc,phases   ] GC(52) O: Old Generation 1930M(63%)->1808M(59%) 2.925s
[2026-06-26T13:55:03.027-0300][60.255s][3772][8616 ][info][gc          ] GC(52) Major Collection (Allocation Rate) 2044M(67%)->1808M(59%) 3.054s
[2026-06-26T13:55:21.877-0300][79.103s][3772][6460 ][info][gc          ] GC(54) Minor Collection (Allocation Rate)
[2026-06-26T13:55:21.877-0300][79.103s][3772][6460 ][info][gc,task     ] GC(54) Using 2 Workers for Young Generation
[2026-06-26T13:55:21.877-0300][79.103s][3772][6460 ][info][gc,phases   ] GC(54) y: Young Generation
[2026-06-26T13:55:21.877-0300][79.103s][3772][1692 ][info][gc,phases   ] GC(54) y: Pause Mark Start 0.009ms
[2026-06-26T13:55:21.951-0300][79.179s][3772][6460 ][info][gc,phases   ] GC(54) y: Concurrent Mark 75.504ms
[2026-06-26T13:55:21.951-0300][79.179s][3772][1692 ][info][gc,phases   ] GC(54) y: Pause Mark End 0.015ms
[2026-06-26T13:55:21.951-0300][79.179s][3772][6460 ][info][gc,phases   ] GC(54) y: Concurrent Mark Free 0.001ms
[2026-06-26T13:55:21.953-0300][79.180s][3772][6460 ][info][gc,phases   ] GC(54) y: Concurrent Reset Relocation Set 0.831ms
[2026-06-26T13:55:21.953-0300][79.180s][3772][6460 ][info][gc,reloc    ] GC(54) y: Using tenuring threshold: 2 (Computed)
[2026-06-26T13:55:21.955-0300][79.182s][3772][6460 ][info][gc,phases   ] GC(54) y: Concurrent Select Relocation Set 1.917ms
[2026-06-26T13:55:21.955-0300][79.182s][3772][1692 ][info][gc,phases   ] GC(54) y: Pause Relocate Start 0.011ms
[2026-06-26T13:55:21.970-0300][79.197s][3772][6460 ][info][gc,phases   ] GC(54) y: Concurrent Relocate 15.556ms
[2026-06-26T13:55:21.970-0300][79.198s][3772][6460 ][info][gc,alloc    ] GC(54) y:                         Mark Start        Mark End      Relocate Start    Relocate End   
[2026-06-26T13:55:21.970-0300][79.198s][3772][6460 ][info][gc,alloc    ] GC(54) y: Allocation Stalls:          0                0                0                0         
[2026-06-26T13:55:21.970-0300][79.198s][3772][6460 ][info][gc,load     ] GC(54) y: Load: 0.00 (0%) / 0.00 (0%) / 0.00 (0%)
[2026-06-26T13:55:21.970-0300][79.198s][3772][6460 ][info][gc,mmu      ] GC(54) y: MMU: 2ms/97.1%, 5ms/98.8%, 10ms/99.4%, 20ms/99.6%, 50ms/99.8%, 100ms/99.9%
[2026-06-26T13:55:21.970-0300][79.198s][3772][6460 ][info][gc,marking  ] GC(54) y: Mark: 2 stripe(s), 2 proactive flush(es), 1 terminate flush(es), 0 completion(s), 0 continuation(s) 
[2026-06-26T13:55:21.970-0300][79.198s][3772][6460 ][info][gc,nmethod  ] GC(54) y: NMethods: 19533 registered, 0 unregistered
[2026-06-26T13:55:21.970-0300][79.198s][3772][6460 ][info][gc,metaspace] GC(54) y: Metaspace: 76M used, 78M committed, 1152M reserved
[2026-06-26T13:55:21.970-0300][79.198s][3772][6460 ][info][gc,reloc    ] GC(54) y:                        Candidates     Selected     In-Place         Size        Empty    Relocated 
[2026-06-26T13:55:21.970-0300][79.198s][3772][6460 ][info][gc,reloc    ] GC(54) y: Small Pages:                  271          194            0         542M          82M          14M 
[2026-06-26T13:55:21.970-0300][79.198s][3772][6460 ][info][gc,reloc    ] GC(54) y: Medium Pages:                   1            0            0          32M           0M           0M 
[2026-06-26T13:55:21.970-0300][79.198s][3772][6460 ][info][gc,reloc    ] GC(54) y: Large Pages:                    0            0            0           0M           0M           0M 
[2026-06-26T13:55:21.970-0300][79.198s][3772][6460 ][info][gc,reloc    ] GC(54) y: Forwarding Usage: 8M
[2026-06-26T13:55:21.970-0300][79.198s][3772][6460 ][info][gc,reloc    ] GC(54) y: Age Table:
[2026-06-26T13:55:21.970-0300][79.198s][3772][6460 ][info][gc,reloc    ] GC(54) y:                    Live             Garbage             Small              Medium             Large        
[2026-06-26T13:55:21.970-0300][79.198s][3772][6460 ][info][gc,reloc    ] GC(54) y: Eden              59M (2%)          506M (16%)        267 / 193            1 / 0              0 / 0        
[2026-06-26T13:55:21.970-0300][79.198s][3772][6460 ][info][gc,reloc    ] GC(54) y: Survivor 1         3M (0%)            4M (0%)           4 / 1              0 / 0              0 / 0        
[2026-06-26T13:55:21.970-0300][79.198s][3772][6460 ][info][gc,heap     ] GC(54) y: Min Capacity: 8M(0%)
[2026-06-26T13:55:21.970-0300][79.198s][3772][6460 ][info][gc,heap     ] GC(54) y: Max Capacity: 3072M(100%)
[2026-06-26T13:55:21.970-0300][79.198s][3772][6460 ][info][gc,heap     ] GC(54) y: Soft Max Capacity: 3072M(100%)
[2026-06-26T13:55:21.970-0300][79.198s][3772][6460 ][info][gc,heap     ] GC(54) y: Heap Statistics:
[2026-06-26T13:55:21.970-0300][79.198s][3772][6460 ][info][gc,heap     ] GC(54) y:                Mark Start          Mark End        Relocate Start      Relocate End           High               Low         
[2026-06-26T13:55:21.970-0300][79.198s][3772][6460 ][info][gc,heap     ] GC(54) y:  Capacity:     3072M (100%)       3072M (100%)       3072M (100%)       3072M (100%)       3072M (100%)       3072M (100%)   
[2026-06-26T13:55:21.970-0300][79.198s][3772][6460 ][info][gc,heap     ] GC(54) y:      Free:      726M (24%)         710M (23%)         792M (26%)        1170M (38%)        1170M (38%)         710M (23%)    
[2026-06-26T13:55:21.970-0300][79.198s][3772][6460 ][info][gc,heap     ] GC(54) y:      Used:     2346M (76%)        2362M (77%)        2280M (74%)        1902M (62%)        2362M (77%)        1902M (62%)    
[2026-06-26T13:55:21.970-0300][79.198s][3772][6460 ][info][gc,heap     ] GC(54) y: Young Generation Statistics:
[2026-06-26T13:55:21.971-0300][79.198s][3772][6460 ][info][gc,heap     ] GC(54) y:                Mark Start          Mark End        Relocate Start      Relocate End    
[2026-06-26T13:55:21.971-0300][79.198s][3772][6460 ][info][gc,heap     ] GC(54) y:      Used:      574M (19%)         590M (19%)         508M (17%)         130M (4%)     
[2026-06-26T13:55:21.971-0300][79.198s][3772][6460 ][info][gc,heap     ] GC(54) y:      Live:         -                62M (2%)           62M (2%)           62M (2%)     
[2026-06-26T13:55:21.971-0300][79.198s][3772][6460 ][info][gc,heap     ] GC(54) y:   Garbage:         -               511M (17%)         429M (14%)          37M (1%)     
[2026-06-26T13:55:21.971-0300][79.198s][3772][6460 ][info][gc,heap     ] GC(54) y: Allocated:         -                16M (1%)           16M (1%)           29M (1%)     
[2026-06-26T13:55:21.971-0300][79.198s][3772][6460 ][info][gc,heap     ] GC(54) y: Reclaimed:         -                  -                82M (3%)          473M (15%)    
[2026-06-26T13:55:21.971-0300][79.198s][3772][6460 ][info][gc,heap     ] GC(54) y:  Promoted:         -                  -                 0M (0%)            0M (0%)     
[2026-06-26T13:55:21.971-0300][79.198s][3772][6460 ][info][gc,heap     ] GC(54) y: Compacted:         -                  -                  -                20M (1%)     
[2026-06-26T13:55:21.971-0300][79.198s][3772][6460 ][info][gc,phases   ] GC(54) y: Young Generation 2346M(76%)->1902M(62%) 0.094s
[2026-06-26T13:55:21.971-0300][79.198s][3772][6460 ][info][gc          ] GC(54) Minor Collection (Allocation Rate) 2346M(76%)->1902M(62%) 0.095s
[2026-06-26T13:55:33.350-0300][90.577s][3772][6460 ][info][gc          ] GC(55) Minor Collection (Allocation Rate)
[2026-06-26T13:55:33.350-0300][90.577s][3772][6460 ][info][gc,task     ] GC(55) Using 1 Workers for Young Generation
[2026-06-26T13:55:33.350-0300][90.577s][3772][6460 ][info][gc,phases   ] GC(55) y: Young Generation
[2026-06-26T13:55:33.350-0300][90.577s][3772][1692 ][info][gc,phases   ] GC(55) y: Pause Mark Start 0.015ms
[2026-06-26T13:55:33.479-0300][90.707s][3772][6460 ][info][gc,phases   ] GC(55) y: Concurrent Mark 129.573ms
[2026-06-26T13:55:33.479-0300][90.707s][3772][1692 ][info][gc,phases   ] GC(55) y: Pause Mark End 0.015ms
[2026-06-26T13:55:33.480-0300][90.707s][3772][6460 ][info][gc,phases   ] GC(55) y: Concurrent Mark Free 0.001ms
[2026-06-26T13:55:33.480-0300][90.707s][3772][6460 ][info][gc,phases   ] GC(55) y: Concurrent Reset Relocation Set 0.022ms
[2026-06-26T13:55:33.480-0300][90.707s][3772][6460 ][info][gc,reloc    ] GC(55) y: Using tenuring threshold: 1 (Computed)
[2026-06-26T13:55:33.505-0300][90.732s][3772][6460 ][info][gc,phases   ] GC(55) y: Concurrent Select Relocation Set 25.025ms
[2026-06-26T13:55:33.505-0300][90.732s][3772][1692 ][info][gc,phases   ] GC(55) y: Pause Relocate Start 0.011ms
[2026-06-26T13:55:33.544-0300][90.771s][3772][6460 ][info][gc,phases   ] GC(55) y: Concurrent Relocate 38.809ms
[2026-06-26T13:55:33.544-0300][90.771s][3772][6460 ][info][gc,alloc    ] GC(55) y:                         Mark Start        Mark End      Relocate Start    Relocate End   
[2026-06-26T13:55:33.544-0300][90.771s][3772][6460 ][info][gc,alloc    ] GC(55) y: Allocation Stalls:          0                0                0                0         
[2026-06-26T13:55:33.544-0300][90.771s][3772][6460 ][info][gc,load     ] GC(55) y: Load: 0.00 (0%) / 0.00 (0%) / 0.00 (0%)
[2026-06-26T13:55:33.544-0300][90.771s][3772][6460 ][info][gc,mmu      ] GC(55) y: MMU: 2ms/97.1%, 5ms/98.8%, 10ms/99.4%, 20ms/99.6%, 50ms/99.8%, 100ms/99.9%
[2026-06-26T13:55:33.544-0300][90.771s][3772][6460 ][info][gc,marking  ] GC(55) y: Mark: 1 stripe(s), 2 proactive flush(es), 1 terminate flush(es), 0 completion(s), 0 continuation(s) 
[2026-06-26T13:55:33.544-0300][90.771s][3772][6460 ][info][gc,nmethod  ] GC(55) y: NMethods: 20272 registered, 0 unregistered
[2026-06-26T13:55:33.544-0300][90.771s][3772][6460 ][info][gc,metaspace] GC(55) y: Metaspace: 76M used, 78M committed, 1152M reserved
[2026-06-26T13:55:33.544-0300][90.771s][3772][6460 ][info][gc,reloc    ] GC(55) y:                        Candidates     Selected     In-Place         Size        Empty    Relocated 
[2026-06-26T13:55:33.544-0300][90.771s][3772][6460 ][info][gc,reloc    ] GC(55) y: Small Pages:                  221          108            0         442M         150M           4M 
[2026-06-26T13:55:33.544-0300][90.771s][3772][6460 ][info][gc,reloc    ] GC(55) y: Medium Pages:                   1            0            0          32M           0M           0M 
[2026-06-26T13:55:33.544-0300][90.771s][3772][6460 ][info][gc,reloc    ] GC(55) y: Large Pages:                    0            0            0           0M           0M           0M 
[2026-06-26T13:55:33.544-0300][90.771s][3772][6460 ][info][gc,reloc    ] GC(55) y: Forwarding Usage: 2M
[2026-06-26T13:55:33.544-0300][90.771s][3772][6460 ][info][gc,reloc    ] GC(55) y: Age Table:
[2026-06-26T13:55:33.544-0300][90.771s][3772][6460 ][info][gc,reloc    ] GC(55) y:                    Live             Garbage             Small              Medium             Large        
[2026-06-26T13:55:33.544-0300][90.771s][3772][6460 ][info][gc,reloc    ] GC(55) y: Eden               7M (0%)          352M (11%)        180 / 102            0 / 0              0 / 0        
[2026-06-26T13:55:33.544-0300][90.771s][3772][6460 ][info][gc,reloc    ] GC(55) y: Survivor 1        57M (2%)           50M (2%)          38 / 6              1 / 0              0 / 0        
[2026-06-26T13:55:33.544-0300][90.771s][3772][6460 ][info][gc,reloc    ] GC(55) y: Survivor 2         3M (0%)            2M (0%)           3 / 0              0 / 0              0 / 0        
[2026-06-26T13:55:33.544-0300][90.771s][3772][6460 ][info][gc,heap     ] GC(55) y: Min Capacity: 8M(0%)
[2026-06-26T13:55:33.544-0300][90.771s][3772][6460 ][info][gc,heap     ] GC(55) y: Max Capacity: 3072M(100%)
[2026-06-26T13:55:33.544-0300][90.771s][3772][6460 ][info][gc,heap     ] GC(55) y: Soft Max Capacity: 3072M(100%)
[2026-06-26T13:55:33.544-0300][90.771s][3772][6460 ][info][gc,heap     ] GC(55) y: Heap Statistics:
[2026-06-26T13:55:33.544-0300][90.771s][3772][6460 ][info][gc,heap     ] GC(55) y:                Mark Start          Mark End        Relocate Start      Relocate End           High               Low         
[2026-06-26T13:55:33.544-0300][90.771s][3772][6460 ][info][gc,heap     ] GC(55) y:  Capacity:     3072M (100%)       3072M (100%)       3072M (100%)       3072M (100%)       3072M (100%)       3072M (100%)   
[2026-06-26T13:55:33.544-0300][90.771s][3772][6460 ][info][gc,heap     ] GC(55) y:      Free:      826M (27%)         808M (26%)         956M (31%)        1164M (38%)        1164M (38%)         808M (26%)    
[2026-06-26T13:55:33.544-0300][90.771s][3772][6460 ][info][gc,heap     ] GC(55) y:      Used:     2246M (73%)        2264M (74%)        2116M (69%)        1908M (62%)        2264M (74%)        1908M (62%)    
[2026-06-26T13:55:33.544-0300][90.771s][3772][6460 ][info][gc,heap     ] GC(55) y: Young Generation Statistics:
[2026-06-26T13:55:33.544-0300][90.771s][3772][6460 ][info][gc,heap     ] GC(55) y:                Mark Start          Mark End        Relocate Start      Relocate End    
[2026-06-26T13:55:33.544-0300][90.771s][3772][6460 ][info][gc,heap     ] GC(55) y:      Used:      474M (15%)         492M (16%)         248M (8%)           34M (1%)     
[2026-06-26T13:55:33.544-0300][90.771s][3772][6460 ][info][gc,heap     ] GC(55) y:      Live:         -                68M (2%)            9M (0%)            7M (0%)     
[2026-06-26T13:55:33.544-0300][90.771s][3772][6460 ][info][gc,heap     ] GC(55) y:   Garbage:         -               405M (13%)         218M (7%)            0M (0%)     
[2026-06-26T13:55:33.544-0300][90.771s][3772][6460 ][info][gc,heap     ] GC(55) y: Allocated:         -                18M (1%)           20M (1%)           25M (1%)     
[2026-06-26T13:55:33.544-0300][90.771s][3772][6460 ][info][gc,heap     ] GC(55) y: Reclaimed:         -                  -               187M (6%)          404M (13%)    
[2026-06-26T13:55:33.544-0300][90.771s][3772][6460 ][info][gc,heap     ] GC(55) y:  Promoted:         -                  -                58M (2%)           61M (2%)     
[2026-06-26T13:55:33.544-0300][90.771s][3772][6460 ][info][gc,heap     ] GC(55) y: Compacted:         -                  -                  -                 4M (0%)     
[2026-06-26T13:55:33.544-0300][90.771s][3772][6460 ][info][gc,phases   ] GC(55) y: Young Generation 2246M(73%)->1908M(62%) 0.194s
[2026-06-26T13:55:33.544-0300][90.771s][3772][6460 ][info][gc          ] GC(55) Minor Collection (Allocation Rate) 2246M(73%)->1908M(62%) 0.194s
[2026-06-26T13:55:54.601-0300][111.828s][3772][6460 ][info][gc          ] GC(56) Minor Collection (Allocation Rate)
[2026-06-26T13:55:54.601-0300][111.828s][3772][6460 ][info][gc,task     ] GC(56) Using 1 Workers for Young Generation
[2026-06-26T13:55:54.601-0300][111.828s][3772][6460 ][info][gc,phases   ] GC(56) y: Young Generation
[2026-06-26T13:55:54.601-0300][111.828s][3772][1692 ][info][gc,phases   ] GC(56) y: Pause Mark Start 0.012ms
[2026-06-26T13:55:54.675-0300][111.902s][3772][6460 ][info][gc,phases   ] GC(56) y: Concurrent Mark 73.722ms
[2026-06-26T13:55:54.675-0300][111.902s][3772][1692 ][info][gc,phases   ] GC(56) y: Pause Mark End 0.012ms
[2026-06-26T13:55:54.675-0300][111.902s][3772][6460 ][info][gc,phases   ] GC(56) y: Concurrent Mark Free 0.004ms
[2026-06-26T13:55:54.676-0300][111.903s][3772][6460 ][info][gc,phases   ] GC(56) y: Concurrent Reset Relocation Set 0.786ms
[2026-06-26T13:55:54.676-0300][111.903s][3772][6460 ][info][gc,reloc    ] GC(56) y: Using tenuring threshold: 2 (Computed)
[2026-06-26T13:55:54.676-0300][111.903s][3772][6460 ][info][gc,phases   ] GC(56) y: Concurrent Select Relocation Set 0.401ms
[2026-06-26T13:55:54.676-0300][111.903s][3772][1692 ][info][gc,phases   ] GC(56) y: Pause Relocate Start 0.009ms
[2026-06-26T13:55:54.686-0300][111.913s][3772][6460 ][info][gc,phases   ] GC(56) y: Concurrent Relocate 9.671ms
[2026-06-26T13:55:54.686-0300][111.913s][3772][6460 ][info][gc,alloc    ] GC(56) y:                         Mark Start        Mark End      Relocate Start    Relocate End   
[2026-06-26T13:55:54.686-0300][111.913s][3772][6460 ][info][gc,alloc    ] GC(56) y: Allocation Stalls:          0                0                0                0         
[2026-06-26T13:55:54.686-0300][111.913s][3772][6460 ][info][gc,load     ] GC(56) y: Load: 0.00 (0%) / 0.00 (0%) / 0.00 (0%)
[2026-06-26T13:55:54.686-0300][111.913s][3772][6460 ][info][gc,mmu      ] GC(56) y: MMU: 2ms/97.1%, 5ms/98.8%, 10ms/99.4%, 20ms/99.6%, 50ms/99.8%, 100ms/99.9%
[2026-06-26T13:55:54.686-0300][111.913s][3772][6460 ][info][gc,marking  ] GC(56) y: Mark: 1 stripe(s), 2 proactive flush(es), 1 terminate flush(es), 0 completion(s), 0 continuation(s) 
[2026-06-26T13:55:54.686-0300][111.913s][3772][6460 ][info][gc,nmethod  ] GC(56) y: NMethods: 21263 registered, 0 unregistered
[2026-06-26T13:55:54.686-0300][111.913s][3772][6460 ][info][gc,metaspace] GC(56) y: Metaspace: 77M used, 78M committed, 1152M reserved
[2026-06-26T13:55:54.686-0300][111.913s][3772][6460 ][info][gc,reloc    ] GC(56) y:                        Candidates     Selected     In-Place         Size        Empty    Relocated 
[2026-06-26T13:55:54.686-0300][111.913s][3772][6460 ][info][gc,reloc    ] GC(56) y: Small Pages:                  416          179            0         832M         462M           3M 
[2026-06-26T13:55:54.686-0300][111.913s][3772][6460 ][info][gc,reloc    ] GC(56) y: Medium Pages:                   0            0            0           0M           0M           0M 
[2026-06-26T13:55:54.686-0300][111.913s][3772][6460 ][info][gc,reloc    ] GC(56) y: Large Pages:                    0            0            0           0M           0M           0M 
[2026-06-26T13:55:54.686-0300][111.913s][3772][6460 ][info][gc,reloc    ] GC(56) y: Forwarding Usage: 2M
[2026-06-26T13:55:54.686-0300][111.913s][3772][6460 ][info][gc,reloc    ] GC(56) y: Age Table:
[2026-06-26T13:55:54.686-0300][111.913s][3772][6460 ][info][gc,reloc    ] GC(56) y:                    Live             Garbage             Small              Medium             Large        
[2026-06-26T13:55:54.686-0300][111.913s][3772][6460 ][info][gc,reloc    ] GC(56) y: Eden               3M (0%)          814M (26%)        409 / 177            0 / 0              0 / 0        
[2026-06-26T13:55:54.686-0300][111.913s][3772][6460 ][info][gc,reloc    ] GC(56) y: Survivor 1         5M (0%)            8M (0%)           7 / 2              0 / 0              0 / 0        
[2026-06-26T13:55:54.686-0300][111.913s][3772][6460 ][info][gc,heap     ] GC(56) y: Min Capacity: 8M(0%)
[2026-06-26T13:55:54.686-0300][111.913s][3772][6460 ][info][gc,heap     ] GC(56) y: Max Capacity: 3072M(100%)
[2026-06-26T13:55:54.686-0300][111.913s][3772][6460 ][info][gc,heap     ] GC(56) y: Soft Max Capacity: 3072M(100%)
[2026-06-26T13:55:54.686-0300][111.913s][3772][6460 ][info][gc,heap     ] GC(56) y: Heap Statistics:
[2026-06-26T13:55:54.687-0300][111.913s][3772][6460 ][info][gc,heap     ] GC(56) y:                Mark Start          Mark End        Relocate Start      Relocate End           High               Low         
[2026-06-26T13:55:54.687-0300][111.913s][3772][6460 ][info][gc,heap     ] GC(56) y:  Capacity:     3072M (100%)       3072M (100%)       3072M (100%)       3072M (100%)       3072M (100%)       3072M (100%)   
[2026-06-26T13:55:54.687-0300][111.913s][3772][6460 ][info][gc,heap     ] GC(56) y:      Free:      366M (12%)         348M (11%)         810M (26%)        1160M (38%)        1160M (38%)         348M (11%)    
[2026-06-26T13:55:54.687-0300][111.913s][3772][6460 ][info][gc,heap     ] GC(56) y:      Used:     2706M (88%)        2724M (89%)        2262M (74%)        1912M (62%)        2724M (89%)        1912M (62%)    
[2026-06-26T13:55:54.687-0300][111.913s][3772][6460 ][info][gc,heap     ] GC(56) y: Young Generation Statistics:
[2026-06-26T13:55:54.687-0300][111.913s][3772][6460 ][info][gc,heap     ] GC(56) y:                Mark Start          Mark End        Relocate Start      Relocate End    
[2026-06-26T13:55:54.687-0300][111.913s][3772][6460 ][info][gc,heap     ] GC(56) y:      Used:      832M (27%)         850M (28%)         388M (13%)          38M (1%)     
[2026-06-26T13:55:54.687-0300][111.913s][3772][6460 ][info][gc,heap     ] GC(56) y:      Live:         -                 9M (0%)            9M (0%)            9M (0%)     
[2026-06-26T13:55:54.687-0300][111.913s][3772][6460 ][info][gc,heap     ] GC(56) y:   Garbage:         -               822M (27%)         360M (12%)           1M (0%)     
[2026-06-26T13:55:54.687-0300][111.913s][3772][6460 ][info][gc,heap     ] GC(56) y: Allocated:         -                18M (1%)           18M (1%)           26M (1%)     
[2026-06-26T13:55:54.687-0300][111.913s][3772][6460 ][info][gc,heap     ] GC(56) y: Reclaimed:         -                  -               462M (15%)         820M (27%)    
[2026-06-26T13:55:54.687-0300][111.913s][3772][6460 ][info][gc,heap     ] GC(56) y:  Promoted:         -                  -                 0M (0%)            0M (0%)     
[2026-06-26T13:55:54.687-0300][111.913s][3772][6460 ][info][gc,heap     ] GC(56) y: Compacted:         -                  -                  -                 5M (0%)     
[2026-06-26T13:55:54.687-0300][111.914s][3772][6460 ][info][gc,phases   ] GC(56) y: Young Generation 2706M(88%)->1912M(62%) 0.085s
[2026-06-26T13:55:54.687-0300][111.914s][3772][6460 ][info][gc          ] GC(56) Minor Collection (Allocation Rate) 2706M(88%)->1912M(62%) 0.085s
[2026-06-26T13:56:19.108-0300][136.335s][3772][8616 ][info][gc          ] GC(57) Major Collection (CodeCache GC Threshold)
[2026-06-26T13:56:19.109-0300][136.335s][3772][8616 ][info][gc,task     ] GC(57) Using 1 Workers for Young Generation
[2026-06-26T13:56:19.109-0300][136.335s][3772][8616 ][info][gc,task     ] GC(57) Using 1 Workers for Old Generation
[2026-06-26T13:56:19.109-0300][136.336s][3772][8616 ][info][gc,phases   ] GC(57) Y: Young Generation
[2026-06-26T13:56:19.109-0300][136.336s][3772][1692 ][info][gc,phases   ] GC(57) Y: Pause Mark Start (Major) 0.013ms
[2026-06-26T13:56:19.173-0300][136.400s][3772][8616 ][info][gc,phases   ] GC(57) Y: Concurrent Mark 64.264ms
[2026-06-26T13:56:19.173-0300][136.400s][3772][1692 ][info][gc,phases   ] GC(57) Y: Pause Mark End 0.013ms
[2026-06-26T13:56:19.173-0300][136.400s][3772][8616 ][info][gc,phases   ] GC(57) Y: Concurrent Mark Free 0.002ms
[2026-06-26T13:56:19.173-0300][136.400s][3772][8616 ][info][gc,phases   ] GC(57) Y: Concurrent Reset Relocation Set 0.008ms
[2026-06-26T13:56:19.173-0300][136.400s][3772][8616 ][info][gc,reloc    ] GC(57) Y: Using tenuring threshold: 3 (Computed)
[2026-06-26T13:56:19.173-0300][136.401s][3772][8616 ][info][gc,phases   ] GC(57) Y: Concurrent Select Relocation Set 0.401ms
[2026-06-26T13:56:19.173-0300][136.401s][3772][1692 ][info][gc,phases   ] GC(57) Y: Pause Relocate Start 0.008ms
[2026-06-26T13:56:19.181-0300][136.408s][3772][8616 ][info][gc,phases   ] GC(57) Y: Concurrent Relocate 7.896ms
[2026-06-26T13:56:19.181-0300][136.409s][3772][8616 ][info][gc,alloc    ] GC(57) Y:                         Mark Start        Mark End      Relocate Start    Relocate End   
[2026-06-26T13:56:19.181-0300][136.409s][3772][8616 ][info][gc,alloc    ] GC(57) Y: Allocation Stalls:          0                0                0                0         
[2026-06-26T13:56:19.181-0300][136.409s][3772][8616 ][info][gc,load     ] GC(57) Y: Load: 0.00 (0%) / 0.00 (0%) / 0.00 (0%)
[2026-06-26T13:56:19.181-0300][136.409s][3772][8616 ][info][gc,mmu      ] GC(57) Y: MMU: 2ms/97.1%, 5ms/98.8%, 10ms/99.4%, 20ms/99.6%, 50ms/99.8%, 100ms/99.9%
[2026-06-26T13:56:19.181-0300][136.409s][3772][8616 ][info][gc,marking  ] GC(57) Y: Mark: 1 stripe(s), 2 proactive flush(es), 1 terminate flush(es), 0 completion(s), 0 continuation(s) 
[2026-06-26T13:56:19.181-0300][136.409s][3772][8616 ][info][gc,nmethod  ] GC(57) Y: NMethods: 21850 registered, 0 unregistered
[2026-06-26T13:56:19.181-0300][136.409s][3772][8616 ][info][gc,metaspace] GC(57) Y: Metaspace: 77M used, 79M committed, 1152M reserved
[2026-06-26T13:56:19.181-0300][136.409s][3772][8616 ][info][gc,reloc    ] GC(57) Y:                        Candidates     Selected     In-Place         Size        Empty    Relocated 
[2026-06-26T13:56:19.181-0300][136.409s][3772][8616 ][info][gc,reloc    ] GC(57) Y: Small Pages:                  431          190            0         862M         468M           2M 
[2026-06-26T13:56:19.181-0300][136.409s][3772][8616 ][info][gc,reloc    ] GC(57) Y: Medium Pages:                   1            0            0          32M           0M           0M 
[2026-06-26T13:56:19.181-0300][136.409s][3772][8616 ][info][gc,reloc    ] GC(57) Y: Large Pages:                    0            0            0           0M           0M           0M 
[2026-06-26T13:56:19.181-0300][136.409s][3772][8616 ][info][gc,reloc    ] GC(57) Y: Forwarding Usage: 1M
[2026-06-26T13:56:19.181-0300][136.409s][3772][8616 ][info][gc,reloc    ] GC(57) Y: Age Table:
[2026-06-26T13:56:19.181-0300][136.409s][3772][8616 ][info][gc,reloc    ] GC(57) Y:                    Live             Garbage             Small              Medium             Large        
[2026-06-26T13:56:19.181-0300][136.409s][3772][8616 ][info][gc,reloc    ] GC(57) Y: Eden               4M (0%)          869M (28%)        421 / 186            1 / 0              0 / 0        
[2026-06-26T13:56:19.181-0300][136.409s][3772][8616 ][info][gc,reloc    ] GC(57) Y: Survivor 1         2M (0%)            5M (0%)           4 / 2              0 / 0              0 / 0        
[2026-06-26T13:56:19.181-0300][136.409s][3772][8616 ][info][gc,reloc    ] GC(57) Y: Survivor 2         5M (0%)            6M (0%)           6 / 2              0 / 0              0 / 0        
[2026-06-26T13:56:19.181-0300][136.409s][3772][8616 ][info][gc,heap     ] GC(57) Y: Min Capacity: 8M(0%)
[2026-06-26T13:56:19.181-0300][136.409s][3772][8616 ][info][gc,heap     ] GC(57) Y: Max Capacity: 3072M(100%)
[2026-06-26T13:56:19.181-0300][136.409s][3772][8616 ][info][gc,heap     ] GC(57) Y: Soft Max Capacity: 3072M(100%)
[2026-06-26T13:56:19.181-0300][136.409s][3772][8616 ][info][gc,heap     ] GC(57) Y: Heap Statistics:
[2026-06-26T13:56:19.181-0300][136.409s][3772][8616 ][info][gc,heap     ] GC(57) Y:                Mark Start          Mark End        Relocate Start      Relocate End           High               Low         
[2026-06-26T13:56:19.181-0300][136.409s][3772][8616 ][info][gc,heap     ] GC(57) Y:  Capacity:     3072M (100%)       3072M (100%)       3072M (100%)       3072M (100%)       3072M (100%)       3072M (100%)   
[2026-06-26T13:56:19.181-0300][136.409s][3772][8616 ][info][gc,heap     ] GC(57) Y:      Free:      304M (10%)         286M (9%)          754M (25%)        1128M (37%)        1128M (37%)         286M (9%)     
[2026-06-26T13:56:19.181-0300][136.409s][3772][8616 ][info][gc,heap     ] GC(57) Y:      Used:     2768M (90%)        2786M (91%)        2318M (75%)        1944M (63%)        2786M (91%)        1944M (63%)    
[2026-06-26T13:56:19.181-0300][136.409s][3772][8616 ][info][gc,heap     ] GC(57) Y: Young Generation Statistics:
[2026-06-26T13:56:19.181-0300][136.409s][3772][8616 ][info][gc,heap     ] GC(57) Y:                Mark Start          Mark End        Relocate Start      Relocate End    
[2026-06-26T13:56:19.181-0300][136.409s][3772][8616 ][info][gc,heap     ] GC(57) Y:      Used:      894M (29%)         912M (30%)         444M (14%)          70M (2%)     
[2026-06-26T13:56:19.181-0300][136.409s][3772][8616 ][info][gc,heap     ] GC(57) Y:      Live:         -                13M (0%)           13M (0%)           13M (0%)     
[2026-06-26T13:56:19.181-0300][136.409s][3772][8616 ][info][gc,heap     ] GC(57) Y:   Garbage:         -               880M (29%)         412M (13%)          31M (1%)     
[2026-06-26T13:56:19.181-0300][136.409s][3772][8616 ][info][gc,heap     ] GC(57) Y: Allocated:         -                18M (1%)           18M (1%)           25M (1%)     
[2026-06-26T13:56:19.181-0300][136.409s][3772][8616 ][info][gc,heap     ] GC(57) Y: Reclaimed:         -                  -               468M (15%)         849M (28%)    
[2026-06-26T13:56:19.181-0300][136.409s][3772][8616 ][info][gc,heap     ] GC(57) Y:  Promoted:         -                  -                 0M (0%)            0M (0%)     
[2026-06-26T13:56:19.181-0300][136.409s][3772][8616 ][info][gc,heap     ] GC(57) Y: Compacted:         -                  -                  -                 4M (0%)     
[2026-06-26T13:56:19.181-0300][136.409s][3772][8616 ][info][gc,phases   ] GC(57) Y: Young Generation 2768M(90%)->1944M(63%) 0.073s
[2026-06-26T13:56:19.181-0300][136.409s][3772][8616 ][info][gc,phases   ] GC(57) O: Old Generation
[2026-06-26T13:56:21.930-0300][139.157s][3772][8616 ][info][gc,phases   ] GC(57) O: Concurrent Mark 2748.306ms
[2026-06-26T13:56:21.931-0300][139.157s][3772][1692 ][info][gc,phases   ] GC(57) O: Pause Mark End 0.015ms
[2026-06-26T13:56:21.931-0300][139.157s][3772][8616 ][info][gc,phases   ] GC(57) O: Concurrent Mark Free 0.003ms
[2026-06-26T13:56:21.996-0300][139.223s][3772][8616 ][info][gc,phases   ] GC(57) O: Concurrent Process Non-Strong 65.334ms
[2026-06-26T13:56:21.996-0300][139.223s][3772][8616 ][info][gc,phases   ] GC(57) O: Concurrent Reset Relocation Set 0.005ms
[2026-06-26T13:56:22.005-0300][139.233s][3772][8616 ][info][gc,phases   ] GC(57) O: Concurrent Select Relocation Set 9.740ms
[2026-06-26T13:56:22.005-0300][139.233s][3772][8616 ][info][gc,task     ] GC(57) O: Using 2 Workers for Old Generation
[2026-06-26T13:56:22.015-0300][139.242s][3772][8616 ][info][gc,task     ] GC(57) O: Using 1 Workers for Old Generation
[2026-06-26T13:56:22.015-0300][139.242s][3772][8616 ][info][gc,phases   ] GC(57) O: Concurrent Remap Roots 9.279ms
[2026-06-26T13:56:22.015-0300][139.242s][3772][1692 ][info][gc,phases   ] GC(57) O: Pause Relocate Start 0.011ms
[2026-06-26T13:56:22.150-0300][139.377s][3772][8616 ][info][gc,phases   ] GC(57) O: Concurrent Relocate 135.444ms
[2026-06-26T13:56:22.150-0300][139.377s][3772][8616 ][info][gc,alloc    ] GC(57) O:                         Mark Start        Mark End      Relocate Start    Relocate End   
[2026-06-26T13:56:22.150-0300][139.377s][3772][8616 ][info][gc,alloc    ] GC(57) O: Allocation Stalls:          0                0                0                0         
[2026-06-26T13:56:22.150-0300][139.378s][3772][8616 ][info][gc,load     ] GC(57) O: Load: 0.00 (0%) / 0.00 (0%) / 0.00 (0%)
[2026-06-26T13:56:22.150-0300][139.378s][3772][8616 ][info][gc,mmu      ] GC(57) O: MMU: 2ms/97.1%, 5ms/98.8%, 10ms/99.4%, 20ms/99.6%, 50ms/99.8%, 100ms/99.9%
[2026-06-26T13:56:22.150-0300][139.378s][3772][8616 ][info][gc,marking  ] GC(57) O: Mark: 1 stripe(s), 2 proactive flush(es), 1 terminate flush(es), 0 completion(s), 0 continuation(s) 
[2026-06-26T13:56:22.150-0300][139.378s][3772][8616 ][info][gc,nmethod  ] GC(57) O: NMethods: 14007 registered, 7907 unregistered
[2026-06-26T13:56:22.150-0300][139.378s][3772][8616 ][info][gc,metaspace] GC(57) O: Metaspace: 77M used, 79M committed, 1152M reserved
[2026-06-26T13:56:22.150-0300][139.378s][3772][8616 ][info][gc,ref      ] GC(57) O:                       Encountered   Discovered     Enqueued 
[2026-06-26T13:56:22.150-0300][139.378s][3772][8616 ][info][gc,ref      ] GC(57) O: Soft References:             5870            0            0 
[2026-06-26T13:56:22.150-0300][139.378s][3772][8616 ][info][gc,ref      ] GC(57) O: Weak References:             6238         4612          353 
[2026-06-26T13:56:22.150-0300][139.378s][3772][8616 ][info][gc,ref      ] GC(57) O: Final References:              17            1            1 
[2026-06-26T13:56:22.150-0300][139.378s][3772][8616 ][info][gc,ref      ] GC(57) O: Phantom References:         52235        50180        42782 
[2026-06-26T13:56:22.150-0300][139.378s][3772][8616 ][info][gc,reloc    ] GC(57) O:                        Candidates     Selected     In-Place         Size        Empty    Relocated 
[2026-06-26T13:56:22.150-0300][139.378s][3772][8616 ][info][gc,reloc    ] GC(57) O: Small Pages:                  843           16            0        1686M           2M          13M 
[2026-06-26T13:56:22.150-0300][139.378s][3772][8616 ][info][gc,reloc    ] GC(57) O: Medium Pages:                   4            2            0         128M           0M          19M 
[2026-06-26T13:56:22.150-0300][139.378s][3772][8616 ][info][gc,reloc    ] GC(57) O: Large Pages:                    5            0            0          60M           0M           0M 
[2026-06-26T13:56:22.150-0300][139.378s][3772][8616 ][info][gc,reloc    ] GC(57) O: Forwarding Usage: 37M
[2026-06-26T13:56:22.150-0300][139.378s][3772][8616 ][info][gc,heap     ] GC(57) O: Min Capacity: 8M(0%)
[2026-06-26T13:56:22.150-0300][139.378s][3772][8616 ][info][gc,heap     ] GC(57) O: Max Capacity: 3072M(100%)
[2026-06-26T13:56:22.150-0300][139.378s][3772][8616 ][info][gc,heap     ] GC(57) O: Soft Max Capacity: 3072M(100%)
[2026-06-26T13:56:22.150-0300][139.378s][3772][8616 ][info][gc,heap     ] GC(57) O: Heap Statistics:
[2026-06-26T13:56:22.150-0300][139.378s][3772][8616 ][info][gc,heap     ] GC(57) O:                Mark Start          Mark End        Relocate Start      Relocate End           High               Low         
[2026-06-26T13:56:22.151-0300][139.378s][3772][8616 ][info][gc,heap     ] GC(57) O:  Capacity:     3072M (100%)       3072M (100%)       3072M (100%)       3072M (100%)       3072M (100%)       3072M (100%)   
[2026-06-26T13:56:22.151-0300][139.378s][3772][8616 ][info][gc,heap     ] GC(57) O:      Free:      304M (10%)         978M (32%)         974M (32%)        1026M (33%)        1128M (37%)         286M (9%)     
[2026-06-26T13:56:22.151-0300][139.378s][3772][8616 ][info][gc,heap     ] GC(57) O:      Used:     2768M (90%)        2094M (68%)        2098M (68%)        2046M (67%)        2786M (91%)        1944M (63%)    
[2026-06-26T13:56:22.151-0300][139.378s][3772][8616 ][info][gc,heap     ] GC(57) O: Old Generation Statistics:
[2026-06-26T13:56:22.151-0300][139.378s][3772][8616 ][info][gc,heap     ] GC(57) O:                Mark Start          Mark End        Relocate Start      Relocate End    
[2026-06-26T13:56:22.151-0300][139.378s][3772][8616 ][info][gc,heap     ] GC(57) O:      Used:     1874M (61%)        1874M (61%)        1872M (61%)        1814M (59%)    
[2026-06-26T13:56:22.151-0300][139.378s][3772][8616 ][info][gc,heap     ] GC(57) O:      Live:         -              1661M (54%)        1661M (54%)        1661M (54%)    
[2026-06-26T13:56:22.151-0300][139.378s][3772][8616 ][info][gc,heap     ] GC(57) O:   Garbage:         -               212M (7%)          210M (7%)           93M (3%)     
[2026-06-26T13:56:22.151-0300][139.378s][3772][8616 ][info][gc,heap     ] GC(57) O: Allocated:         -                 0M (0%)            0M (0%)           59M (2%)     
[2026-06-26T13:56:22.151-0300][139.378s][3772][8616 ][info][gc,heap     ] GC(57) O: Reclaimed:         -                  -                 2M (0%)          119M (4%)     
[2026-06-26T13:56:22.151-0300][139.378s][3772][8616 ][info][gc,heap     ] GC(57) O: Compacted:         -                  -                  -                98M (3%)     
[2026-06-26T13:56:22.151-0300][139.378s][3772][8616 ][info][gc,phases   ] GC(57) O: Old Generation 1944M(63%)->2046M(67%) 2.969s
[2026-06-26T13:56:22.151-0300][139.378s][3772][8616 ][info][gc          ] GC(57) Major Collection (CodeCache GC Threshold) 2768M(90%)->2046M(67%) 3.042s
[2026-06-26T13:56:42.879-0300][160.105s][3772][6460 ][info][gc          ] GC(58) Minor Collection (High Usage)
[2026-06-26T13:56:42.879-0300][160.105s][3772][6460 ][info][gc,task     ] GC(58) Using 1 Workers for Young Generation
[2026-06-26T13:56:42.879-0300][160.105s][3772][6460 ][info][gc,phases   ] GC(58) y: Young Generation
[2026-06-26T13:56:42.879-0300][160.105s][3772][1692 ][info][gc,phases   ] GC(58) y: Pause Mark Start 0.009ms
[2026-06-26T13:56:42.944-0300][160.171s][3772][6460 ][info][gc,phases   ] GC(58) y: Concurrent Mark 65.167ms
[2026-06-26T13:56:42.944-0300][160.171s][3772][1692 ][info][gc,phases   ] GC(58) y: Pause Mark End 0.013ms
[2026-06-26T13:56:42.944-0300][160.171s][3772][6460 ][info][gc,phases   ] GC(58) y: Concurrent Mark Free 0.002ms
[2026-06-26T13:56:42.944-0300][160.171s][3772][6460 ][info][gc,phases   ] GC(58) y: Concurrent Reset Relocation Set 0.008ms
[2026-06-26T13:56:42.944-0300][160.171s][3772][6460 ][info][gc,reloc    ] GC(58) y: Using tenuring threshold: 4 (Computed)
[2026-06-26T13:56:42.944-0300][160.171s][3772][6460 ][info][gc,phases   ] GC(58) y: Concurrent Select Relocation Set 0.431ms
[2026-06-26T13:56:42.944-0300][160.171s][3772][1692 ][info][gc,phases   ] GC(58) y: Pause Relocate Start 0.005ms
[2026-06-26T13:56:42.950-0300][160.177s][3772][6460 ][info][gc,phases   ] GC(58) y: Concurrent Relocate 5.987ms
[2026-06-26T13:56:42.950-0300][160.177s][3772][6460 ][info][gc,alloc    ] GC(58) y:                         Mark Start        Mark End      Relocate Start    Relocate End   
[2026-06-26T13:56:42.950-0300][160.177s][3772][6460 ][info][gc,alloc    ] GC(58) y: Allocation Stalls:          0                0                0                0         
[2026-06-26T13:56:42.950-0300][160.177s][3772][6460 ][info][gc,load     ] GC(58) y: Load: 0.00 (0%) / 0.00 (0%) / 0.00 (0%)
[2026-06-26T13:56:42.950-0300][160.177s][3772][6460 ][info][gc,mmu      ] GC(58) y: MMU: 2ms/97.1%, 5ms/98.8%, 10ms/99.4%, 20ms/99.6%, 50ms/99.8%, 100ms/99.9%
[2026-06-26T13:56:42.950-0300][160.177s][3772][6460 ][info][gc,marking  ] GC(58) y: Mark: 1 stripe(s), 2 proactive flush(es), 1 terminate flush(es), 0 completion(s), 0 continuation(s) 
[2026-06-26T13:56:42.950-0300][160.177s][3772][6460 ][info][gc,nmethod  ] GC(58) y: NMethods: 14273 registered, 7907 unregistered
[2026-06-26T13:56:42.950-0300][160.177s][3772][6460 ][info][gc,metaspace] GC(58) y: Metaspace: 77M used, 79M committed, 1152M reserved
[2026-06-26T13:56:42.950-0300][160.177s][3772][6460 ][info][gc,reloc    ] GC(58) y:                        Candidates     Selected     In-Place         Size        Empty    Relocated 
[2026-06-26T13:56:42.950-0300][160.177s][3772][6460 ][info][gc,reloc    ] GC(58) y: Small Pages:                  518          137            0        1036M         746M           2M 
[2026-06-26T13:56:42.950-0300][160.177s][3772][6460 ][info][gc,reloc    ] GC(58) y: Medium Pages:                   1            0            0          32M           0M           0M 
[2026-06-26T13:56:42.950-0300][160.177s][3772][6460 ][info][gc,reloc    ] GC(58) y: Large Pages:                    0            0            0           0M           0M           0M 
[2026-06-26T13:56:42.950-0300][160.178s][3772][6460 ][info][gc,reloc    ] GC(58) y: Forwarding Usage: 1M
[2026-06-26T13:56:42.950-0300][160.178s][3772][6460 ][info][gc,reloc    ] GC(58) y: Age Table:
[2026-06-26T13:56:42.950-0300][160.178s][3772][6460 ][info][gc,reloc    ] GC(58) y:                    Live             Garbage             Small              Medium             Large        
[2026-06-26T13:56:42.950-0300][160.178s][3772][6460 ][info][gc,reloc    ] GC(58) y: Eden               2M (0%)         1013M (33%)        508 / 133            0 / 0              0 / 0        
[2026-06-26T13:56:42.950-0300][160.178s][3772][6460 ][info][gc,reloc    ] GC(58) y: Survivor 1         4M (0%)           33M (1%)           3 / 2              1 / 0              0 / 0        
[2026-06-26T13:56:42.950-0300][160.178s][3772][6460 ][info][gc,reloc    ] GC(58) y: Survivor 2         1M (0%)            4M (0%)           3 / 2              0 / 0              0 / 0        
[2026-06-26T13:56:42.950-0300][160.178s][3772][6460 ][info][gc,reloc    ] GC(58) y: Survivor 3         5M (0%)            2M (0%)           4 / 0              0 / 0              0 / 0        
[2026-06-26T13:56:42.950-0300][160.178s][3772][6460 ][info][gc,heap     ] GC(58) y: Min Capacity: 8M(0%)
[2026-06-26T13:56:42.950-0300][160.178s][3772][6460 ][info][gc,heap     ] GC(58) y: Max Capacity: 3072M(100%)
[2026-06-26T13:56:42.951-0300][160.178s][3772][6460 ][info][gc,heap     ] GC(58) y: Soft Max Capacity: 3072M(100%)
[2026-06-26T13:56:42.951-0300][160.178s][3772][6460 ][info][gc,heap     ] GC(58) y: Heap Statistics:
[2026-06-26T13:56:42.951-0300][160.178s][3772][6460 ][info][gc,heap     ] GC(58) y:                Mark Start          Mark End        Relocate Start      Relocate End           High               Low         
[2026-06-26T13:56:42.951-0300][160.178s][3772][6460 ][info][gc,heap     ] GC(58) y:  Capacity:     3072M (100%)       3072M (100%)       3072M (100%)       3072M (100%)       3072M (100%)       3072M (100%)   
[2026-06-26T13:56:42.951-0300][160.178s][3772][6460 ][info][gc,heap     ] GC(58) y:      Free:      190M (6%)          170M (6%)          916M (30%)        1176M (38%)        1176M (38%)         170M (6%)     
[2026-06-26T13:56:42.951-0300][160.178s][3772][6460 ][info][gc,heap     ] GC(58) y:      Used:     2882M (94%)        2902M (94%)        2156M (70%)        1896M (62%)        2902M (94%)        1896M (62%)    
[2026-06-26T13:56:42.951-0300][160.178s][3772][6460 ][info][gc,heap     ] GC(58) y: Young Generation Statistics:
[2026-06-26T13:56:42.951-0300][160.178s][3772][6460 ][info][gc,heap     ] GC(58) y:                Mark Start          Mark End        Relocate Start      Relocate End    
[2026-06-26T13:56:42.951-0300][160.178s][3772][6460 ][info][gc,heap     ] GC(58) y:      Used:     1068M (35%)        1088M (35%)         342M (11%)          82M (3%)     
[2026-06-26T13:56:42.951-0300][160.178s][3772][6460 ][info][gc,heap     ] GC(58) y:      Live:         -                14M (0%)           14M (0%)           14M (0%)     
[2026-06-26T13:56:42.951-0300][160.178s][3772][6460 ][info][gc,heap     ] GC(58) y:   Garbage:         -              1053M (34%)         307M (10%)          33M (1%)     
[2026-06-26T13:56:42.951-0300][160.178s][3772][6460 ][info][gc,heap     ] GC(58) y: Allocated:         -                20M (1%)           20M (1%)           34M (1%)     
[2026-06-26T13:56:42.951-0300][160.178s][3772][6460 ][info][gc,heap     ] GC(58) y: Reclaimed:         -                  -               746M (24%)        1020M (33%)    
[2026-06-26T13:56:42.951-0300][160.178s][3772][6460 ][info][gc,heap     ] GC(58) y:  Promoted:         -                  -                 0M (0%)            0M (0%)     
[2026-06-26T13:56:42.951-0300][160.178s][3772][6460 ][info][gc,heap     ] GC(58) y: Compacted:         -                  -                  -                 3M (0%)     
[2026-06-26T13:56:42.951-0300][160.178s][3772][6460 ][info][gc,phases   ] GC(58) y: Young Generation 2882M(94%)->1896M(62%) 0.072s
[2026-06-26T13:56:42.951-0300][160.178s][3772][6460 ][info][gc          ] GC(58) Minor Collection (High Usage) 2882M(94%)->1896M(62%) 0.072s
[2026-06-26T13:57:05.340-0300][182.568s][3772][6460 ][info][gc          ] GC(59) Minor Collection (High Usage)
[2026-06-26T13:57:05.340-0300][182.568s][3772][6460 ][info][gc,task     ] GC(59) Using 1 Workers for Young Generation
[2026-06-26T13:57:05.340-0300][182.568s][3772][6460 ][info][gc,phases   ] GC(59) y: Young Generation
[2026-06-26T13:57:05.340-0300][182.568s][3772][1692 ][info][gc,phases   ] GC(59) y: Pause Mark Start 0.009ms
[2026-06-26T13:57:05.390-0300][182.618s][3772][6460 ][info][gc,phases   ] GC(59) y: Concurrent Mark 49.879ms
[2026-06-26T13:57:05.390-0300][182.618s][3772][1692 ][info][gc,phases   ] GC(59) y: Pause Mark End 0.014ms
[2026-06-26T13:57:05.390-0300][182.618s][3772][6460 ][info][gc,phases   ] GC(59) y: Concurrent Mark Free 0.002ms
[2026-06-26T13:57:05.390-0300][182.618s][3772][6460 ][info][gc,phases   ] GC(59) y: Concurrent Reset Relocation Set 0.007ms
[2026-06-26T13:57:05.390-0300][182.618s][3772][6460 ][info][gc,reloc    ] GC(59) y: Using tenuring threshold: 3 (Computed)
[2026-06-26T13:57:05.395-0300][182.622s][3772][6460 ][info][gc,phases   ] GC(59) y: Concurrent Select Relocation Set 4.102ms
[2026-06-26T13:57:05.395-0300][182.622s][3772][1692 ][info][gc,phases   ] GC(59) y: Pause Relocate Start 0.008ms
[2026-06-26T13:57:05.405-0300][182.632s][3772][6460 ][info][gc,phases   ] GC(59) y: Concurrent Relocate 9.947ms
[2026-06-26T13:57:05.405-0300][182.632s][3772][6460 ][info][gc,alloc    ] GC(59) y:                         Mark Start        Mark End      Relocate Start    Relocate End   
[2026-06-26T13:57:05.405-0300][182.632s][3772][6460 ][info][gc,alloc    ] GC(59) y: Allocation Stalls:          0                0                0                0         
[2026-06-26T13:57:05.405-0300][182.632s][3772][6460 ][info][gc,load     ] GC(59) y: Load: 0.00 (0%) / 0.00 (0%) / 0.00 (0%)
[2026-06-26T13:57:05.405-0300][182.632s][3772][6460 ][info][gc,mmu      ] GC(59) y: MMU: 2ms/97.1%, 5ms/98.8%, 10ms/99.4%, 20ms/99.6%, 50ms/99.8%, 100ms/99.9%
[2026-06-26T13:57:05.405-0300][182.632s][3772][6460 ][info][gc,marking  ] GC(59) y: Mark: 1 stripe(s), 2 proactive flush(es), 1 terminate flush(es), 0 completion(s), 0 continuation(s) 
[2026-06-26T13:57:05.405-0300][182.632s][3772][6460 ][info][gc,nmethod  ] GC(59) y: NMethods: 14539 registered, 7907 unregistered
[2026-06-26T13:57:05.405-0300][182.632s][3772][6460 ][info][gc,metaspace] GC(59) y: Metaspace: 77M used, 79M committed, 1152M reserved
[2026-06-26T13:57:05.405-0300][182.632s][3772][6460 ][info][gc,reloc    ] GC(59) y:                        Candidates     Selected     In-Place         Size        Empty    Relocated 
[2026-06-26T13:57:05.405-0300][182.632s][3772][6460 ][info][gc,reloc    ] GC(59) y: Small Pages:                  518           82            0        1036M         856M           2M 
[2026-06-26T13:57:05.405-0300][182.632s][3772][6460 ][info][gc,reloc    ] GC(59) y: Medium Pages:                   1            0            0          32M           0M           0M 
[2026-06-26T13:57:05.405-0300][182.632s][3772][6460 ][info][gc,reloc    ] GC(59) y: Large Pages:                    0            0            0           0M           0M           0M 
[2026-06-26T13:57:05.405-0300][182.632s][3772][6460 ][info][gc,reloc    ] GC(59) y: Forwarding Usage: 1M
[2026-06-26T13:57:05.405-0300][182.632s][3772][6460 ][info][gc,reloc    ] GC(59) y: Age Table:
[2026-06-26T13:57:05.405-0300][182.632s][3772][6460 ][info][gc,reloc    ] GC(59) y:                    Live             Garbage             Small              Medium             Large        
[2026-06-26T13:57:05.405-0300][182.632s][3772][6460 ][info][gc,reloc    ] GC(59) y: Eden               0M (0%)         1005M (33%)        503 / 75             0 / 0              0 / 0        
[2026-06-26T13:57:05.405-0300][182.632s][3772][6460 ][info][gc,reloc    ] GC(59) y: Survivor 1         2M (0%)            5M (0%)           4 / 2              0 / 0              0 / 0        
[2026-06-26T13:57:05.405-0300][182.632s][3772][6460 ][info][gc,reloc    ] GC(59) y: Survivor 2         4M (0%)           33M (1%)           3 / 1              1 / 0              0 / 0        
[2026-06-26T13:57:05.405-0300][182.632s][3772][6460 ][info][gc,reloc    ] GC(59) y: Survivor 3         1M (0%)            6M (0%)           4 / 3              0 / 0              0 / 0        
[2026-06-26T13:57:05.405-0300][182.632s][3772][6460 ][info][gc,reloc    ] GC(59) y: Survivor 4         5M (0%)            2M (0%)           4 / 1              0 / 0              0 / 0        
[2026-06-26T13:57:05.405-0300][182.632s][3772][6460 ][info][gc,heap     ] GC(59) y: Min Capacity: 8M(0%)
[2026-06-26T13:57:05.405-0300][182.632s][3772][6460 ][info][gc,heap     ] GC(59) y: Max Capacity: 3072M(100%)
[2026-06-26T13:57:05.405-0300][182.632s][3772][6460 ][info][gc,heap     ] GC(59) y: Soft Max Capacity: 3072M(100%)
[2026-06-26T13:57:05.405-0300][182.632s][3772][6460 ][info][gc,heap     ] GC(59) y: Heap Statistics:
[2026-06-26T13:57:05.405-0300][182.632s][3772][6460 ][info][gc,heap     ] GC(59) y:                Mark Start          Mark End        Relocate Start      Relocate End           High               Low         
[2026-06-26T13:57:05.405-0300][182.632s][3772][6460 ][info][gc,heap     ] GC(59) y:  Capacity:     3072M (100%)       3072M (100%)       3072M (100%)       3072M (100%)       3072M (100%)       3072M (100%)   
[2026-06-26T13:57:05.405-0300][182.632s][3772][6460 ][info][gc,heap     ] GC(59) y:      Free:      190M (6%)          174M (6%)         1028M (33%)        1182M (38%)        1182M (38%)         174M (6%)     
[2026-06-26T13:57:05.405-0300][182.632s][3772][6460 ][info][gc,heap     ] GC(59) y:      Used:     2882M (94%)        2898M (94%)        2044M (67%)        1890M (62%)        2898M (94%)        1890M (62%)    
[2026-06-26T13:57:05.405-0300][182.632s][3772][6460 ][info][gc,heap     ] GC(59) y: Young Generation Statistics:
[2026-06-26T13:57:05.405-0300][182.632s][3772][6460 ][info][gc,heap     ] GC(59) y:                Mark Start          Mark End        Relocate Start      Relocate End    
[2026-06-26T13:57:05.405-0300][182.632s][3772][6460 ][info][gc,heap     ] GC(59) y:      Used:     1068M (35%)        1084M (35%)         222M (7%)           66M (2%)     
[2026-06-26T13:57:05.405-0300][182.632s][3772][6460 ][info][gc,heap     ] GC(59) y:      Live:         -                14M (0%)            8M (0%)            6M (0%)     
[2026-06-26T13:57:05.405-0300][182.632s][3772][6460 ][info][gc,heap     ] GC(59) y:   Garbage:         -              1053M (34%)         195M (6%)           30M (1%)     
[2026-06-26T13:57:05.405-0300][182.633s][3772][6460 ][info][gc,heap     ] GC(59) y: Allocated:         -                16M (1%)           18M (1%)           28M (1%)     
[2026-06-26T13:57:05.405-0300][182.633s][3772][6460 ][info][gc,heap     ] GC(59) y: Reclaimed:         -                  -               858M (28%)        1023M (33%)    
[2026-06-26T13:57:05.405-0300][182.633s][3772][6460 ][info][gc,heap     ] GC(59) y:  Promoted:         -                  -                 5M (0%)            7M (0%)     
[2026-06-26T13:57:05.405-0300][182.633s][3772][6460 ][info][gc,heap     ] GC(59) y: Compacted:         -                  -                  -                 1M (0%)     
[2026-06-26T13:57:05.405-0300][182.633s][3772][6460 ][info][gc,phases   ] GC(59) y: Young Generation 2882M(94%)->1890M(62%) 0.064s
[2026-06-26T13:57:05.405-0300][182.633s][3772][6460 ][info][gc          ] GC(59) Minor Collection (High Usage) 2882M(94%)->1890M(62%) 0.065s
[2026-06-26T13:57:26.867-0300][204.094s][3772][6460 ][info][gc          ] GC(60) Minor Collection (High Usage)
[2026-06-26T13:57:26.867-0300][204.094s][3772][6460 ][info][gc,task     ] GC(60) Using 1 Workers for Young Generation
[2026-06-26T13:57:26.867-0300][204.094s][3772][6460 ][info][gc,phases   ] GC(60) y: Young Generation
[2026-06-26T13:57:26.867-0300][204.094s][3772][1692 ][info][gc,phases   ] GC(60) y: Pause Mark Start 0.009ms
[2026-06-26T13:57:26.911-0300][204.138s][3772][6460 ][info][gc,phases   ] GC(60) y: Concurrent Mark 43.503ms
[2026-06-26T13:57:26.911-0300][204.138s][3772][1692 ][info][gc,phases   ] GC(60) y: Pause Mark End 0.014ms
[2026-06-26T13:57:26.911-0300][204.138s][3772][6460 ][info][gc,phases   ] GC(60) y: Concurrent Mark Free 0.001ms
[2026-06-26T13:57:26.911-0300][204.138s][3772][6460 ][info][gc,phases   ] GC(60) y: Concurrent Reset Relocation Set 0.133ms
[2026-06-26T13:57:26.911-0300][204.138s][3772][6460 ][info][gc,reloc    ] GC(60) y: Using tenuring threshold: 2 (Computed)
[2026-06-26T13:57:26.914-0300][204.141s][3772][6460 ][info][gc,phases   ] GC(60) y: Concurrent Select Relocation Set 3.545ms
[2026-06-26T13:57:26.915-0300][204.142s][3772][1692 ][info][gc,phases   ] GC(60) y: Pause Relocate Start 0.006ms
[2026-06-26T13:57:26.922-0300][204.149s][3772][6460 ][info][gc,phases   ] GC(60) y: Concurrent Relocate 7.638ms
[2026-06-26T13:57:26.922-0300][204.149s][3772][6460 ][info][gc,alloc    ] GC(60) y:                         Mark Start        Mark End      Relocate Start    Relocate End   
[2026-06-26T13:57:26.922-0300][204.149s][3772][6460 ][info][gc,alloc    ] GC(60) y: Allocation Stalls:          0                0                0                0         
[2026-06-26T13:57:26.922-0300][204.149s][3772][6460 ][info][gc,load     ] GC(60) y: Load: 0.00 (0%) / 0.00 (0%) / 0.00 (0%)
[2026-06-26T13:57:26.922-0300][204.149s][3772][6460 ][info][gc,mmu      ] GC(60) y: MMU: 2ms/97.1%, 5ms/98.8%, 10ms/99.4%, 20ms/99.6%, 50ms/99.8%, 100ms/99.9%
[2026-06-26T13:57:26.922-0300][204.149s][3772][6460 ][info][gc,marking  ] GC(60) y: Mark: 1 stripe(s), 2 proactive flush(es), 1 terminate flush(es), 0 completion(s), 0 continuation(s) 
[2026-06-26T13:57:26.922-0300][204.149s][3772][6460 ][info][gc,nmethod  ] GC(60) y: NMethods: 14665 registered, 7907 unregistered
[2026-06-26T13:57:26.922-0300][204.149s][3772][6460 ][info][gc,metaspace] GC(60) y: Metaspace: 77M used, 79M committed, 1152M reserved
[2026-06-26T13:57:26.922-0300][204.149s][3772][6460 ][info][gc,reloc    ] GC(60) y:                        Candidates     Selected     In-Place         Size        Empty    Relocated 
[2026-06-26T13:57:26.922-0300][204.149s][3772][6460 ][info][gc,reloc    ] GC(60) y: Small Pages:                  513           59            0        1026M         902M           1M 
[2026-06-26T13:57:26.922-0300][204.149s][3772][6460 ][info][gc,reloc    ] GC(60) y: Medium Pages:                   1            0            0          32M           0M           0M 
[2026-06-26T13:57:26.922-0300][204.149s][3772][6460 ][info][gc,reloc    ] GC(60) y: Large Pages:                    0            0            0           0M           0M           0M 
[2026-06-26T13:57:26.922-0300][204.149s][3772][6460 ][info][gc,reloc    ] GC(60) y: Forwarding Usage: 0M
[2026-06-26T13:57:26.922-0300][204.149s][3772][6460 ][info][gc,reloc    ] GC(60) y: Age Table:
[2026-06-26T13:57:26.922-0300][204.149s][3772][6460 ][info][gc,reloc    ] GC(60) y:                    Live             Garbage             Small              Medium             Large        
[2026-06-26T13:57:26.922-0300][204.149s][3772][6460 ][info][gc,reloc    ] GC(60) y: Eden               0M (0%)         1009M (33%)        505 / 53             0 / 0              0 / 0        
[2026-06-26T13:57:26.922-0300][204.149s][3772][6460 ][info][gc,reloc    ] GC(60) y: Survivor 1         0M (0%)            3M (0%)           2 / 2              0 / 0              0 / 0        
[2026-06-26T13:57:26.922-0300][204.149s][3772][6460 ][info][gc,reloc    ] GC(60) y: Survivor 2         2M (0%)            3M (0%)           3 / 2              0 / 0              0 / 0        
[2026-06-26T13:57:26.922-0300][204.149s][3772][6460 ][info][gc,reloc    ] GC(60) y: Survivor 3         4M (0%)           33M (1%)           3 / 2              1 / 0              0 / 0        
[2026-06-26T13:57:26.922-0300][204.149s][3772][6460 ][info][gc,heap     ] GC(60) y: Min Capacity: 8M(0%)
[2026-06-26T13:57:26.922-0300][204.149s][3772][6460 ][info][gc,heap     ] GC(60) y: Max Capacity: 3072M(100%)
[2026-06-26T13:57:26.922-0300][204.149s][3772][6460 ][info][gc,heap     ] GC(60) y: Soft Max Capacity: 3072M(100%)
[2026-06-26T13:57:26.922-0300][204.149s][3772][6460 ][info][gc,heap     ] GC(60) y: Heap Statistics:
[2026-06-26T13:57:26.922-0300][204.149s][3772][6460 ][info][gc,heap     ] GC(60) y:                Mark Start          Mark End        Relocate Start      Relocate End           High               Low         
[2026-06-26T13:57:26.922-0300][204.149s][3772][6460 ][info][gc,heap     ] GC(60) y:  Capacity:     3072M (100%)       3072M (100%)       3072M (100%)       3072M (100%)       3072M (100%)       3072M (100%)   
[2026-06-26T13:57:26.922-0300][204.149s][3772][6460 ][info][gc,heap     ] GC(60) y:      Free:      190M (6%)          172M (6%)         1074M (35%)        1178M (38%)        1178M (38%)         172M (6%)     
[2026-06-26T13:57:26.922-0300][204.149s][3772][6460 ][info][gc,heap     ] GC(60) y:      Used:     2882M (94%)        2900M (94%)        1998M (65%)        1894M (62%)        2900M (94%)        1894M (62%)    
[2026-06-26T13:57:26.922-0300][204.150s][3772][6460 ][info][gc,heap     ] GC(60) y: Young Generation Statistics:
[2026-06-26T13:57:26.922-0300][204.150s][3772][6460 ][info][gc,heap     ] GC(60) y:                Mark Start          Mark End        Relocate Start      Relocate End    
[2026-06-26T13:57:26.922-0300][204.150s][3772][6460 ][info][gc,heap     ] GC(60) y:      Used:     1058M (34%)        1076M (35%)         138M (4%)           30M (1%)     
[2026-06-26T13:57:26.922-0300][204.150s][3772][6460 ][info][gc,heap     ] GC(60) y:      Live:         -                 7M (0%)            1M (0%)            0M (0%)     
[2026-06-26T13:57:26.922-0300][204.150s][3772][6460 ][info][gc,heap     ] GC(60) y:   Garbage:         -              1050M (34%)         118M (4%)            0M (0%)     
[2026-06-26T13:57:26.922-0300][204.150s][3772][6460 ][info][gc,heap     ] GC(60) y: Allocated:         -                18M (1%)           18M (1%)           29M (1%)     
[2026-06-26T13:57:26.923-0300][204.150s][3772][6460 ][info][gc,heap     ] GC(60) y: Reclaimed:         -                  -               932M (30%)        1050M (34%)    
[2026-06-26T13:57:26.923-0300][204.150s][3772][6460 ][info][gc,heap     ] GC(60) y:  Promoted:         -                  -                 5M (0%)            6M (0%)     
[2026-06-26T13:57:26.923-0300][204.150s][3772][6460 ][info][gc,heap     ] GC(60) y: Compacted:         -                  -                  -                 0M (0%)     
[2026-06-26T13:57:26.923-0300][204.150s][3772][6460 ][info][gc,phases   ] GC(60) y: Young Generation 2882M(94%)->1894M(62%) 0.055s
[2026-06-26T13:57:26.923-0300][204.150s][3772][6460 ][info][gc          ] GC(60) Minor Collection (High Usage) 2882M(94%)->1894M(62%) 0.056s
[2026-06-26T13:57:52.298-0300][229.525s][3772][6460 ][info][gc          ] GC(61) Minor Collection (High Usage)
[2026-06-26T13:57:52.298-0300][229.525s][3772][6460 ][info][gc,task     ] GC(61) Using 1 Workers for Young Generation
[2026-06-26T13:57:52.298-0300][229.525s][3772][6460 ][info][gc,phases   ] GC(61) y: Young Generation
[2026-06-26T13:57:52.298-0300][229.525s][3772][1692 ][info][gc,phases   ] GC(61) y: Pause Mark Start 0.011ms
[2026-06-26T13:57:52.343-0300][229.569s][3772][6460 ][info][gc,phases   ] GC(61) y: Concurrent Mark 44.186ms
[2026-06-26T13:57:52.343-0300][229.569s][3772][1692 ][info][gc,phases   ] GC(61) y: Pause Mark End 0.013ms
[2026-06-26T13:57:52.343-0300][229.569s][3772][6460 ][info][gc,phases   ] GC(61) y: Concurrent Mark Free 0.002ms
[2026-06-26T13:57:52.343-0300][229.570s][3772][6460 ][info][gc,phases   ] GC(61) y: Concurrent Reset Relocation Set 0.214ms
[2026-06-26T13:57:52.343-0300][229.570s][3772][6460 ][info][gc,reloc    ] GC(61) y: Using tenuring threshold: 3 (Computed)
[2026-06-26T13:57:52.343-0300][229.570s][3772][6460 ][info][gc,phases   ] GC(61) y: Concurrent Select Relocation Set 0.333ms
[2026-06-26T13:57:52.343-0300][229.570s][3772][1692 ][info][gc,phases   ] GC(61) y: Pause Relocate Start 0.008ms
[2026-06-26T13:57:52.347-0300][229.574s][3772][6460 ][info][gc,phases   ] GC(61) y: Concurrent Relocate 4.293ms
[2026-06-26T13:57:52.347-0300][229.574s][3772][6460 ][info][gc,alloc    ] GC(61) y:                         Mark Start        Mark End      Relocate Start    Relocate End   
[2026-06-26T13:57:52.347-0300][229.574s][3772][6460 ][info][gc,alloc    ] GC(61) y: Allocation Stalls:          0                0                0                0         
[2026-06-26T13:57:52.347-0300][229.574s][3772][6460 ][info][gc,load     ] GC(61) y: Load: 0.00 (0%) / 0.00 (0%) / 0.00 (0%)
[2026-06-26T13:57:52.347-0300][229.574s][3772][6460 ][info][gc,mmu      ] GC(61) y: MMU: 2ms/97.1%, 5ms/98.8%, 10ms/99.4%, 20ms/99.6%, 50ms/99.8%, 100ms/99.9%
[2026-06-26T13:57:52.347-0300][229.574s][3772][6460 ][info][gc,marking  ] GC(61) y: Mark: 1 stripe(s), 2 proactive flush(es), 1 terminate flush(es), 0 completion(s), 0 continuation(s) 
[2026-06-26T13:57:52.347-0300][229.574s][3772][6460 ][info][gc,nmethod  ] GC(61) y: NMethods: 14834 registered, 7907 unregistered
[2026-06-26T13:57:52.347-0300][229.574s][3772][6460 ][info][gc,metaspace] GC(61) y: Metaspace: 77M used, 79M committed, 1152M reserved
[2026-06-26T13:57:52.347-0300][229.574s][3772][6460 ][info][gc,reloc    ] GC(61) y:                        Candidates     Selected     In-Place         Size        Empty    Relocated 
[2026-06-26T13:57:52.347-0300][229.574s][3772][6460 ][info][gc,reloc    ] GC(61) y: Small Pages:                  509          131            0        1018M         752M           1M 
[2026-06-26T13:57:52.347-0300][229.574s][3772][6460 ][info][gc,reloc    ] GC(61) y: Medium Pages:                   0            0            0           0M           0M           0M 
[2026-06-26T13:57:52.347-0300][229.574s][3772][6460 ][info][gc,reloc    ] GC(61) y: Large Pages:                    0            0            0           0M           0M           0M 
[2026-06-26T13:57:52.347-0300][229.574s][3772][6460 ][info][gc,reloc    ] GC(61) y: Forwarding Usage: 0M
[2026-06-26T13:57:52.347-0300][229.574s][3772][6460 ][info][gc,reloc    ] GC(61) y: Age Table:
[2026-06-26T13:57:52.347-0300][229.574s][3772][6460 ][info][gc,reloc    ] GC(61) y:                    Live             Garbage             Small              Medium             Large        
[2026-06-26T13:57:52.347-0300][229.574s][3772][6460 ][info][gc,reloc    ] GC(61) y: Eden               2M (0%)         1005M (33%)        504 / 129            0 / 0              0 / 0        
[2026-06-26T13:57:52.347-0300][229.574s][3772][6460 ][info][gc,reloc    ] GC(61) y: Survivor 1         0M (0%)            5M (0%)           3 / 1              0 / 0              0 / 0        
[2026-06-26T13:57:52.347-0300][229.574s][3772][6460 ][info][gc,reloc    ] GC(61) y: Survivor 2         0M (0%)            3M (0%)           2 / 1              0 / 0              0 / 0        
[2026-06-26T13:57:52.347-0300][229.574s][3772][6460 ][info][gc,heap     ] GC(61) y: Min Capacity: 8M(0%)
[2026-06-26T13:57:52.347-0300][229.574s][3772][6460 ][info][gc,heap     ] GC(61) y: Max Capacity: 3072M(100%)
[2026-06-26T13:57:52.347-0300][229.574s][3772][6460 ][info][gc,heap     ] GC(61) y: Soft Max Capacity: 3072M(100%)
[2026-06-26T13:57:52.347-0300][229.575s][3772][6460 ][info][gc,heap     ] GC(61) y: Heap Statistics:
[2026-06-26T13:57:52.347-0300][229.575s][3772][6460 ][info][gc,heap     ] GC(61) y:                Mark Start          Mark End        Relocate Start      Relocate End           High               Low         
[2026-06-26T13:57:52.347-0300][229.575s][3772][6460 ][info][gc,heap     ] GC(61) y:  Capacity:     3072M (100%)       3072M (100%)       3072M (100%)       3072M (100%)       3072M (100%)       3072M (100%)   
[2026-06-26T13:57:52.347-0300][229.575s][3772][6460 ][info][gc,heap     ] GC(61) y:      Free:      190M (6%)          170M (6%)          922M (30%)        1172M (38%)        1172M (38%)         170M (6%)     
[2026-06-26T13:57:52.347-0300][229.575s][3772][6460 ][info][gc,heap     ] GC(61) y:      Used:     2882M (94%)        2902M (94%)        2150M (70%)        1900M (62%)        2902M (94%)        1900M (62%)    
[2026-06-26T13:57:52.347-0300][229.575s][3772][6460 ][info][gc,heap     ] GC(61) y: Young Generation Statistics:
[2026-06-26T13:57:52.347-0300][229.575s][3772][6460 ][info][gc,heap     ] GC(61) y:                Mark Start          Mark End        Relocate Start      Relocate End    
[2026-06-26T13:57:52.347-0300][229.575s][3772][6460 ][info][gc,heap     ] GC(61) y:      Used:     1018M (33%)        1038M (34%)         286M (9%)           36M (1%)     
[2026-06-26T13:57:52.347-0300][229.575s][3772][6460 ][info][gc,heap     ] GC(61) y:      Live:         -                 2M (0%)            2M (0%)            2M (0%)     
[2026-06-26T13:57:52.347-0300][229.575s][3772][6460 ][info][gc,heap     ] GC(61) y:   Garbage:         -              1015M (33%)         263M (9%)            0M (0%)     
[2026-06-26T13:57:52.347-0300][229.575s][3772][6460 ][info][gc,heap     ] GC(61) y: Allocated:         -                20M (1%)           20M (1%)           32M (1%)     
[2026-06-26T13:57:52.347-0300][229.575s][3772][6460 ][info][gc,heap     ] GC(61) y: Reclaimed:         -                  -               752M (24%)        1014M (33%)    
[2026-06-26T13:57:52.347-0300][229.575s][3772][6460 ][info][gc,heap     ] GC(61) y:  Promoted:         -                  -                 0M (0%)            0M (0%)     
[2026-06-26T13:57:52.347-0300][229.575s][3772][6460 ][info][gc,heap     ] GC(61) y: Compacted:         -                  -                  -                 1M (0%)     
[2026-06-26T13:57:52.348-0300][229.575s][3772][6460 ][info][gc,phases   ] GC(61) y: Young Generation 2882M(94%)->1900M(62%) 0.049s
[2026-06-26T13:57:52.348-0300][229.575s][3772][6460 ][info][gc          ] GC(61) Minor Collection (High Usage) 2882M(94%)->1900M(62%) 0.050s
[2026-06-26T13:58:23.726-0300][260.953s][3772][6460 ][info][gc          ] GC(62) Minor Collection (High Usage)
[2026-06-26T13:58:23.726-0300][260.953s][3772][6460 ][info][gc,task     ] GC(62) Using 1 Workers for Young Generation
[2026-06-26T13:58:23.726-0300][260.953s][3772][6460 ][info][gc,phases   ] GC(62) y: Young Generation
[2026-06-26T13:58:23.726-0300][260.953s][3772][1692 ][info][gc,phases   ] GC(62) y: Pause Mark Start 0.009ms
[2026-06-26T13:58:23.783-0300][261.011s][3772][6460 ][info][gc,phases   ] GC(62) y: Concurrent Mark 57.757ms
[2026-06-26T13:58:23.784-0300][261.011s][3772][1692 ][info][gc,phases   ] GC(62) y: Pause Mark End 0.014ms
[2026-06-26T13:58:23.784-0300][261.011s][3772][6460 ][info][gc,phases   ] GC(62) y: Concurrent Mark Free 0.001ms
[2026-06-26T13:58:23.784-0300][261.011s][3772][6460 ][info][gc,phases   ] GC(62) y: Concurrent Reset Relocation Set 0.006ms
[2026-06-26T13:58:23.784-0300][261.011s][3772][6460 ][info][gc,reloc    ] GC(62) y: Using tenuring threshold: 3 (Computed)
[2026-06-26T13:58:23.784-0300][261.012s][3772][6460 ][info][gc,phases   ] GC(62) y: Concurrent Select Relocation Set 0.838ms
[2026-06-26T13:58:23.785-0300][261.012s][3772][1692 ][info][gc,phases   ] GC(62) y: Pause Relocate Start 0.004ms
[2026-06-26T13:58:23.794-0300][261.022s][3772][6460 ][info][gc,phases   ] GC(62) y: Concurrent Relocate 9.755ms
[2026-06-26T13:58:23.794-0300][261.022s][3772][6460 ][info][gc,alloc    ] GC(62) y:                         Mark Start        Mark End      Relocate Start    Relocate End   
[2026-06-26T13:58:23.794-0300][261.022s][3772][6460 ][info][gc,alloc    ] GC(62) y: Allocation Stalls:          0                0                0                0         
[2026-06-26T13:58:23.794-0300][261.022s][3772][6460 ][info][gc,load     ] GC(62) y: Load: 0.00 (0%) / 0.00 (0%) / 0.00 (0%)
[2026-06-26T13:58:23.794-0300][261.022s][3772][6460 ][info][gc,mmu      ] GC(62) y: MMU: 2ms/97.1%, 5ms/98.8%, 10ms/99.4%, 20ms/99.6%, 50ms/99.8%, 100ms/99.9%
[2026-06-26T13:58:23.794-0300][261.022s][3772][6460 ][info][gc,marking  ] GC(62) y: Mark: 1 stripe(s), 2 proactive flush(es), 1 terminate flush(es), 0 completion(s), 0 continuation(s) 
[2026-06-26T13:58:23.794-0300][261.022s][3772][6460 ][info][gc,nmethod  ] GC(62) y: NMethods: 15289 registered, 0 unregistered
[2026-06-26T13:58:23.794-0300][261.022s][3772][6460 ][info][gc,metaspace] GC(62) y: Metaspace: 78M used, 80M committed, 1152M reserved
[2026-06-26T13:58:23.794-0300][261.022s][3772][6460 ][info][gc,reloc    ] GC(62) y:                        Candidates     Selected     In-Place         Size        Empty    Relocated 
[2026-06-26T13:58:23.794-0300][261.022s][3772][6460 ][info][gc,reloc    ] GC(62) y: Small Pages:                  509          243            0        1018M         524M           4M 
[2026-06-26T13:58:23.794-0300][261.022s][3772][6460 ][info][gc,reloc    ] GC(62) y: Medium Pages:                   0            0            0           0M           0M           0M 
[2026-06-26T13:58:23.794-0300][261.022s][3772][6460 ][info][gc,reloc    ] GC(62) y: Large Pages:                    0            0            0           0M           0M           0M 
[2026-06-26T13:58:23.794-0300][261.022s][3772][6460 ][info][gc,reloc    ] GC(62) y: Forwarding Usage: 1M
[2026-06-26T13:58:23.794-0300][261.022s][3772][6460 ][info][gc,reloc    ] GC(62) y: Age Table:
[2026-06-26T13:58:23.794-0300][261.022s][3772][6460 ][info][gc,reloc    ] GC(62) y:                    Live             Garbage             Small              Medium             Large        
[2026-06-26T13:58:23.794-0300][261.022s][3772][6460 ][info][gc,reloc    ] GC(62) y: Eden               5M (0%)          996M (32%)        501 / 238            0 / 0              0 / 0        
[2026-06-26T13:58:23.794-0300][261.022s][3772][6460 ][info][gc,reloc    ] GC(62) y: Survivor 1         0M (0%)            7M (0%)           4 / 2              0 / 0              0 / 0        
[2026-06-26T13:58:23.794-0300][261.022s][3772][6460 ][info][gc,reloc    ] GC(62) y: Survivor 2         0M (0%)            3M (0%)           2 / 1              0 / 0              0 / 0        
[2026-06-26T13:58:23.794-0300][261.022s][3772][6460 ][info][gc,reloc    ] GC(62) y: Survivor 3         0M (0%)            3M (0%)           2 / 2              0 / 0              0 / 0        
[2026-06-26T13:58:23.794-0300][261.022s][3772][6460 ][info][gc,heap     ] GC(62) y: Min Capacity: 8M(0%)
[2026-06-26T13:58:23.794-0300][261.022s][3772][6460 ][info][gc,heap     ] GC(62) y: Max Capacity: 3072M(100%)
[2026-06-26T13:58:23.794-0300][261.022s][3772][6460 ][info][gc,heap     ] GC(62) y: Soft Max Capacity: 3072M(100%)
[2026-06-26T13:58:23.794-0300][261.022s][3772][6460 ][info][gc,heap     ] GC(62) y: Heap Statistics:
[2026-06-26T13:58:23.794-0300][261.022s][3772][6460 ][info][gc,heap     ] GC(62) y:                Mark Start          Mark End        Relocate Start      Relocate End           High               Low         
[2026-06-26T13:58:23.794-0300][261.022s][3772][6460 ][info][gc,heap     ] GC(62) y:  Capacity:     3072M (100%)       3072M (100%)       3072M (100%)       3072M (100%)       3072M (100%)       3072M (100%)   
[2026-06-26T13:58:23.794-0300][261.022s][3772][6460 ][info][gc,heap     ] GC(62) y:      Free:      190M (6%)          174M (6%)          698M (23%)        1168M (38%)        1168M (38%)         174M (6%)     
[2026-06-26T13:58:23.794-0300][261.022s][3772][6460 ][info][gc,heap     ] GC(62) y:      Used:     2882M (94%)        2898M (94%)        2374M (77%)        1904M (62%)        2898M (94%)        1904M (62%)    
[2026-06-26T13:58:23.794-0300][261.022s][3772][6460 ][info][gc,heap     ] GC(62) y: Young Generation Statistics:
[2026-06-26T13:58:23.794-0300][261.022s][3772][6460 ][info][gc,heap     ] GC(62) y:                Mark Start          Mark End        Relocate Start      Relocate End    
[2026-06-26T13:58:23.794-0300][261.022s][3772][6460 ][info][gc,heap     ] GC(62) y:      Used:     1018M (33%)        1034M (34%)         510M (17%)          38M (1%)     
[2026-06-26T13:58:23.794-0300][261.022s][3772][6460 ][info][gc,heap     ] GC(62) y:      Live:         -                 6M (0%)            6M (0%)            6M (0%)     
[2026-06-26T13:58:23.794-0300][261.022s][3772][6460 ][info][gc,heap     ] GC(62) y:   Garbage:         -              1011M (33%)         487M (16%)           0M (0%)     
[2026-06-26T13:58:23.794-0300][261.022s][3772][6460 ][info][gc,heap     ] GC(62) y: Allocated:         -                16M (1%)           16M (1%)           31M (1%)     
[2026-06-26T13:58:23.794-0300][261.022s][3772][6460 ][info][gc,heap     ] GC(62) y: Reclaimed:         -                  -               524M (17%)        1010M (33%)    
[2026-06-26T13:58:23.794-0300][261.022s][3772][6460 ][info][gc,heap     ] GC(62) y:  Promoted:         -                  -                 0M (0%)            0M (0%)     
[2026-06-26T13:58:23.794-0300][261.022s][3772][6460 ][info][gc,heap     ] GC(62) y: Compacted:         -                  -                  -                 4M (0%)     
[2026-06-26T13:58:23.794-0300][261.022s][3772][6460 ][info][gc,phases   ] GC(62) y: Young Generation 2882M(94%)->1904M(62%) 0.069s
[2026-06-26T13:58:23.795-0300][261.022s][3772][6460 ][info][gc          ] GC(62) Minor Collection (High Usage) 2882M(94%)->1904M(62%) 0.069s
[2026-06-26T13:58:54.276-0300][291.503s][3772][6460 ][info][gc          ] GC(63) Minor Collection (High Usage)
[2026-06-26T13:58:54.276-0300][291.503s][3772][6460 ][info][gc,task     ] GC(63) Using 1 Workers for Young Generation
[2026-06-26T13:58:54.276-0300][291.503s][3772][6460 ][info][gc,phases   ] GC(63) y: Young Generation
[2026-06-26T13:58:54.276-0300][291.503s][3772][1692 ][info][gc,phases   ] GC(63) y: Pause Mark Start 0.013ms
[2026-06-26T13:58:54.328-0300][291.556s][3772][6460 ][info][gc,phases   ] GC(63) y: Concurrent Mark 52.600ms
[2026-06-26T13:58:54.329-0300][291.556s][3772][1692 ][info][gc,phases   ] GC(63) y: Pause Mark End 0.013ms
[2026-06-26T13:58:54.329-0300][291.556s][3772][6460 ][info][gc,phases   ] GC(63) y: Concurrent Mark Free 0.002ms
[2026-06-26T13:58:54.329-0300][291.556s][3772][6460 ][info][gc,phases   ] GC(63) y: Concurrent Reset Relocation Set 0.009ms
[2026-06-26T13:58:54.329-0300][291.556s][3772][6460 ][info][gc,reloc    ] GC(63) y: Using tenuring threshold: 4 (Computed)
[2026-06-26T13:58:54.329-0300][291.556s][3772][6460 ][info][gc,phases   ] GC(63) y: Concurrent Select Relocation Set 0.413ms
[2026-06-26T13:58:54.329-0300][291.556s][3772][1692 ][info][gc,phases   ] GC(63) y: Pause Relocate Start 0.004ms
[2026-06-26T13:58:54.339-0300][291.567s][3772][6460 ][info][gc,phases   ] GC(63) y: Concurrent Relocate 10.104ms
[2026-06-26T13:58:54.339-0300][291.567s][3772][6460 ][info][gc,alloc    ] GC(63) y:                         Mark Start        Mark End      Relocate Start    Relocate End   
[2026-06-26T13:58:54.339-0300][291.567s][3772][6460 ][info][gc,alloc    ] GC(63) y: Allocation Stalls:          0                0                0                0         
[2026-06-26T13:58:54.339-0300][291.567s][3772][6460 ][info][gc,load     ] GC(63) y: Load: 0.00 (0%) / 0.00 (0%) / 0.00 (0%)
[2026-06-26T13:58:54.339-0300][291.567s][3772][6460 ][info][gc,mmu      ] GC(63) y: MMU: 2ms/97.1%, 5ms/98.8%, 10ms/99.4%, 20ms/99.6%, 50ms/99.8%, 100ms/99.9%
[2026-06-26T13:58:54.339-0300][291.567s][3772][6460 ][info][gc,marking  ] GC(63) y: Mark: 1 stripe(s), 2 proactive flush(es), 1 terminate flush(es), 0 completion(s), 0 continuation(s) 
[2026-06-26T13:58:54.339-0300][291.567s][3772][6460 ][info][gc,nmethod  ] GC(63) y: NMethods: 15516 registered, 0 unregistered
[2026-06-26T13:58:54.339-0300][291.567s][3772][6460 ][info][gc,metaspace] GC(63) y: Metaspace: 78M used, 80M committed, 1152M reserved
[2026-06-26T13:58:54.339-0300][291.567s][3772][6460 ][info][gc,reloc    ] GC(63) y:                        Candidates     Selected     In-Place         Size        Empty    Relocated 
[2026-06-26T13:58:54.339-0300][291.567s][3772][6460 ][info][gc,reloc    ] GC(63) y: Small Pages:                  508          196            0        1016M         614M           2M 
[2026-06-26T13:58:54.339-0300][291.567s][3772][6460 ][info][gc,reloc    ] GC(63) y: Medium Pages:                   0            0            0           0M           0M           0M 
[2026-06-26T13:58:54.339-0300][291.567s][3772][6460 ][info][gc,reloc    ] GC(63) y: Large Pages:                    0            0            0           0M           0M           0M 
[2026-06-26T13:58:54.339-0300][291.567s][3772][6460 ][info][gc,reloc    ] GC(63) y: Forwarding Usage: 1M
[2026-06-26T13:58:54.339-0300][291.567s][3772][6460 ][info][gc,reloc    ] GC(63) y: Age Table:
[2026-06-26T13:58:54.339-0300][291.567s][3772][6460 ][info][gc,reloc    ] GC(63) y:                    Live             Garbage             Small              Medium             Large        
[2026-06-26T13:58:54.339-0300][291.567s][3772][6460 ][info][gc,reloc    ] GC(63) y: Eden               2M (0%)          993M (32%)        498 / 192            0 / 0              0 / 0        
[2026-06-26T13:58:54.339-0300][291.567s][3772][6460 ][info][gc,reloc    ] GC(63) y: Survivor 1         3M (0%)            8M (0%)           6 / 2              0 / 0              0 / 0        
[2026-06-26T13:58:54.339-0300][291.567s][3772][6460 ][info][gc,reloc    ] GC(63) y: Survivor 2         0M (0%)            5M (0%)           3 / 1              0 / 0              0 / 0        
[2026-06-26T13:58:54.339-0300][291.567s][3772][6460 ][info][gc,reloc    ] GC(63) y: Survivor 3         0M (0%)            1M (0%)           1 / 1              0 / 0              0 / 0        
[2026-06-26T13:58:54.339-0300][291.567s][3772][6460 ][info][gc,heap     ] GC(63) y: Min Capacity: 8M(0%)
[2026-06-26T13:58:54.339-0300][291.567s][3772][6460 ][info][gc,heap     ] GC(63) y: Max Capacity: 3072M(100%)
[2026-06-26T13:58:54.339-0300][291.567s][3772][6460 ][info][gc,heap     ] GC(63) y: Soft Max Capacity: 3072M(100%)
[2026-06-26T13:58:54.339-0300][291.567s][3772][6460 ][info][gc,heap     ] GC(63) y: Heap Statistics:
[2026-06-26T13:58:54.339-0300][291.567s][3772][6460 ][info][gc,heap     ] GC(63) y:                Mark Start          Mark End        Relocate Start      Relocate End           High               Low         
[2026-06-26T13:58:54.339-0300][291.567s][3772][6460 ][info][gc,heap     ] GC(63) y:  Capacity:     3072M (100%)       3072M (100%)       3072M (100%)       3072M (100%)       3072M (100%)       3072M (100%)   
[2026-06-26T13:58:54.339-0300][291.567s][3772][6460 ][info][gc,heap     ] GC(63) y:      Free:      190M (6%)          172M (6%)          786M (26%)        1166M (38%)        1166M (38%)         172M (6%)     
[2026-06-26T13:58:54.340-0300][291.567s][3772][6460 ][info][gc,heap     ] GC(63) y:      Used:     2882M (94%)        2900M (94%)        2286M (74%)        1906M (62%)        2900M (94%)        1906M (62%)    
[2026-06-26T13:58:54.340-0300][291.567s][3772][6460 ][info][gc,heap     ] GC(63) y: Young Generation Statistics:
[2026-06-26T13:58:54.340-0300][291.567s][3772][6460 ][info][gc,heap     ] GC(63) y:                Mark Start          Mark End        Relocate Start      Relocate End    
[2026-06-26T13:58:54.340-0300][291.567s][3772][6460 ][info][gc,heap     ] GC(63) y:      Used:     1016M (33%)        1034M (34%)         420M (14%)          40M (1%)     
[2026-06-26T13:58:54.340-0300][291.567s][3772][6460 ][info][gc,heap     ] GC(63) y:      Live:         -                 7M (0%)            7M (0%)            7M (0%)     
[2026-06-26T13:58:54.340-0300][291.567s][3772][6460 ][info][gc,heap     ] GC(63) y:   Garbage:         -              1008M (33%)         394M (13%)           0M (0%)     
[2026-06-26T13:58:54.340-0300][291.567s][3772][6460 ][info][gc,heap     ] GC(63) y: Allocated:         -                18M (1%)           18M (1%)           31M (1%)     
[2026-06-26T13:58:54.340-0300][291.567s][3772][6460 ][info][gc,heap     ] GC(63) y: Reclaimed:         -                  -               614M (20%)        1007M (33%)    
[2026-06-26T13:58:54.340-0300][291.567s][3772][6460 ][info][gc,heap     ] GC(63) y:  Promoted:         -                  -                 0M (0%)            0M (0%)     
[2026-06-26T13:58:54.340-0300][291.567s][3772][6460 ][info][gc,heap     ] GC(63) y: Compacted:         -                  -                  -                 4M (0%)     
[2026-06-26T13:58:54.340-0300][291.567s][3772][6460 ][info][gc,phases   ] GC(63) y: Young Generation 2882M(94%)->1906M(62%) 0.064s
[2026-06-26T13:58:54.340-0300][291.567s][3772][6460 ][info][gc          ] GC(63) Minor Collection (High Usage) 2882M(94%)->1906M(62%) 0.064s
[2026-06-26T13:59:24.175-0300][321.402s][3772][6460 ][info][gc          ] GC(64) Minor Collection (High Usage)
[2026-06-26T13:59:24.175-0300][321.402s][3772][6460 ][info][gc,task     ] GC(64) Using 1 Workers for Young Generation
[2026-06-26T13:59:24.175-0300][321.402s][3772][6460 ][info][gc,phases   ] GC(64) y: Young Generation
[2026-06-26T13:59:24.175-0300][321.402s][3772][1692 ][info][gc,phases   ] GC(64) y: Pause Mark Start 0.010ms
[2026-06-26T13:59:24.265-0300][321.492s][3772][6460 ][info][gc,phases   ] GC(64) y: Concurrent Mark 90.481ms
[2026-06-26T13:59:24.265-0300][321.492s][3772][1692 ][info][gc,phases   ] GC(64) y: Pause Mark End 0.014ms
[2026-06-26T13:59:24.265-0300][321.492s][3772][6460 ][info][gc,phases   ] GC(64) y: Concurrent Mark Free 0.001ms
[2026-06-26T13:59:24.265-0300][321.492s][3772][6460 ][info][gc,phases   ] GC(64) y: Concurrent Reset Relocation Set 0.009ms
[2026-06-26T13:59:24.265-0300][321.493s][3772][6460 ][info][gc,reloc    ] GC(64) y: Using tenuring threshold: 5 (Computed)
[2026-06-26T13:59:24.267-0300][321.494s][3772][6460 ][info][gc,phases   ] GC(64) y: Concurrent Select Relocation Set 1.406ms
[2026-06-26T13:59:24.267-0300][321.494s][3772][1692 ][info][gc,phases   ] GC(64) y: Pause Relocate Start 0.004ms
[2026-06-26T13:59:24.286-0300][321.513s][3772][6460 ][info][gc,phases   ] GC(64) y: Concurrent Relocate 19.412ms
[2026-06-26T13:59:24.287-0300][321.513s][3772][6460 ][info][gc,alloc    ] GC(64) y:                         Mark Start        Mark End      Relocate Start    Relocate End   
[2026-06-26T13:59:24.287-0300][321.513s][3772][6460 ][info][gc,alloc    ] GC(64) y: Allocation Stalls:          0                0                0                0         
[2026-06-26T13:59:24.287-0300][321.513s][3772][6460 ][info][gc,load     ] GC(64) y: Load: 0.00 (0%) / 0.00 (0%) / 0.00 (0%)
[2026-06-26T13:59:24.287-0300][321.513s][3772][6460 ][info][gc,mmu      ] GC(64) y: MMU: 2ms/97.1%, 5ms/98.8%, 10ms/99.4%, 20ms/99.6%, 50ms/99.8%, 100ms/99.9%
[2026-06-26T13:59:24.287-0300][321.513s][3772][6460 ][info][gc,marking  ] GC(64) y: Mark: 1 stripe(s), 2 proactive flush(es), 1 terminate flush(es), 0 completion(s), 0 continuation(s) 
[2026-06-26T13:59:24.287-0300][321.513s][3772][6460 ][info][gc,nmethod  ] GC(64) y: NMethods: 15967 registered, 0 unregistered
[2026-06-26T13:59:24.287-0300][321.513s][3772][6460 ][info][gc,metaspace] GC(64) y: Metaspace: 78M used, 80M committed, 1152M reserved
[2026-06-26T13:59:24.287-0300][321.513s][3772][6460 ][info][gc,reloc    ] GC(64) y:                        Candidates     Selected     In-Place         Size        Empty    Relocated 
[2026-06-26T13:59:24.287-0300][321.514s][3772][6460 ][info][gc,reloc    ] GC(64) y: Small Pages:                  508          187            0        1016M         624M           9M 
[2026-06-26T13:59:24.287-0300][321.514s][3772][6460 ][info][gc,reloc    ] GC(64) y: Medium Pages:                   0            0            0           0M           0M           0M 
[2026-06-26T13:59:24.287-0300][321.514s][3772][6460 ][info][gc,reloc    ] GC(64) y: Large Pages:                    0            0            0           0M           0M           0M 
[2026-06-26T13:59:24.287-0300][321.514s][3772][6460 ][info][gc,reloc    ] GC(64) y: Forwarding Usage: 5M
[2026-06-26T13:59:24.287-0300][321.514s][3772][6460 ][info][gc,reloc    ] GC(64) y: Age Table:
[2026-06-26T13:59:24.287-0300][321.514s][3772][6460 ][info][gc,reloc    ] GC(64) y:                    Live             Garbage             Small              Medium             Large        
[2026-06-26T13:59:24.287-0300][321.514s][3772][6460 ][info][gc,reloc    ] GC(64) y: Eden              10M (0%)          983M (32%)        497 / 180            0 / 0              0 / 0        
[2026-06-26T13:59:24.287-0300][321.514s][3772][6460 ][info][gc,reloc    ] GC(64) y: Survivor 1         1M (0%)            6M (0%)           4 / 3              0 / 0              0 / 0        
[2026-06-26T13:59:24.287-0300][321.514s][3772][6460 ][info][gc,reloc    ] GC(64) y: Survivor 2         2M (0%)            5M (0%)           4 / 2              0 / 0              0 / 0        
[2026-06-26T13:59:24.287-0300][321.514s][3772][6460 ][info][gc,reloc    ] GC(64) y: Survivor 3         0M (0%)            3M (0%)           2 / 1              0 / 0              0 / 0        
[2026-06-26T13:59:24.287-0300][321.514s][3772][6460 ][info][gc,reloc    ] GC(64) y: Survivor 4         0M (0%)            1M (0%)           1 / 1              0 / 0              0 / 0        
[2026-06-26T13:59:24.287-0300][321.514s][3772][6460 ][info][gc,heap     ] GC(64) y: Min Capacity: 8M(0%)
[2026-06-26T13:59:24.287-0300][321.514s][3772][6460 ][info][gc,heap     ] GC(64) y: Max Capacity: 3072M(100%)
[2026-06-26T13:59:24.287-0300][321.514s][3772][6460 ][info][gc,heap     ] GC(64) y: Soft Max Capacity: 3072M(100%)
[2026-06-26T13:59:24.287-0300][321.514s][3772][6460 ][info][gc,heap     ] GC(64) y: Heap Statistics:
[2026-06-26T13:59:24.287-0300][321.514s][3772][6460 ][info][gc,heap     ] GC(64) y:                Mark Start          Mark End        Relocate Start      Relocate End           High               Low         
[2026-06-26T13:59:24.287-0300][321.514s][3772][6460 ][info][gc,heap     ] GC(64) y:  Capacity:     3072M (100%)       3072M (100%)       3072M (100%)       3072M (100%)       3072M (100%)       3072M (100%)   
[2026-06-26T13:59:24.287-0300][321.514s][3772][6460 ][info][gc,heap     ] GC(64) y:      Free:      190M (6%)          174M (6%)          798M (26%)        1150M (37%)        1150M (37%)         174M (6%)     
[2026-06-26T13:59:24.287-0300][321.514s][3772][6460 ][info][gc,heap     ] GC(64) y:      Used:     2882M (94%)        2898M (94%)        2274M (74%)        1922M (63%)        2898M (94%)        1922M (63%)    
[2026-06-26T13:59:24.287-0300][321.514s][3772][6460 ][info][gc,heap     ] GC(64) y: Young Generation Statistics:
[2026-06-26T13:59:24.287-0300][321.514s][3772][6460 ][info][gc,heap     ] GC(64) y:                Mark Start          Mark End        Relocate Start      Relocate End    
[2026-06-26T13:59:24.287-0300][321.514s][3772][6460 ][info][gc,heap     ] GC(64) y:      Used:     1016M (33%)        1032M (34%)         408M (13%)          56M (2%)     
[2026-06-26T13:59:24.287-0300][321.514s][3772][6460 ][info][gc,heap     ] GC(64) y:      Live:         -                15M (0%)           15M (0%)           15M (0%)     
[2026-06-26T13:59:24.287-0300][321.514s][3772][6460 ][info][gc,heap     ] GC(64) y:   Garbage:         -              1000M (33%)         376M (12%)           0M (0%)     
[2026-06-26T13:59:24.287-0300][321.514s][3772][6460 ][info][gc,heap     ] GC(64) y: Allocated:         -                16M (1%)           16M (1%)           40M (1%)     
[2026-06-26T13:59:24.287-0300][321.514s][3772][6460 ][info][gc,heap     ] GC(64) y: Reclaimed:         -                  -               624M (20%)        1000M (33%)    
[2026-06-26T13:59:24.287-0300][321.514s][3772][6460 ][info][gc,heap     ] GC(64) y:  Promoted:         -                  -                 0M (0%)            0M (0%)     
[2026-06-26T13:59:24.287-0300][321.514s][3772][6460 ][info][gc,heap     ] GC(64) y: Compacted:         -                  -                  -                13M (0%)     
[2026-06-26T13:59:24.287-0300][321.514s][3772][6460 ][info][gc,phases   ] GC(64) y: Young Generation 2882M(94%)->1922M(63%) 0.112s
[2026-06-26T13:59:24.287-0300][321.514s][3772][6460 ][info][gc          ] GC(64) Minor Collection (High Usage) 2882M(94%)->1922M(63%) 0.112s
[2026-06-26T13:59:39.687-0300][336.913s][3772][8616 ][info][gc          ] GC(65) Major Collection (Proactive)
[2026-06-26T13:59:39.687-0300][336.913s][3772][8616 ][info][gc,task     ] GC(65) Using 1 Workers for Young Generation
[2026-06-26T13:59:39.687-0300][336.913s][3772][8616 ][info][gc,task     ] GC(65) Using 1 Workers for Old Generation
[2026-06-26T13:59:39.687-0300][336.913s][3772][8616 ][info][gc,phases   ] GC(65) Y: Young Generation
[2026-06-26T13:59:39.687-0300][336.913s][3772][1692 ][info][gc,phases   ] GC(65) Y: Pause Mark Start (Major) 0.015ms
[2026-06-26T13:59:39.778-0300][337.005s][3772][8616 ][info][gc,phases   ] GC(65) Y: Concurrent Mark 91.817ms
[2026-06-26T13:59:39.778-0300][337.005s][3772][1692 ][info][gc,phases   ] GC(65) Y: Pause Mark End 0.012ms
[2026-06-26T13:59:39.778-0300][337.005s][3772][8616 ][info][gc,phases   ] GC(65) Y: Concurrent Mark Free 0.001ms
[2026-06-26T13:59:39.778-0300][337.005s][3772][8616 ][info][gc,phases   ] GC(65) Y: Concurrent Reset Relocation Set 0.009ms
[2026-06-26T13:59:39.778-0300][337.005s][3772][8616 ][info][gc,reloc    ] GC(65) Y: Using tenuring threshold: 6 (Computed)
[2026-06-26T13:59:39.779-0300][337.006s][3772][8616 ][info][gc,phases   ] GC(65) Y: Concurrent Select Relocation Set 0.547ms
[2026-06-26T13:59:39.779-0300][337.006s][3772][1692 ][info][gc,phases   ] GC(65) Y: Pause Relocate Start 0.010ms
[2026-06-26T13:59:39.791-0300][337.018s][3772][8616 ][info][gc,phases   ] GC(65) Y: Concurrent Relocate 12.230ms
[2026-06-26T13:59:39.791-0300][337.018s][3772][8616 ][info][gc,alloc    ] GC(65) Y:                         Mark Start        Mark End      Relocate Start    Relocate End   
[2026-06-26T13:59:39.791-0300][337.018s][3772][8616 ][info][gc,alloc    ] GC(65) Y: Allocation Stalls:          0                0                0                0         
[2026-06-26T13:59:39.791-0300][337.018s][3772][8616 ][info][gc,load     ] GC(65) Y: Load: 0.00 (0%) / 0.00 (0%) / 0.00 (0%)
[2026-06-26T13:59:39.791-0300][337.018s][3772][8616 ][info][gc,mmu      ] GC(65) Y: MMU: 2ms/97.1%, 5ms/98.8%, 10ms/99.4%, 20ms/99.6%, 50ms/99.8%, 100ms/99.9%
[2026-06-26T13:59:39.791-0300][337.018s][3772][8616 ][info][gc,marking  ] GC(65) Y: Mark: 1 stripe(s), 2 proactive flush(es), 1 terminate flush(es), 0 completion(s), 0 continuation(s) 
[2026-06-26T13:59:39.791-0300][337.018s][3772][8616 ][info][gc,nmethod  ] GC(65) Y: NMethods: 16352 registered, 0 unregistered
[2026-06-26T13:59:39.791-0300][337.018s][3772][8616 ][info][gc,metaspace] GC(65) Y: Metaspace: 78M used, 80M committed, 1152M reserved
[2026-06-26T13:59:39.791-0300][337.018s][3772][8616 ][info][gc,reloc    ] GC(65) Y:                        Candidates     Selected     In-Place         Size        Empty    Relocated 
[2026-06-26T13:59:39.791-0300][337.018s][3772][8616 ][info][gc,reloc    ] GC(65) Y: Small Pages:                  244          116            0         488M         230M           6M 
[2026-06-26T13:59:39.791-0300][337.018s][3772][8616 ][info][gc,reloc    ] GC(65) Y: Medium Pages:                   0            0            0           0M           0M           0M 
[2026-06-26T13:59:39.791-0300][337.018s][3772][8616 ][info][gc,reloc    ] GC(65) Y: Large Pages:                    0            0            0           0M           0M           0M 
[2026-06-26T13:59:39.791-0300][337.018s][3772][8616 ][info][gc,reloc    ] GC(65) Y: Forwarding Usage: 3M
[2026-06-26T13:59:39.791-0300][337.018s][3772][8616 ][info][gc,reloc    ] GC(65) Y: Age Table:
[2026-06-26T13:59:39.791-0300][337.018s][3772][8616 ][info][gc,reloc    ] GC(65) Y:                    Live             Garbage             Small              Medium             Large        
[2026-06-26T13:59:39.792-0300][337.018s][3772][8616 ][info][gc,reloc    ] GC(65) Y: Eden               7M (0%)          442M (14%)        225 / 107            0 / 0              0 / 0        
[2026-06-26T13:59:39.792-0300][337.018s][3772][8616 ][info][gc,reloc    ] GC(65) Y: Survivor 1         8M (0%)            7M (0%)           8 / 3              0 / 0              0 / 0        
[2026-06-26T13:59:39.792-0300][337.018s][3772][8616 ][info][gc,reloc    ] GC(65) Y: Survivor 2         1M (0%)            4M (0%)           3 / 2              0 / 0              0 / 0        
[2026-06-26T13:59:39.792-0300][337.019s][3772][8616 ][info][gc,reloc    ] GC(65) Y: Survivor 3         2M (0%)            5M (0%)           4 / 2              0 / 0              0 / 0        
[2026-06-26T13:59:39.792-0300][337.019s][3772][8616 ][info][gc,reloc    ] GC(65) Y: Survivor 4         0M (0%)            5M (0%)           3 / 1              0 / 0              0 / 0        
[2026-06-26T13:59:39.792-0300][337.019s][3772][8616 ][info][gc,reloc    ] GC(65) Y: Survivor 5         0M (0%)            1M (0%)           1 / 1              0 / 0              0 / 0        
[2026-06-26T13:59:39.792-0300][337.019s][3772][8616 ][info][gc,heap     ] GC(65) Y: Min Capacity: 8M(0%)
[2026-06-26T13:59:39.792-0300][337.019s][3772][8616 ][info][gc,heap     ] GC(65) Y: Max Capacity: 3072M(100%)
[2026-06-26T13:59:39.792-0300][337.019s][3772][8616 ][info][gc,heap     ] GC(65) Y: Soft Max Capacity: 3072M(100%)
[2026-06-26T13:59:39.792-0300][337.019s][3772][8616 ][info][gc,heap     ] GC(65) Y: Heap Statistics:
[2026-06-26T13:59:39.792-0300][337.019s][3772][8616 ][info][gc,heap     ] GC(65) Y:                Mark Start          Mark End        Relocate Start      Relocate End           High               Low         
[2026-06-26T13:59:39.792-0300][337.019s][3772][8616 ][info][gc,heap     ] GC(65) Y:  Capacity:     3072M (100%)       3072M (100%)       3072M (100%)       3072M (100%)       3072M (100%)       3072M (100%)   
[2026-06-26T13:59:39.792-0300][337.019s][3772][8616 ][info][gc,heap     ] GC(65) Y:      Free:      718M (23%)         700M (23%)         930M (30%)        1144M (37%)        1144M (37%)         700M (23%)    
[2026-06-26T13:59:39.792-0300][337.019s][3772][8616 ][info][gc,heap     ] GC(65) Y:      Used:     2354M (77%)        2372M (77%)        2142M (70%)        1928M (63%)        2372M (77%)        1928M (63%)    
[2026-06-26T13:59:39.792-0300][337.019s][3772][8616 ][info][gc,heap     ] GC(65) Y: Young Generation Statistics:
[2026-06-26T13:59:39.792-0300][337.019s][3772][8616 ][info][gc,heap     ] GC(65) Y:                Mark Start          Mark End        Relocate Start      Relocate End    
[2026-06-26T13:59:39.792-0300][337.019s][3772][8616 ][info][gc,heap     ] GC(65) Y:      Used:      488M (16%)         506M (16%)         276M (9%)           62M (2%)     
[2026-06-26T13:59:39.792-0300][337.019s][3772][8616 ][info][gc,heap     ] GC(65) Y:      Live:         -                21M (1%)           21M (1%)           21M (1%)     
[2026-06-26T13:59:39.792-0300][337.019s][3772][8616 ][info][gc,heap     ] GC(65) Y:   Garbage:         -               466M (15%)         236M (8%)            3M (0%)     
[2026-06-26T13:59:39.792-0300][337.019s][3772][8616 ][info][gc,heap     ] GC(65) Y: Allocated:         -                18M (1%)           18M (1%)           37M (1%)     
[2026-06-26T13:59:39.792-0300][337.019s][3772][8616 ][info][gc,heap     ] GC(65) Y: Reclaimed:         -                  -               230M (7%)          463M (15%)    
[2026-06-26T13:59:39.792-0300][337.019s][3772][8616 ][info][gc,heap     ] GC(65) Y:  Promoted:         -                  -                 0M (0%)            0M (0%)     
[2026-06-26T13:59:39.792-0300][337.019s][3772][8616 ][info][gc,heap     ] GC(65) Y: Compacted:         -                  -                  -                 8M (0%)     
[2026-06-26T13:59:39.792-0300][337.019s][3772][8616 ][info][gc,phases   ] GC(65) Y: Young Generation 2354M(77%)->1928M(63%) 0.105s
[2026-06-26T13:59:39.792-0300][337.019s][3772][8616 ][info][gc,phases   ] GC(65) O: Old Generation
[2026-06-26T13:59:42.564-0300][339.791s][3772][8616 ][info][gc,phases   ] GC(65) O: Concurrent Mark 2772.672ms
[2026-06-26T13:59:42.564-0300][339.791s][3772][1692 ][info][gc,phases   ] GC(65) O: Pause Mark End 0.013ms
[2026-06-26T13:59:42.564-0300][339.792s][3772][8616 ][info][gc,phases   ] GC(65) O: Concurrent Mark Free 0.002ms
[2026-06-26T13:59:42.606-0300][339.833s][3772][8616 ][info][gc,phases   ] GC(65) O: Concurrent Process Non-Strong 41.536ms
[2026-06-26T13:59:42.606-0300][339.833s][3772][8616 ][info][gc,phases   ] GC(65) O: Concurrent Reset Relocation Set 0.006ms
[2026-06-26T13:59:42.609-0300][339.836s][3772][8616 ][info][gc,phases   ] GC(65) O: Concurrent Select Relocation Set 3.150ms
[2026-06-26T13:59:42.609-0300][339.836s][3772][8616 ][info][gc,task     ] GC(65) O: Using 2 Workers for Old Generation
[2026-06-26T13:59:42.619-0300][339.846s][3772][8616 ][info][gc,task     ] GC(65) O: Using 1 Workers for Old Generation
[2026-06-26T13:59:42.619-0300][339.846s][3772][8616 ][info][gc,phases   ] GC(65) O: Concurrent Remap Roots 10.098ms
[2026-06-26T13:59:42.620-0300][339.847s][3772][1692 ][info][gc,phases   ] GC(65) O: Pause Relocate Start 0.015ms
[2026-06-26T13:59:42.681-0300][339.908s][3772][8616 ][info][gc,phases   ] GC(65) O: Concurrent Relocate 61.721ms
[2026-06-26T13:59:42.681-0300][339.908s][3772][8616 ][info][gc,alloc    ] GC(65) O:                         Mark Start        Mark End      Relocate Start    Relocate End   
[2026-06-26T13:59:42.681-0300][339.908s][3772][8616 ][info][gc,alloc    ] GC(65) O: Allocation Stalls:          0                0                0                0         
[2026-06-26T13:59:42.682-0300][339.908s][3772][8616 ][info][gc,load     ] GC(65) O: Load: 0.00 (0%) / 0.00 (0%) / 0.00 (0%)
[2026-06-26T13:59:42.682-0300][339.908s][3772][8616 ][info][gc,mmu      ] GC(65) O: MMU: 2ms/97.1%, 5ms/98.8%, 10ms/99.4%, 20ms/99.6%, 50ms/99.8%, 100ms/99.9%
[2026-06-26T13:59:42.682-0300][339.908s][3772][8616 ][info][gc,marking  ] GC(65) O: Mark: 1 stripe(s), 2 proactive flush(es), 1 terminate flush(es), 0 completion(s), 0 continuation(s) 
[2026-06-26T13:59:42.682-0300][339.909s][3772][8616 ][info][gc,nmethod  ] GC(65) O: NMethods: 15147 registered, 1235 unregistered
[2026-06-26T13:59:42.682-0300][339.909s][3772][8616 ][info][gc,metaspace] GC(65) O: Metaspace: 78M used, 80M committed, 1152M reserved
[2026-06-26T13:59:42.682-0300][339.909s][3772][8616 ][info][gc,ref      ] GC(65) O:                       Encountered   Discovered     Enqueued 
[2026-06-26T13:59:42.682-0300][339.909s][3772][8616 ][info][gc,ref      ] GC(65) O: Soft References:             6001            0            0 
[2026-06-26T13:59:42.682-0300][339.909s][3772][8616 ][info][gc,ref      ] GC(65) O: Weak References:             6170         4908           34 
[2026-06-26T13:59:42.682-0300][339.909s][3772][8616 ][info][gc,ref      ] GC(65) O: Final References:              16            0            0 
[2026-06-26T13:59:42.682-0300][339.909s][3772][8616 ][info][gc,ref      ] GC(65) O: Phantom References:         15724         9607         2213 
[2026-06-26T13:59:42.682-0300][339.909s][3772][8616 ][info][gc,reloc    ] GC(65) O:                        Candidates     Selected     In-Place         Size        Empty    Relocated 
[2026-06-26T13:59:42.682-0300][339.909s][3772][8616 ][info][gc,reloc    ] GC(65) O: Small Pages:                  839           18            0        1678M           0M           8M 
[2026-06-26T13:59:42.682-0300][339.909s][3772][8616 ][info][gc,reloc    ] GC(65) O: Medium Pages:                   4            1            0         128M          32M          21M 
[2026-06-26T13:59:42.682-0300][339.909s][3772][8616 ][info][gc,reloc    ] GC(65) O: Large Pages:                    5            0            0          60M           0M           0M 
[2026-06-26T13:59:42.682-0300][339.909s][3772][8616 ][info][gc,reloc    ] GC(65) O: Forwarding Usage: 16M
[2026-06-26T13:59:42.682-0300][339.909s][3772][8616 ][info][gc,heap     ] GC(65) O: Min Capacity: 8M(0%)
[2026-06-26T13:59:42.682-0300][339.909s][3772][8616 ][info][gc,heap     ] GC(65) O: Max Capacity: 3072M(100%)
[2026-06-26T13:59:42.682-0300][339.909s][3772][8616 ][info][gc,heap     ] GC(65) O: Soft Max Capacity: 3072M(100%)
[2026-06-26T13:59:42.682-0300][339.909s][3772][8616 ][info][gc,heap     ] GC(65) O: Heap Statistics:
[2026-06-26T13:59:42.682-0300][339.909s][3772][8616 ][info][gc,heap     ] GC(65) O:                Mark Start          Mark End        Relocate Start      Relocate End           High               Low         
[2026-06-26T13:59:42.682-0300][339.909s][3772][8616 ][info][gc,heap     ] GC(65) O:  Capacity:     3072M (100%)       3072M (100%)       3072M (100%)       3072M (100%)       3072M (100%)       3072M (100%)   
[2026-06-26T13:59:42.682-0300][339.909s][3772][8616 ][info][gc,heap     ] GC(65) O:      Free:      718M (23%)        1078M (35%)        1110M (36%)        1174M (38%)        1176M (38%)         700M (23%)    
[2026-06-26T13:59:42.682-0300][339.909s][3772][8616 ][info][gc,heap     ] GC(65) O:      Used:     2354M (77%)        1994M (65%)        1962M (64%)        1898M (62%)        2372M (77%)        1896M (62%)    
[2026-06-26T13:59:42.682-0300][339.909s][3772][8616 ][info][gc,heap     ] GC(65) O: Old Generation Statistics:
[2026-06-26T13:59:42.682-0300][339.909s][3772][8616 ][info][gc,heap     ] GC(65) O:                Mark Start          Mark End        Relocate Start      Relocate End    
[2026-06-26T13:59:42.682-0300][339.909s][3772][8616 ][info][gc,heap     ] GC(65) O:      Used:     1866M (61%)        1866M (61%)        1834M (60%)        1768M (58%)    
[2026-06-26T13:59:42.682-0300][339.909s][3772][8616 ][info][gc,heap     ] GC(65) O:      Live:         -              1660M (54%)        1660M (54%)        1660M (54%)    
[2026-06-26T13:59:42.682-0300][339.909s][3772][8616 ][info][gc,heap     ] GC(65) O:   Garbage:         -               205M (7%)          173M (6%)           90M (3%)     
[2026-06-26T13:59:42.682-0300][339.909s][3772][8616 ][info][gc,heap     ] GC(65) O: Allocated:         -                 0M (0%)            0M (0%)           16M (1%)     
[2026-06-26T13:59:42.682-0300][339.909s][3772][8616 ][info][gc,heap     ] GC(65) O: Reclaimed:         -                  -                32M (1%)          114M (4%)     
[2026-06-26T13:59:42.682-0300][339.909s][3772][8616 ][info][gc,heap     ] GC(65) O: Compacted:         -                  -                  -                67M (2%)     
[2026-06-26T13:59:42.682-0300][339.909s][3772][8616 ][info][gc,phases   ] GC(65) O: Old Generation 1928M(63%)->1898M(62%) 2.890s
[2026-06-26T13:59:42.682-0300][339.909s][3772][8616 ][info][gc          ] GC(65) Major Collection (Proactive) 2354M(77%)->1898M(62%) 2.996s
[2026-06-26T14:00:22.589-0300][379.815s][3772][6460 ][info][gc          ] GC(66) Minor Collection (High Usage)
[2026-06-26T14:00:22.589-0300][379.815s][3772][6460 ][info][gc,task     ] GC(66) Using 1 Workers for Young Generation
[2026-06-26T14:00:22.589-0300][379.816s][3772][6460 ][info][gc,phases   ] GC(66) y: Young Generation
[2026-06-26T14:00:22.589-0300][379.816s][3772][1692 ][info][gc,phases   ] GC(66) y: Pause Mark Start 0.011ms
[2026-06-26T14:00:22.792-0300][380.019s][3772][6460 ][info][gc,phases   ] GC(66) y: Concurrent Mark 203.148ms
[2026-06-26T14:00:22.792-0300][380.019s][3772][1692 ][info][gc,phases   ] GC(66) y: Pause Mark End 0.014ms
[2026-06-26T14:00:22.792-0300][380.019s][3772][6460 ][info][gc,phases   ] GC(66) y: Concurrent Mark Free 0.003ms
[2026-06-26T14:00:22.792-0300][380.019s][3772][6460 ][info][gc,phases   ] GC(66) y: Concurrent Reset Relocation Set 0.007ms
[2026-06-26T14:00:22.792-0300][380.019s][3772][6460 ][info][gc,reloc    ] GC(66) y: Using tenuring threshold: 6 (Computed)
[2026-06-26T14:00:22.796-0300][380.024s][3772][6460 ][info][gc,phases   ] GC(66) y: Concurrent Select Relocation Set 4.903ms
[2026-06-26T14:00:22.797-0300][380.024s][3772][1692 ][info][gc,phases   ] GC(66) y: Pause Relocate Start 0.013ms
[2026-06-26T14:00:22.885-0300][380.111s][3772][6460 ][info][gc,phases   ] GC(66) y: Concurrent Relocate 87.403ms
[2026-06-26T14:00:22.885-0300][380.112s][3772][6460 ][info][gc,alloc    ] GC(66) y:                         Mark Start        Mark End      Relocate Start    Relocate End   
[2026-06-26T14:00:22.885-0300][380.112s][3772][6460 ][info][gc,alloc    ] GC(66) y: Allocation Stalls:          0                0                0                0         
[2026-06-26T14:00:22.885-0300][380.112s][3772][6460 ][info][gc,load     ] GC(66) y: Load: 0.00 (0%) / 0.00 (0%) / 0.00 (0%)
[2026-06-26T14:00:22.885-0300][380.112s][3772][6460 ][info][gc,mmu      ] GC(66) y: MMU: 2ms/97.1%, 5ms/98.8%, 10ms/99.4%, 20ms/99.6%, 50ms/99.8%, 100ms/99.9%
[2026-06-26T14:00:22.885-0300][380.112s][3772][6460 ][info][gc,marking  ] GC(66) y: Mark: 1 stripe(s), 2 proactive flush(es), 1 terminate flush(es), 0 completion(s), 0 continuation(s) 
[2026-06-26T14:00:22.885-0300][380.112s][3772][6460 ][info][gc,nmethod  ] GC(66) y: NMethods: 16226 registered, 1235 unregistered
[2026-06-26T14:00:22.885-0300][380.112s][3772][6460 ][info][gc,metaspace] GC(66) y: Metaspace: 79M used, 81M committed, 1152M reserved
[2026-06-26T14:00:22.885-0300][380.112s][3772][6460 ][info][gc,reloc    ] GC(66) y:                        Candidates     Selected     In-Place         Size        Empty    Relocated 
[2026-06-26T14:00:22.885-0300][380.112s][3772][6460 ][info][gc,reloc    ] GC(66) y: Small Pages:                  557          278            0        1114M         466M          28M 
[2026-06-26T14:00:22.885-0300][380.112s][3772][6460 ][info][gc,reloc    ] GC(66) y: Medium Pages:                   0            0            0           0M           0M           0M 
[2026-06-26T14:00:22.885-0300][380.112s][3772][6460 ][info][gc,reloc    ] GC(66) y: Large Pages:                    0            0            0           0M           0M           0M 
[2026-06-26T14:00:22.885-0300][380.112s][3772][6460 ][info][gc,reloc    ] GC(66) y: Forwarding Usage: 27M
[2026-06-26T14:00:22.885-0300][380.112s][3772][6460 ][info][gc,reloc    ] GC(66) y: Age Table:
[2026-06-26T14:00:22.885-0300][380.112s][3772][6460 ][info][gc,reloc    ] GC(66) y:                    Live             Garbage             Small              Medium             Large        
[2026-06-26T14:00:22.885-0300][380.112s][3772][6460 ][info][gc,reloc    ] GC(66) y: Eden              61M (2%)         1010M (33%)        536 / 268            0 / 0              0 / 0        
[2026-06-26T14:00:22.885-0300][380.112s][3772][6460 ][info][gc,reloc    ] GC(66) y: Survivor 1         4M (0%)            9M (0%)           7 / 4              0 / 0              0 / 0        
[2026-06-26T14:00:22.885-0300][380.112s][3772][6460 ][info][gc,reloc    ] GC(66) y: Survivor 2         7M (0%)            4M (0%)           6 / 2              0 / 0              0 / 0        
[2026-06-26T14:00:22.885-0300][380.112s][3772][6460 ][info][gc,reloc    ] GC(66) y: Survivor 3         1M (0%)            2M (0%)           2 / 1              0 / 0              0 / 0        
[2026-06-26T14:00:22.885-0300][380.112s][3772][6460 ][info][gc,reloc    ] GC(66) y: Survivor 4         2M (0%)            3M (0%)           3 / 1              0 / 0              0 / 0        
[2026-06-26T14:00:22.885-0300][380.112s][3772][6460 ][info][gc,reloc    ] GC(66) y: Survivor 5         0M (0%)            3M (0%)           2 / 1              0 / 0              0 / 0        
[2026-06-26T14:00:22.885-0300][380.112s][3772][6460 ][info][gc,reloc    ] GC(66) y: Survivor 6         0M (0%)            1M (0%)           1 / 1              0 / 0              0 / 0        
[2026-06-26T14:00:22.885-0300][380.112s][3772][6460 ][info][gc,heap     ] GC(66) y: Min Capacity: 8M(0%)
[2026-06-26T14:00:22.885-0300][380.112s][3772][6460 ][info][gc,heap     ] GC(66) y: Max Capacity: 3072M(100%)
[2026-06-26T14:00:22.885-0300][380.112s][3772][6460 ][info][gc,heap     ] GC(66) y: Soft Max Capacity: 3072M(100%)
[2026-06-26T14:00:22.885-0300][380.112s][3772][6460 ][info][gc,heap     ] GC(66) y: Heap Statistics:
[2026-06-26T14:00:22.885-0300][380.112s][3772][6460 ][info][gc,heap     ] GC(66) y:                Mark Start          Mark End        Relocate Start      Relocate End           High               Low         
[2026-06-26T14:00:22.885-0300][380.112s][3772][6460 ][info][gc,heap     ] GC(66) y:  Capacity:     3072M (100%)       3072M (100%)       3072M (100%)       3072M (100%)       3072M (100%)       3072M (100%)   
[2026-06-26T14:00:22.885-0300][380.112s][3772][6460 ][info][gc,heap     ] GC(66) y:      Free:      190M (6%)          170M (6%)          636M (21%)        1158M (38%)        1158M (38%)         170M (6%)     
[2026-06-26T14:00:22.885-0300][380.112s][3772][6460 ][info][gc,heap     ] GC(66) y:      Used:     2882M (94%)        2902M (94%)        2436M (79%)        1914M (62%)        2902M (94%)        1914M (62%)    
[2026-06-26T14:00:22.885-0300][380.112s][3772][6460 ][info][gc,heap     ] GC(66) y: Young Generation Statistics:
[2026-06-26T14:00:22.885-0300][380.112s][3772][6460 ][info][gc,heap     ] GC(66) y:                Mark Start          Mark End        Relocate Start      Relocate End    
[2026-06-26T14:00:22.885-0300][380.112s][3772][6460 ][info][gc,heap     ] GC(66) y:      Used:     1114M (36%)        1134M (37%)         668M (22%)         144M (5%)     
[2026-06-26T14:00:22.885-0300][380.112s][3772][6460 ][info][gc,heap     ] GC(66) y:      Live:         -                77M (3%)           77M (3%)           77M (3%)     
[2026-06-26T14:00:22.885-0300][380.112s][3772][6460 ][info][gc,heap     ] GC(66) y:   Garbage:         -              1036M (34%)         570M (19%)           3M (0%)     
[2026-06-26T14:00:22.885-0300][380.112s][3772][6460 ][info][gc,heap     ] GC(66) y: Allocated:         -                20M (1%)           20M (1%)           63M (2%)     
[2026-06-26T14:00:22.885-0300][380.112s][3772][6460 ][info][gc,heap     ] GC(66) y: Reclaimed:         -                  -               466M (15%)        1033M (34%)    
[2026-06-26T14:00:22.885-0300][380.112s][3772][6460 ][info][gc,heap     ] GC(66) y:  Promoted:         -                  -                 0M (0%)            0M (0%)     
[2026-06-26T14:00:22.885-0300][380.112s][3772][6460 ][info][gc,heap     ] GC(66) y: Compacted:         -                  -                  -                64M (2%)     
[2026-06-26T14:00:22.885-0300][380.112s][3772][6460 ][info][gc,phases   ] GC(66) y: Young Generation 2882M(94%)->1914M(62%) 0.296s
[2026-06-26T14:00:22.885-0300][380.112s][3772][6460 ][info][gc          ] GC(66) Minor Collection (High Usage) 2882M(94%)->1914M(62%) 0.297s
[2026-06-26T14:00:53.172-0300][410.399s][3772][6460 ][info][gc          ] GC(67) Minor Collection (High Usage)
[2026-06-26T14:00:53.172-0300][410.399s][3772][6460 ][info][gc,task     ] GC(67) Using 1 Workers for Young Generation
[2026-06-26T14:00:53.172-0300][410.399s][3772][6460 ][info][gc,phases   ] GC(67) y: Young Generation
[2026-06-26T14:00:53.172-0300][410.399s][3772][1692 ][info][gc,phases   ] GC(67) y: Pause Mark Start 0.009ms
[2026-06-26T14:00:53.509-0300][410.736s][3772][6460 ][info][gc,phases   ] GC(67) y: Concurrent Mark 336.958ms
[2026-06-26T14:00:53.509-0300][410.736s][3772][1692 ][info][gc,phases   ] GC(67) y: Pause Mark End 0.018ms
[2026-06-26T14:00:53.509-0300][410.736s][3772][6460 ][info][gc,phases   ] GC(67) y: Concurrent Mark Free 0.002ms
[2026-06-26T14:00:53.509-0300][410.736s][3772][6460 ][info][gc,phases   ] GC(67) y: Concurrent Reset Relocation Set 0.043ms
[2026-06-26T14:00:53.509-0300][410.737s][3772][6460 ][info][gc,reloc    ] GC(67) y: Using tenuring threshold: 4 (Computed)
[2026-06-26T14:00:53.514-0300][410.741s][3772][6460 ][info][gc,phases   ] GC(67) y: Concurrent Select Relocation Set 4.785ms
[2026-06-26T14:00:53.514-0300][410.741s][3772][1692 ][info][gc,phases   ] GC(67) y: Pause Relocate Start 0.011ms
[2026-06-26T14:00:53.563-0300][410.790s][3772][6460 ][info][gc,phases   ] GC(67) y: Concurrent Relocate 49.152ms
[2026-06-26T14:00:53.563-0300][410.791s][3772][6460 ][info][gc,alloc    ] GC(67) y:                         Mark Start        Mark End      Relocate Start    Relocate End   
[2026-06-26T14:00:53.563-0300][410.791s][3772][6460 ][info][gc,alloc    ] GC(67) y: Allocation Stalls:          0                0                0                0         
[2026-06-26T14:00:53.563-0300][410.791s][3772][6460 ][info][gc,load     ] GC(67) y: Load: 0.00 (0%) / 0.00 (0%) / 0.00 (0%)
[2026-06-26T14:00:53.563-0300][410.791s][3772][6460 ][info][gc,mmu      ] GC(67) y: MMU: 2ms/97.1%, 5ms/98.8%, 10ms/99.4%, 20ms/99.6%, 50ms/99.8%, 100ms/99.9%
[2026-06-26T14:00:53.563-0300][410.791s][3772][6460 ][info][gc,marking  ] GC(67) y: Mark: 1 stripe(s), 2 proactive flush(es), 1 terminate flush(es), 0 completion(s), 0 continuation(s) 
[2026-06-26T14:00:53.563-0300][410.791s][3772][6460 ][info][gc,nmethod  ] GC(67) y: NMethods: 17215 registered, 1235 unregistered
[2026-06-26T14:00:53.563-0300][410.791s][3772][6460 ][info][gc,metaspace] GC(67) y: Metaspace: 79M used, 82M committed, 1152M reserved
[2026-06-26T14:00:53.563-0300][410.791s][3772][6460 ][info][gc,reloc    ] GC(67) y:                        Candidates     Selected     In-Place         Size        Empty    Relocated 
[2026-06-26T14:00:53.563-0300][410.791s][3772][6460 ][info][gc,reloc    ] GC(67) y: Small Pages:                  556          378            0        1112M         250M          18M 
[2026-06-26T14:00:53.563-0300][410.791s][3772][6460 ][info][gc,reloc    ] GC(67) y: Medium Pages:                   0            0            0           0M           0M           0M 
[2026-06-26T14:00:53.563-0300][410.791s][3772][6460 ][info][gc,reloc    ] GC(67) y: Large Pages:                    0            0            0           0M           0M           0M 
[2026-06-26T14:00:53.563-0300][410.791s][3772][6460 ][info][gc,reloc    ] GC(67) y: Forwarding Usage: 10M
[2026-06-26T14:00:53.563-0300][410.791s][3772][6460 ][info][gc,reloc    ] GC(67) y: Age Table:
[2026-06-26T14:00:53.563-0300][410.791s][3772][6460 ][info][gc,reloc    ] GC(67) y:                    Live             Garbage             Small              Medium             Large        
[2026-06-26T14:00:53.563-0300][410.791s][3772][6460 ][info][gc,reloc    ] GC(67) y: Eden              22M (1%)          969M (32%)        496 / 358            0 / 0              0 / 0        
[2026-06-26T14:00:53.563-0300][410.791s][3772][6460 ][info][gc,reloc    ] GC(67) y: Survivor 1        57M (2%)           10M (0%)          34 / 3              0 / 0              0 / 0        
[2026-06-26T14:00:53.563-0300][410.791s][3772][6460 ][info][gc,reloc    ] GC(67) y: Survivor 2         4M (0%)            5M (0%)           5 / 3              0 / 0              0 / 0        
[2026-06-26T14:00:53.563-0300][410.791s][3772][6460 ][info][gc,reloc    ] GC(67) y: Survivor 3         5M (0%)           10M (0%)           8 / 5              0 / 0              0 / 0        
[2026-06-26T14:00:53.563-0300][410.791s][3772][6460 ][info][gc,reloc    ] GC(67) y: Survivor 4         1M (0%)            6M (0%)           4 / 3              0 / 0              0 / 0        
[2026-06-26T14:00:53.563-0300][410.791s][3772][6460 ][info][gc,reloc    ] GC(67) y: Survivor 5         2M (0%)            7M (0%)           5 / 2              0 / 0              0 / 0        
[2026-06-26T14:00:53.563-0300][410.791s][3772][6460 ][info][gc,reloc    ] GC(67) y: Survivor 6         0M (0%)            7M (0%)           4 / 4              0 / 0              0 / 0        
[2026-06-26T14:00:53.563-0300][410.791s][3772][6460 ][info][gc,heap     ] GC(67) y: Min Capacity: 8M(0%)
[2026-06-26T14:00:53.563-0300][410.791s][3772][6460 ][info][gc,heap     ] GC(67) y: Max Capacity: 3072M(100%)
[2026-06-26T14:00:53.563-0300][410.791s][3772][6460 ][info][gc,heap     ] GC(67) y: Soft Max Capacity: 3072M(100%)
[2026-06-26T14:00:53.563-0300][410.791s][3772][6460 ][info][gc,heap     ] GC(67) y: Heap Statistics:
[2026-06-26T14:00:53.563-0300][410.791s][3772][6460 ][info][gc,heap     ] GC(67) y:                Mark Start          Mark End        Relocate Start      Relocate End           High               Low         
[2026-06-26T14:00:53.563-0300][410.791s][3772][6460 ][info][gc,heap     ] GC(67) y:  Capacity:     3072M (100%)       3072M (100%)       3072M (100%)       3072M (100%)       3072M (100%)       3072M (100%)   
[2026-06-26T14:00:53.563-0300][410.791s][3772][6460 ][info][gc,heap     ] GC(67) y:      Free:      190M (6%)          160M (5%)          410M (13%)        1134M (37%)        1134M (37%)         160M (5%)     
[2026-06-26T14:00:53.563-0300][410.791s][3772][6460 ][info][gc,heap     ] GC(67) y:      Used:     2882M (94%)        2912M (95%)        2662M (87%)        1938M (63%)        2912M (95%)        1938M (63%)    
[2026-06-26T14:00:53.563-0300][410.791s][3772][6460 ][info][gc,heap     ] GC(67) y: Young Generation Statistics:
[2026-06-26T14:00:53.563-0300][410.791s][3772][6460 ][info][gc,heap     ] GC(67) y:                Mark Start          Mark End        Relocate Start      Relocate End    
[2026-06-26T14:00:53.563-0300][410.791s][3772][6460 ][info][gc,heap     ] GC(67) y:      Used:     1112M (36%)        1142M (37%)         888M (29%)         156M (5%)     
[2026-06-26T14:00:53.563-0300][410.791s][3772][6460 ][info][gc,heap     ] GC(67) y:      Live:         -                95M (3%)           92M (3%)           90M (3%)     
[2026-06-26T14:00:53.563-0300][410.791s][3772][6460 ][info][gc,heap     ] GC(67) y:   Garbage:         -              1016M (33%)         765M (25%)           5M (0%)     
[2026-06-26T14:00:53.563-0300][410.791s][3772][6460 ][info][gc,heap     ] GC(67) y: Allocated:         -                30M (1%)           30M (1%)           59M (2%)     
[2026-06-26T14:00:53.563-0300][410.791s][3772][6460 ][info][gc,heap     ] GC(67) y: Reclaimed:         -                  -               251M (8%)         1011M (33%)    
[2026-06-26T14:00:53.564-0300][410.791s][3772][6460 ][info][gc,heap     ] GC(67) y:  Promoted:         -                  -                 2M (0%)            4M (0%)     
[2026-06-26T14:00:53.564-0300][410.791s][3772][6460 ][info][gc,heap     ] GC(67) y: Compacted:         -                  -                  -                24M (1%)     
[2026-06-26T14:00:53.564-0300][410.791s][3772][6460 ][info][gc,phases   ] GC(67) y: Young Generation 2882M(94%)->1938M(63%) 0.392s
[2026-06-26T14:00:53.564-0300][410.791s][3772][6460 ][info][gc          ] GC(67) Minor Collection (High Usage) 2882M(94%)->1938M(63%) 0.392s
[2026-06-26T14:01:26.264-0300][443.491s][3772][6460 ][info][gc          ] GC(68) Minor Collection (High Usage)
[2026-06-26T14:01:26.264-0300][443.491s][3772][6460 ][info][gc,task     ] GC(68) Using 1 Workers for Young Generation
[2026-06-26T14:01:26.264-0300][443.491s][3772][6460 ][info][gc,phases   ] GC(68) y: Young Generation
[2026-06-26T14:01:26.264-0300][443.491s][3772][1692 ][info][gc,phases   ] GC(68) y: Pause Mark Start 0.010ms
[2026-06-26T14:01:26.537-0300][443.765s][3772][6460 ][info][gc,phases   ] GC(68) y: Concurrent Mark 273.471ms
[2026-06-26T14:01:26.537-0300][443.765s][3772][1692 ][info][gc,phases   ] GC(68) y: Pause Mark End 0.013ms
[2026-06-26T14:01:26.537-0300][443.765s][3772][6460 ][info][gc,phases   ] GC(68) y: Concurrent Mark Free 0.004ms
[2026-06-26T14:01:26.538-0300][443.765s][3772][6460 ][info][gc,phases   ] GC(68) y: Concurrent Reset Relocation Set 0.289ms
[2026-06-26T14:01:26.538-0300][443.765s][3772][6460 ][info][gc,reloc    ] GC(68) y: Using tenuring threshold: 3 (Computed)
[2026-06-26T14:01:26.544-0300][443.771s][3772][6460 ][info][gc,phases   ] GC(68) y: Concurrent Select Relocation Set 6.407ms
[2026-06-26T14:01:26.544-0300][443.772s][3772][1692 ][info][gc,phases   ] GC(68) y: Pause Relocate Start 0.009ms
[2026-06-26T14:01:26.577-0300][443.805s][3772][6460 ][info][gc,phases   ] GC(68) y: Concurrent Relocate 33.136ms
[2026-06-26T14:01:26.577-0300][443.805s][3772][6460 ][info][gc,alloc    ] GC(68) y:                         Mark Start        Mark End      Relocate Start    Relocate End   
[2026-06-26T14:01:26.577-0300][443.805s][3772][6460 ][info][gc,alloc    ] GC(68) y: Allocation Stalls:          0                0                0                0         
[2026-06-26T14:01:26.577-0300][443.805s][3772][6460 ][info][gc,load     ] GC(68) y: Load: 0.00 (0%) / 0.00 (0%) / 0.00 (0%)
[2026-06-26T14:01:26.577-0300][443.805s][3772][6460 ][info][gc,mmu      ] GC(68) y: MMU: 2ms/97.1%, 5ms/98.8%, 10ms/99.4%, 20ms/99.6%, 50ms/99.8%, 100ms/99.9%
[2026-06-26T14:01:26.577-0300][443.805s][3772][6460 ][info][gc,marking  ] GC(68) y: Mark: 1 stripe(s), 2 proactive flush(es), 1 terminate flush(es), 0 completion(s), 0 continuation(s) 
[2026-06-26T14:01:26.578-0300][443.805s][3772][6460 ][info][gc,nmethod  ] GC(68) y: NMethods: 17856 registered, 1235 unregistered
[2026-06-26T14:01:26.578-0300][443.805s][3772][6460 ][info][gc,metaspace] GC(68) y: Metaspace: 80M used, 82M committed, 1152M reserved
[2026-06-26T14:01:26.578-0300][443.805s][3772][6460 ][info][gc,reloc    ] GC(68) y:                        Candidates     Selected     In-Place         Size        Empty    Relocated 
[2026-06-26T14:01:26.578-0300][443.805s][3772][6460 ][info][gc,reloc    ] GC(68) y: Small Pages:                  550          436            0        1100M         120M           9M 
[2026-06-26T14:01:26.578-0300][443.805s][3772][6460 ][info][gc,reloc    ] GC(68) y: Medium Pages:                   0            0            0           0M           0M           0M 
[2026-06-26T14:01:26.578-0300][443.805s][3772][6460 ][info][gc,reloc    ] GC(68) y: Large Pages:                    0            0            0           0M           0M           0M 
[2026-06-26T14:01:26.578-0300][443.805s][3772][6460 ][info][gc,reloc    ] GC(68) y: Forwarding Usage: 5M
[2026-06-26T14:01:26.578-0300][443.805s][3772][6460 ][info][gc,reloc    ] GC(68) y: Age Table:
[2026-06-26T14:01:26.578-0300][443.805s][3772][6460 ][info][gc,reloc    ] GC(68) y:                    Live             Garbage             Small              Medium             Large        
[2026-06-26T14:01:26.578-0300][443.805s][3772][6460 ][info][gc,reloc    ] GC(68) y: Eden              10M (0%)          963M (31%)        487 / 426            0 / 0              0 / 0        
[2026-06-26T14:01:26.578-0300][443.805s][3772][6460 ][info][gc,reloc    ] GC(68) y: Survivor 1        20M (1%)           15M (1%)          18 / 3              0 / 0              0 / 0        
[2026-06-26T14:01:26.578-0300][443.805s][3772][6460 ][info][gc,reloc    ] GC(68) y: Survivor 2        57M (2%)           10M (0%)          34 / 3              0 / 0              0 / 0        
[2026-06-26T14:01:26.578-0300][443.805s][3772][6460 ][info][gc,reloc    ] GC(68) y: Survivor 3         4M (0%)            5M (0%)           5 / 2              0 / 0              0 / 0        
[2026-06-26T14:01:26.578-0300][443.805s][3772][6460 ][info][gc,reloc    ] GC(68) y: Survivor 4         5M (0%)            6M (0%)           6 / 2              0 / 0              0 / 0        
[2026-06-26T14:01:26.578-0300][443.805s][3772][6460 ][info][gc,heap     ] GC(68) y: Min Capacity: 8M(0%)
[2026-06-26T14:01:26.578-0300][443.805s][3772][6460 ][info][gc,heap     ] GC(68) y: Max Capacity: 3072M(100%)
[2026-06-26T14:01:26.578-0300][443.805s][3772][6460 ][info][gc,heap     ] GC(68) y: Soft Max Capacity: 3072M(100%)
[2026-06-26T14:01:26.578-0300][443.805s][3772][6460 ][info][gc,heap     ] GC(68) y: Heap Statistics:
[2026-06-26T14:01:26.578-0300][443.805s][3772][6460 ][info][gc,heap     ] GC(68) y:                Mark Start          Mark End        Relocate Start      Relocate End           High               Low         
[2026-06-26T14:01:26.578-0300][443.805s][3772][6460 ][info][gc,heap     ] GC(68) y:  Capacity:     3072M (100%)       3072M (100%)       3072M (100%)       3072M (100%)       3072M (100%)       3072M (100%)   
[2026-06-26T14:01:26.578-0300][443.805s][3772][6460 ][info][gc,heap     ] GC(68) y:      Free:      190M (6%)          160M (5%)          280M (9%)         1134M (37%)        1134M (37%)         160M (5%)     
[2026-06-26T14:01:26.578-0300][443.805s][3772][6460 ][info][gc,heap     ] GC(68) y:      Used:     2882M (94%)        2912M (95%)        2792M (91%)        1938M (63%)        2912M (95%)        1938M (63%)    
[2026-06-26T14:01:26.578-0300][443.805s][3772][6460 ][info][gc,heap     ] GC(68) y: Young Generation Statistics:
[2026-06-26T14:01:26.578-0300][443.805s][3772][6460 ][info][gc,heap     ] GC(68) y:                Mark Start          Mark End        Relocate Start      Relocate End    
[2026-06-26T14:01:26.578-0300][443.805s][3772][6460 ][info][gc,heap     ] GC(68) y:      Used:     1100M (36%)        1130M (37%)        1000M (33%)         144M (5%)     
[2026-06-26T14:01:26.578-0300][443.805s][3772][6460 ][info][gc,heap     ] GC(68) y:      Live:         -                97M (3%)           89M (3%)           87M (3%)     
[2026-06-26T14:01:26.578-0300][443.805s][3772][6460 ][info][gc,heap     ] GC(68) y:   Garbage:         -              1002M (33%)         880M (29%)           6M (0%)     
[2026-06-26T14:01:26.578-0300][443.805s][3772][6460 ][info][gc,heap     ] GC(68) y: Allocated:         -                30M (1%)           30M (1%)           49M (2%)     
[2026-06-26T14:01:26.578-0300][443.805s][3772][6460 ][info][gc,heap     ] GC(68) y: Reclaimed:         -                  -               122M (4%)          996M (32%)    
[2026-06-26T14:01:26.578-0300][443.805s][3772][6460 ][info][gc,heap     ] GC(68) y:  Promoted:         -                  -                 7M (0%)            9M (0%)     
[2026-06-26T14:01:26.578-0300][443.805s][3772][6460 ][info][gc,heap     ] GC(68) y: Compacted:         -                  -                  -                12M (0%)     
[2026-06-26T14:01:26.578-0300][443.805s][3772][6460 ][info][gc,phases   ] GC(68) y: Young Generation 2882M(94%)->1938M(63%) 0.314s
[2026-06-26T14:01:26.578-0300][443.805s][3772][6460 ][info][gc          ] GC(68) Minor Collection (High Usage) 2882M(94%)->1938M(63%) 0.314s
[2026-06-26T14:01:49.203-0300][466.430s][3772][6460 ][info][gc          ] GC(69) Minor Collection (High Usage)
[2026-06-26T14:01:49.203-0300][466.430s][3772][6460 ][info][gc,task     ] GC(69) Using 1 Workers for Young Generation
[2026-06-26T14:01:49.203-0300][466.430s][3772][6460 ][info][gc,phases   ] GC(69) y: Young Generation
[2026-06-26T14:01:49.203-0300][466.430s][3772][1692 ][info][gc,phases   ] GC(69) y: Pause Mark Start 0.015ms
[2026-06-26T14:01:49.423-0300][466.650s][3772][6460 ][info][gc,phases   ] GC(69) y: Concurrent Mark 219.996ms
[2026-06-26T14:01:49.423-0300][466.650s][3772][1692 ][info][gc,phases   ] GC(69) y: Pause Mark End 0.012ms
[2026-06-26T14:01:49.423-0300][466.650s][3772][6460 ][info][gc,phases   ] GC(69) y: Concurrent Mark Free 0.003ms
[2026-06-26T14:01:49.423-0300][466.650s][3772][6460 ][info][gc,phases   ] GC(69) y: Concurrent Reset Relocation Set 0.171ms
[2026-06-26T14:01:49.423-0300][466.651s][3772][6460 ][info][gc,reloc    ] GC(69) y: Using tenuring threshold: 2 (Computed)
[2026-06-26T14:01:49.459-0300][466.687s][3772][6460 ][info][gc,phases   ] GC(69) y: Concurrent Select Relocation Set 36.154ms
[2026-06-26T14:01:49.459-0300][466.687s][3772][1692 ][info][gc,phases   ] GC(69) y: Pause Relocate Start 0.011ms
[2026-06-26T14:01:49.535-0300][466.762s][3772][6460 ][info][gc,phases   ] GC(69) y: Concurrent Relocate 75.457ms
[2026-06-26T14:01:49.535-0300][466.762s][3772][6460 ][info][gc,alloc    ] GC(69) y:                         Mark Start        Mark End      Relocate Start    Relocate End   
[2026-06-26T14:01:49.535-0300][466.762s][3772][6460 ][info][gc,alloc    ] GC(69) y: Allocation Stalls:          0                0                0                0         
[2026-06-26T14:01:49.535-0300][466.762s][3772][6460 ][info][gc,load     ] GC(69) y: Load: 0.00 (0%) / 0.00 (0%) / 0.00 (0%)
[2026-06-26T14:01:49.535-0300][466.762s][3772][6460 ][info][gc,mmu      ] GC(69) y: MMU: 2ms/97.1%, 5ms/98.8%, 10ms/99.4%, 20ms/99.6%, 50ms/99.8%, 100ms/99.9%
[2026-06-26T14:01:49.535-0300][466.762s][3772][6460 ][info][gc,marking  ] GC(69) y: Mark: 1 stripe(s), 2 proactive flush(es), 1 terminate flush(es), 0 completion(s), 0 continuation(s) 
[2026-06-26T14:01:49.535-0300][466.762s][3772][6460 ][info][gc,nmethod  ] GC(69) y: NMethods: 18058 registered, 1235 unregistered
[2026-06-26T14:01:49.535-0300][466.762s][3772][6460 ][info][gc,metaspace] GC(69) y: Metaspace: 80M used, 82M committed, 1152M reserved
[2026-06-26T14:01:49.535-0300][466.762s][3772][6460 ][info][gc,reloc    ] GC(69) y:                        Candidates     Selected     In-Place         Size        Empty    Relocated 
[2026-06-26T14:01:49.535-0300][466.762s][3772][6460 ][info][gc,reloc    ] GC(69) y: Small Pages:                  544          438            0        1088M         112M           4M 
[2026-06-26T14:01:49.535-0300][466.762s][3772][6460 ][info][gc,reloc    ] GC(69) y: Medium Pages:                   0            0            0           0M           0M           0M 
[2026-06-26T14:01:49.535-0300][466.762s][3772][6460 ][info][gc,reloc    ] GC(69) y: Large Pages:                    0            0            0           0M           0M           0M 
[2026-06-26T14:01:49.535-0300][466.762s][3772][6460 ][info][gc,reloc    ] GC(69) y: Forwarding Usage: 2M
[2026-06-26T14:01:49.535-0300][466.762s][3772][6460 ][info][gc,reloc    ] GC(69) y: Age Table:
[2026-06-26T14:01:49.535-0300][466.762s][3772][6460 ][info][gc,reloc    ] GC(69) y:                    Live             Garbage             Small              Medium             Large        
[2026-06-26T14:01:49.535-0300][466.762s][3772][6460 ][info][gc,reloc    ] GC(69) y: Eden               4M (0%)          969M (32%)        487 / 431            0 / 0              0 / 0        
[2026-06-26T14:01:49.535-0300][466.762s][3772][6460 ][info][gc,reloc    ] GC(69) y: Survivor 1         9M (0%)           10M (0%)          10 / 3              0 / 0              0 / 0        
[2026-06-26T14:01:49.535-0300][466.763s][3772][6460 ][info][gc,reloc    ] GC(69) y: Survivor 2        20M (1%)            7M (0%)          14 / 2              0 / 0              0 / 0        
[2026-06-26T14:01:49.535-0300][466.763s][3772][6460 ][info][gc,reloc    ] GC(69) y: Survivor 3        56M (2%)            9M (0%)          33 / 2              0 / 0              0 / 0        
[2026-06-26T14:01:49.535-0300][466.763s][3772][6460 ][info][gc,heap     ] GC(69) y: Min Capacity: 8M(0%)
[2026-06-26T14:01:49.535-0300][466.763s][3772][6460 ][info][gc,heap     ] GC(69) y: Max Capacity: 3072M(100%)
[2026-06-26T14:01:49.535-0300][466.763s][3772][6460 ][info][gc,heap     ] GC(69) y: Soft Max Capacity: 3072M(100%)
[2026-06-26T14:01:49.535-0300][466.763s][3772][6460 ][info][gc,heap     ] GC(69) y: Heap Statistics:
[2026-06-26T14:01:49.535-0300][466.763s][3772][6460 ][info][gc,heap     ] GC(69) y:                Mark Start          Mark End        Relocate Start      Relocate End           High               Low         
[2026-06-26T14:01:49.535-0300][466.763s][3772][6460 ][info][gc,heap     ] GC(69) y:  Capacity:     3072M (100%)       3072M (100%)       3072M (100%)       3072M (100%)       3072M (100%)       3072M (100%)   
[2026-06-26T14:01:49.536-0300][466.763s][3772][6460 ][info][gc,heap     ] GC(69) y:      Free:      190M (6%)          164M (5%)          272M (9%)         1132M (37%)        1136M (37%)         164M (5%)     
[2026-06-26T14:01:49.536-0300][466.763s][3772][6460 ][info][gc,heap     ] GC(69) y:      Used:     2882M (94%)        2908M (95%)        2800M (91%)        1940M (63%)        2908M (95%)        1936M (63%)    
[2026-06-26T14:01:49.536-0300][466.763s][3772][6460 ][info][gc,heap     ] GC(69) y: Young Generation Statistics:
[2026-06-26T14:01:49.536-0300][466.763s][3772][6460 ][info][gc,heap     ] GC(69) y:                Mark Start          Mark End        Relocate Start      Relocate End    
[2026-06-26T14:01:49.536-0300][466.763s][3772][6460 ][info][gc,heap     ] GC(69) y:      Used:     1088M (35%)        1114M (36%)         922M (30%)          60M (2%)     
[2026-06-26T14:01:49.536-0300][466.763s][3772][6460 ][info][gc,heap     ] GC(69) y:      Live:         -                90M (3%)           13M (0%)           13M (0%)     
[2026-06-26T14:01:49.536-0300][466.763s][3772][6460 ][info][gc,heap     ] GC(69) y:   Garbage:         -               997M (32%)         878M (29%)           1M (0%)     
[2026-06-26T14:01:49.536-0300][466.763s][3772][6460 ][info][gc,heap     ] GC(69) y: Allocated:         -                26M (1%)           30M (1%)           45M (1%)     
[2026-06-26T14:01:49.536-0300][466.763s][3772][6460 ][info][gc,heap     ] GC(69) y: Reclaimed:         -                  -               119M (4%)          996M (32%)    
[2026-06-26T14:01:49.536-0300][466.763s][3772][6460 ][info][gc,heap     ] GC(69) y:  Promoted:         -                  -                76M (2%)           77M (3%)     
[2026-06-26T14:01:49.536-0300][466.763s][3772][6460 ][info][gc,heap     ] GC(69) y: Compacted:         -                  -                  -                 4M (0%)     
[2026-06-26T14:01:49.536-0300][466.763s][3772][6460 ][info][gc,phases   ] GC(69) y: Young Generation 2882M(94%)->1940M(63%) 0.332s
[2026-06-26T14:01:49.536-0300][466.763s][3772][6460 ][info][gc          ] GC(69) Minor Collection (High Usage) 2882M(94%)->1940M(63%) 0.333s
[2026-06-26T14:02:11.311-0300][488.537s][3772][6460 ][info][gc          ] GC(70) Minor Collection (High Usage)
[2026-06-26T14:02:11.311-0300][488.537s][3772][6460 ][info][gc,task     ] GC(70) Using 1 Workers for Young Generation
[2026-06-26T14:02:11.311-0300][488.537s][3772][6460 ][info][gc,phases   ] GC(70) y: Young Generation
[2026-06-26T14:02:11.311-0300][488.538s][3772][1692 ][info][gc,phases   ] GC(70) y: Pause Mark Start 0.013ms
[2026-06-26T14:02:11.387-0300][488.614s][3772][6460 ][info][gc,phases   ] GC(70) y: Concurrent Mark 76.483ms
[2026-06-26T14:02:11.387-0300][488.614s][3772][1692 ][info][gc,phases   ] GC(70) y: Pause Mark End 0.014ms
[2026-06-26T14:02:11.387-0300][488.614s][3772][6460 ][info][gc,phases   ] GC(70) y: Concurrent Mark Free 0.004ms
[2026-06-26T14:02:11.388-0300][488.615s][3772][6460 ][info][gc,phases   ] GC(70) y: Concurrent Reset Relocation Set 0.655ms
[2026-06-26T14:02:11.388-0300][488.615s][3772][6460 ][info][gc,reloc    ] GC(70) y: Using tenuring threshold: 3 (Computed)
[2026-06-26T14:02:11.389-0300][488.616s][3772][6460 ][info][gc,phases   ] GC(70) y: Concurrent Select Relocation Set 0.608ms
[2026-06-26T14:02:11.389-0300][488.616s][3772][1692 ][info][gc,phases   ] GC(70) y: Pause Relocate Start 0.007ms
[2026-06-26T14:02:11.395-0300][488.622s][3772][6460 ][info][gc,phases   ] GC(70) y: Concurrent Relocate 6.491ms
[2026-06-26T14:02:11.395-0300][488.622s][3772][6460 ][info][gc,alloc    ] GC(70) y:                         Mark Start        Mark End      Relocate Start    Relocate End   
[2026-06-26T14:02:11.395-0300][488.622s][3772][6460 ][info][gc,alloc    ] GC(70) y: Allocation Stalls:          0                0                0                0         
[2026-06-26T14:02:11.395-0300][488.622s][3772][6460 ][info][gc,load     ] GC(70) y: Load: 0.00 (0%) / 0.00 (0%) / 0.00 (0%)
[2026-06-26T14:02:11.395-0300][488.622s][3772][6460 ][info][gc,mmu      ] GC(70) y: MMU: 2ms/97.1%, 5ms/98.8%, 10ms/99.4%, 20ms/99.6%, 50ms/99.8%, 100ms/99.9%
[2026-06-26T14:02:11.395-0300][488.622s][3772][6460 ][info][gc,marking  ] GC(70) y: Mark: 1 stripe(s), 2 proactive flush(es), 1 terminate flush(es), 0 completion(s), 0 continuation(s) 
[2026-06-26T14:02:11.395-0300][488.622s][3772][6460 ][info][gc,nmethod  ] GC(70) y: NMethods: 18145 registered, 1235 unregistered
[2026-06-26T14:02:11.395-0300][488.622s][3772][6460 ][info][gc,metaspace] GC(70) y: Metaspace: 80M used, 82M committed, 1152M reserved
[2026-06-26T14:02:11.395-0300][488.622s][3772][6460 ][info][gc,reloc    ] GC(70) y:                        Candidates     Selected     In-Place         Size        Empty    Relocated 
[2026-06-26T14:02:11.395-0300][488.622s][3772][6460 ][info][gc,reloc    ] GC(70) y: Small Pages:                  501          104            0        1002M         778M           2M 
[2026-06-26T14:02:11.395-0300][488.622s][3772][6460 ][info][gc,reloc    ] GC(70) y: Medium Pages:                   0            0            0           0M           0M           0M 
[2026-06-26T14:02:11.395-0300][488.622s][3772][6460 ][info][gc,reloc    ] GC(70) y: Large Pages:                    0            0            0           0M           0M           0M 
[2026-06-26T14:02:11.395-0300][488.622s][3772][6460 ][info][gc,reloc    ] GC(70) y: Forwarding Usage: 2M
[2026-06-26T14:02:11.395-0300][488.622s][3772][6460 ][info][gc,reloc    ] GC(70) y: Age Table:
[2026-06-26T14:02:11.395-0300][488.622s][3772][6460 ][info][gc,reloc    ] GC(70) y:                    Live             Garbage             Small              Medium             Large        
[2026-06-26T14:02:11.395-0300][488.622s][3772][6460 ][info][gc,reloc    ] GC(70) y: Eden               1M (0%)          974M (32%)        488 / 98             0 / 0              0 / 0        
[2026-06-26T14:02:11.395-0300][488.622s][3772][6460 ][info][gc,reloc    ] GC(70) y: Survivor 1         2M (0%)            7M (0%)           5 / 3              0 / 0              0 / 0        
[2026-06-26T14:02:11.395-0300][488.622s][3772][6460 ][info][gc,reloc    ] GC(70) y: Survivor 2         9M (0%)            6M (0%)           8 / 3              0 / 0              0 / 0        
[2026-06-26T14:02:11.395-0300][488.622s][3772][6460 ][info][gc,heap     ] GC(70) y: Min Capacity: 8M(0%)
[2026-06-26T14:02:11.395-0300][488.622s][3772][6460 ][info][gc,heap     ] GC(70) y: Max Capacity: 3072M(100%)
[2026-06-26T14:02:11.395-0300][488.622s][3772][6460 ][info][gc,heap     ] GC(70) y: Soft Max Capacity: 3072M(100%)
[2026-06-26T14:02:11.395-0300][488.622s][3772][6460 ][info][gc,heap     ] GC(70) y: Heap Statistics:
[2026-06-26T14:02:11.395-0300][488.622s][3772][6460 ][info][gc,heap     ] GC(70) y:                Mark Start          Mark End        Relocate Start      Relocate End           High               Low         
[2026-06-26T14:02:11.395-0300][488.622s][3772][6460 ][info][gc,heap     ] GC(70) y:  Capacity:     3072M (100%)       3072M (100%)       3072M (100%)       3072M (100%)       3072M (100%)       3072M (100%)   
[2026-06-26T14:02:11.395-0300][488.622s][3772][6460 ][info][gc,heap     ] GC(70) y:      Free:      190M (6%)          172M (6%)          950M (31%)        1144M (37%)        1144M (37%)         172M (6%)     
[2026-06-26T14:02:11.395-0300][488.622s][3772][6460 ][info][gc,heap     ] GC(70) y:      Used:     2882M (94%)        2900M (94%)        2122M (69%)        1928M (63%)        2900M (94%)        1928M (63%)    
[2026-06-26T14:02:11.395-0300][488.622s][3772][6460 ][info][gc,heap     ] GC(70) y: Young Generation Statistics:
[2026-06-26T14:02:11.395-0300][488.622s][3772][6460 ][info][gc,heap     ] GC(70) y:                Mark Start          Mark End        Relocate Start      Relocate End    
[2026-06-26T14:02:11.395-0300][488.622s][3772][6460 ][info][gc,heap     ] GC(70) y:      Used:     1002M (33%)        1020M (33%)         242M (8%)           48M (2%)     
[2026-06-26T14:02:11.395-0300][488.623s][3772][6460 ][info][gc,heap     ] GC(70) y:      Live:         -                13M (0%)           13M (0%)           13M (0%)     
[2026-06-26T14:02:11.395-0300][488.623s][3772][6460 ][info][gc,heap     ] GC(70) y:   Garbage:         -               988M (32%)         210M (7%)            1M (0%)     
[2026-06-26T14:02:11.395-0300][488.623s][3772][6460 ][info][gc,heap     ] GC(70) y: Allocated:         -                18M (1%)           18M (1%)           32M (1%)     
[2026-06-26T14:02:11.395-0300][488.623s][3772][6460 ][info][gc,heap     ] GC(70) y: Reclaimed:         -                  -               778M (25%)         986M (32%)    
[2026-06-26T14:02:11.395-0300][488.623s][3772][6460 ][info][gc,heap     ] GC(70) y:  Promoted:         -                  -                 0M (0%)            0M (0%)     
[2026-06-26T14:02:11.395-0300][488.623s][3772][6460 ][info][gc,heap     ] GC(70) y: Compacted:         -                  -                  -                 5M (0%)     
[2026-06-26T14:02:11.395-0300][488.623s][3772][6460 ][info][gc,phases   ] GC(70) y: Young Generation 2882M(94%)->1928M(63%) 0.085s
[2026-06-26T14:02:11.395-0300][488.623s][3772][6460 ][info][gc          ] GC(70) Minor Collection (High Usage) 2882M(94%)->1928M(63%) 0.085s
[2026-06-26T14:02:46.504-0300][523.731s][3772][6460 ][info][gc          ] GC(71) Minor Collection (High Usage)
[2026-06-26T14:02:46.504-0300][523.731s][3772][6460 ][info][gc,task     ] GC(71) Using 1 Workers for Young Generation
[2026-06-26T14:02:46.504-0300][523.731s][3772][6460 ][info][gc,phases   ] GC(71) y: Young Generation
[2026-06-26T14:02:46.504-0300][523.731s][3772][1692 ][info][gc,phases   ] GC(71) y: Pause Mark Start 0.008ms
[2026-06-26T14:02:46.635-0300][523.862s][3772][6460 ][info][gc,phases   ] GC(71) y: Concurrent Mark 131.518ms
[2026-06-26T14:02:46.635-0300][523.863s][3772][1692 ][info][gc,phases   ] GC(71) y: Pause Mark End 0.014ms
[2026-06-26T14:02:46.635-0300][523.863s][3772][6460 ][info][gc,phases   ] GC(71) y: Concurrent Mark Free 0.003ms
[2026-06-26T14:02:46.635-0300][523.863s][3772][6460 ][info][gc,phases   ] GC(71) y: Concurrent Reset Relocation Set 0.008ms
[2026-06-26T14:02:46.635-0300][523.863s][3772][6460 ][info][gc,reloc    ] GC(71) y: Using tenuring threshold: 2 (Computed)
[2026-06-26T14:02:46.643-0300][523.870s][3772][6460 ][info][gc,phases   ] GC(71) y: Concurrent Select Relocation Set 7.220ms
[2026-06-26T14:02:46.643-0300][523.870s][3772][1692 ][info][gc,phases   ] GC(71) y: Pause Relocate Start 0.012ms
[2026-06-26T14:02:46.675-0300][523.902s][3772][6460 ][info][gc,phases   ] GC(71) y: Concurrent Relocate 31.833ms
[2026-06-26T14:02:46.675-0300][523.902s][3772][6460 ][info][gc,alloc    ] GC(71) y:                         Mark Start        Mark End      Relocate Start    Relocate End   
[2026-06-26T14:02:46.675-0300][523.902s][3772][6460 ][info][gc,alloc    ] GC(71) y: Allocation Stalls:          0                0                0                0         
[2026-06-26T14:02:46.675-0300][523.902s][3772][6460 ][info][gc,load     ] GC(71) y: Load: 0.00 (0%) / 0.00 (0%) / 0.00 (0%)
[2026-06-26T14:02:46.675-0300][523.902s][3772][6460 ][info][gc,mmu      ] GC(71) y: MMU: 2ms/97.1%, 5ms/98.8%, 10ms/99.4%, 20ms/99.6%, 50ms/99.8%, 100ms/99.9%
[2026-06-26T14:02:46.675-0300][523.902s][3772][6460 ][info][gc,marking  ] GC(71) y: Mark: 1 stripe(s), 2 proactive flush(es), 1 terminate flush(es), 0 completion(s), 0 continuation(s) 
[2026-06-26T14:02:46.675-0300][523.902s][3772][6460 ][info][gc,nmethod  ] GC(71) y: NMethods: 18450 registered, 1235 unregistered
[2026-06-26T14:02:46.675-0300][523.902s][3772][6460 ][info][gc,metaspace] GC(71) y: Metaspace: 80M used, 82M committed, 1152M reserved
[2026-06-26T14:02:46.675-0300][523.902s][3772][6460 ][info][gc,reloc    ] GC(71) y:                        Candidates     Selected     In-Place         Size        Empty    Relocated 
[2026-06-26T14:02:46.675-0300][523.902s][3772][6460 ][info][gc,reloc    ] GC(71) y: Small Pages:                  501          266            0        1002M         440M          12M 
[2026-06-26T14:02:46.675-0300][523.902s][3772][6460 ][info][gc,reloc    ] GC(71) y: Medium Pages:                   0            0            0           0M           0M           0M 
[2026-06-26T14:02:46.675-0300][523.902s][3772][6460 ][info][gc,reloc    ] GC(71) y: Large Pages:                    0            0            0           0M           0M           0M 
[2026-06-26T14:02:46.675-0300][523.902s][3772][6460 ][info][gc,reloc    ] GC(71) y: Forwarding Usage: 8M
[2026-06-26T14:02:46.675-0300][523.902s][3772][6460 ][info][gc,reloc    ] GC(71) y: Age Table:
[2026-06-26T14:02:46.675-0300][523.902s][3772][6460 ][info][gc,reloc    ] GC(71) y:                    Live             Garbage             Small              Medium             Large        
[2026-06-26T14:02:46.675-0300][523.902s][3772][6460 ][info][gc,reloc    ] GC(71) y: Eden              15M (1%)          956M (31%)        486 / 257            0 / 0              0 / 0        
[2026-06-26T14:02:46.675-0300][523.902s][3772][6460 ][info][gc,reloc    ] GC(71) y: Survivor 1         0M (0%)            5M (0%)           3 / 2              0 / 0              0 / 0        
[2026-06-26T14:02:46.675-0300][523.902s][3772][6460 ][info][gc,reloc    ] GC(71) y: Survivor 2         2M (0%)            5M (0%)           4 / 2              0 / 0              0 / 0        
[2026-06-26T14:02:46.675-0300][523.902s][3772][6460 ][info][gc,reloc    ] GC(71) y: Survivor 3         8M (0%)            7M (0%)           8 / 5              0 / 0              0 / 0        
[2026-06-26T14:02:46.675-0300][523.902s][3772][6460 ][info][gc,heap     ] GC(71) y: Min Capacity: 8M(0%)
[2026-06-26T14:02:46.675-0300][523.902s][3772][6460 ][info][gc,heap     ] GC(71) y: Max Capacity: 3072M(100%)
[2026-06-26T14:02:46.675-0300][523.902s][3772][6460 ][info][gc,heap     ] GC(71) y: Soft Max Capacity: 3072M(100%)
[2026-06-26T14:02:46.675-0300][523.902s][3772][6460 ][info][gc,heap     ] GC(71) y: Heap Statistics:
[2026-06-26T14:02:46.675-0300][523.902s][3772][6460 ][info][gc,heap     ] GC(71) y:                Mark Start          Mark End        Relocate Start      Relocate End           High               Low         
[2026-06-26T14:02:46.675-0300][523.902s][3772][6460 ][info][gc,heap     ] GC(71) y:  Capacity:     3072M (100%)       3072M (100%)       3072M (100%)       3072M (100%)       3072M (100%)       3072M (100%)   
[2026-06-26T14:02:46.675-0300][523.902s][3772][6460 ][info][gc,heap     ] GC(71) y:      Free:      190M (6%)          172M (6%)          612M (20%)        1130M (37%)        1130M (37%)         172M (6%)     
[2026-06-26T14:02:46.675-0300][523.902s][3772][6460 ][info][gc,heap     ] GC(71) y:      Used:     2882M (94%)        2900M (94%)        2460M (80%)        1942M (63%)        2900M (94%)        1942M (63%)    
[2026-06-26T14:02:46.675-0300][523.902s][3772][6460 ][info][gc,heap     ] GC(71) y: Young Generation Statistics:
[2026-06-26T14:02:46.675-0300][523.902s][3772][6460 ][info][gc,heap     ] GC(71) y:                Mark Start          Mark End        Relocate Start      Relocate End    
[2026-06-26T14:02:46.675-0300][523.902s][3772][6460 ][info][gc,heap     ] GC(71) y:      Used:     1002M (33%)        1020M (33%)         572M (19%)          48M (2%)     
[2026-06-26T14:02:46.675-0300][523.902s][3772][6460 ][info][gc,heap     ] GC(71) y:      Live:         -                26M (1%)           19M (1%)           15M (1%)     
[2026-06-26T14:02:46.675-0300][523.902s][3772][6460 ][info][gc,heap     ] GC(71) y:   Garbage:         -               975M (32%)         534M (17%)           0M (0%)     
[2026-06-26T14:02:46.675-0300][523.902s][3772][6460 ][info][gc,heap     ] GC(71) y: Allocated:         -                18M (1%)           18M (1%)           32M (1%)     
[2026-06-26T14:02:46.675-0300][523.902s][3772][6460 ][info][gc,heap     ] GC(71) y: Reclaimed:         -                  -               440M (14%)         975M (32%)    
[2026-06-26T14:02:46.675-0300][523.902s][3772][6460 ][info][gc,heap     ] GC(71) y:  Promoted:         -                  -                 7M (0%)           10M (0%)     
[2026-06-26T14:02:46.675-0300][523.902s][3772][6460 ][info][gc,heap     ] GC(71) y: Compacted:         -                  -                  -                15M (1%)     
[2026-06-26T14:02:46.675-0300][523.902s][3772][6460 ][info][gc,phases   ] GC(71) y: Young Generation 2882M(94%)->1942M(63%) 0.171s
[2026-06-26T14:02:46.675-0300][523.902s][3772][6460 ][info][gc          ] GC(71) Minor Collection (High Usage) 2882M(94%)->1942M(63%) 0.172s
[2026-06-26T14:02:53.754-0300][530.980s][3772][8616 ][info][gc          ] GC(72) Major Collection (Proactive)
[2026-06-26T14:02:53.754-0300][530.980s][3772][8616 ][info][gc,task     ] GC(72) Using 1 Workers for Young Generation
[2026-06-26T14:02:53.754-0300][530.980s][3772][8616 ][info][gc,task     ] GC(72) Using 1 Workers for Old Generation
[2026-06-26T14:02:53.754-0300][530.980s][3772][8616 ][info][gc,phases   ] GC(72) Y: Young Generation
[2026-06-26T14:02:53.754-0300][530.980s][3772][1692 ][info][gc,phases   ] GC(72) Y: Pause Mark Start (Major) 0.011ms
[2026-06-26T14:02:53.840-0300][531.067s][3772][8616 ][info][gc,phases   ] GC(72) Y: Concurrent Mark 86.553ms
[2026-06-26T14:02:53.840-0300][531.067s][3772][1692 ][info][gc,phases   ] GC(72) Y: Pause Mark End 0.015ms
[2026-06-26T14:02:53.840-0300][531.067s][3772][8616 ][info][gc,phases   ] GC(72) Y: Concurrent Mark Free 0.002ms
[2026-06-26T14:02:53.841-0300][531.067s][3772][8616 ][info][gc,phases   ] GC(72) Y: Concurrent Reset Relocation Set 0.272ms
[2026-06-26T14:02:53.841-0300][531.068s][3772][8616 ][info][gc,reloc    ] GC(72) Y: Using tenuring threshold: 1 (Computed)
[2026-06-26T14:02:53.849-0300][531.076s][3772][8616 ][info][gc,phases   ] GC(72) Y: Concurrent Select Relocation Set 8.429ms
[2026-06-26T14:02:53.849-0300][531.076s][3772][1692 ][info][gc,phases   ] GC(72) Y: Pause Relocate Start 0.010ms
[2026-06-26T14:02:53.864-0300][531.091s][3772][8616 ][info][gc,phases   ] GC(72) Y: Concurrent Relocate 14.938ms
[2026-06-26T14:02:53.864-0300][531.091s][3772][8616 ][info][gc,alloc    ] GC(72) Y:                         Mark Start        Mark End      Relocate Start    Relocate End   
[2026-06-26T14:02:53.864-0300][531.091s][3772][8616 ][info][gc,alloc    ] GC(72) Y: Allocation Stalls:          0                0                0                0         
[2026-06-26T14:02:53.864-0300][531.091s][3772][8616 ][info][gc,load     ] GC(72) Y: Load: 0.00 (0%) / 0.00 (0%) / 0.00 (0%)
[2026-06-26T14:02:53.864-0300][531.091s][3772][8616 ][info][gc,mmu      ] GC(72) Y: MMU: 2ms/97.1%, 5ms/98.8%, 10ms/99.4%, 20ms/99.6%, 50ms/99.8%, 100ms/99.9%
[2026-06-26T14:02:53.864-0300][531.091s][3772][8616 ][info][gc,marking  ] GC(72) Y: Mark: 1 stripe(s), 2 proactive flush(es), 1 terminate flush(es), 0 completion(s), 0 continuation(s) 
[2026-06-26T14:02:53.864-0300][531.091s][3772][8616 ][info][gc,nmethod  ] GC(72) Y: NMethods: 18467 registered, 1235 unregistered
[2026-06-26T14:02:53.864-0300][531.091s][3772][8616 ][info][gc,metaspace] GC(72) Y: Metaspace: 80M used, 82M committed, 1152M reserved
[2026-06-26T14:02:53.864-0300][531.091s][3772][8616 ][info][gc,reloc    ] GC(72) Y:                        Candidates     Selected     In-Place         Size        Empty    Relocated 
[2026-06-26T14:02:53.864-0300][531.091s][3772][8616 ][info][gc,reloc    ] GC(72) Y: Small Pages:                  156           55            0         312M         184M           0M 
[2026-06-26T14:02:53.864-0300][531.091s][3772][8616 ][info][gc,reloc    ] GC(72) Y: Medium Pages:                   0            0            0           0M           0M           0M 
[2026-06-26T14:02:53.864-0300][531.091s][3772][8616 ][info][gc,reloc    ] GC(72) Y: Large Pages:                    0            0            0           0M           0M           0M 
[2026-06-26T14:02:53.864-0300][531.091s][3772][8616 ][info][gc,reloc    ] GC(72) Y: Forwarding Usage: 0M
[2026-06-26T14:02:53.864-0300][531.091s][3772][8616 ][info][gc,reloc    ] GC(72) Y: Age Table:
[2026-06-26T14:02:53.864-0300][531.091s][3772][8616 ][info][gc,reloc    ] GC(72) Y:                    Live             Garbage             Small              Medium             Large        
[2026-06-26T14:02:53.864-0300][531.091s][3772][8616 ][info][gc,reloc    ] GC(72) Y: Eden               0M (0%)          283M (9%)         142 / 50             0 / 0              0 / 0        
[2026-06-26T14:02:53.864-0300][531.091s][3772][8616 ][info][gc,reloc    ] GC(72) Y: Survivor 1        15M (0%)            8M (0%)          12 / 3              0 / 0              0 / 0        
[2026-06-26T14:02:53.864-0300][531.091s][3772][8616 ][info][gc,reloc    ] GC(72) Y: Survivor 2         0M (0%)            3M (0%)           2 / 2              0 / 0              0 / 0        
[2026-06-26T14:02:53.864-0300][531.091s][3772][8616 ][info][gc,heap     ] GC(72) Y: Min Capacity: 8M(0%)
[2026-06-26T14:02:53.864-0300][531.091s][3772][8616 ][info][gc,heap     ] GC(72) Y: Max Capacity: 3072M(100%)
[2026-06-26T14:02:53.864-0300][531.091s][3772][8616 ][info][gc,heap     ] GC(72) Y: Soft Max Capacity: 3072M(100%)
[2026-06-26T14:02:53.864-0300][531.091s][3772][8616 ][info][gc,heap     ] GC(72) Y: Heap Statistics:
[2026-06-26T14:02:53.864-0300][531.091s][3772][8616 ][info][gc,heap     ] GC(72) Y:                Mark Start          Mark End        Relocate Start      Relocate End           High               Low         
[2026-06-26T14:02:53.864-0300][531.091s][3772][8616 ][info][gc,heap     ] GC(72) Y:  Capacity:     3072M (100%)       3072M (100%)       3072M (100%)       3072M (100%)       3072M (100%)       3072M (100%)   
[2026-06-26T14:02:53.864-0300][531.091s][3772][8616 ][info][gc,heap     ] GC(72) Y:      Free:      866M (28%)         844M (27%)        1028M (33%)        1132M (37%)        1132M (37%)         844M (27%)    
[2026-06-26T14:02:53.864-0300][531.091s][3772][8616 ][info][gc,heap     ] GC(72) Y:      Used:     2206M (72%)        2228M (73%)        2044M (67%)        1940M (63%)        2228M (73%)        1940M (63%)    
[2026-06-26T14:02:53.865-0300][531.091s][3772][8616 ][info][gc,heap     ] GC(72) Y: Young Generation Statistics:
[2026-06-26T14:02:53.865-0300][531.091s][3772][8616 ][info][gc,heap     ] GC(72) Y:                Mark Start          Mark End        Relocate Start      Relocate End    
[2026-06-26T14:02:53.865-0300][531.091s][3772][8616 ][info][gc,heap     ] GC(72) Y:      Used:      312M (10%)         334M (11%)         134M (4%)           26M (1%)     
[2026-06-26T14:02:53.865-0300][531.091s][3772][8616 ][info][gc,heap     ] GC(72) Y:      Live:         -                15M (1%)            0M (0%)            0M (0%)     
[2026-06-26T14:02:53.865-0300][531.091s][3772][8616 ][info][gc,heap     ] GC(72) Y:   Garbage:         -               296M (10%)         111M (4%)            0M (0%)     
[2026-06-26T14:02:53.865-0300][531.091s][3772][8616 ][info][gc,heap     ] GC(72) Y: Allocated:         -                22M (1%)           22M (1%)           25M (1%)     
[2026-06-26T14:02:53.865-0300][531.091s][3772][8616 ][info][gc,heap     ] GC(72) Y: Reclaimed:         -                  -               184M (6%)          296M (10%)    
[2026-06-26T14:02:53.865-0300][531.091s][3772][8616 ][info][gc,heap     ] GC(72) Y:  Promoted:         -                  -                15M (0%)           15M (1%)     
[2026-06-26T14:02:53.865-0300][531.091s][3772][8616 ][info][gc,heap     ] GC(72) Y: Compacted:         -                  -                  -                 0M (0%)     
[2026-06-26T14:02:53.865-0300][531.091s][3772][8616 ][info][gc,phases   ] GC(72) Y: Young Generation 2206M(72%)->1940M(63%) 0.111s
[2026-06-26T14:02:53.865-0300][531.091s][3772][8616 ][info][gc,phases   ] GC(72) O: Old Generation
[2026-06-26T14:02:56.820-0300][534.047s][3772][8616 ][info][gc,phases   ] GC(72) O: Concurrent Mark 2955.075ms
[2026-06-26T14:02:56.820-0300][534.047s][3772][1692 ][info][gc,phases   ] GC(72) O: Pause Mark End 0.017ms
[2026-06-26T14:02:56.820-0300][534.047s][3772][8616 ][info][gc,phases   ] GC(72) O: Concurrent Mark Free 0.005ms
[2026-06-26T14:02:56.876-0300][534.103s][3772][8616 ][info][gc,phases   ] GC(72) O: Concurrent Process Non-Strong 56.246ms
[2026-06-26T14:02:56.876-0300][534.103s][3772][8616 ][info][gc,phases   ] GC(72) O: Concurrent Reset Relocation Set 0.004ms
[2026-06-26T14:02:56.883-0300][534.110s][3772][8616 ][info][gc,phases   ] GC(72) O: Concurrent Select Relocation Set 7.019ms
[2026-06-26T14:02:56.883-0300][534.110s][3772][8616 ][info][gc,task     ] GC(72) O: Using 2 Workers for Old Generation
[2026-06-26T14:02:56.894-0300][534.121s][3772][8616 ][info][gc,task     ] GC(72) O: Using 1 Workers for Old Generation
[2026-06-26T14:02:56.894-0300][534.121s][3772][8616 ][info][gc,phases   ] GC(72) O: Concurrent Remap Roots 10.618ms
[2026-06-26T14:02:56.894-0300][534.121s][3772][1692 ][info][gc,phases   ] GC(72) O: Pause Relocate Start 0.012ms
[2026-06-26T14:02:57.023-0300][534.250s][3772][8616 ][info][gc,phases   ] GC(72) O: Concurrent Relocate 128.871ms
[2026-06-26T14:02:57.023-0300][534.250s][3772][8616 ][info][gc,alloc    ] GC(72) O:                         Mark Start        Mark End      Relocate Start    Relocate End   
[2026-06-26T14:02:57.023-0300][534.250s][3772][8616 ][info][gc,alloc    ] GC(72) O: Allocation Stalls:          0                0                0                0         
[2026-06-26T14:02:57.023-0300][534.250s][3772][8616 ][info][gc,load     ] GC(72) O: Load: 0.00 (0%) / 0.00 (0%) / 0.00 (0%)
[2026-06-26T14:02:57.023-0300][534.250s][3772][8616 ][info][gc,mmu      ] GC(72) O: MMU: 2ms/97.1%, 5ms/98.8%, 10ms/99.4%, 20ms/99.6%, 50ms/99.8%, 100ms/99.9%
[2026-06-26T14:02:57.023-0300][534.250s][3772][8616 ][info][gc,marking  ] GC(72) O: Mark: 1 stripe(s), 2 proactive flush(es), 1 terminate flush(es), 0 completion(s), 0 continuation(s) 
[2026-06-26T14:02:57.023-0300][534.250s][3772][8616 ][info][gc,nmethod  ] GC(72) O: NMethods: 12909 registered, 6796 unregistered
[2026-06-26T14:02:57.023-0300][534.250s][3772][8616 ][info][gc,metaspace] GC(72) O: Metaspace: 80M used, 82M committed, 1152M reserved
[2026-06-26T14:02:57.023-0300][534.250s][3772][8616 ][info][gc,ref      ] GC(72) O:                       Encountered   Discovered     Enqueued 
[2026-06-26T14:02:57.023-0300][534.250s][3772][8616 ][info][gc,ref      ] GC(72) O: Soft References:             6136            0            0 
[2026-06-26T14:02:57.023-0300][534.250s][3772][8616 ][info][gc,ref      ] GC(72) O: Weak References:             6507         5650          109 
[2026-06-26T14:02:57.023-0300][534.250s][3772][8616 ][info][gc,ref      ] GC(72) O: Final References:              16            0            0 
[2026-06-26T14:02:57.023-0300][534.250s][3772][8616 ][info][gc,ref      ] GC(72) O: Phantom References:         58912        58547        51079 
[2026-06-26T14:02:57.023-0300][534.250s][3772][8616 ][info][gc,reloc    ] GC(72) O:                        Candidates     Selected     In-Place         Size        Empty    Relocated 
[2026-06-26T14:02:57.023-0300][534.250s][3772][8616 ][info][gc,reloc    ] GC(72) O: Small Pages:                  885           23            0        1770M           0M          17M 
[2026-06-26T14:02:57.023-0300][534.250s][3772][8616 ][info][gc,reloc    ] GC(72) O: Medium Pages:                   2            0            0          64M           0M           0M 
[2026-06-26T14:02:57.023-0300][534.250s][3772][8616 ][info][gc,reloc    ] GC(72) O: Large Pages:                    5            0            0          60M           0M           0M 
[2026-06-26T14:02:57.023-0300][534.250s][3772][8616 ][info][gc,reloc    ] GC(72) O: Forwarding Usage: 36M
[2026-06-26T14:02:57.023-0300][534.250s][3772][8616 ][info][gc,heap     ] GC(72) O: Min Capacity: 8M(0%)
[2026-06-26T14:02:57.023-0300][534.250s][3772][8616 ][info][gc,heap     ] GC(72) O: Max Capacity: 3072M(100%)
[2026-06-26T14:02:57.023-0300][534.250s][3772][8616 ][info][gc,heap     ] GC(72) O: Soft Max Capacity: 3072M(100%)
[2026-06-26T14:02:57.023-0300][534.250s][3772][8616 ][info][gc,heap     ] GC(72) O: Heap Statistics:
[2026-06-26T14:02:57.023-0300][534.250s][3772][8616 ][info][gc,heap     ] GC(72) O:                Mark Start          Mark End        Relocate Start      Relocate End           High               Low         
[2026-06-26T14:02:57.023-0300][534.250s][3772][8616 ][info][gc,heap     ] GC(72) O:  Capacity:     3072M (100%)       3072M (100%)       3072M (100%)       3072M (100%)       3072M (100%)       3072M (100%)   
[2026-06-26T14:02:57.023-0300][534.250s][3772][8616 ][info][gc,heap     ] GC(72) O:      Free:      866M (28%)        1014M (33%)        1012M (33%)        1062M (35%)        1132M (37%)         844M (27%)    
[2026-06-26T14:02:57.023-0300][534.250s][3772][8616 ][info][gc,heap     ] GC(72) O:      Used:     2206M (72%)        2058M (67%)        2060M (67%)        2010M (65%)        2228M (73%)        1940M (63%)    
[2026-06-26T14:02:57.023-0300][534.250s][3772][8616 ][info][gc,heap     ] GC(72) O: Old Generation Statistics:
[2026-06-26T14:02:57.023-0300][534.250s][3772][8616 ][info][gc,heap     ] GC(72) O:                Mark Start          Mark End        Relocate Start      Relocate End    
[2026-06-26T14:02:57.023-0300][534.250s][3772][8616 ][info][gc,heap     ] GC(72) O:      Used:     1894M (62%)        1914M (62%)        1914M (62%)        1860M (61%)    
[2026-06-26T14:02:57.023-0300][534.250s][3772][8616 ][info][gc,heap     ] GC(72) O:      Live:         -              1738M (57%)        1738M (57%)        1738M (57%)    
[2026-06-26T14:02:57.023-0300][534.250s][3772][8616 ][info][gc,heap     ] GC(72) O:   Garbage:         -               155M (5%)          155M (5%)           96M (3%)     
[2026-06-26T14:02:57.023-0300][534.250s][3772][8616 ][info][gc,heap     ] GC(72) O: Allocated:         -                20M (1%)           20M (1%)           24M (1%)     
[2026-06-26T14:02:57.023-0300][534.250s][3772][8616 ][info][gc,heap     ] GC(72) O: Reclaimed:         -                  -                 0M (0%)           58M (2%)     
[2026-06-26T14:02:57.023-0300][534.250s][3772][8616 ][info][gc,heap     ] GC(72) O: Compacted:         -                  -                  -                87M (3%)     
[2026-06-26T14:02:57.023-0300][534.250s][3772][8616 ][info][gc,phases   ] GC(72) O: Old Generation 1940M(63%)->2010M(65%) 3.158s
[2026-06-26T14:02:57.023-0300][534.250s][3772][8616 ][info][gc          ] GC(72) Major Collection (Proactive) 2206M(72%)->2010M(65%) 3.270s
[2026-06-26T14:03:18.152-0300][555.378s][3772][6460 ][info][gc          ] GC(73) Minor Collection (High Usage)
[2026-06-26T14:03:18.152-0300][555.378s][3772][6460 ][info][gc,task     ] GC(73) Using 1 Workers for Young Generation
[2026-06-26T14:03:18.152-0300][555.378s][3772][6460 ][info][gc,phases   ] GC(73) y: Young Generation
[2026-06-26T14:03:18.152-0300][555.378s][3772][1692 ][info][gc,phases   ] GC(73) y: Pause Mark Start 0.009ms
[2026-06-26T14:03:18.200-0300][555.427s][3772][6460 ][info][gc,phases   ] GC(73) y: Concurrent Mark 48.537ms
[2026-06-26T14:03:18.200-0300][555.427s][3772][1692 ][info][gc,phases   ] GC(73) y: Pause Mark End 0.014ms
[2026-06-26T14:03:18.200-0300][555.427s][3772][6460 ][info][gc,phases   ] GC(73) y: Concurrent Mark Free 0.003ms
[2026-06-26T14:03:18.201-0300][555.428s][3772][6460 ][info][gc,phases   ] GC(73) y: Concurrent Reset Relocation Set 0.424ms
[2026-06-26T14:03:18.201-0300][555.428s][3772][6460 ][info][gc,reloc    ] GC(73) y: Using tenuring threshold: 2 (Computed)
[2026-06-26T14:03:18.201-0300][555.428s][3772][6460 ][info][gc,phases   ] GC(73) y: Concurrent Select Relocation Set 0.636ms
[2026-06-26T14:03:18.202-0300][555.428s][3772][1692 ][info][gc,phases   ] GC(73) y: Pause Relocate Start 0.005ms
[2026-06-26T14:03:18.204-0300][555.431s][3772][6460 ][info][gc,phases   ] GC(73) y: Concurrent Relocate 2.825ms
[2026-06-26T14:03:18.204-0300][555.431s][3772][6460 ][info][gc,alloc    ] GC(73) y:                         Mark Start        Mark End      Relocate Start    Relocate End   
[2026-06-26T14:03:18.204-0300][555.431s][3772][6460 ][info][gc,alloc    ] GC(73) y: Allocation Stalls:          0                0                0                0         
[2026-06-26T14:03:18.204-0300][555.431s][3772][6460 ][info][gc,load     ] GC(73) y: Load: 0.00 (0%) / 0.00 (0%) / 0.00 (0%)
[2026-06-26T14:03:18.204-0300][555.431s][3772][6460 ][info][gc,mmu      ] GC(73) y: MMU: 2ms/97.1%, 5ms/98.8%, 10ms/99.4%, 20ms/99.6%, 50ms/99.8%, 100ms/99.9%
[2026-06-26T14:03:18.204-0300][555.431s][3772][6460 ][info][gc,marking  ] GC(73) y: Mark: 1 stripe(s), 2 proactive flush(es), 1 terminate flush(es), 0 completion(s), 0 continuation(s) 
[2026-06-26T14:03:18.204-0300][555.431s][3772][6460 ][info][gc,nmethod  ] GC(73) y: NMethods: 12975 registered, 6796 unregistered
[2026-06-26T14:03:18.204-0300][555.431s][3772][6460 ][info][gc,metaspace] GC(73) y: Metaspace: 80M used, 82M committed, 1152M reserved
[2026-06-26T14:03:18.204-0300][555.431s][3772][6460 ][info][gc,reloc    ] GC(73) y:                        Candidates     Selected     In-Place         Size        Empty    Relocated 
[2026-06-26T14:03:18.204-0300][555.431s][3772][6460 ][info][gc,reloc    ] GC(73) y: Small Pages:                  511           98            0        1022M         824M           1M 
[2026-06-26T14:03:18.204-0300][555.431s][3772][6460 ][info][gc,reloc    ] GC(73) y: Medium Pages:                   0            0            0           0M           0M           0M 
[2026-06-26T14:03:18.205-0300][555.431s][3772][6460 ][info][gc,reloc    ] GC(73) y: Large Pages:                    0            0            0           0M           0M           0M 
[2026-06-26T14:03:18.205-0300][555.431s][3772][6460 ][info][gc,reloc    ] GC(73) y: Forwarding Usage: 0M
[2026-06-26T14:03:18.205-0300][555.431s][3772][6460 ][info][gc,reloc    ] GC(73) y: Age Table:
[2026-06-26T14:03:18.205-0300][555.431s][3772][6460 ][info][gc,reloc    ] GC(73) y:                    Live             Garbage             Small              Medium             Large        
[2026-06-26T14:03:18.205-0300][555.431s][3772][6460 ][info][gc,reloc    ] GC(73) y: Eden               1M (0%)         1016M (33%)        509 / 97             0 / 0              0 / 0        
[2026-06-26T14:03:18.205-0300][555.431s][3772][6460 ][info][gc,reloc    ] GC(73) y: Survivor 1         0M (0%)            3M (0%)           2 / 1              0 / 0              0 / 0        
[2026-06-26T14:03:18.205-0300][555.431s][3772][6460 ][info][gc,heap     ] GC(73) y: Min Capacity: 8M(0%)
[2026-06-26T14:03:18.205-0300][555.431s][3772][6460 ][info][gc,heap     ] GC(73) y: Max Capacity: 3072M(100%)
[2026-06-26T14:03:18.205-0300][555.431s][3772][6460 ][info][gc,heap     ] GC(73) y: Soft Max Capacity: 3072M(100%)
[2026-06-26T14:03:18.205-0300][555.431s][3772][6460 ][info][gc,heap     ] GC(73) y: Heap Statistics:
[2026-06-26T14:03:18.205-0300][555.431s][3772][6460 ][info][gc,heap     ] GC(73) y:                Mark Start          Mark End        Relocate Start      Relocate End           High               Low         
[2026-06-26T14:03:18.205-0300][555.431s][3772][6460 ][info][gc,heap     ] GC(73) y:  Capacity:     3072M (100%)       3072M (100%)       3072M (100%)       3072M (100%)       3072M (100%)       3072M (100%)   
[2026-06-26T14:03:18.205-0300][555.431s][3772][6460 ][info][gc,heap     ] GC(73) y:      Free:      190M (6%)          174M (6%)          998M (32%)        1186M (39%)        1186M (39%)         174M (6%)     
[2026-06-26T14:03:18.205-0300][555.432s][3772][6460 ][info][gc,heap     ] GC(73) y:      Used:     2882M (94%)        2898M (94%)        2074M (68%)        1886M (61%)        2898M (94%)        1886M (61%)    
[2026-06-26T14:03:18.205-0300][555.432s][3772][6460 ][info][gc,heap     ] GC(73) y: Young Generation Statistics:
[2026-06-26T14:03:18.205-0300][555.432s][3772][6460 ][info][gc,heap     ] GC(73) y:                Mark Start          Mark End        Relocate Start      Relocate End    
[2026-06-26T14:03:18.205-0300][555.432s][3772][6460 ][info][gc,heap     ] GC(73) y:      Used:     1022M (33%)        1038M (34%)         214M (7%)           26M (1%)     
[2026-06-26T14:03:18.205-0300][555.432s][3772][6460 ][info][gc,heap     ] GC(73) y:      Live:         -                 1M (0%)            1M (0%)            1M (0%)     
[2026-06-26T14:03:18.205-0300][555.432s][3772][6460 ][info][gc,heap     ] GC(73) y:   Garbage:         -              1020M (33%)         196M (6%)            0M (0%)     
[2026-06-26T14:03:18.205-0300][555.432s][3772][6460 ][info][gc,heap     ] GC(73) y: Allocated:         -                16M (1%)           16M (1%)           24M (1%)     
[2026-06-26T14:03:18.205-0300][555.432s][3772][6460 ][info][gc,heap     ] GC(73) y: Reclaimed:         -                  -               824M (27%)        1020M (33%)    
[2026-06-26T14:03:18.205-0300][555.432s][3772][6460 ][info][gc,heap     ] GC(73) y:  Promoted:         -                  -                 0M (0%)            0M (0%)     
[2026-06-26T14:03:18.205-0300][555.432s][3772][6460 ][info][gc,heap     ] GC(73) y: Compacted:         -                  -                  -                 1M (0%)     
[2026-06-26T14:03:18.205-0300][555.432s][3772][6460 ][info][gc,phases   ] GC(73) y: Young Generation 2882M(94%)->1886M(61%) 0.053s
[2026-06-26T14:03:18.205-0300][555.432s][3772][6460 ][info][gc          ] GC(73) Minor Collection (High Usage) 2882M(94%)->1886M(61%) 0.053s
[2026-06-26T14:03:43.689-0300][580.915s][3772][6460 ][info][gc          ] GC(74) Minor Collection (High Usage)
[2026-06-26T14:03:43.689-0300][580.915s][3772][6460 ][info][gc,task     ] GC(74) Using 1 Workers for Young Generation
[2026-06-26T14:03:43.689-0300][580.915s][3772][6460 ][info][gc,phases   ] GC(74) y: Young Generation
[2026-06-26T14:03:43.689-0300][580.915s][3772][1692 ][info][gc,phases   ] GC(74) y: Pause Mark Start 0.009ms
[2026-06-26T14:03:43.729-0300][580.956s][3772][6460 ][info][gc,phases   ] GC(74) y: Concurrent Mark 40.968ms
[2026-06-26T14:03:43.729-0300][580.957s][3772][1692 ][info][gc,phases   ] GC(74) y: Pause Mark End 0.015ms
[2026-06-26T14:03:43.729-0300][580.957s][3772][6460 ][info][gc,phases   ] GC(74) y: Concurrent Mark Free 0.003ms
[2026-06-26T14:03:43.729-0300][580.957s][3772][6460 ][info][gc,phases   ] GC(74) y: Concurrent Reset Relocation Set 0.005ms
[2026-06-26T14:03:43.729-0300][580.957s][3772][6460 ][info][gc,reloc    ] GC(74) y: Using tenuring threshold: 3 (Computed)
[2026-06-26T14:03:43.729-0300][580.957s][3772][6460 ][info][gc,phases   ] GC(74) y: Concurrent Select Relocation Set 0.550ms
[2026-06-26T14:03:43.729-0300][580.957s][3772][1692 ][info][gc,phases   ] GC(74) y: Pause Relocate Start 0.005ms
[2026-06-26T14:03:43.734-0300][580.961s][3772][6460 ][info][gc,phases   ] GC(74) y: Concurrent Relocate 3.867ms
[2026-06-26T14:03:43.734-0300][580.961s][3772][6460 ][info][gc,alloc    ] GC(74) y:                         Mark Start        Mark End      Relocate Start    Relocate End   
[2026-06-26T14:03:43.734-0300][580.961s][3772][6460 ][info][gc,alloc    ] GC(74) y: Allocation Stalls:          0                0                0                0         
[2026-06-26T14:03:43.734-0300][580.961s][3772][6460 ][info][gc,load     ] GC(74) y: Load: 0.00 (0%) / 0.00 (0%) / 0.00 (0%)
[2026-06-26T14:03:43.734-0300][580.961s][3772][6460 ][info][gc,mmu      ] GC(74) y: MMU: 2ms/97.1%, 5ms/98.8%, 10ms/99.4%, 20ms/99.6%, 50ms/99.8%, 100ms/99.9%
[2026-06-26T14:03:43.734-0300][580.961s][3772][6460 ][info][gc,marking  ] GC(74) y: Mark: 1 stripe(s), 2 proactive flush(es), 1 terminate flush(es), 0 completion(s), 0 continuation(s) 
[2026-06-26T14:03:43.734-0300][580.961s][3772][6460 ][info][gc,nmethod  ] GC(74) y: NMethods: 13029 registered, 6796 unregistered
[2026-06-26T14:03:43.734-0300][580.961s][3772][6460 ][info][gc,metaspace] GC(74) y: Metaspace: 80M used, 82M committed, 1152M reserved
[2026-06-26T14:03:43.734-0300][580.961s][3772][6460 ][info][gc,reloc    ] GC(74) y:                        Candidates     Selected     In-Place         Size        Empty    Relocated 
[2026-06-26T14:03:43.734-0300][580.961s][3772][6460 ][info][gc,reloc    ] GC(74) y: Small Pages:                  511          135            0        1022M         748M           0M 
[2026-06-26T14:03:43.734-0300][580.961s][3772][6460 ][info][gc,reloc    ] GC(74) y: Medium Pages:                   0            0            0           0M           0M           0M 
[2026-06-26T14:03:43.734-0300][580.961s][3772][6460 ][info][gc,reloc    ] GC(74) y: Large Pages:                    0            0            0           0M           0M           0M 
[2026-06-26T14:03:43.734-0300][580.961s][3772][6460 ][info][gc,reloc    ] GC(74) y: Forwarding Usage: 0M
[2026-06-26T14:03:43.734-0300][580.961s][3772][6460 ][info][gc,reloc    ] GC(74) y: Age Table:
[2026-06-26T14:03:43.734-0300][580.961s][3772][6460 ][info][gc,reloc    ] GC(74) y:                    Live             Garbage             Small              Medium             Large        
[2026-06-26T14:03:43.734-0300][580.961s][3772][6460 ][info][gc,reloc    ] GC(74) y: Eden               1M (0%)         1010M (33%)        506 / 131            0 / 0              0 / 0        
[2026-06-26T14:03:43.734-0300][580.961s][3772][6460 ][info][gc,reloc    ] GC(74) y: Survivor 1         0M (0%)            5M (0%)           3 / 2              0 / 0              0 / 0        
[2026-06-26T14:03:43.734-0300][580.961s][3772][6460 ][info][gc,reloc    ] GC(74) y: Survivor 2         0M (0%)            3M (0%)           2 / 2              0 / 0              0 / 0        
[2026-06-26T14:03:43.734-0300][580.961s][3772][6460 ][info][gc,heap     ] GC(74) y: Min Capacity: 8M(0%)
[2026-06-26T14:03:43.734-0300][580.961s][3772][6460 ][info][gc,heap     ] GC(74) y: Max Capacity: 3072M(100%)
[2026-06-26T14:03:43.734-0300][580.961s][3772][6460 ][info][gc,heap     ] GC(74) y: Soft Max Capacity: 3072M(100%)
[2026-06-26T14:03:43.734-0300][580.961s][3772][6460 ][info][gc,heap     ] GC(74) y: Heap Statistics:
[2026-06-26T14:03:43.734-0300][580.961s][3772][6460 ][info][gc,heap     ] GC(74) y:                Mark Start          Mark End        Relocate Start      Relocate End           High               Low         
[2026-06-26T14:03:43.734-0300][580.961s][3772][6460 ][info][gc,heap     ] GC(74) y:  Capacity:     3072M (100%)       3072M (100%)       3072M (100%)       3072M (100%)       3072M (100%)       3072M (100%)   
[2026-06-26T14:03:43.735-0300][580.961s][3772][6460 ][info][gc,heap     ] GC(74) y:      Free:      190M (6%)          176M (6%)          922M (30%)        1184M (39%)        1184M (39%)         176M (6%)     
[2026-06-26T14:03:43.735-0300][580.961s][3772][6460 ][info][gc,heap     ] GC(74) y:      Used:     2882M (94%)        2896M (94%)        2150M (70%)        1888M (61%)        2896M (94%)        1888M (61%)    
[2026-06-26T14:03:43.735-0300][580.961s][3772][6460 ][info][gc,heap     ] GC(74) y: Young Generation Statistics:
[2026-06-26T14:03:43.735-0300][580.961s][3772][6460 ][info][gc,heap     ] GC(74) y:                Mark Start          Mark End        Relocate Start      Relocate End    
[2026-06-26T14:03:43.735-0300][580.961s][3772][6460 ][info][gc,heap     ] GC(74) y:      Used:     1022M (33%)        1036M (34%)         290M (9%)           28M (1%)     
[2026-06-26T14:03:43.735-0300][580.961s][3772][6460 ][info][gc,heap     ] GC(74) y:      Live:         -                 1M (0%)            1M (0%)            1M (0%)     
[2026-06-26T14:03:43.735-0300][580.961s][3772][6460 ][info][gc,heap     ] GC(74) y:   Garbage:         -              1020M (33%)         272M (9%)            0M (0%)     
[2026-06-26T14:03:43.735-0300][580.961s][3772][6460 ][info][gc,heap     ] GC(74) y: Allocated:         -                14M (0%)           16M (1%)           25M (1%)     
[2026-06-26T14:03:43.735-0300][580.961s][3772][6460 ][info][gc,heap     ] GC(74) y: Reclaimed:         -                  -               748M (24%)        1019M (33%)    
[2026-06-26T14:03:43.735-0300][580.961s][3772][6460 ][info][gc,heap     ] GC(74) y:  Promoted:         -                  -                 0M (0%)            0M (0%)     
[2026-06-26T14:03:43.735-0300][580.961s][3772][6460 ][info][gc,heap     ] GC(74) y: Compacted:         -                  -                  -                 0M (0%)     
[2026-06-26T14:03:43.735-0300][580.961s][3772][6460 ][info][gc,phases   ] GC(74) y: Young Generation 2882M(94%)->1888M(61%) 0.046s
[2026-06-26T14:03:43.735-0300][580.962s][3772][6460 ][info][gc          ] GC(74) Minor Collection (High Usage) 2882M(94%)->1888M(61%) 0.046s
[2026-06-26T14:04:09.952-0300][607.178s][3772][6460 ][info][gc          ] GC(75) Minor Collection (High Usage)
[2026-06-26T14:04:09.952-0300][607.178s][3772][6460 ][info][gc,task     ] GC(75) Using 1 Workers for Young Generation
[2026-06-26T14:04:09.952-0300][607.178s][3772][6460 ][info][gc,phases   ] GC(75) y: Young Generation
[2026-06-26T14:04:09.952-0300][607.178s][3772][1692 ][info][gc,phases   ] GC(75) y: Pause Mark Start 0.009ms
[2026-06-26T14:04:09.992-0300][607.220s][3772][6460 ][info][gc,phases   ] GC(75) y: Concurrent Mark 41.341ms
[2026-06-26T14:04:09.992-0300][607.220s][3772][1692 ][info][gc,phases   ] GC(75) y: Pause Mark End 0.013ms
[2026-06-26T14:04:09.992-0300][607.220s][3772][6460 ][info][gc,phases   ] GC(75) y: Concurrent Mark Free 0.002ms
[2026-06-26T14:04:09.992-0300][607.220s][3772][6460 ][info][gc,phases   ] GC(75) y: Concurrent Reset Relocation Set 0.006ms
[2026-06-26T14:04:09.993-0300][607.220s][3772][6460 ][info][gc,reloc    ] GC(75) y: Using tenuring threshold: 4 (Computed)
[2026-06-26T14:04:09.993-0300][607.221s][3772][6460 ][info][gc,phases   ] GC(75) y: Concurrent Select Relocation Set 0.880ms
[2026-06-26T14:04:09.993-0300][607.221s][3772][1692 ][info][gc,phases   ] GC(75) y: Pause Relocate Start 0.009ms
[2026-06-26T14:04:09.998-0300][607.226s][3772][6460 ][info][gc,phases   ] GC(75) y: Concurrent Relocate 5.117ms
[2026-06-26T14:04:09.998-0300][607.226s][3772][6460 ][info][gc,alloc    ] GC(75) y:                         Mark Start        Mark End      Relocate Start    Relocate End   
[2026-06-26T14:04:09.998-0300][607.226s][3772][6460 ][info][gc,alloc    ] GC(75) y: Allocation Stalls:          0                0                0                0         
[2026-06-26T14:04:10.000-0300][607.226s][3772][6460 ][info][gc,load     ] GC(75) y: Load: 0.00 (0%) / 0.00 (0%) / 0.00 (0%)
[2026-06-26T14:04:10.000-0300][607.226s][3772][6460 ][info][gc,mmu      ] GC(75) y: MMU: 2ms/97.1%, 5ms/98.8%, 10ms/99.4%, 20ms/99.6%, 50ms/99.8%, 100ms/99.9%
[2026-06-26T14:04:10.000-0300][607.226s][3772][6460 ][info][gc,marking  ] GC(75) y: Mark: 1 stripe(s), 2 proactive flush(es), 1 terminate flush(es), 0 completion(s), 0 continuation(s) 
[2026-06-26T14:04:10.000-0300][607.226s][3772][6460 ][info][gc,nmethod  ] GC(75) y: NMethods: 13168 registered, 6796 unregistered
[2026-06-26T14:04:10.000-0300][607.226s][3772][6460 ][info][gc,metaspace] GC(75) y: Metaspace: 80M used, 82M committed, 1152M reserved
[2026-06-26T14:04:10.000-0300][607.226s][3772][6460 ][info][gc,reloc    ] GC(75) y:                        Candidates     Selected     In-Place         Size        Empty    Relocated 
[2026-06-26T14:04:10.000-0300][607.226s][3772][6460 ][info][gc,reloc    ] GC(75) y: Small Pages:                  511          123            0        1022M         772M           1M 
[2026-06-26T14:04:10.000-0300][607.226s][3772][6460 ][info][gc,reloc    ] GC(75) y: Medium Pages:                   0            0            0           0M           0M           0M 
[2026-06-26T14:04:10.000-0300][607.226s][3772][6460 ][info][gc,reloc    ] GC(75) y: Large Pages:                    0            0            0           0M           0M           0M 
[2026-06-26T14:04:10.000-0300][607.226s][3772][6460 ][info][gc,reloc    ] GC(75) y: Forwarding Usage: 0M
[2026-06-26T14:04:10.000-0300][607.226s][3772][6460 ][info][gc,reloc    ] GC(75) y: Age Table:
[2026-06-26T14:04:10.000-0300][607.226s][3772][6460 ][info][gc,reloc    ] GC(75) y:                    Live             Garbage             Small              Medium             Large        
[2026-06-26T14:04:10.000-0300][607.226s][3772][6460 ][info][gc,reloc    ] GC(75) y: Eden               1M (0%)         1008M (33%)        505 / 119            0 / 0              0 / 0        
[2026-06-26T14:04:10.000-0300][607.226s][3772][6460 ][info][gc,reloc    ] GC(75) y: Survivor 1         1M (0%)            6M (0%)           4 / 2              0 / 0              0 / 0        
[2026-06-26T14:04:10.000-0300][607.226s][3772][6460 ][info][gc,reloc    ] GC(75) y: Survivor 2         0M (0%)            1M (0%)           1 / 1              0 / 0              0 / 0        
[2026-06-26T14:04:10.000-0300][607.226s][3772][6460 ][info][gc,reloc    ] GC(75) y: Survivor 3         0M (0%)            1M (0%)           1 / 1              0 / 0              0 / 0        
[2026-06-26T14:04:10.000-0300][607.226s][3772][6460 ][info][gc,heap     ] GC(75) y: Min Capacity: 8M(0%)
[2026-06-26T14:04:10.000-0300][607.226s][3772][6460 ][info][gc,heap     ] GC(75) y: Max Capacity: 3072M(100%)
[2026-06-26T14:04:10.000-0300][607.226s][3772][6460 ][info][gc,heap     ] GC(75) y: Soft Max Capacity: 3072M(100%)
[2026-06-26T14:04:10.000-0300][607.226s][3772][6460 ][info][gc,heap     ] GC(75) y: Heap Statistics:
[2026-06-26T14:04:10.000-0300][607.226s][3772][6460 ][info][gc,heap     ] GC(75) y:                Mark Start          Mark End        Relocate Start      Relocate End           High               Low         
[2026-06-26T14:04:10.000-0300][607.226s][3772][6460 ][info][gc,heap     ] GC(75) y:  Capacity:     3072M (100%)       3072M (100%)       3072M (100%)       3072M (100%)       3072M (100%)       3072M (100%)   
[2026-06-26T14:04:10.000-0300][607.226s][3772][6460 ][info][gc,heap     ] GC(75) y:      Free:      190M (6%)          176M (6%)          948M (31%)        1180M (38%)        1180M (38%)         176M (6%)     
[2026-06-26T14:04:10.000-0300][607.226s][3772][6460 ][info][gc,heap     ] GC(75) y:      Used:     2882M (94%)        2896M (94%)        2124M (69%)        1892M (62%)        2896M (94%)        1892M (62%)    
[2026-06-26T14:04:10.000-0300][607.226s][3772][6460 ][info][gc,heap     ] GC(75) y: Young Generation Statistics:
[2026-06-26T14:04:10.000-0300][607.226s][3772][6460 ][info][gc,heap     ] GC(75) y:                Mark Start          Mark End        Relocate Start      Relocate End    
[2026-06-26T14:04:10.000-0300][607.226s][3772][6460 ][info][gc,heap     ] GC(75) y:      Used:     1022M (33%)        1036M (34%)         264M (9%)           32M (1%)     
[2026-06-26T14:04:10.000-0300][607.226s][3772][6460 ][info][gc,heap     ] GC(75) y:      Live:         -                 2M (0%)            2M (0%)            2M (0%)     
[2026-06-26T14:04:10.000-0300][607.226s][3772][6460 ][info][gc,heap     ] GC(75) y:   Garbage:         -              1019M (33%)         247M (8%)            0M (0%)     
[2026-06-26T14:04:10.000-0300][607.226s][3772][6460 ][info][gc,heap     ] GC(75) y: Allocated:         -                14M (0%)           14M (0%)           28M (1%)     
[2026-06-26T14:04:10.000-0300][607.226s][3772][6460 ][info][gc,heap     ] GC(75) y: Reclaimed:         -                  -               772M (25%)        1018M (33%)    
[2026-06-26T14:04:10.000-0300][607.226s][3772][6460 ][info][gc,heap     ] GC(75) y:  Promoted:         -                  -                 0M (0%)            0M (0%)     
[2026-06-26T14:04:10.000-0300][607.226s][3772][6460 ][info][gc,heap     ] GC(75) y: Compacted:         -                  -                  -                 1M (0%)     
[2026-06-26T14:04:10.000-0300][607.226s][3772][6460 ][info][gc,phases   ] GC(75) y: Young Generation 2882M(94%)->1892M(62%) 0.048s
[2026-06-26T14:04:10.000-0300][607.226s][3772][6460 ][info][gc          ] GC(75) Minor Collection (High Usage) 2882M(94%)->1892M(62%) 0.048s
[2026-06-26T14:04:36.239-0300][633.466s][3772][6460 ][info][gc          ] GC(76) Minor Collection (High Usage)
[2026-06-26T14:04:36.239-0300][633.466s][3772][6460 ][info][gc,task     ] GC(76) Using 1 Workers for Young Generation
[2026-06-26T14:04:36.239-0300][633.466s][3772][6460 ][info][gc,phases   ] GC(76) y: Young Generation
[2026-06-26T14:04:36.239-0300][633.466s][3772][1692 ][info][gc,phases   ] GC(76) y: Pause Mark Start 0.009ms
[2026-06-26T14:04:36.293-0300][633.519s][3772][6460 ][info][gc,phases   ] GC(76) y: Concurrent Mark 53.638ms
[2026-06-26T14:04:36.293-0300][633.519s][3772][1692 ][info][gc,phases   ] GC(76) y: Pause Mark End 0.012ms
[2026-06-26T14:04:36.293-0300][633.519s][3772][6460 ][info][gc,phases   ] GC(76) y: Concurrent Mark Free 0.001ms
[2026-06-26T14:04:36.293-0300][633.520s][3772][6460 ][info][gc,phases   ] GC(76) y: Concurrent Reset Relocation Set 0.005ms
[2026-06-26T14:04:36.293-0300][633.520s][3772][6460 ][info][gc,reloc    ] GC(76) y: Using tenuring threshold: 5 (Computed)
[2026-06-26T14:04:36.294-0300][633.520s][3772][6460 ][info][gc,phases   ] GC(76) y: Concurrent Select Relocation Set 0.831ms
[2026-06-26T14:04:36.294-0300][633.520s][3772][1692 ][info][gc,phases   ] GC(76) y: Pause Relocate Start 0.005ms
[2026-06-26T14:04:36.302-0300][633.529s][3772][6460 ][info][gc,phases   ] GC(76) y: Concurrent Relocate 8.683ms
[2026-06-26T14:04:36.302-0300][633.529s][3772][6460 ][info][gc,alloc    ] GC(76) y:                         Mark Start        Mark End      Relocate Start    Relocate End   
[2026-06-26T14:04:36.302-0300][633.529s][3772][6460 ][info][gc,alloc    ] GC(76) y: Allocation Stalls:          0                0                0                0         
[2026-06-26T14:04:36.302-0300][633.529s][3772][6460 ][info][gc,load     ] GC(76) y: Load: 0.00 (0%) / 0.00 (0%) / 0.00 (0%)
[2026-06-26T14:04:36.302-0300][633.529s][3772][6460 ][info][gc,mmu      ] GC(76) y: MMU: 2ms/97.1%, 5ms/98.8%, 10ms/99.4%, 20ms/99.6%, 50ms/99.8%, 100ms/99.9%
[2026-06-26T14:04:36.302-0300][633.529s][3772][6460 ][info][gc,marking  ] GC(76) y: Mark: 1 stripe(s), 2 proactive flush(es), 1 terminate flush(es), 0 completion(s), 0 continuation(s) 
[2026-06-26T14:04:36.302-0300][633.529s][3772][6460 ][info][gc,nmethod  ] GC(76) y: NMethods: 13327 registered, 6796 unregistered
[2026-06-26T14:04:36.302-0300][633.529s][3772][6460 ][info][gc,metaspace] GC(76) y: Metaspace: 80M used, 82M committed, 1152M reserved
[2026-06-26T14:04:36.302-0300][633.529s][3772][6460 ][info][gc,reloc    ] GC(76) y:                        Candidates     Selected     In-Place         Size        Empty    Relocated 
[2026-06-26T14:04:36.302-0300][633.529s][3772][6460 ][info][gc,reloc    ] GC(76) y: Small Pages:                  511          168            0        1022M         680M           2M 
[2026-06-26T14:04:36.302-0300][633.529s][3772][6460 ][info][gc,reloc    ] GC(76) y: Medium Pages:                   0            0            0           0M           0M           0M 
[2026-06-26T14:04:36.302-0300][633.529s][3772][6460 ][info][gc,reloc    ] GC(76) y: Large Pages:                    0            0            0           0M           0M           0M 
[2026-06-26T14:04:36.302-0300][633.529s][3772][6460 ][info][gc,reloc    ] GC(76) y: Forwarding Usage: 2M
[2026-06-26T14:04:36.302-0300][633.529s][3772][6460 ][info][gc,reloc    ] GC(76) y: Age Table:
[2026-06-26T14:04:36.302-0300][633.529s][3772][6460 ][info][gc,reloc    ] GC(76) y:                    Live             Garbage             Small              Medium             Large        
[2026-06-26T14:04:36.302-0300][633.529s][3772][6460 ][info][gc,reloc    ] GC(76) y: Eden               3M (0%)         1000M (33%)        502 / 160            0 / 0              0 / 0        
[2026-06-26T14:04:36.302-0300][633.529s][3772][6460 ][info][gc,reloc    ] GC(76) y: Survivor 1         0M (0%)            5M (0%)           3 / 3              0 / 0              0 / 0        
[2026-06-26T14:04:36.302-0300][633.529s][3772][6460 ][info][gc,reloc    ] GC(76) y: Survivor 2         1M (0%)            4M (0%)           3 / 2              0 / 0              0 / 0        
[2026-06-26T14:04:36.302-0300][633.529s][3772][6460 ][info][gc,reloc    ] GC(76) y: Survivor 3         0M (0%)            3M (0%)           2 / 2              0 / 0              0 / 0        
[2026-06-26T14:04:36.302-0300][633.529s][3772][6460 ][info][gc,reloc    ] GC(76) y: Survivor 4         0M (0%)            1M (0%)           1 / 1              0 / 0              0 / 0        
[2026-06-26T14:04:36.302-0300][633.529s][3772][6460 ][info][gc,heap     ] GC(76) y: Min Capacity: 8M(0%)
[2026-06-26T14:04:36.302-0300][633.529s][3772][6460 ][info][gc,heap     ] GC(76) y: Max Capacity: 3072M(100%)
[2026-06-26T14:04:36.302-0300][633.529s][3772][6460 ][info][gc,heap     ] GC(76) y: Soft Max Capacity: 3072M(100%)
[2026-06-26T14:04:36.302-0300][633.529s][3772][6460 ][info][gc,heap     ] GC(76) y: Heap Statistics:
[2026-06-26T14:04:36.302-0300][633.529s][3772][6460 ][info][gc,heap     ] GC(76) y:                Mark Start          Mark End        Relocate Start      Relocate End           High               Low         
[2026-06-26T14:04:36.302-0300][633.529s][3772][6460 ][info][gc,heap     ] GC(76) y:  Capacity:     3048M (99%)        3048M (99%)        3048M (99%)        3048M (99%)        3048M (99%)        3048M (99%)    
[2026-06-26T14:04:36.302-0300][633.529s][3772][6460 ][info][gc,heap     ] GC(76) y:      Free:      190M (6%)          172M (6%)          852M (28%)        1162M (38%)        1162M (38%)         172M (6%)     
[2026-06-26T14:04:36.302-0300][633.529s][3772][6460 ][info][gc,heap     ] GC(76) y:      Used:     2882M (94%)        2900M (94%)        2220M (72%)        1910M (62%)        2900M (94%)        1910M (62%)    
[2026-06-26T14:04:36.302-0300][633.529s][3772][6460 ][info][gc,heap     ] GC(76) y: Young Generation Statistics:
[2026-06-26T14:04:36.302-0300][633.529s][3772][6460 ][info][gc,heap     ] GC(76) y:                Mark Start          Mark End        Relocate Start      Relocate End    
[2026-06-26T14:04:36.302-0300][633.529s][3772][6460 ][info][gc,heap     ] GC(76) y:      Used:     1022M (33%)        1040M (34%)         360M (12%)          50M (2%)     
[2026-06-26T14:04:36.302-0300][633.529s][3772][6460 ][info][gc,heap     ] GC(76) y:      Live:         -                 4M (0%)            4M (0%)            4M (0%)     
[2026-06-26T14:04:36.302-0300][633.529s][3772][6460 ][info][gc,heap     ] GC(76) y:   Garbage:         -              1017M (33%)         337M (11%)           0M (0%)     
[2026-06-26T14:04:36.302-0300][633.529s][3772][6460 ][info][gc,heap     ] GC(76) y: Allocated:         -                18M (1%)           18M (1%)           45M (1%)     
[2026-06-26T14:04:36.302-0300][633.529s][3772][6460 ][info][gc,heap     ] GC(76) y: Reclaimed:         -                  -               680M (22%)        1017M (33%)    
[2026-06-26T14:04:36.302-0300][633.530s][3772][6460 ][info][gc,heap     ] GC(76) y:  Promoted:         -                  -                 0M (0%)            0M (0%)     
[2026-06-26T14:04:36.302-0300][633.530s][3772][6460 ][info][gc,heap     ] GC(76) y: Compacted:         -                  -                  -                 4M (0%)     
[2026-06-26T14:04:36.302-0300][633.530s][3772][6460 ][info][gc,phases   ] GC(76) y: Young Generation 2882M(94%)->1910M(62%) 0.064s
[2026-06-26T14:04:36.302-0300][633.530s][3772][6460 ][info][gc          ] GC(76) Minor Collection (High Usage) 2882M(94%)->1910M(62%) 0.064s
[2026-06-26T14:04:59.645-0300][656.872s][3772][6460 ][info][gc          ] GC(77) Minor Collection (High Usage)
[2026-06-26T14:04:59.645-0300][656.872s][3772][6460 ][info][gc,task     ] GC(77) Using 1 Workers for Young Generation
[2026-06-26T14:04:59.645-0300][656.872s][3772][6460 ][info][gc,phases   ] GC(77) y: Young Generation
[2026-06-26T14:04:59.645-0300][656.872s][3772][1692 ][info][gc,phases   ] GC(77) y: Pause Mark Start 0.011ms
[2026-06-26T14:04:59.685-0300][656.913s][3772][6460 ][info][gc,phases   ] GC(77) y: Concurrent Mark 40.277ms
[2026-06-26T14:04:59.685-0300][656.913s][3772][1692 ][info][gc,phases   ] GC(77) y: Pause Mark End 0.012ms
[2026-06-26T14:04:59.685-0300][656.913s][3772][6460 ][info][gc,phases   ] GC(77) y: Concurrent Mark Free 0.000ms
[2026-06-26T14:04:59.685-0300][656.913s][3772][6460 ][info][gc,phases   ] GC(77) y: Concurrent Reset Relocation Set 0.007ms
[2026-06-26T14:04:59.686-0300][656.913s][3772][6460 ][info][gc,reloc    ] GC(77) y: Using tenuring threshold: 3 (Computed)
[2026-06-26T14:04:59.687-0300][656.914s][3772][6460 ][info][gc,phases   ] GC(77) y: Concurrent Select Relocation Set 1.364ms
[2026-06-26T14:04:59.687-0300][656.914s][3772][1692 ][info][gc,phases   ] GC(77) y: Pause Relocate Start 0.005ms
[2026-06-26T14:04:59.691-0300][656.918s][3772][6460 ][info][gc,phases   ] GC(77) y: Concurrent Relocate 4.282ms
[2026-06-26T14:04:59.691-0300][656.918s][3772][6460 ][info][gc,alloc    ] GC(77) y:                         Mark Start        Mark End      Relocate Start    Relocate End   
[2026-06-26T14:04:59.691-0300][656.918s][3772][6460 ][info][gc,alloc    ] GC(77) y: Allocation Stalls:          0                0                0                0         
[2026-06-26T14:04:59.691-0300][656.918s][3772][6460 ][info][gc,load     ] GC(77) y: Load: 0.00 (0%) / 0.00 (0%) / 0.00 (0%)
[2026-06-26T14:04:59.691-0300][656.919s][3772][6460 ][info][gc,mmu      ] GC(77) y: MMU: 2ms/97.1%, 5ms/98.8%, 10ms/99.4%, 20ms/99.6%, 50ms/99.8%, 100ms/99.9%
[2026-06-26T14:04:59.691-0300][656.919s][3772][6460 ][info][gc,marking  ] GC(77) y: Mark: 1 stripe(s), 2 proactive flush(es), 1 terminate flush(es), 0 completion(s), 0 continuation(s) 
[2026-06-26T14:04:59.691-0300][656.919s][3772][6460 ][info][gc,nmethod  ] GC(77) y: NMethods: 13397 registered, 6796 unregistered
[2026-06-26T14:04:59.691-0300][656.919s][3772][6460 ][info][gc,metaspace] GC(77) y: Metaspace: 80M used, 82M committed, 1152M reserved
[2026-06-26T14:04:59.691-0300][656.919s][3772][6460 ][info][gc,reloc    ] GC(77) y:                        Candidates     Selected     In-Place         Size        Empty    Relocated 
[2026-06-26T14:04:59.691-0300][656.919s][3772][6460 ][info][gc,reloc    ] GC(77) y: Small Pages:                  511           87            0        1022M         842M           1M 
[2026-06-26T14:04:59.691-0300][656.919s][3772][6460 ][info][gc,reloc    ] GC(77) y: Medium Pages:                   0            0            0           0M           0M           0M 
[2026-06-26T14:04:59.691-0300][656.919s][3772][6460 ][info][gc,reloc    ] GC(77) y: Large Pages:                    0            0            0           0M           0M           0M 
[2026-06-26T14:04:59.691-0300][656.919s][3772][6460 ][info][gc,reloc    ] GC(77) y: Forwarding Usage: 0M
[2026-06-26T14:04:59.691-0300][656.919s][3772][6460 ][info][gc,reloc    ] GC(77) y: Age Table:
[2026-06-26T14:04:59.691-0300][656.919s][3772][6460 ][info][gc,reloc    ] GC(77) y:                    Live             Garbage             Small              Medium             Large        
[2026-06-26T14:04:59.691-0300][656.919s][3772][6460 ][info][gc,reloc    ] GC(77) y: Eden               0M (0%)          989M (32%)        495 / 74             0 / 0              0 / 0        
[2026-06-26T14:04:59.691-0300][656.919s][3772][6460 ][info][gc,reloc    ] GC(77) y: Survivor 1         2M (0%)            5M (0%)           4 / 3              0 / 0              0 / 0        
[2026-06-26T14:04:59.692-0300][656.919s][3772][6460 ][info][gc,reloc    ] GC(77) y: Survivor 2         0M (0%)            5M (0%)           3 / 3              0 / 0              0 / 0        
[2026-06-26T14:04:59.692-0300][656.919s][3772][6460 ][info][gc,reloc    ] GC(77) y: Survivor 3         1M (0%)            4M (0%)           3 / 2              0 / 0              0 / 0        
[2026-06-26T14:04:59.692-0300][656.919s][3772][6460 ][info][gc,reloc    ] GC(77) y: Survivor 4         0M (0%)            5M (0%)           3 / 2              0 / 0              0 / 0        
[2026-06-26T14:04:59.692-0300][656.919s][3772][6460 ][info][gc,reloc    ] GC(77) y: Survivor 5         0M (0%)            5M (0%)           3 / 3              0 / 0              0 / 0        
[2026-06-26T14:04:59.692-0300][656.919s][3772][6460 ][info][gc,heap     ] GC(77) y: Min Capacity: 8M(0%)
[2026-06-26T14:04:59.692-0300][656.919s][3772][6460 ][info][gc,heap     ] GC(77) y: Max Capacity: 3072M(100%)
[2026-06-26T14:04:59.692-0300][656.919s][3772][6460 ][info][gc,heap     ] GC(77) y: Soft Max Capacity: 3072M(100%)
[2026-06-26T14:04:59.692-0300][656.919s][3772][6460 ][info][gc,heap     ] GC(77) y: Heap Statistics:
[2026-06-26T14:04:59.692-0300][656.919s][3772][6460 ][info][gc,heap     ] GC(77) y:                Mark Start          Mark End        Relocate Start      Relocate End           High               Low         
[2026-06-26T14:04:59.692-0300][656.919s][3772][6460 ][info][gc,heap     ] GC(77) y:  Capacity:     3048M (99%)        3048M (99%)        3048M (99%)        3048M (99%)        3048M (99%)        3048M (99%)    
[2026-06-26T14:04:59.692-0300][656.919s][3772][6460 ][info][gc,heap     ] GC(77) y:      Free:      190M (6%)          174M (6%)         1016M (33%)        1178M (38%)        1178M (38%)         174M (6%)     
[2026-06-26T14:04:59.692-0300][656.919s][3772][6460 ][info][gc,heap     ] GC(77) y:      Used:     2882M (94%)        2898M (94%)        2056M (67%)        1894M (62%)        2898M (94%)        1894M (62%)    
[2026-06-26T14:04:59.692-0300][656.919s][3772][6460 ][info][gc,heap     ] GC(77) y: Young Generation Statistics:
[2026-06-26T14:04:59.692-0300][656.919s][3772][6460 ][info][gc,heap     ] GC(77) y:                Mark Start          Mark End        Relocate Start      Relocate End    
[2026-06-26T14:04:59.692-0300][656.919s][3772][6460 ][info][gc,heap     ] GC(77) y:      Used:     1022M (33%)        1038M (34%)         194M (6%)           30M (1%)     
[2026-06-26T14:04:59.692-0300][656.919s][3772][6460 ][info][gc,heap     ] GC(77) y:      Live:         -                 4M (0%)            3M (0%)            3M (0%)     
[2026-06-26T14:04:59.692-0300][656.919s][3772][6460 ][info][gc,heap     ] GC(77) y:   Garbage:         -              1017M (33%)         174M (6%)            0M (0%)     
[2026-06-26T14:04:59.692-0300][656.919s][3772][6460 ][info][gc,heap     ] GC(77) y: Allocated:         -                16M (1%)           16M (1%)           26M (1%)     
[2026-06-26T14:04:59.692-0300][656.919s][3772][6460 ][info][gc,heap     ] GC(77) y: Reclaimed:         -                  -               842M (27%)        1017M (33%)    
[2026-06-26T14:04:59.692-0300][656.919s][3772][6460 ][info][gc,heap     ] GC(77) y:  Promoted:         -                  -                 1M (0%)            1M (0%)     
[2026-06-26T14:04:59.692-0300][656.919s][3772][6460 ][info][gc,heap     ] GC(77) y: Compacted:         -                  -                  -                 1M (0%)     
[2026-06-26T14:04:59.692-0300][656.919s][3772][6460 ][info][gc,phases   ] GC(77) y: Young Generation 2882M(94%)->1894M(62%) 0.046s
[2026-06-26T14:04:59.692-0300][656.919s][3772][6460 ][info][gc          ] GC(77) Minor Collection (High Usage) 2882M(94%)->1894M(62%) 0.047s
[2026-06-26T14:05:18.074-0300][675.300s][3772][6460 ][info][gc          ] GC(78) Minor Collection (High Usage)
[2026-06-26T14:05:18.074-0300][675.300s][3772][6460 ][info][gc,task     ] GC(78) Using 1 Workers for Young Generation
[2026-06-26T14:05:18.074-0300][675.300s][3772][6460 ][info][gc,phases   ] GC(78) y: Young Generation
[2026-06-26T14:05:18.074-0300][675.300s][3772][1692 ][info][gc,phases   ] GC(78) y: Pause Mark Start 0.008ms
[2026-06-26T14:05:18.145-0300][675.372s][3772][6460 ][info][gc,phases   ] GC(78) y: Concurrent Mark 71.188ms
[2026-06-26T14:05:18.145-0300][675.372s][3772][1692 ][info][gc,phases   ] GC(78) y: Pause Mark End 0.014ms
[2026-06-26T14:05:18.145-0300][675.372s][3772][6460 ][info][gc,phases   ] GC(78) y: Concurrent Mark Free 0.003ms
[2026-06-26T14:05:18.145-0300][675.372s][3772][6460 ][info][gc,phases   ] GC(78) y: Concurrent Reset Relocation Set 0.186ms
[2026-06-26T14:05:18.146-0300][675.372s][3772][6460 ][info][gc,reloc    ] GC(78) y: Using tenuring threshold: 1 (Computed)
[2026-06-26T14:05:18.147-0300][675.374s][3772][6460 ][info][gc,phases   ] GC(78) y: Concurrent Select Relocation Set 2.456ms
[2026-06-26T14:05:18.147-0300][675.375s][3772][1692 ][info][gc,phases   ] GC(78) y: Pause Relocate Start 0.011ms
[2026-06-26T14:05:18.160-0300][675.387s][3772][6460 ][info][gc,phases   ] GC(78) y: Concurrent Relocate 12.239ms
[2026-06-26T14:05:18.160-0300][675.387s][3772][6460 ][info][gc,alloc    ] GC(78) y:                         Mark Start        Mark End      Relocate Start    Relocate End   
[2026-06-26T14:05:18.160-0300][675.387s][3772][6460 ][info][gc,alloc    ] GC(78) y: Allocation Stalls:          0                0                0                0         
[2026-06-26T14:05:18.160-0300][675.387s][3772][6460 ][info][gc,load     ] GC(78) y: Load: 0.00 (0%) / 0.00 (0%) / 0.00 (0%)
[2026-06-26T14:05:18.160-0300][675.387s][3772][6460 ][info][gc,mmu      ] GC(78) y: MMU: 2ms/97.1%, 5ms/98.8%, 10ms/99.4%, 20ms/99.6%, 50ms/99.8%, 100ms/99.9%
[2026-06-26T14:05:18.160-0300][675.387s][3772][6460 ][info][gc,marking  ] GC(78) y: Mark: 1 stripe(s), 2 proactive flush(es), 1 terminate flush(es), 0 completion(s), 0 continuation(s) 
[2026-06-26T14:05:18.160-0300][675.387s][3772][6460 ][info][gc,nmethod  ] GC(78) y: NMethods: 13517 registered, 6796 unregistered
[2026-06-26T14:05:18.160-0300][675.387s][3772][6460 ][info][gc,metaspace] GC(78) y: Metaspace: 80M used, 82M committed, 1152M reserved
[2026-06-26T14:05:18.160-0300][675.387s][3772][6460 ][info][gc,reloc    ] GC(78) y:                        Candidates     Selected     In-Place         Size        Empty    Relocated 
[2026-06-26T14:05:18.160-0300][675.387s][3772][6460 ][info][gc,reloc    ] GC(78) y: Small Pages:                  509          188            0        1018M         632M           5M 
[2026-06-26T14:05:18.160-0300][675.387s][3772][6460 ][info][gc,reloc    ] GC(78) y: Medium Pages:                   0            0            0           0M           0M           0M 
[2026-06-26T14:05:18.160-0300][675.387s][3772][6460 ][info][gc,reloc    ] GC(78) y: Large Pages:                    0            0            0           0M           0M           0M 
[2026-06-26T14:05:18.160-0300][675.387s][3772][6460 ][info][gc,reloc    ] GC(78) y: Forwarding Usage: 3M
[2026-06-26T14:05:18.160-0300][675.387s][3772][6460 ][info][gc,reloc    ] GC(78) y: Age Table:
[2026-06-26T14:05:18.160-0300][675.387s][3772][6460 ][info][gc,reloc    ] GC(78) y:                    Live             Garbage             Small              Medium             Large        
[2026-06-26T14:05:18.160-0300][675.387s][3772][6460 ][info][gc,reloc    ] GC(78) y: Eden               5M (0%)          998M (33%)        502 / 184            0 / 0              0 / 0        
[2026-06-26T14:05:18.160-0300][675.387s][3772][6460 ][info][gc,reloc    ] GC(78) y: Survivor 1         0M (0%)            3M (0%)           2 / 1              0 / 0              0 / 0        
[2026-06-26T14:05:18.160-0300][675.387s][3772][6460 ][info][gc,reloc    ] GC(78) y: Survivor 2         2M (0%)            3M (0%)           3 / 2              0 / 0              0 / 0        
[2026-06-26T14:05:18.160-0300][675.387s][3772][6460 ][info][gc,reloc    ] GC(78) y: Survivor 3         0M (0%)            3M (0%)           2 / 1              0 / 0              0 / 0        
[2026-06-26T14:05:18.160-0300][675.387s][3772][6460 ][info][gc,heap     ] GC(78) y: Min Capacity: 8M(0%)
[2026-06-26T14:05:18.160-0300][675.387s][3772][6460 ][info][gc,heap     ] GC(78) y: Max Capacity: 3072M(100%)
[2026-06-26T14:05:18.160-0300][675.387s][3772][6460 ][info][gc,heap     ] GC(78) y: Soft Max Capacity: 3072M(100%)
[2026-06-26T14:05:18.160-0300][675.387s][3772][6460 ][info][gc,heap     ] GC(78) y: Heap Statistics:
[2026-06-26T14:05:18.160-0300][675.387s][3772][6460 ][info][gc,heap     ] GC(78) y:                Mark Start          Mark End        Relocate Start      Relocate End           High               Low         
[2026-06-26T14:05:18.160-0300][675.387s][3772][6460 ][info][gc,heap     ] GC(78) y:  Capacity:     3048M (99%)        3048M (99%)        3048M (99%)        3048M (99%)        3048M (99%)        3048M (99%)    
[2026-06-26T14:05:18.160-0300][675.387s][3772][6460 ][info][gc,heap     ] GC(78) y:      Free:      190M (6%)          172M (6%)          804M (26%)        1166M (38%)        1166M (38%)         172M (6%)     
[2026-06-26T14:05:18.160-0300][675.387s][3772][6460 ][info][gc,heap     ] GC(78) y:      Used:     2882M (94%)        2900M (94%)        2268M (74%)        1906M (62%)        2900M (94%)        1906M (62%)    
[2026-06-26T14:05:18.160-0300][675.387s][3772][6460 ][info][gc,heap     ] GC(78) y: Young Generation Statistics:
[2026-06-26T14:05:18.160-0300][675.387s][3772][6460 ][info][gc,heap     ] GC(78) y:                Mark Start          Mark End        Relocate Start      Relocate End    
[2026-06-26T14:05:18.160-0300][675.387s][3772][6460 ][info][gc,heap     ] GC(78) y:      Used:     1018M (33%)        1036M (34%)         402M (13%)          36M (1%)     
[2026-06-26T14:05:18.161-0300][675.387s][3772][6460 ][info][gc,heap     ] GC(78) y:      Live:         -                 8M (0%)            6M (0%)            5M (0%)     
[2026-06-26T14:05:18.161-0300][675.387s][3772][6460 ][info][gc,heap     ] GC(78) y:   Garbage:         -              1009M (33%)         377M (12%)           0M (0%)     
[2026-06-26T14:05:18.161-0300][675.387s][3772][6460 ][info][gc,heap     ] GC(78) y: Allocated:         -                18M (1%)           18M (1%)           30M (1%)     
[2026-06-26T14:05:18.161-0300][675.387s][3772][6460 ][info][gc,heap     ] GC(78) y: Reclaimed:         -                  -               632M (21%)        1009M (33%)    
[2026-06-26T14:05:18.161-0300][675.387s][3772][6460 ][info][gc,heap     ] GC(78) y:  Promoted:         -                  -                 1M (0%)            2M (0%)     
[2026-06-26T14:05:18.161-0300][675.387s][3772][6460 ][info][gc,heap     ] GC(78) y: Compacted:         -                  -                  -                 5M (0%)     
[2026-06-26T14:05:18.161-0300][675.387s][3772][6460 ][info][gc,phases   ] GC(78) y: Young Generation 2882M(94%)->1906M(62%) 0.087s
[2026-06-26T14:05:18.161-0300][675.387s][3772][6460 ][info][gc          ] GC(78) Minor Collection (High Usage) 2882M(94%)->1906M(62%) 0.087s
[2026-06-26T14:05:36.372-0300][693.598s][3772][6460 ][info][gc          ] GC(79) Minor Collection (High Usage)
[2026-06-26T14:05:36.372-0300][693.598s][3772][6460 ][info][gc,task     ] GC(79) Using 1 Workers for Young Generation
[2026-06-26T14:05:36.372-0300][693.598s][3772][6460 ][info][gc,phases   ] GC(79) y: Young Generation
[2026-06-26T14:05:36.372-0300][693.598s][3772][1692 ][info][gc,phases   ] GC(79) y: Pause Mark Start 0.008ms
[2026-06-26T14:05:36.464-0300][693.691s][3772][6460 ][info][gc,phases   ] GC(79) y: Concurrent Mark 92.096ms
[2026-06-26T14:05:36.464-0300][693.691s][3772][1692 ][info][gc,phases   ] GC(79) y: Pause Mark End 0.013ms
[2026-06-26T14:05:36.464-0300][693.691s][3772][6460 ][info][gc,phases   ] GC(79) y: Concurrent Mark Free 0.002ms
[2026-06-26T14:05:36.464-0300][693.691s][3772][6460 ][info][gc,phases   ] GC(79) y: Concurrent Reset Relocation Set 0.094ms
[2026-06-26T14:05:36.464-0300][693.691s][3772][6460 ][info][gc,reloc    ] GC(79) y: Using tenuring threshold: 2 (Computed)
[2026-06-26T14:05:36.465-0300][693.691s][3772][6460 ][info][gc,phases   ] GC(79) y: Concurrent Select Relocation Set 0.476ms
[2026-06-26T14:05:36.465-0300][693.691s][3772][1692 ][info][gc,phases   ] GC(79) y: Pause Relocate Start 0.006ms
[2026-06-26T14:05:36.479-0300][693.706s][3772][6460 ][info][gc,phases   ] GC(79) y: Concurrent Relocate 14.340ms
[2026-06-26T14:05:36.479-0300][693.706s][3772][6460 ][info][gc,alloc    ] GC(79) y:                         Mark Start        Mark End      Relocate Start    Relocate End   
[2026-06-26T14:05:36.479-0300][693.706s][3772][6460 ][info][gc,alloc    ] GC(79) y: Allocation Stalls:          0                0                0                0         
[2026-06-26T14:05:36.479-0300][693.706s][3772][6460 ][info][gc,load     ] GC(79) y: Load: 0.00 (0%) / 0.00 (0%) / 0.00 (0%)
[2026-06-26T14:05:36.479-0300][693.706s][3772][6460 ][info][gc,mmu      ] GC(79) y: MMU: 2ms/97.1%, 5ms/98.8%, 10ms/99.4%, 20ms/99.6%, 50ms/99.8%, 100ms/99.9%
[2026-06-26T14:05:36.479-0300][693.706s][3772][6460 ][info][gc,marking  ] GC(79) y: Mark: 1 stripe(s), 2 proactive flush(es), 1 terminate flush(es), 0 completion(s), 0 continuation(s) 
[2026-06-26T14:05:36.479-0300][693.706s][3772][6460 ][info][gc,nmethod  ] GC(79) y: NMethods: 13702 registered, 6796 unregistered
[2026-06-26T14:05:36.479-0300][693.706s][3772][6460 ][info][gc,metaspace] GC(79) y: Metaspace: 80M used, 83M committed, 1152M reserved
[2026-06-26T14:05:36.479-0300][693.706s][3772][6460 ][info][gc,reloc    ] GC(79) y:                        Candidates     Selected     In-Place         Size        Empty    Relocated 
[2026-06-26T14:05:36.479-0300][693.706s][3772][6460 ][info][gc,reloc    ] GC(79) y: Small Pages:                  506          326            0        1012M         346M           4M 
[2026-06-26T14:05:36.479-0300][693.706s][3772][6460 ][info][gc,reloc    ] GC(79) y: Medium Pages:                   0            0            0           0M           0M           0M 
[2026-06-26T14:05:36.479-0300][693.706s][3772][6460 ][info][gc,reloc    ] GC(79) y: Large Pages:                    0            0            0           0M           0M           0M 
[2026-06-26T14:05:36.479-0300][693.706s][3772][6460 ][info][gc,reloc    ] GC(79) y: Forwarding Usage: 2M
[2026-06-26T14:05:36.479-0300][693.706s][3772][6460 ][info][gc,reloc    ] GC(79) y: Age Table:
[2026-06-26T14:05:36.479-0300][693.706s][3772][6460 ][info][gc,reloc    ] GC(79) y:                    Live             Garbage             Small              Medium             Large        
[2026-06-26T14:05:36.479-0300][693.706s][3772][6460 ][info][gc,reloc    ] GC(79) y: Eden               5M (0%)          988M (32%)        497 / 323            0 / 0              0 / 0        
[2026-06-26T14:05:36.479-0300][693.706s][3772][6460 ][info][gc,reloc    ] GC(79) y: Survivor 1         4M (0%)           13M (0%)           9 / 3              0 / 0              0 / 0        
[2026-06-26T14:05:36.479-0300][693.706s][3772][6460 ][info][gc,heap     ] GC(79) y: Min Capacity: 8M(0%)
[2026-06-26T14:05:36.479-0300][693.706s][3772][6460 ][info][gc,heap     ] GC(79) y: Max Capacity: 3072M(100%)
[2026-06-26T14:05:36.479-0300][693.706s][3772][6460 ][info][gc,heap     ] GC(79) y: Soft Max Capacity: 3072M(100%)
[2026-06-26T14:05:36.479-0300][693.706s][3772][6460 ][info][gc,heap     ] GC(79) y: Heap Statistics:
[2026-06-26T14:05:36.479-0300][693.706s][3772][6460 ][info][gc,heap     ] GC(79) y:                Mark Start          Mark End        Relocate Start      Relocate End           High               Low         
[2026-06-26T14:05:36.479-0300][693.706s][3772][6460 ][info][gc,heap     ] GC(79) y:  Capacity:     3024M (98%)        3024M (98%)        3024M (98%)        3024M (98%)        3024M (98%)        3024M (98%)    
[2026-06-26T14:05:36.479-0300][693.706s][3772][6460 ][info][gc,heap     ] GC(79) y:      Free:      190M (6%)          170M (6%)          516M (17%)        1160M (38%)        1160M (38%)         170M (6%)     
[2026-06-26T14:05:36.479-0300][693.706s][3772][6460 ][info][gc,heap     ] GC(79) y:      Used:     2882M (94%)        2902M (94%)        2556M (83%)        1912M (62%)        2902M (94%)        1912M (62%)    
[2026-06-26T14:05:36.479-0300][693.706s][3772][6460 ][info][gc,heap     ] GC(79) y: Young Generation Statistics:
[2026-06-26T14:05:36.479-0300][693.706s][3772][6460 ][info][gc,heap     ] GC(79) y:                Mark Start          Mark End        Relocate Start      Relocate End    
[2026-06-26T14:05:36.479-0300][693.706s][3772][6460 ][info][gc,heap     ] GC(79) y:      Used:     1012M (33%)        1032M (34%)         686M (22%)          42M (1%)     
[2026-06-26T14:05:36.479-0300][693.706s][3772][6460 ][info][gc,heap     ] GC(79) y:      Live:         -                10M (0%)           10M (0%)           10M (0%)     
[2026-06-26T14:05:36.479-0300][693.706s][3772][6460 ][info][gc,heap     ] GC(79) y:   Garbage:         -              1001M (33%)         655M (21%)           1M (0%)     
[2026-06-26T14:05:36.479-0300][693.706s][3772][6460 ][info][gc,heap     ] GC(79) y: Allocated:         -                20M (1%)           20M (1%)           30M (1%)     
[2026-06-26T14:05:36.479-0300][693.706s][3772][6460 ][info][gc,heap     ] GC(79) y: Reclaimed:         -                  -               346M (11%)        1000M (33%)    
[2026-06-26T14:05:36.479-0300][693.706s][3772][6460 ][info][gc,heap     ] GC(79) y:  Promoted:         -                  -                 0M (0%)            0M (0%)     
[2026-06-26T14:05:36.479-0300][693.706s][3772][6460 ][info][gc,heap     ] GC(79) y: Compacted:         -                  -                  -                 5M (0%)     
[2026-06-26T14:05:36.479-0300][693.706s][3772][6460 ][info][gc,phases   ] GC(79) y: Young Generation 2882M(94%)->1912M(62%) 0.107s
[2026-06-26T14:05:36.479-0300][693.706s][3772][6460 ][info][gc          ] GC(79) Minor Collection (High Usage) 2882M(94%)->1912M(62%) 0.108s
[2026-06-26T14:05:54.380-0300][711.607s][3772][6460 ][info][gc          ] GC(80) Minor Collection (High Usage)
[2026-06-26T14:05:54.380-0300][711.607s][3772][6460 ][info][gc,task     ] GC(80) Using 1 Workers for Young Generation
[2026-06-26T14:05:54.380-0300][711.607s][3772][6460 ][info][gc,phases   ] GC(80) y: Young Generation
[2026-06-26T14:05:54.380-0300][711.607s][3772][1692 ][info][gc,phases   ] GC(80) y: Pause Mark Start 0.010ms
[2026-06-26T14:05:54.471-0300][711.698s][3772][6460 ][info][gc,phases   ] GC(80) y: Concurrent Mark 90.784ms
[2026-06-26T14:05:54.471-0300][711.698s][3772][1692 ][info][gc,phases   ] GC(80) y: Pause Mark End 0.014ms
[2026-06-26T14:05:54.471-0300][711.698s][3772][6460 ][info][gc,phases   ] GC(80) y: Concurrent Mark Free 0.003ms
[2026-06-26T14:05:54.471-0300][711.698s][3772][6460 ][info][gc,phases   ] GC(80) y: Concurrent Reset Relocation Set 0.013ms
[2026-06-26T14:05:54.471-0300][711.698s][3772][6460 ][info][gc,reloc    ] GC(80) y: Using tenuring threshold: 3 (Computed)
[2026-06-26T14:05:54.472-0300][711.699s][3772][6460 ][info][gc,phases   ] GC(80) y: Concurrent Select Relocation Set 1.201ms
[2026-06-26T14:05:54.472-0300][711.699s][3772][1692 ][info][gc,phases   ] GC(80) y: Pause Relocate Start 0.005ms
[2026-06-26T14:05:54.485-0300][711.712s][3772][6460 ][info][gc,phases   ] GC(80) y: Concurrent Relocate 12.886ms
[2026-06-26T14:05:54.485-0300][711.712s][3772][6460 ][info][gc,alloc    ] GC(80) y:                         Mark Start        Mark End      Relocate Start    Relocate End   
[2026-06-26T14:05:54.485-0300][711.712s][3772][6460 ][info][gc,alloc    ] GC(80) y: Allocation Stalls:          0                0                0                0         
[2026-06-26T14:05:54.485-0300][711.712s][3772][6460 ][info][gc,load     ] GC(80) y: Load: 0.00 (0%) / 0.00 (0%) / 0.00 (0%)
[2026-06-26T14:05:54.485-0300][711.712s][3772][6460 ][info][gc,mmu      ] GC(80) y: MMU: 2ms/97.1%, 5ms/98.8%, 10ms/99.4%, 20ms/99.6%, 50ms/99.8%, 100ms/99.9%
[2026-06-26T14:05:54.485-0300][711.712s][3772][6460 ][info][gc,marking  ] GC(80) y: Mark: 1 stripe(s), 2 proactive flush(es), 1 terminate flush(es), 0 completion(s), 0 continuation(s) 
[2026-06-26T14:05:54.485-0300][711.712s][3772][6460 ][info][gc,nmethod  ] GC(80) y: NMethods: 13830 registered, 6796 unregistered
[2026-06-26T14:05:54.485-0300][711.712s][3772][6460 ][info][gc,metaspace] GC(80) y: Metaspace: 80M used, 83M committed, 1152M reserved
[2026-06-26T14:05:54.485-0300][711.712s][3772][6460 ][info][gc,reloc    ] GC(80) y:                        Candidates     Selected     In-Place         Size        Empty    Relocated 
[2026-06-26T14:05:54.485-0300][711.712s][3772][6460 ][info][gc,reloc    ] GC(80) y: Small Pages:                  506          193            0        1012M         610M           4M 
[2026-06-26T14:05:54.485-0300][711.712s][3772][6460 ][info][gc,reloc    ] GC(80) y: Medium Pages:                   0            0            0           0M           0M           0M 
[2026-06-26T14:05:54.485-0300][711.713s][3772][6460 ][info][gc,reloc    ] GC(80) y: Large Pages:                    0            0            0           0M           0M           0M 
[2026-06-26T14:05:54.485-0300][711.713s][3772][6460 ][info][gc,reloc    ] GC(80) y: Forwarding Usage: 3M
[2026-06-26T14:05:54.485-0300][711.713s][3772][6460 ][info][gc,reloc    ] GC(80) y: Age Table:
[2026-06-26T14:05:54.485-0300][711.713s][3772][6460 ][info][gc,reloc    ] GC(80) y:                    Live             Garbage             Small              Medium             Large        
[2026-06-26T14:05:54.485-0300][711.713s][3772][6460 ][info][gc,reloc    ] GC(80) y: Eden               4M (0%)          985M (32%)        495 / 188            0 / 0              0 / 0        
[2026-06-26T14:05:54.485-0300][711.713s][3772][6460 ][info][gc,reloc    ] GC(80) y: Survivor 1         4M (0%)            7M (0%)           6 / 3              0 / 0              0 / 0        
[2026-06-26T14:05:54.485-0300][711.713s][3772][6460 ][info][gc,reloc    ] GC(80) y: Survivor 2         4M (0%)            5M (0%)           5 / 2              0 / 0              0 / 0        
[2026-06-26T14:05:54.485-0300][711.713s][3772][6460 ][info][gc,heap     ] GC(80) y: Min Capacity: 8M(0%)
[2026-06-26T14:05:54.485-0300][711.713s][3772][6460 ][info][gc,heap     ] GC(80) y: Max Capacity: 3072M(100%)
[2026-06-26T14:05:54.485-0300][711.713s][3772][6460 ][info][gc,heap     ] GC(80) y: Soft Max Capacity: 3072M(100%)
[2026-06-26T14:05:54.485-0300][711.713s][3772][6460 ][info][gc,heap     ] GC(80) y: Heap Statistics:
[2026-06-26T14:05:54.485-0300][711.713s][3772][6460 ][info][gc,heap     ] GC(80) y:                Mark Start          Mark End        Relocate Start      Relocate End           High               Low         
[2026-06-26T14:05:54.485-0300][711.713s][3772][6460 ][info][gc,heap     ] GC(80) y:  Capacity:     3024M (98%)        3024M (98%)        3024M (98%)        3024M (98%)        3024M (98%)        3024M (98%)    
[2026-06-26T14:05:54.485-0300][711.713s][3772][6460 ][info][gc,heap     ] GC(80) y:      Free:      190M (6%)          168M (5%)          778M (25%)        1154M (38%)        1154M (38%)         168M (5%)     
[2026-06-26T14:05:54.485-0300][711.713s][3772][6460 ][info][gc,heap     ] GC(80) y:      Used:     2882M (94%)        2904M (95%)        2294M (75%)        1918M (62%)        2904M (95%)        1918M (62%)    
[2026-06-26T14:05:54.485-0300][711.713s][3772][6460 ][info][gc,heap     ] GC(80) y: Young Generation Statistics:
[2026-06-26T14:05:54.485-0300][711.713s][3772][6460 ][info][gc,heap     ] GC(80) y:                Mark Start          Mark End        Relocate Start      Relocate End    
[2026-06-26T14:05:54.485-0300][711.713s][3772][6460 ][info][gc,heap     ] GC(80) y:      Used:     1012M (33%)        1034M (34%)         424M (14%)          48M (2%)     
[2026-06-26T14:05:54.485-0300][711.713s][3772][6460 ][info][gc,heap     ] GC(80) y:      Live:         -                13M (0%)           13M (0%)           13M (0%)     
[2026-06-26T14:05:54.485-0300][711.713s][3772][6460 ][info][gc,heap     ] GC(80) y:   Garbage:         -               998M (32%)         388M (13%)           1M (0%)     
[2026-06-26T14:05:54.485-0300][711.713s][3772][6460 ][info][gc,heap     ] GC(80) y: Allocated:         -                22M (1%)           22M (1%)           33M (1%)     
[2026-06-26T14:05:54.485-0300][711.713s][3772][6460 ][info][gc,heap     ] GC(80) y: Reclaimed:         -                  -               610M (20%)         997M (32%)    
[2026-06-26T14:05:54.485-0300][711.713s][3772][6460 ][info][gc,heap     ] GC(80) y:  Promoted:         -                  -                 0M (0%)            0M (0%)     
[2026-06-26T14:05:54.485-0300][711.713s][3772][6460 ][info][gc,heap     ] GC(80) y: Compacted:         -                  -                  -                 8M (0%)     
[2026-06-26T14:05:54.485-0300][711.713s][3772][6460 ][info][gc,phases   ] GC(80) y: Young Generation 2882M(94%)->1918M(62%) 0.105s
[2026-06-26T14:05:54.485-0300][711.713s][3772][6460 ][info][gc          ] GC(80) Minor Collection (High Usage) 2882M(94%)->1918M(62%) 0.106s
[2026-06-26T14:06:02.286-0300][719.513s][3772][8616 ][info][gc          ] GC(81) Major Collection (Proactive)
[2026-06-26T14:06:02.286-0300][719.513s][3772][8616 ][info][gc,task     ] GC(81) Using 1 Workers for Young Generation
[2026-06-26T14:06:02.286-0300][719.513s][3772][8616 ][info][gc,task     ] GC(81) Using 1 Workers for Old Generation
[2026-06-26T14:06:02.286-0300][719.513s][3772][8616 ][info][gc,phases   ] GC(81) Y: Young Generation
[2026-06-26T14:06:02.286-0300][719.513s][3772][1692 ][info][gc,phases   ] GC(81) Y: Pause Mark Start (Major) 0.013ms
[2026-06-26T14:06:02.362-0300][719.588s][3772][8616 ][info][gc,phases   ] GC(81) Y: Concurrent Mark 74.996ms
[2026-06-26T14:06:02.362-0300][719.588s][3772][1692 ][info][gc,phases   ] GC(81) Y: Pause Mark End 0.013ms
[2026-06-26T14:06:02.362-0300][719.588s][3772][8616 ][info][gc,phases   ] GC(81) Y: Concurrent Mark Free 0.002ms
[2026-06-26T14:06:02.362-0300][719.588s][3772][8616 ][info][gc,phases   ] GC(81) Y: Concurrent Reset Relocation Set 0.008ms
[2026-06-26T14:06:02.362-0300][719.589s][3772][8616 ][info][gc,reloc    ] GC(81) Y: Using tenuring threshold: 4 (Computed)
[2026-06-26T14:06:02.362-0300][719.589s][3772][8616 ][info][gc,phases   ] GC(81) Y: Concurrent Select Relocation Set 0.399ms
[2026-06-26T14:06:02.362-0300][719.589s][3772][1692 ][info][gc,phases   ] GC(81) Y: Pause Relocate Start 0.008ms
[2026-06-26T14:06:02.367-0300][719.595s][3772][8616 ][info][gc,phases   ] GC(81) Y: Concurrent Relocate 5.930ms
[2026-06-26T14:06:02.367-0300][719.595s][3772][8616 ][info][gc,alloc    ] GC(81) Y:                         Mark Start        Mark End      Relocate Start    Relocate End   
[2026-06-26T14:06:02.367-0300][719.595s][3772][8616 ][info][gc,alloc    ] GC(81) Y: Allocation Stalls:          0                0                0                0         
[2026-06-26T14:06:02.367-0300][719.595s][3772][8616 ][info][gc,load     ] GC(81) Y: Load: 0.00 (0%) / 0.00 (0%) / 0.00 (0%)
[2026-06-26T14:06:02.367-0300][719.595s][3772][8616 ][info][gc,mmu      ] GC(81) Y: MMU: 2ms/97.1%, 5ms/98.8%, 10ms/99.4%, 20ms/99.6%, 50ms/99.8%, 100ms/99.9%
[2026-06-26T14:06:02.367-0300][719.595s][3772][8616 ][info][gc,marking  ] GC(81) Y: Mark: 1 stripe(s), 2 proactive flush(es), 1 terminate flush(es), 0 completion(s), 0 continuation(s) 
[2026-06-26T14:06:02.367-0300][719.595s][3772][8616 ][info][gc,nmethod  ] GC(81) Y: NMethods: 13906 registered, 6796 unregistered
[2026-06-26T14:06:02.367-0300][719.595s][3772][8616 ][info][gc,metaspace] GC(81) Y: Metaspace: 80M used, 83M committed, 1152M reserved
[2026-06-26T14:06:02.367-0300][719.595s][3772][8616 ][info][gc,reloc    ] GC(81) Y:                        Candidates     Selected     In-Place         Size        Empty    Relocated 
[2026-06-26T14:06:02.367-0300][719.595s][3772][8616 ][info][gc,reloc    ] GC(81) Y: Small Pages:                  224          164            0         448M         102M           2M 
[2026-06-26T14:06:02.367-0300][719.595s][3772][8616 ][info][gc,reloc    ] GC(81) Y: Medium Pages:                   0            0            0           0M           0M           0M 
[2026-06-26T14:06:02.367-0300][719.595s][3772][8616 ][info][gc,reloc    ] GC(81) Y: Large Pages:                    0            0            0           0M           0M           0M 
[2026-06-26T14:06:02.367-0300][719.595s][3772][8616 ][info][gc,reloc    ] GC(81) Y: Forwarding Usage: 1M
[2026-06-26T14:06:02.367-0300][719.595s][3772][8616 ][info][gc,reloc    ] GC(81) Y: Age Table:
[2026-06-26T14:06:02.367-0300][719.595s][3772][8616 ][info][gc,reloc    ] GC(81) Y:                    Live             Garbage             Small              Medium             Large        
[2026-06-26T14:06:02.367-0300][719.595s][3772][8616 ][info][gc,reloc    ] GC(81) Y: Eden               2M (0%)          419M (14%)        211 / 159            0 / 0              0 / 0        
[2026-06-26T14:06:02.367-0300][719.595s][3772][8616 ][info][gc,reloc    ] GC(81) Y: Survivor 1         2M (0%)            7M (0%)           5 / 2              0 / 0              0 / 0        
[2026-06-26T14:06:02.367-0300][719.595s][3772][8616 ][info][gc,reloc    ] GC(81) Y: Survivor 2         4M (0%)            3M (0%)           4 / 2              0 / 0              0 / 0        
[2026-06-26T14:06:02.367-0300][719.595s][3772][8616 ][info][gc,reloc    ] GC(81) Y: Survivor 3         4M (0%)            3M (0%)           4 / 1              0 / 0              0 / 0        
[2026-06-26T14:06:02.367-0300][719.595s][3772][8616 ][info][gc,heap     ] GC(81) Y: Min Capacity: 8M(0%)
[2026-06-26T14:06:02.367-0300][719.595s][3772][8616 ][info][gc,heap     ] GC(81) Y: Max Capacity: 3072M(100%)
[2026-06-26T14:06:02.369-0300][719.595s][3772][8616 ][info][gc,heap     ] GC(81) Y: Soft Max Capacity: 3072M(100%)
[2026-06-26T14:06:02.369-0300][719.595s][3772][8616 ][info][gc,heap     ] GC(81) Y: Heap Statistics:
[2026-06-26T14:06:02.369-0300][719.595s][3772][8616 ][info][gc,heap     ] GC(81) Y:                Mark Start          Mark End        Relocate Start      Relocate End           High               Low         
[2026-06-26T14:06:02.369-0300][719.595s][3772][8616 ][info][gc,heap     ] GC(81) Y:  Capacity:     3024M (98%)        3024M (98%)        3024M (98%)        3024M (98%)        3024M (98%)        3024M (98%)    
[2026-06-26T14:06:02.369-0300][719.595s][3772][8616 ][info][gc,heap     ] GC(81) Y:      Free:      754M (25%)         736M (24%)         836M (27%)        1148M (37%)        1150M (37%)         736M (24%)    
[2026-06-26T14:06:02.369-0300][719.595s][3772][8616 ][info][gc,heap     ] GC(81) Y:      Used:     2318M (75%)        2336M (76%)        2236M (73%)        1924M (63%)        2336M (76%)        1922M (63%)    
[2026-06-26T14:06:02.369-0300][719.595s][3772][8616 ][info][gc,heap     ] GC(81) Y: Young Generation Statistics:
[2026-06-26T14:06:02.369-0300][719.595s][3772][8616 ][info][gc,heap     ] GC(81) Y:                Mark Start          Mark End        Relocate Start      Relocate End    
[2026-06-26T14:06:02.369-0300][719.595s][3772][8616 ][info][gc,heap     ] GC(81) Y:      Used:      448M (15%)         466M (15%)         366M (12%)          54M (2%)     
[2026-06-26T14:06:02.369-0300][719.595s][3772][8616 ][info][gc,heap     ] GC(81) Y:      Live:         -                14M (0%)           14M (0%)           14M (0%)     
[2026-06-26T14:06:02.369-0300][719.595s][3772][8616 ][info][gc,heap     ] GC(81) Y:   Garbage:         -               433M (14%)         331M (11%)           3M (0%)     
[2026-06-26T14:06:02.369-0300][719.595s][3772][8616 ][info][gc,heap     ] GC(81) Y: Allocated:         -                18M (1%)           20M (1%)           36M (1%)     
[2026-06-26T14:06:02.369-0300][719.595s][3772][8616 ][info][gc,heap     ] GC(81) Y: Reclaimed:         -                  -               102M (3%)          430M (14%)    
[2026-06-26T14:06:02.369-0300][719.595s][3772][8616 ][info][gc,heap     ] GC(81) Y:  Promoted:         -                  -                 0M (0%)            0M (0%)     
[2026-06-26T14:06:02.369-0300][719.595s][3772][8616 ][info][gc,heap     ] GC(81) Y: Compacted:         -                  -                  -                 3M (0%)     
[2026-06-26T14:06:02.369-0300][719.595s][3772][8616 ][info][gc,phases   ] GC(81) Y: Young Generation 2318M(75%)->1924M(63%) 0.082s
[2026-06-26T14:06:02.369-0300][719.595s][3772][8616 ][info][gc,phases   ] GC(81) O: Old Generation
[2026-06-26T14:06:05.309-0300][722.536s][3772][8616 ][info][gc,phases   ] GC(81) O: Concurrent Mark 2940.258ms
[2026-06-26T14:06:05.309-0300][722.536s][3772][1692 ][info][gc,phases   ] GC(81) O: Pause Mark End 0.018ms
[2026-06-26T14:06:05.309-0300][722.536s][3772][8616 ][info][gc,phases   ] GC(81) O: Concurrent Mark Free 0.002ms
[2026-06-26T14:06:05.345-0300][722.573s][3772][8616 ][info][gc,phases   ] GC(81) O: Concurrent Process Non-Strong 36.789ms
[2026-06-26T14:06:05.345-0300][722.573s][3772][8616 ][info][gc,phases   ] GC(81) O: Concurrent Reset Relocation Set 0.006ms
[2026-06-26T14:06:05.348-0300][722.575s][3772][8616 ][info][gc,phases   ] GC(81) O: Concurrent Select Relocation Set 2.550ms
[2026-06-26T14:06:05.348-0300][722.575s][3772][8616 ][info][gc,task     ] GC(81) O: Using 2 Workers for Old Generation
[2026-06-26T14:06:05.358-0300][722.584s][3772][8616 ][info][gc,task     ] GC(81) O: Using 1 Workers for Old Generation
[2026-06-26T14:06:05.358-0300][722.584s][3772][8616 ][info][gc,phases   ] GC(81) O: Concurrent Remap Roots 9.073ms
[2026-06-26T14:06:05.358-0300][722.584s][3772][1692 ][info][gc,phases   ] GC(81) O: Pause Relocate Start 0.015ms
[2026-06-26T14:06:05.439-0300][722.666s][3772][8616 ][info][gc,phases   ] GC(81) O: Concurrent Relocate 81.371ms
[2026-06-26T14:06:05.439-0300][722.666s][3772][8616 ][info][gc,alloc    ] GC(81) O:                         Mark Start        Mark End      Relocate Start    Relocate End   
[2026-06-26T14:06:05.439-0300][722.666s][3772][8616 ][info][gc,alloc    ] GC(81) O: Allocation Stalls:          0                0                0                0         
[2026-06-26T14:06:05.439-0300][722.666s][3772][8616 ][info][gc,load     ] GC(81) O: Load: 0.00 (0%) / 0.00 (0%) / 0.00 (0%)
[2026-06-26T14:06:05.439-0300][722.666s][3772][8616 ][info][gc,mmu      ] GC(81) O: MMU: 2ms/97.1%, 5ms/98.8%, 10ms/99.4%, 20ms/99.6%, 50ms/99.8%, 100ms/99.9%
[2026-06-26T14:06:05.439-0300][722.666s][3772][8616 ][info][gc,marking  ] GC(81) O: Mark: 1 stripe(s), 2 proactive flush(es), 1 terminate flush(es), 0 completion(s), 0 continuation(s) 
[2026-06-26T14:06:05.439-0300][722.666s][3772][8616 ][info][gc,nmethod  ] GC(81) O: NMethods: 13374 registered, 7366 unregistered
[2026-06-26T14:06:05.439-0300][722.666s][3772][8616 ][info][gc,metaspace] GC(81) O: Metaspace: 80M used, 83M committed, 1152M reserved
[2026-06-26T14:06:05.439-0300][722.666s][3772][8616 ][info][gc,ref      ] GC(81) O:                       Encountered   Discovered     Enqueued 
[2026-06-26T14:06:05.439-0300][722.666s][3772][8616 ][info][gc,ref      ] GC(81) O: Soft References:             6194            0            0 
[2026-06-26T14:06:05.439-0300][722.666s][3772][8616 ][info][gc,ref      ] GC(81) O: Weak References:             6502         2902           15 
[2026-06-26T14:06:05.439-0300][722.666s][3772][8616 ][info][gc,ref      ] GC(81) O: Final References:              16            0            0 
[2026-06-26T14:06:05.439-0300][722.666s][3772][8616 ][info][gc,ref      ] GC(81) O: Phantom References:         14939         7855          329 
[2026-06-26T14:06:05.439-0300][722.666s][3772][8616 ][info][gc,reloc    ] GC(81) O:                        Candidates     Selected     In-Place         Size        Empty    Relocated 
[2026-06-26T14:06:05.439-0300][722.666s][3772][8616 ][info][gc,reloc    ] GC(81) O: Small Pages:                  873           14            0        1746M           0M          10M 
[2026-06-26T14:06:05.439-0300][722.666s][3772][8616 ][info][gc,reloc    ] GC(81) O: Medium Pages:                   2            0            0          64M           0M           0M 
[2026-06-26T14:06:05.439-0300][722.666s][3772][8616 ][info][gc,reloc    ] GC(81) O: Large Pages:                    5            0            0          60M           0M           0M 
[2026-06-26T14:06:05.439-0300][722.666s][3772][8616 ][info][gc,reloc    ] GC(81) O: Forwarding Usage: 21M
[2026-06-26T14:06:05.439-0300][722.666s][3772][8616 ][info][gc,heap     ] GC(81) O: Min Capacity: 8M(0%)
[2026-06-26T14:06:05.439-0300][722.666s][3772][8616 ][info][gc,heap     ] GC(81) O: Max Capacity: 3072M(100%)
[2026-06-26T14:06:05.439-0300][722.666s][3772][8616 ][info][gc,heap     ] GC(81) O: Soft Max Capacity: 3072M(100%)
[2026-06-26T14:06:05.439-0300][722.666s][3772][8616 ][info][gc,heap     ] GC(81) O: Heap Statistics:
[2026-06-26T14:06:05.439-0300][722.666s][3772][8616 ][info][gc,heap     ] GC(81) O:                Mark Start          Mark End        Relocate Start      Relocate End           High               Low         
[2026-06-26T14:06:05.439-0300][722.666s][3772][8616 ][info][gc,heap     ] GC(81) O:  Capacity:     3024M (98%)        3024M (98%)        3024M (98%)        3024M (98%)        3024M (98%)        3024M (98%)    
[2026-06-26T14:06:05.439-0300][722.666s][3772][8616 ][info][gc,heap     ] GC(81) O:      Free:      754M (25%)        1002M (33%)        1002M (33%)        1032M (34%)        1150M (37%)         736M (24%)    
[2026-06-26T14:06:05.439-0300][722.666s][3772][8616 ][info][gc,heap     ] GC(81) O:      Used:     2318M (75%)        2070M (67%)        2070M (67%)        2040M (66%)        2336M (76%)        1922M (63%)    
[2026-06-26T14:06:05.439-0300][722.666s][3772][8616 ][info][gc,heap     ] GC(81) O: Old Generation Statistics:
[2026-06-26T14:06:05.439-0300][722.666s][3772][8616 ][info][gc,heap     ] GC(81) O:                Mark Start          Mark End        Relocate Start      Relocate End    
[2026-06-26T14:06:05.439-0300][722.666s][3772][8616 ][info][gc,heap     ] GC(81) O:      Used:     1870M (61%)        1870M (61%)        1870M (61%)        1838M (60%)    
[2026-06-26T14:06:05.439-0300][722.666s][3772][8616 ][info][gc,heap     ] GC(81) O:      Live:         -              1738M (57%)        1738M (57%)        1738M (57%)    
[2026-06-26T14:06:05.439-0300][722.666s][3772][8616 ][info][gc,heap     ] GC(81) O:   Garbage:         -               131M (4%)          131M (4%)           96M (3%)     
[2026-06-26T14:06:05.439-0300][722.666s][3772][8616 ][info][gc,heap     ] GC(81) O: Allocated:         -                 0M (0%)            0M (0%)            3M (0%)     
[2026-06-26T14:06:05.439-0300][722.666s][3772][8616 ][info][gc,heap     ] GC(81) O: Reclaimed:         -                  -                 0M (0%)           35M (1%)     
[2026-06-26T14:06:05.439-0300][722.666s][3772][8616 ][info][gc,heap     ] GC(81) O: Compacted:         -                  -                  -                52M (2%)     
[2026-06-26T14:06:05.439-0300][722.666s][3772][8616 ][info][gc,phases   ] GC(81) O: Old Generation 1924M(63%)->2040M(66%) 3.071s
[2026-06-26T14:06:05.439-0300][722.666s][3772][8616 ][info][gc          ] GC(81) Major Collection (Proactive) 2318M(75%)->2040M(66%) 3.153s
[2026-06-26T14:06:21.135-0300][738.361s][3772][6460 ][info][gc          ] GC(82) Minor Collection (High Usage)
[2026-06-26T14:06:21.135-0300][738.361s][3772][6460 ][info][gc,task     ] GC(82) Using 1 Workers for Young Generation
[2026-06-26T14:06:21.135-0300][738.361s][3772][6460 ][info][gc,phases   ] GC(82) y: Young Generation
[2026-06-26T14:06:21.135-0300][738.361s][3772][1692 ][info][gc,phases   ] GC(82) y: Pause Mark Start 0.009ms
[2026-06-26T14:06:21.215-0300][738.443s][3772][6460 ][info][gc,phases   ] GC(82) y: Concurrent Mark 81.160ms
[2026-06-26T14:06:21.215-0300][738.443s][3772][1692 ][info][gc,phases   ] GC(82) y: Pause Mark End 0.012ms
[2026-06-26T14:06:21.215-0300][738.443s][3772][6460 ][info][gc,phases   ] GC(82) y: Concurrent Mark Free 0.000ms
[2026-06-26T14:06:21.215-0300][738.443s][3772][6460 ][info][gc,phases   ] GC(82) y: Concurrent Reset Relocation Set 0.006ms
[2026-06-26T14:06:21.215-0300][738.443s][3772][6460 ][info][gc,reloc    ] GC(82) y: Using tenuring threshold: 5 (Computed)
[2026-06-26T14:06:21.217-0300][738.444s][3772][6460 ][info][gc,phases   ] GC(82) y: Concurrent Select Relocation Set 0.748ms
[2026-06-26T14:06:21.217-0300][738.444s][3772][1692 ][info][gc,phases   ] GC(82) y: Pause Relocate Start 0.005ms
[2026-06-26T14:06:21.228-0300][738.456s][3772][6460 ][info][gc,phases   ] GC(82) y: Concurrent Relocate 12.017ms
[2026-06-26T14:06:21.228-0300][738.456s][3772][6460 ][info][gc,alloc    ] GC(82) y:                         Mark Start        Mark End      Relocate Start    Relocate End   
[2026-06-26T14:06:21.228-0300][738.456s][3772][6460 ][info][gc,alloc    ] GC(82) y: Allocation Stalls:          0                0                0                0         
[2026-06-26T14:06:21.228-0300][738.456s][3772][6460 ][info][gc,load     ] GC(82) y: Load: 0.00 (0%) / 0.00 (0%) / 0.00 (0%)
[2026-06-26T14:06:21.228-0300][738.456s][3772][6460 ][info][gc,mmu      ] GC(82) y: MMU: 2ms/97.1%, 5ms/98.8%, 10ms/99.4%, 20ms/99.6%, 50ms/99.8%, 100ms/99.9%
[2026-06-26T14:06:21.228-0300][738.456s][3772][6460 ][info][gc,marking  ] GC(82) y: Mark: 1 stripe(s), 2 proactive flush(es), 1 terminate flush(es), 0 completion(s), 0 continuation(s) 
[2026-06-26T14:06:21.228-0300][738.456s][3772][6460 ][info][gc,nmethod  ] GC(82) y: NMethods: 13460 registered, 7366 unregistered
[2026-06-26T14:06:21.228-0300][738.456s][3772][6460 ][info][gc,metaspace] GC(82) y: Metaspace: 80M used, 83M committed, 1152M reserved
[2026-06-26T14:06:21.228-0300][738.456s][3772][6460 ][info][gc,reloc    ] GC(82) y:                        Candidates     Selected     In-Place         Size        Empty    Relocated 
[2026-06-26T14:06:21.228-0300][738.456s][3772][6460 ][info][gc,reloc    ] GC(82) y: Small Pages:                  522          295            0        1044M         434M           3M 
[2026-06-26T14:06:21.228-0300][738.456s][3772][6460 ][info][gc,reloc    ] GC(82) y: Medium Pages:                   0            0            0           0M           0M           0M 
[2026-06-26T14:06:21.228-0300][738.456s][3772][6460 ][info][gc,reloc    ] GC(82) y: Large Pages:                    0            0            0           0M           0M           0M 
[2026-06-26T14:06:21.228-0300][738.456s][3772][6460 ][info][gc,reloc    ] GC(82) y: Forwarding Usage: 2M
[2026-06-26T14:06:21.228-0300][738.456s][3772][6460 ][info][gc,reloc    ] GC(82) y: Age Table:
[2026-06-26T14:06:21.228-0300][738.456s][3772][6460 ][info][gc,reloc    ] GC(82) y:                    Live             Garbage             Small              Medium             Large        
[2026-06-26T14:06:21.228-0300][738.456s][3772][6460 ][info][gc,reloc    ] GC(82) y: Eden               2M (0%)         1009M (33%)        506 / 287            0 / 0              0 / 0        
[2026-06-26T14:06:21.228-0300][738.456s][3772][6460 ][info][gc,reloc    ] GC(82) y: Survivor 1         2M (0%)            3M (0%)           3 / 2              0 / 0              0 / 0        
[2026-06-26T14:06:21.228-0300][738.456s][3772][6460 ][info][gc,reloc    ] GC(82) y: Survivor 2         2M (0%)            5M (0%)           4 / 3              0 / 0              0 / 0        
[2026-06-26T14:06:21.228-0300][738.456s][3772][6460 ][info][gc,reloc    ] GC(82) y: Survivor 3         4M (0%)            3M (0%)           4 / 2              0 / 0              0 / 0        
[2026-06-26T14:06:21.228-0300][738.456s][3772][6460 ][info][gc,reloc    ] GC(82) y: Survivor 4         4M (0%)            5M (0%)           5 / 1              0 / 0              0 / 0        
[2026-06-26T14:06:21.228-0300][738.456s][3772][6460 ][info][gc,heap     ] GC(82) y: Min Capacity: 8M(0%)
[2026-06-26T14:06:21.228-0300][738.456s][3772][6460 ][info][gc,heap     ] GC(82) y: Max Capacity: 3072M(100%)
[2026-06-26T14:06:21.228-0300][738.456s][3772][6460 ][info][gc,heap     ] GC(82) y: Soft Max Capacity: 3072M(100%)
[2026-06-26T14:06:21.228-0300][738.456s][3772][6460 ][info][gc,heap     ] GC(82) y: Heap Statistics:
[2026-06-26T14:06:21.228-0300][738.456s][3772][6460 ][info][gc,heap     ] GC(82) y:                Mark Start          Mark End        Relocate Start      Relocate End           High               Low         
[2026-06-26T14:06:21.228-0300][738.456s][3772][6460 ][info][gc,heap     ] GC(82) y:  Capacity:     3000M (98%)        3000M (98%)        3000M (98%)        3000M (98%)        3000M (98%)        3000M (98%)    
[2026-06-26T14:06:21.228-0300][738.456s][3772][6460 ][info][gc,heap     ] GC(82) y:      Free:      190M (6%)          170M (6%)          604M (20%)        1176M (38%)        1176M (38%)         170M (6%)     
[2026-06-26T14:06:21.228-0300][738.456s][3772][6460 ][info][gc,heap     ] GC(82) y:      Used:     2882M (94%)        2902M (94%)        2468M (80%)        1896M (62%)        2902M (94%)        1896M (62%)    
[2026-06-26T14:06:21.228-0300][738.456s][3772][6460 ][info][gc,heap     ] GC(82) y: Young Generation Statistics:
[2026-06-26T14:06:21.228-0300][738.456s][3772][6460 ][info][gc,heap     ] GC(82) y:                Mark Start          Mark End        Relocate Start      Relocate End    
[2026-06-26T14:06:21.228-0300][738.456s][3772][6460 ][info][gc,heap     ] GC(82) y:      Used:     1044M (34%)        1064M (35%)         630M (21%)          58M (2%)     
[2026-06-26T14:06:21.229-0300][738.456s][3772][6460 ][info][gc,heap     ] GC(82) y:      Live:         -                16M (1%)           16M (1%)           16M (1%)     
[2026-06-26T14:06:21.229-0300][738.456s][3772][6460 ][info][gc,heap     ] GC(82) y:   Garbage:         -              1027M (33%)         593M (19%)           2M (0%)     
[2026-06-26T14:06:21.229-0300][738.456s][3772][6460 ][info][gc,heap     ] GC(82) y: Allocated:         -                20M (1%)           20M (1%)           39M (1%)     
[2026-06-26T14:06:21.229-0300][738.456s][3772][6460 ][info][gc,heap     ] GC(82) y: Reclaimed:         -                  -               434M (14%)        1025M (33%)    
[2026-06-26T14:06:21.229-0300][738.456s][3772][6460 ][info][gc,heap     ] GC(82) y:  Promoted:         -                  -                 0M (0%)            0M (0%)     
[2026-06-26T14:06:21.229-0300][738.456s][3772][6460 ][info][gc,heap     ] GC(82) y: Compacted:         -                  -                  -                 4M (0%)     
[2026-06-26T14:06:21.229-0300][738.456s][3772][6460 ][info][gc,phases   ] GC(82) y: Young Generation 2882M(94%)->1896M(62%) 0.094s
[2026-06-26T14:06:21.229-0300][738.456s][3772][6460 ][info][gc          ] GC(82) Minor Collection (High Usage) 2882M(94%)->1896M(62%) 0.095s
[2026-06-26T14:06:40.362-0300][757.589s][3772][6460 ][info][gc          ] GC(83) Minor Collection (High Usage)
[2026-06-26T14:06:40.362-0300][757.589s][3772][6460 ][info][gc,task     ] GC(83) Using 1 Workers for Young Generation
[2026-06-26T14:06:40.362-0300][757.589s][3772][6460 ][info][gc,phases   ] GC(83) y: Young Generation
[2026-06-26T14:06:40.362-0300][757.589s][3772][1692 ][info][gc,phases   ] GC(83) y: Pause Mark Start 0.011ms
[2026-06-26T14:06:40.465-0300][757.692s][3772][6460 ][info][gc,phases   ] GC(83) y: Concurrent Mark 103.113ms
[2026-06-26T14:06:40.465-0300][757.692s][3772][1692 ][info][gc,phases   ] GC(83) y: Pause Mark End 0.013ms
[2026-06-26T14:06:40.465-0300][757.693s][3772][6460 ][info][gc,phases   ] GC(83) y: Concurrent Mark Free 0.001ms
[2026-06-26T14:06:40.465-0300][757.693s][3772][6460 ][info][gc,phases   ] GC(83) y: Concurrent Reset Relocation Set 0.010ms
[2026-06-26T14:06:40.466-0300][757.693s][3772][6460 ][info][gc,reloc    ] GC(83) y: Using tenuring threshold: 6 (Computed)
[2026-06-26T14:06:40.467-0300][757.693s][3772][6460 ][info][gc,phases   ] GC(83) y: Concurrent Select Relocation Set 0.904ms
[2026-06-26T14:06:40.467-0300][757.694s][3772][1692 ][info][gc,phases   ] GC(83) y: Pause Relocate Start 0.010ms
[2026-06-26T14:06:40.482-0300][757.709s][3772][6460 ][info][gc,phases   ] GC(83) y: Concurrent Relocate 15.868ms
[2026-06-26T14:06:40.482-0300][757.710s][3772][6460 ][info][gc,alloc    ] GC(83) y:                         Mark Start        Mark End      Relocate Start    Relocate End   
[2026-06-26T14:06:40.482-0300][757.710s][3772][6460 ][info][gc,alloc    ] GC(83) y: Allocation Stalls:          0                0                0                0         
[2026-06-26T14:06:40.482-0300][757.710s][3772][6460 ][info][gc,load     ] GC(83) y: Load: 0.00 (0%) / 0.00 (0%) / 0.00 (0%)
[2026-06-26T14:06:40.482-0300][757.710s][3772][6460 ][info][gc,mmu      ] GC(83) y: MMU: 2ms/97.1%, 5ms/98.8%, 10ms/99.4%, 20ms/99.6%, 50ms/99.8%, 100ms/99.9%
[2026-06-26T14:06:40.482-0300][757.710s][3772][6460 ][info][gc,marking  ] GC(83) y: Mark: 1 stripe(s), 2 proactive flush(es), 1 terminate flush(es), 0 completion(s), 0 continuation(s) 
[2026-06-26T14:06:40.482-0300][757.710s][3772][6460 ][info][gc,nmethod  ] GC(83) y: NMethods: 13573 registered, 7366 unregistered
[2026-06-26T14:06:40.482-0300][757.710s][3772][6460 ][info][gc,metaspace] GC(83) y: Metaspace: 80M used, 83M committed, 1152M reserved
[2026-06-26T14:06:40.482-0300][757.710s][3772][6460 ][info][gc,reloc    ] GC(83) y:                        Candidates     Selected     In-Place         Size        Empty    Relocated 
[2026-06-26T14:06:40.482-0300][757.710s][3772][6460 ][info][gc,reloc    ] GC(83) y: Small Pages:                  522          387            0        1044M         244M           5M 
[2026-06-26T14:06:40.482-0300][757.710s][3772][6460 ][info][gc,reloc    ] GC(83) y: Medium Pages:                   0            0            0           0M           0M           0M 
[2026-06-26T14:06:40.482-0300][757.710s][3772][6460 ][info][gc,reloc    ] GC(83) y: Large Pages:                    0            0            0           0M           0M           0M 
[2026-06-26T14:06:40.482-0300][757.710s][3772][6460 ][info][gc,reloc    ] GC(83) y: Forwarding Usage: 3M
[2026-06-26T14:06:40.482-0300][757.710s][3772][6460 ][info][gc,reloc    ] GC(83) y: Age Table:
[2026-06-26T14:06:40.482-0300][757.710s][3772][6460 ][info][gc,reloc    ] GC(83) y:                    Live             Garbage             Small              Medium             Large        
[2026-06-26T14:06:40.482-0300][757.710s][3772][6460 ][info][gc,reloc    ] GC(83) y: Eden               7M (0%)         1000M (33%)        504 / 379            0 / 0              0 / 0        
[2026-06-26T14:06:40.482-0300][757.710s][3772][6460 ][info][gc,reloc    ] GC(83) y: Survivor 1         1M (0%)            6M (0%)           4 / 3              0 / 0              0 / 0        
[2026-06-26T14:06:40.482-0300][757.710s][3772][6460 ][info][gc,reloc    ] GC(83) y: Survivor 2         0M (0%)            3M (0%)           2 / 2              0 / 0              0 / 0        
[2026-06-26T14:06:40.482-0300][757.710s][3772][6460 ][info][gc,reloc    ] GC(83) y: Survivor 3         2M (0%)            5M (0%)           4 / 1              0 / 0              0 / 0        
[2026-06-26T14:06:40.482-0300][757.710s][3772][6460 ][info][gc,reloc    ] GC(83) y: Survivor 4         3M (0%)            4M (0%)           4 / 1              0 / 0              0 / 0        
[2026-06-26T14:06:40.482-0300][757.710s][3772][6460 ][info][gc,reloc    ] GC(83) y: Survivor 5         4M (0%)            3M (0%)           4 / 1              0 / 0              0 / 0        
[2026-06-26T14:06:40.482-0300][757.710s][3772][6460 ][info][gc,heap     ] GC(83) y: Min Capacity: 8M(0%)
[2026-06-26T14:06:40.482-0300][757.710s][3772][6460 ][info][gc,heap     ] GC(83) y: Max Capacity: 3072M(100%)
[2026-06-26T14:06:40.482-0300][757.710s][3772][6460 ][info][gc,heap     ] GC(83) y: Soft Max Capacity: 3072M(100%)
[2026-06-26T14:06:40.482-0300][757.710s][3772][6460 ][info][gc,heap     ] GC(83) y: Heap Statistics:
[2026-06-26T14:06:40.482-0300][757.710s][3772][6460 ][info][gc,heap     ] GC(83) y:                Mark Start          Mark End        Relocate Start      Relocate End           High               Low         
[2026-06-26T14:06:40.482-0300][757.710s][3772][6460 ][info][gc,heap     ] GC(83) y:  Capacity:     3000M (98%)        3000M (98%)        3000M (98%)        3000M (98%)        3000M (98%)        3000M (98%)    
[2026-06-26T14:06:40.482-0300][757.710s][3772][6460 ][info][gc,heap     ] GC(83) y:      Free:      190M (6%)          170M (6%)          414M (13%)        1162M (38%)        1162M (38%)         170M (6%)     
[2026-06-26T14:06:40.482-0300][757.710s][3772][6460 ][info][gc,heap     ] GC(83) y:      Used:     2882M (94%)        2902M (94%)        2658M (87%)        1910M (62%)        2902M (94%)        1910M (62%)    
[2026-06-26T14:06:40.482-0300][757.710s][3772][6460 ][info][gc,heap     ] GC(83) y: Young Generation Statistics:
[2026-06-26T14:06:40.482-0300][757.710s][3772][6460 ][info][gc,heap     ] GC(83) y:                Mark Start          Mark End        Relocate Start      Relocate End    
[2026-06-26T14:06:40.482-0300][757.710s][3772][6460 ][info][gc,heap     ] GC(83) y:      Used:     1044M (34%)        1064M (35%)         820M (27%)          72M (2%)     
[2026-06-26T14:06:40.482-0300][757.710s][3772][6460 ][info][gc,heap     ] GC(83) y:      Live:         -                20M (1%)           20M (1%)           20M (1%)     
[2026-06-26T14:06:40.482-0300][757.710s][3772][6460 ][info][gc,heap     ] GC(83) y:   Garbage:         -              1023M (33%)         779M (25%)           4M (0%)     
[2026-06-26T14:06:40.482-0300][757.710s][3772][6460 ][info][gc,heap     ] GC(83) y: Allocated:         -                20M (1%)           20M (1%)           47M (2%)     
[2026-06-26T14:06:40.482-0300][757.710s][3772][6460 ][info][gc,heap     ] GC(83) y: Reclaimed:         -                  -               244M (8%)         1019M (33%)    
[2026-06-26T14:06:40.482-0300][757.710s][3772][6460 ][info][gc,heap     ] GC(83) y:  Promoted:         -                  -                 0M (0%)            0M (0%)     
[2026-06-26T14:06:40.482-0300][757.710s][3772][6460 ][info][gc,heap     ] GC(83) y: Compacted:         -                  -                  -                 8M (0%)     
[2026-06-26T14:06:40.482-0300][757.710s][3772][6460 ][info][gc,phases   ] GC(83) y: Young Generation 2882M(94%)->1910M(62%) 0.120s
[2026-06-26T14:06:40.482-0300][757.710s][3772][6460 ][info][gc          ] GC(83) Minor Collection (High Usage) 2882M(94%)->1910M(62%) 0.121s
[2026-06-26T14:06:59.312-0300][776.539s][3772][6460 ][info][gc          ] GC(84) Minor Collection (High Usage)
[2026-06-26T14:06:59.312-0300][776.539s][3772][6460 ][info][gc,task     ] GC(84) Using 1 Workers for Young Generation
[2026-06-26T14:06:59.312-0300][776.539s][3772][6460 ][info][gc,phases   ] GC(84) y: Young Generation
[2026-06-26T14:06:59.312-0300][776.539s][3772][1692 ][info][gc,phases   ] GC(84) y: Pause Mark Start 0.015ms
[2026-06-26T14:06:59.409-0300][776.636s][3772][6460 ][info][gc,phases   ] GC(84) y: Concurrent Mark 97.090ms
[2026-06-26T14:06:59.410-0300][776.636s][3772][1692 ][info][gc,phases   ] GC(84) y: Pause Mark End 0.015ms
[2026-06-26T14:06:59.410-0300][776.636s][3772][6460 ][info][gc,phases   ] GC(84) y: Concurrent Mark Free 0.001ms
[2026-06-26T14:06:59.410-0300][776.637s][3772][6460 ][info][gc,phases   ] GC(84) y: Concurrent Reset Relocation Set 0.014ms
[2026-06-26T14:06:59.410-0300][776.637s][3772][6460 ][info][gc,reloc    ] GC(84) y: Using tenuring threshold: 6 (Computed)
[2026-06-26T14:06:59.413-0300][776.640s][3772][6460 ][info][gc,phases   ] GC(84) y: Concurrent Select Relocation Set 3.729ms
[2026-06-26T14:06:59.413-0300][776.640s][3772][1692 ][info][gc,phases   ] GC(84) y: Pause Relocate Start 0.005ms
[2026-06-26T14:06:59.434-0300][776.662s][3772][6460 ][info][gc,phases   ] GC(84) y: Concurrent Relocate 21.151ms
[2026-06-26T14:06:59.435-0300][776.662s][3772][6460 ][info][gc,alloc    ] GC(84) y:                         Mark Start        Mark End      Relocate Start    Relocate End   
[2026-06-26T14:06:59.435-0300][776.662s][3772][6460 ][info][gc,alloc    ] GC(84) y: Allocation Stalls:          0                0                0                0         
[2026-06-26T14:06:59.435-0300][776.662s][3772][6460 ][info][gc,load     ] GC(84) y: Load: 0.00 (0%) / 0.00 (0%) / 0.00 (0%)
[2026-06-26T14:06:59.435-0300][776.662s][3772][6460 ][info][gc,mmu      ] GC(84) y: MMU: 2ms/97.1%, 5ms/98.8%, 10ms/99.4%, 20ms/99.6%, 50ms/99.8%, 100ms/99.9%
[2026-06-26T14:06:59.435-0300][776.662s][3772][6460 ][info][gc,marking  ] GC(84) y: Mark: 1 stripe(s), 2 proactive flush(es), 1 terminate flush(es), 0 completion(s), 0 continuation(s) 
[2026-06-26T14:06:59.435-0300][776.662s][3772][6460 ][info][gc,nmethod  ] GC(84) y: NMethods: 13753 registered, 7366 unregistered
[2026-06-26T14:06:59.435-0300][776.662s][3772][6460 ][info][gc,metaspace] GC(84) y: Metaspace: 80M used, 83M committed, 1152M reserved
[2026-06-26T14:06:59.435-0300][776.662s][3772][6460 ][info][gc,reloc    ] GC(84) y:                        Candidates     Selected     In-Place         Size        Empty    Relocated 
[2026-06-26T14:06:59.435-0300][776.662s][3772][6460 ][info][gc,reloc    ] GC(84) y: Small Pages:                  522          346            0        1044M         326M           5M 
[2026-06-26T14:06:59.435-0300][776.662s][3772][6460 ][info][gc,reloc    ] GC(84) y: Medium Pages:                   0            0            0           0M           0M           0M 
[2026-06-26T14:06:59.435-0300][776.662s][3772][6460 ][info][gc,reloc    ] GC(84) y: Large Pages:                    0            0            0           0M           0M           0M 
[2026-06-26T14:06:59.435-0300][776.662s][3772][6460 ][info][gc,reloc    ] GC(84) y: Forwarding Usage: 3M
[2026-06-26T14:06:59.435-0300][776.662s][3772][6460 ][info][gc,reloc    ] GC(84) y: Age Table:
[2026-06-26T14:06:59.435-0300][776.662s][3772][6460 ][info][gc,reloc    ] GC(84) y:                    Live             Garbage             Small              Medium             Large        
[2026-06-26T14:06:59.435-0300][776.662s][3772][6460 ][info][gc,reloc    ] GC(84) y: Eden               3M (0%)          988M (32%)        496 / 331            0 / 0              0 / 0        
[2026-06-26T14:06:59.435-0300][776.662s][3772][6460 ][info][gc,reloc    ] GC(84) y: Survivor 1         4M (0%)            9M (0%)           7 / 4              0 / 0              0 / 0        
[2026-06-26T14:06:59.435-0300][776.662s][3772][6460 ][info][gc,reloc    ] GC(84) y: Survivor 2         1M (0%)            6M (0%)           4 / 3              0 / 0              0 / 0        
[2026-06-26T14:06:59.435-0300][776.662s][3772][6460 ][info][gc,reloc    ] GC(84) y: Survivor 3         0M (0%)            5M (0%)           3 / 2              0 / 0              0 / 0        
[2026-06-26T14:06:59.435-0300][776.662s][3772][6460 ][info][gc,reloc    ] GC(84) y: Survivor 4         2M (0%)            3M (0%)           3 / 2              0 / 0              0 / 0        
[2026-06-26T14:06:59.435-0300][776.662s][3772][6460 ][info][gc,reloc    ] GC(84) y: Survivor 5         3M (0%)            4M (0%)           4 / 2              0 / 0              0 / 0        
[2026-06-26T14:06:59.435-0300][776.662s][3772][6460 ][info][gc,reloc    ] GC(84) y: Survivor 6         4M (0%)            5M (0%)           5 / 2              0 / 0              0 / 0        
[2026-06-26T14:06:59.435-0300][776.662s][3772][6460 ][info][gc,heap     ] GC(84) y: Min Capacity: 8M(0%)
[2026-06-26T14:06:59.435-0300][776.662s][3772][6460 ][info][gc,heap     ] GC(84) y: Max Capacity: 3072M(100%)
[2026-06-26T14:06:59.435-0300][776.662s][3772][6460 ][info][gc,heap     ] GC(84) y: Soft Max Capacity: 3072M(100%)
[2026-06-26T14:06:59.435-0300][776.662s][3772][6460 ][info][gc,heap     ] GC(84) y: Heap Statistics:
[2026-06-26T14:06:59.435-0300][776.662s][3772][6460 ][info][gc,heap     ] GC(84) y:                Mark Start          Mark End        Relocate Start      Relocate End           High               Low         
[2026-06-26T14:06:59.435-0300][776.662s][3772][6460 ][info][gc,heap     ] GC(84) y:  Capacity:     2976M (97%)        2976M (97%)        2976M (97%)        2976M (97%)        2976M (97%)        2976M (97%)    
[2026-06-26T14:06:59.435-0300][776.662s][3772][6460 ][info][gc,heap     ] GC(84) y:      Free:      190M (6%)          170M (6%)          496M (16%)        1154M (38%)        1154M (38%)         170M (6%)     
[2026-06-26T14:06:59.435-0300][776.662s][3772][6460 ][info][gc,heap     ] GC(84) y:      Used:     2882M (94%)        2902M (94%)        2576M (84%)        1918M (62%)        2902M (94%)        1918M (62%)    
[2026-06-26T14:06:59.435-0300][776.662s][3772][6460 ][info][gc,heap     ] GC(84) y: Young Generation Statistics:
[2026-06-26T14:06:59.435-0300][776.662s][3772][6460 ][info][gc,heap     ] GC(84) y:                Mark Start          Mark End        Relocate Start      Relocate End    
[2026-06-26T14:06:59.435-0300][776.662s][3772][6460 ][info][gc,heap     ] GC(84) y:      Used:     1044M (34%)        1064M (35%)         732M (24%)          72M (2%)     
[2026-06-26T14:06:59.435-0300][776.662s][3772][6460 ][info][gc,heap     ] GC(84) y:      Live:         -                20M (1%)           15M (1%)           15M (1%)     
[2026-06-26T14:06:59.435-0300][776.662s][3772][6460 ][info][gc,heap     ] GC(84) y:   Garbage:         -              1023M (33%)         696M (23%)           2M (0%)     
[2026-06-26T14:06:59.435-0300][776.662s][3772][6460 ][info][gc,heap     ] GC(84) y: Allocated:         -                20M (1%)           20M (1%)           53M (2%)     
[2026-06-26T14:06:59.435-0300][776.662s][3772][6460 ][info][gc,heap     ] GC(84) y: Reclaimed:         -                  -               327M (11%)        1020M (33%)    
[2026-06-26T14:06:59.435-0300][776.662s][3772][6460 ][info][gc,heap     ] GC(84) y:  Promoted:         -                  -                 4M (0%)            4M (0%)     
[2026-06-26T14:06:59.435-0300][776.662s][3772][6460 ][info][gc,heap     ] GC(84) y: Compacted:         -                  -                  -                 8M (0%)     
[2026-06-26T14:06:59.435-0300][776.662s][3772][6460 ][info][gc,phases   ] GC(84) y: Young Generation 2882M(94%)->1918M(62%) 0.123s
[2026-06-26T14:06:59.435-0300][776.662s][3772][6460 ][info][gc          ] GC(84) Minor Collection (High Usage) 2882M(94%)->1918M(62%) 0.123s
[2026-06-26T14:07:19.955-0300][797.182s][3772][6460 ][info][gc          ] GC(85) Minor Collection (High Usage)
[2026-06-26T14:07:19.955-0300][797.182s][3772][6460 ][info][gc,task     ] GC(85) Using 1 Workers for Young Generation
[2026-06-26T14:07:19.955-0300][797.182s][3772][6460 ][info][gc,phases   ] GC(85) y: Young Generation
[2026-06-26T14:07:19.955-0300][797.182s][3772][1692 ][info][gc,phases   ] GC(85) y: Pause Mark Start 0.013ms
[2026-06-26T14:07:20.045-0300][797.273s][3772][6460 ][info][gc,phases   ] GC(85) y: Concurrent Mark 90.697ms
[2026-06-26T14:07:20.045-0300][797.273s][3772][1692 ][info][gc,phases   ] GC(85) y: Pause Mark End 0.013ms
[2026-06-26T14:07:20.045-0300][797.273s][3772][6460 ][info][gc,phases   ] GC(85) y: Concurrent Mark Free 0.001ms
[2026-06-26T14:07:20.046-0300][797.273s][3772][6460 ][info][gc,phases   ] GC(85) y: Concurrent Reset Relocation Set 0.229ms
[2026-06-26T14:07:20.046-0300][797.273s][3772][6460 ][info][gc,reloc    ] GC(85) y: Using tenuring threshold: 6 (Computed)
[2026-06-26T14:07:20.050-0300][797.277s][3772][6460 ][info][gc,phases   ] GC(85) y: Concurrent Select Relocation Set 3.410ms
[2026-06-26T14:07:20.050-0300][797.277s][3772][1692 ][info][gc,phases   ] GC(85) y: Pause Relocate Start 0.010ms
[2026-06-26T14:07:20.067-0300][797.293s][3772][6460 ][info][gc,phases   ] GC(85) y: Concurrent Relocate 16.765ms
[2026-06-26T14:07:20.067-0300][797.294s][3772][6460 ][info][gc,alloc    ] GC(85) y:                         Mark Start        Mark End      Relocate Start    Relocate End   
[2026-06-26T14:07:20.067-0300][797.294s][3772][6460 ][info][gc,alloc    ] GC(85) y: Allocation Stalls:          0                0                0                0         
[2026-06-26T14:07:20.067-0300][797.294s][3772][6460 ][info][gc,load     ] GC(85) y: Load: 0.00 (0%) / 0.00 (0%) / 0.00 (0%)
[2026-06-26T14:07:20.067-0300][797.294s][3772][6460 ][info][gc,mmu      ] GC(85) y: MMU: 2ms/97.1%, 5ms/98.8%, 10ms/99.4%, 20ms/99.6%, 50ms/99.8%, 100ms/99.9%
[2026-06-26T14:07:20.067-0300][797.294s][3772][6460 ][info][gc,marking  ] GC(85) y: Mark: 1 stripe(s), 2 proactive flush(es), 1 terminate flush(es), 0 completion(s), 0 continuation(s) 
[2026-06-26T14:07:20.067-0300][797.294s][3772][6460 ][info][gc,nmethod  ] GC(85) y: NMethods: 13867 registered, 7366 unregistered
[2026-06-26T14:07:20.067-0300][797.294s][3772][6460 ][info][gc,metaspace] GC(85) y: Metaspace: 80M used, 83M committed, 1152M reserved
[2026-06-26T14:07:20.067-0300][797.294s][3772][6460 ][info][gc,reloc    ] GC(85) y:                        Candidates     Selected     In-Place         Size        Empty    Relocated 
[2026-06-26T14:07:20.067-0300][797.294s][3772][6460 ][info][gc,reloc    ] GC(85) y: Small Pages:                  518          256            0        1036M         502M           6M 
[2026-06-26T14:07:20.067-0300][797.294s][3772][6460 ][info][gc,reloc    ] GC(85) y: Medium Pages:                   0            0            0           0M           0M           0M 
[2026-06-26T14:07:20.067-0300][797.294s][3772][6460 ][info][gc,reloc    ] GC(85) y: Large Pages:                    0            0            0           0M           0M           0M 
[2026-06-26T14:07:20.067-0300][797.294s][3772][6460 ][info][gc,reloc    ] GC(85) y: Forwarding Usage: 4M
[2026-06-26T14:07:20.067-0300][797.294s][3772][6460 ][info][gc,reloc    ] GC(85) y: Age Table:
[2026-06-26T14:07:20.067-0300][797.294s][3772][6460 ][info][gc,reloc    ] GC(85) y:                    Live             Garbage             Small              Medium             Large        
[2026-06-26T14:07:20.067-0300][797.294s][3772][6460 ][info][gc,reloc    ] GC(85) y: Eden               3M (0%)          980M (32%)        492 / 241            0 / 0              0 / 0        
[2026-06-26T14:07:20.067-0300][797.294s][3772][6460 ][info][gc,reloc    ] GC(85) y: Survivor 1         2M (0%)            9M (0%)           6 / 3              0 / 0              0 / 0        
[2026-06-26T14:07:20.067-0300][797.294s][3772][6460 ][info][gc,reloc    ] GC(85) y: Survivor 2         3M (0%)            8M (0%)           6 / 3              0 / 0              0 / 0        
[2026-06-26T14:07:20.067-0300][797.294s][3772][6460 ][info][gc,reloc    ] GC(85) y: Survivor 3         1M (0%)            6M (0%)           4 / 2              0 / 0              0 / 0        
[2026-06-26T14:07:20.067-0300][797.294s][3772][6460 ][info][gc,reloc    ] GC(85) y: Survivor 4         0M (0%)            5M (0%)           3 / 3              0 / 0              0 / 0        
[2026-06-26T14:07:20.067-0300][797.294s][3772][6460 ][info][gc,reloc    ] GC(85) y: Survivor 5         2M (0%)            3M (0%)           3 / 3              0 / 0              0 / 0        
[2026-06-26T14:07:20.067-0300][797.294s][3772][6460 ][info][gc,reloc    ] GC(85) y: Survivor 6         3M (0%)            4M (0%)           4 / 1              0 / 0              0 / 0        
[2026-06-26T14:07:20.067-0300][797.294s][3772][6460 ][info][gc,heap     ] GC(85) y: Min Capacity: 8M(0%)
[2026-06-26T14:07:20.067-0300][797.294s][3772][6460 ][info][gc,heap     ] GC(85) y: Max Capacity: 3072M(100%)
[2026-06-26T14:07:20.067-0300][797.294s][3772][6460 ][info][gc,heap     ] GC(85) y: Soft Max Capacity: 3072M(100%)
[2026-06-26T14:07:20.067-0300][797.294s][3772][6460 ][info][gc,heap     ] GC(85) y: Heap Statistics:
[2026-06-26T14:07:20.067-0300][797.294s][3772][6460 ][info][gc,heap     ] GC(85) y:                Mark Start          Mark End        Relocate Start      Relocate End           High               Low         
[2026-06-26T14:07:20.067-0300][797.294s][3772][6460 ][info][gc,heap     ] GC(85) y:  Capacity:     2976M (97%)        2976M (97%)        2976M (97%)        2976M (97%)        2976M (97%)        2976M (97%)    
[2026-06-26T14:07:20.067-0300][797.294s][3772][6460 ][info][gc,heap     ] GC(85) y:      Free:      190M (6%)          168M (5%)          670M (22%)        1158M (38%)        1158M (38%)         168M (5%)     
[2026-06-26T14:07:20.067-0300][797.294s][3772][6460 ][info][gc,heap     ] GC(85) y:      Used:     2882M (94%)        2904M (95%)        2402M (78%)        1914M (62%)        2904M (95%)        1914M (62%)    
[2026-06-26T14:07:20.067-0300][797.294s][3772][6460 ][info][gc,heap     ] GC(85) y: Young Generation Statistics:
[2026-06-26T14:07:20.067-0300][797.294s][3772][6460 ][info][gc,heap     ] GC(85) y:                Mark Start          Mark End        Relocate Start      Relocate End    
[2026-06-26T14:07:20.067-0300][797.294s][3772][6460 ][info][gc,heap     ] GC(85) y:      Used:     1036M (34%)        1058M (34%)         552M (18%)          62M (2%)     
[2026-06-26T14:07:20.067-0300][797.294s][3772][6460 ][info][gc,heap     ] GC(85) y:      Live:         -                17M (1%)           14M (0%)           13M (0%)     
[2026-06-26T14:07:20.067-0300][797.294s][3772][6460 ][info][gc,heap     ] GC(85) y:   Garbage:         -              1018M (33%)         515M (17%)           1M (0%)     
[2026-06-26T14:07:20.067-0300][797.294s][3772][6460 ][info][gc,heap     ] GC(85) y: Allocated:         -                22M (1%)           22M (1%)           46M (2%)     
[2026-06-26T14:07:20.067-0300][797.294s][3772][6460 ][info][gc,heap     ] GC(85) y: Reclaimed:         -                  -               502M (16%)        1016M (33%)    
[2026-06-26T14:07:20.067-0300][797.294s][3772][6460 ][info][gc,heap     ] GC(85) y:  Promoted:         -                  -                 3M (0%)            3M (0%)     
[2026-06-26T14:07:20.067-0300][797.294s][3772][6460 ][info][gc,heap     ] GC(85) y: Compacted:         -                  -                  -                 9M (0%)     
[2026-06-26T14:07:20.067-0300][797.294s][3772][6460 ][info][gc,phases   ] GC(85) y: Young Generation 2882M(94%)->1914M(62%) 0.112s
[2026-06-26T14:07:20.067-0300][797.294s][3772][6460 ][info][gc          ] GC(85) Minor Collection (High Usage) 2882M(94%)->1914M(62%) 0.112s
[2026-06-26T14:07:46.339-0300][823.565s][3772][6460 ][info][gc          ] GC(86) Minor Collection (High Usage)
[2026-06-26T14:07:46.339-0300][823.565s][3772][6460 ][info][gc,task     ] GC(86) Using 1 Workers for Young Generation
[2026-06-26T14:07:46.339-0300][823.566s][3772][6460 ][info][gc,phases   ] GC(86) y: Young Generation
[2026-06-26T14:07:46.339-0300][823.566s][3772][1692 ][info][gc,phases   ] GC(86) y: Pause Mark Start 0.016ms
[2026-06-26T14:07:46.415-0300][823.643s][3772][6460 ][info][gc,phases   ] GC(86) y: Concurrent Mark 77.267ms
[2026-06-26T14:07:46.415-0300][823.643s][3772][1692 ][info][gc,phases   ] GC(86) y: Pause Mark End 0.012ms
[2026-06-26T14:07:46.415-0300][823.643s][3772][6460 ][info][gc,phases   ] GC(86) y: Concurrent Mark Free 0.001ms
[2026-06-26T14:07:46.417-0300][823.643s][3772][6460 ][info][gc,phases   ] GC(86) y: Concurrent Reset Relocation Set 0.336ms
[2026-06-26T14:07:46.417-0300][823.643s][3772][6460 ][info][gc,reloc    ] GC(86) y: Using tenuring threshold: 7 (Computed)
[2026-06-26T14:07:46.417-0300][823.644s][3772][6460 ][info][gc,phases   ] GC(86) y: Concurrent Select Relocation Set 0.582ms
[2026-06-26T14:07:46.417-0300][823.644s][3772][1692 ][info][gc,phases   ] GC(86) y: Pause Relocate Start 0.006ms
[2026-06-26T14:07:46.434-0300][823.660s][3772][6460 ][info][gc,phases   ] GC(86) y: Concurrent Relocate 16.278ms
[2026-06-26T14:07:46.434-0300][823.660s][3772][6460 ][info][gc,alloc    ] GC(86) y:                         Mark Start        Mark End      Relocate Start    Relocate End   
[2026-06-26T14:07:46.434-0300][823.660s][3772][6460 ][info][gc,alloc    ] GC(86) y: Allocation Stalls:          0                0                0                0         
[2026-06-26T14:07:46.434-0300][823.660s][3772][6460 ][info][gc,load     ] GC(86) y: Load: 0.00 (0%) / 0.00 (0%) / 0.00 (0%)
[2026-06-26T14:07:46.434-0300][823.660s][3772][6460 ][info][gc,mmu      ] GC(86) y: MMU: 2ms/97.1%, 5ms/98.8%, 10ms/99.4%, 20ms/99.6%, 50ms/99.8%, 100ms/99.9%
[2026-06-26T14:07:46.434-0300][823.660s][3772][6460 ][info][gc,marking  ] GC(86) y: Mark: 1 stripe(s), 2 proactive flush(es), 1 terminate flush(es), 0 completion(s), 0 continuation(s) 
[2026-06-26T14:07:46.434-0300][823.661s][3772][6460 ][info][gc,nmethod  ] GC(86) y: NMethods: 14229 registered, 7366 unregistered
[2026-06-26T14:07:46.434-0300][823.661s][3772][6460 ][info][gc,metaspace] GC(86) y: Metaspace: 81M used, 83M committed, 1152M reserved
[2026-06-26T14:07:46.434-0300][823.661s][3772][6460 ][info][gc,reloc    ] GC(86) y:                        Candidates     Selected     In-Place         Size        Empty    Relocated 
[2026-06-26T14:07:46.434-0300][823.661s][3772][6460 ][info][gc,reloc    ] GC(86) y: Small Pages:                  515          504            0        1030M           2M           4M 
[2026-06-26T14:07:46.434-0300][823.661s][3772][6460 ][info][gc,reloc    ] GC(86) y: Medium Pages:                   0            0            0           0M           0M           0M 
[2026-06-26T14:07:46.434-0300][823.661s][3772][6460 ][info][gc,reloc    ] GC(86) y: Large Pages:                    0            0            0           0M           0M           0M 
[2026-06-26T14:07:46.434-0300][823.661s][3772][6460 ][info][gc,reloc    ] GC(86) y: Forwarding Usage: 1M
[2026-06-26T14:07:46.434-0300][823.661s][3772][6460 ][info][gc,reloc    ] GC(86) y: Age Table:
[2026-06-26T14:07:46.434-0300][823.661s][3772][6460 ][info][gc,reloc    ] GC(86) y:                    Live             Garbage             Small              Medium             Large        
[2026-06-26T14:07:46.434-0300][823.661s][3772][6460 ][info][gc,reloc    ] GC(86) y: Eden               2M (0%)          987M (32%)        495 / 493            0 / 0              0 / 0        
[2026-06-26T14:07:46.434-0300][823.661s][3772][6460 ][info][gc,reloc    ] GC(86) y: Survivor 1         3M (0%)            2M (0%)           3 / 0              0 / 0              0 / 0        
[2026-06-26T14:07:46.434-0300][823.661s][3772][6460 ][info][gc,reloc    ] GC(86) y: Survivor 2         2M (0%)            5M (0%)           4 / 2              0 / 0              0 / 0        
[2026-06-26T14:07:46.434-0300][823.661s][3772][6460 ][info][gc,reloc    ] GC(86) y: Survivor 3         3M (0%)            2M (0%)           3 / 1              0 / 0              0 / 0        
[2026-06-26T14:07:46.434-0300][823.661s][3772][6460 ][info][gc,reloc    ] GC(86) y: Survivor 4         1M (0%)            4M (0%)           3 / 2              0 / 0              0 / 0        
[2026-06-26T14:07:46.434-0300][823.661s][3772][6460 ][info][gc,reloc    ] GC(86) y: Survivor 5         0M (0%)            5M (0%)           3 / 3              0 / 0              0 / 0        
[2026-06-26T14:07:46.434-0300][823.661s][3772][6460 ][info][gc,reloc    ] GC(86) y: Survivor 6         2M (0%)            5M (0%)           4 / 3              0 / 0              0 / 0        
[2026-06-26T14:07:46.434-0300][823.661s][3772][6460 ][info][gc,heap     ] GC(86) y: Min Capacity: 8M(0%)
[2026-06-26T14:07:46.434-0300][823.661s][3772][6460 ][info][gc,heap     ] GC(86) y: Max Capacity: 3072M(100%)
[2026-06-26T14:07:46.434-0300][823.661s][3772][6460 ][info][gc,heap     ] GC(86) y: Soft Max Capacity: 3072M(100%)
[2026-06-26T14:07:46.434-0300][823.661s][3772][6460 ][info][gc,heap     ] GC(86) y: Heap Statistics:
[2026-06-26T14:07:46.434-0300][823.661s][3772][6460 ][info][gc,heap     ] GC(86) y:                Mark Start          Mark End        Relocate Start      Relocate End           High               Low         
[2026-06-26T14:07:46.434-0300][823.661s][3772][6460 ][info][gc,heap     ] GC(86) y:  Capacity:     2976M (97%)        2976M (97%)        2976M (97%)        2976M (97%)        2976M (97%)        2976M (97%)    
[2026-06-26T14:07:46.434-0300][823.661s][3772][6460 ][info][gc,heap     ] GC(86) y:      Free:      190M (6%)          168M (5%)          170M (6%)         1142M (37%)        1142M (37%)         166M (5%)     
[2026-06-26T14:07:46.434-0300][823.661s][3772][6460 ][info][gc,heap     ] GC(86) y:      Used:     2882M (94%)        2904M (95%)        2902M (94%)        1930M (63%)        2906M (95%)        1930M (63%)    
[2026-06-26T14:07:46.434-0300][823.661s][3772][6460 ][info][gc,heap     ] GC(86) y: Young Generation Statistics:
[2026-06-26T14:07:46.434-0300][823.661s][3772][6460 ][info][gc,heap     ] GC(86) y:                Mark Start          Mark End        Relocate Start      Relocate End    
[2026-06-26T14:07:46.434-0300][823.661s][3772][6460 ][info][gc,heap     ] GC(86) y:      Used:     1030M (34%)        1052M (34%)        1050M (34%)          78M (3%)     
[2026-06-26T14:07:46.434-0300][823.661s][3772][6460 ][info][gc,heap     ] GC(86) y:      Live:         -                16M (1%)           16M (1%)           16M (1%)     
[2026-06-26T14:07:46.434-0300][823.661s][3772][6460 ][info][gc,heap     ] GC(86) y:   Garbage:         -              1013M (33%)        1011M (33%)           2M (0%)     
[2026-06-26T14:07:46.434-0300][823.661s][3772][6460 ][info][gc,heap     ] GC(86) y: Allocated:         -                22M (1%)           22M (1%)           59M (2%)     
[2026-06-26T14:07:46.434-0300][823.661s][3772][6460 ][info][gc,heap     ] GC(86) y: Reclaimed:         -                  -                 2M (0%)         1011M (33%)    
[2026-06-26T14:07:46.434-0300][823.661s][3772][6460 ][info][gc,heap     ] GC(86) y:  Promoted:         -                  -                 0M (0%)            0M (0%)     
[2026-06-26T14:07:46.434-0300][823.661s][3772][6460 ][info][gc,heap     ] GC(86) y: Compacted:         -                  -                  -                 4M (0%)     
[2026-06-26T14:07:46.434-0300][823.661s][3772][6460 ][info][gc,phases   ] GC(86) y: Young Generation 2882M(94%)->1930M(63%) 0.095s
[2026-06-26T14:07:46.434-0300][823.661s][3772][6460 ][info][gc          ] GC(86) Minor Collection (High Usage) 2882M(94%)->1930M(63%) 0.095s
[2026-06-26T14:07:49.190-0300][826.416s][3772][8628 ][info][gc,heap     ] Uncommitter (0) Uncommitted: 96M(3%) in 14.416ms
[2026-06-26T14:08:05.903-0300][843.130s][3772][6460 ][info][gc          ] GC(87) Minor Collection (High Usage)
[2026-06-26T14:08:05.903-0300][843.130s][3772][6460 ][info][gc,task     ] GC(87) Using 1 Workers for Young Generation
[2026-06-26T14:08:05.903-0300][843.130s][3772][6460 ][info][gc,phases   ] GC(87) y: Young Generation
[2026-06-26T14:08:05.903-0300][843.130s][3772][1692 ][info][gc,phases   ] GC(87) y: Pause Mark Start 0.010ms
[2026-06-26T14:08:05.982-0300][843.209s][3772][6460 ][info][gc,phases   ] GC(87) y: Concurrent Mark 78.702ms
[2026-06-26T14:08:05.982-0300][843.209s][3772][1692 ][info][gc,phases   ] GC(87) y: Pause Mark End 0.012ms
[2026-06-26T14:08:05.982-0300][843.209s][3772][6460 ][info][gc,phases   ] GC(87) y: Concurrent Mark Free 0.001ms
[2026-06-26T14:08:05.982-0300][843.209s][3772][6460 ][info][gc,phases   ] GC(87) y: Concurrent Reset Relocation Set 0.017ms
[2026-06-26T14:08:05.982-0300][843.209s][3772][6460 ][info][gc,reloc    ] GC(87) y: Using tenuring threshold: 6 (Computed)
[2026-06-26T14:08:05.984-0300][843.212s][3772][6460 ][info][gc,phases   ] GC(87) y: Concurrent Select Relocation Set 2.665ms
[2026-06-26T14:08:05.985-0300][843.212s][3772][1692 ][info][gc,phases   ] GC(87) y: Pause Relocate Start 0.010ms
[2026-06-26T14:08:06.002-0300][843.230s][3772][6460 ][info][gc,phases   ] GC(87) y: Concurrent Relocate 17.729ms
[2026-06-26T14:08:06.002-0300][843.230s][3772][6460 ][info][gc,alloc    ] GC(87) y:                         Mark Start        Mark End      Relocate Start    Relocate End   
[2026-06-26T14:08:06.002-0300][843.230s][3772][6460 ][info][gc,alloc    ] GC(87) y: Allocation Stalls:          0                0                0                0         
[2026-06-26T14:08:06.002-0300][843.230s][3772][6460 ][info][gc,load     ] GC(87) y: Load: 0.00 (0%) / 0.00 (0%) / 0.00 (0%)
[2026-06-26T14:08:06.002-0300][843.230s][3772][6460 ][info][gc,mmu      ] GC(87) y: MMU: 2ms/97.1%, 5ms/98.8%, 10ms/99.4%, 20ms/99.6%, 50ms/99.8%, 100ms/99.9%
[2026-06-26T14:08:06.002-0300][843.230s][3772][6460 ][info][gc,marking  ] GC(87) y: Mark: 1 stripe(s), 2 proactive flush(es), 1 terminate flush(es), 0 completion(s), 0 continuation(s) 
[2026-06-26T14:08:06.002-0300][843.230s][3772][6460 ][info][gc,nmethod  ] GC(87) y: NMethods: 14283 registered, 7366 unregistered
[2026-06-26T14:08:06.002-0300][843.230s][3772][6460 ][info][gc,metaspace] GC(87) y: Metaspace: 81M used, 83M committed, 1152M reserved
[2026-06-26T14:08:06.002-0300][843.230s][3772][6460 ][info][gc,reloc    ] GC(87) y:                        Candidates     Selected     In-Place         Size        Empty    Relocated 
[2026-06-26T14:08:06.002-0300][843.230s][3772][6460 ][info][gc,reloc    ] GC(87) y: Small Pages:                  515          302            0        1030M         406M           5M 
[2026-06-26T14:08:06.002-0300][843.230s][3772][6460 ][info][gc,reloc    ] GC(87) y: Medium Pages:                   0            0            0           0M           0M           0M 
[2026-06-26T14:08:06.002-0300][843.230s][3772][6460 ][info][gc,reloc    ] GC(87) y: Large Pages:                    0            0            0           0M           0M           0M 
[2026-06-26T14:08:06.002-0300][843.230s][3772][6460 ][info][gc,reloc    ] GC(87) y: Forwarding Usage: 3M
[2026-06-26T14:08:06.002-0300][843.230s][3772][6460 ][info][gc,reloc    ] GC(87) y: Age Table:
[2026-06-26T14:08:06.002-0300][843.230s][3772][6460 ][info][gc,reloc    ] GC(87) y:                    Live             Garbage             Small              Medium             Large        
[2026-06-26T14:08:06.002-0300][843.230s][3772][6460 ][info][gc,reloc    ] GC(87) y: Eden               2M (0%)          971M (32%)        487 / 285            0 / 0              0 / 0        
[2026-06-26T14:08:06.002-0300][843.230s][3772][6460 ][info][gc,reloc    ] GC(87) y: Survivor 1         1M (0%)           12M (0%)           7 / 3              0 / 0              0 / 0        
[2026-06-26T14:08:06.002-0300][843.230s][3772][6460 ][info][gc,reloc    ] GC(87) y: Survivor 2         2M (0%)            5M (0%)           4 / 2              0 / 0              0 / 0        
[2026-06-26T14:08:06.002-0300][843.230s][3772][6460 ][info][gc,reloc    ] GC(87) y: Survivor 3         2M (0%)            1M (0%)           2 / 1              0 / 0              0 / 0        
[2026-06-26T14:08:06.002-0300][843.230s][3772][6460 ][info][gc,reloc    ] GC(87) y: Survivor 4         3M (0%)            6M (0%)           5 / 3              0 / 0              0 / 0        
[2026-06-26T14:08:06.002-0300][843.230s][3772][6460 ][info][gc,reloc    ] GC(87) y: Survivor 5         1M (0%)            6M (0%)           4 / 4              0 / 0              0 / 0        
[2026-06-26T14:08:06.002-0300][843.230s][3772][6460 ][info][gc,reloc    ] GC(87) y: Survivor 6         0M (0%)            5M (0%)           3 / 3              0 / 0              0 / 0        
[2026-06-26T14:08:06.002-0300][843.230s][3772][6460 ][info][gc,reloc    ] GC(87) y: Survivor 7         2M (0%)            3M (0%)           3 / 1              0 / 0              0 / 0        
[2026-06-26T14:08:06.002-0300][843.230s][3772][6460 ][info][gc,heap     ] GC(87) y: Min Capacity: 8M(0%)
[2026-06-26T14:08:06.002-0300][843.230s][3772][6460 ][info][gc,heap     ] GC(87) y: Max Capacity: 3072M(100%)
[2026-06-26T14:08:06.003-0300][843.230s][3772][6460 ][info][gc,heap     ] GC(87) y: Soft Max Capacity: 3072M(100%)
[2026-06-26T14:08:06.003-0300][843.230s][3772][6460 ][info][gc,heap     ] GC(87) y: Heap Statistics:
[2026-06-26T14:08:06.003-0300][843.230s][3772][6460 ][info][gc,heap     ] GC(87) y:                Mark Start          Mark End        Relocate Start      Relocate End           High               Low         
[2026-06-26T14:08:06.003-0300][843.230s][3772][6460 ][info][gc,heap     ] GC(87) y:  Capacity:     2976M (97%)        2976M (97%)        2976M (97%)        2976M (97%)        2976M (97%)        2976M (97%)    
[2026-06-26T14:08:06.003-0300][843.230s][3772][6460 ][info][gc,heap     ] GC(87) y:      Free:      190M (6%)          170M (6%)          574M (19%)        1134M (37%)        1134M (37%)         170M (6%)     
[2026-06-26T14:08:06.003-0300][843.230s][3772][6460 ][info][gc,heap     ] GC(87) y:      Used:     2882M (94%)        2902M (94%)        2498M (81%)        1938M (63%)        2902M (94%)        1938M (63%)    
[2026-06-26T14:08:06.003-0300][843.230s][3772][6460 ][info][gc,heap     ] GC(87) y: Young Generation Statistics:
[2026-06-26T14:08:06.003-0300][843.230s][3772][6460 ][info][gc,heap     ] GC(87) y:                Mark Start          Mark End        Relocate Start      Relocate End    
[2026-06-26T14:08:06.003-0300][843.230s][3772][6460 ][info][gc,heap     ] GC(87) y:      Used:     1030M (34%)        1050M (34%)         644M (21%)          78M (3%)     
[2026-06-26T14:08:06.003-0300][843.230s][3772][6460 ][info][gc,heap     ] GC(87) y:      Live:         -                16M (1%)           14M (0%)           13M (0%)     
[2026-06-26T14:08:06.003-0300][843.230s][3772][6460 ][info][gc,heap     ] GC(87) y:   Garbage:         -              1013M (33%)         607M (20%)           1M (0%)     
[2026-06-26T14:08:06.003-0300][843.230s][3772][6460 ][info][gc,heap     ] GC(87) y: Allocated:         -                20M (1%)           22M (1%)           62M (2%)     
[2026-06-26T14:08:06.003-0300][843.230s][3772][6460 ][info][gc,heap     ] GC(87) y: Reclaimed:         -                  -               406M (13%)        1011M (33%)    
[2026-06-26T14:08:06.003-0300][843.230s][3772][6460 ][info][gc,heap     ] GC(87) y:  Promoted:         -                  -                 1M (0%)            3M (0%)     
[2026-06-26T14:08:06.003-0300][843.230s][3772][6460 ][info][gc,heap     ] GC(87) y: Compacted:         -                  -                  -                 7M (0%)     
[2026-06-26T14:08:06.003-0300][843.230s][3772][6460 ][info][gc,phases   ] GC(87) y: Young Generation 2882M(94%)->1938M(63%) 0.100s
[2026-06-26T14:08:06.003-0300][843.230s][3772][6460 ][info][gc          ] GC(87) Minor Collection (High Usage) 2882M(94%)->1938M(63%) 0.100s
[2026-06-26T14:08:24.580-0300][861.807s][3772][6460 ][info][gc          ] GC(88) Minor Collection (High Usage)
[2026-06-26T14:08:24.580-0300][861.807s][3772][6460 ][info][gc,task     ] GC(88) Using 1 Workers for Young Generation
[2026-06-26T14:08:24.580-0300][861.807s][3772][6460 ][info][gc,phases   ] GC(88) y: Young Generation
[2026-06-26T14:08:24.580-0300][861.807s][3772][1692 ][info][gc,phases   ] GC(88) y: Pause Mark Start 0.009ms
[2026-06-26T14:08:24.674-0300][861.901s][3772][6460 ][info][gc,phases   ] GC(88) y: Concurrent Mark 93.965ms
[2026-06-26T14:08:24.674-0300][861.901s][3772][1692 ][info][gc,phases   ] GC(88) y: Pause Mark End 0.013ms
[2026-06-26T14:08:24.674-0300][861.901s][3772][6460 ][info][gc,phases   ] GC(88) y: Concurrent Mark Free 0.003ms
[2026-06-26T14:08:24.674-0300][861.901s][3772][6460 ][info][gc,phases   ] GC(88) y: Concurrent Reset Relocation Set 0.279ms
[2026-06-26T14:08:24.674-0300][861.901s][3772][6460 ][info][gc,reloc    ] GC(88) y: Using tenuring threshold: 7 (Computed)
[2026-06-26T14:08:24.675-0300][861.902s][3772][6460 ][info][gc,phases   ] GC(88) y: Concurrent Select Relocation Set 0.449ms
[2026-06-26T14:08:24.675-0300][861.902s][3772][1692 ][info][gc,phases   ] GC(88) y: Pause Relocate Start 0.006ms
[2026-06-26T14:08:24.691-0300][861.917s][3772][6460 ][info][gc,phases   ] GC(88) y: Concurrent Relocate 15.592ms
[2026-06-26T14:08:24.691-0300][861.917s][3772][6460 ][info][gc,alloc    ] GC(88) y:                         Mark Start        Mark End      Relocate Start    Relocate End   
[2026-06-26T14:08:24.691-0300][861.917s][3772][6460 ][info][gc,alloc    ] GC(88) y: Allocation Stalls:          0                0                0                0         
[2026-06-26T14:08:24.691-0300][861.917s][3772][6460 ][info][gc,load     ] GC(88) y: Load: 0.00 (0%) / 0.00 (0%) / 0.00 (0%)
[2026-06-26T14:08:24.691-0300][861.918s][3772][6460 ][info][gc,mmu      ] GC(88) y: MMU: 2ms/97.1%, 5ms/98.8%, 10ms/99.4%, 20ms/99.6%, 50ms/99.8%, 100ms/99.9%
[2026-06-26T14:08:24.691-0300][861.918s][3772][6460 ][info][gc,marking  ] GC(88) y: Mark: 1 stripe(s), 2 proactive flush(es), 1 terminate flush(es), 0 completion(s), 0 continuation(s) 
[2026-06-26T14:08:24.691-0300][861.918s][3772][6460 ][info][gc,nmethod  ] GC(88) y: NMethods: 14316 registered, 7366 unregistered
[2026-06-26T14:08:24.691-0300][861.918s][3772][6460 ][info][gc,metaspace] GC(88) y: Metaspace: 81M used, 83M committed, 1152M reserved
[2026-06-26T14:08:24.691-0300][861.918s][3772][6460 ][info][gc,reloc    ] GC(88) y:                        Candidates     Selected     In-Place         Size        Empty    Relocated 
[2026-06-26T14:08:24.691-0300][861.918s][3772][6460 ][info][gc,reloc    ] GC(88) y: Small Pages:                  511          341            0        1022M         322M           4M 
[2026-06-26T14:08:24.691-0300][861.918s][3772][6460 ][info][gc,reloc    ] GC(88) y: Medium Pages:                   0            0            0           0M           0M           0M 
[2026-06-26T14:08:24.691-0300][861.918s][3772][6460 ][info][gc,reloc    ] GC(88) y: Large Pages:                    0            0            0           0M           0M           0M 
[2026-06-26T14:08:24.691-0300][861.918s][3772][6460 ][info][gc,reloc    ] GC(88) y: Forwarding Usage: 3M
[2026-06-26T14:08:24.691-0300][861.918s][3772][6460 ][info][gc,reloc    ] GC(88) y: Age Table:
[2026-06-26T14:08:24.691-0300][861.918s][3772][6460 ][info][gc,reloc    ] GC(88) y:                    Live             Garbage             Small              Medium             Large        
[2026-06-26T14:08:24.691-0300][861.918s][3772][6460 ][info][gc,reloc    ] GC(88) y: Eden               3M (0%)          964M (31%)        484 / 322            0 / 0              0 / 0        
[2026-06-26T14:08:24.691-0300][861.918s][3772][6460 ][info][gc,reloc    ] GC(88) y: Survivor 1         1M (0%)           10M (0%)           6 / 4              0 / 0              0 / 0        
[2026-06-26T14:08:24.691-0300][861.918s][3772][6460 ][info][gc,reloc    ] GC(88) y: Survivor 2         1M (0%)            2M (0%)           2 / 1              0 / 0              0 / 0        
[2026-06-26T14:08:24.691-0300][861.918s][3772][6460 ][info][gc,reloc    ] GC(88) y: Survivor 3         1M (0%)            8M (0%)           5 / 4              0 / 0              0 / 0        
[2026-06-26T14:08:24.691-0300][861.918s][3772][6460 ][info][gc,reloc    ] GC(88) y: Survivor 4         1M (0%)            8M (0%)           5 / 5              0 / 0              0 / 0        
[2026-06-26T14:08:24.691-0300][861.918s][3772][6460 ][info][gc,reloc    ] GC(88) y: Survivor 5         3M (0%)            6M (0%)           5 / 2              0 / 0              0 / 0        
[2026-06-26T14:08:24.691-0300][861.918s][3772][6460 ][info][gc,reloc    ] GC(88) y: Survivor 6         1M (0%)            6M (0%)           4 / 3              0 / 0              0 / 0        
[2026-06-26T14:08:24.691-0300][861.918s][3772][6460 ][info][gc,heap     ] GC(88) y: Min Capacity: 8M(0%)
[2026-06-26T14:08:24.691-0300][861.918s][3772][6460 ][info][gc,heap     ] GC(88) y: Max Capacity: 3072M(100%)
[2026-06-26T14:08:24.691-0300][861.918s][3772][6460 ][info][gc,heap     ] GC(88) y: Soft Max Capacity: 3072M(100%)
[2026-06-26T14:08:24.691-0300][861.918s][3772][6460 ][info][gc,heap     ] GC(88) y: Heap Statistics:
[2026-06-26T14:08:24.691-0300][861.918s][3772][6460 ][info][gc,heap     ] GC(88) y:                Mark Start          Mark End        Relocate Start      Relocate End           High               Low         
[2026-06-26T14:08:24.691-0300][861.918s][3772][6460 ][info][gc,heap     ] GC(88) y:  Capacity:     2976M (97%)        2976M (97%)        2976M (97%)        2976M (97%)        2976M (97%)        2976M (97%)    
[2026-06-26T14:08:24.691-0300][861.918s][3772][6460 ][info][gc,heap     ] GC(88) y:      Free:      190M (6%)          170M (6%)          492M (16%)        1140M (37%)        1140M (37%)         170M (6%)     
[2026-06-26T14:08:24.691-0300][861.918s][3772][6460 ][info][gc,heap     ] GC(88) y:      Used:     2882M (94%)        2902M (94%)        2580M (84%)        1932M (63%)        2902M (94%)        1932M (63%)    
[2026-06-26T14:08:24.691-0300][861.918s][3772][6460 ][info][gc,heap     ] GC(88) y: Young Generation Statistics:
[2026-06-26T14:08:24.691-0300][861.918s][3772][6460 ][info][gc,heap     ] GC(88) y:                Mark Start          Mark End        Relocate Start      Relocate End    
[2026-06-26T14:08:24.691-0300][861.918s][3772][6460 ][info][gc,heap     ] GC(88) y:      Used:     1022M (33%)        1042M (34%)         720M (23%)          72M (2%)     
[2026-06-26T14:08:24.691-0300][861.918s][3772][6460 ][info][gc,heap     ] GC(88) y:      Live:         -                13M (0%)           13M (0%)           13M (0%)     
[2026-06-26T14:08:24.691-0300][861.918s][3772][6460 ][info][gc,heap     ] GC(88) y:   Garbage:         -              1008M (33%)         686M (22%)           2M (0%)     
[2026-06-26T14:08:24.691-0300][861.918s][3772][6460 ][info][gc,heap     ] GC(88) y: Allocated:         -                20M (1%)           20M (1%)           55M (2%)     
[2026-06-26T14:08:24.691-0300][861.918s][3772][6460 ][info][gc,heap     ] GC(88) y: Reclaimed:         -                  -               322M (10%)        1005M (33%)    
[2026-06-26T14:08:24.691-0300][861.918s][3772][6460 ][info][gc,heap     ] GC(88) y:  Promoted:         -                  -                 0M (0%)            0M (0%)     
[2026-06-26T14:08:24.691-0300][861.918s][3772][6460 ][info][gc,heap     ] GC(88) y: Compacted:         -                  -                  -                 8M (0%)     
[2026-06-26T14:08:24.691-0300][861.918s][3772][6460 ][info][gc,phases   ] GC(88) y: Young Generation 2882M(94%)->1932M(63%) 0.111s
[2026-06-26T14:08:24.691-0300][861.918s][3772][6460 ][info][gc          ] GC(88) Minor Collection (High Usage) 2882M(94%)->1932M(63%) 0.111s
[2026-06-26T14:08:41.984-0300][879.210s][3772][6460 ][info][gc          ] GC(89) Minor Collection (High Usage)
[2026-06-26T14:08:41.984-0300][879.210s][3772][6460 ][info][gc,task     ] GC(89) Using 1 Workers for Young Generation
[2026-06-26T14:08:41.984-0300][879.210s][3772][6460 ][info][gc,phases   ] GC(89) y: Young Generation
[2026-06-26T14:08:41.984-0300][879.211s][3772][1692 ][info][gc,phases   ] GC(89) y: Pause Mark Start 0.013ms
[2026-06-26T14:08:42.073-0300][879.299s][3772][6460 ][info][gc,phases   ] GC(89) y: Concurrent Mark 88.767ms
[2026-06-26T14:08:42.073-0300][879.299s][3772][1692 ][info][gc,phases   ] GC(89) y: Pause Mark End 0.013ms
[2026-06-26T14:08:42.073-0300][879.299s][3772][6460 ][info][gc,phases   ] GC(89) y: Concurrent Mark Free 0.003ms
[2026-06-26T14:08:42.073-0300][879.300s][3772][6460 ][info][gc,phases   ] GC(89) y: Concurrent Reset Relocation Set 0.012ms
[2026-06-26T14:08:42.073-0300][879.300s][3772][6460 ][info][gc,reloc    ] GC(89) y: Using tenuring threshold: 7 (Computed)
[2026-06-26T14:08:42.075-0300][879.302s][3772][6460 ][info][gc,phases   ] GC(89) y: Concurrent Select Relocation Set 1.986ms
[2026-06-26T14:08:42.075-0300][879.302s][3772][1692 ][info][gc,phases   ] GC(89) y: Pause Relocate Start 0.005ms
[2026-06-26T14:08:42.095-0300][879.322s][3772][6460 ][info][gc,phases   ] GC(89) y: Concurrent Relocate 19.980ms
[2026-06-26T14:08:42.095-0300][879.322s][3772][6460 ][info][gc,alloc    ] GC(89) y:                         Mark Start        Mark End      Relocate Start    Relocate End   
[2026-06-26T14:08:42.095-0300][879.322s][3772][6460 ][info][gc,alloc    ] GC(89) y: Allocation Stalls:          0                0                0                0         
[2026-06-26T14:08:42.095-0300][879.322s][3772][6460 ][info][gc,load     ] GC(89) y: Load: 0.00 (0%) / 0.00 (0%) / 0.00 (0%)
[2026-06-26T14:08:42.095-0300][879.322s][3772][6460 ][info][gc,mmu      ] GC(89) y: MMU: 2ms/97.1%, 5ms/98.8%, 10ms/99.4%, 20ms/99.6%, 50ms/99.8%, 100ms/99.9%
[2026-06-26T14:08:42.095-0300][879.322s][3772][6460 ][info][gc,marking  ] GC(89) y: Mark: 1 stripe(s), 2 proactive flush(es), 1 terminate flush(es), 0 completion(s), 0 continuation(s) 
[2026-06-26T14:08:42.095-0300][879.322s][3772][6460 ][info][gc,nmethod  ] GC(89) y: NMethods: 14349 registered, 7366 unregistered
[2026-06-26T14:08:42.095-0300][879.322s][3772][6460 ][info][gc,metaspace] GC(89) y: Metaspace: 81M used, 83M committed, 1152M reserved
[2026-06-26T14:08:42.095-0300][879.322s][3772][6460 ][info][gc,reloc    ] GC(89) y:                        Candidates     Selected     In-Place         Size        Empty    Relocated 
[2026-06-26T14:08:42.095-0300][879.322s][3772][6460 ][info][gc,reloc    ] GC(89) y: Small Pages:                  511          489            0        1022M          26M           4M 
[2026-06-26T14:08:42.095-0300][879.322s][3772][6460 ][info][gc,reloc    ] GC(89) y: Medium Pages:                   0            0            0           0M           0M           0M 
[2026-06-26T14:08:42.095-0300][879.322s][3772][6460 ][info][gc,reloc    ] GC(89) y: Large Pages:                    0            0            0           0M           0M           0M 
[2026-06-26T14:08:42.095-0300][879.322s][3772][6460 ][info][gc,reloc    ] GC(89) y: Forwarding Usage: 3M
[2026-06-26T14:08:42.095-0300][879.322s][3772][6460 ][info][gc,reloc    ] GC(89) y: Age Table:
[2026-06-26T14:08:42.095-0300][879.322s][3772][6460 ][info][gc,reloc    ] GC(89) y:                    Live             Garbage             Small              Medium             Large        
[2026-06-26T14:08:42.095-0300][879.322s][3772][6460 ][info][gc,reloc    ] GC(89) y: Eden               2M (0%)          969M (32%)        486 / 473            0 / 0              0 / 0        
[2026-06-26T14:08:42.095-0300][879.322s][3772][6460 ][info][gc,reloc    ] GC(89) y: Survivor 1         2M (0%)            7M (0%)           5 / 5              0 / 0              0 / 0        
[2026-06-26T14:08:42.095-0300][879.322s][3772][6460 ][info][gc,reloc    ] GC(89) y: Survivor 2         1M (0%)            4M (0%)           3 / 2              0 / 0              0 / 0        
[2026-06-26T14:08:42.095-0300][879.322s][3772][6460 ][info][gc,reloc    ] GC(89) y: Survivor 3         1M (0%)            2M (0%)           2 / 1              0 / 0              0 / 0        
[2026-06-26T14:08:42.095-0300][879.322s][3772][6460 ][info][gc,reloc    ] GC(89) y: Survivor 4         1M (0%)            4M (0%)           3 / 2              0 / 0              0 / 0        
[2026-06-26T14:08:42.095-0300][879.322s][3772][6460 ][info][gc,reloc    ] GC(89) y: Survivor 5         1M (0%)            4M (0%)           3 / 2              0 / 0              0 / 0        
[2026-06-26T14:08:42.095-0300][879.322s][3772][6460 ][info][gc,reloc    ] GC(89) y: Survivor 6         3M (0%)            6M (0%)           5 / 1              0 / 0              0 / 0        
[2026-06-26T14:08:42.095-0300][879.322s][3772][6460 ][info][gc,reloc    ] GC(89) y: Survivor 7         1M (0%)            6M (0%)           4 / 3              0 / 0              0 / 0        
[2026-06-26T14:08:42.095-0300][879.322s][3772][6460 ][info][gc,heap     ] GC(89) y: Min Capacity: 8M(0%)
[2026-06-26T14:08:42.095-0300][879.322s][3772][6460 ][info][gc,heap     ] GC(89) y: Max Capacity: 3072M(100%)
[2026-06-26T14:08:42.095-0300][879.322s][3772][6460 ][info][gc,heap     ] GC(89) y: Soft Max Capacity: 3072M(100%)
[2026-06-26T14:08:42.095-0300][879.322s][3772][6460 ][info][gc,heap     ] GC(89) y: Heap Statistics:
[2026-06-26T14:08:42.095-0300][879.322s][3772][6460 ][info][gc,heap     ] GC(89) y:                Mark Start          Mark End        Relocate Start      Relocate End           High               Low         
[2026-06-26T14:08:42.095-0300][879.322s][3772][6460 ][info][gc,heap     ] GC(89) y:  Capacity:     2976M (97%)        2976M (97%)        2976M (97%)        2976M (97%)        2976M (97%)        2976M (97%)    
[2026-06-26T14:08:42.095-0300][879.322s][3772][6460 ][info][gc,heap     ] GC(89) y:      Free:      190M (6%)          166M (5%)          192M (6%)         1126M (37%)        1128M (37%)         166M (5%)     
[2026-06-26T14:08:42.095-0300][879.322s][3772][6460 ][info][gc,heap     ] GC(89) y:      Used:     2882M (94%)        2906M (95%)        2880M (94%)        1946M (63%)        2906M (95%)        1944M (63%)    
[2026-06-26T14:08:42.095-0300][879.322s][3772][6460 ][info][gc,heap     ] GC(89) y: Young Generation Statistics:
[2026-06-26T14:08:42.095-0300][879.322s][3772][6460 ][info][gc,heap     ] GC(89) y:                Mark Start          Mark End        Relocate Start      Relocate End    
[2026-06-26T14:08:42.095-0300][879.322s][3772][6460 ][info][gc,heap     ] GC(89) y:      Used:     1022M (33%)        1046M (34%)        1018M (33%)          82M (3%)     
[2026-06-26T14:08:42.095-0300][879.322s][3772][6460 ][info][gc,heap     ] GC(89) y:      Live:         -                14M (0%)           13M (0%)           13M (0%)     
[2026-06-26T14:08:42.095-0300][879.322s][3772][6460 ][info][gc,heap     ] GC(89) y:   Garbage:         -              1007M (33%)         980M (32%)           1M (0%)     
[2026-06-26T14:08:42.095-0300][879.322s][3772][6460 ][info][gc,heap     ] GC(89) y: Allocated:         -                24M (1%)           24M (1%)           67M (2%)     
[2026-06-26T14:08:42.095-0300][879.322s][3772][6460 ][info][gc,heap     ] GC(89) y: Reclaimed:         -                  -                26M (1%)         1005M (33%)    
[2026-06-26T14:08:42.095-0300][879.322s][3772][6460 ][info][gc,heap     ] GC(89) y:  Promoted:         -                  -                 1M (0%)            1M (0%)     
[2026-06-26T14:08:42.095-0300][879.322s][3772][6460 ][info][gc,heap     ] GC(89) y: Compacted:         -                  -                  -                 8M (0%)     
[2026-06-26T14:08:42.095-0300][879.322s][3772][6460 ][info][gc,phases   ] GC(89) y: Young Generation 2882M(94%)->1946M(63%) 0.111s
[2026-06-26T14:08:42.095-0300][879.322s][3772][6460 ][info][gc          ] GC(89) Minor Collection (High Usage) 2882M(94%)->1946M(63%) 0.112s
[2026-06-26T14:08:55.959-0300][893.185s][3772][8616 ][info][gc          ] GC(90) Major Collection (Proactive)
[2026-06-26T14:08:55.959-0300][893.185s][3772][8616 ][info][gc,task     ] GC(90) Using 1 Workers for Young Generation
[2026-06-26T14:08:55.959-0300][893.185s][3772][8616 ][info][gc,task     ] GC(90) Using 1 Workers for Old Generation
[2026-06-26T14:08:55.959-0300][893.185s][3772][8616 ][info][gc,phases   ] GC(90) Y: Young Generation
[2026-06-26T14:08:55.959-0300][893.185s][3772][1692 ][info][gc,phases   ] GC(90) Y: Pause Mark Start (Major) 0.011ms
[2026-06-26T14:08:56.034-0300][893.261s][3772][8616 ][info][gc,phases   ] GC(90) Y: Concurrent Mark 75.636ms
[2026-06-26T14:08:56.034-0300][893.261s][3772][1692 ][info][gc,phases   ] GC(90) Y: Pause Mark End 0.012ms
[2026-06-26T14:08:56.034-0300][893.261s][3772][8616 ][info][gc,phases   ] GC(90) Y: Concurrent Mark Free 0.001ms
[2026-06-26T14:08:56.034-0300][893.261s][3772][8616 ][info][gc,phases   ] GC(90) Y: Concurrent Reset Relocation Set 0.291ms
[2026-06-26T14:08:56.034-0300][893.261s][3772][8616 ][info][gc,reloc    ] GC(90) Y: Using tenuring threshold: 7 (Computed)
[2026-06-26T14:08:56.037-0300][893.264s][3772][8616 ][info][gc,phases   ] GC(90) Y: Concurrent Select Relocation Set 2.815ms
[2026-06-26T14:08:56.037-0300][893.264s][3772][1692 ][info][gc,phases   ] GC(90) Y: Pause Relocate Start 0.011ms
[2026-06-26T14:08:56.057-0300][893.284s][3772][8616 ][info][gc,phases   ] GC(90) Y: Concurrent Relocate 19.625ms
[2026-06-26T14:08:56.057-0300][893.284s][3772][8616 ][info][gc,alloc    ] GC(90) Y:                         Mark Start        Mark End      Relocate Start    Relocate End   
[2026-06-26T14:08:56.057-0300][893.284s][3772][8616 ][info][gc,alloc    ] GC(90) Y: Allocation Stalls:          0                0                0                0         
[2026-06-26T14:08:56.057-0300][893.284s][3772][8616 ][info][gc,load     ] GC(90) Y: Load: 0.00 (0%) / 0.00 (0%) / 0.00 (0%)
[2026-06-26T14:08:56.057-0300][893.284s][3772][8616 ][info][gc,mmu      ] GC(90) Y: MMU: 2ms/97.1%, 5ms/98.8%, 10ms/99.4%, 20ms/99.6%, 50ms/99.8%, 100ms/99.9%
[2026-06-26T14:08:56.057-0300][893.284s][3772][8616 ][info][gc,marking  ] GC(90) Y: Mark: 1 stripe(s), 2 proactive flush(es), 1 terminate flush(es), 0 completion(s), 0 continuation(s) 
[2026-06-26T14:08:56.057-0300][893.284s][3772][8616 ][info][gc,nmethod  ] GC(90) Y: NMethods: 14415 registered, 7366 unregistered
[2026-06-26T14:08:56.057-0300][893.284s][3772][8616 ][info][gc,metaspace] GC(90) Y: Metaspace: 81M used, 83M committed, 1152M reserved
[2026-06-26T14:08:56.057-0300][893.284s][3772][8616 ][info][gc,reloc    ] GC(90) Y:                        Candidates     Selected     In-Place         Size        Empty    Relocated 
[2026-06-26T14:08:56.057-0300][893.284s][3772][8616 ][info][gc,reloc    ] GC(90) Y: Small Pages:                  373          359            0         746M          10M           5M 
[2026-06-26T14:08:56.057-0300][893.284s][3772][8616 ][info][gc,reloc    ] GC(90) Y: Medium Pages:                   0            0            0           0M           0M           0M 
[2026-06-26T14:08:56.057-0300][893.284s][3772][8616 ][info][gc,reloc    ] GC(90) Y: Large Pages:                    0            0            0           0M           0M           0M 
[2026-06-26T14:08:56.057-0300][893.284s][3772][8616 ][info][gc,reloc    ] GC(90) Y: Forwarding Usage: 3M
[2026-06-26T14:08:56.057-0300][893.284s][3772][8616 ][info][gc,reloc    ] GC(90) Y: Age Table:
[2026-06-26T14:08:56.057-0300][893.284s][3772][8616 ][info][gc,reloc    ] GC(90) Y:                    Live             Garbage             Small              Medium             Large        
[2026-06-26T14:08:56.057-0300][893.284s][3772][8616 ][info][gc,reloc    ] GC(90) Y: Eden               2M (0%)          685M (22%)        344 / 341            0 / 0              0 / 0        
[2026-06-26T14:08:56.057-0300][893.284s][3772][8616 ][info][gc,reloc    ] GC(90) Y: Survivor 1         1M (0%)            8M (0%)           5 / 3              0 / 0              0 / 0        
[2026-06-26T14:08:56.057-0300][893.284s][3772][8616 ][info][gc,reloc    ] GC(90) Y: Survivor 2         2M (0%)           11M (0%)           7 / 3              0 / 0              0 / 0        
[2026-06-26T14:08:56.057-0300][893.284s][3772][8616 ][info][gc,reloc    ] GC(90) Y: Survivor 3         1M (0%)            2M (0%)           2 / 2              0 / 0              0 / 0        
[2026-06-26T14:08:56.057-0300][893.284s][3772][8616 ][info][gc,reloc    ] GC(90) Y: Survivor 4         1M (0%)            6M (0%)           4 / 2              0 / 0              0 / 0        
[2026-06-26T14:08:56.057-0300][893.284s][3772][8616 ][info][gc,reloc    ] GC(90) Y: Survivor 5         1M (0%)            4M (0%)           3 / 2              0 / 0              0 / 0        
[2026-06-26T14:08:56.057-0300][893.284s][3772][8616 ][info][gc,reloc    ] GC(90) Y: Survivor 6         1M (0%)            4M (0%)           3 / 2              0 / 0              0 / 0        
[2026-06-26T14:08:56.057-0300][893.284s][3772][8616 ][info][gc,reloc    ] GC(90) Y: Survivor 7         3M (0%)            6M (0%)           5 / 4              0 / 0              0 / 0        
[2026-06-26T14:08:56.057-0300][893.284s][3772][8616 ][info][gc,heap     ] GC(90) Y: Min Capacity: 8M(0%)
[2026-06-26T14:08:56.057-0300][893.284s][3772][8616 ][info][gc,heap     ] GC(90) Y: Max Capacity: 3072M(100%)
[2026-06-26T14:08:56.057-0300][893.284s][3772][8616 ][info][gc,heap     ] GC(90) Y: Soft Max Capacity: 3072M(100%)
[2026-06-26T14:08:56.057-0300][893.284s][3772][8616 ][info][gc,heap     ] GC(90) Y: Heap Statistics:
[2026-06-26T14:08:56.057-0300][893.284s][3772][8616 ][info][gc,heap     ] GC(90) Y:                Mark Start          Mark End        Relocate Start      Relocate End           High               Low         
[2026-06-26T14:08:56.057-0300][893.284s][3772][8616 ][info][gc,heap     ] GC(90) Y:  Capacity:     2976M (97%)        2976M (97%)        2976M (97%)        2976M (97%)        2976M (97%)        2976M (97%)    
[2026-06-26T14:08:56.057-0300][893.284s][3772][8616 ][info][gc,heap     ] GC(90) Y:      Free:      462M (15%)         442M (14%)         452M (15%)        1134M (37%)        1134M (37%)         442M (14%)    
[2026-06-26T14:08:56.057-0300][893.284s][3772][8616 ][info][gc,heap     ] GC(90) Y:      Used:     2610M (85%)        2630M (86%)        2620M (85%)        1938M (63%)        2630M (86%)        1938M (63%)    
[2026-06-26T14:08:56.057-0300][893.284s][3772][8616 ][info][gc,heap     ] GC(90) Y: Young Generation Statistics:
[2026-06-26T14:08:56.057-0300][893.284s][3772][8616 ][info][gc,heap     ] GC(90) Y:                Mark Start          Mark End        Relocate Start      Relocate End    
[2026-06-26T14:08:56.057-0300][893.284s][3772][8616 ][info][gc,heap     ] GC(90) Y:      Used:      746M (24%)         766M (25%)         754M (25%)          66M (2%)     
[2026-06-26T14:08:56.057-0300][893.284s][3772][8616 ][info][gc,heap     ] GC(90) Y:      Live:         -                15M (0%)           13M (0%)           11M (0%)     
[2026-06-26T14:08:56.057-0300][893.284s][3772][8616 ][info][gc,heap     ] GC(90) Y:   Garbage:         -               730M (24%)         720M (23%)           0M (0%)     
[2026-06-26T14:08:56.057-0300][893.284s][3772][8616 ][info][gc,heap     ] GC(90) Y: Allocated:         -                20M (1%)           20M (1%)           53M (2%)     
[2026-06-26T14:08:56.057-0300][893.284s][3772][8616 ][info][gc,heap     ] GC(90) Y: Reclaimed:         -                  -                10M (0%)          729M (24%)    
[2026-06-26T14:08:56.057-0300][893.284s][3772][8616 ][info][gc,heap     ] GC(90) Y:  Promoted:         -                  -                 1M (0%)            3M (0%)     
[2026-06-26T14:08:56.057-0300][893.284s][3772][8616 ][info][gc,heap     ] GC(90) Y: Compacted:         -                  -                  -                 6M (0%)     
[2026-06-26T14:08:56.057-0300][893.284s][3772][8616 ][info][gc,phases   ] GC(90) Y: Young Generation 2610M(85%)->1938M(63%) 0.099s
[2026-06-26T14:08:56.057-0300][893.284s][3772][8616 ][info][gc,phases   ] GC(90) O: Old Generation
[2026-06-26T14:08:58.985-0300][896.213s][3772][8616 ][info][gc,phases   ] GC(90) O: Concurrent Mark 2928.026ms
[2026-06-26T14:08:58.985-0300][896.213s][3772][1692 ][info][gc,phases   ] GC(90) O: Pause Mark End 0.016ms
[2026-06-26T14:08:58.985-0300][896.213s][3772][8616 ][info][gc,phases   ] GC(90) O: Concurrent Mark Free 0.002ms
[2026-06-26T14:08:59.032-0300][896.259s][3772][8616 ][info][gc,phases   ] GC(90) O: Concurrent Process Non-Strong 45.883ms
[2026-06-26T14:08:59.032-0300][896.259s][3772][8616 ][info][gc,phases   ] GC(90) O: Concurrent Reset Relocation Set 0.004ms
[2026-06-26T14:08:59.033-0300][896.260s][3772][8616 ][info][gc,phases   ] GC(90) O: Concurrent Select Relocation Set 1.549ms
[2026-06-26T14:08:59.033-0300][896.260s][3772][8616 ][info][gc,task     ] GC(90) O: Using 2 Workers for Old Generation
[2026-06-26T14:08:59.044-0300][896.271s][3772][8616 ][info][gc,task     ] GC(90) O: Using 1 Workers for Old Generation
[2026-06-26T14:08:59.044-0300][896.271s][3772][8616 ][info][gc,phases   ] GC(90) O: Concurrent Remap Roots 10.965ms
[2026-06-26T14:08:59.044-0300][896.271s][3772][1692 ][info][gc,phases   ] GC(90) O: Pause Relocate Start 0.010ms
[2026-06-26T14:08:59.114-0300][896.341s][3772][8616 ][info][gc,phases   ] GC(90) O: Concurrent Relocate 70.050ms
[2026-06-26T14:08:59.114-0300][896.341s][3772][8616 ][info][gc,alloc    ] GC(90) O:                         Mark Start        Mark End      Relocate Start    Relocate End   
[2026-06-26T14:08:59.114-0300][896.341s][3772][8616 ][info][gc,alloc    ] GC(90) O: Allocation Stalls:          0                0                0                0         
[2026-06-26T14:08:59.114-0300][896.342s][3772][8616 ][info][gc,load     ] GC(90) O: Load: 0.00 (0%) / 0.00 (0%) / 0.00 (0%)
[2026-06-26T14:08:59.114-0300][896.342s][3772][8616 ][info][gc,mmu      ] GC(90) O: MMU: 2ms/97.1%, 5ms/98.8%, 10ms/99.4%, 20ms/99.6%, 50ms/99.8%, 100ms/99.9%
[2026-06-26T14:08:59.114-0300][896.342s][3772][8616 ][info][gc,marking  ] GC(90) O: Mark: 1 stripe(s), 2 proactive flush(es), 1 terminate flush(es), 0 completion(s), 0 continuation(s) 
[2026-06-26T14:08:59.114-0300][896.342s][3772][8616 ][info][gc,nmethod  ] GC(90) O: NMethods: 10794 registered, 10991 unregistered
[2026-06-26T14:08:59.114-0300][896.342s][3772][8616 ][info][gc,metaspace] GC(90) O: Metaspace: 81M used, 83M committed, 1152M reserved
[2026-06-26T14:08:59.114-0300][896.342s][3772][8616 ][info][gc,ref      ] GC(90) O:                       Encountered   Discovered     Enqueued 
[2026-06-26T14:08:59.114-0300][896.342s][3772][8616 ][info][gc,ref      ] GC(90) O: Soft References:             6232            0            0 
[2026-06-26T14:08:59.115-0300][896.342s][3772][8616 ][info][gc,ref      ] GC(90) O: Weak References:             6614         5570           12 
[2026-06-26T14:08:59.115-0300][896.342s][3772][8616 ][info][gc,ref      ] GC(90) O: Final References:              16            0            0 
[2026-06-26T14:08:59.115-0300][896.342s][3772][8616 ][info][gc,ref      ] GC(90) O: Phantom References:         48850        16619         9101 
[2026-06-26T14:08:59.115-0300][896.342s][3772][8616 ][info][gc,reloc    ] GC(90) O:                        Candidates     Selected     In-Place         Size        Empty    Relocated 
[2026-06-26T14:08:59.115-0300][896.342s][3772][8616 ][info][gc,reloc    ] GC(90) O: Small Pages:                  870            9            0        1740M           0M           5M 
[2026-06-26T14:08:59.115-0300][896.342s][3772][8616 ][info][gc,reloc    ] GC(90) O: Medium Pages:                   2            0            0          64M           0M           0M 
[2026-06-26T14:08:59.115-0300][896.342s][3772][8616 ][info][gc,reloc    ] GC(90) O: Large Pages:                    5            0            0          60M           0M           0M 
[2026-06-26T14:08:59.115-0300][896.342s][3772][8616 ][info][gc,reloc    ] GC(90) O: Forwarding Usage: 19M
[2026-06-26T14:08:59.115-0300][896.342s][3772][8616 ][info][gc,heap     ] GC(90) O: Min Capacity: 8M(0%)
[2026-06-26T14:08:59.115-0300][896.342s][3772][8616 ][info][gc,heap     ] GC(90) O: Max Capacity: 3072M(100%)
[2026-06-26T14:08:59.115-0300][896.342s][3772][8616 ][info][gc,heap     ] GC(90) O: Soft Max Capacity: 3072M(100%)
[2026-06-26T14:08:59.115-0300][896.342s][3772][8616 ][info][gc,heap     ] GC(90) O: Heap Statistics:
[2026-06-26T14:08:59.115-0300][896.342s][3772][8616 ][info][gc,heap     ] GC(90) O:                Mark Start          Mark End        Relocate Start      Relocate End           High               Low         
[2026-06-26T14:08:59.115-0300][896.342s][3772][8616 ][info][gc,heap     ] GC(90) O:  Capacity:     2976M (97%)        2976M (97%)        2976M (97%)        2976M (97%)        2976M (97%)        2976M (97%)    
[2026-06-26T14:08:59.115-0300][896.342s][3772][8616 ][info][gc,heap     ] GC(90) O:      Free:      462M (15%)         984M (32%)         982M (32%)         990M (32%)        1134M (37%)         442M (14%)    
[2026-06-26T14:08:59.115-0300][896.342s][3772][8616 ][info][gc,heap     ] GC(90) O:      Used:     2610M (85%)        2088M (68%)        2090M (68%)        2082M (68%)        2630M (86%)        1938M (63%)    
[2026-06-26T14:08:59.115-0300][896.342s][3772][8616 ][info][gc,heap     ] GC(90) O: Old Generation Statistics:
[2026-06-26T14:08:59.115-0300][896.342s][3772][8616 ][info][gc,heap     ] GC(90) O:                Mark Start          Mark End        Relocate Start      Relocate End    
[2026-06-26T14:08:59.115-0300][896.342s][3772][8616 ][info][gc,heap     ] GC(90) O:      Used:     1864M (61%)        1872M (61%)        1872M (61%)        1862M (61%)    
[2026-06-26T14:08:59.115-0300][896.342s][3772][8616 ][info][gc,heap     ] GC(90) O:      Live:         -              1747M (57%)        1747M (57%)        1747M (57%)    
[2026-06-26T14:08:59.115-0300][896.342s][3772][8616 ][info][gc,heap     ] GC(90) O:   Garbage:         -               116M (4%)          116M (4%)           91M (3%)     
[2026-06-26T14:08:59.115-0300][896.342s][3772][8616 ][info][gc,heap     ] GC(90) O: Allocated:         -                 8M (0%)            8M (0%)           22M (1%)     
[2026-06-26T14:08:59.115-0300][896.342s][3772][8616 ][info][gc,heap     ] GC(90) O: Reclaimed:         -                  -                 0M (0%)           24M (1%)     
[2026-06-26T14:08:59.115-0300][896.342s][3772][8616 ][info][gc,heap     ] GC(90) O: Compacted:         -                  -                  -                41M (1%)     
[2026-06-26T14:08:59.115-0300][896.342s][3772][8616 ][info][gc,phases   ] GC(90) O: Old Generation 1938M(63%)->2082M(68%) 3.057s
[2026-06-26T14:08:59.115-0300][896.342s][3772][8616 ][info][gc          ] GC(90) Major Collection (Proactive) 2610M(85%)->2082M(68%) 3.157s
[2026-06-26T14:09:15.175-0300][912.401s][3772][6460 ][info][gc          ] GC(91) Minor Collection (High Usage)
[2026-06-26T14:09:15.175-0300][912.402s][3772][6460 ][info][gc,task     ] GC(91) Using 1 Workers for Young Generation
[2026-06-26T14:09:15.175-0300][912.402s][3772][6460 ][info][gc,phases   ] GC(91) y: Young Generation
[2026-06-26T14:09:15.175-0300][912.402s][3772][1692 ][info][gc,phases   ] GC(91) y: Pause Mark Start 0.009ms
[2026-06-26T14:09:15.279-0300][912.506s][3772][6460 ][info][gc,phases   ] GC(91) y: Concurrent Mark 104.139ms
[2026-06-26T14:09:15.279-0300][912.506s][3772][1692 ][info][gc,phases   ] GC(91) y: Pause Mark End 0.013ms
[2026-06-26T14:09:15.279-0300][912.506s][3772][6460 ][info][gc,phases   ] GC(91) y: Concurrent Mark Free 0.004ms
[2026-06-26T14:09:15.279-0300][912.506s][3772][6460 ][info][gc,phases   ] GC(91) y: Concurrent Reset Relocation Set 0.217ms
[2026-06-26T14:09:15.280-0300][912.506s][3772][6460 ][info][gc,reloc    ] GC(91) y: Using tenuring threshold: 8 (Computed)
[2026-06-26T14:09:15.281-0300][912.507s][3772][6460 ][info][gc,phases   ] GC(91) y: Concurrent Select Relocation Set 1.152ms
[2026-06-26T14:09:15.281-0300][912.507s][3772][1692 ][info][gc,phases   ] GC(91) y: Pause Relocate Start 0.007ms
[2026-06-26T14:09:15.300-0300][912.528s][3772][6460 ][info][gc,phases   ] GC(91) y: Concurrent Relocate 20.310ms
[2026-06-26T14:09:15.300-0300][912.528s][3772][6460 ][info][gc,alloc    ] GC(91) y:                         Mark Start        Mark End      Relocate Start    Relocate End   
[2026-06-26T14:09:15.300-0300][912.528s][3772][6460 ][info][gc,alloc    ] GC(91) y: Allocation Stalls:          0                0                0                0         
[2026-06-26T14:09:15.300-0300][912.528s][3772][6460 ][info][gc,load     ] GC(91) y: Load: 0.00 (0%) / 0.00 (0%) / 0.00 (0%)
[2026-06-26T14:09:15.300-0300][912.528s][3772][6460 ][info][gc,mmu      ] GC(91) y: MMU: 2ms/97.1%, 5ms/98.8%, 10ms/99.4%, 20ms/99.6%, 50ms/99.8%, 100ms/99.9%
[2026-06-26T14:09:15.300-0300][912.528s][3772][6460 ][info][gc,marking  ] GC(91) y: Mark: 1 stripe(s), 2 proactive flush(es), 1 terminate flush(es), 0 completion(s), 0 continuation(s) 
[2026-06-26T14:09:15.300-0300][912.528s][3772][6460 ][info][gc,nmethod  ] GC(91) y: NMethods: 10838 registered, 10991 unregistered
[2026-06-26T14:09:15.300-0300][912.528s][3772][6460 ][info][gc,metaspace] GC(91) y: Metaspace: 81M used, 83M committed, 1152M reserved
[2026-06-26T14:09:15.300-0300][912.528s][3772][6460 ][info][gc,reloc    ] GC(91) y:                        Candidates     Selected     In-Place         Size        Empty    Relocated 
[2026-06-26T14:09:15.300-0300][912.528s][3772][6460 ][info][gc,reloc    ] GC(91) y: Small Pages:                  510          412            0        1020M         178M           5M 
[2026-06-26T14:09:15.300-0300][912.528s][3772][6460 ][info][gc,reloc    ] GC(91) y: Medium Pages:                   0            0            0           0M           0M           0M 
[2026-06-26T14:09:15.300-0300][912.528s][3772][6460 ][info][gc,reloc    ] GC(91) y: Large Pages:                    0            0            0           0M           0M           0M 
[2026-06-26T14:09:15.300-0300][912.528s][3772][6460 ][info][gc,reloc    ] GC(91) y: Forwarding Usage: 3M
[2026-06-26T14:09:15.301-0300][912.528s][3772][6460 ][info][gc,reloc    ] GC(91) y: Age Table:
[2026-06-26T14:09:15.301-0300][912.528s][3772][6460 ][info][gc,reloc    ] GC(91) y:                    Live             Garbage             Small              Medium             Large        
[2026-06-26T14:09:15.301-0300][912.528s][3772][6460 ][info][gc,reloc    ] GC(91) y: Eden               4M (0%)          971M (32%)        488 / 398            0 / 0              0 / 0        
[2026-06-26T14:09:15.301-0300][912.528s][3772][6460 ][info][gc,reloc    ] GC(91) y: Survivor 1         1M (0%)            8M (0%)           5 / 3              0 / 0              0 / 0        
[2026-06-26T14:09:15.301-0300][912.528s][3772][6460 ][info][gc,reloc    ] GC(91) y: Survivor 2         1M (0%)            4M (0%)           3 / 2              0 / 0              0 / 0        
[2026-06-26T14:09:15.301-0300][912.528s][3772][6460 ][info][gc,reloc    ] GC(91) y: Survivor 3         1M (0%)            4M (0%)           3 / 1              0 / 0              0 / 0        
[2026-06-26T14:09:15.301-0300][912.528s][3772][6460 ][info][gc,reloc    ] GC(91) y: Survivor 4         1M (0%)            4M (0%)           3 / 3              0 / 0              0 / 0        
[2026-06-26T14:09:15.301-0300][912.528s][3772][6460 ][info][gc,reloc    ] GC(91) y: Survivor 5         1M (0%)            2M (0%)           2 / 0              0 / 0              0 / 0        
[2026-06-26T14:09:15.301-0300][912.528s][3772][6460 ][info][gc,reloc    ] GC(91) y: Survivor 6         1M (0%)            4M (0%)           3 / 2              0 / 0              0 / 0        
[2026-06-26T14:09:15.301-0300][912.528s][3772][6460 ][info][gc,reloc    ] GC(91) y: Survivor 7         1M (0%)            4M (0%)           3 / 3              0 / 0              0 / 0        
[2026-06-26T14:09:15.301-0300][912.528s][3772][6460 ][info][gc,heap     ] GC(91) y: Min Capacity: 8M(0%)
[2026-06-26T14:09:15.301-0300][912.528s][3772][6460 ][info][gc,heap     ] GC(91) y: Max Capacity: 3072M(100%)
[2026-06-26T14:09:15.301-0300][912.528s][3772][6460 ][info][gc,heap     ] GC(91) y: Soft Max Capacity: 3072M(100%)
[2026-06-26T14:09:15.301-0300][912.528s][3772][6460 ][info][gc,heap     ] GC(91) y: Heap Statistics:
[2026-06-26T14:09:15.301-0300][912.528s][3772][6460 ][info][gc,heap     ] GC(91) y:                Mark Start          Mark End        Relocate Start      Relocate End           High               Low         
[2026-06-26T14:09:15.301-0300][912.528s][3772][6460 ][info][gc,heap     ] GC(91) y:  Capacity:     2976M (97%)        2976M (97%)        2976M (97%)        2976M (97%)        2976M (97%)        2976M (97%)    
[2026-06-26T14:09:15.301-0300][912.528s][3772][6460 ][info][gc,heap     ] GC(91) y:      Free:      190M (6%)          164M (5%)          342M (11%)        1122M (37%)        1122M (37%)         164M (5%)     
[2026-06-26T14:09:15.301-0300][912.528s][3772][6460 ][info][gc,heap     ] GC(91) y:      Used:     2882M (94%)        2908M (95%)        2730M (89%)        1950M (63%)        2908M (95%)        1950M (63%)    
[2026-06-26T14:09:15.301-0300][912.528s][3772][6460 ][info][gc,heap     ] GC(91) y: Young Generation Statistics:
[2026-06-26T14:09:15.301-0300][912.528s][3772][6460 ][info][gc,heap     ] GC(91) y:                Mark Start          Mark End        Relocate Start      Relocate End    
[2026-06-26T14:09:15.301-0300][912.528s][3772][6460 ][info][gc,heap     ] GC(91) y:      Used:     1020M (33%)        1046M (34%)         868M (28%)          88M (3%)     
[2026-06-26T14:09:15.301-0300][912.528s][3772][6460 ][info][gc,heap     ] GC(91) y:      Live:         -                14M (0%)           14M (0%)           14M (0%)     
[2026-06-26T14:09:15.301-0300][912.528s][3772][6460 ][info][gc,heap     ] GC(91) y:   Garbage:         -              1005M (33%)         827M (27%)           1M (0%)     
[2026-06-26T14:09:15.301-0300][912.528s][3772][6460 ][info][gc,heap     ] GC(91) y: Allocated:         -                26M (1%)           26M (1%)           71M (2%)     
[2026-06-26T14:09:15.301-0300][912.528s][3772][6460 ][info][gc,heap     ] GC(91) y: Reclaimed:         -                  -               178M (6%)         1003M (33%)    
[2026-06-26T14:09:15.301-0300][912.528s][3772][6460 ][info][gc,heap     ] GC(91) y:  Promoted:         -                  -                 0M (0%)            0M (0%)     
[2026-06-26T14:09:15.301-0300][912.528s][3772][6460 ][info][gc,heap     ] GC(91) y: Compacted:         -                  -                  -                 8M (0%)     
[2026-06-26T14:09:15.301-0300][912.528s][3772][6460 ][info][gc,phases   ] GC(91) y: Young Generation 2882M(94%)->1950M(63%) 0.126s
[2026-06-26T14:09:15.301-0300][912.528s][3772][6460 ][info][gc          ] GC(91) Minor Collection (High Usage) 2882M(94%)->1950M(63%) 0.127s
[2026-06-26T14:09:33.035-0300][930.262s][3772][6460 ][info][gc          ] GC(92) Minor Collection (High Usage)
[2026-06-26T14:09:33.035-0300][930.262s][3772][6460 ][info][gc,task     ] GC(92) Using 1 Workers for Young Generation
[2026-06-26T14:09:33.035-0300][930.262s][3772][6460 ][info][gc,phases   ] GC(92) y: Young Generation
[2026-06-26T14:09:33.035-0300][930.262s][3772][1692 ][info][gc,phases   ] GC(92) y: Pause Mark Start 0.013ms
[2026-06-26T14:09:33.131-0300][930.358s][3772][6460 ][info][gc,phases   ] GC(92) y: Concurrent Mark 96.207ms
[2026-06-26T14:09:33.131-0300][930.358s][3772][1692 ][info][gc,phases   ] GC(92) y: Pause Mark End 0.013ms
[2026-06-26T14:09:33.131-0300][930.358s][3772][6460 ][info][gc,phases   ] GC(92) y: Concurrent Mark Free 0.003ms
[2026-06-26T14:09:33.131-0300][930.358s][3772][6460 ][info][gc,phases   ] GC(92) y: Concurrent Reset Relocation Set 0.017ms
[2026-06-26T14:09:33.131-0300][930.358s][3772][6460 ][info][gc,reloc    ] GC(92) y: Using tenuring threshold: 8 (Computed)
[2026-06-26T14:09:33.133-0300][930.360s][3772][6460 ][info][gc,phases   ] GC(92) y: Concurrent Select Relocation Set 1.958ms
[2026-06-26T14:09:33.133-0300][930.360s][3772][1692 ][info][gc,phases   ] GC(92) y: Pause Relocate Start 0.007ms
[2026-06-26T14:09:33.151-0300][930.378s][3772][6460 ][info][gc,phases   ] GC(92) y: Concurrent Relocate 18.030ms
[2026-06-26T14:09:33.151-0300][930.378s][3772][6460 ][info][gc,alloc    ] GC(92) y:                         Mark Start        Mark End      Relocate Start    Relocate End   
[2026-06-26T14:09:33.151-0300][930.378s][3772][6460 ][info][gc,alloc    ] GC(92) y: Allocation Stalls:          0                0                0                0         
[2026-06-26T14:09:33.151-0300][930.378s][3772][6460 ][info][gc,load     ] GC(92) y: Load: 0.00 (0%) / 0.00 (0%) / 0.00 (0%)
[2026-06-26T14:09:33.151-0300][930.379s][3772][6460 ][info][gc,mmu      ] GC(92) y: MMU: 2ms/97.1%, 5ms/98.8%, 10ms/99.4%, 20ms/99.6%, 50ms/99.8%, 100ms/99.9%
[2026-06-26T14:09:33.151-0300][930.379s][3772][6460 ][info][gc,marking  ] GC(92) y: Mark: 1 stripe(s), 2 proactive flush(es), 1 terminate flush(es), 0 completion(s), 0 continuation(s) 
[2026-06-26T14:09:33.151-0300][930.379s][3772][6460 ][info][gc,nmethod  ] GC(92) y: NMethods: 10906 registered, 10991 unregistered
[2026-06-26T14:09:33.151-0300][930.379s][3772][6460 ][info][gc,metaspace] GC(92) y: Metaspace: 81M used, 84M committed, 1152M reserved
[2026-06-26T14:09:33.151-0300][930.379s][3772][6460 ][info][gc,reloc    ] GC(92) y:                        Candidates     Selected     In-Place         Size        Empty    Relocated 
[2026-06-26T14:09:33.151-0300][930.379s][3772][6460 ][info][gc,reloc    ] GC(92) y: Small Pages:                  510          295            0        1020M         408M           6M 
[2026-06-26T14:09:33.151-0300][930.379s][3772][6460 ][info][gc,reloc    ] GC(92) y: Medium Pages:                   0            0            0           0M           0M           0M 
[2026-06-26T14:09:33.151-0300][930.379s][3772][6460 ][info][gc,reloc    ] GC(92) y: Large Pages:                    0            0            0           0M           0M           0M 
[2026-06-26T14:09:33.152-0300][930.379s][3772][6460 ][info][gc,reloc    ] GC(92) y: Forwarding Usage: 4M
[2026-06-26T14:09:33.152-0300][930.379s][3772][6460 ][info][gc,reloc    ] GC(92) y: Age Table:
[2026-06-26T14:09:33.152-0300][930.379s][3772][6460 ][info][gc,reloc    ] GC(92) y:                    Live             Garbage             Small              Medium             Large        
[2026-06-26T14:09:33.152-0300][930.379s][3772][6460 ][info][gc,reloc    ] GC(92) y: Eden               5M (0%)          954M (31%)        480 / 276            0 / 0              0 / 0        
[2026-06-26T14:09:33.152-0300][930.379s][3772][6460 ][info][gc,reloc    ] GC(92) y: Survivor 1         3M (0%)           12M (0%)           8 / 4              0 / 0              0 / 0        
[2026-06-26T14:09:33.152-0300][930.379s][3772][6460 ][info][gc,reloc    ] GC(92) y: Survivor 2         1M (0%)            6M (0%)           4 / 3              0 / 0              0 / 0        
[2026-06-26T14:09:33.152-0300][930.379s][3772][6460 ][info][gc,reloc    ] GC(92) y: Survivor 3         1M (0%)            2M (0%)           2 / 2              0 / 0              0 / 0        
[2026-06-26T14:09:33.152-0300][930.379s][3772][6460 ][info][gc,reloc    ] GC(92) y: Survivor 4         1M (0%)            8M (0%)           5 / 4              0 / 0              0 / 0        
[2026-06-26T14:09:33.152-0300][930.379s][3772][6460 ][info][gc,reloc    ] GC(92) y: Survivor 5         1M (0%)            4M (0%)           3 / 2              0 / 0              0 / 0        
[2026-06-26T14:09:33.152-0300][930.379s][3772][6460 ][info][gc,reloc    ] GC(92) y: Survivor 6         1M (0%)            2M (0%)           2 / 0              0 / 0              0 / 0        
[2026-06-26T14:09:33.152-0300][930.379s][3772][6460 ][info][gc,reloc    ] GC(92) y: Survivor 7         1M (0%)            4M (0%)           3 / 2              0 / 0              0 / 0        
[2026-06-26T14:09:33.152-0300][930.379s][3772][6460 ][info][gc,reloc    ] GC(92) y: Survivor 8         1M (0%)            4M (0%)           3 / 2              0 / 0              0 / 0        
[2026-06-26T14:09:33.152-0300][930.379s][3772][6460 ][info][gc,heap     ] GC(92) y: Min Capacity: 8M(0%)
[2026-06-26T14:09:33.152-0300][930.379s][3772][6460 ][info][gc,heap     ] GC(92) y: Max Capacity: 3072M(100%)
[2026-06-26T14:09:33.152-0300][930.379s][3772][6460 ][info][gc,heap     ] GC(92) y: Soft Max Capacity: 3072M(100%)
[2026-06-26T14:09:33.152-0300][930.379s][3772][6460 ][info][gc,heap     ] GC(92) y: Heap Statistics:
[2026-06-26T14:09:33.152-0300][930.379s][3772][6460 ][info][gc,heap     ] GC(92) y:                Mark Start          Mark End        Relocate Start      Relocate End           High               Low         
[2026-06-26T14:09:33.152-0300][930.379s][3772][6460 ][info][gc,heap     ] GC(92) y:  Capacity:     2976M (97%)        2976M (97%)        2976M (97%)        2976M (97%)        2976M (97%)        2976M (97%)    
[2026-06-26T14:09:33.152-0300][930.379s][3772][6460 ][info][gc,heap     ] GC(92) y:      Free:      190M (6%)          170M (6%)          578M (19%)        1136M (37%)        1136M (37%)         170M (6%)     
[2026-06-26T14:09:33.152-0300][930.379s][3772][6460 ][info][gc,heap     ] GC(92) y:      Used:     2882M (94%)        2902M (94%)        2494M (81%)        1936M (63%)        2902M (94%)        1936M (63%)    
[2026-06-26T14:09:33.152-0300][930.379s][3772][6460 ][info][gc,heap     ] GC(92) y: Young Generation Statistics:
[2026-06-26T14:09:33.152-0300][930.379s][3772][6460 ][info][gc,heap     ] GC(92) y:                Mark Start          Mark End        Relocate Start      Relocate End    
[2026-06-26T14:09:33.152-0300][930.379s][3772][6460 ][info][gc,heap     ] GC(92) y:      Used:     1020M (33%)        1040M (34%)         632M (21%)          72M (2%)     
[2026-06-26T14:09:33.152-0300][930.379s][3772][6460 ][info][gc,heap     ] GC(92) y:      Live:         -                18M (1%)           18M (1%)           17M (1%)     
[2026-06-26T14:09:33.152-0300][930.379s][3772][6460 ][info][gc,heap     ] GC(92) y:   Garbage:         -              1001M (33%)         593M (19%)           1M (0%)     
[2026-06-26T14:09:33.152-0300][930.379s][3772][6460 ][info][gc,heap     ] GC(92) y: Allocated:         -                20M (1%)           20M (1%)           53M (2%)     
[2026-06-26T14:09:33.152-0300][930.379s][3772][6460 ][info][gc,heap     ] GC(92) y: Reclaimed:         -                  -               408M (13%)         999M (33%)    
[2026-06-26T14:09:33.152-0300][930.379s][3772][6460 ][info][gc,heap     ] GC(92) y:  Promoted:         -                  -                 0M (0%)            1M (0%)     
[2026-06-26T14:09:33.152-0300][930.379s][3772][6460 ][info][gc,heap     ] GC(92) y: Compacted:         -                  -                  -                10M (0%)     
[2026-06-26T14:09:33.152-0300][930.379s][3772][6460 ][info][gc,phases   ] GC(92) y: Young Generation 2882M(94%)->1936M(63%) 0.117s
[2026-06-26T14:09:33.152-0300][930.379s][3772][6460 ][info][gc          ] GC(92) Minor Collection (High Usage) 2882M(94%)->1936M(63%) 0.117s
[2026-06-26T14:09:51.961-0300][949.188s][3772][6460 ][info][gc          ] GC(93) Minor Collection (High Usage)
[2026-06-26T14:09:51.961-0300][949.188s][3772][6460 ][info][gc,task     ] GC(93) Using 1 Workers for Young Generation
[2026-06-26T14:09:51.961-0300][949.188s][3772][6460 ][info][gc,phases   ] GC(93) y: Young Generation
[2026-06-26T14:09:51.961-0300][949.188s][3772][1692 ][info][gc,phases   ] GC(93) y: Pause Mark Start 0.008ms
[2026-06-26T14:09:52.053-0300][949.281s][3772][6460 ][info][gc,phases   ] GC(93) y: Concurrent Mark 92.637ms
[2026-06-26T14:09:52.053-0300][949.281s][3772][1692 ][info][gc,phases   ] GC(93) y: Pause Mark End 0.016ms
[2026-06-26T14:09:52.054-0300][949.281s][3772][6460 ][info][gc,phases   ] GC(93) y: Concurrent Mark Free 0.001ms
[2026-06-26T14:09:52.054-0300][949.281s][3772][6460 ][info][gc,phases   ] GC(93) y: Concurrent Reset Relocation Set 0.022ms
[2026-06-26T14:09:52.054-0300][949.281s][3772][6460 ][info][gc,reloc    ] GC(93) y: Using tenuring threshold: 8 (Computed)
[2026-06-26T14:09:52.056-0300][949.282s][3772][6460 ][info][gc,phases   ] GC(93) y: Concurrent Select Relocation Set 1.577ms
[2026-06-26T14:09:52.056-0300][949.282s][3772][1692 ][info][gc,phases   ] GC(93) y: Pause Relocate Start 0.012ms
[2026-06-26T14:09:52.070-0300][949.297s][3772][6460 ][info][gc,phases   ] GC(93) y: Concurrent Relocate 14.392ms
[2026-06-26T14:09:52.070-0300][949.297s][3772][6460 ][info][gc,alloc    ] GC(93) y:                         Mark Start        Mark End      Relocate Start    Relocate End   
[2026-06-26T14:09:52.070-0300][949.297s][3772][6460 ][info][gc,alloc    ] GC(93) y: Allocation Stalls:          0                0                0                0         
[2026-06-26T14:09:52.070-0300][949.297s][3772][6460 ][info][gc,load     ] GC(93) y: Load: 0.00 (0%) / 0.00 (0%) / 0.00 (0%)
[2026-06-26T14:09:52.070-0300][949.297s][3772][6460 ][info][gc,mmu      ] GC(93) y: MMU: 2ms/97.1%, 5ms/98.8%, 10ms/99.4%, 20ms/99.6%, 50ms/99.8%, 100ms/99.9%
[2026-06-26T14:09:52.070-0300][949.297s][3772][6460 ][info][gc,marking  ] GC(93) y: Mark: 1 stripe(s), 2 proactive flush(es), 1 terminate flush(es), 0 completion(s), 0 continuation(s) 
[2026-06-26T14:09:52.070-0300][949.297s][3772][6460 ][info][gc,nmethod  ] GC(93) y: NMethods: 10993 registered, 10991 unregistered
[2026-06-26T14:09:52.070-0300][949.297s][3772][6460 ][info][gc,metaspace] GC(93) y: Metaspace: 81M used, 84M committed, 1152M reserved
[2026-06-26T14:09:52.070-0300][949.297s][3772][6460 ][info][gc,reloc    ] GC(93) y:                        Candidates     Selected     In-Place         Size        Empty    Relocated 
[2026-06-26T14:09:52.070-0300][949.297s][3772][6460 ][info][gc,reloc    ] GC(93) y: Small Pages:                  509          143            0        1018M         712M           6M 
[2026-06-26T14:09:52.070-0300][949.297s][3772][6460 ][info][gc,reloc    ] GC(93) y: Medium Pages:                   0            0            0           0M           0M           0M 
[2026-06-26T14:09:52.070-0300][949.297s][3772][6460 ][info][gc,reloc    ] GC(93) y: Large Pages:                    0            0            0           0M           0M           0M 
[2026-06-26T14:09:52.070-0300][949.297s][3772][6460 ][info][gc,reloc    ] GC(93) y: Forwarding Usage: 4M
[2026-06-26T14:09:52.070-0300][949.297s][3772][6460 ][info][gc,reloc    ] GC(93) y: Age Table:
[2026-06-26T14:09:52.070-0300][949.297s][3772][6460 ][info][gc,reloc    ] GC(93) y:                    Live             Garbage             Small              Medium             Large        
[2026-06-26T14:09:52.070-0300][949.297s][3772][6460 ][info][gc,reloc    ] GC(93) y: Eden               4M (0%)          963M (31%)        484 / 124            0 / 0              0 / 0        
[2026-06-26T14:09:52.070-0300][949.297s][3772][6460 ][info][gc,reloc    ] GC(93) y: Survivor 1         1M (0%)            8M (0%)           5 / 3              0 / 0              0 / 0        
[2026-06-26T14:09:52.070-0300][949.297s][3772][6460 ][info][gc,reloc    ] GC(93) y: Survivor 2         2M (0%)            3M (0%)           3 / 2              0 / 0              0 / 0        
[2026-06-26T14:09:52.070-0300][949.297s][3772][6460 ][info][gc,reloc    ] GC(93) y: Survivor 3         1M (0%)            4M (0%)           3 / 2              0 / 0              0 / 0        
[2026-06-26T14:09:52.070-0300][949.297s][3772][6460 ][info][gc,reloc    ] GC(93) y: Survivor 4         1M (0%)            2M (0%)           2 / 1              0 / 0              0 / 0        
[2026-06-26T14:09:52.070-0300][949.297s][3772][6460 ][info][gc,reloc    ] GC(93) y: Survivor 5         1M (0%)            4M (0%)           3 / 3              0 / 0              0 / 0        
[2026-06-26T14:09:52.070-0300][949.297s][3772][6460 ][info][gc,reloc    ] GC(93) y: Survivor 6         0M (0%)            3M (0%)           2 / 2              0 / 0              0 / 0        
[2026-06-26T14:09:52.070-0300][949.297s][3772][6460 ][info][gc,reloc    ] GC(93) y: Survivor 7         1M (0%)            6M (0%)           4 / 4              0 / 0              0 / 0        
[2026-06-26T14:09:52.070-0300][949.297s][3772][6460 ][info][gc,reloc    ] GC(93) y: Survivor 8         1M (0%)            4M (0%)           3 / 2              0 / 0              0 / 0        
[2026-06-26T14:09:52.070-0300][949.297s][3772][6460 ][info][gc,heap     ] GC(93) y: Min Capacity: 8M(0%)
[2026-06-26T14:09:52.070-0300][949.297s][3772][6460 ][info][gc,heap     ] GC(93) y: Max Capacity: 3072M(100%)
[2026-06-26T14:09:52.070-0300][949.297s][3772][6460 ][info][gc,heap     ] GC(93) y: Soft Max Capacity: 3072M(100%)
[2026-06-26T14:09:52.070-0300][949.297s][3772][6460 ][info][gc,heap     ] GC(93) y: Heap Statistics:
[2026-06-26T14:09:52.070-0300][949.297s][3772][6460 ][info][gc,heap     ] GC(93) y:                Mark Start          Mark End        Relocate Start      Relocate End           High               Low         
[2026-06-26T14:09:52.070-0300][949.297s][3772][6460 ][info][gc,heap     ] GC(93) y:  Capacity:     2976M (97%)        2976M (97%)        2976M (97%)        2976M (97%)        2976M (97%)        2976M (97%)    
[2026-06-26T14:09:52.070-0300][949.297s][3772][6460 ][info][gc,heap     ] GC(93) y:      Free:      190M (6%)          170M (6%)          882M (29%)        1144M (37%)        1144M (37%)         170M (6%)     
[2026-06-26T14:09:52.070-0300][949.297s][3772][6460 ][info][gc,heap     ] GC(93) y:      Used:     2882M (94%)        2902M (94%)        2190M (71%)        1928M (63%)        2902M (94%)        1928M (63%)    
[2026-06-26T14:09:52.070-0300][949.297s][3772][6460 ][info][gc,heap     ] GC(93) y: Young Generation Statistics:
[2026-06-26T14:09:52.070-0300][949.297s][3772][6460 ][info][gc,heap     ] GC(93) y:                Mark Start          Mark End        Relocate Start      Relocate End    
[2026-06-26T14:09:52.070-0300][949.297s][3772][6460 ][info][gc,heap     ] GC(93) y:      Used:     1018M (33%)        1038M (34%)         324M (11%)          60M (2%)     
[2026-06-26T14:09:52.070-0300][949.297s][3772][6460 ][info][gc,heap     ] GC(93) y:      Live:         -                16M (1%)           15M (0%)           15M (0%)     
[2026-06-26T14:09:52.070-0300][949.297s][3772][6460 ][info][gc,heap     ] GC(93) y:   Garbage:         -              1001M (33%)         288M (9%)            0M (0%)     
[2026-06-26T14:09:52.070-0300][949.297s][3772][6460 ][info][gc,heap     ] GC(93) y: Allocated:         -                20M (1%)           20M (1%)           44M (1%)     
[2026-06-26T14:09:52.070-0300][949.297s][3772][6460 ][info][gc,heap     ] GC(93) y: Reclaimed:         -                  -               712M (23%)        1000M (33%)    
[2026-06-26T14:09:52.070-0300][949.297s][3772][6460 ][info][gc,heap     ] GC(93) y:  Promoted:         -                  -                 1M (0%)            1M (0%)     
[2026-06-26T14:09:52.070-0300][949.297s][3772][6460 ][info][gc,heap     ] GC(93) y: Compacted:         -                  -                  -                11M (0%)     
[2026-06-26T14:09:52.070-0300][949.297s][3772][6460 ][info][gc,phases   ] GC(93) y: Young Generation 2882M(94%)->1928M(63%) 0.109s
[2026-06-26T14:09:52.070-0300][949.297s][3772][6460 ][info][gc          ] GC(93) Minor Collection (High Usage) 2882M(94%)->1928M(63%) 0.110s
[2026-06-26T14:10:09.145-0300][966.371s][3772][6460 ][info][gc          ] GC(94) Minor Collection (High Usage)
[2026-06-26T14:10:09.145-0300][966.372s][3772][6460 ][info][gc,task     ] GC(94) Using 1 Workers for Young Generation
[2026-06-26T14:10:09.145-0300][966.372s][3772][6460 ][info][gc,phases   ] GC(94) y: Young Generation
[2026-06-26T14:10:09.145-0300][966.372s][3772][1692 ][info][gc,phases   ] GC(94) y: Pause Mark Start 0.012ms
[2026-06-26T14:10:09.275-0300][966.502s][3772][6460 ][info][gc,phases   ] GC(94) y: Concurrent Mark 130.056ms
[2026-06-26T14:10:09.275-0300][966.502s][3772][1692 ][info][gc,phases   ] GC(94) y: Pause Mark End 0.012ms
[2026-06-26T14:10:09.275-0300][966.502s][3772][6460 ][info][gc,phases   ] GC(94) y: Concurrent Mark Free 0.002ms
[2026-06-26T14:10:09.275-0300][966.502s][3772][6460 ][info][gc,phases   ] GC(94) y: Concurrent Reset Relocation Set 0.053ms
[2026-06-26T14:10:09.276-0300][966.502s][3772][6460 ][info][gc,reloc    ] GC(94) y: Using tenuring threshold: 8 (Computed)
[2026-06-26T14:10:09.277-0300][966.504s][3772][6460 ][info][gc,phases   ] GC(94) y: Concurrent Select Relocation Set 2.300ms
[2026-06-26T14:10:09.277-0300][966.504s][3772][1692 ][info][gc,phases   ] GC(94) y: Pause Relocate Start 0.011ms
[2026-06-26T14:10:09.297-0300][966.524s][3772][6460 ][info][gc,phases   ] GC(94) y: Concurrent Relocate 19.498ms
[2026-06-26T14:10:09.297-0300][966.524s][3772][6460 ][info][gc,alloc    ] GC(94) y:                         Mark Start        Mark End      Relocate Start    Relocate End   
[2026-06-26T14:10:09.297-0300][966.524s][3772][6460 ][info][gc,alloc    ] GC(94) y: Allocation Stalls:          0                0                0                0         
[2026-06-26T14:10:09.297-0300][966.524s][3772][6460 ][info][gc,load     ] GC(94) y: Load: 0.00 (0%) / 0.00 (0%) / 0.00 (0%)
[2026-06-26T14:10:09.297-0300][966.524s][3772][6460 ][info][gc,mmu      ] GC(94) y: MMU: 2ms/97.1%, 5ms/98.8%, 10ms/99.4%, 20ms/99.6%, 50ms/99.8%, 100ms/99.9%
[2026-06-26T14:10:09.297-0300][966.524s][3772][6460 ][info][gc,marking  ] GC(94) y: Mark: 1 stripe(s), 2 proactive flush(es), 1 terminate flush(es), 0 completion(s), 0 continuation(s) 
[2026-06-26T14:10:09.297-0300][966.524s][3772][6460 ][info][gc,nmethod  ] GC(94) y: NMethods: 11111 registered, 10991 unregistered
[2026-06-26T14:10:09.297-0300][966.524s][3772][6460 ][info][gc,metaspace] GC(94) y: Metaspace: 81M used, 84M committed, 1152M reserved
[2026-06-26T14:10:09.297-0300][966.524s][3772][6460 ][info][gc,reloc    ] GC(94) y:                        Candidates     Selected     In-Place         Size        Empty    Relocated 
[2026-06-26T14:10:09.297-0300][966.524s][3772][6460 ][info][gc,reloc    ] GC(94) y: Small Pages:                  507          187            0        1014M         614M           7M 
[2026-06-26T14:10:09.297-0300][966.524s][3772][6460 ][info][gc,reloc    ] GC(94) y: Medium Pages:                   0            0            0           0M           0M           0M 
[2026-06-26T14:10:09.297-0300][966.524s][3772][6460 ][info][gc,reloc    ] GC(94) y: Large Pages:                    0            0            0           0M           0M           0M 
[2026-06-26T14:10:09.297-0300][966.524s][3772][6460 ][info][gc,reloc    ] GC(94) y: Forwarding Usage: 5M
[2026-06-26T14:10:09.297-0300][966.524s][3772][6460 ][info][gc,reloc    ] GC(94) y: Age Table:
[2026-06-26T14:10:09.297-0300][966.524s][3772][6460 ][info][gc,reloc    ] GC(94) y:                    Live             Garbage             Small              Medium             Large        
[2026-06-26T14:10:09.297-0300][966.524s][3772][6460 ][info][gc,reloc    ] GC(94) y: Eden               8M (0%)          965M (31%)        487 / 175            0 / 0              0 / 0        
[2026-06-26T14:10:09.297-0300][966.524s][3772][6460 ][info][gc,reloc    ] GC(94) y: Survivor 1         2M (0%)            5M (0%)           4 / 2              0 / 0              0 / 0        
[2026-06-26T14:10:09.297-0300][966.524s][3772][6460 ][info][gc,reloc    ] GC(94) y: Survivor 2         1M (0%)            4M (0%)           3 / 1              0 / 0              0 / 0        
[2026-06-26T14:10:09.297-0300][966.524s][3772][6460 ][info][gc,reloc    ] GC(94) y: Survivor 3         2M (0%)            3M (0%)           3 / 1              0 / 0              0 / 0        
[2026-06-26T14:10:09.297-0300][966.524s][3772][6460 ][info][gc,reloc    ] GC(94) y: Survivor 4         1M (0%)            2M (0%)           2 / 1              0 / 0              0 / 0        
[2026-06-26T14:10:09.297-0300][966.524s][3772][6460 ][info][gc,reloc    ] GC(94) y: Survivor 5         1M (0%)            2M (0%)           2 / 1              0 / 0              0 / 0        
[2026-06-26T14:10:09.297-0300][966.524s][3772][6460 ][info][gc,reloc    ] GC(94) y: Survivor 6         1M (0%)            2M (0%)           2 / 2              0 / 0              0 / 0        
[2026-06-26T14:10:09.297-0300][966.524s][3772][6460 ][info][gc,reloc    ] GC(94) y: Survivor 7         0M (0%)            3M (0%)           2 / 2              0 / 0              0 / 0        
[2026-06-26T14:10:09.297-0300][966.524s][3772][6460 ][info][gc,reloc    ] GC(94) y: Survivor 8         1M (0%)            2M (0%)           2 / 2              0 / 0              0 / 0        
[2026-06-26T14:10:09.297-0300][966.524s][3772][6460 ][info][gc,heap     ] GC(94) y: Min Capacity: 8M(0%)
[2026-06-26T14:10:09.297-0300][966.524s][3772][6460 ][info][gc,heap     ] GC(94) y: Max Capacity: 3072M(100%)
[2026-06-26T14:10:09.297-0300][966.524s][3772][6460 ][info][gc,heap     ] GC(94) y: Soft Max Capacity: 3072M(100%)
[2026-06-26T14:10:09.297-0300][966.524s][3772][6460 ][info][gc,heap     ] GC(94) y: Heap Statistics:
[2026-06-26T14:10:09.297-0300][966.524s][3772][6460 ][info][gc,heap     ] GC(94) y:                Mark Start          Mark End        Relocate Start      Relocate End           High               Low         
[2026-06-26T14:10:09.297-0300][966.524s][3772][6460 ][info][gc,heap     ] GC(94) y:  Capacity:     2976M (97%)        2976M (97%)        2976M (97%)        2976M (97%)        2976M (97%)        2976M (97%)    
[2026-06-26T14:10:09.297-0300][966.524s][3772][6460 ][info][gc,heap     ] GC(94) y:      Free:      190M (6%)          162M (5%)          774M (25%)        1124M (37%)        1124M (37%)         162M (5%)     
[2026-06-26T14:10:09.297-0300][966.524s][3772][6460 ][info][gc,heap     ] GC(94) y:      Used:     2882M (94%)        2910M (95%)        2298M (75%)        1948M (63%)        2910M (95%)        1948M (63%)    
[2026-06-26T14:10:09.297-0300][966.524s][3772][6460 ][info][gc,heap     ] GC(94) y: Young Generation Statistics:
[2026-06-26T14:10:09.297-0300][966.524s][3772][6460 ][info][gc,heap     ] GC(94) y:                Mark Start          Mark End        Relocate Start      Relocate End    
[2026-06-26T14:10:09.297-0300][966.524s][3772][6460 ][info][gc,heap     ] GC(94) y:      Used:     1014M (33%)        1042M (34%)         430M (14%)          78M (3%)     
[2026-06-26T14:10:09.297-0300][966.524s][3772][6460 ][info][gc,heap     ] GC(94) y:      Live:         -                21M (1%)           21M (1%)           20M (1%)     
[2026-06-26T14:10:09.297-0300][966.524s][3772][6460 ][info][gc,heap     ] GC(94) y:   Garbage:         -               992M (32%)         378M (12%)           1M (0%)     
[2026-06-26T14:10:09.297-0300][966.524s][3772][6460 ][info][gc,heap     ] GC(94) y: Allocated:         -                28M (1%)           30M (1%)           55M (2%)     
[2026-06-26T14:10:09.297-0300][966.524s][3772][6460 ][info][gc,heap     ] GC(94) y: Reclaimed:         -                  -               614M (20%)         990M (32%)    
[2026-06-26T14:10:09.297-0300][966.524s][3772][6460 ][info][gc,heap     ] GC(94) y:  Promoted:         -                  -                 0M (0%)            1M (0%)     
[2026-06-26T14:10:09.297-0300][966.524s][3772][6460 ][info][gc,heap     ] GC(94) y: Compacted:         -                  -                  -                14M (0%)     
[2026-06-26T14:10:09.297-0300][966.524s][3772][6460 ][info][gc,phases   ] GC(94) y: Young Generation 2882M(94%)->1948M(63%) 0.152s
[2026-06-26T14:10:09.297-0300][966.524s][3772][6460 ][info][gc          ] GC(94) Minor Collection (High Usage) 2882M(94%)->1948M(63%) 0.153s
[2026-06-26T14:10:27.419-0300][984.646s][3772][6460 ][info][gc          ] GC(95) Minor Collection (High Usage)
[2026-06-26T14:10:27.419-0300][984.646s][3772][6460 ][info][gc,task     ] GC(95) Using 1 Workers for Young Generation
[2026-06-26T14:10:27.419-0300][984.646s][3772][6460 ][info][gc,phases   ] GC(95) y: Young Generation
[2026-06-26T14:10:27.419-0300][984.646s][3772][1692 ][info][gc,phases   ] GC(95) y: Pause Mark Start 0.010ms
[2026-06-26T14:10:27.613-0300][984.840s][3772][6460 ][info][gc,phases   ] GC(95) y: Concurrent Mark 193.729ms
[2026-06-26T14:10:27.613-0300][984.840s][3772][1692 ][info][gc,phases   ] GC(95) y: Pause Mark End 0.012ms
[2026-06-26T14:10:27.613-0300][984.840s][3772][6460 ][info][gc,phases   ] GC(95) y: Concurrent Mark Free 0.001ms
[2026-06-26T14:10:27.613-0300][984.840s][3772][6460 ][info][gc,phases   ] GC(95) y: Concurrent Reset Relocation Set 0.009ms
[2026-06-26T14:10:27.613-0300][984.840s][3772][6460 ][info][gc,reloc    ] GC(95) y: Using tenuring threshold: 8 (Computed)
[2026-06-26T14:10:27.615-0300][984.843s][3772][6460 ][info][gc,phases   ] GC(95) y: Concurrent Select Relocation Set 2.749ms
[2026-06-26T14:10:27.615-0300][984.843s][3772][1692 ][info][gc,phases   ] GC(95) y: Pause Relocate Start 0.015ms
[2026-06-26T14:10:27.649-0300][984.876s][3772][6460 ][info][gc,phases   ] GC(95) y: Concurrent Relocate 33.514ms
[2026-06-26T14:10:27.649-0300][984.876s][3772][6460 ][info][gc,alloc    ] GC(95) y:                         Mark Start        Mark End      Relocate Start    Relocate End   
[2026-06-26T14:10:27.649-0300][984.876s][3772][6460 ][info][gc,alloc    ] GC(95) y: Allocation Stalls:          0                0                0                0         
[2026-06-26T14:10:27.649-0300][984.876s][3772][6460 ][info][gc,load     ] GC(95) y: Load: 0.00 (0%) / 0.00 (0%) / 0.00 (0%)
[2026-06-26T14:10:27.649-0300][984.876s][3772][6460 ][info][gc,mmu      ] GC(95) y: MMU: 2ms/97.1%, 5ms/98.8%, 10ms/99.4%, 20ms/99.6%, 50ms/99.8%, 100ms/99.9%
[2026-06-26T14:10:27.649-0300][984.876s][3772][6460 ][info][gc,marking  ] GC(95) y: Mark: 1 stripe(s), 2 proactive flush(es), 1 terminate flush(es), 0 completion(s), 0 continuation(s) 
[2026-06-26T14:10:27.649-0300][984.876s][3772][6460 ][info][gc,nmethod  ] GC(95) y: NMethods: 11307 registered, 10991 unregistered
[2026-06-26T14:10:27.649-0300][984.876s][3772][6460 ][info][gc,metaspace] GC(95) y: Metaspace: 81M used, 84M committed, 1152M reserved
[2026-06-26T14:10:27.649-0300][984.876s][3772][6460 ][info][gc,reloc    ] GC(95) y:                        Candidates     Selected     In-Place         Size        Empty    Relocated 
[2026-06-26T14:10:27.649-0300][984.876s][3772][6460 ][info][gc,reloc    ] GC(95) y: Small Pages:                  506          345            0        1012M         280M          14M 
[2026-06-26T14:10:27.649-0300][984.876s][3772][6460 ][info][gc,reloc    ] GC(95) y: Medium Pages:                   0            0            0           0M           0M           0M 
[2026-06-26T14:10:27.649-0300][984.876s][3772][6460 ][info][gc,reloc    ] GC(95) y: Large Pages:                    0            0            0           0M           0M           0M 
[2026-06-26T14:10:27.649-0300][984.876s][3772][6460 ][info][gc,reloc    ] GC(95) y: Forwarding Usage: 9M
[2026-06-26T14:10:27.649-0300][984.876s][3772][6460 ][info][gc,reloc    ] GC(95) y: Age Table:
[2026-06-26T14:10:27.649-0300][984.876s][3772][6460 ][info][gc,reloc    ] GC(95) y:                    Live             Garbage             Small              Medium             Large        
[2026-06-26T14:10:27.649-0300][984.876s][3772][6460 ][info][gc,reloc    ] GC(95) y: Eden              19M (1%)          944M (31%)        482 / 330            0 / 0              0 / 0        
[2026-06-26T14:10:27.649-0300][984.877s][3772][6460 ][info][gc,reloc    ] GC(95) y: Survivor 1         4M (0%)            9M (0%)           7 / 5              0 / 0              0 / 0        
[2026-06-26T14:10:27.649-0300][984.877s][3772][6460 ][info][gc,reloc    ] GC(95) y: Survivor 2         2M (0%)            5M (0%)           4 / 2              0 / 0              0 / 0        
[2026-06-26T14:10:27.649-0300][984.877s][3772][6460 ][info][gc,reloc    ] GC(95) y: Survivor 3         1M (0%)            2M (0%)           2 / 1              0 / 0              0 / 0        
[2026-06-26T14:10:27.649-0300][984.877s][3772][6460 ][info][gc,reloc    ] GC(95) y: Survivor 4         2M (0%)            1M (0%)           2 / 1              0 / 0              0 / 0        
[2026-06-26T14:10:27.649-0300][984.877s][3772][6460 ][info][gc,reloc    ] GC(95) y: Survivor 5         1M (0%)            4M (0%)           3 / 2              0 / 0              0 / 0        
[2026-06-26T14:10:27.649-0300][984.877s][3772][6460 ][info][gc,reloc    ] GC(95) y: Survivor 6         1M (0%)            2M (0%)           2 / 1              0 / 0              0 / 0        
[2026-06-26T14:10:27.649-0300][984.877s][3772][6460 ][info][gc,reloc    ] GC(95) y: Survivor 7         1M (0%)            4M (0%)           3 / 3              0 / 0              0 / 0        
[2026-06-26T14:10:27.649-0300][984.877s][3772][6460 ][info][gc,reloc    ] GC(95) y: Survivor 8         0M (0%)            1M (0%)           1 / 0              0 / 0              0 / 0        
[2026-06-26T14:10:27.649-0300][984.877s][3772][6460 ][info][gc,heap     ] GC(95) y: Min Capacity: 8M(0%)
[2026-06-26T14:10:27.649-0300][984.877s][3772][6460 ][info][gc,heap     ] GC(95) y: Max Capacity: 3072M(100%)
[2026-06-26T14:10:27.649-0300][984.877s][3772][6460 ][info][gc,heap     ] GC(95) y: Soft Max Capacity: 3072M(100%)
[2026-06-26T14:10:27.649-0300][984.877s][3772][6460 ][info][gc,heap     ] GC(95) y: Heap Statistics:
[2026-06-26T14:10:27.649-0300][984.877s][3772][6460 ][info][gc,heap     ] GC(95) y:                Mark Start          Mark End        Relocate Start      Relocate End           High               Low         
[2026-06-26T14:10:27.649-0300][984.877s][3772][6460 ][info][gc,heap     ] GC(95) y:  Capacity:     2976M (97%)        2976M (97%)        2976M (97%)        2976M (97%)        2976M (97%)        2976M (97%)    
[2026-06-26T14:10:27.649-0300][984.877s][3772][6460 ][info][gc,heap     ] GC(95) y:      Free:      190M (6%)          162M (5%)          442M (14%)        1102M (36%)        1102M (36%)         162M (5%)     
[2026-06-26T14:10:27.649-0300][984.877s][3772][6460 ][info][gc,heap     ] GC(95) y:      Used:     2882M (94%)        2910M (95%)        2630M (86%)        1970M (64%)        2910M (95%)        1970M (64%)    
[2026-06-26T14:10:27.649-0300][984.877s][3772][6460 ][info][gc,heap     ] GC(95) y: Young Generation Statistics:
[2026-06-26T14:10:27.649-0300][984.877s][3772][6460 ][info][gc,heap     ] GC(95) y:                Mark Start          Mark End        Relocate Start      Relocate End    
[2026-06-26T14:10:27.649-0300][984.877s][3772][6460 ][info][gc,heap     ] GC(95) y:      Used:     1012M (33%)        1040M (34%)         760M (25%)          98M (3%)     
[2026-06-26T14:10:27.649-0300][984.877s][3772][6460 ][info][gc,heap     ] GC(95) y:      Live:         -                35M (1%)           35M (1%)           34M (1%)     
[2026-06-26T14:10:27.649-0300][984.877s][3772][6460 ][info][gc,heap     ] GC(95) y:   Garbage:         -               976M (32%)         696M (23%)           2M (0%)     
[2026-06-26T14:10:27.649-0300][984.877s][3772][6460 ][info][gc,heap     ] GC(95) y: Allocated:         -                28M (1%)           28M (1%)           60M (2%)     
[2026-06-26T14:10:27.649-0300][984.877s][3772][6460 ][info][gc,heap     ] GC(95) y: Reclaimed:         -                  -               280M (9%)          973M (32%)    
[2026-06-26T14:10:27.649-0300][984.877s][3772][6460 ][info][gc,heap     ] GC(95) y:  Promoted:         -                  -                 0M (0%)            0M (0%)     
[2026-06-26T14:10:27.649-0300][984.877s][3772][6460 ][info][gc,heap     ] GC(95) y: Compacted:         -                  -                  -                25M (1%)     
[2026-06-26T14:10:27.649-0300][984.877s][3772][6460 ][info][gc,phases   ] GC(95) y: Young Generation 2882M(94%)->1970M(64%) 0.230s
[2026-06-26T14:10:27.649-0300][984.877s][3772][6460 ][info][gc          ] GC(95) Minor Collection (High Usage) 2882M(94%)->1970M(64%) 0.231s
[2026-06-26T14:10:47.477-0300][1004.704s][3772][6460 ][info][gc          ] GC(96) Minor Collection (High Usage)
[2026-06-26T14:10:47.477-0300][1004.704s][3772][6460 ][info][gc,task     ] GC(96) Using 1 Workers for Young Generation
[2026-06-26T14:10:47.477-0300][1004.704s][3772][6460 ][info][gc,phases   ] GC(96) y: Young Generation
[2026-06-26T14:10:47.477-0300][1004.704s][3772][1692 ][info][gc,phases   ] GC(96) y: Pause Mark Start 0.011ms
[2026-06-26T14:10:47.602-0300][1004.829s][3772][6460 ][info][gc,phases   ] GC(96) y: Concurrent Mark 125.101ms
[2026-06-26T14:10:47.602-0300][1004.829s][3772][1692 ][info][gc,phases   ] GC(96) y: Pause Mark End 0.014ms
[2026-06-26T14:10:47.602-0300][1004.829s][3772][6460 ][info][gc,phases   ] GC(96) y: Concurrent Mark Free 0.003ms
[2026-06-26T14:10:47.602-0300][1004.829s][3772][6460 ][info][gc,phases   ] GC(96) y: Concurrent Reset Relocation Set 0.016ms
[2026-06-26T14:10:47.602-0300][1004.830s][3772][6460 ][info][gc,reloc    ] GC(96) y: Using tenuring threshold: 5 (Computed)
[2026-06-26T14:10:47.607-0300][1004.833s][3772][6460 ][info][gc,phases   ] GC(96) y: Concurrent Select Relocation Set 3.957ms
[2026-06-26T14:10:47.607-0300][1004.834s][3772][1692 ][info][gc,phases   ] GC(96) y: Pause Relocate Start 0.010ms
[2026-06-26T14:10:47.622-0300][1004.849s][3772][6460 ][info][gc,phases   ] GC(96) y: Concurrent Relocate 15.173ms
[2026-06-26T14:10:47.622-0300][1004.849s][3772][6460 ][info][gc,alloc    ] GC(96) y:                         Mark Start        Mark End      Relocate Start    Relocate End   
[2026-06-26T14:10:47.622-0300][1004.849s][3772][6460 ][info][gc,alloc    ] GC(96) y: Allocation Stalls:          0                0                0                0         
[2026-06-26T14:10:47.622-0300][1004.849s][3772][6460 ][info][gc,load     ] GC(96) y: Load: 0.00 (0%) / 0.00 (0%) / 0.00 (0%)
[2026-06-26T14:10:47.622-0300][1004.849s][3772][6460 ][info][gc,mmu      ] GC(96) y: MMU: 2ms/97.1%, 5ms/98.8%, 10ms/99.4%, 20ms/99.6%, 50ms/99.8%, 100ms/99.9%
[2026-06-26T14:10:47.622-0300][1004.849s][3772][6460 ][info][gc,marking  ] GC(96) y: Mark: 1 stripe(s), 2 proactive flush(es), 1 terminate flush(es), 0 completion(s), 0 continuation(s) 
[2026-06-26T14:10:47.622-0300][1004.849s][3772][6460 ][info][gc,nmethod  ] GC(96) y: NMethods: 11522 registered, 10991 unregistered
[2026-06-26T14:10:47.622-0300][1004.849s][3772][6460 ][info][gc,metaspace] GC(96) y: Metaspace: 81M used, 84M committed, 1152M reserved
[2026-06-26T14:10:47.622-0300][1004.849s][3772][6460 ][info][gc,reloc    ] GC(96) y:                        Candidates     Selected     In-Place         Size        Empty    Relocated 
[2026-06-26T14:10:47.622-0300][1004.849s][3772][6460 ][info][gc,reloc    ] GC(96) y: Small Pages:                  505           82            0        1010M         802M           5M 
[2026-06-26T14:10:47.622-0300][1004.849s][3772][6460 ][info][gc,reloc    ] GC(96) y: Medium Pages:                   0            0            0           0M           0M           0M 
[2026-06-26T14:10:47.622-0300][1004.849s][3772][6460 ][info][gc,reloc    ] GC(96) y: Large Pages:                    0            0            0           0M           0M           0M 
[2026-06-26T14:10:47.622-0300][1004.849s][3772][6460 ][info][gc,reloc    ] GC(96) y: Forwarding Usage: 3M
[2026-06-26T14:10:47.622-0300][1004.849s][3772][6460 ][info][gc,reloc    ] GC(96) y: Age Table:
[2026-06-26T14:10:47.622-0300][1004.849s][3772][6460 ][info][gc,reloc    ] GC(96) y:                    Live             Garbage             Small              Medium             Large        
[2026-06-26T14:10:47.622-0300][1004.849s][3772][6460 ][info][gc,reloc    ] GC(96) y: Eden               4M (0%)          937M (31%)        471 / 66             0 / 0              0 / 0        
[2026-06-26T14:10:47.622-0300][1004.849s][3772][6460 ][info][gc,reloc    ] GC(96) y: Survivor 1        19M (1%)            6M (0%)          13 / 4              0 / 0              0 / 0        
[2026-06-26T14:10:47.622-0300][1004.849s][3772][6460 ][info][gc,reloc    ] GC(96) y: Survivor 2         4M (0%)            3M (0%)           4 / 1              0 / 0              0 / 0        
[2026-06-26T14:10:47.622-0300][1004.849s][3772][6460 ][info][gc,reloc    ] GC(96) y: Survivor 3         2M (0%)            3M (0%)           3 / 2              0 / 0              0 / 0        
[2026-06-26T14:10:47.622-0300][1004.849s][3772][6460 ][info][gc,reloc    ] GC(96) y: Survivor 4         1M (0%)            4M (0%)           3 / 2              0 / 0              0 / 0        
[2026-06-26T14:10:47.622-0300][1004.849s][3772][6460 ][info][gc,reloc    ] GC(96) y: Survivor 5         2M (0%)            3M (0%)           3 / 2              0 / 0              0 / 0        
[2026-06-26T14:10:47.622-0300][1004.849s][3772][6460 ][info][gc,reloc    ] GC(96) y: Survivor 6         1M (0%)            4M (0%)           3 / 2              0 / 0              0 / 0        
[2026-06-26T14:10:47.622-0300][1004.849s][3772][6460 ][info][gc,reloc    ] GC(96) y: Survivor 7         1M (0%)            4M (0%)           3 / 1              0 / 0              0 / 0        
[2026-06-26T14:10:47.622-0300][1004.849s][3772][6460 ][info][gc,reloc    ] GC(96) y: Survivor 8         1M (0%)            2M (0%)           2 / 2              0 / 0              0 / 0        
[2026-06-26T14:10:47.622-0300][1004.849s][3772][6460 ][info][gc,heap     ] GC(96) y: Min Capacity: 8M(0%)
[2026-06-26T14:10:47.622-0300][1004.849s][3772][6460 ][info][gc,heap     ] GC(96) y: Max Capacity: 3072M(100%)
[2026-06-26T14:10:47.622-0300][1004.849s][3772][6460 ][info][gc,heap     ] GC(96) y: Soft Max Capacity: 3072M(100%)
[2026-06-26T14:10:47.622-0300][1004.849s][3772][6460 ][info][gc,heap     ] GC(96) y: Heap Statistics:
[2026-06-26T14:10:47.622-0300][1004.849s][3772][6460 ][info][gc,heap     ] GC(96) y:                Mark Start          Mark End        Relocate Start      Relocate End           High               Low         
[2026-06-26T14:10:47.622-0300][1004.849s][3772][6460 ][info][gc,heap     ] GC(96) y:  Capacity:     2976M (97%)        2976M (97%)        2976M (97%)        2976M (97%)        2976M (97%)        2976M (97%)    
[2026-06-26T14:10:47.622-0300][1004.849s][3772][6460 ][info][gc,heap     ] GC(96) y:      Free:      190M (6%)          170M (6%)          972M (32%)        1124M (37%)        1124M (37%)         170M (6%)     
[2026-06-26T14:10:47.622-0300][1004.849s][3772][6460 ][info][gc,heap     ] GC(96) y:      Used:     2882M (94%)        2902M (94%)        2100M (68%)        1948M (63%)        2902M (94%)        1948M (63%)    
[2026-06-26T14:10:47.622-0300][1004.849s][3772][6460 ][info][gc,heap     ] GC(96) y: Young Generation Statistics:
[2026-06-26T14:10:47.622-0300][1004.849s][3772][6460 ][info][gc,heap     ] GC(96) y:                Mark Start          Mark End        Relocate Start      Relocate End    
[2026-06-26T14:10:47.622-0300][1004.849s][3772][6460 ][info][gc,heap     ] GC(96) y:      Used:     1010M (33%)        1030M (34%)         224M (7%)           68M (2%)     
[2026-06-26T14:10:47.622-0300][1004.849s][3772][6460 ][info][gc,heap     ] GC(96) y:      Live:         -                39M (1%)           35M (1%)           32M (1%)     
[2026-06-26T14:10:47.622-0300][1004.849s][3772][6460 ][info][gc,heap     ] GC(96) y:   Garbage:         -               970M (32%)         168M (5%)            2M (0%)     
[2026-06-26T14:10:47.622-0300][1004.849s][3772][6460 ][info][gc,heap     ] GC(96) y: Allocated:         -                20M (1%)           20M (1%)           32M (1%)     
[2026-06-26T14:10:47.622-0300][1004.849s][3772][6460 ][info][gc,heap     ] GC(96) y: Reclaimed:         -                  -               802M (26%)         968M (32%)    
[2026-06-26T14:10:47.622-0300][1004.849s][3772][6460 ][info][gc,heap     ] GC(96) y:  Promoted:         -                  -                 3M (0%)            6M (0%)     
[2026-06-26T14:10:47.622-0300][1004.849s][3772][6460 ][info][gc,heap     ] GC(96) y: Compacted:         -                  -                  -                 7M (0%)     
[2026-06-26T14:10:47.622-0300][1004.849s][3772][6460 ][info][gc,phases   ] GC(96) y: Young Generation 2882M(94%)->1948M(63%) 0.145s
[2026-06-26T14:10:47.622-0300][1004.849s][3772][6460 ][info][gc          ] GC(96) Minor Collection (High Usage) 2882M(94%)->1948M(63%) 0.145s
[2026-06-26T14:11:06.162-0300][1023.389s][3772][6460 ][info][gc          ] GC(97) Minor Collection (High Usage)
[2026-06-26T14:11:06.162-0300][1023.389s][3772][6460 ][info][gc,task     ] GC(97) Using 1 Workers for Young Generation
[2026-06-26T14:11:06.162-0300][1023.389s][3772][6460 ][info][gc,phases   ] GC(97) y: Young Generation
[2026-06-26T14:11:06.162-0300][1023.389s][3772][1692 ][info][gc,phases   ] GC(97) y: Pause Mark Start 0.009ms
[2026-06-26T14:11:06.258-0300][1023.485s][3772][6460 ][info][gc,phases   ] GC(97) y: Concurrent Mark 95.614ms
[2026-06-26T14:11:06.258-0300][1023.485s][3772][1692 ][info][gc,phases   ] GC(97) y: Pause Mark End 0.015ms
[2026-06-26T14:11:06.258-0300][1023.485s][3772][6460 ][info][gc,phases   ] GC(97) y: Concurrent Mark Free 0.002ms
[2026-06-26T14:11:06.258-0300][1023.485s][3772][6460 ][info][gc,phases   ] GC(97) y: Concurrent Reset Relocation Set 0.239ms
[2026-06-26T14:11:06.258-0300][1023.485s][3772][6460 ][info][gc,reloc    ] GC(97) y: Using tenuring threshold: 2 (Computed)
[2026-06-26T14:11:06.273-0300][1023.500s][3772][6460 ][info][gc,phases   ] GC(97) y: Concurrent Select Relocation Set 15.072ms
[2026-06-26T14:11:06.273-0300][1023.500s][3772][1692 ][info][gc,phases   ] GC(97) y: Pause Relocate Start 0.010ms
[2026-06-26T14:11:06.302-0300][1023.529s][3772][6460 ][info][gc,phases   ] GC(97) y: Concurrent Relocate 28.802ms
[2026-06-26T14:11:06.302-0300][1023.529s][3772][6460 ][info][gc,alloc    ] GC(97) y:                         Mark Start        Mark End      Relocate Start    Relocate End   
[2026-06-26T14:11:06.302-0300][1023.529s][3772][6460 ][info][gc,alloc    ] GC(97) y: Allocation Stalls:          0                0                0                0         
[2026-06-26T14:11:06.302-0300][1023.529s][3772][6460 ][info][gc,load     ] GC(97) y: Load: 0.00 (0%) / 0.00 (0%) / 0.00 (0%)
[2026-06-26T14:11:06.302-0300][1023.529s][3772][6460 ][info][gc,mmu      ] GC(97) y: MMU: 2ms/97.1%, 5ms/98.8%, 10ms/99.4%, 20ms/99.6%, 50ms/99.8%, 100ms/99.9%
[2026-06-26T14:11:06.302-0300][1023.529s][3772][6460 ][info][gc,marking  ] GC(97) y: Mark: 1 stripe(s), 2 proactive flush(es), 1 terminate flush(es), 0 completion(s), 0 continuation(s) 
[2026-06-26T14:11:06.302-0300][1023.529s][3772][6460 ][info][gc,nmethod  ] GC(97) y: NMethods: 11590 registered, 10991 unregistered
[2026-06-26T14:11:06.302-0300][1023.529s][3772][6460 ][info][gc,metaspace] GC(97) y: Metaspace: 81M used, 84M committed, 1152M reserved
[2026-06-26T14:11:06.302-0300][1023.529s][3772][6460 ][info][gc,reloc    ] GC(97) y:                        Candidates     Selected     In-Place         Size        Empty    Relocated 
[2026-06-26T14:11:06.302-0300][1023.529s][3772][6460 ][info][gc,reloc    ] GC(97) y: Small Pages:                  501           80            0        1002M         806M           2M 
[2026-06-26T14:11:06.302-0300][1023.529s][3772][6460 ][info][gc,reloc    ] GC(97) y: Medium Pages:                   0            0            0           0M           0M           0M 
[2026-06-26T14:11:06.302-0300][1023.529s][3772][6460 ][info][gc,reloc    ] GC(97) y: Large Pages:                    0            0            0           0M           0M           0M 
[2026-06-26T14:11:06.302-0300][1023.529s][3772][6460 ][info][gc,reloc    ] GC(97) y: Forwarding Usage: 1M
[2026-06-26T14:11:06.302-0300][1023.529s][3772][6460 ][info][gc,reloc    ] GC(97) y: Age Table:
[2026-06-26T14:11:06.302-0300][1023.529s][3772][6460 ][info][gc,reloc    ] GC(97) y:                    Live             Garbage             Small              Medium             Large        
[2026-06-26T14:11:06.302-0300][1023.529s][3772][6460 ][info][gc,reloc    ] GC(97) y: Eden               0M (0%)          953M (31%)        477 / 73             0 / 0              0 / 0        
[2026-06-26T14:11:06.302-0300][1023.529s][3772][6460 ][info][gc,reloc    ] GC(97) y: Survivor 1         3M (0%)            4M (0%)           4 / 1              0 / 0              0 / 0        
[2026-06-26T14:11:06.302-0300][1023.529s][3772][6460 ][info][gc,reloc    ] GC(97) y: Survivor 2        18M (1%)            3M (0%)          11 / 1              0 / 0              0 / 0        
[2026-06-26T14:11:06.302-0300][1023.529s][3772][6460 ][info][gc,reloc    ] GC(97) y: Survivor 3         4M (0%)            3M (0%)           4 / 2              0 / 0              0 / 0        
[2026-06-26T14:11:06.302-0300][1023.529s][3772][6460 ][info][gc,reloc    ] GC(97) y: Survivor 4         2M (0%)            3M (0%)           3 / 2              0 / 0              0 / 0        
[2026-06-26T14:11:06.302-0300][1023.529s][3772][6460 ][info][gc,reloc    ] GC(97) y: Survivor 5         1M (0%)            2M (0%)           2 / 1              0 / 0              0 / 0        
[2026-06-26T14:11:06.302-0300][1023.529s][3772][6460 ][info][gc,heap     ] GC(97) y: Min Capacity: 8M(0%)
[2026-06-26T14:11:06.302-0300][1023.529s][3772][6460 ][info][gc,heap     ] GC(97) y: Max Capacity: 3072M(100%)
[2026-06-26T14:11:06.302-0300][1023.529s][3772][6460 ][info][gc,heap     ] GC(97) y: Soft Max Capacity: 3072M(100%)
[2026-06-26T14:11:06.302-0300][1023.529s][3772][6460 ][info][gc,heap     ] GC(97) y: Heap Statistics:
[2026-06-26T14:11:06.302-0300][1023.529s][3772][6460 ][info][gc,heap     ] GC(97) y:                Mark Start          Mark End        Relocate Start      Relocate End           High               Low         
[2026-06-26T14:11:06.302-0300][1023.530s][3772][6460 ][info][gc,heap     ] GC(97) y:  Capacity:     2976M (97%)        2976M (97%)        2976M (97%)        2976M (97%)        2976M (97%)        2976M (97%)    
[2026-06-26T14:11:06.302-0300][1023.530s][3772][6460 ][info][gc,heap     ] GC(97) y:      Free:      190M (6%)          170M (6%)          974M (32%)        1130M (37%)        1130M (37%)         170M (6%)     
[2026-06-26T14:11:06.302-0300][1023.530s][3772][6460 ][info][gc,heap     ] GC(97) y:      Used:     2882M (94%)        2902M (94%)        2098M (68%)        1942M (63%)        2902M (94%)        1942M (63%)    
[2026-06-26T14:11:06.302-0300][1023.530s][3772][6460 ][info][gc,heap     ] GC(97) y: Young Generation Statistics:
[2026-06-26T14:11:06.302-0300][1023.530s][3772][6460 ][info][gc,heap     ] GC(97) y:                Mark Start          Mark End        Relocate Start      Relocate End    
[2026-06-26T14:11:06.302-0300][1023.530s][3772][6460 ][info][gc,heap     ] GC(97) y:      Used:     1002M (33%)        1022M (33%)         192M (6%)           32M (1%)     
[2026-06-26T14:11:06.302-0300][1023.530s][3772][6460 ][info][gc,heap     ] GC(97) y:      Live:         -                32M (1%)            7M (0%)            4M (0%)     
[2026-06-26T14:11:06.302-0300][1023.530s][3772][6460 ][info][gc,heap     ] GC(97) y:   Garbage:         -               969M (32%)         162M (5%)            1M (0%)     
[2026-06-26T14:11:06.302-0300][1023.530s][3772][6460 ][info][gc,heap     ] GC(97) y: Allocated:         -                20M (1%)           22M (1%)           26M (1%)     
[2026-06-26T14:11:06.302-0300][1023.530s][3772][6460 ][info][gc,heap     ] GC(97) y: Reclaimed:         -                  -               807M (26%)         968M (32%)    
[2026-06-26T14:11:06.302-0300][1023.530s][3772][6460 ][info][gc,heap     ] GC(97) y:  Promoted:         -                  -                24M (1%)           27M (1%)     
[2026-06-26T14:11:06.302-0300][1023.530s][3772][6460 ][info][gc,heap     ] GC(97) y: Compacted:         -                  -                  -                 1M (0%)     
[2026-06-26T14:11:06.302-0300][1023.530s][3772][6460 ][info][gc,phases   ] GC(97) y: Young Generation 2882M(94%)->1942M(63%) 0.140s
[2026-06-26T14:11:06.302-0300][1023.530s][3772][6460 ][info][gc          ] GC(97) Minor Collection (High Usage) 2882M(94%)->1942M(63%) 0.141s
[2026-06-26T14:11:23.266-0300][1040.493s][3772][6460 ][info][gc          ] GC(98) Minor Collection (High Usage)
[2026-06-26T14:11:23.266-0300][1040.493s][3772][6460 ][info][gc,task     ] GC(98) Using 1 Workers for Young Generation
[2026-06-26T14:11:23.266-0300][1040.493s][3772][6460 ][info][gc,phases   ] GC(98) y: Young Generation
[2026-06-26T14:11:23.266-0300][1040.493s][3772][1692 ][info][gc,phases   ] GC(98) y: Pause Mark Start 0.011ms
[2026-06-26T14:11:23.317-0300][1040.544s][3772][6460 ][info][gc,phases   ] GC(98) y: Concurrent Mark 50.763ms
[2026-06-26T14:11:23.317-0300][1040.544s][3772][1692 ][info][gc,phases   ] GC(98) y: Pause Mark End 0.015ms
[2026-06-26T14:11:23.317-0300][1040.544s][3772][6460 ][info][gc,phases   ] GC(98) y: Concurrent Mark Free 0.004ms
[2026-06-26T14:11:23.317-0300][1040.545s][3772][6460 ][info][gc,phases   ] GC(98) y: Concurrent Reset Relocation Set 0.376ms
[2026-06-26T14:11:23.317-0300][1040.545s][3772][6460 ][info][gc,reloc    ] GC(98) y: Using tenuring threshold: 1 (Computed)
[2026-06-26T14:11:23.319-0300][1040.546s][3772][6460 ][info][gc,phases   ] GC(98) y: Concurrent Select Relocation Set 1.416ms
[2026-06-26T14:11:23.319-0300][1040.546s][3772][1692 ][info][gc,phases   ] GC(98) y: Pause Relocate Start 0.010ms
[2026-06-26T14:11:23.325-0300][1040.552s][3772][6460 ][info][gc,phases   ] GC(98) y: Concurrent Relocate 5.830ms
[2026-06-26T14:11:23.325-0300][1040.552s][3772][6460 ][info][gc,alloc    ] GC(98) y:                         Mark Start        Mark End      Relocate Start    Relocate End   
[2026-06-26T14:11:23.325-0300][1040.552s][3772][6460 ][info][gc,alloc    ] GC(98) y: Allocation Stalls:          0                0                0                0         
[2026-06-26T14:11:23.325-0300][1040.552s][3772][6460 ][info][gc,load     ] GC(98) y: Load: 0.00 (0%) / 0.00 (0%) / 0.00 (0%)
[2026-06-26T14:11:23.325-0300][1040.552s][3772][6460 ][info][gc,mmu      ] GC(98) y: MMU: 2ms/97.1%, 5ms/98.8%, 10ms/99.4%, 20ms/99.6%, 50ms/99.8%, 100ms/99.9%
[2026-06-26T14:11:23.325-0300][1040.552s][3772][6460 ][info][gc,marking  ] GC(98) y: Mark: 1 stripe(s), 2 proactive flush(es), 1 terminate flush(es), 0 completion(s), 0 continuation(s) 
[2026-06-26T14:11:23.325-0300][1040.552s][3772][6460 ][info][gc,nmethod  ] GC(98) y: NMethods: 11620 registered, 10991 unregistered
[2026-06-26T14:11:23.325-0300][1040.552s][3772][6460 ][info][gc,metaspace] GC(98) y: Metaspace: 81M used, 84M committed, 1152M reserved
[2026-06-26T14:11:23.325-0300][1040.552s][3772][6460 ][info][gc,reloc    ] GC(98) y:                        Candidates     Selected     In-Place         Size        Empty    Relocated 
[2026-06-26T14:11:23.325-0300][1040.552s][3772][6460 ][info][gc,reloc    ] GC(98) y: Small Pages:                  486          113            0         972M         738M           2M 
[2026-06-26T14:11:23.325-0300][1040.552s][3772][6460 ][info][gc,reloc    ] GC(98) y: Medium Pages:                   0            0            0           0M           0M           0M 
[2026-06-26T14:11:23.325-0300][1040.552s][3772][6460 ][info][gc,reloc    ] GC(98) y: Large Pages:                    0            0            0           0M           0M           0M 
[2026-06-26T14:11:23.325-0300][1040.552s][3772][6460 ][info][gc,reloc    ] GC(98) y: Forwarding Usage: 0M
[2026-06-26T14:11:23.325-0300][1040.552s][3772][6460 ][info][gc,reloc    ] GC(98) y: Age Table:
[2026-06-26T14:11:23.325-0300][1040.552s][3772][6460 ][info][gc,reloc    ] GC(98) y:                    Live             Garbage             Small              Medium             Large        
[2026-06-26T14:11:23.325-0300][1040.552s][3772][6460 ][info][gc,reloc    ] GC(98) y: Eden               1M (0%)          960M (31%)        481 / 111            0 / 0              0 / 0        
[2026-06-26T14:11:23.325-0300][1040.552s][3772][6460 ][info][gc,reloc    ] GC(98) y: Survivor 1         0M (0%)            3M (0%)           2 / 1              0 / 0              0 / 0        
[2026-06-26T14:11:23.325-0300][1040.552s][3772][6460 ][info][gc,reloc    ] GC(98) y: Survivor 2         3M (0%)            2M (0%)           3 / 1              0 / 0              0 / 0        
[2026-06-26T14:11:23.325-0300][1040.552s][3772][6460 ][info][gc,heap     ] GC(98) y: Min Capacity: 8M(0%)
[2026-06-26T14:11:23.325-0300][1040.552s][3772][6460 ][info][gc,heap     ] GC(98) y: Max Capacity: 3072M(100%)
[2026-06-26T14:11:23.325-0300][1040.552s][3772][6460 ][info][gc,heap     ] GC(98) y: Soft Max Capacity: 3072M(100%)
[2026-06-26T14:11:23.325-0300][1040.552s][3772][6460 ][info][gc,heap     ] GC(98) y: Heap Statistics:
[2026-06-26T14:11:23.325-0300][1040.552s][3772][6460 ][info][gc,heap     ] GC(98) y:                Mark Start          Mark End        Relocate Start      Relocate End           High               Low         
[2026-06-26T14:11:23.325-0300][1040.552s][3772][6460 ][info][gc,heap     ] GC(98) y:  Capacity:     2976M (97%)        2976M (97%)        2976M (97%)        2976M (97%)        2976M (97%)        2976M (97%)    
[2026-06-26T14:11:23.325-0300][1040.552s][3772][6460 ][info][gc,heap     ] GC(98) y:      Free:      190M (6%)          172M (6%)          910M (30%)        1134M (37%)        1134M (37%)         172M (6%)     
[2026-06-26T14:11:23.325-0300][1040.552s][3772][6460 ][info][gc,heap     ] GC(98) y:      Used:     2882M (94%)        2900M (94%)        2162M (70%)        1938M (63%)        2900M (94%)        1938M (63%)    
[2026-06-26T14:11:23.325-0300][1040.552s][3772][6460 ][info][gc,heap     ] GC(98) y: Young Generation Statistics:
[2026-06-26T14:11:23.325-0300][1040.552s][3772][6460 ][info][gc,heap     ] GC(98) y:                Mark Start          Mark End        Relocate Start      Relocate End    
[2026-06-26T14:11:23.325-0300][1040.552s][3772][6460 ][info][gc,heap     ] GC(98) y:      Used:      972M (32%)         990M (32%)         248M (8%)           22M (1%)     
[2026-06-26T14:11:23.325-0300][1040.552s][3772][6460 ][info][gc,heap     ] GC(98) y:      Live:         -                 5M (0%)            3M (0%)            1M (0%)     
[2026-06-26T14:11:23.325-0300][1040.552s][3772][6460 ][info][gc,heap     ] GC(98) y:   Garbage:         -               966M (31%)         226M (7%)            0M (0%)     
[2026-06-26T14:11:23.325-0300][1040.552s][3772][6460 ][info][gc,heap     ] GC(98) y: Allocated:         -                18M (1%)           18M (1%)           20M (1%)     
[2026-06-26T14:11:23.325-0300][1040.552s][3772][6460 ][info][gc,heap     ] GC(98) y: Reclaimed:         -                  -               739M (24%)         966M (31%)    
[2026-06-26T14:11:23.325-0300][1040.552s][3772][6460 ][info][gc,heap     ] GC(98) y:  Promoted:         -                  -                 2M (0%)            4M (0%)     
[2026-06-26T14:11:23.325-0300][1040.552s][3772][6460 ][info][gc,heap     ] GC(98) y: Compacted:         -                  -                  -                 1M (0%)     
[2026-06-26T14:11:23.325-0300][1040.552s][3772][6460 ][info][gc,phases   ] GC(98) y: Young Generation 2882M(94%)->1938M(63%) 0.059s
[2026-06-26T14:11:23.325-0300][1040.552s][3772][6460 ][info][gc          ] GC(98) Minor Collection (High Usage) 2882M(94%)->1938M(63%) 0.059s
[2026-06-26T14:11:38.317-0300][1055.543s][3772][6460 ][info][gc          ] GC(99) Minor Collection (High Usage)
[2026-06-26T14:11:38.317-0300][1055.543s][3772][6460 ][info][gc,task     ] GC(99) Using 1 Workers for Young Generation
[2026-06-26T14:11:38.317-0300][1055.543s][3772][6460 ][info][gc,phases   ] GC(99) y: Young Generation
[2026-06-26T14:11:38.317-0300][1055.543s][3772][1692 ][info][gc,phases   ] GC(99) y: Pause Mark Start 0.010ms
[2026-06-26T14:11:38.352-0300][1055.579s][3772][6460 ][info][gc,phases   ] GC(99) y: Concurrent Mark 35.482ms
[2026-06-26T14:11:38.352-0300][1055.579s][3772][1692 ][info][gc,phases   ] GC(99) y: Pause Mark End 0.013ms
[2026-06-26T14:11:38.352-0300][1055.579s][3772][6460 ][info][gc,phases   ] GC(99) y: Concurrent Mark Free 0.003ms
[2026-06-26T14:11:38.352-0300][1055.579s][3772][6460 ][info][gc,phases   ] GC(99) y: Concurrent Reset Relocation Set 0.272ms
[2026-06-26T14:11:38.352-0300][1055.579s][3772][6460 ][info][gc,reloc    ] GC(99) y: Using tenuring threshold: 2 (Computed)
[2026-06-26T14:11:38.353-0300][1055.580s][3772][6460 ][info][gc,phases   ] GC(99) y: Concurrent Select Relocation Set 0.366ms
[2026-06-26T14:11:38.353-0300][1055.580s][3772][1692 ][info][gc,phases   ] GC(99) y: Pause Relocate Start 0.005ms
[2026-06-26T14:11:38.355-0300][1055.582s][3772][6460 ][info][gc,phases   ] GC(99) y: Concurrent Relocate 2.567ms
[2026-06-26T14:11:38.355-0300][1055.582s][3772][6460 ][info][gc,alloc    ] GC(99) y:                         Mark Start        Mark End      Relocate Start    Relocate End   
[2026-06-26T14:11:38.355-0300][1055.582s][3772][6460 ][info][gc,alloc    ] GC(99) y: Allocation Stalls:          0                0                0                0         
[2026-06-26T14:11:38.355-0300][1055.582s][3772][6460 ][info][gc,load     ] GC(99) y: Load: 0.00 (0%) / 0.00 (0%) / 0.00 (0%)
[2026-06-26T14:11:38.355-0300][1055.582s][3772][6460 ][info][gc,mmu      ] GC(99) y: MMU: 2ms/97.1%, 5ms/98.8%, 10ms/99.4%, 20ms/99.6%, 50ms/99.8%, 100ms/99.9%
[2026-06-26T14:11:38.355-0300][1055.582s][3772][6460 ][info][gc,marking  ] GC(99) y: Mark: 1 stripe(s), 2 proactive flush(es), 1 terminate flush(es), 0 completion(s), 0 continuation(s) 
[2026-06-26T14:11:38.355-0300][1055.582s][3772][6460 ][info][gc,nmethod  ] GC(99) y: NMethods: 11709 registered, 10991 unregistered
[2026-06-26T14:11:38.355-0300][1055.582s][3772][6460 ][info][gc,metaspace] GC(99) y: Metaspace: 81M used, 84M committed, 1152M reserved
[2026-06-26T14:11:38.355-0300][1055.582s][3772][6460 ][info][gc,reloc    ] GC(99) y:                        Candidates     Selected     In-Place         Size        Empty    Relocated 
[2026-06-26T14:11:38.355-0300][1055.582s][3772][6460 ][info][gc,reloc    ] GC(99) y: Small Pages:                  483          119            0         966M         724M           0M 
[2026-06-26T14:11:38.355-0300][1055.582s][3772][6460 ][info][gc,reloc    ] GC(99) y: Medium Pages:                   0            0            0           0M           0M           0M 
[2026-06-26T14:11:38.355-0300][1055.582s][3772][6460 ][info][gc,reloc    ] GC(99) y: Large Pages:                    0            0            0           0M           0M           0M 
[2026-06-26T14:11:38.355-0300][1055.582s][3772][6460 ][info][gc,reloc    ] GC(99) y: Forwarding Usage: 0M
[2026-06-26T14:11:38.355-0300][1055.582s][3772][6460 ][info][gc,reloc    ] GC(99) y: Age Table:
[2026-06-26T14:11:38.355-0300][1055.583s][3772][6460 ][info][gc,reloc    ] GC(99) y:                    Live             Garbage             Small              Medium             Large        
[2026-06-26T14:11:38.355-0300][1055.583s][3772][6460 ][info][gc,reloc    ] GC(99) y: Eden               0M (0%)          961M (31%)        481 / 119            0 / 0              0 / 0        
[2026-06-26T14:11:38.355-0300][1055.583s][3772][6460 ][info][gc,reloc    ] GC(99) y: Survivor 1         1M (0%)            2M (0%)           2 / 0              0 / 0              0 / 0        
[2026-06-26T14:11:38.355-0300][1055.583s][3772][6460 ][info][gc,heap     ] GC(99) y: Min Capacity: 8M(0%)
[2026-06-26T14:11:38.355-0300][1055.583s][3772][6460 ][info][gc,heap     ] GC(99) y: Max Capacity: 3072M(100%)
[2026-06-26T14:11:38.355-0300][1055.583s][3772][6460 ][info][gc,heap     ] GC(99) y: Soft Max Capacity: 3072M(100%)
[2026-06-26T14:11:38.355-0300][1055.583s][3772][6460 ][info][gc,heap     ] GC(99) y: Heap Statistics:
[2026-06-26T14:11:38.355-0300][1055.583s][3772][6460 ][info][gc,heap     ] GC(99) y:                Mark Start          Mark End        Relocate Start      Relocate End           High               Low         
[2026-06-26T14:11:38.355-0300][1055.583s][3772][6460 ][info][gc,heap     ] GC(99) y:  Capacity:     2976M (97%)        2976M (97%)        2976M (97%)        2976M (97%)        2976M (97%)        2976M (97%)    
[2026-06-26T14:11:38.355-0300][1055.583s][3772][6460 ][info][gc,heap     ] GC(99) y:      Free:      190M (6%)          174M (6%)          898M (29%)        1132M (37%)        1132M (37%)         174M (6%)     
[2026-06-26T14:11:38.355-0300][1055.583s][3772][6460 ][info][gc,heap     ] GC(99) y:      Used:     2882M (94%)        2898M (94%)        2174M (71%)        1940M (63%)        2898M (94%)        1940M (63%)    
[2026-06-26T14:11:38.355-0300][1055.583s][3772][6460 ][info][gc,heap     ] GC(99) y: Young Generation Statistics:
[2026-06-26T14:11:38.355-0300][1055.583s][3772][6460 ][info][gc,heap     ] GC(99) y:                Mark Start          Mark End        Relocate Start      Relocate End    
[2026-06-26T14:11:38.355-0300][1055.583s][3772][6460 ][info][gc,heap     ] GC(99) y:      Used:      966M (31%)         982M (32%)         258M (8%)           24M (1%)     
[2026-06-26T14:11:38.355-0300][1055.583s][3772][6460 ][info][gc,heap     ] GC(99) y:      Live:         -                 1M (0%)            1M (0%)            1M (0%)     
[2026-06-26T14:11:38.355-0300][1055.583s][3772][6460 ][info][gc,heap     ] GC(99) y:   Garbage:         -               964M (31%)         240M (8%)            0M (0%)     
[2026-06-26T14:11:38.355-0300][1055.583s][3772][6460 ][info][gc,heap     ] GC(99) y: Allocated:         -                16M (1%)           16M (1%)           21M (1%)     
[2026-06-26T14:11:38.355-0300][1055.583s][3772][6460 ][info][gc,heap     ] GC(99) y: Reclaimed:         -                  -               724M (24%)         963M (31%)    
[2026-06-26T14:11:38.355-0300][1055.583s][3772][6460 ][info][gc,heap     ] GC(99) y:  Promoted:         -                  -                 0M (0%)            0M (0%)     
[2026-06-26T14:11:38.355-0300][1055.583s][3772][6460 ][info][gc,heap     ] GC(99) y: Compacted:         -                  -                  -                 0M (0%)     
[2026-06-26T14:11:38.355-0300][1055.583s][3772][6460 ][info][gc,phases   ] GC(99) y: Young Generation 2882M(94%)->1940M(63%) 0.039s
[2026-06-26T14:11:38.355-0300][1055.583s][3772][6460 ][info][gc          ] GC(99) Minor Collection (High Usage) 2882M(94%)->1940M(63%) 0.040s
[2026-06-26T14:11:47.283-0300][1064.509s][3772][8616 ][info][gc          ] GC(100) Major Collection (Proactive)
[2026-06-26T14:11:47.283-0300][1064.509s][3772][8616 ][info][gc,task     ] GC(100) Using 1 Workers for Young Generation
[2026-06-26T14:11:47.283-0300][1064.510s][3772][8616 ][info][gc,task     ] GC(100) Using 1 Workers for Old Generation
[2026-06-26T14:11:47.283-0300][1064.510s][3772][8616 ][info][gc,phases   ] GC(100) Y: Young Generation
[2026-06-26T14:11:47.283-0300][1064.510s][3772][1692 ][info][gc,phases   ] GC(100) Y: Pause Mark Start (Major) 0.013ms
[2026-06-26T14:11:47.312-0300][1064.539s][3772][8616 ][info][gc,phases   ] GC(100) Y: Concurrent Mark 29.277ms
[2026-06-26T14:11:47.312-0300][1064.539s][3772][1692 ][info][gc,phases   ] GC(100) Y: Pause Mark End 0.013ms
[2026-06-26T14:11:47.312-0300][1064.539s][3772][8616 ][info][gc,phases   ] GC(100) Y: Concurrent Mark Free 0.003ms
[2026-06-26T14:11:47.312-0300][1064.539s][3772][8616 ][info][gc,phases   ] GC(100) Y: Concurrent Reset Relocation Set 0.004ms
[2026-06-26T14:11:47.313-0300][1064.539s][3772][8616 ][info][gc,reloc    ] GC(100) Y: Using tenuring threshold: 3 (Computed)
[2026-06-26T14:11:47.313-0300][1064.539s][3772][8616 ][info][gc,phases   ] GC(100) Y: Concurrent Select Relocation Set 0.262ms
[2026-06-26T14:11:47.313-0300][1064.539s][3772][1692 ][info][gc,phases   ] GC(100) Y: Pause Relocate Start 0.006ms
[2026-06-26T14:11:47.314-0300][1064.541s][3772][8616 ][info][gc,phases   ] GC(100) Y: Concurrent Relocate 1.201ms
[2026-06-26T14:11:47.314-0300][1064.541s][3772][8616 ][info][gc,alloc    ] GC(100) Y:                         Mark Start        Mark End      Relocate Start    Relocate End   
[2026-06-26T14:11:47.314-0300][1064.541s][3772][8616 ][info][gc,alloc    ] GC(100) Y: Allocation Stalls:          0                0                0                0         
[2026-06-26T14:11:47.314-0300][1064.541s][3772][8616 ][info][gc,load     ] GC(100) Y: Load: 0.00 (0%) / 0.00 (0%) / 0.00 (0%)
[2026-06-26T14:11:47.314-0300][1064.541s][3772][8616 ][info][gc,mmu      ] GC(100) Y: MMU: 2ms/97.1%, 5ms/98.8%, 10ms/99.4%, 20ms/99.6%, 50ms/99.8%, 100ms/99.9%
[2026-06-26T14:11:47.314-0300][1064.541s][3772][8616 ][info][gc,marking  ] GC(100) Y: Mark: 1 stripe(s), 2 proactive flush(es), 1 terminate flush(es), 0 completion(s), 0 continuation(s) 
[2026-06-26T14:11:47.314-0300][1064.541s][3772][8616 ][info][gc,nmethod  ] GC(100) Y: NMethods: 11727 registered, 10991 unregistered
[2026-06-26T14:11:47.314-0300][1064.541s][3772][8616 ][info][gc,metaspace] GC(100) Y: Metaspace: 81M used, 84M committed, 1152M reserved
[2026-06-26T14:11:47.314-0300][1064.541s][3772][8616 ][info][gc,reloc    ] GC(100) Y:                        Candidates     Selected     In-Place         Size        Empty    Relocated 
[2026-06-26T14:11:47.314-0300][1064.541s][3772][8616 ][info][gc,reloc    ] GC(100) Y: Small Pages:                  237           56            0         474M         358M           0M 
[2026-06-26T14:11:47.314-0300][1064.541s][3772][8616 ][info][gc,reloc    ] GC(100) Y: Medium Pages:                   0            0            0           0M           0M           0M 
[2026-06-26T14:11:47.314-0300][1064.541s][3772][8616 ][info][gc,reloc    ] GC(100) Y: Large Pages:                    0            0            0           0M           0M           0M 
[2026-06-26T14:11:47.314-0300][1064.541s][3772][8616 ][info][gc,reloc    ] GC(100) Y: Forwarding Usage: 0M
[2026-06-26T14:11:47.314-0300][1064.541s][3772][8616 ][info][gc,reloc    ] GC(100) Y: Age Table:
[2026-06-26T14:11:47.314-0300][1064.541s][3772][8616 ][info][gc,reloc    ] GC(100) Y:                    Live             Garbage             Small              Medium             Large        
[2026-06-26T14:11:47.314-0300][1064.541s][3772][8616 ][info][gc,reloc    ] GC(100) Y: Eden               0M (0%)          465M (15%)        233 / 54             0 / 0              0 / 0        
[2026-06-26T14:11:47.314-0300][1064.541s][3772][8616 ][info][gc,reloc    ] GC(100) Y: Survivor 1         0M (0%)            3M (0%)           2 / 1              0 / 0              0 / 0        
[2026-06-26T14:11:47.314-0300][1064.541s][3772][8616 ][info][gc,reloc    ] GC(100) Y: Survivor 2         1M (0%)            2M (0%)           2 / 1              0 / 0              0 / 0        
[2026-06-26T14:11:47.314-0300][1064.541s][3772][8616 ][info][gc,heap     ] GC(100) Y: Min Capacity: 8M(0%)
[2026-06-26T14:11:47.314-0300][1064.541s][3772][8616 ][info][gc,heap     ] GC(100) Y: Max Capacity: 3072M(100%)
[2026-06-26T14:11:47.314-0300][1064.541s][3772][8616 ][info][gc,heap     ] GC(100) Y: Soft Max Capacity: 3072M(100%)
[2026-06-26T14:11:47.314-0300][1064.541s][3772][8616 ][info][gc,heap     ] GC(100) Y: Heap Statistics:
[2026-06-26T14:11:47.314-0300][1064.541s][3772][8616 ][info][gc,heap     ] GC(100) Y:                Mark Start          Mark End        Relocate Start      Relocate End           High               Low         
[2026-06-26T14:11:47.314-0300][1064.541s][3772][8616 ][info][gc,heap     ] GC(100) Y:  Capacity:     2976M (97%)        2976M (97%)        2976M (97%)        2976M (97%)        2976M (97%)        2976M (97%)    
[2026-06-26T14:11:47.314-0300][1064.541s][3772][8616 ][info][gc,heap     ] GC(100) Y:      Free:      682M (22%)         664M (22%)        1022M (33%)        1120M (36%)        1120M (36%)         664M (22%)    
[2026-06-26T14:11:47.314-0300][1064.541s][3772][8616 ][info][gc,heap     ] GC(100) Y:      Used:     2390M (78%)        2408M (78%)        2050M (67%)        1952M (64%)        2408M (78%)        1952M (64%)    
[2026-06-26T14:11:47.314-0300][1064.541s][3772][8616 ][info][gc,heap     ] GC(100) Y: Young Generation Statistics:
[2026-06-26T14:11:47.314-0300][1064.541s][3772][8616 ][info][gc,heap     ] GC(100) Y:                Mark Start          Mark End        Relocate Start      Relocate End    
[2026-06-26T14:11:47.314-0300][1064.541s][3772][8616 ][info][gc,heap     ] GC(100) Y:      Used:      474M (15%)         492M (16%)         134M (4%)           36M (1%)     
[2026-06-26T14:11:47.314-0300][1064.541s][3772][8616 ][info][gc,heap     ] GC(100) Y:      Live:         -                 1M (0%)            1M (0%)            1M (0%)     
[2026-06-26T14:11:47.314-0300][1064.541s][3772][8616 ][info][gc,heap     ] GC(100) Y:   Garbage:         -               472M (15%)         114M (4%)            0M (0%)     
[2026-06-26T14:11:47.314-0300][1064.541s][3772][8616 ][info][gc,heap     ] GC(100) Y: Allocated:         -                18M (1%)           18M (1%)           33M (1%)     
[2026-06-26T14:11:47.314-0300][1064.541s][3772][8616 ][info][gc,heap     ] GC(100) Y: Reclaimed:         -                  -               358M (12%)         471M (15%)    
[2026-06-26T14:11:47.314-0300][1064.541s][3772][8616 ][info][gc,heap     ] GC(100) Y:  Promoted:         -                  -                 0M (0%)            0M (0%)     
[2026-06-26T14:11:47.314-0300][1064.541s][3772][8616 ][info][gc,heap     ] GC(100) Y: Compacted:         -                  -                  -                 0M (0%)     
[2026-06-26T14:11:47.314-0300][1064.541s][3772][8616 ][info][gc,phases   ] GC(100) Y: Young Generation 2390M(78%)->1952M(64%) 0.031s
[2026-06-26T14:11:47.314-0300][1064.541s][3772][8616 ][info][gc,phases   ] GC(100) O: Old Generation
[2026-06-26T14:11:50.222-0300][1067.449s][3772][8616 ][info][gc,phases   ] GC(100) O: Concurrent Mark 2907.584ms
[2026-06-26T14:11:50.222-0300][1067.449s][3772][1692 ][info][gc,phases   ] GC(100) O: Pause Mark End 0.015ms
[2026-06-26T14:11:50.222-0300][1067.449s][3772][8616 ][info][gc,phases   ] GC(100) O: Concurrent Mark Free 0.003ms
[2026-06-26T14:11:50.254-0300][1067.481s][3772][8616 ][info][gc,phases   ] GC(100) O: Concurrent Process Non-Strong 31.991ms
[2026-06-26T14:11:50.254-0300][1067.481s][3772][8616 ][info][gc,phases   ] GC(100) O: Concurrent Reset Relocation Set 0.004ms
[2026-06-26T14:11:50.256-0300][1067.483s][3772][8616 ][info][gc,phases   ] GC(100) O: Concurrent Select Relocation Set 1.826ms
[2026-06-26T14:11:50.256-0300][1067.483s][3772][8616 ][info][gc,task     ] GC(100) O: Using 2 Workers for Old Generation
[2026-06-26T14:11:50.265-0300][1067.492s][3772][8616 ][info][gc,task     ] GC(100) O: Using 1 Workers for Old Generation
[2026-06-26T14:11:50.265-0300][1067.492s][3772][8616 ][info][gc,phases   ] GC(100) O: Concurrent Remap Roots 9.544ms
[2026-06-26T14:11:50.265-0300][1067.492s][3772][1692 ][info][gc,phases   ] GC(100) O: Pause Relocate Start 0.011ms
[2026-06-26T14:11:50.323-0300][1067.551s][3772][8616 ][info][gc,phases   ] GC(100) O: Concurrent Relocate 58.467ms
[2026-06-26T14:11:50.324-0300][1067.551s][3772][8616 ][info][gc,alloc    ] GC(100) O:                         Mark Start        Mark End      Relocate Start    Relocate End   
[2026-06-26T14:11:50.324-0300][1067.551s][3772][8616 ][info][gc,alloc    ] GC(100) O: Allocation Stalls:          0                0                0                0         
[2026-06-26T14:11:50.324-0300][1067.551s][3772][8616 ][info][gc,load     ] GC(100) O: Load: 0.00 (0%) / 0.00 (0%) / 0.00 (0%)
[2026-06-26T14:11:50.324-0300][1067.551s][3772][8616 ][info][gc,mmu      ] GC(100) O: MMU: 2ms/97.1%, 5ms/98.8%, 10ms/99.4%, 20ms/99.6%, 50ms/99.8%, 100ms/99.9%
[2026-06-26T14:11:50.324-0300][1067.551s][3772][8616 ][info][gc,marking  ] GC(100) O: Mark: 1 stripe(s), 2 proactive flush(es), 1 terminate flush(es), 0 completion(s), 0 continuation(s) 
[2026-06-26T14:11:50.324-0300][1067.551s][3772][8616 ][info][gc,nmethod  ] GC(100) O: NMethods: 11375 registered, 11353 unregistered
[2026-06-26T14:11:50.324-0300][1067.551s][3772][8616 ][info][gc,metaspace] GC(100) O: Metaspace: 81M used, 84M committed, 1152M reserved
[2026-06-26T14:11:50.324-0300][1067.551s][3772][8616 ][info][gc,ref      ] GC(100) O:                       Encountered   Discovered     Enqueued 
[2026-06-26T14:11:50.324-0300][1067.551s][3772][8616 ][info][gc,ref      ] GC(100) O: Soft References:             6280            0            0 
[2026-06-26T14:11:50.324-0300][1067.551s][3772][8616 ][info][gc,ref      ] GC(100) O: Weak References:             6701         5911           23 
[2026-06-26T14:11:50.324-0300][1067.551s][3772][8616 ][info][gc,ref      ] GC(100) O: Final References:              16            0            0 
[2026-06-26T14:11:50.324-0300][1067.551s][3772][8616 ][info][gc,ref      ] GC(100) O: Phantom References:         48480        48399        40826 
[2026-06-26T14:11:50.324-0300][1067.551s][3772][8616 ][info][gc,reloc    ] GC(100) O:                        Candidates     Selected     In-Place         Size        Empty    Relocated 
[2026-06-26T14:11:50.324-0300][1067.551s][3772][8616 ][info][gc,reloc    ] GC(100) O: Small Pages:                  896           23            0        1792M           0M          13M 
[2026-06-26T14:11:50.324-0300][1067.551s][3772][8616 ][info][gc,reloc    ] GC(100) O: Medium Pages:                   2            0            0          64M           0M           0M 
[2026-06-26T14:11:50.324-0300][1067.551s][3772][8616 ][info][gc,reloc    ] GC(100) O: Large Pages:                    5            0            0          60M           0M           0M 
[2026-06-26T14:11:50.324-0300][1067.551s][3772][8616 ][info][gc,reloc    ] GC(100) O: Forwarding Usage: 17M
[2026-06-26T14:11:50.324-0300][1067.551s][3772][8616 ][info][gc,heap     ] GC(100) O: Min Capacity: 8M(0%)
[2026-06-26T14:11:50.324-0300][1067.551s][3772][8616 ][info][gc,heap     ] GC(100) O: Max Capacity: 3072M(100%)
[2026-06-26T14:11:50.324-0300][1067.551s][3772][8616 ][info][gc,heap     ] GC(100) O: Soft Max Capacity: 3072M(100%)
[2026-06-26T14:11:50.324-0300][1067.551s][3772][8616 ][info][gc,heap     ] GC(100) O: Heap Statistics:
[2026-06-26T14:11:50.324-0300][1067.551s][3772][8616 ][info][gc,heap     ] GC(100) O:                Mark Start          Mark End        Relocate Start      Relocate End           High               Low         
[2026-06-26T14:11:50.324-0300][1067.551s][3772][8616 ][info][gc,heap     ] GC(100) O:  Capacity:     2976M (97%)        2976M (97%)        2976M (97%)        2976M (97%)        2976M (97%)        2976M (97%)    
[2026-06-26T14:11:50.324-0300][1067.551s][3772][8616 ][info][gc,heap     ] GC(100) O:      Free:      682M (22%)         992M (32%)         990M (32%)        1022M (33%)        1120M (36%)         664M (22%)    
[2026-06-26T14:11:50.324-0300][1067.551s][3772][8616 ][info][gc,heap     ] GC(100) O:      Used:     2390M (78%)        2080M (68%)        2082M (68%)        2050M (67%)        2408M (78%)        1952M (64%)    
[2026-06-26T14:11:50.324-0300][1067.551s][3772][8616 ][info][gc,heap     ] GC(100) O: Old Generation Statistics:
[2026-06-26T14:11:50.324-0300][1067.551s][3772][8616 ][info][gc,heap     ] GC(100) O:                Mark Start          Mark End        Relocate Start      Relocate End    
[2026-06-26T14:11:50.324-0300][1067.551s][3772][8616 ][info][gc,heap     ] GC(100) O:      Used:     1916M (62%)        1916M (62%)        1916M (62%)        1880M (61%)    
[2026-06-26T14:11:50.324-0300][1067.551s][3772][8616 ][info][gc,heap     ] GC(100) O:      Live:         -              1770M (58%)        1770M (58%)        1770M (58%)    
[2026-06-26T14:11:50.324-0300][1067.551s][3772][8616 ][info][gc,heap     ] GC(100) O:   Garbage:         -               145M (5%)          145M (5%)           92M (3%)     
[2026-06-26T14:11:50.324-0300][1067.551s][3772][8616 ][info][gc,heap     ] GC(100) O: Allocated:         -                 0M (0%)            0M (0%)           16M (1%)     
[2026-06-26T14:11:50.324-0300][1067.551s][3772][8616 ][info][gc,heap     ] GC(100) O: Reclaimed:         -                  -                 0M (0%)           52M (2%)     
[2026-06-26T14:11:50.324-0300][1067.551s][3772][8616 ][info][gc,heap     ] GC(100) O: Compacted:         -                  -                  -                45M (1%)     
[2026-06-26T14:11:50.324-0300][1067.551s][3772][8616 ][info][gc,phases   ] GC(100) O: Old Generation 1952M(64%)->2050M(67%) 3.010s
[2026-06-26T14:11:50.324-0300][1067.551s][3772][8616 ][info][gc          ] GC(100) Major Collection (Proactive) 2390M(78%)->2050M(67%) 3.042s
[2026-06-26T14:12:07.617-0300][1084.844s][3772][6460 ][info][gc          ] GC(101) Minor Collection (High Usage)
[2026-06-26T14:12:07.617-0300][1084.844s][3772][6460 ][info][gc,task     ] GC(101) Using 1 Workers for Young Generation
[2026-06-26T14:12:07.617-0300][1084.844s][3772][6460 ][info][gc,phases   ] GC(101) y: Young Generation
[2026-06-26T14:12:07.617-0300][1084.844s][3772][1692 ][info][gc,phases   ] GC(101) y: Pause Mark Start 0.009ms
[2026-06-26T14:12:07.656-0300][1084.883s][3772][6460 ][info][gc,phases   ] GC(101) y: Concurrent Mark 39.169ms
[2026-06-26T14:12:07.657-0300][1084.883s][3772][1692 ][info][gc,phases   ] GC(101) y: Pause Mark End 0.013ms
[2026-06-26T14:12:07.657-0300][1084.883s][3772][6460 ][info][gc,phases   ] GC(101) y: Concurrent Mark Free 0.002ms
[2026-06-26T14:12:07.657-0300][1084.883s][3772][6460 ][info][gc,phases   ] GC(101) y: Concurrent Reset Relocation Set 0.003ms
[2026-06-26T14:12:07.657-0300][1084.884s][3772][6460 ][info][gc,reloc    ] GC(101) y: Using tenuring threshold: 3 (Computed)
[2026-06-26T14:12:07.658-0300][1084.885s][3772][6460 ][info][gc,phases   ] GC(101) y: Concurrent Select Relocation Set 1.737ms
[2026-06-26T14:12:07.658-0300][1084.885s][3772][1692 ][info][gc,phases   ] GC(101) y: Pause Relocate Start 0.006ms
[2026-06-26T14:12:07.662-0300][1084.889s][3772][6460 ][info][gc,phases   ] GC(101) y: Concurrent Relocate 3.895ms
[2026-06-26T14:12:07.662-0300][1084.889s][3772][6460 ][info][gc,alloc    ] GC(101) y:                         Mark Start        Mark End      Relocate Start    Relocate End   
[2026-06-26T14:12:07.662-0300][1084.889s][3772][6460 ][info][gc,alloc    ] GC(101) y: Allocation Stalls:          0                0                0                0         
[2026-06-26T14:12:07.662-0300][1084.889s][3772][6460 ][info][gc,load     ] GC(101) y: Load: 0.00 (0%) / 0.00 (0%) / 0.00 (0%)
[2026-06-26T14:12:07.662-0300][1084.889s][3772][6460 ][info][gc,mmu      ] GC(101) y: MMU: 2ms/97.1%, 5ms/98.8%, 10ms/99.4%, 20ms/99.6%, 50ms/99.8%, 100ms/99.9%
[2026-06-26T14:12:07.662-0300][1084.889s][3772][6460 ][info][gc,marking  ] GC(101) y: Mark: 1 stripe(s), 2 proactive flush(es), 1 terminate flush(es), 0 completion(s), 0 continuation(s) 
[2026-06-26T14:12:07.662-0300][1084.889s][3772][6460 ][info][gc,nmethod  ] GC(101) y: NMethods: 11452 registered, 11353 unregistered
[2026-06-26T14:12:07.662-0300][1084.889s][3772][6460 ][info][gc,metaspace] GC(101) y: Metaspace: 81M used, 84M committed, 1152M reserved
[2026-06-26T14:12:07.662-0300][1084.889s][3772][6460 ][info][gc,reloc    ] GC(101) y:                        Candidates     Selected     In-Place         Size        Empty    Relocated 
[2026-06-26T14:12:07.662-0300][1084.889s][3772][6460 ][info][gc,reloc    ] GC(101) y: Small Pages:                  501           85            0        1002M         828M           0M 
[2026-06-26T14:12:07.662-0300][1084.889s][3772][6460 ][info][gc,reloc    ] GC(101) y: Medium Pages:                   0            0            0           0M           0M           0M 
[2026-06-26T14:12:07.662-0300][1084.889s][3772][6460 ][info][gc,reloc    ] GC(101) y: Large Pages:                    0            0            0           0M           0M           0M 
[2026-06-26T14:12:07.662-0300][1084.889s][3772][6460 ][info][gc,reloc    ] GC(101) y: Forwarding Usage: 0M
[2026-06-26T14:12:07.662-0300][1084.889s][3772][6460 ][info][gc,reloc    ] GC(101) y: Age Table:
[2026-06-26T14:12:07.662-0300][1084.889s][3772][6460 ][info][gc,reloc    ] GC(101) y:                    Live             Garbage             Small              Medium             Large        
[2026-06-26T14:12:07.662-0300][1084.889s][3772][6460 ][info][gc,reloc    ] GC(101) y: Eden               0M (0%)          983M (32%)        492 / 80             0 / 0              0 / 0        
[2026-06-26T14:12:07.662-0300][1084.889s][3772][6460 ][info][gc,reloc    ] GC(101) y: Survivor 1         0M (0%)            9M (0%)           5 / 2              0 / 0              0 / 0        
[2026-06-26T14:12:07.662-0300][1084.889s][3772][6460 ][info][gc,reloc    ] GC(101) y: Survivor 2         0M (0%)            3M (0%)           2 / 2              0 / 0              0 / 0        
[2026-06-26T14:12:07.662-0300][1084.889s][3772][6460 ][info][gc,reloc    ] GC(101) y: Survivor 3         1M (0%)            2M (0%)           2 / 1              0 / 0              0 / 0        
[2026-06-26T14:12:07.662-0300][1084.889s][3772][6460 ][info][gc,heap     ] GC(101) y: Min Capacity: 8M(0%)
[2026-06-26T14:12:07.662-0300][1084.889s][3772][6460 ][info][gc,heap     ] GC(101) y: Max Capacity: 3072M(100%)
[2026-06-26T14:12:07.662-0300][1084.889s][3772][6460 ][info][gc,heap     ] GC(101) y: Soft Max Capacity: 3072M(100%)
[2026-06-26T14:12:07.662-0300][1084.889s][3772][6460 ][info][gc,heap     ] GC(101) y: Heap Statistics:
[2026-06-26T14:12:07.662-0300][1084.889s][3772][6460 ][info][gc,heap     ] GC(101) y:                Mark Start          Mark End        Relocate Start      Relocate End           High               Low         
[2026-06-26T14:12:07.662-0300][1084.889s][3772][6460 ][info][gc,heap     ] GC(101) y:  Capacity:     2976M (97%)        2976M (97%)        2976M (97%)        2976M (97%)        2976M (97%)        2976M (97%)    
[2026-06-26T14:12:07.662-0300][1084.889s][3772][6460 ][info][gc,heap     ] GC(101) y:      Free:      190M (6%)          172M (6%)         1000M (33%)        1158M (38%)        1158M (38%)         172M (6%)     
[2026-06-26T14:12:07.662-0300][1084.890s][3772][6460 ][info][gc,heap     ] GC(101) y:      Used:     2882M (94%)        2900M (94%)        2072M (67%)        1914M (62%)        2900M (94%)        1914M (62%)    
[2026-06-26T14:12:07.662-0300][1084.890s][3772][6460 ][info][gc,heap     ] GC(101) y: Young Generation Statistics:
[2026-06-26T14:12:07.662-0300][1084.890s][3772][6460 ][info][gc,heap     ] GC(101) y:                Mark Start          Mark End        Relocate Start      Relocate End    
[2026-06-26T14:12:07.662-0300][1084.890s][3772][6460 ][info][gc,heap     ] GC(101) y:      Used:     1002M (33%)        1020M (33%)         190M (6%)           30M (1%)     
[2026-06-26T14:12:07.662-0300][1084.890s][3772][6460 ][info][gc,heap     ] GC(101) y:      Live:         -                 2M (0%)            0M (0%)            0M (0%)     
[2026-06-26T14:12:07.662-0300][1084.890s][3772][6460 ][info][gc,heap     ] GC(101) y:   Garbage:         -               999M (33%)         171M (6%)            0M (0%)     
[2026-06-26T14:12:07.662-0300][1084.890s][3772][6460 ][info][gc,heap     ] GC(101) y: Allocated:         -                18M (1%)           18M (1%)           29M (1%)     
[2026-06-26T14:12:07.662-0300][1084.890s][3772][6460 ][info][gc,heap     ] GC(101) y: Reclaimed:         -                  -               828M (27%)         999M (33%)    
[2026-06-26T14:12:07.662-0300][1084.890s][3772][6460 ][info][gc,heap     ] GC(101) y:  Promoted:         -                  -                 1M (0%)            1M (0%)     
[2026-06-26T14:12:07.662-0300][1084.890s][3772][6460 ][info][gc,heap     ] GC(101) y: Compacted:         -                  -                  -                 0M (0%)     
[2026-06-26T14:12:07.662-0300][1084.890s][3772][6460 ][info][gc,phases   ] GC(101) y: Young Generation 2882M(94%)->1914M(62%) 0.045s
[2026-06-26T14:12:07.662-0300][1084.890s][3772][6460 ][info][gc          ] GC(101) Minor Collection (High Usage) 2882M(94%)->1914M(62%) 0.046s
[2026-06-26T14:12:32.241-0300][1109.468s][3772][6460 ][info][gc          ] GC(102) Minor Collection (High Usage)
[2026-06-26T14:12:32.241-0300][1109.468s][3772][6460 ][info][gc,task     ] GC(102) Using 1 Workers for Young Generation
[2026-06-26T14:12:32.241-0300][1109.468s][3772][6460 ][info][gc,phases   ] GC(102) y: Young Generation
[2026-06-26T14:12:32.241-0300][1109.468s][3772][1692 ][info][gc,phases   ] GC(102) y: Pause Mark Start 0.013ms
[2026-06-26T14:12:32.268-0300][1109.495s][3772][6460 ][info][gc,phases   ] GC(102) y: Concurrent Mark 26.804ms
[2026-06-26T14:12:32.268-0300][1109.495s][3772][1692 ][info][gc,phases   ] GC(102) y: Pause Mark End 0.013ms
[2026-06-26T14:12:32.268-0300][1109.495s][3772][6460 ][info][gc,phases   ] GC(102) y: Concurrent Mark Free 0.002ms
[2026-06-26T14:12:32.268-0300][1109.495s][3772][6460 ][info][gc,phases   ] GC(102) y: Concurrent Reset Relocation Set 0.072ms
[2026-06-26T14:12:32.268-0300][1109.495s][3772][6460 ][info][gc,reloc    ] GC(102) y: Using tenuring threshold: 4 (Computed)
[2026-06-26T14:12:32.268-0300][1109.495s][3772][6460 ][info][gc,phases   ] GC(102) y: Concurrent Select Relocation Set 0.342ms
[2026-06-26T14:12:32.268-0300][1109.495s][3772][1692 ][info][gc,phases   ] GC(102) y: Pause Relocate Start 0.009ms
[2026-06-26T14:12:32.270-0300][1109.497s][3772][6460 ][info][gc,phases   ] GC(102) y: Concurrent Relocate 1.639ms
[2026-06-26T14:12:32.270-0300][1109.497s][3772][6460 ][info][gc,alloc    ] GC(102) y:                         Mark Start        Mark End      Relocate Start    Relocate End   
[2026-06-26T14:12:32.270-0300][1109.497s][3772][6460 ][info][gc,alloc    ] GC(102) y: Allocation Stalls:          0                0                0                0         
[2026-06-26T14:12:32.270-0300][1109.497s][3772][6460 ][info][gc,load     ] GC(102) y: Load: 0.00 (0%) / 0.00 (0%) / 0.00 (0%)
[2026-06-26T14:12:32.270-0300][1109.497s][3772][6460 ][info][gc,mmu      ] GC(102) y: MMU: 2ms/97.1%, 5ms/98.8%, 10ms/99.4%, 20ms/99.6%, 50ms/99.8%, 100ms/99.9%
[2026-06-26T14:12:32.270-0300][1109.497s][3772][6460 ][info][gc,marking  ] GC(102) y: Mark: 1 stripe(s), 2 proactive flush(es), 1 terminate flush(es), 0 completion(s), 0 continuation(s) 
[2026-06-26T14:12:32.270-0300][1109.497s][3772][6460 ][info][gc,nmethod  ] GC(102) y: NMethods: 11780 registered, 0 unregistered
[2026-06-26T14:12:32.270-0300][1109.497s][3772][6460 ][info][gc,metaspace] GC(102) y: Metaspace: 81M used, 84M committed, 1152M reserved
[2026-06-26T14:12:32.270-0300][1109.497s][3772][6460 ][info][gc,reloc    ] GC(102) y:                        Candidates     Selected     In-Place         Size        Empty    Relocated 
[2026-06-26T14:12:32.270-0300][1109.497s][3772][6460 ][info][gc,reloc    ] GC(102) y: Small Pages:                  499           58            0         998M         880M           0M 
[2026-06-26T14:12:32.270-0300][1109.497s][3772][6460 ][info][gc,reloc    ] GC(102) y: Medium Pages:                   0            0            0           0M           0M           0M 
[2026-06-26T14:12:32.270-0300][1109.497s][3772][6460 ][info][gc,reloc    ] GC(102) y: Large Pages:                    0            0            0           0M           0M           0M 
[2026-06-26T14:12:32.270-0300][1109.497s][3772][6460 ][info][gc,reloc    ] GC(102) y: Forwarding Usage: 0M
[2026-06-26T14:12:32.270-0300][1109.497s][3772][6460 ][info][gc,reloc    ] GC(102) y: Age Table:
[2026-06-26T14:12:32.270-0300][1109.497s][3772][6460 ][info][gc,reloc    ] GC(102) y:                    Live             Garbage             Small              Medium             Large        
[2026-06-26T14:12:32.270-0300][1109.497s][3772][6460 ][info][gc,reloc    ] GC(102) y: Eden               0M (0%)          985M (32%)        493 / 52             0 / 0              0 / 0        
[2026-06-26T14:12:32.270-0300][1109.497s][3772][6460 ][info][gc,reloc    ] GC(102) y: Survivor 1         0M (0%)            3M (0%)           2 / 2              0 / 0              0 / 0        
[2026-06-26T14:12:32.270-0300][1109.497s][3772][6460 ][info][gc,reloc    ] GC(102) y: Survivor 2         0M (0%)            3M (0%)           2 / 2              0 / 0              0 / 0        
[2026-06-26T14:12:32.270-0300][1109.497s][3772][6460 ][info][gc,reloc    ] GC(102) y: Survivor 3         0M (0%)            3M (0%)           2 / 2              0 / 0              0 / 0        
[2026-06-26T14:12:32.270-0300][1109.497s][3772][6460 ][info][gc,heap     ] GC(102) y: Min Capacity: 8M(0%)
[2026-06-26T14:12:32.270-0300][1109.497s][3772][6460 ][info][gc,heap     ] GC(102) y: Max Capacity: 3072M(100%)
[2026-06-26T14:12:32.270-0300][1109.497s][3772][6460 ][info][gc,heap     ] GC(102) y: Soft Max Capacity: 3072M(100%)
[2026-06-26T14:12:32.270-0300][1109.497s][3772][6460 ][info][gc,heap     ] GC(102) y: Heap Statistics:
[2026-06-26T14:12:32.270-0300][1109.497s][3772][6460 ][info][gc,heap     ] GC(102) y:                Mark Start          Mark End        Relocate Start      Relocate End           High               Low         
[2026-06-26T14:12:32.270-0300][1109.497s][3772][6460 ][info][gc,heap     ] GC(102) y:  Capacity:     2976M (97%)        2976M (97%)        2976M (97%)        2976M (97%)        2976M (97%)        2976M (97%)    
[2026-06-26T14:12:32.270-0300][1109.497s][3772][6460 ][info][gc,heap     ] GC(102) y:      Free:      190M (6%)          172M (6%)         1052M (34%)        1152M (38%)        1152M (38%)         172M (6%)     
[2026-06-26T14:12:32.270-0300][1109.497s][3772][6460 ][info][gc,heap     ] GC(102) y:      Used:     2882M (94%)        2900M (94%)        2020M (66%)        1920M (62%)        2900M (94%)        1920M (62%)    
[2026-06-26T14:12:32.270-0300][1109.497s][3772][6460 ][info][gc,heap     ] GC(102) y: Young Generation Statistics:
[2026-06-26T14:12:32.270-0300][1109.497s][3772][6460 ][info][gc,heap     ] GC(102) y:                Mark Start          Mark End        Relocate Start      Relocate End    
[2026-06-26T14:12:32.270-0300][1109.497s][3772][6460 ][info][gc,heap     ] GC(102) y:      Used:      998M (32%)        1016M (33%)         136M (4%)           36M (1%)     
[2026-06-26T14:12:32.270-0300][1109.497s][3772][6460 ][info][gc,heap     ] GC(102) y:      Live:         -                 0M (0%)            0M (0%)            0M (0%)     
[2026-06-26T14:12:32.270-0300][1109.497s][3772][6460 ][info][gc,heap     ] GC(102) y:   Garbage:         -               997M (32%)         117M (4%)            0M (0%)     
[2026-06-26T14:12:32.270-0300][1109.497s][3772][6460 ][info][gc,heap     ] GC(102) y: Allocated:         -                18M (1%)           18M (1%)           35M (1%)     
[2026-06-26T14:12:32.270-0300][1109.497s][3772][6460 ][info][gc,heap     ] GC(102) y: Reclaimed:         -                  -               880M (29%)         997M (32%)    
[2026-06-26T14:12:32.270-0300][1109.497s][3772][6460 ][info][gc,heap     ] GC(102) y:  Promoted:         -                  -                 0M (0%)            0M (0%)     
[2026-06-26T14:12:32.270-0300][1109.497s][3772][6460 ][info][gc,heap     ] GC(102) y: Compacted:         -                  -                  -                 0M (0%)     
[2026-06-26T14:12:32.270-0300][1109.497s][3772][6460 ][info][gc,phases   ] GC(102) y: Young Generation 2882M(94%)->1920M(62%) 0.029s
[2026-06-26T14:12:32.270-0300][1109.497s][3772][6460 ][info][gc          ] GC(102) Minor Collection (High Usage) 2882M(94%)->1920M(62%) 0.030s
[2026-06-26T14:12:58.667-0300][1135.894s][3772][6460 ][info][gc          ] GC(103) Minor Collection (High Usage)
[2026-06-26T14:12:58.667-0300][1135.894s][3772][6460 ][info][gc,task     ] GC(103) Using 1 Workers for Young Generation
[2026-06-26T14:12:58.667-0300][1135.894s][3772][6460 ][info][gc,phases   ] GC(103) y: Young Generation
[2026-06-26T14:12:58.667-0300][1135.894s][3772][1692 ][info][gc,phases   ] GC(103) y: Pause Mark Start 0.009ms
[2026-06-26T14:12:58.700-0300][1135.927s][3772][6460 ][info][gc,phases   ] GC(103) y: Concurrent Mark 33.118ms
[2026-06-26T14:12:58.700-0300][1135.927s][3772][1692 ][info][gc,phases   ] GC(103) y: Pause Mark End 0.012ms
[2026-06-26T14:12:58.700-0300][1135.927s][3772][6460 ][info][gc,phases   ] GC(103) y: Concurrent Mark Free 0.002ms
[2026-06-26T14:12:58.700-0300][1135.927s][3772][6460 ][info][gc,phases   ] GC(103) y: Concurrent Reset Relocation Set 0.004ms
[2026-06-26T14:12:58.700-0300][1135.928s][3772][6460 ][info][gc,reloc    ] GC(103) y: Using tenuring threshold: 5 (Computed)
[2026-06-26T14:12:58.701-0300][1135.928s][3772][6460 ][info][gc,phases   ] GC(103) y: Concurrent Select Relocation Set 0.369ms
[2026-06-26T14:12:58.701-0300][1135.928s][3772][1692 ][info][gc,phases   ] GC(103) y: Pause Relocate Start 0.005ms
[2026-06-26T14:12:58.703-0300][1135.930s][3772][6460 ][info][gc,phases   ] GC(103) y: Concurrent Relocate 2.535ms
[2026-06-26T14:12:58.703-0300][1135.930s][3772][6460 ][info][gc,alloc    ] GC(103) y:                         Mark Start        Mark End      Relocate Start    Relocate End   
[2026-06-26T14:12:58.703-0300][1135.930s][3772][6460 ][info][gc,alloc    ] GC(103) y: Allocation Stalls:          0                0                0                0         
[2026-06-26T14:12:58.703-0300][1135.930s][3772][6460 ][info][gc,load     ] GC(103) y: Load: 0.00 (0%) / 0.00 (0%) / 0.00 (0%)
[2026-06-26T14:12:58.703-0300][1135.930s][3772][6460 ][info][gc,mmu      ] GC(103) y: MMU: 2ms/97.1%, 5ms/98.8%, 10ms/99.4%, 20ms/99.6%, 50ms/99.8%, 100ms/99.9%
[2026-06-26T14:12:58.703-0300][1135.930s][3772][6460 ][info][gc,marking  ] GC(103) y: Mark: 1 stripe(s), 2 proactive flush(es), 1 terminate flush(es), 0 completion(s), 0 continuation(s) 
[2026-06-26T14:12:58.703-0300][1135.930s][3772][6460 ][info][gc,nmethod  ] GC(103) y: NMethods: 11807 registered, 0 unregistered
[2026-06-26T14:12:58.703-0300][1135.930s][3772][6460 ][info][gc,metaspace] GC(103) y: Metaspace: 81M used, 84M committed, 1152M reserved
[2026-06-26T14:12:58.703-0300][1135.930s][3772][6460 ][info][gc,reloc    ] GC(103) y:                        Candidates     Selected     In-Place         Size        Empty    Relocated 
[2026-06-26T14:12:58.703-0300][1135.930s][3772][6460 ][info][gc,reloc    ] GC(103) y: Small Pages:                  499           80            0         998M         836M           0M 
[2026-06-26T14:12:58.703-0300][1135.930s][3772][6460 ][info][gc,reloc    ] GC(103) y: Medium Pages:                   0            0            0           0M           0M           0M 
[2026-06-26T14:12:58.703-0300][1135.930s][3772][6460 ][info][gc,reloc    ] GC(103) y: Large Pages:                    0            0            0           0M           0M           0M 
[2026-06-26T14:12:58.703-0300][1135.930s][3772][6460 ][info][gc,reloc    ] GC(103) y: Forwarding Usage: 0M
[2026-06-26T14:12:58.703-0300][1135.930s][3772][6460 ][info][gc,reloc    ] GC(103) y: Age Table:
[2026-06-26T14:12:58.703-0300][1135.930s][3772][6460 ][info][gc,reloc    ] GC(103) y:                    Live             Garbage             Small              Medium             Large        
[2026-06-26T14:12:58.703-0300][1135.930s][3772][6460 ][info][gc,reloc    ] GC(103) y: Eden               0M (0%)          979M (32%)        490 / 73             0 / 0              0 / 0        
[2026-06-26T14:12:58.703-0300][1135.930s][3772][6460 ][info][gc,reloc    ] GC(103) y: Survivor 1         0M (0%)            5M (0%)           3 / 1              0 / 0              0 / 0        
[2026-06-26T14:12:58.703-0300][1135.930s][3772][6460 ][info][gc,reloc    ] GC(103) y: Survivor 2         0M (0%)            3M (0%)           2 / 2              0 / 0              0 / 0        
[2026-06-26T14:12:58.703-0300][1135.930s][3772][6460 ][info][gc,reloc    ] GC(103) y: Survivor 3         0M (0%)            3M (0%)           2 / 2              0 / 0              0 / 0        
[2026-06-26T14:12:58.703-0300][1135.931s][3772][6460 ][info][gc,reloc    ] GC(103) y: Survivor 4         0M (0%)            3M (0%)           2 / 2              0 / 0              0 / 0        
[2026-06-26T14:12:58.703-0300][1135.931s][3772][6460 ][info][gc,heap     ] GC(103) y: Min Capacity: 8M(0%)
[2026-06-26T14:12:58.704-0300][1135.931s][3772][6460 ][info][gc,heap     ] GC(103) y: Max Capacity: 3072M(100%)
[2026-06-26T14:12:58.704-0300][1135.931s][3772][6460 ][info][gc,heap     ] GC(103) y: Soft Max Capacity: 3072M(100%)
[2026-06-26T14:12:58.704-0300][1135.931s][3772][6460 ][info][gc,heap     ] GC(103) y: Heap Statistics:
[2026-06-26T14:12:58.704-0300][1135.931s][3772][6460 ][info][gc,heap     ] GC(103) y:                Mark Start          Mark End        Relocate Start      Relocate End           High               Low         
[2026-06-26T14:12:58.704-0300][1135.931s][3772][6460 ][info][gc,heap     ] GC(103) y:  Capacity:     2952M (96%)        2952M (96%)        2952M (96%)        2952M (96%)        2952M (96%)        2952M (96%)    
[2026-06-26T14:12:58.704-0300][1135.931s][3772][6460 ][info][gc,heap     ] GC(103) y:      Free:      190M (6%)          170M (6%)         1006M (33%)        1150M (37%)        1150M (37%)         170M (6%)     
[2026-06-26T14:12:58.704-0300][1135.931s][3772][6460 ][info][gc,heap     ] GC(103) y:      Used:     2882M (94%)        2902M (94%)        2066M (67%)        1922M (63%)        2902M (94%)        1922M (63%)    
[2026-06-26T14:12:58.704-0300][1135.931s][3772][6460 ][info][gc,heap     ] GC(103) y: Young Generation Statistics:
[2026-06-26T14:12:58.704-0300][1135.931s][3772][6460 ][info][gc,heap     ] GC(103) y:                Mark Start          Mark End        Relocate Start      Relocate End    
[2026-06-26T14:12:58.704-0300][1135.931s][3772][6460 ][info][gc,heap     ] GC(103) y:      Used:      998M (32%)        1018M (33%)         182M (6%)           38M (1%)     
[2026-06-26T14:12:58.704-0300][1135.931s][3772][6460 ][info][gc,heap     ] GC(103) y:      Live:         -                 0M (0%)            0M (0%)            0M (0%)     
[2026-06-26T14:12:58.704-0300][1135.931s][3772][6460 ][info][gc,heap     ] GC(103) y:   Garbage:         -               997M (32%)         161M (5%)            0M (0%)     
[2026-06-26T14:12:58.704-0300][1135.931s][3772][6460 ][info][gc,heap     ] GC(103) y: Allocated:         -                20M (1%)           20M (1%)           37M (1%)     
[2026-06-26T14:12:58.704-0300][1135.931s][3772][6460 ][info][gc,heap     ] GC(103) y: Reclaimed:         -                  -               836M (27%)         997M (32%)    
[2026-06-26T14:12:58.704-0300][1135.931s][3772][6460 ][info][gc,heap     ] GC(103) y:  Promoted:         -                  -                 0M (0%)            0M (0%)     
[2026-06-26T14:12:58.704-0300][1135.931s][3772][6460 ][info][gc,heap     ] GC(103) y: Compacted:         -                  -                  -                 0M (0%)     
[2026-06-26T14:12:58.704-0300][1135.931s][3772][6460 ][info][gc,phases   ] GC(103) y: Young Generation 2882M(94%)->1922M(63%) 0.036s
[2026-06-26T14:12:58.704-0300][1135.931s][3772][6460 ][info][gc          ] GC(103) Minor Collection (High Usage) 2882M(94%)->1922M(63%) 0.037s
[2026-06-26T14:13:26.714-0300][1163.941s][3772][6460 ][info][gc          ] GC(104) Minor Collection (High Usage)
[2026-06-26T14:13:26.714-0300][1163.941s][3772][6460 ][info][gc,task     ] GC(104) Using 1 Workers for Young Generation
[2026-06-26T14:13:26.714-0300][1163.941s][3772][6460 ][info][gc,phases   ] GC(104) y: Young Generation
[2026-06-26T14:13:26.714-0300][1163.941s][3772][1692 ][info][gc,phases   ] GC(104) y: Pause Mark Start 0.012ms
[2026-06-26T14:13:26.764-0300][1163.990s][3772][6460 ][info][gc,phases   ] GC(104) y: Concurrent Mark 49.285ms
[2026-06-26T14:13:26.764-0300][1163.990s][3772][1692 ][info][gc,phases   ] GC(104) y: Pause Mark End 0.014ms
[2026-06-26T14:13:26.764-0300][1163.990s][3772][6460 ][info][gc,phases   ] GC(104) y: Concurrent Mark Free 0.001ms
[2026-06-26T14:13:26.764-0300][1163.990s][3772][6460 ][info][gc,phases   ] GC(104) y: Concurrent Reset Relocation Set 0.004ms
[2026-06-26T14:13:26.764-0300][1163.990s][3772][6460 ][info][gc,reloc    ] GC(104) y: Using tenuring threshold: 5 (Computed)
[2026-06-26T14:13:26.765-0300][1163.991s][3772][6460 ][info][gc,phases   ] GC(104) y: Concurrent Select Relocation Set 0.945ms
[2026-06-26T14:13:26.765-0300][1163.991s][3772][1692 ][info][gc,phases   ] GC(104) y: Pause Relocate Start 0.011ms
[2026-06-26T14:13:26.769-0300][1163.996s][3772][6460 ][info][gc,phases   ] GC(104) y: Concurrent Relocate 4.806ms
[2026-06-26T14:13:26.769-0300][1163.996s][3772][6460 ][info][gc,alloc    ] GC(104) y:                         Mark Start        Mark End      Relocate Start    Relocate End   
[2026-06-26T14:13:26.769-0300][1163.996s][3772][6460 ][info][gc,alloc    ] GC(104) y: Allocation Stalls:          0                0                0                0         
[2026-06-26T14:13:26.769-0300][1163.996s][3772][6460 ][info][gc,load     ] GC(104) y: Load: 0.00 (0%) / 0.00 (0%) / 0.00 (0%)
[2026-06-26T14:13:26.769-0300][1163.996s][3772][6460 ][info][gc,mmu      ] GC(104) y: MMU: 2ms/97.1%, 5ms/98.8%, 10ms/99.4%, 20ms/99.6%, 50ms/99.8%, 100ms/99.9%
[2026-06-26T14:13:26.769-0300][1163.996s][3772][6460 ][info][gc,marking  ] GC(104) y: Mark: 1 stripe(s), 2 proactive flush(es), 1 terminate flush(es), 0 completion(s), 0 continuation(s) 
[2026-06-26T14:13:26.769-0300][1163.996s][3772][6460 ][info][gc,nmethod  ] GC(104) y: NMethods: 11871 registered, 0 unregistered
[2026-06-26T14:13:26.769-0300][1163.996s][3772][6460 ][info][gc,metaspace] GC(104) y: Metaspace: 81M used, 84M committed, 1152M reserved
[2026-06-26T14:13:26.769-0300][1163.996s][3772][6460 ][info][gc,reloc    ] GC(104) y:                        Candidates     Selected     In-Place         Size        Empty    Relocated 
[2026-06-26T14:13:26.769-0300][1163.996s][3772][6460 ][info][gc,reloc    ] GC(104) y: Small Pages:                  499           82            0         998M         830M           2M 
[2026-06-26T14:13:26.769-0300][1163.996s][3772][6460 ][info][gc,reloc    ] GC(104) y: Medium Pages:                   0            0            0           0M           0M           0M 
[2026-06-26T14:13:26.769-0300][1163.996s][3772][6460 ][info][gc,reloc    ] GC(104) y: Large Pages:                    0            0            0           0M           0M           0M 
[2026-06-26T14:13:26.769-0300][1163.996s][3772][6460 ][info][gc,reloc    ] GC(104) y: Forwarding Usage: 1M
[2026-06-26T14:13:26.769-0300][1163.996s][3772][6460 ][info][gc,reloc    ] GC(104) y: Age Table:
[2026-06-26T14:13:26.769-0300][1163.996s][3772][6460 ][info][gc,reloc    ] GC(104) y:                    Live             Garbage             Small              Medium             Large        
[2026-06-26T14:13:26.769-0300][1163.996s][3772][6460 ][info][gc,reloc    ] GC(104) y: Eden               2M (0%)          977M (32%)        490 / 75             0 / 0              0 / 0        
[2026-06-26T14:13:26.769-0300][1163.996s][3772][6460 ][info][gc,reloc    ] GC(104) y: Survivor 1         0M (0%)            3M (0%)           2 / 1              0 / 0              0 / 0        
[2026-06-26T14:13:26.769-0300][1163.996s][3772][6460 ][info][gc,reloc    ] GC(104) y: Survivor 2         0M (0%)            3M (0%)           2 / 1              0 / 0              0 / 0        
[2026-06-26T14:13:26.769-0300][1163.996s][3772][6460 ][info][gc,reloc    ] GC(104) y: Survivor 3         0M (0%)            3M (0%)           2 / 2              0 / 0              0 / 0        
[2026-06-26T14:13:26.769-0300][1163.996s][3772][6460 ][info][gc,reloc    ] GC(104) y: Survivor 4         0M (0%)            3M (0%)           2 / 2              0 / 0              0 / 0        
[2026-06-26T14:13:26.769-0300][1163.996s][3772][6460 ][info][gc,reloc    ] GC(104) y: Survivor 5         0M (0%)            1M (0%)           1 / 1              0 / 0              0 / 0        
[2026-06-26T14:13:26.769-0300][1163.996s][3772][6460 ][info][gc,heap     ] GC(104) y: Min Capacity: 8M(0%)
[2026-06-26T14:13:26.769-0300][1163.996s][3772][6460 ][info][gc,heap     ] GC(104) y: Max Capacity: 3072M(100%)
[2026-06-26T14:13:26.769-0300][1163.996s][3772][6460 ][info][gc,heap     ] GC(104) y: Soft Max Capacity: 3072M(100%)
[2026-06-26T14:13:26.769-0300][1163.996s][3772][6460 ][info][gc,heap     ] GC(104) y: Heap Statistics:
[2026-06-26T14:13:26.769-0300][1163.996s][3772][6460 ][info][gc,heap     ] GC(104) y:                Mark Start          Mark End        Relocate Start      Relocate End           High               Low         
[2026-06-26T14:13:26.769-0300][1163.996s][3772][6460 ][info][gc,heap     ] GC(104) y:  Capacity:     2952M (96%)        2952M (96%)        2952M (96%)        2952M (96%)        2952M (96%)        2952M (96%)    
[2026-06-26T14:13:26.769-0300][1163.996s][3772][6460 ][info][gc,heap     ] GC(104) y:      Free:      190M (6%)          172M (6%)         1002M (33%)        1150M (37%)        1150M (37%)         172M (6%)     
[2026-06-26T14:13:26.769-0300][1163.996s][3772][6460 ][info][gc,heap     ] GC(104) y:      Used:     2882M (94%)        2900M (94%)        2070M (67%)        1922M (63%)        2900M (94%)        1922M (63%)    
[2026-06-26T14:13:26.769-0300][1163.996s][3772][6460 ][info][gc,heap     ] GC(104) y: Young Generation Statistics:
[2026-06-26T14:13:26.769-0300][1163.996s][3772][6460 ][info][gc,heap     ] GC(104) y:                Mark Start          Mark End        Relocate Start      Relocate End    
[2026-06-26T14:13:26.769-0300][1163.997s][3772][6460 ][info][gc,heap     ] GC(104) y:      Used:      998M (32%)        1016M (33%)         186M (6%)           36M (1%)     
[2026-06-26T14:13:26.769-0300][1163.997s][3772][6460 ][info][gc,heap     ] GC(104) y:      Live:         -                 2M (0%)            2M (0%)            2M (0%)     
[2026-06-26T14:13:26.769-0300][1163.997s][3772][6460 ][info][gc,heap     ] GC(104) y:   Garbage:         -               995M (32%)         165M (5%)            0M (0%)     
[2026-06-26T14:13:26.769-0300][1163.997s][3772][6460 ][info][gc,heap     ] GC(104) y: Allocated:         -                18M (1%)           18M (1%)           33M (1%)     
[2026-06-26T14:13:26.769-0300][1163.997s][3772][6460 ][info][gc,heap     ] GC(104) y: Reclaimed:         -                  -               830M (27%)         995M (32%)    
[2026-06-26T14:13:26.770-0300][1163.997s][3772][6460 ][info][gc,heap     ] GC(104) y:  Promoted:         -                  -                 0M (0%)            0M (0%)     
[2026-06-26T14:13:26.770-0300][1163.997s][3772][6460 ][info][gc,heap     ] GC(104) y: Compacted:         -                  -                  -                 2M (0%)     
[2026-06-26T14:13:26.770-0300][1163.997s][3772][6460 ][info][gc,phases   ] GC(104) y: Young Generation 2882M(94%)->1922M(63%) 0.056s
[2026-06-26T14:13:26.770-0300][1163.997s][3772][6460 ][info][gc          ] GC(104) Minor Collection (High Usage) 2882M(94%)->1922M(63%) 0.056s
[2026-06-26T14:13:56.965-0300][1194.191s][3772][6460 ][info][gc          ] GC(105) Minor Collection (High Usage)
[2026-06-26T14:13:56.965-0300][1194.191s][3772][6460 ][info][gc,task     ] GC(105) Using 1 Workers for Young Generation
[2026-06-26T14:13:56.965-0300][1194.191s][3772][6460 ][info][gc,phases   ] GC(105) y: Young Generation
[2026-06-26T14:13:56.965-0300][1194.191s][3772][1692 ][info][gc,phases   ] GC(105) y: Pause Mark Start 0.010ms
[2026-06-26T14:13:57.011-0300][1194.238s][3772][6460 ][info][gc,phases   ] GC(105) y: Concurrent Mark 46.608ms
[2026-06-26T14:13:57.011-0300][1194.238s][3772][1692 ][info][gc,phases   ] GC(105) y: Pause Mark End 0.012ms
[2026-06-26T14:13:57.011-0300][1194.238s][3772][6460 ][info][gc,phases   ] GC(105) y: Concurrent Mark Free 0.001ms
[2026-06-26T14:13:57.011-0300][1194.238s][3772][6460 ][info][gc,phases   ] GC(105) y: Concurrent Reset Relocation Set 0.004ms
[2026-06-26T14:13:57.012-0300][1194.238s][3772][6460 ][info][gc,reloc    ] GC(105) y: Using tenuring threshold: 6 (Computed)
[2026-06-26T14:13:57.012-0300][1194.239s][3772][6460 ][info][gc,phases   ] GC(105) y: Concurrent Select Relocation Set 0.362ms
[2026-06-26T14:13:57.012-0300][1194.239s][3772][1692 ][info][gc,phases   ] GC(105) y: Pause Relocate Start 0.005ms
[2026-06-26T14:13:57.015-0300][1194.242s][3772][6460 ][info][gc,phases   ] GC(105) y: Concurrent Relocate 3.323ms
[2026-06-26T14:13:57.015-0300][1194.242s][3772][6460 ][info][gc,alloc    ] GC(105) y:                         Mark Start        Mark End      Relocate Start    Relocate End   
[2026-06-26T14:13:57.015-0300][1194.242s][3772][6460 ][info][gc,alloc    ] GC(105) y: Allocation Stalls:          0                0                0                0         
[2026-06-26T14:13:57.015-0300][1194.242s][3772][6460 ][info][gc,load     ] GC(105) y: Load: 0.00 (0%) / 0.00 (0%) / 0.00 (0%)
[2026-06-26T14:13:57.015-0300][1194.242s][3772][6460 ][info][gc,mmu      ] GC(105) y: MMU: 2ms/97.1%, 5ms/98.8%, 10ms/99.4%, 20ms/99.6%, 50ms/99.8%, 100ms/99.9%
[2026-06-26T14:13:57.015-0300][1194.242s][3772][6460 ][info][gc,marking  ] GC(105) y: Mark: 1 stripe(s), 2 proactive flush(es), 1 terminate flush(es), 0 completion(s), 0 continuation(s) 
[2026-06-26T14:13:57.015-0300][1194.242s][3772][6460 ][info][gc,nmethod  ] GC(105) y: NMethods: 11899 registered, 0 unregistered
[2026-06-26T14:13:57.015-0300][1194.242s][3772][6460 ][info][gc,metaspace] GC(105) y: Metaspace: 81M used, 84M committed, 1152M reserved
[2026-06-26T14:13:57.015-0300][1194.242s][3772][6460 ][info][gc,reloc    ] GC(105) y:                        Candidates     Selected     In-Place         Size        Empty    Relocated 
[2026-06-26T14:13:57.015-0300][1194.242s][3772][6460 ][info][gc,reloc    ] GC(105) y: Small Pages:                  498          110            0         996M         770M           1M 
[2026-06-26T14:13:57.015-0300][1194.242s][3772][6460 ][info][gc,reloc    ] GC(105) y: Medium Pages:                   0            0            0           0M           0M           0M 
[2026-06-26T14:13:57.015-0300][1194.242s][3772][6460 ][info][gc,reloc    ] GC(105) y: Large Pages:                    0            0            0           0M           0M           0M 
[2026-06-26T14:13:57.015-0300][1194.242s][3772][6460 ][info][gc,reloc    ] GC(105) y: Forwarding Usage: 0M
[2026-06-26T14:13:57.015-0300][1194.242s][3772][6460 ][info][gc,reloc    ] GC(105) y: Age Table:
[2026-06-26T14:13:57.015-0300][1194.242s][3772][6460 ][info][gc,reloc    ] GC(105) y:                    Live             Garbage             Small              Medium             Large        
[2026-06-26T14:13:57.015-0300][1194.242s][3772][6460 ][info][gc,reloc    ] GC(105) y: Eden               1M (0%)          976M (32%)        489 / 103            0 / 0              0 / 0        
[2026-06-26T14:13:57.015-0300][1194.242s][3772][6460 ][info][gc,reloc    ] GC(105) y: Survivor 1         1M (0%)            4M (0%)           3 / 2              0 / 0              0 / 0        
[2026-06-26T14:13:57.015-0300][1194.242s][3772][6460 ][info][gc,reloc    ] GC(105) y: Survivor 2         0M (0%)            1M (0%)           1 / 1              0 / 0              0 / 0        
[2026-06-26T14:13:57.015-0300][1194.242s][3772][6460 ][info][gc,reloc    ] GC(105) y: Survivor 3         0M (0%)            3M (0%)           2 / 1              0 / 0              0 / 0        
[2026-06-26T14:13:57.015-0300][1194.242s][3772][6460 ][info][gc,reloc    ] GC(105) y: Survivor 4         0M (0%)            1M (0%)           1 / 1              0 / 0              0 / 0        
[2026-06-26T14:13:57.015-0300][1194.242s][3772][6460 ][info][gc,reloc    ] GC(105) y: Survivor 5         0M (0%)            3M (0%)           2 / 2              0 / 0              0 / 0        
[2026-06-26T14:13:57.015-0300][1194.242s][3772][6460 ][info][gc,heap     ] GC(105) y: Min Capacity: 8M(0%)
[2026-06-26T14:13:57.015-0300][1194.242s][3772][6460 ][info][gc,heap     ] GC(105) y: Max Capacity: 3072M(100%)
[2026-06-26T14:13:57.015-0300][1194.242s][3772][6460 ][info][gc,heap     ] GC(105) y: Soft Max Capacity: 3072M(100%)
[2026-06-26T14:13:57.015-0300][1194.242s][3772][6460 ][info][gc,heap     ] GC(105) y: Heap Statistics:
[2026-06-26T14:13:57.015-0300][1194.242s][3772][6460 ][info][gc,heap     ] GC(105) y:                Mark Start          Mark End        Relocate Start      Relocate End           High               Low         
[2026-06-26T14:13:57.015-0300][1194.242s][3772][6460 ][info][gc,heap     ] GC(105) y:  Capacity:     2952M (96%)        2952M (96%)        2952M (96%)        2952M (96%)        2952M (96%)        2952M (96%)    
[2026-06-26T14:13:57.015-0300][1194.242s][3772][6460 ][info][gc,heap     ] GC(105) y:      Free:      190M (6%)          176M (6%)          946M (31%)        1152M (38%)        1152M (38%)         176M (6%)     
[2026-06-26T14:13:57.015-0300][1194.242s][3772][6460 ][info][gc,heap     ] GC(105) y:      Used:     2882M (94%)        2896M (94%)        2126M (69%)        1920M (62%)        2896M (94%)        1920M (62%)    
[2026-06-26T14:13:57.015-0300][1194.242s][3772][6460 ][info][gc,heap     ] GC(105) y: Young Generation Statistics:
[2026-06-26T14:13:57.015-0300][1194.242s][3772][6460 ][info][gc,heap     ] GC(105) y:                Mark Start          Mark End        Relocate Start      Relocate End    
[2026-06-26T14:13:57.015-0300][1194.242s][3772][6460 ][info][gc,heap     ] GC(105) y:      Used:      996M (32%)        1010M (33%)         240M (8%)           34M (1%)     
[2026-06-26T14:13:57.015-0300][1194.242s][3772][6460 ][info][gc,heap     ] GC(105) y:      Live:         -                 4M (0%)            4M (0%)            4M (0%)     
[2026-06-26T14:13:57.015-0300][1194.242s][3772][6460 ][info][gc,heap     ] GC(105) y:   Garbage:         -               991M (32%)         221M (7%)            1M (0%)     
[2026-06-26T14:13:57.015-0300][1194.242s][3772][6460 ][info][gc,heap     ] GC(105) y: Allocated:         -                14M (0%)           14M (0%)           28M (1%)     
[2026-06-26T14:13:57.016-0300][1194.242s][3772][6460 ][info][gc,heap     ] GC(105) y: Reclaimed:         -                  -               770M (25%)         990M (32%)    
[2026-06-26T14:13:57.016-0300][1194.242s][3772][6460 ][info][gc,heap     ] GC(105) y:  Promoted:         -                  -                 0M (0%)            0M (0%)     
[2026-06-26T14:13:57.016-0300][1194.242s][3772][6460 ][info][gc,heap     ] GC(105) y: Compacted:         -                  -                  -                 1M (0%)     
[2026-06-26T14:13:57.016-0300][1194.242s][3772][6460 ][info][gc,phases   ] GC(105) y: Young Generation 2882M(94%)->1920M(62%) 0.051s
[2026-06-26T14:13:57.016-0300][1194.242s][3772][6460 ][info][gc          ] GC(105) Minor Collection (High Usage) 2882M(94%)->1920M(62%) 0.051s
[2026-06-26T14:14:21.743-0300][1218.969s][3772][6460 ][info][gc          ] GC(106) Minor Collection (High Usage)
[2026-06-26T14:14:21.743-0300][1218.969s][3772][6460 ][info][gc,task     ] GC(106) Using 1 Workers for Young Generation
[2026-06-26T14:14:21.743-0300][1218.969s][3772][6460 ][info][gc,phases   ] GC(106) y: Young Generation
[2026-06-26T14:14:21.743-0300][1218.969s][3772][1692 ][info][gc,phases   ] GC(106) y: Pause Mark Start 0.008ms
[2026-06-26T14:14:21.791-0300][1219.018s][3772][6460 ][info][gc,phases   ] GC(106) y: Concurrent Mark 48.779ms
[2026-06-26T14:14:21.792-0300][1219.018s][3772][1692 ][info][gc,phases   ] GC(106) y: Pause Mark End 0.013ms
[2026-06-26T14:14:21.792-0300][1219.018s][3772][6460 ][info][gc,phases   ] GC(106) y: Concurrent Mark Free 0.002ms
[2026-06-26T14:14:21.792-0300][1219.018s][3772][6460 ][info][gc,phases   ] GC(106) y: Concurrent Reset Relocation Set 0.005ms
[2026-06-26T14:14:21.792-0300][1219.019s][3772][6460 ][info][gc,reloc    ] GC(106) y: Using tenuring threshold: 1 (Computed)
[2026-06-26T14:14:21.794-0300][1219.021s][3772][6460 ][info][gc,phases   ] GC(106) y: Concurrent Select Relocation Set 2.256ms
[2026-06-26T14:14:21.794-0300][1219.021s][3772][1692 ][info][gc,phases   ] GC(106) y: Pause Relocate Start 0.009ms
[2026-06-26T14:14:21.802-0300][1219.028s][3772][6460 ][info][gc,phases   ] GC(106) y: Concurrent Relocate 7.679ms
[2026-06-26T14:14:21.802-0300][1219.029s][3772][6460 ][info][gc,alloc    ] GC(106) y:                         Mark Start        Mark End      Relocate Start    Relocate End   
[2026-06-26T14:14:21.802-0300][1219.029s][3772][6460 ][info][gc,alloc    ] GC(106) y: Allocation Stalls:          0                0                0                0         
[2026-06-26T14:14:21.802-0300][1219.029s][3772][6460 ][info][gc,load     ] GC(106) y: Load: 0.00 (0%) / 0.00 (0%) / 0.00 (0%)
[2026-06-26T14:14:21.802-0300][1219.029s][3772][6460 ][info][gc,mmu      ] GC(106) y: MMU: 2ms/97.1%, 5ms/98.8%, 10ms/99.4%, 20ms/99.6%, 50ms/99.8%, 100ms/99.9%
[2026-06-26T14:14:21.802-0300][1219.029s][3772][6460 ][info][gc,marking  ] GC(106) y: Mark: 1 stripe(s), 2 proactive flush(es), 1 terminate flush(es), 0 completion(s), 0 continuation(s) 
[2026-06-26T14:14:21.802-0300][1219.029s][3772][6460 ][info][gc,nmethod  ] GC(106) y: NMethods: 11984 registered, 0 unregistered
[2026-06-26T14:14:21.802-0300][1219.029s][3772][6460 ][info][gc,metaspace] GC(106) y: Metaspace: 82M used, 84M committed, 1152M reserved
[2026-06-26T14:14:21.802-0300][1219.029s][3772][6460 ][info][gc,reloc    ] GC(106) y:                        Candidates     Selected     In-Place         Size        Empty    Relocated 
[2026-06-26T14:14:21.802-0300][1219.029s][3772][6460 ][info][gc,reloc    ] GC(106) y: Small Pages:                  498          130            0         996M         730M           2M 
[2026-06-26T14:14:21.802-0300][1219.029s][3772][6460 ][info][gc,reloc    ] GC(106) y: Medium Pages:                   0            0            0           0M           0M           0M 
[2026-06-26T14:14:21.802-0300][1219.029s][3772][6460 ][info][gc,reloc    ] GC(106) y: Large Pages:                    0            0            0           0M           0M           0M 
[2026-06-26T14:14:21.802-0300][1219.029s][3772][6460 ][info][gc,reloc    ] GC(106) y: Forwarding Usage: 0M
[2026-06-26T14:14:21.802-0300][1219.029s][3772][6460 ][info][gc,reloc    ] GC(106) y: Age Table:
[2026-06-26T14:14:21.802-0300][1219.029s][3772][6460 ][info][gc,reloc    ] GC(106) y:                    Live             Garbage             Small              Medium             Large        
[2026-06-26T14:14:21.802-0300][1219.029s][3772][6460 ][info][gc,reloc    ] GC(106) y: Eden               1M (0%)          974M (32%)        488 / 124            0 / 0              0 / 0        
[2026-06-26T14:14:21.802-0300][1219.029s][3772][6460 ][info][gc,reloc    ] GC(106) y: Survivor 1         0M (0%)            5M (0%)           3 / 1              0 / 0              0 / 0        
[2026-06-26T14:14:21.802-0300][1219.029s][3772][6460 ][info][gc,reloc    ] GC(106) y: Survivor 2         1M (0%)            2M (0%)           2 / 1              0 / 0              0 / 0        
[2026-06-26T14:14:21.802-0300][1219.029s][3772][6460 ][info][gc,reloc    ] GC(106) y: Survivor 3         0M (0%)            1M (0%)           1 / 1              0 / 0              0 / 0        
[2026-06-26T14:14:21.802-0300][1219.029s][3772][6460 ][info][gc,reloc    ] GC(106) y: Survivor 4         0M (0%)            1M (0%)           1 / 1              0 / 0              0 / 0        
[2026-06-26T14:14:21.802-0300][1219.029s][3772][6460 ][info][gc,reloc    ] GC(106) y: Survivor 5         0M (0%)            1M (0%)           1 / 1              0 / 0              0 / 0        
[2026-06-26T14:14:21.802-0300][1219.029s][3772][6460 ][info][gc,reloc    ] GC(106) y: Survivor 6         0M (0%)            3M (0%)           2 / 1              0 / 0              0 / 0        
[2026-06-26T14:14:21.802-0300][1219.029s][3772][6460 ][info][gc,heap     ] GC(106) y: Min Capacity: 8M(0%)
[2026-06-26T14:14:21.802-0300][1219.029s][3772][6460 ][info][gc,heap     ] GC(106) y: Max Capacity: 3072M(100%)
[2026-06-26T14:14:21.802-0300][1219.029s][3772][6460 ][info][gc,heap     ] GC(106) y: Soft Max Capacity: 3072M(100%)
[2026-06-26T14:14:21.802-0300][1219.029s][3772][6460 ][info][gc,heap     ] GC(106) y: Heap Statistics:
[2026-06-26T14:14:21.802-0300][1219.029s][3772][6460 ][info][gc,heap     ] GC(106) y:                Mark Start          Mark End        Relocate Start      Relocate End           High               Low         
[2026-06-26T14:14:21.802-0300][1219.029s][3772][6460 ][info][gc,heap     ] GC(106) y:  Capacity:     2952M (96%)        2952M (96%)        2952M (96%)        2952M (96%)        2952M (96%)        2952M (96%)    
[2026-06-26T14:14:21.802-0300][1219.029s][3772][6460 ][info][gc,heap     ] GC(106) y:      Free:      190M (6%)          170M (6%)          900M (29%)        1158M (38%)        1158M (38%)         170M (6%)     
[2026-06-26T14:14:21.802-0300][1219.029s][3772][6460 ][info][gc,heap     ] GC(106) y:      Used:     2882M (94%)        2902M (94%)        2172M (71%)        1914M (62%)        2902M (94%)        1914M (62%)    
[2026-06-26T14:14:21.802-0300][1219.029s][3772][6460 ][info][gc,heap     ] GC(106) y: Young Generation Statistics:
[2026-06-26T14:14:21.802-0300][1219.029s][3772][6460 ][info][gc,heap     ] GC(106) y:                Mark Start          Mark End        Relocate Start      Relocate End    
[2026-06-26T14:14:21.802-0300][1219.029s][3772][6460 ][info][gc,heap     ] GC(106) y:      Used:      996M (32%)        1016M (33%)         284M (9%)           24M (1%)     
[2026-06-26T14:14:21.802-0300][1219.029s][3772][6460 ][info][gc,heap     ] GC(106) y:      Live:         -                 4M (0%)            3M (0%)            1M (0%)     
[2026-06-26T14:14:21.802-0300][1219.029s][3772][6460 ][info][gc,heap     ] GC(106) y:   Garbage:         -               991M (32%)         260M (8%)            0M (0%)     
[2026-06-26T14:14:21.802-0300][1219.029s][3772][6460 ][info][gc,heap     ] GC(106) y: Allocated:         -                20M (1%)           20M (1%)           22M (1%)     
[2026-06-26T14:14:21.802-0300][1219.029s][3772][6460 ][info][gc,heap     ] GC(106) y: Reclaimed:         -                  -               730M (24%)         991M (32%)    
[2026-06-26T14:14:21.802-0300][1219.029s][3772][6460 ][info][gc,heap     ] GC(106) y:  Promoted:         -                  -                 1M (0%)            2M (0%)     
[2026-06-26T14:14:21.802-0300][1219.029s][3772][6460 ][info][gc,heap     ] GC(106) y: Compacted:         -                  -                  -                 1M (0%)     
[2026-06-26T14:14:21.802-0300][1219.029s][3772][6460 ][info][gc,phases   ] GC(106) y: Young Generation 2882M(94%)->1914M(62%) 0.059s
[2026-06-26T14:14:21.802-0300][1219.029s][3772][6460 ][info][gc          ] GC(106) Minor Collection (High Usage) 2882M(94%)->1914M(62%) 0.060s
[2026-06-26T14:14:36.426-0300][1233.653s][3772][8616 ][info][gc          ] GC(107) Major Collection (Proactive)
[2026-06-26T14:14:36.426-0300][1233.653s][3772][8616 ][info][gc,task     ] GC(107) Using 1 Workers for Young Generation
[2026-06-26T14:14:36.426-0300][1233.653s][3772][8616 ][info][gc,task     ] GC(107) Using 1 Workers for Old Generation
[2026-06-26T14:14:36.426-0300][1233.653s][3772][8616 ][info][gc,phases   ] GC(107) Y: Young Generation
[2026-06-26T14:14:36.426-0300][1233.653s][3772][1692 ][info][gc,phases   ] GC(107) Y: Pause Mark Start (Major) 0.011ms
[2026-06-26T14:14:36.461-0300][1233.688s][3772][8616 ][info][gc,phases   ] GC(107) Y: Concurrent Mark 34.496ms
[2026-06-26T14:14:36.461-0300][1233.688s][3772][1692 ][info][gc,phases   ] GC(107) Y: Pause Mark End 0.014ms
[2026-06-26T14:14:36.461-0300][1233.688s][3772][8616 ][info][gc,phases   ] GC(107) Y: Concurrent Mark Free 0.002ms
[2026-06-26T14:14:36.461-0300][1233.688s][3772][8616 ][info][gc,phases   ] GC(107) Y: Concurrent Reset Relocation Set 0.248ms
[2026-06-26T14:14:36.461-0300][1233.688s][3772][8616 ][info][gc,reloc    ] GC(107) Y: Using tenuring threshold: 2 (Computed)
[2026-06-26T14:14:36.461-0300][1233.688s][3772][8616 ][info][gc,phases   ] GC(107) Y: Concurrent Select Relocation Set 0.450ms
[2026-06-26T14:14:36.462-0300][1233.689s][3772][1692 ][info][gc,phases   ] GC(107) Y: Pause Relocate Start 0.009ms
[2026-06-26T14:14:36.464-0300][1233.691s][3772][8616 ][info][gc,phases   ] GC(107) Y: Concurrent Relocate 2.095ms
[2026-06-26T14:14:36.464-0300][1233.691s][3772][8616 ][info][gc,alloc    ] GC(107) Y:                         Mark Start        Mark End      Relocate Start    Relocate End   
[2026-06-26T14:14:36.464-0300][1233.691s][3772][8616 ][info][gc,alloc    ] GC(107) Y: Allocation Stalls:          0                0                0                0         
[2026-06-26T14:14:36.464-0300][1233.691s][3772][8616 ][info][gc,load     ] GC(107) Y: Load: 0.00 (0%) / 0.00 (0%) / 0.00 (0%)
[2026-06-26T14:14:36.464-0300][1233.691s][3772][8616 ][info][gc,mmu      ] GC(107) Y: MMU: 2ms/97.1%, 5ms/98.8%, 10ms/99.4%, 20ms/99.6%, 50ms/99.8%, 100ms/99.9%
[2026-06-26T14:14:36.464-0300][1233.691s][3772][8616 ][info][gc,marking  ] GC(107) Y: Mark: 1 stripe(s), 2 proactive flush(es), 1 terminate flush(es), 0 completion(s), 0 continuation(s) 
[2026-06-26T14:14:36.464-0300][1233.691s][3772][8616 ][info][gc,nmethod  ] GC(107) Y: NMethods: 12002 registered, 0 unregistered
[2026-06-26T14:14:36.464-0300][1233.691s][3772][8616 ][info][gc,metaspace] GC(107) Y: Metaspace: 82M used, 84M committed, 1152M reserved
[2026-06-26T14:14:36.464-0300][1233.691s][3772][8616 ][info][gc,reloc    ] GC(107) Y:                        Candidates     Selected     In-Place         Size        Empty    Relocated 
[2026-06-26T14:14:36.464-0300][1233.691s][3772][8616 ][info][gc,reloc    ] GC(107) Y: Small Pages:                  234           65            0         468M         334M           0M 
[2026-06-26T14:14:36.464-0300][1233.691s][3772][8616 ][info][gc,reloc    ] GC(107) Y: Medium Pages:                   0            0            0           0M           0M           0M 
[2026-06-26T14:14:36.464-0300][1233.691s][3772][8616 ][info][gc,reloc    ] GC(107) Y: Large Pages:                    0            0            0           0M           0M           0M 
[2026-06-26T14:14:36.464-0300][1233.691s][3772][8616 ][info][gc,reloc    ] GC(107) Y: Forwarding Usage: 0M
[2026-06-26T14:14:36.464-0300][1233.691s][3772][8616 ][info][gc,reloc    ] GC(107) Y: Age Table:
[2026-06-26T14:14:36.464-0300][1233.691s][3772][8616 ][info][gc,reloc    ] GC(107) Y:                    Live             Garbage             Small              Medium             Large        
[2026-06-26T14:14:36.464-0300][1233.691s][3772][8616 ][info][gc,reloc    ] GC(107) Y: Eden               0M (0%)          463M (15%)        232 / 65             0 / 0              0 / 0        
[2026-06-26T14:14:36.464-0300][1233.691s][3772][8616 ][info][gc,reloc    ] GC(107) Y: Survivor 1         1M (0%)            2M (0%)           2 / 0              0 / 0              0 / 0        
[2026-06-26T14:14:36.464-0300][1233.691s][3772][8616 ][info][gc,heap     ] GC(107) Y: Min Capacity: 8M(0%)
[2026-06-26T14:14:36.464-0300][1233.691s][3772][8616 ][info][gc,heap     ] GC(107) Y: Max Capacity: 3072M(100%)
[2026-06-26T14:14:36.464-0300][1233.691s][3772][8616 ][info][gc,heap     ] GC(107) Y: Soft Max Capacity: 3072M(100%)
[2026-06-26T14:14:36.464-0300][1233.691s][3772][8616 ][info][gc,heap     ] GC(107) Y: Heap Statistics:
[2026-06-26T14:14:36.464-0300][1233.691s][3772][8616 ][info][gc,heap     ] GC(107) Y:                Mark Start          Mark End        Relocate Start      Relocate End           High               Low         
[2026-06-26T14:14:36.464-0300][1233.691s][3772][8616 ][info][gc,heap     ] GC(107) Y:  Capacity:     2952M (96%)        2952M (96%)        2952M (96%)        2952M (96%)        2952M (96%)        2952M (96%)    
[2026-06-26T14:14:36.464-0300][1233.691s][3772][8616 ][info][gc,heap     ] GC(107) Y:      Free:      714M (23%)         696M (23%)        1030M (34%)        1160M (38%)        1160M (38%)         696M (23%)    
[2026-06-26T14:14:36.464-0300][1233.691s][3772][8616 ][info][gc,heap     ] GC(107) Y:      Used:     2358M (77%)        2376M (77%)        2042M (66%)        1912M (62%)        2376M (77%)        1912M (62%)    
[2026-06-26T14:14:36.464-0300][1233.691s][3772][8616 ][info][gc,heap     ] GC(107) Y: Young Generation Statistics:
[2026-06-26T14:14:36.464-0300][1233.691s][3772][8616 ][info][gc,heap     ] GC(107) Y:                Mark Start          Mark End        Relocate Start      Relocate End    
[2026-06-26T14:14:36.464-0300][1233.691s][3772][8616 ][info][gc,heap     ] GC(107) Y:      Used:      468M (15%)         486M (16%)         152M (5%)           22M (1%)     
[2026-06-26T14:14:36.464-0300][1233.691s][3772][8616 ][info][gc,heap     ] GC(107) Y:      Live:         -                 2M (0%)            2M (0%)            2M (0%)     
[2026-06-26T14:14:36.464-0300][1233.691s][3772][8616 ][info][gc,heap     ] GC(107) Y:   Garbage:         -               465M (15%)         131M (4%)            0M (0%)     
[2026-06-26T14:14:36.464-0300][1233.691s][3772][8616 ][info][gc,heap     ] GC(107) Y: Allocated:         -                18M (1%)           18M (1%)           19M (1%)     
[2026-06-26T14:14:36.464-0300][1233.691s][3772][8616 ][info][gc,heap     ] GC(107) Y: Reclaimed:         -                  -               334M (11%)         465M (15%)    
[2026-06-26T14:14:36.464-0300][1233.691s][3772][8616 ][info][gc,heap     ] GC(107) Y:  Promoted:         -                  -                 0M (0%)            0M (0%)     
[2026-06-26T14:14:36.464-0300][1233.691s][3772][8616 ][info][gc,heap     ] GC(107) Y: Compacted:         -                  -                  -                 0M (0%)     
[2026-06-26T14:14:36.464-0300][1233.691s][3772][8616 ][info][gc,phases   ] GC(107) Y: Young Generation 2358M(77%)->1912M(62%) 0.038s
[2026-06-26T14:14:36.464-0300][1233.691s][3772][8616 ][info][gc,phases   ] GC(107) O: Old Generation
[2026-06-26T14:14:39.401-0300][1236.627s][3772][8616 ][info][gc,phases   ] GC(107) O: Concurrent Mark 2936.404ms
[2026-06-26T14:14:39.401-0300][1236.628s][3772][1692 ][info][gc,phases   ] GC(107) O: Pause Mark End 0.014ms
[2026-06-26T14:14:39.401-0300][1236.628s][3772][8616 ][info][gc,phases   ] GC(107) O: Concurrent Mark Free 0.002ms
[2026-06-26T14:14:39.450-0300][1236.677s][3772][8616 ][info][gc,phases   ] GC(107) O: Concurrent Process Non-Strong 49.869ms
[2026-06-26T14:14:39.450-0300][1236.678s][3772][8616 ][info][gc,phases   ] GC(107) O: Concurrent Reset Relocation Set 0.004ms
[2026-06-26T14:14:39.452-0300][1236.679s][3772][8616 ][info][gc,phases   ] GC(107) O: Concurrent Select Relocation Set 1.298ms
[2026-06-26T14:14:39.452-0300][1236.679s][3772][8616 ][info][gc,task     ] GC(107) O: Using 2 Workers for Old Generation
[2026-06-26T14:14:39.460-0300][1236.687s][3772][8616 ][info][gc,task     ] GC(107) O: Using 1 Workers for Old Generation
[2026-06-26T14:14:39.460-0300][1236.687s][3772][8616 ][info][gc,phases   ] GC(107) O: Concurrent Remap Roots 8.445ms
[2026-06-26T14:14:39.461-0300][1236.687s][3772][1692 ][info][gc,phases   ] GC(107) O: Pause Relocate Start 0.011ms
[2026-06-26T14:14:39.509-0300][1236.737s][3772][8616 ][info][gc,phases   ] GC(107) O: Concurrent Relocate 49.219ms
[2026-06-26T14:14:39.509-0300][1236.737s][3772][8616 ][info][gc,alloc    ] GC(107) O:                         Mark Start        Mark End      Relocate Start    Relocate End   
[2026-06-26T14:14:39.509-0300][1236.737s][3772][8616 ][info][gc,alloc    ] GC(107) O: Allocation Stalls:          0                0                0                0         
[2026-06-26T14:14:39.509-0300][1236.737s][3772][8616 ][info][gc,load     ] GC(107) O: Load: 0.00 (0%) / 0.00 (0%) / 0.00 (0%)
[2026-06-26T14:14:39.509-0300][1236.737s][3772][8616 ][info][gc,mmu      ] GC(107) O: MMU: 2ms/97.1%, 5ms/98.8%, 10ms/99.4%, 20ms/99.6%, 50ms/99.8%, 100ms/99.9%
[2026-06-26T14:14:39.509-0300][1236.737s][3772][8616 ][info][gc,marking  ] GC(107) O: Mark: 1 stripe(s), 2 proactive flush(es), 1 terminate flush(es), 0 completion(s), 0 continuation(s) 
[2026-06-26T14:14:39.509-0300][1236.737s][3772][8616 ][info][gc,nmethod  ] GC(107) O: NMethods: 11828 registered, 177 unregistered
[2026-06-26T14:14:39.510-0300][1236.737s][3772][8616 ][info][gc,metaspace] GC(107) O: Metaspace: 81M used, 84M committed, 1152M reserved
[2026-06-26T14:14:39.510-0300][1236.737s][3772][8616 ][info][gc,ref      ] GC(107) O:                       Encountered   Discovered     Enqueued 
[2026-06-26T14:14:39.510-0300][1236.737s][3772][8616 ][info][gc,ref      ] GC(107) O: Soft References:             6077         2271         1977 
[2026-06-26T14:14:39.510-0300][1236.737s][3772][8616 ][info][gc,ref      ] GC(107) O: Weak References:             6768         5624          199 
[2026-06-26T14:14:39.510-0300][1236.737s][3772][8616 ][info][gc,ref      ] GC(107) O: Final References:              16            0            0 
[2026-06-26T14:14:39.510-0300][1236.737s][3772][8616 ][info][gc,ref      ] GC(107) O: Phantom References:          8239         7786          217 
[2026-06-26T14:14:39.510-0300][1236.737s][3772][8616 ][info][gc,reloc    ] GC(107) O:                        Candidates     Selected     In-Place         Size        Empty    Relocated 
[2026-06-26T14:14:39.510-0300][1236.737s][3772][8616 ][info][gc,reloc    ] GC(107) O: Small Pages:                  883           16            0        1766M           2M           8M 
[2026-06-26T14:14:39.510-0300][1236.737s][3772][8616 ][info][gc,reloc    ] GC(107) O: Medium Pages:                   2            0            0          64M           0M           0M 
[2026-06-26T14:14:39.510-0300][1236.737s][3772][8616 ][info][gc,reloc    ] GC(107) O: Large Pages:                    5            0            0          60M           0M           0M 
[2026-06-26T14:14:39.510-0300][1236.737s][3772][8616 ][info][gc,reloc    ] GC(107) O: Forwarding Usage: 12M
[2026-06-26T14:14:39.510-0300][1236.737s][3772][8616 ][info][gc,heap     ] GC(107) O: Min Capacity: 8M(0%)
[2026-06-26T14:14:39.510-0300][1236.737s][3772][8616 ][info][gc,heap     ] GC(107) O: Max Capacity: 3072M(100%)
[2026-06-26T14:14:39.510-0300][1236.737s][3772][8616 ][info][gc,heap     ] GC(107) O: Soft Max Capacity: 3072M(100%)
[2026-06-26T14:14:39.510-0300][1236.737s][3772][8616 ][info][gc,heap     ] GC(107) O: Heap Statistics:
[2026-06-26T14:14:39.510-0300][1236.737s][3772][8616 ][info][gc,heap     ] GC(107) O:                Mark Start          Mark End        Relocate Start      Relocate End           High               Low         
[2026-06-26T14:14:39.510-0300][1236.737s][3772][8616 ][info][gc,heap     ] GC(107) O:  Capacity:     2952M (96%)        2952M (96%)        2952M (96%)        2952M (96%)        2952M (96%)        2952M (96%)    
[2026-06-26T14:14:39.510-0300][1236.737s][3772][8616 ][info][gc,heap     ] GC(107) O:      Free:      714M (23%)        1084M (35%)        1082M (35%)        1110M (36%)        1160M (38%)         696M (23%)    
[2026-06-26T14:14:39.510-0300][1236.737s][3772][8616 ][info][gc,heap     ] GC(107) O:      Used:     2358M (77%)        1988M (65%)        1990M (65%)        1962M (64%)        2376M (77%)        1912M (62%)    
[2026-06-26T14:14:39.510-0300][1236.737s][3772][8616 ][info][gc,heap     ] GC(107) O: Old Generation Statistics:
[2026-06-26T14:14:39.510-0300][1236.737s][3772][8616 ][info][gc,heap     ] GC(107) O:                Mark Start          Mark End        Relocate Start      Relocate End    
[2026-06-26T14:14:39.510-0300][1236.737s][3772][8616 ][info][gc,heap     ] GC(107) O:      Used:     1890M (62%)        1890M (62%)        1888M (61%)        1860M (61%)    
[2026-06-26T14:14:39.510-0300][1236.737s][3772][8616 ][info][gc,heap     ] GC(107) O:      Live:         -              1751M (57%)        1751M (57%)        1751M (57%)    
[2026-06-26T14:14:39.510-0300][1236.737s][3772][8616 ][info][gc,heap     ] GC(107) O:   Garbage:         -               138M (5%)          136M (4%)           99M (3%)     
[2026-06-26T14:14:39.510-0300][1236.737s][3772][8616 ][info][gc,heap     ] GC(107) O: Allocated:         -                 0M (0%)            0M (0%)            9M (0%)     
[2026-06-26T14:14:39.510-0300][1236.737s][3772][8616 ][info][gc,heap     ] GC(107) O: Reclaimed:         -                  -                 2M (0%)           39M (1%)     
[2026-06-26T14:14:39.510-0300][1236.737s][3772][8616 ][info][gc,heap     ] GC(107) O: Compacted:         -                  -                  -                34M (1%)     
[2026-06-26T14:14:39.510-0300][1236.737s][3772][8616 ][info][gc,phases   ] GC(107) O: Old Generation 1912M(62%)->1962M(64%) 3.046s
[2026-06-26T14:14:39.510-0300][1236.737s][3772][8616 ][info][gc          ] GC(107) Major Collection (Proactive) 2358M(77%)->1962M(64%) 3.084s
[2026-06-26T14:15:04.476-0300][1261.703s][3772][6460 ][info][gc          ] GC(108) Minor Collection (High Usage)
[2026-06-26T14:15:04.476-0300][1261.703s][3772][6460 ][info][gc,task     ] GC(108) Using 1 Workers for Young Generation
[2026-06-26T14:15:04.476-0300][1261.703s][3772][6460 ][info][gc,phases   ] GC(108) y: Young Generation
[2026-06-26T14:15:04.476-0300][1261.703s][3772][1692 ][info][gc,phases   ] GC(108) y: Pause Mark Start 0.009ms
[2026-06-26T14:15:04.517-0300][1261.744s][3772][6460 ][info][gc,phases   ] GC(108) y: Concurrent Mark 40.688ms
[2026-06-26T14:15:04.517-0300][1261.744s][3772][1692 ][info][gc,phases   ] GC(108) y: Pause Mark End 0.013ms
[2026-06-26T14:15:04.517-0300][1261.744s][3772][6460 ][info][gc,phases   ] GC(108) y: Concurrent Mark Free 0.001ms
[2026-06-26T14:15:04.517-0300][1261.744s][3772][6460 ][info][gc,phases   ] GC(108) y: Concurrent Reset Relocation Set 0.003ms
[2026-06-26T14:15:04.517-0300][1261.744s][3772][6460 ][info][gc,reloc    ] GC(108) y: Using tenuring threshold: 3 (Computed)
[2026-06-26T14:15:04.517-0300][1261.745s][3772][6460 ][info][gc,phases   ] GC(108) y: Concurrent Select Relocation Set 0.586ms
[2026-06-26T14:15:04.517-0300][1261.745s][3772][1692 ][info][gc,phases   ] GC(108) y: Pause Relocate Start 0.010ms
[2026-06-26T14:15:04.521-0300][1261.748s][3772][6460 ][info][gc,phases   ] GC(108) y: Concurrent Relocate 3.276ms
[2026-06-26T14:15:04.521-0300][1261.748s][3772][6460 ][info][gc,alloc    ] GC(108) y:                         Mark Start        Mark End      Relocate Start    Relocate End   
[2026-06-26T14:15:04.521-0300][1261.748s][3772][6460 ][info][gc,alloc    ] GC(108) y: Allocation Stalls:          0                0                0                0         
[2026-06-26T14:15:04.521-0300][1261.748s][3772][6460 ][info][gc,load     ] GC(108) y: Load: 0.00 (0%) / 0.00 (0%) / 0.00 (0%)
[2026-06-26T14:15:04.521-0300][1261.748s][3772][6460 ][info][gc,mmu      ] GC(108) y: MMU: 2ms/97.1%, 5ms/98.8%, 10ms/99.4%, 20ms/99.6%, 50ms/99.8%, 100ms/99.9%
[2026-06-26T14:15:04.521-0300][1261.748s][3772][6460 ][info][gc,marking  ] GC(108) y: Mark: 1 stripe(s), 2 proactive flush(es), 1 terminate flush(es), 0 completion(s), 0 continuation(s) 
[2026-06-26T14:15:04.521-0300][1261.748s][3772][6460 ][info][gc,nmethod  ] GC(108) y: NMethods: 11850 registered, 177 unregistered
[2026-06-26T14:15:04.521-0300][1261.748s][3772][6460 ][info][gc,metaspace] GC(108) y: Metaspace: 81M used, 84M committed, 1152M reserved
[2026-06-26T14:15:04.521-0300][1261.748s][3772][6460 ][info][gc,reloc    ] GC(108) y:                        Candidates     Selected     In-Place         Size        Empty    Relocated 
[2026-06-26T14:15:04.521-0300][1261.748s][3772][6460 ][info][gc,reloc    ] GC(108) y: Small Pages:                  511           99            0        1022M         820M           0M 
[2026-06-26T14:15:04.521-0300][1261.748s][3772][6460 ][info][gc,reloc    ] GC(108) y: Medium Pages:                   0            0            0           0M           0M           0M 
[2026-06-26T14:15:04.521-0300][1261.748s][3772][6460 ][info][gc,reloc    ] GC(108) y: Large Pages:                    0            0            0           0M           0M           0M 
[2026-06-26T14:15:04.521-0300][1261.748s][3772][6460 ][info][gc,reloc    ] GC(108) y: Forwarding Usage: 0M
[2026-06-26T14:15:04.521-0300][1261.748s][3772][6460 ][info][gc,reloc    ] GC(108) y: Age Table:
[2026-06-26T14:15:04.521-0300][1261.748s][3772][6460 ][info][gc,reloc    ] GC(108) y:                    Live             Garbage             Small              Medium             Large        
[2026-06-26T14:15:04.521-0300][1261.748s][3772][6460 ][info][gc,reloc    ] GC(108) y: Eden               0M (0%)         1017M (33%)        509 / 98             0 / 0              0 / 0        
[2026-06-26T14:15:04.521-0300][1261.748s][3772][6460 ][info][gc,reloc    ] GC(108) y: Survivor 1         0M (0%)            1M (0%)           1 / 1              0 / 0              0 / 0        
[2026-06-26T14:15:04.521-0300][1261.748s][3772][6460 ][info][gc,reloc    ] GC(108) y: Survivor 2         1M (0%)            0M (0%)           1 / 0              0 / 0              0 / 0        
[2026-06-26T14:15:04.521-0300][1261.748s][3772][6460 ][info][gc,heap     ] GC(108) y: Min Capacity: 8M(0%)
[2026-06-26T14:15:04.521-0300][1261.748s][3772][6460 ][info][gc,heap     ] GC(108) y: Max Capacity: 3072M(100%)
[2026-06-26T14:15:04.521-0300][1261.748s][3772][6460 ][info][gc,heap     ] GC(108) y: Soft Max Capacity: 3072M(100%)
[2026-06-26T14:15:04.521-0300][1261.748s][3772][6460 ][info][gc,heap     ] GC(108) y: Heap Statistics:
[2026-06-26T14:15:04.521-0300][1261.748s][3772][6460 ][info][gc,heap     ] GC(108) y:                Mark Start          Mark End        Relocate Start      Relocate End           High               Low         
[2026-06-26T14:15:04.521-0300][1261.748s][3772][6460 ][info][gc,heap     ] GC(108) y:  Capacity:     2952M (96%)        2952M (96%)        2952M (96%)        2952M (96%)        2952M (96%)        2952M (96%)    
[2026-06-26T14:15:04.521-0300][1261.748s][3772][6460 ][info][gc,heap     ] GC(108) y:      Free:      190M (6%)          172M (6%)          992M (32%)        1186M (39%)        1186M (39%)         172M (6%)     
[2026-06-26T14:15:04.521-0300][1261.748s][3772][6460 ][info][gc,heap     ] GC(108) y:      Used:     2882M (94%)        2900M (94%)        2080M (68%)        1886M (61%)        2900M (94%)        1886M (61%)    
[2026-06-26T14:15:04.521-0300][1261.748s][3772][6460 ][info][gc,heap     ] GC(108) y: Young Generation Statistics:
[2026-06-26T14:15:04.521-0300][1261.748s][3772][6460 ][info][gc,heap     ] GC(108) y:                Mark Start          Mark End        Relocate Start      Relocate End    
[2026-06-26T14:15:04.521-0300][1261.748s][3772][6460 ][info][gc,heap     ] GC(108) y:      Used:     1022M (33%)        1040M (34%)         220M (7%)           26M (1%)     
[2026-06-26T14:15:04.521-0300][1261.748s][3772][6460 ][info][gc,heap     ] GC(108) y:      Live:         -                 2M (0%)            2M (0%)            2M (0%)     
[2026-06-26T14:15:04.521-0300][1261.748s][3772][6460 ][info][gc,heap     ] GC(108) y:   Garbage:         -              1019M (33%)         199M (6%)            0M (0%)     
[2026-06-26T14:15:04.521-0300][1261.748s][3772][6460 ][info][gc,heap     ] GC(108) y: Allocated:         -                18M (1%)           18M (1%)           23M (1%)     
[2026-06-26T14:15:04.521-0300][1261.748s][3772][6460 ][info][gc,heap     ] GC(108) y: Reclaimed:         -                  -               820M (27%)        1019M (33%)    
[2026-06-26T14:15:04.521-0300][1261.748s][3772][6460 ][info][gc,heap     ] GC(108) y:  Promoted:         -                  -                 0M (0%)            0M (0%)     
[2026-06-26T14:15:04.521-0300][1261.749s][3772][6460 ][info][gc,heap     ] GC(108) y: Compacted:         -                  -                  -                 0M (0%)     
[2026-06-26T14:15:04.521-0300][1261.749s][3772][6460 ][info][gc,phases   ] GC(108) y: Young Generation 2882M(94%)->1886M(61%) 0.045s
[2026-06-26T14:15:04.521-0300][1261.749s][3772][6460 ][info][gc          ] GC(108) Minor Collection (High Usage) 2882M(94%)->1886M(61%) 0.045s
[2026-06-26T14:15:34.122-0300][1291.348s][3772][6460 ][info][gc          ] GC(109) Minor Collection (High Usage)
[2026-06-26T14:15:34.122-0300][1291.348s][3772][6460 ][info][gc,task     ] GC(109) Using 1 Workers for Young Generation
[2026-06-26T14:15:34.122-0300][1291.348s][3772][6460 ][info][gc,phases   ] GC(109) y: Young Generation
[2026-06-26T14:15:34.122-0300][1291.348s][3772][1692 ][info][gc,phases   ] GC(109) y: Pause Mark Start 0.009ms
[2026-06-26T14:15:34.159-0300][1291.386s][3772][6460 ][info][gc,phases   ] GC(109) y: Concurrent Mark 37.213ms
[2026-06-26T14:15:34.159-0300][1291.386s][3772][1692 ][info][gc,phases   ] GC(109) y: Pause Mark End 0.012ms
[2026-06-26T14:15:34.159-0300][1291.386s][3772][6460 ][info][gc,phases   ] GC(109) y: Concurrent Mark Free 0.003ms
[2026-06-26T14:15:34.159-0300][1291.386s][3772][6460 ][info][gc,phases   ] GC(109) y: Concurrent Reset Relocation Set 0.005ms
[2026-06-26T14:15:34.159-0300][1291.386s][3772][6460 ][info][gc,reloc    ] GC(109) y: Using tenuring threshold: 4 (Computed)
[2026-06-26T14:15:34.159-0300][1291.387s][3772][6460 ][info][gc,phases   ] GC(109) y: Concurrent Select Relocation Set 0.649ms
[2026-06-26T14:15:34.159-0300][1291.387s][3772][1692 ][info][gc,phases   ] GC(109) y: Pause Relocate Start 0.010ms
[2026-06-26T14:15:34.164-0300][1291.391s][3772][6460 ][info][gc,phases   ] GC(109) y: Concurrent Relocate 4.777ms
[2026-06-26T14:15:34.164-0300][1291.391s][3772][6460 ][info][gc,alloc    ] GC(109) y:                         Mark Start        Mark End      Relocate Start    Relocate End   
[2026-06-26T14:15:34.164-0300][1291.392s][3772][6460 ][info][gc,alloc    ] GC(109) y: Allocation Stalls:          0                0                0                0         
[2026-06-26T14:15:34.164-0300][1291.392s][3772][6460 ][info][gc,load     ] GC(109) y: Load: 0.00 (0%) / 0.00 (0%) / 0.00 (0%)
[2026-06-26T14:15:34.164-0300][1291.392s][3772][6460 ][info][gc,mmu      ] GC(109) y: MMU: 2ms/97.1%, 5ms/98.8%, 10ms/99.4%, 20ms/99.6%, 50ms/99.8%, 100ms/99.9%
[2026-06-26T14:15:34.164-0300][1291.392s][3772][6460 ][info][gc,marking  ] GC(109) y: Mark: 1 stripe(s), 2 proactive flush(es), 1 terminate flush(es), 0 completion(s), 0 continuation(s) 
[2026-06-26T14:15:34.164-0300][1291.392s][3772][6460 ][info][gc,nmethod  ] GC(109) y: NMethods: 12101 registered, 177 unregistered
[2026-06-26T14:15:34.164-0300][1291.392s][3772][6460 ][info][gc,metaspace] GC(109) y: Metaspace: 81M used, 84M committed, 1152M reserved
[2026-06-26T14:15:34.164-0300][1291.392s][3772][6460 ][info][gc,reloc    ] GC(109) y:                        Candidates     Selected     In-Place         Size        Empty    Relocated 
[2026-06-26T14:15:34.164-0300][1291.392s][3772][6460 ][info][gc,reloc    ] GC(109) y: Small Pages:                  511          118            0        1022M         782M           1M 
[2026-06-26T14:15:34.164-0300][1291.392s][3772][6460 ][info][gc,reloc    ] GC(109) y: Medium Pages:                   0            0            0           0M           0M           0M 
[2026-06-26T14:15:34.164-0300][1291.392s][3772][6460 ][info][gc,reloc    ] GC(109) y: Large Pages:                    0            0            0           0M           0M           0M 
[2026-06-26T14:15:34.164-0300][1291.392s][3772][6460 ][info][gc,reloc    ] GC(109) y: Forwarding Usage: 0M
[2026-06-26T14:15:34.164-0300][1291.392s][3772][6460 ][info][gc,reloc    ] GC(109) y: Age Table:
[2026-06-26T14:15:34.164-0300][1291.392s][3772][6460 ][info][gc,reloc    ] GC(109) y:                    Live             Garbage             Small              Medium             Large        
[2026-06-26T14:15:34.164-0300][1291.392s][3772][6460 ][info][gc,reloc    ] GC(109) y: Eden               0M (0%)         1013M (33%)        507 / 115            0 / 0              0 / 0        
[2026-06-26T14:15:34.164-0300][1291.392s][3772][6460 ][info][gc,reloc    ] GC(109) y: Survivor 1         0M (0%)            3M (0%)           2 / 2              0 / 0              0 / 0        
[2026-06-26T14:15:34.164-0300][1291.392s][3772][6460 ][info][gc,reloc    ] GC(109) y: Survivor 2         0M (0%)            1M (0%)           1 / 1              0 / 0              0 / 0        
[2026-06-26T14:15:34.164-0300][1291.392s][3772][6460 ][info][gc,reloc    ] GC(109) y: Survivor 3         1M (0%)            0M (0%)           1 / 0              0 / 0              0 / 0        
[2026-06-26T14:15:34.165-0300][1291.392s][3772][6460 ][info][gc,heap     ] GC(109) y: Min Capacity: 8M(0%)
[2026-06-26T14:15:34.165-0300][1291.392s][3772][6460 ][info][gc,heap     ] GC(109) y: Max Capacity: 3072M(100%)
[2026-06-26T14:15:34.165-0300][1291.392s][3772][6460 ][info][gc,heap     ] GC(109) y: Soft Max Capacity: 3072M(100%)
[2026-06-26T14:15:34.165-0300][1291.392s][3772][6460 ][info][gc,heap     ] GC(109) y: Heap Statistics:
[2026-06-26T14:15:34.165-0300][1291.392s][3772][6460 ][info][gc,heap     ] GC(109) y:                Mark Start          Mark End        Relocate Start      Relocate End           High               Low         
[2026-06-26T14:15:34.165-0300][1291.392s][3772][6460 ][info][gc,heap     ] GC(109) y:  Capacity:     2928M (95%)        2928M (95%)        2928M (95%)        2928M (95%)        2928M (95%)        2928M (95%)    
[2026-06-26T14:15:34.165-0300][1291.392s][3772][6460 ][info][gc,heap     ] GC(109) y:      Free:      190M (6%)          172M (6%)          954M (31%)        1170M (38%)        1170M (38%)         172M (6%)     
[2026-06-26T14:15:34.165-0300][1291.392s][3772][6460 ][info][gc,heap     ] GC(109) y:      Used:     2882M (94%)        2900M (94%)        2118M (69%)        1902M (62%)        2900M (94%)        1902M (62%)    
[2026-06-26T14:15:34.165-0300][1291.392s][3772][6460 ][info][gc,heap     ] GC(109) y: Young Generation Statistics:
[2026-06-26T14:15:34.165-0300][1291.392s][3772][6460 ][info][gc,heap     ] GC(109) y:                Mark Start          Mark End        Relocate Start      Relocate End    
[2026-06-26T14:15:34.165-0300][1291.392s][3772][6460 ][info][gc,heap     ] GC(109) y:      Used:     1022M (33%)        1040M (34%)         258M (8%)           42M (1%)     
[2026-06-26T14:15:34.165-0300][1291.392s][3772][6460 ][info][gc,heap     ] GC(109) y:      Live:         -                 2M (0%)            2M (0%)            2M (0%)     
[2026-06-26T14:15:34.165-0300][1291.392s][3772][6460 ][info][gc,heap     ] GC(109) y:   Garbage:         -              1019M (33%)         237M (8%)            0M (0%)     
[2026-06-26T14:15:34.165-0300][1291.392s][3772][6460 ][info][gc,heap     ] GC(109) y: Allocated:         -                18M (1%)           18M (1%)           38M (1%)     
[2026-06-26T14:15:34.165-0300][1291.392s][3772][6460 ][info][gc,heap     ] GC(109) y: Reclaimed:         -                  -               782M (25%)        1018M (33%)    
[2026-06-26T14:15:34.165-0300][1291.392s][3772][6460 ][info][gc,heap     ] GC(109) y:  Promoted:         -                  -                 0M (0%)            0M (0%)     
[2026-06-26T14:15:34.165-0300][1291.392s][3772][6460 ][info][gc,heap     ] GC(109) y: Compacted:         -                  -                  -                 1M (0%)     
[2026-06-26T14:15:34.165-0300][1291.392s][3772][6460 ][info][gc,phases   ] GC(109) y: Young Generation 2882M(94%)->1902M(62%) 0.043s
[2026-06-26T14:15:34.165-0300][1291.392s][3772][6460 ][info][gc          ] GC(109) Minor Collection (High Usage) 2882M(94%)->1902M(62%) 0.044s
[2026-06-26T14:16:01.419-0300][1318.646s][3772][6460 ][info][gc          ] GC(110) Minor Collection (High Usage)
[2026-06-26T14:16:01.419-0300][1318.646s][3772][6460 ][info][gc,task     ] GC(110) Using 1 Workers for Young Generation
[2026-06-26T14:16:01.419-0300][1318.646s][3772][6460 ][info][gc,phases   ] GC(110) y: Young Generation
[2026-06-26T14:16:01.419-0300][1318.646s][3772][1692 ][info][gc,phases   ] GC(110) y: Pause Mark Start 0.008ms
[2026-06-26T14:16:01.450-0300][1318.677s][3772][6460 ][info][gc,phases   ] GC(110) y: Concurrent Mark 31.445ms
[2026-06-26T14:16:01.450-0300][1318.677s][3772][1692 ][info][gc,phases   ] GC(110) y: Pause Mark End 0.013ms
[2026-06-26T14:16:01.450-0300][1318.677s][3772][6460 ][info][gc,phases   ] GC(110) y: Concurrent Mark Free 0.004ms
[2026-06-26T14:16:01.450-0300][1318.677s][3772][6460 ][info][gc,phases   ] GC(110) y: Concurrent Reset Relocation Set 0.006ms
[2026-06-26T14:16:01.450-0300][1318.678s][3772][6460 ][info][gc,reloc    ] GC(110) y: Using tenuring threshold: 5 (Computed)
[2026-06-26T14:16:01.451-0300][1318.678s][3772][6460 ][info][gc,phases   ] GC(110) y: Concurrent Select Relocation Set 0.773ms
[2026-06-26T14:16:01.451-0300][1318.678s][3772][1692 ][info][gc,phases   ] GC(110) y: Pause Relocate Start 0.009ms
[2026-06-26T14:16:01.453-0300][1318.681s][3772][6460 ][info][gc,phases   ] GC(110) y: Concurrent Relocate 2.749ms
[2026-06-26T14:16:01.453-0300][1318.681s][3772][6460 ][info][gc,alloc    ] GC(110) y:                         Mark Start        Mark End      Relocate Start    Relocate End   
[2026-06-26T14:16:01.453-0300][1318.681s][3772][6460 ][info][gc,alloc    ] GC(110) y: Allocation Stalls:          0                0                0                0         
[2026-06-26T14:16:01.453-0300][1318.681s][3772][6460 ][info][gc,load     ] GC(110) y: Load: 0.00 (0%) / 0.00 (0%) / 0.00 (0%)
[2026-06-26T14:16:01.453-0300][1318.681s][3772][6460 ][info][gc,mmu      ] GC(110) y: MMU: 2ms/97.1%, 5ms/98.8%, 10ms/99.4%, 20ms/99.6%, 50ms/99.8%, 100ms/99.9%
[2026-06-26T14:16:01.453-0300][1318.681s][3772][6460 ][info][gc,marking  ] GC(110) y: Mark: 1 stripe(s), 2 proactive flush(es), 1 terminate flush(es), 0 completion(s), 0 continuation(s) 
[2026-06-26T14:16:01.453-0300][1318.681s][3772][6460 ][info][gc,nmethod  ] GC(110) y: NMethods: 12153 registered, 177 unregistered
[2026-06-26T14:16:01.453-0300][1318.681s][3772][6460 ][info][gc,metaspace] GC(110) y: Metaspace: 81M used, 84M committed, 1152M reserved
[2026-06-26T14:16:01.453-0300][1318.681s][3772][6460 ][info][gc,reloc    ] GC(110) y:                        Candidates     Selected     In-Place         Size        Empty    Relocated 
[2026-06-26T14:16:01.453-0300][1318.681s][3772][6460 ][info][gc,reloc    ] GC(110) y: Small Pages:                  511          100            0        1022M         818M           1M 
[2026-06-26T14:16:01.453-0300][1318.681s][3772][6460 ][info][gc,reloc    ] GC(110) y: Medium Pages:                   0            0            0           0M           0M           0M 
[2026-06-26T14:16:01.453-0300][1318.681s][3772][6460 ][info][gc,reloc    ] GC(110) y: Large Pages:                    0            0            0           0M           0M           0M 
[2026-06-26T14:16:01.453-0300][1318.681s][3772][6460 ][info][gc,reloc    ] GC(110) y: Forwarding Usage: 0M
[2026-06-26T14:16:01.453-0300][1318.681s][3772][6460 ][info][gc,reloc    ] GC(110) y: Age Table:
[2026-06-26T14:16:01.453-0300][1318.681s][3772][6460 ][info][gc,reloc    ] GC(110) y:                    Live             Garbage             Small              Medium             Large        
[2026-06-26T14:16:01.453-0300][1318.681s][3772][6460 ][info][gc,reloc    ] GC(110) y: Eden               0M (0%)          997M (32%)        499 / 92             0 / 0              0 / 0        
[2026-06-26T14:16:01.453-0300][1318.681s][3772][6460 ][info][gc,reloc    ] GC(110) y: Survivor 1         0M (0%)            9M (0%)           5 / 3              0 / 0              0 / 0        
[2026-06-26T14:16:01.453-0300][1318.681s][3772][6460 ][info][gc,reloc    ] GC(110) y: Survivor 2         0M (0%)            3M (0%)           2 / 1              0 / 0              0 / 0        
[2026-06-26T14:16:01.453-0300][1318.681s][3772][6460 ][info][gc,reloc    ] GC(110) y: Survivor 3         0M (0%)            7M (0%)           4 / 4              0 / 0              0 / 0        
[2026-06-26T14:16:01.453-0300][1318.681s][3772][6460 ][info][gc,reloc    ] GC(110) y: Survivor 4         1M (0%)            0M (0%)           1 / 0              0 / 0              0 / 0        
[2026-06-26T14:16:01.453-0300][1318.681s][3772][6460 ][info][gc,heap     ] GC(110) y: Min Capacity: 8M(0%)
[2026-06-26T14:16:01.453-0300][1318.681s][3772][6460 ][info][gc,heap     ] GC(110) y: Max Capacity: 3072M(100%)
[2026-06-26T14:16:01.453-0300][1318.681s][3772][6460 ][info][gc,heap     ] GC(110) y: Soft Max Capacity: 3072M(100%)
[2026-06-26T14:16:01.453-0300][1318.681s][3772][6460 ][info][gc,heap     ] GC(110) y: Heap Statistics:
[2026-06-26T14:16:01.453-0300][1318.681s][3772][6460 ][info][gc,heap     ] GC(110) y:                Mark Start          Mark End        Relocate Start      Relocate End           High               Low         
[2026-06-26T14:16:01.453-0300][1318.681s][3772][6460 ][info][gc,heap     ] GC(110) y:  Capacity:     2928M (95%)        2928M (95%)        2928M (95%)        2928M (95%)        2928M (95%)        2928M (95%)    
[2026-06-26T14:16:01.453-0300][1318.681s][3772][6460 ][info][gc,heap     ] GC(110) y:      Free:      190M (6%)          174M (6%)          992M (32%)        1172M (38%)        1172M (38%)         174M (6%)     
[2026-06-26T14:16:01.453-0300][1318.681s][3772][6460 ][info][gc,heap     ] GC(110) y:      Used:     2882M (94%)        2898M (94%)        2080M (68%)        1900M (62%)        2898M (94%)        1900M (62%)    
[2026-06-26T14:16:01.453-0300][1318.681s][3772][6460 ][info][gc,heap     ] GC(110) y: Young Generation Statistics:
[2026-06-26T14:16:01.453-0300][1318.681s][3772][6460 ][info][gc,heap     ] GC(110) y:                Mark Start          Mark End        Relocate Start      Relocate End    
[2026-06-26T14:16:01.453-0300][1318.681s][3772][6460 ][info][gc,heap     ] GC(110) y:      Used:     1022M (33%)        1038M (34%)         220M (7%)           40M (1%)     
[2026-06-26T14:16:01.453-0300][1318.681s][3772][6460 ][info][gc,heap     ] GC(110) y:      Live:         -                 2M (0%)            2M (0%)            2M (0%)     
[2026-06-26T14:16:01.453-0300][1318.681s][3772][6460 ][info][gc,heap     ] GC(110) y:   Garbage:         -              1019M (33%)         201M (7%)            0M (0%)     
[2026-06-26T14:16:01.453-0300][1318.681s][3772][6460 ][info][gc,heap     ] GC(110) y: Allocated:         -                16M (1%)           16M (1%)           36M (1%)     
[2026-06-26T14:16:01.453-0300][1318.681s][3772][6460 ][info][gc,heap     ] GC(110) y: Reclaimed:         -                  -               818M (27%)        1018M (33%)    
[2026-06-26T14:16:01.453-0300][1318.681s][3772][6460 ][info][gc,heap     ] GC(110) y:  Promoted:         -                  -                 0M (0%)            0M (0%)     
[2026-06-26T14:16:01.453-0300][1318.681s][3772][6460 ][info][gc,heap     ] GC(110) y: Compacted:         -                  -                  -                 1M (0%)     
[2026-06-26T14:16:01.453-0300][1318.681s][3772][6460 ][info][gc,phases   ] GC(110) y: Young Generation 2882M(94%)->1900M(62%) 0.035s
[2026-06-26T14:16:01.453-0300][1318.681s][3772][6460 ][info][gc          ] GC(110) Minor Collection (High Usage) 2882M(94%)->1900M(62%) 0.036s
[2026-06-26T14:16:28.127-0300][1345.354s][3772][6460 ][info][gc          ] GC(111) Minor Collection (High Usage)
[2026-06-26T14:16:28.127-0300][1345.354s][3772][6460 ][info][gc,task     ] GC(111) Using 1 Workers for Young Generation
[2026-06-26T14:16:28.127-0300][1345.354s][3772][6460 ][info][gc,phases   ] GC(111) y: Young Generation
[2026-06-26T14:16:28.127-0300][1345.354s][3772][1692 ][info][gc,phases   ] GC(111) y: Pause Mark Start 0.011ms
[2026-06-26T14:16:28.165-0300][1345.392s][3772][6460 ][info][gc,phases   ] GC(111) y: Concurrent Mark 37.770ms
[2026-06-26T14:16:28.165-0300][1345.392s][3772][1692 ][info][gc,phases   ] GC(111) y: Pause Mark End 0.015ms
[2026-06-26T14:16:28.165-0300][1345.392s][3772][6460 ][info][gc,phases   ] GC(111) y: Concurrent Mark Free 0.003ms
[2026-06-26T14:16:28.165-0300][1345.392s][3772][6460 ][info][gc,phases   ] GC(111) y: Concurrent Reset Relocation Set 0.005ms
[2026-06-26T14:16:28.165-0300][1345.392s][3772][6460 ][info][gc,reloc    ] GC(111) y: Using tenuring threshold: 5 (Computed)
[2026-06-26T14:16:28.167-0300][1345.394s][3772][6460 ][info][gc,phases   ] GC(111) y: Concurrent Select Relocation Set 1.653ms
[2026-06-26T14:16:28.167-0300][1345.394s][3772][1692 ][info][gc,phases   ] GC(111) y: Pause Relocate Start 0.007ms
[2026-06-26T14:16:28.172-0300][1345.399s][3772][6460 ][info][gc,phases   ] GC(111) y: Concurrent Relocate 5.009ms
[2026-06-26T14:16:28.172-0300][1345.399s][3772][6460 ][info][gc,alloc    ] GC(111) y:                         Mark Start        Mark End      Relocate Start    Relocate End   
[2026-06-26T14:16:28.172-0300][1345.399s][3772][6460 ][info][gc,alloc    ] GC(111) y: Allocation Stalls:          0                0                0                0         
[2026-06-26T14:16:28.172-0300][1345.399s][3772][6460 ][info][gc,load     ] GC(111) y: Load: 0.00 (0%) / 0.00 (0%) / 0.00 (0%)
[2026-06-26T14:16:28.172-0300][1345.399s][3772][6460 ][info][gc,mmu      ] GC(111) y: MMU: 2ms/97.1%, 5ms/98.8%, 10ms/99.4%, 20ms/99.6%, 50ms/99.8%, 100ms/99.9%
[2026-06-26T14:16:28.172-0300][1345.399s][3772][6460 ][info][gc,marking  ] GC(111) y: Mark: 1 stripe(s), 2 proactive flush(es), 1 terminate flush(es), 0 completion(s), 0 continuation(s) 
[2026-06-26T14:16:28.172-0300][1345.399s][3772][6460 ][info][gc,nmethod  ] GC(111) y: NMethods: 12192 registered, 177 unregistered
[2026-06-26T14:16:28.172-0300][1345.399s][3772][6460 ][info][gc,metaspace] GC(111) y: Metaspace: 81M used, 84M committed, 1152M reserved
[2026-06-26T14:16:28.172-0300][1345.399s][3772][6460 ][info][gc,reloc    ] GC(111) y:                        Candidates     Selected     In-Place         Size        Empty    Relocated 
[2026-06-26T14:16:28.172-0300][1345.399s][3772][6460 ][info][gc,reloc    ] GC(111) y: Small Pages:                  511          104            0        1022M         808M           1M 
[2026-06-26T14:16:28.172-0300][1345.399s][3772][6460 ][info][gc,reloc    ] GC(111) y: Medium Pages:                   0            0            0           0M           0M           0M 
[2026-06-26T14:16:28.172-0300][1345.399s][3772][6460 ][info][gc,reloc    ] GC(111) y: Large Pages:                    0            0            0           0M           0M           0M 
[2026-06-26T14:16:28.172-0300][1345.399s][3772][6460 ][info][gc,reloc    ] GC(111) y: Forwarding Usage: 0M
[2026-06-26T14:16:28.172-0300][1345.399s][3772][6460 ][info][gc,reloc    ] GC(111) y: Age Table:
[2026-06-26T14:16:28.172-0300][1345.399s][3772][6460 ][info][gc,reloc    ] GC(111) y:                    Live             Garbage             Small              Medium             Large        
[2026-06-26T14:16:28.172-0300][1345.399s][3772][6460 ][info][gc,reloc    ] GC(111) y: Eden               1M (0%)          996M (32%)        499 / 95             0 / 0              0 / 0        
[2026-06-26T14:16:28.172-0300][1345.399s][3772][6460 ][info][gc,reloc    ] GC(111) y: Survivor 1         0M (0%)            3M (0%)           2 / 2              0 / 0              0 / 0        
[2026-06-26T14:16:28.172-0300][1345.399s][3772][6460 ][info][gc,reloc    ] GC(111) y: Survivor 2         0M (0%)            7M (0%)           4 / 3              0 / 0              0 / 0        
[2026-06-26T14:16:28.172-0300][1345.399s][3772][6460 ][info][gc,reloc    ] GC(111) y: Survivor 3         0M (0%)            3M (0%)           2 / 2              0 / 0              0 / 0        
[2026-06-26T14:16:28.172-0300][1345.399s][3772][6460 ][info][gc,reloc    ] GC(111) y: Survivor 4         0M (0%)            5M (0%)           3 / 2              0 / 0              0 / 0        
[2026-06-26T14:16:28.172-0300][1345.399s][3772][6460 ][info][gc,reloc    ] GC(111) y: Survivor 5         1M (0%)            0M (0%)           1 / 0              0 / 0              0 / 0        
[2026-06-26T14:16:28.172-0300][1345.399s][3772][6460 ][info][gc,heap     ] GC(111) y: Min Capacity: 8M(0%)
[2026-06-26T14:16:28.172-0300][1345.399s][3772][6460 ][info][gc,heap     ] GC(111) y: Max Capacity: 3072M(100%)
[2026-06-26T14:16:28.172-0300][1345.399s][3772][6460 ][info][gc,heap     ] GC(111) y: Soft Max Capacity: 3072M(100%)
[2026-06-26T14:16:28.172-0300][1345.399s][3772][6460 ][info][gc,heap     ] GC(111) y: Heap Statistics:
[2026-06-26T14:16:28.172-0300][1345.399s][3772][6460 ][info][gc,heap     ] GC(111) y:                Mark Start          Mark End        Relocate Start      Relocate End           High               Low         
[2026-06-26T14:16:28.172-0300][1345.399s][3772][6460 ][info][gc,heap     ] GC(111) y:  Capacity:     2928M (95%)        2928M (95%)        2928M (95%)        2928M (95%)        2928M (95%)        2928M (95%)    
[2026-06-26T14:16:28.172-0300][1345.399s][3772][6460 ][info][gc,heap     ] GC(111) y:      Free:      190M (6%)          170M (6%)          978M (32%)        1170M (38%)        1170M (38%)         170M (6%)     
[2026-06-26T14:16:28.172-0300][1345.399s][3772][6460 ][info][gc,heap     ] GC(111) y:      Used:     2882M (94%)        2902M (94%)        2094M (68%)        1902M (62%)        2902M (94%)        1902M (62%)    
[2026-06-26T14:16:28.172-0300][1345.399s][3772][6460 ][info][gc,heap     ] GC(111) y: Young Generation Statistics:
[2026-06-26T14:16:28.172-0300][1345.399s][3772][6460 ][info][gc,heap     ] GC(111) y:                Mark Start          Mark End        Relocate Start      Relocate End    
[2026-06-26T14:16:28.172-0300][1345.399s][3772][6460 ][info][gc,heap     ] GC(111) y:      Used:     1022M (33%)        1042M (34%)         232M (8%)           40M (1%)     
[2026-06-26T14:16:28.172-0300][1345.399s][3772][6460 ][info][gc,heap     ] GC(111) y:      Live:         -                 3M (0%)            2M (0%)            2M (0%)     
[2026-06-26T14:16:28.172-0300][1345.399s][3772][6460 ][info][gc,heap     ] GC(111) y:   Garbage:         -              1018M (33%)         209M (7%)            1M (0%)     
[2026-06-26T14:16:28.172-0300][1345.399s][3772][6460 ][info][gc,heap     ] GC(111) y: Allocated:         -                20M (1%)           20M (1%)           36M (1%)     
[2026-06-26T14:16:28.172-0300][1345.399s][3772][6460 ][info][gc,heap     ] GC(111) y: Reclaimed:         -                  -               808M (26%)        1016M (33%)    
[2026-06-26T14:16:28.172-0300][1345.399s][3772][6460 ][info][gc,heap     ] GC(111) y:  Promoted:         -                  -                 1M (0%)            1M (0%)     
[2026-06-26T14:16:28.172-0300][1345.399s][3772][6460 ][info][gc,heap     ] GC(111) y: Compacted:         -                  -                  -                 1M (0%)     
[2026-06-26T14:16:28.172-0300][1345.399s][3772][6460 ][info][gc,phases   ] GC(111) y: Young Generation 2882M(94%)->1902M(62%) 0.045s
[2026-06-26T14:16:28.173-0300][1345.399s][3772][6460 ][info][gc          ] GC(111) Minor Collection (High Usage) 2882M(94%)->1902M(62%) 0.045s
[2026-06-26T14:16:44.329-0300][1361.555s][3772][6460 ][info][gc          ] GC(112) Minor Collection (High Usage)
[2026-06-26T14:16:44.329-0300][1361.555s][3772][6460 ][info][gc,task     ] GC(112) Using 1 Workers for Young Generation
[2026-06-26T14:16:44.329-0300][1361.555s][3772][6460 ][info][gc,phases   ] GC(112) y: Young Generation
[2026-06-26T14:16:44.329-0300][1361.556s][3772][1692 ][info][gc,phases   ] GC(112) y: Pause Mark Start 0.013ms
[2026-06-26T14:16:44.403-0300][1361.630s][3772][6460 ][info][gc,phases   ] GC(112) y: Concurrent Mark 74.534ms
[2026-06-26T14:16:44.403-0300][1361.630s][3772][1692 ][info][gc,phases   ] GC(112) y: Pause Mark End 0.014ms
[2026-06-26T14:16:44.403-0300][1361.630s][3772][6460 ][info][gc,phases   ] GC(112) y: Concurrent Mark Free 0.002ms
[2026-06-26T14:16:44.403-0300][1361.631s][3772][6460 ][info][gc,phases   ] GC(112) y: Concurrent Reset Relocation Set 0.290ms
[2026-06-26T14:16:44.403-0300][1361.631s][3772][6460 ][info][gc,reloc    ] GC(112) y: Using tenuring threshold: 6 (Computed)
[2026-06-26T14:16:44.404-0300][1361.632s][3772][6460 ][info][gc,phases   ] GC(112) y: Concurrent Select Relocation Set 1.303ms
[2026-06-26T14:16:44.404-0300][1361.632s][3772][1692 ][info][gc,phases   ] GC(112) y: Pause Relocate Start 0.006ms
[2026-06-26T14:16:44.442-0300][1361.669s][3772][6460 ][info][gc,phases   ] GC(112) y: Concurrent Relocate 37.176ms
[2026-06-26T14:16:44.442-0300][1361.669s][3772][6460 ][info][gc,alloc    ] GC(112) y:                         Mark Start        Mark End      Relocate Start    Relocate End   
[2026-06-26T14:16:44.442-0300][1361.669s][3772][6460 ][info][gc,alloc    ] GC(112) y: Allocation Stalls:          0                0                0                0         
[2026-06-26T14:16:44.442-0300][1361.669s][3772][6460 ][info][gc,load     ] GC(112) y: Load: 0.00 (0%) / 0.00 (0%) / 0.00 (0%)
[2026-06-26T14:16:44.442-0300][1361.669s][3772][6460 ][info][gc,mmu      ] GC(112) y: MMU: 2ms/97.1%, 5ms/98.8%, 10ms/99.4%, 20ms/99.6%, 50ms/99.8%, 100ms/99.9%
[2026-06-26T14:16:44.442-0300][1361.669s][3772][6460 ][info][gc,marking  ] GC(112) y: Mark: 1 stripe(s), 2 proactive flush(es), 1 terminate flush(es), 0 completion(s), 0 continuation(s) 
[2026-06-26T14:16:44.442-0300][1361.669s][3772][6460 ][info][gc,nmethod  ] GC(112) y: NMethods: 12409 registered, 177 unregistered
[2026-06-26T14:16:44.442-0300][1361.669s][3772][6460 ][info][gc,metaspace] GC(112) y: Metaspace: 82M used, 84M committed, 1152M reserved
[2026-06-26T14:16:44.442-0300][1361.669s][3772][6460 ][info][gc,reloc    ] GC(112) y:                        Candidates     Selected     In-Place         Size        Empty    Relocated 
[2026-06-26T14:16:44.442-0300][1361.669s][3772][6460 ][info][gc,reloc    ] GC(112) y: Small Pages:                  494          380            0         988M         218M           6M 
[2026-06-26T14:16:44.442-0300][1361.669s][3772][6460 ][info][gc,reloc    ] GC(112) y: Medium Pages:                   1            0            0          32M           0M           0M 
[2026-06-26T14:16:44.442-0300][1361.669s][3772][6460 ][info][gc,reloc    ] GC(112) y: Large Pages:                    0            0            0           0M           0M           0M 
[2026-06-26T14:16:44.442-0300][1361.669s][3772][6460 ][info][gc,reloc    ] GC(112) y: Forwarding Usage: 5M
[2026-06-26T14:16:44.442-0300][1361.669s][3772][6460 ][info][gc,reloc    ] GC(112) y: Age Table:
[2026-06-26T14:16:44.442-0300][1361.669s][3772][6460 ][info][gc,reloc    ] GC(112) y:                    Live             Garbage             Small              Medium             Large        
[2026-06-26T14:16:44.442-0300][1361.669s][3772][6460 ][info][gc,reloc    ] GC(112) y: Eden               7M (0%)          992M (32%)        484 / 372            1 / 0              0 / 0        
[2026-06-26T14:16:44.442-0300][1361.669s][3772][6460 ][info][gc,reloc    ] GC(112) y: Survivor 1         0M (0%)            3M (0%)           2 / 0              0 / 0              0 / 0        
[2026-06-26T14:16:44.442-0300][1361.669s][3772][6460 ][info][gc,reloc    ] GC(112) y: Survivor 2         0M (0%)            3M (0%)           2 / 2              0 / 0              0 / 0        
[2026-06-26T14:16:44.442-0300][1361.669s][3772][6460 ][info][gc,reloc    ] GC(112) y: Survivor 3         0M (0%)            3M (0%)           2 / 2              0 / 0              0 / 0        
[2026-06-26T14:16:44.442-0300][1361.669s][3772][6460 ][info][gc,reloc    ] GC(112) y: Survivor 4         0M (0%)            3M (0%)           2 / 2              0 / 0              0 / 0        
[2026-06-26T14:16:44.442-0300][1361.669s][3772][6460 ][info][gc,reloc    ] GC(112) y: Survivor 5         0M (0%)            3M (0%)           2 / 2              0 / 0              0 / 0        
[2026-06-26T14:16:44.442-0300][1361.669s][3772][6460 ][info][gc,heap     ] GC(112) y: Min Capacity: 8M(0%)
[2026-06-26T14:16:44.442-0300][1361.669s][3772][6460 ][info][gc,heap     ] GC(112) y: Max Capacity: 3072M(100%)
[2026-06-26T14:16:44.442-0300][1361.669s][3772][6460 ][info][gc,heap     ] GC(112) y: Soft Max Capacity: 3072M(100%)
[2026-06-26T14:16:44.442-0300][1361.669s][3772][6460 ][info][gc,heap     ] GC(112) y: Heap Statistics:
[2026-06-26T14:16:44.442-0300][1361.670s][3772][6460 ][info][gc,heap     ] GC(112) y:                Mark Start          Mark End        Relocate Start      Relocate End           High               Low         
[2026-06-26T14:16:44.442-0300][1361.670s][3772][6460 ][info][gc,heap     ] GC(112) y:  Capacity:     2928M (95%)        2928M (95%)        2928M (95%)        2928M (95%)        2928M (95%)        2928M (95%)    
[2026-06-26T14:16:44.442-0300][1361.670s][3772][6460 ][info][gc,heap     ] GC(112) y:      Free:      190M (6%)          168M (5%)          386M (13%)        1110M (36%)        1110M (36%)         168M (5%)     
[2026-06-26T14:16:44.442-0300][1361.670s][3772][6460 ][info][gc,heap     ] GC(112) y:      Used:     2882M (94%)        2904M (95%)        2686M (87%)        1962M (64%)        2904M (95%)        1962M (64%)    
[2026-06-26T14:16:44.442-0300][1361.670s][3772][6460 ][info][gc,heap     ] GC(112) y: Young Generation Statistics:
[2026-06-26T14:16:44.442-0300][1361.670s][3772][6460 ][info][gc,heap     ] GC(112) y:                Mark Start          Mark End        Relocate Start      Relocate End    
[2026-06-26T14:16:44.442-0300][1361.670s][3772][6460 ][info][gc,heap     ] GC(112) y:      Used:     1020M (33%)        1042M (34%)         824M (27%)         100M (3%)     
[2026-06-26T14:16:44.442-0300][1361.670s][3772][6460 ][info][gc,heap     ] GC(112) y:      Live:         -                 8M (0%)            8M (0%)            8M (0%)     
[2026-06-26T14:16:44.442-0300][1361.670s][3772][6460 ][info][gc,heap     ] GC(112) y:   Garbage:         -              1011M (33%)         793M (26%)          31M (1%)     
[2026-06-26T14:16:44.442-0300][1361.670s][3772][6460 ][info][gc,heap     ] GC(112) y: Allocated:         -                22M (1%)           22M (1%)           59M (2%)     
[2026-06-26T14:16:44.442-0300][1361.670s][3772][6460 ][info][gc,heap     ] GC(112) y: Reclaimed:         -                  -               218M (7%)          979M (32%)    
[2026-06-26T14:16:44.442-0300][1361.670s][3772][6460 ][info][gc,heap     ] GC(112) y:  Promoted:         -                  -                 0M (0%)            0M (0%)     
[2026-06-26T14:16:44.442-0300][1361.670s][3772][6460 ][info][gc,heap     ] GC(112) y: Compacted:         -                  -                  -                 6M (0%)     
[2026-06-26T14:16:44.442-0300][1361.670s][3772][6460 ][info][gc,phases   ] GC(112) y: Young Generation 2882M(94%)->1962M(64%) 0.114s
[2026-06-26T14:16:44.442-0300][1361.670s][3772][6460 ][info][gc          ] GC(112) Minor Collection (High Usage) 2882M(94%)->1962M(64%) 0.114s
[2026-06-26T14:17:11.503-0300][1388.730s][3772][6460 ][info][gc          ] GC(113) Minor Collection (High Usage)
[2026-06-26T14:17:11.503-0300][1388.730s][3772][6460 ][info][gc,task     ] GC(113) Using 1 Workers for Young Generation
[2026-06-26T14:17:11.503-0300][1388.730s][3772][6460 ][info][gc,phases   ] GC(113) y: Young Generation
[2026-06-26T14:17:11.503-0300][1388.730s][3772][1692 ][info][gc,phases   ] GC(113) y: Pause Mark Start 0.010ms
[2026-06-26T14:17:11.552-0300][1388.779s][3772][6460 ][info][gc,phases   ] GC(113) y: Concurrent Mark 49.232ms
[2026-06-26T14:17:11.552-0300][1388.779s][3772][1692 ][info][gc,phases   ] GC(113) y: Pause Mark End 0.014ms
[2026-06-26T14:17:11.552-0300][1388.779s][3772][6460 ][info][gc,phases   ] GC(113) y: Concurrent Mark Free 0.002ms
[2026-06-26T14:17:11.552-0300][1388.779s][3772][6460 ][info][gc,phases   ] GC(113) y: Concurrent Reset Relocation Set 0.017ms
[2026-06-26T14:17:11.552-0300][1388.779s][3772][6460 ][info][gc,reloc    ] GC(113) y: Using tenuring threshold: 7 (Computed)
[2026-06-26T14:17:11.553-0300][1388.780s][3772][6460 ][info][gc,phases   ] GC(113) y: Concurrent Select Relocation Set 0.702ms
[2026-06-26T14:17:11.553-0300][1388.780s][3772][1692 ][info][gc,phases   ] GC(113) y: Pause Relocate Start 0.005ms
[2026-06-26T14:17:11.559-0300][1388.786s][3772][6460 ][info][gc,phases   ] GC(113) y: Concurrent Relocate 5.826ms
[2026-06-26T14:17:11.559-0300][1388.786s][3772][6460 ][info][gc,alloc    ] GC(113) y:                         Mark Start        Mark End      Relocate Start    Relocate End   
[2026-06-26T14:17:11.559-0300][1388.786s][3772][6460 ][info][gc,alloc    ] GC(113) y: Allocation Stalls:          0                0                0                0         
[2026-06-26T14:17:11.559-0300][1388.786s][3772][6460 ][info][gc,load     ] GC(113) y: Load: 0.00 (0%) / 0.00 (0%) / 0.00 (0%)
[2026-06-26T14:17:11.559-0300][1388.786s][3772][6460 ][info][gc,mmu      ] GC(113) y: MMU: 2ms/97.1%, 5ms/98.8%, 10ms/99.4%, 20ms/99.6%, 50ms/99.8%, 100ms/99.9%
[2026-06-26T14:17:11.559-0300][1388.786s][3772][6460 ][info][gc,marking  ] GC(113) y: Mark: 1 stripe(s), 2 proactive flush(es), 1 terminate flush(es), 0 completion(s), 0 continuation(s) 
[2026-06-26T14:17:11.559-0300][1388.786s][3772][6460 ][info][gc,nmethod  ] GC(113) y: NMethods: 12586 registered, 177 unregistered
[2026-06-26T14:17:11.559-0300][1388.786s][3772][6460 ][info][gc,metaspace] GC(113) y: Metaspace: 82M used, 85M committed, 1152M reserved
[2026-06-26T14:17:11.559-0300][1388.786s][3772][6460 ][info][gc,reloc    ] GC(113) y:                        Candidates     Selected     In-Place         Size        Empty    Relocated 
[2026-06-26T14:17:11.559-0300][1388.786s][3772][6460 ][info][gc,reloc    ] GC(113) y: Small Pages:                  486          134            0         972M         700M           2M 
[2026-06-26T14:17:11.559-0300][1388.786s][3772][6460 ][info][gc,reloc    ] GC(113) y: Medium Pages:                   2            0            0          48M          32M           0M 
[2026-06-26T14:17:11.559-0300][1388.786s][3772][6460 ][info][gc,reloc    ] GC(113) y: Large Pages:                    0            0            0           0M           0M           0M 
[2026-06-26T14:17:11.559-0300][1388.786s][3772][6460 ][info][gc,reloc    ] GC(113) y: Forwarding Usage: 1M
[2026-06-26T14:17:11.559-0300][1388.786s][3772][6460 ][info][gc,reloc    ] GC(113) y: Age Table:
[2026-06-26T14:17:11.559-0300][1388.786s][3772][6460 ][info][gc,reloc    ] GC(113) y:                    Live             Garbage             Small              Medium             Large        
[2026-06-26T14:17:11.559-0300][1388.786s][3772][6460 ][info][gc,reloc    ] GC(113) y: Eden               2M (0%)          943M (31%)        465 / 116            1 / 0              0 / 0        
[2026-06-26T14:17:11.559-0300][1388.786s][3772][6460 ][info][gc,reloc    ] GC(113) y: Survivor 1         0M (0%)           41M (1%)           5 / 4              1 / 0              0 / 0        
[2026-06-26T14:17:11.559-0300][1388.786s][3772][6460 ][info][gc,reloc    ] GC(113) y: Survivor 2         0M (0%)            5M (0%)           3 / 2              0 / 0              0 / 0        
[2026-06-26T14:17:11.559-0300][1388.786s][3772][6460 ][info][gc,reloc    ] GC(113) y: Survivor 3         0M (0%)            5M (0%)           3 / 3              0 / 0              0 / 0        
[2026-06-26T14:17:11.559-0300][1388.786s][3772][6460 ][info][gc,reloc    ] GC(113) y: Survivor 4         0M (0%)            7M (0%)           4 / 4              0 / 0              0 / 0        
[2026-06-26T14:17:11.559-0300][1388.786s][3772][6460 ][info][gc,reloc    ] GC(113) y: Survivor 5         0M (0%)            3M (0%)           2 / 2              0 / 0              0 / 0        
[2026-06-26T14:17:11.559-0300][1388.786s][3772][6460 ][info][gc,reloc    ] GC(113) y: Survivor 6         0M (0%)            7M (0%)           4 / 3              0 / 0              0 / 0        
[2026-06-26T14:17:11.559-0300][1388.786s][3772][6460 ][info][gc,heap     ] GC(113) y: Min Capacity: 8M(0%)
[2026-06-26T14:17:11.559-0300][1388.786s][3772][6460 ][info][gc,heap     ] GC(113) y: Max Capacity: 3072M(100%)
[2026-06-26T14:17:11.559-0300][1388.786s][3772][6460 ][info][gc,heap     ] GC(113) y: Soft Max Capacity: 3072M(100%)
[2026-06-26T14:17:11.559-0300][1388.786s][3772][6460 ][info][gc,heap     ] GC(113) y: Heap Statistics:
[2026-06-26T14:17:11.559-0300][1388.786s][3772][6460 ][info][gc,heap     ] GC(113) y:                Mark Start          Mark End        Relocate Start      Relocate End           High               Low         
[2026-06-26T14:17:11.559-0300][1388.786s][3772][6460 ][info][gc,heap     ] GC(113) y:  Capacity:     2928M (95%)        2928M (95%)        2928M (95%)        2928M (95%)        2928M (95%)        2928M (95%)    
[2026-06-26T14:17:11.560-0300][1388.786s][3772][6460 ][info][gc,heap     ] GC(113) y:      Free:      190M (6%)          184M (6%)          916M (30%)        1170M (38%)        1170M (38%)         184M (6%)     
[2026-06-26T14:17:11.560-0300][1388.786s][3772][6460 ][info][gc,heap     ] GC(113) y:      Used:     2882M (94%)        2888M (94%)        2156M (70%)        1902M (62%)        2888M (94%)        1902M (62%)    
[2026-06-26T14:17:11.560-0300][1388.786s][3772][6460 ][info][gc,heap     ] GC(113) y: Young Generation Statistics:
[2026-06-26T14:17:11.560-0300][1388.786s][3772][6460 ][info][gc,heap     ] GC(113) y:                Mark Start          Mark End        Relocate Start      Relocate End    
[2026-06-26T14:17:11.560-0300][1388.786s][3772][6460 ][info][gc,heap     ] GC(113) y:      Used:     1020M (33%)        1026M (33%)         294M (10%)          40M (1%)     
[2026-06-26T14:17:11.560-0300][1388.786s][3772][6460 ][info][gc,heap     ] GC(113) y:      Live:         -                 3M (0%)            3M (0%)            3M (0%)     
[2026-06-26T14:17:11.560-0300][1388.786s][3772][6460 ][info][gc,heap     ] GC(113) y:   Garbage:         -              1016M (33%)         284M (9%)           15M (1%)     
[2026-06-26T14:17:11.560-0300][1388.786s][3772][6460 ][info][gc,heap     ] GC(113) y: Allocated:         -                 6M (0%)            6M (0%)           20M (1%)     
[2026-06-26T14:17:11.560-0300][1388.786s][3772][6460 ][info][gc,heap     ] GC(113) y: Reclaimed:         -                  -               732M (24%)        1000M (33%)    
[2026-06-26T14:17:11.560-0300][1388.786s][3772][6460 ][info][gc,heap     ] GC(113) y:  Promoted:         -                  -                 0M (0%)            0M (0%)     
[2026-06-26T14:17:11.560-0300][1388.786s][3772][6460 ][info][gc,heap     ] GC(113) y: Compacted:         -                  -                  -                 3M (0%)     
[2026-06-26T14:17:11.560-0300][1388.786s][3772][6460 ][info][gc,phases   ] GC(113) y: Young Generation 2882M(94%)->1902M(62%) 0.056s
[2026-06-26T14:17:11.560-0300][1388.786s][3772][6460 ][info][gc          ] GC(113) Minor Collection (High Usage) 2882M(94%)->1902M(62%) 0.057s
[2026-06-26T14:17:20.152-0300][1397.379s][3772][8616 ][info][gc          ] GC(114) Major Collection (Proactive)
[2026-06-26T14:17:20.152-0300][1397.379s][3772][8616 ][info][gc,task     ] GC(114) Using 1 Workers for Young Generation
[2026-06-26T14:17:20.152-0300][1397.379s][3772][8616 ][info][gc,task     ] GC(114) Using 1 Workers for Old Generation
[2026-06-26T14:17:20.152-0300][1397.379s][3772][8616 ][info][gc,phases   ] GC(114) Y: Young Generation
[2026-06-26T14:17:20.152-0300][1397.379s][3772][1692 ][info][gc,phases   ] GC(114) Y: Pause Mark Start (Major) 0.010ms
[2026-06-26T14:17:20.192-0300][1397.419s][3772][8616 ][info][gc,phases   ] GC(114) Y: Concurrent Mark 40.355ms
[2026-06-26T14:17:20.192-0300][1397.419s][3772][1692 ][info][gc,phases   ] GC(114) Y: Pause Mark End 0.012ms
[2026-06-26T14:17:20.192-0300][1397.419s][3772][8616 ][info][gc,phases   ] GC(114) Y: Concurrent Mark Free 0.003ms
[2026-06-26T14:17:20.192-0300][1397.419s][3772][8616 ][info][gc,phases   ] GC(114) Y: Concurrent Reset Relocation Set 0.006ms
[2026-06-26T14:17:20.192-0300][1397.419s][3772][8616 ][info][gc,reloc    ] GC(114) Y: Using tenuring threshold: 6 (Computed)
[2026-06-26T14:17:20.193-0300][1397.420s][3772][8616 ][info][gc,phases   ] GC(114) Y: Concurrent Select Relocation Set 0.762ms
[2026-06-26T14:17:20.193-0300][1397.420s][3772][1692 ][info][gc,phases   ] GC(114) Y: Pause Relocate Start 0.004ms
[2026-06-26T14:17:20.197-0300][1397.424s][3772][8616 ][info][gc,phases   ] GC(114) Y: Concurrent Relocate 3.960ms
[2026-06-26T14:17:20.197-0300][1397.424s][3772][8616 ][info][gc,alloc    ] GC(114) Y:                         Mark Start        Mark End      Relocate Start    Relocate End   
[2026-06-26T14:17:20.197-0300][1397.424s][3772][8616 ][info][gc,alloc    ] GC(114) Y: Allocation Stalls:          0                0                0                0         
[2026-06-26T14:17:20.197-0300][1397.424s][3772][8616 ][info][gc,load     ] GC(114) Y: Load: 0.00 (0%) / 0.00 (0%) / 0.00 (0%)
[2026-06-26T14:17:20.197-0300][1397.424s][3772][8616 ][info][gc,mmu      ] GC(114) Y: MMU: 2ms/97.1%, 5ms/98.8%, 10ms/99.4%, 20ms/99.6%, 50ms/99.8%, 100ms/99.9%
[2026-06-26T14:17:20.197-0300][1397.424s][3772][8616 ][info][gc,marking  ] GC(114) Y: Mark: 1 stripe(s), 2 proactive flush(es), 1 terminate flush(es), 0 completion(s), 0 continuation(s) 
[2026-06-26T14:17:20.197-0300][1397.424s][3772][8616 ][info][gc,nmethod  ] GC(114) Y: NMethods: 12979 registered, 177 unregistered
[2026-06-26T14:17:20.197-0300][1397.424s][3772][8616 ][info][gc,metaspace] GC(114) Y: Metaspace: 82M used, 85M committed, 1152M reserved
[2026-06-26T14:17:20.197-0300][1397.424s][3772][8616 ][info][gc,reloc    ] GC(114) Y:                        Candidates     Selected     In-Place         Size        Empty    Relocated 
[2026-06-26T14:17:20.197-0300][1397.424s][3772][8616 ][info][gc,reloc    ] GC(114) Y: Small Pages:                  180           61            0         360M         232M           1M 
[2026-06-26T14:17:20.197-0300][1397.424s][3772][8616 ][info][gc,reloc    ] GC(114) Y: Medium Pages:                   2            0            0          48M          48M           0M 
[2026-06-26T14:17:20.197-0300][1397.424s][3772][8616 ][info][gc,reloc    ] GC(114) Y: Large Pages:                    0            0            0           0M           0M           0M 
[2026-06-26T14:17:20.197-0300][1397.424s][3772][8616 ][info][gc,reloc    ] GC(114) Y: Forwarding Usage: 0M
[2026-06-26T14:17:20.197-0300][1397.424s][3772][8616 ][info][gc,reloc    ] GC(114) Y: Age Table:
[2026-06-26T14:17:20.197-0300][1397.424s][3772][8616 ][info][gc,reloc    ] GC(114) Y:                    Live             Garbage             Small              Medium             Large        
[2026-06-26T14:17:20.197-0300][1397.424s][3772][8616 ][info][gc,reloc    ] GC(114) Y: Eden               0M (0%)          373M (12%)        171 / 55             1 / 0              0 / 0        
[2026-06-26T14:17:20.197-0300][1397.424s][3772][8616 ][info][gc,reloc    ] GC(114) Y: Survivor 1         2M (0%)           19M (1%)           3 / 1              1 / 0              0 / 0        
[2026-06-26T14:17:20.197-0300][1397.424s][3772][8616 ][info][gc,reloc    ] GC(114) Y: Survivor 2         0M (0%)            1M (0%)           1 / 1              0 / 0              0 / 0        
[2026-06-26T14:17:20.197-0300][1397.424s][3772][8616 ][info][gc,reloc    ] GC(114) Y: Survivor 3         0M (0%)            1M (0%)           1 / 1              0 / 0              0 / 0        
[2026-06-26T14:17:20.197-0300][1397.424s][3772][8616 ][info][gc,reloc    ] GC(114) Y: Survivor 4         0M (0%)            1M (0%)           1 / 1              0 / 0              0 / 0        
[2026-06-26T14:17:20.197-0300][1397.424s][3772][8616 ][info][gc,reloc    ] GC(114) Y: Survivor 5         0M (0%)            1M (0%)           1 / 1              0 / 0              0 / 0        
[2026-06-26T14:17:20.197-0300][1397.424s][3772][8616 ][info][gc,reloc    ] GC(114) Y: Survivor 6         0M (0%)            1M (0%)           1 / 1              0 / 0              0 / 0        
[2026-06-26T14:17:20.197-0300][1397.424s][3772][8616 ][info][gc,reloc    ] GC(114) Y: Survivor 7         0M (0%)            1M (0%)           1 / 0              0 / 0              0 / 0        
[2026-06-26T14:17:20.197-0300][1397.424s][3772][8616 ][info][gc,heap     ] GC(114) Y: Min Capacity: 8M(0%)
[2026-06-26T14:17:20.197-0300][1397.424s][3772][8616 ][info][gc,heap     ] GC(114) Y: Max Capacity: 3072M(100%)
[2026-06-26T14:17:20.197-0300][1397.424s][3772][8616 ][info][gc,heap     ] GC(114) Y: Soft Max Capacity: 3072M(100%)
[2026-06-26T14:17:20.197-0300][1397.424s][3772][8616 ][info][gc,heap     ] GC(114) Y: Heap Statistics:
[2026-06-26T14:17:20.197-0300][1397.424s][3772][8616 ][info][gc,heap     ] GC(114) Y:                Mark Start          Mark End        Relocate Start      Relocate End           High               Low         
[2026-06-26T14:17:20.197-0300][1397.424s][3772][8616 ][info][gc,heap     ] GC(114) Y:  Capacity:     2928M (95%)        2928M (95%)        2928M (95%)        2928M (95%)        2928M (95%)        2928M (95%)    
[2026-06-26T14:17:20.197-0300][1397.424s][3772][8616 ][info][gc,heap     ] GC(114) Y:      Free:      802M (26%)         798M (26%)        1078M (35%)        1180M (38%)        1182M (38%)         798M (26%)    
[2026-06-26T14:17:20.197-0300][1397.424s][3772][8616 ][info][gc,heap     ] GC(114) Y:      Used:     2270M (74%)        2274M (74%)        1994M (65%)        1892M (62%)        2274M (74%)        1890M (62%)    
[2026-06-26T14:17:20.197-0300][1397.424s][3772][8616 ][info][gc,heap     ] GC(114) Y: Young Generation Statistics:
[2026-06-26T14:17:20.197-0300][1397.424s][3772][8616 ][info][gc,heap     ] GC(114) Y:                Mark Start          Mark End        Relocate Start      Relocate End    
[2026-06-26T14:17:20.197-0300][1397.424s][3772][8616 ][info][gc,heap     ] GC(114) Y:      Used:      408M (13%)         412M (13%)         130M (4%)           24M (1%)     
[2026-06-26T14:17:20.197-0300][1397.424s][3772][8616 ][info][gc,heap     ] GC(114) Y:      Live:         -                 3M (0%)            3M (0%)            3M (0%)     
[2026-06-26T14:17:20.197-0300][1397.424s][3772][8616 ][info][gc,heap     ] GC(114) Y:   Garbage:         -               404M (13%)         122M (4%)            0M (0%)     
[2026-06-26T14:17:20.197-0300][1397.424s][3772][8616 ][info][gc,heap     ] GC(114) Y: Allocated:         -                 4M (0%)            4M (0%)           20M (1%)     
[2026-06-26T14:17:20.197-0300][1397.425s][3772][8616 ][info][gc,heap     ] GC(114) Y: Reclaimed:         -                  -               281M (9%)          403M (13%)    
[2026-06-26T14:17:20.197-0300][1397.425s][3772][8616 ][info][gc,heap     ] GC(114) Y:  Promoted:         -                  -                 0M (0%)            0M (0%)     
[2026-06-26T14:17:20.197-0300][1397.425s][3772][8616 ][info][gc,heap     ] GC(114) Y: Compacted:         -                  -                  -                 1M (0%)     
[2026-06-26T14:17:20.197-0300][1397.425s][3772][8616 ][info][gc,phases   ] GC(114) Y: Young Generation 2270M(74%)->1892M(62%) 0.046s
[2026-06-26T14:17:20.197-0300][1397.425s][3772][8616 ][info][gc,phases   ] GC(114) O: Old Generation
[2026-06-26T14:17:23.320-0300][1400.547s][3772][8616 ][info][gc,phases   ] GC(114) O: Concurrent Mark 3122.328ms
[2026-06-26T14:17:23.320-0300][1400.547s][3772][1692 ][info][gc,phases   ] GC(114) O: Pause Mark End 0.016ms
[2026-06-26T14:17:23.320-0300][1400.547s][3772][8616 ][info][gc,phases   ] GC(114) O: Concurrent Mark Free 0.002ms
[2026-06-26T14:17:23.375-0300][1400.602s][3772][8616 ][info][gc,phases   ] GC(114) O: Concurrent Process Non-Strong 55.002ms
[2026-06-26T14:17:23.375-0300][1400.602s][3772][8616 ][info][gc,phases   ] GC(114) O: Concurrent Reset Relocation Set 0.004ms
[2026-06-26T14:17:23.376-0300][1400.603s][3772][8616 ][info][gc,phases   ] GC(114) O: Concurrent Select Relocation Set 1.048ms
[2026-06-26T14:17:23.376-0300][1400.603s][3772][8616 ][info][gc,task     ] GC(114) O: Using 2 Workers for Old Generation
[2026-06-26T14:17:23.385-0300][1400.612s][3772][8616 ][info][gc,task     ] GC(114) O: Using 1 Workers for Old Generation
[2026-06-26T14:17:23.385-0300][1400.612s][3772][8616 ][info][gc,phases   ] GC(114) O: Concurrent Remap Roots 8.444ms
[2026-06-26T14:17:23.385-0300][1400.612s][3772][1692 ][info][gc,phases   ] GC(114) O: Pause Relocate Start 0.014ms
[2026-06-26T14:17:23.404-0300][1400.631s][3772][8616 ][info][gc,phases   ] GC(114) O: Concurrent Relocate 19.434ms
[2026-06-26T14:17:23.404-0300][1400.631s][3772][8616 ][info][gc,alloc    ] GC(114) O:                         Mark Start        Mark End      Relocate Start    Relocate End   
[2026-06-26T14:17:23.404-0300][1400.631s][3772][8616 ][info][gc,alloc    ] GC(114) O: Allocation Stalls:          0                0                0                0         
[2026-06-26T14:17:23.404-0300][1400.631s][3772][8616 ][info][gc,load     ] GC(114) O: Load: 0.00 (0%) / 0.00 (0%) / 0.00 (0%)
[2026-06-26T14:17:23.404-0300][1400.631s][3772][8616 ][info][gc,mmu      ] GC(114) O: MMU: 2ms/97.1%, 5ms/98.8%, 10ms/99.4%, 20ms/99.6%, 50ms/99.8%, 100ms/99.9%
[2026-06-26T14:17:23.404-0300][1400.631s][3772][8616 ][info][gc,marking  ] GC(114) O: Mark: 1 stripe(s), 2 proactive flush(es), 1 terminate flush(es), 0 completion(s), 0 continuation(s) 
[2026-06-26T14:17:23.404-0300][1400.631s][3772][8616 ][info][gc,nmethod  ] GC(114) O: NMethods: 10178 registered, 3063 unregistered
[2026-06-26T14:17:23.404-0300][1400.631s][3772][8616 ][info][gc,metaspace] GC(114) O: Metaspace: 82M used, 85M committed, 1152M reserved
[2026-06-26T14:17:23.404-0300][1400.631s][3772][8616 ][info][gc,ref      ] GC(114) O:                       Encountered   Discovered     Enqueued 
[2026-06-26T14:17:23.404-0300][1400.631s][3772][8616 ][info][gc,ref      ] GC(114) O: Soft References:             4081          446          103 
[2026-06-26T14:17:23.404-0300][1400.631s][3772][8616 ][info][gc,ref      ] GC(114) O: Weak References:             6699          747           13 
[2026-06-26T14:17:23.404-0300][1400.631s][3772][8616 ][info][gc,ref      ] GC(114) O: Final References:              16            6            0 
[2026-06-26T14:17:23.404-0300][1400.631s][3772][8616 ][info][gc,ref      ] GC(114) O: Phantom References:          8450         7617           50 
[2026-06-26T14:17:23.404-0300][1400.631s][3772][8616 ][info][gc,reloc    ] GC(114) O:                        Candidates     Selected     In-Place         Size        Empty    Relocated 
[2026-06-26T14:17:23.404-0300][1400.631s][3772][8616 ][info][gc,reloc    ] GC(114) O: Small Pages:                  869            6            0        1738M           0M           2M 
[2026-06-26T14:17:23.404-0300][1400.631s][3772][8616 ][info][gc,reloc    ] GC(114) O: Medium Pages:                   2            0            0          64M           0M           0M 
[2026-06-26T14:17:23.404-0300][1400.631s][3772][8616 ][info][gc,reloc    ] GC(114) O: Large Pages:                    5            0            0          60M           0M           0M 
[2026-06-26T14:17:23.404-0300][1400.631s][3772][8616 ][info][gc,reloc    ] GC(114) O: Forwarding Usage: 5M
[2026-06-26T14:17:23.404-0300][1400.631s][3772][8616 ][info][gc,heap     ] GC(114) O: Min Capacity: 8M(0%)
[2026-06-26T14:17:23.404-0300][1400.631s][3772][8616 ][info][gc,heap     ] GC(114) O: Max Capacity: 3072M(100%)
[2026-06-26T14:17:23.404-0300][1400.631s][3772][8616 ][info][gc,heap     ] GC(114) O: Soft Max Capacity: 3072M(100%)
[2026-06-26T14:17:23.404-0300][1400.631s][3772][8616 ][info][gc,heap     ] GC(114) O: Heap Statistics:
[2026-06-26T14:17:23.404-0300][1400.631s][3772][8616 ][info][gc,heap     ] GC(114) O:                Mark Start          Mark End        Relocate Start      Relocate End           High               Low         
[2026-06-26T14:17:23.404-0300][1400.631s][3772][8616 ][info][gc,heap     ] GC(114) O:  Capacity:     2928M (95%)        2928M (95%)        2928M (95%)        2928M (95%)        2928M (95%)        2928M (95%)    
[2026-06-26T14:17:23.404-0300][1400.631s][3772][8616 ][info][gc,heap     ] GC(114) O:      Free:      802M (26%)        1034M (34%)        1032M (34%)        1044M (34%)        1182M (38%)         798M (26%)    
[2026-06-26T14:17:23.404-0300][1400.631s][3772][8616 ][info][gc,heap     ] GC(114) O:      Used:     2270M (74%)        2038M (66%)        2040M (66%)        2028M (66%)        2274M (74%)        1890M (62%)    
[2026-06-26T14:17:23.404-0300][1400.631s][3772][8616 ][info][gc,heap     ] GC(114) O: Old Generation Statistics:
[2026-06-26T14:17:23.404-0300][1400.631s][3772][8616 ][info][gc,heap     ] GC(114) O:                Mark Start          Mark End        Relocate Start      Relocate End    
[2026-06-26T14:17:23.404-0300][1400.631s][3772][8616 ][info][gc,heap     ] GC(114) O:      Used:     1862M (61%)        1868M (61%)        1868M (61%)        1856M (60%)    
[2026-06-26T14:17:23.404-0300][1400.632s][3772][8616 ][info][gc,heap     ] GC(114) O:      Live:         -              1749M (57%)        1749M (57%)        1749M (57%)    
[2026-06-26T14:17:23.404-0300][1400.632s][3772][8616 ][info][gc,heap     ] GC(114) O:   Garbage:         -               112M (4%)          112M (4%)           97M (3%)     
[2026-06-26T14:17:23.404-0300][1400.632s][3772][8616 ][info][gc,heap     ] GC(114) O: Allocated:         -                 6M (0%)            6M (0%)            8M (0%)     
[2026-06-26T14:17:23.404-0300][1400.632s][3772][8616 ][info][gc,heap     ] GC(114) O: Reclaimed:         -                  -                 0M (0%)           14M (0%)     
[2026-06-26T14:17:23.404-0300][1400.632s][3772][8616 ][info][gc,heap     ] GC(114) O: Compacted:         -                  -                  -                17M (1%)     
[2026-06-26T14:17:23.404-0300][1400.632s][3772][8616 ][info][gc,phases   ] GC(114) O: Old Generation 1892M(62%)->2028M(66%) 3.207s
[2026-06-26T14:17:23.404-0300][1400.632s][3772][8616 ][info][gc          ] GC(114) Major Collection (Proactive) 2270M(74%)->2028M(66%) 3.253s
[2026-06-26T14:17:49.189-0300][1426.416s][3772][8628 ][info][gc,heap     ] Uncommitter (0) Uncommitted: 48M(2%) in 6.743ms
[2026-06-26T14:17:50.441-0300][1427.668s][3772][6460 ][info][gc          ] GC(115) Minor Collection (High Usage)
[2026-06-26T14:17:50.441-0300][1427.668s][3772][6460 ][info][gc,task     ] GC(115) Using 1 Workers for Young Generation
[2026-06-26T14:17:50.441-0300][1427.668s][3772][6460 ][info][gc,phases   ] GC(115) y: Young Generation
[2026-06-26T14:17:50.441-0300][1427.668s][3772][1692 ][info][gc,phases   ] GC(115) y: Pause Mark Start 0.013ms
[2026-06-26T14:17:50.496-0300][1427.723s][3772][6460 ][info][gc,phases   ] GC(115) y: Concurrent Mark 55.508ms
[2026-06-26T14:17:50.496-0300][1427.724s][3772][1692 ][info][gc,phases   ] GC(115) y: Pause Mark End 0.012ms
[2026-06-26T14:17:50.496-0300][1427.724s][3772][6460 ][info][gc,phases   ] GC(115) y: Concurrent Mark Free 0.001ms
[2026-06-26T14:17:50.496-0300][1427.724s][3772][6460 ][info][gc,phases   ] GC(115) y: Concurrent Reset Relocation Set 0.241ms
[2026-06-26T14:17:50.496-0300][1427.724s][3772][6460 ][info][gc,reloc    ] GC(115) y: Using tenuring threshold: 6 (Computed)
[2026-06-26T14:17:50.498-0300][1427.725s][3772][6460 ][info][gc,phases   ] GC(115) y: Concurrent Select Relocation Set 0.868ms
[2026-06-26T14:17:50.498-0300][1427.725s][3772][1692 ][info][gc,phases   ] GC(115) y: Pause Relocate Start 0.011ms
[2026-06-26T14:17:50.504-0300][1427.731s][3772][6460 ][info][gc,phases   ] GC(115) y: Concurrent Relocate 5.829ms
[2026-06-26T14:17:50.504-0300][1427.731s][3772][6460 ][info][gc,alloc    ] GC(115) y:                         Mark Start        Mark End      Relocate Start    Relocate End   
[2026-06-26T14:17:50.504-0300][1427.731s][3772][6460 ][info][gc,alloc    ] GC(115) y: Allocation Stalls:          0                0                0                0         
[2026-06-26T14:17:50.504-0300][1427.731s][3772][6460 ][info][gc,load     ] GC(115) y: Load: 0.00 (0%) / 0.00 (0%) / 0.00 (0%)
[2026-06-26T14:17:50.504-0300][1427.731s][3772][6460 ][info][gc,mmu      ] GC(115) y: MMU: 2ms/97.1%, 5ms/98.8%, 10ms/99.4%, 20ms/99.6%, 50ms/99.8%, 100ms/99.9%
[2026-06-26T14:17:50.504-0300][1427.731s][3772][6460 ][info][gc,marking  ] GC(115) y: Mark: 1 stripe(s), 2 proactive flush(es), 1 terminate flush(es), 0 completion(s), 0 continuation(s) 
[2026-06-26T14:17:50.504-0300][1427.731s][3772][6460 ][info][gc,nmethod  ] GC(115) y: NMethods: 10343 registered, 3063 unregistered
[2026-06-26T14:17:50.504-0300][1427.731s][3772][6460 ][info][gc,metaspace] GC(115) y: Metaspace: 82M used, 85M committed, 1152M reserved
[2026-06-26T14:17:50.504-0300][1427.731s][3772][6460 ][info][gc,reloc    ] GC(115) y:                        Candidates     Selected     In-Place         Size        Empty    Relocated 
[2026-06-26T14:17:50.504-0300][1427.731s][3772][6460 ][info][gc,reloc    ] GC(115) y: Small Pages:                  497          152            0         994M         684M           2M 
[2026-06-26T14:17:50.504-0300][1427.731s][3772][6460 ][info][gc,reloc    ] GC(115) y: Medium Pages:                   1            0            0          32M          32M           0M 
[2026-06-26T14:17:50.504-0300][1427.731s][3772][6460 ][info][gc,reloc    ] GC(115) y: Large Pages:                    0            0            0           0M           0M           0M 
[2026-06-26T14:17:50.504-0300][1427.731s][3772][6460 ][info][gc,reloc    ] GC(115) y: Forwarding Usage: 1M
[2026-06-26T14:17:50.504-0300][1427.731s][3772][6460 ][info][gc,reloc    ] GC(115) y: Age Table:
[2026-06-26T14:17:50.504-0300][1427.731s][3772][6460 ][info][gc,reloc    ] GC(115) y:                    Live             Garbage             Small              Medium             Large        
[2026-06-26T14:17:50.504-0300][1427.731s][3772][6460 ][info][gc,reloc    ] GC(115) y: Eden               1M (0%)         1004M (33%)        487 / 145            1 / 0              0 / 0        
[2026-06-26T14:17:50.504-0300][1427.731s][3772][6460 ][info][gc,reloc    ] GC(115) y: Survivor 1         0M (0%)            5M (0%)           3 / 0              0 / 0              0 / 0        
[2026-06-26T14:17:50.504-0300][1427.731s][3772][6460 ][info][gc,reloc    ] GC(115) y: Survivor 2         0M (0%)            3M (0%)           2 / 2              0 / 0              0 / 0        
[2026-06-26T14:17:50.504-0300][1427.731s][3772][6460 ][info][gc,reloc    ] GC(115) y: Survivor 3         0M (0%)            1M (0%)           1 / 1              0 / 0              0 / 0        
[2026-06-26T14:17:50.504-0300][1427.731s][3772][6460 ][info][gc,reloc    ] GC(115) y: Survivor 4         0M (0%)            1M (0%)           1 / 1              0 / 0              0 / 0        
[2026-06-26T14:17:50.504-0300][1427.731s][3772][6460 ][info][gc,reloc    ] GC(115) y: Survivor 5         0M (0%)            1M (0%)           1 / 1              0 / 0              0 / 0        
[2026-06-26T14:17:50.504-0300][1427.731s][3772][6460 ][info][gc,reloc    ] GC(115) y: Survivor 6         0M (0%)            3M (0%)           2 / 2              0 / 0              0 / 0        
[2026-06-26T14:17:50.504-0300][1427.731s][3772][6460 ][info][gc,heap     ] GC(115) y: Min Capacity: 8M(0%)
[2026-06-26T14:17:50.504-0300][1427.731s][3772][6460 ][info][gc,heap     ] GC(115) y: Max Capacity: 3072M(100%)
[2026-06-26T14:17:50.504-0300][1427.731s][3772][6460 ][info][gc,heap     ] GC(115) y: Soft Max Capacity: 3072M(100%)
[2026-06-26T14:17:50.504-0300][1427.731s][3772][6460 ][info][gc,heap     ] GC(115) y: Heap Statistics:
[2026-06-26T14:17:50.504-0300][1427.731s][3772][6460 ][info][gc,heap     ] GC(115) y:                Mark Start          Mark End        Relocate Start      Relocate End           High               Low         
[2026-06-26T14:17:50.504-0300][1427.731s][3772][6460 ][info][gc,heap     ] GC(115) y:  Capacity:     2928M (95%)        2928M (95%)        2928M (95%)        2928M (95%)        2928M (95%)        2928M (95%)    
[2026-06-26T14:17:50.504-0300][1427.731s][3772][6460 ][info][gc,heap     ] GC(115) y:      Free:      190M (6%)          172M (6%)          888M (29%)        1160M (38%)        1160M (38%)         172M (6%)     
[2026-06-26T14:17:50.504-0300][1427.731s][3772][6460 ][info][gc,heap     ] GC(115) y:      Used:     2882M (94%)        2900M (94%)        2184M (71%)        1912M (62%)        2900M (94%)        1912M (62%)    
[2026-06-26T14:17:50.504-0300][1427.731s][3772][6460 ][info][gc,heap     ] GC(115) y: Young Generation Statistics:
[2026-06-26T14:17:50.504-0300][1427.731s][3772][6460 ][info][gc,heap     ] GC(115) y:                Mark Start          Mark End        Relocate Start      Relocate End    
[2026-06-26T14:17:50.504-0300][1427.731s][3772][6460 ][info][gc,heap     ] GC(115) y:      Used:     1026M (33%)        1044M (34%)         328M (11%)          50M (2%)     
[2026-06-26T14:17:50.504-0300][1427.731s][3772][6460 ][info][gc,heap     ] GC(115) y:      Live:         -                 3M (0%)            3M (0%)            3M (0%)     
[2026-06-26T14:17:50.504-0300][1427.731s][3772][6460 ][info][gc,heap     ] GC(115) y:   Garbage:         -              1022M (33%)         306M (10%)           1M (0%)     
[2026-06-26T14:17:50.504-0300][1427.731s][3772][6460 ][info][gc,heap     ] GC(115) y: Allocated:         -                18M (1%)           18M (1%)           45M (1%)     
[2026-06-26T14:17:50.504-0300][1427.731s][3772][6460 ][info][gc,heap     ] GC(115) y: Reclaimed:         -                  -               716M (23%)        1021M (33%)    
[2026-06-26T14:17:50.504-0300][1427.731s][3772][6460 ][info][gc,heap     ] GC(115) y:  Promoted:         -                  -                 0M (0%)            0M (0%)     
[2026-06-26T14:17:50.504-0300][1427.731s][3772][6460 ][info][gc,heap     ] GC(115) y: Compacted:         -                  -                  -                 2M (0%)     
[2026-06-26T14:17:50.504-0300][1427.731s][3772][6460 ][info][gc,phases   ] GC(115) y: Young Generation 2882M(94%)->1912M(62%) 0.063s
[2026-06-26T14:17:50.504-0300][1427.731s][3772][6460 ][info][gc          ] GC(115) Minor Collection (High Usage) 2882M(94%)->1912M(62%) 0.063s
[2026-06-26T14:18:17.073-0300][1454.300s][3772][6432 ][info][gc,exit     ] Stopping ZGC
[2026-06-26T14:18:17.073-0300][1454.300s][3772][10616][info][gc,stats    ] === Garbage Collection Statistics =======================================================================================================================
[2026-06-26T14:18:17.073-0300][1454.300s][3772][10616][info][gc,stats    ]                                                              Last 10s              Last 10m              Last 10h                Total
[2026-06-26T14:18:17.073-0300][1454.300s][3772][10616][info][gc,stats    ]                                                              Avg / Max             Avg / Max             Avg / Max             Avg / Max
[2026-06-26T14:18:17.073-0300][1454.300s][3772][10616][info][gc,stats    ]        Contention: Mark Segment Reset Contention                     0 / 0                 0 / 0                 0 / 207               0 / 207         ops/s
[2026-06-26T14:18:17.073-0300][1454.300s][3772][10616][info][gc,stats    ]        Contention: Mark SeqNum Reset Contention                      0 / 0                 0 / 1                 0 / 17                0 / 17          ops/s
[2026-06-26T14:18:17.073-0300][1454.300s][3772][10616][info][gc,stats    ]          Critical: Allocation Stall                                  0 / 0                 0 / 0                 0 / 8                 0 / 8           ops/s
[2026-06-26T14:18:17.073-0300][1454.300s][3772][10616][info][gc,stats    ]          Critical: Allocation Stall                              0.000 / 0.000         0.000 / 0.000         6.202 / 8.042         6.202 / 8.042       ms
[2026-06-26T14:18:17.073-0300][1454.300s][3772][10616][info][gc,stats    ]          Critical: JNI Critical Stall                                0 / 0                 0 / 0                 0 / 33                0 / 33          ops/s
[2026-06-26T14:18:17.073-0300][1454.300s][3772][10616][info][gc,stats    ]          Critical: JNI Critical Stall                            0.000 / 0.000         0.000 / 0.000         1.362 / 25.051        1.362 / 25.051      ms
[2026-06-26T14:18:17.073-0300][1454.300s][3772][10616][info][gc,stats    ]          Critical: Relocation Stall                                  0 / 0                 0 / 0                 0 / 0                 0 / 0           ops/s
[2026-06-26T14:18:17.073-0300][1454.300s][3772][10616][info][gc,stats    ]          Critical: Relocation Stall                              0.000 / 0.000         0.000 / 0.000         0.000 / 0.000         0.000 / 0.000       ms
[2026-06-26T14:18:17.073-0300][1454.300s][3772][10616][info][gc,stats    ]  Major Collection: Major Collection                              0.000 / 0.000      3133.966 / 3253.022   1894.359 / 3269.820   1894.359 / 3269.820    ms
[2026-06-26T14:18:17.073-0300][1454.300s][3772][10616][info][gc,stats    ]            Memory: Allocation Rate                                  18 / 48               43 / 152              55 / 5352             55 / 5352        MB/s
[2026-06-26T14:18:17.073-0300][1454.300s][3772][10616][info][gc,stats    ]            Memory: Defragment                                        0 / 0                 0 / 0                 0 / 0                 0 / 0           ops/s
[2026-06-26T14:18:17.073-0300][1454.300s][3772][10616][info][gc,stats    ]            Memory: Mapped Cache Harvest                              0 / 0                 0 / 0                 0 / 0                 0 / 0           MB/s
[2026-06-26T14:18:17.073-0300][1454.300s][3772][10616][info][gc,stats    ]            Memory: Out Of Memory                                     0 / 0                 0 / 0                 0 / 0                 0 / 0           ops/s
[2026-06-26T14:18:17.073-0300][1454.300s][3772][10616][info][gc,stats    ]            Memory: Uncommit                                          0 / 0                 0 / 24                0 / 24                0 / 24          MB/s
[2026-06-26T14:18:17.073-0300][1454.300s][3772][10616][info][gc,stats    ]            Memory: Undo Object Allocation Failed                     0 / 0                 0 / 0                 0 / 0                 0 / 0           ops/s
[2026-06-26T14:18:17.073-0300][1454.300s][3772][10616][info][gc,stats    ]            Memory: Undo Object Allocation Succeeded                  0 / 0                 0 / 1                 0 / 17                0 / 17          ops/s
[2026-06-26T14:18:17.073-0300][1454.300s][3772][10616][info][gc,stats    ]            Memory: Undo Page Allocation                              0 / 0                 0 / 0                 0 / 8                 0 / 8           ops/s
[2026-06-26T14:18:17.073-0300][1454.300s][3772][10616][info][gc,stats    ]  Minor Collection: Minor Collection                              0.000 / 0.000        84.552 / 230.951     127.319 / 877.993     127.319 / 877.993     ms
[2026-06-26T14:18:17.073-0300][1454.300s][3772][10616][info][gc,stats    ]    Old Generation: Old Generation                                0.000 / 0.000      3079.813 / 3206.686   1795.133 / 3206.686   1795.133 / 3206.686    ms
[2026-06-26T14:18:17.073-0300][1454.300s][3772][10616][info][gc,stats    ]         Old Pause: Pause Mark End                                0.000 / 0.000         0.015 / 0.016         0.015 / 0.019         0.015 / 0.019       ms
[2026-06-26T14:18:17.073-0300][1454.300s][3772][10616][info][gc,stats    ]         Old Pause: Pause Relocate Start                          0.000 / 0.000         0.012 / 0.014         0.012 / 0.015         0.012 / 0.015       ms
[2026-06-26T14:18:17.073-0300][1454.300s][3772][10616][info][gc,stats    ]         Old Phase: Concurrent Mark                               0.000 / 0.000      2973.586 / 3122.328   1701.034 / 3122.328   1701.034 / 3122.328    ms
[2026-06-26T14:18:17.073-0300][1454.300s][3772][10616][info][gc,stats    ]         Old Phase: Concurrent Mark Continue                      0.000 / 0.000         0.000 / 0.000         0.000 / 0.000         0.000 / 0.000       ms
[2026-06-26T14:18:17.073-0300][1454.300s][3772][10616][info][gc,stats    ]         Old Phase: Concurrent Mark Free                          0.000 / 0.000         0.002 / 0.003         0.002 / 0.005         0.002 / 0.005       ms
[2026-06-26T14:18:17.073-0300][1454.300s][3772][10616][info][gc,stats    ]         Old Phase: Concurrent Process Non-Strong                 0.000 / 0.000        45.686 / 55.002       32.044 / 65.334       32.044 / 65.334      ms
[2026-06-26T14:18:17.073-0300][1454.300s][3772][10616][info][gc,stats    ]         Old Phase: Concurrent Relocate                           0.000 / 0.000        49.292 / 70.050       51.980 / 135.444      51.980 / 135.444     ms
[2026-06-26T14:18:17.073-0300][1454.300s][3772][10616][info][gc,stats    ]         Old Phase: Concurrent Remap Roots                        0.000 / 0.000         9.349 / 10.965        6.496 / 10.965        6.496 / 10.965      ms
[2026-06-26T14:18:17.073-0300][1454.300s][3772][10616][info][gc,stats    ]         Old Phase: Concurrent Reset Relocation Set               0.000 / 0.000         0.004 / 0.004         0.004 / 0.008         0.004 / 0.008       ms
[2026-06-26T14:18:17.073-0300][1454.300s][3772][10616][info][gc,stats    ]         Old Phase: Concurrent Select Relocation Set              0.000 / 0.000         1.430 / 1.826         3.070 / 9.740         3.070 / 9.740       ms
[2026-06-26T14:18:17.073-0300][1454.300s][3772][10616][info][gc,stats    ]      Old Subphase: Concurrent Classes Purge                      0.000 / 0.000         5.155 / 9.122         3.515 / 18.983        3.515 / 18.983      ms
[2026-06-26T14:18:17.073-0300][1454.300s][3772][10616][info][gc,stats    ]      Old Subphase: Concurrent Classes Unlink                     0.000 / 0.000        33.886 / 41.654       22.364 / 41.654       22.364 / 41.654      ms
[2026-06-26T14:18:17.073-0300][1454.300s][3772][10616][info][gc,stats    ]      Old Subphase: Concurrent Mark Follow                        0.000 / 0.000      2973.184 / 3121.940   1700.709 / 3121.940   1700.709 / 3121.940    ms
[2026-06-26T14:18:17.073-0300][1454.300s][3772][10616][info][gc,stats    ]      Old Subphase: Concurrent Mark Root Colored                  0.000 / 0.000         0.216 / 0.219         0.123 / 0.219         0.123 / 0.219       ms
[2026-06-26T14:18:17.073-0300][1454.300s][3772][10616][info][gc,stats    ]      Old Subphase: Concurrent Mark Root Uncolored                0.000 / 0.000         0.154 / 0.167         0.149 / 0.497         0.149 / 0.497       ms
[2026-06-26T14:18:17.073-0300][1454.300s][3772][10616][info][gc,stats    ]      Old Subphase: Concurrent Mark Roots                         0.000 / 0.000         0.398 / 0.416         0.321 / 0.649         0.321 / 0.649       ms
[2026-06-26T14:18:17.073-0300][1454.300s][3772][10616][info][gc,stats    ]      Old Subphase: Concurrent References Enqueue                 0.000 / 0.000         0.006 / 0.009         0.004 / 0.009         0.004 / 0.009       ms
[2026-06-26T14:18:17.073-0300][1454.300s][3772][10616][info][gc,stats    ]      Old Subphase: Concurrent References Process                 0.000 / 0.000         1.768 / 2.692         2.066 / 15.241        2.066 / 15.241      ms
[2026-06-26T14:18:17.073-0300][1454.300s][3772][10616][info][gc,stats    ]      Old Subphase: Concurrent Remap Remembered                   0.000 / 0.000         4.263 / 6.160         2.362 / 6.160         2.362 / 6.160       ms
[2026-06-26T14:18:17.073-0300][1454.300s][3772][10616][info][gc,stats    ]      Old Subphase: Concurrent Remap Roots Colored                0.000 / 0.000         1.749 / 1.971         1.340 / 1.971         1.340 / 1.971       ms
[2026-06-26T14:18:17.073-0300][1454.300s][3772][10616][info][gc,stats    ]      Old Subphase: Concurrent Remap Roots Uncolored              0.000 / 0.000         3.205 / 3.807         2.228 / 3.984         2.228 / 3.984       ms
[2026-06-26T14:18:17.073-0300][1454.300s][3772][10616][info][gc,stats    ]      Old Subphase: Concurrent Roots ClassLoaderDataGraph         0.000 / 0.000         0.566 / 0.831         0.483 / 0.931         0.483 / 0.931       ms
[2026-06-26T14:18:17.073-0300][1454.300s][3772][10616][info][gc,stats    ]      Old Subphase: Concurrent Roots CodeCache                    0.000 / 0.000         3.196 / 3.796         2.216 / 3.977         2.216 / 3.977       ms
[2026-06-26T14:18:17.073-0300][1454.300s][3772][10616][info][gc,stats    ]      Old Subphase: Concurrent Roots JavaThreads                  0.000 / 0.000         0.044 / 0.166         0.042 / 0.497         0.042 / 0.497       ms
[2026-06-26T14:18:17.073-0300][1454.300s][3772][10616][info][gc,stats    ]      Old Subphase: Concurrent Roots OopStorageSet                0.000 / 0.000         0.017 / 0.046         0.011 / 0.048         0.011 / 0.048       ms
[2026-06-26T14:18:17.073-0300][1454.300s][3772][10616][info][gc,stats    ]      Old Subphase: Concurrent Weak Roots OopStorageSet           0.000 / 0.000         2.168 / 5.125         1.560 / 6.750         1.560 / 6.750       ms
[2026-06-26T14:18:17.073-0300][1454.300s][3772][10616][info][gc,stats    ]            System: Java Threads                                      0 / 0                37 / 39               31 / 39               31 / 39          threads
[2026-06-26T14:18:17.073-0300][1454.300s][3772][10616][info][gc,stats    ]  Young Generation: Young Generation                              0.000 / 0.000        53.336 / 98.892       98.349 / 383.631      98.349 / 383.631     ms
[2026-06-26T14:18:17.073-0300][1454.300s][3772][10616][info][gc,stats    ]  Young Generation: Young Generation                              0.000 / 0.000        84.078 / 230.482     126.821 / 877.300     126.821 / 877.300     ms
[2026-06-26T14:18:17.073-0300][1454.300s][3772][10616][info][gc,stats    ]  Young Generation: Young Generation (Collect Roots)              0.000 / 0.000         0.000 / 0.000         0.000 / 0.000         0.000 / 0.000       ms
[2026-06-26T14:18:17.073-0300][1454.300s][3772][10616][info][gc,stats    ]  Young Generation: Young Generation (Promote All)                0.000 / 0.000         0.000 / 0.000         0.000 / 0.000         0.000 / 0.000       ms
[2026-06-26T14:18:17.073-0300][1454.300s][3772][10616][info][gc,stats    ]       Young Pause: Pause Mark End                                0.000 / 0.000         0.013 / 0.016         0.015 / 0.038         0.015 / 0.038       ms
[2026-06-26T14:18:17.073-0300][1454.300s][3772][10616][info][gc,stats    ]       Young Pause: Pause Mark Start                              0.000 / 0.000         0.010 / 0.013         0.012 / 0.031         0.012 / 0.031       ms
[2026-06-26T14:18:17.073-0300][1454.300s][3772][10616][info][gc,stats    ]       Young Pause: Pause Mark Start (Major)                      0.000 / 0.000         0.011 / 0.013         0.013 / 0.027         0.013 / 0.027       ms
[2026-06-26T14:18:17.073-0300][1454.300s][3772][10616][info][gc,stats    ]       Young Pause: Pause Relocate Start                          0.000 / 0.000         0.008 / 0.015         0.010 / 0.026         0.010 / 0.026       ms
[2026-06-26T14:18:17.073-0300][1454.300s][3772][10616][info][gc,stats    ]       Young Phase: Concurrent Mark                               0.000 / 0.000        66.299 / 193.729      91.107 / 561.198      91.107 / 561.198     ms
[2026-06-26T14:18:17.073-0300][1454.300s][3772][10616][info][gc,stats    ]       Young Phase: Concurrent Mark Continue                      0.000 / 0.000         0.000 / 0.000         0.000 / 0.000         0.000 / 0.000       ms
[2026-06-26T14:18:17.073-0300][1454.300s][3772][10616][info][gc,stats    ]       Young Phase: Concurrent Mark Free                          0.000 / 0.000         0.002 / 0.004         0.004 / 0.017         0.004 / 0.017       ms
[2026-06-26T14:18:17.073-0300][1454.300s][3772][10616][info][gc,stats    ]       Young Phase: Concurrent Relocate                           0.000 / 0.000        11.039 / 37.176       23.296 / 290.129      23.296 / 290.129     ms
[2026-06-26T14:18:17.073-0300][1454.300s][3772][10616][info][gc,stats    ]       Young Phase: Concurrent Reset Relocation Set               0.000 / 0.000         0.097 / 0.376         0.116 / 3.868         0.116 / 3.868       ms
[2026-06-26T14:18:17.073-0300][1454.300s][3772][10616][info][gc,stats    ]       Young Phase: Concurrent Select Relocation Set              0.000 / 0.000         1.779 / 15.072        6.541 / 134.147       6.541 / 134.147     ms
[2026-06-26T14:18:17.073-0300][1454.300s][3772][10616][info][gc,stats    ]    Young Subphase: Concurrent Mark Follow                        0.000 / 0.000        54.276 / 182.451      81.311 / 547.114      81.311 / 547.114     ms
[2026-06-26T14:18:17.073-0300][1454.300s][3772][10616][info][gc,stats    ]    Young Subphase: Concurrent Mark Root Colored                  0.000 / 0.000         4.240 / 6.009         3.218 / 7.558         3.218 / 7.558       ms
[2026-06-26T14:18:17.073-0300][1454.300s][3772][10616][info][gc,stats    ]    Young Subphase: Concurrent Mark Root Uncolored                0.000 / 0.000         7.738 / 10.180        4.834 / 16.877        4.834 / 16.877      ms
[2026-06-26T14:18:17.073-0300][1454.300s][3772][10616][info][gc,stats    ]    Young Subphase: Concurrent Mark Roots                         0.000 / 0.000        12.020 / 14.193        9.792 / 22.655        9.792 / 22.655      ms
[2026-06-26T14:18:17.073-0300][1454.300s][3772][10616][info][gc,stats    ]    Young Subphase: Concurrent Relocate Remset FP                 0.000 / 0.000         1.190 / 19.928        7.417 / 212.910       7.417 / 212.910     ms
[2026-06-26T14:18:17.073-0300][1454.300s][3772][10616][info][gc,stats    ]    Young Subphase: Concurrent Roots ClassLoaderDataGraph         0.000 / 0.000         0.647 / 0.833         0.749 / 1.977         0.749 / 1.977       ms
[2026-06-26T14:18:17.073-0300][1454.300s][3772][10616][info][gc,stats    ]    Young Subphase: Concurrent Roots CodeCache                    0.000 / 0.000         7.376 / 9.899         4.590 / 16.623        4.590 / 16.623      ms
[2026-06-26T14:18:17.073-0300][1454.300s][3772][10616][info][gc,stats    ]    Young Subphase: Concurrent Roots JavaThreads                  0.000 / 0.000         0.182 / 0.799         0.123 / 3.143         0.123 / 3.143       ms
[2026-06-26T14:18:17.073-0300][1454.300s][3772][10616][info][gc,stats    ]    Young Subphase: Concurrent Roots OopStorageSet                0.000 / 0.000         0.067 / 0.508         0.049 / 0.508         0.049 / 0.508       ms
[2026-06-26T14:18:17.073-0300][1454.300s][3772][10616][info][gc,stats    ]    Young Subphase: Concurrent Weak Roots OopStorageSet           0.000 / 0.000         3.523 / 5.302         2.423 / 6.756         2.423 / 6.756       ms
[2026-06-26T14:18:17.073-0300][1454.300s][3772][10616][info][gc,stats    ] =========================================================================================================================================================
[2026-06-26T14:18:17.074-0300][1454.301s][3772][6432 ][info][gc,exit     ] Heap
[2026-06-26T14:18:17.074-0300][1454.301s][3772][6432 ][info][gc,exit     ]  ZHeap           used 2580M, capacity 2928M, max capacity 3072M
[2026-06-26T14:18:17.074-0300][1454.301s][3772][6432 ][info][gc,exit     ]   Cache          348M (2)
[2026-06-26T14:18:17.074-0300][1454.301s][3772][6432 ][info][gc,exit     ]    size classes  16M (1), 256M (1)
[2026-06-26T14:18:17.074-0300][1454.301s][3772][6432 ][info][gc,exit     ]  Metaspace       used 84274K, committed 87040K, reserved 1179648K
[2026-06-26T14:18:17.074-0300][1454.301s][3772][6432 ][info][gc,exit     ]   class space    used 7663K, committed 9152K, reserved 1048576K
