[2026-06-26T17:34:53.290-0300][0.008s][8748][5916][info][gc,init] Initializing The Z Garbage Collector
[2026-06-26T17:34:53.290-0300][0.008s][8748][5916][info][gc,init] Version: 25.0.1+8-LTS (release)
[2026-06-26T17:34:53.290-0300][0.008s][8748][5916][info][gc,init] NUMA Support: Disabled
[2026-06-26T17:34:53.290-0300][0.008s][8748][5916][info][gc,init] CPUs: 12 total, 12 available
[2026-06-26T17:34:53.290-0300][0.008s][8748][5916][info][gc,init] Memory: 32693M
[2026-06-26T17:34:53.290-0300][0.008s][8748][5916][info][gc,init] Large Page Support: Disabled
[2026-06-26T17:34:53.290-0300][0.008s][8748][5916][info][gc,init] Address Space Size: limited (137434287384K)
[2026-06-26T17:34:53.290-0300][0.009s][8748][5916][info][gc,init] Reserved Space Type: Contiguous/Unrestricted/Complete
[2026-06-26T17:34:53.290-0300][0.009s][8748][5916][info][gc,init] Reserved Space Size: 48G
[2026-06-26T17:34:53.290-0300][0.009s][8748][5916][info][gc,init] Min Capacity: 8M
[2026-06-26T17:34:53.290-0300][0.009s][8748][5916][info][gc,init] Initial Capacity: 512M
[2026-06-26T17:34:53.290-0300][0.009s][8748][5916][info][gc,init] Max Capacity: 3072M
[2026-06-26T17:34:53.290-0300][0.009s][8748][5916][info][gc,init] Soft Max Capacity: 3072M
[2026-06-26T17:34:53.290-0300][0.009s][8748][5916][info][gc,init] Page Size Medium: Range [4M, 32M]
[2026-06-26T17:34:53.290-0300][0.009s][8748][5916][info][gc,init] Pre-touch: Disabled
[2026-06-26T17:34:53.290-0300][0.009s][8748][5916][info][gc,init] Uncommit: Enabled
[2026-06-26T17:34:53.290-0300][0.009s][8748][5916][info][gc,init] Uncommit Delay: 300s
[2026-06-26T17:34:53.290-0300][0.009s][8748][5916][info][gc,init] GC Workers for Old Generation: 3 (dynamic)
[2026-06-26T17:34:53.290-0300][0.009s][8748][5916][info][gc,init] GC Workers for Young Generation: 3 (dynamic)
[2026-06-26T17:34:53.306-0300][0.017s][8748][5916][info][gc,init] GC Workers Max: 3 (dynamic)
[2026-06-26T17:34:53.306-0300][0.018s][8748][5916][info][gc,init] Runtime Workers: 8
[2026-06-26T17:34:53.306-0300][0.018s][8748][5916][info][gc     ] Using The Z Garbage Collector
[2026-06-26T17:34:53.306-0300][0.024s][8748][5916][info][gc,metaspace] CDS archive(s) mapped at: [0x0000000005000000-0x0000000005d20000-0x0000000005d20000), size 13762560, SharedBaseAddress: 0x0000000005000000, ArchiveRelocationMode: 1.
[2026-06-26T17:34:53.306-0300][0.024s][8748][5916][info][gc,metaspace] Compressed class space mapped at: 0x0000000006000000-0x0000000046000000, reserved size: 1073741824
[2026-06-26T17:34:53.306-0300][0.024s][8748][5916][info][gc,metaspace] UseCompressedClassPointers 1, UseCompactObjectHeaders 0
[2026-06-26T17:34:53.306-0300][0.024s][8748][5916][info][gc,metaspace] Narrow klass pointer bits 32, Max shift 3
[2026-06-26T17:34:53.306-0300][0.024s][8748][5916][info][gc,metaspace] Narrow klass base: 0x0000000005000000, Narrow klass shift: 0
[2026-06-26T17:34:53.306-0300][0.024s][8748][5916][info][gc,metaspace] Encoding Range: [0x0000000005000000 - 0x0000000105000000), (4294967296 bytes)
[2026-06-26T17:34:53.306-0300][0.024s][8748][5916][info][gc,metaspace] Klass Range:    [0x0000000005010000 - 0x0000000046000000), (1090453504 bytes)
[2026-06-26T17:34:53.306-0300][0.024s][8748][5916][info][gc,metaspace] Klass ID Range:  [65536 - 1090519033) (1090453497)
[2026-06-26T17:34:53.306-0300][0.024s][8748][5916][info][gc,metaspace] Protection zone: [0x0000000005000000 - 0x0000000005010000), (65536 bytes)
[2026-06-26T17:34:55.666-0300][2.378s][8748][7584][info][gc          ] GC(0) Major Collection (Metadata GC Threshold)
[2026-06-26T17:34:55.667-0300][2.379s][8748][7584][info][gc,task     ] GC(0) Using 1 Workers for Young Generation
[2026-06-26T17:34:55.667-0300][2.379s][8748][7584][info][gc,task     ] GC(0) Using 1 Workers for Old Generation
[2026-06-26T17:34:55.669-0300][2.381s][8748][7584][info][gc,phases   ] GC(0) Y: Young Generation
[2026-06-26T17:34:55.674-0300][2.385s][8748][16824][info][gc,phases   ] GC(0) Y: Pause Mark Start (Major) 1.116ms
[2026-06-26T17:34:55.694-0300][2.405s][8748][7584 ][info][gc,phases   ] GC(0) Y: Concurrent Mark 20.208ms
[2026-06-26T17:34:55.695-0300][2.406s][8748][16824][info][gc,phases   ] GC(0) Y: Pause Mark End 0.843ms
[2026-06-26T17:34:55.695-0300][2.406s][8748][7584 ][info][gc,phases   ] GC(0) Y: Concurrent Mark Free 0.002ms
[2026-06-26T17:34:55.695-0300][2.406s][8748][7584 ][info][gc,phases   ] GC(0) Y: Concurrent Reset Relocation Set 0.000ms
[2026-06-26T17:34:55.696-0300][2.407s][8748][7584 ][info][gc,reloc    ] GC(0) Y: Using tenuring threshold: 1 (Computed)
[2026-06-26T17:34:55.696-0300][2.408s][8748][7584 ][info][gc,phases   ] GC(0) Y: Concurrent Select Relocation Set 1.544ms
[2026-06-26T17:34:55.696-0300][2.408s][8748][16824][info][gc,phases   ] GC(0) Y: Pause Relocate Start 0.006ms
[2026-06-26T17:34:55.703-0300][2.415s][8748][7584 ][info][gc,phases   ] GC(0) Y: Concurrent Relocate 6.973ms
[2026-06-26T17:34:55.704-0300][2.415s][8748][7584 ][info][gc,alloc    ] GC(0) Y:                         Mark Start        Mark End      Relocate Start    Relocate End   
[2026-06-26T17:34:55.704-0300][2.415s][8748][7584 ][info][gc,alloc    ] GC(0) Y: Allocation Stalls:          0                0                0                0         
[2026-06-26T17:34:55.704-0300][2.415s][8748][7584 ][info][gc,load     ] GC(0) Y: Load: 0.00 (0%) / 0.00 (0%) / 0.00 (0%)
[2026-06-26T17:34:55.704-0300][2.416s][8748][7584 ][info][gc,mmu      ] GC(0) Y: MMU: 2ms/44.2%, 5ms/77.7%, 10ms/88.8%, 20ms/94.4%, 50ms/96.1%, 100ms/98.0%
[2026-06-26T17:34:55.704-0300][2.416s][8748][7584 ][info][gc,marking  ] GC(0) Y: Mark: 1 stripe(s), 2 proactive flush(es), 1 terminate flush(es), 0 completion(s), 0 continuation(s) 
[2026-06-26T17:34:55.705-0300][2.416s][8748][7584 ][info][gc,nmethod  ] GC(0) Y: NMethods: 3183 registered, 0 unregistered
[2026-06-26T17:34:55.705-0300][2.416s][8748][7584 ][info][gc,metaspace] GC(0) Y: Metaspace: 20M used, 21M committed, 1088M reserved
[2026-06-26T17:34:55.705-0300][2.416s][8748][7584 ][info][gc,reloc    ] GC(0) Y:                        Candidates     Selected     In-Place         Size        Empty    Relocated 
[2026-06-26T17:34:55.705-0300][2.416s][8748][7584 ][info][gc,reloc    ] GC(0) Y: Small Pages:                   38           30            0          76M           2M           6M 
[2026-06-26T17:34:55.705-0300][2.416s][8748][7584 ][info][gc,reloc    ] GC(0) Y: Medium Pages:                   1            0            0          32M           0M           0M 
[2026-06-26T17:34:55.705-0300][2.416s][8748][7584 ][info][gc,reloc    ] GC(0) Y: Large Pages:                    0            0            0           0M           0M           0M 
[2026-06-26T17:34:55.705-0300][2.416s][8748][7584 ][info][gc,reloc    ] GC(0) Y: Forwarding Usage: 2M
[2026-06-26T17:34:55.705-0300][2.416s][8748][7584 ][info][gc,reloc    ] GC(0) Y: Age Table:
[2026-06-26T17:34:55.705-0300][2.416s][8748][7584 ][info][gc,reloc    ] GC(0) Y:                    Live             Garbage             Small              Medium             Large        
[2026-06-26T17:34:55.705-0300][2.416s][8748][7584 ][info][gc,reloc    ] GC(0) Y: Eden              13M (0%)           94M (3%)          38 / 30             1 / 0              0 / 0        
[2026-06-26T17:34:55.705-0300][2.416s][8748][7584 ][info][gc,heap     ] GC(0) Y: Min Capacity: 8M(0%)
[2026-06-26T17:34:55.705-0300][2.416s][8748][7584 ][info][gc,heap     ] GC(0) Y: Max Capacity: 3072M(100%)
[2026-06-26T17:34:55.705-0300][2.416s][8748][7584 ][info][gc,heap     ] GC(0) Y: Soft Max Capacity: 3072M(100%)
[2026-06-26T17:34:55.705-0300][2.416s][8748][7584 ][info][gc,heap     ] GC(0) Y: Heap Statistics:
[2026-06-26T17:34:55.705-0300][2.416s][8748][7584 ][info][gc,heap     ] GC(0) Y:                Mark Start          Mark End        Relocate Start      Relocate End           High               Low         
[2026-06-26T17:34:55.705-0300][2.416s][8748][7584 ][info][gc,heap     ] GC(0) Y:  Capacity:      512M (17%)         512M (17%)         512M (17%)         512M (17%)         512M (17%)         512M (17%)    
[2026-06-26T17:34:55.705-0300][2.416s][8748][7584 ][info][gc,heap     ] GC(0) Y:      Free:     2964M (96%)        2960M (96%)        2962M (96%)        3014M (98%)        3014M (98%)        2958M (96%)    
[2026-06-26T17:34:55.705-0300][2.416s][8748][7584 ][info][gc,heap     ] GC(0) Y:      Used:      108M (4%)          112M (4%)          110M (4%)           58M (2%)          114M (4%)           58M (2%)     
[2026-06-26T17:34:55.705-0300][2.416s][8748][7584 ][info][gc,heap     ] GC(0) Y: Young Generation Statistics:
[2026-06-26T17:34:55.705-0300][2.416s][8748][7584 ][info][gc,heap     ] GC(0) Y:                Mark Start          Mark End        Relocate Start      Relocate End    
[2026-06-26T17:34:55.705-0300][2.416s][8748][7584 ][info][gc,heap     ] GC(0) Y:      Used:      108M (4%)          112M (4%)          110M (4%)           58M (2%)     
[2026-06-26T17:34:55.706-0300][2.417s][8748][7584 ][info][gc,heap     ] GC(0) Y:      Live:         -                13M (0%)           13M (0%)           13M (0%)     
[2026-06-26T17:34:55.706-0300][2.417s][8748][7584 ][info][gc,heap     ] GC(0) Y:   Garbage:         -                94M (3%)           92M (3%)           31M (1%)     
[2026-06-26T17:34:55.706-0300][2.417s][8748][7584 ][info][gc,heap     ] GC(0) Y: Allocated:         -                 4M (0%)            4M (0%)           13M (0%)     
[2026-06-26T17:34:55.706-0300][2.417s][8748][7584 ][info][gc,heap     ] GC(0) Y: Reclaimed:         -                  -                 2M (0%)           63M (2%)     
[2026-06-26T17:34:55.706-0300][2.417s][8748][7584 ][info][gc,heap     ] GC(0) Y:  Promoted:         -                  -                 0M (0%)            0M (0%)     
[2026-06-26T17:34:55.706-0300][2.417s][8748][7584 ][info][gc,heap     ] GC(0) Y: Compacted:         -                  -                  -                 6M (0%)     
[2026-06-26T17:34:55.706-0300][2.417s][8748][7584 ][info][gc,phases   ] GC(0) Y: Young Generation 108M(4%)->58M(2%) 0.035s
[2026-06-26T17:34:55.706-0300][2.417s][8748][7584 ][info][gc,phases   ] GC(0) O: Old Generation
[2026-06-26T17:34:55.707-0300][2.418s][8748][7584 ][info][gc,phases   ] GC(0) O: Concurrent Mark 1.201ms
[2026-06-26T17:34:55.707-0300][2.419s][8748][16824][info][gc,phases   ] GC(0) O: Pause Mark End 0.010ms
[2026-06-26T17:34:55.707-0300][2.419s][8748][7584 ][info][gc,phases   ] GC(0) O: Concurrent Mark Free 0.001ms
[2026-06-26T17:34:55.712-0300][2.424s][8748][7584 ][info][gc,phases   ] GC(0) O: Concurrent Process Non-Strong 5.280ms
[2026-06-26T17:34:55.712-0300][2.424s][8748][7584 ][info][gc,phases   ] GC(0) O: Concurrent Reset Relocation Set 0.000ms
[2026-06-26T17:34:55.713-0300][2.424s][8748][7584 ][info][gc,phases   ] GC(0) O: Concurrent Select Relocation Set 0.043ms
[2026-06-26T17:34:55.713-0300][2.424s][8748][7584 ][info][gc,task     ] GC(0) O: Using 2 Workers for Old Generation
[2026-06-26T17:34:55.714-0300][2.425s][8748][7584 ][info][gc,task     ] GC(0) O: Using 1 Workers for Old Generation
[2026-06-26T17:34:55.714-0300][2.425s][8748][7584 ][info][gc,phases   ] GC(0) O: Concurrent Remap Roots 1.112ms
[2026-06-26T17:34:55.716-0300][2.427s][8748][16824][info][gc,phases   ] GC(0) O: Pause Relocate Start 0.602ms
[2026-06-26T17:34:55.716-0300][2.427s][8748][7584 ][info][gc,phases   ] GC(0) O: Concurrent Relocate 0.046ms
[2026-06-26T17:34:55.716-0300][2.427s][8748][7584 ][info][gc,alloc    ] GC(0) O:                         Mark Start        Mark End      Relocate Start    Relocate End   
[2026-06-26T17:34:55.716-0300][2.427s][8748][7584 ][info][gc,alloc    ] GC(0) O: Allocation Stalls:          0                0                0                0         
[2026-06-26T17:34:55.716-0300][2.427s][8748][7584 ][info][gc,load     ] GC(0) O: Load: 0.00 (0%) / 0.00 (0%) / 0.00 (0%)
[2026-06-26T17:34:55.716-0300][2.427s][8748][7584 ][info][gc,mmu      ] GC(0) O: MMU: 2ms/44.2%, 5ms/77.7%, 10ms/88.8%, 20ms/94.4%, 50ms/94.8%, 100ms/97.4%
[2026-06-26T17:34:55.716-0300][2.427s][8748][7584 ][info][gc,marking  ] GC(0) O: Mark: 1 stripe(s), 1 proactive flush(es), 1 terminate flush(es), 0 completion(s), 0 continuation(s) 
[2026-06-26T17:34:55.716-0300][2.427s][8748][7584 ][info][gc,nmethod  ] GC(0) O: NMethods: 2882 registered, 341 unregistered
[2026-06-26T17:34:55.716-0300][2.427s][8748][7584 ][info][gc,metaspace] GC(0) O: Metaspace: 20M used, 21M committed, 1088M reserved
[2026-06-26T17:34:55.716-0300][2.428s][8748][7584 ][info][gc,ref      ] GC(0) O:                       Encountered   Discovered     Enqueued 
[2026-06-26T17:34:55.716-0300][2.428s][8748][7584 ][info][gc,ref      ] GC(0) O: Soft References:             2984            0            0 
[2026-06-26T17:34:55.716-0300][2.428s][8748][7584 ][info][gc,ref      ] GC(0) O: Weak References:             3620            0            0 
[2026-06-26T17:34:55.716-0300][2.428s][8748][7584 ][info][gc,ref      ] GC(0) O: Final References:               8            0            0 
[2026-06-26T17:34:55.716-0300][2.428s][8748][7584 ][info][gc,ref      ] GC(0) O: Phantom References:          1215            0            0 
[2026-06-26T17:34:55.716-0300][2.428s][8748][7584 ][info][gc,heap     ] GC(0) O: Min Capacity: 8M(0%)
[2026-06-26T17:34:55.716-0300][2.428s][8748][7584 ][info][gc,heap     ] GC(0) O: Max Capacity: 3072M(100%)
[2026-06-26T17:34:55.716-0300][2.428s][8748][7584 ][info][gc,heap     ] GC(0) O: Soft Max Capacity: 3072M(100%)
[2026-06-26T17:34:55.717-0300][2.428s][8748][7584 ][info][gc,heap     ] GC(0) O: Heap Statistics:
[2026-06-26T17:34:55.717-0300][2.428s][8748][7584 ][info][gc,heap     ] GC(0) O:                Mark Start          Mark End        Relocate Start      Relocate End           High               Low         
[2026-06-26T17:34:55.717-0300][2.428s][8748][7584 ][info][gc,heap     ] GC(0) O:  Capacity:      512M (17%)         512M (17%)         512M (17%)         512M (17%)         512M (17%)         512M (17%)    
[2026-06-26T17:34:55.717-0300][2.428s][8748][7584 ][info][gc,heap     ] GC(0) O:      Free:     2964M (96%)        3014M (98%)        3012M (98%)        3012M (98%)        3014M (98%)        2958M (96%)    
[2026-06-26T17:34:55.717-0300][2.428s][8748][7584 ][info][gc,heap     ] GC(0) O:      Used:      108M (4%)           58M (2%)           60M (2%)           60M (2%)          114M (4%)           58M (2%)     
[2026-06-26T17:34:55.717-0300][2.428s][8748][7584 ][info][gc,heap     ] GC(0) O: Old Generation Statistics:
[2026-06-26T17:34:55.717-0300][2.428s][8748][7584 ][info][gc,heap     ] GC(0) O:                Mark Start          Mark End        Relocate Start      Relocate End    
[2026-06-26T17:34:55.717-0300][2.428s][8748][7584 ][info][gc,heap     ] GC(0) O:      Used:        0M (0%)            0M (0%)            0M (0%)            0M (0%)     
[2026-06-26T17:34:55.717-0300][2.428s][8748][7584 ][info][gc,heap     ] GC(0) O:      Live:         -                 0M (0%)            0M (0%)            0M (0%)     
[2026-06-26T17:34:55.717-0300][2.428s][8748][7584 ][info][gc,heap     ] GC(0) O:   Garbage:         -                 0M (0%)            0M (0%)            0M (0%)     
[2026-06-26T17:34:55.717-0300][2.428s][8748][7584 ][info][gc,heap     ] GC(0) O: Allocated:         -                 0M (0%)            0M (0%)            0M (0%)     
[2026-06-26T17:34:55.717-0300][2.428s][8748][7584 ][info][gc,heap     ] GC(0) O: Reclaimed:         -                  -                 0M (0%)            0M (0%)     
[2026-06-26T17:34:55.717-0300][2.428s][8748][7584 ][info][gc,heap     ] GC(0) O: Compacted:         -                  -                  -                 0M (0%)     
[2026-06-26T17:34:55.717-0300][2.428s][8748][7584 ][info][gc,phases   ] GC(0) O: Old Generation 58M(2%)->60M(2%) 0.009s
[2026-06-26T17:34:55.717-0300][2.428s][8748][7584 ][info][gc          ] GC(0) Major Collection (Metadata GC Threshold) 108M(4%)->60M(2%) 0.051s
[2026-06-26T17:35:04.395-0300][11.105s][8748][7584 ][info][gc          ] GC(1) Major Collection (Warmup)
[2026-06-26T17:35:04.395-0300][11.105s][8748][7584 ][info][gc,task     ] GC(1) Using 3 Workers for Young Generation
[2026-06-26T17:35:04.395-0300][11.105s][8748][7584 ][info][gc,task     ] GC(1) Using 2 Workers for Old Generation
[2026-06-26T17:35:04.395-0300][11.105s][8748][7584 ][info][gc,phases   ] GC(1) Y: Young Generation
[2026-06-26T17:35:04.395-0300][11.105s][8748][16824][info][gc,phases   ] GC(1) Y: Pause Mark Start (Major) 0.014ms
[2026-06-26T17:35:04.417-0300][11.129s][8748][7584 ][info][gc,phases   ] GC(1) Y: Concurrent Mark 23.082ms
[2026-06-26T17:35:04.417-0300][11.129s][8748][16824][info][gc,phases   ] GC(1) Y: Pause Mark End 0.013ms
[2026-06-26T17:35:04.417-0300][11.129s][8748][7584 ][info][gc,phases   ] GC(1) Y: Concurrent Mark Free 0.005ms
[2026-06-26T17:35:04.417-0300][11.129s][8748][7584 ][info][gc,phases   ] GC(1) Y: Concurrent Reset Relocation Set 0.002ms
[2026-06-26T17:35:04.418-0300][11.129s][8748][7584 ][info][gc,reloc    ] GC(1) Y: Using tenuring threshold: 2 (Computed)
[2026-06-26T17:35:04.420-0300][11.130s][8748][7584 ][info][gc,phases   ] GC(1) Y: Concurrent Select Relocation Set 1.571ms
[2026-06-26T17:35:04.420-0300][11.130s][8748][16824][info][gc,phases   ] GC(1) Y: Pause Relocate Start 0.006ms
[2026-06-26T17:35:04.430-0300][11.142s][8748][7584 ][info][gc,phases   ] GC(1) Y: Concurrent Relocate 11.490ms
[2026-06-26T17:35:04.431-0300][11.142s][8748][7584 ][info][gc,alloc    ] GC(1) Y:                         Mark Start        Mark End      Relocate Start    Relocate End   
[2026-06-26T17:35:04.431-0300][11.142s][8748][7584 ][info][gc,alloc    ] GC(1) Y: Allocation Stalls:          0                0                0                0         
[2026-06-26T17:35:04.431-0300][11.142s][8748][7584 ][info][gc,load     ] GC(1) Y: Load: 0.00 (0%) / 0.00 (0%) / 0.00 (0%)
[2026-06-26T17:35:04.431-0300][11.142s][8748][7584 ][info][gc,mmu      ] GC(1) Y: MMU: 2ms/44.2%, 5ms/77.7%, 10ms/88.8%, 20ms/94.4%, 50ms/94.8%, 100ms/97.4%
[2026-06-26T17:35:04.431-0300][11.142s][8748][7584 ][info][gc,marking  ] GC(1) Y: Mark: 2 stripe(s), 2 proactive flush(es), 1 terminate flush(es), 0 completion(s), 0 continuation(s) 
[2026-06-26T17:35:04.431-0300][11.142s][8748][7584 ][info][gc,nmethod  ] GC(1) Y: NMethods: 3618 registered, 341 unregistered
[2026-06-26T17:35:04.431-0300][11.142s][8748][7584 ][info][gc,metaspace] GC(1) Y: Metaspace: 25M used, 25M committed, 1088M reserved
[2026-06-26T17:35:04.431-0300][11.142s][8748][7584 ][info][gc,reloc    ] GC(1) Y:                        Candidates     Selected     In-Place         Size        Empty    Relocated 
[2026-06-26T17:35:04.431-0300][11.142s][8748][7584 ][info][gc,reloc    ] GC(1) Y: Small Pages:                  123           93            0         246M          28M          17M 
[2026-06-26T17:35:04.431-0300][11.142s][8748][7584 ][info][gc,reloc    ] GC(1) Y: Medium Pages:                   2            1            0          64M           0M           2M 
[2026-06-26T17:35:04.431-0300][11.142s][8748][7584 ][info][gc,reloc    ] GC(1) Y: Large Pages:                    0            0            0           0M           0M           0M 
[2026-06-26T17:35:04.431-0300][11.142s][8748][7584 ][info][gc,reloc    ] GC(1) Y: Forwarding Usage: 8M
[2026-06-26T17:35:04.431-0300][11.142s][8748][7584 ][info][gc,reloc    ] GC(1) Y: Age Table:
[2026-06-26T17:35:04.431-0300][11.142s][8748][7584 ][info][gc,reloc    ] GC(1) Y:                    Live             Garbage             Small              Medium             Large        
[2026-06-26T17:35:04.431-0300][11.142s][8748][7584 ][info][gc,reloc    ] GC(1) Y: Eden              19M (1%)          236M (8%)         112 / 90             1 / 0              0 / 0        
[2026-06-26T17:35:04.431-0300][11.142s][8748][7584 ][info][gc,reloc    ] GC(1) Y: Survivor 1        13M (0%)           40M (1%)          11 / 3              1 / 1              0 / 0        
[2026-06-26T17:35:04.431-0300][11.142s][8748][7584 ][info][gc,heap     ] GC(1) Y: Min Capacity: 8M(0%)
[2026-06-26T17:35:04.431-0300][11.142s][8748][7584 ][info][gc,heap     ] GC(1) Y: Max Capacity: 3072M(100%)
[2026-06-26T17:35:04.431-0300][11.142s][8748][7584 ][info][gc,heap     ] GC(1) Y: Soft Max Capacity: 3072M(100%)
[2026-06-26T17:35:04.431-0300][11.142s][8748][7584 ][info][gc,heap     ] GC(1) Y: Heap Statistics:
[2026-06-26T17:35:04.431-0300][11.142s][8748][7584 ][info][gc,heap     ] GC(1) Y:                Mark Start          Mark End        Relocate Start      Relocate End           High               Low         
[2026-06-26T17:35:04.431-0300][11.142s][8748][7584 ][info][gc,heap     ] GC(1) Y:  Capacity:      512M (17%)         512M (17%)         512M (17%)         512M (17%)         512M (17%)         512M (17%)    
[2026-06-26T17:35:04.431-0300][11.142s][8748][7584 ][info][gc,heap     ] GC(1) Y:      Free:     2762M (90%)        2752M (90%)        2780M (90%)        2952M (96%)        2952M (96%)        2706M (88%)    
[2026-06-26T17:35:04.431-0300][11.142s][8748][7584 ][info][gc,heap     ] GC(1) Y:      Used:      310M (10%)         320M (10%)         292M (10%)         120M (4%)          366M (12%)         120M (4%)     
[2026-06-26T17:35:04.431-0300][11.142s][8748][7584 ][info][gc,heap     ] GC(1) Y: Young Generation Statistics:
[2026-06-26T17:35:04.431-0300][11.142s][8748][7584 ][info][gc,heap     ] GC(1) Y:                Mark Start          Mark End        Relocate Start      Relocate End    
[2026-06-26T17:35:04.431-0300][11.142s][8748][7584 ][info][gc,heap     ] GC(1) Y:      Used:      310M (10%)         320M (10%)         292M (10%)         120M (4%)     
[2026-06-26T17:35:04.431-0300][11.142s][8748][7584 ][info][gc,heap     ] GC(1) Y:      Live:         -                32M (1%)           32M (1%)           32M (1%)     
[2026-06-26T17:35:04.431-0300][11.142s][8748][7584 ][info][gc,heap     ] GC(1) Y:   Garbage:         -               277M (9%)          249M (8%)            0M (0%)     
[2026-06-26T17:35:04.431-0300][11.142s][8748][7584 ][info][gc,heap     ] GC(1) Y: Allocated:         -                10M (0%)           10M (0%)           87M (3%)     
[2026-06-26T17:35:04.431-0300][11.142s][8748][7584 ][info][gc,heap     ] GC(1) Y: Reclaimed:         -                  -                28M (1%)          277M (9%)     
[2026-06-26T17:35:04.431-0300][11.142s][8748][7584 ][info][gc,heap     ] GC(1) Y:  Promoted:         -                  -                 0M (0%)            0M (0%)     
[2026-06-26T17:35:04.431-0300][11.142s][8748][7584 ][info][gc,heap     ] GC(1) Y: Compacted:         -                  -                  -                24M (1%)     
[2026-06-26T17:35:04.431-0300][11.142s][8748][7584 ][info][gc,phases   ] GC(1) Y: Young Generation 310M(10%)->120M(4%) 0.037s
[2026-06-26T17:35:04.431-0300][11.142s][8748][7584 ][info][gc,phases   ] GC(1) O: Old Generation
[2026-06-26T17:35:04.431-0300][11.143s][8748][7584 ][info][gc,phases   ] GC(1) O: Concurrent Mark 0.252ms
[2026-06-26T17:35:04.431-0300][11.143s][8748][16824][info][gc,phases   ] GC(1) O: Pause Mark End 0.012ms
[2026-06-26T17:35:04.431-0300][11.143s][8748][7584 ][info][gc,phases   ] GC(1) O: Concurrent Mark Free 0.001ms
[2026-06-26T17:35:04.435-0300][11.146s][8748][7584 ][info][gc,phases   ] GC(1) O: Concurrent Process Non-Strong 3.205ms
[2026-06-26T17:35:04.435-0300][11.146s][8748][7584 ][info][gc,phases   ] GC(1) O: Concurrent Reset Relocation Set 0.000ms
[2026-06-26T17:35:04.435-0300][11.146s][8748][7584 ][info][gc,phases   ] GC(1) O: Concurrent Select Relocation Set 0.050ms
[2026-06-26T17:35:04.435-0300][11.146s][8748][7584 ][info][gc,task     ] GC(1) O: Using 3 Workers for Old Generation
[2026-06-26T17:35:04.436-0300][11.147s][8748][7584 ][info][gc,task     ] GC(1) O: Using 2 Workers for Old Generation
[2026-06-26T17:35:04.436-0300][11.147s][8748][7584 ][info][gc,phases   ] GC(1) O: Concurrent Remap Roots 0.976ms
[2026-06-26T17:35:04.436-0300][11.147s][8748][16824][info][gc,phases   ] GC(1) O: Pause Relocate Start 0.006ms
[2026-06-26T17:35:04.436-0300][11.147s][8748][7584 ][info][gc,phases   ] GC(1) O: Concurrent Relocate 0.041ms
[2026-06-26T17:35:04.436-0300][11.147s][8748][7584 ][info][gc,alloc    ] GC(1) O:                         Mark Start        Mark End      Relocate Start    Relocate End   
[2026-06-26T17:35:04.436-0300][11.147s][8748][7584 ][info][gc,alloc    ] GC(1) O: Allocation Stalls:          0                0                0                0         
[2026-06-26T17:35:04.436-0300][11.147s][8748][7584 ][info][gc,load     ] GC(1) O: Load: 0.00 (0%) / 0.00 (0%) / 0.00 (0%)
[2026-06-26T17:35:04.436-0300][11.147s][8748][7584 ][info][gc,mmu      ] GC(1) O: MMU: 2ms/44.2%, 5ms/77.7%, 10ms/88.8%, 20ms/94.4%, 50ms/94.8%, 100ms/97.4%
[2026-06-26T17:35:04.436-0300][11.147s][8748][7584 ][info][gc,marking  ] GC(1) O: Mark: 2 stripe(s), 1 proactive flush(es), 1 terminate flush(es), 0 completion(s), 0 continuation(s) 
[2026-06-26T17:35:04.436-0300][11.147s][8748][7584 ][info][gc,nmethod  ] GC(1) O: NMethods: 3395 registered, 571 unregistered
[2026-06-26T17:35:04.436-0300][11.147s][8748][7584 ][info][gc,metaspace] GC(1) O: Metaspace: 25M used, 25M committed, 1088M reserved
[2026-06-26T17:35:04.436-0300][11.147s][8748][7584 ][info][gc,ref      ] GC(1) O:                       Encountered   Discovered     Enqueued 
[2026-06-26T17:35:04.436-0300][11.147s][8748][7584 ][info][gc,ref      ] GC(1) O: Soft References:             3123            0            0 
[2026-06-26T17:35:04.436-0300][11.147s][8748][7584 ][info][gc,ref      ] GC(1) O: Weak References:             5301            0            0 
[2026-06-26T17:35:04.436-0300][11.147s][8748][7584 ][info][gc,ref      ] GC(1) O: Final References:               8            0            0 
[2026-06-26T17:35:04.436-0300][11.147s][8748][7584 ][info][gc,ref      ] GC(1) O: Phantom References:          1219            0            0 
[2026-06-26T17:35:04.436-0300][11.147s][8748][7584 ][info][gc,heap     ] GC(1) O: Min Capacity: 8M(0%)
[2026-06-26T17:35:04.436-0300][11.147s][8748][7584 ][info][gc,heap     ] GC(1) O: Max Capacity: 3072M(100%)
[2026-06-26T17:35:04.436-0300][11.147s][8748][7584 ][info][gc,heap     ] GC(1) O: Soft Max Capacity: 3072M(100%)
[2026-06-26T17:35:04.436-0300][11.147s][8748][7584 ][info][gc,heap     ] GC(1) O: Heap Statistics:
[2026-06-26T17:35:04.436-0300][11.147s][8748][7584 ][info][gc,heap     ] GC(1) O:                Mark Start          Mark End        Relocate Start      Relocate End           High               Low         
[2026-06-26T17:35:04.436-0300][11.147s][8748][7584 ][info][gc,heap     ] GC(1) O:  Capacity:      512M (17%)         512M (17%)         512M (17%)         512M (17%)         512M (17%)         512M (17%)    
[2026-06-26T17:35:04.436-0300][11.147s][8748][7584 ][info][gc,heap     ] GC(1) O:      Free:     2762M (90%)        2952M (96%)        2952M (96%)        2952M (96%)        2952M (96%)        2706M (88%)    
[2026-06-26T17:35:04.436-0300][11.147s][8748][7584 ][info][gc,heap     ] GC(1) O:      Used:      310M (10%)         120M (4%)          120M (4%)          120M (4%)          366M (12%)         120M (4%)     
[2026-06-26T17:35:04.436-0300][11.147s][8748][7584 ][info][gc,heap     ] GC(1) O: Old Generation Statistics:
[2026-06-26T17:35:04.436-0300][11.147s][8748][7584 ][info][gc,heap     ] GC(1) O:                Mark Start          Mark End        Relocate Start      Relocate End    
[2026-06-26T17:35:04.436-0300][11.147s][8748][7584 ][info][gc,heap     ] GC(1) O:      Used:        0M (0%)            0M (0%)            0M (0%)            0M (0%)     
[2026-06-26T17:35:04.436-0300][11.147s][8748][7584 ][info][gc,heap     ] GC(1) O:      Live:         -                 0M (0%)            0M (0%)            0M (0%)     
[2026-06-26T17:35:04.436-0300][11.147s][8748][7584 ][info][gc,heap     ] GC(1) O:   Garbage:         -                 0M (0%)            0M (0%)            0M (0%)     
[2026-06-26T17:35:04.436-0300][11.147s][8748][7584 ][info][gc,heap     ] GC(1) O: Allocated:         -                 0M (0%)            0M (0%)            0M (0%)     
[2026-06-26T17:35:04.436-0300][11.147s][8748][7584 ][info][gc,heap     ] GC(1) O: Reclaimed:         -                  -                 0M (0%)            0M (0%)     
[2026-06-26T17:35:04.436-0300][11.147s][8748][7584 ][info][gc,heap     ] GC(1) O: Compacted:         -                  -                  -                 0M (0%)     
[2026-06-26T17:35:04.436-0300][11.147s][8748][7584 ][info][gc,phases   ] GC(1) O: Old Generation 120M(4%)->120M(4%) 0.005s
[2026-06-26T17:35:04.436-0300][11.147s][8748][7584 ][info][gc          ] GC(1) Major Collection (Warmup) 310M(10%)->120M(4%) 0.042s
[2026-06-26T17:35:13.484-0300][20.195s][8748][7584 ][info][gc          ] GC(2) Major Collection (Warmup)
[2026-06-26T17:35:13.484-0300][20.195s][8748][7584 ][info][gc,task     ] GC(2) Using 3 Workers for Young Generation
[2026-06-26T17:35:13.484-0300][20.195s][8748][7584 ][info][gc,task     ] GC(2) Using 1 Workers for Old Generation
[2026-06-26T17:35:13.484-0300][20.195s][8748][7584 ][info][gc,phases   ] GC(2) Y: Young Generation
[2026-06-26T17:35:13.484-0300][20.195s][8748][16824][info][gc,phases   ] GC(2) Y: Pause Mark Start (Major) 0.011ms
[2026-06-26T17:35:13.530-0300][20.241s][8748][7584 ][info][gc,phases   ] GC(2) Y: Concurrent Mark 46.385ms
[2026-06-26T17:35:13.530-0300][20.241s][8748][16824][info][gc,phases   ] GC(2) Y: Pause Mark End 0.011ms
[2026-06-26T17:35:13.530-0300][20.241s][8748][7584 ][info][gc,phases   ] GC(2) Y: Concurrent Mark Free 0.003ms
[2026-06-26T17:35:13.530-0300][20.241s][8748][7584 ][info][gc,phases   ] GC(2) Y: Concurrent Reset Relocation Set 0.007ms
[2026-06-26T17:35:13.530-0300][20.241s][8748][7584 ][info][gc,reloc    ] GC(2) Y: Using tenuring threshold: 3 (Computed)
[2026-06-26T17:35:13.533-0300][20.244s][8748][7584 ][info][gc,phases   ] GC(2) Y: Concurrent Select Relocation Set 2.759ms
[2026-06-26T17:35:13.533-0300][20.244s][8748][16824][info][gc,phases   ] GC(2) Y: Pause Relocate Start 0.006ms
[2026-06-26T17:35:13.549-0300][20.260s][8748][7584 ][info][gc,phases   ] GC(2) Y: Concurrent Relocate 15.615ms
[2026-06-26T17:35:13.549-0300][20.260s][8748][7584 ][info][gc,alloc    ] GC(2) Y:                         Mark Start        Mark End      Relocate Start    Relocate End   
[2026-06-26T17:35:13.549-0300][20.260s][8748][7584 ][info][gc,alloc    ] GC(2) Y: Allocation Stalls:          0                0                0                0         
[2026-06-26T17:35:13.549-0300][20.260s][8748][7584 ][info][gc,load     ] GC(2) Y: Load: 0.00 (0%) / 0.00 (0%) / 0.00 (0%)
[2026-06-26T17:35:13.549-0300][20.260s][8748][7584 ][info][gc,mmu      ] GC(2) Y: MMU: 2ms/44.2%, 5ms/77.7%, 10ms/88.8%, 20ms/94.4%, 50ms/94.8%, 100ms/97.4%
[2026-06-26T17:35:13.549-0300][20.260s][8748][7584 ][info][gc,marking  ] GC(2) Y: Mark: 2 stripe(s), 10 proactive flush(es), 1 terminate flush(es), 0 completion(s), 0 continuation(s) 
[2026-06-26T17:35:13.549-0300][20.260s][8748][7584 ][info][gc,nmethod  ] GC(2) Y: NMethods: 4400 registered, 571 unregistered
[2026-06-26T17:35:13.549-0300][20.260s][8748][7584 ][info][gc,metaspace] GC(2) Y: Metaspace: 31M used, 31M committed, 1088M reserved
[2026-06-26T17:35:13.549-0300][20.260s][8748][7584 ][info][gc,reloc    ] GC(2) Y:                        Candidates     Selected     In-Place         Size        Empty    Relocated 
[2026-06-26T17:35:13.549-0300][20.260s][8748][7584 ][info][gc,reloc    ] GC(2) Y: Small Pages:                  260          164            0         520M         128M          24M 
[2026-06-26T17:35:13.549-0300][20.260s][8748][7584 ][info][gc,reloc    ] GC(2) Y: Medium Pages:                   3            2            0          96M           0M           9M 
[2026-06-26T17:35:13.549-0300][20.260s][8748][7584 ][info][gc,reloc    ] GC(2) Y: Large Pages:                    0            0            0           0M           0M           0M 
[2026-06-26T17:35:13.549-0300][20.260s][8748][7584 ][info][gc,reloc    ] GC(2) Y: Forwarding Usage: 11M
[2026-06-26T17:35:13.549-0300][20.260s][8748][7584 ][info][gc,reloc    ] GC(2) Y: Age Table:
[2026-06-26T17:35:13.549-0300][20.260s][8748][7584 ][info][gc,reloc    ] GC(2) Y:                    Live             Garbage             Small              Medium             Large        
[2026-06-26T17:35:13.549-0300][20.260s][8748][7584 ][info][gc,reloc    ] GC(2) Y: Eden              35M (1%)          472M (15%)        238 / 157            1 / 1              0 / 0        
[2026-06-26T17:35:13.549-0300][20.260s][8748][7584 ][info][gc,reloc    ] GC(2) Y: Survivor 1        18M (1%)           37M (1%)          12 / 3              1 / 0              0 / 0        
[2026-06-26T17:35:13.549-0300][20.260s][8748][7584 ][info][gc,reloc    ] GC(2) Y: Survivor 2        13M (0%)           38M (1%)          10 / 4              1 / 1              0 / 0        
[2026-06-26T17:35:13.549-0300][20.260s][8748][7584 ][info][gc,heap     ] GC(2) Y: Min Capacity: 8M(0%)
[2026-06-26T17:35:13.549-0300][20.260s][8748][7584 ][info][gc,heap     ] GC(2) Y: Max Capacity: 3072M(100%)
[2026-06-26T17:35:13.549-0300][20.260s][8748][7584 ][info][gc,heap     ] GC(2) Y: Soft Max Capacity: 3072M(100%)
[2026-06-26T17:35:13.549-0300][20.260s][8748][7584 ][info][gc,heap     ] GC(2) Y: Heap Statistics:
[2026-06-26T17:35:13.549-0300][20.260s][8748][7584 ][info][gc,heap     ] GC(2) Y:                Mark Start          Mark End        Relocate Start      Relocate End           High               Low         
[2026-06-26T17:35:13.549-0300][20.260s][8748][7584 ][info][gc,heap     ] GC(2) Y:  Capacity:      616M (20%)         638M (21%)         638M (21%)         702M (23%)         702M (23%)         616M (20%)    
[2026-06-26T17:35:13.549-0300][20.260s][8748][7584 ][info][gc,heap     ] GC(2) Y:      Free:     2456M (80%)        2434M (79%)        2562M (83%)        2834M (92%)        2834M (92%)        2434M (79%)    
[2026-06-26T17:35:13.549-0300][20.260s][8748][7584 ][info][gc,heap     ] GC(2) Y:      Used:      616M (20%)         638M (21%)         510M (17%)         238M (8%)          638M (21%)         238M (8%)     
[2026-06-26T17:35:13.549-0300][20.260s][8748][7584 ][info][gc,heap     ] GC(2) Y: Young Generation Statistics:
[2026-06-26T17:35:13.549-0300][20.260s][8748][7584 ][info][gc,heap     ] GC(2) Y:                Mark Start          Mark End        Relocate Start      Relocate End    
[2026-06-26T17:35:13.549-0300][20.260s][8748][7584 ][info][gc,heap     ] GC(2) Y:      Used:      616M (20%)         638M (21%)         510M (17%)         238M (8%)     
[2026-06-26T17:35:13.549-0300][20.260s][8748][7584 ][info][gc,heap     ] GC(2) Y:      Live:         -                67M (2%)           67M (2%)           67M (2%)     
[2026-06-26T17:35:13.549-0300][20.260s][8748][7584 ][info][gc,heap     ] GC(2) Y:   Garbage:         -               548M (18%)         420M (14%)           1M (0%)     
[2026-06-26T17:35:13.549-0300][20.260s][8748][7584 ][info][gc,heap     ] GC(2) Y: Allocated:         -                22M (1%)           22M (1%)          168M (5%)     
[2026-06-26T17:35:13.549-0300][20.260s][8748][7584 ][info][gc,heap     ] GC(2) Y: Reclaimed:         -                  -               128M (4%)          546M (18%)    
[2026-06-26T17:35:13.549-0300][20.260s][8748][7584 ][info][gc,heap     ] GC(2) Y:  Promoted:         -                  -                 0M (0%)            0M (0%)     
[2026-06-26T17:35:13.549-0300][20.260s][8748][7584 ][info][gc,heap     ] GC(2) Y: Compacted:         -                  -                  -                39M (1%)     
[2026-06-26T17:35:13.549-0300][20.260s][8748][7584 ][info][gc,phases   ] GC(2) Y: Young Generation 616M(20%)->238M(8%) 0.065s
[2026-06-26T17:35:13.549-0300][20.260s][8748][7584 ][info][gc,phases   ] GC(2) O: Old Generation
[2026-06-26T17:35:13.549-0300][20.261s][8748][7584 ][info][gc,phases   ] GC(2) O: Concurrent Mark 0.276ms
[2026-06-26T17:35:13.549-0300][20.261s][8748][16824][info][gc,phases   ] GC(2) O: Pause Mark End 0.011ms
[2026-06-26T17:35:13.549-0300][20.261s][8748][7584 ][info][gc,phases   ] GC(2) O: Concurrent Mark Free 0.000ms
[2026-06-26T17:35:13.556-0300][20.267s][8748][7584 ][info][gc,phases   ] GC(2) O: Concurrent Process Non-Strong 6.445ms
[2026-06-26T17:35:13.556-0300][20.267s][8748][7584 ][info][gc,phases   ] GC(2) O: Concurrent Reset Relocation Set 0.000ms
[2026-06-26T17:35:13.556-0300][20.267s][8748][7584 ][info][gc,phases   ] GC(2) O: Concurrent Select Relocation Set 0.076ms
[2026-06-26T17:35:13.556-0300][20.267s][8748][7584 ][info][gc,task     ] GC(2) O: Using 3 Workers for Old Generation
[2026-06-26T17:35:13.557-0300][20.268s][8748][7584 ][info][gc,task     ] GC(2) O: Using 1 Workers for Old Generation
[2026-06-26T17:35:13.557-0300][20.268s][8748][7584 ][info][gc,phases   ] GC(2) O: Concurrent Remap Roots 0.959ms
[2026-06-26T17:35:13.557-0300][20.268s][8748][16824][info][gc,phases   ] GC(2) O: Pause Relocate Start 0.007ms
[2026-06-26T17:35:13.557-0300][20.268s][8748][7584 ][info][gc,phases   ] GC(2) O: Concurrent Relocate 0.041ms
[2026-06-26T17:35:13.557-0300][20.268s][8748][7584 ][info][gc,alloc    ] GC(2) O:                         Mark Start        Mark End      Relocate Start    Relocate End   
[2026-06-26T17:35:13.557-0300][20.268s][8748][7584 ][info][gc,alloc    ] GC(2) O: Allocation Stalls:          0                0                0                0         
[2026-06-26T17:35:13.557-0300][20.268s][8748][7584 ][info][gc,load     ] GC(2) O: Load: 0.00 (0%) / 0.00 (0%) / 0.00 (0%)
[2026-06-26T17:35:13.557-0300][20.268s][8748][7584 ][info][gc,mmu      ] GC(2) O: MMU: 2ms/44.2%, 5ms/77.7%, 10ms/88.8%, 20ms/94.4%, 50ms/94.8%, 100ms/97.4%
[2026-06-26T17:35:13.557-0300][20.268s][8748][7584 ][info][gc,marking  ] GC(2) O: Mark: 1 stripe(s), 1 proactive flush(es), 1 terminate flush(es), 0 completion(s), 0 continuation(s) 
[2026-06-26T17:35:13.557-0300][20.268s][8748][7584 ][info][gc,nmethod  ] GC(2) O: NMethods: 4068 registered, 904 unregistered
[2026-06-26T17:35:13.557-0300][20.268s][8748][7584 ][info][gc,metaspace] GC(2) O: Metaspace: 31M used, 31M committed, 1088M reserved
[2026-06-26T17:35:13.557-0300][20.268s][8748][7584 ][info][gc,ref      ] GC(2) O:                       Encountered   Discovered     Enqueued 
[2026-06-26T17:35:13.557-0300][20.269s][8748][7584 ][info][gc,ref      ] GC(2) O: Soft References:             3157            0            0 
[2026-06-26T17:35:13.557-0300][20.269s][8748][7584 ][info][gc,ref      ] GC(2) O: Weak References:             9650            0            0 
[2026-06-26T17:35:13.557-0300][20.269s][8748][7584 ][info][gc,ref      ] GC(2) O: Final References:               8            0            0 
[2026-06-26T17:35:13.557-0300][20.269s][8748][7584 ][info][gc,ref      ] GC(2) O: Phantom References:          7456            0            0 
[2026-06-26T17:35:13.557-0300][20.269s][8748][7584 ][info][gc,heap     ] GC(2) O: Min Capacity: 8M(0%)
[2026-06-26T17:35:13.557-0300][20.269s][8748][7584 ][info][gc,heap     ] GC(2) O: Max Capacity: 3072M(100%)
[2026-06-26T17:35:13.557-0300][20.269s][8748][7584 ][info][gc,heap     ] GC(2) O: Soft Max Capacity: 3072M(100%)
[2026-06-26T17:35:13.557-0300][20.269s][8748][7584 ][info][gc,heap     ] GC(2) O: Heap Statistics:
[2026-06-26T17:35:13.557-0300][20.269s][8748][7584 ][info][gc,heap     ] GC(2) O:                Mark Start          Mark End        Relocate Start      Relocate End           High               Low         
[2026-06-26T17:35:13.557-0300][20.269s][8748][7584 ][info][gc,heap     ] GC(2) O:  Capacity:      616M (20%)         702M (23%)         702M (23%)         702M (23%)         702M (23%)         616M (20%)    
[2026-06-26T17:35:13.557-0300][20.269s][8748][7584 ][info][gc,heap     ] GC(2) O:      Free:     2456M (80%)        2832M (92%)        2830M (92%)        2830M (92%)        2834M (92%)        2434M (79%)    
[2026-06-26T17:35:13.557-0300][20.269s][8748][7584 ][info][gc,heap     ] GC(2) O:      Used:      616M (20%)         240M (8%)          242M (8%)          242M (8%)          638M (21%)         238M (8%)     
[2026-06-26T17:35:13.557-0300][20.269s][8748][7584 ][info][gc,heap     ] GC(2) O: Old Generation Statistics:
[2026-06-26T17:35:13.557-0300][20.269s][8748][7584 ][info][gc,heap     ] GC(2) O:                Mark Start          Mark End        Relocate Start      Relocate End    
[2026-06-26T17:35:13.557-0300][20.269s][8748][7584 ][info][gc,heap     ] GC(2) O:      Used:        0M (0%)            0M (0%)            0M (0%)            0M (0%)     
[2026-06-26T17:35:13.557-0300][20.269s][8748][7584 ][info][gc,heap     ] GC(2) O:      Live:         -                 0M (0%)            0M (0%)            0M (0%)     
[2026-06-26T17:35:13.557-0300][20.269s][8748][7584 ][info][gc,heap     ] GC(2) O:   Garbage:         -                 0M (0%)            0M (0%)            0M (0%)     
[2026-06-26T17:35:13.558-0300][20.269s][8748][7584 ][info][gc,heap     ] GC(2) O: Allocated:         -                 0M (0%)            0M (0%)            0M (0%)     
[2026-06-26T17:35:13.558-0300][20.269s][8748][7584 ][info][gc,heap     ] GC(2) O: Reclaimed:         -                  -                 0M (0%)            0M (0%)     
[2026-06-26T17:35:13.558-0300][20.269s][8748][7584 ][info][gc,heap     ] GC(2) O: Compacted:         -                  -                  -                 0M (0%)     
[2026-06-26T17:35:13.558-0300][20.269s][8748][7584 ][info][gc,phases   ] GC(2) O: Old Generation 238M(8%)->242M(8%) 0.008s
[2026-06-26T17:35:13.558-0300][20.269s][8748][7584 ][info][gc          ] GC(2) Major Collection (Warmup) 616M(20%)->242M(8%) 0.074s
[2026-06-26T17:35:15.394-0300][22.105s][8748][7584 ][info][gc          ] GC(3) Major Collection (Warmup)
[2026-06-26T17:35:15.394-0300][22.105s][8748][7584 ][info][gc,task     ] GC(3) Using 3 Workers for Young Generation
[2026-06-26T17:35:15.394-0300][22.105s][8748][7584 ][info][gc,task     ] GC(3) Using 1 Workers for Old Generation
[2026-06-26T17:35:15.394-0300][22.105s][8748][7584 ][info][gc,phases   ] GC(3) Y: Young Generation
[2026-06-26T17:35:15.394-0300][22.105s][8748][16824][info][gc,phases   ] GC(3) Y: Pause Mark Start (Major) 0.013ms
[2026-06-26T17:35:15.490-0300][22.201s][8748][7584 ][info][gc,phases   ] GC(3) Y: Concurrent Mark 96.431ms
[2026-06-26T17:35:15.490-0300][22.202s][8748][16824][info][gc,phases   ] GC(3) Y: Pause Mark End 0.010ms
[2026-06-26T17:35:15.490-0300][22.202s][8748][7584 ][info][gc,phases   ] GC(3) Y: Concurrent Mark Free 0.004ms
[2026-06-26T17:35:15.491-0300][22.202s][8748][7584 ][info][gc,phases   ] GC(3) Y: Concurrent Reset Relocation Set 0.014ms
[2026-06-26T17:35:15.491-0300][22.202s][8748][7584 ][info][gc,reloc    ] GC(3) Y: Using tenuring threshold: 3 (Computed)
[2026-06-26T17:35:15.498-0300][22.210s][8748][7584 ][info][gc,phases   ] GC(3) Y: Concurrent Select Relocation Set 7.924ms
[2026-06-26T17:35:15.499-0300][22.210s][8748][16824][info][gc,phases   ] GC(3) Y: Pause Relocate Start 0.013ms
[2026-06-26T17:35:15.535-0300][22.246s][8748][7584 ][info][gc,phases   ] GC(3) Y: Concurrent Relocate 35.998ms
[2026-06-26T17:35:15.535-0300][22.246s][8748][7584 ][info][gc,alloc    ] GC(3) Y:                         Mark Start        Mark End      Relocate Start    Relocate End   
[2026-06-26T17:35:15.535-0300][22.246s][8748][7584 ][info][gc,alloc    ] GC(3) Y: Allocation Stalls:          0                0                0                0         
[2026-06-26T17:35:15.535-0300][22.246s][8748][7584 ][info][gc,load     ] GC(3) Y: Load: 0.00 (0%) / 0.00 (0%) / 0.00 (0%)
[2026-06-26T17:35:15.535-0300][22.246s][8748][7584 ][info][gc,mmu      ] GC(3) Y: MMU: 2ms/44.2%, 5ms/77.7%, 10ms/88.8%, 20ms/94.4%, 50ms/94.8%, 100ms/97.4%
[2026-06-26T17:35:15.535-0300][22.246s][8748][7584 ][info][gc,marking  ] GC(3) Y: Mark: 2 stripe(s), 10 proactive flush(es), 1 terminate flush(es), 0 completion(s), 0 continuation(s) 
[2026-06-26T17:35:15.535-0300][22.246s][8748][7584 ][info][gc,nmethod  ] GC(3) Y: NMethods: 5193 registered, 0 unregistered
[2026-06-26T17:35:15.535-0300][22.246s][8748][7584 ][info][gc,metaspace] GC(3) Y: Metaspace: 48M used, 49M committed, 1088M reserved
[2026-06-26T17:35:15.535-0300][22.246s][8748][7584 ][info][gc,reloc    ] GC(3) Y:                        Candidates     Selected     In-Place         Size        Empty    Relocated 
[2026-06-26T17:35:15.535-0300][22.246s][8748][7584 ][info][gc,reloc    ] GC(3) Y: Small Pages:                  192          111            0         384M           2M          44M 
[2026-06-26T17:35:15.535-0300][22.246s][8748][7584 ][info][gc,reloc    ] GC(3) Y: Medium Pages:                  20            4            0         528M         368M          12M 
[2026-06-26T17:35:15.535-0300][22.246s][8748][7584 ][info][gc,reloc    ] GC(3) Y: Large Pages:                    1            0            0          12M           0M           0M 
[2026-06-26T17:35:15.535-0300][22.246s][8748][7584 ][info][gc,reloc    ] GC(3) Y: Forwarding Usage: 28M
[2026-06-26T17:35:15.535-0300][22.246s][8748][7584 ][info][gc,reloc    ] GC(3) Y: Age Table:
[2026-06-26T17:35:15.535-0300][22.246s][8748][7584 ][info][gc,reloc    ] GC(3) Y:                    Live             Garbage             Small              Medium             Large        
[2026-06-26T17:35:15.535-0300][22.246s][8748][7584 ][info][gc,reloc    ] GC(3) Y: Eden             102M (3%)          639M (21%)        149 / 98            17 / 2              1 / 0        
[2026-06-26T17:35:15.535-0300][22.246s][8748][7584 ][info][gc,reloc    ] GC(3) Y: Survivor 1        34M (1%)           37M (1%)          20 / 6              1 / 1              0 / 0        
[2026-06-26T17:35:15.535-0300][22.246s][8748][7584 ][info][gc,reloc    ] GC(3) Y: Survivor 2        17M (1%)           38M (1%)          12 / 2              1 / 0              0 / 0        
[2026-06-26T17:35:15.535-0300][22.246s][8748][7584 ][info][gc,reloc    ] GC(3) Y: Survivor 3        13M (0%)           40M (1%)          11 / 5              1 / 1              0 / 0        
[2026-06-26T17:35:15.535-0300][22.246s][8748][7584 ][info][gc,heap     ] GC(3) Y: Min Capacity: 8M(0%)
[2026-06-26T17:35:15.535-0300][22.246s][8748][7584 ][info][gc,heap     ] GC(3) Y: Max Capacity: 3072M(100%)
[2026-06-26T17:35:15.535-0300][22.246s][8748][7584 ][info][gc,heap     ] GC(3) Y: Soft Max Capacity: 3072M(100%)
[2026-06-26T17:35:15.535-0300][22.246s][8748][7584 ][info][gc,heap     ] GC(3) Y: Heap Statistics:
[2026-06-26T17:35:15.535-0300][22.246s][8748][7584 ][info][gc,heap     ] GC(3) Y:                Mark Start          Mark End        Relocate Start      Relocate End           High               Low         
[2026-06-26T17:35:15.535-0300][22.246s][8748][7584 ][info][gc,heap     ] GC(3) Y:  Capacity:      926M (30%)        1146M (37%)        1146M (37%)        1146M (37%)        1146M (37%)         926M (30%)    
[2026-06-26T17:35:15.535-0300][22.246s][8748][7584 ][info][gc,heap     ] GC(3) Y:      Free:     2148M (70%)        1926M (63%)        2264M (74%)        2280M (74%)        2378M (77%)        1926M (63%)    
[2026-06-26T17:35:15.535-0300][22.246s][8748][7584 ][info][gc,heap     ] GC(3) Y:      Used:      924M (30%)        1146M (37%)         808M (26%)         792M (26%)        1146M (37%)         694M (23%)    
[2026-06-26T17:35:15.535-0300][22.246s][8748][7584 ][info][gc,heap     ] GC(3) Y: Young Generation Statistics:
[2026-06-26T17:35:15.535-0300][22.246s][8748][7584 ][info][gc,heap     ] GC(3) Y:                Mark Start          Mark End        Relocate Start      Relocate End    
[2026-06-26T17:35:15.535-0300][22.246s][8748][7584 ][info][gc,heap     ] GC(3) Y:      Used:      924M (30%)        1146M (37%)         798M (26%)         738M (24%)    
[2026-06-26T17:35:15.535-0300][22.246s][8748][7584 ][info][gc,heap     ] GC(3) Y:      Live:         -               168M (5%)          158M (5%)          154M (5%)     
[2026-06-26T17:35:15.535-0300][22.246s][8748][7584 ][info][gc,heap     ] GC(3) Y:   Garbage:         -               755M (25%)         385M (13%)           3M (0%)     
[2026-06-26T17:35:15.535-0300][22.246s][8748][7584 ][info][gc,heap     ] GC(3) Y: Allocated:         -               222M (7%)          254M (8%)          579M (19%)    
[2026-06-26T17:35:15.535-0300][22.246s][8748][7584 ][info][gc,heap     ] GC(3) Y: Reclaimed:         -                  -               370M (12%)         751M (24%)    
[2026-06-26T17:35:15.535-0300][22.246s][8748][7584 ][info][gc,heap     ] GC(3) Y:  Promoted:         -                  -                 9M (0%)           13M (0%)     
[2026-06-26T17:35:15.535-0300][22.246s][8748][7584 ][info][gc,heap     ] GC(3) Y: Compacted:         -                  -                  -                96M (3%)     
[2026-06-26T17:35:15.535-0300][22.246s][8748][7584 ][info][gc,phases   ] GC(3) Y: Young Generation 924M(30%)->792M(26%) 0.141s
[2026-06-26T17:35:15.535-0300][22.246s][8748][7584 ][info][gc,phases   ] GC(3) O: Old Generation
[2026-06-26T17:35:15.535-0300][22.246s][8748][7584 ][info][gc,phases   ] GC(3) O: Concurrent Mark 0.283ms
[2026-06-26T17:35:15.536-0300][22.247s][8748][16824][info][gc,phases   ] GC(3) O: Pause Mark End 0.013ms
[2026-06-26T17:35:15.536-0300][22.247s][8748][7584 ][info][gc,phases   ] GC(3) O: Concurrent Mark Free 0.000ms
[2026-06-26T17:35:15.547-0300][22.258s][8748][7584 ][info][gc,phases   ] GC(3) O: Concurrent Process Non-Strong 11.844ms
[2026-06-26T17:35:15.547-0300][22.258s][8748][7584 ][info][gc,phases   ] GC(3) O: Concurrent Reset Relocation Set 0.000ms
[2026-06-26T17:35:15.547-0300][22.259s][8748][7584 ][info][gc,phases   ] GC(3) O: Concurrent Select Relocation Set 0.070ms
[2026-06-26T17:35:15.547-0300][22.259s][8748][7584 ][info][gc,task     ] GC(3) O: Using 3 Workers for Old Generation
[2026-06-26T17:35:15.550-0300][22.261s][8748][7584 ][info][gc,task     ] GC(3) O: Using 1 Workers for Old Generation
[2026-06-26T17:35:15.550-0300][22.261s][8748][7584 ][info][gc,phases   ] GC(3) O: Concurrent Remap Roots 2.752ms
[2026-06-26T17:35:15.550-0300][22.261s][8748][16824][info][gc,phases   ] GC(3) O: Pause Relocate Start 0.011ms
[2026-06-26T17:35:15.550-0300][22.261s][8748][7584 ][info][gc,phases   ] GC(3) O: Concurrent Relocate 0.040ms
[2026-06-26T17:35:15.550-0300][22.262s][8748][7584 ][info][gc,alloc    ] GC(3) O:                         Mark Start        Mark End      Relocate Start    Relocate End   
[2026-06-26T17:35:15.550-0300][22.262s][8748][7584 ][info][gc,alloc    ] GC(3) O: Allocation Stalls:          0                0                0                0         
[2026-06-26T17:35:15.551-0300][22.262s][8748][7584 ][info][gc,load     ] GC(3) O: Load: 0.00 (0%) / 0.00 (0%) / 0.00 (0%)
[2026-06-26T17:35:15.551-0300][22.262s][8748][7584 ][info][gc,mmu      ] GC(3) O: MMU: 2ms/44.2%, 5ms/77.7%, 10ms/88.8%, 20ms/94.4%, 50ms/94.8%, 100ms/97.4%
[2026-06-26T17:35:15.551-0300][22.262s][8748][7584 ][info][gc,marking  ] GC(3) O: Mark: 1 stripe(s), 1 proactive flush(es), 1 terminate flush(es), 0 completion(s), 0 continuation(s) 
[2026-06-26T17:35:15.551-0300][22.262s][8748][7584 ][info][gc,nmethod  ] GC(3) O: NMethods: 4888 registered, 306 unregistered
[2026-06-26T17:35:15.551-0300][22.262s][8748][7584 ][info][gc,metaspace] GC(3) O: Metaspace: 48M used, 49M committed, 1088M reserved
[2026-06-26T17:35:15.551-0300][22.262s][8748][7584 ][info][gc,ref      ] GC(3) O:                       Encountered   Discovered     Enqueued 
[2026-06-26T17:35:15.551-0300][22.262s][8748][7584 ][info][gc,ref      ] GC(3) O: Soft References:             4379            0            0 
[2026-06-26T17:35:15.551-0300][22.262s][8748][7584 ][info][gc,ref      ] GC(3) O: Weak References:            10335            0            0 
[2026-06-26T17:35:15.551-0300][22.262s][8748][7584 ][info][gc,ref      ] GC(3) O: Final References:               8            0            0 
[2026-06-26T17:35:15.551-0300][22.262s][8748][7584 ][info][gc,ref      ] GC(3) O: Phantom References:          7456            0            0 
[2026-06-26T17:35:15.551-0300][22.262s][8748][7584 ][info][gc,heap     ] GC(3) O: Min Capacity: 8M(0%)
[2026-06-26T17:35:15.551-0300][22.262s][8748][7584 ][info][gc,heap     ] GC(3) O: Max Capacity: 3072M(100%)
[2026-06-26T17:35:15.551-0300][22.262s][8748][7584 ][info][gc,heap     ] GC(3) O: Soft Max Capacity: 3072M(100%)
[2026-06-26T17:35:15.551-0300][22.262s][8748][7584 ][info][gc,heap     ] GC(3) O: Heap Statistics:
[2026-06-26T17:35:15.551-0300][22.262s][8748][7584 ][info][gc,heap     ] GC(3) O:                Mark Start          Mark End        Relocate Start      Relocate End           High               Low         
[2026-06-26T17:35:15.551-0300][22.262s][8748][7584 ][info][gc,heap     ] GC(3) O:  Capacity:      926M (30%)        1146M (37%)        1146M (37%)        1146M (37%)        1146M (37%)         926M (30%)    
[2026-06-26T17:35:15.551-0300][22.262s][8748][7584 ][info][gc,heap     ] GC(3) O:      Free:     2148M (70%)        2280M (74%)        2226M (72%)        2226M (72%)        2378M (77%)        1926M (63%)    
[2026-06-26T17:35:15.551-0300][22.262s][8748][7584 ][info][gc,heap     ] GC(3) O:      Used:      924M (30%)         792M (26%)         846M (28%)         846M (28%)        1146M (37%)         694M (23%)    
[2026-06-26T17:35:15.551-0300][22.262s][8748][7584 ][info][gc,heap     ] GC(3) O: Old Generation Statistics:
[2026-06-26T17:35:15.551-0300][22.262s][8748][7584 ][info][gc,heap     ] GC(3) O:                Mark Start          Mark End        Relocate Start      Relocate End    
[2026-06-26T17:35:15.551-0300][22.262s][8748][7584 ][info][gc,heap     ] GC(3) O:      Used:        0M (0%)           54M (2%)           54M (2%)           54M (2%)     
[2026-06-26T17:35:15.551-0300][22.262s][8748][7584 ][info][gc,heap     ] GC(3) O:      Live:         -                 0M (0%)            0M (0%)            0M (0%)     
[2026-06-26T17:35:15.551-0300][22.262s][8748][7584 ][info][gc,heap     ] GC(3) O:   Garbage:         -                 0M (0%)            0M (0%)            0M (0%)     
[2026-06-26T17:35:15.551-0300][22.262s][8748][7584 ][info][gc,heap     ] GC(3) O: Allocated:         -                54M (2%)           54M (2%)           54M (2%)     
[2026-06-26T17:35:15.551-0300][22.262s][8748][7584 ][info][gc,heap     ] GC(3) O: Reclaimed:         -                  -                 0M (0%)            0M (0%)     
[2026-06-26T17:35:15.551-0300][22.262s][8748][7584 ][info][gc,heap     ] GC(3) O: Compacted:         -                  -                  -                 0M (0%)     
[2026-06-26T17:35:15.551-0300][22.262s][8748][7584 ][info][gc,phases   ] GC(3) O: Old Generation 792M(26%)->846M(28%) 0.015s
[2026-06-26T17:35:15.551-0300][22.262s][8748][7584 ][info][gc          ] GC(3) Major Collection (Warmup) 924M(30%)->846M(28%) 0.157s
[2026-06-26T17:35:17.057-0300][23.768s][8748][8884 ][info][gc          ] GC(4) Minor Collection (Allocation Rate)
[2026-06-26T17:35:17.057-0300][23.768s][8748][8884 ][info][gc,task     ] GC(4) Using 2 Workers for Young Generation
[2026-06-26T17:35:17.057-0300][23.768s][8748][8884 ][info][gc,phases   ] GC(4) y: Young Generation
[2026-06-26T17:35:17.057-0300][23.768s][8748][16824][info][gc,phases   ] GC(4) y: Pause Mark Start 0.008ms
[2026-06-26T17:35:17.240-0300][23.952s][8748][8884 ][info][gc,phases   ] GC(4) y: Concurrent Mark 183.662ms
[2026-06-26T17:35:17.240-0300][23.952s][8748][16824][info][gc,phases   ] GC(4) y: Pause Mark End 0.012ms
[2026-06-26T17:35:17.240-0300][23.952s][8748][8884 ][info][gc,phases   ] GC(4) y: Concurrent Mark Free 0.003ms
[2026-06-26T17:35:17.240-0300][23.952s][8748][8884 ][info][gc,phases   ] GC(4) y: Concurrent Reset Relocation Set 0.036ms
[2026-06-26T17:35:17.242-0300][23.953s][8748][8884 ][info][gc,reloc    ] GC(4) y: Using tenuring threshold: 1 (Computed)
[2026-06-26T17:35:17.279-0300][23.990s][8748][8884 ][info][gc,phases   ] GC(4) y: Concurrent Select Relocation Set 37.675ms
[2026-06-26T17:35:17.279-0300][23.990s][8748][16824][info][gc,phases   ] GC(4) y: Pause Relocate Start 0.010ms
[2026-06-26T17:35:17.366-0300][24.077s][8748][8884 ][info][gc,phases   ] GC(4) y: Concurrent Relocate 87.024ms
[2026-06-26T17:35:17.366-0300][24.077s][8748][8884 ][info][gc,alloc    ] GC(4) y:                         Mark Start        Mark End      Relocate Start    Relocate End   
[2026-06-26T17:35:17.366-0300][24.077s][8748][8884 ][info][gc,alloc    ] GC(4) y: Allocation Stalls:          0                0                0                0         
[2026-06-26T17:35:17.366-0300][24.077s][8748][8884 ][info][gc,load     ] GC(4) y: Load: 0.00 (0%) / 0.00 (0%) / 0.00 (0%)
[2026-06-26T17:35:17.366-0300][24.077s][8748][8884 ][info][gc,mmu      ] GC(4) y: MMU: 2ms/44.2%, 5ms/77.7%, 10ms/88.8%, 20ms/94.4%, 50ms/94.8%, 100ms/97.4%
[2026-06-26T17:35:17.366-0300][24.077s][8748][8884 ][info][gc,marking  ] GC(4) y: Mark: 2 stripe(s), 4 proactive flush(es), 1 terminate flush(es), 0 completion(s), 0 continuation(s) 
[2026-06-26T17:35:17.366-0300][24.077s][8748][8884 ][info][gc,nmethod  ] GC(4) y: NMethods: 5081 registered, 306 unregistered
[2026-06-26T17:35:17.366-0300][24.077s][8748][8884 ][info][gc,metaspace] GC(4) y: Metaspace: 48M used, 49M committed, 1088M reserved
[2026-06-26T17:35:17.366-0300][24.077s][8748][8884 ][info][gc,reloc    ] GC(4) y:                        Candidates     Selected     In-Place         Size        Empty    Relocated 
[2026-06-26T17:35:17.366-0300][24.077s][8748][8884 ][info][gc,reloc    ] GC(4) y: Small Pages:                  685          305            0        1370M         562M          40M 
[2026-06-26T17:35:17.366-0300][24.077s][8748][8884 ][info][gc,reloc    ] GC(4) y: Medium Pages:                  23            4            0         736M         576M          11M 
[2026-06-26T17:35:17.366-0300][24.077s][8748][8884 ][info][gc,reloc    ] GC(4) y: Large Pages:                    1            0            0          12M           0M           0M 
[2026-06-26T17:35:17.366-0300][24.077s][8748][8884 ][info][gc,reloc    ] GC(4) y: Forwarding Usage: 14M
[2026-06-26T17:35:17.366-0300][24.077s][8748][8884 ][info][gc,reloc    ] GC(4) y: Age Table:
[2026-06-26T17:35:17.366-0300][24.077s][8748][8884 ][info][gc,reloc    ] GC(4) y:                    Live             Garbage             Small              Medium             Large        
[2026-06-26T17:35:17.366-0300][24.077s][8748][8884 ][info][gc,reloc    ] GC(4) y: Eden              58M (2%)         1801M (59%)        610 / 299           20 / 2              0 / 0        
[2026-06-26T17:35:17.366-0300][24.077s][8748][8884 ][info][gc,reloc    ] GC(4) y: Survivor 1        99M (3%)           40M (1%)          48 / 3              1 / 0              1 / 0        
[2026-06-26T17:35:17.366-0300][24.077s][8748][8884 ][info][gc,reloc    ] GC(4) y: Survivor 2        34M (1%)           27M (1%)          15 / 0              1 / 1              0 / 0        
[2026-06-26T17:35:17.366-0300][24.077s][8748][8884 ][info][gc,reloc    ] GC(4) y: Survivor 3        17M (1%)           38M (1%)          12 / 3              1 / 1              0 / 0        
[2026-06-26T17:35:17.366-0300][24.077s][8748][8884 ][info][gc,heap     ] GC(4) y: Min Capacity: 8M(0%)
[2026-06-26T17:35:17.366-0300][24.077s][8748][8884 ][info][gc,heap     ] GC(4) y: Max Capacity: 3072M(100%)
[2026-06-26T17:35:17.366-0300][24.077s][8748][8884 ][info][gc,heap     ] GC(4) y: Soft Max Capacity: 3072M(100%)
[2026-06-26T17:35:17.366-0300][24.077s][8748][8884 ][info][gc,heap     ] GC(4) y: Heap Statistics:
[2026-06-26T17:35:17.366-0300][24.077s][8748][8884 ][info][gc,heap     ] GC(4) y:                Mark Start          Mark End        Relocate Start      Relocate End           High               Low         
[2026-06-26T17:35:17.366-0300][24.077s][8748][8884 ][info][gc,heap     ] GC(4) y:  Capacity:     2172M (71%)        2718M (88%)        2718M (88%)        2718M (88%)        2718M (88%)        2172M (71%)    
[2026-06-26T17:35:17.366-0300][24.077s][8748][8884 ][info][gc,heap     ] GC(4) y:      Free:      900M (29%)         354M (12%)        1226M (40%)        1924M (63%)        1930M (63%)         354M (12%)    
[2026-06-26T17:35:17.366-0300][24.077s][8748][8884 ][info][gc,heap     ] GC(4) y:      Used:     2172M (71%)        2718M (88%)        1846M (60%)        1148M (37%)        2718M (88%)        1142M (37%)    
[2026-06-26T17:35:17.366-0300][24.077s][8748][8884 ][info][gc,heap     ] GC(4) y: Young Generation Statistics:
[2026-06-26T17:35:17.366-0300][24.077s][8748][8884 ][info][gc,heap     ] GC(4) y:                Mark Start          Mark End        Relocate Start      Relocate End    
[2026-06-26T17:35:17.366-0300][24.077s][8748][8884 ][info][gc,heap     ] GC(4) y:      Used:     2118M (69%)        2664M (87%)        1648M (54%)         912M (30%)    
[2026-06-26T17:35:17.366-0300][24.077s][8748][8884 ][info][gc,heap     ] GC(4) y:      Live:         -               209M (7%)           69M (2%)           58M (2%)     
[2026-06-26T17:35:17.366-0300][24.077s][8748][8884 ][info][gc,heap     ] GC(4) y:   Garbage:         -              1908M (62%)         766M (25%)           0M (0%)     
[2026-06-26T17:35:17.366-0300][24.077s][8748][8884 ][info][gc,heap     ] GC(4) y: Allocated:         -               546M (18%)         812M (26%)         853M (28%)    
[2026-06-26T17:35:17.366-0300][24.077s][8748][8884 ][info][gc,heap     ] GC(4) y: Reclaimed:         -                  -              1141M (37%)        1908M (62%)    
[2026-06-26T17:35:17.366-0300][24.077s][8748][8884 ][info][gc,heap     ] GC(4) y:  Promoted:         -                  -               140M (5%)          151M (5%)     
[2026-06-26T17:35:17.366-0300][24.077s][8748][8884 ][info][gc,heap     ] GC(4) y: Compacted:         -                  -                  -                58M (2%)     
[2026-06-26T17:35:17.366-0300][24.077s][8748][8884 ][info][gc,phases   ] GC(4) y: Young Generation 2172M(71%)->1148M(37%) 0.309s
[2026-06-26T17:35:17.366-0300][24.077s][8748][8884 ][info][gc          ] GC(4) Minor Collection (Allocation Rate) 2172M(71%)->1148M(37%) 0.309s
[2026-06-26T17:35:17.366-0300][24.077s][8748][7584 ][info][gc          ] GC(5) Major Collection (Allocation Rate)
[2026-06-26T17:35:17.366-0300][24.077s][8748][7584 ][info][gc,task     ] GC(5) Using 3 Workers for Young Generation
[2026-06-26T17:35:17.366-0300][24.077s][8748][7584 ][info][gc,task     ] GC(5) Using 1 Workers for Old Generation
[2026-06-26T17:35:17.366-0300][24.077s][8748][7584 ][info][gc,phases   ] GC(5) Y: Young Generation
[2026-06-26T17:35:17.366-0300][24.078s][8748][16824][info][gc,phases   ] GC(5) Y: Pause Mark Start (Major) 0.011ms
[2026-06-26T17:35:17.406-0300][24.117s][8748][7584 ][info][gc,phases   ] GC(5) Y: Concurrent Mark 39.648ms
[2026-06-26T17:35:17.406-0300][24.117s][8748][16824][info][gc,phases   ] GC(5) Y: Pause Mark End 0.012ms
[2026-06-26T17:35:17.406-0300][24.117s][8748][7584 ][info][gc,phases   ] GC(5) Y: Concurrent Mark Free 0.005ms
[2026-06-26T17:35:17.406-0300][24.118s][8748][7584 ][info][gc,phases   ] GC(5) Y: Concurrent Reset Relocation Set 0.092ms
[2026-06-26T17:35:17.406-0300][24.118s][8748][7584 ][info][gc,reloc    ] GC(5) Y: Using tenuring threshold: 1 (Computed)
[2026-06-26T17:35:17.416-0300][24.127s][8748][7584 ][info][gc,phases   ] GC(5) Y: Concurrent Select Relocation Set 9.380ms
[2026-06-26T17:35:17.416-0300][24.127s][8748][16824][info][gc,phases   ] GC(5) Y: Pause Relocate Start 0.010ms
[2026-06-26T17:35:17.430-0300][24.141s][8748][7584 ][info][gc,phases   ] GC(5) Y: Concurrent Relocate 13.877ms
[2026-06-26T17:35:17.430-0300][24.141s][8748][7584 ][info][gc,alloc    ] GC(5) Y:                         Mark Start        Mark End      Relocate Start    Relocate End   
[2026-06-26T17:35:17.430-0300][24.141s][8748][7584 ][info][gc,alloc    ] GC(5) Y: Allocation Stalls:          0                0                0                0         
[2026-06-26T17:35:17.430-0300][24.141s][8748][7584 ][info][gc,load     ] GC(5) Y: Load: 0.00 (0%) / 0.00 (0%) / 0.00 (0%)
[2026-06-26T17:35:17.430-0300][24.141s][8748][7584 ][info][gc,mmu      ] GC(5) Y: MMU: 2ms/44.2%, 5ms/77.7%, 10ms/88.8%, 20ms/94.4%, 50ms/94.8%, 100ms/97.4%
[2026-06-26T17:35:17.430-0300][24.141s][8748][7584 ][info][gc,marking  ] GC(5) Y: Mark: 2 stripe(s), 10 proactive flush(es), 1 terminate flush(es), 0 completion(s), 0 continuation(s) 
[2026-06-26T17:35:17.430-0300][24.141s][8748][7584 ][info][gc,nmethod  ] GC(5) Y: NMethods: 5111 registered, 306 unregistered
[2026-06-26T17:35:17.430-0300][24.141s][8748][7584 ][info][gc,metaspace] GC(5) Y: Metaspace: 48M used, 49M committed, 1088M reserved
[2026-06-26T17:35:17.430-0300][24.141s][8748][7584 ][info][gc,reloc    ] GC(5) Y:                        Candidates     Selected     In-Place         Size        Empty    Relocated 
[2026-06-26T17:35:17.430-0300][24.141s][8748][7584 ][info][gc,reloc    ] GC(5) Y: Small Pages:                   88           19            0         176M          80M           3M 
[2026-06-26T17:35:17.430-0300][24.141s][8748][7584 ][info][gc,reloc    ] GC(5) Y: Medium Pages:                  23            0            0         736M         736M           0M 
[2026-06-26T17:35:17.430-0300][24.141s][8748][7584 ][info][gc,reloc    ] GC(5) Y: Large Pages:                    0            0            0           0M           0M           0M 
[2026-06-26T17:35:17.430-0300][24.141s][8748][7584 ][info][gc,reloc    ] GC(5) Y: Forwarding Usage: 1M
[2026-06-26T17:35:17.430-0300][24.141s][8748][7584 ][info][gc,reloc    ] GC(5) Y: Age Table:
[2026-06-26T17:35:17.430-0300][24.141s][8748][7584 ][info][gc,reloc    ] GC(5) Y:                    Live             Garbage             Small              Medium             Large        
[2026-06-26T17:35:17.430-0300][24.141s][8748][7584 ][info][gc,reloc    ] GC(5) Y: Eden               3M (0%)          818M (27%)         59 / 18            22 / 0              0 / 0        
[2026-06-26T17:35:17.430-0300][24.141s][8748][7584 ][info][gc,reloc    ] GC(5) Y: Survivor 1        53M (2%)           36M (1%)          29 / 1              1 / 0              0 / 0        
[2026-06-26T17:35:17.430-0300][24.141s][8748][7584 ][info][gc,heap     ] GC(5) Y: Min Capacity: 8M(0%)
[2026-06-26T17:35:17.430-0300][24.141s][8748][7584 ][info][gc,heap     ] GC(5) Y: Max Capacity: 3072M(100%)
[2026-06-26T17:35:17.430-0300][24.141s][8748][7584 ][info][gc,heap     ] GC(5) Y: Soft Max Capacity: 3072M(100%)
[2026-06-26T17:35:17.430-0300][24.141s][8748][7584 ][info][gc,heap     ] GC(5) Y: Heap Statistics:
[2026-06-26T17:35:17.430-0300][24.141s][8748][7584 ][info][gc,heap     ] GC(5) Y:                Mark Start          Mark End        Relocate Start      Relocate End           High               Low         
[2026-06-26T17:35:17.430-0300][24.141s][8748][7584 ][info][gc,heap     ] GC(5) Y:  Capacity:     2718M (88%)        2718M (88%)        2718M (88%)        2718M (88%)        2718M (88%)        2718M (88%)    
[2026-06-26T17:35:17.430-0300][24.141s][8748][7584 ][info][gc,heap     ] GC(5) Y:      Free:     1924M (63%)        1918M (62%)        2734M (89%)        2764M (90%)        2764M (90%)        1918M (62%)    
[2026-06-26T17:35:17.430-0300][24.141s][8748][7584 ][info][gc,heap     ] GC(5) Y:      Used:     1148M (37%)        1154M (38%)         338M (11%)         308M (10%)        1154M (38%)         308M (10%)    
[2026-06-26T17:35:17.430-0300][24.141s][8748][7584 ][info][gc,heap     ] GC(5) Y: Young Generation Statistics:
[2026-06-26T17:35:17.430-0300][24.141s][8748][7584 ][info][gc,heap     ] GC(5) Y:                Mark Start          Mark End        Relocate Start      Relocate End    
[2026-06-26T17:35:17.430-0300][24.141s][8748][7584 ][info][gc,heap     ] GC(5) Y:      Used:      912M (30%)         918M (30%)          50M (2%)           16M (1%)     
[2026-06-26T17:35:17.430-0300][24.141s][8748][7584 ][info][gc,heap     ] GC(5) Y:      Live:         -                56M (2%)            4M (0%)            3M (0%)     
[2026-06-26T17:35:17.430-0300][24.141s][8748][7584 ][info][gc,heap     ] GC(5) Y:   Garbage:         -               855M (28%)          39M (1%)            0M (0%)     
[2026-06-26T17:35:17.430-0300][24.141s][8748][7584 ][info][gc,heap     ] GC(5) Y: Allocated:         -                 6M (0%)            6M (0%)           12M (0%)     
[2026-06-26T17:35:17.430-0300][24.141s][8748][7584 ][info][gc,heap     ] GC(5) Y: Reclaimed:         -                  -               816M (27%)         855M (28%)    
[2026-06-26T17:35:17.430-0300][24.141s][8748][7584 ][info][gc,heap     ] GC(5) Y:  Promoted:         -                  -                51M (2%)           53M (2%)     
[2026-06-26T17:35:17.430-0300][24.141s][8748][7584 ][info][gc,heap     ] GC(5) Y: Compacted:         -                  -                  -                 3M (0%)     
[2026-06-26T17:35:17.430-0300][24.141s][8748][7584 ][info][gc,phases   ] GC(5) Y: Young Generation 1148M(37%)->308M(10%) 0.063s
[2026-06-26T17:35:17.430-0300][24.141s][8748][7584 ][info][gc,phases   ] GC(5) O: Old Generation
[2026-06-26T17:35:17.659-0300][24.371s][8748][7584 ][info][gc,phases   ] GC(5) O: Concurrent Mark 229.296ms
[2026-06-26T17:35:17.659-0300][24.371s][8748][16824][info][gc,phases   ] GC(5) O: Pause Mark End 0.015ms
[2026-06-26T17:35:17.659-0300][24.371s][8748][7584 ][info][gc,phases   ] GC(5) O: Concurrent Mark Free 0.004ms
[2026-06-26T17:35:17.670-0300][24.382s][8748][7584 ][info][gc,phases   ] GC(5) O: Concurrent Process Non-Strong 11.173ms
[2026-06-26T17:35:17.670-0300][24.382s][8748][7584 ][info][gc,phases   ] GC(5) O: Concurrent Reset Relocation Set 0.000ms
[2026-06-26T17:35:17.672-0300][24.382s][8748][7584 ][info][gc,phases   ] GC(5) O: Concurrent Select Relocation Set 0.385ms
[2026-06-26T17:35:17.672-0300][24.382s][8748][7584 ][info][gc,task     ] GC(5) O: Using 3 Workers for Old Generation
[2026-06-26T17:35:17.674-0300][24.385s][8748][7584 ][info][gc,task     ] GC(5) O: Using 1 Workers for Old Generation
[2026-06-26T17:35:17.674-0300][24.385s][8748][7584 ][info][gc,phases   ] GC(5) O: Concurrent Remap Roots 2.630ms
[2026-06-26T17:35:17.674-0300][24.385s][8748][16824][info][gc,phases   ] GC(5) O: Pause Relocate Start 0.011ms
[2026-06-26T17:35:17.679-0300][24.390s][8748][7584 ][info][gc,phases   ] GC(5) O: Concurrent Relocate 4.867ms
[2026-06-26T17:35:17.679-0300][24.390s][8748][7584 ][info][gc,alloc    ] GC(5) O:                         Mark Start        Mark End      Relocate Start    Relocate End   
[2026-06-26T17:35:17.679-0300][24.390s][8748][7584 ][info][gc,alloc    ] GC(5) O: Allocation Stalls:          0                0                0                0         
[2026-06-26T17:35:17.679-0300][24.390s][8748][7584 ][info][gc,load     ] GC(5) O: Load: 0.00 (0%) / 0.00 (0%) / 0.00 (0%)
[2026-06-26T17:35:17.679-0300][24.390s][8748][7584 ][info][gc,mmu      ] GC(5) O: MMU: 2ms/44.2%, 5ms/77.7%, 10ms/88.8%, 20ms/94.4%, 50ms/94.8%, 100ms/97.4%
[2026-06-26T17:35:17.679-0300][24.390s][8748][7584 ][info][gc,marking  ] GC(5) O: Mark: 1 stripe(s), 2 proactive flush(es), 1 terminate flush(es), 0 completion(s), 0 continuation(s) 
[2026-06-26T17:35:17.679-0300][24.390s][8748][7584 ][info][gc,nmethod  ] GC(5) O: NMethods: 5092 registered, 397 unregistered
[2026-06-26T17:35:17.679-0300][24.390s][8748][7584 ][info][gc,metaspace] GC(5) O: Metaspace: 48M used, 49M committed, 1088M reserved
[2026-06-26T17:35:17.679-0300][24.390s][8748][7584 ][info][gc,ref      ] GC(5) O:                       Encountered   Discovered     Enqueued 
[2026-06-26T17:35:17.679-0300][24.390s][8748][7584 ][info][gc,ref      ] GC(5) O: Soft References:             4386            0            0 
[2026-06-26T17:35:17.679-0300][24.390s][8748][7584 ][info][gc,ref      ] GC(5) O: Weak References:            10347         9699         7777 
[2026-06-26T17:35:17.679-0300][24.390s][8748][7584 ][info][gc,ref      ] GC(5) O: Final References:               8            1            1 
[2026-06-26T17:35:17.679-0300][24.390s][8748][7584 ][info][gc,ref      ] GC(5) O: Phantom References:          7456         7448         1105 
[2026-06-26T17:35:17.679-0300][24.390s][8748][7584 ][info][gc,reloc    ] GC(5) O:                        Candidates     Selected     In-Place         Size        Empty    Relocated 
[2026-06-26T17:35:17.679-0300][24.390s][8748][7584 ][info][gc,reloc    ] GC(5) O: Small Pages:                   80            6            0         160M           0M           2M 
[2026-06-26T17:35:17.679-0300][24.390s][8748][7584 ][info][gc,reloc    ] GC(5) O: Medium Pages:                   2            1            0          64M           0M           6M 
[2026-06-26T17:35:17.679-0300][24.390s][8748][7584 ][info][gc,reloc    ] GC(5) O: Large Pages:                    1            0            0          12M           0M           0M 
[2026-06-26T17:35:17.679-0300][24.390s][8748][7584 ][info][gc,reloc    ] GC(5) O: Forwarding Usage: 1M
[2026-06-26T17:35:17.679-0300][24.390s][8748][7584 ][info][gc,heap     ] GC(5) O: Min Capacity: 8M(0%)
[2026-06-26T17:35:17.679-0300][24.390s][8748][7584 ][info][gc,heap     ] GC(5) O: Max Capacity: 3072M(100%)
[2026-06-26T17:35:17.679-0300][24.390s][8748][7584 ][info][gc,heap     ] GC(5) O: Soft Max Capacity: 3072M(100%)
[2026-06-26T17:35:17.679-0300][24.390s][8748][7584 ][info][gc,heap     ] GC(5) O: Heap Statistics:
[2026-06-26T17:35:17.679-0300][24.390s][8748][7584 ][info][gc,heap     ] GC(5) O:                Mark Start          Mark End        Relocate Start      Relocate End           High               Low         
[2026-06-26T17:35:17.679-0300][24.390s][8748][7584 ][info][gc,heap     ] GC(5) O:  Capacity:     2718M (88%)        2718M (88%)        2718M (88%)        2718M (88%)        2718M (88%)        2718M (88%)    
[2026-06-26T17:35:17.679-0300][24.390s][8748][7584 ][info][gc,heap     ] GC(5) O:      Free:     1924M (63%)        2730M (89%)        2724M (89%)        2726M (89%)        2764M (90%)        1918M (62%)    
[2026-06-26T17:35:17.680-0300][24.390s][8748][7584 ][info][gc,heap     ] GC(5) O:      Used:     1148M (37%)         342M (11%)         348M (11%)         346M (11%)        1154M (38%)         308M (10%)    
[2026-06-26T17:35:17.680-0300][24.390s][8748][7584 ][info][gc,heap     ] GC(5) O: Old Generation Statistics:
[2026-06-26T17:35:17.680-0300][24.390s][8748][7584 ][info][gc,heap     ] GC(5) O:                Mark Start          Mark End        Relocate Start      Relocate End    
[2026-06-26T17:35:17.680-0300][24.390s][8748][7584 ][info][gc,heap     ] GC(5) O:      Used:      236M (8%)          292M (10%)         292M (10%)         290M (9%)     
[2026-06-26T17:35:17.680-0300][24.390s][8748][7584 ][info][gc,heap     ] GC(5) O:      Live:         -               164M (5%)          164M (5%)          164M (5%)     
[2026-06-26T17:35:17.680-0300][24.390s][8748][7584 ][info][gc,heap     ] GC(5) O:   Garbage:         -                71M (2%)           71M (2%)            4M (0%)     
[2026-06-26T17:35:17.680-0300][24.390s][8748][7584 ][info][gc,heap     ] GC(5) O: Allocated:         -                56M (2%)           56M (2%)          121M (4%)     
[2026-06-26T17:35:17.680-0300][24.390s][8748][7584 ][info][gc,heap     ] GC(5) O: Reclaimed:         -                  -                 0M (0%)           67M (2%)     
[2026-06-26T17:35:17.680-0300][24.390s][8748][7584 ][info][gc,heap     ] GC(5) O: Compacted:         -                  -                  -                12M (0%)     
[2026-06-26T17:35:17.680-0300][24.390s][8748][7584 ][info][gc,phases   ] GC(5) O: Old Generation 308M(10%)->346M(11%) 0.249s
[2026-06-26T17:35:17.680-0300][24.390s][8748][7584 ][info][gc          ] GC(5) Major Collection (Allocation Rate) 1148M(37%)->346M(11%) 0.313s
[2026-06-26T17:35:28.964-0300][35.675s][8748][8884 ][info][gc          ] GC(6) Minor Collection (Allocation Rate)
[2026-06-26T17:35:28.964-0300][35.675s][8748][8884 ][info][gc,task     ] GC(6) Using 3 Workers for Young Generation
[2026-06-26T17:35:28.964-0300][35.675s][8748][8884 ][info][gc,phases   ] GC(6) y: Young Generation
[2026-06-26T17:35:28.964-0300][35.675s][8748][16824][info][gc,phases   ] GC(6) y: Pause Mark Start 0.007ms
[2026-06-26T17:35:29.118-0300][35.830s][8748][8884 ][info][gc,phases   ] GC(6) y: Concurrent Mark 154.891ms
[2026-06-26T17:35:29.118-0300][35.830s][8748][16824][info][gc,phases   ] GC(6) y: Pause Mark End 0.012ms
[2026-06-26T17:35:29.118-0300][35.830s][8748][8884 ][info][gc,phases   ] GC(6) y: Concurrent Mark Free 0.003ms
[2026-06-26T17:35:29.118-0300][35.830s][8748][8884 ][info][gc,phases   ] GC(6) y: Concurrent Reset Relocation Set 0.060ms
[2026-06-26T17:35:29.118-0300][35.830s][8748][8884 ][info][gc,reloc    ] GC(6) y: Using tenuring threshold: 2 (Computed)
[2026-06-26T17:35:29.135-0300][35.846s][8748][8884 ][info][gc,phases   ] GC(6) y: Concurrent Select Relocation Set 16.381ms
[2026-06-26T17:35:29.135-0300][35.846s][8748][16824][info][gc,phases   ] GC(6) y: Pause Relocate Start 0.009ms
[2026-06-26T17:35:29.212-0300][35.923s][8748][8884 ][info][gc,phases   ] GC(6) y: Concurrent Relocate 76.888ms
[2026-06-26T17:35:29.212-0300][35.923s][8748][8884 ][info][gc,alloc    ] GC(6) y:                         Mark Start        Mark End      Relocate Start    Relocate End   
[2026-06-26T17:35:29.212-0300][35.923s][8748][8884 ][info][gc,alloc    ] GC(6) y: Allocation Stalls:          0                0                0                0         
[2026-06-26T17:35:29.212-0300][35.923s][8748][8884 ][info][gc,load     ] GC(6) y: Load: 0.00 (0%) / 0.00 (0%) / 0.00 (0%)
[2026-06-26T17:35:29.212-0300][35.923s][8748][8884 ][info][gc,mmu      ] GC(6) y: MMU: 2ms/44.2%, 5ms/77.7%, 10ms/88.8%, 20ms/94.4%, 50ms/94.8%, 100ms/97.4%
[2026-06-26T17:35:29.212-0300][35.923s][8748][8884 ][info][gc,marking  ] GC(6) y: Mark: 2 stripe(s), 2 proactive flush(es), 1 terminate flush(es), 0 completion(s), 0 continuation(s) 
[2026-06-26T17:35:29.212-0300][35.923s][8748][8884 ][info][gc,nmethod  ] GC(6) y: NMethods: 8651 registered, 0 unregistered
[2026-06-26T17:35:29.212-0300][35.923s][8748][8884 ][info][gc,metaspace] GC(6) y: Metaspace: 53M used, 53M committed, 1088M reserved
[2026-06-26T17:35:29.212-0300][35.923s][8748][8884 ][info][gc,reloc    ] GC(6) y:                        Candidates     Selected     In-Place         Size        Empty    Relocated 
[2026-06-26T17:35:29.213-0300][35.923s][8748][8884 ][info][gc,reloc    ] GC(6) y: Small Pages:                  774          616            0        1548M          78M         144M 
[2026-06-26T17:35:29.213-0300][35.923s][8748][8884 ][info][gc,reloc    ] GC(6) y: Medium Pages:                   1            0            0          32M           0M           0M 
[2026-06-26T17:35:29.213-0300][35.923s][8748][8884 ][info][gc,reloc    ] GC(6) y: Large Pages:                    2            0            0          16M          16M           0M 
[2026-06-26T17:35:29.213-0300][35.923s][8748][8884 ][info][gc,reloc    ] GC(6) y: Forwarding Usage: 74M
[2026-06-26T17:35:29.213-0300][35.923s][8748][8884 ][info][gc,reloc    ] GC(6) y: Age Table:
[2026-06-26T17:35:29.213-0300][35.923s][8748][8884 ][info][gc,reloc    ] GC(6) y:                    Live             Garbage             Small              Medium             Large        
[2026-06-26T17:35:29.213-0300][35.923s][8748][8884 ][info][gc,reloc    ] GC(6) y: Eden             207M (7%)         1380M (45%)        770 / 616            1 / 0              2 / 0        
[2026-06-26T17:35:29.213-0300][35.923s][8748][8884 ][info][gc,reloc    ] GC(6) y: Survivor 1         3M (0%)            4M (0%)           4 / 0              0 / 0              0 / 0        
[2026-06-26T17:35:29.213-0300][35.923s][8748][8884 ][info][gc,heap     ] GC(6) y: Min Capacity: 8M(0%)
[2026-06-26T17:35:29.213-0300][35.923s][8748][8884 ][info][gc,heap     ] GC(6) y: Max Capacity: 3072M(100%)
[2026-06-26T17:35:29.213-0300][35.923s][8748][8884 ][info][gc,heap     ] GC(6) y: Soft Max Capacity: 3072M(100%)
[2026-06-26T17:35:29.213-0300][35.923s][8748][8884 ][info][gc,heap     ] GC(6) y: Heap Statistics:
[2026-06-26T17:35:29.213-0300][35.923s][8748][8884 ][info][gc,heap     ] GC(6) y:                Mark Start          Mark End        Relocate Start      Relocate End           High               Low         
[2026-06-26T17:35:29.213-0300][35.923s][8748][8884 ][info][gc,heap     ] GC(6) y:  Capacity:     2718M (88%)        2718M (88%)        2718M (88%)        2718M (88%)        2718M (88%)        2718M (88%)    
[2026-06-26T17:35:29.213-0300][35.923s][8748][8884 ][info][gc,heap     ] GC(6) y:      Free:     1186M (39%)        1166M (38%)        1260M (41%)        2442M (79%)        2442M (79%)        1166M (38%)    
[2026-06-26T17:35:29.213-0300][35.923s][8748][8884 ][info][gc,heap     ] GC(6) y:      Used:     1886M (61%)        1906M (62%)        1812M (59%)         630M (21%)        1906M (62%)         630M (21%)    
[2026-06-26T17:35:29.213-0300][35.923s][8748][8884 ][info][gc,heap     ] GC(6) y: Young Generation Statistics:
[2026-06-26T17:35:29.213-0300][35.923s][8748][8884 ][info][gc,heap     ] GC(6) y:                Mark Start          Mark End        Relocate Start      Relocate End    
[2026-06-26T17:35:29.213-0300][35.923s][8748][8884 ][info][gc,heap     ] GC(6) y:      Used:     1596M (52%)        1616M (53%)        1522M (50%)         340M (11%)    
[2026-06-26T17:35:29.213-0300][35.923s][8748][8884 ][info][gc,heap     ] GC(6) y:      Live:         -               210M (7%)          210M (7%)          210M (7%)     
[2026-06-26T17:35:29.213-0300][35.923s][8748][8884 ][info][gc,heap     ] GC(6) y:   Garbage:         -              1385M (45%)        1291M (42%)          33M (1%)     
[2026-06-26T17:35:29.213-0300][35.923s][8748][8884 ][info][gc,heap     ] GC(6) y: Allocated:         -                20M (1%)           20M (1%)           95M (3%)     
[2026-06-26T17:35:29.213-0300][35.924s][8748][8884 ][info][gc,heap     ] GC(6) y: Reclaimed:         -                  -                94M (3%)         1351M (44%)    
[2026-06-26T17:35:29.213-0300][35.924s][8748][8884 ][info][gc,heap     ] GC(6) y:  Promoted:         -                  -                 0M (0%)            0M (0%)     
[2026-06-26T17:35:29.213-0300][35.924s][8748][8884 ][info][gc,heap     ] GC(6) y: Compacted:         -                  -                  -               180M (6%)     
[2026-06-26T17:35:29.213-0300][35.924s][8748][8884 ][info][gc,phases   ] GC(6) y: Young Generation 1886M(61%)->630M(21%) 0.249s
[2026-06-26T17:35:29.213-0300][35.924s][8748][8884 ][info][gc          ] GC(6) Minor Collection (Allocation Rate) 1886M(61%)->630M(21%) 0.249s
[2026-06-26T17:35:39.009-0300][45.719s][8748][8884 ][info][gc          ] GC(7) Minor Collection (Allocation Rate)
[2026-06-26T17:35:39.009-0300][45.719s][8748][8884 ][info][gc,task     ] GC(7) Using 3 Workers for Young Generation
[2026-06-26T17:35:39.009-0300][45.719s][8748][8884 ][info][gc,phases   ] GC(7) y: Young Generation
[2026-06-26T17:35:39.009-0300][45.719s][8748][16824][info][gc,phases   ] GC(7) y: Pause Mark Start 0.009ms
[2026-06-26T17:35:39.245-0300][45.956s][8748][8884 ][info][gc,phases   ] GC(7) y: Concurrent Mark 236.730ms
[2026-06-26T17:35:39.245-0300][45.956s][8748][16824][info][gc,phases   ] GC(7) y: Pause Mark End 0.016ms
[2026-06-26T17:35:39.245-0300][45.956s][8748][8884 ][info][gc,phases   ] GC(7) y: Concurrent Mark Free 0.002ms
[2026-06-26T17:35:39.245-0300][45.957s][8748][8884 ][info][gc,phases   ] GC(7) y: Concurrent Reset Relocation Set 0.099ms
[2026-06-26T17:35:39.245-0300][45.957s][8748][8884 ][info][gc,reloc    ] GC(7) y: Using tenuring threshold: 3 (Computed)
[2026-06-26T17:35:39.251-0300][45.962s][8748][8884 ][info][gc,phases   ] GC(7) y: Concurrent Select Relocation Set 5.300ms
[2026-06-26T17:35:39.251-0300][45.962s][8748][16824][info][gc,phases   ] GC(7) y: Pause Relocate Start 0.014ms
[2026-06-26T17:35:39.271-0300][45.983s][8748][8884 ][info][gc,phases   ] GC(7) y: Concurrent Relocate 20.970ms
[2026-06-26T17:35:39.272-0300][45.983s][8748][8884 ][info][gc,alloc    ] GC(7) y:                         Mark Start        Mark End      Relocate Start    Relocate End   
[2026-06-26T17:35:39.272-0300][45.983s][8748][8884 ][info][gc,alloc    ] GC(7) y: Allocation Stalls:          0                0                0                0         
[2026-06-26T17:35:39.272-0300][45.983s][8748][8884 ][info][gc,load     ] GC(7) y: Load: 0.00 (0%) / 0.00 (0%) / 0.00 (0%)
[2026-06-26T17:35:39.272-0300][45.983s][8748][8884 ][info][gc,mmu      ] GC(7) y: MMU: 2ms/44.2%, 5ms/77.7%, 10ms/88.8%, 20ms/94.4%, 50ms/94.8%, 100ms/97.4%
[2026-06-26T17:35:39.272-0300][45.983s][8748][8884 ][info][gc,marking  ] GC(7) y: Mark: 2 stripe(s), 3 proactive flush(es), 1 terminate flush(es), 0 completion(s), 0 continuation(s) 
[2026-06-26T17:35:39.272-0300][45.983s][8748][8884 ][info][gc,nmethod  ] GC(7) y: NMethods: 10859 registered, 0 unregistered
[2026-06-26T17:35:39.272-0300][45.983s][8748][8884 ][info][gc,metaspace] GC(7) y: Metaspace: 60M used, 61M committed, 1088M reserved
[2026-06-26T17:35:39.272-0300][45.983s][8748][8884 ][info][gc,reloc    ] GC(7) y:                        Candidates     Selected     In-Place         Size        Empty    Relocated 
[2026-06-26T17:35:39.272-0300][45.983s][8748][8884 ][info][gc,reloc    ] GC(7) y: Small Pages:                  319          153            0         638M          10M          29M 
[2026-06-26T17:35:39.272-0300][45.983s][8748][8884 ][info][gc,reloc    ] GC(7) y: Medium Pages:                   2            1            0          64M           0M           4M 
[2026-06-26T17:35:39.272-0300][45.983s][8748][8884 ][info][gc,reloc    ] GC(7) y: Large Pages:                    0            0            0           0M           0M           0M 
[2026-06-26T17:35:39.272-0300][45.983s][8748][8884 ][info][gc,reloc    ] GC(7) y: Forwarding Usage: 19M
[2026-06-26T17:35:39.272-0300][45.983s][8748][8884 ][info][gc,reloc    ] GC(7) y: Age Table:
[2026-06-26T17:35:39.272-0300][45.983s][8748][8884 ][info][gc,reloc    ] GC(7) y:                    Live             Garbage             Small              Medium             Large        
[2026-06-26T17:35:39.272-0300][45.983s][8748][8884 ][info][gc,reloc    ] GC(7) y: Eden              94M (3%)          351M (11%)        207 / 146            1 / 1              0 / 0        
[2026-06-26T17:35:39.272-0300][45.983s][8748][8884 ][info][gc,reloc    ] GC(7) y: Survivor 1       206M (7%)           41M (1%)         108 / 6              1 / 0              0 / 0        
[2026-06-26T17:35:39.272-0300][45.983s][8748][8884 ][info][gc,reloc    ] GC(7) y: Survivor 2         3M (0%)            4M (0%)           4 / 1              0 / 0              0 / 0        
[2026-06-26T17:35:39.272-0300][45.983s][8748][8884 ][info][gc,heap     ] GC(7) y: Min Capacity: 8M(0%)
[2026-06-26T17:35:39.272-0300][45.983s][8748][8884 ][info][gc,heap     ] GC(7) y: Max Capacity: 3072M(100%)
[2026-06-26T17:35:39.272-0300][45.983s][8748][8884 ][info][gc,heap     ] GC(7) y: Soft Max Capacity: 3072M(100%)
[2026-06-26T17:35:39.272-0300][45.983s][8748][8884 ][info][gc,heap     ] GC(7) y: Heap Statistics:
[2026-06-26T17:35:39.272-0300][45.983s][8748][8884 ][info][gc,heap     ] GC(7) y:                Mark Start          Mark End        Relocate Start      Relocate End           High               Low         
[2026-06-26T17:35:39.272-0300][45.983s][8748][8884 ][info][gc,heap     ] GC(7) y:  Capacity:     2718M (88%)        2718M (88%)        2718M (88%)        2718M (88%)        2718M (88%)        2718M (88%)    
[2026-06-26T17:35:39.272-0300][45.983s][8748][8884 ][info][gc,heap     ] GC(7) y:      Free:     2080M (68%)        2046M (67%)        2056M (67%)        2344M (76%)        2344M (76%)        1984M (65%)    
[2026-06-26T17:35:39.272-0300][45.983s][8748][8884 ][info][gc,heap     ] GC(7) y:      Used:      992M (32%)        1026M (33%)        1016M (33%)         728M (24%)        1088M (35%)         728M (24%)    
[2026-06-26T17:35:39.272-0300][45.983s][8748][8884 ][info][gc,heap     ] GC(7) y: Young Generation Statistics:
[2026-06-26T17:35:39.272-0300][45.983s][8748][8884 ][info][gc,heap     ] GC(7) y:                Mark Start          Mark End        Relocate Start      Relocate End    
[2026-06-26T17:35:39.272-0300][45.983s][8748][8884 ][info][gc,heap     ] GC(7) y:      Used:      702M (23%)         736M (24%)         726M (24%)         438M (14%)    
[2026-06-26T17:35:39.272-0300][45.983s][8748][8884 ][info][gc,heap     ] GC(7) y:      Live:         -               304M (10%)         304M (10%)         304M (10%)    
[2026-06-26T17:35:39.272-0300][45.983s][8748][8884 ][info][gc,heap     ] GC(7) y:   Garbage:         -               397M (13%)         387M (13%)          19M (1%)     
[2026-06-26T17:35:39.272-0300][45.983s][8748][8884 ][info][gc,heap     ] GC(7) y: Allocated:         -                34M (1%)           34M (1%)          114M (4%)     
[2026-06-26T17:35:39.272-0300][45.983s][8748][8884 ][info][gc,heap     ] GC(7) y: Reclaimed:         -                  -                10M (0%)          378M (12%)    
[2026-06-26T17:35:39.272-0300][45.983s][8748][8884 ][info][gc,heap     ] GC(7) y:  Promoted:         -                  -                 0M (0%)            0M (0%)     
[2026-06-26T17:35:39.272-0300][45.983s][8748][8884 ][info][gc,heap     ] GC(7) y: Compacted:         -                  -                  -                55M (2%)     
[2026-06-26T17:35:39.272-0300][45.983s][8748][8884 ][info][gc,phases   ] GC(7) y: Young Generation 992M(32%)->728M(24%) 0.264s
[2026-06-26T17:35:39.272-0300][45.983s][8748][8884 ][info][gc          ] GC(7) Minor Collection (Allocation Rate) 992M(32%)->728M(24%) 0.264s
[2026-06-26T17:35:40.045-0300][46.757s][8748][8884 ][info][gc          ] GC(8) Minor Collection (Allocation Rate)
[2026-06-26T17:35:40.045-0300][46.757s][8748][8884 ][info][gc,task     ] GC(8) Using 2 Workers for Young Generation
[2026-06-26T17:35:40.045-0300][46.757s][8748][8884 ][info][gc,phases   ] GC(8) y: Young Generation
[2026-06-26T17:35:40.045-0300][46.757s][8748][16824][info][gc,phases   ] GC(8) y: Pause Mark Start 0.014ms
[2026-06-26T17:35:40.431-0300][47.143s][8748][8884 ][info][gc,phases   ] GC(8) y: Concurrent Mark 385.835ms
[2026-06-26T17:35:40.431-0300][47.143s][8748][16824][info][gc,phases   ] GC(8) y: Pause Mark End 0.015ms
[2026-06-26T17:35:40.431-0300][47.143s][8748][8884 ][info][gc,phases   ] GC(8) y: Concurrent Mark Free 0.004ms
[2026-06-26T17:35:40.431-0300][47.143s][8748][8884 ][info][gc,phases   ] GC(8) y: Concurrent Reset Relocation Set 0.018ms
[2026-06-26T17:35:40.432-0300][47.143s][8748][8884 ][info][gc,reloc    ] GC(8) y: Using tenuring threshold: 1 (Computed)
[2026-06-26T17:35:40.518-0300][47.230s][8748][8884 ][info][gc,phases   ] GC(8) y: Concurrent Select Relocation Set 86.777ms
[2026-06-26T17:35:40.518-0300][47.230s][8748][16824][info][gc,phases   ] GC(8) y: Pause Relocate Start 0.009ms
[2026-06-26T17:35:40.633-0300][47.345s][8748][9108 ][info][gc,task     ] Adjusting Workers for Young Generation: 2 -> 3
[2026-06-26T17:35:40.688-0300][47.399s][8748][8884 ][info][gc,phases   ] GC(8) y: Concurrent Relocate 169.391ms
[2026-06-26T17:35:40.688-0300][47.399s][8748][8884 ][info][gc,alloc    ] GC(8) y:                         Mark Start        Mark End      Relocate Start    Relocate End   
[2026-06-26T17:35:40.688-0300][47.399s][8748][8884 ][info][gc,alloc    ] GC(8) y: Allocation Stalls:          0                0                0                0         
[2026-06-26T17:35:40.688-0300][47.399s][8748][8884 ][info][gc,load     ] GC(8) y: Load: 0.00 (0%) / 0.00 (0%) / 0.00 (0%)
[2026-06-26T17:35:40.688-0300][47.399s][8748][8884 ][info][gc,mmu      ] GC(8) y: MMU: 2ms/44.2%, 5ms/77.7%, 10ms/88.8%, 20ms/94.4%, 50ms/94.8%, 100ms/97.4%
[2026-06-26T17:35:40.688-0300][47.399s][8748][8884 ][info][gc,marking  ] GC(8) y: Mark: 2 stripe(s), 2 proactive flush(es), 1 terminate flush(es), 0 completion(s), 0 continuation(s) 
[2026-06-26T17:35:40.688-0300][47.399s][8748][8884 ][info][gc,nmethod  ] GC(8) y: NMethods: 11518 registered, 0 unregistered
[2026-06-26T17:35:40.688-0300][47.399s][8748][8884 ][info][gc,metaspace] GC(8) y: Metaspace: 61M used, 62M committed, 1088M reserved
[2026-06-26T17:35:40.688-0300][47.399s][8748][8884 ][info][gc,reloc    ] GC(8) y:                        Candidates     Selected     In-Place         Size        Empty    Relocated 
[2026-06-26T17:35:40.688-0300][47.399s][8748][8884 ][info][gc,reloc    ] GC(8) y: Small Pages:                  402          162            0         804M         120M          21M 
[2026-06-26T17:35:40.688-0300][47.399s][8748][8884 ][info][gc,reloc    ] GC(8) y: Medium Pages:                   3            2            0          96M           0M           7M 
[2026-06-26T17:35:40.688-0300][47.399s][8748][8884 ][info][gc,reloc    ] GC(8) y: Large Pages:                    0            0            0           0M           0M           0M 
[2026-06-26T17:35:40.688-0300][47.399s][8748][8884 ][info][gc,reloc    ] GC(8) y: Forwarding Usage: 13M
[2026-06-26T17:35:40.688-0300][47.399s][8748][8884 ][info][gc,reloc    ] GC(8) y: Age Table:
[2026-06-26T17:35:40.688-0300][47.399s][8748][8884 ][info][gc,reloc    ] GC(8) y:                    Live             Garbage             Small              Medium             Large        
[2026-06-26T17:35:40.688-0300][47.399s][8748][8884 ][info][gc,reloc    ] GC(8) y: Eden              37M (1%)          460M (15%)        233 / 151            1 / 0              0 / 0        
[2026-06-26T17:35:40.688-0300][47.399s][8748][8884 ][info][gc,reloc    ] GC(8) y: Survivor 1        94M (3%)           51M (2%)          57 / 5              1 / 1              0 / 0        
[2026-06-26T17:35:40.688-0300][47.399s][8748][8884 ][info][gc,reloc    ] GC(8) y: Survivor 2       206M (7%)           43M (1%)         109 / 5              1 / 1              0 / 0        
[2026-06-26T17:35:40.688-0300][47.399s][8748][8884 ][info][gc,reloc    ] GC(8) y: Survivor 3         3M (0%)            2M (0%)           3 / 1              0 / 0              0 / 0        
[2026-06-26T17:35:40.688-0300][47.400s][8748][8884 ][info][gc,heap     ] GC(8) y: Min Capacity: 8M(0%)
[2026-06-26T17:35:40.688-0300][47.400s][8748][8884 ][info][gc,heap     ] GC(8) y: Max Capacity: 3072M(100%)
[2026-06-26T17:35:40.688-0300][47.400s][8748][8884 ][info][gc,heap     ] GC(8) y: Soft Max Capacity: 3072M(100%)
[2026-06-26T17:35:40.688-0300][47.400s][8748][8884 ][info][gc,heap     ] GC(8) y: Heap Statistics:
[2026-06-26T17:35:40.688-0300][47.400s][8748][8884 ][info][gc,heap     ] GC(8) y:                Mark Start          Mark End        Relocate Start      Relocate End           High               Low         
[2026-06-26T17:35:40.689-0300][47.400s][8748][8884 ][info][gc,heap     ] GC(8) y:  Capacity:     2718M (88%)        2718M (88%)        2718M (88%)        2842M (93%)        2842M (93%)        2718M (88%)    
[2026-06-26T17:35:40.689-0300][47.400s][8748][8884 ][info][gc,heap     ] GC(8) y:      Free:     1882M (61%)         568M (18%)         476M (15%)         230M (7%)         1882M (61%)         230M (7%)     
[2026-06-26T17:35:40.689-0300][47.400s][8748][8884 ][info][gc,heap     ] GC(8) y:      Used:     1190M (39%)        2504M (82%)        2596M (85%)        2842M (93%)        2842M (93%)        1190M (39%)    
[2026-06-26T17:35:40.689-0300][47.400s][8748][8884 ][info][gc,heap     ] GC(8) y: Young Generation Statistics:
[2026-06-26T17:35:40.689-0300][47.400s][8748][8884 ][info][gc,heap     ] GC(8) y:                Mark Start          Mark End        Relocate Start      Relocate End    
[2026-06-26T17:35:40.689-0300][47.400s][8748][8884 ][info][gc,heap     ] GC(8) y:      Used:      900M (29%)        2214M (72%)        1996M (65%)        2202M (72%)    
[2026-06-26T17:35:40.689-0300][47.400s][8748][8884 ][info][gc,heap     ] GC(8) y:      Live:         -               341M (11%)          50M (2%)           37M (1%)     
[2026-06-26T17:35:40.689-0300][47.400s][8748][8884 ][info][gc,heap     ] GC(8) y:   Garbage:         -               558M (18%)         419M (14%)           2M (0%)     
[2026-06-26T17:35:40.689-0300][47.400s][8748][8884 ][info][gc,heap     ] GC(8) y: Allocated:         -              1314M (43%)        1526M (50%)        2161M (70%)    
[2026-06-26T17:35:40.689-0300][47.400s][8748][8884 ][info][gc,heap     ] GC(8) y: Reclaimed:         -                  -               139M (5%)          555M (18%)    
[2026-06-26T17:35:40.689-0300][47.400s][8748][8884 ][info][gc,heap     ] GC(8) y:  Promoted:         -                  -               290M (9%)          303M (10%)    
[2026-06-26T17:35:40.689-0300][47.400s][8748][8884 ][info][gc,heap     ] GC(8) y: Compacted:         -                  -                  -                28M (1%)     
[2026-06-26T17:35:40.689-0300][47.400s][8748][8884 ][info][gc,phases   ] GC(8) y: Young Generation 1190M(39%)->2842M(93%) 0.643s
[2026-06-26T17:35:40.689-0300][47.400s][8748][8884 ][info][gc          ] GC(8) Minor Collection (Allocation Rate) 1190M(39%)->2842M(93%) 0.643s
[2026-06-26T17:35:40.689-0300][47.400s][8748][7584 ][info][gc          ] GC(9) Major Collection (Allocation Rate)
[2026-06-26T17:35:40.689-0300][47.400s][8748][7584 ][info][gc,task     ] GC(9) Using 3 Workers for Young Generation
[2026-06-26T17:35:40.689-0300][47.400s][8748][7584 ][info][gc,task     ] GC(9) Using 1 Workers for Old Generation
[2026-06-26T17:35:40.689-0300][47.400s][8748][7584 ][info][gc,phases   ] GC(9) Y: Young Generation
[2026-06-26T17:35:40.689-0300][47.400s][8748][16824][info][gc,phases   ] GC(9) Y: Pause Mark Start (Major) 0.012ms
[2026-06-26T17:35:40.790-0300][47.501s][8748][7584 ][info][gc,phases   ] GC(9) Y: Concurrent Mark 100.978ms
[2026-06-26T17:35:40.790-0300][47.501s][8748][16824][info][gc,phases   ] GC(9) Y: Pause Mark End 0.016ms
[2026-06-26T17:35:40.790-0300][47.501s][8748][7584 ][info][gc,phases   ] GC(9) Y: Concurrent Mark Free 0.005ms
[2026-06-26T17:35:40.790-0300][47.501s][8748][7584 ][info][gc,phases   ] GC(9) Y: Concurrent Reset Relocation Set 0.250ms
[2026-06-26T17:35:40.790-0300][47.502s][8748][7584 ][info][gc,reloc    ] GC(9) Y: Using tenuring threshold: 2 (Computed)
[2026-06-26T17:35:40.799-0300][47.510s][8748][7584 ][info][gc,phases   ] GC(9) Y: Concurrent Select Relocation Set 8.282ms
[2026-06-26T17:35:40.799-0300][47.510s][8748][16824][info][gc,phases   ] GC(9) Y: Pause Relocate Start 0.017ms
[2026-06-26T17:35:40.840-0300][47.551s][8748][7584 ][info][gc,phases   ] GC(9) Y: Concurrent Relocate 41.356ms
[2026-06-26T17:35:40.840-0300][47.551s][8748][7584 ][info][gc,alloc    ] GC(9) Y:                         Mark Start        Mark End      Relocate Start    Relocate End   
[2026-06-26T17:35:40.840-0300][47.551s][8748][7584 ][info][gc,alloc    ] GC(9) Y: Allocation Stalls:          0                0                0                0         
[2026-06-26T17:35:40.840-0300][47.551s][8748][7584 ][info][gc,load     ] GC(9) Y: Load: 0.00 (0%) / 0.00 (0%) / 0.00 (0%)
[2026-06-26T17:35:40.840-0300][47.551s][8748][7584 ][info][gc,mmu      ] GC(9) Y: MMU: 2ms/44.2%, 5ms/77.7%, 10ms/88.8%, 20ms/94.4%, 50ms/94.8%, 100ms/97.4%
[2026-06-26T17:35:40.840-0300][47.551s][8748][7584 ][info][gc,marking  ] GC(9) Y: Mark: 2 stripe(s), 2 proactive flush(es), 1 terminate flush(es), 0 completion(s), 0 continuation(s) 
[2026-06-26T17:35:40.840-0300][47.551s][8748][7584 ][info][gc,nmethod  ] GC(9) Y: NMethods: 11549 registered, 0 unregistered
[2026-06-26T17:35:40.840-0300][47.551s][8748][7584 ][info][gc,metaspace] GC(9) Y: Metaspace: 61M used, 62M committed, 1088M reserved
[2026-06-26T17:35:40.840-0300][47.551s][8748][7584 ][info][gc,reloc    ] GC(9) Y:                        Candidates     Selected     In-Place         Size        Empty    Relocated 
[2026-06-26T17:35:40.840-0300][47.552s][8748][7584 ][info][gc,reloc    ] GC(9) Y: Small Pages:                 1069          918            0        2138M         188M          47M 
[2026-06-26T17:35:40.840-0300][47.552s][8748][7584 ][info][gc,reloc    ] GC(9) Y: Medium Pages:                   2            1            0          64M           0M           0M 
[2026-06-26T17:35:40.840-0300][47.552s][8748][7584 ][info][gc,reloc    ] GC(9) Y: Large Pages:                    0            0            0           0M           0M           0M 
[2026-06-26T17:35:40.840-0300][47.552s][8748][7584 ][info][gc,reloc    ] GC(9) Y: Forwarding Usage: 28M
[2026-06-26T17:35:40.840-0300][47.552s][8748][7584 ][info][gc,reloc    ] GC(9) Y: Age Table:
[2026-06-26T17:35:40.840-0300][47.552s][8748][7584 ][info][gc,reloc    ] GC(9) Y:                    Live             Garbage             Small              Medium             Large        
[2026-06-26T17:35:40.840-0300][47.552s][8748][7584 ][info][gc,reloc    ] GC(9) Y: Eden              65M (2%)         2040M (66%)       1037 / 906            1 / 0              0 / 0        
[2026-06-26T17:35:40.840-0300][47.552s][8748][7584 ][info][gc,reloc    ] GC(9) Y: Survivor 1        36M (1%)           59M (2%)          32 / 12             1 / 1              0 / 0        
[2026-06-26T17:35:40.840-0300][47.552s][8748][7584 ][info][gc,heap     ] GC(9) Y: Min Capacity: 8M(0%)
[2026-06-26T17:35:40.840-0300][47.552s][8748][7584 ][info][gc,heap     ] GC(9) Y: Max Capacity: 3072M(100%)
[2026-06-26T17:35:40.840-0300][47.552s][8748][7584 ][info][gc,heap     ] GC(9) Y: Soft Max Capacity: 3072M(100%)
[2026-06-26T17:35:40.840-0300][47.552s][8748][7584 ][info][gc,heap     ] GC(9) Y: Heap Statistics:
[2026-06-26T17:35:40.840-0300][47.552s][8748][7584 ][info][gc,heap     ] GC(9) Y:                Mark Start          Mark End        Relocate Start      Relocate End           High               Low         
[2026-06-26T17:35:40.840-0300][47.552s][8748][7584 ][info][gc,heap     ] GC(9) Y:  Capacity:     2842M (93%)        3016M (98%)        3016M (98%)        3072M (100%)       3072M (100%)       2842M (93%)    
[2026-06-26T17:35:40.840-0300][47.552s][8748][7584 ][info][gc,heap     ] GC(9) Y:      Free:      230M (7%)           56M (2%)          222M (7%)         1932M (63%)        1944M (63%)          56M (2%)     
[2026-06-26T17:35:40.840-0300][47.552s][8748][7584 ][info][gc,heap     ] GC(9) Y:      Used:     2842M (93%)        3016M (98%)        2850M (93%)        1140M (37%)        3016M (98%)        1128M (37%)    
[2026-06-26T17:35:40.840-0300][47.552s][8748][7584 ][info][gc,heap     ] GC(9) Y: Young Generation Statistics:
[2026-06-26T17:35:40.840-0300][47.552s][8748][7584 ][info][gc,heap     ] GC(9) Y:                Mark Start          Mark End        Relocate Start      Relocate End    
[2026-06-26T17:35:40.840-0300][47.552s][8748][7584 ][info][gc,heap     ] GC(9) Y:      Used:     2202M (72%)        2376M (77%)        2210M (72%)         500M (16%)    
[2026-06-26T17:35:40.840-0300][47.552s][8748][7584 ][info][gc,heap     ] GC(9) Y:      Live:         -               101M (3%)          101M (3%)          101M (3%)     
[2026-06-26T17:35:40.840-0300][47.552s][8748][7584 ][info][gc,heap     ] GC(9) Y:   Garbage:         -              2100M (68%)        1912M (62%)           2M (0%)     
[2026-06-26T17:35:40.840-0300][47.552s][8748][7584 ][info][gc,heap     ] GC(9) Y: Allocated:         -               174M (6%)          196M (6%)          395M (13%)    
[2026-06-26T17:35:40.840-0300][47.552s][8748][7584 ][info][gc,heap     ] GC(9) Y: Reclaimed:         -                  -               188M (6%)         2097M (68%)    
[2026-06-26T17:35:40.840-0300][47.552s][8748][7584 ][info][gc,heap     ] GC(9) Y:  Promoted:         -                  -                 0M (0%)            0M (0%)     
[2026-06-26T17:35:40.840-0300][47.552s][8748][7584 ][info][gc,heap     ] GC(9) Y: Compacted:         -                  -                  -                68M (2%)     
[2026-06-26T17:35:40.840-0300][47.552s][8748][7584 ][info][gc,phases   ] GC(9) Y: Young Generation 2842M(93%)->1140M(37%) 0.152s
[2026-06-26T17:35:40.840-0300][47.552s][8748][7584 ][info][gc,phases   ] GC(9) O: Old Generation
[2026-06-26T17:35:40.843-0300][47.554s][8748][8884 ][info][gc          ] GC(10) Minor Collection (Allocation Rate)
[2026-06-26T17:35:40.843-0300][47.554s][8748][8884 ][info][gc,task     ] GC(10) Using 2 Workers for Young Generation
[2026-06-26T17:35:40.843-0300][47.554s][8748][8884 ][info][gc,phases   ] GC(10) y: Young Generation
[2026-06-26T17:35:40.843-0300][47.554s][8748][16824][info][gc,phases   ] GC(10) y: Pause Mark Start 0.009ms
[2026-06-26T17:35:41.005-0300][47.716s][8748][8884 ][info][gc,phases   ] GC(10) y: Concurrent Mark 161.548ms
[2026-06-26T17:35:41.005-0300][47.716s][8748][16824][info][gc,phases   ] GC(10) y: Pause Mark End 0.015ms
[2026-06-26T17:35:41.005-0300][47.716s][8748][8884 ][info][gc,phases   ] GC(10) y: Concurrent Mark Free 0.006ms
[2026-06-26T17:35:41.005-0300][47.716s][8748][8884 ][info][gc,phases   ] GC(10) y: Concurrent Reset Relocation Set 0.068ms
[2026-06-26T17:35:41.005-0300][47.716s][8748][8884 ][info][gc,reloc    ] GC(10) y: Using tenuring threshold: 1 (Computed)
[2026-06-26T17:35:41.041-0300][47.753s][8748][8884 ][info][gc,phases   ] GC(10) y: Concurrent Select Relocation Set 36.462ms
[2026-06-26T17:35:41.041-0300][47.753s][8748][16824][info][gc,phases   ] GC(10) y: Pause Relocate Start 0.015ms
[2026-06-26T17:35:41.102-0300][47.813s][8748][8884 ][info][gc,phases   ] GC(10) y: Concurrent Relocate 59.999ms
[2026-06-26T17:35:41.102-0300][47.813s][8748][8884 ][info][gc,alloc    ] GC(10) y:                         Mark Start        Mark End      Relocate Start    Relocate End   
[2026-06-26T17:35:41.102-0300][47.813s][8748][8884 ][info][gc,alloc    ] GC(10) y: Allocation Stalls:          0                0                0                0         
[2026-06-26T17:35:41.102-0300][47.813s][8748][8884 ][info][gc,load     ] GC(10) y: Load: 0.00 (0%) / 0.00 (0%) / 0.00 (0%)
[2026-06-26T17:35:41.102-0300][47.813s][8748][8884 ][info][gc,mmu      ] GC(10) y: MMU: 2ms/44.2%, 5ms/77.7%, 10ms/88.8%, 20ms/94.4%, 50ms/94.8%, 100ms/97.4%
[2026-06-26T17:35:41.102-0300][47.813s][8748][8884 ][info][gc,marking  ] GC(10) y: Mark: 2 stripe(s), 2 proactive flush(es), 1 terminate flush(es), 0 completion(s), 0 continuation(s) 
[2026-06-26T17:35:41.102-0300][47.813s][8748][8884 ][info][gc,nmethod  ] GC(10) y: NMethods: 11674 registered, 0 unregistered
[2026-06-26T17:35:41.102-0300][47.813s][8748][8884 ][info][gc,metaspace] GC(10) y: Metaspace: 61M used, 62M committed, 1088M reserved
[2026-06-26T17:35:41.102-0300][47.813s][8748][8884 ][info][gc,reloc    ] GC(10) y:                        Candidates     Selected     In-Place         Size        Empty    Relocated 
[2026-06-26T17:35:41.102-0300][47.813s][8748][8884 ][info][gc,reloc    ] GC(10) y: Small Pages:                  221          151            0         442M          30M           5M 
[2026-06-26T17:35:41.102-0300][47.813s][8748][8884 ][info][gc,reloc    ] GC(10) y: Medium Pages:                   2            1            0          64M           0M           0M 
[2026-06-26T17:35:41.102-0300][47.813s][8748][8884 ][info][gc,reloc    ] GC(10) y: Large Pages:                    0            0            0           0M           0M           0M 
[2026-06-26T17:35:41.102-0300][47.813s][8748][8884 ][info][gc,reloc    ] GC(10) y: Forwarding Usage: 1M
[2026-06-26T17:35:41.102-0300][47.813s][8748][8884 ][info][gc,reloc    ] GC(10) y: Age Table:
[2026-06-26T17:35:41.102-0300][47.813s][8748][8884 ][info][gc,reloc    ] GC(10) y:                    Live             Garbage             Small              Medium             Large        
[2026-06-26T17:35:41.102-0300][47.813s][8748][8884 ][info][gc,reloc    ] GC(10) y: Eden               3M (0%)          292M (10%)        148 / 131            0 / 0              0 / 0        
[2026-06-26T17:35:41.102-0300][47.813s][8748][8884 ][info][gc,reloc    ] GC(10) y: Survivor 1        64M (2%)           51M (2%)          42 / 9              1 / 0              0 / 0        
[2026-06-26T17:35:41.102-0300][47.813s][8748][8884 ][info][gc,reloc    ] GC(10) y: Survivor 2        36M (1%)           57M (2%)          31 / 11             1 / 1              0 / 0        
[2026-06-26T17:35:41.102-0300][47.813s][8748][8884 ][info][gc,heap     ] GC(10) y: Min Capacity: 8M(0%)
[2026-06-26T17:35:41.102-0300][47.813s][8748][8884 ][info][gc,heap     ] GC(10) y: Max Capacity: 3072M(100%)
[2026-06-26T17:35:41.102-0300][47.813s][8748][8884 ][info][gc,heap     ] GC(10) y: Soft Max Capacity: 3072M(100%)
[2026-06-26T17:35:41.102-0300][47.813s][8748][8884 ][info][gc,heap     ] GC(10) y: Heap Statistics:
[2026-06-26T17:35:41.102-0300][47.813s][8748][8884 ][info][gc,heap     ] GC(10) y:                Mark Start          Mark End        Relocate Start      Relocate End           High               Low         
[2026-06-26T17:35:41.102-0300][47.813s][8748][8884 ][info][gc,heap     ] GC(10) y:  Capacity:     3072M (100%)       3072M (100%)       3072M (100%)       3072M (100%)       3072M (100%)       3072M (100%)   
[2026-06-26T17:35:41.102-0300][47.813s][8748][8884 ][info][gc,heap     ] GC(10) y:      Free:     1926M (63%)        1388M (45%)        1326M (43%)        1476M (48%)        1926M (63%)        1272M (41%)    
[2026-06-26T17:35:41.102-0300][47.813s][8748][8884 ][info][gc,heap     ] GC(10) y:      Used:     1146M (37%)        1684M (55%)        1746M (57%)        1596M (52%)        1800M (59%)        1146M (37%)    
[2026-06-26T17:35:41.102-0300][47.813s][8748][8884 ][info][gc,heap     ] GC(10) y: Young Generation Statistics:
[2026-06-26T17:35:41.102-0300][47.813s][8748][8884 ][info][gc,heap     ] GC(10) y:                Mark Start          Mark End        Relocate Start      Relocate End    
[2026-06-26T17:35:41.102-0300][47.813s][8748][8884 ][info][gc,heap     ] GC(10) y:      Used:      506M (16%)        1044M (34%)        1002M (33%)         796M (26%)    
[2026-06-26T17:35:41.102-0300][47.813s][8748][8884 ][info][gc,heap     ] GC(10) y:      Live:         -               104M (3%)            6M (0%)            3M (0%)     
[2026-06-26T17:35:41.102-0300][47.814s][8748][8884 ][info][gc,heap     ] GC(10) y:   Garbage:         -               401M (13%)         365M (12%)           0M (0%)     
[2026-06-26T17:35:41.102-0300][47.814s][8748][8884 ][info][gc,heap     ] GC(10) y: Allocated:         -               538M (18%)         630M (21%)         792M (26%)    
[2026-06-26T17:35:41.102-0300][47.814s][8748][8884 ][info][gc,heap     ] GC(10) y: Reclaimed:         -                  -                35M (1%)          401M (13%)    
[2026-06-26T17:35:41.102-0300][47.814s][8748][8884 ][info][gc,heap     ] GC(10) y:  Promoted:         -                  -                98M (3%)          101M (3%)     
[2026-06-26T17:35:41.102-0300][47.814s][8748][8884 ][info][gc,heap     ] GC(10) y: Compacted:         -                  -                  -                 3M (0%)     
[2026-06-26T17:35:41.102-0300][47.814s][8748][8884 ][info][gc,phases   ] GC(10) y: Young Generation 1146M(37%)->1596M(52%) 0.259s
[2026-06-26T17:35:41.102-0300][47.814s][8748][8884 ][info][gc          ] GC(10) Minor Collection (Allocation Rate) 1146M(37%)->1596M(52%) 0.259s
[2026-06-26T17:35:41.102-0300][47.814s][8748][8884 ][info][gc          ] GC(11) Minor Collection (Allocation Rate)
[2026-06-26T17:35:41.102-0300][47.814s][8748][8884 ][info][gc,task     ] GC(11) Using 2 Workers for Young Generation
[2026-06-26T17:35:41.102-0300][47.814s][8748][8884 ][info][gc,phases   ] GC(11) y: Young Generation
[2026-06-26T17:35:41.102-0300][47.814s][8748][16824][info][gc,phases   ] GC(11) y: Pause Mark Start 0.014ms
[2026-06-26T17:35:41.131-0300][47.843s][8748][8884 ][info][gc,phases   ] GC(11) y: Concurrent Mark 29.118ms
[2026-06-26T17:35:41.132-0300][47.843s][8748][16824][info][gc,phases   ] GC(11) y: Pause Mark End 0.019ms
[2026-06-26T17:35:41.132-0300][47.843s][8748][8884 ][info][gc,phases   ] GC(11) y: Concurrent Mark Free 0.004ms
[2026-06-26T17:35:41.132-0300][47.843s][8748][8884 ][info][gc,phases   ] GC(11) y: Concurrent Reset Relocation Set 0.126ms
[2026-06-26T17:35:41.132-0300][47.844s][8748][8884 ][info][gc,reloc    ] GC(11) y: Using tenuring threshold: 2 (Computed)
[2026-06-26T17:35:41.134-0300][47.845s][8748][8884 ][info][gc,phases   ] GC(11) y: Concurrent Select Relocation Set 1.745ms
[2026-06-26T17:35:41.134-0300][47.845s][8748][16824][info][gc,phases   ] GC(11) y: Pause Relocate Start 0.009ms
[2026-06-26T17:35:41.143-0300][47.855s][8748][8884 ][info][gc,phases   ] GC(11) y: Concurrent Relocate 9.652ms
[2026-06-26T17:35:41.143-0300][47.855s][8748][8884 ][info][gc,alloc    ] GC(11) y:                         Mark Start        Mark End      Relocate Start    Relocate End   
[2026-06-26T17:35:41.143-0300][47.855s][8748][8884 ][info][gc,alloc    ] GC(11) y: Allocation Stalls:          0                0                0                0         
[2026-06-26T17:35:41.143-0300][47.855s][8748][8884 ][info][gc,load     ] GC(11) y: Load: 0.00 (0%) / 0.00 (0%) / 0.00 (0%)
[2026-06-26T17:35:41.144-0300][47.855s][8748][8884 ][info][gc,mmu      ] GC(11) y: MMU: 2ms/44.2%, 5ms/77.7%, 10ms/88.8%, 20ms/94.4%, 50ms/94.8%, 100ms/97.4%
[2026-06-26T17:35:41.144-0300][47.855s][8748][8884 ][info][gc,marking  ] GC(11) y: Mark: 2 stripe(s), 2 proactive flush(es), 1 terminate flush(es), 0 completion(s), 0 continuation(s) 
[2026-06-26T17:35:41.144-0300][47.855s][8748][8884 ][info][gc,nmethod  ] GC(11) y: NMethods: 11681 registered, 0 unregistered
[2026-06-26T17:35:41.144-0300][47.855s][8748][8884 ][info][gc,metaspace] GC(11) y: Metaspace: 61M used, 62M committed, 1088M reserved
[2026-06-26T17:35:41.144-0300][47.855s][8748][8884 ][info][gc,reloc    ] GC(11) y:                        Candidates     Selected     In-Place         Size        Empty    Relocated 
[2026-06-26T17:35:41.144-0300][47.855s][8748][8884 ][info][gc,reloc    ] GC(11) y: Small Pages:                  382          330            0         764M          82M           9M 
[2026-06-26T17:35:41.144-0300][47.855s][8748][8884 ][info][gc,reloc    ] GC(11) y: Medium Pages:                   1            0            0          32M           0M           0M 
[2026-06-26T17:35:41.144-0300][47.855s][8748][8884 ][info][gc,reloc    ] GC(11) y: Large Pages:                    0            0            0           0M           0M           0M 
[2026-06-26T17:35:41.144-0300][47.855s][8748][8884 ][info][gc,reloc    ] GC(11) y: Forwarding Usage: 5M
[2026-06-26T17:35:41.144-0300][47.855s][8748][8884 ][info][gc,reloc    ] GC(11) y: Age Table:
[2026-06-26T17:35:41.144-0300][47.855s][8748][8884 ][info][gc,reloc    ] GC(11) y:                    Live             Garbage             Small              Medium             Large        
[2026-06-26T17:35:41.144-0300][47.855s][8748][8884 ][info][gc,reloc    ] GC(11) y: Eden              16M (1%)          775M (25%)        380 / 330            1 / 0              0 / 0        
[2026-06-26T17:35:41.144-0300][47.855s][8748][8884 ][info][gc,reloc    ] GC(11) y: Survivor 1         2M (0%)            1M (0%)           2 / 0              0 / 0              0 / 0        
[2026-06-26T17:35:41.144-0300][47.855s][8748][8884 ][info][gc,heap     ] GC(11) y: Min Capacity: 8M(0%)
[2026-06-26T17:35:41.144-0300][47.855s][8748][8884 ][info][gc,heap     ] GC(11) y: Max Capacity: 3072M(100%)
[2026-06-26T17:35:41.144-0300][47.855s][8748][8884 ][info][gc,heap     ] GC(11) y: Soft Max Capacity: 3072M(100%)
[2026-06-26T17:35:41.144-0300][47.855s][8748][8884 ][info][gc,heap     ] GC(11) y: Heap Statistics:
[2026-06-26T17:35:41.144-0300][47.855s][8748][8884 ][info][gc,heap     ] GC(11) y:                Mark Start          Mark End        Relocate Start      Relocate End           High               Low         
[2026-06-26T17:35:41.144-0300][47.855s][8748][8884 ][info][gc,heap     ] GC(11) y:  Capacity:     3072M (100%)       3072M (100%)       3072M (100%)       3072M (100%)       3072M (100%)       3072M (100%)   
[2026-06-26T17:35:41.144-0300][47.855s][8748][8884 ][info][gc,heap     ] GC(11) y:      Free:     1476M (48%)        1386M (45%)        1458M (47%)        2072M (67%)        2088M (68%)        1384M (45%)    
[2026-06-26T17:35:41.144-0300][47.855s][8748][8884 ][info][gc,heap     ] GC(11) y:      Used:     1596M (52%)        1686M (55%)        1614M (53%)        1000M (33%)        1688M (55%)         984M (32%)    
[2026-06-26T17:35:41.144-0300][47.855s][8748][8884 ][info][gc,heap     ] GC(11) y: Young Generation Statistics:
[2026-06-26T17:35:41.144-0300][47.855s][8748][8884 ][info][gc,heap     ] GC(11) y:                Mark Start          Mark End        Relocate Start      Relocate End    
[2026-06-26T17:35:41.144-0300][47.855s][8748][8884 ][info][gc,heap     ] GC(11) y:      Used:      796M (26%)         886M (29%)         814M (26%)         200M (7%)     
[2026-06-26T17:35:41.144-0300][47.855s][8748][8884 ][info][gc,heap     ] GC(11) y:      Live:         -                19M (1%)           19M (1%)           19M (1%)     
[2026-06-26T17:35:41.144-0300][47.855s][8748][8884 ][info][gc,heap     ] GC(11) y:   Garbage:         -               776M (25%)         694M (23%)          31M (1%)     
[2026-06-26T17:35:41.144-0300][47.855s][8748][8884 ][info][gc,heap     ] GC(11) y: Allocated:         -                90M (3%)          100M (3%)          148M (5%)     
[2026-06-26T17:35:41.144-0300][47.855s][8748][8884 ][info][gc,heap     ] GC(11) y: Reclaimed:         -                  -                82M (3%)          744M (24%)    
[2026-06-26T17:35:41.144-0300][47.855s][8748][8884 ][info][gc,heap     ] GC(11) y:  Promoted:         -                  -                 0M (0%)            0M (0%)     
[2026-06-26T17:35:41.144-0300][47.855s][8748][8884 ][info][gc,heap     ] GC(11) y: Compacted:         -                  -                  -                15M (1%)     
[2026-06-26T17:35:41.144-0300][47.855s][8748][8884 ][info][gc,phases   ] GC(11) y: Young Generation 1596M(52%)->1000M(33%) 0.041s
[2026-06-26T17:35:41.144-0300][47.856s][8748][8884 ][info][gc          ] GC(11) Minor Collection (Allocation Rate) 1596M(52%)->1000M(33%) 0.042s
[2026-06-26T17:35:41.144-0300][47.856s][8748][8884 ][info][gc          ] GC(12) Minor Collection (Allocation Rate)
[2026-06-26T17:35:41.144-0300][47.856s][8748][8884 ][info][gc,task     ] GC(12) Using 2 Workers for Young Generation
[2026-06-26T17:35:41.144-0300][47.856s][8748][8884 ][info][gc,phases   ] GC(12) y: Young Generation
[2026-06-26T17:35:41.144-0300][47.856s][8748][16824][info][gc,phases   ] GC(12) y: Pause Mark Start 0.018ms
[2026-06-26T17:35:41.184-0300][47.895s][8748][8884 ][info][gc,phases   ] GC(12) y: Concurrent Mark 38.760ms
[2026-06-26T17:35:41.184-0300][47.895s][8748][16824][info][gc,phases   ] GC(12) y: Pause Mark End 0.012ms
[2026-06-26T17:35:41.184-0300][47.895s][8748][8884 ][info][gc,phases   ] GC(12) y: Concurrent Mark Free 0.004ms
[2026-06-26T17:35:41.184-0300][47.895s][8748][8884 ][info][gc,phases   ] GC(12) y: Concurrent Reset Relocation Set 0.021ms
[2026-06-26T17:35:41.184-0300][47.895s][8748][8884 ][info][gc,reloc    ] GC(12) y: Using tenuring threshold: 1 (Computed)
[2026-06-26T17:35:41.191-0300][47.902s][8748][8884 ][info][gc,phases   ] GC(12) y: Concurrent Select Relocation Set 7.134ms
[2026-06-26T17:35:41.191-0300][47.902s][8748][16824][info][gc,phases   ] GC(12) y: Pause Relocate Start 0.013ms
[2026-06-26T17:35:41.204-0300][47.916s][8748][8884 ][info][gc,phases   ] GC(12) y: Concurrent Relocate 13.415ms
[2026-06-26T17:35:41.205-0300][47.916s][8748][8884 ][info][gc,alloc    ] GC(12) y:                         Mark Start        Mark End      Relocate Start    Relocate End   
[2026-06-26T17:35:41.205-0300][47.916s][8748][8884 ][info][gc,alloc    ] GC(12) y: Allocation Stalls:          0                0                0                0         
[2026-06-26T17:35:41.205-0300][47.916s][8748][8884 ][info][gc,load     ] GC(12) y: Load: 0.00 (0%) / 0.00 (0%) / 0.00 (0%)
[2026-06-26T17:35:41.205-0300][47.916s][8748][8884 ][info][gc,mmu      ] GC(12) y: MMU: 2ms/44.2%, 5ms/77.7%, 10ms/88.8%, 20ms/94.4%, 50ms/94.8%, 100ms/97.4%
[2026-06-26T17:35:41.205-0300][47.916s][8748][8884 ][info][gc,marking  ] GC(12) y: Mark: 2 stripe(s), 2 proactive flush(es), 1 terminate flush(es), 0 completion(s), 0 continuation(s) 
[2026-06-26T17:35:41.205-0300][47.916s][8748][8884 ][info][gc,nmethod  ] GC(12) y: NMethods: 11710 registered, 0 unregistered
[2026-06-26T17:35:41.205-0300][47.916s][8748][8884 ][info][gc,metaspace] GC(12) y: Metaspace: 61M used, 62M committed, 1088M reserved
[2026-06-26T17:35:41.205-0300][47.916s][8748][8884 ][info][gc,reloc    ] GC(12) y:                        Candidates     Selected     In-Place         Size        Empty    Relocated 
[2026-06-26T17:35:41.205-0300][47.916s][8748][8884 ][info][gc,reloc    ] GC(12) y: Small Pages:                   84           71            0         168M           4M           3M 
[2026-06-26T17:35:41.205-0300][47.916s][8748][8884 ][info][gc,reloc    ] GC(12) y: Medium Pages:                   1            0            0          32M           0M           0M 
[2026-06-26T17:35:41.205-0300][47.916s][8748][8884 ][info][gc,reloc    ] GC(12) y: Large Pages:                    0            0            0           0M           0M           0M 
[2026-06-26T17:35:41.205-0300][47.916s][8748][8884 ][info][gc,reloc    ] GC(12) y: Forwarding Usage: 1M
[2026-06-26T17:35:41.205-0300][47.916s][8748][8884 ][info][gc,reloc    ] GC(12) y: Age Table:
[2026-06-26T17:35:41.205-0300][47.916s][8748][8884 ][info][gc,reloc    ] GC(12) y:                    Live             Garbage             Small              Medium             Large        
[2026-06-26T17:35:41.205-0300][47.916s][8748][8884 ][info][gc,reloc    ] GC(12) y: Eden               2M (0%)          131M (4%)          67 / 63             0 / 0              0 / 0        
[2026-06-26T17:35:41.205-0300][47.916s][8748][8884 ][info][gc,reloc    ] GC(12) y: Survivor 1        16M (1%)           41M (1%)          13 / 6              1 / 0              0 / 0        
[2026-06-26T17:35:41.205-0300][47.916s][8748][8884 ][info][gc,reloc    ] GC(12) y: Survivor 2         2M (0%)            5M (0%)           4 / 2              0 / 0              0 / 0        
[2026-06-26T17:35:41.205-0300][47.916s][8748][8884 ][info][gc,heap     ] GC(12) y: Min Capacity: 8M(0%)
[2026-06-26T17:35:41.205-0300][47.916s][8748][8884 ][info][gc,heap     ] GC(12) y: Max Capacity: 3072M(100%)
[2026-06-26T17:35:41.205-0300][47.916s][8748][8884 ][info][gc,heap     ] GC(12) y: Soft Max Capacity: 3072M(100%)
[2026-06-26T17:35:41.205-0300][47.916s][8748][8884 ][info][gc,heap     ] GC(12) y: Heap Statistics:
[2026-06-26T17:35:41.205-0300][47.916s][8748][8884 ][info][gc,heap     ] GC(12) y:                Mark Start          Mark End        Relocate Start      Relocate End           High               Low         
[2026-06-26T17:35:41.205-0300][47.916s][8748][8884 ][info][gc,heap     ] GC(12) y:  Capacity:     3072M (100%)       3072M (100%)       3072M (100%)       3072M (100%)       3072M (100%)       3072M (100%)   
[2026-06-26T17:35:41.205-0300][47.916s][8748][8884 ][info][gc,heap     ] GC(12) y:      Free:     2072M (67%)        1898M (62%)        1880M (61%)        1984M (65%)        2072M (67%)        1874M (61%)    
[2026-06-26T17:35:41.205-0300][47.916s][8748][8884 ][info][gc,heap     ] GC(12) y:      Used:     1000M (33%)        1174M (38%)        1192M (39%)        1088M (35%)        1198M (39%)        1000M (33%)    
[2026-06-26T17:35:41.205-0300][47.916s][8748][8884 ][info][gc,heap     ] GC(12) y: Young Generation Statistics:
[2026-06-26T17:35:41.205-0300][47.916s][8748][8884 ][info][gc,heap     ] GC(12) y:                Mark Start          Mark End        Relocate Start      Relocate End    
[2026-06-26T17:35:41.205-0300][47.916s][8748][8884 ][info][gc,heap     ] GC(12) y:      Used:      200M (7%)          374M (12%)         344M (11%)         234M (8%)     
[2026-06-26T17:35:41.205-0300][47.916s][8748][8884 ][info][gc,heap     ] GC(12) y:      Live:         -                21M (1%)            5M (0%)            2M (0%)     
[2026-06-26T17:35:41.205-0300][47.916s][8748][8884 ][info][gc,heap     ] GC(12) y:   Garbage:         -               178M (6%)          142M (5%)            0M (0%)     
[2026-06-26T17:35:41.205-0300][47.916s][8748][8884 ][info][gc,heap     ] GC(12) y: Allocated:         -               174M (6%)          196M (6%)          231M (8%)     
[2026-06-26T17:35:41.205-0300][47.916s][8748][8884 ][info][gc,heap     ] GC(12) y: Reclaimed:         -                  -                35M (1%)          178M (6%)     
[2026-06-26T17:35:41.205-0300][47.916s][8748][8884 ][info][gc,heap     ] GC(12) y:  Promoted:         -                  -                16M (1%)           19M (1%)     
[2026-06-26T17:35:41.205-0300][47.916s][8748][8884 ][info][gc,heap     ] GC(12) y: Compacted:         -                  -                  -                 2M (0%)     
[2026-06-26T17:35:41.205-0300][47.916s][8748][8884 ][info][gc,phases   ] GC(12) y: Young Generation 1000M(33%)->1088M(35%) 0.060s
[2026-06-26T17:35:41.205-0300][47.916s][8748][8884 ][info][gc          ] GC(12) Minor Collection (Allocation Rate) 1000M(33%)->1092M(36%) 0.061s
[2026-06-26T17:35:41.205-0300][47.916s][8748][8884 ][info][gc          ] GC(13) Minor Collection (Allocation Rate)
[2026-06-26T17:35:41.205-0300][47.916s][8748][8884 ][info][gc,task     ] GC(13) Using 2 Workers for Young Generation
[2026-06-26T17:35:41.205-0300][47.916s][8748][8884 ][info][gc,phases   ] GC(13) y: Young Generation
[2026-06-26T17:35:41.205-0300][47.916s][8748][16824][info][gc,phases   ] GC(13) y: Pause Mark Start 0.011ms
[2026-06-26T17:35:41.223-0300][47.934s][8748][8884 ][info][gc,phases   ] GC(13) y: Concurrent Mark 17.457ms
[2026-06-26T17:35:41.223-0300][47.934s][8748][16824][info][gc,phases   ] GC(13) y: Pause Mark End 0.013ms
[2026-06-26T17:35:41.223-0300][47.934s][8748][8884 ][info][gc,phases   ] GC(13) y: Concurrent Mark Free 0.003ms
[2026-06-26T17:35:41.223-0300][47.934s][8748][8884 ][info][gc,phases   ] GC(13) y: Concurrent Reset Relocation Set 0.024ms
[2026-06-26T17:35:41.223-0300][47.934s][8748][8884 ][info][gc,reloc    ] GC(13) y: Using tenuring threshold: 2 (Computed)
[2026-06-26T17:35:41.224-0300][47.935s][8748][8884 ][info][gc,phases   ] GC(13) y: Concurrent Select Relocation Set 0.869ms
[2026-06-26T17:35:41.224-0300][47.935s][8748][16824][info][gc,phases   ] GC(13) y: Pause Relocate Start 0.006ms
[2026-06-26T17:35:41.227-0300][47.938s][8748][8884 ][info][gc,phases   ] GC(13) y: Concurrent Relocate 2.859ms
[2026-06-26T17:35:41.227-0300][47.938s][8748][8884 ][info][gc,alloc    ] GC(13) y:                         Mark Start        Mark End      Relocate Start    Relocate End   
[2026-06-26T17:35:41.227-0300][47.938s][8748][8884 ][info][gc,alloc    ] GC(13) y: Allocation Stalls:          0                0                0                0         
[2026-06-26T17:35:41.227-0300][47.938s][8748][8884 ][info][gc,load     ] GC(13) y: Load: 0.00 (0%) / 0.00 (0%) / 0.00 (0%)
[2026-06-26T17:35:41.227-0300][47.938s][8748][8884 ][info][gc,mmu      ] GC(13) y: MMU: 2ms/44.2%, 5ms/77.7%, 10ms/88.8%, 20ms/94.4%, 50ms/94.8%, 100ms/97.4%
[2026-06-26T17:35:41.227-0300][47.938s][8748][8884 ][info][gc,marking  ] GC(13) y: Mark: 2 stripe(s), 2 proactive flush(es), 1 terminate flush(es), 0 completion(s), 0 continuation(s) 
[2026-06-26T17:35:41.227-0300][47.938s][8748][8884 ][info][gc,nmethod  ] GC(13) y: NMethods: 11711 registered, 0 unregistered
[2026-06-26T17:35:41.227-0300][47.938s][8748][8884 ][info][gc,metaspace] GC(13) y: Metaspace: 61M used, 62M committed, 1088M reserved
[2026-06-26T17:35:41.227-0300][47.938s][8748][8884 ][info][gc,reloc    ] GC(13) y:                        Candidates     Selected     In-Place         Size        Empty    Relocated 
[2026-06-26T17:35:41.227-0300][47.938s][8748][8884 ][info][gc,reloc    ] GC(13) y: Small Pages:                  103           92            0         206M          14M           4M 
[2026-06-26T17:35:41.227-0300][47.938s][8748][8884 ][info][gc,reloc    ] GC(13) y: Medium Pages:                   1            0            0          32M           0M           0M 
[2026-06-26T17:35:41.227-0300][47.938s][8748][8884 ][info][gc,reloc    ] GC(13) y: Large Pages:                    0            0            0           0M           0M           0M 
[2026-06-26T17:35:41.227-0300][47.938s][8748][8884 ][info][gc,reloc    ] GC(13) y: Forwarding Usage: 1M
[2026-06-26T17:35:41.227-0300][47.938s][8748][8884 ][info][gc,reloc    ] GC(13) y: Age Table:
[2026-06-26T17:35:41.227-0300][47.938s][8748][8884 ][info][gc,reloc    ] GC(13) y:                    Live             Garbage             Small              Medium             Large        
[2026-06-26T17:35:41.227-0300][47.938s][8748][8884 ][info][gc,reloc    ] GC(13) y: Eden               5M (0%)          226M (7%)         100 / 91             1 / 0              0 / 0        
[2026-06-26T17:35:41.227-0300][47.938s][8748][8884 ][info][gc,reloc    ] GC(13) y: Survivor 1         2M (0%)            3M (0%)           3 / 1              0 / 0              0 / 0        
[2026-06-26T17:35:41.227-0300][47.938s][8748][8884 ][info][gc,heap     ] GC(13) y: Min Capacity: 8M(0%)
[2026-06-26T17:35:41.227-0300][47.938s][8748][8884 ][info][gc,heap     ] GC(13) y: Max Capacity: 3072M(100%)
[2026-06-26T17:35:41.227-0300][47.938s][8748][8884 ][info][gc,heap     ] GC(13) y: Soft Max Capacity: 3072M(100%)
[2026-06-26T17:35:41.227-0300][47.938s][8748][8884 ][info][gc,heap     ] GC(13) y: Heap Statistics:
[2026-06-26T17:35:41.227-0300][47.938s][8748][8884 ][info][gc,heap     ] GC(13) y:                Mark Start          Mark End        Relocate Start      Relocate End           High               Low         
[2026-06-26T17:35:41.227-0300][47.938s][8748][8884 ][info][gc,heap     ] GC(13) y:  Capacity:     3072M (100%)       3072M (100%)       3072M (100%)       3072M (100%)       3072M (100%)       3072M (100%)   
[2026-06-26T17:35:41.227-0300][47.938s][8748][8884 ][info][gc,heap     ] GC(13) y:      Free:     1980M (64%)        1914M (62%)        1928M (63%)        2094M (68%)        2098M (68%)        1914M (62%)    
[2026-06-26T17:35:41.227-0300][47.938s][8748][8884 ][info][gc,heap     ] GC(13) y:      Used:     1092M (36%)        1158M (38%)        1144M (37%)         978M (32%)        1158M (38%)         974M (32%)    
[2026-06-26T17:35:41.227-0300][47.938s][8748][8884 ][info][gc,heap     ] GC(13) y: Young Generation Statistics:
[2026-06-26T17:35:41.227-0300][47.938s][8748][8884 ][info][gc,heap     ] GC(13) y:                Mark Start          Mark End        Relocate Start      Relocate End    
[2026-06-26T17:35:41.227-0300][47.938s][8748][8884 ][info][gc,heap     ] GC(13) y:      Used:      238M (8%)          304M (10%)         290M (9%)          124M (4%)     
[2026-06-26T17:35:41.228-0300][47.939s][8748][8884 ][info][gc,heap     ] GC(13) y:      Live:         -                 7M (0%)            7M (0%)            7M (0%)     
[2026-06-26T17:35:41.228-0300][47.939s][8748][8884 ][info][gc,heap     ] GC(13) y:   Garbage:         -               230M (8%)          216M (7%)           32M (1%)     
[2026-06-26T17:35:41.228-0300][47.939s][8748][8884 ][info][gc,heap     ] GC(13) y: Allocated:         -                66M (2%)           66M (2%)           84M (3%)     
[2026-06-26T17:35:41.228-0300][47.939s][8748][8884 ][info][gc,heap     ] GC(13) y: Reclaimed:         -                  -                14M (0%)          198M (6%)     
[2026-06-26T17:35:41.228-0300][47.939s][8748][8884 ][info][gc,heap     ] GC(13) y:  Promoted:         -                  -                 0M (0%)            0M (0%)     
[2026-06-26T17:35:41.228-0300][47.939s][8748][8884 ][info][gc,heap     ] GC(13) y: Compacted:         -                  -                  -                 5M (0%)     
[2026-06-26T17:35:41.228-0300][47.939s][8748][8884 ][info][gc,phases   ] GC(13) y: Young Generation 1092M(36%)->978M(32%) 0.022s
[2026-06-26T17:35:41.228-0300][47.939s][8748][8884 ][info][gc          ] GC(13) Minor Collection (Allocation Rate) 1092M(36%)->978M(32%) 0.022s
[2026-06-26T17:35:41.235-0300][47.946s][8748][8884 ][info][gc          ] GC(14) Minor Collection (Allocation Rate)
[2026-06-26T17:35:41.235-0300][47.946s][8748][8884 ][info][gc,task     ] GC(14) Using 2 Workers for Young Generation
[2026-06-26T17:35:41.235-0300][47.946s][8748][8884 ][info][gc,phases   ] GC(14) y: Young Generation
[2026-06-26T17:35:41.235-0300][47.946s][8748][16824][info][gc,phases   ] GC(14) y: Pause Mark Start 0.012ms
[2026-06-26T17:35:41.254-0300][47.965s][8748][8884 ][info][gc,phases   ] GC(14) y: Concurrent Mark 18.863ms
[2026-06-26T17:35:41.254-0300][47.965s][8748][16824][info][gc,phases   ] GC(14) y: Pause Mark End 0.019ms
[2026-06-26T17:35:41.254-0300][47.965s][8748][8884 ][info][gc,phases   ] GC(14) y: Concurrent Mark Free 0.008ms
[2026-06-26T17:35:41.254-0300][47.965s][8748][8884 ][info][gc,phases   ] GC(14) y: Concurrent Reset Relocation Set 0.017ms
[2026-06-26T17:35:41.254-0300][47.966s][8748][8884 ][info][gc,reloc    ] GC(14) y: Using tenuring threshold: 3 (Computed)
[2026-06-26T17:35:41.255-0300][47.966s][8748][8884 ][info][gc,phases   ] GC(14) y: Concurrent Select Relocation Set 0.377ms
[2026-06-26T17:35:41.255-0300][47.966s][8748][16824][info][gc,phases   ] GC(14) y: Pause Relocate Start 0.012ms
[2026-06-26T17:35:41.257-0300][47.969s][8748][8884 ][info][gc,phases   ] GC(14) y: Concurrent Relocate 2.539ms
[2026-06-26T17:35:41.258-0300][47.969s][8748][8884 ][info][gc,alloc    ] GC(14) y:                         Mark Start        Mark End      Relocate Start    Relocate End   
[2026-06-26T17:35:41.258-0300][47.969s][8748][8884 ][info][gc,alloc    ] GC(14) y: Allocation Stalls:          0                0                0                0         
[2026-06-26T17:35:41.258-0300][47.969s][8748][8884 ][info][gc,load     ] GC(14) y: Load: 0.00 (0%) / 0.00 (0%) / 0.00 (0%)
[2026-06-26T17:35:41.258-0300][47.969s][8748][8884 ][info][gc,mmu      ] GC(14) y: MMU: 2ms/44.2%, 5ms/77.7%, 10ms/88.8%, 20ms/94.4%, 50ms/94.8%, 100ms/97.4%
[2026-06-26T17:35:41.258-0300][47.969s][8748][8884 ][info][gc,marking  ] GC(14) y: Mark: 2 stripe(s), 2 proactive flush(es), 1 terminate flush(es), 0 completion(s), 0 continuation(s) 
[2026-06-26T17:35:41.258-0300][47.969s][8748][8884 ][info][gc,nmethod  ] GC(14) y: NMethods: 11711 registered, 0 unregistered
[2026-06-26T17:35:41.258-0300][47.969s][8748][8884 ][info][gc,metaspace] GC(14) y: Metaspace: 61M used, 62M committed, 1088M reserved
[2026-06-26T17:35:41.258-0300][47.969s][8748][8884 ][info][gc,reloc    ] GC(14) y:                        Candidates     Selected     In-Place         Size        Empty    Relocated 
[2026-06-26T17:35:41.258-0300][47.969s][8748][8884 ][info][gc,reloc    ] GC(14) y: Small Pages:                   61           48            0         122M          14M           3M 
[2026-06-26T17:35:41.258-0300][47.969s][8748][8884 ][info][gc,reloc    ] GC(14) y: Medium Pages:                   1            0            0          32M           0M           0M 
[2026-06-26T17:35:41.258-0300][47.969s][8748][8884 ][info][gc,reloc    ] GC(14) y: Large Pages:                    0            0            0           0M           0M           0M 
[2026-06-26T17:35:41.258-0300][47.969s][8748][8884 ][info][gc,reloc    ] GC(14) y: Forwarding Usage: 1M
[2026-06-26T17:35:41.258-0300][47.969s][8748][8884 ][info][gc,reloc    ] GC(14) y: Age Table:
[2026-06-26T17:35:41.258-0300][47.969s][8748][8884 ][info][gc,reloc    ] GC(14) y:                    Live             Garbage             Small              Medium             Large        
[2026-06-26T17:35:41.258-0300][47.969s][8748][8884 ][info][gc,reloc    ] GC(14) y: Eden               3M (0%)          102M (3%)          53 / 45             0 / 0              0 / 0        
[2026-06-26T17:35:41.258-0300][47.969s][8748][8884 ][info][gc,reloc    ] GC(14) y: Survivor 1         4M (0%)           37M (1%)           5 / 2              1 / 0              0 / 0        
[2026-06-26T17:35:41.258-0300][47.969s][8748][8884 ][info][gc,reloc    ] GC(14) y: Survivor 2         2M (0%)            3M (0%)           3 / 1              0 / 0              0 / 0        
[2026-06-26T17:35:41.258-0300][47.969s][8748][8884 ][info][gc,heap     ] GC(14) y: Min Capacity: 8M(0%)
[2026-06-26T17:35:41.258-0300][47.969s][8748][8884 ][info][gc,heap     ] GC(14) y: Max Capacity: 3072M(100%)
[2026-06-26T17:35:41.258-0300][47.969s][8748][8884 ][info][gc,heap     ] GC(14) y: Soft Max Capacity: 3072M(100%)
[2026-06-26T17:35:41.258-0300][47.969s][8748][8884 ][info][gc,heap     ] GC(14) y: Heap Statistics:
[2026-06-26T17:35:41.258-0300][47.969s][8748][8884 ][info][gc,heap     ] GC(14) y:                Mark Start          Mark End        Relocate Start      Relocate End           High               Low         
[2026-06-26T17:35:41.258-0300][47.969s][8748][8884 ][info][gc,heap     ] GC(14) y:  Capacity:     3072M (100%)       3072M (100%)       3072M (100%)       3072M (100%)       3072M (100%)       3072M (100%)   
[2026-06-26T17:35:41.258-0300][47.969s][8748][8884 ][info][gc,heap     ] GC(14) y:      Free:     2064M (67%)        1994M (65%)        2006M (65%)        2082M (68%)        2088M (68%)        1994M (65%)    
[2026-06-26T17:35:41.258-0300][47.969s][8748][8884 ][info][gc,heap     ] GC(14) y:      Used:     1008M (33%)        1078M (35%)        1066M (35%)         990M (32%)        1078M (35%)         984M (32%)    
[2026-06-26T17:35:41.258-0300][47.969s][8748][8884 ][info][gc,heap     ] GC(14) y: Young Generation Statistics:
[2026-06-26T17:35:41.258-0300][47.969s][8748][8884 ][info][gc,heap     ] GC(14) y:                Mark Start          Mark End        Relocate Start      Relocate End    
[2026-06-26T17:35:41.258-0300][47.969s][8748][8884 ][info][gc,heap     ] GC(14) y:      Used:      154M (5%)          224M (7%)          212M (7%)          136M (4%)     
[2026-06-26T17:35:41.258-0300][47.969s][8748][8884 ][info][gc,heap     ] GC(14) y:      Live:         -                10M (0%)           10M (0%)           10M (0%)     
[2026-06-26T17:35:41.258-0300][47.969s][8748][8884 ][info][gc,heap     ] GC(14) y:   Garbage:         -               143M (5%)          129M (4%)           32M (1%)     
[2026-06-26T17:35:41.258-0300][47.969s][8748][8884 ][info][gc,heap     ] GC(14) y: Allocated:         -                70M (2%)           72M (2%)           93M (3%)     
[2026-06-26T17:35:41.258-0300][47.969s][8748][8884 ][info][gc,heap     ] GC(14) y: Reclaimed:         -                  -                14M (0%)          111M (4%)     
[2026-06-26T17:35:41.258-0300][47.969s][8748][8884 ][info][gc,heap     ] GC(14) y:  Promoted:         -                  -                 0M (0%)            0M (0%)     
[2026-06-26T17:35:41.258-0300][47.969s][8748][8884 ][info][gc,heap     ] GC(14) y: Compacted:         -                  -                  -                 4M (0%)     
[2026-06-26T17:35:41.258-0300][47.969s][8748][8884 ][info][gc,phases   ] GC(14) y: Young Generation 1008M(33%)->990M(32%) 0.022s
[2026-06-26T17:35:41.258-0300][47.969s][8748][8884 ][info][gc          ] GC(14) Minor Collection (Allocation Rate) 1008M(33%)->994M(32%) 0.023s
[2026-06-26T17:35:41.611-0300][48.322s][8748][8884 ][info][gc          ] GC(15) Minor Collection (Allocation Rate)
[2026-06-26T17:35:41.611-0300][48.322s][8748][8884 ][info][gc,task     ] GC(15) Using 2 Workers for Young Generation
[2026-06-26T17:35:41.611-0300][48.322s][8748][8884 ][info][gc,phases   ] GC(15) y: Young Generation
[2026-06-26T17:35:41.611-0300][48.322s][8748][16824][info][gc,phases   ] GC(15) y: Pause Mark Start 0.010ms
[2026-06-26T17:35:41.686-0300][48.399s][8748][8884 ][info][gc,phases   ] GC(15) y: Concurrent Mark 76.219ms
[2026-06-26T17:35:41.688-0300][48.399s][8748][16824][info][gc,phases   ] GC(15) y: Pause Mark End 0.017ms
[2026-06-26T17:35:41.688-0300][48.399s][8748][8884 ][info][gc,phases   ] GC(15) y: Concurrent Mark Free 0.005ms
[2026-06-26T17:35:41.688-0300][48.399s][8748][8884 ][info][gc,phases   ] GC(15) y: Concurrent Reset Relocation Set 0.005ms
[2026-06-26T17:35:41.688-0300][48.399s][8748][8884 ][info][gc,reloc    ] GC(15) y: Using tenuring threshold: 2 (Computed)
[2026-06-26T17:35:41.692-0300][48.403s][8748][8884 ][info][gc,phases   ] GC(15) y: Concurrent Select Relocation Set 4.468ms
[2026-06-26T17:35:41.692-0300][48.403s][8748][16824][info][gc,phases   ] GC(15) y: Pause Relocate Start 0.017ms
[2026-06-26T17:35:41.709-0300][48.421s][8748][8884 ][info][gc,phases   ] GC(15) y: Concurrent Relocate 17.272ms
[2026-06-26T17:35:41.709-0300][48.421s][8748][8884 ][info][gc,alloc    ] GC(15) y:                         Mark Start        Mark End      Relocate Start    Relocate End   
[2026-06-26T17:35:41.709-0300][48.421s][8748][8884 ][info][gc,alloc    ] GC(15) y: Allocation Stalls:          0                0                0                0         
[2026-06-26T17:35:41.709-0300][48.421s][8748][8884 ][info][gc,load     ] GC(15) y: Load: 0.00 (0%) / 0.00 (0%) / 0.00 (0%)
[2026-06-26T17:35:41.709-0300][48.421s][8748][8884 ][info][gc,mmu      ] GC(15) y: MMU: 2ms/44.2%, 5ms/77.7%, 10ms/88.8%, 20ms/94.4%, 50ms/94.8%, 100ms/97.4%
[2026-06-26T17:35:41.709-0300][48.421s][8748][8884 ][info][gc,marking  ] GC(15) y: Mark: 2 stripe(s), 2 proactive flush(es), 1 terminate flush(es), 0 completion(s), 0 continuation(s) 
[2026-06-26T17:35:41.709-0300][48.421s][8748][8884 ][info][gc,nmethod  ] GC(15) y: NMethods: 11729 registered, 0 unregistered
[2026-06-26T17:35:41.709-0300][48.421s][8748][8884 ][info][gc,metaspace] GC(15) y: Metaspace: 61M used, 62M committed, 1088M reserved
[2026-06-26T17:35:41.709-0300][48.421s][8748][8884 ][info][gc,reloc    ] GC(15) y:                        Candidates     Selected     In-Place         Size        Empty    Relocated 
[2026-06-26T17:35:41.709-0300][48.421s][8748][8884 ][info][gc,reloc    ] GC(15) y: Small Pages:                  645          547            0        1290M         120M          15M 
[2026-06-26T17:35:41.709-0300][48.421s][8748][8884 ][info][gc,reloc    ] GC(15) y: Medium Pages:                   2            0            0          64M          32M           0M 
[2026-06-26T17:35:41.709-0300][48.421s][8748][8884 ][info][gc,reloc    ] GC(15) y: Large Pages:                    0            0            0           0M           0M           0M 
[2026-06-26T17:35:41.709-0300][48.421s][8748][8884 ][info][gc,reloc    ] GC(15) y: Forwarding Usage: 7M
[2026-06-26T17:35:41.709-0300][48.421s][8748][8884 ][info][gc,reloc    ] GC(15) y: Age Table:
[2026-06-26T17:35:41.709-0300][48.421s][8748][8884 ][info][gc,reloc    ] GC(15) y:                    Live             Garbage             Small              Medium             Large        
[2026-06-26T17:35:41.709-0300][48.421s][8748][8884 ][info][gc,reloc    ] GC(15) y: Eden              54M (2%)         1245M (41%)        634 / 545            1 / 0              0 / 0        
[2026-06-26T17:35:41.709-0300][48.421s][8748][8884 ][info][gc,reloc    ] GC(15) y: Survivor 1         2M (0%)            7M (0%)           5 / 1              0 / 0              0 / 0        
[2026-06-26T17:35:41.709-0300][48.421s][8748][8884 ][info][gc,reloc    ] GC(15) y: Survivor 2         4M (0%)           35M (1%)           4 / 1              1 / 0              0 / 0        
[2026-06-26T17:35:41.709-0300][48.421s][8748][8884 ][info][gc,reloc    ] GC(15) y: Survivor 3         2M (0%)            1M (0%)           2 / 0              0 / 0              0 / 0        
[2026-06-26T17:35:41.710-0300][48.421s][8748][8884 ][info][gc,heap     ] GC(15) y: Min Capacity: 8M(0%)
[2026-06-26T17:35:41.710-0300][48.421s][8748][8884 ][info][gc,heap     ] GC(15) y: Max Capacity: 3072M(100%)
[2026-06-26T17:35:41.710-0300][48.421s][8748][8884 ][info][gc,heap     ] GC(15) y: Soft Max Capacity: 3072M(100%)
[2026-06-26T17:35:41.710-0300][48.421s][8748][8884 ][info][gc,heap     ] GC(15) y: Heap Statistics:
[2026-06-26T17:35:41.710-0300][48.421s][8748][8884 ][info][gc,heap     ] GC(15) y:                Mark Start          Mark End        Relocate Start      Relocate End           High               Low         
[2026-06-26T17:35:41.710-0300][48.421s][8748][8884 ][info][gc,heap     ] GC(15) y:  Capacity:     3072M (100%)       3072M (100%)       3072M (100%)       3072M (100%)       3072M (100%)       3072M (100%)   
[2026-06-26T17:35:41.710-0300][48.421s][8748][8884 ][info][gc,heap     ] GC(15) y:      Free:      864M (28%)         564M (18%)         704M (23%)        1740M (57%)        1754M (57%)         564M (18%)    
[2026-06-26T17:35:41.710-0300][48.421s][8748][8884 ][info][gc,heap     ] GC(15) y:      Used:     2208M (72%)        2508M (82%)        2368M (77%)        1332M (43%)        2508M (82%)        1318M (43%)    
[2026-06-26T17:35:41.710-0300][48.421s][8748][8884 ][info][gc,heap     ] GC(15) y: Young Generation Statistics:
[2026-06-26T17:35:41.710-0300][48.421s][8748][8884 ][info][gc,heap     ] GC(15) y:                Mark Start          Mark End        Relocate Start      Relocate End    
[2026-06-26T17:35:41.710-0300][48.421s][8748][8884 ][info][gc,heap     ] GC(15) y:      Used:     1354M (44%)        1654M (54%)        1510M (49%)         470M (15%)    
[2026-06-26T17:35:41.710-0300][48.421s][8748][8884 ][info][gc,heap     ] GC(15) y:      Live:         -                63M (2%)           60M (2%)           57M (2%)     
[2026-06-26T17:35:41.710-0300][48.421s][8748][8884 ][info][gc,heap     ] GC(15) y:   Garbage:         -              1290M (42%)        1137M (37%)          39M (1%)     
[2026-06-26T17:35:41.710-0300][48.421s][8748][8884 ][info][gc,heap     ] GC(15) y: Allocated:         -               300M (10%)         312M (10%)         372M (12%)    
[2026-06-26T17:35:41.710-0300][48.421s][8748][8884 ][info][gc,heap     ] GC(15) y: Reclaimed:         -                  -               152M (5%)         1250M (41%)    
[2026-06-26T17:35:41.710-0300][48.421s][8748][8884 ][info][gc,heap     ] GC(15) y:  Promoted:         -                  -                 3M (0%)            6M (0%)     
[2026-06-26T17:35:41.710-0300][48.421s][8748][8884 ][info][gc,heap     ] GC(15) y: Compacted:         -                  -                  -                21M (1%)     
[2026-06-26T17:35:41.710-0300][48.421s][8748][8884 ][info][gc,phases   ] GC(15) y: Young Generation 2208M(72%)->1332M(43%) 0.099s
[2026-06-26T17:35:41.710-0300][48.421s][8748][8884 ][info][gc          ] GC(15) Minor Collection (Allocation Rate) 2208M(72%)->1332M(43%) 0.099s
[2026-06-26T17:35:41.748-0300][48.459s][8748][8884 ][info][gc          ] GC(16) Minor Collection (Allocation Rate)
[2026-06-26T17:35:41.748-0300][48.459s][8748][8884 ][info][gc,task     ] GC(16) Using 2 Workers for Young Generation
[2026-06-26T17:35:41.748-0300][48.459s][8748][8884 ][info][gc,phases   ] GC(16) y: Young Generation
[2026-06-26T17:35:41.748-0300][48.460s][8748][16824][info][gc,phases   ] GC(16) y: Pause Mark Start 0.009ms
[2026-06-26T17:35:41.846-0300][48.557s][8748][8884 ][info][gc,phases   ] GC(16) y: Concurrent Mark 97.566ms
[2026-06-26T17:35:41.846-0300][48.557s][8748][16824][info][gc,phases   ] GC(16) y: Pause Mark End 0.014ms
[2026-06-26T17:35:41.846-0300][48.557s][8748][8884 ][info][gc,phases   ] GC(16) y: Concurrent Mark Free 0.005ms
[2026-06-26T17:35:41.846-0300][48.557s][8748][8884 ][info][gc,phases   ] GC(16) y: Concurrent Reset Relocation Set 0.041ms
[2026-06-26T17:35:41.846-0300][48.558s][8748][8884 ][info][gc,reloc    ] GC(16) y: Using tenuring threshold: 1 (Computed)
[2026-06-26T17:35:41.866-0300][48.577s][8748][8884 ][info][gc,phases   ] GC(16) y: Concurrent Select Relocation Set 19.696ms
[2026-06-26T17:35:41.866-0300][48.577s][8748][16824][info][gc,phases   ] GC(16) y: Pause Relocate Start 0.011ms
[2026-06-26T17:35:41.905-0300][48.616s][8748][8884 ][info][gc,phases   ] GC(16) y: Concurrent Relocate 38.889ms
[2026-06-26T17:35:41.905-0300][48.616s][8748][8884 ][info][gc,alloc    ] GC(16) y:                         Mark Start        Mark End      Relocate Start    Relocate End   
[2026-06-26T17:35:41.905-0300][48.616s][8748][8884 ][info][gc,alloc    ] GC(16) y: Allocation Stalls:          0                0                0                0         
[2026-06-26T17:35:41.905-0300][48.616s][8748][8884 ][info][gc,load     ] GC(16) y: Load: 0.00 (0%) / 0.00 (0%) / 0.00 (0%)
[2026-06-26T17:35:41.905-0300][48.616s][8748][8884 ][info][gc,mmu      ] GC(16) y: MMU: 2ms/44.2%, 5ms/77.7%, 10ms/88.8%, 20ms/94.4%, 50ms/94.8%, 100ms/97.4%
[2026-06-26T17:35:41.905-0300][48.616s][8748][8884 ][info][gc,marking  ] GC(16) y: Mark: 2 stripe(s), 2 proactive flush(es), 1 terminate flush(es), 0 completion(s), 0 continuation(s) 
[2026-06-26T17:35:41.905-0300][48.616s][8748][8884 ][info][gc,nmethod  ] GC(16) y: NMethods: 11842 registered, 0 unregistered
[2026-06-26T17:35:41.905-0300][48.616s][8748][8884 ][info][gc,metaspace] GC(16) y: Metaspace: 61M used, 62M committed, 1088M reserved
[2026-06-26T17:35:41.905-0300][48.616s][8748][8884 ][info][gc,reloc    ] GC(16) y:                        Candidates     Selected     In-Place         Size        Empty    Relocated 
[2026-06-26T17:35:41.905-0300][48.616s][8748][8884 ][info][gc,reloc    ] GC(16) y: Small Pages:                  266          208            0         532M          36M           7M 
[2026-06-26T17:35:41.905-0300][48.616s][8748][8884 ][info][gc,reloc    ] GC(16) y: Medium Pages:                   2            1            0          64M           0M           5M 
[2026-06-26T17:35:41.905-0300][48.616s][8748][8884 ][info][gc,reloc    ] GC(16) y: Large Pages:                    0            0            0           0M           0M           0M 
[2026-06-26T17:35:41.905-0300][48.616s][8748][8884 ][info][gc,reloc    ] GC(16) y: Forwarding Usage: 4M
[2026-06-26T17:35:41.905-0300][48.616s][8748][8884 ][info][gc,reloc    ] GC(16) y: Age Table:
[2026-06-26T17:35:41.905-0300][48.617s][8748][8884 ][info][gc,reloc    ] GC(16) y:                    Live             Garbage             Small              Medium             Large        
[2026-06-26T17:35:41.905-0300][48.617s][8748][8884 ][info][gc,reloc    ] GC(16) y: Eden              13M (0%)          470M (15%)        226 / 202            1 / 0              0 / 0        
[2026-06-26T17:35:41.905-0300][48.617s][8748][8884 ][info][gc,reloc    ] GC(16) y: Survivor 1        54M (2%)           47M (2%)          35 / 4              1 / 1              0 / 0        
[2026-06-26T17:35:41.905-0300][48.617s][8748][8884 ][info][gc,reloc    ] GC(16) y: Survivor 2         2M (0%)            7M (0%)           5 / 2              0 / 0              0 / 0        
[2026-06-26T17:35:41.905-0300][48.617s][8748][8884 ][info][gc,heap     ] GC(16) y: Min Capacity: 8M(0%)
[2026-06-26T17:35:41.905-0300][48.617s][8748][8884 ][info][gc,heap     ] GC(16) y: Max Capacity: 3072M(100%)
[2026-06-26T17:35:41.905-0300][48.617s][8748][8884 ][info][gc,heap     ] GC(16) y: Soft Max Capacity: 3072M(100%)
[2026-06-26T17:35:41.905-0300][48.617s][8748][8884 ][info][gc,heap     ] GC(16) y: Heap Statistics:
[2026-06-26T17:35:41.905-0300][48.617s][8748][8884 ][info][gc,heap     ] GC(16) y:                Mark Start          Mark End        Relocate Start      Relocate End           High               Low         
[2026-06-26T17:35:41.905-0300][48.617s][8748][8884 ][info][gc,heap     ] GC(16) y:  Capacity:     3072M (100%)       3072M (100%)       3072M (100%)       3072M (100%)       3072M (100%)       3072M (100%)   
[2026-06-26T17:35:41.905-0300][48.617s][8748][8884 ][info][gc,heap     ] GC(16) y:      Free:     1614M (53%)        1324M (43%)        1298M (42%)        1554M (51%)        1642M (53%)        1202M (39%)    
[2026-06-26T17:35:41.905-0300][48.617s][8748][8884 ][info][gc,heap     ] GC(16) y:      Used:     1458M (47%)        1748M (57%)        1774M (58%)        1518M (49%)        1870M (61%)        1430M (47%)    
[2026-06-26T17:35:41.905-0300][48.617s][8748][8884 ][info][gc,heap     ] GC(16) y: Young Generation Statistics:
[2026-06-26T17:35:41.905-0300][48.617s][8748][8884 ][info][gc,heap     ] GC(16) y:                Mark Start          Mark End        Relocate Start      Relocate End    
[2026-06-26T17:35:41.905-0300][48.617s][8748][8884 ][info][gc,heap     ] GC(16) y:      Used:      596M (19%)         886M (29%)         854M (28%)         528M (17%)    
[2026-06-26T17:35:41.905-0300][48.617s][8748][8884 ][info][gc,heap     ] GC(16) y:      Live:         -                71M (2%)           25M (1%)           13M (0%)     
[2026-06-26T17:35:41.905-0300][48.617s][8748][8884 ][info][gc,heap     ] GC(16) y:   Garbage:         -               524M (17%)         476M (16%)           2M (0%)     
[2026-06-26T17:35:41.905-0300][48.617s][8748][8884 ][info][gc,heap     ] GC(16) y: Allocated:         -               290M (9%)          352M (11%)         512M (17%)    
[2026-06-26T17:35:41.905-0300][48.617s][8748][8884 ][info][gc,heap     ] GC(16) y: Reclaimed:         -                  -                48M (2%)          522M (17%)    
[2026-06-26T17:35:41.905-0300][48.617s][8748][8884 ][info][gc,heap     ] GC(16) y:  Promoted:         -                  -                45M (1%)           57M (2%)     
[2026-06-26T17:35:41.905-0300][48.617s][8748][8884 ][info][gc,heap     ] GC(16) y: Compacted:         -                  -                  -                 9M (0%)     
[2026-06-26T17:35:41.905-0300][48.617s][8748][8884 ][info][gc,phases   ] GC(16) y: Young Generation 1458M(47%)->1518M(49%) 0.157s
[2026-06-26T17:35:41.905-0300][48.617s][8748][8884 ][info][gc          ] GC(16) Minor Collection (Allocation Rate) 1458M(47%)->1524M(50%) 0.157s
[2026-06-26T17:35:41.905-0300][48.617s][8748][8884 ][info][gc          ] GC(17) Minor Collection (Allocation Rate)
[2026-06-26T17:35:41.905-0300][48.617s][8748][8884 ][info][gc,task     ] GC(17) Using 2 Workers for Young Generation
[2026-06-26T17:35:41.905-0300][48.617s][8748][8884 ][info][gc,phases   ] GC(17) y: Young Generation
[2026-06-26T17:35:41.905-0300][48.617s][8748][16824][info][gc,phases   ] GC(17) y: Pause Mark Start 0.012ms
[2026-06-26T17:35:41.943-0300][48.654s][8748][8884 ][info][gc,phases   ] GC(17) y: Concurrent Mark 36.640ms
[2026-06-26T17:35:41.943-0300][48.654s][8748][16824][info][gc,phases   ] GC(17) y: Pause Mark End 0.011ms
[2026-06-26T17:35:41.943-0300][48.654s][8748][8884 ][info][gc,phases   ] GC(17) y: Concurrent Mark Free 0.003ms
[2026-06-26T17:35:41.943-0300][48.654s][8748][8884 ][info][gc,phases   ] GC(17) y: Concurrent Reset Relocation Set 0.069ms
[2026-06-26T17:35:41.943-0300][48.654s][8748][8884 ][info][gc,reloc    ] GC(17) y: Using tenuring threshold: 1 (Computed)
[2026-06-26T17:35:41.948-0300][48.659s][8748][8884 ][info][gc,phases   ] GC(17) y: Concurrent Select Relocation Set 4.810ms
[2026-06-26T17:35:41.948-0300][48.659s][8748][16824][info][gc,phases   ] GC(17) y: Pause Relocate Start 0.010ms
[2026-06-26T17:35:41.959-0300][48.670s][8748][8884 ][info][gc,phases   ] GC(17) y: Concurrent Relocate 11.127ms
[2026-06-26T17:35:41.959-0300][48.670s][8748][8884 ][info][gc,alloc    ] GC(17) y:                         Mark Start        Mark End      Relocate Start    Relocate End   
[2026-06-26T17:35:41.959-0300][48.670s][8748][8884 ][info][gc,alloc    ] GC(17) y: Allocation Stalls:          0                0                0                0         
[2026-06-26T17:35:41.959-0300][48.670s][8748][8884 ][info][gc,load     ] GC(17) y: Load: 0.00 (0%) / 0.00 (0%) / 0.00 (0%)
[2026-06-26T17:35:41.959-0300][48.670s][8748][8884 ][info][gc,mmu      ] GC(17) y: MMU: 2ms/44.2%, 5ms/77.7%, 10ms/88.8%, 20ms/94.4%, 50ms/94.8%, 100ms/97.4%
[2026-06-26T17:35:41.959-0300][48.670s][8748][8884 ][info][gc,marking  ] GC(17) y: Mark: 2 stripe(s), 7 proactive flush(es), 1 terminate flush(es), 0 completion(s), 0 continuation(s) 
[2026-06-26T17:35:41.959-0300][48.670s][8748][8884 ][info][gc,nmethod  ] GC(17) y: NMethods: 11865 registered, 0 unregistered
[2026-06-26T17:35:41.959-0300][48.670s][8748][8884 ][info][gc,metaspace] GC(17) y: Metaspace: 61M used, 62M committed, 1088M reserved
[2026-06-26T17:35:41.959-0300][48.670s][8748][8884 ][info][gc,reloc    ] GC(17) y:                        Candidates     Selected     In-Place         Size        Empty    Relocated 
[2026-06-26T17:35:41.959-0300][48.670s][8748][8884 ][info][gc,reloc    ] GC(17) y: Small Pages:                  251          221            0         502M          42M           5M 
[2026-06-26T17:35:41.959-0300][48.670s][8748][8884 ][info][gc,reloc    ] GC(17) y: Medium Pages:                   1            0            0          32M           0M           0M 
[2026-06-26T17:35:41.959-0300][48.670s][8748][8884 ][info][gc,reloc    ] GC(17) y: Large Pages:                    0            0            0           0M           0M           0M 
[2026-06-26T17:35:41.959-0300][48.670s][8748][8884 ][info][gc,reloc    ] GC(17) y: Forwarding Usage: 1M
[2026-06-26T17:35:41.959-0300][48.670s][8748][8884 ][info][gc,reloc    ] GC(17) y: Age Table:
[2026-06-26T17:35:41.959-0300][48.670s][8748][8884 ][info][gc,reloc    ] GC(17) y:                    Live             Garbage             Small              Medium             Large        
[2026-06-26T17:35:41.959-0300][48.670s][8748][8884 ][info][gc,reloc    ] GC(17) y: Eden               3M (0%)          472M (15%)        238 / 214            0 / 0              0 / 0        
[2026-06-26T17:35:41.959-0300][48.670s][8748][8884 ][info][gc,reloc    ] GC(17) y: Survivor 1        13M (0%)           44M (1%)          13 / 7              1 / 0              0 / 0        
[2026-06-26T17:35:41.959-0300][48.670s][8748][8884 ][info][gc,heap     ] GC(17) y: Min Capacity: 8M(0%)
[2026-06-26T17:35:41.959-0300][48.670s][8748][8884 ][info][gc,heap     ] GC(17) y: Max Capacity: 3072M(100%)
[2026-06-26T17:35:41.959-0300][48.670s][8748][8884 ][info][gc,heap     ] GC(17) y: Soft Max Capacity: 3072M(100%)
[2026-06-26T17:35:41.959-0300][48.670s][8748][8884 ][info][gc,heap     ] GC(17) y: Heap Statistics:
[2026-06-26T17:35:41.959-0300][48.670s][8748][8884 ][info][gc,heap     ] GC(17) y:                Mark Start          Mark End        Relocate Start      Relocate End           High               Low         
[2026-06-26T17:35:41.959-0300][48.670s][8748][8884 ][info][gc,heap     ] GC(17) y:  Capacity:     3072M (100%)       3072M (100%)       3072M (100%)       3072M (100%)       3072M (100%)       3072M (100%)   
[2026-06-26T17:35:41.959-0300][48.670s][8748][8884 ][info][gc,heap     ] GC(17) y:      Free:     1548M (50%)        1448M (47%)        1482M (48%)        1892M (62%)        1914M (62%)        1448M (47%)    
[2026-06-26T17:35:41.959-0300][48.670s][8748][8884 ][info][gc,heap     ] GC(17) y:      Used:     1524M (50%)        1624M (53%)        1590M (52%)        1180M (38%)        1624M (53%)        1158M (38%)    
[2026-06-26T17:35:41.959-0300][48.670s][8748][8884 ][info][gc,heap     ] GC(17) y: Young Generation Statistics:
[2026-06-26T17:35:41.959-0300][48.670s][8748][8884 ][info][gc,heap     ] GC(17) y:                Mark Start          Mark End        Relocate Start      Relocate End    
[2026-06-26T17:35:41.959-0300][48.670s][8748][8884 ][info][gc,heap     ] GC(17) y:      Used:      534M (17%)         634M (21%)         558M (18%)         144M (5%)     
[2026-06-26T17:35:41.959-0300][48.670s][8748][8884 ][info][gc,heap     ] GC(17) y:      Live:         -                17M (1%)            6M (0%)            3M (0%)     
[2026-06-26T17:35:41.959-0300][48.670s][8748][8884 ][info][gc,heap     ] GC(17) y:   Garbage:         -               516M (17%)         443M (14%)           0M (0%)     
[2026-06-26T17:35:41.959-0300][48.671s][8748][8884 ][info][gc,heap     ] GC(17) y: Allocated:         -               100M (3%)          108M (4%)          140M (5%)     
[2026-06-26T17:35:41.959-0300][48.671s][8748][8884 ][info][gc,heap     ] GC(17) y: Reclaimed:         -                  -                73M (2%)          516M (17%)    
[2026-06-26T17:35:41.959-0300][48.671s][8748][8884 ][info][gc,heap     ] GC(17) y:  Promoted:         -                  -                10M (0%)           13M (0%)     
[2026-06-26T17:35:41.959-0300][48.671s][8748][8884 ][info][gc,heap     ] GC(17) y: Compacted:         -                  -                  -                 3M (0%)     
[2026-06-26T17:35:41.960-0300][48.671s][8748][8884 ][info][gc,phases   ] GC(17) y: Young Generation 1524M(50%)->1180M(38%) 0.053s
[2026-06-26T17:35:41.960-0300][48.671s][8748][8884 ][info][gc          ] GC(17) Minor Collection (Allocation Rate) 1524M(50%)->1182M(38%) 0.054s
[2026-06-26T17:35:41.964-0300][48.676s][8748][8884 ][info][gc          ] GC(18) Minor Collection (Allocation Rate)
[2026-06-26T17:35:41.965-0300][48.676s][8748][8884 ][info][gc,task     ] GC(18) Using 2 Workers for Young Generation
[2026-06-26T17:35:41.965-0300][48.676s][8748][8884 ][info][gc,phases   ] GC(18) y: Young Generation
[2026-06-26T17:35:41.965-0300][48.676s][8748][16824][info][gc,phases   ] GC(18) y: Pause Mark Start 0.011ms
[2026-06-26T17:35:41.978-0300][48.689s][8748][7584 ][info][gc,phases   ] GC(9) O: Concurrent Mark 1137.323ms
[2026-06-26T17:35:41.980-0300][48.690s][8748][16824][info][gc,phases   ] GC(9) O: Pause Mark End 0.017ms
[2026-06-26T17:35:41.980-0300][48.691s][8748][7584 ][info][gc,phases   ] GC(9) O: Concurrent Mark Free 0.008ms
[2026-06-26T17:35:41.981-0300][48.692s][8748][8884 ][info][gc,phases   ] GC(18) y: Concurrent Mark 16.225ms
[2026-06-26T17:35:41.981-0300][48.693s][8748][16824][info][gc,phases   ] GC(18) y: Pause Mark End 0.011ms
[2026-06-26T17:35:41.981-0300][48.693s][8748][8884 ][info][gc,phases   ] GC(18) y: Concurrent Mark Free 0.004ms
[2026-06-26T17:35:41.981-0300][48.693s][8748][8884 ][info][gc,phases   ] GC(18) y: Concurrent Reset Relocation Set 0.063ms
[2026-06-26T17:35:41.981-0300][48.693s][8748][8884 ][info][gc,reloc    ] GC(18) y: Using tenuring threshold: 2 (Computed)
[2026-06-26T17:35:41.982-0300][48.693s][8748][8884 ][info][gc,phases   ] GC(18) y: Concurrent Select Relocation Set 0.333ms
[2026-06-26T17:35:41.982-0300][48.693s][8748][16824][info][gc,phases   ] GC(18) y: Pause Relocate Start 0.005ms
[2026-06-26T17:35:41.983-0300][48.694s][8748][8884 ][info][gc,phases   ] GC(18) y: Concurrent Relocate 0.928ms
[2026-06-26T17:35:41.983-0300][48.694s][8748][8884 ][info][gc,alloc    ] GC(18) y:                         Mark Start        Mark End      Relocate Start    Relocate End   
[2026-06-26T17:35:41.983-0300][48.694s][8748][8884 ][info][gc,alloc    ] GC(18) y: Allocation Stalls:          0                0                0                0         
[2026-06-26T17:35:41.983-0300][48.694s][8748][8884 ][info][gc,load     ] GC(18) y: Load: 0.00 (0%) / 0.00 (0%) / 0.00 (0%)
[2026-06-26T17:35:41.983-0300][48.694s][8748][8884 ][info][gc,mmu      ] GC(18) y: MMU: 2ms/44.2%, 5ms/77.7%, 10ms/88.8%, 20ms/94.4%, 50ms/94.8%, 100ms/97.4%
[2026-06-26T17:35:41.983-0300][48.694s][8748][8884 ][info][gc,marking  ] GC(18) y: Mark: 2 stripe(s), 2 proactive flush(es), 1 terminate flush(es), 0 completion(s), 0 continuation(s) 
[2026-06-26T17:35:41.983-0300][48.694s][8748][8884 ][info][gc,nmethod  ] GC(18) y: NMethods: 11869 registered, 0 unregistered
[2026-06-26T17:35:41.983-0300][48.694s][8748][8884 ][info][gc,metaspace] GC(18) y: Metaspace: 61M used, 62M committed, 1088M reserved
[2026-06-26T17:35:41.983-0300][48.694s][8748][8884 ][info][gc,reloc    ] GC(18) y:                        Candidates     Selected     In-Place         Size        Empty    Relocated 
[2026-06-26T17:35:41.983-0300][48.694s][8748][8884 ][info][gc,reloc    ] GC(18) y: Small Pages:                   79           74            0         158M           4M           1M 
[2026-06-26T17:35:41.983-0300][48.694s][8748][8884 ][info][gc,reloc    ] GC(18) y: Medium Pages:                   0            0            0           0M           0M           0M 
[2026-06-26T17:35:41.983-0300][48.694s][8748][8884 ][info][gc,reloc    ] GC(18) y: Large Pages:                    0            0            0           0M           0M           0M 
[2026-06-26T17:35:41.983-0300][48.694s][8748][8884 ][info][gc,reloc    ] GC(18) y: Forwarding Usage: 0M
[2026-06-26T17:35:41.983-0300][48.694s][8748][8884 ][info][gc,reloc    ] GC(18) y: Age Table:
[2026-06-26T17:35:41.983-0300][48.694s][8748][8884 ][info][gc,reloc    ] GC(18) y:                    Live             Garbage             Small              Medium             Large        
[2026-06-26T17:35:41.983-0300][48.694s][8748][8884 ][info][gc,reloc    ] GC(18) y: Eden               1M (0%)          152M (5%)          77 / 74             0 / 0              0 / 0        
[2026-06-26T17:35:41.983-0300][48.694s][8748][8884 ][info][gc,reloc    ] GC(18) y: Survivor 1         3M (0%)            0M (0%)           2 / 0              0 / 0              0 / 0        
[2026-06-26T17:35:41.983-0300][48.694s][8748][8884 ][info][gc,heap     ] GC(18) y: Min Capacity: 8M(0%)
[2026-06-26T17:35:41.983-0300][48.694s][8748][8884 ][info][gc,heap     ] GC(18) y: Max Capacity: 3072M(100%)
[2026-06-26T17:35:41.983-0300][48.694s][8748][8884 ][info][gc,heap     ] GC(18) y: Soft Max Capacity: 3072M(100%)
[2026-06-26T17:35:41.983-0300][48.694s][8748][8884 ][info][gc,heap     ] GC(18) y: Heap Statistics:
[2026-06-26T17:35:41.983-0300][48.694s][8748][8884 ][info][gc,heap     ] GC(18) y:                Mark Start          Mark End        Relocate Start      Relocate End           High               Low         
[2026-06-26T17:35:41.983-0300][48.694s][8748][8884 ][info][gc,heap     ] GC(18) y:  Capacity:     3072M (100%)       3072M (100%)       3072M (100%)       3072M (100%)       3072M (100%)       3072M (100%)   
[2026-06-26T17:35:41.983-0300][48.694s][8748][8884 ][info][gc,heap     ] GC(18) y:      Free:     1878M (61%)        1818M (59%)        1822M (59%)        1964M (64%)        1964M (64%)        1816M (59%)    
[2026-06-26T17:35:41.983-0300][48.695s][8748][8884 ][info][gc,heap     ] GC(18) y:      Used:     1194M (39%)        1254M (41%)        1250M (41%)        1108M (36%)        1256M (41%)        1108M (36%)    
[2026-06-26T17:35:41.983-0300][48.695s][8748][8884 ][info][gc,heap     ] GC(18) y: Young Generation Statistics:
[2026-06-26T17:35:41.983-0300][48.695s][8748][8884 ][info][gc,heap     ] GC(18) y:                Mark Start          Mark End        Relocate Start      Relocate End    
[2026-06-26T17:35:41.983-0300][48.695s][8748][8884 ][info][gc,heap     ] GC(18) y:      Used:      158M (5%)          218M (7%)          214M (7%)           72M (2%)     
[2026-06-26T17:35:41.983-0300][48.695s][8748][8884 ][info][gc,heap     ] GC(18) y:      Live:         -                 4M (0%)            4M (0%)            4M (0%)     
[2026-06-26T17:35:41.983-0300][48.695s][8748][8884 ][info][gc,heap     ] GC(18) y:   Garbage:         -               153M (5%)          149M (5%)            0M (0%)     
[2026-06-26T17:35:41.983-0300][48.695s][8748][8884 ][info][gc,heap     ] GC(18) y: Allocated:         -                60M (2%)           60M (2%)           66M (2%)     
[2026-06-26T17:35:41.983-0300][48.695s][8748][8884 ][info][gc,heap     ] GC(18) y: Reclaimed:         -                  -                 4M (0%)          152M (5%)     
[2026-06-26T17:35:41.983-0300][48.695s][8748][8884 ][info][gc,heap     ] GC(18) y:  Promoted:         -                  -                 0M (0%)            0M (0%)     
[2026-06-26T17:35:41.983-0300][48.695s][8748][8884 ][info][gc,heap     ] GC(18) y: Compacted:         -                  -                  -                 1M (0%)     
[2026-06-26T17:35:41.983-0300][48.695s][8748][8884 ][info][gc,phases   ] GC(18) y: Young Generation 1194M(39%)->1108M(36%) 0.018s
[2026-06-26T17:35:41.983-0300][48.695s][8748][8884 ][info][gc          ] GC(18) Minor Collection (Allocation Rate) 1194M(39%)->1108M(36%) 0.019s
[2026-06-26T17:35:42.024-0300][48.735s][8748][7584 ][info][gc,phases   ] GC(9) O: Concurrent Process Non-Strong 44.827ms
[2026-06-26T17:35:42.024-0300][48.735s][8748][7584 ][info][gc,phases   ] GC(9) O: Concurrent Reset Relocation Set 0.003ms
[2026-06-26T17:35:42.028-0300][48.739s][8748][7584 ][info][gc,phases   ] GC(9) O: Concurrent Select Relocation Set 3.739ms
[2026-06-26T17:35:42.028-0300][48.739s][8748][7584 ][info][gc,task     ] GC(9) O: Using 3 Workers for Old Generation
[2026-06-26T17:35:42.034-0300][48.745s][8748][7584 ][info][gc,task     ] GC(9) O: Using 1 Workers for Old Generation
[2026-06-26T17:35:42.034-0300][48.745s][8748][7584 ][info][gc,phases   ] GC(9) O: Concurrent Remap Roots 5.807ms
[2026-06-26T17:35:42.034-0300][48.745s][8748][16824][info][gc,phases   ] GC(9) O: Pause Relocate Start 0.017ms
[2026-06-26T17:35:42.099-0300][48.810s][8748][7584 ][info][gc,phases   ] GC(9) O: Concurrent Relocate 64.824ms
[2026-06-26T17:35:42.099-0300][48.810s][8748][7584 ][info][gc,alloc    ] GC(9) O:                         Mark Start        Mark End      Relocate Start    Relocate End   
[2026-06-26T17:35:42.099-0300][48.810s][8748][7584 ][info][gc,alloc    ] GC(9) O: Allocation Stalls:          0                0                0                0         
[2026-06-26T17:35:42.099-0300][48.810s][8748][7584 ][info][gc,load     ] GC(9) O: Load: 0.00 (0%) / 0.00 (0%) / 0.00 (0%)
[2026-06-26T17:35:42.099-0300][48.810s][8748][7584 ][info][gc,mmu      ] GC(9) O: MMU: 2ms/44.2%, 5ms/77.7%, 10ms/88.8%, 20ms/94.4%, 50ms/94.8%, 100ms/97.4%
[2026-06-26T17:35:42.099-0300][48.810s][8748][7584 ][info][gc,marking  ] GC(9) O: Mark: 1 stripe(s), 2 proactive flush(es), 1 terminate flush(es), 0 completion(s), 0 continuation(s) 
[2026-06-26T17:35:42.099-0300][48.810s][8748][7584 ][info][gc,nmethod  ] GC(9) O: NMethods: 9668 registered, 0 unregistered
[2026-06-26T17:35:42.099-0300][48.810s][8748][7584 ][info][gc,metaspace] GC(9) O: Metaspace: 61M used, 62M committed, 1088M reserved
[2026-06-26T17:35:42.099-0300][48.810s][8748][7584 ][info][gc,ref      ] GC(9) O:                       Encountered   Discovered     Enqueued 
[2026-06-26T17:35:42.099-0300][48.810s][8748][7584 ][info][gc,ref      ] GC(9) O: Soft References:             5248            0            0 
[2026-06-26T17:35:42.099-0300][48.810s][8748][7584 ][info][gc,ref      ] GC(9) O: Weak References:             5461         4226         1228 
[2026-06-26T17:35:42.099-0300][48.810s][8748][7584 ][info][gc,ref      ] GC(9) O: Final References:              20            8            7 
[2026-06-26T17:35:42.099-0300][48.810s][8748][7584 ][info][gc,ref      ] GC(9) O: Phantom References:         14859        11311         4887 
[2026-06-26T17:35:42.099-0300][48.810s][8748][7584 ][info][gc,reloc    ] GC(9) O:                        Candidates     Selected     In-Place         Size        Empty    Relocated 
[2026-06-26T17:35:42.099-0300][48.810s][8748][7584 ][info][gc,reloc    ] GC(9) O: Small Pages:                  266           12            0         532M           2M          10M 
[2026-06-26T17:35:42.099-0300][48.810s][8748][7584 ][info][gc,reloc    ] GC(9) O: Medium Pages:                   3            2            0          96M           0M          15M 
[2026-06-26T17:35:42.099-0300][48.810s][8748][7584 ][info][gc,reloc    ] GC(9) O: Large Pages:                    1            0            0          12M           0M           0M 
[2026-06-26T17:35:42.099-0300][48.810s][8748][7584 ][info][gc,reloc    ] GC(9) O: Forwarding Usage: 15M
[2026-06-26T17:35:42.099-0300][48.810s][8748][7584 ][info][gc,heap     ] GC(9) O: Min Capacity: 8M(0%)
[2026-06-26T17:35:42.099-0300][48.810s][8748][7584 ][info][gc,heap     ] GC(9) O: Max Capacity: 3072M(100%)
[2026-06-26T17:35:42.099-0300][48.810s][8748][7584 ][info][gc,heap     ] GC(9) O: Soft Max Capacity: 3072M(100%)
[2026-06-26T17:35:42.099-0300][48.810s][8748][7584 ][info][gc,heap     ] GC(9) O: Heap Statistics:
[2026-06-26T17:35:42.099-0300][48.810s][8748][7584 ][info][gc,heap     ] GC(9) O:                Mark Start          Mark End        Relocate Start      Relocate End           High               Low         
[2026-06-26T17:35:42.099-0300][48.810s][8748][7584 ][info][gc,heap     ] GC(9) O:  Capacity:     2842M (93%)        3072M (100%)       3072M (100%)       3072M (100%)       3072M (100%)       2842M (93%)    
[2026-06-26T17:35:42.099-0300][48.810s][8748][7584 ][info][gc,heap     ] GC(9) O:      Free:      230M (7%)         1820M (59%)        1806M (59%)        1638M (53%)        2098M (68%)          56M (2%)     
[2026-06-26T17:35:42.099-0300][48.810s][8748][7584 ][info][gc,heap     ] GC(9) O:      Used:     2842M (93%)        1252M (41%)        1266M (41%)        1434M (47%)        3016M (98%)         974M (32%)    
[2026-06-26T17:35:42.099-0300][48.810s][8748][7584 ][info][gc,heap     ] GC(9) O: Old Generation Statistics:
[2026-06-26T17:35:42.099-0300][48.810s][8748][7584 ][info][gc,heap     ] GC(9) O:                Mark Start          Mark End        Relocate Start      Relocate End    
[2026-06-26T17:35:42.099-0300][48.811s][8748][7584 ][info][gc,heap     ] GC(9) O:      Used:      640M (21%)        1036M (34%)        1034M (34%)         942M (31%)    
[2026-06-26T17:35:42.099-0300][48.811s][8748][7584 ][info][gc,heap     ] GC(9) O:      Live:         -               518M (17%)         518M (17%)         518M (17%)    
[2026-06-26T17:35:42.099-0300][48.811s][8748][7584 ][info][gc,heap     ] GC(9) O:   Garbage:         -               121M (4%)          119M (4%)           10M (0%)     
[2026-06-26T17:35:42.099-0300][48.811s][8748][7584 ][info][gc,heap     ] GC(9) O: Allocated:         -               396M (13%)         396M (13%)         413M (13%)    
[2026-06-26T17:35:42.099-0300][48.811s][8748][7584 ][info][gc,heap     ] GC(9) O: Reclaimed:         -                  -                 2M (0%)          111M (4%)     
[2026-06-26T17:35:42.099-0300][48.811s][8748][7584 ][info][gc,heap     ] GC(9) O: Compacted:         -                  -                  -                62M (2%)     
[2026-06-26T17:35:42.099-0300][48.811s][8748][7584 ][info][gc,phases   ] GC(9) O: Old Generation 1142M(37%)->1434M(47%) 1.258s
[2026-06-26T17:35:42.099-0300][48.811s][8748][7584 ][info][gc          ] GC(9) Major Collection (Allocation Rate) 2842M(93%)->1436M(47%) 1.411s
[2026-06-26T17:35:42.195-0300][48.907s][8748][7584 ][info][gc          ] GC(19) Major Collection (Allocation Rate)
[2026-06-26T17:35:42.195-0300][48.907s][8748][7584 ][info][gc,task     ] GC(19) Using 2 Workers for Young Generation
[2026-06-26T17:35:42.195-0300][48.907s][8748][7584 ][info][gc,task     ] GC(19) Using 1 Workers for Old Generation
[2026-06-26T17:35:42.195-0300][48.907s][8748][7584 ][info][gc,phases   ] GC(19) Y: Young Generation
[2026-06-26T17:35:42.196-0300][48.907s][8748][16824][info][gc,phases   ] GC(19) Y: Pause Mark Start (Major) 0.015ms
[2026-06-26T17:35:42.220-0300][48.932s][8748][7584 ][info][gc,phases   ] GC(19) Y: Concurrent Mark 24.878ms
[2026-06-26T17:35:42.221-0300][48.932s][8748][16824][info][gc,phases   ] GC(19) Y: Pause Mark End 0.017ms
[2026-06-26T17:35:42.221-0300][48.932s][8748][7584 ][info][gc,phases   ] GC(19) Y: Concurrent Mark Free 0.003ms
[2026-06-26T17:35:42.221-0300][48.932s][8748][7584 ][info][gc,phases   ] GC(19) Y: Concurrent Reset Relocation Set 0.006ms
[2026-06-26T17:35:42.221-0300][48.932s][8748][7584 ][info][gc,reloc    ] GC(19) Y: Using tenuring threshold: 1 (Computed)
[2026-06-26T17:35:42.224-0300][48.935s][8748][7584 ][info][gc,phases   ] GC(19) Y: Concurrent Select Relocation Set 3.088ms
[2026-06-26T17:35:42.224-0300][48.935s][8748][16824][info][gc,phases   ] GC(19) Y: Pause Relocate Start 0.011ms
[2026-06-26T17:35:42.233-0300][48.945s][8748][7584 ][info][gc,phases   ] GC(19) Y: Concurrent Relocate 9.210ms
[2026-06-26T17:35:42.233-0300][48.945s][8748][7584 ][info][gc,alloc    ] GC(19) Y:                         Mark Start        Mark End      Relocate Start    Relocate End   
[2026-06-26T17:35:42.233-0300][48.945s][8748][7584 ][info][gc,alloc    ] GC(19) Y: Allocation Stalls:          0                0                0                0         
[2026-06-26T17:35:42.233-0300][48.945s][8748][7584 ][info][gc,load     ] GC(19) Y: Load: 0.00 (0%) / 0.00 (0%) / 0.00 (0%)
[2026-06-26T17:35:42.233-0300][48.945s][8748][7584 ][info][gc,mmu      ] GC(19) Y: MMU: 2ms/44.2%, 5ms/77.7%, 10ms/88.8%, 20ms/94.4%, 50ms/94.8%, 100ms/97.4%
[2026-06-26T17:35:42.233-0300][48.945s][8748][7584 ][info][gc,marking  ] GC(19) Y: Mark: 2 stripe(s), 2 proactive flush(es), 1 terminate flush(es), 0 completion(s), 0 continuation(s) 
[2026-06-26T17:35:42.233-0300][48.945s][8748][7584 ][info][gc,nmethod  ] GC(19) Y: NMethods: 9674 registered, 0 unregistered
[2026-06-26T17:35:42.233-0300][48.945s][8748][7584 ][info][gc,metaspace] GC(19) Y: Metaspace: 61M used, 62M committed, 1088M reserved
[2026-06-26T17:35:42.233-0300][48.945s][8748][7584 ][info][gc,reloc    ] GC(19) Y:                        Candidates     Selected     In-Place         Size        Empty    Relocated 
[2026-06-26T17:35:42.233-0300][48.945s][8748][7584 ][info][gc,reloc    ] GC(19) Y: Small Pages:                  471          418            0         942M          90M           9M 
[2026-06-26T17:35:42.233-0300][48.945s][8748][7584 ][info][gc,reloc    ] GC(19) Y: Medium Pages:                   0            0            0           0M           0M           0M 
[2026-06-26T17:35:42.233-0300][48.945s][8748][7584 ][info][gc,reloc    ] GC(19) Y: Large Pages:                    0            0            0           0M           0M           0M 
[2026-06-26T17:35:42.233-0300][48.945s][8748][7584 ][info][gc,reloc    ] GC(19) Y: Forwarding Usage: 2M
[2026-06-26T17:35:42.233-0300][48.945s][8748][7584 ][info][gc,reloc    ] GC(19) Y: Age Table:
[2026-06-26T17:35:42.233-0300][48.945s][8748][7584 ][info][gc,reloc    ] GC(19) Y:                    Live             Garbage             Small              Medium             Large        
[2026-06-26T17:35:42.233-0300][48.945s][8748][7584 ][info][gc,reloc    ] GC(19) Y: Eden               8M (0%)          921M (30%)        465 / 415            0 / 0              0 / 0        
[2026-06-26T17:35:42.233-0300][48.945s][8748][7584 ][info][gc,reloc    ] GC(19) Y: Survivor 1         1M (0%)            6M (0%)           4 / 3              0 / 0              0 / 0        
[2026-06-26T17:35:42.233-0300][48.945s][8748][7584 ][info][gc,reloc    ] GC(19) Y: Survivor 2         3M (0%)            0M (0%)           2 / 0              0 / 0              0 / 0        
[2026-06-26T17:35:42.233-0300][48.945s][8748][7584 ][info][gc,heap     ] GC(19) Y: Min Capacity: 8M(0%)
[2026-06-26T17:35:42.233-0300][48.945s][8748][7584 ][info][gc,heap     ] GC(19) Y: Max Capacity: 3072M(100%)
[2026-06-26T17:35:42.233-0300][48.945s][8748][7584 ][info][gc,heap     ] GC(19) Y: Soft Max Capacity: 3072M(100%)
[2026-06-26T17:35:42.233-0300][48.945s][8748][7584 ][info][gc,heap     ] GC(19) Y: Heap Statistics:
[2026-06-26T17:35:42.233-0300][48.945s][8748][7584 ][info][gc,heap     ] GC(19) Y:                Mark Start          Mark End        Relocate Start      Relocate End           High               Low         
[2026-06-26T17:35:42.233-0300][48.945s][8748][7584 ][info][gc,heap     ] GC(19) Y:  Capacity:     3072M (100%)       3072M (100%)       3072M (100%)       3072M (100%)       3072M (100%)       3072M (100%)   
[2026-06-26T17:35:42.233-0300][48.945s][8748][7584 ][info][gc,heap     ] GC(19) Y:      Free:     1188M (39%)        1062M (35%)        1148M (37%)        1932M (63%)        1958M (64%)        1062M (35%)    
[2026-06-26T17:35:42.233-0300][48.945s][8748][7584 ][info][gc,heap     ] GC(19) Y:      Used:     1884M (61%)        2010M (65%)        1924M (63%)        1140M (37%)        2010M (65%)        1114M (36%)    
[2026-06-26T17:35:42.233-0300][48.945s][8748][7584 ][info][gc,heap     ] GC(19) Y: Young Generation Statistics:
[2026-06-26T17:35:42.233-0300][48.945s][8748][7584 ][info][gc,heap     ] GC(19) Y:                Mark Start          Mark End        Relocate Start      Relocate End    
[2026-06-26T17:35:42.234-0300][48.945s][8748][7584 ][info][gc,heap     ] GC(19) Y:      Used:      942M (31%)        1068M (35%)         978M (32%)         190M (6%)     
[2026-06-26T17:35:42.234-0300][48.945s][8748][7584 ][info][gc,heap     ] GC(19) Y:      Live:         -                13M (0%)           10M (0%)            8M (0%)     
[2026-06-26T17:35:42.234-0300][48.945s][8748][7584 ][info][gc,heap     ] GC(19) Y:   Garbage:         -               928M (30%)         837M (27%)           0M (0%)     
[2026-06-26T17:35:42.234-0300][48.945s][8748][7584 ][info][gc,heap     ] GC(19) Y: Allocated:         -               126M (4%)          130M (4%)          181M (6%)     
[2026-06-26T17:35:42.234-0300][48.945s][8748][7584 ][info][gc,heap     ] GC(19) Y: Reclaimed:         -                  -                90M (3%)          928M (30%)    
[2026-06-26T17:35:42.234-0300][48.945s][8748][7584 ][info][gc,heap     ] GC(19) Y:  Promoted:         -                  -                 3M (0%)            4M (0%)     
[2026-06-26T17:35:42.234-0300][48.945s][8748][7584 ][info][gc,heap     ] GC(19) Y: Compacted:         -                  -                  -                 8M (0%)     
[2026-06-26T17:35:42.234-0300][48.945s][8748][7584 ][info][gc,phases   ] GC(19) Y: Young Generation 1884M(61%)->1140M(37%) 0.038s
[2026-06-26T17:35:42.234-0300][48.945s][8748][7584 ][info][gc,phases   ] GC(19) O: Old Generation
[2026-06-26T17:35:42.473-0300][49.185s][8748][8884 ][info][gc          ] GC(20) Minor Collection (Allocation Rate)
[2026-06-26T17:35:42.473-0300][49.185s][8748][8884 ][info][gc,task     ] GC(20) Using 2 Workers for Young Generation
[2026-06-26T17:35:42.473-0300][49.185s][8748][8884 ][info][gc,phases   ] GC(20) y: Young Generation
[2026-06-26T17:35:42.473-0300][49.185s][8748][16824][info][gc,phases   ] GC(20) y: Pause Mark Start 0.012ms
[2026-06-26T17:35:42.507-0300][49.219s][8748][8884 ][info][gc,phases   ] GC(20) y: Concurrent Mark 34.031ms
[2026-06-26T17:35:42.508-0300][49.219s][8748][16824][info][gc,phases   ] GC(20) y: Pause Mark End 0.019ms
[2026-06-26T17:35:42.508-0300][49.219s][8748][8884 ][info][gc,phases   ] GC(20) y: Concurrent Mark Free 0.005ms
[2026-06-26T17:35:42.508-0300][49.219s][8748][8884 ][info][gc,phases   ] GC(20) y: Concurrent Reset Relocation Set 0.049ms
[2026-06-26T17:35:42.508-0300][49.219s][8748][8884 ][info][gc,reloc    ] GC(20) y: Using tenuring threshold: 2 (Computed)
[2026-06-26T17:35:42.509-0300][49.221s][8748][8884 ][info][gc,phases   ] GC(20) y: Concurrent Select Relocation Set 1.447ms
[2026-06-26T17:35:42.509-0300][49.221s][8748][16824][info][gc,phases   ] GC(20) y: Pause Relocate Start 0.010ms
[2026-06-26T17:35:42.516-0300][49.228s][8748][8884 ][info][gc,phases   ] GC(20) y: Concurrent Relocate 6.779ms
[2026-06-26T17:35:42.516-0300][49.228s][8748][8884 ][info][gc,alloc    ] GC(20) y:                         Mark Start        Mark End      Relocate Start    Relocate End   
[2026-06-26T17:35:42.516-0300][49.228s][8748][8884 ][info][gc,alloc    ] GC(20) y: Allocation Stalls:          0                0                0                0         
[2026-06-26T17:35:42.516-0300][49.228s][8748][8884 ][info][gc,load     ] GC(20) y: Load: 0.00 (0%) / 0.00 (0%) / 0.00 (0%)
[2026-06-26T17:35:42.516-0300][49.228s][8748][8884 ][info][gc,mmu      ] GC(20) y: MMU: 2ms/44.2%, 5ms/77.7%, 10ms/88.8%, 20ms/94.4%, 50ms/94.8%, 100ms/97.4%
[2026-06-26T17:35:42.516-0300][49.228s][8748][8884 ][info][gc,marking  ] GC(20) y: Mark: 2 stripe(s), 3 proactive flush(es), 1 terminate flush(es), 0 completion(s), 0 continuation(s) 
[2026-06-26T17:35:42.516-0300][49.228s][8748][8884 ][info][gc,nmethod  ] GC(20) y: NMethods: 9809 registered, 0 unregistered
[2026-06-26T17:35:42.516-0300][49.228s][8748][8884 ][info][gc,metaspace] GC(20) y: Metaspace: 61M used, 62M committed, 1088M reserved
[2026-06-26T17:35:42.516-0300][49.228s][8748][8884 ][info][gc,reloc    ] GC(20) y:                        Candidates     Selected     In-Place         Size        Empty    Relocated 
[2026-06-26T17:35:42.516-0300][49.228s][8748][8884 ][info][gc,reloc    ] GC(20) y: Small Pages:                  581          501            0        1162M         136M          10M 
[2026-06-26T17:35:42.516-0300][49.228s][8748][8884 ][info][gc,reloc    ] GC(20) y: Medium Pages:                   0            0            0           0M           0M           0M 
[2026-06-26T17:35:42.516-0300][49.228s][8748][8884 ][info][gc,reloc    ] GC(20) y: Large Pages:                    0            0            0           0M           0M           0M 
[2026-06-26T17:35:42.516-0300][49.228s][8748][8884 ][info][gc,reloc    ] GC(20) y: Forwarding Usage: 2M
[2026-06-26T17:35:42.516-0300][49.228s][8748][8884 ][info][gc,reloc    ] GC(20) y: Age Table:
[2026-06-26T17:35:42.516-0300][49.228s][8748][8884 ][info][gc,reloc    ] GC(20) y:                    Live             Garbage             Small              Medium             Large        
[2026-06-26T17:35:42.516-0300][49.228s][8748][8884 ][info][gc,reloc    ] GC(20) y: Eden              11M (0%)         1136M (37%)        574 / 499            0 / 0              0 / 0        
[2026-06-26T17:35:42.516-0300][49.228s][8748][8884 ][info][gc,reloc    ] GC(20) y: Survivor 1         8M (0%)            5M (0%)           7 / 2              0 / 0              0 / 0        
[2026-06-26T17:35:42.516-0300][49.228s][8748][8884 ][info][gc,heap     ] GC(20) y: Min Capacity: 8M(0%)
[2026-06-26T17:35:42.516-0300][49.228s][8748][8884 ][info][gc,heap     ] GC(20) y: Max Capacity: 3072M(100%)
[2026-06-26T17:35:42.516-0300][49.228s][8748][8884 ][info][gc,heap     ] GC(20) y: Soft Max Capacity: 3072M(100%)
[2026-06-26T17:35:42.516-0300][49.228s][8748][8884 ][info][gc,heap     ] GC(20) y: Heap Statistics:
[2026-06-26T17:35:42.516-0300][49.228s][8748][8884 ][info][gc,heap     ] GC(20) y:                Mark Start          Mark End        Relocate Start      Relocate End           High               Low         
[2026-06-26T17:35:42.516-0300][49.228s][8748][8884 ][info][gc,heap     ] GC(20) y:  Capacity:     3072M (100%)       3072M (100%)       3072M (100%)       3072M (100%)       3072M (100%)       3072M (100%)   
[2026-06-26T17:35:42.516-0300][49.228s][8748][8884 ][info][gc,heap     ] GC(20) y:      Free:      960M (31%)         832M (27%)         958M (31%)        1924M (63%)        1924M (63%)         828M (27%)    
[2026-06-26T17:35:42.517-0300][49.228s][8748][8884 ][info][gc,heap     ] GC(20) y:      Used:     2112M (69%)        2240M (73%)        2114M (69%)        1148M (37%)        2244M (73%)        1148M (37%)    
[2026-06-26T17:35:42.517-0300][49.228s][8748][8884 ][info][gc,heap     ] GC(20) y: Young Generation Statistics:
[2026-06-26T17:35:42.517-0300][49.228s][8748][8884 ][info][gc,heap     ] GC(20) y:                Mark Start          Mark End        Relocate Start      Relocate End    
[2026-06-26T17:35:42.517-0300][49.228s][8748][8884 ][info][gc,heap     ] GC(20) y:      Used:     1162M (38%)        1290M (42%)        1164M (38%)         198M (6%)     
[2026-06-26T17:35:42.517-0300][49.228s][8748][8884 ][info][gc,heap     ] GC(20) y:      Live:         -                20M (1%)           20M (1%)           20M (1%)     
[2026-06-26T17:35:42.517-0300][49.228s][8748][8884 ][info][gc,heap     ] GC(20) y:   Garbage:         -              1141M (37%)        1005M (33%)           1M (0%)     
[2026-06-26T17:35:42.517-0300][49.228s][8748][8884 ][info][gc,heap     ] GC(20) y: Allocated:         -               128M (4%)          138M (4%)          176M (6%)     
[2026-06-26T17:35:42.517-0300][49.228s][8748][8884 ][info][gc,heap     ] GC(20) y: Reclaimed:         -                  -               136M (4%)         1140M (37%)    
[2026-06-26T17:35:42.517-0300][49.228s][8748][8884 ][info][gc,heap     ] GC(20) y:  Promoted:         -                  -                 0M (0%)            0M (0%)     
[2026-06-26T17:35:42.517-0300][49.228s][8748][8884 ][info][gc,heap     ] GC(20) y: Compacted:         -                  -                  -                11M (0%)     
[2026-06-26T17:35:42.517-0300][49.228s][8748][8884 ][info][gc,phases   ] GC(20) y: Young Generation 2112M(69%)->1148M(37%) 0.043s
[2026-06-26T17:35:42.517-0300][49.228s][8748][8884 ][info][gc          ] GC(20) Minor Collection (Allocation Rate) 2112M(69%)->1150M(37%) 0.044s
[2026-06-26T17:35:42.767-0300][49.478s][8748][8884 ][info][gc          ] GC(21) Minor Collection (Allocation Rate)
[2026-06-26T17:35:42.767-0300][49.478s][8748][8884 ][info][gc,task     ] GC(21) Using 2 Workers for Young Generation
[2026-06-26T17:35:42.767-0300][49.478s][8748][8884 ][info][gc,phases   ] GC(21) y: Young Generation
[2026-06-26T17:35:42.767-0300][49.479s][8748][16824][info][gc,phases   ] GC(21) y: Pause Mark Start 0.014ms
[2026-06-26T17:35:42.805-0300][49.516s][8748][8884 ][info][gc,phases   ] GC(21) y: Concurrent Mark 37.434ms
[2026-06-26T17:35:42.805-0300][49.516s][8748][16824][info][gc,phases   ] GC(21) y: Pause Mark End 0.013ms
[2026-06-26T17:35:42.805-0300][49.516s][8748][8884 ][info][gc,phases   ] GC(21) y: Concurrent Mark Free 0.004ms
[2026-06-26T17:35:42.805-0300][49.516s][8748][8884 ][info][gc,phases   ] GC(21) y: Concurrent Reset Relocation Set 0.034ms
[2026-06-26T17:35:42.805-0300][49.517s][8748][8884 ][info][gc,reloc    ] GC(21) y: Using tenuring threshold: 3 (Computed)
[2026-06-26T17:35:42.807-0300][49.519s][8748][8884 ][info][gc,phases   ] GC(21) y: Concurrent Select Relocation Set 2.295ms
[2026-06-26T17:35:42.808-0300][49.519s][8748][16824][info][gc,phases   ] GC(21) y: Pause Relocate Start 0.012ms
[2026-06-26T17:35:42.822-0300][49.533s][8748][8884 ][info][gc,phases   ] GC(21) y: Concurrent Relocate 13.607ms
[2026-06-26T17:35:42.822-0300][49.533s][8748][8884 ][info][gc,alloc    ] GC(21) y:                         Mark Start        Mark End      Relocate Start    Relocate End   
[2026-06-26T17:35:42.822-0300][49.533s][8748][8884 ][info][gc,alloc    ] GC(21) y: Allocation Stalls:          0                0                0                0         
[2026-06-26T17:35:42.822-0300][49.533s][8748][8884 ][info][gc,load     ] GC(21) y: Load: 0.00 (0%) / 0.00 (0%) / 0.00 (0%)
[2026-06-26T17:35:42.822-0300][49.533s][8748][8884 ][info][gc,mmu      ] GC(21) y: MMU: 2ms/44.2%, 5ms/77.7%, 10ms/88.8%, 20ms/94.4%, 50ms/94.8%, 100ms/97.4%
[2026-06-26T17:35:42.822-0300][49.533s][8748][8884 ][info][gc,marking  ] GC(21) y: Mark: 2 stripe(s), 9 proactive flush(es), 1 terminate flush(es), 0 completion(s), 0 continuation(s) 
[2026-06-26T17:35:42.822-0300][49.533s][8748][8884 ][info][gc,nmethod  ] GC(21) y: NMethods: 9896 registered, 0 unregistered
[2026-06-26T17:35:42.822-0300][49.533s][8748][8884 ][info][gc,metaspace] GC(21) y: Metaspace: 62M used, 63M committed, 1088M reserved
[2026-06-26T17:35:42.822-0300][49.533s][8748][8884 ][info][gc,reloc    ] GC(21) y:                        Candidates     Selected     In-Place         Size        Empty    Relocated 
[2026-06-26T17:35:42.822-0300][49.533s][8748][8884 ][info][gc,reloc    ] GC(21) y: Small Pages:                  638          545            0        1276M         150M          12M 
[2026-06-26T17:35:42.822-0300][49.533s][8748][8884 ][info][gc,reloc    ] GC(21) y: Medium Pages:                   0            0            0           0M           0M           0M 
[2026-06-26T17:35:42.822-0300][49.533s][8748][8884 ][info][gc,reloc    ] GC(21) y: Large Pages:                    0            0            0           0M           0M           0M 
[2026-06-26T17:35:42.822-0300][49.533s][8748][8884 ][info][gc,reloc    ] GC(21) y: Forwarding Usage: 6M
[2026-06-26T17:35:42.822-0300][49.533s][8748][8884 ][info][gc,reloc    ] GC(21) y: Age Table:
[2026-06-26T17:35:42.822-0300][49.533s][8748][8884 ][info][gc,reloc    ] GC(21) y:                    Live             Garbage             Small              Medium             Large        
[2026-06-26T17:35:42.822-0300][49.533s][8748][8884 ][info][gc,reloc    ] GC(21) y: Eden              13M (0%)         1226M (40%)        620 / 537            0 / 0              0 / 0        
[2026-06-26T17:35:42.822-0300][49.533s][8748][8884 ][info][gc,reloc    ] GC(21) y: Survivor 1         9M (0%)           12M (0%)          11 / 5              0 / 0              0 / 0        
[2026-06-26T17:35:42.822-0300][49.533s][8748][8884 ][info][gc,reloc    ] GC(21) y: Survivor 2         8M (0%)            5M (0%)           7 / 3              0 / 0              0 / 0        
[2026-06-26T17:35:42.822-0300][49.533s][8748][8884 ][info][gc,heap     ] GC(21) y: Min Capacity: 8M(0%)
[2026-06-26T17:35:42.822-0300][49.533s][8748][8884 ][info][gc,heap     ] GC(21) y: Max Capacity: 3072M(100%)
[2026-06-26T17:35:42.822-0300][49.533s][8748][8884 ][info][gc,heap     ] GC(21) y: Soft Max Capacity: 3072M(100%)
[2026-06-26T17:35:42.822-0300][49.533s][8748][8884 ][info][gc,heap     ] GC(21) y: Heap Statistics:
[2026-06-26T17:35:42.822-0300][49.533s][8748][8884 ][info][gc,heap     ] GC(21) y:                Mark Start          Mark End        Relocate Start      Relocate End           High               Low         
[2026-06-26T17:35:42.822-0300][49.533s][8748][8884 ][info][gc,heap     ] GC(21) y:  Capacity:     3072M (100%)       3072M (100%)       3072M (100%)       3072M (100%)       3072M (100%)       3072M (100%)   
[2026-06-26T17:35:42.822-0300][49.533s][8748][8884 ][info][gc,heap     ] GC(21) y:      Free:      846M (28%)         696M (23%)         844M (27%)        1882M (61%)        1900M (62%)         696M (23%)    
[2026-06-26T17:35:42.822-0300][49.533s][8748][8884 ][info][gc,heap     ] GC(21) y:      Used:     2226M (72%)        2376M (77%)        2228M (73%)        1190M (39%)        2376M (77%)        1172M (38%)    
[2026-06-26T17:35:42.822-0300][49.533s][8748][8884 ][info][gc,heap     ] GC(21) y: Young Generation Statistics:
[2026-06-26T17:35:42.822-0300][49.533s][8748][8884 ][info][gc,heap     ] GC(21) y:                Mark Start          Mark End        Relocate Start      Relocate End    
[2026-06-26T17:35:42.822-0300][49.533s][8748][8884 ][info][gc,heap     ] GC(21) y:      Used:     1276M (42%)        1426M (46%)        1278M (42%)         240M (8%)     
[2026-06-26T17:35:42.822-0300][49.533s][8748][8884 ][info][gc,heap     ] GC(21) y:      Live:         -                32M (1%)           32M (1%)           32M (1%)     
[2026-06-26T17:35:42.822-0300][49.533s][8748][8884 ][info][gc,heap     ] GC(21) y:   Garbage:         -              1243M (40%)        1093M (36%)           0M (0%)     
[2026-06-26T17:35:42.822-0300][49.533s][8748][8884 ][info][gc,heap     ] GC(21) y: Allocated:         -               150M (5%)          152M (5%)          206M (7%)     
[2026-06-26T17:35:42.822-0300][49.533s][8748][8884 ][info][gc,heap     ] GC(21) y: Reclaimed:         -                  -               150M (5%)         1242M (40%)    
[2026-06-26T17:35:42.822-0300][49.533s][8748][8884 ][info][gc,heap     ] GC(21) y:  Promoted:         -                  -                 0M (0%)            0M (0%)     
[2026-06-26T17:35:42.822-0300][49.533s][8748][8884 ][info][gc,heap     ] GC(21) y: Compacted:         -                  -                  -                17M (1%)     
[2026-06-26T17:35:42.822-0300][49.533s][8748][8884 ][info][gc,phases   ] GC(21) y: Young Generation 2226M(72%)->1190M(39%) 0.054s
[2026-06-26T17:35:42.822-0300][49.533s][8748][8884 ][info][gc          ] GC(21) Minor Collection (Allocation Rate) 2224M(72%)->1192M(39%) 0.055s
[2026-06-26T17:35:43.685-0300][50.396s][8748][7584 ][info][gc,phases   ] GC(19) O: Concurrent Mark 1451.208ms
[2026-06-26T17:35:43.685-0300][50.396s][8748][16824][info][gc,phases   ] GC(19) O: Pause Mark End 0.014ms
[2026-06-26T17:35:43.685-0300][50.397s][8748][7584 ][info][gc,phases   ] GC(19) O: Concurrent Mark Free 0.003ms
[2026-06-26T17:35:43.722-0300][50.434s][8748][7584 ][info][gc,phases   ] GC(19) O: Concurrent Process Non-Strong 37.045ms
[2026-06-26T17:35:43.722-0300][50.434s][8748][7584 ][info][gc,phases   ] GC(19) O: Concurrent Reset Relocation Set 0.004ms
[2026-06-26T17:35:43.727-0300][50.439s][8748][7584 ][info][gc,phases   ] GC(19) O: Concurrent Select Relocation Set 5.229ms
[2026-06-26T17:35:43.727-0300][50.439s][8748][7584 ][info][gc,task     ] GC(19) O: Using 3 Workers for Old Generation
[2026-06-26T17:35:43.732-0300][50.443s][8748][7584 ][info][gc,task     ] GC(19) O: Using 1 Workers for Old Generation
[2026-06-26T17:35:43.732-0300][50.443s][8748][7584 ][info][gc,phases   ] GC(19) O: Concurrent Remap Roots 4.262ms
[2026-06-26T17:35:43.732-0300][50.443s][8748][16824][info][gc,phases   ] GC(19) O: Pause Relocate Start 0.010ms
[2026-06-26T17:35:43.795-0300][50.506s][8748][7584 ][info][gc,phases   ] GC(19) O: Concurrent Relocate 63.115ms
[2026-06-26T17:35:43.795-0300][50.506s][8748][7584 ][info][gc,alloc    ] GC(19) O:                         Mark Start        Mark End      Relocate Start    Relocate End   
[2026-06-26T17:35:43.795-0300][50.506s][8748][7584 ][info][gc,alloc    ] GC(19) O: Allocation Stalls:          0                0                0                0         
[2026-06-26T17:35:43.795-0300][50.506s][8748][7584 ][info][gc,load     ] GC(19) O: Load: 0.00 (0%) / 0.00 (0%) / 0.00 (0%)
[2026-06-26T17:35:43.795-0300][50.506s][8748][7584 ][info][gc,mmu      ] GC(19) O: MMU: 2ms/44.2%, 5ms/77.7%, 10ms/88.8%, 20ms/94.4%, 50ms/94.8%, 100ms/97.4%
[2026-06-26T17:35:43.795-0300][50.506s][8748][7584 ][info][gc,marking  ] GC(19) O: Mark: 1 stripe(s), 2 proactive flush(es), 1 terminate flush(es), 0 completion(s), 0 continuation(s) 
[2026-06-26T17:35:43.795-0300][50.506s][8748][7584 ][info][gc,nmethod  ] GC(19) O: NMethods: 9811 registered, 151 unregistered
[2026-06-26T17:35:43.795-0300][50.507s][8748][7584 ][info][gc,metaspace] GC(19) O: Metaspace: 62M used, 63M committed, 1088M reserved
[2026-06-26T17:35:43.795-0300][50.507s][8748][7584 ][info][gc,ref      ] GC(19) O:                       Encountered   Discovered     Enqueued 
[2026-06-26T17:35:43.795-0300][50.507s][8748][7584 ][info][gc,ref      ] GC(19) O: Soft References:             5255            0            0 
[2026-06-26T17:35:43.795-0300][50.507s][8748][7584 ][info][gc,ref      ] GC(19) O: Weak References:             4135         3125           70 
[2026-06-26T17:35:43.795-0300][50.507s][8748][7584 ][info][gc,ref      ] GC(19) O: Final References:              13            0            0 
[2026-06-26T17:35:43.795-0300][50.507s][8748][7584 ][info][gc,ref      ] GC(19) O: Phantom References:          8205         8189         1759 
[2026-06-26T17:35:43.795-0300][50.507s][8748][7584 ][info][gc,reloc    ] GC(19) O:                        Candidates     Selected     In-Place         Size        Empty    Relocated 
[2026-06-26T17:35:43.795-0300][50.507s][8748][7584 ][info][gc,reloc    ] GC(19) O: Small Pages:                  369           20            0         738M           0M          13M 
[2026-06-26T17:35:43.795-0300][50.507s][8748][7584 ][info][gc,reloc    ] GC(19) O: Medium Pages:                   6            4            0         192M          32M          23M 
[2026-06-26T17:35:43.795-0300][50.507s][8748][7584 ][info][gc,reloc    ] GC(19) O: Large Pages:                    1            0            0          12M           0M           0M 
[2026-06-26T17:35:43.795-0300][50.507s][8748][7584 ][info][gc,reloc    ] GC(19) O: Forwarding Usage: 19M
[2026-06-26T17:35:43.795-0300][50.507s][8748][7584 ][info][gc,heap     ] GC(19) O: Min Capacity: 8M(0%)
[2026-06-26T17:35:43.795-0300][50.507s][8748][7584 ][info][gc,heap     ] GC(19) O: Max Capacity: 3072M(100%)
[2026-06-26T17:35:43.795-0300][50.507s][8748][7584 ][info][gc,heap     ] GC(19) O: Soft Max Capacity: 3072M(100%)
[2026-06-26T17:35:43.795-0300][50.507s][8748][7584 ][info][gc,heap     ] GC(19) O: Heap Statistics:
[2026-06-26T17:35:43.795-0300][50.507s][8748][7584 ][info][gc,heap     ] GC(19) O:                Mark Start          Mark End        Relocate Start      Relocate End           High               Low         
[2026-06-26T17:35:43.795-0300][50.507s][8748][7584 ][info][gc,heap     ] GC(19) O:  Capacity:     3072M (100%)       3072M (100%)       3072M (100%)       3072M (100%)       3072M (100%)       3072M (100%)   
[2026-06-26T17:35:43.795-0300][50.507s][8748][7584 ][info][gc,heap     ] GC(19) O:      Free:     1188M (39%)        1014M (33%)        1042M (34%)        1176M (38%)        1958M (64%)         696M (23%)    
[2026-06-26T17:35:43.795-0300][50.507s][8748][7584 ][info][gc,heap     ] GC(19) O:      Used:     1884M (61%)        2058M (67%)        2030M (66%)        1896M (62%)        2376M (77%)        1114M (36%)    
[2026-06-26T17:35:43.795-0300][50.507s][8748][7584 ][info][gc,heap     ] GC(19) O: Old Generation Statistics:
[2026-06-26T17:35:43.795-0300][50.507s][8748][7584 ][info][gc,heap     ] GC(19) O:                Mark Start          Mark End        Relocate Start      Relocate End    
[2026-06-26T17:35:43.795-0300][50.507s][8748][7584 ][info][gc,heap     ] GC(19) O:      Used:      942M (31%)         950M (31%)         918M (30%)         782M (25%)    
[2026-06-26T17:35:43.795-0300][50.507s][8748][7584 ][info][gc,heap     ] GC(19) O:      Live:         -               712M (23%)         712M (23%)         712M (23%)    
[2026-06-26T17:35:43.795-0300][50.507s][8748][7584 ][info][gc,heap     ] GC(19) O:   Garbage:         -               229M (7%)          197M (6%)           14M (0%)     
[2026-06-26T17:35:43.795-0300][50.507s][8748][7584 ][info][gc,heap     ] GC(19) O: Allocated:         -                 8M (0%)            8M (0%)           55M (2%)     
[2026-06-26T17:35:43.795-0300][50.507s][8748][7584 ][info][gc,heap     ] GC(19) O: Reclaimed:         -                  -                32M (1%)          215M (7%)     
[2026-06-26T17:35:43.795-0300][50.507s][8748][7584 ][info][gc,heap     ] GC(19) O: Compacted:         -                  -                  -                78M (3%)     
[2026-06-26T17:35:43.795-0300][50.507s][8748][7584 ][info][gc,phases   ] GC(19) O: Old Generation 1142M(37%)->1896M(62%) 1.561s
[2026-06-26T17:35:43.795-0300][50.507s][8748][7584 ][info][gc          ] GC(19) Major Collection (Allocation Rate) 1884M(61%)->1896M(62%) 1.600s
[2026-06-26T17:35:44.864-0300][51.575s][8748][8884 ][info][gc          ] GC(22) Minor Collection (Allocation Rate)
[2026-06-26T17:35:44.864-0300][51.575s][8748][8884 ][info][gc,task     ] GC(22) Using 2 Workers for Young Generation
[2026-06-26T17:35:44.864-0300][51.575s][8748][8884 ][info][gc,phases   ] GC(22) y: Young Generation
[2026-06-26T17:35:44.864-0300][51.575s][8748][16824][info][gc,phases   ] GC(22) y: Pause Mark Start 0.007ms
[2026-06-26T17:35:44.926-0300][51.638s][8748][8884 ][info][gc,phases   ] GC(22) y: Concurrent Mark 62.942ms
[2026-06-26T17:35:44.926-0300][51.638s][8748][16824][info][gc,phases   ] GC(22) y: Pause Mark End 0.013ms
[2026-06-26T17:35:44.926-0300][51.638s][8748][8884 ][info][gc,phases   ] GC(22) y: Concurrent Mark Free 0.003ms
[2026-06-26T17:35:44.926-0300][51.638s][8748][8884 ][info][gc,phases   ] GC(22) y: Concurrent Reset Relocation Set 0.032ms
[2026-06-26T17:35:44.941-0300][51.653s][8748][8884 ][info][gc,reloc    ] GC(22) y: Using tenuring threshold: 4 (Computed)
[2026-06-26T17:35:44.944-0300][51.655s][8748][8884 ][info][gc,phases   ] GC(22) y: Concurrent Select Relocation Set 17.514ms
[2026-06-26T17:35:44.944-0300][51.656s][8748][16824][info][gc,phases   ] GC(22) y: Pause Relocate Start 0.014ms
[2026-06-26T17:35:44.971-0300][51.682s][8748][8884 ][info][gc,phases   ] GC(22) y: Concurrent Relocate 26.200ms
[2026-06-26T17:35:44.971-0300][51.682s][8748][8884 ][info][gc,alloc    ] GC(22) y:                         Mark Start        Mark End      Relocate Start    Relocate End   
[2026-06-26T17:35:44.971-0300][51.682s][8748][8884 ][info][gc,alloc    ] GC(22) y: Allocation Stalls:          0                0                0                0         
[2026-06-26T17:35:44.971-0300][51.682s][8748][8884 ][info][gc,load     ] GC(22) y: Load: 0.00 (0%) / 0.00 (0%) / 0.00 (0%)
[2026-06-26T17:35:44.971-0300][51.682s][8748][8884 ][info][gc,mmu      ] GC(22) y: MMU: 2ms/44.2%, 5ms/77.7%, 10ms/88.8%, 20ms/94.4%, 50ms/94.8%, 100ms/97.4%
[2026-06-26T17:35:44.971-0300][51.682s][8748][8884 ][info][gc,marking  ] GC(22) y: Mark: 2 stripe(s), 2 proactive flush(es), 1 terminate flush(es), 0 completion(s), 0 continuation(s) 
[2026-06-26T17:35:44.971-0300][51.682s][8748][8884 ][info][gc,nmethod  ] GC(22) y: NMethods: 10226 registered, 151 unregistered
[2026-06-26T17:35:44.971-0300][51.682s][8748][8884 ][info][gc,metaspace] GC(22) y: Metaspace: 62M used, 64M committed, 1088M reserved
[2026-06-26T17:35:44.971-0300][51.682s][8748][8884 ][info][gc,reloc    ] GC(22) y:                        Candidates     Selected     In-Place         Size        Empty    Relocated 
[2026-06-26T17:35:44.971-0300][51.682s][8748][8884 ][info][gc,reloc    ] GC(22) y: Small Pages:                  609          420            0        1218M         288M          33M 
[2026-06-26T17:35:44.971-0300][51.682s][8748][8884 ][info][gc,reloc    ] GC(22) y: Medium Pages:                   1            0            0          32M           0M           0M 
[2026-06-26T17:35:44.971-0300][51.682s][8748][8884 ][info][gc,reloc    ] GC(22) y: Large Pages:                    1            0            0           6M           6M           0M 
[2026-06-26T17:35:44.971-0300][51.682s][8748][8884 ][info][gc,reloc    ] GC(22) y: Forwarding Usage: 16M
[2026-06-26T17:35:44.971-0300][51.682s][8748][8884 ][info][gc,reloc    ] GC(22) y: Age Table:
[2026-06-26T17:35:44.971-0300][51.682s][8748][8884 ][info][gc,reloc    ] GC(22) y:                    Live             Garbage             Small              Medium             Large        
[2026-06-26T17:35:44.971-0300][51.682s][8748][8884 ][info][gc,reloc    ] GC(22) y: Eden              56M (2%)         1147M (37%)        583 / 410            1 / 0              1 / 0        
[2026-06-26T17:35:44.971-0300][51.682s][8748][8884 ][info][gc,reloc    ] GC(22) y: Survivor 1         7M (0%)           12M (0%)          10 / 4              0 / 0              0 / 0        
[2026-06-26T17:35:44.971-0300][51.682s][8748][8884 ][info][gc,reloc    ] GC(22) y: Survivor 2         9M (0%)            4M (0%)           7 / 2              0 / 0              0 / 0        
[2026-06-26T17:35:44.971-0300][51.682s][8748][8884 ][info][gc,reloc    ] GC(22) y: Survivor 3         8M (0%)            9M (0%)           9 / 4              0 / 0              0 / 0        
[2026-06-26T17:35:44.971-0300][51.682s][8748][8884 ][info][gc,heap     ] GC(22) y: Min Capacity: 8M(0%)
[2026-06-26T17:35:44.971-0300][51.682s][8748][8884 ][info][gc,heap     ] GC(22) y: Max Capacity: 3072M(100%)
[2026-06-26T17:35:44.971-0300][51.682s][8748][8884 ][info][gc,heap     ] GC(22) y: Soft Max Capacity: 3072M(100%)
[2026-06-26T17:35:44.971-0300][51.682s][8748][8884 ][info][gc,heap     ] GC(22) y: Heap Statistics:
[2026-06-26T17:35:44.971-0300][51.682s][8748][8884 ][info][gc,heap     ] GC(22) y:                Mark Start          Mark End        Relocate Start      Relocate End           High               Low         
[2026-06-26T17:35:44.971-0300][51.682s][8748][8884 ][info][gc,heap     ] GC(22) y:  Capacity:     3072M (100%)       3072M (100%)       3072M (100%)       3072M (100%)       3072M (100%)       3072M (100%)   
[2026-06-26T17:35:44.971-0300][51.682s][8748][8884 ][info][gc,heap     ] GC(22) y:      Free:     1034M (34%)        1024M (33%)        1314M (43%)        2138M (70%)        2138M (70%)        1024M (33%)    
[2026-06-26T17:35:44.971-0300][51.682s][8748][8884 ][info][gc,heap     ] GC(22) y:      Used:     2038M (66%)        2048M (67%)        1758M (57%)         934M (30%)        2048M (67%)         934M (30%)    
[2026-06-26T17:35:44.971-0300][51.682s][8748][8884 ][info][gc,heap     ] GC(22) y: Young Generation Statistics:
[2026-06-26T17:35:44.971-0300][51.682s][8748][8884 ][info][gc,heap     ] GC(22) y:                Mark Start          Mark End        Relocate Start      Relocate End    
[2026-06-26T17:35:44.971-0300][51.682s][8748][8884 ][info][gc,heap     ] GC(22) y:      Used:     1256M (41%)        1266M (41%)         976M (32%)         152M (5%)     
[2026-06-26T17:35:44.971-0300][51.682s][8748][8884 ][info][gc,heap     ] GC(22) y:      Live:         -                82M (3%)           82M (3%)           82M (3%)     
[2026-06-26T17:35:44.971-0300][51.682s][8748][8884 ][info][gc,heap     ] GC(22) y:   Garbage:         -              1173M (38%)         879M (29%)          31M (1%)     
[2026-06-26T17:35:44.971-0300][51.682s][8748][8884 ][info][gc,heap     ] GC(22) y: Allocated:         -                10M (0%)           14M (0%)           38M (1%)     
[2026-06-26T17:35:44.971-0300][51.682s][8748][8884 ][info][gc,heap     ] GC(22) y: Reclaimed:         -                  -               294M (10%)        1142M (37%)    
[2026-06-26T17:35:44.971-0300][51.682s][8748][8884 ][info][gc,heap     ] GC(22) y:  Promoted:         -                  -                 0M (0%)            0M (0%)     
[2026-06-26T17:35:44.971-0300][51.682s][8748][8884 ][info][gc,heap     ] GC(22) y: Compacted:         -                  -                  -                53M (2%)     
[2026-06-26T17:35:44.971-0300][51.682s][8748][8884 ][info][gc,phases   ] GC(22) y: Young Generation 2038M(66%)->934M(30%) 0.107s
[2026-06-26T17:35:44.971-0300][51.682s][8748][8884 ][info][gc          ] GC(22) Minor Collection (Allocation Rate) 2038M(66%)->934M(30%) 0.108s
[2026-06-26T17:35:45.885-0300][52.596s][8748][8884 ][info][gc          ] GC(23) Minor Collection (Allocation Rate)
[2026-06-26T17:35:45.885-0300][52.596s][8748][8884 ][info][gc,task     ] GC(23) Using 3 Workers for Young Generation
[2026-06-26T17:35:45.885-0300][52.596s][8748][8884 ][info][gc,phases   ] GC(23) y: Young Generation
[2026-06-26T17:35:45.885-0300][52.596s][8748][16824][info][gc,phases   ] GC(23) y: Pause Mark Start 0.010ms
[2026-06-26T17:35:45.957-0300][52.668s][8748][8884 ][info][gc,phases   ] GC(23) y: Concurrent Mark 72.099ms
[2026-06-26T17:35:45.957-0300][52.668s][8748][16824][info][gc,phases   ] GC(23) y: Pause Mark End 0.013ms
[2026-06-26T17:35:45.957-0300][52.668s][8748][8884 ][info][gc,phases   ] GC(23) y: Concurrent Mark Free 0.005ms
[2026-06-26T17:35:45.957-0300][52.668s][8748][8884 ][info][gc,phases   ] GC(23) y: Concurrent Reset Relocation Set 0.017ms
[2026-06-26T17:35:45.957-0300][52.668s][8748][8884 ][info][gc,reloc    ] GC(23) y: Using tenuring threshold: 4 (Computed)
[2026-06-26T17:35:45.961-0300][52.672s][8748][8884 ][info][gc,phases   ] GC(23) y: Concurrent Select Relocation Set 4.048ms
[2026-06-26T17:35:45.961-0300][52.673s][8748][16824][info][gc,phases   ] GC(23) y: Pause Relocate Start 0.010ms
[2026-06-26T17:35:45.970-0300][52.682s][8748][8884 ][info][gc,phases   ] GC(23) y: Concurrent Relocate 9.147ms
[2026-06-26T17:35:45.971-0300][52.682s][8748][8884 ][info][gc,alloc    ] GC(23) y:                         Mark Start        Mark End      Relocate Start    Relocate End   
[2026-06-26T17:35:45.971-0300][52.682s][8748][8884 ][info][gc,alloc    ] GC(23) y: Allocation Stalls:          0                0                0                0         
[2026-06-26T17:35:45.971-0300][52.682s][8748][8884 ][info][gc,load     ] GC(23) y: Load: 0.00 (0%) / 0.00 (0%) / 0.00 (0%)
[2026-06-26T17:35:45.971-0300][52.682s][8748][8884 ][info][gc,mmu      ] GC(23) y: MMU: 2ms/44.2%, 5ms/77.7%, 10ms/88.8%, 20ms/94.4%, 50ms/94.8%, 100ms/97.4%
[2026-06-26T17:35:45.971-0300][52.682s][8748][8884 ][info][gc,marking  ] GC(23) y: Mark: 2 stripe(s), 2 proactive flush(es), 1 terminate flush(es), 0 completion(s), 0 continuation(s) 
[2026-06-26T17:35:45.971-0300][52.682s][8748][8884 ][info][gc,nmethod  ] GC(23) y: NMethods: 10614 registered, 151 unregistered
[2026-06-26T17:35:45.971-0300][52.682s][8748][8884 ][info][gc,metaspace] GC(23) y: Metaspace: 63M used, 64M committed, 1088M reserved
[2026-06-26T17:35:45.971-0300][52.682s][8748][8884 ][info][gc,reloc    ] GC(23) y:                        Candidates     Selected     In-Place         Size        Empty    Relocated 
[2026-06-26T17:35:45.971-0300][52.682s][8748][8884 ][info][gc,reloc    ] GC(23) y: Small Pages:                  135           84            0         270M           2M           8M 
[2026-06-26T17:35:45.971-0300][52.682s][8748][8884 ][info][gc,reloc    ] GC(23) y: Medium Pages:                   2            1            0          64M           0M           2M 
[2026-06-26T17:35:45.971-0300][52.682s][8748][8884 ][info][gc,reloc    ] GC(23) y: Large Pages:                    2            0            0          12M           0M           0M 
[2026-06-26T17:35:45.971-0300][52.682s][8748][8884 ][info][gc,reloc    ] GC(23) y: Forwarding Usage: 3M
[2026-06-26T17:35:45.971-0300][52.682s][8748][8884 ][info][gc,reloc    ] GC(23) y: Age Table:
[2026-06-26T17:35:45.971-0300][52.682s][8748][8884 ][info][gc,reloc    ] GC(23) y:                    Live             Garbage             Small              Medium             Large        
[2026-06-26T17:35:45.971-0300][52.682s][8748][8884 ][info][gc,reloc    ] GC(23) y: Eden              27M (1%)          180M (6%)          82 / 74             1 / 0              2 / 0        
[2026-06-26T17:35:45.971-0300][52.682s][8748][8884 ][info][gc,reloc    ] GC(23) y: Survivor 1        56M (2%)           45M (1%)          35 / 6              1 / 1              0 / 0        
[2026-06-26T17:35:45.971-0300][52.682s][8748][8884 ][info][gc,reloc    ] GC(23) y: Survivor 2         7M (0%)            2M (0%)           5 / 2              0 / 0              0 / 0        
[2026-06-26T17:35:45.971-0300][52.682s][8748][8884 ][info][gc,reloc    ] GC(23) y: Survivor 3         9M (0%)            2M (0%)           6 / 1              0 / 0              0 / 0        
[2026-06-26T17:35:45.971-0300][52.682s][8748][8884 ][info][gc,reloc    ] GC(23) y: Survivor 4         8M (0%)            5M (0%)           7 / 1              0 / 0              0 / 0        
[2026-06-26T17:35:45.971-0300][52.682s][8748][8884 ][info][gc,heap     ] GC(23) y: Min Capacity: 8M(0%)
[2026-06-26T17:35:45.971-0300][52.682s][8748][8884 ][info][gc,heap     ] GC(23) y: Max Capacity: 3072M(100%)
[2026-06-26T17:35:45.971-0300][52.682s][8748][8884 ][info][gc,heap     ] GC(23) y: Soft Max Capacity: 3072M(100%)
[2026-06-26T17:35:45.971-0300][52.682s][8748][8884 ][info][gc,heap     ] GC(23) y: Heap Statistics:
[2026-06-26T17:35:45.971-0300][52.682s][8748][8884 ][info][gc,heap     ] GC(23) y:                Mark Start          Mark End        Relocate Start      Relocate End           High               Low         
[2026-06-26T17:35:45.971-0300][52.682s][8748][8884 ][info][gc,heap     ] GC(23) y:  Capacity:     3072M (100%)       3072M (100%)       3072M (100%)       3072M (100%)       3072M (100%)       3072M (100%)   
[2026-06-26T17:35:45.971-0300][52.682s][8748][8884 ][info][gc,heap     ] GC(23) y:      Free:     1944M (63%)        1856M (60%)        1856M (60%)        2000M (65%)        2002M (65%)        1788M (58%)    
[2026-06-26T17:35:45.971-0300][52.682s][8748][8884 ][info][gc,heap     ] GC(23) y:      Used:     1128M (37%)        1216M (40%)        1216M (40%)        1072M (35%)        1284M (42%)        1070M (35%)    
[2026-06-26T17:35:45.971-0300][52.682s][8748][8884 ][info][gc,heap     ] GC(23) y: Young Generation Statistics:
[2026-06-26T17:35:45.971-0300][52.682s][8748][8884 ][info][gc,heap     ] GC(23) y:                Mark Start          Mark End        Relocate Start      Relocate End    
[2026-06-26T17:35:45.971-0300][52.682s][8748][8884 ][info][gc,heap     ] GC(23) y:      Used:      346M (11%)         434M (14%)         426M (14%)         280M (9%)     
[2026-06-26T17:35:45.971-0300][52.682s][8748][8884 ][info][gc,heap     ] GC(23) y:      Live:         -               109M (4%)          101M (3%)          101M (3%)     
[2026-06-26T17:35:45.971-0300][52.682s][8748][8884 ][info][gc,heap     ] GC(23) y:   Garbage:         -               236M (8%)          234M (8%)            4M (0%)     
[2026-06-26T17:35:45.971-0300][52.682s][8748][8884 ][info][gc,heap     ] GC(23) y: Allocated:         -                88M (3%)           90M (3%)          174M (6%)     
[2026-06-26T17:35:45.971-0300][52.682s][8748][8884 ][info][gc,heap     ] GC(23) y: Reclaimed:         -                  -                 2M (0%)          231M (8%)     
[2026-06-26T17:35:45.971-0300][52.682s][8748][8884 ][info][gc,heap     ] GC(23) y:  Promoted:         -                  -                 7M (0%)            8M (0%)     
[2026-06-26T17:35:45.971-0300][52.682s][8748][8884 ][info][gc,heap     ] GC(23) y: Compacted:         -                  -                  -                15M (0%)     
[2026-06-26T17:35:45.971-0300][52.682s][8748][8884 ][info][gc,phases   ] GC(23) y: Young Generation 1128M(37%)->1072M(35%) 0.086s
[2026-06-26T17:35:45.971-0300][52.682s][8748][8884 ][info][gc          ] GC(23) Minor Collection (Allocation Rate) 1128M(37%)->1074M(35%) 0.086s
[2026-06-26T17:35:45.971-0300][52.682s][8748][8884 ][info][gc          ] GC(24) Minor Collection (Allocation Rate)
[2026-06-26T17:35:45.971-0300][52.682s][8748][8884 ][info][gc,task     ] GC(24) Using 3 Workers for Young Generation
[2026-06-26T17:35:45.971-0300][52.682s][8748][8884 ][info][gc,phases   ] GC(24) y: Young Generation
[2026-06-26T17:35:45.971-0300][52.683s][8748][16824][info][gc,phases   ] GC(24) y: Pause Mark Start 0.009ms
[2026-06-26T17:35:46.049-0300][52.761s][8748][8884 ][info][gc,phases   ] GC(24) y: Concurrent Mark 78.017ms
[2026-06-26T17:35:46.049-0300][52.761s][8748][16824][info][gc,phases   ] GC(24) y: Pause Mark End 0.015ms
[2026-06-26T17:35:46.049-0300][52.761s][8748][8884 ][info][gc,phases   ] GC(24) y: Concurrent Mark Free 0.007ms
[2026-06-26T17:35:46.049-0300][52.761s][8748][8884 ][info][gc,phases   ] GC(24) y: Concurrent Reset Relocation Set 0.038ms
[2026-06-26T17:35:46.049-0300][52.761s][8748][8884 ][info][gc,reloc    ] GC(24) y: Using tenuring threshold: 3 (Computed)
[2026-06-26T17:35:46.054-0300][52.766s][8748][8884 ][info][gc,phases   ] GC(24) y: Concurrent Select Relocation Set 4.705ms
[2026-06-26T17:35:46.054-0300][52.766s][8748][16824][info][gc,phases   ] GC(24) y: Pause Relocate Start 0.011ms
[2026-06-26T17:35:46.063-0300][52.774s][8748][8884 ][info][gc,phases   ] GC(24) y: Concurrent Relocate 7.754ms
[2026-06-26T17:35:46.063-0300][52.774s][8748][8884 ][info][gc,alloc    ] GC(24) y:                         Mark Start        Mark End      Relocate Start    Relocate End   
[2026-06-26T17:35:46.063-0300][52.774s][8748][8884 ][info][gc,alloc    ] GC(24) y: Allocation Stalls:          0                0                0                0         
[2026-06-26T17:35:46.063-0300][52.774s][8748][8884 ][info][gc,load     ] GC(24) y: Load: 0.00 (0%) / 0.00 (0%) / 0.00 (0%)
[2026-06-26T17:35:46.063-0300][52.774s][8748][8884 ][info][gc,mmu      ] GC(24) y: MMU: 2ms/44.2%, 5ms/77.7%, 10ms/88.8%, 20ms/94.4%, 50ms/94.8%, 100ms/97.4%
[2026-06-26T17:35:46.063-0300][52.774s][8748][8884 ][info][gc,marking  ] GC(24) y: Mark: 2 stripe(s), 2 proactive flush(es), 1 terminate flush(es), 0 completion(s), 0 continuation(s) 
[2026-06-26T17:35:46.063-0300][52.774s][8748][8884 ][info][gc,nmethod  ] GC(24) y: NMethods: 10707 registered, 151 unregistered
[2026-06-26T17:35:46.063-0300][52.774s][8748][8884 ][info][gc,metaspace] GC(24) y: Metaspace: 63M used, 64M committed, 1088M reserved
[2026-06-26T17:35:46.063-0300][52.774s][8748][8884 ][info][gc,reloc    ] GC(24) y:                        Candidates     Selected     In-Place         Size        Empty    Relocated 
[2026-06-26T17:35:46.063-0300][52.774s][8748][8884 ][info][gc,reloc    ] GC(24) y: Small Pages:                   87           21            0         174M           4M           2M 
[2026-06-26T17:35:46.063-0300][52.774s][8748][8884 ][info][gc,reloc    ] GC(24) y: Medium Pages:                   3            1            0          96M          32M           5M 
[2026-06-26T17:35:46.063-0300][52.774s][8748][8884 ][info][gc,reloc    ] GC(24) y: Large Pages:                    2            0            0          12M          12M           0M 
[2026-06-26T17:35:46.063-0300][52.774s][8748][8884 ][info][gc,reloc    ] GC(24) y: Forwarding Usage: 0M
[2026-06-26T17:35:46.063-0300][52.774s][8748][8884 ][info][gc,reloc    ] GC(24) y: Age Table:
[2026-06-26T17:35:46.063-0300][52.774s][8748][8884 ][info][gc,reloc    ] GC(24) y:                    Live             Garbage             Small              Medium             Large        
[2026-06-26T17:35:46.063-0300][52.774s][8748][8884 ][info][gc,reloc    ] GC(24) y: Eden              40M (1%)           57M (2%)          33 / 13             1 / 1              0 / 0        
[2026-06-26T17:35:46.063-0300][52.774s][8748][8884 ][info][gc,reloc    ] GC(24) y: Survivor 1        12M (0%)           57M (2%)          13 / 5              1 / 0              2 / 0        
[2026-06-26T17:35:46.063-0300][52.774s][8748][8884 ][info][gc,reloc    ] GC(24) y: Survivor 2        56M (2%)           35M (1%)          30 / 2              1 / 0              0 / 0        
[2026-06-26T17:35:46.063-0300][52.774s][8748][8884 ][info][gc,reloc    ] GC(24) y: Survivor 3         7M (0%)            2M (0%)           5 / 0              0 / 0              0 / 0        
[2026-06-26T17:35:46.063-0300][52.774s][8748][8884 ][info][gc,reloc    ] GC(24) y: Survivor 4         9M (0%)            2M (0%)           6 / 1              0 / 0              0 / 0        
[2026-06-26T17:35:46.063-0300][52.774s][8748][8884 ][info][gc,heap     ] GC(24) y: Min Capacity: 8M(0%)
[2026-06-26T17:35:46.063-0300][52.774s][8748][8884 ][info][gc,heap     ] GC(24) y: Max Capacity: 3072M(100%)
[2026-06-26T17:35:46.063-0300][52.774s][8748][8884 ][info][gc,heap     ] GC(24) y: Soft Max Capacity: 3072M(100%)
[2026-06-26T17:35:46.063-0300][52.774s][8748][8884 ][info][gc,heap     ] GC(24) y: Heap Statistics:
[2026-06-26T17:35:46.063-0300][52.774s][8748][8884 ][info][gc,heap     ] GC(24) y:                Mark Start          Mark End        Relocate Start      Relocate End           High               Low         
[2026-06-26T17:35:46.063-0300][52.774s][8748][8884 ][info][gc,heap     ] GC(24) y:  Capacity:     3072M (100%)       3072M (100%)       3072M (100%)       3072M (100%)       3072M (100%)       3072M (100%)   
[2026-06-26T17:35:46.063-0300][52.774s][8748][8884 ][info][gc,heap     ] GC(24) y:      Free:     1998M (65%)        1980M (64%)        2026M (66%)        2018M (66%)        2028M (66%)        1924M (63%)    
[2026-06-26T17:35:46.063-0300][52.774s][8748][8884 ][info][gc,heap     ] GC(24) y:      Used:     1074M (35%)        1092M (36%)        1046M (34%)        1054M (34%)        1148M (37%)        1044M (34%)    
[2026-06-26T17:35:46.063-0300][52.774s][8748][8884 ][info][gc,heap     ] GC(24) y: Young Generation Statistics:
[2026-06-26T17:35:46.063-0300][52.774s][8748][8884 ][info][gc,heap     ] GC(24) y:                Mark Start          Mark End        Relocate Start      Relocate End    
[2026-06-26T17:35:46.063-0300][52.774s][8748][8884 ][info][gc,heap     ] GC(24) y:      Used:      282M (9%)          300M (10%)         236M (8%)          240M (8%)     
[2026-06-26T17:35:46.063-0300][52.774s][8748][8884 ][info][gc,heap     ] GC(24) y:      Live:         -               126M (4%)          109M (4%)          109M (4%)     
[2026-06-26T17:35:46.063-0300][52.774s][8748][8884 ][info][gc,heap     ] GC(24) y:   Garbage:         -               155M (5%)          106M (3%)            6M (0%)     
[2026-06-26T17:35:46.063-0300][52.774s][8748][8884 ][info][gc,heap     ] GC(24) y: Allocated:         -                18M (1%)           20M (1%)          123M (4%)     
[2026-06-26T17:35:46.063-0300][52.774s][8748][8884 ][info][gc,heap     ] GC(24) y: Reclaimed:         -                  -                49M (2%)          148M (5%)     
[2026-06-26T17:35:46.063-0300][52.774s][8748][8884 ][info][gc,heap     ] GC(24) y:  Promoted:         -                  -                16M (1%)           16M (1%)     
[2026-06-26T17:35:46.063-0300][52.774s][8748][8884 ][info][gc,heap     ] GC(24) y: Compacted:         -                  -                  -                10M (0%)     
[2026-06-26T17:35:46.063-0300][52.774s][8748][8884 ][info][gc,phases   ] GC(24) y: Young Generation 1074M(35%)->1054M(34%) 0.091s
[2026-06-26T17:35:46.063-0300][52.774s][8748][8884 ][info][gc          ] GC(24) Minor Collection (Allocation Rate) 1074M(35%)->1054M(34%) 0.092s
[2026-06-26T17:35:46.063-0300][52.774s][8748][8884 ][info][gc          ] GC(25) Minor Collection (Allocation Rate)
[2026-06-26T17:35:46.063-0300][52.774s][8748][8884 ][info][gc,task     ] GC(25) Using 3 Workers for Young Generation
[2026-06-26T17:35:46.063-0300][52.774s][8748][8884 ][info][gc,phases   ] GC(25) y: Young Generation
[2026-06-26T17:35:46.063-0300][52.774s][8748][16824][info][gc,phases   ] GC(25) y: Pause Mark Start 0.009ms
[2026-06-26T17:35:46.132-0300][52.844s][8748][8884 ][info][gc,phases   ] GC(25) y: Concurrent Mark 69.861ms
[2026-06-26T17:35:46.133-0300][52.844s][8748][16824][info][gc,phases   ] GC(25) y: Pause Mark End 0.015ms
[2026-06-26T17:35:46.133-0300][52.844s][8748][8884 ][info][gc,phases   ] GC(25) y: Concurrent Mark Free 0.003ms
[2026-06-26T17:35:46.133-0300][52.844s][8748][8884 ][info][gc,phases   ] GC(25) y: Concurrent Reset Relocation Set 0.054ms
[2026-06-26T17:35:46.133-0300][52.844s][8748][8884 ][info][gc,reloc    ] GC(25) y: Using tenuring threshold: 1 (Computed)
[2026-06-26T17:35:46.156-0300][52.867s][8748][8884 ][info][gc,phases   ] GC(25) y: Concurrent Select Relocation Set 22.889ms
[2026-06-26T17:35:46.156-0300][52.867s][8748][16824][info][gc,phases   ] GC(25) y: Pause Relocate Start 0.012ms
[2026-06-26T17:35:46.201-0300][52.912s][8748][8884 ][info][gc,phases   ] GC(25) y: Concurrent Relocate 44.589ms
[2026-06-26T17:35:46.201-0300][52.912s][8748][8884 ][info][gc,alloc    ] GC(25) y:                         Mark Start        Mark End      Relocate Start    Relocate End   
[2026-06-26T17:35:46.201-0300][52.912s][8748][8884 ][info][gc,alloc    ] GC(25) y: Allocation Stalls:          0                0                0                0         
[2026-06-26T17:35:46.201-0300][52.912s][8748][8884 ][info][gc,load     ] GC(25) y: Load: 0.00 (0%) / 0.00 (0%) / 0.00 (0%)
[2026-06-26T17:35:46.201-0300][52.912s][8748][8884 ][info][gc,mmu      ] GC(25) y: MMU: 2ms/44.2%, 5ms/77.7%, 10ms/88.8%, 20ms/94.4%, 50ms/94.8%, 100ms/97.4%
[2026-06-26T17:35:46.201-0300][52.912s][8748][8884 ][info][gc,marking  ] GC(25) y: Mark: 2 stripe(s), 3 proactive flush(es), 1 terminate flush(es), 0 completion(s), 0 continuation(s) 
[2026-06-26T17:35:46.201-0300][52.912s][8748][8884 ][info][gc,nmethod  ] GC(25) y: NMethods: 10765 registered, 151 unregistered
[2026-06-26T17:35:46.201-0300][52.912s][8748][8884 ][info][gc,metaspace] GC(25) y: Metaspace: 63M used, 64M committed, 1088M reserved
[2026-06-26T17:35:46.201-0300][52.912s][8748][8884 ][info][gc,reloc    ] GC(25) y:                        Candidates     Selected     In-Place         Size        Empty    Relocated 
[2026-06-26T17:35:46.201-0300][52.912s][8748][8884 ][info][gc,reloc    ] GC(25) y: Small Pages:                   72           15            0         144M           2M           4M 
[2026-06-26T17:35:46.201-0300][52.912s][8748][8884 ][info][gc,reloc    ] GC(25) y: Medium Pages:                   3            2            0          96M           0M           6M 
[2026-06-26T17:35:46.201-0300][52.912s][8748][8884 ][info][gc,reloc    ] GC(25) y: Large Pages:                    0            0            0           0M           0M           0M 
[2026-06-26T17:35:46.201-0300][52.912s][8748][8884 ][info][gc,reloc    ] GC(25) y: Forwarding Usage: 2M
[2026-06-26T17:35:46.201-0300][52.912s][8748][8884 ][info][gc,reloc    ] GC(25) y: Age Table:
[2026-06-26T17:35:46.201-0300][52.912s][8748][8884 ][info][gc,reloc    ] GC(25) y:                    Live             Garbage             Small              Medium             Large        
[2026-06-26T17:35:46.201-0300][52.912s][8748][8884 ][info][gc,reloc    ] GC(25) y: Eden               3M (0%)           16M (1%)          10 / 8              0 / 0              0 / 0        
[2026-06-26T17:35:46.201-0300][52.912s][8748][8884 ][info][gc,reloc    ] GC(25) y: Survivor 1        38M (1%)           69M (2%)          22 / 3              2 / 1              0 / 0        
[2026-06-26T17:35:46.201-0300][52.912s][8748][8884 ][info][gc,reloc    ] GC(25) y: Survivor 2        12M (0%)            9M (0%)          11 / 3              0 / 0              0 / 0        
[2026-06-26T17:35:46.201-0300][52.912s][8748][8884 ][info][gc,reloc    ] GC(25) y: Survivor 3        56M (2%)           33M (1%)          29 / 1              1 / 1              0 / 0        
[2026-06-26T17:35:46.201-0300][52.912s][8748][8884 ][info][gc,heap     ] GC(25) y: Min Capacity: 8M(0%)
[2026-06-26T17:35:46.201-0300][52.912s][8748][8884 ][info][gc,heap     ] GC(25) y: Max Capacity: 3072M(100%)
[2026-06-26T17:35:46.201-0300][52.912s][8748][8884 ][info][gc,heap     ] GC(25) y: Soft Max Capacity: 3072M(100%)
[2026-06-26T17:35:46.201-0300][52.912s][8748][8884 ][info][gc,heap     ] GC(25) y: Heap Statistics:
[2026-06-26T17:35:46.201-0300][52.912s][8748][8884 ][info][gc,heap     ] GC(25) y:                Mark Start          Mark End        Relocate Start      Relocate End           High               Low         
[2026-06-26T17:35:46.201-0300][52.912s][8748][8884 ][info][gc,heap     ] GC(25) y:  Capacity:     3072M (100%)       3072M (100%)       3072M (100%)       3072M (100%)       3072M (100%)       3072M (100%)   
[2026-06-26T17:35:46.201-0300][52.912s][8748][8884 ][info][gc,heap     ] GC(25) y:      Free:     2018M (66%)        2002M (65%)        2002M (65%)        2078M (68%)        2082M (68%)        1964M (64%)    
[2026-06-26T17:35:46.201-0300][52.912s][8748][8884 ][info][gc,heap     ] GC(25) y:      Used:     1054M (34%)        1070M (35%)        1070M (35%)         994M (32%)        1108M (36%)         990M (32%)    
[2026-06-26T17:35:46.201-0300][52.912s][8748][8884 ][info][gc,heap     ] GC(25) y: Young Generation Statistics:
[2026-06-26T17:35:46.201-0300][52.912s][8748][8884 ][info][gc,heap     ] GC(25) y:                Mark Start          Mark End        Relocate Start      Relocate End    
[2026-06-26T17:35:46.201-0300][52.912s][8748][8884 ][info][gc,heap     ] GC(25) y:      Used:      240M (8%)          256M (8%)          152M (5%)           36M (1%)     
[2026-06-26T17:35:46.201-0300][52.912s][8748][8884 ][info][gc,heap     ] GC(25) y:      Live:         -               111M (4%)           14M (0%)            3M (0%)     
[2026-06-26T17:35:46.201-0300][52.912s][8748][8884 ][info][gc,heap     ] GC(25) y:   Garbage:         -               128M (4%)          119M (4%)            0M (0%)     
[2026-06-26T17:35:46.201-0300][52.912s][8748][8884 ][info][gc,heap     ] GC(25) y: Allocated:         -                16M (1%)           18M (1%)           32M (1%)     
[2026-06-26T17:35:46.201-0300][52.912s][8748][8884 ][info][gc,heap     ] GC(25) y: Reclaimed:         -                  -                 9M (0%)          128M (4%)     
[2026-06-26T17:35:46.202-0300][52.912s][8748][8884 ][info][gc,heap     ] GC(25) y:  Promoted:         -                  -                96M (3%)          107M (4%)     
[2026-06-26T17:35:46.202-0300][52.912s][8748][8884 ][info][gc,heap     ] GC(25) y: Compacted:         -                  -                  -                 3M (0%)     
[2026-06-26T17:35:46.202-0300][52.912s][8748][8884 ][info][gc,phases   ] GC(25) y: Young Generation 1054M(34%)->994M(32%) 0.138s
[2026-06-26T17:35:46.202-0300][52.912s][8748][8884 ][info][gc          ] GC(25) Minor Collection (Allocation Rate) 1054M(34%)->994M(32%) 0.138s
[2026-06-26T17:35:46.556-0300][53.267s][8748][7584 ][info][gc          ] GC(26) Major Collection (Allocation Rate)
[2026-06-26T17:35:46.556-0300][53.267s][8748][7584 ][info][gc,task     ] GC(26) Using 3 Workers for Young Generation
[2026-06-26T17:35:46.556-0300][53.267s][8748][7584 ][info][gc,task     ] GC(26) Using 1 Workers for Old Generation
[2026-06-26T17:35:46.556-0300][53.267s][8748][7584 ][info][gc,phases   ] GC(26) Y: Young Generation
[2026-06-26T17:35:46.556-0300][53.267s][8748][16824][info][gc,phases   ] GC(26) Y: Pause Mark Start (Major) 0.013ms
[2026-06-26T17:35:46.612-0300][53.324s][8748][7584 ][info][gc,phases   ] GC(26) Y: Concurrent Mark 56.755ms
[2026-06-26T17:35:46.612-0300][53.324s][8748][16824][info][gc,phases   ] GC(26) Y: Pause Mark End 0.012ms
[2026-06-26T17:35:46.613-0300][53.324s][8748][7584 ][info][gc,phases   ] GC(26) Y: Concurrent Mark Free 0.005ms
[2026-06-26T17:35:46.613-0300][53.324s][8748][7584 ][info][gc,phases   ] GC(26) Y: Concurrent Reset Relocation Set 0.128ms
[2026-06-26T17:35:46.613-0300][53.324s][8748][7584 ][info][gc,reloc    ] GC(26) Y: Using tenuring threshold: 2 (Computed)
[2026-06-26T17:35:46.614-0300][53.325s][8748][7584 ][info][gc,phases   ] GC(26) Y: Concurrent Select Relocation Set 0.914ms
[2026-06-26T17:35:46.614-0300][53.325s][8748][16824][info][gc,phases   ] GC(26) Y: Pause Relocate Start 0.006ms
[2026-06-26T17:35:46.616-0300][53.328s][8748][7584 ][info][gc,phases   ] GC(26) Y: Concurrent Relocate 2.685ms
[2026-06-26T17:35:46.616-0300][53.328s][8748][7584 ][info][gc,alloc    ] GC(26) Y:                         Mark Start        Mark End      Relocate Start    Relocate End   
[2026-06-26T17:35:46.616-0300][53.328s][8748][7584 ][info][gc,alloc    ] GC(26) Y: Allocation Stalls:          0                0                0                0         
[2026-06-26T17:35:46.616-0300][53.328s][8748][7584 ][info][gc,load     ] GC(26) Y: Load: 0.00 (0%) / 0.00 (0%) / 0.00 (0%)
[2026-06-26T17:35:46.616-0300][53.328s][8748][7584 ][info][gc,mmu      ] GC(26) Y: MMU: 2ms/44.2%, 5ms/77.7%, 10ms/88.8%, 20ms/94.4%, 50ms/94.8%, 100ms/97.4%
[2026-06-26T17:35:46.616-0300][53.328s][8748][7584 ][info][gc,marking  ] GC(26) Y: Mark: 2 stripe(s), 2 proactive flush(es), 1 terminate flush(es), 0 completion(s), 0 continuation(s) 
[2026-06-26T17:35:46.617-0300][53.328s][8748][7584 ][info][gc,nmethod  ] GC(26) Y: NMethods: 10841 registered, 151 unregistered
[2026-06-26T17:35:46.617-0300][53.328s][8748][7584 ][info][gc,metaspace] GC(26) Y: Metaspace: 63M used, 64M committed, 1088M reserved
[2026-06-26T17:35:46.617-0300][53.328s][8748][7584 ][info][gc,reloc    ] GC(26) Y:                        Candidates     Selected     In-Place         Size        Empty    Relocated 
[2026-06-26T17:35:46.617-0300][53.328s][8748][7584 ][info][gc,reloc    ] GC(26) Y: Small Pages:                   61           20            0         122M           0M           4M 
[2026-06-26T17:35:46.617-0300][53.328s][8748][7584 ][info][gc,reloc    ] GC(26) Y: Medium Pages:                   1            0            0          32M           0M           0M 
[2026-06-26T17:35:46.617-0300][53.328s][8748][7584 ][info][gc,reloc    ] GC(26) Y: Large Pages:                    0            0            0           0M           0M           0M 
[2026-06-26T17:35:46.617-0300][53.328s][8748][7584 ][info][gc,reloc    ] GC(26) Y: Forwarding Usage: 2M
[2026-06-26T17:35:46.617-0300][53.328s][8748][7584 ][info][gc,reloc    ] GC(26) Y: Age Table:
[2026-06-26T17:35:46.617-0300][53.328s][8748][7584 ][info][gc,reloc    ] GC(26) Y:                    Live             Garbage             Small              Medium             Large        
[2026-06-26T17:35:46.617-0300][53.328s][8748][7584 ][info][gc,reloc    ] GC(26) Y: Eden              73M (2%)           68M (2%)          55 / 15             1 / 0              0 / 0        
[2026-06-26T17:35:46.617-0300][53.328s][8748][7584 ][info][gc,reloc    ] GC(26) Y: Survivor 1         3M (0%)            8M (0%)           6 / 5              0 / 0              0 / 0        
[2026-06-26T17:35:46.617-0300][53.328s][8748][7584 ][info][gc,heap     ] GC(26) Y: Min Capacity: 8M(0%)
[2026-06-26T17:35:46.617-0300][53.328s][8748][7584 ][info][gc,heap     ] GC(26) Y: Max Capacity: 3072M(100%)
[2026-06-26T17:35:46.617-0300][53.328s][8748][7584 ][info][gc,heap     ] GC(26) Y: Soft Max Capacity: 3072M(100%)
[2026-06-26T17:35:46.617-0300][53.328s][8748][7584 ][info][gc,heap     ] GC(26) Y: Heap Statistics:
[2026-06-26T17:35:46.617-0300][53.328s][8748][7584 ][info][gc,heap     ] GC(26) Y:                Mark Start          Mark End        Relocate Start      Relocate End           High               Low         
[2026-06-26T17:35:46.617-0300][53.328s][8748][7584 ][info][gc,heap     ] GC(26) Y:  Capacity:     3072M (100%)       3072M (100%)       3072M (100%)       3072M (100%)       3072M (100%)       3072M (100%)   
[2026-06-26T17:35:46.617-0300][53.328s][8748][7584 ][info][gc,heap     ] GC(26) Y:      Free:     1960M (64%)        1908M (62%)        1908M (62%)        1936M (63%)        1960M (64%)        1898M (62%)    
[2026-06-26T17:35:46.617-0300][53.328s][8748][7584 ][info][gc,heap     ] GC(26) Y:      Used:     1112M (36%)        1164M (38%)        1164M (38%)        1136M (37%)        1174M (38%)        1112M (36%)    
[2026-06-26T17:35:46.617-0300][53.328s][8748][7584 ][info][gc,heap     ] GC(26) Y: Young Generation Statistics:
[2026-06-26T17:35:46.617-0300][53.328s][8748][7584 ][info][gc,heap     ] GC(26) Y:                Mark Start          Mark End        Relocate Start      Relocate End    
[2026-06-26T17:35:46.617-0300][53.328s][8748][7584 ][info][gc,heap     ] GC(26) Y:      Used:      154M (5%)          206M (7%)          206M (7%)          178M (6%)     
[2026-06-26T17:35:46.617-0300][53.328s][8748][7584 ][info][gc,heap     ] GC(26) Y:      Live:         -                76M (2%)           76M (2%)           76M (2%)     
[2026-06-26T17:35:46.617-0300][53.328s][8748][7584 ][info][gc,heap     ] GC(26) Y:   Garbage:         -                77M (3%)           77M (3%)           36M (1%)     
[2026-06-26T17:35:46.617-0300][53.328s][8748][7584 ][info][gc,heap     ] GC(26) Y: Allocated:         -                52M (2%)           52M (2%)           65M (2%)     
[2026-06-26T17:35:46.617-0300][53.328s][8748][7584 ][info][gc,heap     ] GC(26) Y: Reclaimed:         -                  -                 0M (0%)           41M (1%)     
[2026-06-26T17:35:46.617-0300][53.328s][8748][7584 ][info][gc,heap     ] GC(26) Y:  Promoted:         -                  -                 0M (0%)            0M (0%)     
[2026-06-26T17:35:46.617-0300][53.328s][8748][7584 ][info][gc,heap     ] GC(26) Y: Compacted:         -                  -                  -                 6M (0%)     
[2026-06-26T17:35:46.617-0300][53.328s][8748][7584 ][info][gc,phases   ] GC(26) Y: Young Generation 1112M(36%)->1136M(37%) 0.061s
[2026-06-26T17:35:46.617-0300][53.328s][8748][7584 ][info][gc,phases   ] GC(26) O: Old Generation
[2026-06-26T17:35:46.621-0300][53.332s][8748][8884 ][info][gc          ] GC(27) Minor Collection (Allocation Rate)
[2026-06-26T17:35:46.621-0300][53.332s][8748][8884 ][info][gc,task     ] GC(27) Using 2 Workers for Young Generation
[2026-06-26T17:35:46.621-0300][53.332s][8748][8884 ][info][gc,phases   ] GC(27) y: Young Generation
[2026-06-26T17:35:46.621-0300][53.332s][8748][16824][info][gc,phases   ] GC(27) y: Pause Mark Start 0.009ms
[2026-06-26T17:35:46.712-0300][53.423s][8748][8884 ][info][gc,phases   ] GC(27) y: Concurrent Mark 91.044ms
[2026-06-26T17:35:46.712-0300][53.423s][8748][16824][info][gc,phases   ] GC(27) y: Pause Mark End 0.013ms
[2026-06-26T17:35:46.712-0300][53.423s][8748][8884 ][info][gc,phases   ] GC(27) y: Concurrent Mark Free 0.001ms
[2026-06-26T17:35:46.712-0300][53.423s][8748][8884 ][info][gc,phases   ] GC(27) y: Concurrent Reset Relocation Set 0.002ms
[2026-06-26T17:35:46.712-0300][53.423s][8748][8884 ][info][gc,reloc    ] GC(27) y: Using tenuring threshold: 1 (Computed)
[2026-06-26T17:35:46.738-0300][53.449s][8748][8884 ][info][gc,phases   ] GC(27) y: Concurrent Select Relocation Set 25.545ms
[2026-06-26T17:35:46.738-0300][53.449s][8748][16824][info][gc,phases   ] GC(27) y: Pause Relocate Start 0.012ms
[2026-06-26T17:35:46.796-0300][53.508s][8748][8884 ][info][gc,phases   ] GC(27) y: Concurrent Relocate 58.628ms
[2026-06-26T17:35:46.796-0300][53.508s][8748][8884 ][info][gc,alloc    ] GC(27) y:                         Mark Start        Mark End      Relocate Start    Relocate End   
[2026-06-26T17:35:46.797-0300][53.508s][8748][8884 ][info][gc,alloc    ] GC(27) y: Allocation Stalls:          0                0                0                0         
[2026-06-26T17:35:46.797-0300][53.508s][8748][8884 ][info][gc,load     ] GC(27) y: Load: 0.00 (0%) / 0.00 (0%) / 0.00 (0%)
[2026-06-26T17:35:46.797-0300][53.508s][8748][8884 ][info][gc,mmu      ] GC(27) y: MMU: 2ms/44.2%, 5ms/77.7%, 10ms/88.8%, 20ms/94.4%, 50ms/94.8%, 100ms/97.4%
[2026-06-26T17:35:46.797-0300][53.508s][8748][8884 ][info][gc,marking  ] GC(27) y: Mark: 2 stripe(s), 2 proactive flush(es), 1 terminate flush(es), 0 completion(s), 0 continuation(s) 
[2026-06-26T17:35:46.797-0300][53.508s][8748][8884 ][info][gc,nmethod  ] GC(27) y: NMethods: 10867 registered, 151 unregistered
[2026-06-26T17:35:46.797-0300][53.508s][8748][8884 ][info][gc,metaspace] GC(27) y: Metaspace: 63M used, 64M committed, 1088M reserved
[2026-06-26T17:35:46.797-0300][53.508s][8748][8884 ][info][gc,reloc    ] GC(27) y:                        Candidates     Selected     In-Place         Size        Empty    Relocated 
[2026-06-26T17:35:46.797-0300][53.508s][8748][8884 ][info][gc,reloc    ] GC(27) y: Small Pages:                   58           12            0         116M          10M           2M 
[2026-06-26T17:35:46.797-0300][53.508s][8748][8884 ][info][gc,reloc    ] GC(27) y: Medium Pages:                   2            0            0          64M          32M           0M 
[2026-06-26T17:35:46.797-0300][53.508s][8748][8884 ][info][gc,reloc    ] GC(27) y: Large Pages:                    0            0            0           0M           0M           0M 
[2026-06-26T17:35:46.797-0300][53.508s][8748][8884 ][info][gc,reloc    ] GC(27) y: Forwarding Usage: 1M
[2026-06-26T17:35:46.797-0300][53.508s][8748][8884 ][info][gc,reloc    ] GC(27) y: Age Table:
[2026-06-26T17:35:46.797-0300][53.508s][8748][8884 ][info][gc,reloc    ] GC(27) y:                    Live             Garbage             Small              Medium             Large        
[2026-06-26T17:35:46.797-0300][53.508s][8748][8884 ][info][gc,reloc    ] GC(27) y: Eden               1M (0%)           52M (2%)          11 / 6              1 / 0              0 / 0        
[2026-06-26T17:35:46.797-0300][53.508s][8748][8884 ][info][gc,reloc    ] GC(27) y: Survivor 1        71M (2%)           46M (2%)          43 / 4              1 / 0              0 / 0        
[2026-06-26T17:35:46.797-0300][53.508s][8748][8884 ][info][gc,reloc    ] GC(27) y: Survivor 2         3M (0%)            4M (0%)           4 / 2              0 / 0              0 / 0        
[2026-06-26T17:35:46.797-0300][53.508s][8748][8884 ][info][gc,heap     ] GC(27) y: Min Capacity: 8M(0%)
[2026-06-26T17:35:46.797-0300][53.508s][8748][8884 ][info][gc,heap     ] GC(27) y: Max Capacity: 3072M(100%)
[2026-06-26T17:35:46.797-0300][53.508s][8748][8884 ][info][gc,heap     ] GC(27) y: Soft Max Capacity: 3072M(100%)
[2026-06-26T17:35:46.797-0300][53.508s][8748][8884 ][info][gc,heap     ] GC(27) y: Heap Statistics:
[2026-06-26T17:35:46.797-0300][53.508s][8748][8884 ][info][gc,heap     ] GC(27) y:                Mark Start          Mark End        Relocate Start      Relocate End           High               Low         
[2026-06-26T17:35:46.797-0300][53.508s][8748][8884 ][info][gc,heap     ] GC(27) y:  Capacity:     3072M (100%)       3072M (100%)       3072M (100%)       3072M (100%)       3072M (100%)       3072M (100%)   
[2026-06-26T17:35:46.797-0300][53.508s][8748][8884 ][info][gc,heap     ] GC(27) y:      Free:     1934M (63%)        1918M (62%)        1960M (64%)        1978M (64%)        1978M (64%)        1918M (62%)    
[2026-06-26T17:35:46.797-0300][53.508s][8748][8884 ][info][gc,heap     ] GC(27) y:      Used:     1138M (37%)        1154M (38%)        1112M (36%)        1094M (36%)        1154M (38%)        1094M (36%)    
[2026-06-26T17:35:46.797-0300][53.508s][8748][8884 ][info][gc,heap     ] GC(27) y: Young Generation Statistics:
[2026-06-26T17:35:46.797-0300][53.508s][8748][8884 ][info][gc,heap     ] GC(27) y:                Mark Start          Mark End        Relocate Start      Relocate End    
[2026-06-26T17:35:46.797-0300][53.508s][8748][8884 ][info][gc,heap     ] GC(27) y:      Used:      180M (6%)          196M (6%)           78M (3%)           52M (2%)     
[2026-06-26T17:35:46.797-0300][53.508s][8748][8884 ][info][gc,heap     ] GC(27) y:      Live:         -                76M (2%)            6M (0%)            1M (0%)     
[2026-06-26T17:35:46.797-0300][53.508s][8748][8884 ][info][gc,heap     ] GC(27) y:   Garbage:         -               103M (3%)           55M (2%)           30M (1%)     
[2026-06-26T17:35:46.797-0300][53.508s][8748][8884 ][info][gc,heap     ] GC(27) y: Allocated:         -                16M (1%)           16M (1%)           19M (1%)     
[2026-06-26T17:35:46.797-0300][53.508s][8748][8884 ][info][gc,heap     ] GC(27) y: Reclaimed:         -                  -                47M (2%)           72M (2%)     
[2026-06-26T17:35:46.797-0300][53.508s][8748][8884 ][info][gc,heap     ] GC(27) y:  Promoted:         -                  -                70M (2%)           74M (2%)     
[2026-06-26T17:35:46.797-0300][53.508s][8748][8884 ][info][gc,heap     ] GC(27) y: Compacted:         -                  -                  -                 0M (0%)     
[2026-06-26T17:35:46.797-0300][53.508s][8748][8884 ][info][gc,phases   ] GC(27) y: Young Generation 1138M(37%)->1094M(36%) 0.176s
[2026-06-26T17:35:46.797-0300][53.508s][8748][8884 ][info][gc          ] GC(27) Minor Collection (Allocation Rate) 1138M(37%)->1094M(36%) 0.176s
[2026-06-26T17:35:48.093-0300][54.805s][8748][7584 ][info][gc,phases   ] GC(26) O: Concurrent Mark 1476.562ms
[2026-06-26T17:35:48.093-0300][54.805s][8748][16824][info][gc,phases   ] GC(26) O: Pause Mark End 0.021ms
[2026-06-26T17:35:48.093-0300][54.805s][8748][7584 ][info][gc,phases   ] GC(26) O: Concurrent Mark Free 0.006ms
[2026-06-26T17:35:48.119-0300][54.831s][8748][7584 ][info][gc,phases   ] GC(26) O: Concurrent Process Non-Strong 26.023ms
[2026-06-26T17:35:48.119-0300][54.831s][8748][7584 ][info][gc,phases   ] GC(26) O: Concurrent Reset Relocation Set 0.007ms
[2026-06-26T17:35:48.121-0300][54.832s][8748][7584 ][info][gc,phases   ] GC(26) O: Concurrent Select Relocation Set 1.291ms
[2026-06-26T17:35:48.121-0300][54.832s][8748][7584 ][info][gc,task     ] GC(26) O: Using 3 Workers for Old Generation
[2026-06-26T17:35:48.128-0300][54.839s][8748][7584 ][info][gc,task     ] GC(26) O: Using 1 Workers for Old Generation
[2026-06-26T17:35:48.128-0300][54.839s][8748][7584 ][info][gc,phases   ] GC(26) O: Concurrent Remap Roots 6.582ms
[2026-06-26T17:35:48.128-0300][54.839s][8748][16824][info][gc,phases   ] GC(26) O: Pause Relocate Start 0.011ms
[2026-06-26T17:35:48.164-0300][54.875s][8748][7584 ][info][gc,phases   ] GC(26) O: Concurrent Relocate 35.847ms
[2026-06-26T17:35:48.164-0300][54.875s][8748][7584 ][info][gc,alloc    ] GC(26) O:                         Mark Start        Mark End      Relocate Start    Relocate End   
[2026-06-26T17:35:48.164-0300][54.875s][8748][7584 ][info][gc,alloc    ] GC(26) O: Allocation Stalls:          0                0                0                0         
[2026-06-26T17:35:48.164-0300][54.875s][8748][7584 ][info][gc,load     ] GC(26) O: Load: 0.00 (0%) / 0.00 (0%) / 0.00 (0%)
[2026-06-26T17:35:48.164-0300][54.875s][8748][7584 ][info][gc,mmu      ] GC(26) O: MMU: 2ms/44.2%, 5ms/77.7%, 10ms/88.8%, 20ms/94.4%, 50ms/94.8%, 100ms/97.4%
[2026-06-26T17:35:48.164-0300][54.875s][8748][7584 ][info][gc,marking  ] GC(26) O: Mark: 1 stripe(s), 2 proactive flush(es), 1 terminate flush(es), 0 completion(s), 0 continuation(s) 
[2026-06-26T17:35:48.164-0300][54.875s][8748][7584 ][info][gc,nmethod  ] GC(26) O: NMethods: 9798 registered, 1256 unregistered
[2026-06-26T17:35:48.164-0300][54.875s][8748][7584 ][info][gc,metaspace] GC(26) O: Metaspace: 63M used, 64M committed, 1088M reserved
[2026-06-26T17:35:48.164-0300][54.875s][8748][7584 ][info][gc,ref      ] GC(26) O:                       Encountered   Discovered     Enqueued 
[2026-06-26T17:35:48.164-0300][54.875s][8748][7584 ][info][gc,ref      ] GC(26) O: Soft References:             5366            0            0 
[2026-06-26T17:35:48.164-0300][54.875s][8748][7584 ][info][gc,ref      ] GC(26) O: Weak References:             4511         3681          167 
[2026-06-26T17:35:48.164-0300][54.875s][8748][7584 ][info][gc,ref      ] GC(26) O: Final References:              14            3            0 
[2026-06-26T17:35:48.164-0300][54.875s][8748][7584 ][info][gc,ref      ] GC(26) O: Phantom References:          6456         6410            0 
[2026-06-26T17:35:48.164-0300][54.875s][8748][7584 ][info][gc,reloc    ] GC(26) O:                        Candidates     Selected     In-Place         Size        Empty    Relocated 
[2026-06-26T17:35:48.164-0300][54.875s][8748][7584 ][info][gc,reloc    ] GC(26) O: Small Pages:                  425           36            0         850M           8M          10M 
[2026-06-26T17:35:48.164-0300][54.875s][8748][7584 ][info][gc,reloc    ] GC(26) O: Medium Pages:                   3            1            0          96M           0M           6M 
[2026-06-26T17:35:48.164-0300][54.875s][8748][7584 ][info][gc,reloc    ] GC(26) O: Large Pages:                    1            0            0          12M           0M           0M 
[2026-06-26T17:35:48.164-0300][54.875s][8748][7584 ][info][gc,reloc    ] GC(26) O: Forwarding Usage: 11M
[2026-06-26T17:35:48.164-0300][54.875s][8748][7584 ][info][gc,heap     ] GC(26) O: Min Capacity: 8M(0%)
[2026-06-26T17:35:48.164-0300][54.875s][8748][7584 ][info][gc,heap     ] GC(26) O: Max Capacity: 3072M(100%)
[2026-06-26T17:35:48.164-0300][54.875s][8748][7584 ][info][gc,heap     ] GC(26) O: Soft Max Capacity: 3072M(100%)
[2026-06-26T17:35:48.164-0300][54.875s][8748][7584 ][info][gc,heap     ] GC(26) O: Heap Statistics:
[2026-06-26T17:35:48.164-0300][54.875s][8748][7584 ][info][gc,heap     ] GC(26) O:                Mark Start          Mark End        Relocate Start      Relocate End           High               Low         
[2026-06-26T17:35:48.164-0300][54.875s][8748][7584 ][info][gc,heap     ] GC(26) O:  Capacity:     3072M (100%)       3072M (100%)       3072M (100%)       3072M (100%)       3072M (100%)       3072M (100%)   
[2026-06-26T17:35:48.164-0300][54.875s][8748][7584 ][info][gc,heap     ] GC(26) O:      Free:     1960M (64%)        1974M (64%)        1982M (65%)        2082M (68%)        2082M (68%)        1898M (62%)    
[2026-06-26T17:35:48.164-0300][54.875s][8748][7584 ][info][gc,heap     ] GC(26) O:      Used:     1112M (36%)        1098M (36%)        1090M (35%)         990M (32%)        1174M (38%)         990M (32%)    
[2026-06-26T17:35:48.164-0300][54.875s][8748][7584 ][info][gc,heap     ] GC(26) O: Old Generation Statistics:
[2026-06-26T17:35:48.164-0300][54.875s][8748][7584 ][info][gc,heap     ] GC(26) O:                Mark Start          Mark End        Relocate Start      Relocate End    
[2026-06-26T17:35:48.164-0300][54.875s][8748][7584 ][info][gc,heap     ] GC(26) O:      Used:      958M (31%)        1042M (34%)        1034M (34%)         934M (30%)    
[2026-06-26T17:35:48.164-0300][54.875s][8748][7584 ][info][gc,heap     ] GC(26) O:      Live:         -               787M (26%)         787M (26%)         787M (26%)    
[2026-06-26T17:35:48.164-0300][54.875s][8748][7584 ][info][gc,heap     ] GC(26) O:   Garbage:         -               170M (6%)          162M (5%)           30M (1%)     
[2026-06-26T17:35:48.164-0300][54.875s][8748][7584 ][info][gc,heap     ] GC(26) O: Allocated:         -                84M (3%)           84M (3%)          116M (4%)     
[2026-06-26T17:35:48.164-0300][54.875s][8748][7584 ][info][gc,heap     ] GC(26) O: Reclaimed:         -                  -                 8M (0%)          140M (5%)     
[2026-06-26T17:35:48.164-0300][54.875s][8748][7584 ][info][gc,heap     ] GC(26) O: Compacted:         -                  -                  -                39M (1%)     
[2026-06-26T17:35:48.164-0300][54.875s][8748][7584 ][info][gc,phases   ] GC(26) O: Old Generation 1136M(37%)->990M(32%) 1.547s
[2026-06-26T17:35:48.164-0300][54.875s][8748][7584 ][info][gc          ] GC(26) Major Collection (Allocation Rate) 1112M(36%)->990M(32%) 1.608s
[2026-06-26T17:35:48.901-0300][55.612s][8748][8884 ][info][gc          ] GC(28) Minor Collection (Allocation Rate)
[2026-06-26T17:35:48.901-0300][55.612s][8748][8884 ][info][gc,task     ] GC(28) Using 3 Workers for Young Generation
[2026-06-26T17:35:48.901-0300][55.612s][8748][8884 ][info][gc,phases   ] GC(28) y: Young Generation
[2026-06-26T17:35:48.901-0300][55.612s][8748][16824][info][gc,phases   ] GC(28) y: Pause Mark Start 0.010ms
[2026-06-26T17:35:48.981-0300][55.692s][8748][8884 ][info][gc,phases   ] GC(28) y: Concurrent Mark 79.660ms
[2026-06-26T17:35:48.981-0300][55.692s][8748][16824][info][gc,phases   ] GC(28) y: Pause Mark End 0.015ms
[2026-06-26T17:35:48.981-0300][55.692s][8748][8884 ][info][gc,phases   ] GC(28) y: Concurrent Mark Free 0.005ms
[2026-06-26T17:35:48.981-0300][55.692s][8748][8884 ][info][gc,phases   ] GC(28) y: Concurrent Reset Relocation Set 0.132ms
[2026-06-26T17:35:48.981-0300][55.692s][8748][8884 ][info][gc,reloc    ] GC(28) y: Using tenuring threshold: 2 (Computed)
[2026-06-26T17:35:48.983-0300][55.694s][8748][8884 ][info][gc,phases   ] GC(28) y: Concurrent Select Relocation Set 1.508ms
[2026-06-26T17:35:48.983-0300][55.694s][8748][16824][info][gc,phases   ] GC(28) y: Pause Relocate Start 0.009ms
[2026-06-26T17:35:48.990-0300][55.701s][8748][8884 ][info][gc,phases   ] GC(28) y: Concurrent Relocate 7.412ms
[2026-06-26T17:35:48.990-0300][55.701s][8748][8884 ][info][gc,alloc    ] GC(28) y:                         Mark Start        Mark End      Relocate Start    Relocate End   
[2026-06-26T17:35:48.990-0300][55.701s][8748][8884 ][info][gc,alloc    ] GC(28) y: Allocation Stalls:          0                0                0                0         
[2026-06-26T17:35:48.990-0300][55.701s][8748][8884 ][info][gc,load     ] GC(28) y: Load: 0.00 (0%) / 0.00 (0%) / 0.00 (0%)
[2026-06-26T17:35:48.990-0300][55.701s][8748][8884 ][info][gc,mmu      ] GC(28) y: MMU: 2ms/44.2%, 5ms/77.7%, 10ms/88.8%, 20ms/94.4%, 50ms/94.8%, 100ms/97.4%
[2026-06-26T17:35:48.990-0300][55.701s][8748][8884 ][info][gc,marking  ] GC(28) y: Mark: 2 stripe(s), 2 proactive flush(es), 1 terminate flush(es), 0 completion(s), 0 continuation(s) 
[2026-06-26T17:35:48.990-0300][55.701s][8748][8884 ][info][gc,nmethod  ] GC(28) y: NMethods: 9974 registered, 1256 unregistered
[2026-06-26T17:35:48.990-0300][55.701s][8748][8884 ][info][gc,metaspace] GC(28) y: Metaspace: 63M used, 65M committed, 1088M reserved
[2026-06-26T17:35:48.990-0300][55.701s][8748][8884 ][info][gc,reloc    ] GC(28) y:                        Candidates     Selected     In-Place         Size        Empty    Relocated 
[2026-06-26T17:35:48.990-0300][55.701s][8748][8884 ][info][gc,reloc    ] GC(28) y: Small Pages:                   62           13            0         124M           0M           8M 
[2026-06-26T17:35:48.990-0300][55.701s][8748][8884 ][info][gc,reloc    ] GC(28) y: Medium Pages:                   1            0            0          32M           0M           0M 
[2026-06-26T17:35:48.990-0300][55.701s][8748][8884 ][info][gc,reloc    ] GC(28) y: Large Pages:                    0            0            0           0M           0M           0M 
[2026-06-26T17:35:48.990-0300][55.701s][8748][8884 ][info][gc,reloc    ] GC(28) y: Forwarding Usage: 6M
[2026-06-26T17:35:48.990-0300][55.701s][8748][8884 ][info][gc,reloc    ] GC(28) y: Age Table:
[2026-06-26T17:35:48.990-0300][55.701s][8748][8884 ][info][gc,reloc    ] GC(28) y:                    Live             Garbage             Small              Medium             Large        
[2026-06-26T17:35:48.990-0300][55.701s][8748][8884 ][info][gc,reloc    ] GC(28) y: Eden              84M (3%)           35M (1%)          60 / 11             0 / 0              0 / 0        
[2026-06-26T17:35:48.990-0300][55.701s][8748][8884 ][info][gc,reloc    ] GC(28) y: Survivor 1         1M (0%)           34M (1%)           2 / 2              1 / 0              0 / 0        
[2026-06-26T17:35:48.990-0300][55.701s][8748][8884 ][info][gc,heap     ] GC(28) y: Min Capacity: 8M(0%)
[2026-06-26T17:35:48.990-0300][55.701s][8748][8884 ][info][gc,heap     ] GC(28) y: Max Capacity: 3072M(100%)
[2026-06-26T17:35:48.990-0300][55.701s][8748][8884 ][info][gc,heap     ] GC(28) y: Soft Max Capacity: 3072M(100%)
[2026-06-26T17:35:48.990-0300][55.701s][8748][8884 ][info][gc,heap     ] GC(28) y: Heap Statistics:
[2026-06-26T17:35:48.990-0300][55.701s][8748][8884 ][info][gc,heap     ] GC(28) y:                Mark Start          Mark End        Relocate Start      Relocate End           High               Low         
[2026-06-26T17:35:48.990-0300][55.701s][8748][8884 ][info][gc,heap     ] GC(28) y:  Capacity:     3072M (100%)       3072M (100%)       3072M (100%)       3072M (100%)       3072M (100%)       3072M (100%)   
[2026-06-26T17:35:48.990-0300][55.701s][8748][8884 ][info][gc,heap     ] GC(28) y:      Free:     1982M (65%)        1952M (64%)        1952M (64%)        1972M (64%)        1982M (65%)        1942M (63%)    
[2026-06-26T17:35:48.990-0300][55.701s][8748][8884 ][info][gc,heap     ] GC(28) y:      Used:     1090M (35%)        1120M (36%)        1120M (36%)        1100M (36%)        1130M (37%)        1090M (35%)    
[2026-06-26T17:35:48.990-0300][55.701s][8748][8884 ][info][gc,heap     ] GC(28) y: Young Generation Statistics:
[2026-06-26T17:35:48.990-0300][55.701s][8748][8884 ][info][gc,heap     ] GC(28) y:                Mark Start          Mark End        Relocate Start      Relocate End    
[2026-06-26T17:35:48.990-0300][55.701s][8748][8884 ][info][gc,heap     ] GC(28) y:      Used:      156M (5%)          186M (6%)          186M (6%)          166M (5%)     
[2026-06-26T17:35:48.990-0300][55.701s][8748][8884 ][info][gc,heap     ] GC(28) y:      Live:         -                86M (3%)           86M (3%)           86M (3%)     
[2026-06-26T17:35:48.990-0300][55.701s][8748][8884 ][info][gc,heap     ] GC(28) y:   Garbage:         -                69M (2%)           69M (2%)           40M (1%)     
[2026-06-26T17:35:48.990-0300][55.701s][8748][8884 ][info][gc,heap     ] GC(28) y: Allocated:         -                30M (1%)           30M (1%)           38M (1%)     
[2026-06-26T17:35:48.990-0300][55.701s][8748][8884 ][info][gc,heap     ] GC(28) y: Reclaimed:         -                  -                 0M (0%)           28M (1%)     
[2026-06-26T17:35:48.990-0300][55.701s][8748][8884 ][info][gc,heap     ] GC(28) y:  Promoted:         -                  -                 0M (0%)            0M (0%)     
[2026-06-26T17:35:48.990-0300][55.702s][8748][8884 ][info][gc,heap     ] GC(28) y: Compacted:         -                  -                  -                17M (1%)     
[2026-06-26T17:35:48.990-0300][55.702s][8748][8884 ][info][gc,phases   ] GC(28) y: Young Generation 1090M(35%)->1100M(36%) 0.089s
[2026-06-26T17:35:48.990-0300][55.702s][8748][8884 ][info][gc          ] GC(28) Minor Collection (Allocation Rate) 1090M(35%)->1100M(36%) 0.090s
[2026-06-26T17:35:48.990-0300][55.702s][8748][7584 ][info][gc          ] GC(29) Major Collection (Allocation Rate)
[2026-06-26T17:35:48.990-0300][55.702s][8748][7584 ][info][gc,task     ] GC(29) Using 3 Workers for Young Generation
[2026-06-26T17:35:48.990-0300][55.702s][8748][7584 ][info][gc,task     ] GC(29) Using 2 Workers for Old Generation
[2026-06-26T17:35:48.990-0300][55.702s][8748][7584 ][info][gc,phases   ] GC(29) Y: Young Generation
[2026-06-26T17:35:48.990-0300][55.702s][8748][16824][info][gc,phases   ] GC(29) Y: Pause Mark Start (Major) 0.009ms
[2026-06-26T17:35:49.068-0300][55.779s][8748][7584 ][info][gc,phases   ] GC(29) Y: Concurrent Mark 77.540ms
[2026-06-26T17:35:49.069-0300][55.779s][8748][16824][info][gc,phases   ] GC(29) Y: Pause Mark End 0.012ms
[2026-06-26T17:35:49.069-0300][55.780s][8748][7584 ][info][gc,phases   ] GC(29) Y: Concurrent Mark Free 0.005ms
[2026-06-26T17:35:49.069-0300][55.780s][8748][7584 ][info][gc,phases   ] GC(29) Y: Concurrent Reset Relocation Set 0.002ms
[2026-06-26T17:35:49.069-0300][55.780s][8748][7584 ][info][gc,reloc    ] GC(29) Y: Using tenuring threshold: 1 (Computed)
[2026-06-26T17:35:49.084-0300][55.795s][8748][7584 ][info][gc,phases   ] GC(29) Y: Concurrent Select Relocation Set 15.247ms
[2026-06-26T17:35:49.084-0300][55.795s][8748][16824][info][gc,phases   ] GC(29) Y: Pause Relocate Start 0.009ms
[2026-06-26T17:35:49.118-0300][55.829s][8748][7584 ][info][gc,phases   ] GC(29) Y: Concurrent Relocate 34.309ms
[2026-06-26T17:35:49.118-0300][55.829s][8748][7584 ][info][gc,alloc    ] GC(29) Y:                         Mark Start        Mark End      Relocate Start    Relocate End   
[2026-06-26T17:35:49.118-0300][55.829s][8748][7584 ][info][gc,alloc    ] GC(29) Y: Allocation Stalls:          0                0                0                0         
[2026-06-26T17:35:49.118-0300][55.829s][8748][7584 ][info][gc,load     ] GC(29) Y: Load: 0.00 (0%) / 0.00 (0%) / 0.00 (0%)
[2026-06-26T17:35:49.118-0300][55.829s][8748][7584 ][info][gc,mmu      ] GC(29) Y: MMU: 2ms/44.2%, 5ms/77.7%, 10ms/88.8%, 20ms/94.4%, 50ms/94.8%, 100ms/97.4%
[2026-06-26T17:35:49.118-0300][55.829s][8748][7584 ][info][gc,marking  ] GC(29) Y: Mark: 2 stripe(s), 2 proactive flush(es), 1 terminate flush(es), 0 completion(s), 0 continuation(s) 
[2026-06-26T17:35:49.118-0300][55.829s][8748][7584 ][info][gc,nmethod  ] GC(29) Y: NMethods: 10060 registered, 1256 unregistered
[2026-06-26T17:35:49.118-0300][55.829s][8748][7584 ][info][gc,metaspace] GC(29) Y: Metaspace: 64M used, 65M committed, 1088M reserved
[2026-06-26T17:35:49.118-0300][55.830s][8748][7584 ][info][gc,reloc    ] GC(29) Y:                        Candidates     Selected     In-Place         Size        Empty    Relocated 
[2026-06-26T17:35:49.118-0300][55.830s][8748][7584 ][info][gc,reloc    ] GC(29) Y: Small Pages:                   67           23            0         134M           2M          14M 
[2026-06-26T17:35:49.118-0300][55.830s][8748][7584 ][info][gc,reloc    ] GC(29) Y: Medium Pages:                   1            0            0          32M           0M           0M 
[2026-06-26T17:35:49.118-0300][55.830s][8748][7584 ][info][gc,reloc    ] GC(29) Y: Large Pages:                    0            0            0           0M           0M           0M 
[2026-06-26T17:35:49.118-0300][55.830s][8748][7584 ][info][gc,reloc    ] GC(29) Y: Forwarding Usage: 15M
[2026-06-26T17:35:49.118-0300][55.830s][8748][7584 ][info][gc,reloc    ] GC(29) Y: Age Table:
[2026-06-26T17:35:49.118-0300][55.830s][8748][7584 ][info][gc,reloc    ] GC(29) Y:                    Live             Garbage             Small              Medium             Large        
[2026-06-26T17:35:49.118-0300][55.830s][8748][7584 ][info][gc,reloc    ] GC(29) Y: Eden              15M (1%)           14M (0%)          15 / 6              0 / 0              0 / 0        
[2026-06-26T17:35:49.118-0300][55.830s][8748][7584 ][info][gc,reloc    ] GC(29) Y: Survivor 1        61M (2%)           38M (1%)          50 / 15             0 / 0              0 / 0        
[2026-06-26T17:35:49.118-0300][55.830s][8748][7584 ][info][gc,reloc    ] GC(29) Y: Survivor 2         1M (0%)           34M (1%)           2 / 2              1 / 0              0 / 0        
[2026-06-26T17:35:49.118-0300][55.830s][8748][7584 ][info][gc,heap     ] GC(29) Y: Min Capacity: 8M(0%)
[2026-06-26T17:35:49.118-0300][55.830s][8748][7584 ][info][gc,heap     ] GC(29) Y: Max Capacity: 3072M(100%)
[2026-06-26T17:35:49.118-0300][55.830s][8748][7584 ][info][gc,heap     ] GC(29) Y: Soft Max Capacity: 3072M(100%)
[2026-06-26T17:35:49.118-0300][55.830s][8748][7584 ][info][gc,heap     ] GC(29) Y: Heap Statistics:
[2026-06-26T17:35:49.118-0300][55.830s][8748][7584 ][info][gc,heap     ] GC(29) Y:                Mark Start          Mark End        Relocate Start      Relocate End           High               Low         
[2026-06-26T17:35:49.118-0300][55.830s][8748][7584 ][info][gc,heap     ] GC(29) Y:  Capacity:     3072M (100%)       3072M (100%)       3072M (100%)       3072M (100%)       3072M (100%)       3072M (100%)   
[2026-06-26T17:35:49.118-0300][55.830s][8748][7584 ][info][gc,heap     ] GC(29) Y:      Free:     1972M (64%)        1956M (64%)        1954M (64%)        1990M (65%)        1990M (65%)        1944M (63%)    
[2026-06-26T17:35:49.118-0300][55.830s][8748][7584 ][info][gc,heap     ] GC(29) Y:      Used:     1100M (36%)        1116M (36%)        1118M (36%)        1082M (35%)        1128M (37%)        1082M (35%)    
[2026-06-26T17:35:49.118-0300][55.830s][8748][7584 ][info][gc,heap     ] GC(29) Y: Young Generation Statistics:
[2026-06-26T17:35:49.119-0300][55.830s][8748][7584 ][info][gc,heap     ] GC(29) Y:                Mark Start          Mark End        Relocate Start      Relocate End    
[2026-06-26T17:35:49.119-0300][55.830s][8748][7584 ][info][gc,heap     ] GC(29) Y:      Used:      166M (5%)          182M (6%)          114M (4%)           48M (2%)     
[2026-06-26T17:35:49.119-0300][55.830s][8748][7584 ][info][gc,heap     ] GC(29) Y:      Live:         -                79M (3%)           43M (1%)           15M (1%)     
[2026-06-26T17:35:49.119-0300][55.830s][8748][7584 ][info][gc,heap     ] GC(29) Y:   Garbage:         -                86M (3%)           50M (2%)            0M (0%)     
[2026-06-26T17:35:49.119-0300][55.830s][8748][7584 ][info][gc,heap     ] GC(29) Y: Allocated:         -                16M (1%)           20M (1%)           32M (1%)     
[2026-06-26T17:35:49.119-0300][55.830s][8748][7584 ][info][gc,heap     ] GC(29) Y: Reclaimed:         -                  -                36M (1%)           86M (3%)     
[2026-06-26T17:35:49.119-0300][55.830s][8748][7584 ][info][gc,heap     ] GC(29) Y:  Promoted:         -                  -                35M (1%)           63M (2%)     
[2026-06-26T17:35:49.119-0300][55.830s][8748][7584 ][info][gc,heap     ] GC(29) Y: Compacted:         -                  -                  -                 1M (0%)     
[2026-06-26T17:35:49.119-0300][55.830s][8748][7584 ][info][gc,phases   ] GC(29) Y: Young Generation 1100M(36%)->1082M(35%) 0.128s
[2026-06-26T17:35:49.119-0300][55.830s][8748][7584 ][info][gc,phases   ] GC(29) O: Old Generation
[2026-06-26T17:35:49.345-0300][56.056s][8748][9108 ][info][gc,task     ] Adjusting Workers for Old Generation: 2 -> 1
[2026-06-26T17:35:49.345-0300][56.056s][8748][8884 ][info][gc          ] GC(30) Minor Collection (Allocation Rate)
[2026-06-26T17:35:49.345-0300][56.056s][8748][8884 ][info][gc,task     ] GC(30) Using 2 Workers for Young Generation
[2026-06-26T17:35:49.345-0300][56.056s][8748][8884 ][info][gc,phases   ] GC(30) y: Young Generation
[2026-06-26T17:35:49.345-0300][56.056s][8748][16824][info][gc,phases   ] GC(30) y: Pause Mark Start 0.013ms
[2026-06-26T17:35:49.439-0300][56.150s][8748][8884 ][info][gc,phases   ] GC(30) y: Concurrent Mark 93.766ms
[2026-06-26T17:35:49.439-0300][56.150s][8748][16824][info][gc,phases   ] GC(30) y: Pause Mark End 0.015ms
[2026-06-26T17:35:49.439-0300][56.150s][8748][8884 ][info][gc,phases   ] GC(30) y: Concurrent Mark Free 0.004ms
[2026-06-26T17:35:49.439-0300][56.150s][8748][8884 ][info][gc,phases   ] GC(30) y: Concurrent Reset Relocation Set 0.100ms
[2026-06-26T17:35:49.439-0300][56.150s][8748][8884 ][info][gc,reloc    ] GC(30) y: Using tenuring threshold: 2 (Computed)
[2026-06-26T17:35:49.440-0300][56.151s][8748][8884 ][info][gc,phases   ] GC(30) y: Concurrent Select Relocation Set 1.222ms
[2026-06-26T17:35:49.440-0300][56.152s][8748][16824][info][gc,phases   ] GC(30) y: Pause Relocate Start 0.006ms
[2026-06-26T17:35:49.444-0300][56.156s][8748][8884 ][info][gc,phases   ] GC(30) y: Concurrent Relocate 4.439ms
[2026-06-26T17:35:49.445-0300][56.156s][8748][8884 ][info][gc,alloc    ] GC(30) y:                         Mark Start        Mark End      Relocate Start    Relocate End   
[2026-06-26T17:35:49.445-0300][56.156s][8748][8884 ][info][gc,alloc    ] GC(30) y: Allocation Stalls:          0                0                0                0         
[2026-06-26T17:35:49.445-0300][56.156s][8748][8884 ][info][gc,load     ] GC(30) y: Load: 0.00 (0%) / 0.00 (0%) / 0.00 (0%)
[2026-06-26T17:35:49.445-0300][56.156s][8748][8884 ][info][gc,mmu      ] GC(30) y: MMU: 2ms/44.2%, 5ms/77.7%, 10ms/88.8%, 20ms/94.4%, 50ms/94.8%, 100ms/97.4%
[2026-06-26T17:35:49.445-0300][56.156s][8748][8884 ][info][gc,marking  ] GC(30) y: Mark: 2 stripe(s), 2 proactive flush(es), 1 terminate flush(es), 0 completion(s), 0 continuation(s) 
[2026-06-26T17:35:49.445-0300][56.156s][8748][8884 ][info][gc,nmethod  ] GC(30) y: NMethods: 10118 registered, 1256 unregistered
[2026-06-26T17:35:49.445-0300][56.156s][8748][8884 ][info][gc,metaspace] GC(30) y: Metaspace: 64M used, 65M committed, 1088M reserved
[2026-06-26T17:35:49.445-0300][56.156s][8748][8884 ][info][gc,reloc    ] GC(30) y:                        Candidates     Selected     In-Place         Size        Empty    Relocated 
[2026-06-26T17:35:49.445-0300][56.156s][8748][8884 ][info][gc,reloc    ] GC(30) y: Small Pages:                   66           16            0         132M          56M           5M 
[2026-06-26T17:35:49.445-0300][56.156s][8748][8884 ][info][gc,reloc    ] GC(30) y: Medium Pages:                   1            0            0          32M           0M           0M 
[2026-06-26T17:35:49.445-0300][56.156s][8748][8884 ][info][gc,reloc    ] GC(30) y: Large Pages:                    0            0            0           0M           0M           0M 
[2026-06-26T17:35:49.445-0300][56.156s][8748][8884 ][info][gc,reloc    ] GC(30) y: Forwarding Usage: 2M
[2026-06-26T17:35:49.445-0300][56.156s][8748][8884 ][info][gc,reloc    ] GC(30) y: Age Table:
[2026-06-26T17:35:49.445-0300][56.156s][8748][8884 ][info][gc,reloc    ] GC(30) y:                    Live             Garbage             Small              Medium             Large        
[2026-06-26T17:35:49.445-0300][56.156s][8748][8884 ][info][gc,reloc    ] GC(30) y: Eden              26M (1%)          113M (4%)          54 / 12             1 / 0              0 / 0        
[2026-06-26T17:35:49.445-0300][56.156s][8748][8884 ][info][gc,reloc    ] GC(30) y: Survivor 1        15M (1%)            8M (0%)          12 / 4              0 / 0              0 / 0        
[2026-06-26T17:35:49.445-0300][56.156s][8748][8884 ][info][gc,heap     ] GC(30) y: Min Capacity: 8M(0%)
[2026-06-26T17:35:49.445-0300][56.156s][8748][8884 ][info][gc,heap     ] GC(30) y: Max Capacity: 3072M(100%)
[2026-06-26T17:35:49.445-0300][56.156s][8748][8884 ][info][gc,heap     ] GC(30) y: Soft Max Capacity: 3072M(100%)
[2026-06-26T17:35:49.445-0300][56.156s][8748][8884 ][info][gc,heap     ] GC(30) y: Heap Statistics:
[2026-06-26T17:35:49.445-0300][56.156s][8748][8884 ][info][gc,heap     ] GC(30) y:                Mark Start          Mark End        Relocate Start      Relocate End           High               Low         
[2026-06-26T17:35:49.445-0300][56.156s][8748][8884 ][info][gc,heap     ] GC(30) y:  Capacity:     3072M (100%)       3072M (100%)       3072M (100%)       3072M (100%)       3072M (100%)       3072M (100%)   
[2026-06-26T17:35:49.445-0300][56.156s][8748][8884 ][info][gc,heap     ] GC(30) y:      Free:     1874M (61%)        1792M (58%)        1848M (60%)        1874M (61%)        1874M (61%)        1792M (58%)    
[2026-06-26T17:35:49.445-0300][56.156s][8748][8884 ][info][gc,heap     ] GC(30) y:      Used:     1198M (39%)        1280M (42%)        1224M (40%)        1198M (39%)        1280M (42%)        1198M (39%)    
[2026-06-26T17:35:49.445-0300][56.156s][8748][8884 ][info][gc,heap     ] GC(30) y: Young Generation Statistics:
[2026-06-26T17:35:49.445-0300][56.156s][8748][8884 ][info][gc,heap     ] GC(30) y:                Mark Start          Mark End        Relocate Start      Relocate End    
[2026-06-26T17:35:49.445-0300][56.156s][8748][8884 ][info][gc,heap     ] GC(30) y:      Used:      164M (5%)          246M (8%)          190M (6%)          164M (5%)     
[2026-06-26T17:35:49.445-0300][56.156s][8748][8884 ][info][gc,heap     ] GC(30) y:      Live:         -                42M (1%)           42M (1%)           42M (1%)     
[2026-06-26T17:35:49.445-0300][56.156s][8748][8884 ][info][gc,heap     ] GC(30) y:   Garbage:         -               121M (4%)           65M (2%)           32M (1%)     
[2026-06-26T17:35:49.445-0300][56.156s][8748][8884 ][info][gc,heap     ] GC(30) y: Allocated:         -                82M (3%)           82M (3%)           89M (3%)     
[2026-06-26T17:35:49.445-0300][56.156s][8748][8884 ][info][gc,heap     ] GC(30) y: Reclaimed:         -                  -                56M (2%)           89M (3%)     
[2026-06-26T17:35:49.445-0300][56.156s][8748][8884 ][info][gc,heap     ] GC(30) y:  Promoted:         -                  -                 0M (0%)            0M (0%)     
[2026-06-26T17:35:49.445-0300][56.156s][8748][8884 ][info][gc,heap     ] GC(30) y: Compacted:         -                  -                  -                 8M (0%)     
[2026-06-26T17:35:49.445-0300][56.156s][8748][8884 ][info][gc,phases   ] GC(30) y: Young Generation 1198M(39%)->1198M(39%) 0.100s
[2026-06-26T17:35:49.445-0300][56.156s][8748][8884 ][info][gc          ] GC(30) Minor Collection (Allocation Rate) 1198M(39%)->1198M(39%) 0.100s
[2026-06-26T17:35:49.445-0300][56.156s][8748][8884 ][info][gc          ] GC(31) Minor Collection (Allocation Rate)
[2026-06-26T17:35:49.445-0300][56.156s][8748][8884 ][info][gc,task     ] GC(31) Using 2 Workers for Young Generation
[2026-06-26T17:35:49.445-0300][56.156s][8748][8884 ][info][gc,phases   ] GC(31) y: Young Generation
[2026-06-26T17:35:49.445-0300][56.157s][8748][16824][info][gc,phases   ] GC(31) y: Pause Mark Start 0.010ms
[2026-06-26T17:35:49.506-0300][56.217s][8748][8884 ][info][gc,phases   ] GC(31) y: Concurrent Mark 60.476ms
[2026-06-26T17:35:49.506-0300][56.217s][8748][16824][info][gc,phases   ] GC(31) y: Pause Mark End 0.012ms
[2026-06-26T17:35:49.506-0300][56.217s][8748][8884 ][info][gc,phases   ] GC(31) y: Concurrent Mark Free 0.003ms
[2026-06-26T17:35:49.506-0300][56.217s][8748][8884 ][info][gc,phases   ] GC(31) y: Concurrent Reset Relocation Set 0.002ms
[2026-06-26T17:35:49.506-0300][56.217s][8748][8884 ][info][gc,reloc    ] GC(31) y: Using tenuring threshold: 1 (Computed)
[2026-06-26T17:35:49.523-0300][56.234s][8748][8884 ][info][gc,phases   ] GC(31) y: Concurrent Select Relocation Set 16.718ms
[2026-06-26T17:35:49.523-0300][56.234s][8748][16824][info][gc,phases   ] GC(31) y: Pause Relocate Start 0.013ms
[2026-06-26T17:35:49.550-0300][56.261s][8748][8884 ][info][gc,phases   ] GC(31) y: Concurrent Relocate 26.905ms
[2026-06-26T17:35:49.550-0300][56.261s][8748][8884 ][info][gc,alloc    ] GC(31) y:                         Mark Start        Mark End      Relocate Start    Relocate End   
[2026-06-26T17:35:49.550-0300][56.261s][8748][8884 ][info][gc,alloc    ] GC(31) y: Allocation Stalls:          0                0                0                0         
[2026-06-26T17:35:49.550-0300][56.261s][8748][8884 ][info][gc,load     ] GC(31) y: Load: 0.00 (0%) / 0.00 (0%) / 0.00 (0%)
[2026-06-26T17:35:49.550-0300][56.261s][8748][8884 ][info][gc,mmu      ] GC(31) y: MMU: 2ms/44.2%, 5ms/77.7%, 10ms/88.8%, 20ms/94.4%, 50ms/94.8%, 100ms/97.4%
[2026-06-26T17:35:49.550-0300][56.261s][8748][8884 ][info][gc,marking  ] GC(31) y: Mark: 2 stripe(s), 2 proactive flush(es), 1 terminate flush(es), 0 completion(s), 0 continuation(s) 
[2026-06-26T17:35:49.550-0300][56.261s][8748][8884 ][info][gc,nmethod  ] GC(31) y: NMethods: 10120 registered, 1256 unregistered
[2026-06-26T17:35:49.550-0300][56.261s][8748][8884 ][info][gc,metaspace] GC(31) y: Metaspace: 64M used, 65M committed, 1088M reserved
[2026-06-26T17:35:49.550-0300][56.261s][8748][8884 ][info][gc,reloc    ] GC(31) y:                        Candidates     Selected     In-Place         Size        Empty    Relocated 
[2026-06-26T17:35:49.550-0300][56.261s][8748][8884 ][info][gc,reloc    ] GC(31) y: Small Pages:                   66           10            0         132M          68M           1M 
[2026-06-26T17:35:49.550-0300][56.261s][8748][8884 ][info][gc,reloc    ] GC(31) y: Medium Pages:                   1            0            0          32M           0M           0M 
[2026-06-26T17:35:49.550-0300][56.261s][8748][8884 ][info][gc,reloc    ] GC(31) y: Large Pages:                    0            0            0           0M           0M           0M 
[2026-06-26T17:35:49.550-0300][56.261s][8748][8884 ][info][gc,reloc    ] GC(31) y: Forwarding Usage: 1M
[2026-06-26T17:35:49.550-0300][56.261s][8748][8884 ][info][gc,reloc    ] GC(31) y: Age Table:
[2026-06-26T17:35:49.550-0300][56.261s][8748][8884 ][info][gc,reloc    ] GC(31) y:                    Live             Garbage             Small              Medium             Large        
[2026-06-26T17:35:49.550-0300][56.261s][8748][8884 ][info][gc,reloc    ] GC(31) y: Eden               0M (0%)           81M (3%)          41 / 7              0 / 0              0 / 0        
[2026-06-26T17:35:49.550-0300][56.261s][8748][8884 ][info][gc,reloc    ] GC(31) y: Survivor 1        26M (1%)           35M (1%)          15 / 1              1 / 0              0 / 0        
[2026-06-26T17:35:49.550-0300][56.261s][8748][8884 ][info][gc,reloc    ] GC(31) y: Survivor 2        15M (1%)            4M (0%)          10 / 2              0 / 0              0 / 0        
[2026-06-26T17:35:49.550-0300][56.261s][8748][8884 ][info][gc,heap     ] GC(31) y: Min Capacity: 8M(0%)
[2026-06-26T17:35:49.550-0300][56.261s][8748][8884 ][info][gc,heap     ] GC(31) y: Max Capacity: 3072M(100%)
[2026-06-26T17:35:49.550-0300][56.261s][8748][8884 ][info][gc,heap     ] GC(31) y: Soft Max Capacity: 3072M(100%)
[2026-06-26T17:35:49.550-0300][56.261s][8748][8884 ][info][gc,heap     ] GC(31) y: Heap Statistics:
[2026-06-26T17:35:49.550-0300][56.261s][8748][8884 ][info][gc,heap     ] GC(31) y:                Mark Start          Mark End        Relocate Start      Relocate End           High               Low         
[2026-06-26T17:35:49.550-0300][56.261s][8748][8884 ][info][gc,heap     ] GC(31) y:  Capacity:     3072M (100%)       3072M (100%)       3072M (100%)       3072M (100%)       3072M (100%)       3072M (100%)   
[2026-06-26T17:35:49.550-0300][56.261s][8748][8884 ][info][gc,heap     ] GC(31) y:      Free:     1874M (61%)        1858M (60%)        1926M (63%)        1936M (63%)        1938M (63%)        1858M (60%)    
[2026-06-26T17:35:49.550-0300][56.261s][8748][8884 ][info][gc,heap     ] GC(31) y:      Used:     1198M (39%)        1214M (40%)        1146M (37%)        1136M (37%)        1214M (40%)        1134M (37%)    
[2026-06-26T17:35:49.550-0300][56.261s][8748][8884 ][info][gc,heap     ] GC(31) y: Young Generation Statistics:
[2026-06-26T17:35:49.550-0300][56.261s][8748][8884 ][info][gc,heap     ] GC(31) y:                Mark Start          Mark End        Relocate Start      Relocate End    
[2026-06-26T17:35:49.550-0300][56.261s][8748][8884 ][info][gc,heap     ] GC(31) y:      Used:      164M (5%)          180M (6%)           40M (1%)           24M (1%)     
[2026-06-26T17:35:49.550-0300][56.261s][8748][8884 ][info][gc,heap     ] GC(31) y:      Live:         -                42M (1%)            3M (0%)            0M (0%)     
[2026-06-26T17:35:49.550-0300][56.261s][8748][8884 ][info][gc,heap     ] GC(31) y:   Garbage:         -               121M (4%)           20M (1%)            0M (0%)     
[2026-06-26T17:35:49.550-0300][56.262s][8748][8884 ][info][gc,heap     ] GC(31) y: Allocated:         -                16M (1%)           16M (1%)           23M (1%)     
[2026-06-26T17:35:49.550-0300][56.262s][8748][8884 ][info][gc,heap     ] GC(31) y: Reclaimed:         -                  -               100M (3%)          121M (4%)     
[2026-06-26T17:35:49.550-0300][56.262s][8748][8884 ][info][gc,heap     ] GC(31) y:  Promoted:         -                  -                39M (1%)           42M (1%)     
[2026-06-26T17:35:49.550-0300][56.262s][8748][8884 ][info][gc,heap     ] GC(31) y: Compacted:         -                  -                  -                 0M (0%)     
[2026-06-26T17:35:49.550-0300][56.262s][8748][8884 ][info][gc,phases   ] GC(31) y: Young Generation 1198M(39%)->1136M(37%) 0.105s
[2026-06-26T17:35:49.550-0300][56.262s][8748][8884 ][info][gc          ] GC(31) Minor Collection (Allocation Rate) 1198M(39%)->1138M(37%) 0.105s
[2026-06-26T17:35:50.205-0300][56.916s][8748][8884 ][info][gc          ] GC(32) Minor Collection (Allocation Rate)
[2026-06-26T17:35:50.205-0300][56.916s][8748][8884 ][info][gc,task     ] GC(32) Using 2 Workers for Young Generation
[2026-06-26T17:35:50.205-0300][56.916s][8748][8884 ][info][gc,phases   ] GC(32) y: Young Generation
[2026-06-26T17:35:50.205-0300][56.916s][8748][16824][info][gc,phases   ] GC(32) y: Pause Mark Start 0.012ms
[2026-06-26T17:35:50.220-0300][56.931s][8748][8884 ][info][gc,phases   ] GC(32) y: Concurrent Mark 14.961ms
[2026-06-26T17:35:50.220-0300][56.931s][8748][16824][info][gc,phases   ] GC(32) y: Pause Mark End 0.015ms
[2026-06-26T17:35:50.220-0300][56.931s][8748][8884 ][info][gc,phases   ] GC(32) y: Concurrent Mark Free 0.005ms
[2026-06-26T17:35:50.220-0300][56.931s][8748][8884 ][info][gc,phases   ] GC(32) y: Concurrent Reset Relocation Set 0.082ms
[2026-06-26T17:35:50.220-0300][56.932s][8748][8884 ][info][gc,reloc    ] GC(32) y: Using tenuring threshold: 2 (Computed)
[2026-06-26T17:35:50.221-0300][56.932s][8748][8884 ][info][gc,phases   ] GC(32) y: Concurrent Select Relocation Set 0.366ms
[2026-06-26T17:35:50.221-0300][56.932s][8748][16824][info][gc,phases   ] GC(32) y: Pause Relocate Start 0.008ms
[2026-06-26T17:35:50.222-0300][56.933s][8748][8884 ][info][gc,phases   ] GC(32) y: Concurrent Relocate 0.600ms
[2026-06-26T17:35:50.222-0300][56.933s][8748][8884 ][info][gc,alloc    ] GC(32) y:                         Mark Start        Mark End      Relocate Start    Relocate End   
[2026-06-26T17:35:50.222-0300][56.933s][8748][8884 ][info][gc,alloc    ] GC(32) y: Allocation Stalls:          0                0                0                0         
[2026-06-26T17:35:50.222-0300][56.933s][8748][8884 ][info][gc,load     ] GC(32) y: Load: 0.00 (0%) / 0.00 (0%) / 0.00 (0%)
[2026-06-26T17:35:50.222-0300][56.933s][8748][8884 ][info][gc,mmu      ] GC(32) y: MMU: 2ms/44.2%, 5ms/77.7%, 10ms/88.8%, 20ms/94.4%, 50ms/94.8%, 100ms/97.4%
[2026-06-26T17:35:50.222-0300][56.933s][8748][8884 ][info][gc,marking  ] GC(32) y: Mark: 2 stripe(s), 4 proactive flush(es), 1 terminate flush(es), 0 completion(s), 0 continuation(s) 
[2026-06-26T17:35:50.222-0300][56.933s][8748][8884 ][info][gc,nmethod  ] GC(32) y: NMethods: 10134 registered, 1256 unregistered
[2026-06-26T17:35:50.222-0300][56.933s][8748][8884 ][info][gc,metaspace] GC(32) y: Metaspace: 64M used, 65M committed, 1088M reserved
[2026-06-26T17:35:50.222-0300][56.933s][8748][8884 ][info][gc,reloc    ] GC(32) y:                        Candidates     Selected     In-Place         Size        Empty    Relocated 
[2026-06-26T17:35:50.222-0300][56.933s][8748][8884 ][info][gc,reloc    ] GC(32) y: Small Pages:                   67            7            0         134M         114M           1M 
[2026-06-26T17:35:50.222-0300][56.933s][8748][8884 ][info][gc,reloc    ] GC(32) y: Medium Pages:                   1            0            0          32M           0M           0M 
[2026-06-26T17:35:50.222-0300][56.933s][8748][8884 ][info][gc,reloc    ] GC(32) y: Large Pages:                    0            0            0           0M           0M           0M 
[2026-06-26T17:35:50.222-0300][56.933s][8748][8884 ][info][gc,reloc    ] GC(32) y: Forwarding Usage: 0M
[2026-06-26T17:35:50.222-0300][56.933s][8748][8884 ][info][gc,reloc    ] GC(32) y: Age Table:
[2026-06-26T17:35:50.222-0300][56.933s][8748][8884 ][info][gc,reloc    ] GC(32) y:                    Live             Garbage             Small              Medium             Large        
[2026-06-26T17:35:50.222-0300][56.933s][8748][8884 ][info][gc,reloc    ] GC(32) y: Eden               4M (0%)          155M (5%)          64 / 5              1 / 0              0 / 0        
[2026-06-26T17:35:50.222-0300][56.933s][8748][8884 ][info][gc,reloc    ] GC(32) y: Survivor 1         0M (0%)            5M (0%)           3 / 2              0 / 0              0 / 0        
[2026-06-26T17:35:50.222-0300][56.933s][8748][8884 ][info][gc,heap     ] GC(32) y: Min Capacity: 8M(0%)
[2026-06-26T17:35:50.222-0300][56.933s][8748][8884 ][info][gc,heap     ] GC(32) y: Max Capacity: 3072M(100%)
[2026-06-26T17:35:50.222-0300][56.933s][8748][8884 ][info][gc,heap     ] GC(32) y: Soft Max Capacity: 3072M(100%)
[2026-06-26T17:35:50.222-0300][56.933s][8748][8884 ][info][gc,heap     ] GC(32) y: Heap Statistics:
[2026-06-26T17:35:50.222-0300][56.933s][8748][8884 ][info][gc,heap     ] GC(32) y:                Mark Start          Mark End        Relocate Start      Relocate End           High               Low         
[2026-06-26T17:35:50.222-0300][56.933s][8748][8884 ][info][gc,heap     ] GC(32) y:  Capacity:     3072M (100%)       3072M (100%)       3072M (100%)       3072M (100%)       3072M (100%)       3072M (100%)   
[2026-06-26T17:35:50.222-0300][56.933s][8748][8884 ][info][gc,heap     ] GC(32) y:      Free:     1794M (58%)        1774M (58%)        1888M (61%)        1892M (62%)        1892M (62%)        1774M (58%)    
[2026-06-26T17:35:50.222-0300][56.933s][8748][8884 ][info][gc,heap     ] GC(32) y:      Used:     1278M (42%)        1298M (42%)        1184M (39%)        1180M (38%)        1298M (42%)        1180M (38%)    
[2026-06-26T17:35:50.222-0300][56.933s][8748][8884 ][info][gc,heap     ] GC(32) y: Young Generation Statistics:
[2026-06-26T17:35:50.222-0300][56.933s][8748][8884 ][info][gc,heap     ] GC(32) y:                Mark Start          Mark End        Relocate Start      Relocate End    
[2026-06-26T17:35:50.222-0300][56.933s][8748][8884 ][info][gc,heap     ] GC(32) y:      Used:      166M (5%)          186M (6%)           72M (2%)           68M (2%)     
[2026-06-26T17:35:50.222-0300][56.933s][8748][8884 ][info][gc,heap     ] GC(32) y:      Live:         -                 5M (0%)            5M (0%)            5M (0%)     
[2026-06-26T17:35:50.222-0300][56.933s][8748][8884 ][info][gc,heap     ] GC(32) y:   Garbage:         -               160M (5%)           46M (2%)           31M (1%)     
[2026-06-26T17:35:50.222-0300][56.933s][8748][8884 ][info][gc,heap     ] GC(32) y: Allocated:         -                20M (1%)           20M (1%)           31M (1%)     
[2026-06-26T17:35:50.222-0300][56.933s][8748][8884 ][info][gc,heap     ] GC(32) y: Reclaimed:         -                  -               114M (4%)          129M (4%)     
[2026-06-26T17:35:50.222-0300][56.933s][8748][8884 ][info][gc,heap     ] GC(32) y:  Promoted:         -                  -                 0M (0%)            0M (0%)     
[2026-06-26T17:35:50.222-0300][56.933s][8748][8884 ][info][gc,heap     ] GC(32) y: Compacted:         -                  -                  -                 2M (0%)     
[2026-06-26T17:35:50.222-0300][56.933s][8748][8884 ][info][gc,phases   ] GC(32) y: Young Generation 1278M(42%)->1180M(38%) 0.017s
[2026-06-26T17:35:50.222-0300][56.933s][8748][8884 ][info][gc          ] GC(32) Minor Collection (Allocation Rate) 1278M(42%)->1180M(38%) 0.017s
[2026-06-26T17:35:50.293-0300][57.005s][8748][7584 ][info][gc,phases   ] GC(29) O: Concurrent Mark 1175.043ms
[2026-06-26T17:35:50.294-0300][57.005s][8748][16824][info][gc,phases   ] GC(29) O: Pause Mark End 0.017ms
[2026-06-26T17:35:50.294-0300][57.005s][8748][7584 ][info][gc,phases   ] GC(29) O: Concurrent Mark Free 0.005ms
[2026-06-26T17:35:50.318-0300][57.029s][8748][7584 ][info][gc,phases   ] GC(29) O: Concurrent Process Non-Strong 24.153ms
[2026-06-26T17:35:50.318-0300][57.029s][8748][7584 ][info][gc,phases   ] GC(29) O: Concurrent Reset Relocation Set 0.005ms
[2026-06-26T17:35:50.324-0300][57.035s][8748][7584 ][info][gc,phases   ] GC(29) O: Concurrent Select Relocation Set 5.250ms
[2026-06-26T17:35:50.324-0300][57.035s][8748][7584 ][info][gc,task     ] GC(29) O: Using 3 Workers for Old Generation
[2026-06-26T17:35:50.328-0300][57.039s][8748][9108 ][info][gc,task     ] Adjusting Workers for Old Generation: 3 -> 1
[2026-06-26T17:35:50.330-0300][57.041s][8748][7584 ][info][gc,task     ] GC(29) O: Using 1 Workers for Old Generation
[2026-06-26T17:35:50.330-0300][57.041s][8748][7584 ][info][gc,phases   ] GC(29) O: Concurrent Remap Roots 6.498ms
[2026-06-26T17:35:50.330-0300][57.041s][8748][16824][info][gc,phases   ] GC(29) O: Pause Relocate Start 0.015ms
[2026-06-26T17:35:50.330-0300][57.041s][8748][8884 ][info][gc          ] GC(33) Minor Collection (Allocation Rate)
[2026-06-26T17:35:50.330-0300][57.041s][8748][8884 ][info][gc,task     ] GC(33) Using 2 Workers for Young Generation
[2026-06-26T17:35:50.330-0300][57.041s][8748][8884 ][info][gc,phases   ] GC(33) y: Young Generation
[2026-06-26T17:35:50.330-0300][57.042s][8748][16824][info][gc,phases   ] GC(33) y: Pause Mark Start 0.008ms
[2026-06-26T17:35:50.351-0300][57.062s][8748][8884 ][info][gc,phases   ] GC(33) y: Concurrent Mark 20.639ms
[2026-06-26T17:35:50.353-0300][57.064s][8748][16824][info][gc,phases   ] GC(33) y: Pause Mark End 0.016ms
[2026-06-26T17:35:50.353-0300][57.064s][8748][8884 ][info][gc,phases   ] GC(33) y: Concurrent Mark Free 0.005ms
[2026-06-26T17:35:50.353-0300][57.064s][8748][8884 ][info][gc,phases   ] GC(33) y: Concurrent Reset Relocation Set 0.001ms
[2026-06-26T17:35:50.354-0300][57.064s][8748][8884 ][info][gc,reloc    ] GC(33) y: Using tenuring threshold: 3 (Computed)
[2026-06-26T17:35:50.354-0300][57.065s][8748][8884 ][info][gc,phases   ] GC(33) y: Concurrent Select Relocation Set 0.435ms
[2026-06-26T17:35:50.355-0300][57.066s][8748][16824][info][gc,phases   ] GC(33) y: Pause Relocate Start 0.014ms
[2026-06-26T17:35:50.357-0300][57.068s][8748][8884 ][info][gc,phases   ] GC(33) y: Concurrent Relocate 1.659ms
[2026-06-26T17:35:50.357-0300][57.068s][8748][8884 ][info][gc,alloc    ] GC(33) y:                         Mark Start        Mark End      Relocate Start    Relocate End   
[2026-06-26T17:35:50.357-0300][57.068s][8748][8884 ][info][gc,alloc    ] GC(33) y: Allocation Stalls:          0                0                0                0         
[2026-06-26T17:35:50.357-0300][57.068s][8748][8884 ][info][gc,load     ] GC(33) y: Load: 0.00 (0%) / 0.00 (0%) / 0.00 (0%)
[2026-06-26T17:35:50.357-0300][57.068s][8748][8884 ][info][gc,mmu      ] GC(33) y: MMU: 2ms/44.2%, 5ms/77.7%, 10ms/88.8%, 20ms/94.4%, 50ms/94.8%, 100ms/97.4%
[2026-06-26T17:35:50.357-0300][57.068s][8748][8884 ][info][gc,marking  ] GC(33) y: Mark: 2 stripe(s), 2 proactive flush(es), 1 terminate flush(es), 0 completion(s), 0 continuation(s) 
[2026-06-26T17:35:50.357-0300][57.068s][8748][8884 ][info][gc,nmethod  ] GC(33) y: NMethods: 10088 registered, 1356 unregistered
[2026-06-26T17:35:50.357-0300][57.068s][8748][8884 ][info][gc,metaspace] GC(33) y: Metaspace: 64M used, 65M committed, 1088M reserved
[2026-06-26T17:35:50.357-0300][57.068s][8748][8884 ][info][gc,reloc    ] GC(33) y:                        Candidates     Selected     In-Place         Size        Empty    Relocated 
[2026-06-26T17:35:50.357-0300][57.068s][8748][8884 ][info][gc,reloc    ] GC(33) y: Small Pages:                   25           12            0          50M           4M           2M 
[2026-06-26T17:35:50.357-0300][57.068s][8748][8884 ][info][gc,reloc    ] GC(33) y: Medium Pages:                   2            1            0          64M           0M           3M 
[2026-06-26T17:35:50.357-0300][57.068s][8748][8884 ][info][gc,reloc    ] GC(33) y: Large Pages:                    4            0            0          48M           0M           0M 
[2026-06-26T17:35:50.357-0300][57.068s][8748][8884 ][info][gc,reloc    ] GC(33) y: Forwarding Usage: 0M
[2026-06-26T17:35:50.357-0300][57.068s][8748][8884 ][info][gc,reloc    ] GC(33) y: Age Table:
[2026-06-26T17:35:50.357-0300][57.068s][8748][8884 ][info][gc,reloc    ] GC(33) y:                    Live             Garbage             Small              Medium             Large        
[2026-06-26T17:35:50.357-0300][57.068s][8748][8884 ][info][gc,reloc    ] GC(33) y: Eden              67M (2%)           46M (2%)          17 / 7              1 / 1              4 / 0        
[2026-06-26T17:35:50.357-0300][57.068s][8748][8884 ][info][gc,reloc    ] GC(33) y: Survivor 1         4M (0%)           39M (1%)           6 / 3              1 / 0              0 / 0        
[2026-06-26T17:35:50.357-0300][57.068s][8748][8884 ][info][gc,reloc    ] GC(33) y: Survivor 2         0M (0%)            3M (0%)           2 / 2              0 / 0              0 / 0        
[2026-06-26T17:35:50.357-0300][57.068s][8748][8884 ][info][gc,heap     ] GC(33) y: Min Capacity: 8M(0%)
[2026-06-26T17:35:50.357-0300][57.068s][8748][8884 ][info][gc,heap     ] GC(33) y: Max Capacity: 3072M(100%)
[2026-06-26T17:35:50.357-0300][57.068s][8748][8884 ][info][gc,heap     ] GC(33) y: Soft Max Capacity: 3072M(100%)
[2026-06-26T17:35:50.357-0300][57.068s][8748][8884 ][info][gc,heap     ] GC(33) y: Heap Statistics:
[2026-06-26T17:35:50.357-0300][57.068s][8748][8884 ][info][gc,heap     ] GC(33) y:                Mark Start          Mark End        Relocate Start      Relocate End           High               Low         
[2026-06-26T17:35:50.357-0300][57.068s][8748][8884 ][info][gc,heap     ] GC(33) y:  Capacity:     3072M (100%)       3072M (100%)       3072M (100%)       3072M (100%)       3072M (100%)       3072M (100%)   
[2026-06-26T17:35:50.357-0300][57.068s][8748][8884 ][info][gc,heap     ] GC(33) y:      Free:     1818M (59%)        1854M (60%)        1858M (60%)        1870M (61%)        1870M (61%)        1790M (58%)    
[2026-06-26T17:35:50.357-0300][57.068s][8748][8884 ][info][gc,heap     ] GC(33) y:      Used:     1254M (41%)        1218M (40%)        1214M (40%)        1202M (39%)        1282M (42%)        1202M (39%)    
[2026-06-26T17:35:50.357-0300][57.068s][8748][8884 ][info][gc,heap     ] GC(33) y: Young Generation Statistics:
[2026-06-26T17:35:50.357-0300][57.068s][8748][8884 ][info][gc,heap     ] GC(33) y:                Mark Start          Mark End        Relocate Start      Relocate End    
[2026-06-26T17:35:50.357-0300][57.068s][8748][8884 ][info][gc,heap     ] GC(33) y:      Used:      162M (5%)          180M (6%)          176M (6%)          164M (5%)     
[2026-06-26T17:35:50.357-0300][57.068s][8748][8884 ][info][gc,heap     ] GC(33) y:      Live:         -                73M (2%)           73M (2%)           73M (2%)     
[2026-06-26T17:35:50.357-0300][57.068s][8748][8884 ][info][gc,heap     ] GC(33) y:   Garbage:         -                88M (3%)           84M (3%)            1M (0%)     
[2026-06-26T17:35:50.357-0300][57.068s][8748][8884 ][info][gc,heap     ] GC(33) y: Allocated:         -                18M (1%)           18M (1%)           88M (3%)     
[2026-06-26T17:35:50.357-0300][57.068s][8748][8884 ][info][gc,heap     ] GC(33) y: Reclaimed:         -                  -                 4M (0%)           86M (3%)     
[2026-06-26T17:35:50.357-0300][57.068s][8748][8884 ][info][gc,heap     ] GC(33) y:  Promoted:         -                  -                 0M (0%)            0M (0%)     
[2026-06-26T17:35:50.357-0300][57.068s][8748][8884 ][info][gc,heap     ] GC(33) y: Compacted:         -                  -                  -                 9M (0%)     
[2026-06-26T17:35:50.357-0300][57.068s][8748][8884 ][info][gc,phases   ] GC(33) y: Young Generation 1254M(41%)->1202M(39%) 0.027s
[2026-06-26T17:35:50.357-0300][57.068s][8748][8884 ][info][gc          ] GC(33) Minor Collection (Allocation Rate) 1250M(41%)->1202M(39%) 0.027s
[2026-06-26T17:35:50.405-0300][57.116s][8748][7584 ][info][gc,phases   ] GC(29) O: Concurrent Relocate 74.832ms
[2026-06-26T17:35:50.405-0300][57.116s][8748][7584 ][info][gc,alloc    ] GC(29) O:                         Mark Start        Mark End      Relocate Start    Relocate End   
[2026-06-26T17:35:50.405-0300][57.116s][8748][7584 ][info][gc,alloc    ] GC(29) O: Allocation Stalls:          0                0                0                0         
[2026-06-26T17:35:50.405-0300][57.116s][8748][7584 ][info][gc,load     ] GC(29) O: Load: 0.00 (0%) / 0.00 (0%) / 0.00 (0%)
[2026-06-26T17:35:50.405-0300][57.116s][8748][7584 ][info][gc,mmu      ] GC(29) O: MMU: 2ms/44.2%, 5ms/77.7%, 10ms/88.8%, 20ms/94.4%, 50ms/94.8%, 100ms/97.4%
[2026-06-26T17:35:50.405-0300][57.116s][8748][7584 ][info][gc,marking  ] GC(29) O: Mark: 2 stripe(s), 2 proactive flush(es), 1 terminate flush(es), 0 completion(s), 0 continuation(s) 
[2026-06-26T17:35:50.405-0300][57.116s][8748][7584 ][info][gc,nmethod  ] GC(29) O: NMethods: 10088 registered, 1356 unregistered
[2026-06-26T17:35:50.405-0300][57.116s][8748][7584 ][info][gc,metaspace] GC(29) O: Metaspace: 64M used, 65M committed, 1088M reserved
[2026-06-26T17:35:50.405-0300][57.116s][8748][7584 ][info][gc,ref      ] GC(29) O:                       Encountered   Discovered     Enqueued 
[2026-06-26T17:35:50.405-0300][57.116s][8748][7584 ][info][gc,ref      ] GC(29) O: Soft References:             5361            0            0 
[2026-06-26T17:35:50.405-0300][57.116s][8748][7584 ][info][gc,ref      ] GC(29) O: Weak References:             4520          731            5 
[2026-06-26T17:35:50.405-0300][57.116s][8748][7584 ][info][gc,ref      ] GC(29) O: Final References:              16            0            0 
[2026-06-26T17:35:50.405-0300][57.116s][8748][7584 ][info][gc,ref      ] GC(29) O: Phantom References:          6462         6427            0 
[2026-06-26T17:35:50.405-0300][57.116s][8748][7584 ][info][gc,reloc    ] GC(29) O:                        Candidates     Selected     In-Place         Size        Empty    Relocated 
[2026-06-26T17:35:50.405-0300][57.116s][8748][7584 ][info][gc,reloc    ] GC(29) O: Small Pages:                  429           34            0         858M          28M          10M 
[2026-06-26T17:35:50.405-0300][57.116s][8748][7584 ][info][gc,reloc    ] GC(29) O: Medium Pages:                   2            0            0          64M           0M           0M 
[2026-06-26T17:35:50.405-0300][57.116s][8748][7584 ][info][gc,reloc    ] GC(29) O: Large Pages:                    1            0            0          12M           0M           0M 
[2026-06-26T17:35:50.405-0300][57.116s][8748][7584 ][info][gc,reloc    ] GC(29) O: Forwarding Usage: 20M
[2026-06-26T17:35:50.405-0300][57.116s][8748][7584 ][info][gc,heap     ] GC(29) O: Min Capacity: 8M(0%)
[2026-06-26T17:35:50.405-0300][57.116s][8748][7584 ][info][gc,heap     ] GC(29) O: Max Capacity: 3072M(100%)
[2026-06-26T17:35:50.405-0300][57.116s][8748][7584 ][info][gc,heap     ] GC(29) O: Soft Max Capacity: 3072M(100%)
[2026-06-26T17:35:50.405-0300][57.116s][8748][7584 ][info][gc,heap     ] GC(29) O: Heap Statistics:
[2026-06-26T17:35:50.405-0300][57.116s][8748][7584 ][info][gc,heap     ] GC(29) O:                Mark Start          Mark End        Relocate Start      Relocate End           High               Low         
[2026-06-26T17:35:50.405-0300][57.116s][8748][7584 ][info][gc,heap     ] GC(29) O:  Capacity:     3072M (100%)       3072M (100%)       3072M (100%)       3072M (100%)       3072M (100%)       3072M (100%)   
[2026-06-26T17:35:50.405-0300][57.116s][8748][7584 ][info][gc,heap     ] GC(29) O:      Free:     1972M (64%)        1886M (61%)        1826M (59%)        1880M (61%)        1990M (65%)        1774M (58%)    
[2026-06-26T17:35:50.405-0300][57.116s][8748][7584 ][info][gc,heap     ] GC(29) O:      Used:     1100M (36%)        1186M (39%)        1246M (41%)        1192M (39%)        1298M (42%)        1082M (35%)    
[2026-06-26T17:35:50.405-0300][57.116s][8748][7584 ][info][gc,heap     ] GC(29) O: Old Generation Statistics:
[2026-06-26T17:35:50.405-0300][57.116s][8748][7584 ][info][gc,heap     ] GC(29) O:                Mark Start          Mark End        Relocate Start      Relocate End    
[2026-06-26T17:35:50.405-0300][57.116s][8748][7584 ][info][gc,heap     ] GC(29) O:      Used:      934M (30%)        1112M (36%)        1084M (35%)        1026M (33%)    
[2026-06-26T17:35:50.405-0300][57.116s][8748][7584 ][info][gc,heap     ] GC(29) O:      Live:         -               773M (25%)         773M (25%)         773M (25%)    
[2026-06-26T17:35:50.405-0300][57.117s][8748][7584 ][info][gc,heap     ] GC(29) O:   Garbage:         -               160M (5%)          132M (4%)           55M (2%)     
[2026-06-26T17:35:50.405-0300][57.117s][8748][7584 ][info][gc,heap     ] GC(29) O: Allocated:         -               178M (6%)          178M (6%)          197M (6%)     
[2026-06-26T17:35:50.405-0300][57.117s][8748][7584 ][info][gc,heap     ] GC(29) O: Reclaimed:         -                  -                28M (1%)          105M (3%)     
[2026-06-26T17:35:50.405-0300][57.117s][8748][7584 ][info][gc,heap     ] GC(29) O: Compacted:         -                  -                  -                62M (2%)     
[2026-06-26T17:35:50.405-0300][57.117s][8748][7584 ][info][gc,phases   ] GC(29) O: Old Generation 1082M(35%)->1192M(39%) 1.286s
[2026-06-26T17:35:50.405-0300][57.117s][8748][7584 ][info][gc          ] GC(29) Major Collection (Allocation Rate) 1100M(36%)->1192M(39%) 1.415s
[2026-06-26T17:35:54.638-0300][61.350s][8748][7584 ][info][gc          ] GC(34) Major Collection (Allocation Rate)
[2026-06-26T17:35:54.638-0300][61.350s][8748][7584 ][info][gc,task     ] GC(34) Using 2 Workers for Young Generation
[2026-06-26T17:35:54.638-0300][61.350s][8748][7584 ][info][gc,task     ] GC(34) Using 1 Workers for Old Generation
[2026-06-26T17:35:54.638-0300][61.350s][8748][7584 ][info][gc,phases   ] GC(34) Y: Young Generation
[2026-06-26T17:35:54.638-0300][61.350s][8748][16824][info][gc,phases   ] GC(34) Y: Pause Mark Start (Major) 0.014ms
[2026-06-26T17:35:54.906-0300][61.617s][8748][7584 ][info][gc,phases   ] GC(34) Y: Concurrent Mark 267.140ms
[2026-06-26T17:35:54.906-0300][61.617s][8748][16824][info][gc,phases   ] GC(34) Y: Pause Mark End 0.014ms
[2026-06-26T17:35:54.906-0300][61.618s][8748][7584 ][info][gc,phases   ] GC(34) Y: Concurrent Mark Free 0.003ms
[2026-06-26T17:35:54.907-0300][61.618s][8748][7584 ][info][gc,phases   ] GC(34) Y: Concurrent Reset Relocation Set 0.002ms
[2026-06-26T17:35:54.907-0300][61.618s][8748][7584 ][info][gc,reloc    ] GC(34) Y: Using tenuring threshold: 4 (Computed)
[2026-06-26T17:35:54.919-0300][61.631s][8748][7584 ][info][gc,phases   ] GC(34) Y: Concurrent Select Relocation Set 13.517ms
[2026-06-26T17:35:54.919-0300][61.631s][8748][16824][info][gc,phases   ] GC(34) Y: Pause Relocate Start 0.014ms
[2026-06-26T17:35:55.046-0300][61.757s][8748][7584 ][info][gc,phases   ] GC(34) Y: Concurrent Relocate 125.826ms
[2026-06-26T17:35:55.046-0300][61.757s][8748][7584 ][info][gc,alloc    ] GC(34) Y:                         Mark Start        Mark End      Relocate Start    Relocate End   
[2026-06-26T17:35:55.046-0300][61.757s][8748][7584 ][info][gc,alloc    ] GC(34) Y: Allocation Stalls:          0                0                0                0         
[2026-06-26T17:35:55.046-0300][61.757s][8748][7584 ][info][gc,load     ] GC(34) Y: Load: 0.00 (0%) / 0.00 (0%) / 0.00 (0%)
[2026-06-26T17:35:55.046-0300][61.757s][8748][7584 ][info][gc,mmu      ] GC(34) Y: MMU: 2ms/44.2%, 5ms/77.7%, 10ms/88.8%, 20ms/94.4%, 50ms/94.8%, 100ms/97.4%
[2026-06-26T17:35:55.046-0300][61.757s][8748][7584 ][info][gc,marking  ] GC(34) Y: Mark: 2 stripe(s), 3 proactive flush(es), 1 terminate flush(es), 0 completion(s), 0 continuation(s) 
[2026-06-26T17:35:55.046-0300][61.757s][8748][7584 ][info][gc,nmethod  ] GC(34) Y: NMethods: 11251 registered, 0 unregistered
[2026-06-26T17:35:55.046-0300][61.757s][8748][7584 ][info][gc,metaspace] GC(34) Y: Metaspace: 65M used, 66M committed, 1088M reserved
[2026-06-26T17:35:55.046-0300][61.757s][8748][7584 ][info][gc,reloc    ] GC(34) Y:                        Candidates     Selected     In-Place         Size        Empty    Relocated 
[2026-06-26T17:35:55.046-0300][61.757s][8748][7584 ][info][gc,reloc    ] GC(34) Y: Small Pages:                  403          240            0         806M           0M          96M 
[2026-06-26T17:35:55.046-0300][61.757s][8748][7584 ][info][gc,reloc    ] GC(34) Y: Medium Pages:                   2            1            0          64M           0M           3M 
[2026-06-26T17:35:55.046-0300][61.757s][8748][7584 ][info][gc,reloc    ] GC(34) Y: Large Pages:                    4            0            0          48M           0M           0M 
[2026-06-26T17:35:55.046-0300][61.757s][8748][7584 ][info][gc,reloc    ] GC(34) Y: Forwarding Usage: 75M
[2026-06-26T17:35:55.046-0300][61.757s][8748][7584 ][info][gc,reloc    ] GC(34) Y: Age Table:
[2026-06-26T17:35:55.046-0300][61.757s][8748][7584 ][info][gc,reloc    ] GC(34) Y:                    Live             Garbage             Small              Medium             Large        
[2026-06-26T17:35:55.046-0300][61.757s][8748][7584 ][info][gc,reloc    ] GC(34) Y: Eden             266M (9%)          505M (16%)        386 / 233            0 / 0              0 / 0        
[2026-06-26T17:35:55.046-0300][61.757s][8748][7584 ][info][gc,reloc    ] GC(34) Y: Survivor 1        67M (2%)           36M (1%)          12 / 5              1 / 1              4 / 0        
[2026-06-26T17:35:55.046-0300][61.757s][8748][7584 ][info][gc,reloc    ] GC(34) Y: Survivor 2         4M (0%)           33M (1%)           3 / 0              1 / 0              0 / 0        
[2026-06-26T17:35:55.046-0300][61.757s][8748][7584 ][info][gc,reloc    ] GC(34) Y: Survivor 3         0M (0%)            3M (0%)           2 / 2              0 / 0              0 / 0        
[2026-06-26T17:35:55.046-0300][61.757s][8748][7584 ][info][gc,heap     ] GC(34) Y: Min Capacity: 8M(0%)
[2026-06-26T17:35:55.046-0300][61.757s][8748][7584 ][info][gc,heap     ] GC(34) Y: Max Capacity: 3072M(100%)
[2026-06-26T17:35:55.046-0300][61.757s][8748][7584 ][info][gc,heap     ] GC(34) Y: Soft Max Capacity: 3072M(100%)
[2026-06-26T17:35:55.046-0300][61.757s][8748][7584 ][info][gc,heap     ] GC(34) Y: Heap Statistics:
[2026-06-26T17:35:55.046-0300][61.757s][8748][7584 ][info][gc,heap     ] GC(34) Y:                Mark Start          Mark End        Relocate Start      Relocate End           High               Low         
[2026-06-26T17:35:55.046-0300][61.757s][8748][7584 ][info][gc,heap     ] GC(34) Y:  Capacity:     3072M (100%)       3072M (100%)       3072M (100%)       3072M (100%)       3072M (100%)       3072M (100%)   
[2026-06-26T17:35:55.046-0300][61.757s][8748][7584 ][info][gc,heap     ] GC(34) Y:      Free:     1128M (37%)        1058M (34%)        1050M (34%)        1486M (48%)        1486M (48%)         984M (32%)    
[2026-06-26T17:35:55.046-0300][61.757s][8748][7584 ][info][gc,heap     ] GC(34) Y:      Used:     1944M (63%)        2014M (66%)        2022M (66%)        1586M (52%)        2088M (68%)        1586M (52%)    
[2026-06-26T17:35:55.046-0300][61.757s][8748][7584 ][info][gc,heap     ] GC(34) Y: Young Generation Statistics:
[2026-06-26T17:35:55.046-0300][61.757s][8748][7584 ][info][gc,heap     ] GC(34) Y:                Mark Start          Mark End        Relocate Start      Relocate End    
[2026-06-26T17:35:55.046-0300][61.757s][8748][7584 ][info][gc,heap     ] GC(34) Y:      Used:      918M (30%)         988M (32%)         996M (32%)         560M (18%)    
[2026-06-26T17:35:55.046-0300][61.757s][8748][7584 ][info][gc,heap     ] GC(34) Y:      Live:         -               339M (11%)         339M (11%)         339M (11%)    
[2026-06-26T17:35:55.046-0300][61.757s][8748][7584 ][info][gc,heap     ] GC(34) Y:   Garbage:         -               578M (19%)         578M (19%)          20M (1%)     
[2026-06-26T17:35:55.046-0300][61.757s][8748][7584 ][info][gc,heap     ] GC(34) Y: Allocated:         -                70M (2%)           78M (3%)          200M (7%)     
[2026-06-26T17:35:55.046-0300][61.757s][8748][7584 ][info][gc,heap     ] GC(34) Y: Reclaimed:         -                  -                 0M (0%)          558M (18%)    
[2026-06-26T17:35:55.046-0300][61.757s][8748][7584 ][info][gc,heap     ] GC(34) Y:  Promoted:         -                  -                 0M (0%)            0M (0%)     
[2026-06-26T17:35:55.046-0300][61.757s][8748][7584 ][info][gc,heap     ] GC(34) Y: Compacted:         -                  -                  -               141M (5%)     
[2026-06-26T17:35:55.046-0300][61.757s][8748][7584 ][info][gc,phases   ] GC(34) Y: Young Generation 1944M(63%)->1586M(52%) 0.407s
[2026-06-26T17:35:55.046-0300][61.758s][8748][7584 ][info][gc,phases   ] GC(34) O: Old Generation
[2026-06-26T17:35:55.053-0300][61.764s][8748][8884 ][info][gc          ] GC(35) Minor Collection (Allocation Rate)
[2026-06-26T17:35:55.053-0300][61.764s][8748][8884 ][info][gc,task     ] GC(35) Using 2 Workers for Young Generation
[2026-06-26T17:35:55.053-0300][61.764s][8748][8884 ][info][gc,phases   ] GC(35) y: Young Generation
[2026-06-26T17:35:55.053-0300][61.764s][8748][16824][info][gc,phases   ] GC(35) y: Pause Mark Start 0.014ms
[2026-06-26T17:35:55.404-0300][62.115s][8748][8884 ][info][gc,phases   ] GC(35) y: Concurrent Mark 351.099ms
[2026-06-26T17:35:55.404-0300][62.115s][8748][16824][info][gc,phases   ] GC(35) y: Pause Mark End 0.015ms
[2026-06-26T17:35:55.404-0300][62.115s][8748][8884 ][info][gc,phases   ] GC(35) y: Concurrent Mark Free 0.002ms
[2026-06-26T17:35:55.404-0300][62.116s][8748][8884 ][info][gc,phases   ] GC(35) y: Concurrent Reset Relocation Set 0.021ms
[2026-06-26T17:35:55.404-0300][62.116s][8748][8884 ][info][gc,reloc    ] GC(35) y: Using tenuring threshold: 1 (Computed)
[2026-06-26T17:35:55.522-0300][62.234s][8748][8884 ][info][gc,phases   ] GC(35) y: Concurrent Select Relocation Set 118.072ms
[2026-06-26T17:35:55.522-0300][62.234s][8748][16824][info][gc,phases   ] GC(35) y: Pause Relocate Start 0.010ms
[2026-06-26T17:35:55.697-0300][62.408s][8748][8884 ][info][gc,phases   ] GC(35) y: Concurrent Relocate 174.000ms
[2026-06-26T17:35:55.697-0300][62.408s][8748][8884 ][info][gc,alloc    ] GC(35) y:                         Mark Start        Mark End      Relocate Start    Relocate End   
[2026-06-26T17:35:55.697-0300][62.408s][8748][8884 ][info][gc,alloc    ] GC(35) y: Allocation Stalls:          0                0                0                0         
[2026-06-26T17:35:55.697-0300][62.408s][8748][8884 ][info][gc,load     ] GC(35) y: Load: 0.00 (0%) / 0.00 (0%) / 0.00 (0%)
[2026-06-26T17:35:55.697-0300][62.408s][8748][8884 ][info][gc,mmu      ] GC(35) y: MMU: 2ms/44.2%, 5ms/77.7%, 10ms/88.8%, 20ms/94.4%, 50ms/94.8%, 100ms/97.4%
[2026-06-26T17:35:55.697-0300][62.408s][8748][8884 ][info][gc,marking  ] GC(35) y: Mark: 2 stripe(s), 3 proactive flush(es), 1 terminate flush(es), 0 completion(s), 0 continuation(s) 
[2026-06-26T17:35:55.697-0300][62.408s][8748][8884 ][info][gc,nmethod  ] GC(35) y: NMethods: 11295 registered, 0 unregistered
[2026-06-26T17:35:55.697-0300][62.408s][8748][8884 ][info][gc,metaspace] GC(35) y: Metaspace: 65M used, 66M committed, 1088M reserved
[2026-06-26T17:35:55.697-0300][62.408s][8748][8884 ][info][gc,reloc    ] GC(35) y:                        Candidates     Selected     In-Place         Size        Empty    Relocated 
[2026-06-26T17:35:55.697-0300][62.408s][8748][8884 ][info][gc,reloc    ] GC(35) y: Small Pages:                  224           64            0         448M           2M           9M 
[2026-06-26T17:35:55.697-0300][62.408s][8748][8884 ][info][gc,reloc    ] GC(35) y: Medium Pages:                   2            1            0          64M           0M           3M 
[2026-06-26T17:35:55.697-0300][62.408s][8748][8884 ][info][gc,reloc    ] GC(35) y: Large Pages:                    4            0            0          48M           0M           0M 
[2026-06-26T17:35:55.697-0300][62.408s][8748][8884 ][info][gc,reloc    ] GC(35) y: Forwarding Usage: 5M
[2026-06-26T17:35:55.697-0300][62.408s][8748][8884 ][info][gc,reloc    ] GC(35) y: Age Table:
[2026-06-26T17:35:55.697-0300][62.408s][8748][8884 ][info][gc,reloc    ] GC(35) y:                    Live             Garbage             Small              Medium             Large        
[2026-06-26T17:35:55.697-0300][62.408s][8748][8884 ][info][gc,reloc    ] GC(35) y: Eden               8M (0%)          109M (4%)          59 / 53             0 / 0              0 / 0        
[2026-06-26T17:35:55.697-0300][62.408s][8748][8884 ][info][gc,reloc    ] GC(35) y: Survivor 1       265M (9%)           32M (1%)         149 / 5              0 / 0              0 / 0        
[2026-06-26T17:35:55.697-0300][62.408s][8748][8884 ][info][gc,reloc    ] GC(35) y: Survivor 2        67M (2%)           34M (1%)          11 / 3              1 / 1              4 / 0        
[2026-06-26T17:35:55.697-0300][62.408s][8748][8884 ][info][gc,reloc    ] GC(35) y: Survivor 3         4M (0%)           33M (1%)           3 / 1              1 / 0              0 / 0        
[2026-06-26T17:35:55.697-0300][62.408s][8748][8884 ][info][gc,reloc    ] GC(35) y: Survivor 4         0M (0%)            3M (0%)           2 / 2              0 / 0              0 / 0        
[2026-06-26T17:35:55.697-0300][62.408s][8748][8884 ][info][gc,heap     ] GC(35) y: Min Capacity: 8M(0%)
[2026-06-26T17:35:55.697-0300][62.408s][8748][8884 ][info][gc,heap     ] GC(35) y: Max Capacity: 3072M(100%)
[2026-06-26T17:35:55.697-0300][62.408s][8748][8884 ][info][gc,heap     ] GC(35) y: Soft Max Capacity: 3072M(100%)
[2026-06-26T17:35:55.697-0300][62.408s][8748][8884 ][info][gc,heap     ] GC(35) y: Heap Statistics:
[2026-06-26T17:35:55.697-0300][62.408s][8748][8884 ][info][gc,heap     ] GC(35) y:                Mark Start          Mark End        Relocate Start      Relocate End           High               Low         
[2026-06-26T17:35:55.697-0300][62.408s][8748][8884 ][info][gc,heap     ] GC(35) y:  Capacity:     3072M (100%)       3072M (100%)       3072M (100%)       3072M (100%)       3072M (100%)       3072M (100%)   
[2026-06-26T17:35:55.697-0300][62.408s][8748][8884 ][info][gc,heap     ] GC(35) y:      Free:     1486M (48%)        1336M (43%)        1298M (42%)        1394M (45%)        1486M (48%)        1252M (41%)    
[2026-06-26T17:35:55.697-0300][62.408s][8748][8884 ][info][gc,heap     ] GC(35) y:      Used:     1586M (52%)        1736M (57%)        1774M (58%)        1678M (55%)        1820M (59%)        1586M (52%)    
[2026-06-26T17:35:55.697-0300][62.408s][8748][8884 ][info][gc,heap     ] GC(35) y: Young Generation Statistics:
[2026-06-26T17:35:55.697-0300][62.408s][8748][8884 ][info][gc,heap     ] GC(35) y:                Mark Start          Mark End        Relocate Start      Relocate End    
[2026-06-26T17:35:55.697-0300][62.408s][8748][8884 ][info][gc,heap     ] GC(35) y:      Used:      560M (18%)         710M (23%)         396M (13%)         256M (8%)     
[2026-06-26T17:35:55.697-0300][62.408s][8748][8884 ][info][gc,heap     ] GC(35) y:      Live:         -               347M (11%)          17M (1%)            8M (0%)     
[2026-06-26T17:35:55.697-0300][62.408s][8748][8884 ][info][gc,heap     ] GC(35) y:   Garbage:         -               212M (7%)          188M (6%)            0M (0%)     
[2026-06-26T17:35:55.697-0300][62.408s][8748][8884 ][info][gc,heap     ] GC(35) y: Allocated:         -               150M (5%)          190M (6%)          247M (8%)     
[2026-06-26T17:35:55.697-0300][62.408s][8748][8884 ][info][gc,heap     ] GC(35) y: Reclaimed:         -                  -                23M (1%)          212M (7%)     
[2026-06-26T17:35:55.697-0300][62.408s][8748][8884 ][info][gc,heap     ] GC(35) y:  Promoted:         -                  -               330M (11%)         339M (11%)    
[2026-06-26T17:35:55.697-0300][62.408s][8748][8884 ][info][gc,heap     ] GC(35) y: Compacted:         -                  -                  -                 8M (0%)     
[2026-06-26T17:35:55.697-0300][62.409s][8748][8884 ][info][gc,phases   ] GC(35) y: Young Generation 1586M(52%)->1678M(55%) 0.644s
[2026-06-26T17:35:55.697-0300][62.409s][8748][8884 ][info][gc          ] GC(35) Minor Collection (Allocation Rate) 1586M(52%)->1680M(55%) 0.645s
[2026-06-26T17:35:55.697-0300][62.409s][8748][9108 ][info][gc,task     ] Adjusting Workers for Old Generation: 1 -> 2
[2026-06-26T17:35:55.697-0300][62.409s][8748][8884 ][info][gc          ] GC(36) Minor Collection (Allocation Rate)
[2026-06-26T17:35:55.697-0300][62.409s][8748][8884 ][info][gc,task     ] GC(36) Using 1 Workers for Young Generation
[2026-06-26T17:35:55.697-0300][62.409s][8748][8884 ][info][gc,phases   ] GC(36) y: Young Generation
[2026-06-26T17:35:55.697-0300][62.409s][8748][16824][info][gc,phases   ] GC(36) y: Pause Mark Start 0.012ms
[2026-06-26T17:35:55.792-0300][62.504s][8748][8884 ][info][gc,phases   ] GC(36) y: Concurrent Mark 95.080ms
[2026-06-26T17:35:55.792-0300][62.504s][8748][16824][info][gc,phases   ] GC(36) y: Pause Mark End 0.016ms
[2026-06-26T17:35:55.792-0300][62.504s][8748][8884 ][info][gc,phases   ] GC(36) y: Concurrent Mark Free 0.002ms
[2026-06-26T17:35:55.799-0300][62.510s][8748][8884 ][info][gc,phases   ] GC(36) y: Concurrent Reset Relocation Set 6.075ms
[2026-06-26T17:35:55.799-0300][62.510s][8748][8884 ][info][gc,reloc    ] GC(36) y: Using tenuring threshold: 2 (Computed)
[2026-06-26T17:35:55.804-0300][62.515s][8748][8884 ][info][gc,phases   ] GC(36) y: Concurrent Select Relocation Set 4.747ms
[2026-06-26T17:35:55.804-0300][62.515s][8748][16824][info][gc,phases   ] GC(36) y: Pause Relocate Start 0.020ms
[2026-06-26T17:35:55.847-0300][62.558s][8748][8884 ][info][gc,phases   ] GC(36) y: Concurrent Relocate 43.073ms
[2026-06-26T17:35:55.847-0300][62.558s][8748][8884 ][info][gc,alloc    ] GC(36) y:                         Mark Start        Mark End      Relocate Start    Relocate End   
[2026-06-26T17:35:55.847-0300][62.558s][8748][8884 ][info][gc,alloc    ] GC(36) y: Allocation Stalls:          0                0                0                0         
[2026-06-26T17:35:55.847-0300][62.558s][8748][8884 ][info][gc,load     ] GC(36) y: Load: 0.00 (0%) / 0.00 (0%) / 0.00 (0%)
[2026-06-26T17:35:55.847-0300][62.558s][8748][8884 ][info][gc,mmu      ] GC(36) y: MMU: 2ms/44.2%, 5ms/77.7%, 10ms/88.8%, 20ms/94.4%, 50ms/94.8%, 100ms/97.4%
[2026-06-26T17:35:55.847-0300][62.558s][8748][8884 ][info][gc,marking  ] GC(36) y: Mark: 1 stripe(s), 2 proactive flush(es), 1 terminate flush(es), 0 completion(s), 0 continuation(s) 
[2026-06-26T17:35:55.847-0300][62.558s][8748][8884 ][info][gc,nmethod  ] GC(36) y: NMethods: 11304 registered, 0 unregistered
[2026-06-26T17:35:55.847-0300][62.558s][8748][8884 ][info][gc,metaspace] GC(36) y: Metaspace: 65M used, 66M committed, 1088M reserved
[2026-06-26T17:35:55.847-0300][62.558s][8748][8884 ][info][gc,reloc    ] GC(36) y:                        Candidates     Selected     In-Place         Size        Empty    Relocated 
[2026-06-26T17:35:55.847-0300][62.558s][8748][8884 ][info][gc,reloc    ] GC(36) y: Small Pages:                  130          110            0         260M           6M          15M 
[2026-06-26T17:35:55.847-0300][62.558s][8748][8884 ][info][gc,reloc    ] GC(36) y: Medium Pages:                   0            0            0           0M           0M           0M 
[2026-06-26T17:35:55.847-0300][62.558s][8748][8884 ][info][gc,reloc    ] GC(36) y: Large Pages:                    0            0            0           0M           0M           0M 
[2026-06-26T17:35:55.847-0300][62.558s][8748][8884 ][info][gc,reloc    ] GC(36) y: Forwarding Usage: 11M
[2026-06-26T17:35:55.847-0300][62.558s][8748][8884 ][info][gc,reloc    ] GC(36) y: Age Table:
[2026-06-26T17:35:55.847-0300][62.558s][8748][8884 ][info][gc,reloc    ] GC(36) y:                    Live             Garbage             Small              Medium             Large        
[2026-06-26T17:35:55.847-0300][62.559s][8748][8884 ][info][gc,reloc    ] GC(36) y: Eden              20M (1%)          221M (7%)         121 / 107            0 / 0              0 / 0        
[2026-06-26T17:35:55.847-0300][62.559s][8748][8884 ][info][gc,reloc    ] GC(36) y: Survivor 1         8M (0%)            9M (0%)           9 / 3              0 / 0              0 / 0        
[2026-06-26T17:35:55.847-0300][62.559s][8748][8884 ][info][gc,heap     ] GC(36) y: Min Capacity: 8M(0%)
[2026-06-26T17:35:55.847-0300][62.559s][8748][8884 ][info][gc,heap     ] GC(36) y: Max Capacity: 3072M(100%)
[2026-06-26T17:35:55.847-0300][62.559s][8748][8884 ][info][gc,heap     ] GC(36) y: Soft Max Capacity: 3072M(100%)
[2026-06-26T17:35:55.847-0300][62.559s][8748][8884 ][info][gc,heap     ] GC(36) y: Heap Statistics:
[2026-06-26T17:35:55.847-0300][62.559s][8748][8884 ][info][gc,heap     ] GC(36) y:                Mark Start          Mark End        Relocate Start      Relocate End           High               Low         
[2026-06-26T17:35:55.847-0300][62.559s][8748][8884 ][info][gc,heap     ] GC(36) y:  Capacity:     3072M (100%)       3072M (100%)       3072M (100%)       3072M (100%)       3072M (100%)       3072M (100%)   
[2026-06-26T17:35:55.847-0300][62.559s][8748][8884 ][info][gc,heap     ] GC(36) y:      Free:     1390M (45%)        1350M (44%)        1352M (44%)        1552M (51%)        1552M (51%)        1348M (44%)    
[2026-06-26T17:35:55.847-0300][62.559s][8748][8884 ][info][gc,heap     ] GC(36) y:      Used:     1682M (55%)        1722M (56%)        1720M (56%)        1520M (49%)        1724M (56%)        1520M (49%)    
[2026-06-26T17:35:55.847-0300][62.559s][8748][8884 ][info][gc,heap     ] GC(36) y: Young Generation Statistics:
[2026-06-26T17:35:55.847-0300][62.559s][8748][8884 ][info][gc,heap     ] GC(36) y:                Mark Start          Mark End        Relocate Start      Relocate End    
[2026-06-26T17:35:55.847-0300][62.559s][8748][8884 ][info][gc,heap     ] GC(36) y:      Used:      260M (8%)          300M (10%)         298M (10%)          98M (3%)     
[2026-06-26T17:35:55.847-0300][62.559s][8748][8884 ][info][gc,heap     ] GC(36) y:      Live:         -                29M (1%)           29M (1%)           29M (1%)     
[2026-06-26T17:35:55.847-0300][62.559s][8748][8884 ][info][gc,heap     ] GC(36) y:   Garbage:         -               230M (7%)          224M (7%)            1M (0%)     
[2026-06-26T17:35:55.847-0300][62.559s][8748][8884 ][info][gc,heap     ] GC(36) y: Allocated:         -                40M (1%)           44M (1%)           67M (2%)     
[2026-06-26T17:35:55.847-0300][62.559s][8748][8884 ][info][gc,heap     ] GC(36) y: Reclaimed:         -                  -                 6M (0%)          229M (7%)     
[2026-06-26T17:35:55.847-0300][62.559s][8748][8884 ][info][gc,heap     ] GC(36) y:  Promoted:         -                  -                 0M (0%)            0M (0%)     
[2026-06-26T17:35:55.847-0300][62.559s][8748][8884 ][info][gc,heap     ] GC(36) y: Compacted:         -                  -                  -                20M (1%)     
[2026-06-26T17:35:55.847-0300][62.559s][8748][8884 ][info][gc,phases   ] GC(36) y: Young Generation 1682M(55%)->1520M(49%) 0.150s
[2026-06-26T17:35:55.847-0300][62.559s][8748][8884 ][info][gc          ] GC(36) Minor Collection (Allocation Rate) 1680M(55%)->1520M(49%) 0.150s
[2026-06-26T17:35:56.042-0300][62.753s][8748][9108 ][info][gc,task     ] Adjusting Workers for Old Generation: 2 -> 1
[2026-06-26T17:35:56.042-0300][62.753s][8748][8884 ][info][gc          ] GC(37) Minor Collection (Allocation Rate)
[2026-06-26T17:35:56.042-0300][62.753s][8748][8884 ][info][gc,task     ] GC(37) Using 2 Workers for Young Generation
[2026-06-26T17:35:56.042-0300][62.753s][8748][8884 ][info][gc,phases   ] GC(37) y: Young Generation
[2026-06-26T17:35:56.042-0300][62.753s][8748][16824][info][gc,phases   ] GC(37) y: Pause Mark Start 0.012ms
[2026-06-26T17:35:56.109-0300][62.820s][8748][8884 ][info][gc,phases   ] GC(37) y: Concurrent Mark 67.274ms
[2026-06-26T17:35:56.109-0300][62.820s][8748][16824][info][gc,phases   ] GC(37) y: Pause Mark End 0.013ms
[2026-06-26T17:35:56.109-0300][62.820s][8748][8884 ][info][gc,phases   ] GC(37) y: Concurrent Mark Free 0.004ms
[2026-06-26T17:35:56.109-0300][62.820s][8748][8884 ][info][gc,phases   ] GC(37) y: Concurrent Reset Relocation Set 0.009ms
[2026-06-26T17:35:56.109-0300][62.820s][8748][8884 ][info][gc,reloc    ] GC(37) y: Using tenuring threshold: 3 (Computed)
[2026-06-26T17:35:56.110-0300][62.821s][8748][8884 ][info][gc,phases   ] GC(37) y: Concurrent Select Relocation Set 0.924ms
[2026-06-26T17:35:56.110-0300][62.821s][8748][16824][info][gc,phases   ] GC(37) y: Pause Relocate Start 0.009ms
[2026-06-26T17:35:56.123-0300][62.835s][8748][8884 ][info][gc,phases   ] GC(37) y: Concurrent Relocate 13.420ms
[2026-06-26T17:35:56.123-0300][62.835s][8748][8884 ][info][gc,alloc    ] GC(37) y:                         Mark Start        Mark End      Relocate Start    Relocate End   
[2026-06-26T17:35:56.123-0300][62.835s][8748][8884 ][info][gc,alloc    ] GC(37) y: Allocation Stalls:          0                0                0                0         
[2026-06-26T17:35:56.123-0300][62.835s][8748][8884 ][info][gc,load     ] GC(37) y: Load: 0.00 (0%) / 0.00 (0%) / 0.00 (0%)
[2026-06-26T17:35:56.124-0300][62.835s][8748][8884 ][info][gc,mmu      ] GC(37) y: MMU: 2ms/44.2%, 5ms/77.7%, 10ms/88.8%, 20ms/94.4%, 50ms/94.8%, 100ms/97.4%
[2026-06-26T17:35:56.124-0300][62.835s][8748][8884 ][info][gc,marking  ] GC(37) y: Mark: 2 stripe(s), 3 proactive flush(es), 1 terminate flush(es), 0 completion(s), 0 continuation(s) 
[2026-06-26T17:35:56.124-0300][62.835s][8748][8884 ][info][gc,nmethod  ] GC(37) y: NMethods: 11348 registered, 0 unregistered
[2026-06-26T17:35:56.124-0300][62.835s][8748][8884 ][info][gc,metaspace] GC(37) y: Metaspace: 65M used, 66M committed, 1088M reserved
[2026-06-26T17:35:56.124-0300][62.835s][8748][8884 ][info][gc,reloc    ] GC(37) y:                        Candidates     Selected     In-Place         Size        Empty    Relocated 
[2026-06-26T17:35:56.124-0300][62.835s][8748][8884 ][info][gc,reloc    ] GC(37) y: Small Pages:                   78           54            0         156M           6M           8M 
[2026-06-26T17:35:56.124-0300][62.835s][8748][8884 ][info][gc,reloc    ] GC(37) y: Medium Pages:                   0            0            0           0M           0M           0M 
[2026-06-26T17:35:56.124-0300][62.835s][8748][8884 ][info][gc,reloc    ] GC(37) y: Large Pages:                    0            0            0           0M           0M           0M 
[2026-06-26T17:35:56.124-0300][62.835s][8748][8884 ][info][gc,reloc    ] GC(37) y: Forwarding Usage: 6M
[2026-06-26T17:35:56.124-0300][62.835s][8748][8884 ][info][gc,reloc    ] GC(37) y: Age Table:
[2026-06-26T17:35:56.124-0300][62.835s][8748][8884 ][info][gc,reloc    ] GC(37) y:                    Live             Garbage             Small              Medium             Large        
[2026-06-26T17:35:56.124-0300][62.835s][8748][8884 ][info][gc,reloc    ] GC(37) y: Eden              10M (0%)          107M (4%)          59 / 52             0 / 0              0 / 0        
[2026-06-26T17:35:56.124-0300][62.835s][8748][8884 ][info][gc,reloc    ] GC(37) y: Survivor 1        20M (1%)            5M (0%)          13 / 1              0 / 0              0 / 0        
[2026-06-26T17:35:56.124-0300][62.835s][8748][8884 ][info][gc,reloc    ] GC(37) y: Survivor 2         8M (0%)            3M (0%)           6 / 1              0 / 0              0 / 0        
[2026-06-26T17:35:56.124-0300][62.835s][8748][8884 ][info][gc,heap     ] GC(37) y: Min Capacity: 8M(0%)
[2026-06-26T17:35:56.124-0300][62.835s][8748][8884 ][info][gc,heap     ] GC(37) y: Max Capacity: 3072M(100%)
[2026-06-26T17:35:56.124-0300][62.835s][8748][8884 ][info][gc,heap     ] GC(37) y: Soft Max Capacity: 3072M(100%)
[2026-06-26T17:35:56.124-0300][62.835s][8748][8884 ][info][gc,heap     ] GC(37) y: Heap Statistics:
[2026-06-26T17:35:56.124-0300][62.835s][8748][8884 ][info][gc,heap     ] GC(37) y:                Mark Start          Mark End        Relocate Start      Relocate End           High               Low         
[2026-06-26T17:35:56.124-0300][62.835s][8748][8884 ][info][gc,heap     ] GC(37) y:  Capacity:     3072M (100%)       3072M (100%)       3072M (100%)       3072M (100%)       3072M (100%)       3072M (100%)   
[2026-06-26T17:35:56.124-0300][62.835s][8748][8884 ][info][gc,heap     ] GC(37) y:      Free:     1494M (49%)        1456M (47%)        1462M (48%)        1558M (51%)        1558M (51%)        1456M (47%)    
[2026-06-26T17:35:56.124-0300][62.835s][8748][8884 ][info][gc,heap     ] GC(37) y:      Used:     1578M (51%)        1616M (53%)        1610M (52%)        1514M (49%)        1616M (53%)        1514M (49%)    
[2026-06-26T17:35:56.124-0300][62.835s][8748][8884 ][info][gc,heap     ] GC(37) y: Young Generation Statistics:
[2026-06-26T17:35:56.124-0300][62.835s][8748][8884 ][info][gc,heap     ] GC(37) y:                Mark Start          Mark End        Relocate Start      Relocate End    
[2026-06-26T17:35:56.124-0300][62.835s][8748][8884 ][info][gc,heap     ] GC(37) y:      Used:      156M (5%)          194M (6%)          188M (6%)           92M (3%)     
[2026-06-26T17:35:56.124-0300][62.835s][8748][8884 ][info][gc,heap     ] GC(37) y:      Live:         -                39M (1%)           39M (1%)           39M (1%)     
[2026-06-26T17:35:56.124-0300][62.835s][8748][8884 ][info][gc,heap     ] GC(37) y:   Garbage:         -               116M (4%)          110M (4%)            0M (0%)     
[2026-06-26T17:35:56.124-0300][62.835s][8748][8884 ][info][gc,heap     ] GC(37) y: Allocated:         -                38M (1%)           38M (1%)           52M (2%)     
[2026-06-26T17:35:56.124-0300][62.835s][8748][8884 ][info][gc,heap     ] GC(37) y: Reclaimed:         -                  -                 6M (0%)          116M (4%)     
[2026-06-26T17:35:56.124-0300][62.835s][8748][8884 ][info][gc,heap     ] GC(37) y:  Promoted:         -                  -                 0M (0%)            0M (0%)     
[2026-06-26T17:35:56.124-0300][62.835s][8748][8884 ][info][gc,heap     ] GC(37) y: Compacted:         -                  -                  -                11M (0%)     
[2026-06-26T17:35:56.124-0300][62.835s][8748][8884 ][info][gc,phases   ] GC(37) y: Young Generation 1578M(51%)->1514M(49%) 0.082s
[2026-06-26T17:35:56.124-0300][62.835s][8748][8884 ][info][gc          ] GC(37) Minor Collection (Allocation Rate) 1576M(51%)->1514M(49%) 0.083s
[2026-06-26T17:35:56.673-0300][63.384s][8748][7584 ][info][gc,phases   ] GC(34) O: Concurrent Mark 1626.775ms
[2026-06-26T17:35:56.673-0300][63.384s][8748][16824][info][gc,phases   ] GC(34) O: Pause Mark End 0.015ms
[2026-06-26T17:35:56.673-0300][63.384s][8748][7584 ][info][gc,phases   ] GC(34) O: Concurrent Mark Free 0.005ms
[2026-06-26T17:35:56.702-0300][63.413s][8748][7584 ][info][gc,phases   ] GC(34) O: Concurrent Process Non-Strong 28.782ms
[2026-06-26T17:35:56.702-0300][63.413s][8748][7584 ][info][gc,phases   ] GC(34) O: Concurrent Reset Relocation Set 0.005ms
[2026-06-26T17:35:56.703-0300][63.414s][8748][7584 ][info][gc,phases   ] GC(34) O: Concurrent Select Relocation Set 1.097ms
[2026-06-26T17:35:56.703-0300][63.414s][8748][7584 ][info][gc,task     ] GC(34) O: Using 3 Workers for Old Generation
[2026-06-26T17:35:56.708-0300][63.419s][8748][7584 ][info][gc,task     ] GC(34) O: Using 1 Workers for Old Generation
[2026-06-26T17:35:56.708-0300][63.419s][8748][7584 ][info][gc,phases   ] GC(34) O: Concurrent Remap Roots 4.875ms
[2026-06-26T17:35:56.708-0300][63.419s][8748][16824][info][gc,phases   ] GC(34) O: Pause Relocate Start 0.013ms
[2026-06-26T17:35:56.719-0300][63.430s][8748][7584 ][info][gc,phases   ] GC(34) O: Concurrent Relocate 10.287ms
[2026-06-26T17:35:56.719-0300][63.430s][8748][7584 ][info][gc,alloc    ] GC(34) O:                         Mark Start        Mark End      Relocate Start    Relocate End   
[2026-06-26T17:35:56.719-0300][63.430s][8748][7584 ][info][gc,alloc    ] GC(34) O: Allocation Stalls:          0                0                0                0         
[2026-06-26T17:35:56.719-0300][63.430s][8748][7584 ][info][gc,load     ] GC(34) O: Load: 0.00 (0%) / 0.00 (0%) / 0.00 (0%)
[2026-06-26T17:35:56.719-0300][63.430s][8748][7584 ][info][gc,mmu      ] GC(34) O: MMU: 2ms/44.2%, 5ms/77.7%, 10ms/88.8%, 20ms/94.4%, 50ms/94.8%, 100ms/97.4%
[2026-06-26T17:35:56.719-0300][63.430s][8748][7584 ][info][gc,marking  ] GC(34) O: Mark: 1 stripe(s), 2 proactive flush(es), 1 terminate flush(es), 0 completion(s), 0 continuation(s) 
[2026-06-26T17:35:56.719-0300][63.430s][8748][7584 ][info][gc,nmethod  ] GC(34) O: NMethods: 10513 registered, 879 unregistered
[2026-06-26T17:35:56.719-0300][63.430s][8748][7584 ][info][gc,metaspace] GC(34) O: Metaspace: 65M used, 66M committed, 1088M reserved
[2026-06-26T17:35:56.719-0300][63.430s][8748][7584 ][info][gc,ref      ] GC(34) O:                       Encountered   Discovered     Enqueued 
[2026-06-26T17:35:56.719-0300][63.430s][8748][7584 ][info][gc,ref      ] GC(34) O: Soft References:             5421            0            0 
[2026-06-26T17:35:56.719-0300][63.430s][8748][7584 ][info][gc,ref      ] GC(34) O: Weak References:             4757         3664           27 
[2026-06-26T17:35:56.719-0300][63.430s][8748][7584 ][info][gc,ref      ] GC(34) O: Final References:              15            0            0 
[2026-06-26T17:35:56.719-0300][63.430s][8748][7584 ][info][gc,ref      ] GC(34) O: Phantom References:        184677         4243            0 
[2026-06-26T17:35:56.719-0300][63.430s][8748][7584 ][info][gc,reloc    ] GC(34) O:                        Candidates     Selected     In-Place         Size        Empty    Relocated 
[2026-06-26T17:35:56.719-0300][63.430s][8748][7584 ][info][gc,reloc    ] GC(34) O: Small Pages:                  443           11            0         886M           2M           3M 
[2026-06-26T17:35:56.719-0300][63.430s][8748][7584 ][info][gc,reloc    ] GC(34) O: Medium Pages:                   4            2            0         128M           0M           9M 
[2026-06-26T17:35:56.719-0300][63.430s][8748][7584 ][info][gc,reloc    ] GC(34) O: Large Pages:                    1            0            0          12M           0M           0M 
[2026-06-26T17:35:56.719-0300][63.430s][8748][7584 ][info][gc,reloc    ] GC(34) O: Forwarding Usage: 2M
[2026-06-26T17:35:56.719-0300][63.430s][8748][7584 ][info][gc,heap     ] GC(34) O: Min Capacity: 8M(0%)
[2026-06-26T17:35:56.719-0300][63.430s][8748][7584 ][info][gc,heap     ] GC(34) O: Max Capacity: 3072M(100%)
[2026-06-26T17:35:56.719-0300][63.430s][8748][7584 ][info][gc,heap     ] GC(34) O: Soft Max Capacity: 3072M(100%)
[2026-06-26T17:35:56.719-0300][63.430s][8748][7584 ][info][gc,heap     ] GC(34) O: Heap Statistics:
[2026-06-26T17:35:56.719-0300][63.430s][8748][7584 ][info][gc,heap     ] GC(34) O:                Mark Start          Mark End        Relocate Start      Relocate End           High               Low         
[2026-06-26T17:35:56.719-0300][63.430s][8748][7584 ][info][gc,heap     ] GC(34) O:  Capacity:     3072M (100%)       3072M (100%)       3072M (100%)       3072M (100%)       3072M (100%)       3072M (100%)   
[2026-06-26T17:35:56.719-0300][63.430s][8748][7584 ][info][gc,heap     ] GC(34) O:      Free:     1128M (37%)        1372M (45%)        1366M (44%)        1412M (46%)        1558M (51%)         984M (32%)    
[2026-06-26T17:35:56.719-0300][63.430s][8748][7584 ][info][gc,heap     ] GC(34) O:      Used:     1944M (63%)        1700M (55%)        1706M (56%)        1660M (54%)        2088M (68%)        1514M (49%)    
[2026-06-26T17:35:56.719-0300][63.430s][8748][7584 ][info][gc,heap     ] GC(34) O: Old Generation Statistics:
[2026-06-26T17:35:56.719-0300][63.430s][8748][7584 ][info][gc,heap     ] GC(34) O:                Mark Start          Mark End        Relocate Start      Relocate End    
[2026-06-26T17:35:56.719-0300][63.430s][8748][7584 ][info][gc,heap     ] GC(34) O:      Used:     1026M (33%)        1422M (46%)        1420M (46%)        1374M (45%)    
[2026-06-26T17:35:56.719-0300][63.430s][8748][7584 ][info][gc,heap     ] GC(34) O:      Live:         -               878M (29%)         878M (29%)         878M (29%)    
[2026-06-26T17:35:56.719-0300][63.430s][8748][7584 ][info][gc,heap     ] GC(34) O:   Garbage:         -               147M (5%)          145M (5%)           36M (1%)     
[2026-06-26T17:35:56.719-0300][63.430s][8748][7584 ][info][gc,heap     ] GC(34) O: Allocated:         -               396M (13%)         396M (13%)         458M (15%)    
[2026-06-26T17:35:56.719-0300][63.430s][8748][7584 ][info][gc,heap     ] GC(34) O: Reclaimed:         -                  -                 2M (0%)          110M (4%)     
[2026-06-26T17:35:56.719-0300][63.430s][8748][7584 ][info][gc,heap     ] GC(34) O: Compacted:         -                  -                  -                19M (1%)     
[2026-06-26T17:35:56.719-0300][63.430s][8748][7584 ][info][gc,phases   ] GC(34) O: Old Generation 1586M(52%)->1660M(54%) 1.672s
[2026-06-26T17:35:56.719-0300][63.430s][8748][7584 ][info][gc          ] GC(34) Major Collection (Allocation Rate) 1944M(63%)->1660M(54%) 2.080s
[2026-06-26T17:35:57.925-0300][64.635s][8748][7584 ][info][gc          ] GC(38) Major Collection (Allocation Rate)
[2026-06-26T17:35:57.925-0300][64.635s][8748][7584 ][info][gc,task     ] GC(38) Using 1 Workers for Young Generation
[2026-06-26T17:35:57.925-0300][64.635s][8748][7584 ][info][gc,task     ] GC(38) Using 1 Workers for Old Generation
[2026-06-26T17:35:57.925-0300][64.635s][8748][7584 ][info][gc,phases   ] GC(38) Y: Young Generation
[2026-06-26T17:35:57.925-0300][64.636s][8748][16824][info][gc,phases   ] GC(38) Y: Pause Mark Start (Major) 0.014ms
[2026-06-26T17:35:58.135-0300][64.846s][8748][7584 ][info][gc,phases   ] GC(38) Y: Concurrent Mark 210.780ms
[2026-06-26T17:35:58.135-0300][64.846s][8748][16824][info][gc,phases   ] GC(38) Y: Pause Mark End 0.016ms
[2026-06-26T17:35:58.135-0300][64.847s][8748][7584 ][info][gc,phases   ] GC(38) Y: Concurrent Mark Free 0.003ms
[2026-06-26T17:35:58.135-0300][64.847s][8748][7584 ][info][gc,phases   ] GC(38) Y: Concurrent Reset Relocation Set 0.004ms
[2026-06-26T17:35:58.135-0300][64.847s][8748][7584 ][info][gc,reloc    ] GC(38) Y: Using tenuring threshold: 2 (Computed)
[2026-06-26T17:35:58.159-0300][64.870s][8748][7584 ][info][gc,phases   ] GC(38) Y: Concurrent Select Relocation Set 23.062ms
[2026-06-26T17:35:58.159-0300][64.870s][8748][16824][info][gc,phases   ] GC(38) Y: Pause Relocate Start 0.011ms
[2026-06-26T17:35:58.291-0300][65.002s][8748][7584 ][info][gc,phases   ] GC(38) Y: Concurrent Relocate 132.512ms
[2026-06-26T17:35:58.292-0300][65.002s][8748][7584 ][info][gc,alloc    ] GC(38) Y:                         Mark Start        Mark End      Relocate Start    Relocate End   
[2026-06-26T17:35:58.292-0300][65.002s][8748][7584 ][info][gc,alloc    ] GC(38) Y: Allocation Stalls:          0                0                0                0         
[2026-06-26T17:35:58.292-0300][65.002s][8748][7584 ][info][gc,load     ] GC(38) Y: Load: 0.00 (0%) / 0.00 (0%) / 0.00 (0%)
[2026-06-26T17:35:58.292-0300][65.002s][8748][7584 ][info][gc,mmu      ] GC(38) Y: MMU: 2ms/44.2%, 5ms/77.7%, 10ms/88.8%, 20ms/94.4%, 50ms/94.8%, 100ms/97.4%
[2026-06-26T17:35:58.292-0300][65.002s][8748][7584 ][info][gc,marking  ] GC(38) Y: Mark: 1 stripe(s), 2 proactive flush(es), 1 terminate flush(es), 0 completion(s), 0 continuation(s) 
[2026-06-26T17:35:58.292-0300][65.002s][8748][7584 ][info][gc,nmethod  ] GC(38) Y: NMethods: 10718 registered, 0 unregistered
[2026-06-26T17:35:58.292-0300][65.002s][8748][7584 ][info][gc,metaspace] GC(38) Y: Metaspace: 66M used, 67M committed, 1088M reserved
[2026-06-26T17:35:58.292-0300][65.003s][8748][7584 ][info][gc,reloc    ] GC(38) Y:                        Candidates     Selected     In-Place         Size        Empty    Relocated 
[2026-06-26T17:35:58.292-0300][65.003s][8748][7584 ][info][gc,reloc    ] GC(38) Y: Small Pages:                  262          202            0         524M           0M          50M 
[2026-06-26T17:35:58.292-0300][65.003s][8748][7584 ][info][gc,reloc    ] GC(38) Y: Medium Pages:                   0            0            0           0M           0M           0M 
[2026-06-26T17:35:58.292-0300][65.003s][8748][7584 ][info][gc,reloc    ] GC(38) Y: Large Pages:                    0            0            0           0M           0M           0M 
[2026-06-26T17:35:58.292-0300][65.003s][8748][7584 ][info][gc,reloc    ] GC(38) Y: Forwarding Usage: 41M
[2026-06-26T17:35:58.292-0300][65.003s][8748][7584 ][info][gc,reloc    ] GC(38) Y: Age Table:
[2026-06-26T17:35:58.292-0300][65.003s][8748][7584 ][info][gc,reloc    ] GC(38) Y:                    Live             Garbage             Small              Medium             Large        
[2026-06-26T17:35:58.292-0300][65.003s][8748][7584 ][info][gc,reloc    ] GC(38) Y: Eden              69M (2%)          404M (13%)        237 / 197            0 / 0              0 / 0        
[2026-06-26T17:35:58.292-0300][65.003s][8748][7584 ][info][gc,reloc    ] GC(38) Y: Survivor 1         9M (0%)            4M (0%)           7 / 3              0 / 0              0 / 0        
[2026-06-26T17:35:58.292-0300][65.003s][8748][7584 ][info][gc,reloc    ] GC(38) Y: Survivor 2        20M (1%)            3M (0%)          12 / 1              0 / 0              0 / 0        
[2026-06-26T17:35:58.292-0300][65.003s][8748][7584 ][info][gc,reloc    ] GC(38) Y: Survivor 3         8M (0%)            3M (0%)           6 / 1              0 / 0              0 / 0        
[2026-06-26T17:35:58.292-0300][65.003s][8748][7584 ][info][gc,heap     ] GC(38) Y: Min Capacity: 8M(0%)
[2026-06-26T17:35:58.292-0300][65.003s][8748][7584 ][info][gc,heap     ] GC(38) Y: Max Capacity: 3072M(100%)
[2026-06-26T17:35:58.292-0300][65.003s][8748][7584 ][info][gc,heap     ] GC(38) Y: Soft Max Capacity: 3072M(100%)
[2026-06-26T17:35:58.292-0300][65.003s][8748][7584 ][info][gc,heap     ] GC(38) Y: Heap Statistics:
[2026-06-26T17:35:58.292-0300][65.003s][8748][7584 ][info][gc,heap     ] GC(38) Y:                Mark Start          Mark End        Relocate Start      Relocate End           High               Low         
[2026-06-26T17:35:58.292-0300][65.003s][8748][7584 ][info][gc,heap     ] GC(38) Y:  Capacity:     3072M (100%)       3072M (100%)       3072M (100%)       3072M (100%)       3072M (100%)       3072M (100%)   
[2026-06-26T17:35:58.292-0300][65.003s][8748][7584 ][info][gc,heap     ] GC(38) Y:      Free:     1174M (38%)        1134M (37%)        1128M (37%)        1520M (49%)        1524M (50%)        1124M (37%)    
[2026-06-26T17:35:58.292-0300][65.003s][8748][7584 ][info][gc,heap     ] GC(38) Y:      Used:     1898M (62%)        1938M (63%)        1944M (63%)        1552M (51%)        1948M (63%)        1548M (50%)    
[2026-06-26T17:35:58.292-0300][65.003s][8748][7584 ][info][gc,heap     ] GC(38) Y: Young Generation Statistics:
[2026-06-26T17:35:58.292-0300][65.003s][8748][7584 ][info][gc,heap     ] GC(38) Y:                Mark Start          Mark End        Relocate Start      Relocate End    
[2026-06-26T17:35:58.292-0300][65.003s][8748][7584 ][info][gc,heap     ] GC(38) Y:      Used:      524M (17%)         564M (18%)         542M (18%)         148M (5%)     
[2026-06-26T17:35:58.292-0300][65.003s][8748][7584 ][info][gc,heap     ] GC(38) Y:      Live:         -               107M (4%)           80M (3%)           78M (3%)     
[2026-06-26T17:35:58.292-0300][65.003s][8748][7584 ][info][gc,heap     ] GC(38) Y:   Garbage:         -               416M (14%)         415M (14%)           0M (0%)     
[2026-06-26T17:35:58.292-0300][65.003s][8748][7584 ][info][gc,heap     ] GC(38) Y: Allocated:         -                40M (1%)           46M (1%)           68M (2%)     
[2026-06-26T17:35:58.292-0300][65.003s][8748][7584 ][info][gc,heap     ] GC(38) Y: Reclaimed:         -                  -                 0M (0%)          415M (14%)    
[2026-06-26T17:35:58.292-0300][65.003s][8748][7584 ][info][gc,heap     ] GC(38) Y:  Promoted:         -                  -                27M (1%)           29M (1%)     
[2026-06-26T17:35:58.292-0300][65.003s][8748][7584 ][info][gc,heap     ] GC(38) Y: Compacted:         -                  -                  -                69M (2%)     
[2026-06-26T17:35:58.292-0300][65.003s][8748][7584 ][info][gc,phases   ] GC(38) Y: Young Generation 1898M(62%)->1552M(51%) 0.367s
[2026-06-26T17:35:58.292-0300][65.003s][8748][7584 ][info][gc,phases   ] GC(38) O: Old Generation
[2026-06-26T17:36:00.396-0300][67.108s][8748][7584 ][info][gc,phases   ] GC(38) O: Concurrent Mark 2104.556ms
[2026-06-26T17:36:00.396-0300][67.108s][8748][16824][info][gc,phases   ] GC(38) O: Pause Mark End 0.018ms
[2026-06-26T17:36:00.396-0300][67.108s][8748][7584 ][info][gc,phases   ] GC(38) O: Concurrent Mark Free 0.003ms
[2026-06-26T17:36:00.428-0300][67.139s][8748][7584 ][info][gc,phases   ] GC(38) O: Concurrent Process Non-Strong 31.443ms
[2026-06-26T17:36:00.428-0300][67.139s][8748][7584 ][info][gc,phases   ] GC(38) O: Concurrent Reset Relocation Set 0.002ms
[2026-06-26T17:36:00.430-0300][67.141s][8748][7584 ][info][gc,phases   ] GC(38) O: Concurrent Select Relocation Set 2.276ms
[2026-06-26T17:36:00.430-0300][67.141s][8748][7584 ][info][gc,task     ] GC(38) O: Using 2 Workers for Old Generation
[2026-06-26T17:36:00.439-0300][67.150s][8748][7584 ][info][gc,task     ] GC(38) O: Using 1 Workers for Old Generation
[2026-06-26T17:36:00.439-0300][67.150s][8748][7584 ][info][gc,phases   ] GC(38) O: Concurrent Remap Roots 8.879ms
[2026-06-26T17:36:00.439-0300][67.150s][8748][16824][info][gc,phases   ] GC(38) O: Pause Relocate Start 0.014ms
[2026-06-26T17:36:00.474-0300][67.185s][8748][7584 ][info][gc,phases   ] GC(38) O: Concurrent Relocate 34.094ms
[2026-06-26T17:36:00.474-0300][67.185s][8748][7584 ][info][gc,alloc    ] GC(38) O:                         Mark Start        Mark End      Relocate Start    Relocate End   
[2026-06-26T17:36:00.474-0300][67.185s][8748][7584 ][info][gc,alloc    ] GC(38) O: Allocation Stalls:          0                0                0                0         
[2026-06-26T17:36:00.474-0300][67.185s][8748][7584 ][info][gc,load     ] GC(38) O: Load: 0.00 (0%) / 0.00 (0%) / 0.00 (0%)
[2026-06-26T17:36:00.474-0300][67.185s][8748][7584 ][info][gc,mmu      ] GC(38) O: MMU: 2ms/44.2%, 5ms/77.7%, 10ms/88.8%, 20ms/94.4%, 50ms/94.8%, 100ms/97.4%
[2026-06-26T17:36:00.474-0300][67.185s][8748][7584 ][info][gc,marking  ] GC(38) O: Mark: 1 stripe(s), 2 proactive flush(es), 1 terminate flush(es), 0 completion(s), 0 continuation(s) 
[2026-06-26T17:36:00.474-0300][67.185s][8748][7584 ][info][gc,nmethod  ] GC(38) O: NMethods: 10563 registered, 181 unregistered
[2026-06-26T17:36:00.474-0300][67.185s][8748][7584 ][info][gc,metaspace] GC(38) O: Metaspace: 66M used, 67M committed, 1088M reserved
[2026-06-26T17:36:00.474-0300][67.185s][8748][7584 ][info][gc,ref      ] GC(38) O:                       Encountered   Discovered     Enqueued 
[2026-06-26T17:36:00.474-0300][67.185s][8748][7584 ][info][gc,ref      ] GC(38) O: Soft References:             5391            0            0 
[2026-06-26T17:36:00.474-0300][67.185s][8748][7584 ][info][gc,ref      ] GC(38) O: Weak References:             4759         3512           49 
[2026-06-26T17:36:00.474-0300][67.185s][8748][7584 ][info][gc,ref      ] GC(38) O: Final References:              15            0            0 
[2026-06-26T17:36:00.474-0300][67.185s][8748][7584 ][info][gc,ref      ] GC(38) O: Phantom References:        132419        72885        68570 
[2026-06-26T17:36:00.474-0300][67.185s][8748][7584 ][info][gc,reloc    ] GC(38) O:                        Candidates     Selected     In-Place         Size        Empty    Relocated 
[2026-06-26T17:36:00.474-0300][67.185s][8748][7584 ][info][gc,reloc    ] GC(38) O: Small Pages:                  593           10            0        1186M           2M           4M 
[2026-06-26T17:36:00.474-0300][67.185s][8748][7584 ][info][gc,reloc    ] GC(38) O: Medium Pages:                   4            2            0         128M           0M          15M 
[2026-06-26T17:36:00.474-0300][67.185s][8748][7584 ][info][gc,reloc    ] GC(38) O: Large Pages:                    5            0            0          60M           0M           0M 
[2026-06-26T17:36:00.474-0300][67.185s][8748][7584 ][info][gc,reloc    ] GC(38) O: Forwarding Usage: 9M
[2026-06-26T17:36:00.474-0300][67.185s][8748][7584 ][info][gc,heap     ] GC(38) O: Min Capacity: 8M(0%)
[2026-06-26T17:36:00.474-0300][67.185s][8748][7584 ][info][gc,heap     ] GC(38) O: Max Capacity: 3072M(100%)
[2026-06-26T17:36:00.474-0300][67.185s][8748][7584 ][info][gc,heap     ] GC(38) O: Soft Max Capacity: 3072M(100%)
[2026-06-26T17:36:00.474-0300][67.185s][8748][7584 ][info][gc,heap     ] GC(38) O: Heap Statistics:
[2026-06-26T17:36:00.474-0300][67.185s][8748][7584 ][info][gc,heap     ] GC(38) O:                Mark Start          Mark End        Relocate Start      Relocate End           High               Low         
[2026-06-26T17:36:00.474-0300][67.185s][8748][7584 ][info][gc,heap     ] GC(38) O:  Capacity:     3072M (100%)       3072M (100%)       3072M (100%)       3072M (100%)       3072M (100%)       3072M (100%)   
[2026-06-26T17:36:00.474-0300][67.185s][8748][7584 ][info][gc,heap     ] GC(38) O:      Free:     1174M (38%)        1182M (38%)        1176M (38%)        1246M (41%)        1524M (50%)        1124M (37%)    
[2026-06-26T17:36:00.474-0300][67.185s][8748][7584 ][info][gc,heap     ] GC(38) O:      Used:     1898M (62%)        1890M (62%)        1896M (62%)        1826M (59%)        1948M (63%)        1548M (50%)    
[2026-06-26T17:36:00.474-0300][67.185s][8748][7584 ][info][gc,heap     ] GC(38) O: Old Generation Statistics:
[2026-06-26T17:36:00.474-0300][67.185s][8748][7584 ][info][gc,heap     ] GC(38) O:                Mark Start          Mark End        Relocate Start      Relocate End    
[2026-06-26T17:36:00.474-0300][67.185s][8748][7584 ][info][gc,heap     ] GC(38) O:      Used:     1374M (45%)        1404M (46%)        1402M (46%)        1324M (43%)    
[2026-06-26T17:36:00.474-0300][67.185s][8748][7584 ][info][gc,heap     ] GC(38) O:      Live:         -              1211M (39%)        1211M (39%)        1211M (39%)    
[2026-06-26T17:36:00.474-0300][67.185s][8748][7584 ][info][gc,heap     ] GC(38) O:   Garbage:         -               162M (5%)          160M (5%)           56M (2%)     
[2026-06-26T17:36:00.474-0300][67.185s][8748][7584 ][info][gc,heap     ] GC(38) O: Allocated:         -                30M (1%)           30M (1%)           56M (2%)     
[2026-06-26T17:36:00.474-0300][67.185s][8748][7584 ][info][gc,heap     ] GC(38) O: Reclaimed:         -                  -                 2M (0%)          106M (3%)     
[2026-06-26T17:36:00.474-0300][67.185s][8748][7584 ][info][gc,heap     ] GC(38) O: Compacted:         -                  -                  -                45M (1%)     
[2026-06-26T17:36:00.474-0300][67.185s][8748][7584 ][info][gc,phases   ] GC(38) O: Old Generation 1552M(51%)->1826M(59%) 2.182s
[2026-06-26T17:36:00.474-0300][67.185s][8748][7584 ][info][gc          ] GC(38) Major Collection (Allocation Rate) 1898M(62%)->1826M(59%) 2.550s
[2026-06-26T17:36:04.987-0300][71.698s][8748][8884 ][info][gc          ] GC(39) Minor Collection (Allocation Rate)
[2026-06-26T17:36:04.987-0300][71.698s][8748][8884 ][info][gc,task     ] GC(39) Using 1 Workers for Young Generation
[2026-06-26T17:36:04.987-0300][71.698s][8748][8884 ][info][gc,phases   ] GC(39) y: Young Generation
[2026-06-26T17:36:04.987-0300][71.698s][8748][16824][info][gc,phases   ] GC(39) y: Pause Mark Start 0.010ms
[2026-06-26T17:36:05.748-0300][72.459s][8748][8884 ][info][gc,phases   ] GC(39) y: Concurrent Mark 761.208ms
[2026-06-26T17:36:05.748-0300][72.459s][8748][16824][info][gc,phases   ] GC(39) y: Pause Mark End 0.015ms
[2026-06-26T17:36:05.748-0300][72.459s][8748][8884 ][info][gc,phases   ] GC(39) y: Concurrent Mark Free 0.002ms
[2026-06-26T17:36:05.748-0300][72.459s][8748][8884 ][info][gc,phases   ] GC(39) y: Concurrent Reset Relocation Set 0.176ms
[2026-06-26T17:36:05.748-0300][72.459s][8748][8884 ][info][gc,reloc    ] GC(39) y: Using tenuring threshold: 3 (Computed)
[2026-06-26T17:36:05.785-0300][72.496s][8748][8884 ][info][gc,phases   ] GC(39) y: Concurrent Select Relocation Set 36.484ms
[2026-06-26T17:36:05.785-0300][72.496s][8748][16824][info][gc,phases   ] GC(39) y: Pause Relocate Start 0.011ms
[2026-06-26T17:36:06.156-0300][72.867s][8748][8884 ][info][gc,phases   ] GC(39) y: Concurrent Relocate 371.196ms
[2026-06-26T17:36:06.156-0300][72.867s][8748][8884 ][info][gc,alloc    ] GC(39) y:                         Mark Start        Mark End      Relocate Start    Relocate End   
[2026-06-26T17:36:06.156-0300][72.867s][8748][8884 ][info][gc,alloc    ] GC(39) y: Allocation Stalls:          0                0                0                0         
[2026-06-26T17:36:06.156-0300][72.867s][8748][8884 ][info][gc,load     ] GC(39) y: Load: 0.00 (0%) / 0.00 (0%) / 0.00 (0%)
[2026-06-26T17:36:06.156-0300][72.867s][8748][8884 ][info][gc,mmu      ] GC(39) y: MMU: 2ms/44.2%, 5ms/77.7%, 10ms/88.8%, 20ms/94.4%, 50ms/94.8%, 100ms/97.4%
[2026-06-26T17:36:06.156-0300][72.867s][8748][8884 ][info][gc,marking  ] GC(39) y: Mark: 1 stripe(s), 2 proactive flush(es), 1 terminate flush(es), 0 completion(s), 0 continuation(s) 
[2026-06-26T17:36:06.156-0300][72.867s][8748][8884 ][info][gc,nmethod  ] GC(39) y: NMethods: 10675 registered, 181 unregistered
[2026-06-26T17:36:06.156-0300][72.867s][8748][8884 ][info][gc,metaspace] GC(39) y: Metaspace: 66M used, 67M committed, 1088M reserved
[2026-06-26T17:36:06.156-0300][72.867s][8748][8884 ][info][gc,reloc    ] GC(39) y:                        Candidates     Selected     In-Place         Size        Empty    Relocated 
[2026-06-26T17:36:06.156-0300][72.867s][8748][8884 ][info][gc,reloc    ] GC(39) y: Small Pages:                  612          428            0        1224M           6M         175M 
[2026-06-26T17:36:06.156-0300][72.867s][8748][8884 ][info][gc,reloc    ] GC(39) y: Medium Pages:                   0            0            0           0M           0M           0M 
[2026-06-26T17:36:06.156-0300][72.867s][8748][8884 ][info][gc,reloc    ] GC(39) y: Large Pages:                    0            0            0           0M           0M           0M 
[2026-06-26T17:36:06.156-0300][72.867s][8748][8884 ][info][gc,reloc    ] GC(39) y: Forwarding Usage: 146M
[2026-06-26T17:36:06.156-0300][72.867s][8748][8884 ][info][gc,reloc    ] GC(39) y: Age Table:
[2026-06-26T17:36:06.156-0300][72.867s][8748][8884 ][info][gc,reloc    ] GC(39) y:                    Live             Garbage             Small              Medium             Large        
[2026-06-26T17:36:06.156-0300][72.867s][8748][8884 ][info][gc,reloc    ] GC(39) y: Eden             246M (8%)          891M (29%)        569 / 427            0 / 0              0 / 0        
[2026-06-26T17:36:06.156-0300][72.867s][8748][8884 ][info][gc,reloc    ] GC(39) y: Survivor 1        68M (2%)            7M (0%)          38 / 1              0 / 0              0 / 0        
[2026-06-26T17:36:06.156-0300][72.867s][8748][8884 ][info][gc,reloc    ] GC(39) y: Survivor 2         9M (0%)            0M (0%)           5 / 0              0 / 0              0 / 0        
[2026-06-26T17:36:06.156-0300][72.867s][8748][8884 ][info][gc,heap     ] GC(39) y: Min Capacity: 8M(0%)
[2026-06-26T17:36:06.156-0300][72.867s][8748][8884 ][info][gc,heap     ] GC(39) y: Max Capacity: 3072M(100%)
[2026-06-26T17:36:06.156-0300][72.868s][8748][8884 ][info][gc,heap     ] GC(39) y: Soft Max Capacity: 3072M(100%)
[2026-06-26T17:36:06.156-0300][72.868s][8748][8884 ][info][gc,heap     ] GC(39) y: Heap Statistics:
[2026-06-26T17:36:06.156-0300][72.868s][8748][8884 ][info][gc,heap     ] GC(39) y:                Mark Start          Mark End        Relocate Start      Relocate End           High               Low         
[2026-06-26T17:36:06.156-0300][72.868s][8748][8884 ][info][gc,heap     ] GC(39) y:  Capacity:     3072M (100%)       3072M (100%)       3072M (100%)       3072M (100%)       3072M (100%)       3072M (100%)   
[2026-06-26T17:36:06.156-0300][72.868s][8748][8884 ][info][gc,heap     ] GC(39) y:      Free:      524M (17%)         416M (14%)         412M (13%)        1256M (41%)        1256M (41%)         410M (13%)    
[2026-06-26T17:36:06.156-0300][72.868s][8748][8884 ][info][gc,heap     ] GC(39) y:      Used:     2548M (83%)        2656M (86%)        2660M (87%)        1816M (59%)        2662M (87%)        1816M (59%)    
[2026-06-26T17:36:06.156-0300][72.868s][8748][8884 ][info][gc,heap     ] GC(39) y: Young Generation Statistics:
[2026-06-26T17:36:06.156-0300][72.868s][8748][8884 ][info][gc,heap     ] GC(39) y:                Mark Start          Mark End        Relocate Start      Relocate End    
[2026-06-26T17:36:06.156-0300][72.868s][8748][8884 ][info][gc,heap     ] GC(39) y:      Used:     1224M (40%)        1332M (43%)        1336M (43%)         492M (16%)    
[2026-06-26T17:36:06.156-0300][72.868s][8748][8884 ][info][gc,heap     ] GC(39) y:      Live:         -               324M (11%)         324M (11%)         324M (11%)    
[2026-06-26T17:36:06.156-0300][72.868s][8748][8884 ][info][gc,heap     ] GC(39) y:   Garbage:         -               899M (29%)         893M (29%)           1M (0%)     
[2026-06-26T17:36:06.156-0300][72.868s][8748][8884 ][info][gc,heap     ] GC(39) y: Allocated:         -               108M (4%)          118M (4%)          165M (5%)     
[2026-06-26T17:36:06.156-0300][72.868s][8748][8884 ][info][gc,heap     ] GC(39) y: Reclaimed:         -                  -                 6M (0%)          897M (29%)    
[2026-06-26T17:36:06.156-0300][72.868s][8748][8884 ][info][gc,heap     ] GC(39) y:  Promoted:         -                  -                 0M (0%)            0M (0%)     
[2026-06-26T17:36:06.156-0300][72.868s][8748][8884 ][info][gc,heap     ] GC(39) y: Compacted:         -                  -                  -               246M (8%)     
[2026-06-26T17:36:06.156-0300][72.868s][8748][8884 ][info][gc,phases   ] GC(39) y: Young Generation 2548M(83%)->1816M(59%) 1.170s
[2026-06-26T17:36:06.156-0300][72.868s][8748][8884 ][info][gc          ] GC(39) Minor Collection (Allocation Rate) 2548M(83%)->1816M(59%) 1.170s
[2026-06-26T17:36:06.156-0300][72.868s][8748][8884 ][info][gc          ] GC(40) Minor Collection (Allocation Rate)
[2026-06-26T17:36:06.156-0300][72.868s][8748][8884 ][info][gc,task     ] GC(40) Using 1 Workers for Young Generation
[2026-06-26T17:36:06.156-0300][72.868s][8748][8884 ][info][gc,phases   ] GC(40) y: Young Generation
[2026-06-26T17:36:06.156-0300][72.868s][8748][16824][info][gc,phases   ] GC(40) y: Pause Mark Start 0.008ms
[2026-06-26T17:36:06.940-0300][73.652s][8748][8884 ][info][gc,phases   ] GC(40) y: Concurrent Mark 783.870ms
[2026-06-26T17:36:06.940-0300][73.652s][8748][16824][info][gc,phases   ] GC(40) y: Pause Mark End 0.012ms
[2026-06-26T17:36:06.941-0300][73.652s][8748][8884 ][info][gc,phases   ] GC(40) y: Concurrent Mark Free 0.001ms
[2026-06-26T17:36:06.941-0300][73.652s][8748][8884 ][info][gc,phases   ] GC(40) y: Concurrent Reset Relocation Set 0.020ms
[2026-06-26T17:36:06.941-0300][73.652s][8748][8884 ][info][gc,reloc    ] GC(40) y: Using tenuring threshold: 1 (Computed)
[2026-06-26T17:36:07.095-0300][73.806s][8748][8884 ][info][gc,phases   ] GC(40) y: Concurrent Select Relocation Set 154.275ms
[2026-06-26T17:36:07.095-0300][73.806s][8748][16824][info][gc,phases   ] GC(40) y: Pause Relocate Start 0.010ms
[2026-06-26T17:36:07.373-0300][74.085s][8748][8884 ][info][gc,phases   ] GC(40) y: Concurrent Relocate 278.281ms
[2026-06-26T17:36:07.373-0300][74.085s][8748][8884 ][info][gc,alloc    ] GC(40) y:                         Mark Start        Mark End      Relocate Start    Relocate End   
[2026-06-26T17:36:07.373-0300][74.085s][8748][8884 ][info][gc,alloc    ] GC(40) y: Allocation Stalls:          0                0                0                0         
[2026-06-26T17:36:07.373-0300][74.085s][8748][8884 ][info][gc,load     ] GC(40) y: Load: 0.00 (0%) / 0.00 (0%) / 0.00 (0%)
[2026-06-26T17:36:07.373-0300][74.085s][8748][8884 ][info][gc,mmu      ] GC(40) y: MMU: 2ms/44.2%, 5ms/77.7%, 10ms/88.8%, 20ms/94.4%, 50ms/94.8%, 100ms/97.4%
[2026-06-26T17:36:07.373-0300][74.085s][8748][8884 ][info][gc,marking  ] GC(40) y: Mark: 1 stripe(s), 2 proactive flush(es), 1 terminate flush(es), 0 completion(s), 0 continuation(s) 
[2026-06-26T17:36:07.373-0300][74.085s][8748][8884 ][info][gc,nmethod  ] GC(40) y: NMethods: 10683 registered, 181 unregistered
[2026-06-26T17:36:07.373-0300][74.085s][8748][8884 ][info][gc,metaspace] GC(40) y: Metaspace: 66M used, 67M committed, 1088M reserved
[2026-06-26T17:36:07.373-0300][74.085s][8748][8884 ][info][gc,reloc    ] GC(40) y:                        Candidates     Selected     In-Place         Size        Empty    Relocated 
[2026-06-26T17:36:07.373-0300][74.085s][8748][8884 ][info][gc,reloc    ] GC(40) y: Small Pages:                  246           37            0         492M          58M          14M 
[2026-06-26T17:36:07.373-0300][74.085s][8748][8884 ][info][gc,reloc    ] GC(40) y: Medium Pages:                   0            0            0           0M           0M           0M 
[2026-06-26T17:36:07.373-0300][74.085s][8748][8884 ][info][gc,reloc    ] GC(40) y: Large Pages:                    0            0            0           0M           0M           0M 
[2026-06-26T17:36:07.373-0300][74.085s][8748][8884 ][info][gc,reloc    ] GC(40) y: Forwarding Usage: 15M
[2026-06-26T17:36:07.373-0300][74.085s][8748][8884 ][info][gc,reloc    ] GC(40) y: Age Table:
[2026-06-26T17:36:07.373-0300][74.085s][8748][8884 ][info][gc,reloc    ] GC(40) y:                    Live             Garbage             Small              Medium             Large        
[2026-06-26T17:36:07.373-0300][74.085s][8748][8884 ][info][gc,reloc    ] GC(40) y: Eden              28M (1%)          133M (4%)          81 / 36             0 / 0              0 / 0        
[2026-06-26T17:36:07.373-0300][74.085s][8748][8884 ][info][gc,reloc    ] GC(40) y: Survivor 1       246M (8%)            1M (0%)         124 / 1              0 / 0              0 / 0        
[2026-06-26T17:36:07.373-0300][74.085s][8748][8884 ][info][gc,reloc    ] GC(40) y: Survivor 2        68M (2%)            3M (0%)          36 / 0              0 / 0              0 / 0        
[2026-06-26T17:36:07.373-0300][74.085s][8748][8884 ][info][gc,reloc    ] GC(40) y: Survivor 3         9M (0%)            0M (0%)           5 / 0              0 / 0              0 / 0        
[2026-06-26T17:36:07.373-0300][74.085s][8748][8884 ][info][gc,heap     ] GC(40) y: Min Capacity: 8M(0%)
[2026-06-26T17:36:07.373-0300][74.085s][8748][8884 ][info][gc,heap     ] GC(40) y: Max Capacity: 3072M(100%)
[2026-06-26T17:36:07.373-0300][74.085s][8748][8884 ][info][gc,heap     ] GC(40) y: Soft Max Capacity: 3072M(100%)
[2026-06-26T17:36:07.373-0300][74.085s][8748][8884 ][info][gc,heap     ] GC(40) y: Heap Statistics:
[2026-06-26T17:36:07.373-0300][74.085s][8748][8884 ][info][gc,heap     ] GC(40) y:                Mark Start          Mark End        Relocate Start      Relocate End           High               Low         
[2026-06-26T17:36:07.373-0300][74.085s][8748][8884 ][info][gc,heap     ] GC(40) y:  Capacity:     3072M (100%)       3072M (100%)       3072M (100%)       3072M (100%)       3072M (100%)       3072M (100%)   
[2026-06-26T17:36:07.373-0300][74.085s][8748][8884 ][info][gc,heap     ] GC(40) y:      Free:     1256M (41%)        1134M (37%)        1160M (38%)        1220M (40%)        1256M (41%)        1134M (37%)    
[2026-06-26T17:36:07.373-0300][74.085s][8748][8884 ][info][gc,heap     ] GC(40) y:      Used:     1816M (59%)        1938M (63%)        1912M (62%)        1852M (60%)        1938M (63%)        1816M (59%)    
[2026-06-26T17:36:07.373-0300][74.085s][8748][8884 ][info][gc,heap     ] GC(40) y: Young Generation Statistics:
[2026-06-26T17:36:07.373-0300][74.085s][8748][8884 ][info][gc,heap     ] GC(40) y:                Mark Start          Mark End        Relocate Start      Relocate End    
[2026-06-26T17:36:07.373-0300][74.085s][8748][8884 ][info][gc,heap     ] GC(40) y:      Used:      492M (16%)         614M (20%)         264M (9%)          202M (7%)     
[2026-06-26T17:36:07.373-0300][74.085s][8748][8884 ][info][gc,heap     ] GC(40) y:      Live:         -               353M (11%)          30M (1%)           28M (1%)     
[2026-06-26T17:36:07.373-0300][74.085s][8748][8884 ][info][gc,heap     ] GC(40) y:   Garbage:         -               138M (5%)           79M (3%)            1M (0%)     
[2026-06-26T17:36:07.373-0300][74.085s][8748][8884 ][info][gc,heap     ] GC(40) y: Allocated:         -               122M (4%)          154M (5%)          171M (6%)     
[2026-06-26T17:36:07.374-0300][74.085s][8748][8884 ][info][gc,heap     ] GC(40) y: Reclaimed:         -                  -                58M (2%)          136M (4%)     
[2026-06-26T17:36:07.374-0300][74.085s][8748][8884 ][info][gc,heap     ] GC(40) y:  Promoted:         -                  -               323M (11%)         324M (11%)    
[2026-06-26T17:36:07.374-0300][74.085s][8748][8884 ][info][gc,heap     ] GC(40) y: Compacted:         -                  -                  -                24M (1%)     
[2026-06-26T17:36:07.374-0300][74.085s][8748][8884 ][info][gc,phases   ] GC(40) y: Young Generation 1816M(59%)->1852M(60%) 1.217s
[2026-06-26T17:36:07.374-0300][74.085s][8748][8884 ][info][gc          ] GC(40) Minor Collection (Allocation Rate) 1816M(59%)->1852M(60%) 1.217s
[2026-06-26T17:36:07.975-0300][74.686s][8748][7584 ][info][gc          ] GC(41) Major Collection (Allocation Rate)
[2026-06-26T17:36:07.975-0300][74.687s][8748][7584 ][info][gc,task     ] GC(41) Using 1 Workers for Young Generation
[2026-06-26T17:36:07.975-0300][74.687s][8748][7584 ][info][gc,task     ] GC(41) Using 1 Workers for Old Generation
[2026-06-26T17:36:07.975-0300][74.687s][8748][7584 ][info][gc,phases   ] GC(41) Y: Young Generation
[2026-06-26T17:36:07.976-0300][74.687s][8748][16824][info][gc,phases   ] GC(41) Y: Pause Mark Start (Major) 0.013ms
[2026-06-26T17:36:08.081-0300][74.791s][8748][7584 ][info][gc,phases   ] GC(41) Y: Concurrent Mark 104.786ms
[2026-06-26T17:36:08.081-0300][74.792s][8748][16824][info][gc,phases   ] GC(41) Y: Pause Mark End 0.015ms
[2026-06-26T17:36:08.081-0300][74.792s][8748][7584 ][info][gc,phases   ] GC(41) Y: Concurrent Mark Free 0.005ms
[2026-06-26T17:36:08.082-0300][74.793s][8748][7584 ][info][gc,phases   ] GC(41) Y: Concurrent Reset Relocation Set 1.159ms
[2026-06-26T17:36:08.082-0300][74.793s][8748][7584 ][info][gc,reloc    ] GC(41) Y: Using tenuring threshold: 1 (Computed)
[2026-06-26T17:36:08.095-0300][74.806s][8748][7584 ][info][gc,phases   ] GC(41) Y: Concurrent Select Relocation Set 13.558ms
[2026-06-26T17:36:08.096-0300][74.806s][8748][16824][info][gc,phases   ] GC(41) Y: Pause Relocate Start 0.009ms
[2026-06-26T17:36:08.123-0300][74.834s][8748][7584 ][info][gc,phases   ] GC(41) Y: Concurrent Relocate 27.809ms
[2026-06-26T17:36:08.123-0300][74.834s][8748][7584 ][info][gc,alloc    ] GC(41) Y:                         Mark Start        Mark End      Relocate Start    Relocate End   
[2026-06-26T17:36:08.123-0300][74.834s][8748][7584 ][info][gc,alloc    ] GC(41) Y: Allocation Stalls:          0                0                0                0         
[2026-06-26T17:36:08.123-0300][74.834s][8748][7584 ][info][gc,load     ] GC(41) Y: Load: 0.00 (0%) / 0.00 (0%) / 0.00 (0%)
[2026-06-26T17:36:08.123-0300][74.834s][8748][7584 ][info][gc,mmu      ] GC(41) Y: MMU: 2ms/44.2%, 5ms/77.7%, 10ms/88.8%, 20ms/94.4%, 50ms/94.8%, 100ms/97.4%
[2026-06-26T17:36:08.123-0300][74.834s][8748][7584 ][info][gc,marking  ] GC(41) Y: Mark: 1 stripe(s), 2 proactive flush(es), 1 terminate flush(es), 0 completion(s), 0 continuation(s) 
[2026-06-26T17:36:08.123-0300][74.834s][8748][7584 ][info][gc,nmethod  ] GC(41) Y: NMethods: 10687 registered, 181 unregistered
[2026-06-26T17:36:08.123-0300][74.834s][8748][7584 ][info][gc,metaspace] GC(41) Y: Metaspace: 66M used, 67M committed, 1088M reserved
[2026-06-26T17:36:08.123-0300][74.834s][8748][7584 ][info][gc,reloc    ] GC(41) Y:                        Candidates     Selected     In-Place         Size        Empty    Relocated 
[2026-06-26T17:36:08.123-0300][74.835s][8748][7584 ][info][gc,reloc    ] GC(41) Y: Small Pages:                  138           33            0         276M         172M           3M 
[2026-06-26T17:36:08.123-0300][74.835s][8748][7584 ][info][gc,reloc    ] GC(41) Y: Medium Pages:                   0            0            0           0M           0M           0M 
[2026-06-26T17:36:08.123-0300][74.835s][8748][7584 ][info][gc,reloc    ] GC(41) Y: Large Pages:                    0            0            0           0M           0M           0M 
[2026-06-26T17:36:08.123-0300][74.835s][8748][7584 ][info][gc,reloc    ] GC(41) Y: Forwarding Usage: 2M
[2026-06-26T17:36:08.123-0300][74.835s][8748][7584 ][info][gc,reloc    ] GC(41) Y: Age Table:
[2026-06-26T17:36:08.123-0300][74.835s][8748][7584 ][info][gc,reloc    ] GC(41) Y:                    Live             Garbage             Small              Medium             Large        
[2026-06-26T17:36:08.123-0300][74.835s][8748][7584 ][info][gc,reloc    ] GC(41) Y: Eden               6M (0%)          237M (8%)         122 / 31             0 / 0              0 / 0        
[2026-06-26T17:36:08.123-0300][74.835s][8748][7584 ][info][gc,reloc    ] GC(41) Y: Survivor 1        28M (1%)            3M (0%)          16 / 2              0 / 0              0 / 0        
[2026-06-26T17:36:08.123-0300][74.835s][8748][7584 ][info][gc,heap     ] GC(41) Y: Min Capacity: 8M(0%)
[2026-06-26T17:36:08.123-0300][74.835s][8748][7584 ][info][gc,heap     ] GC(41) Y: Max Capacity: 3072M(100%)
[2026-06-26T17:36:08.123-0300][74.835s][8748][7584 ][info][gc,heap     ] GC(41) Y: Soft Max Capacity: 3072M(100%)
[2026-06-26T17:36:08.123-0300][74.835s][8748][7584 ][info][gc,heap     ] GC(41) Y: Heap Statistics:
[2026-06-26T17:36:08.123-0300][74.835s][8748][7584 ][info][gc,heap     ] GC(41) Y:                Mark Start          Mark End        Relocate Start      Relocate End           High               Low         
[2026-06-26T17:36:08.123-0300][74.835s][8748][7584 ][info][gc,heap     ] GC(41) Y:  Capacity:     3072M (100%)       3072M (100%)       3072M (100%)       3072M (100%)       3072M (100%)       3072M (100%)   
[2026-06-26T17:36:08.123-0300][74.835s][8748][7584 ][info][gc,heap     ] GC(41) Y:      Free:     1146M (37%)        1112M (36%)        1276M (42%)        1334M (43%)        1342M (44%)        1112M (36%)    
[2026-06-26T17:36:08.123-0300][74.835s][8748][7584 ][info][gc,heap     ] GC(41) Y:      Used:     1926M (63%)        1960M (64%)        1796M (58%)        1738M (57%)        1960M (64%)        1730M (56%)    
[2026-06-26T17:36:08.123-0300][74.835s][8748][7584 ][info][gc,heap     ] GC(41) Y: Young Generation Statistics:
[2026-06-26T17:36:08.123-0300][74.835s][8748][7584 ][info][gc,heap     ] GC(41) Y:                Mark Start          Mark End        Relocate Start      Relocate End    
[2026-06-26T17:36:08.123-0300][74.835s][8748][7584 ][info][gc,heap     ] GC(41) Y:      Used:      276M (9%)          310M (10%)         118M (4%)           58M (2%)     
[2026-06-26T17:36:08.123-0300][74.835s][8748][7584 ][info][gc,heap     ] GC(41) Y:      Live:         -                35M (1%)            8M (0%)            6M (0%)     
[2026-06-26T17:36:08.123-0300][74.835s][8748][7584 ][info][gc,heap     ] GC(41) Y:   Garbage:         -               240M (8%)           67M (2%)            0M (0%)     
[2026-06-26T17:36:08.123-0300][74.835s][8748][7584 ][info][gc,heap     ] GC(41) Y: Allocated:         -                34M (1%)           42M (1%)           50M (2%)     
[2026-06-26T17:36:08.123-0300][74.835s][8748][7584 ][info][gc,heap     ] GC(41) Y: Reclaimed:         -                  -               173M (6%)          240M (8%)     
[2026-06-26T17:36:08.123-0300][74.835s][8748][7584 ][info][gc,heap     ] GC(41) Y:  Promoted:         -                  -                26M (1%)           28M (1%)     
[2026-06-26T17:36:08.123-0300][74.835s][8748][7584 ][info][gc,heap     ] GC(41) Y: Compacted:         -                  -                  -                 3M (0%)     
[2026-06-26T17:36:08.123-0300][74.835s][8748][7584 ][info][gc,phases   ] GC(41) Y: Young Generation 1926M(63%)->1738M(57%) 0.148s
[2026-06-26T17:36:08.123-0300][74.835s][8748][7584 ][info][gc,phases   ] GC(41) O: Old Generation
[2026-06-26T17:36:09.514-0300][76.225s][8748][8884 ][info][gc          ] GC(42) Minor Collection (Allocation Rate)
[2026-06-26T17:36:09.514-0300][76.225s][8748][8884 ][info][gc,task     ] GC(42) Using 1 Workers for Young Generation
[2026-06-26T17:36:09.514-0300][76.225s][8748][8884 ][info][gc,phases   ] GC(42) y: Young Generation
[2026-06-26T17:36:09.514-0300][76.225s][8748][16824][info][gc,phases   ] GC(42) y: Pause Mark Start 0.012ms
[2026-06-26T17:36:09.537-0300][76.249s][8748][8884 ][info][gc,phases   ] GC(42) y: Concurrent Mark 23.882ms
[2026-06-26T17:36:09.537-0300][76.249s][8748][16824][info][gc,phases   ] GC(42) y: Pause Mark End 0.013ms
[2026-06-26T17:36:09.537-0300][76.249s][8748][8884 ][info][gc,phases   ] GC(42) y: Concurrent Mark Free 0.001ms
[2026-06-26T17:36:09.538-0300][76.249s][8748][8884 ][info][gc,phases   ] GC(42) y: Concurrent Reset Relocation Set 0.421ms
[2026-06-26T17:36:09.539-0300][76.250s][8748][8884 ][info][gc,reloc    ] GC(42) y: Using tenuring threshold: 2 (Computed)
[2026-06-26T17:36:09.539-0300][76.250s][8748][8884 ][info][gc,phases   ] GC(42) y: Concurrent Select Relocation Set 0.664ms
[2026-06-26T17:36:09.539-0300][76.250s][8748][16824][info][gc,phases   ] GC(42) y: Pause Relocate Start 0.009ms
[2026-06-26T17:36:09.542-0300][76.253s][8748][8884 ][info][gc,phases   ] GC(42) y: Concurrent Relocate 3.403ms
[2026-06-26T17:36:09.542-0300][76.254s][8748][8884 ][info][gc,alloc    ] GC(42) y:                         Mark Start        Mark End      Relocate Start    Relocate End   
[2026-06-26T17:36:09.542-0300][76.254s][8748][8884 ][info][gc,alloc    ] GC(42) y: Allocation Stalls:          0                0                0                0         
[2026-06-26T17:36:09.542-0300][76.254s][8748][8884 ][info][gc,load     ] GC(42) y: Load: 0.00 (0%) / 0.00 (0%) / 0.00 (0%)
[2026-06-26T17:36:09.542-0300][76.254s][8748][8884 ][info][gc,mmu      ] GC(42) y: MMU: 2ms/44.2%, 5ms/77.7%, 10ms/88.8%, 20ms/94.4%, 50ms/94.8%, 100ms/97.4%
[2026-06-26T17:36:09.542-0300][76.254s][8748][8884 ][info][gc,marking  ] GC(42) y: Mark: 1 stripe(s), 2 proactive flush(es), 1 terminate flush(es), 0 completion(s), 0 continuation(s) 
[2026-06-26T17:36:09.542-0300][76.254s][8748][8884 ][info][gc,nmethod  ] GC(42) y: NMethods: 10692 registered, 181 unregistered
[2026-06-26T17:36:09.542-0300][76.254s][8748][8884 ][info][gc,metaspace] GC(42) y: Metaspace: 66M used, 67M committed, 1088M reserved
[2026-06-26T17:36:09.542-0300][76.254s][8748][8884 ][info][gc,reloc    ] GC(42) y:                        Candidates     Selected     In-Place         Size        Empty    Relocated 
[2026-06-26T17:36:09.542-0300][76.254s][8748][8884 ][info][gc,reloc    ] GC(42) y: Small Pages:                  101           30            0         202M         138M           1M 
[2026-06-26T17:36:09.543-0300][76.254s][8748][8884 ][info][gc,reloc    ] GC(42) y: Medium Pages:                   0            0            0           0M           0M           0M 
[2026-06-26T17:36:09.543-0300][76.254s][8748][8884 ][info][gc,reloc    ] GC(42) y: Large Pages:                    0            0            0           0M           0M           0M 
[2026-06-26T17:36:09.543-0300][76.254s][8748][8884 ][info][gc,reloc    ] GC(42) y: Forwarding Usage: 0M
[2026-06-26T17:36:09.543-0300][76.254s][8748][8884 ][info][gc,reloc    ] GC(42) y: Age Table:
[2026-06-26T17:36:09.543-0300][76.254s][8748][8884 ][info][gc,reloc    ] GC(42) y:                    Live             Garbage             Small              Medium             Large        
[2026-06-26T17:36:09.543-0300][76.254s][8748][8884 ][info][gc,reloc    ] GC(42) y: Eden               1M (0%)          192M (6%)          97 / 29             0 / 0              0 / 0        
[2026-06-26T17:36:09.543-0300][76.254s][8748][8884 ][info][gc,reloc    ] GC(42) y: Survivor 1         1M (0%)            6M (0%)           4 / 1              0 / 0              0 / 0        
[2026-06-26T17:36:09.543-0300][76.254s][8748][8884 ][info][gc,heap     ] GC(42) y: Min Capacity: 8M(0%)
[2026-06-26T17:36:09.543-0300][76.254s][8748][8884 ][info][gc,heap     ] GC(42) y: Max Capacity: 3072M(100%)
[2026-06-26T17:36:09.543-0300][76.254s][8748][8884 ][info][gc,heap     ] GC(42) y: Soft Max Capacity: 3072M(100%)
[2026-06-26T17:36:09.543-0300][76.254s][8748][8884 ][info][gc,heap     ] GC(42) y: Heap Statistics:
[2026-06-26T17:36:09.543-0300][76.254s][8748][8884 ][info][gc,heap     ] GC(42) y:                Mark Start          Mark End        Relocate Start      Relocate End           High               Low         
[2026-06-26T17:36:09.543-0300][76.254s][8748][8884 ][info][gc,heap     ] GC(42) y:  Capacity:     3072M (100%)       3072M (100%)       3072M (100%)       3072M (100%)       3072M (100%)       3072M (100%)   
[2026-06-26T17:36:09.543-0300][76.254s][8748][8884 ][info][gc,heap     ] GC(42) y:      Free:     1190M (39%)        1184M (39%)        1322M (43%)        1372M (45%)        1372M (45%)        1184M (39%)    
[2026-06-26T17:36:09.543-0300][76.254s][8748][8884 ][info][gc,heap     ] GC(42) y:      Used:     1882M (61%)        1888M (61%)        1750M (57%)        1700M (55%)        1888M (61%)        1700M (55%)    
[2026-06-26T17:36:09.543-0300][76.254s][8748][8884 ][info][gc,heap     ] GC(42) y: Young Generation Statistics:
[2026-06-26T17:36:09.543-0300][76.254s][8748][8884 ][info][gc,heap     ] GC(42) y:                Mark Start          Mark End        Relocate Start      Relocate End    
[2026-06-26T17:36:09.543-0300][76.254s][8748][8884 ][info][gc,heap     ] GC(42) y:      Used:      202M (7%)          208M (7%)           70M (2%)           20M (1%)     
[2026-06-26T17:36:09.543-0300][76.254s][8748][8884 ][info][gc,heap     ] GC(42) y:      Live:         -                 3M (0%)            3M (0%)            3M (0%)     
[2026-06-26T17:36:09.543-0300][76.254s][8748][8884 ][info][gc,heap     ] GC(42) y:   Garbage:         -               198M (6%)           60M (2%)            0M (0%)     
[2026-06-26T17:36:09.543-0300][76.254s][8748][8884 ][info][gc,heap     ] GC(42) y: Allocated:         -                 6M (0%)            6M (0%)           16M (1%)     
[2026-06-26T17:36:09.543-0300][76.254s][8748][8884 ][info][gc,heap     ] GC(42) y: Reclaimed:         -                  -               138M (4%)          198M (6%)     
[2026-06-26T17:36:09.543-0300][76.254s][8748][8884 ][info][gc,heap     ] GC(42) y:  Promoted:         -                  -                 0M (0%)            0M (0%)     
[2026-06-26T17:36:09.543-0300][76.254s][8748][8884 ][info][gc,heap     ] GC(42) y: Compacted:         -                  -                  -                 1M (0%)     
[2026-06-26T17:36:09.543-0300][76.254s][8748][8884 ][info][gc,phases   ] GC(42) y: Young Generation 1882M(61%)->1700M(55%) 0.029s
[2026-06-26T17:36:09.543-0300][76.254s][8748][8884 ][info][gc          ] GC(42) Minor Collection (Allocation Rate) 1882M(61%)->1702M(55%) 0.029s
[2026-06-26T17:36:10.570-0300][77.281s][8748][7584 ][info][gc,phases   ] GC(41) O: Concurrent Mark 2446.283ms
[2026-06-26T17:36:10.570-0300][77.281s][8748][16824][info][gc,phases   ] GC(41) O: Pause Mark End 0.014ms
[2026-06-26T17:36:10.570-0300][77.281s][8748][7584 ][info][gc,phases   ] GC(41) O: Concurrent Mark Free 0.002ms
[2026-06-26T17:36:10.606-0300][77.317s][8748][7584 ][info][gc,phases   ] GC(41) O: Concurrent Process Non-Strong 35.233ms
[2026-06-26T17:36:10.606-0300][77.317s][8748][7584 ][info][gc,phases   ] GC(41) O: Concurrent Reset Relocation Set 0.003ms
[2026-06-26T17:36:10.606-0300][77.317s][8748][7584 ][info][gc,phases   ] GC(41) O: Concurrent Select Relocation Set 0.656ms
[2026-06-26T17:36:10.606-0300][77.317s][8748][7584 ][info][gc,task     ] GC(41) O: Using 2 Workers for Old Generation
[2026-06-26T17:36:10.614-0300][77.325s][8748][7584 ][info][gc,task     ] GC(41) O: Using 1 Workers for Old Generation
[2026-06-26T17:36:10.614-0300][77.326s][8748][7584 ][info][gc,phases   ] GC(41) O: Concurrent Remap Roots 8.199ms
[2026-06-26T17:36:10.615-0300][77.326s][8748][16824][info][gc,phases   ] GC(41) O: Pause Relocate Start 0.015ms
[2026-06-26T17:36:10.648-0300][77.359s][8748][7584 ][info][gc,phases   ] GC(41) O: Concurrent Relocate 33.105ms
[2026-06-26T17:36:10.648-0300][77.359s][8748][7584 ][info][gc,alloc    ] GC(41) O:                         Mark Start        Mark End      Relocate Start    Relocate End   
[2026-06-26T17:36:10.648-0300][77.359s][8748][7584 ][info][gc,alloc    ] GC(41) O: Allocation Stalls:          0                0                0                0         
[2026-06-26T17:36:10.648-0300][77.359s][8748][7584 ][info][gc,load     ] GC(41) O: Load: 0.00 (0%) / 0.00 (0%) / 0.00 (0%)
[2026-06-26T17:36:10.648-0300][77.359s][8748][7584 ][info][gc,mmu      ] GC(41) O: MMU: 2ms/44.2%, 5ms/77.7%, 10ms/88.8%, 20ms/94.4%, 50ms/94.8%, 100ms/97.4%
[2026-06-26T17:36:10.648-0300][77.359s][8748][7584 ][info][gc,marking  ] GC(41) O: Mark: 1 stripe(s), 2 proactive flush(es), 1 terminate flush(es), 0 completion(s), 0 continuation(s) 
[2026-06-26T17:36:10.648-0300][77.359s][8748][7584 ][info][gc,nmethod  ] GC(41) O: NMethods: 10586 registered, 295 unregistered
[2026-06-26T17:36:10.648-0300][77.359s][8748][7584 ][info][gc,metaspace] GC(41) O: Metaspace: 66M used, 67M committed, 1088M reserved
[2026-06-26T17:36:10.648-0300][77.359s][8748][7584 ][info][gc,ref      ] GC(41) O:                       Encountered   Discovered     Enqueued 
[2026-06-26T17:36:10.648-0300][77.359s][8748][7584 ][info][gc,ref      ] GC(41) O: Soft References:             5391            0            0 
[2026-06-26T17:36:10.648-0300][77.359s][8748][7584 ][info][gc,ref      ] GC(41) O: Weak References:             4720         3752          137 
[2026-06-26T17:36:10.648-0300][77.359s][8748][7584 ][info][gc,ref      ] GC(41) O: Final References:              15            0            0 
[2026-06-26T17:36:10.648-0300][77.359s][8748][7584 ][info][gc,ref      ] GC(41) O: Phantom References:        223504       206097       199606 
[2026-06-26T17:36:10.648-0300][77.359s][8748][7584 ][info][gc,reloc    ] GC(41) O:                        Candidates     Selected     In-Place         Size        Empty    Relocated 
[2026-06-26T17:36:10.648-0300][77.359s][8748][7584 ][info][gc,reloc    ] GC(41) O: Small Pages:                  763            6            0        1526M           0M           3M 
[2026-06-26T17:36:10.648-0300][77.359s][8748][7584 ][info][gc,reloc    ] GC(41) O: Medium Pages:                   2            0            0          64M           0M           0M 
[2026-06-26T17:36:10.648-0300][77.359s][8748][7584 ][info][gc,reloc    ] GC(41) O: Large Pages:                    5            0            0          60M           0M           0M 
[2026-06-26T17:36:10.648-0300][77.359s][8748][7584 ][info][gc,reloc    ] GC(41) O: Forwarding Usage: 9M
[2026-06-26T17:36:10.648-0300][77.359s][8748][7584 ][info][gc,heap     ] GC(41) O: Min Capacity: 8M(0%)
[2026-06-26T17:36:10.648-0300][77.359s][8748][7584 ][info][gc,heap     ] GC(41) O: Max Capacity: 3072M(100%)
[2026-06-26T17:36:10.648-0300][77.359s][8748][7584 ][info][gc,heap     ] GC(41) O: Soft Max Capacity: 3072M(100%)
[2026-06-26T17:36:10.648-0300][77.359s][8748][7584 ][info][gc,heap     ] GC(41) O: Heap Statistics:
[2026-06-26T17:36:10.648-0300][77.359s][8748][7584 ][info][gc,heap     ] GC(41) O:                Mark Start          Mark End        Relocate Start      Relocate End           High               Low         
[2026-06-26T17:36:10.648-0300][77.359s][8748][7584 ][info][gc,heap     ] GC(41) O:  Capacity:     3072M (100%)       3072M (100%)       3072M (100%)       3072M (100%)       3072M (100%)       3072M (100%)   
[2026-06-26T17:36:10.648-0300][77.359s][8748][7584 ][info][gc,heap     ] GC(41) O:      Free:     1146M (37%)        1280M (42%)        1280M (42%)        1284M (42%)        1372M (45%)        1112M (36%)    
[2026-06-26T17:36:10.648-0300][77.359s][8748][7584 ][info][gc,heap     ] GC(41) O:      Used:     1926M (63%)        1792M (58%)        1792M (58%)        1788M (58%)        1960M (64%)        1700M (55%)    
[2026-06-26T17:36:10.648-0300][77.359s][8748][7584 ][info][gc,heap     ] GC(41) O: Old Generation Statistics:
[2026-06-26T17:36:10.648-0300][77.359s][8748][7584 ][info][gc,heap     ] GC(41) O:                Mark Start          Mark End        Relocate Start      Relocate End    
[2026-06-26T17:36:10.648-0300][77.359s][8748][7584 ][info][gc,heap     ] GC(41) O:      Used:     1650M (54%)        1680M (55%)        1680M (55%)        1676M (55%)    
[2026-06-26T17:36:10.648-0300][77.359s][8748][7584 ][info][gc,heap     ] GC(41) O:      Live:         -              1541M (50%)        1541M (50%)        1541M (50%)    
[2026-06-26T17:36:10.648-0300][77.359s][8748][7584 ][info][gc,heap     ] GC(41) O:   Garbage:         -               108M (4%)          108M (4%)           94M (3%)     
[2026-06-26T17:36:10.648-0300][77.359s][8748][7584 ][info][gc,heap     ] GC(41) O: Allocated:         -                30M (1%)           30M (1%)           40M (1%)     
[2026-06-26T17:36:10.648-0300][77.359s][8748][7584 ][info][gc,heap     ] GC(41) O: Reclaimed:         -                  -                 0M (0%)           14M (0%)     
[2026-06-26T17:36:10.648-0300][77.359s][8748][7584 ][info][gc,heap     ] GC(41) O: Compacted:         -                  -                  -                17M (1%)     
[2026-06-26T17:36:10.648-0300][77.359s][8748][7584 ][info][gc,phases   ] GC(41) O: Old Generation 1738M(57%)->1788M(58%) 2.524s
[2026-06-26T17:36:10.648-0300][77.359s][8748][7584 ][info][gc          ] GC(41) Major Collection (Allocation Rate) 1926M(63%)->1788M(58%) 2.673s
[2026-06-26T17:36:26.581-0300][93.292s][8748][8884 ][info][gc          ] GC(43) Minor Collection (Allocation Rate)
[2026-06-26T17:36:26.581-0300][93.292s][8748][8884 ][info][gc,task     ] GC(43) Using 1 Workers for Young Generation
[2026-06-26T17:36:26.581-0300][93.292s][8748][8884 ][info][gc,phases   ] GC(43) y: Young Generation
[2026-06-26T17:36:26.581-0300][93.292s][8748][16824][info][gc,phases   ] GC(43) y: Pause Mark Start 0.015ms
[2026-06-26T17:36:26.776-0300][93.487s][8748][8884 ][info][gc,phases   ] GC(43) y: Concurrent Mark 194.411ms
[2026-06-26T17:36:26.776-0300][93.487s][8748][16824][info][gc,phases   ] GC(43) y: Pause Mark End 0.014ms
[2026-06-26T17:36:26.776-0300][93.487s][8748][8884 ][info][gc,phases   ] GC(43) y: Concurrent Mark Free 0.001ms
[2026-06-26T17:36:26.776-0300][93.487s][8748][8884 ][info][gc,phases   ] GC(43) y: Concurrent Reset Relocation Set 0.004ms
[2026-06-26T17:36:26.776-0300][93.487s][8748][8884 ][info][gc,reloc    ] GC(43) y: Using tenuring threshold: 3 (Computed)
[2026-06-26T17:36:26.781-0300][93.492s][8748][8884 ][info][gc,phases   ] GC(43) y: Concurrent Select Relocation Set 5.226ms
[2026-06-26T17:36:26.782-0300][93.492s][8748][16824][info][gc,phases   ] GC(43) y: Pause Relocate Start 0.012ms
[2026-06-26T17:36:26.827-0300][93.539s][8748][8884 ][info][gc,phases   ] GC(43) y: Concurrent Relocate 46.376ms
[2026-06-26T17:36:26.827-0300][93.539s][8748][8884 ][info][gc,alloc    ] GC(43) y:                         Mark Start        Mark End      Relocate Start    Relocate End   
[2026-06-26T17:36:26.827-0300][93.539s][8748][8884 ][info][gc,alloc    ] GC(43) y: Allocation Stalls:          0                0                0                0         
[2026-06-26T17:36:26.827-0300][93.539s][8748][8884 ][info][gc,load     ] GC(43) y: Load: 0.00 (0%) / 0.00 (0%) / 0.00 (0%)
[2026-06-26T17:36:26.827-0300][93.539s][8748][8884 ][info][gc,mmu      ] GC(43) y: MMU: 2ms/44.2%, 5ms/77.7%, 10ms/88.8%, 20ms/94.4%, 50ms/94.8%, 100ms/97.4%
[2026-06-26T17:36:26.827-0300][93.539s][8748][8884 ][info][gc,marking  ] GC(43) y: Mark: 1 stripe(s), 2 proactive flush(es), 1 terminate flush(es), 0 completion(s), 0 continuation(s) 
[2026-06-26T17:36:26.827-0300][93.539s][8748][8884 ][info][gc,nmethod  ] GC(43) y: NMethods: 14746 registered, 0 unregistered
[2026-06-26T17:36:26.827-0300][93.539s][8748][8884 ][info][gc,metaspace] GC(43) y: Metaspace: 72M used, 73M committed, 1152M reserved
[2026-06-26T17:36:26.828-0300][93.539s][8748][8884 ][info][gc,reloc    ] GC(43) y:                        Candidates     Selected     In-Place         Size        Empty    Relocated 
[2026-06-26T17:36:26.828-0300][93.539s][8748][8884 ][info][gc,reloc    ] GC(43) y: Small Pages:                  233          143            0         466M         104M          27M 
[2026-06-26T17:36:26.828-0300][93.539s][8748][8884 ][info][gc,reloc    ] GC(43) y: Medium Pages:                   1            0            0          32M           0M           0M 
[2026-06-26T17:36:26.828-0300][93.539s][8748][8884 ][info][gc,reloc    ] GC(43) y: Large Pages:                    0            0            0           0M           0M           0M 
[2026-06-26T17:36:26.828-0300][93.539s][8748][8884 ][info][gc,reloc    ] GC(43) y: Forwarding Usage: 14M
[2026-06-26T17:36:26.828-0300][93.539s][8748][8884 ][info][gc,reloc    ] GC(43) y: Age Table:
[2026-06-26T17:36:26.828-0300][93.539s][8748][8884 ][info][gc,reloc    ] GC(43) y:                    Live             Garbage             Small              Medium             Large        
[2026-06-26T17:36:26.828-0300][93.539s][8748][8884 ][info][gc,reloc    ] GC(43) y: Eden              67M (2%)          418M (14%)        227 / 140            1 / 0              0 / 0        
[2026-06-26T17:36:26.828-0300][93.539s][8748][8884 ][info][gc,reloc    ] GC(43) y: Survivor 1         1M (0%)            4M (0%)           3 / 1              0 / 0              0 / 0        
[2026-06-26T17:36:26.828-0300][93.539s][8748][8884 ][info][gc,reloc    ] GC(43) y: Survivor 2         1M (0%)            4M (0%)           3 / 2              0 / 0              0 / 0        
[2026-06-26T17:36:26.828-0300][93.539s][8748][8884 ][info][gc,heap     ] GC(43) y: Min Capacity: 8M(0%)
[2026-06-26T17:36:26.828-0300][93.539s][8748][8884 ][info][gc,heap     ] GC(43) y: Max Capacity: 3072M(100%)
[2026-06-26T17:36:26.828-0300][93.539s][8748][8884 ][info][gc,heap     ] GC(43) y: Soft Max Capacity: 3072M(100%)
[2026-06-26T17:36:26.828-0300][93.539s][8748][8884 ][info][gc,heap     ] GC(43) y: Heap Statistics:
[2026-06-26T17:36:26.828-0300][93.539s][8748][8884 ][info][gc,heap     ] GC(43) y:                Mark Start          Mark End        Relocate Start      Relocate End           High               Low         
[2026-06-26T17:36:26.828-0300][93.539s][8748][8884 ][info][gc,heap     ] GC(43) y:  Capacity:     3072M (100%)       3072M (100%)       3072M (100%)       3072M (100%)       3072M (100%)       3072M (100%)   
[2026-06-26T17:36:26.828-0300][93.539s][8748][8884 ][info][gc,heap     ] GC(43) y:      Free:      898M (29%)         868M (28%)         972M (32%)        1238M (40%)        1238M (40%)         868M (28%)    
[2026-06-26T17:36:26.828-0300][93.539s][8748][8884 ][info][gc,heap     ] GC(43) y:      Used:     2174M (71%)        2204M (72%)        2100M (68%)        1834M (60%)        2204M (72%)        1834M (60%)    
[2026-06-26T17:36:26.828-0300][93.539s][8748][8884 ][info][gc,heap     ] GC(43) y: Young Generation Statistics:
[2026-06-26T17:36:26.828-0300][93.539s][8748][8884 ][info][gc,heap     ] GC(43) y:                Mark Start          Mark End        Relocate Start      Relocate End    
[2026-06-26T17:36:26.828-0300][93.539s][8748][8884 ][info][gc,heap     ] GC(43) y:      Used:      498M (16%)         528M (17%)         424M (14%)         158M (5%)     
[2026-06-26T17:36:26.828-0300][93.539s][8748][8884 ][info][gc,heap     ] GC(43) y:      Live:         -                70M (2%)           70M (2%)           70M (2%)     
[2026-06-26T17:36:26.828-0300][93.539s][8748][8884 ][info][gc,heap     ] GC(43) y:   Garbage:         -               427M (14%)         323M (11%)          31M (1%)     
[2026-06-26T17:36:26.828-0300][93.539s][8748][8884 ][info][gc,heap     ] GC(43) y: Allocated:         -                30M (1%)           30M (1%)           56M (2%)     
[2026-06-26T17:36:26.828-0300][93.539s][8748][8884 ][info][gc,heap     ] GC(43) y: Reclaimed:         -                  -               104M (3%)          396M (13%)    
[2026-06-26T17:36:26.828-0300][93.540s][8748][8884 ][info][gc,heap     ] GC(43) y:  Promoted:         -                  -                 0M (0%)            0M (0%)     
[2026-06-26T17:36:26.829-0300][93.540s][8748][8884 ][info][gc,heap     ] GC(43) y: Compacted:         -                  -                  -                41M (1%)     
[2026-06-26T17:36:26.829-0300][93.540s][8748][8884 ][info][gc,phases   ] GC(43) y: Young Generation 2174M(71%)->1834M(60%) 0.247s
[2026-06-26T17:36:26.829-0300][93.540s][8748][8884 ][info][gc          ] GC(43) Minor Collection (Allocation Rate) 2174M(71%)->1834M(60%) 0.247s
[2026-06-26T17:36:32.024-0300][98.735s][8748][7584 ][info][gc          ] GC(44) Major Collection (CodeCache GC Threshold)
[2026-06-26T17:36:32.024-0300][98.735s][8748][7584 ][info][gc,task     ] GC(44) Using 1 Workers for Young Generation
[2026-06-26T17:36:32.024-0300][98.735s][8748][7584 ][info][gc,task     ] GC(44) Using 1 Workers for Old Generation
[2026-06-26T17:36:32.024-0300][98.735s][8748][7584 ][info][gc,phases   ] GC(44) Y: Young Generation
[2026-06-26T17:36:32.024-0300][98.735s][8748][16824][info][gc,phases   ] GC(44) Y: Pause Mark Start (Major) 0.013ms
[2026-06-26T17:36:32.198-0300][98.909s][8748][7584 ][info][gc,phases   ] GC(44) Y: Concurrent Mark 173.752ms
[2026-06-26T17:36:32.198-0300][98.909s][8748][16824][info][gc,phases   ] GC(44) Y: Pause Mark End 0.013ms
[2026-06-26T17:36:32.198-0300][98.909s][8748][7584 ][info][gc,phases   ] GC(44) Y: Concurrent Mark Free 0.004ms
[2026-06-26T17:36:32.198-0300][98.909s][8748][7584 ][info][gc,phases   ] GC(44) Y: Concurrent Reset Relocation Set 0.011ms
[2026-06-26T17:36:32.198-0300][98.909s][8748][7584 ][info][gc,reloc    ] GC(44) Y: Using tenuring threshold: 3 (Computed)
[2026-06-26T17:36:32.200-0300][98.911s][8748][7584 ][info][gc,phases   ] GC(44) Y: Concurrent Select Relocation Set 1.962ms
[2026-06-26T17:36:32.200-0300][98.911s][8748][16824][info][gc,phases   ] GC(44) Y: Pause Relocate Start 0.009ms
[2026-06-26T17:36:32.223-0300][98.934s][8748][7584 ][info][gc,phases   ] GC(44) Y: Concurrent Relocate 22.784ms
[2026-06-26T17:36:32.223-0300][98.934s][8748][7584 ][info][gc,alloc    ] GC(44) Y:                         Mark Start        Mark End      Relocate Start    Relocate End   
[2026-06-26T17:36:32.223-0300][98.934s][8748][7584 ][info][gc,alloc    ] GC(44) Y: Allocation Stalls:          0                0                0                0         
[2026-06-26T17:36:32.223-0300][98.934s][8748][7584 ][info][gc,load     ] GC(44) Y: Load: 0.00 (0%) / 0.00 (0%) / 0.00 (0%)
[2026-06-26T17:36:32.223-0300][98.934s][8748][7584 ][info][gc,mmu      ] GC(44) Y: MMU: 2ms/44.2%, 5ms/77.7%, 10ms/88.8%, 20ms/94.4%, 50ms/94.8%, 100ms/97.4%
[2026-06-26T17:36:32.223-0300][98.934s][8748][7584 ][info][gc,marking  ] GC(44) Y: Mark: 1 stripe(s), 2 proactive flush(es), 1 terminate flush(es), 0 completion(s), 0 continuation(s) 
[2026-06-26T17:36:32.223-0300][98.934s][8748][7584 ][info][gc,nmethod  ] GC(44) Y: NMethods: 18148 registered, 0 unregistered
[2026-06-26T17:36:32.223-0300][98.934s][8748][7584 ][info][gc,metaspace] GC(44) Y: Metaspace: 75M used, 76M committed, 1152M reserved
[2026-06-26T17:36:32.223-0300][98.934s][8748][7584 ][info][gc,reloc    ] GC(44) Y:                        Candidates     Selected     In-Place         Size        Empty    Relocated 
[2026-06-26T17:36:32.223-0300][98.934s][8748][7584 ][info][gc,reloc    ] GC(44) Y: Small Pages:                  168          122            0         336M           2M          11M 
[2026-06-26T17:36:32.223-0300][98.934s][8748][7584 ][info][gc,reloc    ] GC(44) Y: Medium Pages:                   1            0            0          32M           0M           0M 
[2026-06-26T17:36:32.223-0300][98.934s][8748][7584 ][info][gc,reloc    ] GC(44) Y: Large Pages:                    0            0            0           0M           0M           0M 
[2026-06-26T17:36:32.223-0300][98.934s][8748][7584 ][info][gc,reloc    ] GC(44) Y: Forwarding Usage: 9M
[2026-06-26T17:36:32.223-0300][98.934s][8748][7584 ][info][gc,reloc    ] GC(44) Y: Age Table:
[2026-06-26T17:36:32.223-0300][98.934s][8748][7584 ][info][gc,reloc    ] GC(44) Y:                    Live             Garbage             Small              Medium             Large        
[2026-06-26T17:36:32.223-0300][98.934s][8748][7584 ][info][gc,reloc    ] GC(44) Y: Eden              17M (1%)          224M (7%)         121 / 111            0 / 0              0 / 0        
[2026-06-26T17:36:32.223-0300][98.934s][8748][7584 ][info][gc,reloc    ] GC(44) Y: Survivor 1        66M (2%)           51M (2%)          43 / 9              1 / 0              0 / 0        
[2026-06-26T17:36:32.223-0300][98.934s][8748][7584 ][info][gc,reloc    ] GC(44) Y: Survivor 2         1M (0%)            2M (0%)           2 / 1              0 / 0              0 / 0        
[2026-06-26T17:36:32.223-0300][98.934s][8748][7584 ][info][gc,reloc    ] GC(44) Y: Survivor 3         1M (0%)            2M (0%)           2 / 1              0 / 0              0 / 0        
[2026-06-26T17:36:32.223-0300][98.934s][8748][7584 ][info][gc,heap     ] GC(44) Y: Min Capacity: 8M(0%)
[2026-06-26T17:36:32.223-0300][98.934s][8748][7584 ][info][gc,heap     ] GC(44) Y: Max Capacity: 3072M(100%)
[2026-06-26T17:36:32.223-0300][98.935s][8748][7584 ][info][gc,heap     ] GC(44) Y: Soft Max Capacity: 3072M(100%)
[2026-06-26T17:36:32.223-0300][98.935s][8748][7584 ][info][gc,heap     ] GC(44) Y: Heap Statistics:
[2026-06-26T17:36:32.223-0300][98.935s][8748][7584 ][info][gc,heap     ] GC(44) Y:                Mark Start          Mark End        Relocate Start      Relocate End           High               Low         
[2026-06-26T17:36:32.223-0300][98.935s][8748][7584 ][info][gc,heap     ] GC(44) Y:  Capacity:     3072M (100%)       3072M (100%)       3072M (100%)       3072M (100%)       3072M (100%)       3072M (100%)   
[2026-06-26T17:36:32.223-0300][98.935s][8748][7584 ][info][gc,heap     ] GC(44) Y:      Free:     1028M (33%)        1006M (33%)        1008M (33%)        1240M (40%)        1240M (40%)        1000M (33%)    
[2026-06-26T17:36:32.223-0300][98.935s][8748][7584 ][info][gc,heap     ] GC(44) Y:      Used:     2044M (67%)        2066M (67%)        2064M (67%)        1832M (60%)        2072M (67%)        1832M (60%)    
[2026-06-26T17:36:32.223-0300][98.935s][8748][7584 ][info][gc,heap     ] GC(44) Y: Young Generation Statistics:
[2026-06-26T17:36:32.223-0300][98.935s][8748][7584 ][info][gc,heap     ] GC(44) Y:                Mark Start          Mark End        Relocate Start      Relocate End    
[2026-06-26T17:36:32.223-0300][98.935s][8748][7584 ][info][gc,heap     ] GC(44) Y:      Used:      368M (12%)         390M (13%)         386M (13%)         152M (5%)     
[2026-06-26T17:36:32.223-0300][98.935s][8748][7584 ][info][gc,heap     ] GC(44) Y:      Live:         -                87M (3%)           85M (3%)           85M (3%)     
[2026-06-26T17:36:32.223-0300][98.935s][8748][7584 ][info][gc,heap     ] GC(44) Y:   Garbage:         -               280M (9%)          278M (9%)           30M (1%)     
[2026-06-26T17:36:32.223-0300][98.935s][8748][7584 ][info][gc,heap     ] GC(44) Y: Allocated:         -                22M (1%)           22M (1%)           35M (1%)     
[2026-06-26T17:36:32.223-0300][98.935s][8748][7584 ][info][gc,heap     ] GC(44) Y: Reclaimed:         -                  -                 2M (0%)          249M (8%)     
[2026-06-26T17:36:32.223-0300][98.935s][8748][7584 ][info][gc,heap     ] GC(44) Y:  Promoted:         -                  -                 1M (0%)            1M (0%)     
[2026-06-26T17:36:32.223-0300][98.935s][8748][7584 ][info][gc,heap     ] GC(44) Y: Compacted:         -                  -                  -                20M (1%)     
[2026-06-26T17:36:32.223-0300][98.935s][8748][7584 ][info][gc,phases   ] GC(44) Y: Young Generation 2044M(67%)->1832M(60%) 0.199s
[2026-06-26T17:36:32.223-0300][98.935s][8748][7584 ][info][gc,phases   ] GC(44) O: Old Generation
[2026-06-26T17:36:34.728-0300][101.439s][8748][7584 ][info][gc,phases   ] GC(44) O: Concurrent Mark 2504.129ms
[2026-06-26T17:36:34.728-0300][101.439s][8748][16824][info][gc,phases   ] GC(44) O: Pause Mark End 0.014ms
[2026-06-26T17:36:34.728-0300][101.439s][8748][7584 ][info][gc,phases   ] GC(44) O: Concurrent Mark Free 0.002ms
[2026-06-26T17:36:34.777-0300][101.488s][8748][7584 ][info][gc,phases   ] GC(44) O: Concurrent Process Non-Strong 49.432ms
[2026-06-26T17:36:34.777-0300][101.488s][8748][7584 ][info][gc,phases   ] GC(44) O: Concurrent Reset Relocation Set 0.002ms
[2026-06-26T17:36:34.785-0300][101.496s][8748][7584 ][info][gc,phases   ] GC(44) O: Concurrent Select Relocation Set 7.364ms
[2026-06-26T17:36:34.785-0300][101.496s][8748][7584 ][info][gc,task     ] GC(44) O: Using 2 Workers for Old Generation
[2026-06-26T17:36:34.794-0300][101.505s][8748][7584 ][info][gc,task     ] GC(44) O: Using 1 Workers for Old Generation
[2026-06-26T17:36:34.794-0300][101.505s][8748][7584 ][info][gc,phases   ] GC(44) O: Concurrent Remap Roots 8.953ms
[2026-06-26T17:36:34.794-0300][101.505s][8748][16824][info][gc,phases   ] GC(44) O: Pause Relocate Start 0.011ms
[2026-06-26T17:36:34.921-0300][101.632s][8748][7584 ][info][gc,phases   ] GC(44) O: Concurrent Relocate 127.458ms
[2026-06-26T17:36:34.921-0300][101.632s][8748][7584 ][info][gc,alloc    ] GC(44) O:                         Mark Start        Mark End      Relocate Start    Relocate End   
[2026-06-26T17:36:34.921-0300][101.633s][8748][7584 ][info][gc,alloc    ] GC(44) O: Allocation Stalls:          0                0                0                0         
[2026-06-26T17:36:34.921-0300][101.633s][8748][7584 ][info][gc,load     ] GC(44) O: Load: 0.00 (0%) / 0.00 (0%) / 0.00 (0%)
[2026-06-26T17:36:34.921-0300][101.633s][8748][7584 ][info][gc,mmu      ] GC(44) O: MMU: 2ms/44.2%, 5ms/77.7%, 10ms/88.8%, 20ms/94.4%, 50ms/94.8%, 100ms/97.4%
[2026-06-26T17:36:34.921-0300][101.633s][8748][7584 ][info][gc,marking  ] GC(44) O: Mark: 1 stripe(s), 2 proactive flush(es), 1 terminate flush(es), 0 completion(s), 0 continuation(s) 
[2026-06-26T17:36:34.921-0300][101.633s][8748][7584 ][info][gc,nmethod  ] GC(44) O: NMethods: 12116 registered, 6332 unregistered
[2026-06-26T17:36:34.921-0300][101.633s][8748][7584 ][info][gc,metaspace] GC(44) O: Metaspace: 75M used, 77M committed, 1152M reserved
[2026-06-26T17:36:34.921-0300][101.633s][8748][7584 ][info][gc,ref      ] GC(44) O:                       Encountered   Discovered     Enqueued 
[2026-06-26T17:36:34.921-0300][101.633s][8748][7584 ][info][gc,ref      ] GC(44) O: Soft References:             5678            0            0 
[2026-06-26T17:36:34.921-0300][101.633s][8748][7584 ][info][gc,ref      ] GC(44) O: Weak References:             5835         3308            2 
[2026-06-26T17:36:34.921-0300][101.633s][8748][7584 ][info][gc,ref      ] GC(44) O: Final References:              17            8            0 
[2026-06-26T17:36:34.921-0300][101.633s][8748][7584 ][info][gc,ref      ] GC(44) O: Phantom References:         66259        23884        17392 
[2026-06-26T17:36:34.921-0300][101.633s][8748][7584 ][info][gc,reloc    ] GC(44) O:                        Candidates     Selected     In-Place         Size        Empty    Relocated 
[2026-06-26T17:36:34.921-0300][101.633s][8748][7584 ][info][gc,reloc    ] GC(44) O: Small Pages:                  776            8            0        1552M           2M           7M 
[2026-06-26T17:36:34.921-0300][101.633s][8748][7584 ][info][gc,reloc    ] GC(44) O: Medium Pages:                   2            0            0          64M           0M           0M 
[2026-06-26T17:36:34.921-0300][101.633s][8748][7584 ][info][gc,reloc    ] GC(44) O: Large Pages:                    5            0            0          60M           0M           0M 
[2026-06-26T17:36:34.921-0300][101.633s][8748][7584 ][info][gc,reloc    ] GC(44) O: Forwarding Usage: 41M
[2026-06-26T17:36:34.921-0300][101.633s][8748][7584 ][info][gc,heap     ] GC(44) O: Min Capacity: 8M(0%)
[2026-06-26T17:36:34.921-0300][101.633s][8748][7584 ][info][gc,heap     ] GC(44) O: Max Capacity: 3072M(100%)
[2026-06-26T17:36:34.921-0300][101.633s][8748][7584 ][info][gc,heap     ] GC(44) O: Soft Max Capacity: 3072M(100%)
[2026-06-26T17:36:34.921-0300][101.633s][8748][7584 ][info][gc,heap     ] GC(44) O: Heap Statistics:
[2026-06-26T17:36:34.921-0300][101.633s][8748][7584 ][info][gc,heap     ] GC(44) O:                Mark Start          Mark End        Relocate Start      Relocate End           High               Low         
[2026-06-26T17:36:34.922-0300][101.633s][8748][7584 ][info][gc,heap     ] GC(44) O:  Capacity:     3072M (100%)       3072M (100%)       3072M (100%)       3072M (100%)       3072M (100%)       3072M (100%)   
[2026-06-26T17:36:34.922-0300][101.633s][8748][7584 ][info][gc,heap     ] GC(44) O:      Free:     1028M (33%)        1132M (37%)        1130M (37%)        1148M (37%)        1240M (40%)        1000M (33%)    
[2026-06-26T17:36:34.922-0300][101.633s][8748][7584 ][info][gc,heap     ] GC(44) O:      Used:     2044M (67%)        1940M (63%)        1942M (63%)        1924M (63%)        2072M (67%)        1832M (60%)    
[2026-06-26T17:36:34.922-0300][101.633s][8748][7584 ][info][gc,heap     ] GC(44) O: Old Generation Statistics:
[2026-06-26T17:36:34.922-0300][101.633s][8748][7584 ][info][gc,heap     ] GC(44) O:                Mark Start          Mark End        Relocate Start      Relocate End    
[2026-06-26T17:36:34.922-0300][101.633s][8748][7584 ][info][gc,heap     ] GC(44) O:      Used:     1676M (55%)        1680M (55%)        1678M (55%)        1656M (54%)    
[2026-06-26T17:36:34.922-0300][101.633s][8748][7584 ][info][gc,heap     ] GC(44) O:      Live:         -              1547M (50%)        1547M (50%)        1547M (50%)    
[2026-06-26T17:36:34.922-0300][101.633s][8748][7584 ][info][gc,heap     ] GC(44) O:   Garbage:         -               128M (4%)          126M (4%)          100M (3%)     
[2026-06-26T17:36:34.922-0300][101.633s][8748][7584 ][info][gc,heap     ] GC(44) O: Allocated:         -                 4M (0%)            4M (0%)            7M (0%)     
[2026-06-26T17:36:34.922-0300][101.633s][8748][7584 ][info][gc,heap     ] GC(44) O: Reclaimed:         -                  -                 2M (0%)           27M (1%)     
[2026-06-26T17:36:34.922-0300][101.633s][8748][7584 ][info][gc,heap     ] GC(44) O: Compacted:         -                  -                  -                68M (2%)     
[2026-06-26T17:36:34.922-0300][101.633s][8748][7584 ][info][gc,phases   ] GC(44) O: Old Generation 1832M(60%)->1924M(63%) 2.698s
[2026-06-26T17:36:34.922-0300][101.633s][8748][7584 ][info][gc          ] GC(44) Major Collection (CodeCache GC Threshold) 2044M(67%)->1924M(63%) 2.898s
[2026-06-26T17:36:49.353-0300][116.064s][8748][8884 ][info][gc          ] GC(45) Minor Collection (Allocation Rate)
[2026-06-26T17:36:49.353-0300][116.064s][8748][8884 ][info][gc,task     ] GC(45) Using 1 Workers for Young Generation
[2026-06-26T17:36:49.353-0300][116.064s][8748][8884 ][info][gc,phases   ] GC(45) y: Young Generation
[2026-06-26T17:36:49.353-0300][116.064s][8748][16824][info][gc,phases   ] GC(45) y: Pause Mark Start 0.013ms
[2026-06-26T17:36:49.585-0300][116.296s][8748][8884 ][info][gc,phases   ] GC(45) y: Concurrent Mark 232.129ms
[2026-06-26T17:36:49.585-0300][116.296s][8748][16824][info][gc,phases   ] GC(45) y: Pause Mark End 0.012ms
[2026-06-26T17:36:49.585-0300][116.296s][8748][8884 ][info][gc,phases   ] GC(45) y: Concurrent Mark Free 0.002ms
[2026-06-26T17:36:49.585-0300][116.296s][8748][8884 ][info][gc,phases   ] GC(45) y: Concurrent Reset Relocation Set 0.082ms
[2026-06-26T17:36:49.585-0300][116.296s][8748][8884 ][info][gc,reloc    ] GC(45) y: Using tenuring threshold: 3 (Computed)
[2026-06-26T17:36:49.590-0300][116.301s][8748][8884 ][info][gc,phases   ] GC(45) y: Concurrent Select Relocation Set 5.162ms
[2026-06-26T17:36:49.590-0300][116.301s][8748][16824][info][gc,phases   ] GC(45) y: Pause Relocate Start 0.011ms
[2026-06-26T17:36:49.635-0300][116.347s][8748][8884 ][info][gc,phases   ] GC(45) y: Concurrent Relocate 45.240ms
[2026-06-26T17:36:49.635-0300][116.347s][8748][8884 ][info][gc,alloc    ] GC(45) y:                         Mark Start        Mark End      Relocate Start    Relocate End   
[2026-06-26T17:36:49.635-0300][116.347s][8748][8884 ][info][gc,alloc    ] GC(45) y: Allocation Stalls:          0                0                0                0         
[2026-06-26T17:36:49.635-0300][116.347s][8748][8884 ][info][gc,load     ] GC(45) y: Load: 0.00 (0%) / 0.00 (0%) / 0.00 (0%)
[2026-06-26T17:36:49.635-0300][116.347s][8748][8884 ][info][gc,mmu      ] GC(45) y: MMU: 2ms/44.2%, 5ms/77.7%, 10ms/88.8%, 20ms/94.4%, 50ms/94.8%, 100ms/97.4%
[2026-06-26T17:36:49.635-0300][116.347s][8748][8884 ][info][gc,marking  ] GC(45) y: Mark: 1 stripe(s), 2 proactive flush(es), 1 terminate flush(es), 0 completion(s), 0 continuation(s) 
[2026-06-26T17:36:49.635-0300][116.347s][8748][8884 ][info][gc,nmethod  ] GC(45) y: NMethods: 13532 registered, 6332 unregistered
[2026-06-26T17:36:49.635-0300][116.347s][8748][8884 ][info][gc,metaspace] GC(45) y: Metaspace: 76M used, 78M committed, 1152M reserved
[2026-06-26T17:36:49.635-0300][116.347s][8748][8884 ][info][gc,reloc    ] GC(45) y:                        Candidates     Selected     In-Place         Size        Empty    Relocated 
[2026-06-26T17:36:49.635-0300][116.347s][8748][8884 ][info][gc,reloc    ] GC(45) y: Small Pages:                  487          372            0         974M          86M          18M 
[2026-06-26T17:36:49.635-0300][116.347s][8748][8884 ][info][gc,reloc    ] GC(45) y: Medium Pages:                   1            0            0          32M           0M           0M 
[2026-06-26T17:36:49.635-0300][116.347s][8748][8884 ][info][gc,reloc    ] GC(45) y: Large Pages:                    0            0            0           0M           0M           0M 
[2026-06-26T17:36:49.635-0300][116.347s][8748][8884 ][info][gc,reloc    ] GC(45) y: Forwarding Usage: 18M
[2026-06-26T17:36:49.635-0300][116.347s][8748][8884 ][info][gc,reloc    ] GC(45) y: Age Table:
[2026-06-26T17:36:49.635-0300][116.347s][8748][8884 ][info][gc,reloc    ] GC(45) y:                    Live             Garbage             Small              Medium             Large        
[2026-06-26T17:36:49.635-0300][116.347s][8748][8884 ][info][gc,reloc    ] GC(45) y: Eden              49M (2%)          826M (27%)        438 / 366            0 / 0              0 / 0        
[2026-06-26T17:36:49.635-0300][116.347s][8748][8884 ][info][gc,reloc    ] GC(45) y: Survivor 1        17M (1%)            8M (0%)          13 / 4              0 / 0              0 / 0        
[2026-06-26T17:36:49.635-0300][116.347s][8748][8884 ][info][gc,reloc    ] GC(45) y: Survivor 2        66M (2%)           33M (1%)          34 / 2              1 / 0              0 / 0        
[2026-06-26T17:36:49.636-0300][116.347s][8748][8884 ][info][gc,reloc    ] GC(45) y: Survivor 3         1M (0%)            2M (0%)           2 / 0              0 / 0              0 / 0        
[2026-06-26T17:36:49.636-0300][116.347s][8748][8884 ][info][gc,heap     ] GC(45) y: Min Capacity: 8M(0%)
[2026-06-26T17:36:49.636-0300][116.347s][8748][8884 ][info][gc,heap     ] GC(45) y: Max Capacity: 3072M(100%)
[2026-06-26T17:36:49.636-0300][116.347s][8748][8884 ][info][gc,heap     ] GC(45) y: Soft Max Capacity: 3072M(100%)
[2026-06-26T17:36:49.636-0300][116.347s][8748][8884 ][info][gc,heap     ] GC(45) y: Heap Statistics:
[2026-06-26T17:36:49.636-0300][116.347s][8748][8884 ][info][gc,heap     ] GC(45) y:                Mark Start          Mark End        Relocate Start      Relocate End           High               Low         
[2026-06-26T17:36:49.636-0300][116.347s][8748][8884 ][info][gc,heap     ] GC(45) y:  Capacity:     3072M (100%)       3072M (100%)       3072M (100%)       3072M (100%)       3072M (100%)       3072M (100%)   
[2026-06-26T17:36:49.636-0300][116.347s][8748][8884 ][info][gc,heap     ] GC(45) y:      Free:      410M (13%)         398M (13%)         484M (16%)        1218M (40%)        1218M (40%)         398M (13%)    
[2026-06-26T17:36:49.636-0300][116.347s][8748][8884 ][info][gc,heap     ] GC(45) y:      Used:     2662M (87%)        2674M (87%)        2588M (84%)        1854M (60%)        2674M (87%)        1854M (60%)    
[2026-06-26T17:36:49.636-0300][116.347s][8748][8884 ][info][gc,heap     ] GC(45) y: Young Generation Statistics:
[2026-06-26T17:36:49.636-0300][116.347s][8748][8884 ][info][gc,heap     ] GC(45) y:                Mark Start          Mark End        Relocate Start      Relocate End    
[2026-06-26T17:36:49.636-0300][116.347s][8748][8884 ][info][gc,heap     ] GC(45) y:      Used:     1006M (33%)        1018M (33%)         930M (30%)         194M (6%)     
[2026-06-26T17:36:49.636-0300][116.347s][8748][8884 ][info][gc,heap     ] GC(45) y:      Live:         -               134M (4%)          133M (4%)          133M (4%)     
[2026-06-26T17:36:49.636-0300][116.347s][8748][8884 ][info][gc,heap     ] GC(45) y:   Garbage:         -               871M (28%)         784M (26%)          34M (1%)     
[2026-06-26T17:36:49.636-0300][116.347s][8748][8884 ][info][gc,heap     ] GC(45) y: Allocated:         -                12M (0%)           12M (0%)           26M (1%)     
[2026-06-26T17:36:49.636-0300][116.347s][8748][8884 ][info][gc,heap     ] GC(45) y: Reclaimed:         -                  -                86M (3%)          836M (27%)    
[2026-06-26T17:36:49.636-0300][116.347s][8748][8884 ][info][gc,heap     ] GC(45) y:  Promoted:         -                  -                 1M (0%)            1M (0%)     
[2026-06-26T17:36:49.636-0300][116.347s][8748][8884 ][info][gc,heap     ] GC(45) y: Compacted:         -                  -                  -                43M (1%)     
[2026-06-26T17:36:49.636-0300][116.347s][8748][8884 ][info][gc,phases   ] GC(45) y: Young Generation 2662M(87%)->1854M(60%) 0.283s
[2026-06-26T17:36:49.636-0300][116.347s][8748][8884 ][info][gc          ] GC(45) Minor Collection (Allocation Rate) 2662M(87%)->1854M(60%) 0.284s
[2026-06-26T17:37:19.539-0300][146.250s][8748][8884 ][info][gc          ] GC(46) Minor Collection (High Usage)
[2026-06-26T17:37:19.539-0300][146.250s][8748][8884 ][info][gc,task     ] GC(46) Using 1 Workers for Young Generation
[2026-06-26T17:37:19.539-0300][146.250s][8748][8884 ][info][gc,phases   ] GC(46) y: Young Generation
[2026-06-26T17:37:19.539-0300][146.250s][8748][16824][info][gc,phases   ] GC(46) y: Pause Mark Start 0.012ms
[2026-06-26T17:37:19.844-0300][146.555s][8748][8884 ][info][gc,phases   ] GC(46) y: Concurrent Mark 304.963ms
[2026-06-26T17:37:19.844-0300][146.555s][8748][16824][info][gc,phases   ] GC(46) y: Pause Mark End 0.013ms
[2026-06-26T17:37:19.844-0300][146.555s][8748][8884 ][info][gc,phases   ] GC(46) y: Concurrent Mark Free 0.001ms
[2026-06-26T17:37:19.845-0300][146.555s][8748][8884 ][info][gc,phases   ] GC(46) y: Concurrent Reset Relocation Set 0.135ms
[2026-06-26T17:37:19.845-0300][146.555s][8748][8884 ][info][gc,reloc    ] GC(46) y: Using tenuring threshold: 2 (Computed)
[2026-06-26T17:37:19.883-0300][146.594s][8748][8884 ][info][gc,phases   ] GC(46) y: Concurrent Select Relocation Set 38.749ms
[2026-06-26T17:37:19.883-0300][146.594s][8748][16824][info][gc,phases   ] GC(46) y: Pause Relocate Start 0.010ms
[2026-06-26T17:37:19.961-0300][146.673s][8748][8884 ][info][gc,phases   ] GC(46) y: Concurrent Relocate 78.349ms
[2026-06-26T17:37:19.961-0300][146.673s][8748][8884 ][info][gc,alloc    ] GC(46) y:                         Mark Start        Mark End      Relocate Start    Relocate End   
[2026-06-26T17:37:19.961-0300][146.673s][8748][8884 ][info][gc,alloc    ] GC(46) y: Allocation Stalls:          0                0                0                0         
[2026-06-26T17:37:19.961-0300][146.673s][8748][8884 ][info][gc,load     ] GC(46) y: Load: 0.00 (0%) / 0.00 (0%) / 0.00 (0%)
[2026-06-26T17:37:19.961-0300][146.673s][8748][8884 ][info][gc,mmu      ] GC(46) y: MMU: 2ms/44.2%, 5ms/77.7%, 10ms/88.8%, 20ms/94.4%, 50ms/94.8%, 100ms/97.4%
[2026-06-26T17:37:19.961-0300][146.673s][8748][8884 ][info][gc,marking  ] GC(46) y: Mark: 1 stripe(s), 2 proactive flush(es), 1 terminate flush(es), 0 completion(s), 0 continuation(s) 
[2026-06-26T17:37:19.961-0300][146.673s][8748][8884 ][info][gc,nmethod  ] GC(46) y: NMethods: 15793 registered, 6332 unregistered
[2026-06-26T17:37:19.961-0300][146.673s][8748][8884 ][info][gc,metaspace] GC(46) y: Metaspace: 77M used, 79M committed, 1152M reserved
[2026-06-26T17:37:19.961-0300][146.673s][8748][8884 ][info][gc,reloc    ] GC(46) y:                        Candidates     Selected     In-Place         Size        Empty    Relocated 
[2026-06-26T17:37:19.961-0300][146.673s][8748][8884 ][info][gc,reloc    ] GC(46) y: Small Pages:                  595          323            0        1190M         392M           9M 
[2026-06-26T17:37:19.961-0300][146.673s][8748][8884 ][info][gc,reloc    ] GC(46) y: Medium Pages:                   1            0            0          32M           0M           0M 
[2026-06-26T17:37:19.961-0300][146.673s][8748][8884 ][info][gc,reloc    ] GC(46) y: Large Pages:                    0            0            0           0M           0M           0M 
[2026-06-26T17:37:19.961-0300][146.673s][8748][8884 ][info][gc,reloc    ] GC(46) y: Forwarding Usage: 6M
[2026-06-26T17:37:19.961-0300][146.673s][8748][8884 ][info][gc,reloc    ] GC(46) y: Age Table:
[2026-06-26T17:37:19.961-0300][146.673s][8748][8884 ][info][gc,reloc    ] GC(46) y:                    Live             Garbage             Small              Medium             Large        
[2026-06-26T17:37:19.961-0300][146.673s][8748][8884 ][info][gc,reloc    ] GC(46) y: Eden              14M (0%)         1027M (33%)        521 / 317            0 / 0              0 / 0        
[2026-06-26T17:37:19.961-0300][146.673s][8748][8884 ][info][gc,reloc    ] GC(46) y: Survivor 1        48M (2%)            7M (0%)          28 / 2              0 / 0              0 / 0        
[2026-06-26T17:37:19.961-0300][146.673s][8748][8884 ][info][gc,reloc    ] GC(46) y: Survivor 2        17M (1%)            4M (0%)          11 / 1              0 / 0              0 / 0        
[2026-06-26T17:37:19.961-0300][146.673s][8748][8884 ][info][gc,reloc    ] GC(46) y: Survivor 3        66M (2%)           35M (1%)          35 / 3              1 / 0              0 / 0        
[2026-06-26T17:37:19.961-0300][146.673s][8748][8884 ][info][gc,heap     ] GC(46) y: Min Capacity: 8M(0%)
[2026-06-26T17:37:19.961-0300][146.673s][8748][8884 ][info][gc,heap     ] GC(46) y: Max Capacity: 3072M(100%)
[2026-06-26T17:37:19.961-0300][146.673s][8748][8884 ][info][gc,heap     ] GC(46) y: Soft Max Capacity: 3072M(100%)
[2026-06-26T17:37:19.961-0300][146.673s][8748][8884 ][info][gc,heap     ] GC(46) y: Heap Statistics:
[2026-06-26T17:37:19.961-0300][146.673s][8748][8884 ][info][gc,heap     ] GC(46) y:                Mark Start          Mark End        Relocate Start      Relocate End           High               Low         
[2026-06-26T17:37:19.961-0300][146.673s][8748][8884 ][info][gc,heap     ] GC(46) y:  Capacity:     3072M (100%)       3072M (100%)       3072M (100%)       3072M (100%)       3072M (100%)       3072M (100%)   
[2026-06-26T17:37:19.961-0300][146.673s][8748][8884 ][info][gc,heap     ] GC(46) y:      Free:      190M (6%)          164M (5%)          556M (18%)        1192M (39%)        1194M (39%)         164M (5%)     
[2026-06-26T17:37:19.961-0300][146.673s][8748][8884 ][info][gc,heap     ] GC(46) y:      Used:     2882M (94%)        2908M (95%)        2516M (82%)        1880M (61%)        2908M (95%)        1878M (61%)    
[2026-06-26T17:37:19.961-0300][146.673s][8748][8884 ][info][gc,heap     ] GC(46) y: Young Generation Statistics:
[2026-06-26T17:37:19.961-0300][146.673s][8748][8884 ][info][gc,heap     ] GC(46) y:                Mark Start          Mark End        Relocate Start      Relocate End    
[2026-06-26T17:37:19.961-0300][146.673s][8748][8884 ][info][gc,heap     ] GC(46) y:      Used:     1222M (40%)        1248M (41%)         746M (24%)         102M (3%)     
[2026-06-26T17:37:19.961-0300][146.673s][8748][8884 ][info][gc,heap     ] GC(46) y:      Live:         -               146M (5%)           66M (2%)           62M (2%)     
[2026-06-26T17:37:19.961-0300][146.673s][8748][8884 ][info][gc,heap     ] GC(46) y:   Garbage:         -              1075M (35%)         653M (21%)           2M (0%)     
[2026-06-26T17:37:19.961-0300][146.673s][8748][8884 ][info][gc,heap     ] GC(46) y: Allocated:         -                26M (1%)           26M (1%)           36M (1%)     
[2026-06-26T17:37:19.961-0300][146.673s][8748][8884 ][info][gc,heap     ] GC(46) y: Reclaimed:         -                  -               422M (14%)        1073M (35%)    
[2026-06-26T17:37:19.961-0300][146.673s][8748][8884 ][info][gc,heap     ] GC(46) y:  Promoted:         -                  -                79M (3%)           83M (3%)     
[2026-06-26T17:37:19.961-0300][146.673s][8748][8884 ][info][gc,heap     ] GC(46) y: Compacted:         -                  -                  -                15M (1%)     
[2026-06-26T17:37:19.961-0300][146.673s][8748][8884 ][info][gc,phases   ] GC(46) y: Young Generation 2882M(94%)->1880M(61%) 0.423s
[2026-06-26T17:37:19.961-0300][146.673s][8748][8884 ][info][gc          ] GC(46) Minor Collection (High Usage) 2882M(94%)->1880M(61%) 0.423s
[2026-06-26T17:38:03.006-0300][189.717s][8748][8884 ][info][gc          ] GC(47) Minor Collection (High Usage)
[2026-06-26T17:38:03.006-0300][189.717s][8748][8884 ][info][gc,task     ] GC(47) Using 1 Workers for Young Generation
[2026-06-26T17:38:03.006-0300][189.717s][8748][8884 ][info][gc,phases   ] GC(47) y: Young Generation
[2026-06-26T17:38:03.006-0300][189.717s][8748][16824][info][gc,phases   ] GC(47) y: Pause Mark Start 0.009ms
[2026-06-26T17:38:03.221-0300][189.933s][8748][8884 ][info][gc,phases   ] GC(47) y: Concurrent Mark 215.334ms
[2026-06-26T17:38:03.222-0300][189.933s][8748][16824][info][gc,phases   ] GC(47) y: Pause Mark End 0.015ms
[2026-06-26T17:38:03.222-0300][189.933s][8748][8884 ][info][gc,phases   ] GC(47) y: Concurrent Mark Free 0.003ms
[2026-06-26T17:38:03.222-0300][189.933s][8748][8884 ][info][gc,phases   ] GC(47) y: Concurrent Reset Relocation Set 0.174ms
[2026-06-26T17:38:03.222-0300][189.933s][8748][8884 ][info][gc,reloc    ] GC(47) y: Using tenuring threshold: 3 (Computed)
[2026-06-26T17:38:03.224-0300][189.935s][8748][8884 ][info][gc,phases   ] GC(47) y: Concurrent Select Relocation Set 2.439ms
[2026-06-26T17:38:03.224-0300][189.936s][8748][16824][info][gc,phases   ] GC(47) y: Pause Relocate Start 0.009ms
[2026-06-26T17:38:03.246-0300][189.958s][8748][8884 ][info][gc,phases   ] GC(47) y: Concurrent Relocate 22.074ms
[2026-06-26T17:38:03.246-0300][189.958s][8748][8884 ][info][gc,alloc    ] GC(47) y:                         Mark Start        Mark End      Relocate Start    Relocate End   
[2026-06-26T17:38:03.246-0300][189.958s][8748][8884 ][info][gc,alloc    ] GC(47) y: Allocation Stalls:          0                0                0                0         
[2026-06-26T17:38:03.246-0300][189.958s][8748][8884 ][info][gc,load     ] GC(47) y: Load: 0.00 (0%) / 0.00 (0%) / 0.00 (0%)
[2026-06-26T17:38:03.246-0300][189.958s][8748][8884 ][info][gc,mmu      ] GC(47) y: MMU: 2ms/44.2%, 5ms/77.7%, 10ms/88.8%, 20ms/94.4%, 50ms/94.8%, 100ms/97.4%
[2026-06-26T17:38:03.246-0300][189.958s][8748][8884 ][info][gc,marking  ] GC(47) y: Mark: 1 stripe(s), 2 proactive flush(es), 1 terminate flush(es), 0 completion(s), 0 continuation(s) 
[2026-06-26T17:38:03.246-0300][189.958s][8748][8884 ][info][gc,nmethod  ] GC(47) y: NMethods: 18145 registered, 0 unregistered
[2026-06-26T17:38:03.246-0300][189.958s][8748][8884 ][info][gc,metaspace] GC(47) y: Metaspace: 78M used, 80M committed, 1152M reserved
[2026-06-26T17:38:03.246-0300][189.958s][8748][8884 ][info][gc,reloc    ] GC(47) y:                        Candidates     Selected     In-Place         Size        Empty    Relocated 
[2026-06-26T17:38:03.246-0300][189.958s][8748][8884 ][info][gc,reloc    ] GC(47) y: Small Pages:                  536          321            0        1072M         336M          13M 
[2026-06-26T17:38:03.246-0300][189.958s][8748][8884 ][info][gc,reloc    ] GC(47) y: Medium Pages:                   1            0            0          32M           0M           0M 
[2026-06-26T17:38:03.246-0300][189.958s][8748][8884 ][info][gc,reloc    ] GC(47) y: Large Pages:                    0            0            0           0M           0M           0M 
[2026-06-26T17:38:03.246-0300][189.958s][8748][8884 ][info][gc,reloc    ] GC(47) y: Forwarding Usage: 8M
[2026-06-26T17:38:03.246-0300][189.958s][8748][8884 ][info][gc,reloc    ] GC(47) y: Age Table:
[2026-06-26T17:38:03.246-0300][189.958s][8748][8884 ][info][gc,reloc    ] GC(47) y:                    Live             Garbage             Small              Medium             Large        
[2026-06-26T17:38:03.246-0300][189.958s][8748][8884 ][info][gc,reloc    ] GC(47) y: Eden              26M (1%)         1005M (33%)        500 / 318            1 / 0              0 / 0        
[2026-06-26T17:38:03.246-0300][189.958s][8748][8884 ][info][gc,reloc    ] GC(47) y: Survivor 1        14M (0%)            5M (0%)          10 / 2              0 / 0              0 / 0        
[2026-06-26T17:38:03.246-0300][189.958s][8748][8884 ][info][gc,reloc    ] GC(47) y: Survivor 2        48M (2%)            3M (0%)          26 / 1              0 / 0              0 / 0        
[2026-06-26T17:38:03.246-0300][189.958s][8748][8884 ][info][gc,heap     ] GC(47) y: Min Capacity: 8M(0%)
[2026-06-26T17:38:03.246-0300][189.958s][8748][8884 ][info][gc,heap     ] GC(47) y: Max Capacity: 3072M(100%)
[2026-06-26T17:38:03.246-0300][189.958s][8748][8884 ][info][gc,heap     ] GC(47) y: Soft Max Capacity: 3072M(100%)
[2026-06-26T17:38:03.246-0300][189.958s][8748][8884 ][info][gc,heap     ] GC(47) y: Heap Statistics:
[2026-06-26T17:38:03.246-0300][189.958s][8748][8884 ][info][gc,heap     ] GC(47) y:                Mark Start          Mark End        Relocate Start      Relocate End           High               Low         
[2026-06-26T17:38:03.246-0300][189.958s][8748][8884 ][info][gc,heap     ] GC(47) y:  Capacity:     3072M (100%)       3072M (100%)       3072M (100%)       3072M (100%)       3072M (100%)       3072M (100%)   
[2026-06-26T17:38:03.246-0300][189.958s][8748][8884 ][info][gc,heap     ] GC(47) y:      Free:      190M (6%)          168M (5%)          504M (16%)        1140M (37%)        1140M (37%)         168M (5%)     
[2026-06-26T17:38:03.246-0300][189.958s][8748][8884 ][info][gc,heap     ] GC(47) y:      Used:     2882M (94%)        2904M (95%)        2568M (84%)        1932M (63%)        2904M (95%)        1932M (63%)    
[2026-06-26T17:38:03.246-0300][189.958s][8748][8884 ][info][gc,heap     ] GC(47) y: Young Generation Statistics:
[2026-06-26T17:38:03.246-0300][189.958s][8748][8884 ][info][gc,heap     ] GC(47) y:                Mark Start          Mark End        Relocate Start      Relocate End    
[2026-06-26T17:38:03.246-0300][189.958s][8748][8884 ][info][gc,heap     ] GC(47) y:      Used:     1104M (36%)        1126M (37%)         790M (26%)         154M (5%)     
[2026-06-26T17:38:03.246-0300][189.958s][8748][8884 ][info][gc,heap     ] GC(47) y:      Live:         -                88M (3%)           88M (3%)           88M (3%)     
[2026-06-26T17:38:03.246-0300][189.958s][8748][8884 ][info][gc,heap     ] GC(47) y:   Garbage:         -              1015M (33%)         679M (22%)          34M (1%)     
[2026-06-26T17:38:03.246-0300][189.958s][8748][8884 ][info][gc,heap     ] GC(47) y: Allocated:         -                22M (1%)           22M (1%)           31M (1%)     
[2026-06-26T17:38:03.246-0300][189.958s][8748][8884 ][info][gc,heap     ] GC(47) y: Reclaimed:         -                  -               336M (11%)         981M (32%)    
[2026-06-26T17:38:03.246-0300][189.958s][8748][8884 ][info][gc,heap     ] GC(47) y:  Promoted:         -                  -                 0M (0%)            0M (0%)     
[2026-06-26T17:38:03.246-0300][189.958s][8748][8884 ][info][gc,heap     ] GC(47) y: Compacted:         -                  -                  -                20M (1%)     
[2026-06-26T17:38:03.246-0300][189.958s][8748][8884 ][info][gc,phases   ] GC(47) y: Young Generation 2882M(94%)->1932M(63%) 0.241s
[2026-06-26T17:38:03.247-0300][189.958s][8748][8884 ][info][gc          ] GC(47) Minor Collection (High Usage) 2882M(94%)->1932M(63%) 0.241s
[2026-06-26T17:38:22.417-0300][209.129s][8748][7584 ][info][gc          ] GC(48) Major Collection (CodeCache GC Threshold)
[2026-06-26T17:38:22.417-0300][209.129s][8748][7584 ][info][gc,task     ] GC(48) Using 1 Workers for Young Generation
[2026-06-26T17:38:22.417-0300][209.129s][8748][7584 ][info][gc,task     ] GC(48) Using 1 Workers for Old Generation
[2026-06-26T17:38:22.417-0300][209.129s][8748][7584 ][info][gc,phases   ] GC(48) Y: Young Generation
[2026-06-26T17:38:22.418-0300][209.129s][8748][16824][info][gc,phases   ] GC(48) Y: Pause Mark Start (Major) 0.012ms
[2026-06-26T17:38:22.755-0300][209.466s][8748][7584 ][info][gc,phases   ] GC(48) Y: Concurrent Mark 336.849ms
[2026-06-26T17:38:22.755-0300][209.466s][8748][16824][info][gc,phases   ] GC(48) Y: Pause Mark End 0.013ms
[2026-06-26T17:38:22.755-0300][209.466s][8748][7584 ][info][gc,phases   ] GC(48) Y: Concurrent Mark Free 0.003ms
[2026-06-26T17:38:22.755-0300][209.466s][8748][7584 ][info][gc,phases   ] GC(48) Y: Concurrent Reset Relocation Set 0.016ms
[2026-06-26T17:38:22.755-0300][209.466s][8748][7584 ][info][gc,reloc    ] GC(48) Y: Using tenuring threshold: 3 (Computed)
[2026-06-26T17:38:22.786-0300][209.497s][8748][7584 ][info][gc,phases   ] GC(48) Y: Concurrent Select Relocation Set 31.083ms
[2026-06-26T17:38:22.786-0300][209.497s][8748][16824][info][gc,phases   ] GC(48) Y: Pause Relocate Start 0.008ms
[2026-06-26T17:38:22.893-0300][209.604s][8748][7584 ][info][gc,phases   ] GC(48) Y: Concurrent Relocate 106.875ms
[2026-06-26T17:38:22.893-0300][209.604s][8748][7584 ][info][gc,alloc    ] GC(48) Y:                         Mark Start        Mark End      Relocate Start    Relocate End   
[2026-06-26T17:38:22.893-0300][209.604s][8748][7584 ][info][gc,alloc    ] GC(48) Y: Allocation Stalls:          0                0                0                0         
[2026-06-26T17:38:22.893-0300][209.604s][8748][7584 ][info][gc,load     ] GC(48) Y: Load: 0.00 (0%) / 0.00 (0%) / 0.00 (0%)
[2026-06-26T17:38:22.893-0300][209.604s][8748][7584 ][info][gc,mmu      ] GC(48) Y: MMU: 2ms/44.2%, 5ms/77.7%, 10ms/88.8%, 20ms/94.4%, 50ms/94.8%, 100ms/97.4%
[2026-06-26T17:38:22.893-0300][209.604s][8748][7584 ][info][gc,marking  ] GC(48) Y: Mark: 1 stripe(s), 2 proactive flush(es), 1 terminate flush(es), 0 completion(s), 0 continuation(s) 
[2026-06-26T17:38:22.893-0300][209.604s][8748][7584 ][info][gc,nmethod  ] GC(48) Y: NMethods: 19532 registered, 0 unregistered
[2026-06-26T17:38:22.893-0300][209.604s][8748][7584 ][info][gc,metaspace] GC(48) Y: Metaspace: 78M used, 80M committed, 1152M reserved
[2026-06-26T17:38:22.893-0300][209.604s][8748][7584 ][info][gc,reloc    ] GC(48) Y:                        Candidates     Selected     In-Place         Size        Empty    Relocated 
[2026-06-26T17:38:22.893-0300][209.604s][8748][7584 ][info][gc,reloc    ] GC(48) Y: Small Pages:                  304          196            0         608M          64M          35M 
[2026-06-26T17:38:22.893-0300][209.604s][8748][7584 ][info][gc,reloc    ] GC(48) Y: Medium Pages:                   1            0            0          32M           0M           0M 
[2026-06-26T17:38:22.893-0300][209.604s][8748][7584 ][info][gc,reloc    ] GC(48) Y: Large Pages:                    0            0            0           0M           0M           0M 
[2026-06-26T17:38:22.893-0300][209.604s][8748][7584 ][info][gc,reloc    ] GC(48) Y: Forwarding Usage: 28M
[2026-06-26T17:38:22.893-0300][209.604s][8748][7584 ][info][gc,reloc    ] GC(48) Y: Age Table:
[2026-06-26T17:38:22.893-0300][209.604s][8748][7584 ][info][gc,reloc    ] GC(48) Y:                    Live             Garbage             Small              Medium             Large        
[2026-06-26T17:38:22.893-0300][209.604s][8748][7584 ][info][gc,reloc    ] GC(48) Y: Eden              56M (2%)          451M (15%)        254 / 189            0 / 0              0 / 0        
[2026-06-26T17:38:22.893-0300][209.604s][8748][7584 ][info][gc,reloc    ] GC(48) Y: Survivor 1        21M (1%)           38M (1%)          14 / 4              1 / 0              0 / 0        
[2026-06-26T17:38:22.893-0300][209.604s][8748][7584 ][info][gc,reloc    ] GC(48) Y: Survivor 2        12M (0%)            7M (0%)          10 / 2              0 / 0              0 / 0        
[2026-06-26T17:38:22.893-0300][209.604s][8748][7584 ][info][gc,reloc    ] GC(48) Y: Survivor 3        48M (2%)            3M (0%)          26 / 1              0 / 0              0 / 0        
[2026-06-26T17:38:22.893-0300][209.604s][8748][7584 ][info][gc,heap     ] GC(48) Y: Min Capacity: 8M(0%)
[2026-06-26T17:38:22.893-0300][209.604s][8748][7584 ][info][gc,heap     ] GC(48) Y: Max Capacity: 3072M(100%)
[2026-06-26T17:38:22.893-0300][209.604s][8748][7584 ][info][gc,heap     ] GC(48) Y: Soft Max Capacity: 3072M(100%)
[2026-06-26T17:38:22.893-0300][209.604s][8748][7584 ][info][gc,heap     ] GC(48) Y: Heap Statistics:
[2026-06-26T17:38:22.893-0300][209.604s][8748][7584 ][info][gc,heap     ] GC(48) Y:                Mark Start          Mark End        Relocate Start      Relocate End           High               Low         
[2026-06-26T17:38:22.893-0300][209.604s][8748][7584 ][info][gc,heap     ] GC(48) Y:  Capacity:     3072M (100%)       3072M (100%)       3072M (100%)       3072M (100%)       3072M (100%)       3072M (100%)   
[2026-06-26T17:38:22.893-0300][209.604s][8748][7584 ][info][gc,heap     ] GC(48) Y:      Free:      654M (21%)         602M (20%)         666M (22%)        1046M (34%)        1046M (34%)         602M (20%)    
[2026-06-26T17:38:22.893-0300][209.604s][8748][7584 ][info][gc,heap     ] GC(48) Y:      Used:     2418M (79%)        2470M (80%)        2406M (78%)        2026M (66%)        2470M (80%)        2026M (66%)    
[2026-06-26T17:38:22.893-0300][209.604s][8748][7584 ][info][gc,heap     ] GC(48) Y: Young Generation Statistics:
[2026-06-26T17:38:22.893-0300][209.604s][8748][7584 ][info][gc,heap     ] GC(48) Y:                Mark Start          Mark End        Relocate Start      Relocate End    
[2026-06-26T17:38:22.893-0300][209.604s][8748][7584 ][info][gc,heap     ] GC(48) Y:      Used:      640M (21%)         692M (23%)         578M (19%)         196M (6%)     
[2026-06-26T17:38:22.893-0300][209.604s][8748][7584 ][info][gc,heap     ] GC(48) Y:      Live:         -               139M (5%)           91M (3%)           90M (3%)     
[2026-06-26T17:38:22.893-0300][209.604s][8748][7584 ][info][gc,heap     ] GC(48) Y:   Garbage:         -               500M (16%)         434M (14%)          34M (1%)     
[2026-06-26T17:38:22.893-0300][209.604s][8748][7584 ][info][gc,heap     ] GC(48) Y: Allocated:         -                52M (2%)           52M (2%)           70M (2%)     
[2026-06-26T17:38:22.893-0300][209.604s][8748][7584 ][info][gc,heap     ] GC(48) Y: Reclaimed:         -                  -                65M (2%)          466M (15%)    
[2026-06-26T17:38:22.893-0300][209.604s][8748][7584 ][info][gc,heap     ] GC(48) Y:  Promoted:         -                  -                48M (2%)           48M (2%)     
[2026-06-26T17:38:22.893-0300][209.604s][8748][7584 ][info][gc,heap     ] GC(48) Y: Compacted:         -                  -                  -                59M (2%)     
[2026-06-26T17:38:22.893-0300][209.605s][8748][7584 ][info][gc,phases   ] GC(48) Y: Young Generation 2418M(79%)->2026M(66%) 0.475s
[2026-06-26T17:38:22.893-0300][209.605s][8748][7584 ][info][gc,phases   ] GC(48) O: Old Generation
[2026-06-26T17:38:25.812-0300][212.523s][8748][7584 ][info][gc,phases   ] GC(48) O: Concurrent Mark 2918.009ms
[2026-06-26T17:38:25.812-0300][212.523s][8748][16824][info][gc,phases   ] GC(48) O: Pause Mark End 0.018ms
[2026-06-26T17:38:25.812-0300][212.523s][8748][7584 ][info][gc,phases   ] GC(48) O: Concurrent Mark Free 0.002ms
[2026-06-26T17:38:25.874-0300][212.585s][8748][7584 ][info][gc,phases   ] GC(48) O: Concurrent Process Non-Strong 62.605ms
[2026-06-26T17:38:25.874-0300][212.585s][8748][7584 ][info][gc,phases   ] GC(48) O: Concurrent Reset Relocation Set 0.005ms
[2026-06-26T17:38:25.888-0300][212.599s][8748][7584 ][info][gc,phases   ] GC(48) O: Concurrent Select Relocation Set 13.918ms
[2026-06-26T17:38:25.888-0300][212.599s][8748][7584 ][info][gc,task     ] GC(48) O: Using 2 Workers for Old Generation
[2026-06-26T17:38:25.909-0300][212.620s][8748][7584 ][info][gc,task     ] GC(48) O: Using 1 Workers for Old Generation
[2026-06-26T17:38:25.909-0300][212.620s][8748][7584 ][info][gc,phases   ] GC(48) O: Concurrent Remap Roots 21.003ms
[2026-06-26T17:38:25.909-0300][212.620s][8748][16824][info][gc,phases   ] GC(48) O: Pause Relocate Start 0.010ms
[2026-06-26T17:38:26.123-0300][212.835s][8748][7584 ][info][gc,phases   ] GC(48) O: Concurrent Relocate 214.171ms
[2026-06-26T17:38:26.123-0300][212.835s][8748][7584 ][info][gc,alloc    ] GC(48) O:                         Mark Start        Mark End      Relocate Start    Relocate End   
[2026-06-26T17:38:26.123-0300][212.835s][8748][7584 ][info][gc,alloc    ] GC(48) O: Allocation Stalls:          0                0                0                0         
[2026-06-26T17:38:26.123-0300][212.835s][8748][7584 ][info][gc,load     ] GC(48) O: Load: 0.00 (0%) / 0.00 (0%) / 0.00 (0%)
[2026-06-26T17:38:26.123-0300][212.835s][8748][7584 ][info][gc,mmu      ] GC(48) O: MMU: 2ms/44.2%, 5ms/77.7%, 10ms/88.8%, 20ms/94.4%, 50ms/94.8%, 100ms/97.4%
[2026-06-26T17:38:26.123-0300][212.835s][8748][7584 ][info][gc,marking  ] GC(48) O: Mark: 1 stripe(s), 2 proactive flush(es), 1 terminate flush(es), 0 completion(s), 0 continuation(s) 
[2026-06-26T17:38:26.123-0300][212.835s][8748][7584 ][info][gc,nmethod  ] GC(48) O: NMethods: 14777 registered, 5118 unregistered
[2026-06-26T17:38:26.123-0300][212.835s][8748][7584 ][info][gc,metaspace] GC(48) O: Metaspace: 78M used, 80M committed, 1152M reserved
[2026-06-26T17:38:26.123-0300][212.835s][8748][7584 ][info][gc,ref      ] GC(48) O:                       Encountered   Discovered     Enqueued 
[2026-06-26T17:38:26.123-0300][212.835s][8748][7584 ][info][gc,ref      ] GC(48) O: Soft References:             5944            0            0 
[2026-06-26T17:38:26.123-0300][212.835s][8748][7584 ][info][gc,ref      ] GC(48) O: Weak References:             6424         4690          313 
[2026-06-26T17:38:26.123-0300][212.835s][8748][7584 ][info][gc,ref      ] GC(48) O: Final References:              17            1            1 
[2026-06-26T17:38:26.123-0300][212.835s][8748][7584 ][info][gc,ref      ] GC(48) O: Phantom References:         63942        48854        41536 
[2026-06-26T17:38:26.123-0300][212.835s][8748][7584 ][info][gc,reloc    ] GC(48) O:                        Candidates     Selected     In-Place         Size        Empty    Relocated 
[2026-06-26T17:38:26.123-0300][212.835s][8748][7584 ][info][gc,reloc    ] GC(48) O: Small Pages:                  811           19            0        1622M           0M          21M 
[2026-06-26T17:38:26.123-0300][212.835s][8748][7584 ][info][gc,reloc    ] GC(48) O: Medium Pages:                   3            1            0          96M           0M          16M 
[2026-06-26T17:38:26.123-0300][212.835s][8748][7584 ][info][gc,reloc    ] GC(48) O: Large Pages:                    5            0            0          60M           0M           0M 
[2026-06-26T17:38:26.123-0300][212.835s][8748][7584 ][info][gc,reloc    ] GC(48) O: Forwarding Usage: 56M
[2026-06-26T17:38:26.123-0300][212.835s][8748][7584 ][info][gc,heap     ] GC(48) O: Min Capacity: 8M(0%)
[2026-06-26T17:38:26.123-0300][212.835s][8748][7584 ][info][gc,heap     ] GC(48) O: Max Capacity: 3072M(100%)
[2026-06-26T17:38:26.123-0300][212.835s][8748][7584 ][info][gc,heap     ] GC(48) O: Soft Max Capacity: 3072M(100%)
[2026-06-26T17:38:26.123-0300][212.835s][8748][7584 ][info][gc,heap     ] GC(48) O: Heap Statistics:
[2026-06-26T17:38:26.123-0300][212.835s][8748][7584 ][info][gc,heap     ] GC(48) O:                Mark Start          Mark End        Relocate Start      Relocate End           High               Low         
[2026-06-26T17:38:26.124-0300][212.835s][8748][7584 ][info][gc,heap     ] GC(48) O:  Capacity:     3072M (100%)       3072M (100%)       3072M (100%)       3072M (100%)       3072M (100%)       3072M (100%)   
[2026-06-26T17:38:26.124-0300][212.835s][8748][7584 ][info][gc,heap     ] GC(48) O:      Free:      654M (21%)         868M (28%)         866M (28%)         924M (30%)        1046M (34%)         602M (20%)    
[2026-06-26T17:38:26.124-0300][212.835s][8748][7584 ][info][gc,heap     ] GC(48) O:      Used:     2418M (79%)        2204M (72%)        2206M (72%)        2148M (70%)        2470M (80%)        2026M (66%)    
[2026-06-26T17:38:26.124-0300][212.835s][8748][7584 ][info][gc,heap     ] GC(48) O: Old Generation Statistics:
[2026-06-26T17:38:26.124-0300][212.835s][8748][7584 ][info][gc,heap     ] GC(48) O:                Mark Start          Mark End        Relocate Start      Relocate End    
[2026-06-26T17:38:26.124-0300][212.835s][8748][7584 ][info][gc,heap     ] GC(48) O:      Used:     1778M (58%)        1830M (60%)        1830M (60%)        1756M (57%)    
[2026-06-26T17:38:26.124-0300][212.835s][8748][7584 ][info][gc,heap     ] GC(48) O:      Live:         -              1604M (52%)        1604M (52%)        1604M (52%)    
[2026-06-26T17:38:26.124-0300][212.835s][8748][7584 ][info][gc,heap     ] GC(48) O:   Garbage:         -               173M (6%)          173M (6%)           73M (2%)     
[2026-06-26T17:38:26.124-0300][212.835s][8748][7584 ][info][gc,heap     ] GC(48) O: Allocated:         -                52M (2%)           52M (2%)           78M (3%)     
[2026-06-26T17:38:26.124-0300][212.835s][8748][7584 ][info][gc,heap     ] GC(48) O: Reclaimed:         -                  -                 0M (0%)          100M (3%)     
[2026-06-26T17:38:26.124-0300][212.835s][8748][7584 ][info][gc,heap     ] GC(48) O: Compacted:         -                  -                  -               173M (6%)     
[2026-06-26T17:38:26.124-0300][212.835s][8748][7584 ][info][gc,phases   ] GC(48) O: Old Generation 2026M(66%)->2148M(70%) 3.230s
[2026-06-26T17:38:26.124-0300][212.835s][8748][7584 ][info][gc          ] GC(48) Major Collection (CodeCache GC Threshold) 2418M(79%)->2148M(70%) 3.707s
[2026-06-26T17:38:44.438-0300][231.149s][8748][8884 ][info][gc          ] GC(49) Minor Collection (High Usage)
[2026-06-26T17:38:44.438-0300][231.149s][8748][8884 ][info][gc,task     ] GC(49) Using 1 Workers for Young Generation
[2026-06-26T17:38:44.438-0300][231.149s][8748][8884 ][info][gc,phases   ] GC(49) y: Young Generation
[2026-06-26T17:38:44.438-0300][231.149s][8748][16824][info][gc,phases   ] GC(49) y: Pause Mark Start 0.009ms
[2026-06-26T17:38:44.790-0300][231.502s][8748][8884 ][info][gc,phases   ] GC(49) y: Concurrent Mark 352.549ms
[2026-06-26T17:38:44.790-0300][231.502s][8748][16824][info][gc,phases   ] GC(49) y: Pause Mark End 0.015ms
[2026-06-26T17:38:44.790-0300][231.502s][8748][8884 ][info][gc,phases   ] GC(49) y: Concurrent Mark Free 0.002ms
[2026-06-26T17:38:44.790-0300][231.502s][8748][8884 ][info][gc,phases   ] GC(49) y: Concurrent Reset Relocation Set 0.101ms
[2026-06-26T17:38:44.790-0300][231.502s][8748][8884 ][info][gc,reloc    ] GC(49) y: Using tenuring threshold: 4 (Computed)
[2026-06-26T17:38:44.801-0300][231.513s][8748][8884 ][info][gc,phases   ] GC(49) y: Concurrent Select Relocation Set 10.558ms
[2026-06-26T17:38:44.802-0300][231.513s][8748][16824][info][gc,phases   ] GC(49) y: Pause Relocate Start 0.013ms
[2026-06-26T17:38:44.905-0300][231.617s][8748][8884 ][info][gc,phases   ] GC(49) y: Concurrent Relocate 104.273ms
[2026-06-26T17:38:44.906-0300][231.617s][8748][8884 ][info][gc,alloc    ] GC(49) y:                         Mark Start        Mark End      Relocate Start    Relocate End   
[2026-06-26T17:38:44.906-0300][231.617s][8748][8884 ][info][gc,alloc    ] GC(49) y: Allocation Stalls:          0                0                0                0         
[2026-06-26T17:38:44.906-0300][231.617s][8748][8884 ][info][gc,load     ] GC(49) y: Load: 0.00 (0%) / 0.00 (0%) / 0.00 (0%)
[2026-06-26T17:38:44.906-0300][231.617s][8748][8884 ][info][gc,mmu      ] GC(49) y: MMU: 2ms/44.2%, 5ms/77.7%, 10ms/88.8%, 20ms/94.4%, 50ms/94.8%, 100ms/97.4%
[2026-06-26T17:38:44.906-0300][231.617s][8748][8884 ][info][gc,marking  ] GC(49) y: Mark: 1 stripe(s), 2 proactive flush(es), 1 terminate flush(es), 0 completion(s), 0 continuation(s) 
[2026-06-26T17:38:44.906-0300][231.617s][8748][8884 ][info][gc,nmethod  ] GC(49) y: NMethods: 15909 registered, 5118 unregistered
[2026-06-26T17:38:44.906-0300][231.617s][8748][8884 ][info][gc,metaspace] GC(49) y: Metaspace: 79M used, 81M committed, 1152M reserved
[2026-06-26T17:38:44.906-0300][231.617s][8748][8884 ][info][gc,reloc    ] GC(49) y:                        Candidates     Selected     In-Place         Size        Empty    Relocated 
[2026-06-26T17:38:44.906-0300][231.617s][8748][8884 ][info][gc,reloc    ] GC(49) y: Small Pages:                  547          463            0        1094M           2M          65M 
[2026-06-26T17:38:44.906-0300][231.617s][8748][8884 ][info][gc,reloc    ] GC(49) y: Medium Pages:                   1            0            0          32M           0M           0M 
[2026-06-26T17:38:44.906-0300][231.617s][8748][8884 ][info][gc,reloc    ] GC(49) y: Large Pages:                    0            0            0           0M           0M           0M 
[2026-06-26T17:38:44.906-0300][231.617s][8748][8884 ][info][gc,reloc    ] GC(49) y: Forwarding Usage: 37M
[2026-06-26T17:38:44.906-0300][231.617s][8748][8884 ][info][gc,reloc    ] GC(49) y: Age Table:
[2026-06-26T17:38:44.906-0300][231.617s][8748][8884 ][info][gc,reloc    ] GC(49) y:                    Live             Garbage             Small              Medium             Large        
[2026-06-26T17:38:44.906-0300][231.617s][8748][8884 ][info][gc,reloc    ] GC(49) y: Eden              76M (2%)          909M (30%)        493 / 447            0 / 0              0 / 0        
[2026-06-26T17:38:44.906-0300][231.617s][8748][8884 ][info][gc,reloc    ] GC(49) y: Survivor 1        36M (1%)           29M (1%)          33 / 12             0 / 0              0 / 0        
[2026-06-26T17:38:44.906-0300][231.617s][8748][8884 ][info][gc,reloc    ] GC(49) y: Survivor 2        21M (1%)           34M (1%)          12 / 2              1 / 0              0 / 0        
[2026-06-26T17:38:44.906-0300][231.617s][8748][8884 ][info][gc,reloc    ] GC(49) y: Survivor 3        12M (0%)            5M (0%)           9 / 2              0 / 0              0 / 0        
[2026-06-26T17:38:44.906-0300][231.617s][8748][8884 ][info][gc,heap     ] GC(49) y: Min Capacity: 8M(0%)
[2026-06-26T17:38:44.906-0300][231.617s][8748][8884 ][info][gc,heap     ] GC(49) y: Max Capacity: 3072M(100%)
[2026-06-26T17:38:44.906-0300][231.617s][8748][8884 ][info][gc,heap     ] GC(49) y: Soft Max Capacity: 3072M(100%)
[2026-06-26T17:38:44.906-0300][231.617s][8748][8884 ][info][gc,heap     ] GC(49) y: Heap Statistics:
[2026-06-26T17:38:44.906-0300][231.617s][8748][8884 ][info][gc,heap     ] GC(49) y:                Mark Start          Mark End        Relocate Start      Relocate End           High               Low         
[2026-06-26T17:38:44.906-0300][231.617s][8748][8884 ][info][gc,heap     ] GC(49) y:  Capacity:     3072M (100%)       3072M (100%)       3072M (100%)       3072M (100%)       3072M (100%)       3072M (100%)   
[2026-06-26T17:38:44.906-0300][231.617s][8748][8884 ][info][gc,heap     ] GC(49) y:      Free:      190M (6%)          166M (5%)          168M (5%)         1064M (35%)        1064M (35%)         162M (5%)     
[2026-06-26T17:38:44.906-0300][231.617s][8748][8884 ][info][gc,heap     ] GC(49) y:      Used:     2882M (94%)        2906M (95%)        2904M (95%)        2008M (65%)        2910M (95%)        2008M (65%)    
[2026-06-26T17:38:44.906-0300][231.617s][8748][8884 ][info][gc,heap     ] GC(49) y: Young Generation Statistics:
[2026-06-26T17:38:44.906-0300][231.618s][8748][8884 ][info][gc,heap     ] GC(49) y:                Mark Start          Mark End        Relocate Start      Relocate End    
[2026-06-26T17:38:44.906-0300][231.618s][8748][8884 ][info][gc,heap     ] GC(49) y:      Used:     1126M (37%)        1150M (37%)        1148M (37%)         252M (8%)     
[2026-06-26T17:38:44.906-0300][231.618s][8748][8884 ][info][gc,heap     ] GC(49) y:      Live:         -               146M (5%)          146M (5%)          146M (5%)     
[2026-06-26T17:38:44.906-0300][231.618s][8748][8884 ][info][gc,heap     ] GC(49) y:   Garbage:         -               979M (32%)         977M (32%)          37M (1%)     
[2026-06-26T17:38:44.906-0300][231.618s][8748][8884 ][info][gc,heap     ] GC(49) y: Allocated:         -                24M (1%)           24M (1%)           67M (2%)     
[2026-06-26T17:38:44.906-0300][231.618s][8748][8884 ][info][gc,heap     ] GC(49) y: Reclaimed:         -                  -                 2M (0%)          941M (31%)    
[2026-06-26T17:38:44.906-0300][231.618s][8748][8884 ][info][gc,heap     ] GC(49) y:  Promoted:         -                  -                 0M (0%)            0M (0%)     
[2026-06-26T17:38:44.906-0300][231.618s][8748][8884 ][info][gc,heap     ] GC(49) y: Compacted:         -                  -                  -                90M (3%)     
[2026-06-26T17:38:44.906-0300][231.618s][8748][8884 ][info][gc,phases   ] GC(49) y: Young Generation 2882M(94%)->2008M(65%) 0.468s
[2026-06-26T17:38:44.906-0300][231.618s][8748][8884 ][info][gc          ] GC(49) Minor Collection (High Usage) 2882M(94%)->2008M(65%) 0.469s
[2026-06-26T17:39:18.535-0300][265.246s][8748][8884 ][info][gc          ] GC(50) Minor Collection (High Usage)
[2026-06-26T17:39:18.535-0300][265.246s][8748][8884 ][info][gc,task     ] GC(50) Using 1 Workers for Young Generation
[2026-06-26T17:39:18.535-0300][265.246s][8748][8884 ][info][gc,phases   ] GC(50) y: Young Generation
[2026-06-26T17:39:18.535-0300][265.246s][8748][16824][info][gc,phases   ] GC(50) y: Pause Mark Start 0.014ms
[2026-06-26T17:39:18.942-0300][265.653s][8748][8884 ][info][gc,phases   ] GC(50) y: Concurrent Mark 406.228ms
[2026-06-26T17:39:18.942-0300][265.653s][8748][16824][info][gc,phases   ] GC(50) y: Pause Mark End 0.012ms
[2026-06-26T17:39:18.942-0300][265.653s][8748][8884 ][info][gc,phases   ] GC(50) y: Concurrent Mark Free 0.002ms
[2026-06-26T17:39:18.942-0300][265.653s][8748][8884 ][info][gc,phases   ] GC(50) y: Concurrent Reset Relocation Set 0.026ms
[2026-06-26T17:39:18.942-0300][265.653s][8748][8884 ][info][gc,reloc    ] GC(50) y: Using tenuring threshold: 5 (Computed)
[2026-06-26T17:39:18.945-0300][265.656s][8748][8884 ][info][gc,phases   ] GC(50) y: Concurrent Select Relocation Set 2.748ms
[2026-06-26T17:39:18.945-0300][265.656s][8748][16824][info][gc,phases   ] GC(50) y: Pause Relocate Start 0.012ms
[2026-06-26T17:39:18.995-0300][265.706s][8748][8884 ][info][gc,phases   ] GC(50) y: Concurrent Relocate 49.799ms
[2026-06-26T17:39:18.995-0300][265.706s][8748][8884 ][info][gc,alloc    ] GC(50) y:                         Mark Start        Mark End      Relocate Start    Relocate End   
[2026-06-26T17:39:18.995-0300][265.706s][8748][8884 ][info][gc,alloc    ] GC(50) y: Allocation Stalls:          0                0                0                0         
[2026-06-26T17:39:18.995-0300][265.706s][8748][8884 ][info][gc,load     ] GC(50) y: Load: 0.00 (0%) / 0.00 (0%) / 0.00 (0%)
[2026-06-26T17:39:18.995-0300][265.706s][8748][8884 ][info][gc,mmu      ] GC(50) y: MMU: 2ms/44.2%, 5ms/77.7%, 10ms/88.8%, 20ms/94.4%, 50ms/94.8%, 100ms/97.4%
[2026-06-26T17:39:18.995-0300][265.706s][8748][8884 ][info][gc,marking  ] GC(50) y: Mark: 1 stripe(s), 2 proactive flush(es), 1 terminate flush(es), 0 completion(s), 0 continuation(s) 
[2026-06-26T17:39:18.995-0300][265.706s][8748][8884 ][info][gc,nmethod  ] GC(50) y: NMethods: 16982 registered, 5118 unregistered
[2026-06-26T17:39:18.995-0300][265.706s][8748][8884 ][info][gc,metaspace] GC(50) y: Metaspace: 79M used, 81M committed, 1152M reserved
[2026-06-26T17:39:18.995-0300][265.706s][8748][8884 ][info][gc,reloc    ] GC(50) y:                        Candidates     Selected     In-Place         Size        Empty    Relocated 
[2026-06-26T17:39:18.995-0300][265.706s][8748][8884 ][info][gc,reloc    ] GC(50) y: Small Pages:                  547          412            0        1094M          68M          30M 
[2026-06-26T17:39:18.995-0300][265.706s][8748][8884 ][info][gc,reloc    ] GC(50) y: Medium Pages:                   1            0            0          32M           0M           0M 
[2026-06-26T17:39:18.995-0300][265.706s][8748][8884 ][info][gc,reloc    ] GC(50) y: Large Pages:                    0            0            0           0M           0M           0M 
[2026-06-26T17:39:18.995-0300][265.706s][8748][8884 ][info][gc,reloc    ] GC(50) y: Forwarding Usage: 18M
[2026-06-26T17:39:18.995-0300][265.706s][8748][8884 ][info][gc,reloc    ] GC(50) y: Age Table:
[2026-06-26T17:39:18.995-0300][265.706s][8748][8884 ][info][gc,reloc    ] GC(50) y:                    Live             Garbage             Small              Medium             Large        
[2026-06-26T17:39:18.995-0300][265.706s][8748][8884 ][info][gc,reloc    ] GC(50) y: Eden              47M (2%)          850M (28%)        449 / 388            0 / 0              0 / 0        
[2026-06-26T17:39:18.995-0300][265.706s][8748][8884 ][info][gc,reloc    ] GC(50) y: Survivor 1        58M (2%)           33M (1%)          46 / 9              0 / 0              0 / 0        
[2026-06-26T17:39:18.995-0300][265.706s][8748][8884 ][info][gc,reloc    ] GC(50) y: Survivor 2        35M (1%)           20M (1%)          28 / 8              0 / 0              0 / 0        
[2026-06-26T17:39:18.995-0300][265.706s][8748][8884 ][info][gc,reloc    ] GC(50) y: Survivor 3        21M (1%)           38M (1%)          14 / 4              1 / 0              0 / 0        
[2026-06-26T17:39:18.995-0300][265.706s][8748][8884 ][info][gc,reloc    ] GC(50) y: Survivor 4        12M (0%)            7M (0%)          10 / 3              0 / 0              0 / 0        
[2026-06-26T17:39:18.995-0300][265.706s][8748][8884 ][info][gc,heap     ] GC(50) y: Min Capacity: 8M(0%)
[2026-06-26T17:39:18.995-0300][265.706s][8748][8884 ][info][gc,heap     ] GC(50) y: Max Capacity: 3072M(100%)
[2026-06-26T17:39:18.995-0300][265.706s][8748][8884 ][info][gc,heap     ] GC(50) y: Soft Max Capacity: 3072M(100%)
[2026-06-26T17:39:18.995-0300][265.706s][8748][8884 ][info][gc,heap     ] GC(50) y: Heap Statistics:
[2026-06-26T17:39:18.995-0300][265.706s][8748][8884 ][info][gc,heap     ] GC(50) y:                Mark Start          Mark End        Relocate Start      Relocate End           High               Low         
[2026-06-26T17:39:18.995-0300][265.706s][8748][8884 ][info][gc,heap     ] GC(50) y:  Capacity:     3072M (100%)       3072M (100%)       3072M (100%)       3072M (100%)       3072M (100%)       3072M (100%)   
[2026-06-26T17:39:18.995-0300][265.706s][8748][8884 ][info][gc,heap     ] GC(50) y:      Free:      190M (6%)          158M (5%)          226M (7%)         1028M (33%)        1028M (33%)         158M (5%)     
[2026-06-26T17:39:18.995-0300][265.706s][8748][8884 ][info][gc,heap     ] GC(50) y:      Used:     2882M (94%)        2914M (95%)        2846M (93%)        2044M (67%)        2914M (95%)        2044M (67%)    
[2026-06-26T17:39:18.995-0300][265.706s][8748][8884 ][info][gc,heap     ] GC(50) y: Young Generation Statistics:
[2026-06-26T17:39:18.995-0300][265.706s][8748][8884 ][info][gc,heap     ] GC(50) y:                Mark Start          Mark End        Relocate Start      Relocate End    
[2026-06-26T17:39:18.995-0300][265.706s][8748][8884 ][info][gc,heap     ] GC(50) y:      Used:     1126M (37%)        1158M (38%)        1090M (35%)         288M (9%)     
[2026-06-26T17:39:18.995-0300][265.706s][8748][8884 ][info][gc,heap     ] GC(50) y:      Live:         -               175M (6%)          175M (6%)          175M (6%)     
[2026-06-26T17:39:18.995-0300][265.706s][8748][8884 ][info][gc,heap     ] GC(50) y:   Garbage:         -               950M (31%)         882M (29%)          50M (2%)     
[2026-06-26T17:39:18.995-0300][265.706s][8748][8884 ][info][gc,heap     ] GC(50) y: Allocated:         -                32M (1%)           32M (1%)           61M (2%)     
[2026-06-26T17:39:18.995-0300][265.706s][8748][8884 ][info][gc,heap     ] GC(50) y: Reclaimed:         -                  -                68M (2%)          899M (29%)    
[2026-06-26T17:39:18.995-0300][265.706s][8748][8884 ][info][gc,heap     ] GC(50) y:  Promoted:         -                  -                 0M (0%)            0M (0%)     
[2026-06-26T17:39:18.995-0300][265.706s][8748][8884 ][info][gc,heap     ] GC(50) y: Compacted:         -                  -                  -                52M (2%)     
[2026-06-26T17:39:18.995-0300][265.706s][8748][8884 ][info][gc,phases   ] GC(50) y: Young Generation 2882M(94%)->2044M(67%) 0.459s
[2026-06-26T17:39:18.995-0300][265.706s][8748][8884 ][info][gc          ] GC(50) Minor Collection (High Usage) 2882M(94%)->2044M(67%) 0.460s
[2026-06-26T17:39:48.208-0300][294.919s][8748][8884 ][info][gc          ] GC(51) Minor Collection (High Usage)
[2026-06-26T17:39:48.208-0300][294.919s][8748][8884 ][info][gc,task     ] GC(51) Using 1 Workers for Young Generation
[2026-06-26T17:39:48.208-0300][294.919s][8748][8884 ][info][gc,phases   ] GC(51) y: Young Generation
[2026-06-26T17:39:48.208-0300][294.919s][8748][16824][info][gc,phases   ] GC(51) y: Pause Mark Start 0.009ms
[2026-06-26T17:39:48.606-0300][295.317s][8748][8884 ][info][gc,phases   ] GC(51) y: Concurrent Mark 397.404ms
[2026-06-26T17:39:48.606-0300][295.317s][8748][16824][info][gc,phases   ] GC(51) y: Pause Mark End 0.014ms
[2026-06-26T17:39:48.606-0300][295.317s][8748][8884 ][info][gc,phases   ] GC(51) y: Concurrent Mark Free 0.002ms
[2026-06-26T17:39:48.606-0300][295.317s][8748][8884 ][info][gc,phases   ] GC(51) y: Concurrent Reset Relocation Set 0.017ms
[2026-06-26T17:39:48.606-0300][295.317s][8748][8884 ][info][gc,reloc    ] GC(51) y: Using tenuring threshold: 2 (Computed)
[2026-06-26T17:39:48.670-0300][295.381s][8748][8884 ][info][gc,phases   ] GC(51) y: Concurrent Select Relocation Set 64.192ms
[2026-06-26T17:39:48.670-0300][295.381s][8748][16824][info][gc,phases   ] GC(51) y: Pause Relocate Start 0.011ms
[2026-06-26T17:39:48.793-0300][295.504s][8748][8884 ][info][gc,phases   ] GC(51) y: Concurrent Relocate 123.050ms
[2026-06-26T17:39:48.793-0300][295.504s][8748][8884 ][info][gc,alloc    ] GC(51) y:                         Mark Start        Mark End      Relocate Start    Relocate End   
[2026-06-26T17:39:48.793-0300][295.504s][8748][8884 ][info][gc,alloc    ] GC(51) y: Allocation Stalls:          0                0                0                0         
[2026-06-26T17:39:48.793-0300][295.505s][8748][8884 ][info][gc,load     ] GC(51) y: Load: 0.00 (0%) / 0.00 (0%) / 0.00 (0%)
[2026-06-26T17:39:48.793-0300][295.505s][8748][8884 ][info][gc,mmu      ] GC(51) y: MMU: 2ms/44.2%, 5ms/77.7%, 10ms/88.8%, 20ms/94.4%, 50ms/94.8%, 100ms/97.4%
[2026-06-26T17:39:48.793-0300][295.505s][8748][8884 ][info][gc,marking  ] GC(51) y: Mark: 1 stripe(s), 2 proactive flush(es), 1 terminate flush(es), 0 completion(s), 0 continuation(s) 
[2026-06-26T17:39:48.793-0300][295.505s][8748][8884 ][info][gc,nmethod  ] GC(51) y: NMethods: 17735 registered, 5118 unregistered
[2026-06-26T17:39:48.793-0300][295.505s][8748][8884 ][info][gc,metaspace] GC(51) y: Metaspace: 80M used, 82M committed, 1152M reserved
[2026-06-26T17:39:48.793-0300][295.505s][8748][8884 ][info][gc,reloc    ] GC(51) y:                        Candidates     Selected     In-Place         Size        Empty    Relocated 
[2026-06-26T17:39:48.793-0300][295.505s][8748][8884 ][info][gc,reloc    ] GC(51) y: Small Pages:                  547          312            0        1094M         270M           7M 
[2026-06-26T17:39:48.793-0300][295.505s][8748][8884 ][info][gc,reloc    ] GC(51) y: Medium Pages:                   1            0            0          32M           0M           0M 
[2026-06-26T17:39:48.793-0300][295.505s][8748][8884 ][info][gc,reloc    ] GC(51) y: Large Pages:                    0            0            0           0M           0M           0M 
[2026-06-26T17:39:48.793-0300][295.505s][8748][8884 ][info][gc,reloc    ] GC(51) y: Forwarding Usage: 4M
[2026-06-26T17:39:48.793-0300][295.505s][8748][8884 ][info][gc,reloc    ] GC(51) y: Age Table:
[2026-06-26T17:39:48.793-0300][295.505s][8748][8884 ][info][gc,reloc    ] GC(51) y:                    Live             Garbage             Small              Medium             Large        
[2026-06-26T17:39:48.793-0300][295.505s][8748][8884 ][info][gc,reloc    ] GC(51) y: Eden               5M (0%)          864M (28%)        435 / 298            0 / 0              0 / 0        
[2026-06-26T17:39:48.793-0300][295.505s][8748][8884 ][info][gc,reloc    ] GC(51) y: Survivor 1        44M (1%)           19M (1%)          32 / 6              0 / 0              0 / 0        
[2026-06-26T17:39:48.793-0300][295.505s][8748][8884 ][info][gc,reloc    ] GC(51) y: Survivor 2        58M (2%)           17M (1%)          38 / 4              0 / 0              0 / 0        
[2026-06-26T17:39:48.793-0300][295.505s][8748][8884 ][info][gc,reloc    ] GC(51) y: Survivor 3        35M (1%)            6M (0%)          21 / 1              0 / 0              0 / 0        
[2026-06-26T17:39:48.793-0300][295.505s][8748][8884 ][info][gc,reloc    ] GC(51) y: Survivor 4        21M (1%)           34M (1%)          12 / 1              1 / 0              0 / 0        
[2026-06-26T17:39:48.793-0300][295.505s][8748][8884 ][info][gc,reloc    ] GC(51) y: Survivor 5        12M (0%)            5M (0%)           9 / 2              0 / 0              0 / 0        
[2026-06-26T17:39:48.793-0300][295.505s][8748][8884 ][info][gc,heap     ] GC(51) y: Min Capacity: 8M(0%)
[2026-06-26T17:39:48.793-0300][295.505s][8748][8884 ][info][gc,heap     ] GC(51) y: Max Capacity: 3072M(100%)
[2026-06-26T17:39:48.793-0300][295.505s][8748][8884 ][info][gc,heap     ] GC(51) y: Soft Max Capacity: 3072M(100%)
[2026-06-26T17:39:48.793-0300][295.505s][8748][8884 ][info][gc,heap     ] GC(51) y: Heap Statistics:
[2026-06-26T17:39:48.794-0300][295.505s][8748][8884 ][info][gc,heap     ] GC(51) y:                Mark Start          Mark End        Relocate Start      Relocate End           High               Low         
[2026-06-26T17:39:48.794-0300][295.505s][8748][8884 ][info][gc,heap     ] GC(51) y:  Capacity:     3072M (100%)       3072M (100%)       3072M (100%)       3072M (100%)       3072M (100%)       3072M (100%)   
[2026-06-26T17:39:48.794-0300][295.505s][8748][8884 ][info][gc,heap     ] GC(51) y:      Free:      190M (6%)          164M (5%)          434M (14%)        1046M (34%)        1050M (34%)         164M (5%)     
[2026-06-26T17:39:48.794-0300][295.505s][8748][8884 ][info][gc,heap     ] GC(51) y:      Used:     2882M (94%)        2908M (95%)        2638M (86%)        2026M (66%)        2908M (95%)        2022M (66%)    
[2026-06-26T17:39:48.794-0300][295.505s][8748][8884 ][info][gc,heap     ] GC(51) y: Young Generation Statistics:
[2026-06-26T17:39:48.794-0300][295.505s][8748][8884 ][info][gc,heap     ] GC(51) y:                Mark Start          Mark End        Relocate Start      Relocate End    
[2026-06-26T17:39:48.794-0300][295.505s][8748][8884 ][info][gc,heap     ] GC(51) y:      Used:     1126M (37%)        1152M (38%)         712M (23%)          96M (3%)     
[2026-06-26T17:39:48.794-0300][295.505s][8748][8884 ][info][gc,heap     ] GC(51) y:      Live:         -               178M (6%)           54M (2%)           50M (2%)     
[2026-06-26T17:39:48.794-0300][295.505s][8748][8884 ][info][gc,heap     ] GC(51) y:   Garbage:         -               947M (31%)         631M (21%)           5M (0%)     
[2026-06-26T17:39:48.794-0300][295.505s][8748][8884 ][info][gc,heap     ] GC(51) y: Allocated:         -                26M (1%)           26M (1%)           39M (1%)     
[2026-06-26T17:39:48.794-0300][295.505s][8748][8884 ][info][gc,heap     ] GC(51) y: Reclaimed:         -                  -               316M (10%)         942M (31%)    
[2026-06-26T17:39:48.794-0300][295.505s][8748][8884 ][info][gc,heap     ] GC(51) y:  Promoted:         -                  -               123M (4%)          127M (4%)     
[2026-06-26T17:39:48.794-0300][295.505s][8748][8884 ][info][gc,heap     ] GC(51) y: Compacted:         -                  -                  -                 8M (0%)     
[2026-06-26T17:39:48.794-0300][295.505s][8748][8884 ][info][gc,phases   ] GC(51) y: Young Generation 2882M(94%)->2026M(66%) 0.585s
[2026-06-26T17:39:48.794-0300][295.505s][8748][8884 ][info][gc          ] GC(51) Minor Collection (High Usage) 2882M(94%)->2026M(66%) 0.586s
[2026-06-26T17:40:24.669-0300][331.380s][8748][8884 ][info][gc          ] GC(52) Minor Collection (High Usage)
[2026-06-26T17:40:24.669-0300][331.380s][8748][8884 ][info][gc,task     ] GC(52) Using 1 Workers for Young Generation
[2026-06-26T17:40:24.669-0300][331.380s][8748][8884 ][info][gc,phases   ] GC(52) y: Young Generation
[2026-06-26T17:40:24.669-0300][331.380s][8748][16824][info][gc,phases   ] GC(52) y: Pause Mark Start 0.013ms
[2026-06-26T17:40:24.863-0300][331.574s][8748][8884 ][info][gc,phases   ] GC(52) y: Concurrent Mark 194.493ms
[2026-06-26T17:40:24.863-0300][331.574s][8748][16824][info][gc,phases   ] GC(52) y: Pause Mark End 0.014ms
[2026-06-26T17:40:24.863-0300][331.575s][8748][8884 ][info][gc,phases   ] GC(52) y: Concurrent Mark Free 0.003ms
[2026-06-26T17:40:24.863-0300][331.575s][8748][8884 ][info][gc,phases   ] GC(52) y: Concurrent Reset Relocation Set 0.113ms
[2026-06-26T17:40:24.863-0300][331.575s][8748][8884 ][info][gc,reloc    ] GC(52) y: Using tenuring threshold: 1 (Computed)
[2026-06-26T17:40:24.886-0300][331.598s][8748][8884 ][info][gc,phases   ] GC(52) y: Concurrent Select Relocation Set 23.116ms
[2026-06-26T17:40:24.886-0300][331.598s][8748][16824][info][gc,phases   ] GC(52) y: Pause Relocate Start 0.010ms
[2026-06-26T17:40:24.943-0300][331.654s][8748][8884 ][info][gc,phases   ] GC(52) y: Concurrent Relocate 56.365ms
[2026-06-26T17:40:24.943-0300][331.654s][8748][8884 ][info][gc,alloc    ] GC(52) y:                         Mark Start        Mark End      Relocate Start    Relocate End   
[2026-06-26T17:40:24.943-0300][331.654s][8748][8884 ][info][gc,alloc    ] GC(52) y: Allocation Stalls:          0                0                0                0         
[2026-06-26T17:40:24.943-0300][331.654s][8748][8884 ][info][gc,load     ] GC(52) y: Load: 0.00 (0%) / 0.00 (0%) / 0.00 (0%)
[2026-06-26T17:40:24.943-0300][331.654s][8748][8884 ][info][gc,mmu      ] GC(52) y: MMU: 2ms/44.2%, 5ms/77.7%, 10ms/88.8%, 20ms/94.4%, 50ms/94.8%, 100ms/97.4%
[2026-06-26T17:40:24.943-0300][331.654s][8748][8884 ][info][gc,marking  ] GC(52) y: Mark: 1 stripe(s), 2 proactive flush(es), 1 terminate flush(es), 0 completion(s), 0 continuation(s) 
[2026-06-26T17:40:24.943-0300][331.654s][8748][8884 ][info][gc,nmethod  ] GC(52) y: NMethods: 18152 registered, 0 unregistered
[2026-06-26T17:40:24.943-0300][331.654s][8748][8884 ][info][gc,metaspace] GC(52) y: Metaspace: 80M used, 82M committed, 1152M reserved
[2026-06-26T17:40:24.943-0300][331.654s][8748][8884 ][info][gc,reloc    ] GC(52) y:                        Candidates     Selected     In-Place         Size        Empty    Relocated 
[2026-06-26T17:40:24.943-0300][331.654s][8748][8884 ][info][gc,reloc    ] GC(52) y: Small Pages:                  476          328            0         952M         224M          13M 
[2026-06-26T17:40:24.943-0300][331.654s][8748][8884 ][info][gc,reloc    ] GC(52) y: Medium Pages:                   0            0            0           0M           0M           0M 
[2026-06-26T17:40:24.943-0300][331.654s][8748][8884 ][info][gc,reloc    ] GC(52) y: Large Pages:                    0            0            0           0M           0M           0M 
[2026-06-26T17:40:24.944-0300][331.654s][8748][8884 ][info][gc,reloc    ] GC(52) y: Forwarding Usage: 7M
[2026-06-26T17:40:24.944-0300][331.654s][8748][8884 ][info][gc,reloc    ] GC(52) y: Age Table:
[2026-06-26T17:40:24.944-0300][331.654s][8748][8884 ][info][gc,reloc    ] GC(52) y:                    Live             Garbage             Small              Medium             Large        
[2026-06-26T17:40:24.944-0300][331.654s][8748][8884 ][info][gc,reloc    ] GC(52) y: Eden              17M (1%)          870M (28%)        444 / 322            0 / 0              0 / 0        
[2026-06-26T17:40:24.944-0300][331.654s][8748][8884 ][info][gc,reloc    ] GC(52) y: Survivor 1         3M (0%)            6M (0%)           5 / 3              0 / 0              0 / 0        
[2026-06-26T17:40:24.944-0300][331.655s][8748][8884 ][info][gc,reloc    ] GC(52) y: Survivor 2        37M (1%)           16M (1%)          27 / 3              0 / 0              0 / 0        
[2026-06-26T17:40:24.944-0300][331.655s][8748][8884 ][info][gc,heap     ] GC(52) y: Min Capacity: 8M(0%)
[2026-06-26T17:40:24.944-0300][331.655s][8748][8884 ][info][gc,heap     ] GC(52) y: Max Capacity: 3072M(100%)
[2026-06-26T17:40:24.944-0300][331.655s][8748][8884 ][info][gc,heap     ] GC(52) y: Soft Max Capacity: 3072M(100%)
[2026-06-26T17:40:24.944-0300][331.655s][8748][8884 ][info][gc,heap     ] GC(52) y: Heap Statistics:
[2026-06-26T17:40:24.944-0300][331.655s][8748][8884 ][info][gc,heap     ] GC(52) y:                Mark Start          Mark End        Relocate Start      Relocate End           High               Low         
[2026-06-26T17:40:24.944-0300][331.655s][8748][8884 ][info][gc,heap     ] GC(52) y:  Capacity:     3072M (100%)       3072M (100%)       3072M (100%)       3072M (100%)       3072M (100%)       3072M (100%)   
[2026-06-26T17:40:24.944-0300][331.655s][8748][8884 ][info][gc,heap     ] GC(52) y:      Free:      190M (6%)          166M (5%)          390M (13%)        1032M (34%)        1032M (34%)         166M (5%)     
[2026-06-26T17:40:24.944-0300][331.655s][8748][8884 ][info][gc,heap     ] GC(52) y:      Used:     2882M (94%)        2906M (95%)        2682M (87%)        2040M (66%)        2906M (95%)        2040M (66%)    
[2026-06-26T17:40:24.944-0300][331.655s][8748][8884 ][info][gc,heap     ] GC(52) y: Young Generation Statistics:
[2026-06-26T17:40:24.944-0300][331.655s][8748][8884 ][info][gc,heap     ] GC(52) y:                Mark Start          Mark End        Relocate Start      Relocate End    
[2026-06-26T17:40:24.944-0300][331.655s][8748][8884 ][info][gc,heap     ] GC(52) y:      Used:      952M (31%)         976M (32%)         704M (23%)          56M (2%)     
[2026-06-26T17:40:24.944-0300][331.655s][8748][8884 ][info][gc,heap     ] GC(52) y:      Live:         -                57M (2%)           20M (1%)           17M (1%)     
[2026-06-26T17:40:24.944-0300][331.655s][8748][8884 ][info][gc,heap     ] GC(52) y:   Garbage:         -               894M (29%)         659M (21%)           0M (0%)     
[2026-06-26T17:40:24.944-0300][331.655s][8748][8884 ][info][gc,heap     ] GC(52) y: Allocated:         -                24M (1%)           24M (1%)           38M (1%)     
[2026-06-26T17:40:24.944-0300][331.655s][8748][8884 ][info][gc,heap     ] GC(52) y: Reclaimed:         -                  -               235M (8%)          894M (29%)    
[2026-06-26T17:40:24.944-0300][331.655s][8748][8884 ][info][gc,heap     ] GC(52) y:  Promoted:         -                  -                36M (1%)           40M (1%)     
[2026-06-26T17:40:24.944-0300][331.655s][8748][8884 ][info][gc,heap     ] GC(52) y: Compacted:         -                  -                  -                17M (1%)     
[2026-06-26T17:40:24.944-0300][331.655s][8748][8884 ][info][gc,phases   ] GC(52) y: Young Generation 2882M(94%)->2040M(66%) 0.275s
[2026-06-26T17:40:24.944-0300][331.655s][8748][8884 ][info][gc          ] GC(52) Minor Collection (High Usage) 2882M(94%)->2040M(66%) 0.275s
[2026-06-26T17:40:54.660-0300][361.371s][8748][8884 ][info][gc          ] GC(53) Minor Collection (High Usage)
[2026-06-26T17:40:54.660-0300][361.371s][8748][8884 ][info][gc,task     ] GC(53) Using 1 Workers for Young Generation
[2026-06-26T17:40:54.660-0300][361.371s][8748][8884 ][info][gc,phases   ] GC(53) y: Young Generation
[2026-06-26T17:40:54.660-0300][361.371s][8748][16824][info][gc,phases   ] GC(53) y: Pause Mark Start 0.009ms
[2026-06-26T17:40:54.765-0300][361.476s][8748][8884 ][info][gc,phases   ] GC(53) y: Concurrent Mark 105.289ms
[2026-06-26T17:40:54.765-0300][361.476s][8748][16824][info][gc,phases   ] GC(53) y: Pause Mark End 0.013ms
[2026-06-26T17:40:54.765-0300][361.476s][8748][8884 ][info][gc,phases   ] GC(53) y: Concurrent Mark Free 0.001ms
[2026-06-26T17:40:54.765-0300][361.476s][8748][8884 ][info][gc,phases   ] GC(53) y: Concurrent Reset Relocation Set 0.109ms
[2026-06-26T17:40:54.766-0300][361.476s][8748][8884 ][info][gc,reloc    ] GC(53) y: Using tenuring threshold: 1 (Computed)
[2026-06-26T17:40:54.774-0300][361.485s][8748][8884 ][info][gc,phases   ] GC(53) y: Concurrent Select Relocation Set 9.021ms
[2026-06-26T17:40:54.774-0300][361.485s][8748][16824][info][gc,phases   ] GC(53) y: Pause Relocate Start 0.010ms
[2026-06-26T17:40:54.791-0300][361.502s][8748][8884 ][info][gc,phases   ] GC(53) y: Concurrent Relocate 16.088ms
[2026-06-26T17:40:54.791-0300][361.502s][8748][8884 ][info][gc,alloc    ] GC(53) y:                         Mark Start        Mark End      Relocate Start    Relocate End   
[2026-06-26T17:40:54.791-0300][361.502s][8748][8884 ][info][gc,alloc    ] GC(53) y: Allocation Stalls:          0                0                0                0         
[2026-06-26T17:40:54.791-0300][361.502s][8748][8884 ][info][gc,load     ] GC(53) y: Load: 0.00 (0%) / 0.00 (0%) / 0.00 (0%)
[2026-06-26T17:40:54.791-0300][361.502s][8748][8884 ][info][gc,mmu      ] GC(53) y: MMU: 2ms/44.2%, 5ms/77.7%, 10ms/88.8%, 20ms/94.4%, 50ms/94.8%, 100ms/97.4%
[2026-06-26T17:40:54.791-0300][361.502s][8748][8884 ][info][gc,marking  ] GC(53) y: Mark: 1 stripe(s), 2 proactive flush(es), 1 terminate flush(es), 0 completion(s), 0 continuation(s) 
[2026-06-26T17:40:54.791-0300][361.502s][8748][8884 ][info][gc,nmethod  ] GC(53) y: NMethods: 18406 registered, 0 unregistered
[2026-06-26T17:40:54.791-0300][361.502s][8748][8884 ][info][gc,metaspace] GC(53) y: Metaspace: 80M used, 82M committed, 1152M reserved
[2026-06-26T17:40:54.791-0300][361.502s][8748][8884 ][info][gc,reloc    ] GC(53) y:                        Candidates     Selected     In-Place         Size        Empty    Relocated 
[2026-06-26T17:40:54.791-0300][361.502s][8748][8884 ][info][gc,reloc    ] GC(53) y: Small Pages:                  449          258            0         898M         362M           1M 
[2026-06-26T17:40:54.791-0300][361.502s][8748][8884 ][info][gc,reloc    ] GC(53) y: Medium Pages:                   0            0            0           0M           0M           0M 
[2026-06-26T17:40:54.791-0300][361.502s][8748][8884 ][info][gc,reloc    ] GC(53) y: Large Pages:                    0            0            0           0M           0M           0M 
[2026-06-26T17:40:54.791-0300][361.502s][8748][8884 ][info][gc,reloc    ] GC(53) y: Forwarding Usage: 0M
[2026-06-26T17:40:54.791-0300][361.502s][8748][8884 ][info][gc,reloc    ] GC(53) y: Age Table:
[2026-06-26T17:40:54.791-0300][361.502s][8748][8884 ][info][gc,reloc    ] GC(53) y:                    Live             Garbage             Small              Medium             Large        
[2026-06-26T17:40:54.791-0300][361.502s][8748][8884 ][info][gc,reloc    ] GC(53) y: Eden               0M (0%)          867M (28%)        434 / 253            0 / 0              0 / 0        
[2026-06-26T17:40:54.791-0300][361.502s][8748][8884 ][info][gc,reloc    ] GC(53) y: Survivor 1        16M (1%)           13M (0%)          15 / 5              0 / 0              0 / 0        
[2026-06-26T17:40:54.791-0300][361.502s][8748][8884 ][info][gc,heap     ] GC(53) y: Min Capacity: 8M(0%)
[2026-06-26T17:40:54.791-0300][361.502s][8748][8884 ][info][gc,heap     ] GC(53) y: Max Capacity: 3072M(100%)
[2026-06-26T17:40:54.791-0300][361.502s][8748][8884 ][info][gc,heap     ] GC(53) y: Soft Max Capacity: 3072M(100%)
[2026-06-26T17:40:54.791-0300][361.502s][8748][8884 ][info][gc,heap     ] GC(53) y: Heap Statistics:
[2026-06-26T17:40:54.791-0300][361.502s][8748][8884 ][info][gc,heap     ] GC(53) y:                Mark Start          Mark End        Relocate Start      Relocate End           High               Low         
[2026-06-26T17:40:54.791-0300][361.502s][8748][8884 ][info][gc,heap     ] GC(53) y:  Capacity:     3048M (99%)        3048M (99%)        3048M (99%)        3048M (99%)        3048M (99%)        3048M (99%)    
[2026-06-26T17:40:54.791-0300][361.502s][8748][8884 ][info][gc,heap     ] GC(53) y:      Free:      190M (6%)          170M (6%)          532M (17%)        1040M (34%)        1040M (34%)         170M (6%)     
[2026-06-26T17:40:54.791-0300][361.502s][8748][8884 ][info][gc,heap     ] GC(53) y:      Used:     2882M (94%)        2902M (94%)        2540M (83%)        2032M (66%)        2902M (94%)        2032M (66%)    
[2026-06-26T17:40:54.791-0300][361.502s][8748][8884 ][info][gc,heap     ] GC(53) y: Young Generation Statistics:
[2026-06-26T17:40:54.791-0300][361.502s][8748][8884 ][info][gc,heap     ] GC(53) y:                Mark Start          Mark End        Relocate Start      Relocate End    
[2026-06-26T17:40:54.791-0300][361.502s][8748][8884 ][info][gc,heap     ] GC(53) y:      Used:      898M (29%)         918M (30%)         538M (18%)          26M (1%)     
[2026-06-26T17:40:54.791-0300][361.502s][8748][8884 ][info][gc,heap     ] GC(53) y:      Live:         -                17M (1%)            1M (0%)            0M (0%)     
[2026-06-26T17:40:54.791-0300][361.502s][8748][8884 ][info][gc,heap     ] GC(53) y:   Garbage:         -               880M (29%)         516M (17%)           0M (0%)     
[2026-06-26T17:40:54.791-0300][361.502s][8748][8884 ][info][gc,heap     ] GC(53) y: Allocated:         -                20M (1%)           20M (1%)           25M (1%)     
[2026-06-26T17:40:54.791-0300][361.502s][8748][8884 ][info][gc,heap     ] GC(53) y: Reclaimed:         -                  -               363M (12%)         880M (29%)    
[2026-06-26T17:40:54.791-0300][361.502s][8748][8884 ][info][gc,heap     ] GC(53) y:  Promoted:         -                  -                16M (1%)           16M (1%)     
[2026-06-26T17:40:54.791-0300][361.502s][8748][8884 ][info][gc,heap     ] GC(53) y: Compacted:         -                  -                  -                 0M (0%)     
[2026-06-26T17:40:54.791-0300][361.502s][8748][8884 ][info][gc,phases   ] GC(53) y: Young Generation 2882M(94%)->2032M(66%) 0.131s
[2026-06-26T17:40:54.791-0300][361.502s][8748][8884 ][info][gc          ] GC(53) Minor Collection (High Usage) 2882M(94%)->2032M(66%) 0.131s
[2026-06-26T17:41:28.903-0300][395.614s][8748][8884 ][info][gc          ] GC(54) Minor Collection (High Usage)
[2026-06-26T17:41:28.903-0300][395.614s][8748][8884 ][info][gc,task     ] GC(54) Using 1 Workers for Young Generation
[2026-06-26T17:41:28.903-0300][395.614s][8748][8884 ][info][gc,phases   ] GC(54) y: Young Generation
[2026-06-26T17:41:28.903-0300][395.614s][8748][16824][info][gc,phases   ] GC(54) y: Pause Mark Start 0.014ms
[2026-06-26T17:41:28.973-0300][395.684s][8748][8884 ][info][gc,phases   ] GC(54) y: Concurrent Mark 69.993ms
[2026-06-26T17:41:28.973-0300][395.684s][8748][16824][info][gc,phases   ] GC(54) y: Pause Mark End 0.013ms
[2026-06-26T17:41:28.973-0300][395.684s][8748][8884 ][info][gc,phases   ] GC(54) y: Concurrent Mark Free 0.001ms
[2026-06-26T17:41:28.973-0300][395.684s][8748][8884 ][info][gc,phases   ] GC(54) y: Concurrent Reset Relocation Set 0.050ms
[2026-06-26T17:41:28.973-0300][395.684s][8748][8884 ][info][gc,reloc    ] GC(54) y: Using tenuring threshold: 2 (Computed)
[2026-06-26T17:41:28.974-0300][395.685s][8748][8884 ][info][gc,phases   ] GC(54) y: Concurrent Select Relocation Set 0.672ms
[2026-06-26T17:41:28.974-0300][395.685s][8748][16824][info][gc,phases   ] GC(54) y: Pause Relocate Start 0.004ms
[2026-06-26T17:41:28.980-0300][395.691s][8748][8884 ][info][gc,phases   ] GC(54) y: Concurrent Relocate 6.074ms
[2026-06-26T17:41:28.980-0300][395.691s][8748][8884 ][info][gc,alloc    ] GC(54) y:                         Mark Start        Mark End      Relocate Start    Relocate End   
[2026-06-26T17:41:28.980-0300][395.691s][8748][8884 ][info][gc,alloc    ] GC(54) y: Allocation Stalls:          0                0                0                0         
[2026-06-26T17:41:28.980-0300][395.691s][8748][8884 ][info][gc,load     ] GC(54) y: Load: 0.00 (0%) / 0.00 (0%) / 0.00 (0%)
[2026-06-26T17:41:28.980-0300][395.691s][8748][8884 ][info][gc,mmu      ] GC(54) y: MMU: 2ms/44.2%, 5ms/77.7%, 10ms/88.8%, 20ms/94.4%, 50ms/94.8%, 100ms/97.4%
[2026-06-26T17:41:28.980-0300][395.691s][8748][8884 ][info][gc,marking  ] GC(54) y: Mark: 1 stripe(s), 2 proactive flush(es), 1 terminate flush(es), 0 completion(s), 0 continuation(s) 
[2026-06-26T17:41:28.980-0300][395.691s][8748][8884 ][info][gc,nmethod  ] GC(54) y: NMethods: 18822 registered, 0 unregistered
[2026-06-26T17:41:28.980-0300][395.691s][8748][8884 ][info][gc,metaspace] GC(54) y: Metaspace: 80M used, 82M committed, 1152M reserved
[2026-06-26T17:41:28.980-0300][395.691s][8748][8884 ][info][gc,reloc    ] GC(54) y:                        Candidates     Selected     In-Place         Size        Empty    Relocated 
[2026-06-26T17:41:28.980-0300][395.691s][8748][8884 ][info][gc,reloc    ] GC(54) y: Small Pages:                  438          310            0         876M         250M           3M 
[2026-06-26T17:41:28.980-0300][395.691s][8748][8884 ][info][gc,reloc    ] GC(54) y: Medium Pages:                   0            0            0           0M           0M           0M 
[2026-06-26T17:41:28.980-0300][395.691s][8748][8884 ][info][gc,reloc    ] GC(54) y: Large Pages:                    0            0            0           0M           0M           0M 
[2026-06-26T17:41:28.980-0300][395.691s][8748][8884 ][info][gc,reloc    ] GC(54) y: Forwarding Usage: 2M
[2026-06-26T17:41:28.980-0300][395.691s][8748][8884 ][info][gc,reloc    ] GC(54) y: Age Table:
[2026-06-26T17:41:28.980-0300][395.691s][8748][8884 ][info][gc,reloc    ] GC(54) y:                    Live             Garbage             Small              Medium             Large        
[2026-06-26T17:41:28.980-0300][395.691s][8748][8884 ][info][gc,reloc    ] GC(54) y: Eden               4M (0%)          865M (28%)        435 / 308            0 / 0              0 / 0        
[2026-06-26T17:41:28.980-0300][395.691s][8748][8884 ][info][gc,reloc    ] GC(54) y: Survivor 1         0M (0%)            5M (0%)           3 / 2              0 / 0              0 / 0        
[2026-06-26T17:41:28.980-0300][395.691s][8748][8884 ][info][gc,heap     ] GC(54) y: Min Capacity: 8M(0%)
[2026-06-26T17:41:28.980-0300][395.691s][8748][8884 ][info][gc,heap     ] GC(54) y: Max Capacity: 3072M(100%)
[2026-06-26T17:41:28.980-0300][395.691s][8748][8884 ][info][gc,heap     ] GC(54) y: Soft Max Capacity: 3072M(100%)
[2026-06-26T17:41:28.980-0300][395.691s][8748][8884 ][info][gc,heap     ] GC(54) y: Heap Statistics:
[2026-06-26T17:41:28.980-0300][395.691s][8748][8884 ][info][gc,heap     ] GC(54) y:                Mark Start          Mark End        Relocate Start      Relocate End           High               Low         
[2026-06-26T17:41:28.980-0300][395.691s][8748][8884 ][info][gc,heap     ] GC(54) y:  Capacity:     3048M (99%)        3048M (99%)        3048M (99%)        3048M (99%)        3048M (99%)        3048M (99%)    
[2026-06-26T17:41:28.980-0300][395.691s][8748][8884 ][info][gc,heap     ] GC(54) y:      Free:      190M (6%)          170M (6%)          420M (14%)        1032M (34%)        1032M (34%)         170M (6%)     
[2026-06-26T17:41:28.980-0300][395.691s][8748][8884 ][info][gc,heap     ] GC(54) y:      Used:     2882M (94%)        2902M (94%)        2652M (86%)        2040M (66%)        2902M (94%)        2040M (66%)    
[2026-06-26T17:41:28.980-0300][395.691s][8748][8884 ][info][gc,heap     ] GC(54) y: Young Generation Statistics:
[2026-06-26T17:41:28.980-0300][395.691s][8748][8884 ][info][gc,heap     ] GC(54) y:                Mark Start          Mark End        Relocate Start      Relocate End    
[2026-06-26T17:41:28.980-0300][395.691s][8748][8884 ][info][gc,heap     ] GC(54) y:      Used:      876M (29%)         896M (29%)         646M (21%)          34M (1%)     
[2026-06-26T17:41:28.980-0300][395.691s][8748][8884 ][info][gc,heap     ] GC(54) y:      Live:         -                 4M (0%)            4M (0%)            4M (0%)     
[2026-06-26T17:41:28.980-0300][395.691s][8748][8884 ][info][gc,heap     ] GC(54) y:   Garbage:         -               871M (28%)         621M (20%)           0M (0%)     
[2026-06-26T17:41:28.980-0300][395.691s][8748][8884 ][info][gc,heap     ] GC(54) y: Allocated:         -                20M (1%)           20M (1%)           29M (1%)     
[2026-06-26T17:41:28.980-0300][395.691s][8748][8884 ][info][gc,heap     ] GC(54) y: Reclaimed:         -                  -               250M (8%)          871M (28%)    
[2026-06-26T17:41:28.980-0300][395.691s][8748][8884 ][info][gc,heap     ] GC(54) y:  Promoted:         -                  -                 0M (0%)            0M (0%)     
[2026-06-26T17:41:28.980-0300][395.691s][8748][8884 ][info][gc,heap     ] GC(54) y: Compacted:         -                  -                  -                 4M (0%)     
[2026-06-26T17:41:28.980-0300][395.691s][8748][8884 ][info][gc,phases   ] GC(54) y: Young Generation 2882M(94%)->2040M(66%) 0.077s
[2026-06-26T17:41:28.980-0300][395.691s][8748][8884 ][info][gc          ] GC(54) Minor Collection (High Usage) 2882M(94%)->2040M(66%) 0.078s
[2026-06-26T17:41:59.345-0300][426.056s][8748][8884 ][info][gc          ] GC(55) Minor Collection (High Usage)
[2026-06-26T17:41:59.345-0300][426.056s][8748][8884 ][info][gc,task     ] GC(55) Using 1 Workers for Young Generation
[2026-06-26T17:41:59.345-0300][426.056s][8748][8884 ][info][gc,phases   ] GC(55) y: Young Generation
[2026-06-26T17:41:59.345-0300][426.056s][8748][16824][info][gc,phases   ] GC(55) y: Pause Mark Start 0.009ms
[2026-06-26T17:41:59.403-0300][426.115s][8748][8884 ][info][gc,phases   ] GC(55) y: Concurrent Mark 58.784ms
[2026-06-26T17:41:59.403-0300][426.115s][8748][16824][info][gc,phases   ] GC(55) y: Pause Mark End 0.013ms
[2026-06-26T17:41:59.403-0300][426.115s][8748][8884 ][info][gc,phases   ] GC(55) y: Concurrent Mark Free 0.003ms
[2026-06-26T17:41:59.403-0300][426.115s][8748][8884 ][info][gc,phases   ] GC(55) y: Concurrent Reset Relocation Set 0.010ms
[2026-06-26T17:41:59.403-0300][426.115s][8748][8884 ][info][gc,reloc    ] GC(55) y: Using tenuring threshold: 3 (Computed)
[2026-06-26T17:41:59.404-0300][426.115s][8748][8884 ][info][gc,phases   ] GC(55) y: Concurrent Select Relocation Set 0.428ms
[2026-06-26T17:41:59.404-0300][426.115s][8748][16824][info][gc,phases   ] GC(55) y: Pause Relocate Start 0.005ms
[2026-06-26T17:41:59.408-0300][426.119s][8748][8884 ][info][gc,phases   ] GC(55) y: Concurrent Relocate 3.928ms
[2026-06-26T17:41:59.408-0300][426.119s][8748][8884 ][info][gc,alloc    ] GC(55) y:                         Mark Start        Mark End      Relocate Start    Relocate End   
[2026-06-26T17:41:59.408-0300][426.119s][8748][8884 ][info][gc,alloc    ] GC(55) y: Allocation Stalls:          0                0                0                0         
[2026-06-26T17:41:59.408-0300][426.119s][8748][8884 ][info][gc,load     ] GC(55) y: Load: 0.00 (0%) / 0.00 (0%) / 0.00 (0%)
[2026-06-26T17:41:59.408-0300][426.119s][8748][8884 ][info][gc,mmu      ] GC(55) y: MMU: 2ms/44.2%, 5ms/77.7%, 10ms/88.8%, 20ms/94.4%, 50ms/94.8%, 100ms/97.4%
[2026-06-26T17:41:59.408-0300][426.119s][8748][8884 ][info][gc,marking  ] GC(55) y: Mark: 1 stripe(s), 2 proactive flush(es), 1 terminate flush(es), 0 completion(s), 0 continuation(s) 
[2026-06-26T17:41:59.408-0300][426.119s][8748][8884 ][info][gc,nmethod  ] GC(55) y: NMethods: 18968 registered, 0 unregistered
[2026-06-26T17:41:59.408-0300][426.119s][8748][8884 ][info][gc,metaspace] GC(55) y: Metaspace: 80M used, 82M committed, 1152M reserved
[2026-06-26T17:41:59.408-0300][426.119s][8748][8884 ][info][gc,reloc    ] GC(55) y:                        Candidates     Selected     In-Place         Size        Empty    Relocated 
[2026-06-26T17:41:59.408-0300][426.119s][8748][8884 ][info][gc,reloc    ] GC(55) y: Small Pages:                  438          229            0         876M         410M           2M 
[2026-06-26T17:41:59.408-0300][426.119s][8748][8884 ][info][gc,reloc    ] GC(55) y: Medium Pages:                   0            0            0           0M           0M           0M 
[2026-06-26T17:41:59.408-0300][426.119s][8748][8884 ][info][gc,reloc    ] GC(55) y: Large Pages:                    0            0            0           0M           0M           0M 
[2026-06-26T17:41:59.408-0300][426.119s][8748][8884 ][info][gc,reloc    ] GC(55) y: Forwarding Usage: 1M
[2026-06-26T17:41:59.408-0300][426.120s][8748][8884 ][info][gc,reloc    ] GC(55) y: Age Table:
[2026-06-26T17:41:59.408-0300][426.120s][8748][8884 ][info][gc,reloc    ] GC(55) y:                    Live             Garbage             Small              Medium             Large        
[2026-06-26T17:41:59.408-0300][426.120s][8748][8884 ][info][gc,reloc    ] GC(55) y: Eden               2M (0%)          859M (28%)        431 / 226            0 / 0              0 / 0        
[2026-06-26T17:41:59.408-0300][426.120s][8748][8884 ][info][gc,reloc    ] GC(55) y: Survivor 1         4M (0%)            5M (0%)           5 / 2              0 / 0              0 / 0        
[2026-06-26T17:41:59.408-0300][426.120s][8748][8884 ][info][gc,reloc    ] GC(55) y: Survivor 2         0M (0%)            3M (0%)           2 / 1              0 / 0              0 / 0        
[2026-06-26T17:41:59.408-0300][426.120s][8748][8884 ][info][gc,heap     ] GC(55) y: Min Capacity: 8M(0%)
[2026-06-26T17:41:59.408-0300][426.120s][8748][8884 ][info][gc,heap     ] GC(55) y: Max Capacity: 3072M(100%)
[2026-06-26T17:41:59.408-0300][426.120s][8748][8884 ][info][gc,heap     ] GC(55) y: Soft Max Capacity: 3072M(100%)
[2026-06-26T17:41:59.408-0300][426.120s][8748][8884 ][info][gc,heap     ] GC(55) y: Heap Statistics:
[2026-06-26T17:41:59.408-0300][426.120s][8748][8884 ][info][gc,heap     ] GC(55) y:                Mark Start          Mark End        Relocate Start      Relocate End           High               Low         
[2026-06-26T17:41:59.408-0300][426.120s][8748][8884 ][info][gc,heap     ] GC(55) y:  Capacity:     3024M (98%)        3024M (98%)        3024M (98%)        3024M (98%)        3024M (98%)        3024M (98%)    
[2026-06-26T17:41:59.408-0300][426.120s][8748][8884 ][info][gc,heap     ] GC(55) y:      Free:      190M (6%)          172M (6%)          582M (19%)        1026M (33%)        1026M (33%)         172M (6%)     
[2026-06-26T17:41:59.408-0300][426.120s][8748][8884 ][info][gc,heap     ] GC(55) y:      Used:     2882M (94%)        2900M (94%)        2490M (81%)        2046M (67%)        2900M (94%)        2046M (67%)    
[2026-06-26T17:41:59.408-0300][426.120s][8748][8884 ][info][gc,heap     ] GC(55) y: Young Generation Statistics:
[2026-06-26T17:41:59.408-0300][426.120s][8748][8884 ][info][gc,heap     ] GC(55) y:                Mark Start          Mark End        Relocate Start      Relocate End    
[2026-06-26T17:41:59.408-0300][426.120s][8748][8884 ][info][gc,heap     ] GC(55) y:      Used:      876M (29%)         894M (29%)         484M (16%)          40M (1%)     
[2026-06-26T17:41:59.408-0300][426.120s][8748][8884 ][info][gc,heap     ] GC(55) y:      Live:         -                 6M (0%)            6M (0%)            6M (0%)     
[2026-06-26T17:41:59.408-0300][426.120s][8748][8884 ][info][gc,heap     ] GC(55) y:   Garbage:         -               869M (28%)         459M (15%)           0M (0%)     
[2026-06-26T17:41:59.408-0300][426.120s][8748][8884 ][info][gc,heap     ] GC(55) y: Allocated:         -                18M (1%)           18M (1%)           32M (1%)     
[2026-06-26T17:41:59.408-0300][426.120s][8748][8884 ][info][gc,heap     ] GC(55) y: Reclaimed:         -                  -               410M (13%)         868M (28%)    
[2026-06-26T17:41:59.408-0300][426.120s][8748][8884 ][info][gc,heap     ] GC(55) y:  Promoted:         -                  -                 0M (0%)            0M (0%)     
[2026-06-26T17:41:59.408-0300][426.120s][8748][8884 ][info][gc,heap     ] GC(55) y: Compacted:         -                  -                  -                 3M (0%)     
[2026-06-26T17:41:59.408-0300][426.120s][8748][8884 ][info][gc,phases   ] GC(55) y: Young Generation 2882M(94%)->2046M(67%) 0.064s
[2026-06-26T17:41:59.408-0300][426.120s][8748][8884 ][info][gc          ] GC(55) Minor Collection (High Usage) 2882M(94%)->2046M(67%) 0.064s
[2026-06-26T17:42:13.389-0300][440.100s][8748][7584 ][info][gc          ] GC(56) Major Collection (Proactive)
[2026-06-26T17:42:13.389-0300][440.100s][8748][7584 ][info][gc,task     ] GC(56) Using 1 Workers for Young Generation
[2026-06-26T17:42:13.389-0300][440.100s][8748][7584 ][info][gc,task     ] GC(56) Using 1 Workers for Old Generation
[2026-06-26T17:42:13.389-0300][440.100s][8748][7584 ][info][gc,phases   ] GC(56) Y: Young Generation
[2026-06-26T17:42:13.389-0300][440.100s][8748][16824][info][gc,phases   ] GC(56) Y: Pause Mark Start (Major) 0.011ms
[2026-06-26T17:42:13.434-0300][440.145s][8748][7584 ][info][gc,phases   ] GC(56) Y: Concurrent Mark 45.279ms
[2026-06-26T17:42:13.434-0300][440.145s][8748][16824][info][gc,phases   ] GC(56) Y: Pause Mark End 0.013ms
[2026-06-26T17:42:13.434-0300][440.145s][8748][7584 ][info][gc,phases   ] GC(56) Y: Concurrent Mark Free 0.002ms
[2026-06-26T17:42:13.434-0300][440.145s][8748][7584 ][info][gc,phases   ] GC(56) Y: Concurrent Reset Relocation Set 0.009ms
[2026-06-26T17:42:13.435-0300][440.145s][8748][7584 ][info][gc,reloc    ] GC(56) Y: Using tenuring threshold: 3 (Computed)
[2026-06-26T17:42:13.435-0300][440.146s][8748][7584 ][info][gc,phases   ] GC(56) Y: Concurrent Select Relocation Set 0.580ms
[2026-06-26T17:42:13.435-0300][440.146s][8748][16824][info][gc,phases   ] GC(56) Y: Pause Relocate Start 0.005ms
[2026-06-26T17:42:13.437-0300][440.148s][8748][7584 ][info][gc,phases   ] GC(56) Y: Concurrent Relocate 1.729ms
[2026-06-26T17:42:13.437-0300][440.148s][8748][7584 ][info][gc,alloc    ] GC(56) Y:                         Mark Start        Mark End      Relocate Start    Relocate End   
[2026-06-26T17:42:13.437-0300][440.148s][8748][7584 ][info][gc,alloc    ] GC(56) Y: Allocation Stalls:          0                0                0                0         
[2026-06-26T17:42:13.437-0300][440.148s][8748][7584 ][info][gc,load     ] GC(56) Y: Load: 0.00 (0%) / 0.00 (0%) / 0.00 (0%)
[2026-06-26T17:42:13.437-0300][440.148s][8748][7584 ][info][gc,mmu      ] GC(56) Y: MMU: 2ms/44.2%, 5ms/77.7%, 10ms/88.8%, 20ms/94.4%, 50ms/94.8%, 100ms/97.4%
[2026-06-26T17:42:13.437-0300][440.148s][8748][7584 ][info][gc,marking  ] GC(56) Y: Mark: 1 stripe(s), 2 proactive flush(es), 1 terminate flush(es), 0 completion(s), 0 continuation(s) 
[2026-06-26T17:42:13.437-0300][440.148s][8748][7584 ][info][gc,nmethod  ] GC(56) Y: NMethods: 19021 registered, 0 unregistered
[2026-06-26T17:42:13.437-0300][440.148s][8748][7584 ][info][gc,metaspace] GC(56) Y: Metaspace: 80M used, 82M committed, 1152M reserved
[2026-06-26T17:42:13.437-0300][440.148s][8748][7584 ][info][gc,reloc    ] GC(56) Y:                        Candidates     Selected     In-Place         Size        Empty    Relocated 
[2026-06-26T17:42:13.437-0300][440.148s][8748][7584 ][info][gc,reloc    ] GC(56) Y: Small Pages:                  225          117            0         450M         208M           1M 
[2026-06-26T17:42:13.437-0300][440.148s][8748][7584 ][info][gc,reloc    ] GC(56) Y: Medium Pages:                   0            0            0           0M           0M           0M 
[2026-06-26T17:42:13.437-0300][440.148s][8748][7584 ][info][gc,reloc    ] GC(56) Y: Large Pages:                    0            0            0           0M           0M           0M 
[2026-06-26T17:42:13.437-0300][440.148s][8748][7584 ][info][gc,reloc    ] GC(56) Y: Forwarding Usage: 0M
[2026-06-26T17:42:13.437-0300][440.148s][8748][7584 ][info][gc,reloc    ] GC(56) Y: Age Table:
[2026-06-26T17:42:13.437-0300][440.148s][8748][7584 ][info][gc,reloc    ] GC(56) Y:                    Live             Garbage             Small              Medium             Large        
[2026-06-26T17:42:13.437-0300][440.148s][8748][7584 ][info][gc,reloc    ] GC(56) Y: Eden               0M (0%)          427M (14%)        214 / 109            0 / 0              0 / 0        
[2026-06-26T17:42:13.437-0300][440.148s][8748][7584 ][info][gc,reloc    ] GC(56) Y: Survivor 1         2M (0%)            5M (0%)           4 / 3              0 / 0              0 / 0        
[2026-06-26T17:42:13.437-0300][440.148s][8748][7584 ][info][gc,reloc    ] GC(56) Y: Survivor 2         4M (0%)            3M (0%)           4 / 2              0 / 0              0 / 0        
[2026-06-26T17:42:13.437-0300][440.148s][8748][7584 ][info][gc,reloc    ] GC(56) Y: Survivor 3         0M (0%)            5M (0%)           3 / 3              0 / 0              0 / 0        
[2026-06-26T17:42:13.437-0300][440.148s][8748][7584 ][info][gc,heap     ] GC(56) Y: Min Capacity: 8M(0%)
[2026-06-26T17:42:13.437-0300][440.148s][8748][7584 ][info][gc,heap     ] GC(56) Y: Max Capacity: 3072M(100%)
[2026-06-26T17:42:13.437-0300][440.148s][8748][7584 ][info][gc,heap     ] GC(56) Y: Soft Max Capacity: 3072M(100%)
[2026-06-26T17:42:13.437-0300][440.148s][8748][7584 ][info][gc,heap     ] GC(56) Y: Heap Statistics:
[2026-06-26T17:42:13.437-0300][440.148s][8748][7584 ][info][gc,heap     ] GC(56) Y:                Mark Start          Mark End        Relocate Start      Relocate End           High               Low         
[2026-06-26T17:42:13.437-0300][440.148s][8748][7584 ][info][gc,heap     ] GC(56) Y:  Capacity:     3024M (98%)        3024M (98%)        3024M (98%)        3024M (98%)        3024M (98%)        3024M (98%)    
[2026-06-26T17:42:13.437-0300][440.148s][8748][7584 ][info][gc,heap     ] GC(56) Y:      Free:      616M (20%)         604M (20%)         812M (26%)        1032M (34%)        1032M (34%)         604M (20%)    
[2026-06-26T17:42:13.437-0300][440.148s][8748][7584 ][info][gc,heap     ] GC(56) Y:      Used:     2456M (80%)        2468M (80%)        2260M (74%)        2040M (66%)        2468M (80%)        2040M (66%)    
[2026-06-26T17:42:13.437-0300][440.148s][8748][7584 ][info][gc,heap     ] GC(56) Y: Young Generation Statistics:
[2026-06-26T17:42:13.437-0300][440.148s][8748][7584 ][info][gc,heap     ] GC(56) Y:                Mark Start          Mark End        Relocate Start      Relocate End    
[2026-06-26T17:42:13.437-0300][440.148s][8748][7584 ][info][gc,heap     ] GC(56) Y:      Used:      450M (15%)         462M (15%)         254M (8%)           30M (1%)     
[2026-06-26T17:42:13.437-0300][440.148s][8748][7584 ][info][gc,heap     ] GC(56) Y:      Live:         -                 6M (0%)            6M (0%)            6M (0%)     
[2026-06-26T17:42:13.437-0300][440.148s][8748][7584 ][info][gc,heap     ] GC(56) Y:   Garbage:         -               443M (14%)         235M (8%)            0M (0%)     
[2026-06-26T17:42:13.437-0300][440.148s][8748][7584 ][info][gc,heap     ] GC(56) Y: Allocated:         -                12M (0%)           12M (0%)           23M (1%)     
[2026-06-26T17:42:13.437-0300][440.148s][8748][7584 ][info][gc,heap     ] GC(56) Y: Reclaimed:         -                  -               208M (7%)          442M (14%)    
[2026-06-26T17:42:13.437-0300][440.148s][8748][7584 ][info][gc,heap     ] GC(56) Y:  Promoted:         -                  -                 0M (0%)            0M (0%)     
[2026-06-26T17:42:13.437-0300][440.148s][8748][7584 ][info][gc,heap     ] GC(56) Y: Compacted:         -                  -                  -                 0M (0%)     
[2026-06-26T17:42:13.437-0300][440.148s][8748][7584 ][info][gc,phases   ] GC(56) Y: Young Generation 2456M(80%)->2040M(66%) 0.048s
[2026-06-26T17:42:13.437-0300][440.148s][8748][7584 ][info][gc,phases   ] GC(56) O: Old Generation
[2026-06-26T17:42:16.630-0300][443.341s][8748][7584 ][info][gc,phases   ] GC(56) O: Concurrent Mark 3192.522ms
[2026-06-26T17:42:16.630-0300][443.341s][8748][16824][info][gc,phases   ] GC(56) O: Pause Mark End 0.014ms
[2026-06-26T17:42:16.630-0300][443.341s][8748][7584 ][info][gc,phases   ] GC(56) O: Concurrent Mark Free 0.003ms
[2026-06-26T17:42:16.689-0300][443.400s][8748][7584 ][info][gc,phases   ] GC(56) O: Concurrent Process Non-Strong 59.435ms
[2026-06-26T17:42:16.689-0300][443.400s][8748][7584 ][info][gc,phases   ] GC(56) O: Concurrent Reset Relocation Set 0.009ms
[2026-06-26T17:42:16.693-0300][443.404s][8748][7584 ][info][gc,phases   ] GC(56) O: Concurrent Select Relocation Set 3.897ms
[2026-06-26T17:42:16.693-0300][443.404s][8748][7584 ][info][gc,task     ] GC(56) O: Using 2 Workers for Old Generation
[2026-06-26T17:42:16.705-0300][443.416s][8748][7584 ][info][gc,task     ] GC(56) O: Using 1 Workers for Old Generation
[2026-06-26T17:42:16.705-0300][443.416s][8748][7584 ][info][gc,phases   ] GC(56) O: Concurrent Remap Roots 11.368ms
[2026-06-26T17:42:16.705-0300][443.416s][8748][16824][info][gc,phases   ] GC(56) O: Pause Relocate Start 0.012ms
[2026-06-26T17:42:16.884-0300][443.595s][8748][7584 ][info][gc,phases   ] GC(56) O: Concurrent Relocate 179.361ms
[2026-06-26T17:42:16.884-0300][443.595s][8748][7584 ][info][gc,alloc    ] GC(56) O:                         Mark Start        Mark End      Relocate Start    Relocate End   
[2026-06-26T17:42:16.884-0300][443.595s][8748][7584 ][info][gc,alloc    ] GC(56) O: Allocation Stalls:          0                0                0                0         
[2026-06-26T17:42:16.884-0300][443.595s][8748][7584 ][info][gc,load     ] GC(56) O: Load: 0.00 (0%) / 0.00 (0%) / 0.00 (0%)
[2026-06-26T17:42:16.884-0300][443.595s][8748][7584 ][info][gc,mmu      ] GC(56) O: MMU: 2ms/44.2%, 5ms/77.7%, 10ms/88.8%, 20ms/94.4%, 50ms/94.8%, 100ms/97.4%
[2026-06-26T17:42:16.884-0300][443.595s][8748][7584 ][info][gc,marking  ] GC(56) O: Mark: 1 stripe(s), 2 proactive flush(es), 1 terminate flush(es), 0 completion(s), 0 continuation(s) 
[2026-06-26T17:42:16.884-0300][443.595s][8748][7584 ][info][gc,nmethod  ] GC(56) O: NMethods: 16320 registered, 2717 unregistered
[2026-06-26T17:42:16.884-0300][443.595s][8748][7584 ][info][gc,metaspace] GC(56) O: Metaspace: 80M used, 82M committed, 1152M reserved
[2026-06-26T17:42:16.884-0300][443.595s][8748][7584 ][info][gc,ref      ] GC(56) O:                       Encountered   Discovered     Enqueued 
[2026-06-26T17:42:16.884-0300][443.595s][8748][7584 ][info][gc,ref      ] GC(56) O: Soft References:             6063            0            0 
[2026-06-26T17:42:16.884-0300][443.595s][8748][7584 ][info][gc,ref      ] GC(56) O: Weak References:             6457         5390          156 
[2026-06-26T17:42:16.884-0300][443.595s][8748][7584 ][info][gc,ref      ] GC(56) O: Final References:              16            0            0 
[2026-06-26T17:42:16.884-0300][443.595s][8748][7584 ][info][gc,ref      ] GC(56) O: Phantom References:        118904       118438       110520 
[2026-06-26T17:42:16.884-0300][443.595s][8748][7584 ][info][gc,reloc    ] GC(56) O:                        Candidates     Selected     In-Place         Size        Empty    Relocated 
[2026-06-26T17:42:16.884-0300][443.595s][8748][7584 ][info][gc,reloc    ] GC(56) O: Small Pages:                  925           30            0        1850M           2M          25M 
[2026-06-26T17:42:16.884-0300][443.595s][8748][7584 ][info][gc,reloc    ] GC(56) O: Medium Pages:                   3            1            0          96M           0M          22M 
[2026-06-26T17:42:16.884-0300][443.595s][8748][7584 ][info][gc,reloc    ] GC(56) O: Large Pages:                    5            0            0          60M           0M           0M 
[2026-06-26T17:42:16.884-0300][443.595s][8748][7584 ][info][gc,reloc    ] GC(56) O: Forwarding Usage: 50M
[2026-06-26T17:42:16.884-0300][443.595s][8748][7584 ][info][gc,heap     ] GC(56) O: Min Capacity: 8M(0%)
[2026-06-26T17:42:16.884-0300][443.595s][8748][7584 ][info][gc,heap     ] GC(56) O: Max Capacity: 3072M(100%)
[2026-06-26T17:42:16.884-0300][443.595s][8748][7584 ][info][gc,heap     ] GC(56) O: Soft Max Capacity: 3072M(100%)
[2026-06-26T17:42:16.884-0300][443.595s][8748][7584 ][info][gc,heap     ] GC(56) O: Heap Statistics:
[2026-06-26T17:42:16.884-0300][443.595s][8748][7584 ][info][gc,heap     ] GC(56) O:                Mark Start          Mark End        Relocate Start      Relocate End           High               Low         
[2026-06-26T17:42:16.884-0300][443.595s][8748][7584 ][info][gc,heap     ] GC(56) O:  Capacity:     3024M (98%)        3024M (98%)        3024M (98%)        3024M (98%)        3024M (98%)        3024M (98%)    
[2026-06-26T17:42:16.884-0300][443.595s][8748][7584 ][info][gc,heap     ] GC(56) O:      Free:      616M (20%)         912M (30%)         910M (30%)         964M (31%)        1032M (34%)         604M (20%)    
[2026-06-26T17:42:16.884-0300][443.595s][8748][7584 ][info][gc,heap     ] GC(56) O:      Used:     2456M (80%)        2160M (70%)        2162M (70%)        2108M (69%)        2468M (80%)        2040M (66%)    
[2026-06-26T17:42:16.884-0300][443.595s][8748][7584 ][info][gc,heap     ] GC(56) O: Old Generation Statistics:
[2026-06-26T17:42:16.884-0300][443.595s][8748][7584 ][info][gc,heap     ] GC(56) O:                Mark Start          Mark End        Relocate Start      Relocate End    
[2026-06-26T17:42:16.884-0300][443.595s][8748][7584 ][info][gc,heap     ] GC(56) O:      Used:     2006M (65%)        2010M (65%)        2008M (65%)        1950M (63%)    
[2026-06-26T17:42:16.884-0300][443.595s][8748][7584 ][info][gc,heap     ] GC(56) O:      Live:         -              1803M (59%)        1803M (59%)        1803M (59%)    
[2026-06-26T17:42:16.884-0300][443.595s][8748][7584 ][info][gc,heap     ] GC(56) O:   Garbage:         -               202M (7%)          200M (7%)           84M (3%)     
[2026-06-26T17:42:16.884-0300][443.595s][8748][7584 ][info][gc,heap     ] GC(56) O: Allocated:         -                 4M (0%)            4M (0%)           61M (2%)     
[2026-06-26T17:42:16.884-0300][443.596s][8748][7584 ][info][gc,heap     ] GC(56) O: Reclaimed:         -                  -                 2M (0%)          117M (4%)     
[2026-06-26T17:42:16.885-0300][443.596s][8748][7584 ][info][gc,heap     ] GC(56) O: Compacted:         -                  -                  -               136M (4%)     
[2026-06-26T17:42:16.885-0300][443.596s][8748][7584 ][info][gc,phases   ] GC(56) O: Old Generation 2040M(66%)->2108M(69%) 3.447s
[2026-06-26T17:42:16.885-0300][443.596s][8748][7584 ][info][gc          ] GC(56) Major Collection (Proactive) 2456M(80%)->2108M(69%) 3.496s
[2026-06-26T17:42:35.826-0300][462.537s][8748][8884 ][info][gc          ] GC(57) Minor Collection (High Usage)
[2026-06-26T17:42:35.826-0300][462.537s][8748][8884 ][info][gc,task     ] GC(57) Using 1 Workers for Young Generation
[2026-06-26T17:42:35.826-0300][462.537s][8748][8884 ][info][gc,phases   ] GC(57) y: Young Generation
[2026-06-26T17:42:35.826-0300][462.537s][8748][16824][info][gc,phases   ] GC(57) y: Pause Mark Start 0.014ms
[2026-06-26T17:42:35.908-0300][462.619s][8748][8884 ][info][gc,phases   ] GC(57) y: Concurrent Mark 82.754ms
[2026-06-26T17:42:35.909-0300][462.620s][8748][16824][info][gc,phases   ] GC(57) y: Pause Mark End 0.014ms
[2026-06-26T17:42:35.909-0300][462.620s][8748][8884 ][info][gc,phases   ] GC(57) y: Concurrent Mark Free 0.001ms
[2026-06-26T17:42:35.909-0300][462.620s][8748][8884 ][info][gc,phases   ] GC(57) y: Concurrent Reset Relocation Set 0.004ms
[2026-06-26T17:42:35.909-0300][462.620s][8748][8884 ][info][gc,reloc    ] GC(57) y: Using tenuring threshold: 1 (Computed)
[2026-06-26T17:42:35.914-0300][462.625s][8748][8884 ][info][gc,phases   ] GC(57) y: Concurrent Select Relocation Set 4.920ms
[2026-06-26T17:42:35.914-0300][462.625s][8748][16824][info][gc,phases   ] GC(57) y: Pause Relocate Start 0.012ms
[2026-06-26T17:42:35.924-0300][462.635s][8748][8884 ][info][gc,phases   ] GC(57) y: Concurrent Relocate 9.934ms
[2026-06-26T17:42:35.924-0300][462.635s][8748][8884 ][info][gc,alloc    ] GC(57) y:                         Mark Start        Mark End      Relocate Start    Relocate End   
[2026-06-26T17:42:35.924-0300][462.635s][8748][8884 ][info][gc,alloc    ] GC(57) y: Allocation Stalls:          0                0                0                0         
[2026-06-26T17:42:35.924-0300][462.635s][8748][8884 ][info][gc,load     ] GC(57) y: Load: 0.00 (0%) / 0.00 (0%) / 0.00 (0%)
[2026-06-26T17:42:35.924-0300][462.635s][8748][8884 ][info][gc,mmu      ] GC(57) y: MMU: 2ms/44.2%, 5ms/77.7%, 10ms/88.8%, 20ms/94.4%, 50ms/94.8%, 100ms/97.4%
[2026-06-26T17:42:35.924-0300][462.635s][8748][8884 ][info][gc,marking  ] GC(57) y: Mark: 1 stripe(s), 2 proactive flush(es), 1 terminate flush(es), 0 completion(s), 0 continuation(s) 
[2026-06-26T17:42:35.924-0300][462.635s][8748][8884 ][info][gc,nmethod  ] GC(57) y: NMethods: 16451 registered, 2717 unregistered
[2026-06-26T17:42:35.924-0300][462.635s][8748][8884 ][info][gc,metaspace] GC(57) y: Metaspace: 80M used, 82M committed, 1152M reserved
[2026-06-26T17:42:35.924-0300][462.635s][8748][8884 ][info][gc,reloc    ] GC(57) y:                        Candidates     Selected     In-Place         Size        Empty    Relocated 
[2026-06-26T17:42:35.924-0300][462.635s][8748][8884 ][info][gc,reloc    ] GC(57) y: Small Pages:                  466          224            0         932M         472M           2M 
[2026-06-26T17:42:35.924-0300][462.635s][8748][8884 ][info][gc,reloc    ] GC(57) y: Medium Pages:                   0            0            0           0M           0M           0M 
[2026-06-26T17:42:35.924-0300][462.635s][8748][8884 ][info][gc,reloc    ] GC(57) y: Large Pages:                    0            0            0           0M           0M           0M 
[2026-06-26T17:42:35.924-0300][462.635s][8748][8884 ][info][gc,reloc    ] GC(57) y: Forwarding Usage: 1M
[2026-06-26T17:42:35.924-0300][462.635s][8748][8884 ][info][gc,reloc    ] GC(57) y: Age Table:
[2026-06-26T17:42:35.924-0300][462.635s][8748][8884 ][info][gc,reloc    ] GC(57) y:                    Live             Garbage             Small              Medium             Large        
[2026-06-26T17:42:35.924-0300][462.635s][8748][8884 ][info][gc,reloc    ] GC(57) y: Eden               3M (0%)          910M (30%)        457 / 219            0 / 0              0 / 0        
[2026-06-26T17:42:35.924-0300][462.635s][8748][8884 ][info][gc,reloc    ] GC(57) y: Survivor 1         0M (0%)            5M (0%)           3 / 2              0 / 0              0 / 0        
[2026-06-26T17:42:35.924-0300][462.635s][8748][8884 ][info][gc,reloc    ] GC(57) y: Survivor 2         1M (0%)            4M (0%)           3 / 2              0 / 0              0 / 0        
[2026-06-26T17:42:35.924-0300][462.635s][8748][8884 ][info][gc,reloc    ] GC(57) y: Survivor 3         3M (0%)            2M (0%)           3 / 1              0 / 0              0 / 0        
[2026-06-26T17:42:35.924-0300][462.635s][8748][8884 ][info][gc,heap     ] GC(57) y: Min Capacity: 8M(0%)
[2026-06-26T17:42:35.924-0300][462.635s][8748][8884 ][info][gc,heap     ] GC(57) y: Max Capacity: 3072M(100%)
[2026-06-26T17:42:35.924-0300][462.635s][8748][8884 ][info][gc,heap     ] GC(57) y: Soft Max Capacity: 3072M(100%)
[2026-06-26T17:42:35.924-0300][462.635s][8748][8884 ][info][gc,heap     ] GC(57) y: Heap Statistics:
[2026-06-26T17:42:35.924-0300][462.635s][8748][8884 ][info][gc,heap     ] GC(57) y:                Mark Start          Mark End        Relocate Start      Relocate End           High               Low         
[2026-06-26T17:42:35.924-0300][462.635s][8748][8884 ][info][gc,heap     ] GC(57) y:  Capacity:     3000M (98%)        3000M (98%)        3000M (98%)        3000M (98%)        3000M (98%)        3000M (98%)    
[2026-06-26T17:42:35.924-0300][462.635s][8748][8884 ][info][gc,heap     ] GC(57) y:      Free:      190M (6%)          170M (6%)          642M (21%)        1084M (35%)        1084M (35%)         170M (6%)     
[2026-06-26T17:42:35.924-0300][462.635s][8748][8884 ][info][gc,heap     ] GC(57) y:      Used:     2882M (94%)        2902M (94%)        2430M (79%)        1988M (65%)        2902M (94%)        1988M (65%)    
[2026-06-26T17:42:35.924-0300][462.635s][8748][8884 ][info][gc,heap     ] GC(57) y: Young Generation Statistics:
[2026-06-26T17:42:35.924-0300][462.635s][8748][8884 ][info][gc,heap     ] GC(57) y:                Mark Start          Mark End        Relocate Start      Relocate End    
[2026-06-26T17:42:35.924-0300][462.635s][8748][8884 ][info][gc,heap     ] GC(57) y:      Used:      932M (30%)         952M (31%)         474M (15%)          30M (1%)     
[2026-06-26T17:42:35.924-0300][462.635s][8748][8884 ][info][gc,heap     ] GC(57) y:      Live:         -                 9M (0%)            4M (0%)            3M (0%)     
[2026-06-26T17:42:35.924-0300][462.635s][8748][8884 ][info][gc,heap     ] GC(57) y:   Garbage:         -               922M (30%)         449M (15%)           0M (0%)     
[2026-06-26T17:42:35.924-0300][462.635s][8748][8884 ][info][gc,heap     ] GC(57) y: Allocated:         -                20M (1%)           20M (1%)           25M (1%)     
[2026-06-26T17:42:35.924-0300][462.635s][8748][8884 ][info][gc,heap     ] GC(57) y: Reclaimed:         -                  -               472M (15%)         921M (30%)    
[2026-06-26T17:42:35.924-0300][462.635s][8748][8884 ][info][gc,heap     ] GC(57) y:  Promoted:         -                  -                 5M (0%)            5M (0%)     
[2026-06-26T17:42:35.924-0300][462.635s][8748][8884 ][info][gc,heap     ] GC(57) y: Compacted:         -                  -                  -                 2M (0%)     
[2026-06-26T17:42:35.924-0300][462.635s][8748][8884 ][info][gc,phases   ] GC(57) y: Young Generation 2882M(94%)->1988M(65%) 0.098s
[2026-06-26T17:42:35.924-0300][462.635s][8748][8884 ][info][gc          ] GC(57) Minor Collection (High Usage) 2882M(94%)->1988M(65%) 0.099s
[2026-06-26T17:43:08.021-0300][494.732s][8748][8884 ][info][gc          ] GC(58) Minor Collection (High Usage)
[2026-06-26T17:43:08.021-0300][494.732s][8748][8884 ][info][gc,task     ] GC(58) Using 1 Workers for Young Generation
[2026-06-26T17:43:08.021-0300][494.732s][8748][8884 ][info][gc,phases   ] GC(58) y: Young Generation
[2026-06-26T17:43:08.021-0300][494.732s][8748][16824][info][gc,phases   ] GC(58) y: Pause Mark Start 0.009ms
[2026-06-26T17:43:08.079-0300][494.790s][8748][8884 ][info][gc,phases   ] GC(58) y: Concurrent Mark 58.062ms
[2026-06-26T17:43:08.079-0300][494.790s][8748][16824][info][gc,phases   ] GC(58) y: Pause Mark End 0.011ms
[2026-06-26T17:43:08.079-0300][494.790s][8748][8884 ][info][gc,phases   ] GC(58) y: Concurrent Mark Free 0.002ms
[2026-06-26T17:43:08.079-0300][494.791s][8748][8884 ][info][gc,phases   ] GC(58) y: Concurrent Reset Relocation Set 0.135ms
[2026-06-26T17:43:08.079-0300][494.791s][8748][8884 ][info][gc,reloc    ] GC(58) y: Using tenuring threshold: 2 (Computed)
[2026-06-26T17:43:08.079-0300][494.791s][8748][8884 ][info][gc,phases   ] GC(58) y: Concurrent Select Relocation Set 0.422ms
[2026-06-26T17:43:08.079-0300][494.791s][8748][16824][info][gc,phases   ] GC(58) y: Pause Relocate Start 0.005ms
[2026-06-26T17:43:08.084-0300][494.796s][8748][8884 ][info][gc,phases   ] GC(58) y: Concurrent Relocate 4.670ms
[2026-06-26T17:43:08.084-0300][494.796s][8748][8884 ][info][gc,alloc    ] GC(58) y:                         Mark Start        Mark End      Relocate Start    Relocate End   
[2026-06-26T17:43:08.084-0300][494.796s][8748][8884 ][info][gc,alloc    ] GC(58) y: Allocation Stalls:          0                0                0                0         
[2026-06-26T17:43:08.084-0300][494.796s][8748][8884 ][info][gc,load     ] GC(58) y: Load: 0.00 (0%) / 0.00 (0%) / 0.00 (0%)
[2026-06-26T17:43:08.084-0300][494.796s][8748][8884 ][info][gc,mmu      ] GC(58) y: MMU: 2ms/44.2%, 5ms/77.7%, 10ms/88.8%, 20ms/94.4%, 50ms/94.8%, 100ms/97.4%
[2026-06-26T17:43:08.084-0300][494.796s][8748][8884 ][info][gc,marking  ] GC(58) y: Mark: 1 stripe(s), 2 proactive flush(es), 1 terminate flush(es), 0 completion(s), 0 continuation(s) 
[2026-06-26T17:43:08.084-0300][494.796s][8748][8884 ][info][gc,nmethod  ] GC(58) y: NMethods: 16588 registered, 2717 unregistered
[2026-06-26T17:43:08.084-0300][494.796s][8748][8884 ][info][gc,metaspace] GC(58) y: Metaspace: 80M used, 82M committed, 1152M reserved
[2026-06-26T17:43:08.084-0300][494.796s][8748][8884 ][info][gc,reloc    ] GC(58) y:                        Candidates     Selected     In-Place         Size        Empty    Relocated 
[2026-06-26T17:43:08.084-0300][494.796s][8748][8884 ][info][gc,reloc    ] GC(58) y: Small Pages:                  462          230            0         924M         456M           2M 
[2026-06-26T17:43:08.084-0300][494.796s][8748][8884 ][info][gc,reloc    ] GC(58) y: Medium Pages:                   0            0            0           0M           0M           0M 
[2026-06-26T17:43:08.084-0300][494.796s][8748][8884 ][info][gc,reloc    ] GC(58) y: Large Pages:                    0            0            0           0M           0M           0M 
[2026-06-26T17:43:08.084-0300][494.796s][8748][8884 ][info][gc,reloc    ] GC(58) y: Forwarding Usage: 1M
[2026-06-26T17:43:08.084-0300][494.796s][8748][8884 ][info][gc,reloc    ] GC(58) y: Age Table:
[2026-06-26T17:43:08.084-0300][494.796s][8748][8884 ][info][gc,reloc    ] GC(58) y:                    Live             Garbage             Small              Medium             Large        
[2026-06-26T17:43:08.084-0300][494.796s][8748][8884 ][info][gc,reloc    ] GC(58) y: Eden               2M (0%)          911M (30%)        457 / 227            0 / 0              0 / 0        
[2026-06-26T17:43:08.084-0300][494.796s][8748][8884 ][info][gc,reloc    ] GC(58) y: Survivor 1         3M (0%)            6M (0%)           5 / 3              0 / 0              0 / 0        
[2026-06-26T17:43:08.084-0300][494.796s][8748][8884 ][info][gc,heap     ] GC(58) y: Min Capacity: 8M(0%)
[2026-06-26T17:43:08.085-0300][494.796s][8748][8884 ][info][gc,heap     ] GC(58) y: Max Capacity: 3072M(100%)
[2026-06-26T17:43:08.085-0300][494.796s][8748][8884 ][info][gc,heap     ] GC(58) y: Soft Max Capacity: 3072M(100%)
[2026-06-26T17:43:08.085-0300][494.796s][8748][8884 ][info][gc,heap     ] GC(58) y: Heap Statistics:
[2026-06-26T17:43:08.085-0300][494.796s][8748][8884 ][info][gc,heap     ] GC(58) y:                Mark Start          Mark End        Relocate Start      Relocate End           High               Low         
[2026-06-26T17:43:08.085-0300][494.796s][8748][8884 ][info][gc,heap     ] GC(58) y:  Capacity:     3000M (98%)        3000M (98%)        3000M (98%)        3000M (98%)        3000M (98%)        3000M (98%)    
[2026-06-26T17:43:08.085-0300][494.796s][8748][8884 ][info][gc,heap     ] GC(58) y:      Free:      190M (6%)          168M (5%)          624M (20%)        1078M (35%)        1078M (35%)         168M (5%)     
[2026-06-26T17:43:08.085-0300][494.796s][8748][8884 ][info][gc,heap     ] GC(58) y:      Used:     2882M (94%)        2904M (95%)        2448M (80%)        1994M (65%)        2904M (95%)        1994M (65%)    
[2026-06-26T17:43:08.085-0300][494.796s][8748][8884 ][info][gc,heap     ] GC(58) y: Young Generation Statistics:
[2026-06-26T17:43:08.085-0300][494.796s][8748][8884 ][info][gc,heap     ] GC(58) y:                Mark Start          Mark End        Relocate Start      Relocate End    
[2026-06-26T17:43:08.085-0300][494.796s][8748][8884 ][info][gc,heap     ] GC(58) y:      Used:      924M (30%)         946M (31%)         490M (16%)          36M (1%)     
[2026-06-26T17:43:08.085-0300][494.796s][8748][8884 ][info][gc,heap     ] GC(58) y:      Live:         -                 5M (0%)            5M (0%)            5M (0%)     
[2026-06-26T17:43:08.085-0300][494.796s][8748][8884 ][info][gc,heap     ] GC(58) y:   Garbage:         -               918M (30%)         462M (15%)           1M (0%)     
[2026-06-26T17:43:08.085-0300][494.796s][8748][8884 ][info][gc,heap     ] GC(58) y: Allocated:         -                22M (1%)           22M (1%)           28M (1%)     
[2026-06-26T17:43:08.085-0300][494.796s][8748][8884 ][info][gc,heap     ] GC(58) y: Reclaimed:         -                  -               456M (15%)         916M (30%)    
[2026-06-26T17:43:08.085-0300][494.796s][8748][8884 ][info][gc,heap     ] GC(58) y:  Promoted:         -                  -                 0M (0%)            0M (0%)     
[2026-06-26T17:43:08.085-0300][494.796s][8748][8884 ][info][gc,heap     ] GC(58) y: Compacted:         -                  -                  -                 3M (0%)     
[2026-06-26T17:43:08.085-0300][494.796s][8748][8884 ][info][gc,phases   ] GC(58) y: Young Generation 2882M(94%)->1994M(65%) 0.064s
[2026-06-26T17:43:08.085-0300][494.796s][8748][8884 ][info][gc          ] GC(58) Minor Collection (High Usage) 2882M(94%)->1994M(65%) 0.064s
[2026-06-26T17:43:33.569-0300][520.280s][8748][8884 ][info][gc          ] GC(59) Minor Collection (High Usage)
[2026-06-26T17:43:33.569-0300][520.280s][8748][8884 ][info][gc,task     ] GC(59) Using 1 Workers for Young Generation
[2026-06-26T17:43:33.569-0300][520.280s][8748][8884 ][info][gc,phases   ] GC(59) y: Young Generation
[2026-06-26T17:43:33.569-0300][520.280s][8748][16824][info][gc,phases   ] GC(59) y: Pause Mark Start 0.013ms
[2026-06-26T17:43:33.615-0300][520.326s][8748][8884 ][info][gc,phases   ] GC(59) y: Concurrent Mark 45.768ms
[2026-06-26T17:43:33.615-0300][520.326s][8748][16824][info][gc,phases   ] GC(59) y: Pause Mark End 0.014ms
[2026-06-26T17:43:33.615-0300][520.326s][8748][8884 ][info][gc,phases   ] GC(59) y: Concurrent Mark Free 0.002ms
[2026-06-26T17:43:33.615-0300][520.326s][8748][8884 ][info][gc,phases   ] GC(59) y: Concurrent Reset Relocation Set 0.007ms
[2026-06-26T17:43:33.615-0300][520.326s][8748][8884 ][info][gc,reloc    ] GC(59) y: Using tenuring threshold: 3 (Computed)
[2026-06-26T17:43:33.616-0300][520.327s][8748][8884 ][info][gc,phases   ] GC(59) y: Concurrent Select Relocation Set 0.686ms
[2026-06-26T17:43:33.616-0300][520.327s][8748][16824][info][gc,phases   ] GC(59) y: Pause Relocate Start 0.005ms
[2026-06-26T17:43:33.620-0300][520.331s][8748][8884 ][info][gc,phases   ] GC(59) y: Concurrent Relocate 4.213ms
[2026-06-26T17:43:33.620-0300][520.331s][8748][8884 ][info][gc,alloc    ] GC(59) y:                         Mark Start        Mark End      Relocate Start    Relocate End   
[2026-06-26T17:43:33.620-0300][520.331s][8748][8884 ][info][gc,alloc    ] GC(59) y: Allocation Stalls:          0                0                0                0         
[2026-06-26T17:43:33.620-0300][520.331s][8748][8884 ][info][gc,load     ] GC(59) y: Load: 0.00 (0%) / 0.00 (0%) / 0.00 (0%)
[2026-06-26T17:43:33.620-0300][520.331s][8748][8884 ][info][gc,mmu      ] GC(59) y: MMU: 2ms/44.2%, 5ms/77.7%, 10ms/88.8%, 20ms/94.4%, 50ms/94.8%, 100ms/97.4%
[2026-06-26T17:43:33.620-0300][520.331s][8748][8884 ][info][gc,marking  ] GC(59) y: Mark: 1 stripe(s), 2 proactive flush(es), 1 terminate flush(es), 0 completion(s), 0 continuation(s) 
[2026-06-26T17:43:33.620-0300][520.331s][8748][8884 ][info][gc,nmethod  ] GC(59) y: NMethods: 16734 registered, 2717 unregistered
[2026-06-26T17:43:33.620-0300][520.331s][8748][8884 ][info][gc,metaspace] GC(59) y: Metaspace: 80M used, 83M committed, 1152M reserved
[2026-06-26T17:43:33.620-0300][520.331s][8748][8884 ][info][gc,reloc    ] GC(59) y:                        Candidates     Selected     In-Place         Size        Empty    Relocated 
[2026-06-26T17:43:33.620-0300][520.331s][8748][8884 ][info][gc,reloc    ] GC(59) y: Small Pages:                  462          145            0         924M         626M           2M 
[2026-06-26T17:43:33.620-0300][520.331s][8748][8884 ][info][gc,reloc    ] GC(59) y: Medium Pages:                   0            0            0           0M           0M           0M 
[2026-06-26T17:43:33.620-0300][520.331s][8748][8884 ][info][gc,reloc    ] GC(59) y: Large Pages:                    0            0            0           0M           0M           0M 
[2026-06-26T17:43:33.620-0300][520.331s][8748][8884 ][info][gc,reloc    ] GC(59) y: Forwarding Usage: 1M
[2026-06-26T17:43:33.620-0300][520.331s][8748][8884 ][info][gc,reloc    ] GC(59) y: Age Table:
[2026-06-26T17:43:33.620-0300][520.331s][8748][8884 ][info][gc,reloc    ] GC(59) y:                    Live             Garbage             Small              Medium             Large        
[2026-06-26T17:43:33.621-0300][520.331s][8748][8884 ][info][gc,reloc    ] GC(59) y: Eden               0M (0%)          909M (30%)        455 / 141            0 / 0              0 / 0        
[2026-06-26T17:43:33.621-0300][520.331s][8748][8884 ][info][gc,reloc    ] GC(59) y: Survivor 1         2M (0%)            5M (0%)           4 / 2              0 / 0              0 / 0        
[2026-06-26T17:43:33.621-0300][520.331s][8748][8884 ][info][gc,reloc    ] GC(59) y: Survivor 2         3M (0%)            2M (0%)           3 / 2              0 / 0              0 / 0        
[2026-06-26T17:43:33.621-0300][520.331s][8748][8884 ][info][gc,heap     ] GC(59) y: Min Capacity: 8M(0%)
[2026-06-26T17:43:33.621-0300][520.331s][8748][8884 ][info][gc,heap     ] GC(59) y: Max Capacity: 3072M(100%)
[2026-06-26T17:43:33.621-0300][520.332s][8748][8884 ][info][gc,heap     ] GC(59) y: Soft Max Capacity: 3072M(100%)
[2026-06-26T17:43:33.621-0300][520.332s][8748][8884 ][info][gc,heap     ] GC(59) y: Heap Statistics:
[2026-06-26T17:43:33.621-0300][520.332s][8748][8884 ][info][gc,heap     ] GC(59) y:                Mark Start          Mark End        Relocate Start      Relocate End           High               Low         
[2026-06-26T17:43:33.621-0300][520.332s][8748][8884 ][info][gc,heap     ] GC(59) y:  Capacity:     2976M (97%)        2976M (97%)        2976M (97%)        2976M (97%)        2976M (97%)        2976M (97%)    
[2026-06-26T17:43:33.621-0300][520.332s][8748][8884 ][info][gc,heap     ] GC(59) y:      Free:      190M (6%)          172M (6%)          798M (26%)        1082M (35%)        1082M (35%)         172M (6%)     
[2026-06-26T17:43:33.621-0300][520.332s][8748][8884 ][info][gc,heap     ] GC(59) y:      Used:     2882M (94%)        2900M (94%)        2274M (74%)        1990M (65%)        2900M (94%)        1990M (65%)    
[2026-06-26T17:43:33.621-0300][520.332s][8748][8884 ][info][gc,heap     ] GC(59) y: Young Generation Statistics:
[2026-06-26T17:43:33.621-0300][520.332s][8748][8884 ][info][gc,heap     ] GC(59) y:                Mark Start          Mark End        Relocate Start      Relocate End    
[2026-06-26T17:43:33.621-0300][520.332s][8748][8884 ][info][gc,heap     ] GC(59) y:      Used:      924M (30%)         942M (31%)         316M (10%)          32M (1%)     
[2026-06-26T17:43:33.621-0300][520.332s][8748][8884 ][info][gc,heap     ] GC(59) y:      Live:         -                 6M (0%)            6M (0%)            6M (0%)     
[2026-06-26T17:43:33.621-0300][520.332s][8748][8884 ][info][gc,heap     ] GC(59) y:   Garbage:         -               917M (30%)         291M (9%)            0M (0%)     
[2026-06-26T17:43:33.621-0300][520.332s][8748][8884 ][info][gc,heap     ] GC(59) y: Allocated:         -                18M (1%)           18M (1%)           24M (1%)     
[2026-06-26T17:43:33.621-0300][520.332s][8748][8884 ][info][gc,heap     ] GC(59) y: Reclaimed:         -                  -               626M (20%)         916M (30%)    
[2026-06-26T17:43:33.621-0300][520.332s][8748][8884 ][info][gc,heap     ] GC(59) y:  Promoted:         -                  -                 0M (0%)            0M (0%)     
[2026-06-26T17:43:33.621-0300][520.332s][8748][8884 ][info][gc,heap     ] GC(59) y: Compacted:         -                  -                  -                 3M (0%)     
[2026-06-26T17:43:33.621-0300][520.332s][8748][8884 ][info][gc,phases   ] GC(59) y: Young Generation 2882M(94%)->1990M(65%) 0.051s
[2026-06-26T17:43:33.621-0300][520.332s][8748][8884 ][info][gc          ] GC(59) Minor Collection (High Usage) 2882M(94%)->1990M(65%) 0.052s
[2026-06-26T17:43:57.969-0300][544.680s][8748][8884 ][info][gc          ] GC(60) Minor Collection (High Usage)
[2026-06-26T17:43:57.969-0300][544.680s][8748][8884 ][info][gc,task     ] GC(60) Using 1 Workers for Young Generation
[2026-06-26T17:43:57.969-0300][544.680s][8748][8884 ][info][gc,phases   ] GC(60) y: Young Generation
[2026-06-26T17:43:57.969-0300][544.680s][8748][16824][info][gc,phases   ] GC(60) y: Pause Mark Start 0.011ms
[2026-06-26T17:43:58.014-0300][544.725s][8748][8884 ][info][gc,phases   ] GC(60) y: Concurrent Mark 44.796ms
[2026-06-26T17:43:58.014-0300][544.725s][8748][16824][info][gc,phases   ] GC(60) y: Pause Mark End 0.012ms
[2026-06-26T17:43:58.014-0300][544.725s][8748][8884 ][info][gc,phases   ] GC(60) y: Concurrent Mark Free 0.003ms
[2026-06-26T17:43:58.014-0300][544.725s][8748][8884 ][info][gc,phases   ] GC(60) y: Concurrent Reset Relocation Set 0.005ms
[2026-06-26T17:43:58.014-0300][544.725s][8748][8884 ][info][gc,reloc    ] GC(60) y: Using tenuring threshold: 4 (Computed)
[2026-06-26T17:43:58.015-0300][544.726s][8748][8884 ][info][gc,phases   ] GC(60) y: Concurrent Select Relocation Set 0.727ms
[2026-06-26T17:43:58.015-0300][544.726s][8748][16824][info][gc,phases   ] GC(60) y: Pause Relocate Start 0.005ms
[2026-06-26T17:43:58.020-0300][544.732s][8748][8884 ][info][gc,phases   ] GC(60) y: Concurrent Relocate 5.562ms
[2026-06-26T17:43:58.020-0300][544.732s][8748][8884 ][info][gc,alloc    ] GC(60) y:                         Mark Start        Mark End      Relocate Start    Relocate End   
[2026-06-26T17:43:58.020-0300][544.732s][8748][8884 ][info][gc,alloc    ] GC(60) y: Allocation Stalls:          0                0                0                0         
[2026-06-26T17:43:58.021-0300][544.732s][8748][8884 ][info][gc,load     ] GC(60) y: Load: 0.00 (0%) / 0.00 (0%) / 0.00 (0%)
[2026-06-26T17:43:58.021-0300][544.732s][8748][8884 ][info][gc,mmu      ] GC(60) y: MMU: 2ms/44.2%, 5ms/77.7%, 10ms/88.8%, 20ms/94.4%, 50ms/94.8%, 100ms/97.4%
[2026-06-26T17:43:58.021-0300][544.732s][8748][8884 ][info][gc,marking  ] GC(60) y: Mark: 1 stripe(s), 2 proactive flush(es), 1 terminate flush(es), 0 completion(s), 0 continuation(s) 
[2026-06-26T17:43:58.021-0300][544.732s][8748][8884 ][info][gc,nmethod  ] GC(60) y: NMethods: 16823 registered, 2717 unregistered
[2026-06-26T17:43:58.021-0300][544.732s][8748][8884 ][info][gc,metaspace] GC(60) y: Metaspace: 80M used, 83M committed, 1152M reserved
[2026-06-26T17:43:58.021-0300][544.732s][8748][8884 ][info][gc,reloc    ] GC(60) y:                        Candidates     Selected     In-Place         Size        Empty    Relocated 
[2026-06-26T17:43:58.021-0300][544.732s][8748][8884 ][info][gc,reloc    ] GC(60) y: Small Pages:                  462          177            0         924M         562M           2M 
[2026-06-26T17:43:58.021-0300][544.732s][8748][8884 ][info][gc,reloc    ] GC(60) y: Medium Pages:                   0            0            0           0M           0M           0M 
[2026-06-26T17:43:58.021-0300][544.732s][8748][8884 ][info][gc,reloc    ] GC(60) y: Large Pages:                    0            0            0           0M           0M           0M 
[2026-06-26T17:43:58.021-0300][544.732s][8748][8884 ][info][gc,reloc    ] GC(60) y: Forwarding Usage: 1M
[2026-06-26T17:43:58.021-0300][544.732s][8748][8884 ][info][gc,reloc    ] GC(60) y: Age Table:
[2026-06-26T17:43:58.021-0300][544.732s][8748][8884 ][info][gc,reloc    ] GC(60) y:                    Live             Garbage             Small              Medium             Large        
[2026-06-26T17:43:58.021-0300][544.732s][8748][8884 ][info][gc,reloc    ] GC(60) y: Eden               0M (0%)          909M (30%)        455 / 174            0 / 0              0 / 0        
[2026-06-26T17:43:58.021-0300][544.732s][8748][8884 ][info][gc,reloc    ] GC(60) y: Survivor 1         0M (0%)            3M (0%)           2 / 1              0 / 0              0 / 0        
[2026-06-26T17:43:58.021-0300][544.732s][8748][8884 ][info][gc,reloc    ] GC(60) y: Survivor 2         2M (0%)            1M (0%)           2 / 0              0 / 0              0 / 0        
[2026-06-26T17:43:58.021-0300][544.732s][8748][8884 ][info][gc,reloc    ] GC(60) y: Survivor 3         3M (0%)            2M (0%)           3 / 2              0 / 0              0 / 0        
[2026-06-26T17:43:58.021-0300][544.732s][8748][8884 ][info][gc,heap     ] GC(60) y: Min Capacity: 8M(0%)
[2026-06-26T17:43:58.021-0300][544.732s][8748][8884 ][info][gc,heap     ] GC(60) y: Max Capacity: 3072M(100%)
[2026-06-26T17:43:58.021-0300][544.732s][8748][8884 ][info][gc,heap     ] GC(60) y: Soft Max Capacity: 3072M(100%)
[2026-06-26T17:43:58.021-0300][544.732s][8748][8884 ][info][gc,heap     ] GC(60) y: Heap Statistics:
[2026-06-26T17:43:58.021-0300][544.732s][8748][8884 ][info][gc,heap     ] GC(60) y:                Mark Start          Mark End        Relocate Start      Relocate End           High               Low         
[2026-06-26T17:43:58.021-0300][544.732s][8748][8884 ][info][gc,heap     ] GC(60) y:  Capacity:     2976M (97%)        2976M (97%)        2976M (97%)        2976M (97%)        2976M (97%)        2976M (97%)    
[2026-06-26T17:43:58.021-0300][544.732s][8748][8884 ][info][gc,heap     ] GC(60) y:      Free:      190M (6%)          180M (6%)          742M (24%)        1082M (35%)        1082M (35%)         180M (6%)     
[2026-06-26T17:43:58.021-0300][544.732s][8748][8884 ][info][gc,heap     ] GC(60) y:      Used:     2882M (94%)        2892M (94%)        2330M (76%)        1990M (65%)        2892M (94%)        1990M (65%)    
[2026-06-26T17:43:58.021-0300][544.732s][8748][8884 ][info][gc,heap     ] GC(60) y: Young Generation Statistics:
[2026-06-26T17:43:58.021-0300][544.732s][8748][8884 ][info][gc,heap     ] GC(60) y:                Mark Start          Mark End        Relocate Start      Relocate End    
[2026-06-26T17:43:58.021-0300][544.732s][8748][8884 ][info][gc,heap     ] GC(60) y:      Used:      924M (30%)         934M (30%)         372M (12%)          32M (1%)     
[2026-06-26T17:43:58.021-0300][544.732s][8748][8884 ][info][gc,heap     ] GC(60) y:      Live:         -                 6M (0%)            6M (0%)            6M (0%)     
[2026-06-26T17:43:58.021-0300][544.732s][8748][8884 ][info][gc,heap     ] GC(60) y:   Garbage:         -               917M (30%)         355M (12%)           0M (0%)     
[2026-06-26T17:43:58.021-0300][544.732s][8748][8884 ][info][gc,heap     ] GC(60) y: Allocated:         -                10M (0%)           10M (0%)           24M (1%)     
[2026-06-26T17:43:58.021-0300][544.732s][8748][8884 ][info][gc,heap     ] GC(60) y: Reclaimed:         -                  -               562M (18%)         916M (30%)    
[2026-06-26T17:43:58.021-0300][544.732s][8748][8884 ][info][gc,heap     ] GC(60) y:  Promoted:         -                  -                 0M (0%)            0M (0%)     
[2026-06-26T17:43:58.021-0300][544.732s][8748][8884 ][info][gc,heap     ] GC(60) y: Compacted:         -                  -                  -                 5M (0%)     
[2026-06-26T17:43:58.021-0300][544.732s][8748][8884 ][info][gc,phases   ] GC(60) y: Young Generation 2882M(94%)->1990M(65%) 0.052s
[2026-06-26T17:43:58.021-0300][544.732s][8748][8884 ][info][gc          ] GC(60) Minor Collection (High Usage) 2882M(94%)->1990M(65%) 0.052s
[2026-06-26T17:44:00.801-0300][547.512s][8748][8616 ][info][gc,heap     ] Uncommitter (0) Uncommitted: 96M(3%) in 6.130ms
[2026-06-26T17:44:23.878-0300][570.589s][8748][8884 ][info][gc          ] GC(61) Minor Collection (High Usage)
[2026-06-26T17:44:23.878-0300][570.589s][8748][8884 ][info][gc,task     ] GC(61) Using 1 Workers for Young Generation
[2026-06-26T17:44:23.878-0300][570.589s][8748][8884 ][info][gc,phases   ] GC(61) y: Young Generation
[2026-06-26T17:44:23.878-0300][570.589s][8748][16824][info][gc,phases   ] GC(61) y: Pause Mark Start 0.010ms
[2026-06-26T17:44:23.926-0300][570.637s][8748][8884 ][info][gc,phases   ] GC(61) y: Concurrent Mark 47.996ms
[2026-06-26T17:44:23.926-0300][570.637s][8748][16824][info][gc,phases   ] GC(61) y: Pause Mark End 0.013ms
[2026-06-26T17:44:23.926-0300][570.638s][8748][8884 ][info][gc,phases   ] GC(61) y: Concurrent Mark Free 0.005ms
[2026-06-26T17:44:23.926-0300][570.638s][8748][8884 ][info][gc,phases   ] GC(61) y: Concurrent Reset Relocation Set 0.010ms
[2026-06-26T17:44:23.927-0300][570.638s][8748][8884 ][info][gc,reloc    ] GC(61) y: Using tenuring threshold: 4 (Computed)
[2026-06-26T17:44:23.929-0300][570.640s][8748][8884 ][info][gc,phases   ] GC(61) y: Concurrent Select Relocation Set 2.167ms
[2026-06-26T17:44:23.929-0300][570.640s][8748][16824][info][gc,phases   ] GC(61) y: Pause Relocate Start 0.014ms
[2026-06-26T17:44:23.934-0300][570.646s][8748][8884 ][info][gc,phases   ] GC(61) y: Concurrent Relocate 5.527ms
[2026-06-26T17:44:23.934-0300][570.646s][8748][8884 ][info][gc,alloc    ] GC(61) y:                         Mark Start        Mark End      Relocate Start    Relocate End   
[2026-06-26T17:44:23.934-0300][570.646s][8748][8884 ][info][gc,alloc    ] GC(61) y: Allocation Stalls:          0                0                0                0         
[2026-06-26T17:44:23.934-0300][570.646s][8748][8884 ][info][gc,load     ] GC(61) y: Load: 0.00 (0%) / 0.00 (0%) / 0.00 (0%)
[2026-06-26T17:44:23.934-0300][570.646s][8748][8884 ][info][gc,mmu      ] GC(61) y: MMU: 2ms/44.2%, 5ms/77.7%, 10ms/88.8%, 20ms/94.4%, 50ms/94.8%, 100ms/97.4%
[2026-06-26T17:44:23.934-0300][570.646s][8748][8884 ][info][gc,marking  ] GC(61) y: Mark: 1 stripe(s), 2 proactive flush(es), 1 terminate flush(es), 0 completion(s), 0 continuation(s) 
[2026-06-26T17:44:23.934-0300][570.646s][8748][8884 ][info][gc,nmethod  ] GC(61) y: NMethods: 16881 registered, 2717 unregistered
[2026-06-26T17:44:23.934-0300][570.646s][8748][8884 ][info][gc,metaspace] GC(61) y: Metaspace: 80M used, 83M committed, 1152M reserved
[2026-06-26T17:44:23.934-0300][570.646s][8748][8884 ][info][gc,reloc    ] GC(61) y:                        Candidates     Selected     In-Place         Size        Empty    Relocated 
[2026-06-26T17:44:23.934-0300][570.646s][8748][8884 ][info][gc,reloc    ] GC(61) y: Small Pages:                  462          159            0         924M         598M           1M 
[2026-06-26T17:44:23.934-0300][570.646s][8748][8884 ][info][gc,reloc    ] GC(61) y: Medium Pages:                   0            0            0           0M           0M           0M 
[2026-06-26T17:44:23.935-0300][570.646s][8748][8884 ][info][gc,reloc    ] GC(61) y: Large Pages:                    0            0            0           0M           0M           0M 
[2026-06-26T17:44:23.935-0300][570.646s][8748][8884 ][info][gc,reloc    ] GC(61) y: Forwarding Usage: 0M
[2026-06-26T17:44:23.935-0300][570.646s][8748][8884 ][info][gc,reloc    ] GC(61) y: Age Table:
[2026-06-26T17:44:23.935-0300][570.646s][8748][8884 ][info][gc,reloc    ] GC(61) y:                    Live             Garbage             Small              Medium             Large        
[2026-06-26T17:44:23.935-0300][570.646s][8748][8884 ][info][gc,reloc    ] GC(61) y: Eden               0M (0%)          901M (29%)        451 / 151            0 / 0              0 / 0        
[2026-06-26T17:44:23.935-0300][570.646s][8748][8884 ][info][gc,reloc    ] GC(61) y: Survivor 1         0M (0%)            3M (0%)           2 / 2              0 / 0              0 / 0        
[2026-06-26T17:44:23.935-0300][570.646s][8748][8884 ][info][gc,reloc    ] GC(61) y: Survivor 2         0M (0%)            3M (0%)           2 / 2              0 / 0              0 / 0        
[2026-06-26T17:44:23.935-0300][570.646s][8748][8884 ][info][gc,reloc    ] GC(61) y: Survivor 3         2M (0%)            5M (0%)           4 / 3              0 / 0              0 / 0        
[2026-06-26T17:44:23.935-0300][570.646s][8748][8884 ][info][gc,reloc    ] GC(61) y: Survivor 4         3M (0%)            2M (0%)           3 / 1              0 / 0              0 / 0        
[2026-06-26T17:44:23.935-0300][570.646s][8748][8884 ][info][gc,heap     ] GC(61) y: Min Capacity: 8M(0%)
[2026-06-26T17:44:23.935-0300][570.646s][8748][8884 ][info][gc,heap     ] GC(61) y: Max Capacity: 3072M(100%)
[2026-06-26T17:44:23.935-0300][570.646s][8748][8884 ][info][gc,heap     ] GC(61) y: Soft Max Capacity: 3072M(100%)
[2026-06-26T17:44:23.935-0300][570.646s][8748][8884 ][info][gc,heap     ] GC(61) y: Heap Statistics:
[2026-06-26T17:44:23.935-0300][570.646s][8748][8884 ][info][gc,heap     ] GC(61) y:                Mark Start          Mark End        Relocate Start      Relocate End           High               Low         
[2026-06-26T17:44:23.935-0300][570.646s][8748][8884 ][info][gc,heap     ] GC(61) y:  Capacity:     2976M (97%)        2976M (97%)        2976M (97%)        2976M (97%)        2976M (97%)        2976M (97%)    
[2026-06-26T17:44:23.935-0300][570.646s][8748][8884 ][info][gc,heap     ] GC(61) y:      Free:      190M (6%)          174M (6%)          772M (25%)        1064M (35%)        1066M (35%)         174M (6%)     
[2026-06-26T17:44:23.935-0300][570.646s][8748][8884 ][info][gc,heap     ] GC(61) y:      Used:     2882M (94%)        2898M (94%)        2300M (75%)        2008M (65%)        2898M (94%)        2006M (65%)    
[2026-06-26T17:44:23.935-0300][570.646s][8748][8884 ][info][gc,heap     ] GC(61) y: Young Generation Statistics:
[2026-06-26T17:44:23.935-0300][570.646s][8748][8884 ][info][gc,heap     ] GC(61) y:                Mark Start          Mark End        Relocate Start      Relocate End    
[2026-06-26T17:44:23.935-0300][570.646s][8748][8884 ][info][gc,heap     ] GC(61) y:      Used:      924M (30%)         940M (31%)         338M (11%)          44M (1%)     
[2026-06-26T17:44:23.935-0300][570.646s][8748][8884 ][info][gc,heap     ] GC(61) y:      Live:         -                 6M (0%)            3M (0%)            3M (0%)     
[2026-06-26T17:44:23.935-0300][570.646s][8748][8884 ][info][gc,heap     ] GC(61) y:   Garbage:         -               917M (30%)         318M (10%)           0M (0%)     
[2026-06-26T17:44:23.935-0300][570.646s][8748][8884 ][info][gc,heap     ] GC(61) y: Allocated:         -                16M (1%)           16M (1%)           40M (1%)     
[2026-06-26T17:44:23.935-0300][570.646s][8748][8884 ][info][gc,heap     ] GC(61) y: Reclaimed:         -                  -               598M (19%)         917M (30%)    
[2026-06-26T17:44:23.935-0300][570.646s][8748][8884 ][info][gc,heap     ] GC(61) y:  Promoted:         -                  -                 3M (0%)            3M (0%)     
[2026-06-26T17:44:23.935-0300][570.646s][8748][8884 ][info][gc,heap     ] GC(61) y: Compacted:         -                  -                  -                 1M (0%)     
[2026-06-26T17:44:23.935-0300][570.646s][8748][8884 ][info][gc,phases   ] GC(61) y: Young Generation 2882M(94%)->2008M(65%) 0.056s
[2026-06-26T17:44:23.935-0300][570.646s][8748][8884 ][info][gc          ] GC(61) Minor Collection (High Usage) 2882M(94%)->2008M(65%) 0.057s
[2026-06-26T17:44:54.869-0300][601.580s][8748][8884 ][info][gc          ] GC(62) Minor Collection (High Usage)
[2026-06-26T17:44:54.869-0300][601.580s][8748][8884 ][info][gc,task     ] GC(62) Using 1 Workers for Young Generation
[2026-06-26T17:44:54.869-0300][601.580s][8748][8884 ][info][gc,phases   ] GC(62) y: Young Generation
[2026-06-26T17:44:54.869-0300][601.580s][8748][16824][info][gc,phases   ] GC(62) y: Pause Mark Start 0.012ms
[2026-06-26T17:44:54.963-0300][601.674s][8748][8884 ][info][gc,phases   ] GC(62) y: Concurrent Mark 93.455ms
[2026-06-26T17:44:54.963-0300][601.674s][8748][16824][info][gc,phases   ] GC(62) y: Pause Mark End 0.013ms
[2026-06-26T17:44:54.963-0300][601.674s][8748][8884 ][info][gc,phases   ] GC(62) y: Concurrent Mark Free 0.002ms
[2026-06-26T17:44:54.963-0300][601.674s][8748][8884 ][info][gc,phases   ] GC(62) y: Concurrent Reset Relocation Set 0.048ms
[2026-06-26T17:44:54.963-0300][601.674s][8748][8884 ][info][gc,reloc    ] GC(62) y: Using tenuring threshold: 3 (Computed)
[2026-06-26T17:44:54.965-0300][601.676s][8748][8884 ][info][gc,phases   ] GC(62) y: Concurrent Select Relocation Set 1.680ms
[2026-06-26T17:44:54.965-0300][601.676s][8748][16824][info][gc,phases   ] GC(62) y: Pause Relocate Start 0.008ms
[2026-06-26T17:44:54.976-0300][601.687s][8748][8884 ][info][gc,phases   ] GC(62) y: Concurrent Relocate 11.069ms
[2026-06-26T17:44:54.976-0300][601.687s][8748][8884 ][info][gc,alloc    ] GC(62) y:                         Mark Start        Mark End      Relocate Start    Relocate End   
[2026-06-26T17:44:54.976-0300][601.687s][8748][8884 ][info][gc,alloc    ] GC(62) y: Allocation Stalls:          0                0                0                0         
[2026-06-26T17:44:54.976-0300][601.687s][8748][8884 ][info][gc,load     ] GC(62) y: Load: 0.00 (0%) / 0.00 (0%) / 0.00 (0%)
[2026-06-26T17:44:54.976-0300][601.687s][8748][8884 ][info][gc,mmu      ] GC(62) y: MMU: 2ms/44.2%, 5ms/77.7%, 10ms/88.8%, 20ms/94.4%, 50ms/94.8%, 100ms/97.4%
[2026-06-26T17:44:54.976-0300][601.687s][8748][8884 ][info][gc,marking  ] GC(62) y: Mark: 1 stripe(s), 2 proactive flush(es), 1 terminate flush(es), 0 completion(s), 0 continuation(s) 
[2026-06-26T17:44:54.976-0300][601.687s][8748][8884 ][info][gc,nmethod  ] GC(62) y: NMethods: 17168 registered, 2717 unregistered
[2026-06-26T17:44:54.976-0300][601.687s][8748][8884 ][info][gc,metaspace] GC(62) y: Metaspace: 80M used, 83M committed, 1152M reserved
[2026-06-26T17:44:54.976-0300][601.687s][8748][8884 ][info][gc,reloc    ] GC(62) y:                        Candidates     Selected     In-Place         Size        Empty    Relocated 
[2026-06-26T17:44:54.976-0300][601.687s][8748][8884 ][info][gc,reloc    ] GC(62) y: Small Pages:                  459          267            0         918M         370M           6M 
[2026-06-26T17:44:54.976-0300][601.687s][8748][8884 ][info][gc,reloc    ] GC(62) y: Medium Pages:                   0            0            0           0M           0M           0M 
[2026-06-26T17:44:54.976-0300][601.687s][8748][8884 ][info][gc,reloc    ] GC(62) y: Large Pages:                    0            0            0           0M           0M           0M 
[2026-06-26T17:44:54.976-0300][601.687s][8748][8884 ][info][gc,reloc    ] GC(62) y: Forwarding Usage: 3M
[2026-06-26T17:44:54.976-0300][601.687s][8748][8884 ][info][gc,reloc    ] GC(62) y: Age Table:
[2026-06-26T17:44:54.976-0300][601.687s][8748][8884 ][info][gc,reloc    ] GC(62) y:                    Live             Garbage             Small              Medium             Large        
[2026-06-26T17:44:54.976-0300][601.687s][8748][8884 ][info][gc,reloc    ] GC(62) y: Eden               8M (0%)          883M (29%)        446 / 256            0 / 0              0 / 0        
[2026-06-26T17:44:54.976-0300][601.687s][8748][8884 ][info][gc,reloc    ] GC(62) y: Survivor 1         0M (0%)            5M (0%)           3 / 3              0 / 0              0 / 0        
[2026-06-26T17:44:54.976-0300][601.687s][8748][8884 ][info][gc,reloc    ] GC(62) y: Survivor 2         0M (0%)            5M (0%)           3 / 3              0 / 0              0 / 0        
[2026-06-26T17:44:54.976-0300][601.687s][8748][8884 ][info][gc,reloc    ] GC(62) y: Survivor 3         0M (0%)            5M (0%)           3 / 2              0 / 0              0 / 0        
[2026-06-26T17:44:54.976-0300][601.687s][8748][8884 ][info][gc,reloc    ] GC(62) y: Survivor 4         1M (0%)            6M (0%)           4 / 3              0 / 0              0 / 0        
[2026-06-26T17:44:54.976-0300][601.687s][8748][8884 ][info][gc,heap     ] GC(62) y: Min Capacity: 8M(0%)
[2026-06-26T17:44:54.976-0300][601.687s][8748][8884 ][info][gc,heap     ] GC(62) y: Max Capacity: 3072M(100%)
[2026-06-26T17:44:54.976-0300][601.687s][8748][8884 ][info][gc,heap     ] GC(62) y: Soft Max Capacity: 3072M(100%)
[2026-06-26T17:44:54.976-0300][601.687s][8748][8884 ][info][gc,heap     ] GC(62) y: Heap Statistics:
[2026-06-26T17:44:54.976-0300][601.687s][8748][8884 ][info][gc,heap     ] GC(62) y:                Mark Start          Mark End        Relocate Start      Relocate End           High               Low         
[2026-06-26T17:44:54.976-0300][601.687s][8748][8884 ][info][gc,heap     ] GC(62) y:  Capacity:     2976M (97%)        2976M (97%)        2976M (97%)        2976M (97%)        2976M (97%)        2976M (97%)    
[2026-06-26T17:44:54.976-0300][601.687s][8748][8884 ][info][gc,heap     ] GC(62) y:      Free:      190M (6%)          172M (6%)          542M (18%)        1064M (35%)        1064M (35%)         172M (6%)     
[2026-06-26T17:44:54.976-0300][601.687s][8748][8884 ][info][gc,heap     ] GC(62) y:      Used:     2882M (94%)        2900M (94%)        2530M (82%)        2008M (65%)        2900M (94%)        2008M (65%)    
[2026-06-26T17:44:54.976-0300][601.687s][8748][8884 ][info][gc,heap     ] GC(62) y: Young Generation Statistics:
[2026-06-26T17:44:54.976-0300][601.687s][8748][8884 ][info][gc,heap     ] GC(62) y:                Mark Start          Mark End        Relocate Start      Relocate End    
[2026-06-26T17:44:54.976-0300][601.687s][8748][8884 ][info][gc,heap     ] GC(62) y:      Used:      918M (30%)         936M (30%)         566M (18%)          42M (1%)     
[2026-06-26T17:44:54.976-0300][601.687s][8748][8884 ][info][gc,heap     ] GC(62) y:      Live:         -                10M (0%)           10M (0%)            9M (0%)     
[2026-06-26T17:44:54.976-0300][601.687s][8748][8884 ][info][gc,heap     ] GC(62) y:   Garbage:         -               907M (30%)         537M (17%)           1M (0%)     
[2026-06-26T17:44:54.976-0300][601.687s][8748][8884 ][info][gc,heap     ] GC(62) y: Allocated:         -                18M (1%)           18M (1%)           31M (1%)     
[2026-06-26T17:44:54.976-0300][601.687s][8748][8884 ][info][gc,heap     ] GC(62) y: Reclaimed:         -                  -               370M (12%)         905M (29%)    
[2026-06-26T17:44:54.976-0300][601.687s][8748][8884 ][info][gc,heap     ] GC(62) y:  Promoted:         -                  -                 0M (0%)            1M (0%)     
[2026-06-26T17:44:54.976-0300][601.687s][8748][8884 ][info][gc,heap     ] GC(62) y: Compacted:         -                  -                  -                 6M (0%)     
[2026-06-26T17:44:54.976-0300][601.687s][8748][8884 ][info][gc,phases   ] GC(62) y: Young Generation 2882M(94%)->2008M(65%) 0.107s
[2026-06-26T17:44:54.976-0300][601.687s][8748][8884 ][info][gc          ] GC(62) Minor Collection (High Usage) 2882M(94%)->2008M(65%) 0.107s
[2026-06-26T17:45:26.818-0300][633.528s][8748][8884 ][info][gc          ] GC(63) Minor Collection (High Usage)
[2026-06-26T17:45:26.818-0300][633.528s][8748][8884 ][info][gc,task     ] GC(63) Using 1 Workers for Young Generation
[2026-06-26T17:45:26.818-0300][633.528s][8748][8884 ][info][gc,phases   ] GC(63) y: Young Generation
[2026-06-26T17:45:26.818-0300][633.528s][8748][16824][info][gc,phases   ] GC(63) y: Pause Mark Start 0.011ms
[2026-06-26T17:45:26.906-0300][633.617s][8748][8884 ][info][gc,phases   ] GC(63) y: Concurrent Mark 88.175ms
[2026-06-26T17:45:26.906-0300][633.617s][8748][16824][info][gc,phases   ] GC(63) y: Pause Mark End 0.011ms
[2026-06-26T17:45:26.906-0300][633.617s][8748][8884 ][info][gc,phases   ] GC(63) y: Concurrent Mark Free 0.002ms
[2026-06-26T17:45:26.906-0300][633.617s][8748][8884 ][info][gc,phases   ] GC(63) y: Concurrent Reset Relocation Set 0.008ms
[2026-06-26T17:45:26.906-0300][633.617s][8748][8884 ][info][gc,reloc    ] GC(63) y: Using tenuring threshold: 3 (Computed)
[2026-06-26T17:45:26.907-0300][633.617s][8748][8884 ][info][gc,phases   ] GC(63) y: Concurrent Select Relocation Set 0.575ms
[2026-06-26T17:45:26.907-0300][633.618s][8748][16824][info][gc,phases   ] GC(63) y: Pause Relocate Start 0.005ms
[2026-06-26T17:45:26.914-0300][633.625s][8748][8884 ][info][gc,phases   ] GC(63) y: Concurrent Relocate 7.688ms
[2026-06-26T17:45:26.914-0300][633.625s][8748][8884 ][info][gc,alloc    ] GC(63) y:                         Mark Start        Mark End      Relocate Start    Relocate End   
[2026-06-26T17:45:26.914-0300][633.625s][8748][8884 ][info][gc,alloc    ] GC(63) y: Allocation Stalls:          0                0                0                0         
[2026-06-26T17:45:26.914-0300][633.625s][8748][8884 ][info][gc,load     ] GC(63) y: Load: 0.00 (0%) / 0.00 (0%) / 0.00 (0%)
[2026-06-26T17:45:26.914-0300][633.625s][8748][8884 ][info][gc,mmu      ] GC(63) y: MMU: 2ms/44.2%, 5ms/77.7%, 10ms/88.8%, 20ms/94.4%, 50ms/94.8%, 100ms/97.4%
[2026-06-26T17:45:26.914-0300][633.625s][8748][8884 ][info][gc,marking  ] GC(63) y: Mark: 1 stripe(s), 2 proactive flush(es), 1 terminate flush(es), 0 completion(s), 0 continuation(s) 
[2026-06-26T17:45:26.914-0300][633.625s][8748][8884 ][info][gc,nmethod  ] GC(63) y: NMethods: 17298 registered, 2717 unregistered
[2026-06-26T17:45:26.914-0300][633.625s][8748][8884 ][info][gc,metaspace] GC(63) y: Metaspace: 80M used, 83M committed, 1152M reserved
[2026-06-26T17:45:26.914-0300][633.625s][8748][8884 ][info][gc,reloc    ] GC(63) y:                        Candidates     Selected     In-Place         Size        Empty    Relocated 
[2026-06-26T17:45:26.914-0300][633.625s][8748][8884 ][info][gc,reloc    ] GC(63) y: Small Pages:                  458          194            0         916M         514M           3M 
[2026-06-26T17:45:26.914-0300][633.625s][8748][8884 ][info][gc,reloc    ] GC(63) y: Medium Pages:                   0            0            0           0M           0M           0M 
[2026-06-26T17:45:26.914-0300][633.625s][8748][8884 ][info][gc,reloc    ] GC(63) y: Large Pages:                    0            0            0           0M           0M           0M 
[2026-06-26T17:45:26.914-0300][633.625s][8748][8884 ][info][gc,reloc    ] GC(63) y: Forwarding Usage: 2M
[2026-06-26T17:45:26.914-0300][633.625s][8748][8884 ][info][gc,reloc    ] GC(63) y: Age Table:
[2026-06-26T17:45:26.914-0300][633.625s][8748][8884 ][info][gc,reloc    ] GC(63) y:                    Live             Garbage             Small              Medium             Large        
[2026-06-26T17:45:26.914-0300][633.625s][8748][8884 ][info][gc,reloc    ] GC(63) y: Eden               4M (0%)          887M (29%)        446 / 186            0 / 0              0 / 0        
[2026-06-26T17:45:26.914-0300][633.625s][8748][8884 ][info][gc,reloc    ] GC(63) y: Survivor 1         6M (0%)            9M (0%)           8 / 4              0 / 0              0 / 0        
[2026-06-26T17:45:26.914-0300][633.625s][8748][8884 ][info][gc,reloc    ] GC(63) y: Survivor 2         0M (0%)            3M (0%)           2 / 2              0 / 0              0 / 0        
[2026-06-26T17:45:26.914-0300][633.625s][8748][8884 ][info][gc,reloc    ] GC(63) y: Survivor 3         0M (0%)            3M (0%)           2 / 2              0 / 0              0 / 0        
[2026-06-26T17:45:26.914-0300][633.625s][8748][8884 ][info][gc,heap     ] GC(63) y: Min Capacity: 8M(0%)
[2026-06-26T17:45:26.914-0300][633.625s][8748][8884 ][info][gc,heap     ] GC(63) y: Max Capacity: 3072M(100%)
[2026-06-26T17:45:26.915-0300][633.625s][8748][8884 ][info][gc,heap     ] GC(63) y: Soft Max Capacity: 3072M(100%)
[2026-06-26T17:45:26.915-0300][633.626s][8748][8884 ][info][gc,heap     ] GC(63) y: Heap Statistics:
[2026-06-26T17:45:26.915-0300][633.626s][8748][8884 ][info][gc,heap     ] GC(63) y:                Mark Start          Mark End        Relocate Start      Relocate End           High               Low         
[2026-06-26T17:45:26.915-0300][633.626s][8748][8884 ][info][gc,heap     ] GC(63) y:  Capacity:     2976M (97%)        2976M (97%)        2976M (97%)        2976M (97%)        2976M (97%)        2976M (97%)    
[2026-06-26T17:45:26.915-0300][633.626s][8748][8884 ][info][gc,heap     ] GC(63) y:      Free:      190M (6%)          172M (6%)          686M (22%)        1062M (35%)        1062M (35%)         172M (6%)     
[2026-06-26T17:45:26.915-0300][633.626s][8748][8884 ][info][gc,heap     ] GC(63) y:      Used:     2882M (94%)        2900M (94%)        2386M (78%)        2010M (65%)        2900M (94%)        2010M (65%)    
[2026-06-26T17:45:26.915-0300][633.626s][8748][8884 ][info][gc,heap     ] GC(63) y: Young Generation Statistics:
[2026-06-26T17:45:26.915-0300][633.626s][8748][8884 ][info][gc,heap     ] GC(63) y:                Mark Start          Mark End        Relocate Start      Relocate End    
[2026-06-26T17:45:26.915-0300][633.626s][8748][8884 ][info][gc,heap     ] GC(63) y:      Used:      916M (30%)         934M (30%)         420M (14%)          42M (1%)     
[2026-06-26T17:45:26.915-0300][633.626s][8748][8884 ][info][gc,heap     ] GC(63) y:      Live:         -                11M (0%)           11M (0%)           10M (0%)     
[2026-06-26T17:45:26.915-0300][633.626s][8748][8884 ][info][gc,heap     ] GC(63) y:   Garbage:         -               904M (29%)         390M (13%)           1M (0%)     
[2026-06-26T17:45:26.915-0300][633.626s][8748][8884 ][info][gc,heap     ] GC(63) y: Allocated:         -                18M (1%)           18M (1%)           29M (1%)     
[2026-06-26T17:45:26.915-0300][633.626s][8748][8884 ][info][gc,heap     ] GC(63) y: Reclaimed:         -                  -               514M (17%)         903M (29%)    
[2026-06-26T17:45:26.915-0300][633.626s][8748][8884 ][info][gc,heap     ] GC(63) y:  Promoted:         -                  -                 0M (0%)            0M (0%)     
[2026-06-26T17:45:26.915-0300][633.626s][8748][8884 ][info][gc,heap     ] GC(63) y: Compacted:         -                  -                  -                 6M (0%)     
[2026-06-26T17:45:26.915-0300][633.626s][8748][8884 ][info][gc,phases   ] GC(63) y: Young Generation 2882M(94%)->2010M(65%) 0.097s
[2026-06-26T17:45:26.915-0300][633.626s][8748][8884 ][info][gc          ] GC(63) Minor Collection (High Usage) 2882M(94%)->2010M(65%) 0.097s
[2026-06-26T17:45:48.286-0300][654.996s][8748][7584 ][info][gc          ] GC(64) Major Collection (Proactive)
[2026-06-26T17:45:48.286-0300][654.996s][8748][7584 ][info][gc,task     ] GC(64) Using 1 Workers for Young Generation
[2026-06-26T17:45:48.286-0300][654.996s][8748][7584 ][info][gc,task     ] GC(64) Using 1 Workers for Old Generation
[2026-06-26T17:45:48.286-0300][654.996s][8748][7584 ][info][gc,phases   ] GC(64) Y: Young Generation
[2026-06-26T17:45:48.286-0300][654.997s][8748][16824][info][gc,phases   ] GC(64) Y: Pause Mark Start (Major) 0.011ms
[2026-06-26T17:45:48.369-0300][655.080s][8748][7584 ][info][gc,phases   ] GC(64) Y: Concurrent Mark 83.841ms
[2026-06-26T17:45:48.369-0300][655.081s][8748][16824][info][gc,phases   ] GC(64) Y: Pause Mark End 0.014ms
[2026-06-26T17:45:48.369-0300][655.081s][8748][7584 ][info][gc,phases   ] GC(64) Y: Concurrent Mark Free 0.002ms
[2026-06-26T17:45:48.369-0300][655.081s][8748][7584 ][info][gc,phases   ] GC(64) Y: Concurrent Reset Relocation Set 0.007ms
[2026-06-26T17:45:48.369-0300][655.081s][8748][7584 ][info][gc,reloc    ] GC(64) Y: Using tenuring threshold: 4 (Computed)
[2026-06-26T17:45:48.369-0300][655.081s][8748][7584 ][info][gc,phases   ] GC(64) Y: Concurrent Select Relocation Set 0.428ms
[2026-06-26T17:45:48.369-0300][655.081s][8748][16824][info][gc,phases   ] GC(64) Y: Pause Relocate Start 0.005ms
[2026-06-26T17:45:48.377-0300][655.088s][8748][7584 ][info][gc,phases   ] GC(64) Y: Concurrent Relocate 7.183ms
[2026-06-26T17:45:48.377-0300][655.088s][8748][7584 ][info][gc,alloc    ] GC(64) Y:                         Mark Start        Mark End      Relocate Start    Relocate End   
[2026-06-26T17:45:48.377-0300][655.088s][8748][7584 ][info][gc,alloc    ] GC(64) Y: Allocation Stalls:          0                0                0                0         
[2026-06-26T17:45:48.377-0300][655.088s][8748][7584 ][info][gc,load     ] GC(64) Y: Load: 0.00 (0%) / 0.00 (0%) / 0.00 (0%)
[2026-06-26T17:45:48.377-0300][655.088s][8748][7584 ][info][gc,mmu      ] GC(64) Y: MMU: 2ms/44.2%, 5ms/77.7%, 10ms/88.8%, 20ms/94.4%, 50ms/94.8%, 100ms/97.4%
[2026-06-26T17:45:48.377-0300][655.088s][8748][7584 ][info][gc,marking  ] GC(64) Y: Mark: 1 stripe(s), 2 proactive flush(es), 1 terminate flush(es), 0 completion(s), 0 continuation(s) 
[2026-06-26T17:45:48.377-0300][655.088s][8748][7584 ][info][gc,nmethod  ] GC(64) Y: NMethods: 17390 registered, 2717 unregistered
[2026-06-26T17:45:48.377-0300][655.088s][8748][7584 ][info][gc,metaspace] GC(64) Y: Metaspace: 80M used, 83M committed, 1152M reserved
[2026-06-26T17:45:48.377-0300][655.088s][8748][7584 ][info][gc,reloc    ] GC(64) Y:                        Candidates     Selected     In-Place         Size        Empty    Relocated 
[2026-06-26T17:45:48.377-0300][655.088s][8748][7584 ][info][gc,reloc    ] GC(64) Y: Small Pages:                  395          141            0         790M         490M           4M 
[2026-06-26T17:45:48.377-0300][655.088s][8748][7584 ][info][gc,reloc    ] GC(64) Y: Medium Pages:                   0            0            0           0M           0M           0M 
[2026-06-26T17:45:48.377-0300][655.088s][8748][7584 ][info][gc,reloc    ] GC(64) Y: Large Pages:                    0            0            0           0M           0M           0M 
[2026-06-26T17:45:48.377-0300][655.088s][8748][7584 ][info][gc,reloc    ] GC(64) Y: Forwarding Usage: 2M
[2026-06-26T17:45:48.377-0300][655.088s][8748][7584 ][info][gc,reloc    ] GC(64) Y: Age Table:
[2026-06-26T17:45:48.377-0300][655.089s][8748][7584 ][info][gc,reloc    ] GC(64) Y:                    Live             Garbage             Small              Medium             Large        
[2026-06-26T17:45:48.377-0300][655.089s][8748][7584 ][info][gc,reloc    ] GC(64) Y: Eden               5M (0%)          760M (25%)        383 / 135            0 / 0              0 / 0        
[2026-06-26T17:45:48.377-0300][655.089s][8748][7584 ][info][gc,reloc    ] GC(64) Y: Survivor 1         3M (0%)            4M (0%)           4 / 3              0 / 0              0 / 0        
[2026-06-26T17:45:48.377-0300][655.089s][8748][7584 ][info][gc,reloc    ] GC(64) Y: Survivor 2         6M (0%)            5M (0%)           6 / 2              0 / 0              0 / 0        
[2026-06-26T17:45:48.377-0300][655.089s][8748][7584 ][info][gc,reloc    ] GC(64) Y: Survivor 3         0M (0%)            3M (0%)           2 / 1              0 / 0              0 / 0        
[2026-06-26T17:45:48.377-0300][655.089s][8748][7584 ][info][gc,heap     ] GC(64) Y: Min Capacity: 8M(0%)
[2026-06-26T17:45:48.377-0300][655.089s][8748][7584 ][info][gc,heap     ] GC(64) Y: Max Capacity: 3072M(100%)
[2026-06-26T17:45:48.377-0300][655.089s][8748][7584 ][info][gc,heap     ] GC(64) Y: Soft Max Capacity: 3072M(100%)
[2026-06-26T17:45:48.377-0300][655.089s][8748][7584 ][info][gc,heap     ] GC(64) Y: Heap Statistics:
[2026-06-26T17:45:48.377-0300][655.089s][8748][7584 ][info][gc,heap     ] GC(64) Y:                Mark Start          Mark End        Relocate Start      Relocate End           High               Low         
[2026-06-26T17:45:48.377-0300][655.089s][8748][7584 ][info][gc,heap     ] GC(64) Y:  Capacity:     2976M (97%)        2976M (97%)        2976M (97%)        2976M (97%)        2976M (97%)        2976M (97%)    
[2026-06-26T17:45:48.377-0300][655.089s][8748][7584 ][info][gc,heap     ] GC(64) Y:      Free:      314M (10%)         298M (10%)         788M (26%)        1050M (34%)        1050M (34%)         298M (10%)    
[2026-06-26T17:45:48.377-0300][655.089s][8748][7584 ][info][gc,heap     ] GC(64) Y:      Used:     2758M (90%)        2774M (90%)        2284M (74%)        2022M (66%)        2774M (90%)        2022M (66%)    
[2026-06-26T17:45:48.377-0300][655.089s][8748][7584 ][info][gc,heap     ] GC(64) Y: Young Generation Statistics:
[2026-06-26T17:45:48.377-0300][655.089s][8748][7584 ][info][gc,heap     ] GC(64) Y:                Mark Start          Mark End        Relocate Start      Relocate End    
[2026-06-26T17:45:48.377-0300][655.089s][8748][7584 ][info][gc,heap     ] GC(64) Y:      Used:      790M (26%)         806M (26%)         316M (10%)          54M (2%)     
[2026-06-26T17:45:48.377-0300][655.089s][8748][7584 ][info][gc,heap     ] GC(64) Y:      Live:         -                14M (0%)           14M (0%)           14M (0%)     
[2026-06-26T17:45:48.377-0300][655.089s][8748][7584 ][info][gc,heap     ] GC(64) Y:   Garbage:         -               775M (25%)         285M (9%)            2M (0%)     
[2026-06-26T17:45:48.377-0300][655.089s][8748][7584 ][info][gc,heap     ] GC(64) Y: Allocated:         -                16M (1%)           16M (1%)           37M (1%)     
[2026-06-26T17:45:48.377-0300][655.089s][8748][7584 ][info][gc,heap     ] GC(64) Y: Reclaimed:         -                  -               490M (16%)         773M (25%)    
[2026-06-26T17:45:48.377-0300][655.089s][8748][7584 ][info][gc,heap     ] GC(64) Y:  Promoted:         -                  -                 0M (0%)            0M (0%)     
[2026-06-26T17:45:48.377-0300][655.089s][8748][7584 ][info][gc,heap     ] GC(64) Y: Compacted:         -                  -                  -                 6M (0%)     
[2026-06-26T17:45:48.377-0300][655.089s][8748][7584 ][info][gc,phases   ] GC(64) Y: Young Generation 2758M(90%)->2022M(66%) 0.092s
[2026-06-26T17:45:48.377-0300][655.089s][8748][7584 ][info][gc,phases   ] GC(64) O: Old Generation
[2026-06-26T17:45:51.535-0300][658.246s][8748][7584 ][info][gc,phases   ] GC(64) O: Concurrent Mark 3157.421ms
[2026-06-26T17:45:51.535-0300][658.246s][8748][16824][info][gc,phases   ] GC(64) O: Pause Mark End 0.014ms
[2026-06-26T17:45:51.535-0300][658.246s][8748][7584 ][info][gc,phases   ] GC(64) O: Concurrent Mark Free 0.001ms
[2026-06-26T17:45:51.580-0300][658.292s][8748][7584 ][info][gc,phases   ] GC(64) O: Concurrent Process Non-Strong 45.524ms
[2026-06-26T17:45:51.581-0300][658.292s][8748][7584 ][info][gc,phases   ] GC(64) O: Concurrent Reset Relocation Set 0.024ms
[2026-06-26T17:45:51.584-0300][658.295s][8748][7584 ][info][gc,phases   ] GC(64) O: Concurrent Select Relocation Set 3.379ms
[2026-06-26T17:45:51.584-0300][658.295s][8748][7584 ][info][gc,task     ] GC(64) O: Using 2 Workers for Old Generation
[2026-06-26T17:45:51.596-0300][658.308s][8748][7584 ][info][gc,task     ] GC(64) O: Using 1 Workers for Old Generation
[2026-06-26T17:45:51.596-0300][658.308s][8748][7584 ][info][gc,phases   ] GC(64) O: Concurrent Remap Roots 12.675ms
[2026-06-26T17:45:51.597-0300][658.308s][8748][16824][info][gc,phases   ] GC(64) O: Pause Relocate Start 0.019ms
[2026-06-26T17:45:51.658-0300][658.369s][8748][7584 ][info][gc,phases   ] GC(64) O: Concurrent Relocate 61.082ms
[2026-06-26T17:45:51.658-0300][658.369s][8748][7584 ][info][gc,alloc    ] GC(64) O:                         Mark Start        Mark End      Relocate Start    Relocate End   
[2026-06-26T17:45:51.658-0300][658.369s][8748][7584 ][info][gc,alloc    ] GC(64) O: Allocation Stalls:          0                0                0                0         
[2026-06-26T17:45:51.658-0300][658.369s][8748][7584 ][info][gc,load     ] GC(64) O: Load: 0.00 (0%) / 0.00 (0%) / 0.00 (0%)
[2026-06-26T17:45:51.658-0300][658.369s][8748][7584 ][info][gc,mmu      ] GC(64) O: MMU: 2ms/44.2%, 5ms/77.7%, 10ms/88.8%, 20ms/94.4%, 50ms/94.8%, 100ms/97.4%
[2026-06-26T17:45:51.658-0300][658.369s][8748][7584 ][info][gc,marking  ] GC(64) O: Mark: 1 stripe(s), 2 proactive flush(es), 1 terminate flush(es), 0 completion(s), 0 continuation(s) 
[2026-06-26T17:45:51.658-0300][658.369s][8748][7584 ][info][gc,nmethod  ] GC(64) O: NMethods: 16828 registered, 3285 unregistered
[2026-06-26T17:45:51.658-0300][658.369s][8748][7584 ][info][gc,metaspace] GC(64) O: Metaspace: 80M used, 83M committed, 1152M reserved
[2026-06-26T17:45:51.658-0300][658.369s][8748][7584 ][info][gc,ref      ] GC(64) O:                       Encountered   Discovered     Enqueued 
[2026-06-26T17:45:51.658-0300][658.369s][8748][7584 ][info][gc,ref      ] GC(64) O: Soft References:             6105            0            0 
[2026-06-26T17:45:51.658-0300][658.369s][8748][7584 ][info][gc,ref      ] GC(64) O: Weak References:             6454         3549           47 
[2026-06-26T17:45:51.658-0300][658.369s][8748][7584 ][info][gc,ref      ] GC(64) O: Final References:              16            0            0 
[2026-06-26T17:45:51.658-0300][658.369s][8748][7584 ][info][gc,ref      ] GC(64) O: Phantom References:         10199         8424          555 
[2026-06-26T17:45:51.658-0300][658.369s][8748][7584 ][info][gc,reloc    ] GC(64) O:                        Candidates     Selected     In-Place         Size        Empty    Relocated 
[2026-06-26T17:45:51.658-0300][658.369s][8748][7584 ][info][gc,reloc    ] GC(64) O: Small Pages:                  906           22            0        1812M           0M           9M 
[2026-06-26T17:45:51.658-0300][658.369s][8748][7584 ][info][gc,reloc    ] GC(64) O: Medium Pages:                   3            0            0          96M          32M           0M 
[2026-06-26T17:45:51.658-0300][658.369s][8748][7584 ][info][gc,reloc    ] GC(64) O: Large Pages:                    5            0            0          60M           0M           0M 
[2026-06-26T17:45:51.658-0300][658.369s][8748][7584 ][info][gc,reloc    ] GC(64) O: Forwarding Usage: 17M
[2026-06-26T17:45:51.658-0300][658.369s][8748][7584 ][info][gc,heap     ] GC(64) O: Min Capacity: 8M(0%)
[2026-06-26T17:45:51.658-0300][658.370s][8748][7584 ][info][gc,heap     ] GC(64) O: Max Capacity: 3072M(100%)
[2026-06-26T17:45:51.658-0300][658.370s][8748][7584 ][info][gc,heap     ] GC(64) O: Soft Max Capacity: 3072M(100%)
[2026-06-26T17:45:51.658-0300][658.370s][8748][7584 ][info][gc,heap     ] GC(64) O: Heap Statistics:
[2026-06-26T17:45:51.658-0300][658.370s][8748][7584 ][info][gc,heap     ] GC(64) O:                Mark Start          Mark End        Relocate Start      Relocate End           High               Low         
[2026-06-26T17:45:51.658-0300][658.370s][8748][7584 ][info][gc,heap     ] GC(64) O:  Capacity:     2976M (97%)        2976M (97%)        2976M (97%)        2976M (97%)        2976M (97%)        2976M (97%)    
[2026-06-26T17:45:51.658-0300][658.370s][8748][7584 ][info][gc,heap     ] GC(64) O:      Free:      314M (10%)         966M (31%)         996M (32%)        1024M (33%)        1050M (34%)         298M (10%)    
[2026-06-26T17:45:51.658-0300][658.370s][8748][7584 ][info][gc,heap     ] GC(64) O:      Used:     2758M (90%)        2106M (69%)        2076M (68%)        2048M (67%)        2774M (90%)        2022M (66%)    
[2026-06-26T17:45:51.658-0300][658.370s][8748][7584 ][info][gc,heap     ] GC(64) O: Old Generation Statistics:
[2026-06-26T17:45:51.658-0300][658.370s][8748][7584 ][info][gc,heap     ] GC(64) O:                Mark Start          Mark End        Relocate Start      Relocate End    
[2026-06-26T17:45:51.658-0300][658.370s][8748][7584 ][info][gc,heap     ] GC(64) O:      Used:     1968M (64%)        1968M (64%)        1936M (63%)        1906M (62%)    
[2026-06-26T17:45:51.658-0300][658.370s][8748][7584 ][info][gc,heap     ] GC(64) O:      Live:         -              1793M (58%)        1793M (58%)        1793M (58%)    
[2026-06-26T17:45:51.658-0300][658.370s][8748][7584 ][info][gc,heap     ] GC(64) O:   Garbage:         -               174M (6%)          142M (5%)           92M (3%)     
[2026-06-26T17:45:51.658-0300][658.370s][8748][7584 ][info][gc,heap     ] GC(64) O: Allocated:         -                 0M (0%)            0M (0%)           19M (1%)     
[2026-06-26T17:45:51.658-0300][658.370s][8748][7584 ][info][gc,heap     ] GC(64) O: Reclaimed:         -                  -                32M (1%)           81M (3%)     
[2026-06-26T17:45:51.658-0300][658.370s][8748][7584 ][info][gc,heap     ] GC(64) O: Compacted:         -                  -                  -                38M (1%)     
[2026-06-26T17:45:51.658-0300][658.370s][8748][7584 ][info][gc,phases   ] GC(64) O: Old Generation 2022M(66%)->2048M(67%) 3.281s
[2026-06-26T17:45:51.658-0300][658.370s][8748][7584 ][info][gc          ] GC(64) Major Collection (Proactive) 2758M(90%)->2048M(67%) 3.373s
[2026-06-26T17:46:16.579-0300][683.290s][8748][8884 ][info][gc          ] GC(65) Minor Collection (High Usage)
[2026-06-26T17:46:16.579-0300][683.290s][8748][8884 ][info][gc,task     ] GC(65) Using 1 Workers for Young Generation
[2026-06-26T17:46:16.579-0300][683.290s][8748][8884 ][info][gc,phases   ] GC(65) y: Young Generation
[2026-06-26T17:46:16.579-0300][683.290s][8748][16824][info][gc,phases   ] GC(65) y: Pause Mark Start 0.009ms
[2026-06-26T17:46:16.664-0300][683.375s][8748][8884 ][info][gc,phases   ] GC(65) y: Concurrent Mark 85.589ms
[2026-06-26T17:46:16.664-0300][683.375s][8748][16824][info][gc,phases   ] GC(65) y: Pause Mark End 0.013ms
[2026-06-26T17:46:16.664-0300][683.376s][8748][8884 ][info][gc,phases   ] GC(65) y: Concurrent Mark Free 0.001ms
[2026-06-26T17:46:16.664-0300][683.376s][8748][8884 ][info][gc,phases   ] GC(65) y: Concurrent Reset Relocation Set 0.005ms
[2026-06-26T17:46:16.664-0300][683.376s][8748][8884 ][info][gc,reloc    ] GC(65) y: Using tenuring threshold: 3 (Computed)
[2026-06-26T17:46:16.668-0300][683.380s][8748][8884 ][info][gc,phases   ] GC(65) y: Concurrent Select Relocation Set 4.121ms
[2026-06-26T17:46:16.668-0300][683.380s][8748][16824][info][gc,phases   ] GC(65) y: Pause Relocate Start 0.006ms
[2026-06-26T17:46:16.683-0300][683.394s][8748][8884 ][info][gc,phases   ] GC(65) y: Concurrent Relocate 14.327ms
[2026-06-26T17:46:16.683-0300][683.394s][8748][8884 ][info][gc,alloc    ] GC(65) y:                         Mark Start        Mark End      Relocate Start    Relocate End   
[2026-06-26T17:46:16.683-0300][683.394s][8748][8884 ][info][gc,alloc    ] GC(65) y: Allocation Stalls:          0                0                0                0         
[2026-06-26T17:46:16.683-0300][683.394s][8748][8884 ][info][gc,load     ] GC(65) y: Load: 0.00 (0%) / 0.00 (0%) / 0.00 (0%)
[2026-06-26T17:46:16.683-0300][683.394s][8748][8884 ][info][gc,mmu      ] GC(65) y: MMU: 2ms/44.2%, 5ms/77.7%, 10ms/88.8%, 20ms/94.4%, 50ms/94.8%, 100ms/97.4%
[2026-06-26T17:46:16.683-0300][683.394s][8748][8884 ][info][gc,marking  ] GC(65) y: Mark: 1 stripe(s), 2 proactive flush(es), 1 terminate flush(es), 0 completion(s), 0 continuation(s) 
[2026-06-26T17:46:16.683-0300][683.394s][8748][8884 ][info][gc,nmethod  ] GC(65) y: NMethods: 16954 registered, 3285 unregistered
[2026-06-26T17:46:16.683-0300][683.394s][8748][8884 ][info][gc,metaspace] GC(65) y: Metaspace: 81M used, 83M committed, 1152M reserved
[2026-06-26T17:46:16.683-0300][683.394s][8748][8884 ][info][gc,reloc    ] GC(65) y:                        Candidates     Selected     In-Place         Size        Empty    Relocated 
[2026-06-26T17:46:16.683-0300][683.394s][8748][8884 ][info][gc,reloc    ] GC(65) y: Small Pages:                  488          314            0         976M         330M           4M 
[2026-06-26T17:46:16.683-0300][683.394s][8748][8884 ][info][gc,reloc    ] GC(65) y: Medium Pages:                   0            0            0           0M           0M           0M 
[2026-06-26T17:46:16.683-0300][683.394s][8748][8884 ][info][gc,reloc    ] GC(65) y: Large Pages:                    0            0            0           0M           0M           0M 
[2026-06-26T17:46:16.683-0300][683.394s][8748][8884 ][info][gc,reloc    ] GC(65) y: Forwarding Usage: 2M
[2026-06-26T17:46:16.683-0300][683.394s][8748][8884 ][info][gc,reloc    ] GC(65) y: Age Table:
[2026-06-26T17:46:16.683-0300][683.394s][8748][8884 ][info][gc,reloc    ] GC(65) y:                    Live             Garbage             Small              Medium             Large        
[2026-06-26T17:46:16.683-0300][683.394s][8748][8884 ][info][gc,reloc    ] GC(65) y: Eden               3M (0%)          934M (30%)        469 / 303            0 / 0              0 / 0        
[2026-06-26T17:46:16.683-0300][683.394s][8748][8884 ][info][gc,reloc    ] GC(65) y: Survivor 1         4M (0%)            9M (0%)           7 / 3              0 / 0              0 / 0        
[2026-06-26T17:46:16.683-0300][683.394s][8748][8884 ][info][gc,reloc    ] GC(65) y: Survivor 2         0M (0%)            9M (0%)           5 / 5              0 / 0              0 / 0        
[2026-06-26T17:46:16.683-0300][683.394s][8748][8884 ][info][gc,reloc    ] GC(65) y: Survivor 3         6M (0%)            5M (0%)           6 / 2              0 / 0              0 / 0        
[2026-06-26T17:46:16.683-0300][683.394s][8748][8884 ][info][gc,reloc    ] GC(65) y: Survivor 4         0M (0%)            1M (0%)           1 / 1              0 / 0              0 / 0        
[2026-06-26T17:46:16.683-0300][683.394s][8748][8884 ][info][gc,heap     ] GC(65) y: Min Capacity: 8M(0%)
[2026-06-26T17:46:16.683-0300][683.394s][8748][8884 ][info][gc,heap     ] GC(65) y: Max Capacity: 3072M(100%)
[2026-06-26T17:46:16.683-0300][683.394s][8748][8884 ][info][gc,heap     ] GC(65) y: Soft Max Capacity: 3072M(100%)
[2026-06-26T17:46:16.683-0300][683.394s][8748][8884 ][info][gc,heap     ] GC(65) y: Heap Statistics:
[2026-06-26T17:46:16.683-0300][683.394s][8748][8884 ][info][gc,heap     ] GC(65) y:                Mark Start          Mark End        Relocate Start      Relocate End           High               Low         
[2026-06-26T17:46:16.683-0300][683.394s][8748][8884 ][info][gc,heap     ] GC(65) y:  Capacity:     2976M (97%)        2976M (97%)        2976M (97%)        2976M (97%)        2976M (97%)        2976M (97%)    
[2026-06-26T17:46:16.683-0300][683.394s][8748][8884 ][info][gc,heap     ] GC(65) y:      Free:      190M (6%)          174M (6%)          504M (16%)        1122M (37%)        1122M (37%)         174M (6%)     
[2026-06-26T17:46:16.683-0300][683.394s][8748][8884 ][info][gc,heap     ] GC(65) y:      Used:     2882M (94%)        2898M (94%)        2568M (84%)        1950M (63%)        2898M (94%)        1950M (63%)    
[2026-06-26T17:46:16.683-0300][683.394s][8748][8884 ][info][gc,heap     ] GC(65) y: Young Generation Statistics:
[2026-06-26T17:46:16.683-0300][683.394s][8748][8884 ][info][gc,heap     ] GC(65) y:                Mark Start          Mark End        Relocate Start      Relocate End    
[2026-06-26T17:46:16.683-0300][683.394s][8748][8884 ][info][gc,heap     ] GC(65) y:      Used:      976M (32%)         992M (32%)         656M (21%)          36M (1%)     
[2026-06-26T17:46:16.683-0300][683.394s][8748][8884 ][info][gc,heap     ] GC(65) y:      Live:         -                14M (0%)           10M (0%)            8M (0%)     
[2026-06-26T17:46:16.683-0300][683.394s][8748][8884 ][info][gc,heap     ] GC(65) y:   Garbage:         -               961M (31%)         629M (20%)           0M (0%)     
[2026-06-26T17:46:16.683-0300][683.394s][8748][8884 ][info][gc,heap     ] GC(65) y: Allocated:         -                16M (1%)           16M (1%)           26M (1%)     
[2026-06-26T17:46:16.683-0300][683.394s][8748][8884 ][info][gc,heap     ] GC(65) y: Reclaimed:         -                  -               331M (11%)         960M (31%)    
[2026-06-26T17:46:16.683-0300][683.395s][8748][8884 ][info][gc,heap     ] GC(65) y:  Promoted:         -                  -                 4M (0%)            6M (0%)     
[2026-06-26T17:46:16.683-0300][683.395s][8748][8884 ][info][gc,heap     ] GC(65) y: Compacted:         -                  -                  -                 5M (0%)     
[2026-06-26T17:46:16.683-0300][683.395s][8748][8884 ][info][gc,phases   ] GC(65) y: Young Generation 2882M(94%)->1950M(63%) 0.105s
[2026-06-26T17:46:16.683-0300][683.395s][8748][8884 ][info][gc          ] GC(65) Minor Collection (High Usage) 2882M(94%)->1950M(63%) 0.105s
[2026-06-26T17:46:42.043-0300][708.753s][8748][8884 ][info][gc          ] GC(66) Minor Collection (High Usage)
[2026-06-26T17:46:42.043-0300][708.753s][8748][8884 ][info][gc,task     ] GC(66) Using 1 Workers for Young Generation
[2026-06-26T17:46:42.043-0300][708.753s][8748][8884 ][info][gc,phases   ] GC(66) y: Young Generation
[2026-06-26T17:46:42.043-0300][708.753s][8748][16824][info][gc,phases   ] GC(66) y: Pause Mark Start 0.010ms
[2026-06-26T17:46:42.111-0300][708.823s][8748][8884 ][info][gc,phases   ] GC(66) y: Concurrent Mark 69.206ms
[2026-06-26T17:46:42.112-0300][708.823s][8748][16824][info][gc,phases   ] GC(66) y: Pause Mark End 0.013ms
[2026-06-26T17:46:42.112-0300][708.823s][8748][8884 ][info][gc,phases   ] GC(66) y: Concurrent Mark Free 0.002ms
[2026-06-26T17:46:42.112-0300][708.823s][8748][8884 ][info][gc,phases   ] GC(66) y: Concurrent Reset Relocation Set 0.161ms
[2026-06-26T17:46:42.112-0300][708.823s][8748][8884 ][info][gc,reloc    ] GC(66) y: Using tenuring threshold: 4 (Computed)
[2026-06-26T17:46:42.112-0300][708.824s][8748][8884 ][info][gc,phases   ] GC(66) y: Concurrent Select Relocation Set 0.514ms
[2026-06-26T17:46:42.112-0300][708.824s][8748][16824][info][gc,phases   ] GC(66) y: Pause Relocate Start 0.005ms
[2026-06-26T17:46:42.115-0300][708.826s][8748][8884 ][info][gc,phases   ] GC(66) y: Concurrent Relocate 2.606ms
[2026-06-26T17:46:42.115-0300][708.826s][8748][8884 ][info][gc,alloc    ] GC(66) y:                         Mark Start        Mark End      Relocate Start    Relocate End   
[2026-06-26T17:46:42.115-0300][708.826s][8748][8884 ][info][gc,alloc    ] GC(66) y: Allocation Stalls:          0                0                0                0         
[2026-06-26T17:46:42.115-0300][708.826s][8748][8884 ][info][gc,load     ] GC(66) y: Load: 0.00 (0%) / 0.00 (0%) / 0.00 (0%)
[2026-06-26T17:46:42.115-0300][708.826s][8748][8884 ][info][gc,mmu      ] GC(66) y: MMU: 2ms/44.2%, 5ms/77.7%, 10ms/88.8%, 20ms/94.4%, 50ms/94.8%, 100ms/97.4%
[2026-06-26T17:46:42.115-0300][708.826s][8748][8884 ][info][gc,marking  ] GC(66) y: Mark: 1 stripe(s), 2 proactive flush(es), 1 terminate flush(es), 0 completion(s), 0 continuation(s) 
[2026-06-26T17:46:42.115-0300][708.826s][8748][8884 ][info][gc,nmethod  ] GC(66) y: NMethods: 17044 registered, 3285 unregistered
[2026-06-26T17:46:42.115-0300][708.826s][8748][8884 ][info][gc,metaspace] GC(66) y: Metaspace: 81M used, 83M committed, 1152M reserved
[2026-06-26T17:46:42.115-0300][708.826s][8748][8884 ][info][gc,reloc    ] GC(66) y:                        Candidates     Selected     In-Place         Size        Empty    Relocated 
[2026-06-26T17:46:42.115-0300][708.826s][8748][8884 ][info][gc,reloc    ] GC(66) y: Small Pages:                  484          138            0         968M         680M           1M 
[2026-06-26T17:46:42.115-0300][708.826s][8748][8884 ][info][gc,reloc    ] GC(66) y: Medium Pages:                   0            0            0           0M           0M           0M 
[2026-06-26T17:46:42.115-0300][708.826s][8748][8884 ][info][gc,reloc    ] GC(66) y: Large Pages:                    0            0            0           0M           0M           0M 
[2026-06-26T17:46:42.115-0300][708.826s][8748][8884 ][info][gc,reloc    ] GC(66) y: Forwarding Usage: 0M
[2026-06-26T17:46:42.115-0300][708.826s][8748][8884 ][info][gc,reloc    ] GC(66) y: Age Table:
[2026-06-26T17:46:42.115-0300][708.826s][8748][8884 ][info][gc,reloc    ] GC(66) y:                    Live             Garbage             Small              Medium             Large        
[2026-06-26T17:46:42.115-0300][708.826s][8748][8884 ][info][gc,reloc    ] GC(66) y: Eden               0M (0%)          947M (31%)        474 / 133            0 / 0              0 / 0        
[2026-06-26T17:46:42.115-0300][708.826s][8748][8884 ][info][gc,reloc    ] GC(66) y: Survivor 1         3M (0%)            2M (0%)           3 / 1              0 / 0              0 / 0        
[2026-06-26T17:46:42.115-0300][708.826s][8748][8884 ][info][gc,reloc    ] GC(66) y: Survivor 2         4M (0%)            3M (0%)           4 / 1              0 / 0              0 / 0        
[2026-06-26T17:46:42.115-0300][708.826s][8748][8884 ][info][gc,reloc    ] GC(66) y: Survivor 3         0M (0%)            5M (0%)           3 / 3              0 / 0              0 / 0        
[2026-06-26T17:46:42.115-0300][708.826s][8748][8884 ][info][gc,heap     ] GC(66) y: Min Capacity: 8M(0%)
[2026-06-26T17:46:42.115-0300][708.826s][8748][8884 ][info][gc,heap     ] GC(66) y: Max Capacity: 3072M(100%)
[2026-06-26T17:46:42.115-0300][708.826s][8748][8884 ][info][gc,heap     ] GC(66) y: Soft Max Capacity: 3072M(100%)
[2026-06-26T17:46:42.115-0300][708.827s][8748][8884 ][info][gc,heap     ] GC(66) y: Heap Statistics:
[2026-06-26T17:46:42.115-0300][708.827s][8748][8884 ][info][gc,heap     ] GC(66) y:                Mark Start          Mark End        Relocate Start      Relocate End           High               Low         
[2026-06-26T17:46:42.115-0300][708.827s][8748][8884 ][info][gc,heap     ] GC(66) y:  Capacity:     2976M (97%)        2976M (97%)        2976M (97%)        2976M (97%)        2976M (97%)        2976M (97%)    
[2026-06-26T17:46:42.115-0300][708.827s][8748][8884 ][info][gc,heap     ] GC(66) y:      Free:      190M (6%)          174M (6%)          854M (28%)        1114M (36%)        1114M (36%)         174M (6%)     
[2026-06-26T17:46:42.115-0300][708.827s][8748][8884 ][info][gc,heap     ] GC(66) y:      Used:     2882M (94%)        2898M (94%)        2218M (72%)        1958M (64%)        2898M (94%)        1958M (64%)    
[2026-06-26T17:46:42.115-0300][708.827s][8748][8884 ][info][gc,heap     ] GC(66) y: Young Generation Statistics:
[2026-06-26T17:46:42.115-0300][708.827s][8748][8884 ][info][gc,heap     ] GC(66) y:                Mark Start          Mark End        Relocate Start      Relocate End    
[2026-06-26T17:46:42.115-0300][708.827s][8748][8884 ][info][gc,heap     ] GC(66) y:      Used:      968M (32%)         984M (32%)         304M (10%)          44M (1%)     
[2026-06-26T17:46:42.115-0300][708.827s][8748][8884 ][info][gc,heap     ] GC(66) y:      Live:         -                 9M (0%)            9M (0%)            9M (0%)     
[2026-06-26T17:46:42.115-0300][708.827s][8748][8884 ][info][gc,heap     ] GC(66) y:   Garbage:         -               958M (31%)         278M (9%)            2M (0%)     
[2026-06-26T17:46:42.115-0300][708.827s][8748][8884 ][info][gc,heap     ] GC(66) y: Allocated:         -                16M (1%)           16M (1%)           32M (1%)     
[2026-06-26T17:46:42.115-0300][708.827s][8748][8884 ][info][gc,heap     ] GC(66) y: Reclaimed:         -                  -               680M (22%)         956M (31%)    
[2026-06-26T17:46:42.115-0300][708.827s][8748][8884 ][info][gc,heap     ] GC(66) y:  Promoted:         -                  -                 0M (0%)            0M (0%)     
[2026-06-26T17:46:42.115-0300][708.827s][8748][8884 ][info][gc,heap     ] GC(66) y: Compacted:         -                  -                  -                 1M (0%)     
[2026-06-26T17:46:42.115-0300][708.827s][8748][8884 ][info][gc,phases   ] GC(66) y: Young Generation 2882M(94%)->1958M(64%) 0.073s
[2026-06-26T17:46:42.115-0300][708.827s][8748][8884 ][info][gc          ] GC(66) Minor Collection (High Usage) 2882M(94%)->1958M(64%) 0.073s
[2026-06-26T17:47:14.583-0300][741.293s][8748][8884 ][info][gc          ] GC(67) Minor Collection (High Usage)
[2026-06-26T17:47:14.583-0300][741.293s][8748][8884 ][info][gc,task     ] GC(67) Using 1 Workers for Young Generation
[2026-06-26T17:47:14.583-0300][741.293s][8748][8884 ][info][gc,phases   ] GC(67) y: Young Generation
[2026-06-26T17:47:14.583-0300][741.294s][8748][16824][info][gc,phases   ] GC(67) y: Pause Mark Start 0.012ms
[2026-06-26T17:47:14.682-0300][741.394s][8748][8884 ][info][gc,phases   ] GC(67) y: Concurrent Mark 100.231ms
[2026-06-26T17:47:14.682-0300][741.394s][8748][16824][info][gc,phases   ] GC(67) y: Pause Mark End 0.011ms
[2026-06-26T17:47:14.682-0300][741.394s][8748][8884 ][info][gc,phases   ] GC(67) y: Concurrent Mark Free 0.001ms
[2026-06-26T17:47:14.682-0300][741.394s][8748][8884 ][info][gc,phases   ] GC(67) y: Concurrent Reset Relocation Set 0.004ms
[2026-06-26T17:47:14.682-0300][741.394s][8748][8884 ][info][gc,reloc    ] GC(67) y: Using tenuring threshold: 5 (Computed)
[2026-06-26T17:47:14.683-0300][741.395s][8748][8884 ][info][gc,phases   ] GC(67) y: Concurrent Select Relocation Set 0.686ms
[2026-06-26T17:47:14.683-0300][741.395s][8748][16824][info][gc,phases   ] GC(67) y: Pause Relocate Start 0.005ms
[2026-06-26T17:47:14.692-0300][741.403s][8748][8884 ][info][gc,phases   ] GC(67) y: Concurrent Relocate 8.509ms
[2026-06-26T17:47:14.692-0300][741.403s][8748][8884 ][info][gc,alloc    ] GC(67) y:                         Mark Start        Mark End      Relocate Start    Relocate End   
[2026-06-26T17:47:14.692-0300][741.403s][8748][8884 ][info][gc,alloc    ] GC(67) y: Allocation Stalls:          0                0                0                0         
[2026-06-26T17:47:14.692-0300][741.403s][8748][8884 ][info][gc,load     ] GC(67) y: Load: 0.00 (0%) / 0.00 (0%) / 0.00 (0%)
[2026-06-26T17:47:14.692-0300][741.403s][8748][8884 ][info][gc,mmu      ] GC(67) y: MMU: 2ms/44.2%, 5ms/77.7%, 10ms/88.8%, 20ms/94.4%, 50ms/94.8%, 100ms/97.4%
[2026-06-26T17:47:14.692-0300][741.403s][8748][8884 ][info][gc,marking  ] GC(67) y: Mark: 1 stripe(s), 2 proactive flush(es), 1 terminate flush(es), 0 completion(s), 0 continuation(s) 
[2026-06-26T17:47:14.692-0300][741.403s][8748][8884 ][info][gc,nmethod  ] GC(67) y: NMethods: 17119 registered, 3285 unregistered
[2026-06-26T17:47:14.692-0300][741.403s][8748][8884 ][info][gc,metaspace] GC(67) y: Metaspace: 81M used, 83M committed, 1152M reserved
[2026-06-26T17:47:14.692-0300][741.403s][8748][8884 ][info][gc,reloc    ] GC(67) y:                        Candidates     Selected     In-Place         Size        Empty    Relocated 
[2026-06-26T17:47:14.692-0300][741.403s][8748][8884 ][info][gc,reloc    ] GC(67) y: Small Pages:                  484          255            0         968M         444M           5M 
[2026-06-26T17:47:14.692-0300][741.403s][8748][8884 ][info][gc,reloc    ] GC(67) y: Medium Pages:                   0            0            0           0M           0M           0M 
[2026-06-26T17:47:14.692-0300][741.403s][8748][8884 ][info][gc,reloc    ] GC(67) y: Large Pages:                    0            0            0           0M           0M           0M 
[2026-06-26T17:47:14.692-0300][741.403s][8748][8884 ][info][gc,reloc    ] GC(67) y: Forwarding Usage: 2M
[2026-06-26T17:47:14.692-0300][741.403s][8748][8884 ][info][gc,reloc    ] GC(67) y: Age Table:
[2026-06-26T17:47:14.692-0300][741.403s][8748][8884 ][info][gc,reloc    ] GC(67) y:                    Live             Garbage             Small              Medium             Large        
[2026-06-26T17:47:14.692-0300][741.403s][8748][8884 ][info][gc,reloc    ] GC(67) y: Eden               4M (0%)          935M (30%)        470 / 247            0 / 0              0 / 0        
[2026-06-26T17:47:14.692-0300][741.403s][8748][8884 ][info][gc,reloc    ] GC(67) y: Survivor 1         0M (0%)            5M (0%)           3 / 3              0 / 0              0 / 0        
[2026-06-26T17:47:14.692-0300][741.403s][8748][8884 ][info][gc,reloc    ] GC(67) y: Survivor 2         1M (0%)            6M (0%)           4 / 2              0 / 0              0 / 0        
[2026-06-26T17:47:14.692-0300][741.403s][8748][8884 ][info][gc,reloc    ] GC(67) y: Survivor 3         3M (0%)            4M (0%)           4 / 1              0 / 0              0 / 0        
[2026-06-26T17:47:14.692-0300][741.403s][8748][8884 ][info][gc,reloc    ] GC(67) y: Survivor 4         0M (0%)            5M (0%)           3 / 2              0 / 0              0 / 0        
[2026-06-26T17:47:14.692-0300][741.404s][8748][8884 ][info][gc,heap     ] GC(67) y: Min Capacity: 8M(0%)
[2026-06-26T17:47:14.692-0300][741.404s][8748][8884 ][info][gc,heap     ] GC(67) y: Max Capacity: 3072M(100%)
[2026-06-26T17:47:14.692-0300][741.404s][8748][8884 ][info][gc,heap     ] GC(67) y: Soft Max Capacity: 3072M(100%)
[2026-06-26T17:47:14.692-0300][741.404s][8748][8884 ][info][gc,heap     ] GC(67) y: Heap Statistics:
[2026-06-26T17:47:14.692-0300][741.404s][8748][8884 ][info][gc,heap     ] GC(67) y:                Mark Start          Mark End        Relocate Start      Relocate End           High               Low         
[2026-06-26T17:47:14.692-0300][741.404s][8748][8884 ][info][gc,heap     ] GC(67) y:  Capacity:     2976M (97%)        2976M (97%)        2976M (97%)        2976M (97%)        2976M (97%)        2976M (97%)    
[2026-06-26T17:47:14.692-0300][741.404s][8748][8884 ][info][gc,heap     ] GC(67) y:      Free:      190M (6%)          170M (6%)          614M (20%)        1104M (36%)        1104M (36%)         170M (6%)     
[2026-06-26T17:47:14.692-0300][741.404s][8748][8884 ][info][gc,heap     ] GC(67) y:      Used:     2882M (94%)        2902M (94%)        2458M (80%)        1968M (64%)        2902M (94%)        1968M (64%)    
[2026-06-26T17:47:14.692-0300][741.404s][8748][8884 ][info][gc,heap     ] GC(67) y: Young Generation Statistics:
[2026-06-26T17:47:14.692-0300][741.404s][8748][8884 ][info][gc,heap     ] GC(67) y:                Mark Start          Mark End        Relocate Start      Relocate End    
[2026-06-26T17:47:14.692-0300][741.404s][8748][8884 ][info][gc,heap     ] GC(67) y:      Used:      968M (32%)         988M (32%)         544M (18%)          54M (2%)     
[2026-06-26T17:47:14.692-0300][741.404s][8748][8884 ][info][gc,heap     ] GC(67) y:      Live:         -                10M (0%)           10M (0%)           10M (0%)     
[2026-06-26T17:47:14.692-0300][741.404s][8748][8884 ][info][gc,heap     ] GC(67) y:   Garbage:         -               957M (31%)         513M (17%)           2M (0%)     
[2026-06-26T17:47:14.692-0300][741.404s][8748][8884 ][info][gc,heap     ] GC(67) y: Allocated:         -                20M (1%)           20M (1%)           41M (1%)     
[2026-06-26T17:47:14.692-0300][741.404s][8748][8884 ][info][gc,heap     ] GC(67) y: Reclaimed:         -                  -               444M (14%)         955M (31%)    
[2026-06-26T17:47:14.692-0300][741.404s][8748][8884 ][info][gc,heap     ] GC(67) y:  Promoted:         -                  -                 0M (0%)            0M (0%)     
[2026-06-26T17:47:14.692-0300][741.404s][8748][8884 ][info][gc,heap     ] GC(67) y: Compacted:         -                  -                  -                 6M (0%)     
[2026-06-26T17:47:14.692-0300][741.404s][8748][8884 ][info][gc,phases   ] GC(67) y: Young Generation 2882M(94%)->1968M(64%) 0.110s
[2026-06-26T17:47:14.692-0300][741.404s][8748][8884 ][info][gc          ] GC(67) Minor Collection (High Usage) 2882M(94%)->1968M(64%) 0.110s
[2026-06-26T17:47:46.341-0300][773.052s][8748][8884 ][info][gc          ] GC(68) Minor Collection (High Usage)
[2026-06-26T17:47:46.341-0300][773.052s][8748][8884 ][info][gc,task     ] GC(68) Using 1 Workers for Young Generation
[2026-06-26T17:47:46.341-0300][773.052s][8748][8884 ][info][gc,phases   ] GC(68) y: Young Generation
[2026-06-26T17:47:46.341-0300][773.052s][8748][16824][info][gc,phases   ] GC(68) y: Pause Mark Start 0.009ms
[2026-06-26T17:47:46.439-0300][773.150s][8748][8884 ][info][gc,phases   ] GC(68) y: Concurrent Mark 98.286ms
[2026-06-26T17:47:46.439-0300][773.150s][8748][16824][info][gc,phases   ] GC(68) y: Pause Mark End 0.013ms
[2026-06-26T17:47:46.439-0300][773.150s][8748][8884 ][info][gc,phases   ] GC(68) y: Concurrent Mark Free 0.001ms
[2026-06-26T17:47:46.439-0300][773.150s][8748][8884 ][info][gc,phases   ] GC(68) y: Concurrent Reset Relocation Set 0.010ms
[2026-06-26T17:47:46.439-0300][773.151s][8748][8884 ][info][gc,reloc    ] GC(68) y: Using tenuring threshold: 6 (Computed)
[2026-06-26T17:47:46.441-0300][773.151s][8748][8884 ][info][gc,phases   ] GC(68) y: Concurrent Select Relocation Set 1.022ms
[2026-06-26T17:47:46.441-0300][773.152s][8748][16824][info][gc,phases   ] GC(68) y: Pause Relocate Start 0.006ms
[2026-06-26T17:47:46.452-0300][773.163s][8748][8884 ][info][gc,phases   ] GC(68) y: Concurrent Relocate 11.012ms
[2026-06-26T17:47:46.452-0300][773.163s][8748][8884 ][info][gc,alloc    ] GC(68) y:                         Mark Start        Mark End      Relocate Start    Relocate End   
[2026-06-26T17:47:46.452-0300][773.163s][8748][8884 ][info][gc,alloc    ] GC(68) y: Allocation Stalls:          0                0                0                0         
[2026-06-26T17:47:46.452-0300][773.163s][8748][8884 ][info][gc,load     ] GC(68) y: Load: 0.00 (0%) / 0.00 (0%) / 0.00 (0%)
[2026-06-26T17:47:46.452-0300][773.163s][8748][8884 ][info][gc,mmu      ] GC(68) y: MMU: 2ms/44.2%, 5ms/77.7%, 10ms/88.8%, 20ms/94.4%, 50ms/94.8%, 100ms/97.4%
[2026-06-26T17:47:46.452-0300][773.163s][8748][8884 ][info][gc,marking  ] GC(68) y: Mark: 1 stripe(s), 2 proactive flush(es), 1 terminate flush(es), 0 completion(s), 0 continuation(s) 
[2026-06-26T17:47:46.452-0300][773.163s][8748][8884 ][info][gc,nmethod  ] GC(68) y: NMethods: 17301 registered, 3285 unregistered
[2026-06-26T17:47:46.452-0300][773.163s][8748][8884 ][info][gc,metaspace] GC(68) y: Metaspace: 81M used, 83M committed, 1152M reserved
[2026-06-26T17:47:46.452-0300][773.163s][8748][8884 ][info][gc,reloc    ] GC(68) y:                        Candidates     Selected     In-Place         Size        Empty    Relocated 
[2026-06-26T17:47:46.452-0300][773.163s][8748][8884 ][info][gc,reloc    ] GC(68) y: Small Pages:                  484          304            0         968M         342M           6M 
[2026-06-26T17:47:46.452-0300][773.163s][8748][8884 ][info][gc,reloc    ] GC(68) y: Medium Pages:                   0            0            0           0M           0M           0M 
[2026-06-26T17:47:46.452-0300][773.163s][8748][8884 ][info][gc,reloc    ] GC(68) y: Large Pages:                    0            0            0           0M           0M           0M 
[2026-06-26T17:47:46.452-0300][773.163s][8748][8884 ][info][gc,reloc    ] GC(68) y: Forwarding Usage: 3M
[2026-06-26T17:47:46.452-0300][773.163s][8748][8884 ][info][gc,reloc    ] GC(68) y: Age Table:
[2026-06-26T17:47:46.452-0300][773.163s][8748][8884 ][info][gc,reloc    ] GC(68) y:                    Live             Garbage             Small              Medium             Large        
[2026-06-26T17:47:46.452-0300][773.163s][8748][8884 ][info][gc,reloc    ] GC(68) y: Eden               5M (0%)          928M (30%)        467 / 292            0 / 0              0 / 0        
[2026-06-26T17:47:46.452-0300][773.163s][8748][8884 ][info][gc,reloc    ] GC(68) y: Survivor 1         3M (0%)            6M (0%)           5 / 3              0 / 0              0 / 0        
[2026-06-26T17:47:46.452-0300][773.163s][8748][8884 ][info][gc,reloc    ] GC(68) y: Survivor 2         0M (0%)            5M (0%)           3 / 3              0 / 0              0 / 0        
[2026-06-26T17:47:46.452-0300][773.163s][8748][8884 ][info][gc,reloc    ] GC(68) y: Survivor 3         1M (0%)            2M (0%)           2 / 2              0 / 0              0 / 0        
[2026-06-26T17:47:46.452-0300][773.163s][8748][8884 ][info][gc,reloc    ] GC(68) y: Survivor 4         3M (0%)            4M (0%)           4 / 2              0 / 0              0 / 0        
[2026-06-26T17:47:46.452-0300][773.163s][8748][8884 ][info][gc,reloc    ] GC(68) y: Survivor 5         0M (0%)            5M (0%)           3 / 2              0 / 0              0 / 0        
[2026-06-26T17:47:46.452-0300][773.163s][8748][8884 ][info][gc,heap     ] GC(68) y: Min Capacity: 8M(0%)
[2026-06-26T17:47:46.452-0300][773.163s][8748][8884 ][info][gc,heap     ] GC(68) y: Max Capacity: 3072M(100%)
[2026-06-26T17:47:46.452-0300][773.163s][8748][8884 ][info][gc,heap     ] GC(68) y: Soft Max Capacity: 3072M(100%)
[2026-06-26T17:47:46.452-0300][773.163s][8748][8884 ][info][gc,heap     ] GC(68) y: Heap Statistics:
[2026-06-26T17:47:46.452-0300][773.163s][8748][8884 ][info][gc,heap     ] GC(68) y:                Mark Start          Mark End        Relocate Start      Relocate End           High               Low         
[2026-06-26T17:47:46.452-0300][773.163s][8748][8884 ][info][gc,heap     ] GC(68) y:  Capacity:     2976M (97%)        2976M (97%)        2976M (97%)        2976M (97%)        2976M (97%)        2976M (97%)    
[2026-06-26T17:47:46.452-0300][773.163s][8748][8884 ][info][gc,heap     ] GC(68) y:      Free:      190M (6%)          168M (5%)          510M (17%)        1094M (36%)        1094M (36%)         168M (5%)     
[2026-06-26T17:47:46.452-0300][773.163s][8748][8884 ][info][gc,heap     ] GC(68) y:      Used:     2882M (94%)        2904M (95%)        2562M (83%)        1978M (64%)        2904M (95%)        1978M (64%)    
[2026-06-26T17:47:46.452-0300][773.163s][8748][8884 ][info][gc,heap     ] GC(68) y: Young Generation Statistics:
[2026-06-26T17:47:46.452-0300][773.163s][8748][8884 ][info][gc,heap     ] GC(68) y:                Mark Start          Mark End        Relocate Start      Relocate End    
[2026-06-26T17:47:46.452-0300][773.163s][8748][8884 ][info][gc,heap     ] GC(68) y:      Used:      968M (32%)         990M (32%)         648M (21%)          64M (2%)     
[2026-06-26T17:47:46.452-0300][773.163s][8748][8884 ][info][gc,heap     ] GC(68) y:      Live:         -                14M (0%)           14M (0%)           14M (0%)     
[2026-06-26T17:47:46.452-0300][773.163s][8748][8884 ][info][gc,heap     ] GC(68) y:   Garbage:         -               953M (31%)         611M (20%)           1M (0%)     
[2026-06-26T17:47:46.452-0300][773.163s][8748][8884 ][info][gc,heap     ] GC(68) y: Allocated:         -                22M (1%)           22M (1%)           48M (2%)     
[2026-06-26T17:47:46.452-0300][773.163s][8748][8884 ][info][gc,heap     ] GC(68) y: Reclaimed:         -                  -               342M (11%)         952M (31%)    
[2026-06-26T17:47:46.452-0300][773.163s][8748][8884 ][info][gc,heap     ] GC(68) y:  Promoted:         -                  -                 0M (0%)            0M (0%)     
[2026-06-26T17:47:46.452-0300][773.163s][8748][8884 ][info][gc,heap     ] GC(68) y: Compacted:         -                  -                  -                 9M (0%)     
[2026-06-26T17:47:46.452-0300][773.163s][8748][8884 ][info][gc,phases   ] GC(68) y: Young Generation 2882M(94%)->1978M(64%) 0.111s
[2026-06-26T17:47:46.452-0300][773.163s][8748][8884 ][info][gc          ] GC(68) Minor Collection (High Usage) 2882M(94%)->1978M(64%) 0.111s
[2026-06-26T17:48:07.374-0300][794.085s][8748][8884 ][info][gc          ] GC(69) Minor Collection (High Usage)
[2026-06-26T17:48:07.374-0300][794.085s][8748][8884 ][info][gc,task     ] GC(69) Using 1 Workers for Young Generation
[2026-06-26T17:48:07.374-0300][794.085s][8748][8884 ][info][gc,phases   ] GC(69) y: Young Generation
[2026-06-26T17:48:07.374-0300][794.085s][8748][16824][info][gc,phases   ] GC(69) y: Pause Mark Start 0.011ms
[2026-06-26T17:48:07.463-0300][794.174s][8748][8884 ][info][gc,phases   ] GC(69) y: Concurrent Mark 88.562ms
[2026-06-26T17:48:07.463-0300][794.174s][8748][16824][info][gc,phases   ] GC(69) y: Pause Mark End 0.012ms
[2026-06-26T17:48:07.463-0300][794.174s][8748][8884 ][info][gc,phases   ] GC(69) y: Concurrent Mark Free 0.001ms
[2026-06-26T17:48:07.463-0300][794.174s][8748][8884 ][info][gc,phases   ] GC(69) y: Concurrent Reset Relocation Set 0.009ms
[2026-06-26T17:48:07.463-0300][794.174s][8748][8884 ][info][gc,reloc    ] GC(69) y: Using tenuring threshold: 5 (Computed)
[2026-06-26T17:48:07.465-0300][794.177s][8748][8884 ][info][gc,phases   ] GC(69) y: Concurrent Select Relocation Set 2.585ms
[2026-06-26T17:48:07.465-0300][794.177s][8748][16824][info][gc,phases   ] GC(69) y: Pause Relocate Start 0.009ms
[2026-06-26T17:48:07.475-0300][794.186s][8748][8884 ][info][gc,phases   ] GC(69) y: Concurrent Relocate 9.341ms
[2026-06-26T17:48:07.475-0300][794.186s][8748][8884 ][info][gc,alloc    ] GC(69) y:                         Mark Start        Mark End      Relocate Start    Relocate End   
[2026-06-26T17:48:07.475-0300][794.186s][8748][8884 ][info][gc,alloc    ] GC(69) y: Allocation Stalls:          0                0                0                0         
[2026-06-26T17:48:07.475-0300][794.186s][8748][8884 ][info][gc,load     ] GC(69) y: Load: 0.00 (0%) / 0.00 (0%) / 0.00 (0%)
[2026-06-26T17:48:07.475-0300][794.186s][8748][8884 ][info][gc,mmu      ] GC(69) y: MMU: 2ms/44.2%, 5ms/77.7%, 10ms/88.8%, 20ms/94.4%, 50ms/94.8%, 100ms/97.4%
[2026-06-26T17:48:07.475-0300][794.186s][8748][8884 ][info][gc,marking  ] GC(69) y: Mark: 1 stripe(s), 2 proactive flush(es), 1 terminate flush(es), 0 completion(s), 0 continuation(s) 
[2026-06-26T17:48:07.475-0300][794.186s][8748][8884 ][info][gc,nmethod  ] GC(69) y: NMethods: 17345 registered, 3285 unregistered
[2026-06-26T17:48:07.475-0300][794.186s][8748][8884 ][info][gc,metaspace] GC(69) y: Metaspace: 81M used, 83M committed, 1152M reserved
[2026-06-26T17:48:07.475-0300][794.186s][8748][8884 ][info][gc,reloc    ] GC(69) y:                        Candidates     Selected     In-Place         Size        Empty    Relocated 
[2026-06-26T17:48:07.475-0300][794.186s][8748][8884 ][info][gc,reloc    ] GC(69) y: Small Pages:                  484          221            0         968M         508M           3M 
[2026-06-26T17:48:07.475-0300][794.186s][8748][8884 ][info][gc,reloc    ] GC(69) y: Medium Pages:                   0            0            0           0M           0M           0M 
[2026-06-26T17:48:07.475-0300][794.186s][8748][8884 ][info][gc,reloc    ] GC(69) y: Large Pages:                    0            0            0           0M           0M           0M 
[2026-06-26T17:48:07.475-0300][794.186s][8748][8884 ][info][gc,reloc    ] GC(69) y: Forwarding Usage: 1M
[2026-06-26T17:48:07.475-0300][794.186s][8748][8884 ][info][gc,reloc    ] GC(69) y: Age Table:
[2026-06-26T17:48:07.475-0300][794.186s][8748][8884 ][info][gc,reloc    ] GC(69) y:                    Live             Garbage             Small              Medium             Large        
[2026-06-26T17:48:07.475-0300][794.186s][8748][8884 ][info][gc,reloc    ] GC(69) y: Eden               1M (0%)          924M (30%)        463 / 208            0 / 0              0 / 0        
[2026-06-26T17:48:07.475-0300][794.186s][8748][8884 ][info][gc,reloc    ] GC(69) y: Survivor 1         3M (0%)            6M (0%)           5 / 2              0 / 0              0 / 0        
[2026-06-26T17:48:07.475-0300][794.186s][8748][8884 ][info][gc,reloc    ] GC(69) y: Survivor 2         3M (0%)            2M (0%)           3 / 1              0 / 0              0 / 0        
[2026-06-26T17:48:07.475-0300][794.186s][8748][8884 ][info][gc,reloc    ] GC(69) y: Survivor 3         0M (0%)            5M (0%)           3 / 2              0 / 0              0 / 0        
[2026-06-26T17:48:07.475-0300][794.186s][8748][8884 ][info][gc,reloc    ] GC(69) y: Survivor 4         1M (0%)            4M (0%)           3 / 2              0 / 0              0 / 0        
[2026-06-26T17:48:07.475-0300][794.186s][8748][8884 ][info][gc,reloc    ] GC(69) y: Survivor 5         3M (0%)            4M (0%)           4 / 3              0 / 0              0 / 0        
[2026-06-26T17:48:07.475-0300][794.186s][8748][8884 ][info][gc,reloc    ] GC(69) y: Survivor 6         0M (0%)            5M (0%)           3 / 3              0 / 0              0 / 0        
[2026-06-26T17:48:07.475-0300][794.186s][8748][8884 ][info][gc,heap     ] GC(69) y: Min Capacity: 8M(0%)
[2026-06-26T17:48:07.475-0300][794.187s][8748][8884 ][info][gc,heap     ] GC(69) y: Max Capacity: 3072M(100%)
[2026-06-26T17:48:07.475-0300][794.187s][8748][8884 ][info][gc,heap     ] GC(69) y: Soft Max Capacity: 3072M(100%)
[2026-06-26T17:48:07.475-0300][794.187s][8748][8884 ][info][gc,heap     ] GC(69) y: Heap Statistics:
[2026-06-26T17:48:07.475-0300][794.187s][8748][8884 ][info][gc,heap     ] GC(69) y:                Mark Start          Mark End        Relocate Start      Relocate End           High               Low         
[2026-06-26T17:48:07.475-0300][794.187s][8748][8884 ][info][gc,heap     ] GC(69) y:  Capacity:     2976M (97%)        2976M (97%)        2976M (97%)        2976M (97%)        2976M (97%)        2976M (97%)    
[2026-06-26T17:48:07.475-0300][794.187s][8748][8884 ][info][gc,heap     ] GC(69) y:      Free:      190M (6%)          172M (6%)          680M (22%)        1096M (36%)        1096M (36%)         172M (6%)     
[2026-06-26T17:48:07.475-0300][794.187s][8748][8884 ][info][gc,heap     ] GC(69) y:      Used:     2882M (94%)        2900M (94%)        2392M (78%)        1976M (64%)        2900M (94%)        1976M (64%)    
[2026-06-26T17:48:07.475-0300][794.187s][8748][8884 ][info][gc,heap     ] GC(69) y: Young Generation Statistics:
[2026-06-26T17:48:07.475-0300][794.187s][8748][8884 ][info][gc,heap     ] GC(69) y:                Mark Start          Mark End        Relocate Start      Relocate End    
[2026-06-26T17:48:07.475-0300][794.187s][8748][8884 ][info][gc,heap     ] GC(69) y:      Used:      968M (32%)         986M (32%)         476M (15%)          56M (2%)     
[2026-06-26T17:48:07.475-0300][794.187s][8748][8884 ][info][gc,heap     ] GC(69) y:      Live:         -                14M (0%)           12M (0%)           10M (0%)     
[2026-06-26T17:48:07.475-0300][794.187s][8748][8884 ][info][gc,heap     ] GC(69) y:   Garbage:         -               953M (31%)         445M (15%)           2M (0%)     
[2026-06-26T17:48:07.475-0300][794.187s][8748][8884 ][info][gc,heap     ] GC(69) y: Allocated:         -                18M (1%)           18M (1%)           43M (1%)     
[2026-06-26T17:48:07.475-0300][794.187s][8748][8884 ][info][gc,heap     ] GC(69) y: Reclaimed:         -                  -               508M (17%)         951M (31%)    
[2026-06-26T17:48:07.475-0300][794.187s][8748][8884 ][info][gc,heap     ] GC(69) y:  Promoted:         -                  -                 1M (0%)            4M (0%)     
[2026-06-26T17:48:07.475-0300][794.187s][8748][8884 ][info][gc,heap     ] GC(69) y: Compacted:         -                  -                  -                 2M (0%)     
[2026-06-26T17:48:07.475-0300][794.187s][8748][8884 ][info][gc,phases   ] GC(69) y: Young Generation 2882M(94%)->1976M(64%) 0.101s
[2026-06-26T17:48:07.475-0300][794.187s][8748][8884 ][info][gc          ] GC(69) Minor Collection (High Usage) 2882M(94%)->1976M(64%) 0.102s
[2026-06-26T17:48:39.944-0300][826.655s][8748][8884 ][info][gc          ] GC(70) Minor Collection (High Usage)
[2026-06-26T17:48:39.944-0300][826.655s][8748][8884 ][info][gc,task     ] GC(70) Using 1 Workers for Young Generation
[2026-06-26T17:48:39.944-0300][826.655s][8748][8884 ][info][gc,phases   ] GC(70) y: Young Generation
[2026-06-26T17:48:39.944-0300][826.655s][8748][16824][info][gc,phases   ] GC(70) y: Pause Mark Start 0.010ms
[2026-06-26T17:48:40.094-0300][826.805s][8748][8884 ][info][gc,phases   ] GC(70) y: Concurrent Mark 150.724ms
[2026-06-26T17:48:40.094-0300][826.806s][8748][16824][info][gc,phases   ] GC(70) y: Pause Mark End 0.014ms
[2026-06-26T17:48:40.094-0300][826.806s][8748][8884 ][info][gc,phases   ] GC(70) y: Concurrent Mark Free 0.002ms
[2026-06-26T17:48:40.094-0300][826.806s][8748][8884 ][info][gc,phases   ] GC(70) y: Concurrent Reset Relocation Set 0.143ms
[2026-06-26T17:48:40.095-0300][826.806s][8748][8884 ][info][gc,reloc    ] GC(70) y: Using tenuring threshold: 2 (Computed)
[2026-06-26T17:48:40.099-0300][826.811s][8748][8884 ][info][gc,phases   ] GC(70) y: Concurrent Select Relocation Set 4.814ms
[2026-06-26T17:48:40.099-0300][826.811s][8748][16824][info][gc,phases   ] GC(70) y: Pause Relocate Start 0.013ms
[2026-06-26T17:48:40.130-0300][826.841s][8748][8884 ][info][gc,phases   ] GC(70) y: Concurrent Relocate 29.777ms
[2026-06-26T17:48:40.130-0300][826.841s][8748][8884 ][info][gc,alloc    ] GC(70) y:                         Mark Start        Mark End      Relocate Start    Relocate End   
[2026-06-26T17:48:40.130-0300][826.841s][8748][8884 ][info][gc,alloc    ] GC(70) y: Allocation Stalls:          0                0                0                0         
[2026-06-26T17:48:40.130-0300][826.841s][8748][8884 ][info][gc,load     ] GC(70) y: Load: 0.00 (0%) / 0.00 (0%) / 0.00 (0%)
[2026-06-26T17:48:40.130-0300][826.841s][8748][8884 ][info][gc,mmu      ] GC(70) y: MMU: 2ms/44.2%, 5ms/77.7%, 10ms/88.8%, 20ms/94.4%, 50ms/94.8%, 100ms/97.4%
[2026-06-26T17:48:40.130-0300][826.841s][8748][8884 ][info][gc,marking  ] GC(70) y: Mark: 1 stripe(s), 2 proactive flush(es), 1 terminate flush(es), 0 completion(s), 0 continuation(s) 
[2026-06-26T17:48:40.130-0300][826.841s][8748][8884 ][info][gc,nmethod  ] GC(70) y: NMethods: 17446 registered, 3285 unregistered
[2026-06-26T17:48:40.130-0300][826.841s][8748][8884 ][info][gc,metaspace] GC(70) y: Metaspace: 81M used, 83M committed, 1152M reserved
[2026-06-26T17:48:40.130-0300][826.841s][8748][8884 ][info][gc,reloc    ] GC(70) y:                        Candidates     Selected     In-Place         Size        Empty    Relocated 
[2026-06-26T17:48:40.130-0300][826.841s][8748][8884 ][info][gc,reloc    ] GC(70) y: Small Pages:                  481          301            0         962M         326M          14M 
[2026-06-26T17:48:40.130-0300][826.841s][8748][8884 ][info][gc,reloc    ] GC(70) y: Medium Pages:                   0            0            0           0M           0M           0M 
[2026-06-26T17:48:40.130-0300][826.841s][8748][8884 ][info][gc,reloc    ] GC(70) y: Large Pages:                    0            0            0           0M           0M           0M 
[2026-06-26T17:48:40.130-0300][826.841s][8748][8884 ][info][gc,reloc    ] GC(70) y: Forwarding Usage: 9M
[2026-06-26T17:48:40.130-0300][826.841s][8748][8884 ][info][gc,reloc    ] GC(70) y: Age Table:
[2026-06-26T17:48:40.130-0300][826.841s][8748][8884 ][info][gc,reloc    ] GC(70) y:                    Live             Garbage             Small              Medium             Large        
[2026-06-26T17:48:40.130-0300][826.841s][8748][8884 ][info][gc,reloc    ] GC(70) y: Eden              23M (1%)          900M (29%)        462 / 286            0 / 0              0 / 0        
[2026-06-26T17:48:40.130-0300][826.841s][8748][8884 ][info][gc,reloc    ] GC(70) y: Survivor 1         0M (0%)            7M (0%)           4 / 3              0 / 0              0 / 0        
[2026-06-26T17:48:40.130-0300][826.841s][8748][8884 ][info][gc,reloc    ] GC(70) y: Survivor 2         1M (0%)            6M (0%)           4 / 3              0 / 0              0 / 0        
[2026-06-26T17:48:40.130-0300][826.841s][8748][8884 ][info][gc,reloc    ] GC(70) y: Survivor 3         2M (0%)            5M (0%)           4 / 2              0 / 0              0 / 0        
[2026-06-26T17:48:40.130-0300][826.841s][8748][8884 ][info][gc,reloc    ] GC(70) y: Survivor 4         0M (0%)            5M (0%)           3 / 3              0 / 0              0 / 0        
[2026-06-26T17:48:40.130-0300][826.841s][8748][8884 ][info][gc,reloc    ] GC(70) y: Survivor 5         1M (0%)            6M (0%)           4 / 4              0 / 0              0 / 0        
[2026-06-26T17:48:40.130-0300][826.841s][8748][8884 ][info][gc,heap     ] GC(70) y: Min Capacity: 8M(0%)
[2026-06-26T17:48:40.130-0300][826.841s][8748][8884 ][info][gc,heap     ] GC(70) y: Max Capacity: 3072M(100%)
[2026-06-26T17:48:40.130-0300][826.841s][8748][8884 ][info][gc,heap     ] GC(70) y: Soft Max Capacity: 3072M(100%)
[2026-06-26T17:48:40.130-0300][826.841s][8748][8884 ][info][gc,heap     ] GC(70) y: Heap Statistics:
[2026-06-26T17:48:40.130-0300][826.841s][8748][8884 ][info][gc,heap     ] GC(70) y:                Mark Start          Mark End        Relocate Start      Relocate End           High               Low         
[2026-06-26T17:48:40.130-0300][826.841s][8748][8884 ][info][gc,heap     ] GC(70) y:  Capacity:     2976M (97%)        2976M (97%)        2976M (97%)        2976M (97%)        2976M (97%)        2976M (97%)    
[2026-06-26T17:48:40.130-0300][826.841s][8748][8884 ][info][gc,heap     ] GC(70) y:      Free:      190M (6%)          166M (5%)          492M (16%)        1088M (35%)        1088M (35%)         166M (5%)     
[2026-06-26T17:48:40.130-0300][826.841s][8748][8884 ][info][gc,heap     ] GC(70) y:      Used:     2882M (94%)        2906M (95%)        2580M (84%)        1984M (65%)        2906M (95%)        1984M (65%)    
[2026-06-26T17:48:40.130-0300][826.841s][8748][8884 ][info][gc,heap     ] GC(70) y: Young Generation Statistics:
[2026-06-26T17:48:40.130-0300][826.841s][8748][8884 ][info][gc,heap     ] GC(70) y:                Mark Start          Mark End        Relocate Start      Relocate End    
[2026-06-26T17:48:40.130-0300][826.841s][8748][8884 ][info][gc,heap     ] GC(70) y:      Used:      962M (31%)         986M (32%)         660M (21%)          58M (2%)     
[2026-06-26T17:48:40.130-0300][826.841s][8748][8884 ][info][gc,heap     ] GC(70) y:      Live:         -                28M (1%)           28M (1%)           23M (1%)     
[2026-06-26T17:48:40.130-0300][826.841s][8748][8884 ][info][gc,heap     ] GC(70) y:   Garbage:         -               933M (30%)         607M (20%)           1M (0%)     
[2026-06-26T17:48:40.130-0300][826.841s][8748][8884 ][info][gc,heap     ] GC(70) y: Allocated:         -                24M (1%)           24M (1%)           33M (1%)     
[2026-06-26T17:48:40.130-0300][826.841s][8748][8884 ][info][gc,heap     ] GC(70) y: Reclaimed:         -                  -               326M (11%)         931M (30%)    
[2026-06-26T17:48:40.130-0300][826.841s][8748][8884 ][info][gc,heap     ] GC(70) y:  Promoted:         -                  -                 0M (0%)            5M (0%)     
[2026-06-26T17:48:40.130-0300][826.841s][8748][8884 ][info][gc,heap     ] GC(70) y: Compacted:         -                  -                  -                20M (1%)     
[2026-06-26T17:48:40.130-0300][826.841s][8748][8884 ][info][gc,phases   ] GC(70) y: Young Generation 2882M(94%)->1984M(65%) 0.186s
[2026-06-26T17:48:40.130-0300][826.841s][8748][8884 ][info][gc          ] GC(70) Minor Collection (High Usage) 2882M(94%)->1984M(65%) 0.186s
[2026-06-26T17:49:10.578-0300][857.289s][8748][7584 ][info][gc          ] GC(71) Major Collection (Proactive)
[2026-06-26T17:49:10.578-0300][857.289s][8748][7584 ][info][gc,task     ] GC(71) Using 1 Workers for Young Generation
[2026-06-26T17:49:10.578-0300][857.289s][8748][7584 ][info][gc,task     ] GC(71) Using 1 Workers for Old Generation
[2026-06-26T17:49:10.578-0300][857.289s][8748][7584 ][info][gc,phases   ] GC(71) Y: Young Generation
[2026-06-26T17:49:10.578-0300][857.289s][8748][16824][info][gc,phases   ] GC(71) Y: Pause Mark Start (Major) 0.012ms
[2026-06-26T17:49:10.704-0300][857.415s][8748][7584 ][info][gc,phases   ] GC(71) Y: Concurrent Mark 126.124ms
[2026-06-26T17:49:10.704-0300][857.415s][8748][16824][info][gc,phases   ] GC(71) Y: Pause Mark End 0.013ms
[2026-06-26T17:49:10.704-0300][857.415s][8748][7584 ][info][gc,phases   ] GC(71) Y: Concurrent Mark Free 0.003ms
[2026-06-26T17:49:10.704-0300][857.415s][8748][7584 ][info][gc,phases   ] GC(71) Y: Concurrent Reset Relocation Set 0.012ms
[2026-06-26T17:49:10.704-0300][857.415s][8748][7584 ][info][gc,reloc    ] GC(71) Y: Using tenuring threshold: 3 (Computed)
[2026-06-26T17:49:10.705-0300][857.416s][8748][7584 ][info][gc,phases   ] GC(71) Y: Concurrent Select Relocation Set 0.875ms
[2026-06-26T17:49:10.705-0300][857.416s][8748][16824][info][gc,phases   ] GC(71) Y: Pause Relocate Start 0.010ms
[2026-06-26T17:49:10.724-0300][857.435s][8748][7584 ][info][gc,phases   ] GC(71) Y: Concurrent Relocate 18.893ms
[2026-06-26T17:49:10.724-0300][857.435s][8748][7584 ][info][gc,alloc    ] GC(71) Y:                         Mark Start        Mark End      Relocate Start    Relocate End   
[2026-06-26T17:49:10.724-0300][857.435s][8748][7584 ][info][gc,alloc    ] GC(71) Y: Allocation Stalls:          0                0                0                0         
[2026-06-26T17:49:10.724-0300][857.435s][8748][7584 ][info][gc,load     ] GC(71) Y: Load: 0.00 (0%) / 0.00 (0%) / 0.00 (0%)
[2026-06-26T17:49:10.724-0300][857.435s][8748][7584 ][info][gc,mmu      ] GC(71) Y: MMU: 2ms/44.2%, 5ms/77.7%, 10ms/88.8%, 20ms/94.4%, 50ms/94.8%, 100ms/97.4%
[2026-06-26T17:49:10.724-0300][857.435s][8748][7584 ][info][gc,marking  ] GC(71) Y: Mark: 1 stripe(s), 2 proactive flush(es), 1 terminate flush(es), 0 completion(s), 0 continuation(s) 
[2026-06-26T17:49:10.724-0300][857.435s][8748][7584 ][info][gc,nmethod  ] GC(71) Y: NMethods: 17549 registered, 3285 unregistered
[2026-06-26T17:49:10.724-0300][857.435s][8748][7584 ][info][gc,metaspace] GC(71) Y: Metaspace: 81M used, 83M committed, 1152M reserved
[2026-06-26T17:49:10.724-0300][857.435s][8748][7584 ][info][gc,reloc    ] GC(71) Y:                        Candidates     Selected     In-Place         Size        Empty    Relocated 
[2026-06-26T17:49:10.724-0300][857.435s][8748][7584 ][info][gc,reloc    ] GC(71) Y: Small Pages:                  457          364            0         914M         156M           8M 
[2026-06-26T17:49:10.724-0300][857.435s][8748][7584 ][info][gc,reloc    ] GC(71) Y: Medium Pages:                   0            0            0           0M           0M           0M 
[2026-06-26T17:49:10.724-0300][857.435s][8748][7584 ][info][gc,reloc    ] GC(71) Y: Large Pages:                    0            0            0           0M           0M           0M 
[2026-06-26T17:49:10.724-0300][857.435s][8748][7584 ][info][gc,reloc    ] GC(71) Y: Forwarding Usage: 5M
[2026-06-26T17:49:10.724-0300][857.435s][8748][7584 ][info][gc,reloc    ] GC(71) Y: Age Table:
[2026-06-26T17:49:10.724-0300][857.435s][8748][7584 ][info][gc,reloc    ] GC(71) Y:                    Live             Garbage             Small              Medium             Large        
[2026-06-26T17:49:10.724-0300][857.435s][8748][7584 ][info][gc,reloc    ] GC(71) Y: Eden               9M (0%)          870M (28%)        440 / 358            0 / 0              0 / 0        
[2026-06-26T17:49:10.724-0300][857.435s][8748][7584 ][info][gc,reloc    ] GC(71) Y: Survivor 1        15M (0%)           14M (0%)          15 / 5              0 / 0              0 / 0        
[2026-06-26T17:49:10.724-0300][857.435s][8748][7584 ][info][gc,reloc    ] GC(71) Y: Survivor 2         0M (0%)            3M (0%)           2 / 1              0 / 0              0 / 0        
[2026-06-26T17:49:10.724-0300][857.435s][8748][7584 ][info][gc,heap     ] GC(71) Y: Min Capacity: 8M(0%)
[2026-06-26T17:49:10.724-0300][857.435s][8748][7584 ][info][gc,heap     ] GC(71) Y: Max Capacity: 3072M(100%)
[2026-06-26T17:49:10.724-0300][857.435s][8748][7584 ][info][gc,heap     ] GC(71) Y: Soft Max Capacity: 3072M(100%)
[2026-06-26T17:49:10.724-0300][857.435s][8748][7584 ][info][gc,heap     ] GC(71) Y: Heap Statistics:
[2026-06-26T17:49:10.724-0300][857.435s][8748][7584 ][info][gc,heap     ] GC(71) Y:                Mark Start          Mark End        Relocate Start      Relocate End           High               Low         
[2026-06-26T17:49:10.724-0300][857.435s][8748][7584 ][info][gc,heap     ] GC(71) Y:  Capacity:     2952M (96%)        2952M (96%)        2952M (96%)        2952M (96%)        2952M (96%)        2952M (96%)    
[2026-06-26T17:49:10.724-0300][857.435s][8748][7584 ][info][gc,heap     ] GC(71) Y:      Free:      232M (8%)          212M (7%)          368M (12%)        1084M (35%)        1084M (35%)         212M (7%)     
[2026-06-26T17:49:10.724-0300][857.435s][8748][7584 ][info][gc,heap     ] GC(71) Y:      Used:     2840M (92%)        2860M (93%)        2704M (88%)        1988M (65%)        2860M (93%)        1988M (65%)    
[2026-06-26T17:49:10.724-0300][857.435s][8748][7584 ][info][gc,heap     ] GC(71) Y: Young Generation Statistics:
[2026-06-26T17:49:10.724-0300][857.435s][8748][7584 ][info][gc,heap     ] GC(71) Y:                Mark Start          Mark End        Relocate Start      Relocate End    
[2026-06-26T17:49:10.724-0300][857.435s][8748][7584 ][info][gc,heap     ] GC(71) Y:      Used:      914M (30%)         934M (30%)         778M (25%)          62M (2%)     
[2026-06-26T17:49:10.724-0300][857.435s][8748][7584 ][info][gc,heap     ] GC(71) Y:      Live:         -                24M (1%)           24M (1%)           24M (1%)     
[2026-06-26T17:49:10.724-0300][857.435s][8748][7584 ][info][gc,heap     ] GC(71) Y:   Garbage:         -               889M (29%)         733M (24%)           2M (0%)     
[2026-06-26T17:49:10.724-0300][857.435s][8748][7584 ][info][gc,heap     ] GC(71) Y: Allocated:         -                20M (1%)           20M (1%)           34M (1%)     
[2026-06-26T17:49:10.724-0300][857.435s][8748][7584 ][info][gc,heap     ] GC(71) Y: Reclaimed:         -                  -               156M (5%)          886M (29%)    
[2026-06-26T17:49:10.724-0300][857.435s][8748][7584 ][info][gc,heap     ] GC(71) Y:  Promoted:         -                  -                 0M (0%)            0M (0%)     
[2026-06-26T17:49:10.724-0300][857.436s][8748][7584 ][info][gc,heap     ] GC(71) Y: Compacted:         -                  -                  -                13M (0%)     
[2026-06-26T17:49:10.724-0300][857.436s][8748][7584 ][info][gc,phases   ] GC(71) Y: Young Generation 2840M(92%)->1988M(65%) 0.146s
[2026-06-26T17:49:10.724-0300][857.436s][8748][7584 ][info][gc,phases   ] GC(71) O: Old Generation
[2026-06-26T17:49:13.670-0300][860.381s][8748][7584 ][info][gc,phases   ] GC(71) O: Concurrent Mark 2945.553ms
[2026-06-26T17:49:13.670-0300][860.381s][8748][16824][info][gc,phases   ] GC(71) O: Pause Mark End 0.015ms
[2026-06-26T17:49:13.670-0300][860.381s][8748][7584 ][info][gc,phases   ] GC(71) O: Concurrent Mark Free 0.001ms
[2026-06-26T17:49:13.713-0300][860.425s][8748][7584 ][info][gc,phases   ] GC(71) O: Concurrent Process Non-Strong 43.557ms
[2026-06-26T17:49:13.714-0300][860.425s][8748][7584 ][info][gc,phases   ] GC(71) O: Concurrent Reset Relocation Set 0.005ms
[2026-06-26T17:49:13.715-0300][860.426s][8748][7584 ][info][gc,phases   ] GC(71) O: Concurrent Select Relocation Set 1.216ms
[2026-06-26T17:49:13.715-0300][860.426s][8748][7584 ][info][gc,task     ] GC(71) O: Using 2 Workers for Old Generation
[2026-06-26T17:49:13.729-0300][860.440s][8748][7584 ][info][gc,task     ] GC(71) O: Using 1 Workers for Old Generation
[2026-06-26T17:49:13.729-0300][860.440s][8748][7584 ][info][gc,phases   ] GC(71) O: Concurrent Remap Roots 13.655ms
[2026-06-26T17:49:13.729-0300][860.440s][8748][16824][info][gc,phases   ] GC(71) O: Pause Relocate Start 0.012ms
[2026-06-26T17:49:13.752-0300][860.464s][8748][7584 ][info][gc,phases   ] GC(71) O: Concurrent Relocate 23.730ms
[2026-06-26T17:49:13.752-0300][860.464s][8748][7584 ][info][gc,alloc    ] GC(71) O:                         Mark Start        Mark End      Relocate Start    Relocate End   
[2026-06-26T17:49:13.752-0300][860.464s][8748][7584 ][info][gc,alloc    ] GC(71) O: Allocation Stalls:          0                0                0                0         
[2026-06-26T17:49:13.752-0300][860.464s][8748][7584 ][info][gc,load     ] GC(71) O: Load: 0.00 (0%) / 0.00 (0%) / 0.00 (0%)
[2026-06-26T17:49:13.752-0300][860.464s][8748][7584 ][info][gc,mmu      ] GC(71) O: MMU: 2ms/44.2%, 5ms/77.7%, 10ms/88.8%, 20ms/94.4%, 50ms/94.8%, 100ms/97.4%
[2026-06-26T17:49:13.752-0300][860.464s][8748][7584 ][info][gc,marking  ] GC(71) O: Mark: 1 stripe(s), 2 proactive flush(es), 1 terminate flush(es), 0 completion(s), 0 continuation(s) 
[2026-06-26T17:49:13.752-0300][860.464s][8748][7584 ][info][gc,nmethod  ] GC(71) O: NMethods: 17110 registered, 3732 unregistered
[2026-06-26T17:49:13.752-0300][860.464s][8748][7584 ][info][gc,metaspace] GC(71) O: Metaspace: 81M used, 83M committed, 1152M reserved
[2026-06-26T17:49:13.752-0300][860.464s][8748][7584 ][info][gc,ref      ] GC(71) O:                       Encountered   Discovered     Enqueued 
[2026-06-26T17:49:13.752-0300][860.464s][8748][7584 ][info][gc,ref      ] GC(71) O: Soft References:             6106            0            0 
[2026-06-26T17:49:13.752-0300][860.464s][8748][7584 ][info][gc,ref      ] GC(71) O: Weak References:             6428         5235            7 
[2026-06-26T17:49:13.752-0300][860.464s][8748][7584 ][info][gc,ref      ] GC(71) O: Final References:              16            0            0 
[2026-06-26T17:49:13.752-0300][860.464s][8748][7584 ][info][gc,ref      ] GC(71) O: Phantom References:         24710         9893         2042 
[2026-06-26T17:49:13.752-0300][860.464s][8748][7584 ][info][gc,reloc    ] GC(71) O:                        Candidates     Selected     In-Place         Size        Empty    Relocated 
[2026-06-26T17:49:13.752-0300][860.464s][8748][7584 ][info][gc,reloc    ] GC(71) O: Small Pages:                  901           17            0        1802M           0M           6M 
[2026-06-26T17:49:13.752-0300][860.464s][8748][7584 ][info][gc,reloc    ] GC(71) O: Medium Pages:                   2            0            0          64M           0M           0M 
[2026-06-26T17:49:13.752-0300][860.464s][8748][7584 ][info][gc,reloc    ] GC(71) O: Large Pages:                    5            0            0          60M           0M           0M 
[2026-06-26T17:49:13.752-0300][860.464s][8748][7584 ][info][gc,reloc    ] GC(71) O: Forwarding Usage: 7M
[2026-06-26T17:49:13.752-0300][860.464s][8748][7584 ][info][gc,heap     ] GC(71) O: Min Capacity: 8M(0%)
[2026-06-26T17:49:13.752-0300][860.464s][8748][7584 ][info][gc,heap     ] GC(71) O: Max Capacity: 3072M(100%)
[2026-06-26T17:49:13.752-0300][860.464s][8748][7584 ][info][gc,heap     ] GC(71) O: Soft Max Capacity: 3072M(100%)
[2026-06-26T17:49:13.752-0300][860.464s][8748][7584 ][info][gc,heap     ] GC(71) O: Heap Statistics:
[2026-06-26T17:49:13.752-0300][860.464s][8748][7584 ][info][gc,heap     ] GC(71) O:                Mark Start          Mark End        Relocate Start      Relocate End           High               Low         
[2026-06-26T17:49:13.752-0300][860.464s][8748][7584 ][info][gc,heap     ] GC(71) O:  Capacity:     2952M (96%)        2952M (96%)        2952M (96%)        2952M (96%)        2952M (96%)        2952M (96%)    
[2026-06-26T17:49:13.752-0300][860.464s][8748][7584 ][info][gc,heap     ] GC(71) O:      Free:      232M (8%)         1000M (33%)         998M (32%)        1018M (33%)        1084M (35%)         212M (7%)     
[2026-06-26T17:49:13.752-0300][860.464s][8748][7584 ][info][gc,heap     ] GC(71) O:      Used:     2840M (92%)        2072M (67%)        2074M (68%)        2054M (67%)        2860M (93%)        1988M (65%)    
[2026-06-26T17:49:13.752-0300][860.464s][8748][7584 ][info][gc,heap     ] GC(71) O: Old Generation Statistics:
[2026-06-26T17:49:13.752-0300][860.464s][8748][7584 ][info][gc,heap     ] GC(71) O:                Mark Start          Mark End        Relocate Start      Relocate End    
[2026-06-26T17:49:13.752-0300][860.464s][8748][7584 ][info][gc,heap     ] GC(71) O:      Used:     1926M (63%)        1926M (63%)        1926M (63%)        1906M (62%)    
[2026-06-26T17:49:13.752-0300][860.464s][8748][7584 ][info][gc,heap     ] GC(71) O:      Live:         -              1793M (58%)        1793M (58%)        1793M (58%)    
[2026-06-26T17:49:13.752-0300][860.464s][8748][7584 ][info][gc,heap     ] GC(71) O:   Garbage:         -               132M (4%)          132M (4%)           95M (3%)     
[2026-06-26T17:49:13.752-0300][860.464s][8748][7584 ][info][gc,heap     ] GC(71) O: Allocated:         -                 0M (0%)            0M (0%)           16M (1%)     
[2026-06-26T17:49:13.752-0300][860.464s][8748][7584 ][info][gc,heap     ] GC(71) O: Reclaimed:         -                  -                 0M (0%)           36M (1%)     
[2026-06-26T17:49:13.752-0300][860.464s][8748][7584 ][info][gc,heap     ] GC(71) O: Compacted:         -                  -                  -                17M (1%)     
[2026-06-26T17:49:13.752-0300][860.464s][8748][7584 ][info][gc,phases   ] GC(71) O: Old Generation 1988M(65%)->2054M(67%) 3.028s
[2026-06-26T17:49:13.752-0300][860.464s][8748][7584 ][info][gc          ] GC(71) Major Collection (Proactive) 2840M(92%)->2054M(67%) 3.175s
[2026-06-26T17:49:46.639-0300][893.350s][8748][8884 ][info][gc          ] GC(72) Minor Collection (High Usage)
[2026-06-26T17:49:46.639-0300][893.350s][8748][8884 ][info][gc,task     ] GC(72) Using 1 Workers for Young Generation
[2026-06-26T17:49:46.639-0300][893.350s][8748][8884 ][info][gc,phases   ] GC(72) y: Young Generation
[2026-06-26T17:49:46.639-0300][893.350s][8748][16824][info][gc,phases   ] GC(72) y: Pause Mark Start 0.014ms
[2026-06-26T17:49:46.823-0300][893.534s][8748][8884 ][info][gc,phases   ] GC(72) y: Concurrent Mark 183.618ms
[2026-06-26T17:49:46.823-0300][893.534s][8748][16824][info][gc,phases   ] GC(72) y: Pause Mark End 0.014ms
[2026-06-26T17:49:46.823-0300][893.534s][8748][8884 ][info][gc,phases   ] GC(72) y: Concurrent Mark Free 0.002ms
[2026-06-26T17:49:46.823-0300][893.534s][8748][8884 ][info][gc,phases   ] GC(72) y: Concurrent Reset Relocation Set 0.016ms
[2026-06-26T17:49:46.823-0300][893.534s][8748][8884 ][info][gc,reloc    ] GC(72) y: Using tenuring threshold: 4 (Computed)
[2026-06-26T17:49:46.825-0300][893.536s][8748][8884 ][info][gc,phases   ] GC(72) y: Concurrent Select Relocation Set 2.005ms
[2026-06-26T17:49:46.825-0300][893.536s][8748][16824][info][gc,phases   ] GC(72) y: Pause Relocate Start 0.014ms
[2026-06-26T17:49:46.842-0300][893.553s][8748][8884 ][info][gc,phases   ] GC(72) y: Concurrent Relocate 17.333ms
[2026-06-26T17:49:46.842-0300][893.553s][8748][8884 ][info][gc,alloc    ] GC(72) y:                         Mark Start        Mark End      Relocate Start    Relocate End   
[2026-06-26T17:49:46.842-0300][893.554s][8748][8884 ][info][gc,alloc    ] GC(72) y: Allocation Stalls:          0                0                0                0         
[2026-06-26T17:49:46.842-0300][893.554s][8748][8884 ][info][gc,load     ] GC(72) y: Load: 0.00 (0%) / 0.00 (0%) / 0.00 (0%)
[2026-06-26T17:49:46.842-0300][893.554s][8748][8884 ][info][gc,mmu      ] GC(72) y: MMU: 2ms/44.2%, 5ms/77.7%, 10ms/88.8%, 20ms/94.4%, 50ms/94.8%, 100ms/97.4%
[2026-06-26T17:49:46.842-0300][893.554s][8748][8884 ][info][gc,marking  ] GC(72) y: Mark: 1 stripe(s), 2 proactive flush(es), 1 terminate flush(es), 0 completion(s), 0 continuation(s) 
[2026-06-26T17:49:46.842-0300][893.554s][8748][8884 ][info][gc,nmethod  ] GC(72) y: NMethods: 17199 registered, 3732 unregistered
[2026-06-26T17:49:46.842-0300][893.554s][8748][8884 ][info][gc,metaspace] GC(72) y: Metaspace: 81M used, 83M committed, 1152M reserved
[2026-06-26T17:49:46.842-0300][893.554s][8748][8884 ][info][gc,reloc    ] GC(72) y:                        Candidates     Selected     In-Place         Size        Empty    Relocated 
[2026-06-26T17:49:46.842-0300][893.554s][8748][8884 ][info][gc,reloc    ] GC(72) y: Small Pages:                  488          330            0         976M         270M          10M 
[2026-06-26T17:49:46.842-0300][893.554s][8748][8884 ][info][gc,reloc    ] GC(72) y: Medium Pages:                   0            0            0           0M           0M           0M 
[2026-06-26T17:49:46.842-0300][893.554s][8748][8884 ][info][gc,reloc    ] GC(72) y: Large Pages:                    0            0            0           0M           0M           0M 
[2026-06-26T17:49:46.842-0300][893.554s][8748][8884 ][info][gc,reloc    ] GC(72) y: Forwarding Usage: 5M
[2026-06-26T17:49:46.842-0300][893.554s][8748][8884 ][info][gc,reloc    ] GC(72) y: Age Table:
[2026-06-26T17:49:46.842-0300][893.554s][8748][8884 ][info][gc,reloc    ] GC(72) y:                    Live             Garbage             Small              Medium             Large        
[2026-06-26T17:49:46.842-0300][893.554s][8748][8884 ][info][gc,reloc    ] GC(72) y: Eden              18M (1%)          919M (30%)        469 / 322            0 / 0              0 / 0        
[2026-06-26T17:49:46.842-0300][893.554s][8748][8884 ][info][gc,reloc    ] GC(72) y: Survivor 1         5M (0%)            8M (0%)           7 / 5              0 / 0              0 / 0        
[2026-06-26T17:49:46.842-0300][893.554s][8748][8884 ][info][gc,reloc    ] GC(72) y: Survivor 2        13M (0%)            6M (0%)          10 / 1              0 / 0              0 / 0        
[2026-06-26T17:49:46.842-0300][893.554s][8748][8884 ][info][gc,reloc    ] GC(72) y: Survivor 3         0M (0%)            3M (0%)           2 / 2              0 / 0              0 / 0        
[2026-06-26T17:49:46.842-0300][893.554s][8748][8884 ][info][gc,heap     ] GC(72) y: Min Capacity: 8M(0%)
[2026-06-26T17:49:46.842-0300][893.554s][8748][8884 ][info][gc,heap     ] GC(72) y: Max Capacity: 3072M(100%)
[2026-06-26T17:49:46.842-0300][893.554s][8748][8884 ][info][gc,heap     ] GC(72) y: Soft Max Capacity: 3072M(100%)
[2026-06-26T17:49:46.842-0300][893.554s][8748][8884 ][info][gc,heap     ] GC(72) y: Heap Statistics:
[2026-06-26T17:49:46.842-0300][893.554s][8748][8884 ][info][gc,heap     ] GC(72) y:                Mark Start          Mark End        Relocate Start      Relocate End           High               Low         
[2026-06-26T17:49:46.842-0300][893.554s][8748][8884 ][info][gc,heap     ] GC(72) y:  Capacity:     2952M (96%)        2952M (96%)        2952M (96%)        2952M (96%)        2952M (96%)        2952M (96%)    
[2026-06-26T17:49:46.842-0300][893.554s][8748][8884 ][info][gc,heap     ] GC(72) y:      Free:      190M (6%)          168M (5%)          438M (14%)        1080M (35%)        1080M (35%)         168M (5%)     
[2026-06-26T17:49:46.842-0300][893.554s][8748][8884 ][info][gc,heap     ] GC(72) y:      Used:     2882M (94%)        2904M (95%)        2634M (86%)        1992M (65%)        2904M (95%)        1992M (65%)    
[2026-06-26T17:49:46.842-0300][893.554s][8748][8884 ][info][gc,heap     ] GC(72) y: Young Generation Statistics:
[2026-06-26T17:49:46.842-0300][893.554s][8748][8884 ][info][gc,heap     ] GC(72) y:                Mark Start          Mark End        Relocate Start      Relocate End    
[2026-06-26T17:49:46.842-0300][893.554s][8748][8884 ][info][gc,heap     ] GC(72) y:      Used:      976M (32%)         998M (32%)         728M (24%)          86M (3%)     
[2026-06-26T17:49:46.842-0300][893.554s][8748][8884 ][info][gc,heap     ] GC(72) y:      Live:         -                36M (1%)           36M (1%)           36M (1%)     
[2026-06-26T17:49:46.842-0300][893.554s][8748][8884 ][info][gc,heap     ] GC(72) y:   Garbage:         -               939M (31%)         669M (22%)           6M (0%)     
[2026-06-26T17:49:46.842-0300][893.554s][8748][8884 ][info][gc,heap     ] GC(72) y: Allocated:         -                22M (1%)           22M (1%)           42M (1%)     
[2026-06-26T17:49:46.842-0300][893.554s][8748][8884 ][info][gc,heap     ] GC(72) y: Reclaimed:         -                  -               270M (9%)          932M (30%)    
[2026-06-26T17:49:46.842-0300][893.554s][8748][8884 ][info][gc,heap     ] GC(72) y:  Promoted:         -                  -                 0M (0%)            0M (0%)     
[2026-06-26T17:49:46.842-0300][893.554s][8748][8884 ][info][gc,heap     ] GC(72) y: Compacted:         -                  -                  -                17M (1%)     
[2026-06-26T17:49:46.842-0300][893.554s][8748][8884 ][info][gc,phases   ] GC(72) y: Young Generation 2882M(94%)->1992M(65%) 0.203s
[2026-06-26T17:49:46.842-0300][893.554s][8748][8884 ][info][gc          ] GC(72) Minor Collection (High Usage) 2882M(94%)->1992M(65%) 0.204s
[2026-06-26T17:50:15.616-0300][922.326s][8748][8884 ][info][gc          ] GC(73) Minor Collection (High Usage)
[2026-06-26T17:50:15.616-0300][922.326s][8748][8884 ][info][gc,task     ] GC(73) Using 1 Workers for Young Generation
[2026-06-26T17:50:15.616-0300][922.326s][8748][8884 ][info][gc,phases   ] GC(73) y: Young Generation
[2026-06-26T17:50:15.616-0300][922.327s][8748][16824][info][gc,phases   ] GC(73) y: Pause Mark Start 0.008ms
[2026-06-26T17:50:15.744-0300][922.455s][8748][8884 ][info][gc,phases   ] GC(73) y: Concurrent Mark 128.672ms
[2026-06-26T17:50:15.744-0300][922.455s][8748][16824][info][gc,phases   ] GC(73) y: Pause Mark End 0.013ms
[2026-06-26T17:50:15.745-0300][922.455s][8748][8884 ][info][gc,phases   ] GC(73) y: Concurrent Mark Free 0.002ms
[2026-06-26T17:50:15.745-0300][922.455s][8748][8884 ][info][gc,phases   ] GC(73) y: Concurrent Reset Relocation Set 0.022ms
[2026-06-26T17:50:15.745-0300][922.456s][8748][8884 ][info][gc,reloc    ] GC(73) y: Using tenuring threshold: 1 (Computed)
[2026-06-26T17:50:15.764-0300][922.475s][8748][8884 ][info][gc,phases   ] GC(73) y: Concurrent Select Relocation Set 19.806ms
[2026-06-26T17:50:15.764-0300][922.475s][8748][16824][info][gc,phases   ] GC(73) y: Pause Relocate Start 0.012ms
[2026-06-26T17:50:15.799-0300][922.510s][8748][8884 ][info][gc,phases   ] GC(73) y: Concurrent Relocate 34.762ms
[2026-06-26T17:50:15.799-0300][922.510s][8748][8884 ][info][gc,alloc    ] GC(73) y:                         Mark Start        Mark End      Relocate Start    Relocate End   
[2026-06-26T17:50:15.799-0300][922.510s][8748][8884 ][info][gc,alloc    ] GC(73) y: Allocation Stalls:          0                0                0                0         
[2026-06-26T17:50:15.799-0300][922.510s][8748][8884 ][info][gc,load     ] GC(73) y: Load: 0.00 (0%) / 0.00 (0%) / 0.00 (0%)
[2026-06-26T17:50:15.799-0300][922.510s][8748][8884 ][info][gc,mmu      ] GC(73) y: MMU: 2ms/44.2%, 5ms/77.7%, 10ms/88.8%, 20ms/94.4%, 50ms/94.8%, 100ms/97.4%
[2026-06-26T17:50:15.799-0300][922.510s][8748][8884 ][info][gc,marking  ] GC(73) y: Mark: 1 stripe(s), 2 proactive flush(es), 1 terminate flush(es), 0 completion(s), 0 continuation(s) 
[2026-06-26T17:50:15.799-0300][922.510s][8748][8884 ][info][gc,nmethod  ] GC(73) y: NMethods: 17375 registered, 3732 unregistered
[2026-06-26T17:50:15.800-0300][922.510s][8748][8884 ][info][gc,metaspace] GC(73) y: Metaspace: 81M used, 83M committed, 1152M reserved
[2026-06-26T17:50:15.800-0300][922.510s][8748][8884 ][info][gc,reloc    ] GC(73) y:                        Candidates     Selected     In-Place         Size        Empty    Relocated 
[2026-06-26T17:50:15.800-0300][922.510s][8748][8884 ][info][gc,reloc    ] GC(73) y: Small Pages:                  488          196            0         976M         540M           2M 
[2026-06-26T17:50:15.800-0300][922.510s][8748][8884 ][info][gc,reloc    ] GC(73) y: Medium Pages:                   0            0            0           0M           0M           0M 
[2026-06-26T17:50:15.800-0300][922.510s][8748][8884 ][info][gc,reloc    ] GC(73) y: Large Pages:                    0            0            0           0M           0M           0M 
[2026-06-26T17:50:15.800-0300][922.510s][8748][8884 ][info][gc,reloc    ] GC(73) y: Forwarding Usage: 1M
[2026-06-26T17:50:15.800-0300][922.510s][8748][8884 ][info][gc,reloc    ] GC(73) y: Age Table:
[2026-06-26T17:50:15.800-0300][922.510s][8748][8884 ][info][gc,reloc    ] GC(73) y:                    Live             Garbage             Small              Medium             Large        
[2026-06-26T17:50:15.800-0300][922.511s][8748][8884 ][info][gc,reloc    ] GC(73) y: Eden               0M (0%)          911M (30%)        456 / 186            0 / 0              0 / 0        
[2026-06-26T17:50:15.800-0300][922.511s][8748][8884 ][info][gc,reloc    ] GC(73) y: Survivor 1        17M (1%)            8M (0%)          13 / 3              0 / 0              0 / 0        
[2026-06-26T17:50:15.800-0300][922.511s][8748][8884 ][info][gc,reloc    ] GC(73) y: Survivor 2         5M (0%)            6M (0%)           6 / 3              0 / 0              0 / 0        
[2026-06-26T17:50:15.800-0300][922.511s][8748][8884 ][info][gc,reloc    ] GC(73) y: Survivor 3        13M (0%)            8M (0%)          11 / 3              0 / 0              0 / 0        
[2026-06-26T17:50:15.800-0300][922.511s][8748][8884 ][info][gc,reloc    ] GC(73) y: Survivor 4         0M (0%)            3M (0%)           2 / 1              0 / 0              0 / 0        
[2026-06-26T17:50:15.800-0300][922.511s][8748][8884 ][info][gc,heap     ] GC(73) y: Min Capacity: 8M(0%)
[2026-06-26T17:50:15.800-0300][922.511s][8748][8884 ][info][gc,heap     ] GC(73) y: Max Capacity: 3072M(100%)
[2026-06-26T17:50:15.800-0300][922.511s][8748][8884 ][info][gc,heap     ] GC(73) y: Soft Max Capacity: 3072M(100%)
[2026-06-26T17:50:15.800-0300][922.511s][8748][8884 ][info][gc,heap     ] GC(73) y: Heap Statistics:
[2026-06-26T17:50:15.800-0300][922.511s][8748][8884 ][info][gc,heap     ] GC(73) y:                Mark Start          Mark End        Relocate Start      Relocate End           High               Low         
[2026-06-26T17:50:15.800-0300][922.511s][8748][8884 ][info][gc,heap     ] GC(73) y:  Capacity:     2952M (96%)        2952M (96%)        2952M (96%)        2952M (96%)        2952M (96%)        2952M (96%)    
[2026-06-26T17:50:15.800-0300][922.511s][8748][8884 ][info][gc,heap     ] GC(73) y:      Free:      190M (6%)          168M (5%)          706M (23%)        1094M (36%)        1094M (36%)         168M (5%)     
[2026-06-26T17:50:15.800-0300][922.511s][8748][8884 ][info][gc,heap     ] GC(73) y:      Used:     2882M (94%)        2904M (95%)        2366M (77%)        1978M (64%)        2904M (95%)        1978M (64%)    
[2026-06-26T17:50:15.800-0300][922.511s][8748][8884 ][info][gc,heap     ] GC(73) y: Young Generation Statistics:
[2026-06-26T17:50:15.800-0300][922.511s][8748][8884 ][info][gc,heap     ] GC(73) y:                Mark Start          Mark End        Relocate Start      Relocate End    
[2026-06-26T17:50:15.800-0300][922.511s][8748][8884 ][info][gc,heap     ] GC(73) y:      Used:      976M (32%)         998M (32%)         420M (14%)          28M (1%)     
[2026-06-26T17:50:15.800-0300][922.511s][8748][8884 ][info][gc,heap     ] GC(73) y:      Live:         -                37M (1%)            3M (0%)            0M (0%)     
[2026-06-26T17:50:15.800-0300][922.511s][8748][8884 ][info][gc,heap     ] GC(73) y:   Garbage:         -               938M (31%)         392M (13%)           0M (0%)     
[2026-06-26T17:50:15.800-0300][922.511s][8748][8884 ][info][gc,heap     ] GC(73) y: Allocated:         -                22M (1%)           24M (1%)           27M (1%)     
[2026-06-26T17:50:15.800-0300][922.511s][8748][8884 ][info][gc,heap     ] GC(73) y: Reclaimed:         -                  -               546M (18%)         938M (31%)    
[2026-06-26T17:50:15.800-0300][922.511s][8748][8884 ][info][gc,heap     ] GC(73) y:  Promoted:         -                  -                33M (1%)           36M (1%)     
[2026-06-26T17:50:15.800-0300][922.511s][8748][8884 ][info][gc,heap     ] GC(73) y: Compacted:         -                  -                  -                 0M (0%)     
[2026-06-26T17:50:15.800-0300][922.511s][8748][8884 ][info][gc,phases   ] GC(73) y: Young Generation 2882M(94%)->1978M(64%) 0.184s
[2026-06-26T17:50:15.800-0300][922.511s][8748][8884 ][info][gc          ] GC(73) Minor Collection (High Usage) 2882M(94%)->1978M(64%) 0.184s
[2026-06-26T17:50:42.549-0300][949.260s][8748][8884 ][info][gc          ] GC(74) Minor Collection (High Usage)
[2026-06-26T17:50:42.549-0300][949.260s][8748][8884 ][info][gc,task     ] GC(74) Using 1 Workers for Young Generation
[2026-06-26T17:50:42.549-0300][949.260s][8748][8884 ][info][gc,phases   ] GC(74) y: Young Generation
[2026-06-26T17:50:42.549-0300][949.260s][8748][16824][info][gc,phases   ] GC(74) y: Pause Mark Start 0.011ms
[2026-06-26T17:50:42.662-0300][949.373s][8748][8884 ][info][gc,phases   ] GC(74) y: Concurrent Mark 113.391ms
[2026-06-26T17:50:42.662-0300][949.373s][8748][16824][info][gc,phases   ] GC(74) y: Pause Mark End 0.013ms
[2026-06-26T17:50:42.662-0300][949.373s][8748][8884 ][info][gc,phases   ] GC(74) y: Concurrent Mark Free 0.002ms
[2026-06-26T17:50:42.662-0300][949.374s][8748][8884 ][info][gc,phases   ] GC(74) y: Concurrent Reset Relocation Set 0.183ms
[2026-06-26T17:50:42.662-0300][949.374s][8748][8884 ][info][gc,reloc    ] GC(74) y: Using tenuring threshold: 2 (Computed)
[2026-06-26T17:50:42.663-0300][949.375s][8748][8884 ][info][gc,phases   ] GC(74) y: Concurrent Select Relocation Set 0.909ms
[2026-06-26T17:50:42.663-0300][949.375s][8748][16824][info][gc,phases   ] GC(74) y: Pause Relocate Start 0.005ms
[2026-06-26T17:50:42.673-0300][949.384s][8748][8884 ][info][gc,phases   ] GC(74) y: Concurrent Relocate 9.813ms
[2026-06-26T17:50:42.673-0300][949.385s][8748][8884 ][info][gc,alloc    ] GC(74) y:                         Mark Start        Mark End      Relocate Start    Relocate End   
[2026-06-26T17:50:42.673-0300][949.385s][8748][8884 ][info][gc,alloc    ] GC(74) y: Allocation Stalls:          0                0                0                0         
[2026-06-26T17:50:42.673-0300][949.385s][8748][8884 ][info][gc,load     ] GC(74) y: Load: 0.00 (0%) / 0.00 (0%) / 0.00 (0%)
[2026-06-26T17:50:42.673-0300][949.385s][8748][8884 ][info][gc,mmu      ] GC(74) y: MMU: 2ms/44.2%, 5ms/77.7%, 10ms/88.8%, 20ms/94.4%, 50ms/94.8%, 100ms/97.4%
[2026-06-26T17:50:42.673-0300][949.385s][8748][8884 ][info][gc,marking  ] GC(74) y: Mark: 1 stripe(s), 2 proactive flush(es), 1 terminate flush(es), 0 completion(s), 0 continuation(s) 
[2026-06-26T17:50:42.673-0300][949.385s][8748][8884 ][info][gc,nmethod  ] GC(74) y: NMethods: 17453 registered, 3732 unregistered
[2026-06-26T17:50:42.673-0300][949.385s][8748][8884 ][info][gc,metaspace] GC(74) y: Metaspace: 81M used, 83M committed, 1152M reserved
[2026-06-26T17:50:42.673-0300][949.385s][8748][8884 ][info][gc,reloc    ] GC(74) y:                        Candidates     Selected     In-Place         Size        Empty    Relocated 
[2026-06-26T17:50:42.673-0300][949.385s][8748][8884 ][info][gc,reloc    ] GC(74) y: Small Pages:                  466          228            0         932M         458M           7M 
[2026-06-26T17:50:42.673-0300][949.385s][8748][8884 ][info][gc,reloc    ] GC(74) y: Medium Pages:                   0            0            0           0M           0M           0M 
[2026-06-26T17:50:42.673-0300][949.385s][8748][8884 ][info][gc,reloc    ] GC(74) y: Large Pages:                    0            0            0           0M           0M           0M 
[2026-06-26T17:50:42.673-0300][949.385s][8748][8884 ][info][gc,reloc    ] GC(74) y: Forwarding Usage: 3M
[2026-06-26T17:50:42.673-0300][949.385s][8748][8884 ][info][gc,reloc    ] GC(74) y: Age Table:
[2026-06-26T17:50:42.673-0300][949.385s][8748][8884 ][info][gc,reloc    ] GC(74) y:                    Live             Garbage             Small              Medium             Large        
[2026-06-26T17:50:42.673-0300][949.385s][8748][8884 ][info][gc,reloc    ] GC(74) y: Eden              13M (0%)          914M (30%)        464 / 226            0 / 0              0 / 0        
[2026-06-26T17:50:42.673-0300][949.385s][8748][8884 ][info][gc,reloc    ] GC(74) y: Survivor 1         0M (0%)            3M (0%)           2 / 2              0 / 0              0 / 0        
[2026-06-26T17:50:42.673-0300][949.385s][8748][8884 ][info][gc,heap     ] GC(74) y: Min Capacity: 8M(0%)
[2026-06-26T17:50:42.673-0300][949.385s][8748][8884 ][info][gc,heap     ] GC(74) y: Max Capacity: 3072M(100%)
[2026-06-26T17:50:42.673-0300][949.385s][8748][8884 ][info][gc,heap     ] GC(74) y: Soft Max Capacity: 3072M(100%)
[2026-06-26T17:50:42.673-0300][949.385s][8748][8884 ][info][gc,heap     ] GC(74) y: Heap Statistics:
[2026-06-26T17:50:42.673-0300][949.385s][8748][8884 ][info][gc,heap     ] GC(74) y:                Mark Start          Mark End        Relocate Start      Relocate End           High               Low         
[2026-06-26T17:50:42.673-0300][949.385s][8748][8884 ][info][gc,heap     ] GC(74) y:  Capacity:     2952M (96%)        2952M (96%)        2952M (96%)        2952M (96%)        2952M (96%)        2952M (96%)    
[2026-06-26T17:50:42.673-0300][949.385s][8748][8884 ][info][gc,heap     ] GC(74) y:      Free:      190M (6%)          168M (5%)          626M (20%)        1078M (35%)        1078M (35%)         168M (5%)     
[2026-06-26T17:50:42.673-0300][949.385s][8748][8884 ][info][gc,heap     ] GC(74) y:      Used:     2882M (94%)        2904M (95%)        2446M (80%)        1994M (65%)        2904M (95%)        1994M (65%)    
[2026-06-26T17:50:42.673-0300][949.385s][8748][8884 ][info][gc,heap     ] GC(74) y: Young Generation Statistics:
[2026-06-26T17:50:42.673-0300][949.385s][8748][8884 ][info][gc,heap     ] GC(74) y:                Mark Start          Mark End        Relocate Start      Relocate End    
[2026-06-26T17:50:42.673-0300][949.385s][8748][8884 ][info][gc,heap     ] GC(74) y:      Used:      932M (30%)         954M (31%)         496M (16%)          44M (1%)     
[2026-06-26T17:50:42.673-0300][949.385s][8748][8884 ][info][gc,heap     ] GC(74) y:      Live:         -                14M (0%)           14M (0%)           14M (0%)     
[2026-06-26T17:50:42.673-0300][949.385s][8748][8884 ][info][gc,heap     ] GC(74) y:   Garbage:         -               917M (30%)         459M (15%)           2M (0%)     
[2026-06-26T17:50:42.673-0300][949.385s][8748][8884 ][info][gc,heap     ] GC(74) y: Allocated:         -                22M (1%)           22M (1%)           27M (1%)     
[2026-06-26T17:50:42.673-0300][949.385s][8748][8884 ][info][gc,heap     ] GC(74) y: Reclaimed:         -                  -               458M (15%)         915M (30%)    
[2026-06-26T17:50:42.673-0300][949.385s][8748][8884 ][info][gc,heap     ] GC(74) y:  Promoted:         -                  -                 0M (0%)            0M (0%)     
[2026-06-26T17:50:42.673-0300][949.385s][8748][8884 ][info][gc,heap     ] GC(74) y: Compacted:         -                  -                  -                10M (0%)     
[2026-06-26T17:50:42.673-0300][949.385s][8748][8884 ][info][gc,phases   ] GC(74) y: Young Generation 2882M(94%)->1994M(65%) 0.125s
[2026-06-26T17:50:42.673-0300][949.385s][8748][8884 ][info][gc          ] GC(74) Minor Collection (High Usage) 2882M(94%)->1994M(65%) 0.125s
[2026-06-26T17:51:13.036-0300][979.747s][8748][8884 ][info][gc          ] GC(75) Minor Collection (High Usage)
[2026-06-26T17:51:13.036-0300][979.747s][8748][8884 ][info][gc,task     ] GC(75) Using 1 Workers for Young Generation
[2026-06-26T17:51:13.036-0300][979.747s][8748][8884 ][info][gc,phases   ] GC(75) y: Young Generation
[2026-06-26T17:51:13.036-0300][979.747s][8748][16824][info][gc,phases   ] GC(75) y: Pause Mark Start 0.010ms
[2026-06-26T17:51:13.135-0300][979.846s][8748][8884 ][info][gc,phases   ] GC(75) y: Concurrent Mark 98.959ms
[2026-06-26T17:51:13.135-0300][979.846s][8748][16824][info][gc,phases   ] GC(75) y: Pause Mark End 0.012ms
[2026-06-26T17:51:13.135-0300][979.846s][8748][8884 ][info][gc,phases   ] GC(75) y: Concurrent Mark Free 0.002ms
[2026-06-26T17:51:13.135-0300][979.846s][8748][8884 ][info][gc,phases   ] GC(75) y: Concurrent Reset Relocation Set 0.010ms
[2026-06-26T17:51:13.135-0300][979.846s][8748][8884 ][info][gc,reloc    ] GC(75) y: Using tenuring threshold: 3 (Computed)
[2026-06-26T17:51:13.135-0300][979.847s][8748][8884 ][info][gc,phases   ] GC(75) y: Concurrent Select Relocation Set 0.485ms
[2026-06-26T17:51:13.135-0300][979.847s][8748][16824][info][gc,phases   ] GC(75) y: Pause Relocate Start 0.005ms
[2026-06-26T17:51:13.143-0300][979.854s][8748][8884 ][info][gc,phases   ] GC(75) y: Concurrent Relocate 7.752ms
[2026-06-26T17:51:13.143-0300][979.854s][8748][8884 ][info][gc,alloc    ] GC(75) y:                         Mark Start        Mark End      Relocate Start    Relocate End   
[2026-06-26T17:51:13.143-0300][979.855s][8748][8884 ][info][gc,alloc    ] GC(75) y: Allocation Stalls:          0                0                0                0         
[2026-06-26T17:51:13.143-0300][979.855s][8748][8884 ][info][gc,load     ] GC(75) y: Load: 0.00 (0%) / 0.00 (0%) / 0.00 (0%)
[2026-06-26T17:51:13.143-0300][979.855s][8748][8884 ][info][gc,mmu      ] GC(75) y: MMU: 2ms/44.2%, 5ms/77.7%, 10ms/88.8%, 20ms/94.4%, 50ms/94.8%, 100ms/97.4%
[2026-06-26T17:51:13.143-0300][979.855s][8748][8884 ][info][gc,marking  ] GC(75) y: Mark: 1 stripe(s), 2 proactive flush(es), 1 terminate flush(es), 0 completion(s), 0 continuation(s) 
[2026-06-26T17:51:13.143-0300][979.855s][8748][8884 ][info][gc,nmethod  ] GC(75) y: NMethods: 17580 registered, 3732 unregistered
[2026-06-26T17:51:13.143-0300][979.855s][8748][8884 ][info][gc,metaspace] GC(75) y: Metaspace: 81M used, 83M committed, 1152M reserved
[2026-06-26T17:51:13.143-0300][979.855s][8748][8884 ][info][gc,reloc    ] GC(75) y:                        Candidates     Selected     In-Place         Size        Empty    Relocated 
[2026-06-26T17:51:13.143-0300][979.855s][8748][8884 ][info][gc,reloc    ] GC(75) y: Small Pages:                  466          227            0         932M         458M           4M 
[2026-06-26T17:51:13.143-0300][979.855s][8748][8884 ][info][gc,reloc    ] GC(75) y: Medium Pages:                   0            0            0           0M           0M           0M 
[2026-06-26T17:51:13.143-0300][979.855s][8748][8884 ][info][gc,reloc    ] GC(75) y: Large Pages:                    0            0            0           0M           0M           0M 
[2026-06-26T17:51:13.143-0300][979.855s][8748][8884 ][info][gc,reloc    ] GC(75) y: Forwarding Usage: 2M
[2026-06-26T17:51:13.143-0300][979.855s][8748][8884 ][info][gc,reloc    ] GC(75) y: Age Table:
[2026-06-26T17:51:13.143-0300][979.855s][8748][8884 ][info][gc,reloc    ] GC(75) y:                    Live             Garbage             Small              Medium             Large        
[2026-06-26T17:51:13.143-0300][979.855s][8748][8884 ][info][gc,reloc    ] GC(75) y: Eden               6M (0%)          903M (29%)        455 / 222            0 / 0              0 / 0        
[2026-06-26T17:51:13.143-0300][979.855s][8748][8884 ][info][gc,reloc    ] GC(75) y: Survivor 1         9M (0%)            8M (0%)           9 / 3              0 / 0              0 / 0        
[2026-06-26T17:51:13.144-0300][979.855s][8748][8884 ][info][gc,reloc    ] GC(75) y: Survivor 2         0M (0%)            3M (0%)           2 / 2              0 / 0              0 / 0        
[2026-06-26T17:51:13.144-0300][979.855s][8748][8884 ][info][gc,heap     ] GC(75) y: Min Capacity: 8M(0%)
[2026-06-26T17:51:13.144-0300][979.855s][8748][8884 ][info][gc,heap     ] GC(75) y: Max Capacity: 3072M(100%)
[2026-06-26T17:51:13.144-0300][979.855s][8748][8884 ][info][gc,heap     ] GC(75) y: Soft Max Capacity: 3072M(100%)
[2026-06-26T17:51:13.144-0300][979.855s][8748][8884 ][info][gc,heap     ] GC(75) y: Heap Statistics:
[2026-06-26T17:51:13.144-0300][979.855s][8748][8884 ][info][gc,heap     ] GC(75) y:                Mark Start          Mark End        Relocate Start      Relocate End           High               Low         
[2026-06-26T17:51:13.144-0300][979.855s][8748][8884 ][info][gc,heap     ] GC(75) y:  Capacity:     2952M (96%)        2952M (96%)        2952M (96%)        2952M (96%)        2952M (96%)        2952M (96%)    
[2026-06-26T17:51:13.144-0300][979.855s][8748][8884 ][info][gc,heap     ] GC(75) y:      Free:      190M (6%)          168M (5%)          626M (20%)        1074M (35%)        1074M (35%)         168M (5%)     
[2026-06-26T17:51:13.144-0300][979.855s][8748][8884 ][info][gc,heap     ] GC(75) y:      Used:     2882M (94%)        2904M (95%)        2446M (80%)        1998M (65%)        2904M (95%)        1998M (65%)    
[2026-06-26T17:51:13.144-0300][979.855s][8748][8884 ][info][gc,heap     ] GC(75) y: Young Generation Statistics:
[2026-06-26T17:51:13.144-0300][979.855s][8748][8884 ][info][gc,heap     ] GC(75) y:                Mark Start          Mark End        Relocate Start      Relocate End    
[2026-06-26T17:51:13.144-0300][979.855s][8748][8884 ][info][gc,heap     ] GC(75) y:      Used:      932M (30%)         954M (31%)         496M (16%)          48M (2%)     
[2026-06-26T17:51:13.144-0300][979.855s][8748][8884 ][info][gc,heap     ] GC(75) y:      Live:         -                16M (1%)           16M (1%)           16M (1%)     
[2026-06-26T17:51:13.144-0300][979.855s][8748][8884 ][info][gc,heap     ] GC(75) y:   Garbage:         -               915M (30%)         457M (15%)           2M (0%)     
[2026-06-26T17:51:13.144-0300][979.855s][8748][8884 ][info][gc,heap     ] GC(75) y: Allocated:         -                22M (1%)           22M (1%)           29M (1%)     
[2026-06-26T17:51:13.144-0300][979.855s][8748][8884 ][info][gc,heap     ] GC(75) y: Reclaimed:         -                  -               458M (15%)         913M (30%)    
[2026-06-26T17:51:13.144-0300][979.855s][8748][8884 ][info][gc,heap     ] GC(75) y:  Promoted:         -                  -                 0M (0%)            0M (0%)     
[2026-06-26T17:51:13.144-0300][979.855s][8748][8884 ][info][gc,heap     ] GC(75) y: Compacted:         -                  -                  -                 6M (0%)     
[2026-06-26T17:51:13.144-0300][979.855s][8748][8884 ][info][gc,phases   ] GC(75) y: Young Generation 2882M(94%)->1998M(65%) 0.108s
[2026-06-26T17:51:13.144-0300][979.855s][8748][8884 ][info][gc          ] GC(75) Minor Collection (High Usage) 2882M(94%)->1998M(65%) 0.108s
[2026-06-26T17:51:38.274-0300][1004.985s][8748][8884 ][info][gc          ] GC(76) Minor Collection (High Usage)
[2026-06-26T17:51:38.274-0300][1004.985s][8748][8884 ][info][gc,task     ] GC(76) Using 1 Workers for Young Generation
[2026-06-26T17:51:38.274-0300][1004.985s][8748][8884 ][info][gc,phases   ] GC(76) y: Young Generation
[2026-06-26T17:51:38.274-0300][1004.985s][8748][16824][info][gc,phases   ] GC(76) y: Pause Mark Start 0.009ms
[2026-06-26T17:51:38.352-0300][1005.063s][8748][8884 ][info][gc,phases   ] GC(76) y: Concurrent Mark 77.996ms
[2026-06-26T17:51:38.352-0300][1005.063s][8748][16824][info][gc,phases   ] GC(76) y: Pause Mark End 0.011ms
[2026-06-26T17:51:38.352-0300][1005.063s][8748][8884 ][info][gc,phases   ] GC(76) y: Concurrent Mark Free 0.001ms
[2026-06-26T17:51:38.352-0300][1005.063s][8748][8884 ][info][gc,phases   ] GC(76) y: Concurrent Reset Relocation Set 0.007ms
[2026-06-26T17:51:38.352-0300][1005.063s][8748][8884 ][info][gc,reloc    ] GC(76) y: Using tenuring threshold: 4 (Computed)
[2026-06-26T17:51:38.352-0300][1005.064s][8748][8884 ][info][gc,phases   ] GC(76) y: Concurrent Select Relocation Set 0.403ms
[2026-06-26T17:51:38.352-0300][1005.064s][8748][16824][info][gc,phases   ] GC(76) y: Pause Relocate Start 0.005ms
[2026-06-26T17:51:38.357-0300][1005.069s][8748][8884 ][info][gc,phases   ] GC(76) y: Concurrent Relocate 5.039ms
[2026-06-26T17:51:38.357-0300][1005.069s][8748][8884 ][info][gc,alloc    ] GC(76) y:                         Mark Start        Mark End      Relocate Start    Relocate End   
[2026-06-26T17:51:38.357-0300][1005.069s][8748][8884 ][info][gc,alloc    ] GC(76) y: Allocation Stalls:          0                0                0                0         
[2026-06-26T17:51:38.357-0300][1005.069s][8748][8884 ][info][gc,load     ] GC(76) y: Load: 0.00 (0%) / 0.00 (0%) / 0.00 (0%)
[2026-06-26T17:51:38.357-0300][1005.069s][8748][8884 ][info][gc,mmu      ] GC(76) y: MMU: 2ms/44.2%, 5ms/77.7%, 10ms/88.8%, 20ms/94.4%, 50ms/94.8%, 100ms/97.4%
[2026-06-26T17:51:38.357-0300][1005.069s][8748][8884 ][info][gc,marking  ] GC(76) y: Mark: 1 stripe(s), 2 proactive flush(es), 1 terminate flush(es), 0 completion(s), 0 continuation(s) 
[2026-06-26T17:51:38.358-0300][1005.069s][8748][8884 ][info][gc,nmethod  ] GC(76) y: NMethods: 17622 registered, 3732 unregistered
[2026-06-26T17:51:38.358-0300][1005.069s][8748][8884 ][info][gc,metaspace] GC(76) y: Metaspace: 81M used, 83M committed, 1152M reserved
[2026-06-26T17:51:38.358-0300][1005.069s][8748][8884 ][info][gc,reloc    ] GC(76) y:                        Candidates     Selected     In-Place         Size        Empty    Relocated 
[2026-06-26T17:51:38.358-0300][1005.069s][8748][8884 ][info][gc,reloc    ] GC(76) y: Small Pages:                  466          172            0         932M         568M           3M 
[2026-06-26T17:51:38.358-0300][1005.069s][8748][8884 ][info][gc,reloc    ] GC(76) y: Medium Pages:                   0            0            0           0M           0M           0M 
[2026-06-26T17:51:38.358-0300][1005.069s][8748][8884 ][info][gc,reloc    ] GC(76) y: Large Pages:                    0            0            0           0M           0M           0M 
[2026-06-26T17:51:38.358-0300][1005.069s][8748][8884 ][info][gc,reloc    ] GC(76) y: Forwarding Usage: 1M
[2026-06-26T17:51:38.358-0300][1005.069s][8748][8884 ][info][gc,reloc    ] GC(76) y: Age Table:
[2026-06-26T17:51:38.358-0300][1005.069s][8748][8884 ][info][gc,reloc    ] GC(76) y:                    Live             Garbage             Small              Medium             Large        
[2026-06-26T17:51:38.358-0300][1005.069s][8748][8884 ][info][gc,reloc    ] GC(76) y: Eden               2M (0%)          903M (29%)        453 / 168            0 / 0              0 / 0        
[2026-06-26T17:51:38.358-0300][1005.069s][8748][8884 ][info][gc,reloc    ] GC(76) y: Survivor 1         4M (0%)            7M (0%)           6 / 2              0 / 0              0 / 0        
[2026-06-26T17:51:38.358-0300][1005.069s][8748][8884 ][info][gc,reloc    ] GC(76) y: Survivor 2         8M (0%)            3M (0%)           6 / 1              0 / 0              0 / 0        
[2026-06-26T17:51:38.358-0300][1005.069s][8748][8884 ][info][gc,reloc    ] GC(76) y: Survivor 3         0M (0%)            1M (0%)           1 / 1              0 / 0              0 / 0        
[2026-06-26T17:51:38.358-0300][1005.069s][8748][8884 ][info][gc,heap     ] GC(76) y: Min Capacity: 8M(0%)
[2026-06-26T17:51:38.358-0300][1005.069s][8748][8884 ][info][gc,heap     ] GC(76) y: Max Capacity: 3072M(100%)
[2026-06-26T17:51:38.358-0300][1005.069s][8748][8884 ][info][gc,heap     ] GC(76) y: Soft Max Capacity: 3072M(100%)
[2026-06-26T17:51:38.358-0300][1005.069s][8748][8884 ][info][gc,heap     ] GC(76) y: Heap Statistics:
[2026-06-26T17:51:38.358-0300][1005.069s][8748][8884 ][info][gc,heap     ] GC(76) y:                Mark Start          Mark End        Relocate Start      Relocate End           High               Low         
[2026-06-26T17:51:38.358-0300][1005.069s][8748][8884 ][info][gc,heap     ] GC(76) y:  Capacity:     2928M (95%)        2928M (95%)        2928M (95%)        2928M (95%)        2928M (95%)        2928M (95%)    
[2026-06-26T17:51:38.358-0300][1005.069s][8748][8884 ][info][gc,heap     ] GC(76) y:      Free:      190M (6%)          170M (6%)          738M (24%)        1074M (35%)        1074M (35%)         170M (6%)     
[2026-06-26T17:51:38.358-0300][1005.069s][8748][8884 ][info][gc,heap     ] GC(76) y:      Used:     2882M (94%)        2902M (94%)        2334M (76%)        1998M (65%)        2902M (94%)        1998M (65%)    
[2026-06-26T17:51:38.358-0300][1005.069s][8748][8884 ][info][gc,heap     ] GC(76) y: Young Generation Statistics:
[2026-06-26T17:51:38.358-0300][1005.069s][8748][8884 ][info][gc,heap     ] GC(76) y:                Mark Start          Mark End        Relocate Start      Relocate End    
[2026-06-26T17:51:38.358-0300][1005.069s][8748][8884 ][info][gc,heap     ] GC(76) y:      Used:      932M (30%)         952M (31%)         384M (12%)          48M (2%)     
[2026-06-26T17:51:38.358-0300][1005.069s][8748][8884 ][info][gc,heap     ] GC(76) y:      Live:         -                15M (1%)           15M (1%)           15M (1%)     
[2026-06-26T17:51:38.358-0300][1005.069s][8748][8884 ][info][gc,heap     ] GC(76) y:   Garbage:         -               916M (30%)         348M (11%)           2M (0%)     
[2026-06-26T17:51:38.358-0300][1005.069s][8748][8884 ][info][gc,heap     ] GC(76) y: Allocated:         -                20M (1%)           20M (1%)           29M (1%)     
[2026-06-26T17:51:38.358-0300][1005.069s][8748][8884 ][info][gc,heap     ] GC(76) y: Reclaimed:         -                  -               568M (18%)         913M (30%)    
[2026-06-26T17:51:38.358-0300][1005.069s][8748][8884 ][info][gc,heap     ] GC(76) y:  Promoted:         -                  -                 0M (0%)            0M (0%)     
[2026-06-26T17:51:38.358-0300][1005.069s][8748][8884 ][info][gc,heap     ] GC(76) y: Compacted:         -                  -                  -                 4M (0%)     
[2026-06-26T17:51:38.358-0300][1005.069s][8748][8884 ][info][gc,phases   ] GC(76) y: Young Generation 2882M(94%)->1998M(65%) 0.084s
[2026-06-26T17:51:38.358-0300][1005.069s][8748][8884 ][info][gc          ] GC(76) Minor Collection (High Usage) 2882M(94%)->1998M(65%) 0.084s
[2026-06-26T17:51:55.592-0300][1022.303s][8748][8884 ][info][gc          ] GC(77) Minor Collection (High Usage)
[2026-06-26T17:51:55.592-0300][1022.303s][8748][8884 ][info][gc,task     ] GC(77) Using 1 Workers for Young Generation
[2026-06-26T17:51:55.592-0300][1022.303s][8748][8884 ][info][gc,phases   ] GC(77) y: Young Generation
[2026-06-26T17:51:55.592-0300][1022.303s][8748][16824][info][gc,phases   ] GC(77) y: Pause Mark Start 0.013ms
[2026-06-26T17:51:55.657-0300][1022.369s][8748][8884 ][info][gc,phases   ] GC(77) y: Concurrent Mark 65.781ms
[2026-06-26T17:51:55.657-0300][1022.369s][8748][16824][info][gc,phases   ] GC(77) y: Pause Mark End 0.014ms
[2026-06-26T17:51:55.657-0300][1022.369s][8748][8884 ][info][gc,phases   ] GC(77) y: Concurrent Mark Free 0.002ms
[2026-06-26T17:51:55.657-0300][1022.369s][8748][8884 ][info][gc,phases   ] GC(77) y: Concurrent Reset Relocation Set 0.007ms
[2026-06-26T17:51:55.658-0300][1022.369s][8748][8884 ][info][gc,reloc    ] GC(77) y: Using tenuring threshold: 3 (Computed)
[2026-06-26T17:51:55.662-0300][1022.374s][8748][8884 ][info][gc,phases   ] GC(77) y: Concurrent Select Relocation Set 4.905ms
[2026-06-26T17:51:55.662-0300][1022.374s][8748][16824][info][gc,phases   ] GC(77) y: Pause Relocate Start 0.005ms
[2026-06-26T17:51:55.673-0300][1022.384s][8748][8884 ][info][gc,phases   ] GC(77) y: Concurrent Relocate 10.393ms
[2026-06-26T17:51:55.673-0300][1022.384s][8748][8884 ][info][gc,alloc    ] GC(77) y:                         Mark Start        Mark End      Relocate Start    Relocate End   
[2026-06-26T17:51:55.673-0300][1022.384s][8748][8884 ][info][gc,alloc    ] GC(77) y: Allocation Stalls:          0                0                0                0         
[2026-06-26T17:51:55.673-0300][1022.384s][8748][8884 ][info][gc,load     ] GC(77) y: Load: 0.00 (0%) / 0.00 (0%) / 0.00 (0%)
[2026-06-26T17:51:55.673-0300][1022.384s][8748][8884 ][info][gc,mmu      ] GC(77) y: MMU: 2ms/44.2%, 5ms/77.7%, 10ms/88.8%, 20ms/94.4%, 50ms/94.8%, 100ms/97.4%
[2026-06-26T17:51:55.673-0300][1022.384s][8748][8884 ][info][gc,marking  ] GC(77) y: Mark: 1 stripe(s), 2 proactive flush(es), 1 terminate flush(es), 0 completion(s), 0 continuation(s) 
[2026-06-26T17:51:55.673-0300][1022.384s][8748][8884 ][info][gc,nmethod  ] GC(77) y: NMethods: 17640 registered, 3732 unregistered
[2026-06-26T17:51:55.673-0300][1022.384s][8748][8884 ][info][gc,metaspace] GC(77) y: Metaspace: 81M used, 83M committed, 1152M reserved
[2026-06-26T17:51:55.673-0300][1022.384s][8748][8884 ][info][gc,reloc    ] GC(77) y:                        Candidates     Selected     In-Place         Size        Empty    Relocated 
[2026-06-26T17:51:55.673-0300][1022.384s][8748][8884 ][info][gc,reloc    ] GC(77) y: Small Pages:                  466           94            0         932M         724M           2M 
[2026-06-26T17:51:55.673-0300][1022.384s][8748][8884 ][info][gc,reloc    ] GC(77) y: Medium Pages:                   0            0            0           0M           0M           0M 
[2026-06-26T17:51:55.673-0300][1022.384s][8748][8884 ][info][gc,reloc    ] GC(77) y: Large Pages:                    0            0            0           0M           0M           0M 
[2026-06-26T17:51:55.673-0300][1022.384s][8748][8884 ][info][gc,reloc    ] GC(77) y: Forwarding Usage: 0M
[2026-06-26T17:51:55.673-0300][1022.384s][8748][8884 ][info][gc,reloc    ] GC(77) y: Age Table:
[2026-06-26T17:51:55.673-0300][1022.384s][8748][8884 ][info][gc,reloc    ] GC(77) y:                    Live             Garbage             Small              Medium             Large        
[2026-06-26T17:51:55.673-0300][1022.384s][8748][8884 ][info][gc,reloc    ] GC(77) y: Eden               0M (0%)          903M (29%)        452 / 90             0 / 0              0 / 0        
[2026-06-26T17:51:55.673-0300][1022.384s][8748][8884 ][info][gc,reloc    ] GC(77) y: Survivor 1         2M (0%)            3M (0%)           3 / 1              0 / 0              0 / 0        
[2026-06-26T17:51:55.673-0300][1022.384s][8748][8884 ][info][gc,reloc    ] GC(77) y: Survivor 2         4M (0%)            1M (0%)           3 / 0              0 / 0              0 / 0        
[2026-06-26T17:51:55.673-0300][1022.384s][8748][8884 ][info][gc,reloc    ] GC(77) y: Survivor 3         8M (0%)            3M (0%)           6 / 1              0 / 0              0 / 0        
[2026-06-26T17:51:55.673-0300][1022.384s][8748][8884 ][info][gc,reloc    ] GC(77) y: Survivor 4         0M (0%)            3M (0%)           2 / 2              0 / 0              0 / 0        
[2026-06-26T17:51:55.673-0300][1022.384s][8748][8884 ][info][gc,heap     ] GC(77) y: Min Capacity: 8M(0%)
[2026-06-26T17:51:55.673-0300][1022.384s][8748][8884 ][info][gc,heap     ] GC(77) y: Max Capacity: 3072M(100%)
[2026-06-26T17:51:55.673-0300][1022.384s][8748][8884 ][info][gc,heap     ] GC(77) y: Soft Max Capacity: 3072M(100%)
[2026-06-26T17:51:55.673-0300][1022.384s][8748][8884 ][info][gc,heap     ] GC(77) y: Heap Statistics:
[2026-06-26T17:51:55.673-0300][1022.384s][8748][8884 ][info][gc,heap     ] GC(77) y:                Mark Start          Mark End        Relocate Start      Relocate End           High               Low         
[2026-06-26T17:51:55.673-0300][1022.384s][8748][8884 ][info][gc,heap     ] GC(77) y:  Capacity:     2928M (95%)        2928M (95%)        2928M (95%)        2928M (95%)        2928M (95%)        2928M (95%)    
[2026-06-26T17:51:55.673-0300][1022.384s][8748][8884 ][info][gc,heap     ] GC(77) y:      Free:      190M (6%)          170M (6%)          894M (29%)        1072M (35%)        1072M (35%)         170M (6%)     
[2026-06-26T17:51:55.673-0300][1022.384s][8748][8884 ][info][gc,heap     ] GC(77) y:      Used:     2882M (94%)        2902M (94%)        2178M (71%)        2000M (65%)        2902M (94%)        2000M (65%)    
[2026-06-26T17:51:55.673-0300][1022.384s][8748][8884 ][info][gc,heap     ] GC(77) y: Young Generation Statistics:
[2026-06-26T17:51:55.673-0300][1022.384s][8748][8884 ][info][gc,heap     ] GC(77) y:                Mark Start          Mark End        Relocate Start      Relocate End    
[2026-06-26T17:51:55.673-0300][1022.385s][8748][8884 ][info][gc,heap     ] GC(77) y:      Used:      932M (30%)         952M (31%)         218M (7%)           38M (1%)     
[2026-06-26T17:51:55.673-0300][1022.385s][8748][8884 ][info][gc,heap     ] GC(77) y:      Live:         -                15M (1%)            8M (0%)            6M (0%)     
[2026-06-26T17:51:55.673-0300][1022.385s][8748][8884 ][info][gc,heap     ] GC(77) y:   Garbage:         -               916M (30%)         189M (6%)            0M (0%)     
[2026-06-26T17:51:55.673-0300][1022.385s][8748][8884 ][info][gc,heap     ] GC(77) y: Allocated:         -                20M (1%)           20M (1%)           30M (1%)     
[2026-06-26T17:51:55.673-0300][1022.385s][8748][8884 ][info][gc,heap     ] GC(77) y: Reclaimed:         -                  -               726M (24%)         915M (30%)    
[2026-06-26T17:51:55.673-0300][1022.385s][8748][8884 ][info][gc,heap     ] GC(77) y:  Promoted:         -                  -                 7M (0%)            9M (0%)     
[2026-06-26T17:51:55.673-0300][1022.385s][8748][8884 ][info][gc,heap     ] GC(77) y: Compacted:         -                  -                  -                 1M (0%)     
[2026-06-26T17:51:55.673-0300][1022.385s][8748][8884 ][info][gc,phases   ] GC(77) y: Young Generation 2882M(94%)->2000M(65%) 0.082s
[2026-06-26T17:51:55.673-0300][1022.385s][8748][8884 ][info][gc          ] GC(77) Minor Collection (High Usage) 2882M(94%)->2000M(65%) 0.082s
[2026-06-26T17:52:12.043-0300][1038.753s][8748][8884 ][info][gc          ] GC(78) Minor Collection (High Usage)
[2026-06-26T17:52:12.043-0300][1038.754s][8748][8884 ][info][gc,task     ] GC(78) Using 1 Workers for Young Generation
[2026-06-26T17:52:12.043-0300][1038.754s][8748][8884 ][info][gc,phases   ] GC(78) y: Young Generation
[2026-06-26T17:52:12.043-0300][1038.754s][8748][16824][info][gc,phases   ] GC(78) y: Pause Mark Start 0.013ms
[2026-06-26T17:52:12.089-0300][1038.801s][8748][8884 ][info][gc,phases   ] GC(78) y: Concurrent Mark 47.030ms
[2026-06-26T17:52:12.090-0300][1038.801s][8748][16824][info][gc,phases   ] GC(78) y: Pause Mark End 0.012ms
[2026-06-26T17:52:12.090-0300][1038.801s][8748][8884 ][info][gc,phases   ] GC(78) y: Concurrent Mark Free 0.000ms
[2026-06-26T17:52:12.090-0300][1038.801s][8748][8884 ][info][gc,phases   ] GC(78) y: Concurrent Reset Relocation Set 0.117ms
[2026-06-26T17:52:12.090-0300][1038.801s][8748][8884 ][info][gc,reloc    ] GC(78) y: Using tenuring threshold: 1 (Computed)
[2026-06-26T17:52:12.094-0300][1038.805s][8748][8884 ][info][gc,phases   ] GC(78) y: Concurrent Select Relocation Set 3.612ms
[2026-06-26T17:52:12.094-0300][1038.805s][8748][16824][info][gc,phases   ] GC(78) y: Pause Relocate Start 0.010ms
[2026-06-26T17:52:12.103-0300][1038.814s][8748][8884 ][info][gc,phases   ] GC(78) y: Concurrent Relocate 9.192ms
[2026-06-26T17:52:12.103-0300][1038.814s][8748][8884 ][info][gc,alloc    ] GC(78) y:                         Mark Start        Mark End      Relocate Start    Relocate End   
[2026-06-26T17:52:12.103-0300][1038.814s][8748][8884 ][info][gc,alloc    ] GC(78) y: Allocation Stalls:          0                0                0                0         
[2026-06-26T17:52:12.103-0300][1038.814s][8748][8884 ][info][gc,load     ] GC(78) y: Load: 0.00 (0%) / 0.00 (0%) / 0.00 (0%)
[2026-06-26T17:52:12.103-0300][1038.814s][8748][8884 ][info][gc,mmu      ] GC(78) y: MMU: 2ms/44.2%, 5ms/77.7%, 10ms/88.8%, 20ms/94.4%, 50ms/94.8%, 100ms/97.4%
[2026-06-26T17:52:12.103-0300][1038.814s][8748][8884 ][info][gc,marking  ] GC(78) y: Mark: 1 stripe(s), 2 proactive flush(es), 1 terminate flush(es), 0 completion(s), 0 continuation(s) 
[2026-06-26T17:52:12.103-0300][1038.814s][8748][8884 ][info][gc,nmethod  ] GC(78) y: NMethods: 17694 registered, 3732 unregistered
[2026-06-26T17:52:12.103-0300][1038.814s][8748][8884 ][info][gc,metaspace] GC(78) y: Metaspace: 81M used, 84M committed, 1152M reserved
[2026-06-26T17:52:12.103-0300][1038.814s][8748][8884 ][info][gc,reloc    ] GC(78) y:                        Candidates     Selected     In-Place         Size        Empty    Relocated 
[2026-06-26T17:52:12.103-0300][1038.814s][8748][8884 ][info][gc,reloc    ] GC(78) y: Small Pages:                  460           95            0         920M         722M           1M 
[2026-06-26T17:52:12.103-0300][1038.814s][8748][8884 ][info][gc,reloc    ] GC(78) y: Medium Pages:                   0            0            0           0M           0M           0M 
[2026-06-26T17:52:12.103-0300][1038.814s][8748][8884 ][info][gc,reloc    ] GC(78) y: Large Pages:                    0            0            0           0M           0M           0M 
[2026-06-26T17:52:12.103-0300][1038.814s][8748][8884 ][info][gc,reloc    ] GC(78) y: Forwarding Usage: 0M
[2026-06-26T17:52:12.103-0300][1038.814s][8748][8884 ][info][gc,reloc    ] GC(78) y: Age Table:
[2026-06-26T17:52:12.103-0300][1038.814s][8748][8884 ][info][gc,reloc    ] GC(78) y:                    Live             Garbage             Small              Medium             Large        
[2026-06-26T17:52:12.103-0300][1038.814s][8748][8884 ][info][gc,reloc    ] GC(78) y: Eden               0M (0%)          901M (29%)        451 / 90             0 / 0              0 / 0        
[2026-06-26T17:52:12.103-0300][1038.814s][8748][8884 ][info][gc,reloc    ] GC(78) y: Survivor 1         0M (0%)            5M (0%)           3 / 2              0 / 0              0 / 0        
[2026-06-26T17:52:12.103-0300][1038.814s][8748][8884 ][info][gc,reloc    ] GC(78) y: Survivor 2         2M (0%)            1M (0%)           2 / 1              0 / 0              0 / 0        
[2026-06-26T17:52:12.103-0300][1038.814s][8748][8884 ][info][gc,reloc    ] GC(78) y: Survivor 3         4M (0%)            3M (0%)           4 / 2              0 / 0              0 / 0        
[2026-06-26T17:52:12.103-0300][1038.814s][8748][8884 ][info][gc,heap     ] GC(78) y: Min Capacity: 8M(0%)
[2026-06-26T17:52:12.103-0300][1038.814s][8748][8884 ][info][gc,heap     ] GC(78) y: Max Capacity: 3072M(100%)
[2026-06-26T17:52:12.103-0300][1038.814s][8748][8884 ][info][gc,heap     ] GC(78) y: Soft Max Capacity: 3072M(100%)
[2026-06-26T17:52:12.103-0300][1038.814s][8748][8884 ][info][gc,heap     ] GC(78) y: Heap Statistics:
[2026-06-26T17:52:12.103-0300][1038.814s][8748][8884 ][info][gc,heap     ] GC(78) y:                Mark Start          Mark End        Relocate Start      Relocate End           High               Low         
[2026-06-26T17:52:12.103-0300][1038.814s][8748][8884 ][info][gc,heap     ] GC(78) y:  Capacity:     2928M (95%)        2928M (95%)        2928M (95%)        2928M (95%)        2928M (95%)        2928M (95%)    
[2026-06-26T17:52:12.103-0300][1038.814s][8748][8884 ][info][gc,heap     ] GC(78) y:      Free:      190M (6%)          178M (6%)          900M (29%)        1084M (35%)        1084M (35%)         178M (6%)     
[2026-06-26T17:52:12.103-0300][1038.814s][8748][8884 ][info][gc,heap     ] GC(78) y:      Used:     2882M (94%)        2894M (94%)        2172M (71%)        1988M (65%)        2894M (94%)        1988M (65%)    
[2026-06-26T17:52:12.103-0300][1038.814s][8748][8884 ][info][gc,heap     ] GC(78) y: Young Generation Statistics:
[2026-06-26T17:52:12.103-0300][1038.814s][8748][8884 ][info][gc,heap     ] GC(78) y:                Mark Start          Mark End        Relocate Start      Relocate End    
[2026-06-26T17:52:12.103-0300][1038.814s][8748][8884 ][info][gc,heap     ] GC(78) y:      Used:      920M (30%)         932M (30%)         204M (7%)           16M (1%)     
[2026-06-26T17:52:12.103-0300][1038.814s][8748][8884 ][info][gc,heap     ] GC(78) y:      Live:         -                 7M (0%)            1M (0%)            0M (0%)     
[2026-06-26T17:52:12.103-0300][1038.814s][8748][8884 ][info][gc,heap     ] GC(78) y:   Garbage:         -               912M (30%)         190M (6%)            0M (0%)     
[2026-06-26T17:52:12.103-0300][1038.814s][8748][8884 ][info][gc,heap     ] GC(78) y: Allocated:         -                12M (0%)           12M (0%)           15M (1%)     
[2026-06-26T17:52:12.103-0300][1038.814s][8748][8884 ][info][gc,heap     ] GC(78) y: Reclaimed:         -                  -               722M (24%)         912M (30%)    
[2026-06-26T17:52:12.103-0300][1038.814s][8748][8884 ][info][gc,heap     ] GC(78) y:  Promoted:         -                  -                 5M (0%)            6M (0%)     
[2026-06-26T17:52:12.103-0300][1038.814s][8748][8884 ][info][gc,heap     ] GC(78) y: Compacted:         -                  -                  -                 0M (0%)     
[2026-06-26T17:52:12.103-0300][1038.814s][8748][8884 ][info][gc,phases   ] GC(78) y: Young Generation 2882M(94%)->1988M(65%) 0.060s
[2026-06-26T17:52:12.103-0300][1038.814s][8748][8884 ][info][gc          ] GC(78) Minor Collection (High Usage) 2882M(94%)->1988M(65%) 0.061s
[2026-06-26T17:52:17.881-0300][1044.592s][8748][7584 ][info][gc          ] GC(79) Major Collection (Proactive)
[2026-06-26T17:52:17.881-0300][1044.592s][8748][7584 ][info][gc,task     ] GC(79) Using 1 Workers for Young Generation
[2026-06-26T17:52:17.881-0300][1044.592s][8748][7584 ][info][gc,task     ] GC(79) Using 1 Workers for Old Generation
[2026-06-26T17:52:17.881-0300][1044.592s][8748][7584 ][info][gc,phases   ] GC(79) Y: Young Generation
[2026-06-26T17:52:17.881-0300][1044.592s][8748][16824][info][gc,phases   ] GC(79) Y: Pause Mark Start (Major) 0.011ms
[2026-06-26T17:52:17.905-0300][1044.616s][8748][7584 ][info][gc,phases   ] GC(79) Y: Concurrent Mark 24.316ms
[2026-06-26T17:52:17.905-0300][1044.616s][8748][16824][info][gc,phases   ] GC(79) Y: Pause Mark End 0.012ms
[2026-06-26T17:52:17.905-0300][1044.616s][8748][7584 ][info][gc,phases   ] GC(79) Y: Concurrent Mark Free 0.004ms
[2026-06-26T17:52:17.905-0300][1044.616s][8748][7584 ][info][gc,phases   ] GC(79) Y: Concurrent Reset Relocation Set 0.033ms
[2026-06-26T17:52:17.905-0300][1044.616s][8748][7584 ][info][gc,reloc    ] GC(79) Y: Using tenuring threshold: 2 (Computed)
[2026-06-26T17:52:17.906-0300][1044.616s][8748][7584 ][info][gc,phases   ] GC(79) Y: Concurrent Select Relocation Set 0.236ms
[2026-06-26T17:52:17.906-0300][1044.617s][8748][16824][info][gc,phases   ] GC(79) Y: Pause Relocate Start 0.004ms
[2026-06-26T17:52:17.907-0300][1044.617s][8748][7584 ][info][gc,phases   ] GC(79) Y: Concurrent Relocate 0.886ms
[2026-06-26T17:52:17.907-0300][1044.617s][8748][7584 ][info][gc,alloc    ] GC(79) Y:                         Mark Start        Mark End      Relocate Start    Relocate End   
[2026-06-26T17:52:17.907-0300][1044.617s][8748][7584 ][info][gc,alloc    ] GC(79) Y: Allocation Stalls:          0                0                0                0         
[2026-06-26T17:52:17.907-0300][1044.617s][8748][7584 ][info][gc,load     ] GC(79) Y: Load: 0.00 (0%) / 0.00 (0%) / 0.00 (0%)
[2026-06-26T17:52:17.907-0300][1044.617s][8748][7584 ][info][gc,mmu      ] GC(79) Y: MMU: 2ms/44.2%, 5ms/77.7%, 10ms/88.8%, 20ms/94.4%, 50ms/94.8%, 100ms/97.4%
[2026-06-26T17:52:17.907-0300][1044.618s][8748][7584 ][info][gc,marking  ] GC(79) Y: Mark: 1 stripe(s), 2 proactive flush(es), 1 terminate flush(es), 0 completion(s), 0 continuation(s) 
[2026-06-26T17:52:17.907-0300][1044.618s][8748][7584 ][info][gc,nmethod  ] GC(79) Y: NMethods: 17736 registered, 3732 unregistered
[2026-06-26T17:52:17.907-0300][1044.618s][8748][7584 ][info][gc,metaspace] GC(79) Y: Metaspace: 81M used, 84M committed, 1152M reserved
[2026-06-26T17:52:17.907-0300][1044.618s][8748][7584 ][info][gc,reloc    ] GC(79) Y:                        Candidates     Selected     In-Place         Size        Empty    Relocated 
[2026-06-26T17:52:17.907-0300][1044.618s][8748][7584 ][info][gc,reloc    ] GC(79) Y: Small Pages:                  195           75            0         390M         238M           0M 
[2026-06-26T17:52:17.907-0300][1044.618s][8748][7584 ][info][gc,reloc    ] GC(79) Y: Medium Pages:                   0            0            0           0M           0M           0M 
[2026-06-26T17:52:17.907-0300][1044.618s][8748][7584 ][info][gc,reloc    ] GC(79) Y: Large Pages:                    0            0            0           0M           0M           0M 
[2026-06-26T17:52:17.907-0300][1044.618s][8748][7584 ][info][gc,reloc    ] GC(79) Y: Forwarding Usage: 0M
[2026-06-26T17:52:17.907-0300][1044.618s][8748][7584 ][info][gc,reloc    ] GC(79) Y: Age Table:
[2026-06-26T17:52:17.907-0300][1044.618s][8748][7584 ][info][gc,reloc    ] GC(79) Y:                    Live             Garbage             Small              Medium             Large        
[2026-06-26T17:52:17.907-0300][1044.618s][8748][7584 ][info][gc,reloc    ] GC(79) Y: Eden               0M (0%)          385M (13%)        193 / 73             0 / 0              0 / 0        
[2026-06-26T17:52:17.907-0300][1044.618s][8748][7584 ][info][gc,reloc    ] GC(79) Y: Survivor 1         0M (0%)            3M (0%)           2 / 2              0 / 0              0 / 0        
[2026-06-26T17:52:17.907-0300][1044.618s][8748][7584 ][info][gc,heap     ] GC(79) Y: Min Capacity: 8M(0%)
[2026-06-26T17:52:17.907-0300][1044.618s][8748][7584 ][info][gc,heap     ] GC(79) Y: Max Capacity: 3072M(100%)
[2026-06-26T17:52:17.907-0300][1044.618s][8748][7584 ][info][gc,heap     ] GC(79) Y: Soft Max Capacity: 3072M(100%)
[2026-06-26T17:52:17.907-0300][1044.618s][8748][7584 ][info][gc,heap     ] GC(79) Y: Heap Statistics:
[2026-06-26T17:52:17.907-0300][1044.618s][8748][7584 ][info][gc,heap     ] GC(79) Y:                Mark Start          Mark End        Relocate Start      Relocate End           High               Low         
[2026-06-26T17:52:17.907-0300][1044.618s][8748][7584 ][info][gc,heap     ] GC(79) Y:  Capacity:     2928M (95%)        2928M (95%)        2928M (95%)        2928M (95%)        2928M (95%)        2928M (95%)    
[2026-06-26T17:52:17.907-0300][1044.618s][8748][7584 ][info][gc,heap     ] GC(79) Y:      Free:      710M (23%)         704M (23%)         942M (31%)        1088M (35%)        1088M (35%)         704M (23%)    
[2026-06-26T17:52:17.907-0300][1044.618s][8748][7584 ][info][gc,heap     ] GC(79) Y:      Used:     2362M (77%)        2368M (77%)        2130M (69%)        1984M (65%)        2368M (77%)        1984M (65%)    
[2026-06-26T17:52:17.907-0300][1044.618s][8748][7584 ][info][gc,heap     ] GC(79) Y: Young Generation Statistics:
[2026-06-26T17:52:17.907-0300][1044.618s][8748][7584 ][info][gc,heap     ] GC(79) Y:                Mark Start          Mark End        Relocate Start      Relocate End    
[2026-06-26T17:52:17.907-0300][1044.618s][8748][7584 ][info][gc,heap     ] GC(79) Y:      Used:      390M (13%)         396M (13%)         158M (5%)           12M (0%)     
[2026-06-26T17:52:17.907-0300][1044.618s][8748][7584 ][info][gc,heap     ] GC(79) Y:      Live:         -                 0M (0%)            0M (0%)            0M (0%)     
[2026-06-26T17:52:17.907-0300][1044.618s][8748][7584 ][info][gc,heap     ] GC(79) Y:   Garbage:         -               389M (13%)         151M (5%)            0M (0%)     
[2026-06-26T17:52:17.907-0300][1044.618s][8748][7584 ][info][gc,heap     ] GC(79) Y: Allocated:         -                 6M (0%)            6M (0%)           11M (0%)     
[2026-06-26T17:52:17.907-0300][1044.618s][8748][7584 ][info][gc,heap     ] GC(79) Y: Reclaimed:         -                  -               238M (8%)          389M (13%)    
[2026-06-26T17:52:17.907-0300][1044.618s][8748][7584 ][info][gc,heap     ] GC(79) Y:  Promoted:         -                  -                 0M (0%)            0M (0%)     
[2026-06-26T17:52:17.907-0300][1044.618s][8748][7584 ][info][gc,heap     ] GC(79) Y: Compacted:         -                  -                  -                 0M (0%)     
[2026-06-26T17:52:17.907-0300][1044.618s][8748][7584 ][info][gc,phases   ] GC(79) Y: Young Generation 2362M(77%)->1984M(65%) 0.026s
[2026-06-26T17:52:17.907-0300][1044.618s][8748][7584 ][info][gc,phases   ] GC(79) O: Old Generation
[2026-06-26T17:52:20.856-0300][1047.567s][8748][7584 ][info][gc,phases   ] GC(79) O: Concurrent Mark 2949.151ms
[2026-06-26T17:52:20.856-0300][1047.567s][8748][16824][info][gc,phases   ] GC(79) O: Pause Mark End 0.013ms
[2026-06-26T17:52:20.856-0300][1047.567s][8748][7584 ][info][gc,phases   ] GC(79) O: Concurrent Mark Free 0.001ms
[2026-06-26T17:52:20.900-0300][1047.612s][8748][7584 ][info][gc,phases   ] GC(79) O: Concurrent Process Non-Strong 44.444ms
[2026-06-26T17:52:20.900-0300][1047.612s][8748][7584 ][info][gc,phases   ] GC(79) O: Concurrent Reset Relocation Set 0.004ms
[2026-06-26T17:52:20.906-0300][1047.617s][8748][7584 ][info][gc,phases   ] GC(79) O: Concurrent Select Relocation Set 5.409ms
[2026-06-26T17:52:20.906-0300][1047.617s][8748][7584 ][info][gc,task     ] GC(79) O: Using 2 Workers for Old Generation
[2026-06-26T17:52:20.915-0300][1047.627s][8748][7584 ][info][gc,task     ] GC(79) O: Using 1 Workers for Old Generation
[2026-06-26T17:52:20.916-0300][1047.627s][8748][7584 ][info][gc,phases   ] GC(79) O: Concurrent Remap Roots 9.785ms
[2026-06-26T17:52:20.916-0300][1047.627s][8748][16824][info][gc,phases   ] GC(79) O: Pause Relocate Start 0.014ms
[2026-06-26T17:52:20.995-0300][1047.706s][8748][7584 ][info][gc,phases   ] GC(79) O: Concurrent Relocate 79.023ms
[2026-06-26T17:52:20.995-0300][1047.706s][8748][7584 ][info][gc,alloc    ] GC(79) O:                         Mark Start        Mark End      Relocate Start    Relocate End   
[2026-06-26T17:52:20.995-0300][1047.706s][8748][7584 ][info][gc,alloc    ] GC(79) O: Allocation Stalls:          0                0                0                0         
[2026-06-26T17:52:20.995-0300][1047.706s][8748][7584 ][info][gc,load     ] GC(79) O: Load: 0.00 (0%) / 0.00 (0%) / 0.00 (0%)
[2026-06-26T17:52:20.995-0300][1047.706s][8748][7584 ][info][gc,mmu      ] GC(79) O: MMU: 2ms/44.2%, 5ms/77.7%, 10ms/88.8%, 20ms/94.4%, 50ms/94.8%, 100ms/97.4%
[2026-06-26T17:52:20.995-0300][1047.706s][8748][7584 ][info][gc,marking  ] GC(79) O: Mark: 1 stripe(s), 2 proactive flush(es), 1 terminate flush(es), 0 completion(s), 0 continuation(s) 
[2026-06-26T17:52:20.995-0300][1047.706s][8748][7584 ][info][gc,nmethod  ] GC(79) O: NMethods: 17428 registered, 4044 unregistered
[2026-06-26T17:52:20.995-0300][1047.706s][8748][7584 ][info][gc,metaspace] GC(79) O: Metaspace: 81M used, 84M committed, 1152M reserved
[2026-06-26T17:52:20.995-0300][1047.706s][8748][7584 ][info][gc,ref      ] GC(79) O:                       Encountered   Discovered     Enqueued 
[2026-06-26T17:52:20.995-0300][1047.706s][8748][7584 ][info][gc,ref      ] GC(79) O: Soft References:             6149            0            0 
[2026-06-26T17:52:20.995-0300][1047.706s][8748][7584 ][info][gc,ref      ] GC(79) O: Weak References:             6477         5349           11 
[2026-06-26T17:52:20.995-0300][1047.706s][8748][7584 ][info][gc,ref      ] GC(79) O: Final References:              16            0            0 
[2026-06-26T17:52:20.995-0300][1047.706s][8748][7584 ][info][gc,ref      ] GC(79) O: Phantom References:         23878        23840        15830 
[2026-06-26T17:52:20.995-0300][1047.706s][8748][7584 ][info][gc,reloc    ] GC(79) O:                        Candidates     Selected     In-Place         Size        Empty    Relocated 
[2026-06-26T17:52:20.995-0300][1047.706s][8748][7584 ][info][gc,reloc    ] GC(79) O: Small Pages:                  924           24            0        1848M           0M          16M 
[2026-06-26T17:52:20.995-0300][1047.706s][8748][7584 ][info][gc,reloc    ] GC(79) O: Medium Pages:                   2            0            0          64M           0M           0M 
[2026-06-26T17:52:20.995-0300][1047.706s][8748][7584 ][info][gc,reloc    ] GC(79) O: Large Pages:                    5            0            0          60M           0M           0M 
[2026-06-26T17:52:20.995-0300][1047.706s][8748][7584 ][info][gc,reloc    ] GC(79) O: Forwarding Usage: 23M
[2026-06-26T17:52:20.995-0300][1047.706s][8748][7584 ][info][gc,heap     ] GC(79) O: Min Capacity: 8M(0%)
[2026-06-26T17:52:20.995-0300][1047.706s][8748][7584 ][info][gc,heap     ] GC(79) O: Max Capacity: 3072M(100%)
[2026-06-26T17:52:20.995-0300][1047.706s][8748][7584 ][info][gc,heap     ] GC(79) O: Soft Max Capacity: 3072M(100%)
[2026-06-26T17:52:20.995-0300][1047.706s][8748][7584 ][info][gc,heap     ] GC(79) O: Heap Statistics:
[2026-06-26T17:52:20.995-0300][1047.706s][8748][7584 ][info][gc,heap     ] GC(79) O:                Mark Start          Mark End        Relocate Start      Relocate End           High               Low         
[2026-06-26T17:52:20.995-0300][1047.706s][8748][7584 ][info][gc,heap     ] GC(79) O:  Capacity:     2928M (95%)        2928M (95%)        2928M (95%)        2928M (95%)        2928M (95%)        2928M (95%)    
[2026-06-26T17:52:20.995-0300][1047.706s][8748][7584 ][info][gc,heap     ] GC(79) O:      Free:      710M (23%)         930M (30%)         928M (30%)         970M (32%)        1088M (35%)         704M (23%)    
[2026-06-26T17:52:20.995-0300][1047.706s][8748][7584 ][info][gc,heap     ] GC(79) O:      Used:     2362M (77%)        2142M (70%)        2144M (70%)        2102M (68%)        2368M (77%)        1984M (65%)    
[2026-06-26T17:52:20.995-0300][1047.706s][8748][7584 ][info][gc,heap     ] GC(79) O: Old Generation Statistics:
[2026-06-26T17:52:20.995-0300][1047.706s][8748][7584 ][info][gc,heap     ] GC(79) O:                Mark Start          Mark End        Relocate Start      Relocate End    
[2026-06-26T17:52:20.995-0300][1047.706s][8748][7584 ][info][gc,heap     ] GC(79) O:      Used:     1972M (64%)        1972M (64%)        1972M (64%)        1926M (63%)    
[2026-06-26T17:52:20.995-0300][1047.706s][8748][7584 ][info][gc,heap     ] GC(79) O:      Live:         -              1822M (59%)        1822M (59%)        1822M (59%)    
[2026-06-26T17:52:20.995-0300][1047.706s][8748][7584 ][info][gc,heap     ] GC(79) O:   Garbage:         -               149M (5%)          149M (5%)           93M (3%)     
[2026-06-26T17:52:20.995-0300][1047.706s][8748][7584 ][info][gc,heap     ] GC(79) O: Allocated:         -                 0M (0%)            0M (0%)           10M (0%)     
[2026-06-26T17:52:20.995-0300][1047.706s][8748][7584 ][info][gc,heap     ] GC(79) O: Reclaimed:         -                  -                 0M (0%)           56M (2%)     
[2026-06-26T17:52:20.995-0300][1047.706s][8748][7584 ][info][gc,heap     ] GC(79) O: Compacted:         -                  -                  -                59M (2%)     
[2026-06-26T17:52:20.995-0300][1047.706s][8748][7584 ][info][gc,phases   ] GC(79) O: Old Generation 1984M(65%)->2102M(68%) 3.088s
[2026-06-26T17:52:20.995-0300][1047.706s][8748][7584 ][info][gc          ] GC(79) Major Collection (Proactive) 2362M(77%)->2102M(68%) 3.115s
[2026-06-26T17:52:42.892-0300][1069.602s][8748][8884 ][info][gc          ] GC(80) Minor Collection (High Usage)
[2026-06-26T17:52:42.892-0300][1069.602s][8748][8884 ][info][gc,task     ] GC(80) Using 1 Workers for Young Generation
[2026-06-26T17:52:42.892-0300][1069.602s][8748][8884 ][info][gc,phases   ] GC(80) y: Young Generation
[2026-06-26T17:52:42.892-0300][1069.602s][8748][16824][info][gc,phases   ] GC(80) y: Pause Mark Start 0.009ms
[2026-06-26T17:52:42.971-0300][1069.682s][8748][8884 ][info][gc,phases   ] GC(80) y: Concurrent Mark 79.107ms
[2026-06-26T17:52:42.971-0300][1069.682s][8748][16824][info][gc,phases   ] GC(80) y: Pause Mark End 0.013ms
[2026-06-26T17:52:42.971-0300][1069.682s][8748][8884 ][info][gc,phases   ] GC(80) y: Concurrent Mark Free 0.003ms
[2026-06-26T17:52:42.971-0300][1069.682s][8748][8884 ][info][gc,phases   ] GC(80) y: Concurrent Reset Relocation Set 0.006ms
[2026-06-26T17:52:42.971-0300][1069.682s][8748][8884 ][info][gc,reloc    ] GC(80) y: Using tenuring threshold: 3 (Computed)
[2026-06-26T17:52:42.972-0300][1069.683s][8748][8884 ][info][gc,phases   ] GC(80) y: Concurrent Select Relocation Set 0.717ms
[2026-06-26T17:52:42.972-0300][1069.683s][8748][16824][info][gc,phases   ] GC(80) y: Pause Relocate Start 0.005ms
[2026-06-26T17:52:42.977-0300][1069.688s][8748][8884 ][info][gc,phases   ] GC(80) y: Concurrent Relocate 5.535ms
[2026-06-26T17:52:42.977-0300][1069.688s][8748][8884 ][info][gc,alloc    ] GC(80) y:                         Mark Start        Mark End      Relocate Start    Relocate End   
[2026-06-26T17:52:42.977-0300][1069.688s][8748][8884 ][info][gc,alloc    ] GC(80) y: Allocation Stalls:          0                0                0                0         
[2026-06-26T17:52:42.977-0300][1069.688s][8748][8884 ][info][gc,load     ] GC(80) y: Load: 0.00 (0%) / 0.00 (0%) / 0.00 (0%)
[2026-06-26T17:52:42.977-0300][1069.688s][8748][8884 ][info][gc,mmu      ] GC(80) y: MMU: 2ms/44.2%, 5ms/77.7%, 10ms/88.8%, 20ms/94.4%, 50ms/94.8%, 100ms/97.4%
[2026-06-26T17:52:42.977-0300][1069.688s][8748][8884 ][info][gc,marking  ] GC(80) y: Mark: 1 stripe(s), 2 proactive flush(es), 1 terminate flush(es), 0 completion(s), 0 continuation(s) 
[2026-06-26T17:52:42.977-0300][1069.688s][8748][8884 ][info][gc,nmethod  ] GC(80) y: NMethods: 17489 registered, 4044 unregistered
[2026-06-26T17:52:42.977-0300][1069.688s][8748][8884 ][info][gc,metaspace] GC(80) y: Metaspace: 81M used, 84M committed, 1152M reserved
[2026-06-26T17:52:42.977-0300][1069.688s][8748][8884 ][info][gc,reloc    ] GC(80) y:                        Candidates     Selected     In-Place         Size        Empty    Relocated 
[2026-06-26T17:52:42.977-0300][1069.688s][8748][8884 ][info][gc,reloc    ] GC(80) y: Small Pages:                  478          134            0         956M         680M           3M 
[2026-06-26T17:52:42.977-0300][1069.688s][8748][8884 ][info][gc,reloc    ] GC(80) y: Medium Pages:                   0            0            0           0M           0M           0M 
[2026-06-26T17:52:42.977-0300][1069.688s][8748][8884 ][info][gc,reloc    ] GC(80) y: Large Pages:                    0            0            0           0M           0M           0M 
[2026-06-26T17:52:42.977-0300][1069.688s][8748][8884 ][info][gc,reloc    ] GC(80) y: Forwarding Usage: 1M
[2026-06-26T17:52:42.977-0300][1069.688s][8748][8884 ][info][gc,reloc    ] GC(80) y: Age Table:
[2026-06-26T17:52:42.977-0300][1069.688s][8748][8884 ][info][gc,reloc    ] GC(80) y:                    Live             Garbage             Small              Medium             Large        
[2026-06-26T17:52:42.977-0300][1069.688s][8748][8884 ][info][gc,reloc    ] GC(80) y: Eden               5M (0%)          944M (31%)        475 / 132            0 / 0              0 / 0        
[2026-06-26T17:52:42.977-0300][1069.688s][8748][8884 ][info][gc,reloc    ] GC(80) y: Survivor 1         0M (0%)            3M (0%)           2 / 1              0 / 0              0 / 0        
[2026-06-26T17:52:42.977-0300][1069.688s][8748][8884 ][info][gc,reloc    ] GC(80) y: Survivor 2         0M (0%)            1M (0%)           1 / 1              0 / 0              0 / 0        
[2026-06-26T17:52:42.977-0300][1069.688s][8748][8884 ][info][gc,heap     ] GC(80) y: Min Capacity: 8M(0%)
[2026-06-26T17:52:42.977-0300][1069.688s][8748][8884 ][info][gc,heap     ] GC(80) y: Max Capacity: 3072M(100%)
[2026-06-26T17:52:42.977-0300][1069.688s][8748][8884 ][info][gc,heap     ] GC(80) y: Soft Max Capacity: 3072M(100%)
[2026-06-26T17:52:42.977-0300][1069.688s][8748][8884 ][info][gc,heap     ] GC(80) y: Heap Statistics:
[2026-06-26T17:52:42.977-0300][1069.688s][8748][8884 ][info][gc,heap     ] GC(80) y:                Mark Start          Mark End        Relocate Start      Relocate End           High               Low         
[2026-06-26T17:52:42.977-0300][1069.688s][8748][8884 ][info][gc,heap     ] GC(80) y:  Capacity:     2928M (95%)        2928M (95%)        2928M (95%)        2928M (95%)        2928M (95%)        2928M (95%)    
[2026-06-26T17:52:42.977-0300][1069.688s][8748][8884 ][info][gc,heap     ] GC(80) y:      Free:      190M (6%)          164M (5%)          844M (27%)        1092M (36%)        1092M (36%)         164M (5%)     
[2026-06-26T17:52:42.977-0300][1069.689s][8748][8884 ][info][gc,heap     ] GC(80) y:      Used:     2882M (94%)        2908M (95%)        2228M (73%)        1980M (64%)        2908M (95%)        1980M (64%)    
[2026-06-26T17:52:42.977-0300][1069.689s][8748][8884 ][info][gc,heap     ] GC(80) y: Young Generation Statistics:
[2026-06-26T17:52:42.977-0300][1069.689s][8748][8884 ][info][gc,heap     ] GC(80) y:                Mark Start          Mark End        Relocate Start      Relocate End    
[2026-06-26T17:52:42.977-0300][1069.689s][8748][8884 ][info][gc,heap     ] GC(80) y:      Used:      956M (31%)         982M (32%)         302M (10%)          54M (2%)     
[2026-06-26T17:52:42.977-0300][1069.689s][8748][8884 ][info][gc,heap     ] GC(80) y:      Live:         -                 6M (0%)            6M (0%)            6M (0%)     
[2026-06-26T17:52:42.977-0300][1069.689s][8748][8884 ][info][gc,heap     ] GC(80) y:   Garbage:         -               949M (31%)         269M (9%)            0M (0%)     
[2026-06-26T17:52:42.977-0300][1069.689s][8748][8884 ][info][gc,heap     ] GC(80) y: Allocated:         -                26M (1%)           26M (1%)           47M (2%)     
[2026-06-26T17:52:42.977-0300][1069.689s][8748][8884 ][info][gc,heap     ] GC(80) y: Reclaimed:         -                  -               680M (22%)         949M (31%)    
[2026-06-26T17:52:42.977-0300][1069.689s][8748][8884 ][info][gc,heap     ] GC(80) y:  Promoted:         -                  -                 0M (0%)            0M (0%)     
[2026-06-26T17:52:42.977-0300][1069.689s][8748][8884 ][info][gc,heap     ] GC(80) y: Compacted:         -                  -                  -                 4M (0%)     
[2026-06-26T17:52:42.977-0300][1069.689s][8748][8884 ][info][gc,phases   ] GC(80) y: Young Generation 2882M(94%)->1980M(64%) 0.086s
[2026-06-26T17:52:42.977-0300][1069.689s][8748][8884 ][info][gc          ] GC(80) Minor Collection (High Usage) 2882M(94%)->1980M(64%) 0.086s
[2026-06-26T17:53:01.056-0300][1087.767s][8748][8884 ][info][gc          ] GC(81) Minor Collection (High Usage)
[2026-06-26T17:53:01.056-0300][1087.767s][8748][8884 ][info][gc,task     ] GC(81) Using 1 Workers for Young Generation
[2026-06-26T17:53:01.056-0300][1087.767s][8748][8884 ][info][gc,phases   ] GC(81) y: Young Generation
[2026-06-26T17:53:01.056-0300][1087.767s][8748][16824][info][gc,phases   ] GC(81) y: Pause Mark Start 0.012ms
[2026-06-26T17:53:01.100-0300][1087.812s][8748][8884 ][info][gc,phases   ] GC(81) y: Concurrent Mark 44.263ms
[2026-06-26T17:53:01.100-0300][1087.812s][8748][16824][info][gc,phases   ] GC(81) y: Pause Mark End 0.013ms
[2026-06-26T17:53:01.100-0300][1087.812s][8748][8884 ][info][gc,phases   ] GC(81) y: Concurrent Mark Free 0.002ms
[2026-06-26T17:53:01.100-0300][1087.812s][8748][8884 ][info][gc,phases   ] GC(81) y: Concurrent Reset Relocation Set 0.006ms
[2026-06-26T17:53:01.101-0300][1087.812s][8748][8884 ][info][gc,reloc    ] GC(81) y: Using tenuring threshold: 1 (Computed)
[2026-06-26T17:53:01.105-0300][1087.816s][8748][8884 ][info][gc,phases   ] GC(81) y: Concurrent Select Relocation Set 3.736ms
[2026-06-26T17:53:01.105-0300][1087.816s][8748][16824][info][gc,phases   ] GC(81) y: Pause Relocate Start 0.010ms
[2026-06-26T17:53:01.112-0300][1087.824s][8748][8884 ][info][gc,phases   ] GC(81) y: Concurrent Relocate 8.122ms
[2026-06-26T17:53:01.112-0300][1087.824s][8748][8884 ][info][gc,alloc    ] GC(81) y:                         Mark Start        Mark End      Relocate Start    Relocate End   
[2026-06-26T17:53:01.112-0300][1087.824s][8748][8884 ][info][gc,alloc    ] GC(81) y: Allocation Stalls:          0                0                0                0         
[2026-06-26T17:53:01.112-0300][1087.824s][8748][8884 ][info][gc,load     ] GC(81) y: Load: 0.00 (0%) / 0.00 (0%) / 0.00 (0%)
[2026-06-26T17:53:01.112-0300][1087.824s][8748][8884 ][info][gc,mmu      ] GC(81) y: MMU: 2ms/44.2%, 5ms/77.7%, 10ms/88.8%, 20ms/94.4%, 50ms/94.8%, 100ms/97.4%
[2026-06-26T17:53:01.112-0300][1087.824s][8748][8884 ][info][gc,marking  ] GC(81) y: Mark: 1 stripe(s), 2 proactive flush(es), 1 terminate flush(es), 0 completion(s), 0 continuation(s) 
[2026-06-26T17:53:01.112-0300][1087.824s][8748][8884 ][info][gc,nmethod  ] GC(81) y: NMethods: 17511 registered, 4044 unregistered
[2026-06-26T17:53:01.112-0300][1087.824s][8748][8884 ][info][gc,metaspace] GC(81) y: Metaspace: 81M used, 84M committed, 1152M reserved
[2026-06-26T17:53:01.112-0300][1087.824s][8748][8884 ][info][gc,reloc    ] GC(81) y:                        Candidates     Selected     In-Place         Size        Empty    Relocated 
[2026-06-26T17:53:01.112-0300][1087.824s][8748][8884 ][info][gc,reloc    ] GC(81) y: Small Pages:                  478           90            0         956M         768M           1M 
[2026-06-26T17:53:01.112-0300][1087.824s][8748][8884 ][info][gc,reloc    ] GC(81) y: Medium Pages:                   0            0            0           0M           0M           0M 
[2026-06-26T17:53:01.112-0300][1087.824s][8748][8884 ][info][gc,reloc    ] GC(81) y: Large Pages:                    0            0            0           0M           0M           0M 
[2026-06-26T17:53:01.112-0300][1087.824s][8748][8884 ][info][gc,reloc    ] GC(81) y: Forwarding Usage: 0M
[2026-06-26T17:53:01.112-0300][1087.824s][8748][8884 ][info][gc,reloc    ] GC(81) y: Age Table:
[2026-06-26T17:53:01.112-0300][1087.824s][8748][8884 ][info][gc,reloc    ] GC(81) y:                    Live             Garbage             Small              Medium             Large        
[2026-06-26T17:53:01.112-0300][1087.824s][8748][8884 ][info][gc,reloc    ] GC(81) y: Eden               0M (0%)          927M (30%)        464 / 80             0 / 0              0 / 0        
[2026-06-26T17:53:01.112-0300][1087.824s][8748][8884 ][info][gc,reloc    ] GC(81) y: Survivor 1         5M (0%)           10M (0%)           8 / 5              0 / 0              0 / 0        
[2026-06-26T17:53:01.112-0300][1087.824s][8748][8884 ][info][gc,reloc    ] GC(81) y: Survivor 2         0M (0%)            5M (0%)           3 / 3              0 / 0              0 / 0        
[2026-06-26T17:53:01.112-0300][1087.824s][8748][8884 ][info][gc,reloc    ] GC(81) y: Survivor 3         0M (0%)            5M (0%)           3 / 2              0 / 0              0 / 0        
[2026-06-26T17:53:01.112-0300][1087.824s][8748][8884 ][info][gc,heap     ] GC(81) y: Min Capacity: 8M(0%)
[2026-06-26T17:53:01.112-0300][1087.824s][8748][8884 ][info][gc,heap     ] GC(81) y: Max Capacity: 3072M(100%)
[2026-06-26T17:53:01.112-0300][1087.824s][8748][8884 ][info][gc,heap     ] GC(81) y: Soft Max Capacity: 3072M(100%)
[2026-06-26T17:53:01.112-0300][1087.824s][8748][8884 ][info][gc,heap     ] GC(81) y: Heap Statistics:
[2026-06-26T17:53:01.112-0300][1087.824s][8748][8884 ][info][gc,heap     ] GC(81) y:                Mark Start          Mark End        Relocate Start      Relocate End           High               Low         
[2026-06-26T17:53:01.112-0300][1087.824s][8748][8884 ][info][gc,heap     ] GC(81) y:  Capacity:     2928M (95%)        2928M (95%)        2928M (95%)        2928M (95%)        2928M (95%)        2928M (95%)    
[2026-06-26T17:53:01.113-0300][1087.824s][8748][8884 ][info][gc,heap     ] GC(81) y:      Free:      190M (6%)          172M (6%)          940M (31%)        1114M (36%)        1114M (36%)         172M (6%)     
[2026-06-26T17:53:01.113-0300][1087.824s][8748][8884 ][info][gc,heap     ] GC(81) y:      Used:     2882M (94%)        2900M (94%)        2132M (69%)        1958M (64%)        2900M (94%)        1958M (64%)    
[2026-06-26T17:53:01.113-0300][1087.824s][8748][8884 ][info][gc,heap     ] GC(81) y: Young Generation Statistics:
[2026-06-26T17:53:01.113-0300][1087.824s][8748][8884 ][info][gc,heap     ] GC(81) y:                Mark Start          Mark End        Relocate Start      Relocate End    
[2026-06-26T17:53:01.113-0300][1087.824s][8748][8884 ][info][gc,heap     ] GC(81) y:      Used:      956M (31%)         974M (32%)         200M (7%)           22M (1%)     
[2026-06-26T17:53:01.113-0300][1087.824s][8748][8884 ][info][gc,heap     ] GC(81) y:      Live:         -                 6M (0%)            1M (0%)            0M (0%)     
[2026-06-26T17:53:01.113-0300][1087.824s][8748][8884 ][info][gc,heap     ] GC(81) y:   Garbage:         -               949M (31%)         180M (6%)            0M (0%)     
[2026-06-26T17:53:01.113-0300][1087.824s][8748][8884 ][info][gc,heap     ] GC(81) y: Allocated:         -                18M (1%)           18M (1%)           21M (1%)     
[2026-06-26T17:53:01.113-0300][1087.824s][8748][8884 ][info][gc,heap     ] GC(81) y: Reclaimed:         -                  -               768M (25%)         949M (31%)    
[2026-06-26T17:53:01.113-0300][1087.824s][8748][8884 ][info][gc,heap     ] GC(81) y:  Promoted:         -                  -                 5M (0%)            5M (0%)     
[2026-06-26T17:53:01.113-0300][1087.824s][8748][8884 ][info][gc,heap     ] GC(81) y: Compacted:         -                  -                  -                 0M (0%)     
[2026-06-26T17:53:01.113-0300][1087.824s][8748][8884 ][info][gc,phases   ] GC(81) y: Young Generation 2882M(94%)->1958M(64%) 0.057s
[2026-06-26T17:53:01.113-0300][1087.824s][8748][8884 ][info][gc          ] GC(81) Minor Collection (High Usage) 2882M(94%)->1958M(64%) 0.057s
[2026-06-26T17:53:27.894-0300][1114.604s][8748][8884 ][info][gc          ] GC(82) Minor Collection (High Usage)
[2026-06-26T17:53:27.894-0300][1114.604s][8748][8884 ][info][gc,task     ] GC(82) Using 1 Workers for Young Generation
[2026-06-26T17:53:27.894-0300][1114.604s][8748][8884 ][info][gc,phases   ] GC(82) y: Young Generation
[2026-06-26T17:53:27.894-0300][1114.604s][8748][16824][info][gc,phases   ] GC(82) y: Pause Mark Start 0.009ms
[2026-06-26T17:53:27.927-0300][1114.639s][8748][8884 ][info][gc,phases   ] GC(82) y: Concurrent Mark 34.370ms
[2026-06-26T17:53:27.928-0300][1114.639s][8748][16824][info][gc,phases   ] GC(82) y: Pause Mark End 0.017ms
[2026-06-26T17:53:27.928-0300][1114.639s][8748][8884 ][info][gc,phases   ] GC(82) y: Concurrent Mark Free 0.004ms
[2026-06-26T17:53:27.928-0300][1114.639s][8748][8884 ][info][gc,phases   ] GC(82) y: Concurrent Reset Relocation Set 0.118ms
[2026-06-26T17:53:27.928-0300][1114.639s][8748][8884 ][info][gc,reloc    ] GC(82) y: Using tenuring threshold: 2 (Computed)
[2026-06-26T17:53:27.928-0300][1114.640s][8748][8884 ][info][gc,phases   ] GC(82) y: Concurrent Select Relocation Set 0.352ms
[2026-06-26T17:53:27.928-0300][1114.640s][8748][16824][info][gc,phases   ] GC(82) y: Pause Relocate Start 0.009ms
[2026-06-26T17:53:27.930-0300][1114.640s][8748][8884 ][info][gc,phases   ] GC(82) y: Concurrent Relocate 0.764ms
[2026-06-26T17:53:27.930-0300][1114.640s][8748][8884 ][info][gc,alloc    ] GC(82) y:                         Mark Start        Mark End      Relocate Start    Relocate End   
[2026-06-26T17:53:27.930-0300][1114.640s][8748][8884 ][info][gc,alloc    ] GC(82) y: Allocation Stalls:          0                0                0                0         
[2026-06-26T17:53:27.930-0300][1114.641s][8748][8884 ][info][gc,load     ] GC(82) y: Load: 0.00 (0%) / 0.00 (0%) / 0.00 (0%)
[2026-06-26T17:53:27.930-0300][1114.641s][8748][8884 ][info][gc,mmu      ] GC(82) y: MMU: 2ms/44.2%, 5ms/77.7%, 10ms/88.8%, 20ms/94.4%, 50ms/94.8%, 100ms/97.4%
[2026-06-26T17:53:27.930-0300][1114.641s][8748][8884 ][info][gc,marking  ] GC(82) y: Mark: 1 stripe(s), 2 proactive flush(es), 1 terminate flush(es), 0 completion(s), 0 continuation(s) 
[2026-06-26T17:53:27.930-0300][1114.641s][8748][8884 ][info][gc,nmethod  ] GC(82) y: NMethods: 17535 registered, 4044 unregistered
[2026-06-26T17:53:27.930-0300][1114.641s][8748][8884 ][info][gc,metaspace] GC(82) y: Metaspace: 81M used, 84M committed, 1152M reserved
[2026-06-26T17:53:27.930-0300][1114.641s][8748][8884 ][info][gc,reloc    ] GC(82) y:                        Candidates     Selected     In-Place         Size        Empty    Relocated 
[2026-06-26T17:53:27.930-0300][1114.641s][8748][8884 ][info][gc,reloc    ] GC(82) y: Small Pages:                  473           59            0         946M         826M           0M 
[2026-06-26T17:53:27.930-0300][1114.641s][8748][8884 ][info][gc,reloc    ] GC(82) y: Medium Pages:                   0            0            0           0M           0M           0M 
[2026-06-26T17:53:27.930-0300][1114.641s][8748][8884 ][info][gc,reloc    ] GC(82) y: Large Pages:                    0            0            0           0M           0M           0M 
[2026-06-26T17:53:27.930-0300][1114.641s][8748][8884 ][info][gc,reloc    ] GC(82) y: Forwarding Usage: 0M
[2026-06-26T17:53:27.930-0300][1114.641s][8748][8884 ][info][gc,reloc    ] GC(82) y: Age Table:
[2026-06-26T17:53:27.930-0300][1114.641s][8748][8884 ][info][gc,reloc    ] GC(82) y:                    Live             Garbage             Small              Medium             Large        
[2026-06-26T17:53:27.930-0300][1114.641s][8748][8884 ][info][gc,reloc    ] GC(82) y: Eden               0M (0%)          941M (31%)        471 / 58             0 / 0              0 / 0        
[2026-06-26T17:53:27.930-0300][1114.641s][8748][8884 ][info][gc,reloc    ] GC(82) y: Survivor 1         0M (0%)            3M (0%)           2 / 1              0 / 0              0 / 0        
[2026-06-26T17:53:27.930-0300][1114.641s][8748][8884 ][info][gc,heap     ] GC(82) y: Min Capacity: 8M(0%)
[2026-06-26T17:53:27.930-0300][1114.641s][8748][8884 ][info][gc,heap     ] GC(82) y: Max Capacity: 3072M(100%)
[2026-06-26T17:53:27.930-0300][1114.641s][8748][8884 ][info][gc,heap     ] GC(82) y: Soft Max Capacity: 3072M(100%)
[2026-06-26T17:53:27.930-0300][1114.641s][8748][8884 ][info][gc,heap     ] GC(82) y: Heap Statistics:
[2026-06-26T17:53:27.930-0300][1114.641s][8748][8884 ][info][gc,heap     ] GC(82) y:                Mark Start          Mark End        Relocate Start      Relocate End           High               Low         
[2026-06-26T17:53:27.930-0300][1114.641s][8748][8884 ][info][gc,heap     ] GC(82) y:  Capacity:     2928M (95%)        2928M (95%)        2928M (95%)        2928M (95%)        2928M (95%)        2928M (95%)    
[2026-06-26T17:53:27.930-0300][1114.641s][8748][8884 ][info][gc,heap     ] GC(82) y:      Free:      190M (6%)          172M (6%)          998M (32%)        1112M (36%)        1112M (36%)         172M (6%)     
[2026-06-26T17:53:27.930-0300][1114.641s][8748][8884 ][info][gc,heap     ] GC(82) y:      Used:     2882M (94%)        2900M (94%)        2074M (68%)        1960M (64%)        2900M (94%)        1960M (64%)    
[2026-06-26T17:53:27.930-0300][1114.641s][8748][8884 ][info][gc,heap     ] GC(82) y: Young Generation Statistics:
[2026-06-26T17:53:27.930-0300][1114.641s][8748][8884 ][info][gc,heap     ] GC(82) y:                Mark Start          Mark End        Relocate Start      Relocate End    
[2026-06-26T17:53:27.930-0300][1114.641s][8748][8884 ][info][gc,heap     ] GC(82) y:      Used:      946M (31%)         964M (31%)         138M (4%)           24M (1%)     
[2026-06-26T17:53:27.930-0300][1114.641s][8748][8884 ][info][gc,heap     ] GC(82) y:      Live:         -                 0M (0%)            0M (0%)            0M (0%)     
[2026-06-26T17:53:27.930-0300][1114.641s][8748][8884 ][info][gc,heap     ] GC(82) y:   Garbage:         -               945M (31%)         119M (4%)            0M (0%)     
[2026-06-26T17:53:27.930-0300][1114.641s][8748][8884 ][info][gc,heap     ] GC(82) y: Allocated:         -                18M (1%)           18M (1%)           23M (1%)     
[2026-06-26T17:53:27.930-0300][1114.641s][8748][8884 ][info][gc,heap     ] GC(82) y: Reclaimed:         -                  -               826M (27%)         945M (31%)    
[2026-06-26T17:53:27.930-0300][1114.641s][8748][8884 ][info][gc,heap     ] GC(82) y:  Promoted:         -                  -                 0M (0%)            0M (0%)     
[2026-06-26T17:53:27.930-0300][1114.641s][8748][8884 ][info][gc,heap     ] GC(82) y: Compacted:         -                  -                  -                 0M (0%)     
[2026-06-26T17:53:27.930-0300][1114.641s][8748][8884 ][info][gc,phases   ] GC(82) y: Young Generation 2882M(94%)->1960M(64%) 0.036s
[2026-06-26T17:53:27.930-0300][1114.641s][8748][8884 ][info][gc          ] GC(82) Minor Collection (High Usage) 2882M(94%)->1960M(64%) 0.036s
[2026-06-26T17:53:44.906-0300][1131.617s][8748][8884 ][info][gc          ] GC(83) Minor Collection (High Usage)
[2026-06-26T17:53:44.906-0300][1131.617s][8748][8884 ][info][gc,task     ] GC(83) Using 1 Workers for Young Generation
[2026-06-26T17:53:44.906-0300][1131.617s][8748][8884 ][info][gc,phases   ] GC(83) y: Young Generation
[2026-06-26T17:53:44.906-0300][1131.617s][8748][16824][info][gc,phases   ] GC(83) y: Pause Mark Start 0.012ms
[2026-06-26T17:53:44.935-0300][1131.647s][8748][8884 ][info][gc,phases   ] GC(83) y: Concurrent Mark 29.469ms
[2026-06-26T17:53:44.935-0300][1131.647s][8748][16824][info][gc,phases   ] GC(83) y: Pause Mark End 0.013ms
[2026-06-26T17:53:44.935-0300][1131.647s][8748][8884 ][info][gc,phases   ] GC(83) y: Concurrent Mark Free 0.004ms
[2026-06-26T17:53:44.935-0300][1131.647s][8748][8884 ][info][gc,phases   ] GC(83) y: Concurrent Reset Relocation Set 0.003ms
[2026-06-26T17:53:44.936-0300][1131.647s][8748][8884 ][info][gc,reloc    ] GC(83) y: Using tenuring threshold: 3 (Computed)
[2026-06-26T17:53:44.936-0300][1131.648s][8748][8884 ][info][gc,phases   ] GC(83) y: Concurrent Select Relocation Set 0.551ms
[2026-06-26T17:53:44.936-0300][1131.648s][8748][16824][info][gc,phases   ] GC(83) y: Pause Relocate Start 0.005ms
[2026-06-26T17:53:44.938-0300][1131.649s][8748][8884 ][info][gc,phases   ] GC(83) y: Concurrent Relocate 1.449ms
[2026-06-26T17:53:44.938-0300][1131.649s][8748][8884 ][info][gc,alloc    ] GC(83) y:                         Mark Start        Mark End      Relocate Start    Relocate End   
[2026-06-26T17:53:44.938-0300][1131.649s][8748][8884 ][info][gc,alloc    ] GC(83) y: Allocation Stalls:          0                0                0                0         
[2026-06-26T17:53:44.938-0300][1131.649s][8748][8884 ][info][gc,load     ] GC(83) y: Load: 0.00 (0%) / 0.00 (0%) / 0.00 (0%)
[2026-06-26T17:53:44.938-0300][1131.649s][8748][8884 ][info][gc,mmu      ] GC(83) y: MMU: 2ms/44.2%, 5ms/77.7%, 10ms/88.8%, 20ms/94.4%, 50ms/94.8%, 100ms/97.4%
[2026-06-26T17:53:44.938-0300][1131.649s][8748][8884 ][info][gc,marking  ] GC(83) y: Mark: 1 stripe(s), 2 proactive flush(es), 1 terminate flush(es), 0 completion(s), 0 continuation(s) 
[2026-06-26T17:53:44.938-0300][1131.649s][8748][8884 ][info][gc,nmethod  ] GC(83) y: NMethods: 17564 registered, 4044 unregistered
[2026-06-26T17:53:44.938-0300][1131.649s][8748][8884 ][info][gc,metaspace] GC(83) y: Metaspace: 81M used, 84M committed, 1152M reserved
[2026-06-26T17:53:44.938-0300][1131.649s][8748][8884 ][info][gc,reloc    ] GC(83) y:                        Candidates     Selected     In-Place         Size        Empty    Relocated 
[2026-06-26T17:53:44.938-0300][1131.649s][8748][8884 ][info][gc,reloc    ] GC(83) y: Small Pages:                  473           96            0         946M         752M           0M 
[2026-06-26T17:53:44.938-0300][1131.649s][8748][8884 ][info][gc,reloc    ] GC(83) y: Medium Pages:                   0            0            0           0M           0M           0M 
[2026-06-26T17:53:44.938-0300][1131.649s][8748][8884 ][info][gc,reloc    ] GC(83) y: Large Pages:                    0            0            0           0M           0M           0M 
[2026-06-26T17:53:44.938-0300][1131.649s][8748][8884 ][info][gc,reloc    ] GC(83) y: Forwarding Usage: 0M
[2026-06-26T17:53:44.938-0300][1131.649s][8748][8884 ][info][gc,reloc    ] GC(83) y: Age Table:
[2026-06-26T17:53:44.938-0300][1131.649s][8748][8884 ][info][gc,reloc    ] GC(83) y:                    Live             Garbage             Small              Medium             Large        
[2026-06-26T17:53:44.938-0300][1131.649s][8748][8884 ][info][gc,reloc    ] GC(83) y: Eden               0M (0%)          939M (31%)        470 / 94             0 / 0              0 / 0        
[2026-06-26T17:53:44.938-0300][1131.649s][8748][8884 ][info][gc,reloc    ] GC(83) y: Survivor 1         0M (0%)            3M (0%)           2 / 1              0 / 0              0 / 0        
[2026-06-26T17:53:44.938-0300][1131.649s][8748][8884 ][info][gc,reloc    ] GC(83) y: Survivor 2         0M (0%)            1M (0%)           1 / 1              0 / 0              0 / 0        
[2026-06-26T17:53:44.938-0300][1131.649s][8748][8884 ][info][gc,heap     ] GC(83) y: Min Capacity: 8M(0%)
[2026-06-26T17:53:44.938-0300][1131.649s][8748][8884 ][info][gc,heap     ] GC(83) y: Max Capacity: 3072M(100%)
[2026-06-26T17:53:44.938-0300][1131.649s][8748][8884 ][info][gc,heap     ] GC(83) y: Soft Max Capacity: 3072M(100%)
[2026-06-26T17:53:44.938-0300][1131.649s][8748][8884 ][info][gc,heap     ] GC(83) y: Heap Statistics:
[2026-06-26T17:53:44.938-0300][1131.649s][8748][8884 ][info][gc,heap     ] GC(83) y:                Mark Start          Mark End        Relocate Start      Relocate End           High               Low         
[2026-06-26T17:53:44.938-0300][1131.649s][8748][8884 ][info][gc,heap     ] GC(83) y:  Capacity:     2928M (95%)        2928M (95%)        2928M (95%)        2928M (95%)        2928M (95%)        2928M (95%)    
[2026-06-26T17:53:44.938-0300][1131.649s][8748][8884 ][info][gc,heap     ] GC(83) y:      Free:      190M (6%)          172M (6%)          924M (30%)        1108M (36%)        1108M (36%)         172M (6%)     
[2026-06-26T17:53:44.938-0300][1131.649s][8748][8884 ][info][gc,heap     ] GC(83) y:      Used:     2882M (94%)        2900M (94%)        2148M (70%)        1964M (64%)        2900M (94%)        1964M (64%)    
[2026-06-26T17:53:44.938-0300][1131.649s][8748][8884 ][info][gc,heap     ] GC(83) y: Young Generation Statistics:
[2026-06-26T17:53:44.938-0300][1131.649s][8748][8884 ][info][gc,heap     ] GC(83) y:                Mark Start          Mark End        Relocate Start      Relocate End    
[2026-06-26T17:53:44.938-0300][1131.649s][8748][8884 ][info][gc,heap     ] GC(83) y:      Used:      946M (31%)         964M (31%)         212M (7%)           28M (1%)     
[2026-06-26T17:53:44.938-0300][1131.649s][8748][8884 ][info][gc,heap     ] GC(83) y:      Live:         -                 0M (0%)            0M (0%)            0M (0%)     
[2026-06-26T17:53:44.938-0300][1131.649s][8748][8884 ][info][gc,heap     ] GC(83) y:   Garbage:         -               945M (31%)         193M (6%)            0M (0%)     
[2026-06-26T17:53:44.938-0300][1131.649s][8748][8884 ][info][gc,heap     ] GC(83) y: Allocated:         -                18M (1%)           18M (1%)           27M (1%)     
[2026-06-26T17:53:44.938-0300][1131.649s][8748][8884 ][info][gc,heap     ] GC(83) y: Reclaimed:         -                  -               752M (24%)         945M (31%)    
[2026-06-26T17:53:44.938-0300][1131.649s][8748][8884 ][info][gc,heap     ] GC(83) y:  Promoted:         -                  -                 0M (0%)            0M (0%)     
[2026-06-26T17:53:44.938-0300][1131.649s][8748][8884 ][info][gc,heap     ] GC(83) y: Compacted:         -                  -                  -                 0M (0%)     
[2026-06-26T17:53:44.938-0300][1131.649s][8748][8884 ][info][gc,phases   ] GC(83) y: Young Generation 2882M(94%)->1964M(64%) 0.032s
[2026-06-26T17:53:44.938-0300][1131.650s][8748][8884 ][info][gc          ] GC(83) Minor Collection (High Usage) 2882M(94%)->1964M(64%) 0.032s
[2026-06-26T17:54:00.802-0300][1147.512s][8748][8616 ][info][gc,heap     ] Uncommitter (0) Uncommitted: 48M(2%) in 6.183ms
[2026-06-26T17:54:02.235-0300][1148.946s][8748][8884 ][info][gc          ] GC(84) Minor Collection (High Usage)
[2026-06-26T17:54:02.235-0300][1148.946s][8748][8884 ][info][gc,task     ] GC(84) Using 1 Workers for Young Generation
[2026-06-26T17:54:02.235-0300][1148.946s][8748][8884 ][info][gc,phases   ] GC(84) y: Young Generation
[2026-06-26T17:54:02.235-0300][1148.946s][8748][16824][info][gc,phases   ] GC(84) y: Pause Mark Start 0.009ms
[2026-06-26T17:54:02.302-0300][1149.013s][8748][8884 ][info][gc,phases   ] GC(84) y: Concurrent Mark 67.205ms
[2026-06-26T17:54:02.302-0300][1149.014s][8748][16824][info][gc,phases   ] GC(84) y: Pause Mark End 0.011ms
[2026-06-26T17:54:02.302-0300][1149.014s][8748][8884 ][info][gc,phases   ] GC(84) y: Concurrent Mark Free 0.001ms
[2026-06-26T17:54:02.302-0300][1149.014s][8748][8884 ][info][gc,phases   ] GC(84) y: Concurrent Reset Relocation Set 0.004ms
[2026-06-26T17:54:02.302-0300][1149.014s][8748][8884 ][info][gc,reloc    ] GC(84) y: Using tenuring threshold: 4 (Computed)
[2026-06-26T17:54:02.303-0300][1149.014s][8748][8884 ][info][gc,phases   ] GC(84) y: Concurrent Select Relocation Set 0.776ms
[2026-06-26T17:54:02.303-0300][1149.014s][8748][16824][info][gc,phases   ] GC(84) y: Pause Relocate Start 0.005ms
[2026-06-26T17:54:02.309-0300][1149.020s][8748][8884 ][info][gc,phases   ] GC(84) y: Concurrent Relocate 5.868ms
[2026-06-26T17:54:02.309-0300][1149.020s][8748][8884 ][info][gc,alloc    ] GC(84) y:                         Mark Start        Mark End      Relocate Start    Relocate End   
[2026-06-26T17:54:02.309-0300][1149.020s][8748][8884 ][info][gc,alloc    ] GC(84) y: Allocation Stalls:          0                0                0                0         
[2026-06-26T17:54:02.309-0300][1149.020s][8748][8884 ][info][gc,load     ] GC(84) y: Load: 0.00 (0%) / 0.00 (0%) / 0.00 (0%)
[2026-06-26T17:54:02.309-0300][1149.020s][8748][8884 ][info][gc,mmu      ] GC(84) y: MMU: 2ms/44.2%, 5ms/77.7%, 10ms/88.8%, 20ms/94.4%, 50ms/94.8%, 100ms/97.4%
[2026-06-26T17:54:02.309-0300][1149.020s][8748][8884 ][info][gc,marking  ] GC(84) y: Mark: 1 stripe(s), 2 proactive flush(es), 1 terminate flush(es), 0 completion(s), 0 continuation(s) 
[2026-06-26T17:54:02.309-0300][1149.020s][8748][8884 ][info][gc,nmethod  ] GC(84) y: NMethods: 17582 registered, 4044 unregistered
[2026-06-26T17:54:02.309-0300][1149.020s][8748][8884 ][info][gc,metaspace] GC(84) y: Metaspace: 81M used, 84M committed, 1152M reserved
[2026-06-26T17:54:02.309-0300][1149.020s][8748][8884 ][info][gc,reloc    ] GC(84) y:                        Candidates     Selected     In-Place         Size        Empty    Relocated 
[2026-06-26T17:54:02.309-0300][1149.021s][8748][8884 ][info][gc,reloc    ] GC(84) y: Small Pages:                  473          156            0         946M         628M           3M 
[2026-06-26T17:54:02.309-0300][1149.021s][8748][8884 ][info][gc,reloc    ] GC(84) y: Medium Pages:                   0            0            0           0M           0M           0M 
[2026-06-26T17:54:02.309-0300][1149.021s][8748][8884 ][info][gc,reloc    ] GC(84) y: Large Pages:                    0            0            0           0M           0M           0M 
[2026-06-26T17:54:02.309-0300][1149.021s][8748][8884 ][info][gc,reloc    ] GC(84) y: Forwarding Usage: 2M
[2026-06-26T17:54:02.309-0300][1149.021s][8748][8884 ][info][gc,reloc    ] GC(84) y: Age Table:
[2026-06-26T17:54:02.309-0300][1149.021s][8748][8884 ][info][gc,reloc    ] GC(84) y:                    Live             Garbage             Small              Medium             Large        
[2026-06-26T17:54:02.309-0300][1149.021s][8748][8884 ][info][gc,reloc    ] GC(84) y: Eden               4M (0%)          933M (30%)        469 / 152            0 / 0              0 / 0        
[2026-06-26T17:54:02.309-0300][1149.021s][8748][8884 ][info][gc,reloc    ] GC(84) y: Survivor 1         0M (0%)            3M (0%)           2 / 2              0 / 0              0 / 0        
[2026-06-26T17:54:02.309-0300][1149.021s][8748][8884 ][info][gc,reloc    ] GC(84) y: Survivor 2         0M (0%)            1M (0%)           1 / 1              0 / 0              0 / 0        
[2026-06-26T17:54:02.309-0300][1149.021s][8748][8884 ][info][gc,reloc    ] GC(84) y: Survivor 3         0M (0%)            1M (0%)           1 / 1              0 / 0              0 / 0        
[2026-06-26T17:54:02.309-0300][1149.021s][8748][8884 ][info][gc,heap     ] GC(84) y: Min Capacity: 8M(0%)
[2026-06-26T17:54:02.309-0300][1149.021s][8748][8884 ][info][gc,heap     ] GC(84) y: Max Capacity: 3072M(100%)
[2026-06-26T17:54:02.309-0300][1149.021s][8748][8884 ][info][gc,heap     ] GC(84) y: Soft Max Capacity: 3072M(100%)
[2026-06-26T17:54:02.309-0300][1149.021s][8748][8884 ][info][gc,heap     ] GC(84) y: Heap Statistics:
[2026-06-26T17:54:02.309-0300][1149.021s][8748][8884 ][info][gc,heap     ] GC(84) y:                Mark Start          Mark End        Relocate Start      Relocate End           High               Low         
[2026-06-26T17:54:02.309-0300][1149.021s][8748][8884 ][info][gc,heap     ] GC(84) y:  Capacity:     2928M (95%)        2928M (95%)        2928M (95%)        2928M (95%)        2928M (95%)        2928M (95%)    
[2026-06-26T17:54:02.309-0300][1149.021s][8748][8884 ][info][gc,heap     ] GC(84) y:      Free:      190M (6%)          168M (5%)          796M (26%)        1094M (36%)        1094M (36%)         168M (5%)     
[2026-06-26T17:54:02.309-0300][1149.021s][8748][8884 ][info][gc,heap     ] GC(84) y:      Used:     2882M (94%)        2904M (95%)        2276M (74%)        1978M (64%)        2904M (95%)        1978M (64%)    
[2026-06-26T17:54:02.309-0300][1149.021s][8748][8884 ][info][gc,heap     ] GC(84) y: Young Generation Statistics:
[2026-06-26T17:54:02.309-0300][1149.021s][8748][8884 ][info][gc,heap     ] GC(84) y:                Mark Start          Mark End        Relocate Start      Relocate End    
[2026-06-26T17:54:02.309-0300][1149.021s][8748][8884 ][info][gc,heap     ] GC(84) y:      Used:      946M (31%)         968M (32%)         340M (11%)          42M (1%)     
[2026-06-26T17:54:02.309-0300][1149.021s][8748][8884 ][info][gc,heap     ] GC(84) y:      Live:         -                 5M (0%)            5M (0%)            5M (0%)     
[2026-06-26T17:54:02.309-0300][1149.021s][8748][8884 ][info][gc,heap     ] GC(84) y:   Garbage:         -               940M (31%)         312M (10%)           0M (0%)     
[2026-06-26T17:54:02.309-0300][1149.021s][8748][8884 ][info][gc,heap     ] GC(84) y: Allocated:         -                22M (1%)           22M (1%)           36M (1%)     
[2026-06-26T17:54:02.309-0300][1149.021s][8748][8884 ][info][gc,heap     ] GC(84) y: Reclaimed:         -                  -               628M (20%)         940M (31%)    
[2026-06-26T17:54:02.309-0300][1149.021s][8748][8884 ][info][gc,heap     ] GC(84) y:  Promoted:         -                  -                 0M (0%)            0M (0%)     
[2026-06-26T17:54:02.309-0300][1149.021s][8748][8884 ][info][gc,heap     ] GC(84) y: Compacted:         -                  -                  -                 5M (0%)     
[2026-06-26T17:54:02.309-0300][1149.021s][8748][8884 ][info][gc,phases   ] GC(84) y: Young Generation 2882M(94%)->1978M(64%) 0.074s
[2026-06-26T17:54:02.309-0300][1149.021s][8748][8884 ][info][gc          ] GC(84) Minor Collection (High Usage) 2882M(94%)->1978M(64%) 0.075s
[2026-06-26T17:54:13.243-0300][1159.954s][8748][8884 ][info][gc          ] GC(85) Minor Collection (High Usage)
[2026-06-26T17:54:13.243-0300][1159.954s][8748][8884 ][info][gc,task     ] GC(85) Using 1 Workers for Young Generation
[2026-06-26T17:54:13.243-0300][1159.954s][8748][8884 ][info][gc,phases   ] GC(85) y: Young Generation
[2026-06-26T17:54:13.243-0300][1159.954s][8748][16824][info][gc,phases   ] GC(85) y: Pause Mark Start 0.011ms
[2026-06-26T17:54:13.287-0300][1159.998s][8748][8884 ][info][gc,phases   ] GC(85) y: Concurrent Mark 43.365ms
[2026-06-26T17:54:13.287-0300][1159.998s][8748][16824][info][gc,phases   ] GC(85) y: Pause Mark End 0.013ms
[2026-06-26T17:54:13.287-0300][1159.998s][8748][8884 ][info][gc,phases   ] GC(85) y: Concurrent Mark Free 0.003ms
[2026-06-26T17:54:13.287-0300][1159.998s][8748][8884 ][info][gc,phases   ] GC(85) y: Concurrent Reset Relocation Set 0.008ms
[2026-06-26T17:54:13.287-0300][1159.998s][8748][8884 ][info][gc,reloc    ] GC(85) y: Using tenuring threshold: 1 (Computed)
[2026-06-26T17:54:13.291-0300][1160.002s][8748][8884 ][info][gc,phases   ] GC(85) y: Concurrent Select Relocation Set 3.843ms
[2026-06-26T17:54:13.291-0300][1160.002s][8748][16824][info][gc,phases   ] GC(85) y: Pause Relocate Start 0.006ms
[2026-06-26T17:54:13.297-0300][1160.008s][8748][8884 ][info][gc,phases   ] GC(85) y: Concurrent Relocate 6.200ms
[2026-06-26T17:54:13.297-0300][1160.008s][8748][8884 ][info][gc,alloc    ] GC(85) y:                         Mark Start        Mark End      Relocate Start    Relocate End   
[2026-06-26T17:54:13.297-0300][1160.008s][8748][8884 ][info][gc,alloc    ] GC(85) y: Allocation Stalls:          0                0                0                0         
[2026-06-26T17:54:13.297-0300][1160.008s][8748][8884 ][info][gc,load     ] GC(85) y: Load: 0.00 (0%) / 0.00 (0%) / 0.00 (0%)
[2026-06-26T17:54:13.297-0300][1160.008s][8748][8884 ][info][gc,mmu      ] GC(85) y: MMU: 2ms/44.2%, 5ms/77.7%, 10ms/88.8%, 20ms/94.4%, 50ms/94.8%, 100ms/97.4%
[2026-06-26T17:54:13.297-0300][1160.008s][8748][8884 ][info][gc,marking  ] GC(85) y: Mark: 1 stripe(s), 2 proactive flush(es), 1 terminate flush(es), 0 completion(s), 0 continuation(s) 
[2026-06-26T17:54:13.297-0300][1160.008s][8748][8884 ][info][gc,nmethod  ] GC(85) y: NMethods: 17584 registered, 4044 unregistered
[2026-06-26T17:54:13.297-0300][1160.008s][8748][8884 ][info][gc,metaspace] GC(85) y: Metaspace: 81M used, 84M committed, 1152M reserved
[2026-06-26T17:54:13.297-0300][1160.008s][8748][8884 ][info][gc,reloc    ] GC(85) y:                        Candidates     Selected     In-Place         Size        Empty    Relocated 
[2026-06-26T17:54:13.297-0300][1160.008s][8748][8884 ][info][gc,reloc    ] GC(85) y: Small Pages:                  473           78            0         946M         784M           1M 
[2026-06-26T17:54:13.297-0300][1160.008s][8748][8884 ][info][gc,reloc    ] GC(85) y: Medium Pages:                   0            0            0           0M           0M           0M 
[2026-06-26T17:54:13.297-0300][1160.008s][8748][8884 ][info][gc,reloc    ] GC(85) y: Large Pages:                    0            0            0           0M           0M           0M 
[2026-06-26T17:54:13.297-0300][1160.008s][8748][8884 ][info][gc,reloc    ] GC(85) y: Forwarding Usage: 0M
[2026-06-26T17:54:13.297-0300][1160.008s][8748][8884 ][info][gc,reloc    ] GC(85) y: Age Table:
[2026-06-26T17:54:13.297-0300][1160.008s][8748][8884 ][info][gc,reloc    ] GC(85) y:                    Live             Garbage             Small              Medium             Large        
[2026-06-26T17:54:13.297-0300][1160.008s][8748][8884 ][info][gc,reloc    ] GC(85) y: Eden               0M (0%)          925M (30%)        463 / 71             0 / 0              0 / 0        
[2026-06-26T17:54:13.297-0300][1160.008s][8748][8884 ][info][gc,reloc    ] GC(85) y: Survivor 1         4M (0%)            5M (0%)           5 / 3              0 / 0              0 / 0        
[2026-06-26T17:54:13.297-0300][1160.008s][8748][8884 ][info][gc,reloc    ] GC(85) y: Survivor 2         0M (0%)            5M (0%)           3 / 2              0 / 0              0 / 0        
[2026-06-26T17:54:13.297-0300][1160.008s][8748][8884 ][info][gc,reloc    ] GC(85) y: Survivor 3         0M (0%)            1M (0%)           1 / 1              0 / 0              0 / 0        
[2026-06-26T17:54:13.297-0300][1160.008s][8748][8884 ][info][gc,reloc    ] GC(85) y: Survivor 4         0M (0%)            1M (0%)           1 / 1              0 / 0              0 / 0        
[2026-06-26T17:54:13.297-0300][1160.008s][8748][8884 ][info][gc,heap     ] GC(85) y: Min Capacity: 8M(0%)
[2026-06-26T17:54:13.297-0300][1160.008s][8748][8884 ][info][gc,heap     ] GC(85) y: Max Capacity: 3072M(100%)
[2026-06-26T17:54:13.297-0300][1160.008s][8748][8884 ][info][gc,heap     ] GC(85) y: Soft Max Capacity: 3072M(100%)
[2026-06-26T17:54:13.297-0300][1160.008s][8748][8884 ][info][gc,heap     ] GC(85) y: Heap Statistics:
[2026-06-26T17:54:13.297-0300][1160.008s][8748][8884 ][info][gc,heap     ] GC(85) y:                Mark Start          Mark End        Relocate Start      Relocate End           High               Low         
[2026-06-26T17:54:13.297-0300][1160.008s][8748][8884 ][info][gc,heap     ] GC(85) y:  Capacity:     2928M (95%)        2928M (95%)        2928M (95%)        2928M (95%)        2928M (95%)        2928M (95%)    
[2026-06-26T17:54:13.297-0300][1160.008s][8748][8884 ][info][gc,heap     ] GC(85) y:      Free:      190M (6%)          170M (6%)          954M (31%)        1106M (36%)        1106M (36%)         170M (6%)     
[2026-06-26T17:54:13.297-0300][1160.008s][8748][8884 ][info][gc,heap     ] GC(85) y:      Used:     2882M (94%)        2902M (94%)        2118M (69%)        1966M (64%)        2902M (94%)        1966M (64%)    
[2026-06-26T17:54:13.297-0300][1160.009s][8748][8884 ][info][gc,heap     ] GC(85) y: Young Generation Statistics:
[2026-06-26T17:54:13.297-0300][1160.009s][8748][8884 ][info][gc,heap     ] GC(85) y:                Mark Start          Mark End        Relocate Start      Relocate End    
[2026-06-26T17:54:13.297-0300][1160.009s][8748][8884 ][info][gc,heap     ] GC(85) y:      Used:      946M (31%)         966M (31%)         178M (6%)           24M (1%)     
[2026-06-26T17:54:13.297-0300][1160.009s][8748][8884 ][info][gc,heap     ] GC(85) y:      Live:         -                 5M (0%)            1M (0%)            0M (0%)     
[2026-06-26T17:54:13.297-0300][1160.009s][8748][8884 ][info][gc,heap     ] GC(85) y:   Garbage:         -               940M (31%)         156M (5%)            0M (0%)     
[2026-06-26T17:54:13.297-0300][1160.009s][8748][8884 ][info][gc,heap     ] GC(85) y: Allocated:         -                20M (1%)           20M (1%)           23M (1%)     
[2026-06-26T17:54:13.297-0300][1160.009s][8748][8884 ][info][gc,heap     ] GC(85) y: Reclaimed:         -                  -               784M (26%)         940M (31%)    
[2026-06-26T17:54:13.297-0300][1160.009s][8748][8884 ][info][gc,heap     ] GC(85) y:  Promoted:         -                  -                 3M (0%)            5M (0%)     
[2026-06-26T17:54:13.297-0300][1160.009s][8748][8884 ][info][gc,heap     ] GC(85) y: Compacted:         -                  -                  -                 0M (0%)     
[2026-06-26T17:54:13.297-0300][1160.009s][8748][8884 ][info][gc,phases   ] GC(85) y: Young Generation 2882M(94%)->1966M(64%) 0.054s
[2026-06-26T17:54:13.297-0300][1160.009s][8748][8884 ][info][gc          ] GC(85) Minor Collection (High Usage) 2882M(94%)->1966M(64%) 0.054s
[2026-06-26T17:54:40.165-0300][1186.876s][8748][8884 ][info][gc          ] GC(86) Minor Collection (High Usage)
[2026-06-26T17:54:40.165-0300][1186.876s][8748][8884 ][info][gc,task     ] GC(86) Using 1 Workers for Young Generation
[2026-06-26T17:54:40.165-0300][1186.876s][8748][8884 ][info][gc,phases   ] GC(86) y: Young Generation
[2026-06-26T17:54:40.165-0300][1186.876s][8748][16824][info][gc,phases   ] GC(86) y: Pause Mark Start 0.009ms
[2026-06-26T17:54:40.277-0300][1186.988s][8748][8884 ][info][gc,phases   ] GC(86) y: Concurrent Mark 112.363ms
[2026-06-26T17:54:40.277-0300][1186.989s][8748][16824][info][gc,phases   ] GC(86) y: Pause Mark End 0.016ms
[2026-06-26T17:54:40.277-0300][1186.989s][8748][8884 ][info][gc,phases   ] GC(86) y: Concurrent Mark Free 0.003ms
[2026-06-26T17:54:40.277-0300][1186.989s][8748][8884 ][info][gc,phases   ] GC(86) y: Concurrent Reset Relocation Set 0.167ms
[2026-06-26T17:54:40.278-0300][1186.989s][8748][8884 ][info][gc,reloc    ] GC(86) y: Using tenuring threshold: 2 (Computed)
[2026-06-26T17:54:40.279-0300][1186.990s][8748][8884 ][info][gc,phases   ] GC(86) y: Concurrent Select Relocation Set 0.930ms
[2026-06-26T17:54:40.279-0300][1186.990s][8748][16824][info][gc,phases   ] GC(86) y: Pause Relocate Start 0.006ms
[2026-06-26T17:54:40.291-0300][1187.002s][8748][8884 ][info][gc,phases   ] GC(86) y: Concurrent Relocate 12.586ms
[2026-06-26T17:54:40.292-0300][1187.002s][8748][8884 ][info][gc,alloc    ] GC(86) y:                         Mark Start        Mark End      Relocate Start    Relocate End   
[2026-06-26T17:54:40.292-0300][1187.002s][8748][8884 ][info][gc,alloc    ] GC(86) y: Allocation Stalls:          0                0                0                0         
[2026-06-26T17:54:40.292-0300][1187.003s][8748][8884 ][info][gc,load     ] GC(86) y: Load: 0.00 (0%) / 0.00 (0%) / 0.00 (0%)
[2026-06-26T17:54:40.292-0300][1187.003s][8748][8884 ][info][gc,mmu      ] GC(86) y: MMU: 2ms/44.2%, 5ms/77.7%, 10ms/88.8%, 20ms/94.4%, 50ms/94.8%, 100ms/97.4%
[2026-06-26T17:54:40.292-0300][1187.003s][8748][8884 ][info][gc,marking  ] GC(86) y: Mark: 1 stripe(s), 2 proactive flush(es), 1 terminate flush(es), 0 completion(s), 0 continuation(s) 
[2026-06-26T17:54:40.292-0300][1187.003s][8748][8884 ][info][gc,nmethod  ] GC(86) y: NMethods: 17634 registered, 4044 unregistered
[2026-06-26T17:54:40.292-0300][1187.003s][8748][8884 ][info][gc,metaspace] GC(86) y: Metaspace: 81M used, 84M committed, 1152M reserved
[2026-06-26T17:54:40.292-0300][1187.003s][8748][8884 ][info][gc,reloc    ] GC(86) y:                        Candidates     Selected     In-Place         Size        Empty    Relocated 
[2026-06-26T17:54:40.292-0300][1187.003s][8748][8884 ][info][gc,reloc    ] GC(86) y: Small Pages:                  470          209            0         940M         500M           7M 
[2026-06-26T17:54:40.292-0300][1187.003s][8748][8884 ][info][gc,reloc    ] GC(86) y: Medium Pages:                   0            0            0           0M           0M           0M 
[2026-06-26T17:54:40.292-0300][1187.003s][8748][8884 ][info][gc,reloc    ] GC(86) y: Large Pages:                    0            0            0           0M           0M           0M 
[2026-06-26T17:54:40.292-0300][1187.003s][8748][8884 ][info][gc,reloc    ] GC(86) y: Forwarding Usage: 4M
[2026-06-26T17:54:40.292-0300][1187.003s][8748][8884 ][info][gc,reloc    ] GC(86) y: Age Table:
[2026-06-26T17:54:40.292-0300][1187.003s][8748][8884 ][info][gc,reloc    ] GC(86) y:                    Live             Garbage             Small              Medium             Large        
[2026-06-26T17:54:40.292-0300][1187.003s][8748][8884 ][info][gc,reloc    ] GC(86) y: Eden              17M (1%)          918M (30%)        468 / 208            0 / 0              0 / 0        
[2026-06-26T17:54:40.292-0300][1187.003s][8748][8884 ][info][gc,reloc    ] GC(86) y: Survivor 1         0M (0%)            3M (0%)           2 / 1              0 / 0              0 / 0        
[2026-06-26T17:54:40.292-0300][1187.003s][8748][8884 ][info][gc,heap     ] GC(86) y: Min Capacity: 8M(0%)
[2026-06-26T17:54:40.292-0300][1187.003s][8748][8884 ][info][gc,heap     ] GC(86) y: Max Capacity: 3072M(100%)
[2026-06-26T17:54:40.292-0300][1187.003s][8748][8884 ][info][gc,heap     ] GC(86) y: Soft Max Capacity: 3072M(100%)
[2026-06-26T17:54:40.292-0300][1187.003s][8748][8884 ][info][gc,heap     ] GC(86) y: Heap Statistics:
[2026-06-26T17:54:40.292-0300][1187.003s][8748][8884 ][info][gc,heap     ] GC(86) y:                Mark Start          Mark End        Relocate Start      Relocate End           High               Low         
[2026-06-26T17:54:40.292-0300][1187.003s][8748][8884 ][info][gc,heap     ] GC(86) y:  Capacity:     2928M (95%)        2928M (95%)        2928M (95%)        2928M (95%)        2928M (95%)        2928M (95%)    
[2026-06-26T17:54:40.292-0300][1187.003s][8748][8884 ][info][gc,heap     ] GC(86) y:      Free:      190M (6%)          170M (6%)          670M (22%)        1086M (35%)        1086M (35%)         170M (6%)     
[2026-06-26T17:54:40.292-0300][1187.003s][8748][8884 ][info][gc,heap     ] GC(86) y:      Used:     2882M (94%)        2902M (94%)        2402M (78%)        1986M (65%)        2902M (94%)        1986M (65%)    
[2026-06-26T17:54:40.292-0300][1187.003s][8748][8884 ][info][gc,heap     ] GC(86) y: Young Generation Statistics:
[2026-06-26T17:54:40.292-0300][1187.003s][8748][8884 ][info][gc,heap     ] GC(86) y:                Mark Start          Mark End        Relocate Start      Relocate End    
[2026-06-26T17:54:40.292-0300][1187.003s][8748][8884 ][info][gc,heap     ] GC(86) y:      Used:      940M (31%)         960M (31%)         460M (15%)          44M (1%)     
[2026-06-26T17:54:40.292-0300][1187.003s][8748][8884 ][info][gc,heap     ] GC(86) y:      Live:         -                17M (1%)           17M (1%)           17M (1%)     
[2026-06-26T17:54:40.292-0300][1187.003s][8748][8884 ][info][gc,heap     ] GC(86) y:   Garbage:         -               922M (30%)         422M (14%)           2M (0%)     
[2026-06-26T17:54:40.292-0300][1187.003s][8748][8884 ][info][gc,heap     ] GC(86) y: Allocated:         -                20M (1%)           20M (1%)           24M (1%)     
[2026-06-26T17:54:40.292-0300][1187.003s][8748][8884 ][info][gc,heap     ] GC(86) y: Reclaimed:         -                  -               500M (16%)         920M (30%)    
[2026-06-26T17:54:40.292-0300][1187.003s][8748][8884 ][info][gc,heap     ] GC(86) y:  Promoted:         -                  -                 0M (0%)            0M (0%)     
[2026-06-26T17:54:40.292-0300][1187.003s][8748][8884 ][info][gc,heap     ] GC(86) y: Compacted:         -                  -                  -                13M (0%)     
[2026-06-26T17:54:40.292-0300][1187.003s][8748][8884 ][info][gc,phases   ] GC(86) y: Young Generation 2882M(94%)->1986M(65%) 0.126s
[2026-06-26T17:54:40.292-0300][1187.003s][8748][8884 ][info][gc          ] GC(86) Minor Collection (High Usage) 2882M(94%)->1986M(65%) 0.127s
[2026-06-26T17:55:13.337-0300][1220.047s][8748][8884 ][info][gc          ] GC(87) Minor Collection (High Usage)
[2026-06-26T17:55:13.337-0300][1220.047s][8748][8884 ][info][gc,task     ] GC(87) Using 1 Workers for Young Generation
[2026-06-26T17:55:13.337-0300][1220.047s][8748][8884 ][info][gc,phases   ] GC(87) y: Young Generation
[2026-06-26T17:55:13.337-0300][1220.048s][8748][16824][info][gc,phases   ] GC(87) y: Pause Mark Start 0.011ms
[2026-06-26T17:55:13.457-0300][1220.168s][8748][8884 ][info][gc,phases   ] GC(87) y: Concurrent Mark 120.309ms
[2026-06-26T17:55:13.457-0300][1220.168s][8748][16824][info][gc,phases   ] GC(87) y: Pause Mark End 0.012ms
[2026-06-26T17:55:13.457-0300][1220.168s][8748][8884 ][info][gc,phases   ] GC(87) y: Concurrent Mark Free 0.001ms
[2026-06-26T17:55:13.457-0300][1220.168s][8748][8884 ][info][gc,phases   ] GC(87) y: Concurrent Reset Relocation Set 0.008ms
[2026-06-26T17:55:13.457-0300][1220.168s][8748][8884 ][info][gc,reloc    ] GC(87) y: Using tenuring threshold: 3 (Computed)
[2026-06-26T17:55:13.458-0300][1220.169s][8748][8884 ][info][gc,phases   ] GC(87) y: Concurrent Select Relocation Set 1.324ms
[2026-06-26T17:55:13.458-0300][1220.169s][8748][16824][info][gc,phases   ] GC(87) y: Pause Relocate Start 0.007ms
[2026-06-26T17:55:13.472-0300][1220.184s][8748][8884 ][info][gc,phases   ] GC(87) y: Concurrent Relocate 14.352ms
[2026-06-26T17:55:13.472-0300][1220.184s][8748][8884 ][info][gc,alloc    ] GC(87) y:                         Mark Start        Mark End      Relocate Start    Relocate End   
[2026-06-26T17:55:13.472-0300][1220.184s][8748][8884 ][info][gc,alloc    ] GC(87) y: Allocation Stalls:          0                0                0                0         
[2026-06-26T17:55:13.472-0300][1220.184s][8748][8884 ][info][gc,load     ] GC(87) y: Load: 0.00 (0%) / 0.00 (0%) / 0.00 (0%)
[2026-06-26T17:55:13.472-0300][1220.184s][8748][8884 ][info][gc,mmu      ] GC(87) y: MMU: 2ms/44.2%, 5ms/77.7%, 10ms/88.8%, 20ms/94.4%, 50ms/94.8%, 100ms/97.4%
[2026-06-26T17:55:13.472-0300][1220.184s][8748][8884 ][info][gc,marking  ] GC(87) y: Mark: 1 stripe(s), 2 proactive flush(es), 1 terminate flush(es), 0 completion(s), 0 continuation(s) 
[2026-06-26T17:55:13.472-0300][1220.184s][8748][8884 ][info][gc,nmethod  ] GC(87) y: NMethods: 17706 registered, 4044 unregistered
[2026-06-26T17:55:13.472-0300][1220.184s][8748][8884 ][info][gc,metaspace] GC(87) y: Metaspace: 81M used, 84M committed, 1152M reserved
[2026-06-26T17:55:13.472-0300][1220.184s][8748][8884 ][info][gc,reloc    ] GC(87) y:                        Candidates     Selected     In-Place         Size        Empty    Relocated 
[2026-06-26T17:55:13.472-0300][1220.184s][8748][8884 ][info][gc,reloc    ] GC(87) y: Small Pages:                  470          306            0         940M         300M           8M 
[2026-06-26T17:55:13.472-0300][1220.184s][8748][8884 ][info][gc,reloc    ] GC(87) y: Medium Pages:                   0            0            0           0M           0M           0M 
[2026-06-26T17:55:13.472-0300][1220.184s][8748][8884 ][info][gc,reloc    ] GC(87) y: Large Pages:                    0            0            0           0M           0M           0M 
[2026-06-26T17:55:13.472-0300][1220.184s][8748][8884 ][info][gc,reloc    ] GC(87) y: Forwarding Usage: 4M
[2026-06-26T17:55:13.472-0300][1220.184s][8748][8884 ][info][gc,reloc    ] GC(87) y: Age Table:
[2026-06-26T17:55:13.472-0300][1220.184s][8748][8884 ][info][gc,reloc    ] GC(87) y:                    Live             Garbage             Small              Medium             Large        
[2026-06-26T17:55:13.472-0300][1220.184s][8748][8884 ][info][gc,reloc    ] GC(87) y: Eden               9M (0%)          906M (30%)        458 / 301            0 / 0              0 / 0        
[2026-06-26T17:55:13.472-0300][1220.184s][8748][8884 ][info][gc,reloc    ] GC(87) y: Survivor 1        13M (0%)            8M (0%)          11 / 4              0 / 0              0 / 0        
[2026-06-26T17:55:13.472-0300][1220.184s][8748][8884 ][info][gc,reloc    ] GC(87) y: Survivor 2         0M (0%)            1M (0%)           1 / 1              0 / 0              0 / 0        
[2026-06-26T17:55:13.472-0300][1220.184s][8748][8884 ][info][gc,heap     ] GC(87) y: Min Capacity: 8M(0%)
[2026-06-26T17:55:13.472-0300][1220.184s][8748][8884 ][info][gc,heap     ] GC(87) y: Max Capacity: 3072M(100%)
[2026-06-26T17:55:13.472-0300][1220.184s][8748][8884 ][info][gc,heap     ] GC(87) y: Soft Max Capacity: 3072M(100%)
[2026-06-26T17:55:13.472-0300][1220.184s][8748][8884 ][info][gc,heap     ] GC(87) y: Heap Statistics:
[2026-06-26T17:55:13.472-0300][1220.184s][8748][8884 ][info][gc,heap     ] GC(87) y:                Mark Start          Mark End        Relocate Start      Relocate End           High               Low         
[2026-06-26T17:55:13.472-0300][1220.184s][8748][8884 ][info][gc,heap     ] GC(87) y:  Capacity:     2928M (95%)        2928M (95%)        2928M (95%)        2928M (95%)        2928M (95%)        2928M (95%)    
[2026-06-26T17:55:13.472-0300][1220.184s][8748][8884 ][info][gc,heap     ] GC(87) y:      Free:      190M (6%)          172M (6%)          472M (15%)        1076M (35%)        1076M (35%)         172M (6%)     
[2026-06-26T17:55:13.472-0300][1220.184s][8748][8884 ][info][gc,heap     ] GC(87) y:      Used:     2882M (94%)        2900M (94%)        2600M (85%)        1996M (65%)        2900M (94%)        1996M (65%)    
[2026-06-26T17:55:13.472-0300][1220.184s][8748][8884 ][info][gc,heap     ] GC(87) y: Young Generation Statistics:
[2026-06-26T17:55:13.472-0300][1220.184s][8748][8884 ][info][gc,heap     ] GC(87) y:                Mark Start          Mark End        Relocate Start      Relocate End    
[2026-06-26T17:55:13.472-0300][1220.184s][8748][8884 ][info][gc,heap     ] GC(87) y:      Used:      940M (31%)         958M (31%)         658M (21%)          54M (2%)     
[2026-06-26T17:55:13.472-0300][1220.184s][8748][8884 ][info][gc,heap     ] GC(87) y:      Live:         -                22M (1%)           22M (1%)           22M (1%)     
[2026-06-26T17:55:13.472-0300][1220.184s][8748][8884 ][info][gc,heap     ] GC(87) y:   Garbage:         -               917M (30%)         617M (20%)           2M (0%)     
[2026-06-26T17:55:13.472-0300][1220.184s][8748][8884 ][info][gc,heap     ] GC(87) y: Allocated:         -                18M (1%)           18M (1%)           28M (1%)     
[2026-06-26T17:55:13.472-0300][1220.184s][8748][8884 ][info][gc,heap     ] GC(87) y: Reclaimed:         -                  -               300M (10%)         914M (30%)    
[2026-06-26T17:55:13.472-0300][1220.184s][8748][8884 ][info][gc,heap     ] GC(87) y:  Promoted:         -                  -                 0M (0%)            0M (0%)     
[2026-06-26T17:55:13.472-0300][1220.184s][8748][8884 ][info][gc,heap     ] GC(87) y: Compacted:         -                  -                  -                15M (1%)     
[2026-06-26T17:55:13.472-0300][1220.184s][8748][8884 ][info][gc,phases   ] GC(87) y: Young Generation 2882M(94%)->1996M(65%) 0.136s
[2026-06-26T17:55:13.472-0300][1220.184s][8748][8884 ][info][gc          ] GC(87) Minor Collection (High Usage) 2882M(94%)->1996M(65%) 0.137s
[2026-06-26T17:55:29.683-0300][1236.393s][8748][7584 ][info][gc          ] GC(88) Major Collection (Proactive)
[2026-06-26T17:55:29.683-0300][1236.393s][8748][7584 ][info][gc,task     ] GC(88) Using 1 Workers for Young Generation
[2026-06-26T17:55:29.683-0300][1236.393s][8748][7584 ][info][gc,task     ] GC(88) Using 1 Workers for Old Generation
[2026-06-26T17:55:29.683-0300][1236.394s][8748][7584 ][info][gc,phases   ] GC(88) Y: Young Generation
[2026-06-26T17:55:29.683-0300][1236.394s][8748][16824][info][gc,phases   ] GC(88) Y: Pause Mark Start (Major) 0.015ms
[2026-06-26T17:55:29.793-0300][1236.504s][8748][7584 ][info][gc,phases   ] GC(88) Y: Concurrent Mark 110.006ms
[2026-06-26T17:55:29.793-0300][1236.504s][8748][16824][info][gc,phases   ] GC(88) Y: Pause Mark End 0.014ms
[2026-06-26T17:55:29.793-0300][1236.504s][8748][7584 ][info][gc,phases   ] GC(88) Y: Concurrent Mark Free 0.001ms
[2026-06-26T17:55:29.793-0300][1236.504s][8748][7584 ][info][gc,phases   ] GC(88) Y: Concurrent Reset Relocation Set 0.009ms
[2026-06-26T17:55:29.793-0300][1236.504s][8748][7584 ][info][gc,reloc    ] GC(88) Y: Using tenuring threshold: 4 (Computed)
[2026-06-26T17:55:29.793-0300][1236.504s][8748][7584 ][info][gc,phases   ] GC(88) Y: Concurrent Select Relocation Set 0.469ms
[2026-06-26T17:55:29.793-0300][1236.504s][8748][16824][info][gc,phases   ] GC(88) Y: Pause Relocate Start 0.009ms
[2026-06-26T17:55:29.804-0300][1236.515s][8748][7584 ][info][gc,phases   ] GC(88) Y: Concurrent Relocate 10.725ms
[2026-06-26T17:55:29.804-0300][1236.515s][8748][7584 ][info][gc,alloc    ] GC(88) Y:                         Mark Start        Mark End      Relocate Start    Relocate End   
[2026-06-26T17:55:29.804-0300][1236.515s][8748][7584 ][info][gc,alloc    ] GC(88) Y: Allocation Stalls:          0                0                0                0         
[2026-06-26T17:55:29.804-0300][1236.515s][8748][7584 ][info][gc,load     ] GC(88) Y: Load: 0.00 (0%) / 0.00 (0%) / 0.00 (0%)
[2026-06-26T17:55:29.804-0300][1236.515s][8748][7584 ][info][gc,mmu      ] GC(88) Y: MMU: 2ms/44.2%, 5ms/77.7%, 10ms/88.8%, 20ms/94.4%, 50ms/94.8%, 100ms/97.4%
[2026-06-26T17:55:29.804-0300][1236.515s][8748][7584 ][info][gc,marking  ] GC(88) Y: Mark: 1 stripe(s), 2 proactive flush(es), 1 terminate flush(es), 0 completion(s), 0 continuation(s) 
[2026-06-26T17:55:29.804-0300][1236.515s][8748][7584 ][info][gc,nmethod  ] GC(88) Y: NMethods: 17744 registered, 4044 unregistered
[2026-06-26T17:55:29.804-0300][1236.515s][8748][7584 ][info][gc,metaspace] GC(88) Y: Metaspace: 81M used, 84M committed, 1152M reserved
[2026-06-26T17:55:29.804-0300][1236.515s][8748][7584 ][info][gc,reloc    ] GC(88) Y:                        Candidates     Selected     In-Place         Size        Empty    Relocated 
[2026-06-26T17:55:29.804-0300][1236.515s][8748][7584 ][info][gc,reloc    ] GC(88) Y: Small Pages:                  234          160            0         468M         116M           6M 
[2026-06-26T17:55:29.804-0300][1236.515s][8748][7584 ][info][gc,reloc    ] GC(88) Y: Medium Pages:                   0            0            0           0M           0M           0M 
[2026-06-26T17:55:29.804-0300][1236.515s][8748][7584 ][info][gc,reloc    ] GC(88) Y: Large Pages:                    0            0            0           0M           0M           0M 
[2026-06-26T17:55:29.804-0300][1236.515s][8748][7584 ][info][gc,reloc    ] GC(88) Y: Forwarding Usage: 3M
[2026-06-26T17:55:29.804-0300][1236.515s][8748][7584 ][info][gc,reloc    ] GC(88) Y: Age Table:
[2026-06-26T17:55:29.804-0300][1236.515s][8748][7584 ][info][gc,reloc    ] GC(88) Y:                    Live             Garbage             Small              Medium             Large        
[2026-06-26T17:55:29.804-0300][1236.515s][8748][7584 ][info][gc,reloc    ] GC(88) Y: Eden               6M (0%)          425M (14%)        216 / 153            0 / 0              0 / 0        
[2026-06-26T17:55:29.804-0300][1236.515s][8748][7584 ][info][gc,reloc    ] GC(88) Y: Survivor 1         5M (0%)            8M (0%)           7 / 4              0 / 0              0 / 0        
[2026-06-26T17:55:29.804-0300][1236.515s][8748][7584 ][info][gc,reloc    ] GC(88) Y: Survivor 2        13M (0%)            6M (0%)          10 / 2              0 / 0              0 / 0        
[2026-06-26T17:55:29.804-0300][1236.515s][8748][7584 ][info][gc,reloc    ] GC(88) Y: Survivor 3         0M (0%)            1M (0%)           1 / 1              0 / 0              0 / 0        
[2026-06-26T17:55:29.804-0300][1236.515s][8748][7584 ][info][gc,heap     ] GC(88) Y: Min Capacity: 8M(0%)
[2026-06-26T17:55:29.804-0300][1236.515s][8748][7584 ][info][gc,heap     ] GC(88) Y: Max Capacity: 3072M(100%)
[2026-06-26T17:55:29.804-0300][1236.515s][8748][7584 ][info][gc,heap     ] GC(88) Y: Soft Max Capacity: 3072M(100%)
[2026-06-26T17:55:29.804-0300][1236.515s][8748][7584 ][info][gc,heap     ] GC(88) Y: Heap Statistics:
[2026-06-26T17:55:29.804-0300][1236.515s][8748][7584 ][info][gc,heap     ] GC(88) Y:                Mark Start          Mark End        Relocate Start      Relocate End           High               Low         
[2026-06-26T17:55:29.804-0300][1236.515s][8748][7584 ][info][gc,heap     ] GC(88) Y:  Capacity:     2928M (95%)        2928M (95%)        2928M (95%)        2928M (95%)        2928M (95%)        2928M (95%)    
[2026-06-26T17:55:29.804-0300][1236.515s][8748][7584 ][info][gc,heap     ] GC(88) Y:      Free:      662M (22%)         640M (21%)         756M (25%)        1062M (35%)        1062M (35%)         640M (21%)    
[2026-06-26T17:55:29.804-0300][1236.515s][8748][7584 ][info][gc,heap     ] GC(88) Y:      Used:     2410M (78%)        2432M (79%)        2316M (75%)        2010M (65%)        2432M (79%)        2010M (65%)    
[2026-06-26T17:55:29.804-0300][1236.515s][8748][7584 ][info][gc,heap     ] GC(88) Y: Young Generation Statistics:
[2026-06-26T17:55:29.804-0300][1236.515s][8748][7584 ][info][gc,heap     ] GC(88) Y:                Mark Start          Mark End        Relocate Start      Relocate End    
[2026-06-26T17:55:29.804-0300][1236.515s][8748][7584 ][info][gc,heap     ] GC(88) Y:      Used:      468M (15%)         490M (16%)         374M (12%)          68M (2%)     
[2026-06-26T17:55:29.804-0300][1236.515s][8748][7584 ][info][gc,heap     ] GC(88) Y:      Live:         -                25M (1%)           25M (1%)           25M (1%)     
[2026-06-26T17:55:29.804-0300][1236.515s][8748][7584 ][info][gc,heap     ] GC(88) Y:   Garbage:         -               442M (14%)         326M (11%)           4M (0%)     
[2026-06-26T17:55:29.804-0300][1236.516s][8748][7584 ][info][gc,heap     ] GC(88) Y: Allocated:         -                22M (1%)           22M (1%)           37M (1%)     
[2026-06-26T17:55:29.804-0300][1236.516s][8748][7584 ][info][gc,heap     ] GC(88) Y: Reclaimed:         -                  -               116M (4%)          437M (14%)    
[2026-06-26T17:55:29.804-0300][1236.516s][8748][7584 ][info][gc,heap     ] GC(88) Y:  Promoted:         -                  -                 0M (0%)            0M (0%)     
[2026-06-26T17:55:29.804-0300][1236.516s][8748][7584 ][info][gc,heap     ] GC(88) Y: Compacted:         -                  -                  -                10M (0%)     
[2026-06-26T17:55:29.804-0300][1236.516s][8748][7584 ][info][gc,phases   ] GC(88) Y: Young Generation 2410M(78%)->2010M(65%) 0.122s
[2026-06-26T17:55:29.804-0300][1236.516s][8748][7584 ][info][gc,phases   ] GC(88) O: Old Generation
[2026-06-26T17:55:32.900-0300][1239.611s][8748][7584 ][info][gc,phases   ] GC(88) O: Concurrent Mark 3095.547ms
[2026-06-26T17:55:32.900-0300][1239.611s][8748][16824][info][gc,phases   ] GC(88) O: Pause Mark End 0.016ms
[2026-06-26T17:55:32.900-0300][1239.611s][8748][7584 ][info][gc,phases   ] GC(88) O: Concurrent Mark Free 0.003ms
[2026-06-26T17:55:32.962-0300][1239.673s][8748][7584 ][info][gc,phases   ] GC(88) O: Concurrent Process Non-Strong 61.423ms
[2026-06-26T17:55:32.962-0300][1239.673s][8748][7584 ][info][gc,phases   ] GC(88) O: Concurrent Reset Relocation Set 0.005ms
[2026-06-26T17:55:32.964-0300][1239.675s][8748][7584 ][info][gc,phases   ] GC(88) O: Concurrent Select Relocation Set 1.639ms
[2026-06-26T17:55:32.964-0300][1239.675s][8748][7584 ][info][gc,task     ] GC(88) O: Using 2 Workers for Old Generation
[2026-06-26T17:55:32.977-0300][1239.688s][8748][7584 ][info][gc,task     ] GC(88) O: Using 1 Workers for Old Generation
[2026-06-26T17:55:32.977-0300][1239.688s][8748][7584 ][info][gc,phases   ] GC(88) O: Concurrent Remap Roots 13.476ms
[2026-06-26T17:55:32.977-0300][1239.688s][8748][16824][info][gc,phases   ] GC(88) O: Pause Relocate Start 0.011ms
[2026-06-26T17:55:33.055-0300][1239.766s][8748][7584 ][info][gc,phases   ] GC(88) O: Concurrent Relocate 78.151ms
[2026-06-26T17:55:33.055-0300][1239.766s][8748][7584 ][info][gc,alloc    ] GC(88) O:                         Mark Start        Mark End      Relocate Start    Relocate End   
[2026-06-26T17:55:33.055-0300][1239.766s][8748][7584 ][info][gc,alloc    ] GC(88) O: Allocation Stalls:          0                0                0                0         
[2026-06-26T17:55:33.055-0300][1239.766s][8748][7584 ][info][gc,load     ] GC(88) O: Load: 0.00 (0%) / 0.00 (0%) / 0.00 (0%)
[2026-06-26T17:55:33.055-0300][1239.766s][8748][7584 ][info][gc,mmu      ] GC(88) O: MMU: 2ms/44.2%, 5ms/77.7%, 10ms/88.8%, 20ms/94.4%, 50ms/94.8%, 100ms/97.4%
[2026-06-26T17:55:33.055-0300][1239.766s][8748][7584 ][info][gc,marking  ] GC(88) O: Mark: 1 stripe(s), 2 proactive flush(es), 1 terminate flush(es), 0 completion(s), 0 continuation(s) 
[2026-06-26T17:55:33.055-0300][1239.766s][8748][7584 ][info][gc,nmethod  ] GC(88) O: NMethods: 17573 registered, 4222 unregistered
[2026-06-26T17:55:33.055-0300][1239.766s][8748][7584 ][info][gc,metaspace] GC(88) O: Metaspace: 81M used, 84M committed, 1152M reserved
[2026-06-26T17:55:33.055-0300][1239.766s][8748][7584 ][info][gc,ref      ] GC(88) O:                       Encountered   Discovered     Enqueued 
[2026-06-26T17:55:33.055-0300][1239.766s][8748][7584 ][info][gc,ref      ] GC(88) O: Soft References:             5885         2313         2021 
[2026-06-26T17:55:33.055-0300][1239.766s][8748][7584 ][info][gc,ref      ] GC(88) O: Weak References:             6475         5458          196 
[2026-06-26T17:55:33.055-0300][1239.766s][8748][7584 ][info][gc,ref      ] GC(88) O: Final References:              16            0            0 
[2026-06-26T17:55:33.055-0300][1239.766s][8748][7584 ][info][gc,ref      ] GC(88) O: Phantom References:          8521         5886          113 
[2026-06-26T17:55:33.055-0300][1239.767s][8748][7584 ][info][gc,reloc    ] GC(88) O:                        Candidates     Selected     In-Place         Size        Empty    Relocated 
[2026-06-26T17:55:33.055-0300][1239.767s][8748][7584 ][info][gc,reloc    ] GC(88) O: Small Pages:                  909           23            0        1818M           0M          15M 
[2026-06-26T17:55:33.055-0300][1239.767s][8748][7584 ][info][gc,reloc    ] GC(88) O: Medium Pages:                   2            0            0          64M           0M           0M 
[2026-06-26T17:55:33.055-0300][1239.767s][8748][7584 ][info][gc,reloc    ] GC(88) O: Large Pages:                    5            0            0          60M           0M           0M 
[2026-06-26T17:55:33.055-0300][1239.767s][8748][7584 ][info][gc,reloc    ] GC(88) O: Forwarding Usage: 22M
[2026-06-26T17:55:33.055-0300][1239.767s][8748][7584 ][info][gc,heap     ] GC(88) O: Min Capacity: 8M(0%)
[2026-06-26T17:55:33.055-0300][1239.767s][8748][7584 ][info][gc,heap     ] GC(88) O: Max Capacity: 3072M(100%)
[2026-06-26T17:55:33.055-0300][1239.767s][8748][7584 ][info][gc,heap     ] GC(88) O: Soft Max Capacity: 3072M(100%)
[2026-06-26T17:55:33.055-0300][1239.767s][8748][7584 ][info][gc,heap     ] GC(88) O: Heap Statistics:
[2026-06-26T17:55:33.055-0300][1239.767s][8748][7584 ][info][gc,heap     ] GC(88) O:                Mark Start          Mark End        Relocate Start      Relocate End           High               Low         
[2026-06-26T17:55:33.055-0300][1239.767s][8748][7584 ][info][gc,heap     ] GC(88) O:  Capacity:     2928M (95%)        2928M (95%)        2928M (95%)        2928M (95%)        2928M (95%)        2928M (95%)    
[2026-06-26T17:55:33.055-0300][1239.767s][8748][7584 ][info][gc,heap     ] GC(88) O:      Free:      662M (22%)         984M (32%)         982M (32%)        1022M (33%)        1062M (35%)         640M (21%)    
[2026-06-26T17:55:33.055-0300][1239.767s][8748][7584 ][info][gc,heap     ] GC(88) O:      Used:     2410M (78%)        2088M (68%)        2090M (68%)        2050M (67%)        2432M (79%)        2010M (65%)    
[2026-06-26T17:55:33.055-0300][1239.767s][8748][7584 ][info][gc,heap     ] GC(88) O: Old Generation Statistics:
[2026-06-26T17:55:33.055-0300][1239.767s][8748][7584 ][info][gc,heap     ] GC(88) O:                Mark Start          Mark End        Relocate Start      Relocate End    
[2026-06-26T17:55:33.055-0300][1239.767s][8748][7584 ][info][gc,heap     ] GC(88) O:      Used:     1942M (63%)        1942M (63%)        1942M (63%)        1902M (62%)    
[2026-06-26T17:55:33.055-0300][1239.767s][8748][7584 ][info][gc,heap     ] GC(88) O:      Live:         -              1788M (58%)        1788M (58%)        1788M (58%)    
[2026-06-26T17:55:33.055-0300][1239.767s][8748][7584 ][info][gc,heap     ] GC(88) O:   Garbage:         -               153M (5%)          153M (5%)           98M (3%)     
[2026-06-26T17:55:33.055-0300][1239.767s][8748][7584 ][info][gc,heap     ] GC(88) O: Allocated:         -                 0M (0%)            0M (0%)           15M (0%)     
[2026-06-26T17:55:33.055-0300][1239.767s][8748][7584 ][info][gc,heap     ] GC(88) O: Reclaimed:         -                  -                 0M (0%)           55M (2%)     
[2026-06-26T17:55:33.055-0300][1239.767s][8748][7584 ][info][gc,heap     ] GC(88) O: Compacted:         -                  -                  -                62M (2%)     
[2026-06-26T17:55:33.055-0300][1239.767s][8748][7584 ][info][gc,phases   ] GC(88) O: Old Generation 2010M(65%)->2050M(67%) 3.251s
[2026-06-26T17:55:33.055-0300][1239.767s][8748][7584 ][info][gc          ] GC(88) Major Collection (Proactive) 2410M(78%)->2050M(67%) 3.373s
[2026-06-26T17:55:53.354-0300][1260.064s][8748][8884 ][info][gc          ] GC(89) Minor Collection (High Usage)
[2026-06-26T17:55:53.354-0300][1260.065s][8748][8884 ][info][gc,task     ] GC(89) Using 1 Workers for Young Generation
[2026-06-26T17:55:53.354-0300][1260.065s][8748][8884 ][info][gc,phases   ] GC(89) y: Young Generation
[2026-06-26T17:55:53.354-0300][1260.065s][8748][16824][info][gc,phases   ] GC(89) y: Pause Mark Start 0.009ms
[2026-06-26T17:55:53.465-0300][1260.176s][8748][8884 ][info][gc,phases   ] GC(89) y: Concurrent Mark 110.988ms
[2026-06-26T17:55:53.465-0300][1260.176s][8748][16824][info][gc,phases   ] GC(89) y: Pause Mark End 0.012ms
[2026-06-26T17:55:53.465-0300][1260.176s][8748][8884 ][info][gc,phases   ] GC(89) y: Concurrent Mark Free 0.002ms
[2026-06-26T17:55:53.465-0300][1260.176s][8748][8884 ][info][gc,phases   ] GC(89) y: Concurrent Reset Relocation Set 0.007ms
[2026-06-26T17:55:53.465-0300][1260.176s][8748][8884 ][info][gc,reloc    ] GC(89) y: Using tenuring threshold: 4 (Computed)
[2026-06-26T17:55:53.465-0300][1260.176s][8748][8884 ][info][gc,phases   ] GC(89) y: Concurrent Select Relocation Set 0.591ms
[2026-06-26T17:55:53.466-0300][1260.176s][8748][16824][info][gc,phases   ] GC(89) y: Pause Relocate Start 0.005ms
[2026-06-26T17:55:53.472-0300][1260.183s][8748][8884 ][info][gc,phases   ] GC(89) y: Concurrent Relocate 6.439ms
[2026-06-26T17:55:53.472-0300][1260.183s][8748][8884 ][info][gc,alloc    ] GC(89) y:                         Mark Start        Mark End      Relocate Start    Relocate End   
[2026-06-26T17:55:53.472-0300][1260.183s][8748][8884 ][info][gc,alloc    ] GC(89) y: Allocation Stalls:          0                0                0                0         
[2026-06-26T17:55:53.472-0300][1260.183s][8748][8884 ][info][gc,load     ] GC(89) y: Load: 0.00 (0%) / 0.00 (0%) / 0.00 (0%)
[2026-06-26T17:55:53.472-0300][1260.183s][8748][8884 ][info][gc,mmu      ] GC(89) y: MMU: 2ms/44.2%, 5ms/77.7%, 10ms/88.8%, 20ms/94.4%, 50ms/94.8%, 100ms/97.4%
[2026-06-26T17:55:53.472-0300][1260.183s][8748][8884 ][info][gc,marking  ] GC(89) y: Mark: 1 stripe(s), 2 proactive flush(es), 1 terminate flush(es), 0 completion(s), 0 continuation(s) 
[2026-06-26T17:55:53.472-0300][1260.183s][8748][8884 ][info][gc,nmethod  ] GC(89) y: NMethods: 17592 registered, 4222 unregistered
[2026-06-26T17:55:53.472-0300][1260.183s][8748][8884 ][info][gc,metaspace] GC(89) y: Metaspace: 81M used, 84M committed, 1152M reserved
[2026-06-26T17:55:53.472-0300][1260.183s][8748][8884 ][info][gc,reloc    ] GC(89) y:                        Candidates     Selected     In-Place         Size        Empty    Relocated 
[2026-06-26T17:55:53.472-0300][1260.183s][8748][8884 ][info][gc,reloc    ] GC(89) y: Small Pages:                  490          162            0         980M         622M           4M 
[2026-06-26T17:55:53.472-0300][1260.183s][8748][8884 ][info][gc,reloc    ] GC(89) y: Medium Pages:                   0            0            0           0M           0M           0M 
[2026-06-26T17:55:53.472-0300][1260.183s][8748][8884 ][info][gc,reloc    ] GC(89) y: Large Pages:                    0            0            0           0M           0M           0M 
[2026-06-26T17:55:53.472-0300][1260.183s][8748][8884 ][info][gc,reloc    ] GC(89) y: Forwarding Usage: 1M
[2026-06-26T17:55:53.472-0300][1260.183s][8748][8884 ][info][gc,reloc    ] GC(89) y: Age Table:
[2026-06-26T17:55:53.472-0300][1260.183s][8748][8884 ][info][gc,reloc    ] GC(89) y:                    Live             Garbage             Small              Medium             Large        
[2026-06-26T17:55:53.472-0300][1260.183s][8748][8884 ][info][gc,reloc    ] GC(89) y: Eden               5M (0%)          928M (30%)        467 / 153            0 / 0              0 / 0        
[2026-06-26T17:55:53.472-0300][1260.183s][8748][8884 ][info][gc,reloc    ] GC(89) y: Survivor 1         6M (0%)            3M (0%)           5 / 1              0 / 0              0 / 0        
[2026-06-26T17:55:53.472-0300][1260.183s][8748][8884 ][info][gc,reloc    ] GC(89) y: Survivor 2         2M (0%)           11M (0%)           7 / 5              0 / 0              0 / 0        
[2026-06-26T17:55:53.472-0300][1260.183s][8748][8884 ][info][gc,reloc    ] GC(89) y: Survivor 3        12M (0%)            7M (0%)          10 / 2              0 / 0              0 / 0        
[2026-06-26T17:55:53.472-0300][1260.183s][8748][8884 ][info][gc,reloc    ] GC(89) y: Survivor 4         0M (0%)            1M (0%)           1 / 1              0 / 0              0 / 0        
[2026-06-26T17:55:53.472-0300][1260.183s][8748][8884 ][info][gc,heap     ] GC(89) y: Min Capacity: 8M(0%)
[2026-06-26T17:55:53.472-0300][1260.183s][8748][8884 ][info][gc,heap     ] GC(89) y: Max Capacity: 3072M(100%)
[2026-06-26T17:55:53.472-0300][1260.183s][8748][8884 ][info][gc,heap     ] GC(89) y: Soft Max Capacity: 3072M(100%)
[2026-06-26T17:55:53.472-0300][1260.183s][8748][8884 ][info][gc,heap     ] GC(89) y: Heap Statistics:
[2026-06-26T17:55:53.472-0300][1260.183s][8748][8884 ][info][gc,heap     ] GC(89) y:                Mark Start          Mark End        Relocate Start      Relocate End           High               Low         
[2026-06-26T17:55:53.472-0300][1260.183s][8748][8884 ][info][gc,heap     ] GC(89) y:  Capacity:     2928M (95%)        2928M (95%)        2928M (95%)        2928M (95%)        2928M (95%)        2928M (95%)    
[2026-06-26T17:55:53.472-0300][1260.183s][8748][8884 ][info][gc,heap     ] GC(89) y:      Free:      190M (6%)          170M (6%)          792M (26%)        1104M (36%)        1104M (36%)         170M (6%)     
[2026-06-26T17:55:53.472-0300][1260.183s][8748][8884 ][info][gc,heap     ] GC(89) y:      Used:     2882M (94%)        2902M (94%)        2280M (74%)        1968M (64%)        2902M (94%)        1968M (64%)    
[2026-06-26T17:55:53.472-0300][1260.183s][8748][8884 ][info][gc,heap     ] GC(89) y: Young Generation Statistics:
[2026-06-26T17:55:53.472-0300][1260.183s][8748][8884 ][info][gc,heap     ] GC(89) y:                Mark Start          Mark End        Relocate Start      Relocate End    
[2026-06-26T17:55:53.472-0300][1260.183s][8748][8884 ][info][gc,heap     ] GC(89) y:      Used:      980M (32%)        1000M (33%)         378M (12%)          64M (2%)     
[2026-06-26T17:55:53.472-0300][1260.183s][8748][8884 ][info][gc,heap     ] GC(89) y:      Live:         -                27M (1%)           27M (1%)           27M (1%)     
[2026-06-26T17:55:53.472-0300][1260.183s][8748][8884 ][info][gc,heap     ] GC(89) y:   Garbage:         -               952M (31%)         330M (11%)           5M (0%)     
[2026-06-26T17:55:53.472-0300][1260.183s][8748][8884 ][info][gc,heap     ] GC(89) y: Allocated:         -                20M (1%)           20M (1%)           31M (1%)     
[2026-06-26T17:55:53.472-0300][1260.183s][8748][8884 ][info][gc,heap     ] GC(89) y: Reclaimed:         -                  -               622M (20%)         947M (31%)    
[2026-06-26T17:55:53.472-0300][1260.183s][8748][8884 ][info][gc,heap     ] GC(89) y:  Promoted:         -                  -                 0M (0%)            0M (0%)     
[2026-06-26T17:55:53.472-0300][1260.183s][8748][8884 ][info][gc,heap     ] GC(89) y: Compacted:         -                  -                  -                 6M (0%)     
[2026-06-26T17:55:53.472-0300][1260.183s][8748][8884 ][info][gc,phases   ] GC(89) y: Young Generation 2882M(94%)->1968M(64%) 0.118s
[2026-06-26T17:55:53.472-0300][1260.183s][8748][8884 ][info][gc          ] GC(89) Minor Collection (High Usage) 2882M(94%)->1968M(64%) 0.119s
[2026-06-26T17:56:10.538-0300][1277.249s][8748][8884 ][info][gc          ] GC(90) Minor Collection (High Usage)
[2026-06-26T17:56:10.538-0300][1277.249s][8748][8884 ][info][gc,task     ] GC(90) Using 1 Workers for Young Generation
[2026-06-26T17:56:10.538-0300][1277.249s][8748][8884 ][info][gc,phases   ] GC(90) y: Young Generation
[2026-06-26T17:56:10.538-0300][1277.249s][8748][16824][info][gc,phases   ] GC(90) y: Pause Mark Start 0.010ms
[2026-06-26T17:56:10.628-0300][1277.339s][8748][8884 ][info][gc,phases   ] GC(90) y: Concurrent Mark 90.284ms
[2026-06-26T17:56:10.628-0300][1277.339s][8748][16824][info][gc,phases   ] GC(90) y: Pause Mark End 0.013ms
[2026-06-26T17:56:10.628-0300][1277.339s][8748][8884 ][info][gc,phases   ] GC(90) y: Concurrent Mark Free 0.003ms
[2026-06-26T17:56:10.628-0300][1277.339s][8748][8884 ][info][gc,phases   ] GC(90) y: Concurrent Reset Relocation Set 0.010ms
[2026-06-26T17:56:10.629-0300][1277.340s][8748][8884 ][info][gc,reloc    ] GC(90) y: Using tenuring threshold: 1 (Computed)
[2026-06-26T17:56:10.643-0300][1277.354s][8748][8884 ][info][gc,phases   ] GC(90) y: Concurrent Select Relocation Set 14.913ms
[2026-06-26T17:56:10.643-0300][1277.354s][8748][16824][info][gc,phases   ] GC(90) y: Pause Relocate Start 0.011ms
[2026-06-26T17:56:10.673-0300][1277.385s][8748][8884 ][info][gc,phases   ] GC(90) y: Concurrent Relocate 30.528ms
[2026-06-26T17:56:10.674-0300][1277.385s][8748][8884 ][info][gc,alloc    ] GC(90) y:                         Mark Start        Mark End      Relocate Start    Relocate End   
[2026-06-26T17:56:10.674-0300][1277.385s][8748][8884 ][info][gc,alloc    ] GC(90) y: Allocation Stalls:          0                0                0                0         
[2026-06-26T17:56:10.674-0300][1277.385s][8748][8884 ][info][gc,load     ] GC(90) y: Load: 0.00 (0%) / 0.00 (0%) / 0.00 (0%)
[2026-06-26T17:56:10.674-0300][1277.385s][8748][8884 ][info][gc,mmu      ] GC(90) y: MMU: 2ms/44.2%, 5ms/77.7%, 10ms/88.8%, 20ms/94.4%, 50ms/94.8%, 100ms/97.4%
[2026-06-26T17:56:10.674-0300][1277.385s][8748][8884 ][info][gc,marking  ] GC(90) y: Mark: 1 stripe(s), 2 proactive flush(es), 1 terminate flush(es), 0 completion(s), 0 continuation(s) 
[2026-06-26T17:56:10.674-0300][1277.385s][8748][8884 ][info][gc,nmethod  ] GC(90) y: NMethods: 17606 registered, 4222 unregistered
[2026-06-26T17:56:10.674-0300][1277.385s][8748][8884 ][info][gc,metaspace] GC(90) y: Metaspace: 81M used, 84M committed, 1152M reserved
[2026-06-26T17:56:10.674-0300][1277.385s][8748][8884 ][info][gc,reloc    ] GC(90) y:                        Candidates     Selected     In-Place         Size        Empty    Relocated 
[2026-06-26T17:56:10.674-0300][1277.385s][8748][8884 ][info][gc,reloc    ] GC(90) y: Small Pages:                  489          111            0         978M         724M           3M 
[2026-06-26T17:56:10.674-0300][1277.385s][8748][8884 ][info][gc,reloc    ] GC(90) y: Medium Pages:                   0            0            0           0M           0M           0M 
[2026-06-26T17:56:10.674-0300][1277.385s][8748][8884 ][info][gc,reloc    ] GC(90) y: Large Pages:                    0            0            0           0M           0M           0M 
[2026-06-26T17:56:10.674-0300][1277.385s][8748][8884 ][info][gc,reloc    ] GC(90) y: Forwarding Usage: 2M
[2026-06-26T17:56:10.674-0300][1277.385s][8748][8884 ][info][gc,reloc    ] GC(90) y: Age Table:
[2026-06-26T17:56:10.674-0300][1277.385s][8748][8884 ][info][gc,reloc    ] GC(90) y:                    Live             Garbage             Small              Medium             Large        
[2026-06-26T17:56:10.674-0300][1277.385s][8748][8884 ][info][gc,reloc    ] GC(90) y: Eden               0M (0%)          933M (30%)        467 / 104            0 / 0              0 / 0        
[2026-06-26T17:56:10.674-0300][1277.385s][8748][8884 ][info][gc,reloc    ] GC(90) y: Survivor 1         5M (0%)            4M (0%)           5 / 2              0 / 0              0 / 0        
[2026-06-26T17:56:10.674-0300][1277.385s][8748][8884 ][info][gc,reloc    ] GC(90) y: Survivor 2         6M (0%)            3M (0%)           5 / 1              0 / 0              0 / 0        
[2026-06-26T17:56:10.674-0300][1277.385s][8748][8884 ][info][gc,reloc    ] GC(90) y: Survivor 3         2M (0%)            1M (0%)           2 / 1              0 / 0              0 / 0        
[2026-06-26T17:56:10.674-0300][1277.385s][8748][8884 ][info][gc,reloc    ] GC(90) y: Survivor 4        12M (0%)            7M (0%)          10 / 3              0 / 0              0 / 0        
[2026-06-26T17:56:10.674-0300][1277.385s][8748][8884 ][info][gc,heap     ] GC(90) y: Min Capacity: 8M(0%)
[2026-06-26T17:56:10.674-0300][1277.385s][8748][8884 ][info][gc,heap     ] GC(90) y: Max Capacity: 3072M(100%)
[2026-06-26T17:56:10.674-0300][1277.385s][8748][8884 ][info][gc,heap     ] GC(90) y: Soft Max Capacity: 3072M(100%)
[2026-06-26T17:56:10.674-0300][1277.385s][8748][8884 ][info][gc,heap     ] GC(90) y: Heap Statistics:
[2026-06-26T17:56:10.674-0300][1277.385s][8748][8884 ][info][gc,heap     ] GC(90) y:                Mark Start          Mark End        Relocate Start      Relocate End           High               Low         
[2026-06-26T17:56:10.674-0300][1277.385s][8748][8884 ][info][gc,heap     ] GC(90) y:  Capacity:     2928M (95%)        2928M (95%)        2928M (95%)        2928M (95%)        2928M (95%)        2928M (95%)    
[2026-06-26T17:56:10.674-0300][1277.385s][8748][8884 ][info][gc,heap     ] GC(90) y:      Free:      190M (6%)          166M (5%)          888M (29%)        1102M (36%)        1104M (36%)         166M (5%)     
[2026-06-26T17:56:10.674-0300][1277.385s][8748][8884 ][info][gc,heap     ] GC(90) y:      Used:     2882M (94%)        2906M (95%)        2184M (71%)        1970M (64%)        2906M (95%)        1968M (64%)    
[2026-06-26T17:56:10.674-0300][1277.385s][8748][8884 ][info][gc,heap     ] GC(90) y: Young Generation Statistics:
[2026-06-26T17:56:10.674-0300][1277.385s][8748][8884 ][info][gc,heap     ] GC(90) y:                Mark Start          Mark End        Relocate Start      Relocate End    
[2026-06-26T17:56:10.674-0300][1277.385s][8748][8884 ][info][gc,heap     ] GC(90) y:      Used:      978M (32%)        1002M (33%)         256M (8%)           32M (1%)     
[2026-06-26T17:56:10.674-0300][1277.385s][8748][8884 ][info][gc,heap     ] GC(90) y:      Live:         -                27M (1%)            6M (0%)            0M (0%)     
[2026-06-26T17:56:10.674-0300][1277.385s][8748][8884 ][info][gc,heap     ] GC(90) y:   Garbage:         -               950M (31%)         223M (7%)            0M (0%)     
[2026-06-26T17:56:10.674-0300][1277.385s][8748][8884 ][info][gc,heap     ] GC(90) y: Allocated:         -                24M (1%)           26M (1%)           31M (1%)     
[2026-06-26T17:56:10.674-0300][1277.386s][8748][8884 ][info][gc,heap     ] GC(90) y: Reclaimed:         -                  -               727M (24%)         950M (31%)    
[2026-06-26T17:56:10.674-0300][1277.386s][8748][8884 ][info][gc,heap     ] GC(90) y:  Promoted:         -                  -                20M (1%)           27M (1%)     
[2026-06-26T17:56:10.674-0300][1277.386s][8748][8884 ][info][gc,heap     ] GC(90) y: Compacted:         -                  -                  -                 0M (0%)     
[2026-06-26T17:56:10.674-0300][1277.386s][8748][8884 ][info][gc,phases   ] GC(90) y: Young Generation 2882M(94%)->1970M(64%) 0.136s
[2026-06-26T17:56:10.674-0300][1277.386s][8748][8884 ][info][gc          ] GC(90) Minor Collection (High Usage) 2882M(94%)->1970M(64%) 0.137s
[2026-06-26T17:56:31.408-0300][1298.119s][8748][8884 ][info][gc          ] GC(91) Minor Collection (High Usage)
[2026-06-26T17:56:31.408-0300][1298.119s][8748][8884 ][info][gc,task     ] GC(91) Using 1 Workers for Young Generation
[2026-06-26T17:56:31.408-0300][1298.119s][8748][8884 ][info][gc,phases   ] GC(91) y: Young Generation
[2026-06-26T17:56:31.408-0300][1298.119s][8748][16824][info][gc,phases   ] GC(91) y: Pause Mark Start 0.011ms
[2026-06-26T17:56:31.452-0300][1298.164s][8748][8884 ][info][gc,phases   ] GC(91) y: Concurrent Mark 44.975ms
[2026-06-26T17:56:31.452-0300][1298.164s][8748][16824][info][gc,phases   ] GC(91) y: Pause Mark End 0.012ms
[2026-06-26T17:56:31.452-0300][1298.164s][8748][8884 ][info][gc,phases   ] GC(91) y: Concurrent Mark Free 0.004ms
[2026-06-26T17:56:31.453-0300][1298.164s][8748][8884 ][info][gc,phases   ] GC(91) y: Concurrent Reset Relocation Set 0.141ms
[2026-06-26T17:56:31.453-0300][1298.165s][8748][8884 ][info][gc,reloc    ] GC(91) y: Using tenuring threshold: 2 (Computed)
[2026-06-26T17:56:31.453-0300][1298.165s][8748][8884 ][info][gc,phases   ] GC(91) y: Concurrent Select Relocation Set 0.463ms
[2026-06-26T17:56:31.453-0300][1298.165s][8748][16824][info][gc,phases   ] GC(91) y: Pause Relocate Start 0.004ms
[2026-06-26T17:56:31.454-0300][1298.166s][8748][8884 ][info][gc,phases   ] GC(91) y: Concurrent Relocate 1.223ms
[2026-06-26T17:56:31.454-0300][1298.166s][8748][8884 ][info][gc,alloc    ] GC(91) y:                         Mark Start        Mark End      Relocate Start    Relocate End   
[2026-06-26T17:56:31.454-0300][1298.166s][8748][8884 ][info][gc,alloc    ] GC(91) y: Allocation Stalls:          0                0                0                0         
[2026-06-26T17:56:31.454-0300][1298.166s][8748][8884 ][info][gc,load     ] GC(91) y: Load: 0.00 (0%) / 0.00 (0%) / 0.00 (0%)
[2026-06-26T17:56:31.454-0300][1298.166s][8748][8884 ][info][gc,mmu      ] GC(91) y: MMU: 2ms/44.2%, 5ms/77.7%, 10ms/88.8%, 20ms/94.4%, 50ms/94.8%, 100ms/97.4%
[2026-06-26T17:56:31.454-0300][1298.166s][8748][8884 ][info][gc,marking  ] GC(91) y: Mark: 1 stripe(s), 2 proactive flush(es), 1 terminate flush(es), 0 completion(s), 0 continuation(s) 
[2026-06-26T17:56:31.454-0300][1298.166s][8748][8884 ][info][gc,nmethod  ] GC(91) y: NMethods: 17610 registered, 4222 unregistered
[2026-06-26T17:56:31.454-0300][1298.166s][8748][8884 ][info][gc,metaspace] GC(91) y: Metaspace: 81M used, 84M committed, 1152M reserved
[2026-06-26T17:56:31.454-0300][1298.166s][8748][8884 ][info][gc,reloc    ] GC(91) y:                        Candidates     Selected     In-Place         Size        Empty    Relocated 
[2026-06-26T17:56:31.454-0300][1298.166s][8748][8884 ][info][gc,reloc    ] GC(91) y: Small Pages:                  472          108            0         944M         726M           0M 
[2026-06-26T17:56:31.454-0300][1298.166s][8748][8884 ][info][gc,reloc    ] GC(91) y: Medium Pages:                   0            0            0           0M           0M           0M 
[2026-06-26T17:56:31.454-0300][1298.166s][8748][8884 ][info][gc,reloc    ] GC(91) y: Large Pages:                    0            0            0           0M           0M           0M 
[2026-06-26T17:56:31.455-0300][1298.166s][8748][8884 ][info][gc,reloc    ] GC(91) y: Forwarding Usage: 0M
[2026-06-26T17:56:31.455-0300][1298.166s][8748][8884 ][info][gc,reloc    ] GC(91) y: Age Table:
[2026-06-26T17:56:31.455-0300][1298.166s][8748][8884 ][info][gc,reloc    ] GC(91) y:                    Live             Garbage             Small              Medium             Large        
[2026-06-26T17:56:31.455-0300][1298.166s][8748][8884 ][info][gc,reloc    ] GC(91) y: Eden               0M (0%)          939M (31%)        470 / 107            0 / 0              0 / 0        
[2026-06-26T17:56:31.455-0300][1298.166s][8748][8884 ][info][gc,reloc    ] GC(91) y: Survivor 1         0M (0%)            3M (0%)           2 / 1              0 / 0              0 / 0        
[2026-06-26T17:56:31.455-0300][1298.166s][8748][8884 ][info][gc,heap     ] GC(91) y: Min Capacity: 8M(0%)
[2026-06-26T17:56:31.455-0300][1298.166s][8748][8884 ][info][gc,heap     ] GC(91) y: Max Capacity: 3072M(100%)
[2026-06-26T17:56:31.455-0300][1298.166s][8748][8884 ][info][gc,heap     ] GC(91) y: Soft Max Capacity: 3072M(100%)
[2026-06-26T17:56:31.455-0300][1298.166s][8748][8884 ][info][gc,heap     ] GC(91) y: Heap Statistics:
[2026-06-26T17:56:31.455-0300][1298.166s][8748][8884 ][info][gc,heap     ] GC(91) y:                Mark Start          Mark End        Relocate Start      Relocate End           High               Low         
[2026-06-26T17:56:31.455-0300][1298.166s][8748][8884 ][info][gc,heap     ] GC(91) y:  Capacity:     2928M (95%)        2928M (95%)        2928M (95%)        2928M (95%)        2928M (95%)        2928M (95%)    
[2026-06-26T17:56:31.455-0300][1298.166s][8748][8884 ][info][gc,heap     ] GC(91) y:      Free:      190M (6%)          176M (6%)          902M (29%)        1116M (36%)        1116M (36%)         176M (6%)     
[2026-06-26T17:56:31.455-0300][1298.166s][8748][8884 ][info][gc,heap     ] GC(91) y:      Used:     2882M (94%)        2896M (94%)        2170M (71%)        1956M (64%)        2896M (94%)        1956M (64%)    
[2026-06-26T17:56:31.455-0300][1298.166s][8748][8884 ][info][gc,heap     ] GC(91) y: Young Generation Statistics:
[2026-06-26T17:56:31.455-0300][1298.166s][8748][8884 ][info][gc,heap     ] GC(91) y:                Mark Start          Mark End        Relocate Start      Relocate End    
[2026-06-26T17:56:31.455-0300][1298.166s][8748][8884 ][info][gc,heap     ] GC(91) y:      Used:      944M (31%)         958M (31%)         232M (8%)           18M (1%)     
[2026-06-26T17:56:31.455-0300][1298.166s][8748][8884 ][info][gc,heap     ] GC(91) y:      Live:         -                 0M (0%)            0M (0%)            0M (0%)     
[2026-06-26T17:56:31.455-0300][1298.166s][8748][8884 ][info][gc,heap     ] GC(91) y:   Garbage:         -               943M (31%)         217M (7%)            0M (0%)     
[2026-06-26T17:56:31.455-0300][1298.166s][8748][8884 ][info][gc,heap     ] GC(91) y: Allocated:         -                14M (0%)           14M (0%)           17M (1%)     
[2026-06-26T17:56:31.455-0300][1298.166s][8748][8884 ][info][gc,heap     ] GC(91) y: Reclaimed:         -                  -               726M (24%)         943M (31%)    
[2026-06-26T17:56:31.455-0300][1298.166s][8748][8884 ][info][gc,heap     ] GC(91) y:  Promoted:         -                  -                 0M (0%)            0M (0%)     
[2026-06-26T17:56:31.455-0300][1298.166s][8748][8884 ][info][gc,heap     ] GC(91) y: Compacted:         -                  -                  -                 0M (0%)     
[2026-06-26T17:56:31.455-0300][1298.166s][8748][8884 ][info][gc,phases   ] GC(91) y: Young Generation 2882M(94%)->1956M(64%) 0.047s
[2026-06-26T17:56:31.455-0300][1298.166s][8748][8884 ][info][gc          ] GC(91) Minor Collection (High Usage) 2882M(94%)->1956M(64%) 0.048s
[2026-06-26T17:56:52.163-0300][1318.874s][8748][8884 ][info][gc          ] GC(92) Minor Collection (High Usage)
[2026-06-26T17:56:52.163-0300][1318.874s][8748][8884 ][info][gc,task     ] GC(92) Using 1 Workers for Young Generation
[2026-06-26T17:56:52.163-0300][1318.874s][8748][8884 ][info][gc,phases   ] GC(92) y: Young Generation
[2026-06-26T17:56:52.163-0300][1318.874s][8748][16824][info][gc,phases   ] GC(92) y: Pause Mark Start 0.010ms
[2026-06-26T17:56:52.197-0300][1318.909s][8748][8884 ][info][gc,phases   ] GC(92) y: Concurrent Mark 34.472ms
[2026-06-26T17:56:52.197-0300][1318.909s][8748][16824][info][gc,phases   ] GC(92) y: Pause Mark End 0.013ms
[2026-06-26T17:56:52.197-0300][1318.909s][8748][8884 ][info][gc,phases   ] GC(92) y: Concurrent Mark Free 0.004ms
[2026-06-26T17:56:52.197-0300][1318.909s][8748][8884 ][info][gc,phases   ] GC(92) y: Concurrent Reset Relocation Set 0.005ms
[2026-06-26T17:56:52.198-0300][1318.909s][8748][8884 ][info][gc,reloc    ] GC(92) y: Using tenuring threshold: 3 (Computed)
[2026-06-26T17:56:52.198-0300][1318.909s][8748][8884 ][info][gc,phases   ] GC(92) y: Concurrent Select Relocation Set 0.522ms
[2026-06-26T17:56:52.198-0300][1318.909s][8748][16824][info][gc,phases   ] GC(92) y: Pause Relocate Start 0.005ms
[2026-06-26T17:56:52.200-0300][1318.911s][8748][8884 ][info][gc,phases   ] GC(92) y: Concurrent Relocate 1.635ms
[2026-06-26T17:56:52.200-0300][1318.911s][8748][8884 ][info][gc,alloc    ] GC(92) y:                         Mark Start        Mark End      Relocate Start    Relocate End   
[2026-06-26T17:56:52.200-0300][1318.911s][8748][8884 ][info][gc,alloc    ] GC(92) y: Allocation Stalls:          0                0                0                0         
[2026-06-26T17:56:52.200-0300][1318.911s][8748][8884 ][info][gc,load     ] GC(92) y: Load: 0.00 (0%) / 0.00 (0%) / 0.00 (0%)
[2026-06-26T17:56:52.200-0300][1318.911s][8748][8884 ][info][gc,mmu      ] GC(92) y: MMU: 2ms/44.2%, 5ms/77.7%, 10ms/88.8%, 20ms/94.4%, 50ms/94.8%, 100ms/97.4%
[2026-06-26T17:56:52.200-0300][1318.911s][8748][8884 ][info][gc,marking  ] GC(92) y: Mark: 1 stripe(s), 2 proactive flush(es), 1 terminate flush(es), 0 completion(s), 0 continuation(s) 
[2026-06-26T17:56:52.200-0300][1318.911s][8748][8884 ][info][gc,nmethod  ] GC(92) y: NMethods: 17635 registered, 4222 unregistered
[2026-06-26T17:56:52.200-0300][1318.911s][8748][8884 ][info][gc,metaspace] GC(92) y: Metaspace: 81M used, 84M committed, 1152M reserved
[2026-06-26T17:56:52.200-0300][1318.911s][8748][8884 ][info][gc,reloc    ] GC(92) y:                        Candidates     Selected     In-Place         Size        Empty    Relocated 
[2026-06-26T17:56:52.200-0300][1318.911s][8748][8884 ][info][gc,reloc    ] GC(92) y: Small Pages:                  472          123            0         944M         696M           0M 
[2026-06-26T17:56:52.200-0300][1318.911s][8748][8884 ][info][gc,reloc    ] GC(92) y: Medium Pages:                   0            0            0           0M           0M           0M 
[2026-06-26T17:56:52.200-0300][1318.911s][8748][8884 ][info][gc,reloc    ] GC(92) y: Large Pages:                    0            0            0           0M           0M           0M 
[2026-06-26T17:56:52.200-0300][1318.911s][8748][8884 ][info][gc,reloc    ] GC(92) y: Forwarding Usage: 0M
[2026-06-26T17:56:52.200-0300][1318.911s][8748][8884 ][info][gc,reloc    ] GC(92) y: Age Table:
[2026-06-26T17:56:52.200-0300][1318.911s][8748][8884 ][info][gc,reloc    ] GC(92) y:                    Live             Garbage             Small              Medium             Large        
[2026-06-26T17:56:52.200-0300][1318.911s][8748][8884 ][info][gc,reloc    ] GC(92) y: Eden               0M (0%)          939M (31%)        470 / 121            0 / 0              0 / 0        
[2026-06-26T17:56:52.200-0300][1318.911s][8748][8884 ][info][gc,reloc    ] GC(92) y: Survivor 1         0M (0%)            1M (0%)           1 / 1              0 / 0              0 / 0        
[2026-06-26T17:56:52.200-0300][1318.911s][8748][8884 ][info][gc,reloc    ] GC(92) y: Survivor 2         0M (0%)            1M (0%)           1 / 1              0 / 0              0 / 0        
[2026-06-26T17:56:52.200-0300][1318.911s][8748][8884 ][info][gc,heap     ] GC(92) y: Min Capacity: 8M(0%)
[2026-06-26T17:56:52.200-0300][1318.911s][8748][8884 ][info][gc,heap     ] GC(92) y: Max Capacity: 3072M(100%)
[2026-06-26T17:56:52.200-0300][1318.911s][8748][8884 ][info][gc,heap     ] GC(92) y: Soft Max Capacity: 3072M(100%)
[2026-06-26T17:56:52.200-0300][1318.911s][8748][8884 ][info][gc,heap     ] GC(92) y: Heap Statistics:
[2026-06-26T17:56:52.200-0300][1318.911s][8748][8884 ][info][gc,heap     ] GC(92) y:                Mark Start          Mark End        Relocate Start      Relocate End           High               Low         
[2026-06-26T17:56:52.200-0300][1318.911s][8748][8884 ][info][gc,heap     ] GC(92) y:  Capacity:     2928M (95%)        2928M (95%)        2928M (95%)        2928M (95%)        2928M (95%)        2928M (95%)    
[2026-06-26T17:56:52.200-0300][1318.911s][8748][8884 ][info][gc,heap     ] GC(92) y:      Free:      190M (6%)          182M (6%)          878M (29%)        1114M (36%)        1114M (36%)         182M (6%)     
[2026-06-26T17:56:52.200-0300][1318.911s][8748][8884 ][info][gc,heap     ] GC(92) y:      Used:     2882M (94%)        2890M (94%)        2194M (71%)        1958M (64%)        2890M (94%)        1958M (64%)    
[2026-06-26T17:56:52.200-0300][1318.911s][8748][8884 ][info][gc,heap     ] GC(92) y: Young Generation Statistics:
[2026-06-26T17:56:52.200-0300][1318.911s][8748][8884 ][info][gc,heap     ] GC(92) y:                Mark Start          Mark End        Relocate Start      Relocate End    
[2026-06-26T17:56:52.200-0300][1318.911s][8748][8884 ][info][gc,heap     ] GC(92) y:      Used:      944M (31%)         952M (31%)         256M (8%)           20M (1%)     
[2026-06-26T17:56:52.200-0300][1318.911s][8748][8884 ][info][gc,heap     ] GC(92) y:      Live:         -                 0M (0%)            0M (0%)            0M (0%)     
[2026-06-26T17:56:52.200-0300][1318.911s][8748][8884 ][info][gc,heap     ] GC(92) y:   Garbage:         -               943M (31%)         247M (8%)            0M (0%)     
[2026-06-26T17:56:52.200-0300][1318.911s][8748][8884 ][info][gc,heap     ] GC(92) y: Allocated:         -                 8M (0%)            8M (0%)           19M (1%)     
[2026-06-26T17:56:52.200-0300][1318.911s][8748][8884 ][info][gc,heap     ] GC(92) y: Reclaimed:         -                  -               696M (23%)         943M (31%)    
[2026-06-26T17:56:52.200-0300][1318.911s][8748][8884 ][info][gc,heap     ] GC(92) y:  Promoted:         -                  -                 0M (0%)            0M (0%)     
[2026-06-26T17:56:52.200-0300][1318.911s][8748][8884 ][info][gc,heap     ] GC(92) y: Compacted:         -                  -                  -                 0M (0%)     
[2026-06-26T17:56:52.200-0300][1318.911s][8748][8884 ][info][gc,phases   ] GC(92) y: Young Generation 2882M(94%)->1958M(64%) 0.037s
[2026-06-26T17:56:52.200-0300][1318.912s][8748][8884 ][info][gc          ] GC(92) Minor Collection (High Usage) 2882M(94%)->1958M(64%) 0.038s
[2026-06-26T17:57:09.697-0300][1336.408s][8748][8884 ][info][gc          ] GC(93) Minor Collection (High Usage)
[2026-06-26T17:57:09.697-0300][1336.408s][8748][8884 ][info][gc,task     ] GC(93) Using 1 Workers for Young Generation
[2026-06-26T17:57:09.697-0300][1336.408s][8748][8884 ][info][gc,phases   ] GC(93) y: Young Generation
[2026-06-26T17:57:09.697-0300][1336.408s][8748][16824][info][gc,phases   ] GC(93) y: Pause Mark Start 0.009ms
[2026-06-26T17:57:09.727-0300][1336.438s][8748][8884 ][info][gc,phases   ] GC(93) y: Concurrent Mark 30.491ms
[2026-06-26T17:57:09.727-0300][1336.439s][8748][16824][info][gc,phases   ] GC(93) y: Pause Mark End 0.014ms
[2026-06-26T17:57:09.727-0300][1336.439s][8748][8884 ][info][gc,phases   ] GC(93) y: Concurrent Mark Free 0.003ms
[2026-06-26T17:57:09.727-0300][1336.439s][8748][8884 ][info][gc,phases   ] GC(93) y: Concurrent Reset Relocation Set 0.006ms
[2026-06-26T17:57:09.728-0300][1336.439s][8748][8884 ][info][gc,reloc    ] GC(93) y: Using tenuring threshold: 4 (Computed)
[2026-06-26T17:57:09.728-0300][1336.439s][8748][8884 ][info][gc,phases   ] GC(93) y: Concurrent Select Relocation Set 0.562ms
[2026-06-26T17:57:09.728-0300][1336.439s][8748][16824][info][gc,phases   ] GC(93) y: Pause Relocate Start 0.008ms
[2026-06-26T17:57:09.730-0300][1336.441s][8748][8884 ][info][gc,phases   ] GC(93) y: Concurrent Relocate 1.607ms
[2026-06-26T17:57:09.730-0300][1336.441s][8748][8884 ][info][gc,alloc    ] GC(93) y:                         Mark Start        Mark End      Relocate Start    Relocate End   
[2026-06-26T17:57:09.730-0300][1336.441s][8748][8884 ][info][gc,alloc    ] GC(93) y: Allocation Stalls:          0                0                0                0         
[2026-06-26T17:57:09.730-0300][1336.441s][8748][8884 ][info][gc,load     ] GC(93) y: Load: 0.00 (0%) / 0.00 (0%) / 0.00 (0%)
[2026-06-26T17:57:09.730-0300][1336.441s][8748][8884 ][info][gc,mmu      ] GC(93) y: MMU: 2ms/44.2%, 5ms/77.7%, 10ms/88.8%, 20ms/94.4%, 50ms/94.8%, 100ms/97.4%
[2026-06-26T17:57:09.730-0300][1336.441s][8748][8884 ][info][gc,marking  ] GC(93) y: Mark: 1 stripe(s), 2 proactive flush(es), 1 terminate flush(es), 0 completion(s), 0 continuation(s) 
[2026-06-26T17:57:09.730-0300][1336.441s][8748][8884 ][info][gc,nmethod  ] GC(93) y: NMethods: 17650 registered, 4222 unregistered
[2026-06-26T17:57:09.730-0300][1336.441s][8748][8884 ][info][gc,metaspace] GC(93) y: Metaspace: 81M used, 84M committed, 1152M reserved
[2026-06-26T17:57:09.730-0300][1336.441s][8748][8884 ][info][gc,reloc    ] GC(93) y:                        Candidates     Selected     In-Place         Size        Empty    Relocated 
[2026-06-26T17:57:09.730-0300][1336.441s][8748][8884 ][info][gc,reloc    ] GC(93) y: Small Pages:                  472           93            0         944M         756M           0M 
[2026-06-26T17:57:09.730-0300][1336.441s][8748][8884 ][info][gc,reloc    ] GC(93) y: Medium Pages:                   0            0            0           0M           0M           0M 
[2026-06-26T17:57:09.730-0300][1336.441s][8748][8884 ][info][gc,reloc    ] GC(93) y: Large Pages:                    0            0            0           0M           0M           0M 
[2026-06-26T17:57:09.730-0300][1336.441s][8748][8884 ][info][gc,reloc    ] GC(93) y: Forwarding Usage: 0M
[2026-06-26T17:57:09.730-0300][1336.441s][8748][8884 ][info][gc,reloc    ] GC(93) y: Age Table:
[2026-06-26T17:57:09.730-0300][1336.441s][8748][8884 ][info][gc,reloc    ] GC(93) y:                    Live             Garbage             Small              Medium             Large        
[2026-06-26T17:57:09.730-0300][1336.441s][8748][8884 ][info][gc,reloc    ] GC(93) y: Eden               0M (0%)          931M (30%)        466 / 87             0 / 0              0 / 0        
[2026-06-26T17:57:09.730-0300][1336.441s][8748][8884 ][info][gc,reloc    ] GC(93) y: Survivor 1         0M (0%)            3M (0%)           2 / 2              0 / 0              0 / 0        
[2026-06-26T17:57:09.730-0300][1336.441s][8748][8884 ][info][gc,reloc    ] GC(93) y: Survivor 2         0M (0%)            5M (0%)           3 / 3              0 / 0              0 / 0        
[2026-06-26T17:57:09.730-0300][1336.441s][8748][8884 ][info][gc,reloc    ] GC(93) y: Survivor 3         0M (0%)            1M (0%)           1 / 1              0 / 0              0 / 0        
[2026-06-26T17:57:09.730-0300][1336.441s][8748][8884 ][info][gc,heap     ] GC(93) y: Min Capacity: 8M(0%)
[2026-06-26T17:57:09.730-0300][1336.441s][8748][8884 ][info][gc,heap     ] GC(93) y: Max Capacity: 3072M(100%)
[2026-06-26T17:57:09.730-0300][1336.441s][8748][8884 ][info][gc,heap     ] GC(93) y: Soft Max Capacity: 3072M(100%)
[2026-06-26T17:57:09.730-0300][1336.441s][8748][8884 ][info][gc,heap     ] GC(93) y: Heap Statistics:
[2026-06-26T17:57:09.730-0300][1336.441s][8748][8884 ][info][gc,heap     ] GC(93) y:                Mark Start          Mark End        Relocate Start      Relocate End           High               Low         
[2026-06-26T17:57:09.730-0300][1336.441s][8748][8884 ][info][gc,heap     ] GC(93) y:  Capacity:     2928M (95%)        2928M (95%)        2928M (95%)        2928M (95%)        2928M (95%)        2928M (95%)    
[2026-06-26T17:57:09.730-0300][1336.441s][8748][8884 ][info][gc,heap     ] GC(93) y:      Free:      190M (6%)          182M (6%)          936M (30%)        1108M (36%)        1108M (36%)         182M (6%)     
[2026-06-26T17:57:09.730-0300][1336.441s][8748][8884 ][info][gc,heap     ] GC(93) y:      Used:     2882M (94%)        2890M (94%)        2136M (70%)        1964M (64%)        2890M (94%)        1964M (64%)    
[2026-06-26T17:57:09.730-0300][1336.441s][8748][8884 ][info][gc,heap     ] GC(93) y: Young Generation Statistics:
[2026-06-26T17:57:09.730-0300][1336.441s][8748][8884 ][info][gc,heap     ] GC(93) y:                Mark Start          Mark End        Relocate Start      Relocate End    
[2026-06-26T17:57:09.730-0300][1336.441s][8748][8884 ][info][gc,heap     ] GC(93) y:      Used:      944M (31%)         952M (31%)         198M (6%)           26M (1%)     
[2026-06-26T17:57:09.730-0300][1336.441s][8748][8884 ][info][gc,heap     ] GC(93) y:      Live:         -                 0M (0%)            0M (0%)            0M (0%)     
[2026-06-26T17:57:09.730-0300][1336.441s][8748][8884 ][info][gc,heap     ] GC(93) y:   Garbage:         -               943M (31%)         187M (6%)            0M (0%)     
[2026-06-26T17:57:09.730-0300][1336.441s][8748][8884 ][info][gc,heap     ] GC(93) y: Allocated:         -                 8M (0%)           10M (0%)           25M (1%)     
[2026-06-26T17:57:09.730-0300][1336.441s][8748][8884 ][info][gc,heap     ] GC(93) y: Reclaimed:         -                  -               756M (25%)         943M (31%)    
[2026-06-26T17:57:09.730-0300][1336.441s][8748][8884 ][info][gc,heap     ] GC(93) y:  Promoted:         -                  -                 0M (0%)            0M (0%)     
[2026-06-26T17:57:09.730-0300][1336.441s][8748][8884 ][info][gc,heap     ] GC(93) y: Compacted:         -                  -                  -                 0M (0%)     
[2026-06-26T17:57:09.730-0300][1336.441s][8748][8884 ][info][gc,phases   ] GC(93) y: Young Generation 2882M(94%)->1964M(64%) 0.033s
[2026-06-26T17:57:09.730-0300][1336.441s][8748][8884 ][info][gc          ] GC(93) Minor Collection (High Usage) 2882M(94%)->1964M(64%) 0.034s
[2026-06-26T17:57:29.838-0300][1356.549s][8748][8884 ][info][gc          ] GC(94) Minor Collection (High Usage)
[2026-06-26T17:57:29.838-0300][1356.549s][8748][8884 ][info][gc,task     ] GC(94) Using 1 Workers for Young Generation
[2026-06-26T17:57:29.838-0300][1356.549s][8748][8884 ][info][gc,phases   ] GC(94) y: Young Generation
[2026-06-26T17:57:29.838-0300][1356.549s][8748][16824][info][gc,phases   ] GC(94) y: Pause Mark Start 0.009ms
[2026-06-26T17:57:29.902-0300][1356.614s][8748][8884 ][info][gc,phases   ] GC(94) y: Concurrent Mark 64.344ms
[2026-06-26T17:57:29.903-0300][1356.614s][8748][16824][info][gc,phases   ] GC(94) y: Pause Mark End 0.017ms
[2026-06-26T17:57:29.903-0300][1356.614s][8748][8884 ][info][gc,phases   ] GC(94) y: Concurrent Mark Free 0.001ms
[2026-06-26T17:57:29.903-0300][1356.614s][8748][8884 ][info][gc,phases   ] GC(94) y: Concurrent Reset Relocation Set 0.005ms
[2026-06-26T17:57:29.903-0300][1356.614s][8748][8884 ][info][gc,reloc    ] GC(94) y: Using tenuring threshold: 5 (Computed)
[2026-06-26T17:57:29.903-0300][1356.614s][8748][8884 ][info][gc,phases   ] GC(94) y: Concurrent Select Relocation Set 0.614ms
[2026-06-26T17:57:29.903-0300][1356.615s][8748][16824][info][gc,phases   ] GC(94) y: Pause Relocate Start 0.005ms
[2026-06-26T17:57:29.908-0300][1356.619s][8748][8884 ][info][gc,phases   ] GC(94) y: Concurrent Relocate 4.796ms
[2026-06-26T17:57:29.908-0300][1356.619s][8748][8884 ][info][gc,alloc    ] GC(94) y:                         Mark Start        Mark End      Relocate Start    Relocate End   
[2026-06-26T17:57:29.908-0300][1356.619s][8748][8884 ][info][gc,alloc    ] GC(94) y: Allocation Stalls:          0                0                0                0         
[2026-06-26T17:57:29.908-0300][1356.619s][8748][8884 ][info][gc,load     ] GC(94) y: Load: 0.00 (0%) / 0.00 (0%) / 0.00 (0%)
[2026-06-26T17:57:29.908-0300][1356.619s][8748][8884 ][info][gc,mmu      ] GC(94) y: MMU: 2ms/44.2%, 5ms/77.7%, 10ms/88.8%, 20ms/94.4%, 50ms/94.8%, 100ms/97.4%
[2026-06-26T17:57:29.908-0300][1356.619s][8748][8884 ][info][gc,marking  ] GC(94) y: Mark: 1 stripe(s), 2 proactive flush(es), 1 terminate flush(es), 0 completion(s), 0 continuation(s) 
[2026-06-26T17:57:29.908-0300][1356.619s][8748][8884 ][info][gc,nmethod  ] GC(94) y: NMethods: 17664 registered, 4222 unregistered
[2026-06-26T17:57:29.908-0300][1356.619s][8748][8884 ][info][gc,metaspace] GC(94) y: Metaspace: 81M used, 84M committed, 1152M reserved
[2026-06-26T17:57:29.908-0300][1356.619s][8748][8884 ][info][gc,reloc    ] GC(94) y:                        Candidates     Selected     In-Place         Size        Empty    Relocated 
[2026-06-26T17:57:29.908-0300][1356.619s][8748][8884 ][info][gc,reloc    ] GC(94) y: Small Pages:                  472          125            0         944M         688M           3M 
[2026-06-26T17:57:29.908-0300][1356.620s][8748][8884 ][info][gc,reloc    ] GC(94) y: Medium Pages:                   0            0            0           0M           0M           0M 
[2026-06-26T17:57:29.908-0300][1356.620s][8748][8884 ][info][gc,reloc    ] GC(94) y: Large Pages:                    0            0            0           0M           0M           0M 
[2026-06-26T17:57:29.908-0300][1356.620s][8748][8884 ][info][gc,reloc    ] GC(94) y: Forwarding Usage: 1M
[2026-06-26T17:57:29.908-0300][1356.620s][8748][8884 ][info][gc,reloc    ] GC(94) y: Age Table:
[2026-06-26T17:57:29.908-0300][1356.620s][8748][8884 ][info][gc,reloc    ] GC(94) y:                    Live             Garbage             Small              Medium             Large        
[2026-06-26T17:57:29.908-0300][1356.620s][8748][8884 ][info][gc,reloc    ] GC(94) y: Eden               4M (0%)          923M (30%)        464 / 119            0 / 0              0 / 0        
[2026-06-26T17:57:29.908-0300][1356.620s][8748][8884 ][info][gc,reloc    ] GC(94) y: Survivor 1         0M (0%)            3M (0%)           2 / 1              0 / 0              0 / 0        
[2026-06-26T17:57:29.908-0300][1356.620s][8748][8884 ][info][gc,reloc    ] GC(94) y: Survivor 2         0M (0%)            5M (0%)           3 / 2              0 / 0              0 / 0        
[2026-06-26T17:57:29.908-0300][1356.620s][8748][8884 ][info][gc,reloc    ] GC(94) y: Survivor 3         0M (0%)            3M (0%)           2 / 2              0 / 0              0 / 0        
[2026-06-26T17:57:29.908-0300][1356.620s][8748][8884 ][info][gc,reloc    ] GC(94) y: Survivor 4         0M (0%)            1M (0%)           1 / 1              0 / 0              0 / 0        
[2026-06-26T17:57:29.908-0300][1356.620s][8748][8884 ][info][gc,heap     ] GC(94) y: Min Capacity: 8M(0%)
[2026-06-26T17:57:29.908-0300][1356.620s][8748][8884 ][info][gc,heap     ] GC(94) y: Max Capacity: 3072M(100%)
[2026-06-26T17:57:29.908-0300][1356.620s][8748][8884 ][info][gc,heap     ] GC(94) y: Soft Max Capacity: 3072M(100%)
[2026-06-26T17:57:29.908-0300][1356.620s][8748][8884 ][info][gc,heap     ] GC(94) y: Heap Statistics:
[2026-06-26T17:57:29.908-0300][1356.620s][8748][8884 ][info][gc,heap     ] GC(94) y:                Mark Start          Mark End        Relocate Start      Relocate End           High               Low         
[2026-06-26T17:57:29.908-0300][1356.620s][8748][8884 ][info][gc,heap     ] GC(94) y:  Capacity:     2928M (95%)        2928M (95%)        2928M (95%)        2928M (95%)        2928M (95%)        2928M (95%)    
[2026-06-26T17:57:29.908-0300][1356.620s][8748][8884 ][info][gc,heap     ] GC(94) y:      Free:      190M (6%)          174M (6%)          862M (28%)        1096M (36%)        1096M (36%)         174M (6%)     
[2026-06-26T17:57:29.908-0300][1356.620s][8748][8884 ][info][gc,heap     ] GC(94) y:      Used:     2882M (94%)        2898M (94%)        2210M (72%)        1976M (64%)        2898M (94%)        1976M (64%)    
[2026-06-26T17:57:29.908-0300][1356.620s][8748][8884 ][info][gc,heap     ] GC(94) y: Young Generation Statistics:
[2026-06-26T17:57:29.908-0300][1356.620s][8748][8884 ][info][gc,heap     ] GC(94) y:                Mark Start          Mark End        Relocate Start      Relocate End    
[2026-06-26T17:57:29.908-0300][1356.620s][8748][8884 ][info][gc,heap     ] GC(94) y:      Used:      944M (31%)         960M (31%)         272M (9%)           38M (1%)     
[2026-06-26T17:57:29.908-0300][1356.620s][8748][8884 ][info][gc,heap     ] GC(94) y:      Live:         -                 4M (0%)            4M (0%)            4M (0%)     
[2026-06-26T17:57:29.908-0300][1356.620s][8748][8884 ][info][gc,heap     ] GC(94) y:   Garbage:         -               939M (31%)         251M (8%)            0M (0%)     
[2026-06-26T17:57:29.908-0300][1356.620s][8748][8884 ][info][gc,heap     ] GC(94) y: Allocated:         -                16M (1%)           16M (1%)           33M (1%)     
[2026-06-26T17:57:29.908-0300][1356.620s][8748][8884 ][info][gc,heap     ] GC(94) y: Reclaimed:         -                  -               688M (22%)         939M (31%)    
[2026-06-26T17:57:29.908-0300][1356.620s][8748][8884 ][info][gc,heap     ] GC(94) y:  Promoted:         -                  -                 0M (0%)            0M (0%)     
[2026-06-26T17:57:29.908-0300][1356.620s][8748][8884 ][info][gc,heap     ] GC(94) y: Compacted:         -                  -                  -                 4M (0%)     
[2026-06-26T17:57:29.908-0300][1356.620s][8748][8884 ][info][gc,phases   ] GC(94) y: Young Generation 2882M(94%)->1976M(64%) 0.070s
[2026-06-26T17:57:29.908-0300][1356.620s][8748][8884 ][info][gc          ] GC(94) Minor Collection (High Usage) 2882M(94%)->1976M(64%) 0.071s
[2026-06-26T17:57:51.515-0300][1378.226s][8748][8884 ][info][gc          ] GC(95) Minor Collection (High Usage)
[2026-06-26T17:57:51.515-0300][1378.226s][8748][8884 ][info][gc,task     ] GC(95) Using 1 Workers for Young Generation
[2026-06-26T17:57:51.515-0300][1378.226s][8748][8884 ][info][gc,phases   ] GC(95) y: Young Generation
[2026-06-26T17:57:51.515-0300][1378.226s][8748][16824][info][gc,phases   ] GC(95) y: Pause Mark Start 0.009ms
[2026-06-26T17:57:51.565-0300][1378.276s][8748][8884 ][info][gc,phases   ] GC(95) y: Concurrent Mark 50.079ms
[2026-06-26T17:57:51.565-0300][1378.276s][8748][16824][info][gc,phases   ] GC(95) y: Pause Mark End 0.012ms
[2026-06-26T17:57:51.565-0300][1378.276s][8748][8884 ][info][gc,phases   ] GC(95) y: Concurrent Mark Free 0.000ms
[2026-06-26T17:57:51.565-0300][1378.276s][8748][8884 ][info][gc,phases   ] GC(95) y: Concurrent Reset Relocation Set 0.005ms
[2026-06-26T17:57:51.565-0300][1378.277s][8748][8884 ][info][gc,reloc    ] GC(95) y: Using tenuring threshold: 2 (Computed)
[2026-06-26T17:57:51.566-0300][1378.277s][8748][8884 ][info][gc,phases   ] GC(95) y: Concurrent Select Relocation Set 0.503ms
[2026-06-26T17:57:51.566-0300][1378.277s][8748][16824][info][gc,phases   ] GC(95) y: Pause Relocate Start 0.005ms
[2026-06-26T17:57:51.567-0300][1378.278s][8748][8884 ][info][gc,phases   ] GC(95) y: Concurrent Relocate 1.506ms
[2026-06-26T17:57:51.567-0300][1378.279s][8748][8884 ][info][gc,alloc    ] GC(95) y:                         Mark Start        Mark End      Relocate Start    Relocate End   
[2026-06-26T17:57:51.567-0300][1378.279s][8748][8884 ][info][gc,alloc    ] GC(95) y: Allocation Stalls:          0                0                0                0         
[2026-06-26T17:57:51.567-0300][1378.279s][8748][8884 ][info][gc,load     ] GC(95) y: Load: 0.00 (0%) / 0.00 (0%) / 0.00 (0%)
[2026-06-26T17:57:51.567-0300][1378.279s][8748][8884 ][info][gc,mmu      ] GC(95) y: MMU: 2ms/44.2%, 5ms/77.7%, 10ms/88.8%, 20ms/94.4%, 50ms/94.8%, 100ms/97.4%
[2026-06-26T17:57:51.567-0300][1378.279s][8748][8884 ][info][gc,marking  ] GC(95) y: Mark: 1 stripe(s), 2 proactive flush(es), 1 terminate flush(es), 0 completion(s), 0 continuation(s) 
[2026-06-26T17:57:51.567-0300][1378.279s][8748][8884 ][info][gc,nmethod  ] GC(95) y: NMethods: 17697 registered, 4222 unregistered
[2026-06-26T17:57:51.567-0300][1378.279s][8748][8884 ][info][gc,metaspace] GC(95) y: Metaspace: 81M used, 84M committed, 1152M reserved
[2026-06-26T17:57:51.567-0300][1378.279s][8748][8884 ][info][gc,reloc    ] GC(95) y:                        Candidates     Selected     In-Place         Size        Empty    Relocated 
[2026-06-26T17:57:51.567-0300][1378.279s][8748][8884 ][info][gc,reloc    ] GC(95) y: Small Pages:                  472          126            0         944M         686M           0M 
[2026-06-26T17:57:51.567-0300][1378.279s][8748][8884 ][info][gc,reloc    ] GC(95) y: Medium Pages:                   0            0            0           0M           0M           0M 
[2026-06-26T17:57:51.567-0300][1378.279s][8748][8884 ][info][gc,reloc    ] GC(95) y: Large Pages:                    0            0            0           0M           0M           0M 
[2026-06-26T17:57:51.567-0300][1378.279s][8748][8884 ][info][gc,reloc    ] GC(95) y: Forwarding Usage: 0M
[2026-06-26T17:57:51.567-0300][1378.279s][8748][8884 ][info][gc,reloc    ] GC(95) y: Age Table:
[2026-06-26T17:57:51.568-0300][1378.279s][8748][8884 ][info][gc,reloc    ] GC(95) y:                    Live             Garbage             Small              Medium             Large        
[2026-06-26T17:57:51.568-0300][1378.279s][8748][8884 ][info][gc,reloc    ] GC(95) y: Eden               0M (0%)          921M (30%)        461 / 118            0 / 0              0 / 0        
[2026-06-26T17:57:51.568-0300][1378.279s][8748][8884 ][info][gc,reloc    ] GC(95) y: Survivor 1         4M (0%)            3M (0%)           4 / 2              0 / 0              0 / 0        
[2026-06-26T17:57:51.568-0300][1378.279s][8748][8884 ][info][gc,reloc    ] GC(95) y: Survivor 2         0M (0%)            1M (0%)           1 / 1              0 / 0              0 / 0        
[2026-06-26T17:57:51.568-0300][1378.279s][8748][8884 ][info][gc,reloc    ] GC(95) y: Survivor 3         0M (0%)            3M (0%)           2 / 1              0 / 0              0 / 0        
[2026-06-26T17:57:51.568-0300][1378.279s][8748][8884 ][info][gc,reloc    ] GC(95) y: Survivor 4         0M (0%)            3M (0%)           2 / 2              0 / 0              0 / 0        
[2026-06-26T17:57:51.568-0300][1378.279s][8748][8884 ][info][gc,reloc    ] GC(95) y: Survivor 5         0M (0%)            3M (0%)           2 / 2              0 / 0              0 / 0        
[2026-06-26T17:57:51.568-0300][1378.279s][8748][8884 ][info][gc,heap     ] GC(95) y: Min Capacity: 8M(0%)
[2026-06-26T17:57:51.568-0300][1378.279s][8748][8884 ][info][gc,heap     ] GC(95) y: Max Capacity: 3072M(100%)
[2026-06-26T17:57:51.568-0300][1378.279s][8748][8884 ][info][gc,heap     ] GC(95) y: Soft Max Capacity: 3072M(100%)
[2026-06-26T17:57:51.568-0300][1378.279s][8748][8884 ][info][gc,heap     ] GC(95) y: Heap Statistics:
[2026-06-26T17:57:51.568-0300][1378.279s][8748][8884 ][info][gc,heap     ] GC(95) y:                Mark Start          Mark End        Relocate Start      Relocate End           High               Low         
[2026-06-26T17:57:51.568-0300][1378.279s][8748][8884 ][info][gc,heap     ] GC(95) y:  Capacity:     2928M (95%)        2928M (95%)        2928M (95%)        2928M (95%)        2928M (95%)        2928M (95%)    
[2026-06-26T17:57:51.568-0300][1378.279s][8748][8884 ][info][gc,heap     ] GC(95) y:      Free:      190M (6%)          180M (6%)          866M (28%)        1114M (36%)        1114M (36%)         180M (6%)     
[2026-06-26T17:57:51.568-0300][1378.279s][8748][8884 ][info][gc,heap     ] GC(95) y:      Used:     2882M (94%)        2892M (94%)        2206M (72%)        1958M (64%)        2892M (94%)        1958M (64%)    
[2026-06-26T17:57:51.568-0300][1378.279s][8748][8884 ][info][gc,heap     ] GC(95) y: Young Generation Statistics:
[2026-06-26T17:57:51.568-0300][1378.279s][8748][8884 ][info][gc,heap     ] GC(95) y:                Mark Start          Mark End        Relocate Start      Relocate End    
[2026-06-26T17:57:51.568-0300][1378.279s][8748][8884 ][info][gc,heap     ] GC(95) y:      Used:      944M (31%)         954M (31%)         268M (9%)           18M (1%)     
[2026-06-26T17:57:51.568-0300][1378.279s][8748][8884 ][info][gc,heap     ] GC(95) y:      Live:         -                 4M (0%)            4M (0%)            4M (0%)     
[2026-06-26T17:57:51.568-0300][1378.279s][8748][8884 ][info][gc,heap     ] GC(95) y:   Garbage:         -               939M (31%)         253M (8%)            0M (0%)     
[2026-06-26T17:57:51.568-0300][1378.279s][8748][8884 ][info][gc,heap     ] GC(95) y: Allocated:         -                10M (0%)           10M (0%)           13M (0%)     
[2026-06-26T17:57:51.568-0300][1378.279s][8748][8884 ][info][gc,heap     ] GC(95) y: Reclaimed:         -                  -               686M (22%)         939M (31%)    
[2026-06-26T17:57:51.568-0300][1378.279s][8748][8884 ][info][gc,heap     ] GC(95) y:  Promoted:         -                  -                 0M (0%)            0M (0%)     
[2026-06-26T17:57:51.568-0300][1378.279s][8748][8884 ][info][gc,heap     ] GC(95) y: Compacted:         -                  -                  -                 0M (0%)     
[2026-06-26T17:57:51.568-0300][1378.279s][8748][8884 ][info][gc,phases   ] GC(95) y: Young Generation 2882M(94%)->1958M(64%) 0.052s
[2026-06-26T17:57:51.568-0300][1378.279s][8748][8884 ][info][gc          ] GC(95) Minor Collection (High Usage) 2882M(94%)->1958M(64%) 0.053s
[2026-06-26T17:58:20.760-0300][1407.471s][8748][8884 ][info][gc          ] GC(96) Minor Collection (High Usage)
[2026-06-26T17:58:20.760-0300][1407.471s][8748][8884 ][info][gc,task     ] GC(96) Using 1 Workers for Young Generation
[2026-06-26T17:58:20.760-0300][1407.471s][8748][8884 ][info][gc,phases   ] GC(96) y: Young Generation
[2026-06-26T17:58:20.760-0300][1407.471s][8748][16824][info][gc,phases   ] GC(96) y: Pause Mark Start 0.009ms
[2026-06-26T17:58:20.799-0300][1407.510s][8748][8884 ][info][gc,phases   ] GC(96) y: Concurrent Mark 39.088ms
[2026-06-26T17:58:20.799-0300][1407.511s][8748][16824][info][gc,phases   ] GC(96) y: Pause Mark End 0.016ms
[2026-06-26T17:58:20.799-0300][1407.511s][8748][8884 ][info][gc,phases   ] GC(96) y: Concurrent Mark Free 0.002ms
[2026-06-26T17:58:20.799-0300][1407.511s][8748][8884 ][info][gc,phases   ] GC(96) y: Concurrent Reset Relocation Set 0.007ms
[2026-06-26T17:58:20.799-0300][1407.511s][8748][8884 ][info][gc,reloc    ] GC(96) y: Using tenuring threshold: 1 (Computed)
[2026-06-26T17:58:20.803-0300][1407.514s][8748][8884 ][info][gc,phases   ] GC(96) y: Concurrent Select Relocation Set 2.988ms
[2026-06-26T17:58:20.803-0300][1407.514s][8748][16824][info][gc,phases   ] GC(96) y: Pause Relocate Start 0.010ms
[2026-06-26T17:58:20.808-0300][1407.520s][8748][8884 ][info][gc,phases   ] GC(96) y: Concurrent Relocate 5.735ms
[2026-06-26T17:58:20.808-0300][1407.520s][8748][8884 ][info][gc,alloc    ] GC(96) y:                         Mark Start        Mark End      Relocate Start    Relocate End   
[2026-06-26T17:58:20.809-0300][1407.520s][8748][8884 ][info][gc,alloc    ] GC(96) y: Allocation Stalls:          0                0                0                0         
[2026-06-26T17:58:20.809-0300][1407.520s][8748][8884 ][info][gc,load     ] GC(96) y: Load: 0.00 (0%) / 0.00 (0%) / 0.00 (0%)
[2026-06-26T17:58:20.809-0300][1407.520s][8748][8884 ][info][gc,mmu      ] GC(96) y: MMU: 2ms/44.2%, 5ms/77.7%, 10ms/88.8%, 20ms/94.4%, 50ms/94.8%, 100ms/97.4%
[2026-06-26T17:58:20.809-0300][1407.520s][8748][8884 ][info][gc,marking  ] GC(96) y: Mark: 1 stripe(s), 2 proactive flush(es), 1 terminate flush(es), 0 completion(s), 0 continuation(s) 
[2026-06-26T17:58:20.809-0300][1407.520s][8748][8884 ][info][gc,nmethod  ] GC(96) y: NMethods: 17815 registered, 4222 unregistered
[2026-06-26T17:58:20.809-0300][1407.520s][8748][8884 ][info][gc,metaspace] GC(96) y: Metaspace: 81M used, 84M committed, 1152M reserved
[2026-06-26T17:58:20.809-0300][1407.520s][8748][8884 ][info][gc,reloc    ] GC(96) y:                        Candidates     Selected     In-Place         Size        Empty    Relocated 
[2026-06-26T17:58:20.809-0300][1407.520s][8748][8884 ][info][gc,reloc    ] GC(96) y: Small Pages:                  471           91            0         942M         754M           1M 
[2026-06-26T17:58:20.809-0300][1407.520s][8748][8884 ][info][gc,reloc    ] GC(96) y: Medium Pages:                   0            0            0           0M           0M           0M 
[2026-06-26T17:58:20.809-0300][1407.520s][8748][8884 ][info][gc,reloc    ] GC(96) y: Large Pages:                    0            0            0           0M           0M           0M 
[2026-06-26T17:58:20.809-0300][1407.520s][8748][8884 ][info][gc,reloc    ] GC(96) y: Forwarding Usage: 0M
[2026-06-26T17:58:20.809-0300][1407.520s][8748][8884 ][info][gc,reloc    ] GC(96) y: Age Table:
[2026-06-26T17:58:20.809-0300][1407.520s][8748][8884 ][info][gc,reloc    ] GC(96) y:                    Live             Garbage             Small              Medium             Large        
[2026-06-26T17:58:20.809-0300][1407.520s][8748][8884 ][info][gc,reloc    ] GC(96) y: Eden               0M (0%)          933M (30%)        467 / 89             0 / 0              0 / 0        
[2026-06-26T17:58:20.809-0300][1407.520s][8748][8884 ][info][gc,reloc    ] GC(96) y: Survivor 1         0M (0%)            1M (0%)           1 / 1              0 / 0              0 / 0        
[2026-06-26T17:58:20.809-0300][1407.520s][8748][8884 ][info][gc,reloc    ] GC(96) y: Survivor 2         4M (0%)            1M (0%)           3 / 1              0 / 0              0 / 0        
[2026-06-26T17:58:20.809-0300][1407.520s][8748][8884 ][info][gc,heap     ] GC(96) y: Min Capacity: 8M(0%)
[2026-06-26T17:58:20.809-0300][1407.520s][8748][8884 ][info][gc,heap     ] GC(96) y: Max Capacity: 3072M(100%)
[2026-06-26T17:58:20.809-0300][1407.520s][8748][8884 ][info][gc,heap     ] GC(96) y: Soft Max Capacity: 3072M(100%)
[2026-06-26T17:58:20.809-0300][1407.520s][8748][8884 ][info][gc,heap     ] GC(96) y: Heap Statistics:
[2026-06-26T17:58:20.809-0300][1407.520s][8748][8884 ][info][gc,heap     ] GC(96) y:                Mark Start          Mark End        Relocate Start      Relocate End           High               Low         
[2026-06-26T17:58:20.809-0300][1407.520s][8748][8884 ][info][gc,heap     ] GC(96) y:  Capacity:     2928M (95%)        2928M (95%)        2928M (95%)        2928M (95%)        2928M (95%)        2928M (95%)    
[2026-06-26T17:58:20.809-0300][1407.520s][8748][8884 ][info][gc,heap     ] GC(96) y:      Free:      190M (6%)          186M (6%)          940M (31%)        1120M (36%)        1120M (36%)         186M (6%)     
[2026-06-26T17:58:20.809-0300][1407.520s][8748][8884 ][info][gc,heap     ] GC(96) y:      Used:     2882M (94%)        2886M (94%)        2132M (69%)        1952M (64%)        2886M (94%)        1952M (64%)    
[2026-06-26T17:58:20.809-0300][1407.520s][8748][8884 ][info][gc,heap     ] GC(96) y: Young Generation Statistics:
[2026-06-26T17:58:20.809-0300][1407.520s][8748][8884 ][info][gc,heap     ] GC(96) y:                Mark Start          Mark End        Relocate Start      Relocate End    
[2026-06-26T17:58:20.809-0300][1407.520s][8748][8884 ][info][gc,heap     ] GC(96) y:      Used:      942M (31%)         946M (31%)         188M (6%)            6M (0%)     
[2026-06-26T17:58:20.809-0300][1407.520s][8748][8884 ][info][gc,heap     ] GC(96) y:      Live:         -                 4M (0%)            1M (0%)            0M (0%)     
[2026-06-26T17:58:20.809-0300][1407.520s][8748][8884 ][info][gc,heap     ] GC(96) y:   Garbage:         -               937M (31%)         182M (6%)            0M (0%)     
[2026-06-26T17:58:20.809-0300][1407.520s][8748][8884 ][info][gc,heap     ] GC(96) y: Allocated:         -                 4M (0%)            4M (0%)            5M (0%)     
[2026-06-26T17:58:20.809-0300][1407.520s][8748][8884 ][info][gc,heap     ] GC(96) y: Reclaimed:         -                  -               754M (25%)         937M (31%)    
[2026-06-26T17:58:20.809-0300][1407.520s][8748][8884 ][info][gc,heap     ] GC(96) y:  Promoted:         -                  -                 3M (0%)            4M (0%)     
[2026-06-26T17:58:20.809-0300][1407.520s][8748][8884 ][info][gc,heap     ] GC(96) y: Compacted:         -                  -                  -                 0M (0%)     
[2026-06-26T17:58:20.809-0300][1407.520s][8748][8884 ][info][gc,phases   ] GC(96) y: Young Generation 2882M(94%)->1952M(64%) 0.048s
[2026-06-26T17:58:20.809-0300][1407.520s][8748][8884 ][info][gc          ] GC(96) Minor Collection (High Usage) 2882M(94%)->1952M(64%) 0.049s
[2026-06-26T17:58:37.578-0300][1424.289s][8748][7584 ][info][gc          ] GC(97) Major Collection (Proactive)
[2026-06-26T17:58:37.578-0300][1424.289s][8748][7584 ][info][gc,task     ] GC(97) Using 1 Workers for Young Generation
[2026-06-26T17:58:37.578-0300][1424.289s][8748][7584 ][info][gc,task     ] GC(97) Using 1 Workers for Old Generation
[2026-06-26T17:58:37.578-0300][1424.289s][8748][7584 ][info][gc,phases   ] GC(97) Y: Young Generation
[2026-06-26T17:58:37.578-0300][1424.289s][8748][16824][info][gc,phases   ] GC(97) Y: Pause Mark Start (Major) 0.009ms
[2026-06-26T17:58:37.600-0300][1424.311s][8748][7584 ][info][gc,phases   ] GC(97) Y: Concurrent Mark 22.085ms
[2026-06-26T17:58:37.600-0300][1424.311s][8748][16824][info][gc,phases   ] GC(97) Y: Pause Mark End 0.015ms
[2026-06-26T17:58:37.600-0300][1424.311s][8748][7584 ][info][gc,phases   ] GC(97) Y: Concurrent Mark Free 0.003ms
[2026-06-26T17:58:37.600-0300][1424.311s][8748][7584 ][info][gc,phases   ] GC(97) Y: Concurrent Reset Relocation Set 0.120ms
[2026-06-26T17:58:37.600-0300][1424.311s][8748][7584 ][info][gc,reloc    ] GC(97) Y: Using tenuring threshold: 2 (Computed)
[2026-06-26T17:58:37.601-0300][1424.312s][8748][7584 ][info][gc,phases   ] GC(97) Y: Concurrent Select Relocation Set 0.320ms
[2026-06-26T17:58:37.601-0300][1424.312s][8748][16824][info][gc,phases   ] GC(97) Y: Pause Relocate Start 0.005ms
[2026-06-26T17:58:37.601-0300][1424.312s][8748][7584 ][info][gc,phases   ] GC(97) Y: Concurrent Relocate 0.553ms
[2026-06-26T17:58:37.601-0300][1424.312s][8748][7584 ][info][gc,alloc    ] GC(97) Y:                         Mark Start        Mark End      Relocate Start    Relocate End   
[2026-06-26T17:58:37.601-0300][1424.312s][8748][7584 ][info][gc,alloc    ] GC(97) Y: Allocation Stalls:          0                0                0                0         
[2026-06-26T17:58:37.601-0300][1424.312s][8748][7584 ][info][gc,load     ] GC(97) Y: Load: 0.00 (0%) / 0.00 (0%) / 0.00 (0%)
[2026-06-26T17:58:37.601-0300][1424.312s][8748][7584 ][info][gc,mmu      ] GC(97) Y: MMU: 2ms/44.2%, 5ms/77.7%, 10ms/88.8%, 20ms/94.4%, 50ms/94.8%, 100ms/97.4%
[2026-06-26T17:58:37.601-0300][1424.312s][8748][7584 ][info][gc,marking  ] GC(97) Y: Mark: 1 stripe(s), 2 proactive flush(es), 1 terminate flush(es), 0 completion(s), 0 continuation(s) 
[2026-06-26T17:58:37.601-0300][1424.312s][8748][7584 ][info][gc,nmethod  ] GC(97) Y: NMethods: 17850 registered, 4222 unregistered
[2026-06-26T17:58:37.601-0300][1424.312s][8748][7584 ][info][gc,metaspace] GC(97) Y: Metaspace: 81M used, 84M committed, 1152M reserved
[2026-06-26T17:58:37.601-0300][1424.312s][8748][7584 ][info][gc,reloc    ] GC(97) Y:                        Candidates     Selected     In-Place         Size        Empty    Relocated 
[2026-06-26T17:58:37.601-0300][1424.312s][8748][7584 ][info][gc,reloc    ] GC(97) Y: Small Pages:                  206           23            0         412M         364M           0M 
[2026-06-26T17:58:37.601-0300][1424.312s][8748][7584 ][info][gc,reloc    ] GC(97) Y: Medium Pages:                   0            0            0           0M           0M           0M 
[2026-06-26T17:58:37.601-0300][1424.312s][8748][7584 ][info][gc,reloc    ] GC(97) Y: Large Pages:                    0            0            0           0M           0M           0M 
[2026-06-26T17:58:37.601-0300][1424.312s][8748][7584 ][info][gc,reloc    ] GC(97) Y: Forwarding Usage: 0M
[2026-06-26T17:58:37.601-0300][1424.312s][8748][7584 ][info][gc,reloc    ] GC(97) Y: Age Table:
[2026-06-26T17:58:37.601-0300][1424.312s][8748][7584 ][info][gc,reloc    ] GC(97) Y:                    Live             Garbage             Small              Medium             Large        
[2026-06-26T17:58:37.601-0300][1424.312s][8748][7584 ][info][gc,reloc    ] GC(97) Y: Eden               0M (0%)          409M (13%)        205 / 22             0 / 0              0 / 0        
[2026-06-26T17:58:37.601-0300][1424.312s][8748][7584 ][info][gc,reloc    ] GC(97) Y: Survivor 1         0M (0%)            1M (0%)           1 / 1              0 / 0              0 / 0        
[2026-06-26T17:58:37.601-0300][1424.312s][8748][7584 ][info][gc,heap     ] GC(97) Y: Min Capacity: 8M(0%)
[2026-06-26T17:58:37.601-0300][1424.312s][8748][7584 ][info][gc,heap     ] GC(97) Y: Max Capacity: 3072M(100%)
[2026-06-26T17:58:37.601-0300][1424.312s][8748][7584 ][info][gc,heap     ] GC(97) Y: Soft Max Capacity: 3072M(100%)
[2026-06-26T17:58:37.601-0300][1424.312s][8748][7584 ][info][gc,heap     ] GC(97) Y: Heap Statistics:
[2026-06-26T17:58:37.601-0300][1424.312s][8748][7584 ][info][gc,heap     ] GC(97) Y:                Mark Start          Mark End        Relocate Start      Relocate End           High               Low         
[2026-06-26T17:58:37.601-0300][1424.313s][8748][7584 ][info][gc,heap     ] GC(97) Y:  Capacity:     2928M (95%)        2928M (95%)        2928M (95%)        2928M (95%)        2928M (95%)        2928M (95%)    
[2026-06-26T17:58:37.601-0300][1424.313s][8748][7584 ][info][gc,heap     ] GC(97) Y:      Free:      714M (23%)         710M (23%)        1074M (35%)        1118M (36%)        1118M (36%)         710M (23%)    
[2026-06-26T17:58:37.601-0300][1424.313s][8748][7584 ][info][gc,heap     ] GC(97) Y:      Used:     2358M (77%)        2362M (77%)        1998M (65%)        1954M (64%)        2362M (77%)        1954M (64%)    
[2026-06-26T17:58:37.601-0300][1424.313s][8748][7584 ][info][gc,heap     ] GC(97) Y: Young Generation Statistics:
[2026-06-26T17:58:37.601-0300][1424.313s][8748][7584 ][info][gc,heap     ] GC(97) Y:                Mark Start          Mark End        Relocate Start      Relocate End    
[2026-06-26T17:58:37.601-0300][1424.313s][8748][7584 ][info][gc,heap     ] GC(97) Y:      Used:      412M (13%)         416M (14%)          52M (2%)            8M (0%)     
[2026-06-26T17:58:37.601-0300][1424.313s][8748][7584 ][info][gc,heap     ] GC(97) Y:      Live:         -                 0M (0%)            0M (0%)            0M (0%)     
[2026-06-26T17:58:37.601-0300][1424.313s][8748][7584 ][info][gc,heap     ] GC(97) Y:   Garbage:         -               411M (13%)          47M (2%)            0M (0%)     
[2026-06-26T17:58:37.601-0300][1424.313s][8748][7584 ][info][gc,heap     ] GC(97) Y: Allocated:         -                 4M (0%)            4M (0%)            7M (0%)     
[2026-06-26T17:58:37.601-0300][1424.313s][8748][7584 ][info][gc,heap     ] GC(97) Y: Reclaimed:         -                  -               364M (12%)         411M (13%)    
[2026-06-26T17:58:37.601-0300][1424.313s][8748][7584 ][info][gc,heap     ] GC(97) Y:  Promoted:         -                  -                 0M (0%)            0M (0%)     
[2026-06-26T17:58:37.601-0300][1424.313s][8748][7584 ][info][gc,heap     ] GC(97) Y: Compacted:         -                  -                  -                 0M (0%)     
[2026-06-26T17:58:37.601-0300][1424.313s][8748][7584 ][info][gc,phases   ] GC(97) Y: Young Generation 2358M(77%)->1954M(64%) 0.023s
[2026-06-26T17:58:37.601-0300][1424.313s][8748][7584 ][info][gc,phases   ] GC(97) O: Old Generation
[2026-06-26T17:58:40.626-0300][1427.338s][8748][7584 ][info][gc,phases   ] GC(97) O: Concurrent Mark 3025.254ms
[2026-06-26T17:58:40.626-0300][1427.338s][8748][16824][info][gc,phases   ] GC(97) O: Pause Mark End 0.013ms
[2026-06-26T17:58:40.627-0300][1427.338s][8748][7584 ][info][gc,phases   ] GC(97) O: Concurrent Mark Free 0.001ms
[2026-06-26T17:58:40.697-0300][1427.408s][8748][7584 ][info][gc,phases   ] GC(97) O: Concurrent Process Non-Strong 70.363ms
[2026-06-26T17:58:40.697-0300][1427.408s][8748][7584 ][info][gc,phases   ] GC(97) O: Concurrent Reset Relocation Set 0.005ms
[2026-06-26T17:58:40.699-0300][1427.410s][8748][7584 ][info][gc,phases   ] GC(97) O: Concurrent Select Relocation Set 1.597ms
[2026-06-26T17:58:40.699-0300][1427.410s][8748][7584 ][info][gc,task     ] GC(97) O: Using 2 Workers for Old Generation
[2026-06-26T17:58:40.706-0300][1427.418s][8748][7584 ][info][gc,task     ] GC(97) O: Using 1 Workers for Old Generation
[2026-06-26T17:58:40.706-0300][1427.418s][8748][7584 ][info][gc,phases   ] GC(97) O: Concurrent Remap Roots 7.703ms
[2026-06-26T17:58:40.706-0300][1427.418s][8748][16824][info][gc,phases   ] GC(97) O: Pause Relocate Start 0.010ms
[2026-06-26T17:58:40.745-0300][1427.456s][8748][7584 ][info][gc,phases   ] GC(97) O: Concurrent Relocate 38.538ms
[2026-06-26T17:58:40.745-0300][1427.457s][8748][7584 ][info][gc,alloc    ] GC(97) O:                         Mark Start        Mark End      Relocate Start    Relocate End   
[2026-06-26T17:58:40.745-0300][1427.457s][8748][7584 ][info][gc,alloc    ] GC(97) O: Allocation Stalls:          0                0                0                0         
[2026-06-26T17:58:40.745-0300][1427.457s][8748][7584 ][info][gc,load     ] GC(97) O: Load: 0.00 (0%) / 0.00 (0%) / 0.00 (0%)
[2026-06-26T17:58:40.745-0300][1427.457s][8748][7584 ][info][gc,mmu      ] GC(97) O: MMU: 2ms/44.2%, 5ms/77.7%, 10ms/88.8%, 20ms/94.4%, 50ms/94.8%, 100ms/97.4%
[2026-06-26T17:58:40.745-0300][1427.457s][8748][7584 ][info][gc,marking  ] GC(97) O: Mark: 1 stripe(s), 2 proactive flush(es), 1 terminate flush(es), 0 completion(s), 0 continuation(s) 
[2026-06-26T17:58:40.745-0300][1427.457s][8748][7584 ][info][gc,nmethod  ] GC(97) O: NMethods: 9931 registered, 12147 unregistered
[2026-06-26T17:58:40.745-0300][1427.457s][8748][7584 ][info][gc,metaspace] GC(97) O: Metaspace: 81M used, 84M committed, 1152M reserved
[2026-06-26T17:58:40.745-0300][1427.457s][8748][7584 ][info][gc,ref      ] GC(97) O:                       Encountered   Discovered     Enqueued 
[2026-06-26T17:58:40.745-0300][1427.457s][8748][7584 ][info][gc,ref      ] GC(97) O: Soft References:             3663          603          191 
[2026-06-26T17:58:40.745-0300][1427.457s][8748][7584 ][info][gc,ref      ] GC(97) O: Weak References:             6353         5016           21 
[2026-06-26T17:58:40.745-0300][1427.457s][8748][7584 ][info][gc,ref      ] GC(97) O: Final References:              16            2            0 
[2026-06-26T17:58:40.745-0300][1427.457s][8748][7584 ][info][gc,ref      ] GC(97) O: Phantom References:          8444         8435          413 
[2026-06-26T17:58:40.745-0300][1427.457s][8748][7584 ][info][gc,reloc    ] GC(97) O:                        Candidates     Selected     In-Place         Size        Empty    Relocated 
[2026-06-26T17:58:40.745-0300][1427.457s][8748][7584 ][info][gc,reloc    ] GC(97) O: Small Pages:                  911           17            0        1822M           0M           7M 
[2026-06-26T17:58:40.745-0300][1427.457s][8748][7584 ][info][gc,reloc    ] GC(97) O: Medium Pages:                   2            0            0          64M           0M           0M 
[2026-06-26T17:58:40.745-0300][1427.457s][8748][7584 ][info][gc,reloc    ] GC(97) O: Large Pages:                    5            0            0          60M           0M           0M 
[2026-06-26T17:58:40.745-0300][1427.457s][8748][7584 ][info][gc,reloc    ] GC(97) O: Forwarding Usage: 10M
[2026-06-26T17:58:40.745-0300][1427.457s][8748][7584 ][info][gc,heap     ] GC(97) O: Min Capacity: 8M(0%)
[2026-06-26T17:58:40.745-0300][1427.457s][8748][7584 ][info][gc,heap     ] GC(97) O: Max Capacity: 3072M(100%)
[2026-06-26T17:58:40.745-0300][1427.457s][8748][7584 ][info][gc,heap     ] GC(97) O: Soft Max Capacity: 3072M(100%)
[2026-06-26T17:58:40.745-0300][1427.457s][8748][7584 ][info][gc,heap     ] GC(97) O: Heap Statistics:
[2026-06-26T17:58:40.745-0300][1427.457s][8748][7584 ][info][gc,heap     ] GC(97) O:                Mark Start          Mark End        Relocate Start      Relocate End           High               Low         
[2026-06-26T17:58:40.745-0300][1427.457s][8748][7584 ][info][gc,heap     ] GC(97) O:  Capacity:     2928M (95%)        2928M (95%)        2928M (95%)        2928M (95%)        2928M (95%)        2928M (95%)    
[2026-06-26T17:58:40.745-0300][1427.457s][8748][7584 ][info][gc,heap     ] GC(97) O:      Free:      714M (23%)        1048M (34%)        1048M (34%)        1078M (35%)        1118M (36%)         710M (23%)    
[2026-06-26T17:58:40.745-0300][1427.457s][8748][7584 ][info][gc,heap     ] GC(97) O:      Used:     2358M (77%)        2024M (66%)        2024M (66%)        1994M (65%)        2362M (77%)        1954M (64%)    
[2026-06-26T17:58:40.745-0300][1427.457s][8748][7584 ][info][gc,heap     ] GC(97) O: Old Generation Statistics:
[2026-06-26T17:58:40.745-0300][1427.457s][8748][7584 ][info][gc,heap     ] GC(97) O:                Mark Start          Mark End        Relocate Start      Relocate End    
[2026-06-26T17:58:40.745-0300][1427.457s][8748][7584 ][info][gc,heap     ] GC(97) O:      Used:     1946M (63%)        1946M (63%)        1946M (63%)        1912M (62%)    
[2026-06-26T17:58:40.745-0300][1427.457s][8748][7584 ][info][gc,heap     ] GC(97) O:      Live:         -              1809M (59%)        1809M (59%)        1809M (59%)    
[2026-06-26T17:58:40.745-0300][1427.457s][8748][7584 ][info][gc,heap     ] GC(97) O:   Garbage:         -               136M (4%)          136M (4%)           98M (3%)     
[2026-06-26T17:58:40.745-0300][1427.457s][8748][7584 ][info][gc,heap     ] GC(97) O: Allocated:         -                 0M (0%)            0M (0%)            4M (0%)     
[2026-06-26T17:58:40.745-0300][1427.457s][8748][7584 ][info][gc,heap     ] GC(97) O: Reclaimed:         -                  -                 0M (0%)           38M (1%)     
[2026-06-26T17:58:40.745-0300][1427.457s][8748][7584 ][info][gc,heap     ] GC(97) O: Compacted:         -                  -                  -                33M (1%)     
[2026-06-26T17:58:40.745-0300][1427.457s][8748][7584 ][info][gc,phases   ] GC(97) O: Old Generation 1954M(64%)->1994M(65%) 3.144s
[2026-06-26T17:58:40.745-0300][1427.457s][8748][7584 ][info][gc          ] GC(97) Major Collection (Proactive) 2358M(77%)->1994M(65%) 3.168s
[2026-06-26T17:59:00.804-0300][1447.516s][8748][8616 ][info][gc,heap     ] Uncommitter (0) Uncommitted: 20M(1%) in 2.847ms
[2026-06-26T17:59:19.889-0300][1466.600s][8748][8884 ][info][gc          ] GC(98) Minor Collection (High Usage)
[2026-06-26T17:59:19.889-0300][1466.600s][8748][8884 ][info][gc,task     ] GC(98) Using 1 Workers for Young Generation
[2026-06-26T17:59:19.889-0300][1466.600s][8748][8884 ][info][gc,phases   ] GC(98) y: Young Generation
[2026-06-26T17:59:19.889-0300][1466.600s][8748][16824][info][gc,phases   ] GC(98) y: Pause Mark Start 0.013ms
[2026-06-26T17:59:19.914-0300][1466.625s][8748][8884 ][info][gc,phases   ] GC(98) y: Concurrent Mark 25.306ms
[2026-06-26T17:59:19.914-0300][1466.625s][8748][16824][info][gc,phases   ] GC(98) y: Pause Mark End 0.014ms
[2026-06-26T17:59:19.914-0300][1466.625s][8748][8884 ][info][gc,phases   ] GC(98) y: Concurrent Mark Free 0.003ms
[2026-06-26T17:59:19.914-0300][1466.625s][8748][8884 ][info][gc,phases   ] GC(98) y: Concurrent Reset Relocation Set 0.001ms
[2026-06-26T17:59:19.914-0300][1466.626s][8748][8884 ][info][gc,reloc    ] GC(98) y: Using tenuring threshold: 3 (Computed)
[2026-06-26T17:59:19.914-0300][1466.626s][8748][8884 ][info][gc,phases   ] GC(98) y: Concurrent Select Relocation Set 0.446ms
[2026-06-26T17:59:19.914-0300][1466.626s][8748][16824][info][gc,phases   ] GC(98) y: Pause Relocate Start 0.005ms
[2026-06-26T17:59:19.916-0300][1466.627s][8748][8884 ][info][gc,phases   ] GC(98) y: Concurrent Relocate 1.196ms
[2026-06-26T17:59:19.916-0300][1466.627s][8748][8884 ][info][gc,alloc    ] GC(98) y:                         Mark Start        Mark End      Relocate Start    Relocate End   
[2026-06-26T17:59:19.916-0300][1466.627s][8748][8884 ][info][gc,alloc    ] GC(98) y: Allocation Stalls:          0                0                0                0         
[2026-06-26T17:59:19.916-0300][1466.627s][8748][8884 ][info][gc,load     ] GC(98) y: Load: 0.00 (0%) / 0.00 (0%) / 0.00 (0%)
[2026-06-26T17:59:19.916-0300][1466.627s][8748][8884 ][info][gc,mmu      ] GC(98) y: MMU: 2ms/44.2%, 5ms/77.7%, 10ms/88.8%, 20ms/94.4%, 50ms/94.8%, 100ms/97.4%
[2026-06-26T17:59:19.916-0300][1466.627s][8748][8884 ][info][gc,marking  ] GC(98) y: Mark: 1 stripe(s), 2 proactive flush(es), 1 terminate flush(es), 0 completion(s), 0 continuation(s) 
[2026-06-26T17:59:19.916-0300][1466.627s][8748][8884 ][info][gc,nmethod  ] GC(98) y: NMethods: 9987 registered, 12147 unregistered
[2026-06-26T17:59:19.916-0300][1466.627s][8748][8884 ][info][gc,metaspace] GC(98) y: Metaspace: 81M used, 84M committed, 1152M reserved
[2026-06-26T17:59:19.916-0300][1466.627s][8748][8884 ][info][gc,reloc    ] GC(98) y:                        Candidates     Selected     In-Place         Size        Empty    Relocated 
[2026-06-26T17:59:19.916-0300][1466.627s][8748][8884 ][info][gc,reloc    ] GC(98) y: Small Pages:                  485           83            0         970M         802M           0M 
[2026-06-26T17:59:19.916-0300][1466.627s][8748][8884 ][info][gc,reloc    ] GC(98) y: Medium Pages:                   0            0            0           0M           0M           0M 
[2026-06-26T17:59:19.916-0300][1466.627s][8748][8884 ][info][gc,reloc    ] GC(98) y: Large Pages:                    0            0            0           0M           0M           0M 
[2026-06-26T17:59:19.916-0300][1466.627s][8748][8884 ][info][gc,reloc    ] GC(98) y: Forwarding Usage: 0M
[2026-06-26T17:59:19.916-0300][1466.627s][8748][8884 ][info][gc,reloc    ] GC(98) y: Age Table:
[2026-06-26T17:59:19.916-0300][1466.627s][8748][8884 ][info][gc,reloc    ] GC(98) y:                    Live             Garbage             Small              Medium             Large        
[2026-06-26T17:59:19.916-0300][1466.627s][8748][8884 ][info][gc,reloc    ] GC(98) y: Eden               0M (0%)          965M (31%)        483 / 81             0 / 0              0 / 0        
[2026-06-26T17:59:19.916-0300][1466.627s][8748][8884 ][info][gc,reloc    ] GC(98) y: Survivor 1         0M (0%)            1M (0%)           1 / 1              0 / 0              0 / 0        
[2026-06-26T17:59:19.916-0300][1466.627s][8748][8884 ][info][gc,reloc    ] GC(98) y: Survivor 2         0M (0%)            1M (0%)           1 / 1              0 / 0              0 / 0        
[2026-06-26T17:59:19.916-0300][1466.627s][8748][8884 ][info][gc,heap     ] GC(98) y: Min Capacity: 8M(0%)
[2026-06-26T17:59:19.916-0300][1466.627s][8748][8884 ][info][gc,heap     ] GC(98) y: Max Capacity: 3072M(100%)
[2026-06-26T17:59:19.916-0300][1466.627s][8748][8884 ][info][gc,heap     ] GC(98) y: Soft Max Capacity: 3072M(100%)
[2026-06-26T17:59:19.916-0300][1466.627s][8748][8884 ][info][gc,heap     ] GC(98) y: Heap Statistics:
[2026-06-26T17:59:19.916-0300][1466.627s][8748][8884 ][info][gc,heap     ] GC(98) y:                Mark Start          Mark End        Relocate Start      Relocate End           High               Low         
[2026-06-26T17:59:19.916-0300][1466.627s][8748][8884 ][info][gc,heap     ] GC(98) y:  Capacity:     2908M (95%)        2908M (95%)        2908M (95%)        2908M (95%)        2908M (95%)        2908M (95%)    
[2026-06-26T17:59:19.916-0300][1466.627s][8748][8884 ][info][gc,heap     ] GC(98) y:      Free:      190M (6%)          186M (6%)          988M (32%)        1150M (37%)        1150M (37%)         186M (6%)     
[2026-06-26T17:59:19.916-0300][1466.627s][8748][8884 ][info][gc,heap     ] GC(98) y:      Used:     2882M (94%)        2886M (94%)        2084M (68%)        1922M (63%)        2886M (94%)        1922M (63%)    
[2026-06-26T17:59:19.916-0300][1466.627s][8748][8884 ][info][gc,heap     ] GC(98) y: Young Generation Statistics:
[2026-06-26T17:59:19.916-0300][1466.627s][8748][8884 ][info][gc,heap     ] GC(98) y:                Mark Start          Mark End        Relocate Start      Relocate End    
[2026-06-26T17:59:19.916-0300][1466.627s][8748][8884 ][info][gc,heap     ] GC(98) y:      Used:      970M (32%)         974M (32%)         172M (6%)           10M (0%)     
[2026-06-26T17:59:19.916-0300][1466.627s][8748][8884 ][info][gc,heap     ] GC(98) y:      Live:         -                 0M (0%)            0M (0%)            0M (0%)     
[2026-06-26T17:59:19.916-0300][1466.627s][8748][8884 ][info][gc,heap     ] GC(98) y:   Garbage:         -               969M (32%)         167M (5%)            0M (0%)     
[2026-06-26T17:59:19.916-0300][1466.628s][8748][8884 ][info][gc,heap     ] GC(98) y: Allocated:         -                 4M (0%)            4M (0%)            9M (0%)     
[2026-06-26T17:59:19.916-0300][1466.628s][8748][8884 ][info][gc,heap     ] GC(98) y: Reclaimed:         -                  -               802M (26%)         969M (32%)    
[2026-06-26T17:59:19.916-0300][1466.628s][8748][8884 ][info][gc,heap     ] GC(98) y:  Promoted:         -                  -                 0M (0%)            0M (0%)     
[2026-06-26T17:59:19.916-0300][1466.628s][8748][8884 ][info][gc,heap     ] GC(98) y: Compacted:         -                  -                  -                 0M (0%)     
[2026-06-26T17:59:19.916-0300][1466.628s][8748][8884 ][info][gc,phases   ] GC(98) y: Young Generation 2882M(94%)->1922M(63%) 0.027s
[2026-06-26T17:59:19.916-0300][1466.628s][8748][8884 ][info][gc          ] GC(98) Minor Collection (High Usage) 2882M(94%)->1922M(63%) 0.028s
[2026-06-26T17:59:54.284-0300][1500.995s][8748][8884 ][info][gc          ] GC(99) Minor Collection (High Usage)
[2026-06-26T17:59:54.284-0300][1500.995s][8748][8884 ][info][gc,task     ] GC(99) Using 1 Workers for Young Generation
[2026-06-26T17:59:54.284-0300][1500.995s][8748][8884 ][info][gc,phases   ] GC(99) y: Young Generation
[2026-06-26T17:59:54.284-0300][1500.995s][8748][16824][info][gc,phases   ] GC(99) y: Pause Mark Start 0.013ms
[2026-06-26T17:59:54.393-0300][1501.105s][8748][8884 ][info][gc,phases   ] GC(99) y: Concurrent Mark 109.762ms
[2026-06-26T17:59:54.393-0300][1501.105s][8748][16824][info][gc,phases   ] GC(99) y: Pause Mark End 0.012ms
[2026-06-26T17:59:54.393-0300][1501.105s][8748][8884 ][info][gc,phases   ] GC(99) y: Concurrent Mark Free 0.003ms
[2026-06-26T17:59:54.393-0300][1501.105s][8748][8884 ][info][gc,phases   ] GC(99) y: Concurrent Reset Relocation Set 0.004ms
[2026-06-26T17:59:54.394-0300][1501.105s][8748][8884 ][info][gc,reloc    ] GC(99) y: Using tenuring threshold: 3 (Computed)
[2026-06-26T17:59:54.395-0300][1501.106s][8748][8884 ][info][gc,phases   ] GC(99) y: Concurrent Select Relocation Set 1.165ms
[2026-06-26T17:59:54.395-0300][1501.106s][8748][16824][info][gc,phases   ] GC(99) y: Pause Relocate Start 0.009ms
[2026-06-26T17:59:54.406-0300][1501.117s][8748][8884 ][info][gc,phases   ] GC(99) y: Concurrent Relocate 11.312ms
[2026-06-26T17:59:54.406-0300][1501.117s][8748][8884 ][info][gc,alloc    ] GC(99) y:                         Mark Start        Mark End      Relocate Start    Relocate End   
[2026-06-26T17:59:54.406-0300][1501.117s][8748][8884 ][info][gc,alloc    ] GC(99) y: Allocation Stalls:          0                0                0                0         
[2026-06-26T17:59:54.406-0300][1501.117s][8748][8884 ][info][gc,load     ] GC(99) y: Load: 0.00 (0%) / 0.00 (0%) / 0.00 (0%)
[2026-06-26T17:59:54.406-0300][1501.117s][8748][8884 ][info][gc,mmu      ] GC(99) y: MMU: 2ms/44.2%, 5ms/77.7%, 10ms/88.8%, 20ms/94.4%, 50ms/94.8%, 100ms/97.4%
[2026-06-26T17:59:54.406-0300][1501.117s][8748][8884 ][info][gc,marking  ] GC(99) y: Mark: 1 stripe(s), 2 proactive flush(es), 1 terminate flush(es), 0 completion(s), 0 continuation(s) 
[2026-06-26T17:59:54.406-0300][1501.117s][8748][8884 ][info][gc,nmethod  ] GC(99) y: NMethods: 10163 registered, 12147 unregistered
[2026-06-26T17:59:54.406-0300][1501.117s][8748][8884 ][info][gc,metaspace] GC(99) y: Metaspace: 81M used, 84M committed, 1152M reserved
[2026-06-26T17:59:54.406-0300][1501.117s][8748][8884 ][info][gc,reloc    ] GC(99) y:                        Candidates     Selected     In-Place         Size        Empty    Relocated 
[2026-06-26T17:59:54.406-0300][1501.117s][8748][8884 ][info][gc,reloc    ] GC(99) y: Small Pages:                  485          155            0         970M         646M           6M 
[2026-06-26T17:59:54.406-0300][1501.117s][8748][8884 ][info][gc,reloc    ] GC(99) y: Medium Pages:                   0            0            0           0M           0M           0M 
[2026-06-26T17:59:54.406-0300][1501.117s][8748][8884 ][info][gc,reloc    ] GC(99) y: Large Pages:                    0            0            0           0M           0M           0M 
[2026-06-26T17:59:54.406-0300][1501.118s][8748][8884 ][info][gc,reloc    ] GC(99) y: Forwarding Usage: 3M
[2026-06-26T17:59:54.406-0300][1501.118s][8748][8884 ][info][gc,reloc    ] GC(99) y: Age Table:
[2026-06-26T17:59:54.406-0300][1501.118s][8748][8884 ][info][gc,reloc    ] GC(99) y:                    Live             Garbage             Small              Medium             Large        
[2026-06-26T17:59:54.406-0300][1501.118s][8748][8884 ][info][gc,reloc    ] GC(99) y: Eden              11M (0%)          952M (31%)        482 / 152            0 / 0              0 / 0        
[2026-06-26T17:59:54.406-0300][1501.118s][8748][8884 ][info][gc,reloc    ] GC(99) y: Survivor 1         0M (0%)            1M (0%)           1 / 1              0 / 0              0 / 0        
[2026-06-26T17:59:54.406-0300][1501.118s][8748][8884 ][info][gc,reloc    ] GC(99) y: Survivor 2         0M (0%)            1M (0%)           1 / 1              0 / 0              0 / 0        
[2026-06-26T17:59:54.406-0300][1501.118s][8748][8884 ][info][gc,reloc    ] GC(99) y: Survivor 3         0M (0%)            1M (0%)           1 / 1              0 / 0              0 / 0        
[2026-06-26T17:59:54.406-0300][1501.118s][8748][8884 ][info][gc,heap     ] GC(99) y: Min Capacity: 8M(0%)
[2026-06-26T17:59:54.406-0300][1501.118s][8748][8884 ][info][gc,heap     ] GC(99) y: Max Capacity: 3072M(100%)
[2026-06-26T17:59:54.406-0300][1501.118s][8748][8884 ][info][gc,heap     ] GC(99) y: Soft Max Capacity: 3072M(100%)
[2026-06-26T17:59:54.406-0300][1501.118s][8748][8884 ][info][gc,heap     ] GC(99) y: Heap Statistics:
[2026-06-26T17:59:54.406-0300][1501.118s][8748][8884 ][info][gc,heap     ] GC(99) y:                Mark Start          Mark End        Relocate Start      Relocate End           High               Low         
[2026-06-26T17:59:54.406-0300][1501.118s][8748][8884 ][info][gc,heap     ] GC(99) y:  Capacity:     2908M (95%)        2908M (95%)        2908M (95%)        2908M (95%)        2908M (95%)        2908M (95%)    
[2026-06-26T17:59:54.406-0300][1501.118s][8748][8884 ][info][gc,heap     ] GC(99) y:      Free:      190M (6%)          166M (5%)          812M (26%)        1116M (36%)        1116M (36%)         166M (5%)     
[2026-06-26T17:59:54.406-0300][1501.118s][8748][8884 ][info][gc,heap     ] GC(99) y:      Used:     2882M (94%)        2906M (95%)        2260M (74%)        1956M (64%)        2906M (95%)        1956M (64%)    
[2026-06-26T17:59:54.406-0300][1501.118s][8748][8884 ][info][gc,heap     ] GC(99) y: Young Generation Statistics:
[2026-06-26T17:59:54.406-0300][1501.118s][8748][8884 ][info][gc,heap     ] GC(99) y:                Mark Start          Mark End        Relocate Start      Relocate End    
[2026-06-26T17:59:54.406-0300][1501.118s][8748][8884 ][info][gc,heap     ] GC(99) y:      Used:      970M (32%)         994M (32%)         348M (11%)          42M (1%)     
[2026-06-26T17:59:54.406-0300][1501.118s][8748][8884 ][info][gc,heap     ] GC(99) y:      Live:         -                12M (0%)           12M (0%)           11M (0%)     
[2026-06-26T17:59:54.406-0300][1501.118s][8748][8884 ][info][gc,heap     ] GC(99) y:   Garbage:         -               957M (31%)         311M (10%)           0M (0%)     
[2026-06-26T17:59:54.406-0300][1501.118s][8748][8884 ][info][gc,heap     ] GC(99) y: Allocated:         -                24M (1%)           24M (1%)           30M (1%)     
[2026-06-26T17:59:54.406-0300][1501.118s][8748][8884 ][info][gc,heap     ] GC(99) y: Reclaimed:         -                  -               646M (21%)         957M (31%)    
[2026-06-26T17:59:54.406-0300][1501.118s][8748][8884 ][info][gc,heap     ] GC(99) y:  Promoted:         -                  -                 0M (0%)            0M (0%)     
[2026-06-26T17:59:54.406-0300][1501.118s][8748][8884 ][info][gc,heap     ] GC(99) y: Compacted:         -                  -                  -                11M (0%)     
[2026-06-26T17:59:54.406-0300][1501.118s][8748][8884 ][info][gc,phases   ] GC(99) y: Young Generation 2882M(94%)->1956M(64%) 0.123s
[2026-06-26T17:59:54.406-0300][1501.118s][8748][8884 ][info][gc          ] GC(99) Minor Collection (High Usage) 2882M(94%)->1956M(64%) 0.123s
[2026-06-26T18:00:22.485-0300][1529.196s][8748][8884 ][info][gc          ] GC(100) Minor Collection (High Usage)
[2026-06-26T18:00:22.485-0300][1529.196s][8748][8884 ][info][gc,task     ] GC(100) Using 1 Workers for Young Generation
[2026-06-26T18:00:22.485-0300][1529.196s][8748][8884 ][info][gc,phases   ] GC(100) y: Young Generation
[2026-06-26T18:00:22.485-0300][1529.196s][8748][16824][info][gc,phases   ] GC(100) y: Pause Mark Start 0.011ms
[2026-06-26T18:00:22.618-0300][1529.329s][8748][8884 ][info][gc,phases   ] GC(100) y: Concurrent Mark 132.895ms
[2026-06-26T18:00:22.618-0300][1529.329s][8748][16824][info][gc,phases   ] GC(100) y: Pause Mark End 0.014ms
[2026-06-26T18:00:22.618-0300][1529.329s][8748][8884 ][info][gc,phases   ] GC(100) y: Concurrent Mark Free 0.003ms
[2026-06-26T18:00:22.618-0300][1529.329s][8748][8884 ][info][gc,phases   ] GC(100) y: Concurrent Reset Relocation Set 0.007ms
[2026-06-26T18:00:22.618-0300][1529.329s][8748][8884 ][info][gc,reloc    ] GC(100) y: Using tenuring threshold: 4 (Computed)
[2026-06-26T18:00:22.618-0300][1529.330s][8748][8884 ][info][gc,phases   ] GC(100) y: Concurrent Select Relocation Set 0.527ms
[2026-06-26T18:00:22.618-0300][1529.330s][8748][16824][info][gc,phases   ] GC(100) y: Pause Relocate Start 0.009ms
[2026-06-26T18:00:22.626-0300][1529.338s][8748][8884 ][info][gc,phases   ] GC(100) y: Concurrent Relocate 8.092ms
[2026-06-26T18:00:22.626-0300][1529.338s][8748][8884 ][info][gc,alloc    ] GC(100) y:                         Mark Start        Mark End      Relocate Start    Relocate End   
[2026-06-26T18:00:22.626-0300][1529.338s][8748][8884 ][info][gc,alloc    ] GC(100) y: Allocation Stalls:          0                0                0                0         
[2026-06-26T18:00:22.626-0300][1529.338s][8748][8884 ][info][gc,load     ] GC(100) y: Load: 0.00 (0%) / 0.00 (0%) / 0.00 (0%)
[2026-06-26T18:00:22.626-0300][1529.338s][8748][8884 ][info][gc,mmu      ] GC(100) y: MMU: 2ms/44.2%, 5ms/77.7%, 10ms/88.8%, 20ms/94.4%, 50ms/94.8%, 100ms/97.4%
[2026-06-26T18:00:22.626-0300][1529.338s][8748][8884 ][info][gc,marking  ] GC(100) y: Mark: 1 stripe(s), 2 proactive flush(es), 1 terminate flush(es), 0 completion(s), 0 continuation(s) 
[2026-06-26T18:00:22.626-0300][1529.338s][8748][8884 ][info][gc,nmethod  ] GC(100) y: NMethods: 10199 registered, 12147 unregistered
[2026-06-26T18:00:22.626-0300][1529.338s][8748][8884 ][info][gc,metaspace] GC(100) y: Metaspace: 81M used, 84M committed, 1152M reserved
[2026-06-26T18:00:22.626-0300][1529.338s][8748][8884 ][info][gc,reloc    ] GC(100) y:                        Candidates     Selected     In-Place         Size        Empty    Relocated 
[2026-06-26T18:00:22.626-0300][1529.338s][8748][8884 ][info][gc,reloc    ] GC(100) y: Small Pages:                  484          182            0         968M         582M           5M 
[2026-06-26T18:00:22.626-0300][1529.338s][8748][8884 ][info][gc,reloc    ] GC(100) y: Medium Pages:                   0            0            0           0M           0M           0M 
[2026-06-26T18:00:22.626-0300][1529.338s][8748][8884 ][info][gc,reloc    ] GC(100) y: Large Pages:                    0            0            0           0M           0M           0M 
[2026-06-26T18:00:22.626-0300][1529.338s][8748][8884 ][info][gc,reloc    ] GC(100) y: Forwarding Usage: 2M
[2026-06-26T18:00:22.626-0300][1529.338s][8748][8884 ][info][gc,reloc    ] GC(100) y: Age Table:
[2026-06-26T18:00:22.626-0300][1529.338s][8748][8884 ][info][gc,reloc    ] GC(100) y:                    Live             Garbage             Small              Medium             Large        
[2026-06-26T18:00:22.627-0300][1529.338s][8748][8884 ][info][gc,reloc    ] GC(100) y: Eden               7M (0%)          942M (31%)        475 / 179            0 / 0              0 / 0        
[2026-06-26T18:00:22.627-0300][1529.338s][8748][8884 ][info][gc,reloc    ] GC(100) y: Survivor 1         9M (0%)            4M (0%)           7 / 1              0 / 0              0 / 0        
[2026-06-26T18:00:22.627-0300][1529.338s][8748][8884 ][info][gc,reloc    ] GC(100) y: Survivor 2         0M (0%)            1M (0%)           1 / 1              0 / 0              0 / 0        
[2026-06-26T18:00:22.627-0300][1529.338s][8748][8884 ][info][gc,reloc    ] GC(100) y: Survivor 3         0M (0%)            1M (0%)           1 / 1              0 / 0              0 / 0        
[2026-06-26T18:00:22.627-0300][1529.338s][8748][8884 ][info][gc,heap     ] GC(100) y: Min Capacity: 8M(0%)
[2026-06-26T18:00:22.627-0300][1529.338s][8748][8884 ][info][gc,heap     ] GC(100) y: Max Capacity: 3072M(100%)
[2026-06-26T18:00:22.627-0300][1529.338s][8748][8884 ][info][gc,heap     ] GC(100) y: Soft Max Capacity: 3072M(100%)
[2026-06-26T18:00:22.627-0300][1529.338s][8748][8884 ][info][gc,heap     ] GC(100) y: Heap Statistics:
[2026-06-26T18:00:22.627-0300][1529.338s][8748][8884 ][info][gc,heap     ] GC(100) y:                Mark Start          Mark End        Relocate Start      Relocate End           High               Low         
[2026-06-26T18:00:22.627-0300][1529.338s][8748][8884 ][info][gc,heap     ] GC(100) y:  Capacity:     2908M (95%)        2908M (95%)        2908M (95%)        2908M (95%)        2908M (95%)        2908M (95%)    
[2026-06-26T18:00:22.627-0300][1529.338s][8748][8884 ][info][gc,heap     ] GC(100) y:      Free:      190M (6%)          166M (5%)          748M (24%)        1094M (36%)        1094M (36%)         166M (5%)     
[2026-06-26T18:00:22.627-0300][1529.338s][8748][8884 ][info][gc,heap     ] GC(100) y:      Used:     2882M (94%)        2906M (95%)        2324M (76%)        1978M (64%)        2906M (95%)        1978M (64%)    
[2026-06-26T18:00:22.627-0300][1529.338s][8748][8884 ][info][gc,heap     ] GC(100) y: Young Generation Statistics:
[2026-06-26T18:00:22.627-0300][1529.338s][8748][8884 ][info][gc,heap     ] GC(100) y:                Mark Start          Mark End        Relocate Start      Relocate End    
[2026-06-26T18:00:22.627-0300][1529.338s][8748][8884 ][info][gc,heap     ] GC(100) y:      Used:      968M (32%)         992M (32%)         410M (13%)          64M (2%)     
[2026-06-26T18:00:22.627-0300][1529.338s][8748][8884 ][info][gc,heap     ] GC(100) y:      Live:         -                18M (1%)           18M (1%)           18M (1%)     
[2026-06-26T18:00:22.627-0300][1529.338s][8748][8884 ][info][gc,heap     ] GC(100) y:   Garbage:         -               949M (31%)         367M (12%)           2M (0%)     
[2026-06-26T18:00:22.627-0300][1529.338s][8748][8884 ][info][gc,heap     ] GC(100) y: Allocated:         -                24M (1%)           24M (1%)           43M (1%)     
[2026-06-26T18:00:22.627-0300][1529.338s][8748][8884 ][info][gc,heap     ] GC(100) y: Reclaimed:         -                  -               582M (19%)         947M (31%)    
[2026-06-26T18:00:22.627-0300][1529.338s][8748][8884 ][info][gc,heap     ] GC(100) y:  Promoted:         -                  -                 0M (0%)            0M (0%)     
[2026-06-26T18:00:22.627-0300][1529.338s][8748][8884 ][info][gc,heap     ] GC(100) y: Compacted:         -                  -                  -                 6M (0%)     
[2026-06-26T18:00:22.627-0300][1529.338s][8748][8884 ][info][gc,phases   ] GC(100) y: Young Generation 2882M(94%)->1978M(64%) 0.142s
[2026-06-26T18:00:22.627-0300][1529.338s][8748][8884 ][info][gc          ] GC(100) Minor Collection (High Usage) 2882M(94%)->1978M(64%) 0.142s
[2026-06-26T18:00:44.263-0300][1550.974s][8748][8884 ][info][gc          ] GC(101) Minor Collection (High Usage)
[2026-06-26T18:00:44.263-0300][1550.974s][8748][8884 ][info][gc,task     ] GC(101) Using 1 Workers for Young Generation
[2026-06-26T18:00:44.263-0300][1550.974s][8748][8884 ][info][gc,phases   ] GC(101) y: Young Generation
[2026-06-26T18:00:44.263-0300][1550.974s][8748][16824][info][gc,phases   ] GC(101) y: Pause Mark Start 0.013ms
[2026-06-26T18:00:44.340-0300][1551.051s][8748][8884 ][info][gc,phases   ] GC(101) y: Concurrent Mark 77.303ms
[2026-06-26T18:00:44.340-0300][1551.051s][8748][16824][info][gc,phases   ] GC(101) y: Pause Mark End 0.011ms
[2026-06-26T18:00:44.340-0300][1551.051s][8748][8884 ][info][gc,phases   ] GC(101) y: Concurrent Mark Free 0.001ms
[2026-06-26T18:00:44.340-0300][1551.051s][8748][8884 ][info][gc,phases   ] GC(101) y: Concurrent Reset Relocation Set 0.006ms
[2026-06-26T18:00:44.340-0300][1551.052s][8748][8884 ][info][gc,reloc    ] GC(101) y: Using tenuring threshold: 1 (Computed)
[2026-06-26T18:00:44.350-0300][1551.061s][8748][8884 ][info][gc,phases   ] GC(101) y: Concurrent Select Relocation Set 9.829ms
[2026-06-26T18:00:44.350-0300][1551.061s][8748][16824][info][gc,phases   ] GC(101) y: Pause Relocate Start 0.011ms
[2026-06-26T18:00:44.370-0300][1551.082s][8748][8884 ][info][gc,phases   ] GC(101) y: Concurrent Relocate 20.252ms
[2026-06-26T18:00:44.370-0300][1551.082s][8748][8884 ][info][gc,alloc    ] GC(101) y:                         Mark Start        Mark End      Relocate Start    Relocate End   
[2026-06-26T18:00:44.370-0300][1551.082s][8748][8884 ][info][gc,alloc    ] GC(101) y: Allocation Stalls:          0                0                0                0         
[2026-06-26T18:00:44.370-0300][1551.082s][8748][8884 ][info][gc,load     ] GC(101) y: Load: 0.00 (0%) / 0.00 (0%) / 0.00 (0%)
[2026-06-26T18:00:44.370-0300][1551.082s][8748][8884 ][info][gc,mmu      ] GC(101) y: MMU: 2ms/44.2%, 5ms/77.7%, 10ms/88.8%, 20ms/94.4%, 50ms/94.8%, 100ms/97.4%
[2026-06-26T18:00:44.370-0300][1551.082s][8748][8884 ][info][gc,marking  ] GC(101) y: Mark: 1 stripe(s), 2 proactive flush(es), 1 terminate flush(es), 0 completion(s), 0 continuation(s) 
[2026-06-26T18:00:44.370-0300][1551.082s][8748][8884 ][info][gc,nmethod  ] GC(101) y: NMethods: 10215 registered, 12147 unregistered
[2026-06-26T18:00:44.370-0300][1551.082s][8748][8884 ][info][gc,metaspace] GC(101) y: Metaspace: 81M used, 84M committed, 1152M reserved
[2026-06-26T18:00:44.370-0300][1551.082s][8748][8884 ][info][gc,reloc    ] GC(101) y:                        Candidates     Selected     In-Place         Size        Empty    Relocated 
[2026-06-26T18:00:44.370-0300][1551.082s][8748][8884 ][info][gc,reloc    ] GC(101) y: Small Pages:                  484           96            0         968M         756M           2M 
[2026-06-26T18:00:44.370-0300][1551.082s][8748][8884 ][info][gc,reloc    ] GC(101) y: Medium Pages:                   0            0            0           0M           0M           0M 
[2026-06-26T18:00:44.370-0300][1551.082s][8748][8884 ][info][gc,reloc    ] GC(101) y: Large Pages:                    0            0            0           0M           0M           0M 
[2026-06-26T18:00:44.370-0300][1551.082s][8748][8884 ][info][gc,reloc    ] GC(101) y: Forwarding Usage: 1M
[2026-06-26T18:00:44.370-0300][1551.082s][8748][8884 ][info][gc,reloc    ] GC(101) y: Age Table:
[2026-06-26T18:00:44.370-0300][1551.082s][8748][8884 ][info][gc,reloc    ] GC(101) y:                    Live             Garbage             Small              Medium             Large        
[2026-06-26T18:00:44.370-0300][1551.082s][8748][8884 ][info][gc,reloc    ] GC(101) y: Eden               0M (0%)          927M (30%)        464 / 88             0 / 0              0 / 0        
[2026-06-26T18:00:44.370-0300][1551.082s][8748][8884 ][info][gc,reloc    ] GC(101) y: Survivor 1         7M (0%)           12M (0%)          10 / 3              0 / 0              0 / 0        
[2026-06-26T18:00:44.370-0300][1551.082s][8748][8884 ][info][gc,reloc    ] GC(101) y: Survivor 2         9M (0%)            6M (0%)           8 / 3              0 / 0              0 / 0        
[2026-06-26T18:00:44.370-0300][1551.082s][8748][8884 ][info][gc,reloc    ] GC(101) y: Survivor 3         0M (0%)            1M (0%)           1 / 1              0 / 0              0 / 0        
[2026-06-26T18:00:44.370-0300][1551.082s][8748][8884 ][info][gc,reloc    ] GC(101) y: Survivor 4         0M (0%)            1M (0%)           1 / 1              0 / 0              0 / 0        
[2026-06-26T18:00:44.370-0300][1551.082s][8748][8884 ][info][gc,heap     ] GC(101) y: Min Capacity: 8M(0%)
[2026-06-26T18:00:44.370-0300][1551.082s][8748][8884 ][info][gc,heap     ] GC(101) y: Max Capacity: 3072M(100%)
[2026-06-26T18:00:44.370-0300][1551.082s][8748][8884 ][info][gc,heap     ] GC(101) y: Soft Max Capacity: 3072M(100%)
[2026-06-26T18:00:44.370-0300][1551.082s][8748][8884 ][info][gc,heap     ] GC(101) y: Heap Statistics:
[2026-06-26T18:00:44.370-0300][1551.082s][8748][8884 ][info][gc,heap     ] GC(101) y:                Mark Start          Mark End        Relocate Start      Relocate End           High               Low         
[2026-06-26T18:00:44.370-0300][1551.082s][8748][8884 ][info][gc,heap     ] GC(101) y:  Capacity:     2908M (95%)        2908M (95%)        2908M (95%)        2908M (95%)        2908M (95%)        2908M (95%)    
[2026-06-26T18:00:44.370-0300][1551.082s][8748][8884 ][info][gc,heap     ] GC(101) y:      Free:      190M (6%)          168M (5%)          924M (30%)        1110M (36%)        1110M (36%)         168M (5%)     
[2026-06-26T18:00:44.370-0300][1551.082s][8748][8884 ][info][gc,heap     ] GC(101) y:      Used:     2882M (94%)        2904M (95%)        2148M (70%)        1962M (64%)        2904M (95%)        1962M (64%)    
[2026-06-26T18:00:44.370-0300][1551.082s][8748][8884 ][info][gc,heap     ] GC(101) y: Young Generation Statistics:
[2026-06-26T18:00:44.370-0300][1551.082s][8748][8884 ][info][gc,heap     ] GC(101) y:                Mark Start          Mark End        Relocate Start      Relocate End    
[2026-06-26T18:00:44.370-0300][1551.082s][8748][8884 ][info][gc,heap     ] GC(101) y:      Used:      968M (32%)         990M (32%)         220M (7%)           24M (1%)     
[2026-06-26T18:00:44.370-0300][1551.082s][8748][8884 ][info][gc,heap     ] GC(101) y:      Live:         -                18M (1%)            5M (0%)            0M (0%)     
[2026-06-26T18:00:44.370-0300][1551.082s][8748][8884 ][info][gc,heap     ] GC(101) y:   Garbage:         -               949M (31%)         192M (6%)            0M (0%)     
[2026-06-26T18:00:44.370-0300][1551.082s][8748][8884 ][info][gc,heap     ] GC(101) y: Allocated:         -                22M (1%)           22M (1%)           23M (1%)     
[2026-06-26T18:00:44.370-0300][1551.082s][8748][8884 ][info][gc,heap     ] GC(101) y: Reclaimed:         -                  -               756M (25%)         949M (31%)    
[2026-06-26T18:00:44.370-0300][1551.082s][8748][8884 ][info][gc,heap     ] GC(101) y:  Promoted:         -                  -                13M (0%)           17M (1%)     
[2026-06-26T18:00:44.370-0300][1551.082s][8748][8884 ][info][gc,heap     ] GC(101) y: Compacted:         -                  -                  -                 0M (0%)     
[2026-06-26T18:00:44.370-0300][1551.082s][8748][8884 ][info][gc,phases   ] GC(101) y: Young Generation 2882M(94%)->1962M(64%) 0.108s
[2026-06-26T18:00:44.370-0300][1551.082s][8748][8884 ][info][gc          ] GC(101) Minor Collection (High Usage) 2882M(94%)->1964M(64%) 0.108s
[2026-06-26T18:01:19.863-0300][1586.574s][8748][8884 ][info][gc          ] GC(102) Minor Collection (High Usage)
[2026-06-26T18:01:19.863-0300][1586.574s][8748][8884 ][info][gc,task     ] GC(102) Using 1 Workers for Young Generation
[2026-06-26T18:01:19.863-0300][1586.574s][8748][8884 ][info][gc,phases   ] GC(102) y: Young Generation
[2026-06-26T18:01:19.863-0300][1586.574s][8748][16824][info][gc,phases   ] GC(102) y: Pause Mark Start 0.010ms
[2026-06-26T18:01:20.055-0300][1586.766s][8748][8884 ][info][gc,phases   ] GC(102) y: Concurrent Mark 191.756ms
[2026-06-26T18:01:20.056-0300][1586.766s][8748][16824][info][gc,phases   ] GC(102) y: Pause Mark End 0.015ms
[2026-06-26T18:01:20.056-0300][1586.766s][8748][8884 ][info][gc,phases   ] GC(102) y: Concurrent Mark Free 0.002ms
[2026-06-26T18:01:20.056-0300][1586.767s][8748][8884 ][info][gc,phases   ] GC(102) y: Concurrent Reset Relocation Set 0.159ms
[2026-06-26T18:01:20.056-0300][1586.767s][8748][8884 ][info][gc,reloc    ] GC(102) y: Using tenuring threshold: 2 (Computed)
[2026-06-26T18:01:20.057-0300][1586.768s][8748][8884 ][info][gc,phases   ] GC(102) y: Concurrent Select Relocation Set 1.650ms
[2026-06-26T18:01:20.057-0300][1586.768s][8748][16824][info][gc,phases   ] GC(102) y: Pause Relocate Start 0.008ms
[2026-06-26T18:01:20.079-0300][1586.790s][8748][8884 ][info][gc,phases   ] GC(102) y: Concurrent Relocate 21.502ms
[2026-06-26T18:01:20.079-0300][1586.790s][8748][8884 ][info][gc,alloc    ] GC(102) y:                         Mark Start        Mark End      Relocate Start    Relocate End   
[2026-06-26T18:01:20.079-0300][1586.790s][8748][8884 ][info][gc,alloc    ] GC(102) y: Allocation Stalls:          0                0                0                0         
[2026-06-26T18:01:20.079-0300][1586.790s][8748][8884 ][info][gc,load     ] GC(102) y: Load: 0.00 (0%) / 0.00 (0%) / 0.00 (0%)
[2026-06-26T18:01:20.079-0300][1586.790s][8748][8884 ][info][gc,mmu      ] GC(102) y: MMU: 2ms/44.2%, 5ms/77.7%, 10ms/88.8%, 20ms/94.4%, 50ms/94.8%, 100ms/97.4%
[2026-06-26T18:01:20.079-0300][1586.790s][8748][8884 ][info][gc,marking  ] GC(102) y: Mark: 1 stripe(s), 2 proactive flush(es), 1 terminate flush(es), 0 completion(s), 0 continuation(s) 
[2026-06-26T18:01:20.079-0300][1586.790s][8748][8884 ][info][gc,nmethod  ] GC(102) y: NMethods: 10455 registered, 12147 unregistered
[2026-06-26T18:01:20.079-0300][1586.790s][8748][8884 ][info][gc,metaspace] GC(102) y: Metaspace: 81M used, 84M committed, 1152M reserved
[2026-06-26T18:01:20.079-0300][1586.790s][8748][8884 ][info][gc,reloc    ] GC(102) y:                        Candidates     Selected     In-Place         Size        Empty    Relocated 
[2026-06-26T18:01:20.079-0300][1586.790s][8748][8884 ][info][gc,reloc    ] GC(102) y: Small Pages:                  472          260            0         944M         394M          13M 
[2026-06-26T18:01:20.079-0300][1586.790s][8748][8884 ][info][gc,reloc    ] GC(102) y: Medium Pages:                   0            0            0           0M           0M           0M 
[2026-06-26T18:01:20.079-0300][1586.790s][8748][8884 ][info][gc,reloc    ] GC(102) y: Large Pages:                    0            0            0           0M           0M           0M 
[2026-06-26T18:01:20.079-0300][1586.790s][8748][8884 ][info][gc,reloc    ] GC(102) y: Forwarding Usage: 7M
[2026-06-26T18:01:20.079-0300][1586.790s][8748][8884 ][info][gc,reloc    ] GC(102) y: Age Table:
[2026-06-26T18:01:20.079-0300][1586.790s][8748][8884 ][info][gc,reloc    ] GC(102) y:                    Live             Garbage             Small              Medium             Large        
[2026-06-26T18:01:20.079-0300][1586.790s][8748][8884 ][info][gc,reloc    ] GC(102) y: Eden              24M (1%)          917M (30%)        471 / 259            0 / 0              0 / 0        
[2026-06-26T18:01:20.079-0300][1586.790s][8748][8884 ][info][gc,reloc    ] GC(102) y: Survivor 1         0M (0%)            1M (0%)           1 / 1              0 / 0              0 / 0        
[2026-06-26T18:01:20.079-0300][1586.790s][8748][8884 ][info][gc,heap     ] GC(102) y: Min Capacity: 8M(0%)
[2026-06-26T18:01:20.079-0300][1586.790s][8748][8884 ][info][gc,heap     ] GC(102) y: Max Capacity: 3072M(100%)
[2026-06-26T18:01:20.079-0300][1586.790s][8748][8884 ][info][gc,heap     ] GC(102) y: Soft Max Capacity: 3072M(100%)
[2026-06-26T18:01:20.079-0300][1586.790s][8748][8884 ][info][gc,heap     ] GC(102) y: Heap Statistics:
[2026-06-26T18:01:20.079-0300][1586.790s][8748][8884 ][info][gc,heap     ] GC(102) y:                Mark Start          Mark End        Relocate Start      Relocate End           High               Low         
[2026-06-26T18:01:20.079-0300][1586.790s][8748][8884 ][info][gc,heap     ] GC(102) y:  Capacity:     2908M (95%)        2908M (95%)        2908M (95%)        2908M (95%)        2908M (95%)        2908M (95%)    
[2026-06-26T18:01:20.079-0300][1586.790s][8748][8884 ][info][gc,heap     ] GC(102) y:      Free:      190M (6%)          172M (6%)          566M (18%)        1072M (35%)        1072M (35%)         172M (6%)     
[2026-06-26T18:01:20.079-0300][1586.790s][8748][8884 ][info][gc,heap     ] GC(102) y:      Used:     2882M (94%)        2900M (94%)        2506M (82%)        2000M (65%)        2900M (94%)        2000M (65%)    
[2026-06-26T18:01:20.079-0300][1586.790s][8748][8884 ][info][gc,heap     ] GC(102) y: Young Generation Statistics:
[2026-06-26T18:01:20.079-0300][1586.790s][8748][8884 ][info][gc,heap     ] GC(102) y:                Mark Start          Mark End        Relocate Start      Relocate End    
[2026-06-26T18:01:20.079-0300][1586.790s][8748][8884 ][info][gc,heap     ] GC(102) y:      Used:      944M (31%)         962M (31%)         568M (18%)          62M (2%)     
[2026-06-26T18:01:20.079-0300][1586.790s][8748][8884 ][info][gc,heap     ] GC(102) y:      Live:         -                24M (1%)           24M (1%)           24M (1%)     
[2026-06-26T18:01:20.079-0300][1586.790s][8748][8884 ][info][gc,heap     ] GC(102) y:   Garbage:         -               919M (30%)         525M (17%)           2M (0%)     
[2026-06-26T18:01:20.079-0300][1586.790s][8748][8884 ][info][gc,heap     ] GC(102) y: Allocated:         -                18M (1%)           18M (1%)           35M (1%)     
[2026-06-26T18:01:20.079-0300][1586.790s][8748][8884 ][info][gc,heap     ] GC(102) y: Reclaimed:         -                  -               394M (13%)         917M (30%)    
[2026-06-26T18:01:20.079-0300][1586.790s][8748][8884 ][info][gc,heap     ] GC(102) y:  Promoted:         -                  -                 0M (0%)            0M (0%)     
[2026-06-26T18:01:20.079-0300][1586.790s][8748][8884 ][info][gc,heap     ] GC(102) y: Compacted:         -                  -                  -                20M (1%)     
[2026-06-26T18:01:20.079-0300][1586.790s][8748][8884 ][info][gc,phases   ] GC(102) y: Young Generation 2882M(94%)->2000M(65%) 0.216s
[2026-06-26T18:01:20.079-0300][1586.790s][8748][8884 ][info][gc          ] GC(102) Minor Collection (High Usage) 2882M(94%)->2000M(65%) 0.216s
[2026-06-26T18:01:43.770-0300][1610.480s][8748][7584 ][info][gc          ] GC(103) Major Collection (Proactive)
[2026-06-26T18:01:43.770-0300][1610.480s][8748][7584 ][info][gc,task     ] GC(103) Using 1 Workers for Young Generation
[2026-06-26T18:01:43.770-0300][1610.480s][8748][7584 ][info][gc,task     ] GC(103) Using 1 Workers for Old Generation
[2026-06-26T18:01:43.770-0300][1610.481s][8748][7584 ][info][gc,phases   ] GC(103) Y: Young Generation
[2026-06-26T18:01:43.770-0300][1610.481s][8748][16824][info][gc,phases   ] GC(103) Y: Pause Mark Start (Major) 0.015ms
[2026-06-26T18:01:43.894-0300][1610.605s][8748][7584 ][info][gc,phases   ] GC(103) Y: Concurrent Mark 124.240ms
[2026-06-26T18:01:43.894-0300][1610.605s][8748][16824][info][gc,phases   ] GC(103) Y: Pause Mark End 0.014ms
[2026-06-26T18:01:43.894-0300][1610.605s][8748][7584 ][info][gc,phases   ] GC(103) Y: Concurrent Mark Free 0.004ms
[2026-06-26T18:01:43.894-0300][1610.605s][8748][7584 ][info][gc,phases   ] GC(103) Y: Concurrent Reset Relocation Set 0.013ms
[2026-06-26T18:01:43.894-0300][1610.605s][8748][7584 ][info][gc,reloc    ] GC(103) Y: Using tenuring threshold: 3 (Computed)
[2026-06-26T18:01:43.895-0300][1610.606s][8748][7584 ][info][gc,phases   ] GC(103) Y: Concurrent Select Relocation Set 0.861ms
[2026-06-26T18:01:43.895-0300][1610.606s][8748][16824][info][gc,phases   ] GC(103) Y: Pause Relocate Start 0.006ms
[2026-06-26T18:01:43.902-0300][1610.613s][8748][7584 ][info][gc,phases   ] GC(103) Y: Concurrent Relocate 7.144ms
[2026-06-26T18:01:43.902-0300][1610.613s][8748][7584 ][info][gc,alloc    ] GC(103) Y:                         Mark Start        Mark End      Relocate Start    Relocate End   
[2026-06-26T18:01:43.903-0300][1610.613s][8748][7584 ][info][gc,alloc    ] GC(103) Y: Allocation Stalls:          0                0                0                0         
[2026-06-26T18:01:43.903-0300][1610.613s][8748][7584 ][info][gc,load     ] GC(103) Y: Load: 0.00 (0%) / 0.00 (0%) / 0.00 (0%)
[2026-06-26T18:01:43.903-0300][1610.613s][8748][7584 ][info][gc,mmu      ] GC(103) Y: MMU: 2ms/44.2%, 5ms/77.7%, 10ms/88.8%, 20ms/94.4%, 50ms/94.8%, 100ms/97.4%
[2026-06-26T18:01:43.903-0300][1610.613s][8748][7584 ][info][gc,marking  ] GC(103) Y: Mark: 1 stripe(s), 2 proactive flush(es), 1 terminate flush(es), 0 completion(s), 0 continuation(s) 
[2026-06-26T18:01:43.903-0300][1610.613s][8748][7584 ][info][gc,nmethod  ] GC(103) Y: NMethods: 10542 registered, 12147 unregistered
[2026-06-26T18:01:43.903-0300][1610.613s][8748][7584 ][info][gc,metaspace] GC(103) Y: Metaspace: 81M used, 84M committed, 1152M reserved
[2026-06-26T18:01:43.903-0300][1610.613s][8748][7584 ][info][gc,reloc    ] GC(103) Y:                        Candidates     Selected     In-Place         Size        Empty    Relocated 
[2026-06-26T18:01:43.903-0300][1610.613s][8748][7584 ][info][gc,reloc    ] GC(103) Y: Small Pages:                  342          194            0         684M         262M           3M 
[2026-06-26T18:01:43.903-0300][1610.613s][8748][7584 ][info][gc,reloc    ] GC(103) Y: Medium Pages:                   0            0            0           0M           0M           0M 
[2026-06-26T18:01:43.903-0300][1610.613s][8748][7584 ][info][gc,reloc    ] GC(103) Y: Large Pages:                    0            0            0           0M           0M           0M 
[2026-06-26T18:01:43.903-0300][1610.613s][8748][7584 ][info][gc,reloc    ] GC(103) Y: Forwarding Usage: 2M
[2026-06-26T18:01:43.903-0300][1610.613s][8748][7584 ][info][gc,reloc    ] GC(103) Y: Age Table:
[2026-06-26T18:01:43.903-0300][1610.613s][8748][7584 ][info][gc,reloc    ] GC(103) Y:                    Live             Garbage             Small              Medium             Large        
[2026-06-26T18:01:43.903-0300][1610.613s][8748][7584 ][info][gc,reloc    ] GC(103) Y: Eden               6M (0%)          635M (21%)        321 / 190            0 / 0              0 / 0        
[2026-06-26T18:01:43.903-0300][1610.613s][8748][7584 ][info][gc,reloc    ] GC(103) Y: Survivor 1        21M (1%)           18M (1%)          20 / 3              0 / 0              0 / 0        
[2026-06-26T18:01:43.903-0300][1610.613s][8748][7584 ][info][gc,reloc    ] GC(103) Y: Survivor 2         0M (0%)            1M (0%)           1 / 1              0 / 0              0 / 0        
[2026-06-26T18:01:43.903-0300][1610.613s][8748][7584 ][info][gc,heap     ] GC(103) Y: Min Capacity: 8M(0%)
[2026-06-26T18:01:43.903-0300][1610.613s][8748][7584 ][info][gc,heap     ] GC(103) Y: Max Capacity: 3072M(100%)
[2026-06-26T18:01:43.903-0300][1610.613s][8748][7584 ][info][gc,heap     ] GC(103) Y: Soft Max Capacity: 3072M(100%)
[2026-06-26T18:01:43.903-0300][1610.613s][8748][7584 ][info][gc,heap     ] GC(103) Y: Heap Statistics:
[2026-06-26T18:01:43.903-0300][1610.613s][8748][7584 ][info][gc,heap     ] GC(103) Y:                Mark Start          Mark End        Relocate Start      Relocate End           High               Low         
[2026-06-26T18:01:43.903-0300][1610.613s][8748][7584 ][info][gc,heap     ] GC(103) Y:  Capacity:     2908M (95%)        2908M (95%)        2908M (95%)        2908M (95%)        2908M (95%)        2908M (95%)    
[2026-06-26T18:01:43.903-0300][1610.613s][8748][7584 ][info][gc,heap     ] GC(103) Y:      Free:      450M (15%)         430M (14%)         692M (23%)        1072M (35%)        1072M (35%)         430M (14%)    
[2026-06-26T18:01:43.903-0300][1610.614s][8748][7584 ][info][gc,heap     ] GC(103) Y:      Used:     2622M (85%)        2642M (86%)        2380M (77%)        2000M (65%)        2642M (86%)        2000M (65%)    
[2026-06-26T18:01:43.903-0300][1610.614s][8748][7584 ][info][gc,heap     ] GC(103) Y: Young Generation Statistics:
[2026-06-26T18:01:43.903-0300][1610.614s][8748][7584 ][info][gc,heap     ] GC(103) Y:                Mark Start          Mark End        Relocate Start      Relocate End    
[2026-06-26T18:01:43.903-0300][1610.614s][8748][7584 ][info][gc,heap     ] GC(103) Y:      Used:      684M (22%)         704M (23%)         442M (14%)          62M (2%)     
[2026-06-26T18:01:43.903-0300][1610.614s][8748][7584 ][info][gc,heap     ] GC(103) Y:      Live:         -                28M (1%)           28M (1%)           28M (1%)     
[2026-06-26T18:01:43.903-0300][1610.614s][8748][7584 ][info][gc,heap     ] GC(103) Y:   Garbage:         -               655M (21%)         393M (13%)           4M (0%)     
[2026-06-26T18:01:43.903-0300][1610.614s][8748][7584 ][info][gc,heap     ] GC(103) Y: Allocated:         -                20M (1%)           20M (1%)           29M (1%)     
[2026-06-26T18:01:43.903-0300][1610.614s][8748][7584 ][info][gc,heap     ] GC(103) Y: Reclaimed:         -                  -               262M (9%)          651M (21%)    
[2026-06-26T18:01:43.903-0300][1610.614s][8748][7584 ][info][gc,heap     ] GC(103) Y:  Promoted:         -                  -                 0M (0%)            0M (0%)     
[2026-06-26T18:01:43.903-0300][1610.614s][8748][7584 ][info][gc,heap     ] GC(103) Y: Compacted:         -                  -                  -                 6M (0%)     
[2026-06-26T18:01:43.903-0300][1610.614s][8748][7584 ][info][gc,phases   ] GC(103) Y: Young Generation 2622M(85%)->2000M(65%) 0.133s
[2026-06-26T18:01:43.903-0300][1610.614s][8748][7584 ][info][gc,phases   ] GC(103) O: Old Generation
[2026-06-26T18:01:46.827-0300][1613.538s][8748][7584 ][info][gc,phases   ] GC(103) O: Concurrent Mark 2924.760ms
[2026-06-26T18:01:46.827-0300][1613.538s][8748][16824][info][gc,phases   ] GC(103) O: Pause Mark End 0.015ms
[2026-06-26T18:01:46.827-0300][1613.539s][8748][7584 ][info][gc,phases   ] GC(103) O: Concurrent Mark Free 0.003ms
[2026-06-26T18:01:46.857-0300][1613.568s][8748][7584 ][info][gc,phases   ] GC(103) O: Concurrent Process Non-Strong 29.129ms
[2026-06-26T18:01:46.857-0300][1613.568s][8748][7584 ][info][gc,phases   ] GC(103) O: Concurrent Reset Relocation Set 0.004ms
[2026-06-26T18:01:46.861-0300][1613.572s][8748][7584 ][info][gc,phases   ] GC(103) O: Concurrent Select Relocation Set 4.529ms
[2026-06-26T18:01:46.861-0300][1613.572s][8748][7584 ][info][gc,task     ] GC(103) O: Using 2 Workers for Old Generation
[2026-06-26T18:01:46.872-0300][1613.583s][8748][7584 ][info][gc,task     ] GC(103) O: Using 1 Workers for Old Generation
[2026-06-26T18:01:46.872-0300][1613.583s][8748][7584 ][info][gc,phases   ] GC(103) O: Concurrent Remap Roots 10.858ms
[2026-06-26T18:01:46.872-0300][1613.583s][8748][16824][info][gc,phases   ] GC(103) O: Pause Relocate Start 0.010ms
[2026-06-26T18:01:46.943-0300][1613.654s][8748][7584 ][info][gc,phases   ] GC(103) O: Concurrent Relocate 70.737ms
[2026-06-26T18:01:46.943-0300][1613.654s][8748][7584 ][info][gc,alloc    ] GC(103) O:                         Mark Start        Mark End      Relocate Start    Relocate End   
[2026-06-26T18:01:46.943-0300][1613.654s][8748][7584 ][info][gc,alloc    ] GC(103) O: Allocation Stalls:          0                0                0                0         
[2026-06-26T18:01:46.943-0300][1613.654s][8748][7584 ][info][gc,load     ] GC(103) O: Load: 0.00 (0%) / 0.00 (0%) / 0.00 (0%)
[2026-06-26T18:01:46.943-0300][1613.654s][8748][7584 ][info][gc,mmu      ] GC(103) O: MMU: 2ms/44.2%, 5ms/77.7%, 10ms/88.8%, 20ms/94.4%, 50ms/94.8%, 100ms/97.4%
[2026-06-26T18:01:46.943-0300][1613.654s][8748][7584 ][info][gc,marking  ] GC(103) O: Mark: 1 stripe(s), 2 proactive flush(es), 1 terminate flush(es), 0 completion(s), 0 continuation(s) 
[2026-06-26T18:01:46.943-0300][1613.654s][8748][7584 ][info][gc,nmethod  ] GC(103) O: NMethods: 10380 registered, 12340 unregistered
[2026-06-26T18:01:46.943-0300][1613.654s][8748][7584 ][info][gc,metaspace] GC(103) O: Metaspace: 81M used, 84M committed, 1152M reserved
[2026-06-26T18:01:46.943-0300][1613.654s][8748][7584 ][info][gc,ref      ] GC(103) O:                       Encountered   Discovered     Enqueued 
[2026-06-26T18:01:46.943-0300][1613.654s][8748][7584 ][info][gc,ref      ] GC(103) O: Soft References:             3486          404            0 
[2026-06-26T18:01:46.943-0300][1613.654s][8748][7584 ][info][gc,ref      ] GC(103) O: Weak References:             6341         5234            6 
[2026-06-26T18:01:46.943-0300][1613.654s][8748][7584 ][info][gc,ref      ] GC(103) O: Final References:              16            0            0 
[2026-06-26T18:01:46.943-0300][1613.654s][8748][7584 ][info][gc,ref      ] GC(103) O: Phantom References:          9128         8094          183 
[2026-06-26T18:01:46.943-0300][1613.654s][8748][7584 ][info][gc,reloc    ] GC(103) O:                        Candidates     Selected     In-Place         Size        Empty    Relocated 
[2026-06-26T18:01:46.943-0300][1613.654s][8748][7584 ][info][gc,reloc    ] GC(103) O: Small Pages:                  907           25            0        1814M           0M          14M 
[2026-06-26T18:01:46.943-0300][1613.654s][8748][7584 ][info][gc,reloc    ] GC(103) O: Medium Pages:                   2            0            0          64M           0M           0M 
[2026-06-26T18:01:46.943-0300][1613.654s][8748][7584 ][info][gc,reloc    ] GC(103) O: Large Pages:                    5            0            0          60M           0M           0M 
[2026-06-26T18:01:46.943-0300][1613.654s][8748][7584 ][info][gc,reloc    ] GC(103) O: Forwarding Usage: 21M
[2026-06-26T18:01:46.943-0300][1613.654s][8748][7584 ][info][gc,heap     ] GC(103) O: Min Capacity: 8M(0%)
[2026-06-26T18:01:46.943-0300][1613.654s][8748][7584 ][info][gc,heap     ] GC(103) O: Max Capacity: 3072M(100%)
[2026-06-26T18:01:46.943-0300][1613.654s][8748][7584 ][info][gc,heap     ] GC(103) O: Soft Max Capacity: 3072M(100%)
[2026-06-26T18:01:46.943-0300][1613.654s][8748][7584 ][info][gc,heap     ] GC(103) O: Heap Statistics:
[2026-06-26T18:01:46.943-0300][1613.654s][8748][7584 ][info][gc,heap     ] GC(103) O:                Mark Start          Mark End        Relocate Start      Relocate End           High               Low         
[2026-06-26T18:01:46.943-0300][1613.654s][8748][7584 ][info][gc,heap     ] GC(103) O:  Capacity:     2908M (95%)        2908M (95%)        2908M (95%)        2908M (95%)        2908M (95%)        2908M (95%)    
[2026-06-26T18:01:46.943-0300][1613.654s][8748][7584 ][info][gc,heap     ] GC(103) O:      Free:      450M (15%)         974M (32%)         972M (32%)        1012M (33%)        1072M (35%)         430M (14%)    
[2026-06-26T18:01:46.943-0300][1613.654s][8748][7584 ][info][gc,heap     ] GC(103) O:      Used:     2622M (85%)        2098M (68%)        2100M (68%)        2060M (67%)        2642M (86%)        2000M (65%)    
[2026-06-26T18:01:46.943-0300][1613.654s][8748][7584 ][info][gc,heap     ] GC(103) O: Old Generation Statistics:
[2026-06-26T18:01:46.943-0300][1613.654s][8748][7584 ][info][gc,heap     ] GC(103) O:                Mark Start          Mark End        Relocate Start      Relocate End    
[2026-06-26T18:01:46.943-0300][1613.654s][8748][7584 ][info][gc,heap     ] GC(103) O:      Used:     1938M (63%)        1938M (63%)        1938M (63%)        1896M (62%)    
[2026-06-26T18:01:46.943-0300][1613.654s][8748][7584 ][info][gc,heap     ] GC(103) O:      Live:         -              1784M (58%)        1784M (58%)        1784M (58%)    
[2026-06-26T18:01:46.943-0300][1613.654s][8748][7584 ][info][gc,heap     ] GC(103) O:   Garbage:         -               153M (5%)          153M (5%)           95M (3%)     
[2026-06-26T18:01:46.943-0300][1613.654s][8748][7584 ][info][gc,heap     ] GC(103) O: Allocated:         -                 0M (0%)            0M (0%)           16M (1%)     
[2026-06-26T18:01:46.943-0300][1613.654s][8748][7584 ][info][gc,heap     ] GC(103) O: Reclaimed:         -                  -                 0M (0%)           58M (2%)     
[2026-06-26T18:01:46.943-0300][1613.654s][8748][7584 ][info][gc,heap     ] GC(103) O: Compacted:         -                  -                  -                57M (2%)     
[2026-06-26T18:01:46.943-0300][1613.654s][8748][7584 ][info][gc,phases   ] GC(103) O: Old Generation 2000M(65%)->2060M(67%) 3.040s
[2026-06-26T18:01:46.943-0300][1613.654s][8748][7584 ][info][gc          ] GC(103) Major Collection (Proactive) 2622M(85%)->2060M(67%) 3.174s
[2026-06-26T18:02:19.310-0300][1646.021s][8748][8884 ][info][gc          ] GC(104) Minor Collection (High Usage)
[2026-06-26T18:02:19.310-0300][1646.021s][8748][8884 ][info][gc,task     ] GC(104) Using 1 Workers for Young Generation
[2026-06-26T18:02:19.310-0300][1646.021s][8748][8884 ][info][gc,phases   ] GC(104) y: Young Generation
[2026-06-26T18:02:19.310-0300][1646.021s][8748][16824][info][gc,phases   ] GC(104) y: Pause Mark Start 0.010ms
[2026-06-26T18:02:19.439-0300][1646.151s][8748][8884 ][info][gc,phases   ] GC(104) y: Concurrent Mark 129.697ms
[2026-06-26T18:02:19.439-0300][1646.151s][8748][16824][info][gc,phases   ] GC(104) y: Pause Mark End 0.013ms
[2026-06-26T18:02:19.439-0300][1646.151s][8748][8884 ][info][gc,phases   ] GC(104) y: Concurrent Mark Free 0.002ms
[2026-06-26T18:02:19.439-0300][1646.151s][8748][8884 ][info][gc,phases   ] GC(104) y: Concurrent Reset Relocation Set 0.008ms
[2026-06-26T18:02:19.440-0300][1646.151s][8748][8884 ][info][gc,reloc    ] GC(104) y: Using tenuring threshold: 2 (Computed)
[2026-06-26T18:02:19.453-0300][1646.164s][8748][8884 ][info][gc,phases   ] GC(104) y: Concurrent Select Relocation Set 13.077ms
[2026-06-26T18:02:19.453-0300][1646.164s][8748][16824][info][gc,phases   ] GC(104) y: Pause Relocate Start 0.010ms
[2026-06-26T18:02:19.485-0300][1646.197s][8748][8884 ][info][gc,phases   ] GC(104) y: Concurrent Relocate 32.844ms
[2026-06-26T18:02:19.486-0300][1646.197s][8748][8884 ][info][gc,alloc    ] GC(104) y:                         Mark Start        Mark End      Relocate Start    Relocate End   
[2026-06-26T18:02:19.486-0300][1646.197s][8748][8884 ][info][gc,alloc    ] GC(104) y: Allocation Stalls:          0                0                0                0         
[2026-06-26T18:02:19.486-0300][1646.197s][8748][8884 ][info][gc,load     ] GC(104) y: Load: 0.00 (0%) / 0.00 (0%) / 0.00 (0%)
[2026-06-26T18:02:19.486-0300][1646.197s][8748][8884 ][info][gc,mmu      ] GC(104) y: MMU: 2ms/44.2%, 5ms/77.7%, 10ms/88.8%, 20ms/94.4%, 50ms/94.8%, 100ms/97.4%
[2026-06-26T18:02:19.486-0300][1646.197s][8748][8884 ][info][gc,marking  ] GC(104) y: Mark: 1 stripe(s), 2 proactive flush(es), 1 terminate flush(es), 0 completion(s), 0 continuation(s) 
[2026-06-26T18:02:19.486-0300][1646.197s][8748][8884 ][info][gc,nmethod  ] GC(104) y: NMethods: 10440 registered, 12340 unregistered
[2026-06-26T18:02:19.486-0300][1646.197s][8748][8884 ][info][gc,metaspace] GC(104) y: Metaspace: 81M used, 84M committed, 1152M reserved
[2026-06-26T18:02:19.486-0300][1646.197s][8748][8884 ][info][gc,reloc    ] GC(104) y:                        Candidates     Selected     In-Place         Size        Empty    Relocated 
[2026-06-26T18:02:19.486-0300][1646.197s][8748][8884 ][info][gc,reloc    ] GC(104) y: Small Pages:                  493          286            0         986M         378M           9M 
[2026-06-26T18:02:19.486-0300][1646.197s][8748][8884 ][info][gc,reloc    ] GC(104) y: Medium Pages:                   0            0            0           0M           0M           0M 
[2026-06-26T18:02:19.486-0300][1646.197s][8748][8884 ][info][gc,reloc    ] GC(104) y: Large Pages:                    0            0            0           0M           0M           0M 
[2026-06-26T18:02:19.486-0300][1646.197s][8748][8884 ][info][gc,reloc    ] GC(104) y: Forwarding Usage: 5M
[2026-06-26T18:02:19.486-0300][1646.197s][8748][8884 ][info][gc,reloc    ] GC(104) y: Age Table:
[2026-06-26T18:02:19.486-0300][1646.197s][8748][8884 ][info][gc,reloc    ] GC(104) y:                    Live             Garbage             Small              Medium             Large        
[2026-06-26T18:02:19.486-0300][1646.197s][8748][8884 ][info][gc,reloc    ] GC(104) y: Eden               9M (0%)          934M (30%)        472 / 277            0 / 0              0 / 0        
[2026-06-26T18:02:19.486-0300][1646.197s][8748][8884 ][info][gc,reloc    ] GC(104) y: Survivor 1         2M (0%)            9M (0%)           6 / 5              0 / 0              0 / 0        
[2026-06-26T18:02:19.486-0300][1646.197s][8748][8884 ][info][gc,reloc    ] GC(104) y: Survivor 2        18M (1%)            9M (0%)          14 / 3              0 / 0              0 / 0        
[2026-06-26T18:02:19.486-0300][1646.197s][8748][8884 ][info][gc,reloc    ] GC(104) y: Survivor 3         0M (0%)            1M (0%)           1 / 1              0 / 0              0 / 0        
[2026-06-26T18:02:19.486-0300][1646.197s][8748][8884 ][info][gc,heap     ] GC(104) y: Min Capacity: 8M(0%)
[2026-06-26T18:02:19.486-0300][1646.197s][8748][8884 ][info][gc,heap     ] GC(104) y: Max Capacity: 3072M(100%)
[2026-06-26T18:02:19.486-0300][1646.197s][8748][8884 ][info][gc,heap     ] GC(104) y: Soft Max Capacity: 3072M(100%)
[2026-06-26T18:02:19.486-0300][1646.197s][8748][8884 ][info][gc,heap     ] GC(104) y: Heap Statistics:
[2026-06-26T18:02:19.486-0300][1646.197s][8748][8884 ][info][gc,heap     ] GC(104) y:                Mark Start          Mark End        Relocate Start      Relocate End           High               Low         
[2026-06-26T18:02:19.486-0300][1646.197s][8748][8884 ][info][gc,heap     ] GC(104) y:  Capacity:     2908M (95%)        2908M (95%)        2908M (95%)        2908M (95%)        2908M (95%)        2908M (95%)    
[2026-06-26T18:02:19.486-0300][1646.197s][8748][8884 ][info][gc,heap     ] GC(104) y:      Free:      190M (6%)          172M (6%)          550M (18%)        1110M (36%)        1110M (36%)         172M (6%)     
[2026-06-26T18:02:19.486-0300][1646.197s][8748][8884 ][info][gc,heap     ] GC(104) y:      Used:     2882M (94%)        2900M (94%)        2522M (82%)        1962M (64%)        2900M (94%)        1962M (64%)    
[2026-06-26T18:02:19.486-0300][1646.197s][8748][8884 ][info][gc,heap     ] GC(104) y: Young Generation Statistics:
[2026-06-26T18:02:19.486-0300][1646.197s][8748][8884 ][info][gc,heap     ] GC(104) y:                Mark Start          Mark End        Relocate Start      Relocate End    
[2026-06-26T18:02:19.486-0300][1646.197s][8748][8884 ][info][gc,heap     ] GC(104) y:      Used:      986M (32%)        1004M (33%)         612M (20%)          44M (1%)     
[2026-06-26T18:02:19.486-0300][1646.197s][8748][8884 ][info][gc,heap     ] GC(104) y:      Live:         -                30M (1%)           18M (1%)           12M (0%)     
[2026-06-26T18:02:19.486-0300][1646.197s][8748][8884 ][info][gc,heap     ] GC(104) y:   Garbage:         -               955M (31%)         575M (19%)           0M (0%)     
[2026-06-26T18:02:19.486-0300][1646.197s][8748][8884 ][info][gc,heap     ] GC(104) y: Allocated:         -                18M (1%)           18M (1%)           31M (1%)     
[2026-06-26T18:02:19.486-0300][1646.197s][8748][8884 ][info][gc,heap     ] GC(104) y: Reclaimed:         -                  -               379M (12%)         954M (31%)    
[2026-06-26T18:02:19.486-0300][1646.197s][8748][8884 ][info][gc,heap     ] GC(104) y:  Promoted:         -                  -                12M (0%)           18M (1%)     
[2026-06-26T18:02:19.486-0300][1646.197s][8748][8884 ][info][gc,heap     ] GC(104) y: Compacted:         -                  -                  -                10M (0%)     
[2026-06-26T18:02:19.486-0300][1646.197s][8748][8884 ][info][gc,phases   ] GC(104) y: Young Generation 2882M(94%)->1962M(64%) 0.176s
[2026-06-26T18:02:19.486-0300][1646.197s][8748][8884 ][info][gc          ] GC(104) Minor Collection (High Usage) 2882M(94%)->1962M(64%) 0.177s
[2026-06-26T18:02:51.458-0300][1678.169s][8748][8884 ][info][gc          ] GC(105) Minor Collection (High Usage)
[2026-06-26T18:02:51.458-0300][1678.169s][8748][8884 ][info][gc,task     ] GC(105) Using 1 Workers for Young Generation
[2026-06-26T18:02:51.458-0300][1678.169s][8748][8884 ][info][gc,phases   ] GC(105) y: Young Generation
[2026-06-26T18:02:51.458-0300][1678.169s][8748][16824][info][gc,phases   ] GC(105) y: Pause Mark Start 0.011ms
[2026-06-26T18:02:51.544-0300][1678.256s][8748][8884 ][info][gc,phases   ] GC(105) y: Concurrent Mark 86.789ms
[2026-06-26T18:02:51.544-0300][1678.256s][8748][16824][info][gc,phases   ] GC(105) y: Pause Mark End 0.017ms
[2026-06-26T18:02:51.544-0300][1678.256s][8748][8884 ][info][gc,phases   ] GC(105) y: Concurrent Mark Free 0.004ms
[2026-06-26T18:02:51.545-0300][1678.256s][8748][8884 ][info][gc,phases   ] GC(105) y: Concurrent Reset Relocation Set 0.149ms
[2026-06-26T18:02:51.545-0300][1678.256s][8748][8884 ][info][gc,reloc    ] GC(105) y: Using tenuring threshold: 3 (Computed)
[2026-06-26T18:02:51.545-0300][1678.257s][8748][8884 ][info][gc,phases   ] GC(105) y: Concurrent Select Relocation Set 0.613ms
[2026-06-26T18:02:51.545-0300][1678.257s][8748][16824][info][gc,phases   ] GC(105) y: Pause Relocate Start 0.008ms
[2026-06-26T18:02:51.551-0300][1678.262s][8748][8884 ][info][gc,phases   ] GC(105) y: Concurrent Relocate 5.074ms
[2026-06-26T18:02:51.551-0300][1678.262s][8748][8884 ][info][gc,alloc    ] GC(105) y:                         Mark Start        Mark End      Relocate Start    Relocate End   
[2026-06-26T18:02:51.551-0300][1678.262s][8748][8884 ][info][gc,alloc    ] GC(105) y: Allocation Stalls:          0                0                0                0         
[2026-06-26T18:02:51.551-0300][1678.262s][8748][8884 ][info][gc,load     ] GC(105) y: Load: 0.00 (0%) / 0.00 (0%) / 0.00 (0%)
[2026-06-26T18:02:51.551-0300][1678.262s][8748][8884 ][info][gc,mmu      ] GC(105) y: MMU: 2ms/44.2%, 5ms/77.7%, 10ms/88.8%, 20ms/94.4%, 50ms/94.8%, 100ms/97.4%
[2026-06-26T18:02:51.551-0300][1678.262s][8748][8884 ][info][gc,marking  ] GC(105) y: Mark: 1 stripe(s), 2 proactive flush(es), 1 terminate flush(es), 0 completion(s), 0 continuation(s) 
[2026-06-26T18:02:51.551-0300][1678.262s][8748][8884 ][info][gc,nmethod  ] GC(105) y: NMethods: 10523 registered, 12340 unregistered
[2026-06-26T18:02:51.551-0300][1678.262s][8748][8884 ][info][gc,metaspace] GC(105) y: Metaspace: 81M used, 84M committed, 1152M reserved
[2026-06-26T18:02:51.551-0300][1678.262s][8748][8884 ][info][gc,reloc    ] GC(105) y:                        Candidates     Selected     In-Place         Size        Empty    Relocated 
[2026-06-26T18:02:51.551-0300][1678.262s][8748][8884 ][info][gc,reloc    ] GC(105) y: Small Pages:                  482          153            0         964M         642M           3M 
[2026-06-26T18:02:51.551-0300][1678.262s][8748][8884 ][info][gc,reloc    ] GC(105) y: Medium Pages:                   0            0            0           0M           0M           0M 
[2026-06-26T18:02:51.551-0300][1678.262s][8748][8884 ][info][gc,reloc    ] GC(105) y: Large Pages:                    0            0            0           0M           0M           0M 
[2026-06-26T18:02:51.551-0300][1678.262s][8748][8884 ][info][gc,reloc    ] GC(105) y: Forwarding Usage: 1M
[2026-06-26T18:02:51.551-0300][1678.262s][8748][8884 ][info][gc,reloc    ] GC(105) y: Age Table:
[2026-06-26T18:02:51.551-0300][1678.262s][8748][8884 ][info][gc,reloc    ] GC(105) y:                    Live             Garbage             Small              Medium             Large        
[2026-06-26T18:02:51.551-0300][1678.262s][8748][8884 ][info][gc,reloc    ] GC(105) y: Eden               4M (0%)          933M (30%)        469 / 148            0 / 0              0 / 0        
[2026-06-26T18:02:51.551-0300][1678.262s][8748][8884 ][info][gc,reloc    ] GC(105) y: Survivor 1         6M (0%)           11M (0%)           9 / 3              0 / 0              0 / 0        
[2026-06-26T18:02:51.551-0300][1678.262s][8748][8884 ][info][gc,reloc    ] GC(105) y: Survivor 2         2M (0%)            5M (0%)           4 / 2              0 / 0              0 / 0        
[2026-06-26T18:02:51.551-0300][1678.262s][8748][8884 ][info][gc,heap     ] GC(105) y: Min Capacity: 8M(0%)
[2026-06-26T18:02:51.551-0300][1678.262s][8748][8884 ][info][gc,heap     ] GC(105) y: Max Capacity: 3072M(100%)
[2026-06-26T18:02:51.551-0300][1678.262s][8748][8884 ][info][gc,heap     ] GC(105) y: Soft Max Capacity: 3072M(100%)
[2026-06-26T18:02:51.551-0300][1678.262s][8748][8884 ][info][gc,heap     ] GC(105) y: Heap Statistics:
[2026-06-26T18:02:51.551-0300][1678.262s][8748][8884 ][info][gc,heap     ] GC(105) y:                Mark Start          Mark End        Relocate Start      Relocate End           High               Low         
[2026-06-26T18:02:51.551-0300][1678.262s][8748][8884 ][info][gc,heap     ] GC(105) y:  Capacity:     2908M (95%)        2908M (95%)        2908M (95%)        2908M (95%)        2908M (95%)        2908M (95%)    
[2026-06-26T18:02:51.551-0300][1678.262s][8748][8884 ][info][gc,heap     ] GC(105) y:      Free:      190M (6%)          174M (6%)          816M (27%)        1110M (36%)        1110M (36%)         174M (6%)     
[2026-06-26T18:02:51.551-0300][1678.262s][8748][8884 ][info][gc,heap     ] GC(105) y:      Used:     2882M (94%)        2898M (94%)        2256M (73%)        1962M (64%)        2898M (94%)        1962M (64%)    
[2026-06-26T18:02:51.551-0300][1678.262s][8748][8884 ][info][gc,heap     ] GC(105) y: Young Generation Statistics:
[2026-06-26T18:02:51.551-0300][1678.262s][8748][8884 ][info][gc,heap     ] GC(105) y:                Mark Start          Mark End        Relocate Start      Relocate End    
[2026-06-26T18:02:51.551-0300][1678.262s][8748][8884 ][info][gc,heap     ] GC(105) y:      Used:      964M (31%)         980M (32%)         338M (11%)          44M (1%)     
[2026-06-26T18:02:51.551-0300][1678.263s][8748][8884 ][info][gc,heap     ] GC(105) y:      Live:         -                12M (0%)           12M (0%)           12M (0%)     
[2026-06-26T18:02:51.551-0300][1678.263s][8748][8884 ][info][gc,heap     ] GC(105) y:   Garbage:         -               951M (31%)         309M (10%)           2M (0%)     
[2026-06-26T18:02:51.551-0300][1678.263s][8748][8884 ][info][gc,heap     ] GC(105) y: Allocated:         -                16M (1%)           16M (1%)           28M (1%)     
[2026-06-26T18:02:51.551-0300][1678.263s][8748][8884 ][info][gc,heap     ] GC(105) y: Reclaimed:         -                  -               642M (21%)         948M (31%)    
[2026-06-26T18:02:51.551-0300][1678.263s][8748][8884 ][info][gc,heap     ] GC(105) y:  Promoted:         -                  -                 0M (0%)            0M (0%)     
[2026-06-26T18:02:51.551-0300][1678.263s][8748][8884 ][info][gc,heap     ] GC(105) y: Compacted:         -                  -                  -                 5M (0%)     
[2026-06-26T18:02:51.551-0300][1678.263s][8748][8884 ][info][gc,phases   ] GC(105) y: Young Generation 2882M(94%)->1962M(64%) 0.093s
[2026-06-26T18:02:51.551-0300][1678.263s][8748][8884 ][info][gc          ] GC(105) Minor Collection (High Usage) 2882M(94%)->1962M(64%) 0.094s
[2026-06-26T18:03:16.190-0300][1702.901s][8748][8884 ][info][gc          ] GC(106) Minor Collection (High Usage)
[2026-06-26T18:03:16.190-0300][1702.901s][8748][8884 ][info][gc,task     ] GC(106) Using 1 Workers for Young Generation
[2026-06-26T18:03:16.190-0300][1702.901s][8748][8884 ][info][gc,phases   ] GC(106) y: Young Generation
[2026-06-26T18:03:16.190-0300][1702.901s][8748][16824][info][gc,phases   ] GC(106) y: Pause Mark Start 0.010ms
[2026-06-26T18:03:16.281-0300][1702.992s][8748][8884 ][info][gc,phases   ] GC(106) y: Concurrent Mark 90.760ms
[2026-06-26T18:03:16.281-0300][1702.992s][8748][16824][info][gc,phases   ] GC(106) y: Pause Mark End 0.013ms
[2026-06-26T18:03:16.281-0300][1702.992s][8748][8884 ][info][gc,phases   ] GC(106) y: Concurrent Mark Free 0.003ms
[2026-06-26T18:03:16.281-0300][1702.992s][8748][8884 ][info][gc,phases   ] GC(106) y: Concurrent Reset Relocation Set 0.007ms
[2026-06-26T18:03:16.281-0300][1702.992s][8748][8884 ][info][gc,reloc    ] GC(106) y: Using tenuring threshold: 4 (Computed)
[2026-06-26T18:03:16.282-0300][1702.993s][8748][8884 ][info][gc,phases   ] GC(106) y: Concurrent Select Relocation Set 0.944ms
[2026-06-26T18:03:16.282-0300][1702.993s][8748][16824][info][gc,phases   ] GC(106) y: Pause Relocate Start 0.005ms
[2026-06-26T18:03:16.290-0300][1703.001s][8748][8884 ][info][gc,phases   ] GC(106) y: Concurrent Relocate 8.332ms
[2026-06-26T18:03:16.290-0300][1703.001s][8748][8884 ][info][gc,alloc    ] GC(106) y:                         Mark Start        Mark End      Relocate Start    Relocate End   
[2026-06-26T18:03:16.290-0300][1703.001s][8748][8884 ][info][gc,alloc    ] GC(106) y: Allocation Stalls:          0                0                0                0         
[2026-06-26T18:03:16.290-0300][1703.001s][8748][8884 ][info][gc,load     ] GC(106) y: Load: 0.00 (0%) / 0.00 (0%) / 0.00 (0%)
[2026-06-26T18:03:16.291-0300][1703.001s][8748][8884 ][info][gc,mmu      ] GC(106) y: MMU: 2ms/44.2%, 5ms/77.7%, 10ms/88.8%, 20ms/94.4%, 50ms/94.8%, 100ms/97.4%
[2026-06-26T18:03:16.291-0300][1703.001s][8748][8884 ][info][gc,marking  ] GC(106) y: Mark: 1 stripe(s), 2 proactive flush(es), 1 terminate flush(es), 0 completion(s), 0 continuation(s) 
[2026-06-26T18:03:16.291-0300][1703.001s][8748][8884 ][info][gc,nmethod  ] GC(106) y: NMethods: 10559 registered, 12340 unregistered
[2026-06-26T18:03:16.291-0300][1703.001s][8748][8884 ][info][gc,metaspace] GC(106) y: Metaspace: 81M used, 84M committed, 1152M reserved
[2026-06-26T18:03:16.291-0300][1703.001s][8748][8884 ][info][gc,reloc    ] GC(106) y:                        Candidates     Selected     In-Place         Size        Empty    Relocated 
[2026-06-26T18:03:16.291-0300][1703.001s][8748][8884 ][info][gc,reloc    ] GC(106) y: Small Pages:                  482          138            0         964M         666M           5M 
[2026-06-26T18:03:16.291-0300][1703.001s][8748][8884 ][info][gc,reloc    ] GC(106) y: Medium Pages:                   0            0            0           0M           0M           0M 
[2026-06-26T18:03:16.291-0300][1703.001s][8748][8884 ][info][gc,reloc    ] GC(106) y: Large Pages:                    0            0            0           0M           0M           0M 
[2026-06-26T18:03:16.291-0300][1703.001s][8748][8884 ][info][gc,reloc    ] GC(106) y: Forwarding Usage: 2M
[2026-06-26T18:03:16.291-0300][1703.001s][8748][8884 ][info][gc,reloc    ] GC(106) y: Age Table:
[2026-06-26T18:03:16.291-0300][1703.001s][8748][8884 ][info][gc,reloc    ] GC(106) y:                    Live             Garbage             Small              Medium             Large        
[2026-06-26T18:03:16.291-0300][1703.001s][8748][8884 ][info][gc,reloc    ] GC(106) y: Eden               6M (0%)          929M (30%)        468 / 133            0 / 0              0 / 0        
[2026-06-26T18:03:16.291-0300][1703.001s][8748][8884 ][info][gc,reloc    ] GC(106) y: Survivor 1         2M (0%)            7M (0%)           5 / 3              0 / 0              0 / 0        
[2026-06-26T18:03:16.291-0300][1703.001s][8748][8884 ][info][gc,reloc    ] GC(106) y: Survivor 2         5M (0%)            6M (0%)           6 / 1              0 / 0              0 / 0        
[2026-06-26T18:03:16.291-0300][1703.001s][8748][8884 ][info][gc,reloc    ] GC(106) y: Survivor 3         1M (0%)            4M (0%)           3 / 1              0 / 0              0 / 0        
[2026-06-26T18:03:16.291-0300][1703.001s][8748][8884 ][info][gc,heap     ] GC(106) y: Min Capacity: 8M(0%)
[2026-06-26T18:03:16.291-0300][1703.002s][8748][8884 ][info][gc,heap     ] GC(106) y: Max Capacity: 3072M(100%)
[2026-06-26T18:03:16.291-0300][1703.002s][8748][8884 ][info][gc,heap     ] GC(106) y: Soft Max Capacity: 3072M(100%)
[2026-06-26T18:03:16.291-0300][1703.002s][8748][8884 ][info][gc,heap     ] GC(106) y: Heap Statistics:
[2026-06-26T18:03:16.291-0300][1703.002s][8748][8884 ][info][gc,heap     ] GC(106) y:                Mark Start          Mark End        Relocate Start      Relocate End           High               Low         
[2026-06-26T18:03:16.291-0300][1703.002s][8748][8884 ][info][gc,heap     ] GC(106) y:  Capacity:     2908M (95%)        2908M (95%)        2908M (95%)        2908M (95%)        2908M (95%)        2908M (95%)    
[2026-06-26T18:03:16.291-0300][1703.002s][8748][8884 ][info][gc,heap     ] GC(106) y:      Free:      190M (6%)          170M (6%)          836M (27%)        1102M (36%)        1102M (36%)         170M (6%)     
[2026-06-26T18:03:16.291-0300][1703.002s][8748][8884 ][info][gc,heap     ] GC(106) y:      Used:     2882M (94%)        2902M (94%)        2236M (73%)        1970M (64%)        2902M (94%)        1970M (64%)    
[2026-06-26T18:03:16.291-0300][1703.002s][8748][8884 ][info][gc,heap     ] GC(106) y: Young Generation Statistics:
[2026-06-26T18:03:16.291-0300][1703.002s][8748][8884 ][info][gc,heap     ] GC(106) y:                Mark Start          Mark End        Relocate Start      Relocate End    
[2026-06-26T18:03:16.291-0300][1703.002s][8748][8884 ][info][gc,heap     ] GC(106) y:      Used:      964M (31%)         984M (32%)         318M (10%)          52M (2%)     
[2026-06-26T18:03:16.291-0300][1703.002s][8748][8884 ][info][gc,heap     ] GC(106) y:      Live:         -                17M (1%)           17M (1%)           17M (1%)     
[2026-06-26T18:03:16.291-0300][1703.002s][8748][8884 ][info][gc,heap     ] GC(106) y:   Garbage:         -               946M (31%)         280M (9%)            3M (0%)     
[2026-06-26T18:03:16.291-0300][1703.002s][8748][8884 ][info][gc,heap     ] GC(106) y: Allocated:         -                20M (1%)           20M (1%)           31M (1%)     
[2026-06-26T18:03:16.291-0300][1703.002s][8748][8884 ][info][gc,heap     ] GC(106) y: Reclaimed:         -                  -               666M (22%)         943M (31%)    
[2026-06-26T18:03:16.291-0300][1703.002s][8748][8884 ][info][gc,heap     ] GC(106) y:  Promoted:         -                  -                 0M (0%)            0M (0%)     
[2026-06-26T18:03:16.291-0300][1703.002s][8748][8884 ][info][gc,heap     ] GC(106) y: Compacted:         -                  -                  -                 8M (0%)     
[2026-06-26T18:03:16.291-0300][1703.002s][8748][8884 ][info][gc,phases   ] GC(106) y: Young Generation 2882M(94%)->1970M(64%) 0.101s
[2026-06-26T18:03:16.291-0300][1703.002s][8748][8884 ][info][gc          ] GC(106) Minor Collection (High Usage) 2882M(94%)->1970M(64%) 0.101s
[2026-06-26T18:03:39.084-0300][1725.795s][8748][8884 ][info][gc          ] GC(107) Minor Collection (High Usage)
[2026-06-26T18:03:39.084-0300][1725.795s][8748][8884 ][info][gc,task     ] GC(107) Using 1 Workers for Young Generation
[2026-06-26T18:03:39.084-0300][1725.795s][8748][8884 ][info][gc,phases   ] GC(107) y: Young Generation
[2026-06-26T18:03:39.084-0300][1725.795s][8748][16824][info][gc,phases   ] GC(107) y: Pause Mark Start 0.009ms
[2026-06-26T18:03:39.166-0300][1725.878s][8748][8884 ][info][gc,phases   ] GC(107) y: Concurrent Mark 83.524ms
[2026-06-26T18:03:39.166-0300][1725.878s][8748][16824][info][gc,phases   ] GC(107) y: Pause Mark End 0.015ms
[2026-06-26T18:03:39.166-0300][1725.878s][8748][8884 ][info][gc,phases   ] GC(107) y: Concurrent Mark Free 0.001ms
[2026-06-26T18:03:39.166-0300][1725.879s][8748][8884 ][info][gc,phases   ] GC(107) y: Concurrent Reset Relocation Set 0.007ms
[2026-06-26T18:03:39.168-0300][1725.879s][8748][8884 ][info][gc,reloc    ] GC(107) y: Using tenuring threshold: 5 (Computed)
[2026-06-26T18:03:39.168-0300][1725.879s][8748][8884 ][info][gc,phases   ] GC(107) y: Concurrent Select Relocation Set 0.510ms
[2026-06-26T18:03:39.168-0300][1725.879s][8748][16824][info][gc,phases   ] GC(107) y: Pause Relocate Start 0.005ms
[2026-06-26T18:03:39.175-0300][1725.886s][8748][8884 ][info][gc,phases   ] GC(107) y: Concurrent Relocate 6.401ms
[2026-06-26T18:03:39.175-0300][1725.886s][8748][8884 ][info][gc,alloc    ] GC(107) y:                         Mark Start        Mark End      Relocate Start    Relocate End   
[2026-06-26T18:03:39.175-0300][1725.886s][8748][8884 ][info][gc,alloc    ] GC(107) y: Allocation Stalls:          0                0                0                0         
[2026-06-26T18:03:39.175-0300][1725.886s][8748][8884 ][info][gc,load     ] GC(107) y: Load: 0.00 (0%) / 0.00 (0%) / 0.00 (0%)
[2026-06-26T18:03:39.175-0300][1725.886s][8748][8884 ][info][gc,mmu      ] GC(107) y: MMU: 2ms/44.2%, 5ms/77.7%, 10ms/88.8%, 20ms/94.4%, 50ms/94.8%, 100ms/97.4%
[2026-06-26T18:03:39.175-0300][1725.886s][8748][8884 ][info][gc,marking  ] GC(107) y: Mark: 1 stripe(s), 2 proactive flush(es), 1 terminate flush(es), 0 completion(s), 0 continuation(s) 
[2026-06-26T18:03:39.175-0300][1725.886s][8748][8884 ][info][gc,nmethod  ] GC(107) y: NMethods: 10694 registered, 0 unregistered
[2026-06-26T18:03:39.175-0300][1725.886s][8748][8884 ][info][gc,metaspace] GC(107) y: Metaspace: 81M used, 84M committed, 1152M reserved
[2026-06-26T18:03:39.175-0300][1725.886s][8748][8884 ][info][gc,reloc    ] GC(107) y:                        Candidates     Selected     In-Place         Size        Empty    Relocated 
[2026-06-26T18:03:39.175-0300][1725.886s][8748][8884 ][info][gc,reloc    ] GC(107) y: Small Pages:                  482          130            0         964M         682M           4M 
[2026-06-26T18:03:39.175-0300][1725.886s][8748][8884 ][info][gc,reloc    ] GC(107) y: Medium Pages:                   0            0            0           0M           0M           0M 
[2026-06-26T18:03:39.175-0300][1725.886s][8748][8884 ][info][gc,reloc    ] GC(107) y: Large Pages:                    0            0            0           0M           0M           0M 
[2026-06-26T18:03:39.175-0300][1725.886s][8748][8884 ][info][gc,reloc    ] GC(107) y: Forwarding Usage: 2M
[2026-06-26T18:03:39.175-0300][1725.886s][8748][8884 ][info][gc,reloc    ] GC(107) y: Age Table:
[2026-06-26T18:03:39.175-0300][1725.886s][8748][8884 ][info][gc,reloc    ] GC(107) y:                    Live             Garbage             Small              Medium             Large        
[2026-06-26T18:03:39.175-0300][1725.886s][8748][8884 ][info][gc,reloc    ] GC(107) y: Eden               3M (0%)          928M (30%)        466 / 123            0 / 0              0 / 0        
[2026-06-26T18:03:39.175-0300][1725.886s][8748][8884 ][info][gc,reloc    ] GC(107) y: Survivor 1         3M (0%)            6M (0%)           5 / 2              0 / 0              0 / 0        
[2026-06-26T18:03:39.175-0300][1725.886s][8748][8884 ][info][gc,reloc    ] GC(107) y: Survivor 2         2M (0%)            3M (0%)           3 / 2              0 / 0              0 / 0        
[2026-06-26T18:03:39.175-0300][1725.886s][8748][8884 ][info][gc,reloc    ] GC(107) y: Survivor 3         5M (0%)            4M (0%)           5 / 1              0 / 0              0 / 0        
[2026-06-26T18:03:39.175-0300][1725.886s][8748][8884 ][info][gc,reloc    ] GC(107) y: Survivor 4         1M (0%)            4M (0%)           3 / 2              0 / 0              0 / 0        
[2026-06-26T18:03:39.175-0300][1725.886s][8748][8884 ][info][gc,heap     ] GC(107) y: Min Capacity: 8M(0%)
[2026-06-26T18:03:39.175-0300][1725.886s][8748][8884 ][info][gc,heap     ] GC(107) y: Max Capacity: 3072M(100%)
[2026-06-26T18:03:39.175-0300][1725.886s][8748][8884 ][info][gc,heap     ] GC(107) y: Soft Max Capacity: 3072M(100%)
[2026-06-26T18:03:39.175-0300][1725.886s][8748][8884 ][info][gc,heap     ] GC(107) y: Heap Statistics:
[2026-06-26T18:03:39.175-0300][1725.886s][8748][8884 ][info][gc,heap     ] GC(107) y:                Mark Start          Mark End        Relocate Start      Relocate End           High               Low         
[2026-06-26T18:03:39.175-0300][1725.886s][8748][8884 ][info][gc,heap     ] GC(107) y:  Capacity:     2908M (95%)        2908M (95%)        2908M (95%)        2908M (95%)        2908M (95%)        2908M (95%)    
[2026-06-26T18:03:39.175-0300][1725.886s][8748][8884 ][info][gc,heap     ] GC(107) y:      Free:      190M (6%)          170M (6%)          852M (28%)        1104M (36%)        1104M (36%)         170M (6%)     
[2026-06-26T18:03:39.175-0300][1725.886s][8748][8884 ][info][gc,heap     ] GC(107) y:      Used:     2882M (94%)        2902M (94%)        2220M (72%)        1968M (64%)        2902M (94%)        1968M (64%)    
[2026-06-26T18:03:39.175-0300][1725.886s][8748][8884 ][info][gc,heap     ] GC(107) y: Young Generation Statistics:
[2026-06-26T18:03:39.175-0300][1725.886s][8748][8884 ][info][gc,heap     ] GC(107) y:                Mark Start          Mark End        Relocate Start      Relocate End    
[2026-06-26T18:03:39.175-0300][1725.886s][8748][8884 ][info][gc,heap     ] GC(107) y:      Used:      964M (31%)         984M (32%)         302M (10%)          50M (2%)     
[2026-06-26T18:03:39.175-0300][1725.886s][8748][8884 ][info][gc,heap     ] GC(107) y:      Live:         -                16M (1%)           16M (1%)           16M (1%)     
[2026-06-26T18:03:39.175-0300][1725.886s][8748][8884 ][info][gc,heap     ] GC(107) y:   Garbage:         -               947M (31%)         265M (9%)            3M (0%)     
[2026-06-26T18:03:39.175-0300][1725.886s][8748][8884 ][info][gc,heap     ] GC(107) y: Allocated:         -                20M (1%)           20M (1%)           29M (1%)     
[2026-06-26T18:03:39.175-0300][1725.886s][8748][8884 ][info][gc,heap     ] GC(107) y: Reclaimed:         -                  -               682M (22%)         943M (31%)    
[2026-06-26T18:03:39.175-0300][1725.886s][8748][8884 ][info][gc,heap     ] GC(107) y:  Promoted:         -                  -                 0M (0%)            0M (0%)     
[2026-06-26T18:03:39.175-0300][1725.886s][8748][8884 ][info][gc,heap     ] GC(107) y: Compacted:         -                  -                  -                 6M (0%)     
[2026-06-26T18:03:39.175-0300][1725.886s][8748][8884 ][info][gc,phases   ] GC(107) y: Young Generation 2882M(94%)->1968M(64%) 0.091s
[2026-06-26T18:03:39.175-0300][1725.886s][8748][8884 ][info][gc          ] GC(107) Minor Collection (High Usage) 2882M(94%)->1968M(64%) 0.091s
[2026-06-26T18:04:00.803-0300][1747.514s][8748][8616 ][info][gc,heap     ] Uncommitter (0) Uncommitted: 2M(0%) in 0.314ms
[2026-06-26T18:04:02.812-0300][1749.523s][8748][8884 ][info][gc          ] GC(108) Minor Collection (High Usage)
[2026-06-26T18:04:02.812-0300][1749.523s][8748][8884 ][info][gc,task     ] GC(108) Using 1 Workers for Young Generation
[2026-06-26T18:04:02.812-0300][1749.523s][8748][8884 ][info][gc,phases   ] GC(108) y: Young Generation
[2026-06-26T18:04:02.812-0300][1749.523s][8748][16824][info][gc,phases   ] GC(108) y: Pause Mark Start 0.009ms
[2026-06-26T18:04:02.893-0300][1749.604s][8748][8884 ][info][gc,phases   ] GC(108) y: Concurrent Mark 80.529ms
[2026-06-26T18:04:02.893-0300][1749.604s][8748][16824][info][gc,phases   ] GC(108) y: Pause Mark End 0.012ms
[2026-06-26T18:04:02.893-0300][1749.604s][8748][8884 ][info][gc,phases   ] GC(108) y: Concurrent Mark Free 0.003ms
[2026-06-26T18:04:02.893-0300][1749.604s][8748][8884 ][info][gc,phases   ] GC(108) y: Concurrent Reset Relocation Set 0.006ms
[2026-06-26T18:04:02.893-0300][1749.604s][8748][8884 ][info][gc,reloc    ] GC(108) y: Using tenuring threshold: 6 (Computed)
[2026-06-26T18:04:02.894-0300][1749.605s][8748][8884 ][info][gc,phases   ] GC(108) y: Concurrent Select Relocation Set 0.990ms
[2026-06-26T18:04:02.894-0300][1749.605s][8748][16824][info][gc,phases   ] GC(108) y: Pause Relocate Start 0.005ms
[2026-06-26T18:04:02.901-0300][1749.613s][8748][8884 ][info][gc,phases   ] GC(108) y: Concurrent Relocate 7.718ms
[2026-06-26T18:04:02.901-0300][1749.613s][8748][8884 ][info][gc,alloc    ] GC(108) y:                         Mark Start        Mark End      Relocate Start    Relocate End   
[2026-06-26T18:04:02.901-0300][1749.613s][8748][8884 ][info][gc,alloc    ] GC(108) y: Allocation Stalls:          0                0                0                0         
[2026-06-26T18:04:02.901-0300][1749.613s][8748][8884 ][info][gc,load     ] GC(108) y: Load: 0.00 (0%) / 0.00 (0%) / 0.00 (0%)
[2026-06-26T18:04:02.901-0300][1749.613s][8748][8884 ][info][gc,mmu      ] GC(108) y: MMU: 2ms/44.2%, 5ms/77.7%, 10ms/88.8%, 20ms/94.4%, 50ms/94.8%, 100ms/97.4%
[2026-06-26T18:04:02.901-0300][1749.613s][8748][8884 ][info][gc,marking  ] GC(108) y: Mark: 1 stripe(s), 2 proactive flush(es), 1 terminate flush(es), 0 completion(s), 0 continuation(s) 
[2026-06-26T18:04:02.901-0300][1749.613s][8748][8884 ][info][gc,nmethod  ] GC(108) y: NMethods: 10704 registered, 0 unregistered
[2026-06-26T18:04:02.901-0300][1749.613s][8748][8884 ][info][gc,metaspace] GC(108) y: Metaspace: 81M used, 84M committed, 1152M reserved
[2026-06-26T18:04:02.901-0300][1749.613s][8748][8884 ][info][gc,reloc    ] GC(108) y:                        Candidates     Selected     In-Place         Size        Empty    Relocated 
[2026-06-26T18:04:02.901-0300][1749.613s][8748][8884 ][info][gc,reloc    ] GC(108) y: Small Pages:                  482          104            0         964M         734M           4M 
[2026-06-26T18:04:02.901-0300][1749.613s][8748][8884 ][info][gc,reloc    ] GC(108) y: Medium Pages:                   0            0            0           0M           0M           0M 
[2026-06-26T18:04:02.901-0300][1749.613s][8748][8884 ][info][gc,reloc    ] GC(108) y: Large Pages:                    0            0            0           0M           0M           0M 
[2026-06-26T18:04:02.901-0300][1749.613s][8748][8884 ][info][gc,reloc    ] GC(108) y: Forwarding Usage: 3M
[2026-06-26T18:04:02.901-0300][1749.613s][8748][8884 ][info][gc,reloc    ] GC(108) y: Age Table:
[2026-06-26T18:04:02.901-0300][1749.613s][8748][8884 ][info][gc,reloc    ] GC(108) y:                    Live             Garbage             Small              Medium             Large        
[2026-06-26T18:04:02.901-0300][1749.613s][8748][8884 ][info][gc,reloc    ] GC(108) y: Eden               2M (0%)          931M (30%)        467 / 99             0 / 0              0 / 0        
[2026-06-26T18:04:02.901-0300][1749.613s][8748][8884 ][info][gc,reloc    ] GC(108) y: Survivor 1         2M (0%)            3M (0%)           3 / 2              0 / 0              0 / 0        
[2026-06-26T18:04:02.901-0300][1749.613s][8748][8884 ][info][gc,reloc    ] GC(108) y: Survivor 2         3M (0%)            0M (0%)           2 / 0              0 / 0              0 / 0        
[2026-06-26T18:04:02.901-0300][1749.613s][8748][8884 ][info][gc,reloc    ] GC(108) y: Survivor 3         2M (0%)            3M (0%)           3 / 0              0 / 0              0 / 0        
[2026-06-26T18:04:02.901-0300][1749.613s][8748][8884 ][info][gc,reloc    ] GC(108) y: Survivor 4         5M (0%)            4M (0%)           5 / 2              0 / 0              0 / 0        
[2026-06-26T18:04:02.901-0300][1749.613s][8748][8884 ][info][gc,reloc    ] GC(108) y: Survivor 5         1M (0%)            2M (0%)           2 / 1              0 / 0              0 / 0        
[2026-06-26T18:04:02.901-0300][1749.613s][8748][8884 ][info][gc,heap     ] GC(108) y: Min Capacity: 8M(0%)
[2026-06-26T18:04:02.901-0300][1749.613s][8748][8884 ][info][gc,heap     ] GC(108) y: Max Capacity: 3072M(100%)
[2026-06-26T18:04:02.901-0300][1749.613s][8748][8884 ][info][gc,heap     ] GC(108) y: Soft Max Capacity: 3072M(100%)
[2026-06-26T18:04:02.901-0300][1749.613s][8748][8884 ][info][gc,heap     ] GC(108) y: Heap Statistics:
[2026-06-26T18:04:02.901-0300][1749.613s][8748][8884 ][info][gc,heap     ] GC(108) y:                Mark Start          Mark End        Relocate Start      Relocate End           High               Low         
[2026-06-26T18:04:02.901-0300][1749.613s][8748][8884 ][info][gc,heap     ] GC(108) y:  Capacity:     2906M (95%)        2906M (95%)        2906M (95%)        2906M (95%)        2906M (95%)        2906M (95%)    
[2026-06-26T18:04:02.901-0300][1749.613s][8748][8884 ][info][gc,heap     ] GC(108) y:      Free:      190M (6%)          174M (6%)          908M (30%)        1100M (36%)        1100M (36%)         174M (6%)     
[2026-06-26T18:04:02.901-0300][1749.613s][8748][8884 ][info][gc,heap     ] GC(108) y:      Used:     2882M (94%)        2898M (94%)        2164M (70%)        1972M (64%)        2898M (94%)        1972M (64%)    
[2026-06-26T18:04:02.901-0300][1749.613s][8748][8884 ][info][gc,heap     ] GC(108) y: Young Generation Statistics:
[2026-06-26T18:04:02.901-0300][1749.613s][8748][8884 ][info][gc,heap     ] GC(108) y:                Mark Start          Mark End        Relocate Start      Relocate End    
[2026-06-26T18:04:02.901-0300][1749.613s][8748][8884 ][info][gc,heap     ] GC(108) y:      Used:      964M (31%)         980M (32%)         246M (8%)           54M (2%)     
[2026-06-26T18:04:02.901-0300][1749.613s][8748][8884 ][info][gc,heap     ] GC(108) y:      Live:         -                17M (1%)           17M (1%)           17M (1%)     
[2026-06-26T18:04:02.901-0300][1749.613s][8748][8884 ][info][gc,heap     ] GC(108) y:   Garbage:         -               946M (31%)         212M (7%)            2M (0%)     
[2026-06-26T18:04:02.901-0300][1749.613s][8748][8884 ][info][gc,heap     ] GC(108) y: Allocated:         -                16M (1%)           16M (1%)           33M (1%)     
[2026-06-26T18:04:02.901-0300][1749.613s][8748][8884 ][info][gc,heap     ] GC(108) y: Reclaimed:         -                  -               734M (24%)         943M (31%)    
[2026-06-26T18:04:02.901-0300][1749.613s][8748][8884 ][info][gc,heap     ] GC(108) y:  Promoted:         -                  -                 0M (0%)            0M (0%)     
[2026-06-26T18:04:02.901-0300][1749.613s][8748][8884 ][info][gc,heap     ] GC(108) y: Compacted:         -                  -                  -                 8M (0%)     
[2026-06-26T18:04:02.901-0300][1749.613s][8748][8884 ][info][gc,phases   ] GC(108) y: Young Generation 2882M(94%)->1972M(64%) 0.090s
[2026-06-26T18:04:02.901-0300][1749.613s][8748][8884 ][info][gc          ] GC(108) Minor Collection (High Usage) 2882M(94%)->1972M(64%) 0.090s
[2026-06-26T18:04:31.904-0300][1778.614s][8748][8884 ][info][gc          ] GC(109) Minor Collection (High Usage)
[2026-06-26T18:04:31.904-0300][1778.615s][8748][8884 ][info][gc,task     ] GC(109) Using 1 Workers for Young Generation
[2026-06-26T18:04:31.904-0300][1778.615s][8748][8884 ][info][gc,phases   ] GC(109) y: Young Generation
[2026-06-26T18:04:31.904-0300][1778.615s][8748][16824][info][gc,phases   ] GC(109) y: Pause Mark Start 0.013ms
[2026-06-26T18:04:32.006-0300][1778.717s][8748][8884 ][info][gc,phases   ] GC(109) y: Concurrent Mark 102.700ms
[2026-06-26T18:04:32.006-0300][1778.717s][8748][16824][info][gc,phases   ] GC(109) y: Pause Mark End 0.013ms
[2026-06-26T18:04:32.006-0300][1778.718s][8748][8884 ][info][gc,phases   ] GC(109) y: Concurrent Mark Free 0.003ms
[2026-06-26T18:04:32.006-0300][1778.718s][8748][8884 ][info][gc,phases   ] GC(109) y: Concurrent Reset Relocation Set 0.005ms
[2026-06-26T18:04:32.006-0300][1778.718s][8748][8884 ][info][gc,reloc    ] GC(109) y: Using tenuring threshold: 5 (Computed)
[2026-06-26T18:04:32.010-0300][1778.722s][8748][8884 ][info][gc,phases   ] GC(109) y: Concurrent Select Relocation Set 4.394ms
[2026-06-26T18:04:32.011-0300][1778.722s][8748][16824][info][gc,phases   ] GC(109) y: Pause Relocate Start 0.009ms
[2026-06-26T18:04:32.025-0300][1778.737s][8748][8884 ][info][gc,phases   ] GC(109) y: Concurrent Relocate 14.834ms
[2026-06-26T18:04:32.026-0300][1778.737s][8748][8884 ][info][gc,alloc    ] GC(109) y:                         Mark Start        Mark End      Relocate Start    Relocate End   
[2026-06-26T18:04:32.026-0300][1778.737s][8748][8884 ][info][gc,alloc    ] GC(109) y: Allocation Stalls:          0                0                0                0         
[2026-06-26T18:04:32.026-0300][1778.737s][8748][8884 ][info][gc,load     ] GC(109) y: Load: 0.00 (0%) / 0.00 (0%) / 0.00 (0%)
[2026-06-26T18:04:32.026-0300][1778.737s][8748][8884 ][info][gc,mmu      ] GC(109) y: MMU: 2ms/44.2%, 5ms/77.7%, 10ms/88.8%, 20ms/94.4%, 50ms/94.8%, 100ms/97.4%
[2026-06-26T18:04:32.026-0300][1778.737s][8748][8884 ][info][gc,marking  ] GC(109) y: Mark: 1 stripe(s), 2 proactive flush(es), 1 terminate flush(es), 0 completion(s), 0 continuation(s) 
[2026-06-26T18:04:32.026-0300][1778.737s][8748][8884 ][info][gc,nmethod  ] GC(109) y: NMethods: 10723 registered, 0 unregistered
[2026-06-26T18:04:32.026-0300][1778.737s][8748][8884 ][info][gc,metaspace] GC(109) y: Metaspace: 81M used, 84M committed, 1152M reserved
[2026-06-26T18:04:32.026-0300][1778.737s][8748][8884 ][info][gc,reloc    ] GC(109) y:                        Candidates     Selected     In-Place         Size        Empty    Relocated 
[2026-06-26T18:04:32.026-0300][1778.737s][8748][8884 ][info][gc,reloc    ] GC(109) y: Small Pages:                  482          153            0         964M         634M           7M 
[2026-06-26T18:04:32.026-0300][1778.737s][8748][8884 ][info][gc,reloc    ] GC(109) y: Medium Pages:                   0            0            0           0M           0M           0M 
[2026-06-26T18:04:32.026-0300][1778.737s][8748][8884 ][info][gc,reloc    ] GC(109) y: Large Pages:                    0            0            0           0M           0M           0M 
[2026-06-26T18:04:32.026-0300][1778.737s][8748][8884 ][info][gc,reloc    ] GC(109) y: Forwarding Usage: 3M
[2026-06-26T18:04:32.026-0300][1778.737s][8748][8884 ][info][gc,reloc    ] GC(109) y: Age Table:
[2026-06-26T18:04:32.026-0300][1778.737s][8748][8884 ][info][gc,reloc    ] GC(109) y:                    Live             Garbage             Small              Medium             Large        
[2026-06-26T18:04:32.026-0300][1778.737s][8748][8884 ][info][gc,reloc    ] GC(109) y: Eden               7M (0%)          918M (30%)        463 / 143            0 / 0              0 / 0        
[2026-06-26T18:04:32.026-0300][1778.737s][8748][8884 ][info][gc,reloc    ] GC(109) y: Survivor 1         0M (0%)            5M (0%)           3 / 2              0 / 0              0 / 0        
[2026-06-26T18:04:32.026-0300][1778.737s][8748][8884 ][info][gc,reloc    ] GC(109) y: Survivor 2         0M (0%)            5M (0%)           3 / 2              0 / 0              0 / 0        
[2026-06-26T18:04:32.026-0300][1778.737s][8748][8884 ][info][gc,reloc    ] GC(109) y: Survivor 3         2M (0%)            1M (0%)           2 / 0              0 / 0              0 / 0        
[2026-06-26T18:04:32.026-0300][1778.737s][8748][8884 ][info][gc,reloc    ] GC(109) y: Survivor 4         1M (0%)            4M (0%)           3 / 2              0 / 0              0 / 0        
[2026-06-26T18:04:32.026-0300][1778.737s][8748][8884 ][info][gc,reloc    ] GC(109) y: Survivor 5         4M (0%)            5M (0%)           5 / 3              0 / 0              0 / 0        
[2026-06-26T18:04:32.026-0300][1778.737s][8748][8884 ][info][gc,reloc    ] GC(109) y: Survivor 6         1M (0%)            4M (0%)           3 / 1              0 / 0              0 / 0        
[2026-06-26T18:04:32.026-0300][1778.737s][8748][8884 ][info][gc,heap     ] GC(109) y: Min Capacity: 8M(0%)
[2026-06-26T18:04:32.026-0300][1778.737s][8748][8884 ][info][gc,heap     ] GC(109) y: Max Capacity: 3072M(100%)
[2026-06-26T18:04:32.026-0300][1778.737s][8748][8884 ][info][gc,heap     ] GC(109) y: Soft Max Capacity: 3072M(100%)
[2026-06-26T18:04:32.026-0300][1778.737s][8748][8884 ][info][gc,heap     ] GC(109) y: Heap Statistics:
[2026-06-26T18:04:32.026-0300][1778.737s][8748][8884 ][info][gc,heap     ] GC(109) y:                Mark Start          Mark End        Relocate Start      Relocate End           High               Low         
[2026-06-26T18:04:32.026-0300][1778.737s][8748][8884 ][info][gc,heap     ] GC(109) y:  Capacity:     2906M (95%)        2906M (95%)        2906M (95%)        2906M (95%)        2906M (95%)        2906M (95%)    
[2026-06-26T18:04:32.026-0300][1778.737s][8748][8884 ][info][gc,heap     ] GC(109) y:      Free:      190M (6%)          170M (6%)          804M (26%)        1090M (35%)        1090M (35%)         170M (6%)     
[2026-06-26T18:04:32.026-0300][1778.737s][8748][8884 ][info][gc,heap     ] GC(109) y:      Used:     2882M (94%)        2902M (94%)        2268M (74%)        1982M (65%)        2902M (94%)        1982M (65%)    
[2026-06-26T18:04:32.026-0300][1778.737s][8748][8884 ][info][gc,heap     ] GC(109) y: Young Generation Statistics:
[2026-06-26T18:04:32.026-0300][1778.737s][8748][8884 ][info][gc,heap     ] GC(109) y:                Mark Start          Mark End        Relocate Start      Relocate End    
[2026-06-26T18:04:32.026-0300][1778.737s][8748][8884 ][info][gc,heap     ] GC(109) y:      Used:      964M (31%)         984M (32%)         344M (11%)          56M (2%)     
[2026-06-26T18:04:32.026-0300][1778.737s][8748][8884 ][info][gc,heap     ] GC(109) y:      Live:         -                18M (1%)           14M (0%)           12M (0%)     
[2026-06-26T18:04:32.026-0300][1778.737s][8748][8884 ][info][gc,heap     ] GC(109) y:   Garbage:         -               945M (31%)         309M (10%)           1M (0%)     
[2026-06-26T18:04:32.026-0300][1778.737s][8748][8884 ][info][gc,heap     ] GC(109) y: Allocated:         -                20M (1%)           20M (1%)           41M (1%)     
[2026-06-26T18:04:32.026-0300][1778.737s][8748][8884 ][info][gc,heap     ] GC(109) y: Reclaimed:         -                  -               635M (21%)         943M (31%)    
[2026-06-26T18:04:32.026-0300][1778.737s][8748][8884 ][info][gc,heap     ] GC(109) y:  Promoted:         -                  -                 4M (0%)            6M (0%)     
[2026-06-26T18:04:32.026-0300][1778.737s][8748][8884 ][info][gc,heap     ] GC(109) y: Compacted:         -                  -                  -                 8M (0%)     
[2026-06-26T18:04:32.026-0300][1778.737s][8748][8884 ][info][gc,phases   ] GC(109) y: Young Generation 2882M(94%)->1982M(65%) 0.122s
[2026-06-26T18:04:32.026-0300][1778.737s][8748][8884 ][info][gc          ] GC(109) Minor Collection (High Usage) 2882M(94%)->1982M(65%) 0.123s
[2026-06-26T18:04:42.029-0300][1788.740s][8748][7584 ][info][gc          ] GC(110) Major Collection (Proactive)
[2026-06-26T18:04:42.029-0300][1788.740s][8748][7584 ][info][gc,task     ] GC(110) Using 1 Workers for Young Generation
[2026-06-26T18:04:42.029-0300][1788.740s][8748][7584 ][info][gc,task     ] GC(110) Using 1 Workers for Old Generation
[2026-06-26T18:04:42.029-0300][1788.740s][8748][7584 ][info][gc,phases   ] GC(110) Y: Young Generation
[2026-06-26T18:04:42.029-0300][1788.740s][8748][16824][info][gc,phases   ] GC(110) Y: Pause Mark Start (Major) 0.012ms
[2026-06-26T18:04:42.088-0300][1788.800s][8748][7584 ][info][gc,phases   ] GC(110) Y: Concurrent Mark 59.634ms
[2026-06-26T18:04:42.089-0300][1788.800s][8748][16824][info][gc,phases   ] GC(110) Y: Pause Mark End 0.013ms
[2026-06-26T18:04:42.089-0300][1788.800s][8748][7584 ][info][gc,phases   ] GC(110) Y: Concurrent Mark Free 0.002ms
[2026-06-26T18:04:42.089-0300][1788.800s][8748][7584 ][info][gc,phases   ] GC(110) Y: Concurrent Reset Relocation Set 0.100ms
[2026-06-26T18:04:42.089-0300][1788.800s][8748][7584 ][info][gc,reloc    ] GC(110) Y: Using tenuring threshold: 1 (Computed)
[2026-06-26T18:04:42.095-0300][1788.806s][8748][7584 ][info][gc,phases   ] GC(110) Y: Concurrent Select Relocation Set 6.646ms
[2026-06-26T18:04:42.095-0300][1788.807s][8748][16824][info][gc,phases   ] GC(110) Y: Pause Relocate Start 0.011ms
[2026-06-26T18:04:42.107-0300][1788.819s][8748][7584 ][info][gc,phases   ] GC(110) Y: Concurrent Relocate 12.109ms
[2026-06-26T18:04:42.107-0300][1788.819s][8748][7584 ][info][gc,alloc    ] GC(110) Y:                         Mark Start        Mark End      Relocate Start    Relocate End   
[2026-06-26T18:04:42.107-0300][1788.819s][8748][7584 ][info][gc,alloc    ] GC(110) Y: Allocation Stalls:          0                0                0                0         
[2026-06-26T18:04:42.107-0300][1788.819s][8748][7584 ][info][gc,load     ] GC(110) Y: Load: 0.00 (0%) / 0.00 (0%) / 0.00 (0%)
[2026-06-26T18:04:42.107-0300][1788.819s][8748][7584 ][info][gc,mmu      ] GC(110) Y: MMU: 2ms/44.2%, 5ms/77.7%, 10ms/88.8%, 20ms/94.4%, 50ms/94.8%, 100ms/97.4%
[2026-06-26T18:04:42.107-0300][1788.819s][8748][7584 ][info][gc,marking  ] GC(110) Y: Mark: 1 stripe(s), 2 proactive flush(es), 1 terminate flush(es), 0 completion(s), 0 continuation(s) 
[2026-06-26T18:04:42.107-0300][1788.819s][8748][7584 ][info][gc,nmethod  ] GC(110) Y: NMethods: 10742 registered, 0 unregistered
[2026-06-26T18:04:42.107-0300][1788.819s][8748][7584 ][info][gc,metaspace] GC(110) Y: Metaspace: 81M used, 84M committed, 1152M reserved
[2026-06-26T18:04:42.107-0300][1788.819s][8748][7584 ][info][gc,reloc    ] GC(110) Y:                        Candidates     Selected     In-Place         Size        Empty    Relocated 
[2026-06-26T18:04:42.107-0300][1788.819s][8748][7584 ][info][gc,reloc    ] GC(110) Y: Small Pages:                  221           68            0         442M         290M           1M 
[2026-06-26T18:04:42.107-0300][1788.819s][8748][7584 ][info][gc,reloc    ] GC(110) Y: Medium Pages:                   0            0            0           0M           0M           0M 
[2026-06-26T18:04:42.108-0300][1788.819s][8748][7584 ][info][gc,reloc    ] GC(110) Y: Large Pages:                    0            0            0           0M           0M           0M 
[2026-06-26T18:04:42.108-0300][1788.819s][8748][7584 ][info][gc,reloc    ] GC(110) Y: Forwarding Usage: 0M
[2026-06-26T18:04:42.108-0300][1788.819s][8748][7584 ][info][gc,reloc    ] GC(110) Y: Age Table:
[2026-06-26T18:04:42.108-0300][1788.819s][8748][7584 ][info][gc,reloc    ] GC(110) Y:                    Live             Garbage             Small              Medium             Large        
[2026-06-26T18:04:42.108-0300][1788.819s][8748][7584 ][info][gc,reloc    ] GC(110) Y: Eden               0M (0%)          407M (13%)        204 / 60             0 / 0              0 / 0        
[2026-06-26T18:04:42.108-0300][1788.819s][8748][7584 ][info][gc,reloc    ] GC(110) Y: Survivor 1         6M (0%)           11M (0%)           9 / 5              0 / 0              0 / 0        
[2026-06-26T18:04:42.108-0300][1788.819s][8748][7584 ][info][gc,reloc    ] GC(110) Y: Survivor 2         0M (0%)            3M (0%)           2 / 1              0 / 0              0 / 0        
[2026-06-26T18:04:42.108-0300][1788.819s][8748][7584 ][info][gc,reloc    ] GC(110) Y: Survivor 3         0M (0%)            3M (0%)           2 / 2              0 / 0              0 / 0        
[2026-06-26T18:04:42.108-0300][1788.819s][8748][7584 ][info][gc,reloc    ] GC(110) Y: Survivor 4         2M (0%)            1M (0%)           2 / 0              0 / 0              0 / 0        
[2026-06-26T18:04:42.108-0300][1788.819s][8748][7584 ][info][gc,reloc    ] GC(110) Y: Survivor 5         1M (0%)            2M (0%)           2 / 0              0 / 0              0 / 0        
[2026-06-26T18:04:42.108-0300][1788.819s][8748][7584 ][info][gc,heap     ] GC(110) Y: Min Capacity: 8M(0%)
[2026-06-26T18:04:42.108-0300][1788.819s][8748][7584 ][info][gc,heap     ] GC(110) Y: Max Capacity: 3072M(100%)
[2026-06-26T18:04:42.108-0300][1788.819s][8748][7584 ][info][gc,heap     ] GC(110) Y: Soft Max Capacity: 3072M(100%)
[2026-06-26T18:04:42.108-0300][1788.819s][8748][7584 ][info][gc,heap     ] GC(110) Y: Heap Statistics:
[2026-06-26T18:04:42.108-0300][1788.819s][8748][7584 ][info][gc,heap     ] GC(110) Y:                Mark Start          Mark End        Relocate Start      Relocate End           High               Low         
[2026-06-26T18:04:42.108-0300][1788.819s][8748][7584 ][info][gc,heap     ] GC(110) Y:  Capacity:     2906M (95%)        2906M (95%)        2906M (95%)        2906M (95%)        2906M (95%)        2906M (95%)    
[2026-06-26T18:04:42.108-0300][1788.819s][8748][7584 ][info][gc,heap     ] GC(110) Y:      Free:      704M (23%)         686M (22%)         976M (32%)        1108M (36%)        1108M (36%)         686M (22%)    
[2026-06-26T18:04:42.108-0300][1788.819s][8748][7584 ][info][gc,heap     ] GC(110) Y:      Used:     2368M (77%)        2386M (78%)        2096M (68%)        1964M (64%)        2386M (78%)        1964M (64%)    
[2026-06-26T18:04:42.108-0300][1788.819s][8748][7584 ][info][gc,heap     ] GC(110) Y: Young Generation Statistics:
[2026-06-26T18:04:42.108-0300][1788.819s][8748][7584 ][info][gc,heap     ] GC(110) Y:                Mark Start          Mark End        Relocate Start      Relocate End    
[2026-06-26T18:04:42.108-0300][1788.819s][8748][7584 ][info][gc,heap     ] GC(110) Y:      Used:      442M (14%)         460M (15%)         156M (5%)           20M (1%)     
[2026-06-26T18:04:42.108-0300][1788.819s][8748][7584 ][info][gc,heap     ] GC(110) Y:      Live:         -                12M (0%)            1M (0%)            0M (0%)     
[2026-06-26T18:04:42.108-0300][1788.819s][8748][7584 ][info][gc,heap     ] GC(110) Y:   Garbage:         -               429M (14%)         136M (4%)            0M (0%)     
[2026-06-26T18:04:42.108-0300][1788.819s][8748][7584 ][info][gc,heap     ] GC(110) Y: Allocated:         -                18M (1%)           18M (1%)           19M (1%)     
[2026-06-26T18:04:42.108-0300][1788.819s][8748][7584 ][info][gc,heap     ] GC(110) Y: Reclaimed:         -                  -               292M (10%)         429M (14%)    
[2026-06-26T18:04:42.108-0300][1788.819s][8748][7584 ][info][gc,heap     ] GC(110) Y:  Promoted:         -                  -                11M (0%)           12M (0%)     
[2026-06-26T18:04:42.108-0300][1788.819s][8748][7584 ][info][gc,heap     ] GC(110) Y: Compacted:         -                  -                  -                 0M (0%)     
[2026-06-26T18:04:42.108-0300][1788.819s][8748][7584 ][info][gc,phases   ] GC(110) Y: Young Generation 2368M(77%)->1964M(64%) 0.079s
[2026-06-26T18:04:42.108-0300][1788.819s][8748][7584 ][info][gc,phases   ] GC(110) O: Old Generation
[2026-06-26T18:04:45.258-0300][1791.969s][8748][7584 ][info][gc,phases   ] GC(110) O: Concurrent Mark 3150.116ms
[2026-06-26T18:04:45.258-0300][1791.969s][8748][16824][info][gc,phases   ] GC(110) O: Pause Mark End 0.016ms
[2026-06-26T18:04:45.258-0300][1791.969s][8748][7584 ][info][gc,phases   ] GC(110) O: Concurrent Mark Free 0.002ms
[2026-06-26T18:04:45.308-0300][1792.019s][8748][7584 ][info][gc,phases   ] GC(110) O: Concurrent Process Non-Strong 49.547ms
[2026-06-26T18:04:45.308-0300][1792.019s][8748][7584 ][info][gc,phases   ] GC(110) O: Concurrent Reset Relocation Set 0.006ms
[2026-06-26T18:04:45.309-0300][1792.021s][8748][7584 ][info][gc,phases   ] GC(110) O: Concurrent Select Relocation Set 1.561ms
[2026-06-26T18:04:45.309-0300][1792.021s][8748][7584 ][info][gc,task     ] GC(110) O: Using 2 Workers for Old Generation
[2026-06-26T18:04:45.319-0300][1792.031s][8748][7584 ][info][gc,task     ] GC(110) O: Using 1 Workers for Old Generation
[2026-06-26T18:04:45.319-0300][1792.031s][8748][7584 ][info][gc,phases   ] GC(110) O: Concurrent Remap Roots 10.076ms
[2026-06-26T18:04:45.319-0300][1792.031s][8748][16824][info][gc,phases   ] GC(110) O: Pause Relocate Start 0.013ms
[2026-06-26T18:04:45.343-0300][1792.054s][8748][7584 ][info][gc,phases   ] GC(110) O: Concurrent Relocate 22.972ms
[2026-06-26T18:04:45.343-0300][1792.054s][8748][7584 ][info][gc,alloc    ] GC(110) O:                         Mark Start        Mark End      Relocate Start    Relocate End   
[2026-06-26T18:04:45.343-0300][1792.054s][8748][7584 ][info][gc,alloc    ] GC(110) O: Allocation Stalls:          0                0                0                0         
[2026-06-26T18:04:45.343-0300][1792.054s][8748][7584 ][info][gc,load     ] GC(110) O: Load: 0.00 (0%) / 0.00 (0%) / 0.00 (0%)
[2026-06-26T18:04:45.343-0300][1792.054s][8748][7584 ][info][gc,mmu      ] GC(110) O: MMU: 2ms/44.2%, 5ms/77.7%, 10ms/88.8%, 20ms/94.4%, 50ms/94.8%, 100ms/97.4%
[2026-06-26T18:04:45.343-0300][1792.054s][8748][7584 ][info][gc,marking  ] GC(110) O: Mark: 1 stripe(s), 2 proactive flush(es), 1 terminate flush(es), 0 completion(s), 0 continuation(s) 
[2026-06-26T18:04:45.343-0300][1792.054s][8748][7584 ][info][gc,nmethod  ] GC(110) O: NMethods: 9767 registered, 984 unregistered
[2026-06-26T18:04:45.343-0300][1792.054s][8748][7584 ][info][gc,metaspace] GC(110) O: Metaspace: 81M used, 84M committed, 1152M reserved
[2026-06-26T18:04:45.343-0300][1792.054s][8748][7584 ][info][gc,ref      ] GC(110) O:                       Encountered   Discovered     Enqueued 
[2026-06-26T18:04:45.343-0300][1792.054s][8748][7584 ][info][gc,ref      ] GC(110) O: Soft References:             3420          455           43 
[2026-06-26T18:04:45.343-0300][1792.054s][8748][7584 ][info][gc,ref      ] GC(110) O: Weak References:             6350         5378            7 
[2026-06-26T18:04:45.343-0300][1792.054s][8748][7584 ][info][gc,ref      ] GC(110) O: Final References:              16            0            0 
[2026-06-26T18:04:45.343-0300][1792.054s][8748][7584 ][info][gc,ref      ] GC(110) O: Phantom References:          8989         8956          944 
[2026-06-26T18:04:45.343-0300][1792.054s][8748][7584 ][info][gc,reloc    ] GC(110) O:                        Candidates     Selected     In-Place         Size        Empty    Relocated 
[2026-06-26T18:04:45.343-0300][1792.054s][8748][7584 ][info][gc,reloc    ] GC(110) O: Small Pages:                  901           13            0        1802M           0M           6M 
[2026-06-26T18:04:45.343-0300][1792.054s][8748][7584 ][info][gc,reloc    ] GC(110) O: Medium Pages:                   2            0            0          64M           0M           0M 
[2026-06-26T18:04:45.343-0300][1792.054s][8748][7584 ][info][gc,reloc    ] GC(110) O: Large Pages:                    5            0            0          60M           0M           0M 
[2026-06-26T18:04:45.343-0300][1792.054s][8748][7584 ][info][gc,reloc    ] GC(110) O: Forwarding Usage: 7M
[2026-06-26T18:04:45.343-0300][1792.054s][8748][7584 ][info][gc,heap     ] GC(110) O: Min Capacity: 8M(0%)
[2026-06-26T18:04:45.343-0300][1792.054s][8748][7584 ][info][gc,heap     ] GC(110) O: Max Capacity: 3072M(100%)
[2026-06-26T18:04:45.343-0300][1792.054s][8748][7584 ][info][gc,heap     ] GC(110) O: Soft Max Capacity: 3072M(100%)
[2026-06-26T18:04:45.343-0300][1792.054s][8748][7584 ][info][gc,heap     ] GC(110) O: Heap Statistics:
[2026-06-26T18:04:45.343-0300][1792.054s][8748][7584 ][info][gc,heap     ] GC(110) O:                Mark Start          Mark End        Relocate Start      Relocate End           High               Low         
[2026-06-26T18:04:45.343-0300][1792.054s][8748][7584 ][info][gc,heap     ] GC(110) O:  Capacity:     2906M (95%)        2906M (95%)        2906M (95%)        2906M (95%)        2906M (95%)        2906M (95%)    
[2026-06-26T18:04:45.343-0300][1792.054s][8748][7584 ][info][gc,heap     ] GC(110) O:      Free:      704M (23%)        1040M (34%)        1038M (34%)        1054M (34%)        1108M (36%)         686M (22%)    
[2026-06-26T18:04:45.343-0300][1792.054s][8748][7584 ][info][gc,heap     ] GC(110) O:      Used:     2368M (77%)        2032M (66%)        2034M (66%)        2018M (66%)        2386M (78%)        1964M (64%)    
[2026-06-26T18:04:45.343-0300][1792.054s][8748][7584 ][info][gc,heap     ] GC(110) O: Old Generation Statistics:
[2026-06-26T18:04:45.343-0300][1792.054s][8748][7584 ][info][gc,heap     ] GC(110) O:                Mark Start          Mark End        Relocate Start      Relocate End    
[2026-06-26T18:04:45.343-0300][1792.054s][8748][7584 ][info][gc,heap     ] GC(110) O:      Used:     1926M (63%)        1944M (63%)        1944M (63%)        1928M (63%)    
[2026-06-26T18:04:45.343-0300][1792.054s][8748][7584 ][info][gc,heap     ] GC(110) O:      Live:         -              1799M (59%)        1799M (59%)        1799M (59%)    
[2026-06-26T18:04:45.343-0300][1792.054s][8748][7584 ][info][gc,heap     ] GC(110) O:   Garbage:         -               126M (4%)          126M (4%)           97M (3%)     
[2026-06-26T18:04:45.343-0300][1792.054s][8748][7584 ][info][gc,heap     ] GC(110) O: Allocated:         -                18M (1%)           18M (1%)           30M (1%)     
[2026-06-26T18:04:45.343-0300][1792.054s][8748][7584 ][info][gc,heap     ] GC(110) O: Reclaimed:         -                  -                 0M (0%)           28M (1%)     
[2026-06-26T18:04:45.343-0300][1792.054s][8748][7584 ][info][gc,heap     ] GC(110) O: Compacted:         -                  -                  -                19M (1%)     
[2026-06-26T18:04:45.343-0300][1792.054s][8748][7584 ][info][gc,phases   ] GC(110) O: Old Generation 1964M(64%)->2018M(66%) 3.235s
[2026-06-26T18:04:45.343-0300][1792.054s][8748][7584 ][info][gc          ] GC(110) Major Collection (Proactive) 2368M(77%)->2018M(66%) 3.315s
[2026-06-26T18:05:26.092-0300][1832.803s][8748][8884 ][info][gc          ] GC(111) Minor Collection (High Usage)
[2026-06-26T18:05:26.092-0300][1832.803s][8748][8884 ][info][gc,task     ] GC(111) Using 1 Workers for Young Generation
[2026-06-26T18:05:26.092-0300][1832.803s][8748][8884 ][info][gc,phases   ] GC(111) y: Young Generation
[2026-06-26T18:05:26.092-0300][1832.803s][8748][16824][info][gc,phases   ] GC(111) y: Pause Mark Start 0.012ms
[2026-06-26T18:05:26.151-0300][1832.862s][8748][8884 ][info][gc,phases   ] GC(111) y: Concurrent Mark 59.165ms
[2026-06-26T18:05:26.151-0300][1832.862s][8748][16824][info][gc,phases   ] GC(111) y: Pause Mark End 0.013ms
[2026-06-26T18:05:26.151-0300][1832.863s][8748][8884 ][info][gc,phases   ] GC(111) y: Concurrent Mark Free 0.003ms
[2026-06-26T18:05:26.152-0300][1832.863s][8748][8884 ][info][gc,phases   ] GC(111) y: Concurrent Reset Relocation Set 0.108ms
[2026-06-26T18:05:26.152-0300][1832.863s][8748][8884 ][info][gc,reloc    ] GC(111) y: Using tenuring threshold: 2 (Computed)
[2026-06-26T18:05:26.152-0300][1832.863s][8748][8884 ][info][gc,phases   ] GC(111) y: Concurrent Select Relocation Set 0.605ms
[2026-06-26T18:05:26.152-0300][1832.863s][8748][16824][info][gc,phases   ] GC(111) y: Pause Relocate Start 0.005ms
[2026-06-26T18:05:26.156-0300][1832.867s][8748][8884 ][info][gc,phases   ] GC(111) y: Concurrent Relocate 3.387ms
[2026-06-26T18:05:26.156-0300][1832.867s][8748][8884 ][info][gc,alloc    ] GC(111) y:                         Mark Start        Mark End      Relocate Start    Relocate End   
[2026-06-26T18:05:26.156-0300][1832.867s][8748][8884 ][info][gc,alloc    ] GC(111) y: Allocation Stalls:          0                0                0                0         
[2026-06-26T18:05:26.156-0300][1832.867s][8748][8884 ][info][gc,load     ] GC(111) y: Load: 0.00 (0%) / 0.00 (0%) / 0.00 (0%)
[2026-06-26T18:05:26.156-0300][1832.867s][8748][8884 ][info][gc,mmu      ] GC(111) y: MMU: 2ms/44.2%, 5ms/77.7%, 10ms/88.8%, 20ms/94.4%, 50ms/94.8%, 100ms/97.4%
[2026-06-26T18:05:26.156-0300][1832.867s][8748][8884 ][info][gc,marking  ] GC(111) y: Mark: 1 stripe(s), 2 proactive flush(es), 1 terminate flush(es), 0 completion(s), 0 continuation(s) 
[2026-06-26T18:05:26.156-0300][1832.867s][8748][8884 ][info][gc,nmethod  ] GC(111) y: NMethods: 9810 registered, 0 unregistered
[2026-06-26T18:05:26.156-0300][1832.867s][8748][8884 ][info][gc,metaspace] GC(111) y: Metaspace: 81M used, 84M committed, 1152M reserved
[2026-06-26T18:05:26.156-0300][1832.867s][8748][8884 ][info][gc,reloc    ] GC(111) y:                        Candidates     Selected     In-Place         Size        Empty    Relocated 
[2026-06-26T18:05:26.156-0300][1832.867s][8748][8884 ][info][gc,reloc    ] GC(111) y: Small Pages:                  477          114            0         954M         722M           2M 
[2026-06-26T18:05:26.156-0300][1832.867s][8748][8884 ][info][gc,reloc    ] GC(111) y: Medium Pages:                   0            0            0           0M           0M           0M 
[2026-06-26T18:05:26.156-0300][1832.867s][8748][8884 ][info][gc,reloc    ] GC(111) y: Large Pages:                    0            0            0           0M           0M           0M 
[2026-06-26T18:05:26.156-0300][1832.867s][8748][8884 ][info][gc,reloc    ] GC(111) y: Forwarding Usage: 0M
[2026-06-26T18:05:26.156-0300][1832.867s][8748][8884 ][info][gc,reloc    ] GC(111) y: Age Table:
[2026-06-26T18:05:26.156-0300][1832.867s][8748][8884 ][info][gc,reloc    ] GC(111) y:                    Live             Garbage             Small              Medium             Large        
[2026-06-26T18:05:26.156-0300][1832.867s][8748][8884 ][info][gc,reloc    ] GC(111) y: Eden               2M (0%)          949M (31%)        476 / 113            0 / 0              0 / 0        
[2026-06-26T18:05:26.156-0300][1832.867s][8748][8884 ][info][gc,reloc    ] GC(111) y: Survivor 1         0M (0%)            1M (0%)           1 / 1              0 / 0              0 / 0        
[2026-06-26T18:05:26.156-0300][1832.867s][8748][8884 ][info][gc,heap     ] GC(111) y: Min Capacity: 8M(0%)
[2026-06-26T18:05:26.156-0300][1832.867s][8748][8884 ][info][gc,heap     ] GC(111) y: Max Capacity: 3072M(100%)
[2026-06-26T18:05:26.156-0300][1832.867s][8748][8884 ][info][gc,heap     ] GC(111) y: Soft Max Capacity: 3072M(100%)
[2026-06-26T18:05:26.156-0300][1832.867s][8748][8884 ][info][gc,heap     ] GC(111) y: Heap Statistics:
[2026-06-26T18:05:26.156-0300][1832.867s][8748][8884 ][info][gc,heap     ] GC(111) y:                Mark Start          Mark End        Relocate Start      Relocate End           High               Low         
[2026-06-26T18:05:26.156-0300][1832.867s][8748][8884 ][info][gc,heap     ] GC(111) y:  Capacity:     2906M (95%)        2906M (95%)        2906M (95%)        2906M (95%)        2906M (95%)        2906M (95%)    
[2026-06-26T18:05:26.156-0300][1832.867s][8748][8884 ][info][gc,heap     ] GC(111) y:      Free:      190M (6%)          186M (6%)          908M (30%)        1134M (37%)        1134M (37%)         186M (6%)     
[2026-06-26T18:05:26.156-0300][1832.867s][8748][8884 ][info][gc,heap     ] GC(111) y:      Used:     2882M (94%)        2886M (94%)        2164M (70%)        1938M (63%)        2886M (94%)        1938M (63%)    
[2026-06-26T18:05:26.156-0300][1832.867s][8748][8884 ][info][gc,heap     ] GC(111) y: Young Generation Statistics:
[2026-06-26T18:05:26.156-0300][1832.867s][8748][8884 ][info][gc,heap     ] GC(111) y:                Mark Start          Mark End        Relocate Start      Relocate End    
[2026-06-26T18:05:26.156-0300][1832.867s][8748][8884 ][info][gc,heap     ] GC(111) y:      Used:      954M (31%)         958M (31%)         236M (8%)           10M (0%)     
[2026-06-26T18:05:26.156-0300][1832.867s][8748][8884 ][info][gc,heap     ] GC(111) y:      Live:         -                 2M (0%)            2M (0%)            2M (0%)     
[2026-06-26T18:05:26.156-0300][1832.867s][8748][8884 ][info][gc,heap     ] GC(111) y:   Garbage:         -               951M (31%)         229M (7%)            0M (0%)     
[2026-06-26T18:05:26.156-0300][1832.867s][8748][8884 ][info][gc,heap     ] GC(111) y: Allocated:         -                 4M (0%)            4M (0%)            7M (0%)     
[2026-06-26T18:05:26.156-0300][1832.867s][8748][8884 ][info][gc,heap     ] GC(111) y: Reclaimed:         -                  -               722M (24%)         951M (31%)    
[2026-06-26T18:05:26.156-0300][1832.867s][8748][8884 ][info][gc,heap     ] GC(111) y:  Promoted:         -                  -                 0M (0%)            0M (0%)     
[2026-06-26T18:05:26.156-0300][1832.867s][8748][8884 ][info][gc,heap     ] GC(111) y: Compacted:         -                  -                  -                 2M (0%)     
[2026-06-26T18:05:26.156-0300][1832.867s][8748][8884 ][info][gc,phases   ] GC(111) y: Young Generation 2882M(94%)->1938M(63%) 0.064s
[2026-06-26T18:05:26.156-0300][1832.867s][8748][8884 ][info][gc          ] GC(111) Minor Collection (High Usage) 2882M(94%)->1938M(63%) 0.064s
[2026-06-26T18:06:07.156-0300][1873.867s][8748][8884 ][info][gc          ] GC(112) Minor Collection (High Usage)
[2026-06-26T18:06:07.156-0300][1873.867s][8748][8884 ][info][gc,task     ] GC(112) Using 1 Workers for Young Generation
[2026-06-26T18:06:07.156-0300][1873.867s][8748][8884 ][info][gc,phases   ] GC(112) y: Young Generation
[2026-06-26T18:06:07.156-0300][1873.867s][8748][16824][info][gc,phases   ] GC(112) y: Pause Mark Start 0.011ms
[2026-06-26T18:06:07.361-0300][1874.072s][8748][8884 ][info][gc,phases   ] GC(112) y: Concurrent Mark 204.892ms
[2026-06-26T18:06:07.361-0300][1874.072s][8748][16824][info][gc,phases   ] GC(112) y: Pause Mark End 0.016ms
[2026-06-26T18:06:07.361-0300][1874.072s][8748][8884 ][info][gc,phases   ] GC(112) y: Concurrent Mark Free 0.002ms
[2026-06-26T18:06:07.361-0300][1874.072s][8748][8884 ][info][gc,phases   ] GC(112) y: Concurrent Reset Relocation Set 0.006ms
[2026-06-26T18:06:07.361-0300][1874.072s][8748][8884 ][info][gc,reloc    ] GC(112) y: Using tenuring threshold: 3 (Computed)
[2026-06-26T18:06:07.363-0300][1874.074s][8748][8884 ][info][gc,phases   ] GC(112) y: Concurrent Select Relocation Set 1.822ms
[2026-06-26T18:06:07.363-0300][1874.074s][8748][16824][info][gc,phases   ] GC(112) y: Pause Relocate Start 0.011ms
[2026-06-26T18:06:07.390-0300][1874.102s][8748][8884 ][info][gc,phases   ] GC(112) y: Concurrent Relocate 27.259ms
[2026-06-26T18:06:07.390-0300][1874.102s][8748][8884 ][info][gc,alloc    ] GC(112) y:                         Mark Start        Mark End      Relocate Start    Relocate End   
[2026-06-26T18:06:07.390-0300][1874.102s][8748][8884 ][info][gc,alloc    ] GC(112) y: Allocation Stalls:          0                0                0                0         
[2026-06-26T18:06:07.390-0300][1874.102s][8748][8884 ][info][gc,load     ] GC(112) y: Load: 0.00 (0%) / 0.00 (0%) / 0.00 (0%)
[2026-06-26T18:06:07.390-0300][1874.102s][8748][8884 ][info][gc,mmu      ] GC(112) y: MMU: 2ms/44.2%, 5ms/77.7%, 10ms/88.8%, 20ms/94.4%, 50ms/94.8%, 100ms/97.4%
[2026-06-26T18:06:07.390-0300][1874.102s][8748][8884 ][info][gc,marking  ] GC(112) y: Mark: 1 stripe(s), 2 proactive flush(es), 1 terminate flush(es), 0 completion(s), 0 continuation(s) 
[2026-06-26T18:06:07.390-0300][1874.102s][8748][8884 ][info][gc,nmethod  ] GC(112) y: NMethods: 10426 registered, 0 unregistered
[2026-06-26T18:06:07.390-0300][1874.102s][8748][8884 ][info][gc,metaspace] GC(112) y: Metaspace: 81M used, 84M committed, 1152M reserved
[2026-06-26T18:06:07.390-0300][1874.102s][8748][8884 ][info][gc,reloc    ] GC(112) y:                        Candidates     Selected     In-Place         Size        Empty    Relocated 
[2026-06-26T18:06:07.390-0300][1874.102s][8748][8884 ][info][gc,reloc    ] GC(112) y: Small Pages:                  477          300            0         954M         322M          17M 
[2026-06-26T18:06:07.390-0300][1874.102s][8748][8884 ][info][gc,reloc    ] GC(112) y: Medium Pages:                   0            0            0           0M           0M           0M 
[2026-06-26T18:06:07.390-0300][1874.102s][8748][8884 ][info][gc,reloc    ] GC(112) y: Large Pages:                    0            0            0           0M           0M           0M 
[2026-06-26T18:06:07.390-0300][1874.102s][8748][8884 ][info][gc,reloc    ] GC(112) y: Forwarding Usage: 9M
[2026-06-26T18:06:07.390-0300][1874.102s][8748][8884 ][info][gc,reloc    ] GC(112) y: Age Table:
[2026-06-26T18:06:07.390-0300][1874.102s][8748][8884 ][info][gc,reloc    ] GC(112) y:                    Live             Garbage             Small              Medium             Large        
[2026-06-26T18:06:07.390-0300][1874.102s][8748][8884 ][info][gc,reloc    ] GC(112) y: Eden              25M (1%)          922M (30%)        474 / 298            0 / 0              0 / 0        
[2026-06-26T18:06:07.390-0300][1874.102s][8748][8884 ][info][gc,reloc    ] GC(112) y: Survivor 1         1M (0%)            2M (0%)           2 / 1              0 / 0              0 / 0        
[2026-06-26T18:06:07.390-0300][1874.102s][8748][8884 ][info][gc,reloc    ] GC(112) y: Survivor 2         0M (0%)            1M (0%)           1 / 1              0 / 0              0 / 0        
[2026-06-26T18:06:07.390-0300][1874.102s][8748][8884 ][info][gc,heap     ] GC(112) y: Min Capacity: 8M(0%)
[2026-06-26T18:06:07.390-0300][1874.102s][8748][8884 ][info][gc,heap     ] GC(112) y: Max Capacity: 3072M(100%)
[2026-06-26T18:06:07.390-0300][1874.102s][8748][8884 ][info][gc,heap     ] GC(112) y: Soft Max Capacity: 3072M(100%)
[2026-06-26T18:06:07.390-0300][1874.102s][8748][8884 ][info][gc,heap     ] GC(112) y: Heap Statistics:
[2026-06-26T18:06:07.390-0300][1874.102s][8748][8884 ][info][gc,heap     ] GC(112) y:                Mark Start          Mark End        Relocate Start      Relocate End           High               Low         
[2026-06-26T18:06:07.390-0300][1874.102s][8748][8884 ][info][gc,heap     ] GC(112) y:  Capacity:     2906M (95%)        2908M (95%)        2908M (95%)        2908M (95%)        2908M (95%)        2906M (95%)    
[2026-06-26T18:06:07.390-0300][1874.102s][8748][8884 ][info][gc,heap     ] GC(112) y:      Free:      190M (6%)          164M (5%)          486M (16%)        1068M (35%)        1070M (35%)         164M (5%)     
[2026-06-26T18:06:07.390-0300][1874.102s][8748][8884 ][info][gc,heap     ] GC(112) y:      Used:     2882M (94%)        2908M (95%)        2586M (84%)        2004M (65%)        2908M (95%)        2002M (65%)    
[2026-06-26T18:06:07.390-0300][1874.102s][8748][8884 ][info][gc,heap     ] GC(112) y: Young Generation Statistics:
[2026-06-26T18:06:07.390-0300][1874.102s][8748][8884 ][info][gc,heap     ] GC(112) y:                Mark Start          Mark End        Relocate Start      Relocate End    
[2026-06-26T18:06:07.390-0300][1874.102s][8748][8884 ][info][gc,heap     ] GC(112) y:      Used:      954M (31%)         980M (32%)         658M (21%)          76M (2%)     
[2026-06-26T18:06:07.390-0300][1874.102s][8748][8884 ][info][gc,heap     ] GC(112) y:      Live:         -                26M (1%)           26M (1%)           26M (1%)     
[2026-06-26T18:06:07.390-0300][1874.102s][8748][8884 ][info][gc,heap     ] GC(112) y:   Garbage:         -               927M (30%)         605M (20%)           1M (0%)     
[2026-06-26T18:06:07.390-0300][1874.102s][8748][8884 ][info][gc,heap     ] GC(112) y: Allocated:         -                26M (1%)           26M (1%)           47M (2%)     
[2026-06-26T18:06:07.390-0300][1874.102s][8748][8884 ][info][gc,heap     ] GC(112) y: Reclaimed:         -                  -               322M (10%)         925M (30%)    
[2026-06-26T18:06:07.390-0300][1874.102s][8748][8884 ][info][gc,heap     ] GC(112) y:  Promoted:         -                  -                 0M (0%)            0M (0%)     
[2026-06-26T18:06:07.390-0300][1874.102s][8748][8884 ][info][gc,heap     ] GC(112) y: Compacted:         -                  -                  -                24M (1%)     
[2026-06-26T18:06:07.390-0300][1874.102s][8748][8884 ][info][gc,phases   ] GC(112) y: Young Generation 2882M(94%)->2004M(65%) 0.235s
[2026-06-26T18:06:07.390-0300][1874.102s][8748][8884 ][info][gc          ] GC(112) Minor Collection (High Usage) 2882M(94%)->2004M(65%) 0.235s
[2026-06-26T18:06:38.010-0300][1904.721s][8748][8884 ][info][gc          ] GC(113) Minor Collection (High Usage)
[2026-06-26T18:06:38.010-0300][1904.721s][8748][8884 ][info][gc,task     ] GC(113) Using 1 Workers for Young Generation
[2026-06-26T18:06:38.010-0300][1904.721s][8748][8884 ][info][gc,phases   ] GC(113) y: Young Generation
[2026-06-26T18:06:38.010-0300][1904.721s][8748][16824][info][gc,phases   ] GC(113) y: Pause Mark Start 0.009ms
[2026-06-26T18:06:38.182-0300][1904.894s][8748][8884 ][info][gc,phases   ] GC(113) y: Concurrent Mark 172.869ms
[2026-06-26T18:06:38.182-0300][1904.894s][8748][16824][info][gc,phases   ] GC(113) y: Pause Mark End 0.013ms
[2026-06-26T18:06:38.182-0300][1904.894s][8748][8884 ][info][gc,phases   ] GC(113) y: Concurrent Mark Free 0.001ms
[2026-06-26T18:06:38.182-0300][1904.894s][8748][8884 ][info][gc,phases   ] GC(113) y: Concurrent Reset Relocation Set 0.015ms
[2026-06-26T18:06:38.183-0300][1904.894s][8748][8884 ][info][gc,reloc    ] GC(113) y: Using tenuring threshold: 4 (Computed)
[2026-06-26T18:06:38.183-0300][1904.895s][8748][8884 ][info][gc,phases   ] GC(113) y: Concurrent Select Relocation Set 0.825ms
[2026-06-26T18:06:38.183-0300][1904.895s][8748][16824][info][gc,phases   ] GC(113) y: Pause Relocate Start 0.011ms
[2026-06-26T18:06:38.190-0300][1904.901s][8748][8884 ][info][gc,phases   ] GC(113) y: Concurrent Relocate 6.299ms
[2026-06-26T18:06:38.190-0300][1904.901s][8748][8884 ][info][gc,alloc    ] GC(113) y:                         Mark Start        Mark End      Relocate Start    Relocate End   
[2026-06-26T18:06:38.190-0300][1904.901s][8748][8884 ][info][gc,alloc    ] GC(113) y: Allocation Stalls:          0                0                0                0         
[2026-06-26T18:06:38.190-0300][1904.901s][8748][8884 ][info][gc,load     ] GC(113) y: Load: 0.00 (0%) / 0.00 (0%) / 0.00 (0%)
[2026-06-26T18:06:38.190-0300][1904.901s][8748][8884 ][info][gc,mmu      ] GC(113) y: MMU: 2ms/44.2%, 5ms/77.7%, 10ms/88.8%, 20ms/94.4%, 50ms/94.8%, 100ms/97.4%
[2026-06-26T18:06:38.190-0300][1904.901s][8748][8884 ][info][gc,marking  ] GC(113) y: Mark: 1 stripe(s), 2 proactive flush(es), 1 terminate flush(es), 0 completion(s), 0 continuation(s) 
[2026-06-26T18:06:38.190-0300][1904.901s][8748][8884 ][info][gc,nmethod  ] GC(113) y: NMethods: 10563 registered, 0 unregistered
[2026-06-26T18:06:38.190-0300][1904.901s][8748][8884 ][info][gc,metaspace] GC(113) y: Metaspace: 81M used, 84M committed, 1152M reserved
[2026-06-26T18:06:38.190-0300][1904.901s][8748][8884 ][info][gc,reloc    ] GC(113) y:                        Candidates     Selected     In-Place         Size        Empty    Relocated 
[2026-06-26T18:06:38.190-0300][1904.901s][8748][8884 ][info][gc,reloc    ] GC(113) y: Small Pages:                  477          305            0         954M         310M           3M 
[2026-06-26T18:06:38.190-0300][1904.901s][8748][8884 ][info][gc,reloc    ] GC(113) y: Medium Pages:                   0            0            0           0M           0M           0M 
[2026-06-26T18:06:38.190-0300][1904.901s][8748][8884 ][info][gc,reloc    ] GC(113) y: Large Pages:                    0            0            0           0M           0M           0M 
[2026-06-26T18:06:38.190-0300][1904.901s][8748][8884 ][info][gc,reloc    ] GC(113) y: Forwarding Usage: 1M
[2026-06-26T18:06:38.190-0300][1904.901s][8748][8884 ][info][gc,reloc    ] GC(113) y: Age Table:
[2026-06-26T18:06:38.190-0300][1904.901s][8748][8884 ][info][gc,reloc    ] GC(113) y:                    Live             Garbage             Small              Medium             Large        
[2026-06-26T18:06:38.190-0300][1904.901s][8748][8884 ][info][gc,reloc    ] GC(113) y: Eden               4M (0%)          901M (29%)        453 / 301            0 / 0              0 / 0        
[2026-06-26T18:06:38.190-0300][1904.901s][8748][8884 ][info][gc,reloc    ] GC(113) y: Survivor 1        23M (1%)           18M (1%)          21 / 2              0 / 0              0 / 0        
[2026-06-26T18:06:38.190-0300][1904.901s][8748][8884 ][info][gc,reloc    ] GC(113) y: Survivor 2         1M (0%)            2M (0%)           2 / 1              0 / 0              0 / 0        
[2026-06-26T18:06:38.190-0300][1904.901s][8748][8884 ][info][gc,reloc    ] GC(113) y: Survivor 3         0M (0%)            1M (0%)           1 / 1              0 / 0              0 / 0        
[2026-06-26T18:06:38.190-0300][1904.901s][8748][8884 ][info][gc,heap     ] GC(113) y: Min Capacity: 8M(0%)
[2026-06-26T18:06:38.190-0300][1904.901s][8748][8884 ][info][gc,heap     ] GC(113) y: Max Capacity: 3072M(100%)
[2026-06-26T18:06:38.190-0300][1904.901s][8748][8884 ][info][gc,heap     ] GC(113) y: Soft Max Capacity: 3072M(100%)
[2026-06-26T18:06:38.190-0300][1904.901s][8748][8884 ][info][gc,heap     ] GC(113) y: Heap Statistics:
[2026-06-26T18:06:38.190-0300][1904.901s][8748][8884 ][info][gc,heap     ] GC(113) y:                Mark Start          Mark End        Relocate Start      Relocate End           High               Low         
[2026-06-26T18:06:38.190-0300][1904.901s][8748][8884 ][info][gc,heap     ] GC(113) y:  Capacity:     2908M (95%)        2908M (95%)        2908M (95%)        2908M (95%)        2908M (95%)        2908M (95%)    
[2026-06-26T18:06:38.190-0300][1904.901s][8748][8884 ][info][gc,heap     ] GC(113) y:      Free:      190M (6%)          170M (6%)          480M (16%)        1072M (35%)        1072M (35%)         170M (6%)     
[2026-06-26T18:06:38.190-0300][1904.901s][8748][8884 ][info][gc,heap     ] GC(113) y:      Used:     2882M (94%)        2902M (94%)        2592M (84%)        2000M (65%)        2902M (94%)        2000M (65%)    
[2026-06-26T18:06:38.190-0300][1904.901s][8748][8884 ][info][gc,heap     ] GC(113) y: Young Generation Statistics:
[2026-06-26T18:06:38.190-0300][1904.901s][8748][8884 ][info][gc,heap     ] GC(113) y:                Mark Start          Mark End        Relocate Start      Relocate End    
[2026-06-26T18:06:38.190-0300][1904.901s][8748][8884 ][info][gc,heap     ] GC(113) y:      Used:      954M (31%)         974M (32%)         664M (22%)          72M (2%)     
[2026-06-26T18:06:38.190-0300][1904.901s][8748][8884 ][info][gc,heap     ] GC(113) y:      Live:         -                28M (1%)           28M (1%)           28M (1%)     
[2026-06-26T18:06:38.191-0300][1904.901s][8748][8884 ][info][gc,heap     ] GC(113) y:   Garbage:         -               925M (30%)         615M (20%)           4M (0%)     
[2026-06-26T18:06:38.191-0300][1904.902s][8748][8884 ][info][gc,heap     ] GC(113) y: Allocated:         -                20M (1%)           20M (1%)           38M (1%)     
[2026-06-26T18:06:38.191-0300][1904.902s][8748][8884 ][info][gc,heap     ] GC(113) y: Reclaimed:         -                  -               310M (10%)         920M (30%)    
[2026-06-26T18:06:38.191-0300][1904.902s][8748][8884 ][info][gc,heap     ] GC(113) y:  Promoted:         -                  -                 0M (0%)            0M (0%)     
[2026-06-26T18:06:38.191-0300][1904.902s][8748][8884 ][info][gc,heap     ] GC(113) y: Compacted:         -                  -                  -                 3M (0%)     
[2026-06-26T18:06:38.191-0300][1904.902s][8748][8884 ][info][gc,phases   ] GC(113) y: Young Generation 2882M(94%)->2000M(65%) 0.180s
[2026-06-26T18:06:38.191-0300][1904.902s][8748][8884 ][info][gc          ] GC(113) Minor Collection (High Usage) 2882M(94%)->2000M(65%) 0.181s
[2026-06-26T18:07:10.067-0300][1936.778s][8748][8884 ][info][gc          ] GC(114) Minor Collection (High Usage)
[2026-06-26T18:07:10.067-0300][1936.778s][8748][8884 ][info][gc,task     ] GC(114) Using 1 Workers for Young Generation
[2026-06-26T18:07:10.067-0300][1936.778s][8748][8884 ][info][gc,phases   ] GC(114) y: Young Generation
[2026-06-26T18:07:10.067-0300][1936.778s][8748][16824][info][gc,phases   ] GC(114) y: Pause Mark Start 0.010ms
[2026-06-26T18:07:10.197-0300][1936.908s][8748][8884 ][info][gc,phases   ] GC(114) y: Concurrent Mark 130.361ms
[2026-06-26T18:07:10.197-0300][1936.908s][8748][16824][info][gc,phases   ] GC(114) y: Pause Mark End 0.014ms
[2026-06-26T18:07:10.197-0300][1936.908s][8748][8884 ][info][gc,phases   ] GC(114) y: Concurrent Mark Free 0.004ms
[2026-06-26T18:07:10.197-0300][1936.908s][8748][8884 ][info][gc,phases   ] GC(114) y: Concurrent Reset Relocation Set 0.010ms
[2026-06-26T18:07:10.197-0300][1936.908s][8748][8884 ][info][gc,reloc    ] GC(114) y: Using tenuring threshold: 1 (Computed)
[2026-06-26T18:07:10.211-0300][1936.923s][8748][8884 ][info][gc,phases   ] GC(114) y: Concurrent Select Relocation Set 14.254ms
[2026-06-26T18:07:10.211-0300][1936.923s][8748][16824][info][gc,phases   ] GC(114) y: Pause Relocate Start 0.011ms
[2026-06-26T18:07:10.241-0300][1936.952s][8748][8884 ][info][gc,phases   ] GC(114) y: Concurrent Relocate 29.301ms
[2026-06-26T18:07:10.241-0300][1936.952s][8748][8884 ][info][gc,alloc    ] GC(114) y:                         Mark Start        Mark End      Relocate Start    Relocate End   
[2026-06-26T18:07:10.241-0300][1936.952s][8748][8884 ][info][gc,alloc    ] GC(114) y: Allocation Stalls:          0                0                0                0         
[2026-06-26T18:07:10.241-0300][1936.952s][8748][8884 ][info][gc,load     ] GC(114) y: Load: 0.00 (0%) / 0.00 (0%) / 0.00 (0%)
[2026-06-26T18:07:10.241-0300][1936.952s][8748][8884 ][info][gc,mmu      ] GC(114) y: MMU: 2ms/44.2%, 5ms/77.7%, 10ms/88.8%, 20ms/94.4%, 50ms/94.8%, 100ms/97.4%
[2026-06-26T18:07:10.241-0300][1936.952s][8748][8884 ][info][gc,marking  ] GC(114) y: Mark: 1 stripe(s), 2 proactive flush(es), 1 terminate flush(es), 0 completion(s), 0 continuation(s) 
[2026-06-26T18:07:10.241-0300][1936.952s][8748][8884 ][info][gc,nmethod  ] GC(114) y: NMethods: 10633 registered, 0 unregistered
[2026-06-26T18:07:10.241-0300][1936.952s][8748][8884 ][info][gc,metaspace] GC(114) y: Metaspace: 81M used, 84M committed, 1152M reserved
[2026-06-26T18:07:10.241-0300][1936.952s][8748][8884 ][info][gc,reloc    ] GC(114) y:                        Candidates     Selected     In-Place         Size        Empty    Relocated 
[2026-06-26T18:07:10.241-0300][1936.952s][8748][8884 ][info][gc,reloc    ] GC(114) y: Small Pages:                  477          241            0         954M         440M           3M 
[2026-06-26T18:07:10.241-0300][1936.952s][8748][8884 ][info][gc,reloc    ] GC(114) y: Medium Pages:                   0            0            0           0M           0M           0M 
[2026-06-26T18:07:10.241-0300][1936.952s][8748][8884 ][info][gc,reloc    ] GC(114) y: Large Pages:                    0            0            0           0M           0M           0M 
[2026-06-26T18:07:10.241-0300][1936.952s][8748][8884 ][info][gc,reloc    ] GC(114) y: Forwarding Usage: 1M
[2026-06-26T18:07:10.241-0300][1936.952s][8748][8884 ][info][gc,reloc    ] GC(114) y: Age Table:
[2026-06-26T18:07:10.241-0300][1936.952s][8748][8884 ][info][gc,reloc    ] GC(114) y:                    Live             Garbage             Small              Medium             Large        
[2026-06-26T18:07:10.241-0300][1936.952s][8748][8884 ][info][gc,reloc    ] GC(114) y: Eden               2M (0%)          899M (29%)        451 / 233            0 / 0              0 / 0        
[2026-06-26T18:07:10.241-0300][1936.952s][8748][8884 ][info][gc,reloc    ] GC(114) y: Survivor 1         1M (0%)           14M (0%)           8 / 3              0 / 0              0 / 0        
[2026-06-26T18:07:10.241-0300][1936.952s][8748][8884 ][info][gc,reloc    ] GC(114) y: Survivor 2        23M (1%)            6M (0%)          15 / 3              0 / 0              0 / 0        
[2026-06-26T18:07:10.241-0300][1936.952s][8748][8884 ][info][gc,reloc    ] GC(114) y: Survivor 3         1M (0%)            2M (0%)           2 / 1              0 / 0              0 / 0        
[2026-06-26T18:07:10.241-0300][1936.952s][8748][8884 ][info][gc,reloc    ] GC(114) y: Survivor 4         0M (0%)            1M (0%)           1 / 1              0 / 0              0 / 0        
[2026-06-26T18:07:10.241-0300][1936.952s][8748][8884 ][info][gc,heap     ] GC(114) y: Min Capacity: 8M(0%)
[2026-06-26T18:07:10.241-0300][1936.952s][8748][8884 ][info][gc,heap     ] GC(114) y: Max Capacity: 3072M(100%)
[2026-06-26T18:07:10.241-0300][1936.952s][8748][8884 ][info][gc,heap     ] GC(114) y: Soft Max Capacity: 3072M(100%)
[2026-06-26T18:07:10.241-0300][1936.952s][8748][8884 ][info][gc,heap     ] GC(114) y: Heap Statistics:
[2026-06-26T18:07:10.241-0300][1936.952s][8748][8884 ][info][gc,heap     ] GC(114) y:                Mark Start          Mark End        Relocate Start      Relocate End           High               Low         
[2026-06-26T18:07:10.241-0300][1936.952s][8748][8884 ][info][gc,heap     ] GC(114) y:  Capacity:     2908M (95%)        2908M (95%)        2908M (95%)        2908M (95%)        2908M (95%)        2908M (95%)    
[2026-06-26T18:07:10.241-0300][1936.952s][8748][8884 ][info][gc,heap     ] GC(114) y:      Free:      190M (6%)          170M (6%)          610M (20%)        1082M (35%)        1084M (35%)         170M (6%)     
[2026-06-26T18:07:10.241-0300][1936.952s][8748][8884 ][info][gc,heap     ] GC(114) y:      Used:     2882M (94%)        2902M (94%)        2462M (80%)        1990M (65%)        2902M (94%)        1988M (65%)    
[2026-06-26T18:07:10.241-0300][1936.952s][8748][8884 ][info][gc,heap     ] GC(114) y: Young Generation Statistics:
[2026-06-26T18:07:10.241-0300][1936.952s][8748][8884 ][info][gc,heap     ] GC(114) y:                Mark Start          Mark End        Relocate Start      Relocate End    
[2026-06-26T18:07:10.241-0300][1936.952s][8748][8884 ][info][gc,heap     ] GC(114) y:      Used:      954M (31%)         974M (32%)         508M (17%)          30M (1%)     
[2026-06-26T18:07:10.241-0300][1936.952s][8748][8884 ][info][gc,heap     ] GC(114) y:      Live:         -                27M (1%)            4M (0%)            2M (0%)     
[2026-06-26T18:07:10.241-0300][1936.952s][8748][8884 ][info][gc,heap     ] GC(114) y:   Garbage:         -               926M (30%)         483M (16%)           0M (0%)     
[2026-06-26T18:07:10.241-0300][1936.952s][8748][8884 ][info][gc,heap     ] GC(114) y: Allocated:         -                20M (1%)           20M (1%)           27M (1%)     
[2026-06-26T18:07:10.241-0300][1936.952s][8748][8884 ][info][gc,heap     ] GC(114) y: Reclaimed:         -                  -               443M (14%)         926M (30%)    
[2026-06-26T18:07:10.241-0300][1936.952s][8748][8884 ][info][gc,heap     ] GC(114) y:  Promoted:         -                  -                22M (1%)           25M (1%)     
[2026-06-26T18:07:10.241-0300][1936.952s][8748][8884 ][info][gc,heap     ] GC(114) y: Compacted:         -                  -                  -                 2M (0%)     
[2026-06-26T18:07:10.241-0300][1936.952s][8748][8884 ][info][gc,phases   ] GC(114) y: Young Generation 2882M(94%)->1990M(65%) 0.174s
[2026-06-26T18:07:10.241-0300][1936.952s][8748][8884 ][info][gc          ] GC(114) Minor Collection (High Usage) 2882M(94%)->1990M(65%) 0.175s
[2026-06-26T18:07:40.963-0300][1967.673s][8748][8884 ][info][gc          ] GC(115) Minor Collection (High Usage)
[2026-06-26T18:07:40.963-0300][1967.673s][8748][8884 ][info][gc,task     ] GC(115) Using 1 Workers for Young Generation
[2026-06-26T18:07:40.963-0300][1967.674s][8748][8884 ][info][gc,phases   ] GC(115) y: Young Generation
[2026-06-26T18:07:40.963-0300][1967.674s][8748][16824][info][gc,phases   ] GC(115) y: Pause Mark Start 0.009ms
[2026-06-26T18:07:41.023-0300][1967.733s][8748][8884 ][info][gc,phases   ] GC(115) y: Concurrent Mark 59.805ms
[2026-06-26T18:07:41.023-0300][1967.733s][8748][16824][info][gc,phases   ] GC(115) y: Pause Mark End 0.013ms
[2026-06-26T18:07:41.023-0300][1967.734s][8748][8884 ][info][gc,phases   ] GC(115) y: Concurrent Mark Free 0.003ms
[2026-06-26T18:07:41.023-0300][1967.734s][8748][8884 ][info][gc,phases   ] GC(115) y: Concurrent Reset Relocation Set 0.185ms
[2026-06-26T18:07:41.023-0300][1967.734s][8748][8884 ][info][gc,reloc    ] GC(115) y: Using tenuring threshold: 2 (Computed)
[2026-06-26T18:07:41.023-0300][1967.734s][8748][8884 ][info][gc,phases   ] GC(115) y: Concurrent Select Relocation Set 0.427ms
[2026-06-26T18:07:41.023-0300][1967.734s][8748][16824][info][gc,phases   ] GC(115) y: Pause Relocate Start 0.009ms
[2026-06-26T18:07:41.027-0300][1967.738s][8748][8884 ][info][gc,phases   ] GC(115) y: Concurrent Relocate 3.240ms
[2026-06-26T18:07:41.027-0300][1967.738s][8748][8884 ][info][gc,alloc    ] GC(115) y:                         Mark Start        Mark End      Relocate Start    Relocate End   
[2026-06-26T18:07:41.027-0300][1967.738s][8748][8884 ][info][gc,alloc    ] GC(115) y: Allocation Stalls:          0                0                0                0         
[2026-06-26T18:07:41.027-0300][1967.738s][8748][8884 ][info][gc,load     ] GC(115) y: Load: 0.00 (0%) / 0.00 (0%) / 0.00 (0%)
[2026-06-26T18:07:41.027-0300][1967.738s][8748][8884 ][info][gc,mmu      ] GC(115) y: MMU: 2ms/44.2%, 5ms/77.7%, 10ms/88.8%, 20ms/94.4%, 50ms/94.8%, 100ms/97.4%
[2026-06-26T18:07:41.027-0300][1967.738s][8748][8884 ][info][gc,marking  ] GC(115) y: Mark: 1 stripe(s), 2 proactive flush(es), 1 terminate flush(es), 0 completion(s), 0 continuation(s) 
[2026-06-26T18:07:41.027-0300][1967.738s][8748][8884 ][info][gc,nmethod  ] GC(115) y: NMethods: 10677 registered, 0 unregistered
[2026-06-26T18:07:41.027-0300][1967.738s][8748][8884 ][info][gc,metaspace] GC(115) y: Metaspace: 81M used, 84M committed, 1152M reserved
[2026-06-26T18:07:41.027-0300][1967.738s][8748][8884 ][info][gc,reloc    ] GC(115) y:                        Candidates     Selected     In-Place         Size        Empty    Relocated 
[2026-06-26T18:07:41.027-0300][1967.738s][8748][8884 ][info][gc,reloc    ] GC(115) y: Small Pages:                  461          135            0         922M         648M           1M 
[2026-06-26T18:07:41.027-0300][1967.738s][8748][8884 ][info][gc,reloc    ] GC(115) y: Medium Pages:                   0            0            0           0M           0M           0M 
[2026-06-26T18:07:41.027-0300][1967.738s][8748][8884 ][info][gc,reloc    ] GC(115) y: Large Pages:                    0            0            0           0M           0M           0M 
[2026-06-26T18:07:41.027-0300][1967.738s][8748][8884 ][info][gc,reloc    ] GC(115) y: Forwarding Usage: 0M
[2026-06-26T18:07:41.027-0300][1967.738s][8748][8884 ][info][gc,reloc    ] GC(115) y: Age Table:
[2026-06-26T18:07:41.027-0300][1967.738s][8748][8884 ][info][gc,reloc    ] GC(115) y:                    Live             Garbage             Small              Medium             Large        
[2026-06-26T18:07:41.027-0300][1967.738s][8748][8884 ][info][gc,reloc    ] GC(115) y: Eden               1M (0%)          912M (30%)        457 / 132            0 / 0              0 / 0        
[2026-06-26T18:07:41.027-0300][1967.738s][8748][8884 ][info][gc,reloc    ] GC(115) y: Survivor 1         1M (0%)            6M (0%)           4 / 3              0 / 0              0 / 0        
[2026-06-26T18:07:41.027-0300][1967.738s][8748][8884 ][info][gc,heap     ] GC(115) y: Min Capacity: 8M(0%)
[2026-06-26T18:07:41.027-0300][1967.738s][8748][8884 ][info][gc,heap     ] GC(115) y: Max Capacity: 3072M(100%)
[2026-06-26T18:07:41.027-0300][1967.738s][8748][8884 ][info][gc,heap     ] GC(115) y: Soft Max Capacity: 3072M(100%)
[2026-06-26T18:07:41.027-0300][1967.738s][8748][8884 ][info][gc,heap     ] GC(115) y: Heap Statistics:
[2026-06-26T18:07:41.027-0300][1967.738s][8748][8884 ][info][gc,heap     ] GC(115) y:                Mark Start          Mark End        Relocate Start      Relocate End           High               Low         
[2026-06-26T18:07:41.027-0300][1967.738s][8748][8884 ][info][gc,heap     ] GC(115) y:  Capacity:     2908M (95%)        2908M (95%)        2908M (95%)        2908M (95%)        2908M (95%)        2908M (95%)    
[2026-06-26T18:07:41.027-0300][1967.738s][8748][8884 ][info][gc,heap     ] GC(115) y:      Free:      190M (6%)          186M (6%)          832M (27%)        1098M (36%)        1098M (36%)         186M (6%)     
[2026-06-26T18:07:41.027-0300][1967.738s][8748][8884 ][info][gc,heap     ] GC(115) y:      Used:     2882M (94%)        2886M (94%)        2240M (73%)        1974M (64%)        2886M (94%)        1974M (64%)    
[2026-06-26T18:07:41.027-0300][1967.738s][8748][8884 ][info][gc,heap     ] GC(115) y: Young Generation Statistics:
[2026-06-26T18:07:41.027-0300][1967.738s][8748][8884 ][info][gc,heap     ] GC(115) y:                Mark Start          Mark End        Relocate Start      Relocate End    
[2026-06-26T18:07:41.027-0300][1967.738s][8748][8884 ][info][gc,heap     ] GC(115) y:      Used:      922M (30%)         926M (30%)         280M (9%)           14M (0%)     
[2026-06-26T18:07:41.027-0300][1967.738s][8748][8884 ][info][gc,heap     ] GC(115) y:      Live:         -                 3M (0%)            3M (0%)            3M (0%)     
[2026-06-26T18:07:41.027-0300][1967.738s][8748][8884 ][info][gc,heap     ] GC(115) y:   Garbage:         -               918M (30%)         270M (9%)            0M (0%)     
[2026-06-26T18:07:41.027-0300][1967.738s][8748][8884 ][info][gc,heap     ] GC(115) y: Allocated:         -                 4M (0%)            6M (0%)           10M (0%)     
[2026-06-26T18:07:41.027-0300][1967.738s][8748][8884 ][info][gc,heap     ] GC(115) y: Reclaimed:         -                  -               648M (21%)         918M (30%)    
[2026-06-26T18:07:41.027-0300][1967.738s][8748][8884 ][info][gc,heap     ] GC(115) y:  Promoted:         -                  -                 0M (0%)            0M (0%)     
[2026-06-26T18:07:41.027-0300][1967.738s][8748][8884 ][info][gc,heap     ] GC(115) y: Compacted:         -                  -                  -                 1M (0%)     
[2026-06-26T18:07:41.027-0300][1967.738s][8748][8884 ][info][gc,phases   ] GC(115) y: Young Generation 2882M(94%)->1974M(64%) 0.064s
[2026-06-26T18:07:41.027-0300][1967.738s][8748][8884 ][info][gc          ] GC(115) Minor Collection (High Usage) 2882M(94%)->1974M(64%) 0.065s
[2026-06-26T18:07:52.084-0300][1978.795s][8748][7584 ][info][gc          ] GC(116) Major Collection (Proactive)
[2026-06-26T18:07:52.084-0300][1978.795s][8748][7584 ][info][gc,task     ] GC(116) Using 1 Workers for Young Generation
[2026-06-26T18:07:52.084-0300][1978.795s][8748][7584 ][info][gc,task     ] GC(116) Using 1 Workers for Old Generation
[2026-06-26T18:07:52.084-0300][1978.795s][8748][7584 ][info][gc,phases   ] GC(116) Y: Young Generation
[2026-06-26T18:07:52.084-0300][1978.795s][8748][16824][info][gc,phases   ] GC(116) Y: Pause Mark Start (Major) 0.011ms
[2026-06-26T18:07:52.112-0300][1978.823s][8748][7584 ][info][gc,phases   ] GC(116) Y: Concurrent Mark 28.557ms
[2026-06-26T18:07:52.112-0300][1978.823s][8748][16824][info][gc,phases   ] GC(116) Y: Pause Mark End 0.015ms
[2026-06-26T18:07:52.112-0300][1978.823s][8748][7584 ][info][gc,phases   ] GC(116) Y: Concurrent Mark Free 0.002ms
[2026-06-26T18:07:52.112-0300][1978.823s][8748][7584 ][info][gc,phases   ] GC(116) Y: Concurrent Reset Relocation Set 0.005ms
[2026-06-26T18:07:52.113-0300][1978.824s][8748][7584 ][info][gc,reloc    ] GC(116) Y: Using tenuring threshold: 2 (Computed)
[2026-06-26T18:07:52.114-0300][1978.825s][8748][7584 ][info][gc,phases   ] GC(116) Y: Concurrent Select Relocation Set 1.486ms
[2026-06-26T18:07:52.114-0300][1978.825s][8748][16824][info][gc,phases   ] GC(116) Y: Pause Relocate Start 0.006ms
[2026-06-26T18:07:52.118-0300][1978.829s][8748][7584 ][info][gc,phases   ] GC(116) Y: Concurrent Relocate 4.258ms
[2026-06-26T18:07:52.118-0300][1978.829s][8748][7584 ][info][gc,alloc    ] GC(116) Y:                         Mark Start        Mark End      Relocate Start    Relocate End   
[2026-06-26T18:07:52.118-0300][1978.829s][8748][7584 ][info][gc,alloc    ] GC(116) Y: Allocation Stalls:          0                0                0                0         
[2026-06-26T18:07:52.118-0300][1978.829s][8748][7584 ][info][gc,load     ] GC(116) Y: Load: 0.00 (0%) / 0.00 (0%) / 0.00 (0%)
[2026-06-26T18:07:52.118-0300][1978.829s][8748][7584 ][info][gc,mmu      ] GC(116) Y: MMU: 2ms/44.2%, 5ms/77.7%, 10ms/88.8%, 20ms/94.4%, 50ms/94.8%, 100ms/97.4%
[2026-06-26T18:07:52.118-0300][1978.829s][8748][7584 ][info][gc,marking  ] GC(116) Y: Mark: 1 stripe(s), 2 proactive flush(es), 1 terminate flush(es), 0 completion(s), 0 continuation(s) 
[2026-06-26T18:07:52.118-0300][1978.829s][8748][7584 ][info][gc,nmethod  ] GC(116) Y: NMethods: 10677 registered, 0 unregistered
[2026-06-26T18:07:52.118-0300][1978.829s][8748][7584 ][info][gc,metaspace] GC(116) Y: Metaspace: 81M used, 84M committed, 1152M reserved
[2026-06-26T18:07:52.118-0300][1978.829s][8748][7584 ][info][gc,reloc    ] GC(116) Y:                        Candidates     Selected     In-Place         Size        Empty    Relocated 
[2026-06-26T18:07:52.118-0300][1978.829s][8748][7584 ][info][gc,reloc    ] GC(116) Y: Small Pages:                  183           22            0         366M         318M           1M 
[2026-06-26T18:07:52.118-0300][1978.829s][8748][7584 ][info][gc,reloc    ] GC(116) Y: Medium Pages:                   0            0            0           0M           0M           0M 
[2026-06-26T18:07:52.118-0300][1978.829s][8748][7584 ][info][gc,reloc    ] GC(116) Y: Large Pages:                    0            0            0           0M           0M           0M 
[2026-06-26T18:07:52.118-0300][1978.830s][8748][7584 ][info][gc,reloc    ] GC(116) Y: Forwarding Usage: 0M
[2026-06-26T18:07:52.118-0300][1978.830s][8748][7584 ][info][gc,reloc    ] GC(116) Y: Age Table:
[2026-06-26T18:07:52.118-0300][1978.830s][8748][7584 ][info][gc,reloc    ] GC(116) Y:                    Live             Garbage             Small              Medium             Large        
[2026-06-26T18:07:52.118-0300][1978.830s][8748][7584 ][info][gc,reloc    ] GC(116) Y: Eden               0M (0%)          357M (12%)        179 / 20             0 / 0              0 / 0        
[2026-06-26T18:07:52.118-0300][1978.830s][8748][7584 ][info][gc,reloc    ] GC(116) Y: Survivor 1         1M (0%)            2M (0%)           2 / 1              0 / 0              0 / 0        
[2026-06-26T18:07:52.118-0300][1978.830s][8748][7584 ][info][gc,reloc    ] GC(116) Y: Survivor 2         1M (0%)            2M (0%)           2 / 1              0 / 0              0 / 0        
[2026-06-26T18:07:52.118-0300][1978.830s][8748][7584 ][info][gc,heap     ] GC(116) Y: Min Capacity: 8M(0%)
[2026-06-26T18:07:52.118-0300][1978.830s][8748][7584 ][info][gc,heap     ] GC(116) Y: Max Capacity: 3072M(100%)
[2026-06-26T18:07:52.118-0300][1978.830s][8748][7584 ][info][gc,heap     ] GC(116) Y: Soft Max Capacity: 3072M(100%)
[2026-06-26T18:07:52.118-0300][1978.830s][8748][7584 ][info][gc,heap     ] GC(116) Y: Heap Statistics:
[2026-06-26T18:07:52.118-0300][1978.830s][8748][7584 ][info][gc,heap     ] GC(116) Y:                Mark Start          Mark End        Relocate Start      Relocate End           High               Low         
[2026-06-26T18:07:52.118-0300][1978.830s][8748][7584 ][info][gc,heap     ] GC(116) Y:  Capacity:     2908M (95%)        2908M (95%)        2908M (95%)        2908M (95%)        2908M (95%)        2908M (95%)    
[2026-06-26T18:07:52.118-0300][1978.830s][8748][7584 ][info][gc,heap     ] GC(116) Y:      Free:      746M (24%)         742M (24%)        1060M (35%)        1096M (36%)        1096M (36%)         742M (24%)    
[2026-06-26T18:07:52.119-0300][1978.830s][8748][7584 ][info][gc,heap     ] GC(116) Y:      Used:     2326M (76%)        2330M (76%)        2012M (65%)        1976M (64%)        2330M (76%)        1976M (64%)    
[2026-06-26T18:07:52.119-0300][1978.830s][8748][7584 ][info][gc,heap     ] GC(116) Y: Young Generation Statistics:
[2026-06-26T18:07:52.119-0300][1978.830s][8748][7584 ][info][gc,heap     ] GC(116) Y:                Mark Start          Mark End        Relocate Start      Relocate End    
[2026-06-26T18:07:52.119-0300][1978.830s][8748][7584 ][info][gc,heap     ] GC(116) Y:      Used:      366M (12%)         370M (12%)          50M (2%)           10M (0%)     
[2026-06-26T18:07:52.119-0300][1978.830s][8748][7584 ][info][gc,heap     ] GC(116) Y:      Live:         -                 3M (0%)            1M (0%)            1M (0%)     
[2026-06-26T18:07:52.119-0300][1978.830s][8748][7584 ][info][gc,heap     ] GC(116) Y:   Garbage:         -               362M (12%)          44M (1%)            0M (0%)     
[2026-06-26T18:07:52.119-0300][1978.830s][8748][7584 ][info][gc,heap     ] GC(116) Y: Allocated:         -                 4M (0%)            4M (0%)            8M (0%)     
[2026-06-26T18:07:52.119-0300][1978.830s][8748][7584 ][info][gc,heap     ] GC(116) Y: Reclaimed:         -                  -               318M (10%)         362M (12%)    
[2026-06-26T18:07:52.119-0300][1978.830s][8748][7584 ][info][gc,heap     ] GC(116) Y:  Promoted:         -                  -                 1M (0%)            1M (0%)     
[2026-06-26T18:07:52.119-0300][1978.830s][8748][7584 ][info][gc,heap     ] GC(116) Y: Compacted:         -                  -                  -                 1M (0%)     
[2026-06-26T18:07:52.119-0300][1978.830s][8748][7584 ][info][gc,phases   ] GC(116) Y: Young Generation 2326M(76%)->1976M(64%) 0.035s
[2026-06-26T18:07:52.119-0300][1978.830s][8748][7584 ][info][gc,phases   ] GC(116) O: Old Generation
[2026-06-26T18:07:55.060-0300][1981.772s][8748][7584 ][info][gc,phases   ] GC(116) O: Concurrent Mark 2942.513ms
[2026-06-26T18:07:55.060-0300][1981.772s][8748][16824][info][gc,phases   ] GC(116) O: Pause Mark End 0.015ms
[2026-06-26T18:07:55.060-0300][1981.772s][8748][7584 ][info][gc,phases   ] GC(116) O: Concurrent Mark Free 0.003ms
[2026-06-26T18:07:55.094-0300][1981.805s][8748][7584 ][info][gc,phases   ] GC(116) O: Concurrent Process Non-Strong 32.938ms
[2026-06-26T18:07:55.094-0300][1981.805s][8748][7584 ][info][gc,phases   ] GC(116) O: Concurrent Reset Relocation Set 0.003ms
[2026-06-26T18:07:55.098-0300][1981.809s][8748][7584 ][info][gc,phases   ] GC(116) O: Concurrent Select Relocation Set 3.342ms
[2026-06-26T18:07:55.098-0300][1981.809s][8748][7584 ][info][gc,task     ] GC(116) O: Using 2 Workers for Old Generation
[2026-06-26T18:07:55.106-0300][1981.817s][8748][7584 ][info][gc,task     ] GC(116) O: Using 1 Workers for Old Generation
[2026-06-26T18:07:55.106-0300][1981.817s][8748][7584 ][info][gc,phases   ] GC(116) O: Concurrent Remap Roots 8.614ms
[2026-06-26T18:07:55.106-0300][1981.818s][8748][16824][info][gc,phases   ] GC(116) O: Pause Relocate Start 0.010ms
[2026-06-26T18:07:55.167-0300][1981.878s][8748][7584 ][info][gc,phases   ] GC(116) O: Concurrent Relocate 60.801ms
[2026-06-26T18:07:55.167-0300][1981.878s][8748][7584 ][info][gc,alloc    ] GC(116) O:                         Mark Start        Mark End      Relocate Start    Relocate End   
[2026-06-26T18:07:55.167-0300][1981.878s][8748][7584 ][info][gc,alloc    ] GC(116) O: Allocation Stalls:          0                0                0                0         
[2026-06-26T18:07:55.167-0300][1981.878s][8748][7584 ][info][gc,load     ] GC(116) O: Load: 0.00 (0%) / 0.00 (0%) / 0.00 (0%)
[2026-06-26T18:07:55.167-0300][1981.878s][8748][7584 ][info][gc,mmu      ] GC(116) O: MMU: 2ms/44.2%, 5ms/77.7%, 10ms/88.8%, 20ms/94.4%, 50ms/94.8%, 100ms/97.4%
[2026-06-26T18:07:55.167-0300][1981.878s][8748][7584 ][info][gc,marking  ] GC(116) O: Mark: 1 stripe(s), 2 proactive flush(es), 1 terminate flush(es), 0 completion(s), 0 continuation(s) 
[2026-06-26T18:07:55.167-0300][1981.878s][8748][7584 ][info][gc,nmethod  ] GC(116) O: NMethods: 10033 registered, 644 unregistered
[2026-06-26T18:07:55.167-0300][1981.878s][8748][7584 ][info][gc,metaspace] GC(116) O: Metaspace: 81M used, 84M committed, 1152M reserved
[2026-06-26T18:07:55.167-0300][1981.878s][8748][7584 ][info][gc,ref      ] GC(116) O:                       Encountered   Discovered     Enqueued 
[2026-06-26T18:07:55.167-0300][1981.878s][8748][7584 ][info][gc,ref      ] GC(116) O: Soft References:             3378          429            7 
[2026-06-26T18:07:55.167-0300][1981.879s][8748][7584 ][info][gc,ref      ] GC(116) O: Weak References:             6352         5436            6 
[2026-06-26T18:07:55.167-0300][1981.879s][8748][7584 ][info][gc,ref      ] GC(116) O: Final References:              16            0            0 
[2026-06-26T18:07:55.167-0300][1981.879s][8748][7584 ][info][gc,ref      ] GC(116) O: Phantom References:         10059        10010         2005 
[2026-06-26T18:07:55.167-0300][1981.879s][8748][7584 ][info][gc,reloc    ] GC(116) O:                        Candidates     Selected     In-Place         Size        Empty    Relocated 
[2026-06-26T18:07:55.167-0300][1981.879s][8748][7584 ][info][gc,reloc    ] GC(116) O: Small Pages:                  918           28            0        1836M           0M          13M 
[2026-06-26T18:07:55.167-0300][1981.879s][8748][7584 ][info][gc,reloc    ] GC(116) O: Medium Pages:                   2            0            0          64M           0M           0M 
[2026-06-26T18:07:55.167-0300][1981.879s][8748][7584 ][info][gc,reloc    ] GC(116) O: Large Pages:                    5            0            0          60M           0M           0M 
[2026-06-26T18:07:55.167-0300][1981.879s][8748][7584 ][info][gc,reloc    ] GC(116) O: Forwarding Usage: 17M
[2026-06-26T18:07:55.167-0300][1981.879s][8748][7584 ][info][gc,heap     ] GC(116) O: Min Capacity: 8M(0%)
[2026-06-26T18:07:55.167-0300][1981.879s][8748][7584 ][info][gc,heap     ] GC(116) O: Max Capacity: 3072M(100%)
[2026-06-26T18:07:55.167-0300][1981.879s][8748][7584 ][info][gc,heap     ] GC(116) O: Soft Max Capacity: 3072M(100%)
[2026-06-26T18:07:55.167-0300][1981.879s][8748][7584 ][info][gc,heap     ] GC(116) O: Heap Statistics:
[2026-06-26T18:07:55.167-0300][1981.879s][8748][7584 ][info][gc,heap     ] GC(116) O:                Mark Start          Mark End        Relocate Start      Relocate End           High               Low         
[2026-06-26T18:07:55.167-0300][1981.879s][8748][7584 ][info][gc,heap     ] GC(116) O:  Capacity:     2908M (95%)        2908M (95%)        2908M (95%)        2908M (95%)        2908M (95%)        2908M (95%)    
[2026-06-26T18:07:55.167-0300][1981.879s][8748][7584 ][info][gc,heap     ] GC(116) O:      Free:      746M (24%)        1032M (34%)        1030M (34%)        1088M (35%)        1096M (36%)         742M (24%)    
[2026-06-26T18:07:55.167-0300][1981.879s][8748][7584 ][info][gc,heap     ] GC(116) O:      Used:     2326M (76%)        2040M (66%)        2042M (66%)        1984M (65%)        2330M (76%)        1976M (64%)    
[2026-06-26T18:07:55.167-0300][1981.879s][8748][7584 ][info][gc,heap     ] GC(116) O: Old Generation Statistics:
[2026-06-26T18:07:55.167-0300][1981.879s][8748][7584 ][info][gc,heap     ] GC(116) O:                Mark Start          Mark End        Relocate Start      Relocate End    
[2026-06-26T18:07:55.167-0300][1981.879s][8748][7584 ][info][gc,heap     ] GC(116) O:      Used:     1960M (64%)        1966M (64%)        1966M (64%)        1906M (62%)    
[2026-06-26T18:07:55.167-0300][1981.879s][8748][7584 ][info][gc,heap     ] GC(116) O:      Live:         -              1800M (59%)        1800M (59%)        1800M (59%)    
[2026-06-26T18:07:55.167-0300][1981.879s][8748][7584 ][info][gc,heap     ] GC(116) O:   Garbage:         -               159M (5%)          159M (5%)           96M (3%)     
[2026-06-26T18:07:55.167-0300][1981.879s][8748][7584 ][info][gc,heap     ] GC(116) O: Allocated:         -                 6M (0%)            6M (0%)            9M (0%)     
[2026-06-26T18:07:55.167-0300][1981.879s][8748][7584 ][info][gc,heap     ] GC(116) O: Reclaimed:         -                  -                 0M (0%)           63M (2%)     
[2026-06-26T18:07:55.167-0300][1981.879s][8748][7584 ][info][gc,heap     ] GC(116) O: Compacted:         -                  -                  -                50M (2%)     
[2026-06-26T18:07:55.168-0300][1981.879s][8748][7584 ][info][gc,phases   ] GC(116) O: Old Generation 1976M(64%)->1984M(65%) 3.049s
[2026-06-26T18:07:55.168-0300][1981.879s][8748][7584 ][info][gc          ] GC(116) Major Collection (Proactive) 2326M(76%)->1984M(65%) 3.084s
[2026-06-26T18:08:28.661-0300][2015.372s][8748][8884 ][info][gc          ] GC(117) Minor Collection (High Usage)
[2026-06-26T18:08:28.661-0300][2015.372s][8748][8884 ][info][gc,task     ] GC(117) Using 1 Workers for Young Generation
[2026-06-26T18:08:28.661-0300][2015.372s][8748][8884 ][info][gc,phases   ] GC(117) y: Young Generation
[2026-06-26T18:08:28.661-0300][2015.372s][8748][16824][info][gc,phases   ] GC(117) y: Pause Mark Start 0.013ms
[2026-06-26T18:08:28.721-0300][2015.432s][8748][8884 ][info][gc,phases   ] GC(117) y: Concurrent Mark 60.258ms
[2026-06-26T18:08:28.721-0300][2015.432s][8748][16824][info][gc,phases   ] GC(117) y: Pause Mark End 0.013ms
[2026-06-26T18:08:28.721-0300][2015.432s][8748][8884 ][info][gc,phases   ] GC(117) y: Concurrent Mark Free 0.004ms
[2026-06-26T18:08:28.721-0300][2015.432s][8748][8884 ][info][gc,phases   ] GC(117) y: Concurrent Reset Relocation Set 0.147ms
[2026-06-26T18:08:28.721-0300][2015.433s][8748][8884 ][info][gc,reloc    ] GC(117) y: Using tenuring threshold: 1 (Computed)
[2026-06-26T18:08:28.722-0300][2015.433s][8748][8884 ][info][gc,phases   ] GC(117) y: Concurrent Select Relocation Set 0.890ms
[2026-06-26T18:08:28.722-0300][2015.433s][8748][16824][info][gc,phases   ] GC(117) y: Pause Relocate Start 0.005ms
[2026-06-26T18:08:28.726-0300][2015.438s][8748][8884 ][info][gc,phases   ] GC(117) y: Concurrent Relocate 4.394ms
[2026-06-26T18:08:28.726-0300][2015.438s][8748][8884 ][info][gc,alloc    ] GC(117) y:                         Mark Start        Mark End      Relocate Start    Relocate End   
[2026-06-26T18:08:28.726-0300][2015.438s][8748][8884 ][info][gc,alloc    ] GC(117) y: Allocation Stalls:          0                0                0                0         
[2026-06-26T18:08:28.726-0300][2015.438s][8748][8884 ][info][gc,load     ] GC(117) y: Load: 0.00 (0%) / 0.00 (0%) / 0.00 (0%)
[2026-06-26T18:08:28.727-0300][2015.438s][8748][8884 ][info][gc,mmu      ] GC(117) y: MMU: 2ms/44.2%, 5ms/77.7%, 10ms/88.8%, 20ms/94.4%, 50ms/94.8%, 100ms/97.4%
[2026-06-26T18:08:28.727-0300][2015.438s][8748][8884 ][info][gc,marking  ] GC(117) y: Mark: 1 stripe(s), 2 proactive flush(es), 1 terminate flush(es), 0 completion(s), 0 continuation(s) 
[2026-06-26T18:08:28.727-0300][2015.438s][8748][8884 ][info][gc,nmethod  ] GC(117) y: NMethods: 10055 registered, 644 unregistered
[2026-06-26T18:08:28.727-0300][2015.438s][8748][8884 ][info][gc,metaspace] GC(117) y: Metaspace: 81M used, 84M committed, 1152M reserved
[2026-06-26T18:08:28.727-0300][2015.438s][8748][8884 ][info][gc,reloc    ] GC(117) y:                        Candidates     Selected     In-Place         Size        Empty    Relocated 
[2026-06-26T18:08:28.727-0300][2015.438s][8748][8884 ][info][gc,reloc    ] GC(117) y: Small Pages:                  488          102            0         976M         766M           2M 
[2026-06-26T18:08:28.727-0300][2015.438s][8748][8884 ][info][gc,reloc    ] GC(117) y: Medium Pages:                   0            0            0           0M           0M           0M 
[2026-06-26T18:08:28.727-0300][2015.438s][8748][8884 ][info][gc,reloc    ] GC(117) y: Large Pages:                    0            0            0           0M           0M           0M 
[2026-06-26T18:08:28.727-0300][2015.438s][8748][8884 ][info][gc,reloc    ] GC(117) y: Forwarding Usage: 1M
[2026-06-26T18:08:28.727-0300][2015.438s][8748][8884 ][info][gc,reloc    ] GC(117) y: Age Table:
[2026-06-26T18:08:28.727-0300][2015.438s][8748][8884 ][info][gc,reloc    ] GC(117) y:                    Live             Garbage             Small              Medium             Large        
[2026-06-26T18:08:28.727-0300][2015.438s][8748][8884 ][info][gc,reloc    ] GC(117) y: Eden               3M (0%)          966M (31%)        485 / 101            0 / 0              0 / 0        
[2026-06-26T18:08:28.727-0300][2015.438s][8748][8884 ][info][gc,reloc    ] GC(117) y: Survivor 1         0M (0%)            1M (0%)           1 / 0              0 / 0              0 / 0        
[2026-06-26T18:08:28.727-0300][2015.438s][8748][8884 ][info][gc,reloc    ] GC(117) y: Survivor 2         0M (0%)            3M (0%)           2 / 1              0 / 0              0 / 0        
[2026-06-26T18:08:28.727-0300][2015.438s][8748][8884 ][info][gc,heap     ] GC(117) y: Min Capacity: 8M(0%)
[2026-06-26T18:08:28.727-0300][2015.438s][8748][8884 ][info][gc,heap     ] GC(117) y: Max Capacity: 3072M(100%)
[2026-06-26T18:08:28.727-0300][2015.438s][8748][8884 ][info][gc,heap     ] GC(117) y: Soft Max Capacity: 3072M(100%)
[2026-06-26T18:08:28.727-0300][2015.438s][8748][8884 ][info][gc,heap     ] GC(117) y: Heap Statistics:
[2026-06-26T18:08:28.727-0300][2015.438s][8748][8884 ][info][gc,heap     ] GC(117) y:                Mark Start          Mark End        Relocate Start      Relocate End           High               Low         
[2026-06-26T18:08:28.727-0300][2015.438s][8748][8884 ][info][gc,heap     ] GC(117) y:  Capacity:     2908M (95%)        2908M (95%)        2908M (95%)        2908M (95%)        2908M (95%)        2908M (95%)    
[2026-06-26T18:08:28.727-0300][2015.438s][8748][8884 ][info][gc,heap     ] GC(117) y:      Free:      190M (6%)          174M (6%)          940M (31%)        1132M (37%)        1132M (37%)         174M (6%)     
[2026-06-26T18:08:28.727-0300][2015.438s][8748][8884 ][info][gc,heap     ] GC(117) y:      Used:     2882M (94%)        2898M (94%)        2132M (69%)        1940M (63%)        2898M (94%)        1940M (63%)    
[2026-06-26T18:08:28.727-0300][2015.438s][8748][8884 ][info][gc,heap     ] GC(117) y: Young Generation Statistics:
[2026-06-26T18:08:28.727-0300][2015.438s][8748][8884 ][info][gc,heap     ] GC(117) y:                Mark Start          Mark End        Relocate Start      Relocate End    
[2026-06-26T18:08:28.727-0300][2015.438s][8748][8884 ][info][gc,heap     ] GC(117) y:      Used:      976M (32%)         992M (32%)         226M (7%)           28M (1%)     
[2026-06-26T18:08:28.727-0300][2015.438s][8748][8884 ][info][gc,heap     ] GC(117) y:      Live:         -                 4M (0%)            4M (0%)            3M (0%)     
[2026-06-26T18:08:28.727-0300][2015.438s][8748][8884 ][info][gc,heap     ] GC(117) y:   Garbage:         -               971M (32%)         205M (7%)            1M (0%)     
[2026-06-26T18:08:28.727-0300][2015.438s][8748][8884 ][info][gc,heap     ] GC(117) y: Allocated:         -                16M (1%)           16M (1%)           22M (1%)     
[2026-06-26T18:08:28.727-0300][2015.438s][8748][8884 ][info][gc,heap     ] GC(117) y: Reclaimed:         -                  -               766M (25%)         970M (32%)    
[2026-06-26T18:08:28.727-0300][2015.438s][8748][8884 ][info][gc,heap     ] GC(117) y:  Promoted:         -                  -                 0M (0%)            0M (0%)     
[2026-06-26T18:08:28.727-0300][2015.438s][8748][8884 ][info][gc,heap     ] GC(117) y: Compacted:         -                  -                  -                 3M (0%)     
[2026-06-26T18:08:28.727-0300][2015.438s][8748][8884 ][info][gc,phases   ] GC(117) y: Young Generation 2882M(94%)->1940M(63%) 0.066s
[2026-06-26T18:08:28.727-0300][2015.438s][8748][8884 ][info][gc          ] GC(117) Minor Collection (High Usage) 2882M(94%)->1940M(63%) 0.067s
[2026-06-26T18:08:55.658-0300][2042.369s][8748][8884 ][info][gc          ] GC(118) Minor Collection (High Usage)
[2026-06-26T18:08:55.658-0300][2042.369s][8748][8884 ][info][gc,task     ] GC(118) Using 1 Workers for Young Generation
[2026-06-26T18:08:55.658-0300][2042.369s][8748][8884 ][info][gc,phases   ] GC(118) y: Young Generation
[2026-06-26T18:08:55.658-0300][2042.369s][8748][16824][info][gc,phases   ] GC(118) y: Pause Mark Start 0.013ms
[2026-06-26T18:08:55.726-0300][2042.438s][8748][8884 ][info][gc,phases   ] GC(118) y: Concurrent Mark 69.193ms
[2026-06-26T18:08:55.726-0300][2042.438s][8748][16824][info][gc,phases   ] GC(118) y: Pause Mark End 0.013ms
[2026-06-26T18:08:55.726-0300][2042.438s][8748][8884 ][info][gc,phases   ] GC(118) y: Concurrent Mark Free 0.002ms
[2026-06-26T18:08:55.726-0300][2042.438s][8748][8884 ][info][gc,phases   ] GC(118) y: Concurrent Reset Relocation Set 0.005ms
[2026-06-26T18:08:55.726-0300][2042.438s][8748][8884 ][info][gc,reloc    ] GC(118) y: Using tenuring threshold: 2 (Computed)
[2026-06-26T18:08:55.728-0300][2042.439s][8748][8884 ][info][gc,phases   ] GC(118) y: Concurrent Select Relocation Set 0.711ms
[2026-06-26T18:08:55.728-0300][2042.439s][8748][16824][info][gc,phases   ] GC(118) y: Pause Relocate Start 0.006ms
[2026-06-26T18:08:55.736-0300][2042.447s][8748][8884 ][info][gc,phases   ] GC(118) y: Concurrent Relocate 8.412ms
[2026-06-26T18:08:55.736-0300][2042.447s][8748][8884 ][info][gc,alloc    ] GC(118) y:                         Mark Start        Mark End      Relocate Start    Relocate End   
[2026-06-26T18:08:55.736-0300][2042.447s][8748][8884 ][info][gc,alloc    ] GC(118) y: Allocation Stalls:          0                0                0                0         
[2026-06-26T18:08:55.736-0300][2042.447s][8748][8884 ][info][gc,load     ] GC(118) y: Load: 0.00 (0%) / 0.00 (0%) / 0.00 (0%)
[2026-06-26T18:08:55.736-0300][2042.447s][8748][8884 ][info][gc,mmu      ] GC(118) y: MMU: 2ms/44.2%, 5ms/77.7%, 10ms/88.8%, 20ms/94.4%, 50ms/94.8%, 100ms/97.4%
[2026-06-26T18:08:55.736-0300][2042.447s][8748][8884 ][info][gc,marking  ] GC(118) y: Mark: 1 stripe(s), 2 proactive flush(es), 1 terminate flush(es), 0 completion(s), 0 continuation(s) 
[2026-06-26T18:08:55.736-0300][2042.447s][8748][8884 ][info][gc,nmethod  ] GC(118) y: NMethods: 10109 registered, 644 unregistered
[2026-06-26T18:08:55.736-0300][2042.447s][8748][8884 ][info][gc,metaspace] GC(118) y: Metaspace: 81M used, 84M committed, 1152M reserved
[2026-06-26T18:08:55.736-0300][2042.447s][8748][8884 ][info][gc,reloc    ] GC(118) y:                        Candidates     Selected     In-Place         Size        Empty    Relocated 
[2026-06-26T18:08:55.736-0300][2042.448s][8748][8884 ][info][gc,reloc    ] GC(118) y: Small Pages:                  485          298            0         970M         368M           4M 
[2026-06-26T18:08:55.736-0300][2042.448s][8748][8884 ][info][gc,reloc    ] GC(118) y: Medium Pages:                   0            0            0           0M           0M           0M 
[2026-06-26T18:08:55.736-0300][2042.448s][8748][8884 ][info][gc,reloc    ] GC(118) y: Large Pages:                    0            0            0           0M           0M           0M 
[2026-06-26T18:08:55.736-0300][2042.448s][8748][8884 ][info][gc,reloc    ] GC(118) y: Forwarding Usage: 2M
[2026-06-26T18:08:55.736-0300][2042.448s][8748][8884 ][info][gc,reloc    ] GC(118) y: Age Table:
[2026-06-26T18:08:55.736-0300][2042.448s][8748][8884 ][info][gc,reloc    ] GC(118) y:                    Live             Garbage             Small              Medium             Large        
[2026-06-26T18:08:55.736-0300][2042.448s][8748][8884 ][info][gc,reloc    ] GC(118) y: Eden               2M (0%)          955M (31%)        479 / 295            0 / 0              0 / 0        
[2026-06-26T18:08:55.736-0300][2042.448s][8748][8884 ][info][gc,reloc    ] GC(118) y: Survivor 1         2M (0%)            9M (0%)           6 / 3              0 / 0              0 / 0        
[2026-06-26T18:08:55.736-0300][2042.448s][8748][8884 ][info][gc,heap     ] GC(118) y: Min Capacity: 8M(0%)
[2026-06-26T18:08:55.736-0300][2042.448s][8748][8884 ][info][gc,heap     ] GC(118) y: Max Capacity: 3072M(100%)
[2026-06-26T18:08:55.737-0300][2042.448s][8748][8884 ][info][gc,heap     ] GC(118) y: Soft Max Capacity: 3072M(100%)
[2026-06-26T18:08:55.737-0300][2042.448s][8748][8884 ][info][gc,heap     ] GC(118) y: Heap Statistics:
[2026-06-26T18:08:55.737-0300][2042.448s][8748][8884 ][info][gc,heap     ] GC(118) y:                Mark Start          Mark End        Relocate Start      Relocate End           High               Low         
[2026-06-26T18:08:55.737-0300][2042.448s][8748][8884 ][info][gc,heap     ] GC(118) y:  Capacity:     2908M (95%)        2908M (95%)        2908M (95%)        2908M (95%)        2908M (95%)        2908M (95%)    
[2026-06-26T18:08:55.737-0300][2042.448s][8748][8884 ][info][gc,heap     ] GC(118) y:      Free:      190M (6%)          168M (5%)          536M (17%)        1122M (37%)        1122M (37%)         168M (5%)     
[2026-06-26T18:08:55.737-0300][2042.448s][8748][8884 ][info][gc,heap     ] GC(118) y:      Used:     2882M (94%)        2904M (95%)        2536M (83%)        1950M (63%)        2904M (95%)        1950M (63%)    
[2026-06-26T18:08:55.737-0300][2042.448s][8748][8884 ][info][gc,heap     ] GC(118) y: Young Generation Statistics:
[2026-06-26T18:08:55.737-0300][2042.448s][8748][8884 ][info][gc,heap     ] GC(118) y:                Mark Start          Mark End        Relocate Start      Relocate End    
[2026-06-26T18:08:55.737-0300][2042.448s][8748][8884 ][info][gc,heap     ] GC(118) y:      Used:      970M (32%)         992M (32%)         624M (20%)          38M (1%)     
[2026-06-26T18:08:55.737-0300][2042.448s][8748][8884 ][info][gc,heap     ] GC(118) y:      Live:         -                 5M (0%)            5M (0%)            5M (0%)     
[2026-06-26T18:08:55.737-0300][2042.448s][8748][8884 ][info][gc,heap     ] GC(118) y:   Garbage:         -               964M (31%)         596M (19%)           0M (0%)     
[2026-06-26T18:08:55.737-0300][2042.448s][8748][8884 ][info][gc,heap     ] GC(118) y: Allocated:         -                22M (1%)           22M (1%)           32M (1%)     
[2026-06-26T18:08:55.737-0300][2042.448s][8748][8884 ][info][gc,heap     ] GC(118) y: Reclaimed:         -                  -               368M (12%)         964M (31%)    
[2026-06-26T18:08:55.737-0300][2042.448s][8748][8884 ][info][gc,heap     ] GC(118) y:  Promoted:         -                  -                 0M (0%)            0M (0%)     
[2026-06-26T18:08:55.737-0300][2042.448s][8748][8884 ][info][gc,heap     ] GC(118) y: Compacted:         -                  -                  -                 5M (0%)     
[2026-06-26T18:08:55.737-0300][2042.448s][8748][8884 ][info][gc,phases   ] GC(118) y: Young Generation 2882M(94%)->1950M(63%) 0.079s
[2026-06-26T18:08:55.737-0300][2042.448s][8748][8884 ][info][gc          ] GC(118) Minor Collection (High Usage) 2882M(94%)->1950M(63%) 0.079s
[2026-06-26T18:09:41.993-0300][2088.704s][8748][8884 ][info][gc          ] GC(119) Minor Collection (High Usage)
[2026-06-26T18:09:41.993-0300][2088.704s][8748][8884 ][info][gc,task     ] GC(119) Using 1 Workers for Young Generation
[2026-06-26T18:09:41.993-0300][2088.704s][8748][8884 ][info][gc,phases   ] GC(119) y: Young Generation
[2026-06-26T18:09:41.993-0300][2088.704s][8748][16824][info][gc,phases   ] GC(119) y: Pause Mark Start 0.009ms
[2026-06-26T18:09:42.197-0300][2088.908s][8748][8884 ][info][gc,phases   ] GC(119) y: Concurrent Mark 204.106ms
[2026-06-26T18:09:42.197-0300][2088.909s][8748][16824][info][gc,phases   ] GC(119) y: Pause Mark End 0.012ms
[2026-06-26T18:09:42.197-0300][2088.909s][8748][8884 ][info][gc,phases   ] GC(119) y: Concurrent Mark Free 0.002ms
[2026-06-26T18:09:42.197-0300][2088.909s][8748][8884 ][info][gc,phases   ] GC(119) y: Concurrent Reset Relocation Set 0.008ms
[2026-06-26T18:09:42.198-0300][2088.909s][8748][8884 ][info][gc,reloc    ] GC(119) y: Using tenuring threshold: 3 (Computed)
[2026-06-26T18:09:42.199-0300][2088.910s][8748][8884 ][info][gc,phases   ] GC(119) y: Concurrent Select Relocation Set 1.820ms
[2026-06-26T18:09:42.199-0300][2088.911s][8748][16824][info][gc,phases   ] GC(119) y: Pause Relocate Start 0.011ms
[2026-06-26T18:09:42.230-0300][2088.941s][8748][8884 ][info][gc,phases   ] GC(119) y: Concurrent Relocate 30.269ms
[2026-06-26T18:09:42.230-0300][2088.941s][8748][8884 ][info][gc,alloc    ] GC(119) y:                         Mark Start        Mark End      Relocate Start    Relocate End   
[2026-06-26T18:09:42.230-0300][2088.941s][8748][8884 ][info][gc,alloc    ] GC(119) y: Allocation Stalls:          0                0                0                0         
[2026-06-26T18:09:42.230-0300][2088.941s][8748][8884 ][info][gc,load     ] GC(119) y: Load: 0.00 (0%) / 0.00 (0%) / 0.00 (0%)
[2026-06-26T18:09:42.230-0300][2088.941s][8748][8884 ][info][gc,mmu      ] GC(119) y: MMU: 2ms/44.2%, 5ms/77.7%, 10ms/88.8%, 20ms/94.4%, 50ms/94.8%, 100ms/97.4%
[2026-06-26T18:09:42.230-0300][2088.941s][8748][8884 ][info][gc,marking  ] GC(119) y: Mark: 1 stripe(s), 2 proactive flush(es), 1 terminate flush(es), 0 completion(s), 0 continuation(s) 
[2026-06-26T18:09:42.230-0300][2088.941s][8748][8884 ][info][gc,nmethod  ] GC(119) y: NMethods: 10291 registered, 644 unregistered
[2026-06-26T18:09:42.230-0300][2088.941s][8748][8884 ][info][gc,metaspace] GC(119) y: Metaspace: 81M used, 84M committed, 1152M reserved
[2026-06-26T18:09:42.230-0300][2088.941s][8748][8884 ][info][gc,reloc    ] GC(119) y:                        Candidates     Selected     In-Place         Size        Empty    Relocated 
[2026-06-26T18:09:42.230-0300][2088.941s][8748][8884 ][info][gc,reloc    ] GC(119) y: Small Pages:                  485          305            0         970M         326M          16M 
[2026-06-26T18:09:42.230-0300][2088.941s][8748][8884 ][info][gc,reloc    ] GC(119) y: Medium Pages:                   0            0            0           0M           0M           0M 
[2026-06-26T18:09:42.230-0300][2088.941s][8748][8884 ][info][gc,reloc    ] GC(119) y: Large Pages:                    0            0            0           0M           0M           0M 
[2026-06-26T18:09:42.230-0300][2088.941s][8748][8884 ][info][gc,reloc    ] GC(119) y: Forwarding Usage: 9M
[2026-06-26T18:09:42.230-0300][2088.941s][8748][8884 ][info][gc,reloc    ] GC(119) y: Age Table:
[2026-06-26T18:09:42.230-0300][2088.941s][8748][8884 ][info][gc,reloc    ] GC(119) y:                    Live             Garbage             Small              Medium             Large        
[2026-06-26T18:09:42.230-0300][2088.941s][8748][8884 ][info][gc,reloc    ] GC(119) y: Eden              26M (1%)          927M (30%)        477 / 301            0 / 0              0 / 0        
[2026-06-26T18:09:42.230-0300][2088.941s][8748][8884 ][info][gc,reloc    ] GC(119) y: Survivor 1         1M (0%)            8M (0%)           5 / 3              0 / 0              0 / 0        
[2026-06-26T18:09:42.230-0300][2088.941s][8748][8884 ][info][gc,reloc    ] GC(119) y: Survivor 2         0M (0%)            5M (0%)           3 / 1              0 / 0              0 / 0        
[2026-06-26T18:09:42.230-0300][2088.941s][8748][8884 ][info][gc,heap     ] GC(119) y: Min Capacity: 8M(0%)
[2026-06-26T18:09:42.230-0300][2088.941s][8748][8884 ][info][gc,heap     ] GC(119) y: Max Capacity: 3072M(100%)
[2026-06-26T18:09:42.230-0300][2088.941s][8748][8884 ][info][gc,heap     ] GC(119) y: Soft Max Capacity: 3072M(100%)
[2026-06-26T18:09:42.230-0300][2088.941s][8748][8884 ][info][gc,heap     ] GC(119) y: Heap Statistics:
[2026-06-26T18:09:42.230-0300][2088.941s][8748][8884 ][info][gc,heap     ] GC(119) y:                Mark Start          Mark End        Relocate Start      Relocate End           High               Low         
[2026-06-26T18:09:42.230-0300][2088.941s][8748][8884 ][info][gc,heap     ] GC(119) y:  Capacity:     2908M (95%)        2908M (95%)        2908M (95%)        2908M (95%)        2908M (95%)        2908M (95%)    
[2026-06-26T18:09:42.230-0300][2088.941s][8748][8884 ][info][gc,heap     ] GC(119) y:      Free:      190M (6%)          184M (6%)          510M (17%)        1114M (36%)        1114M (36%)         184M (6%)     
[2026-06-26T18:09:42.230-0300][2088.941s][8748][8884 ][info][gc,heap     ] GC(119) y:      Used:     2882M (94%)        2888M (94%)        2562M (83%)        1958M (64%)        2888M (94%)        1958M (64%)    
[2026-06-26T18:09:42.230-0300][2088.941s][8748][8884 ][info][gc,heap     ] GC(119) y: Young Generation Statistics:
[2026-06-26T18:09:42.230-0300][2088.941s][8748][8884 ][info][gc,heap     ] GC(119) y:                Mark Start          Mark End        Relocate Start      Relocate End    
[2026-06-26T18:09:42.230-0300][2088.941s][8748][8884 ][info][gc,heap     ] GC(119) y:      Used:      970M (32%)         976M (32%)         650M (21%)          46M (1%)     
[2026-06-26T18:09:42.230-0300][2088.941s][8748][8884 ][info][gc,heap     ] GC(119) y:      Live:         -                28M (1%)           28M (1%)           28M (1%)     
[2026-06-26T18:09:42.230-0300][2088.941s][8748][8884 ][info][gc,heap     ] GC(119) y:   Garbage:         -               941M (31%)         615M (20%)           0M (0%)     
[2026-06-26T18:09:42.230-0300][2088.941s][8748][8884 ][info][gc,heap     ] GC(119) y: Allocated:         -                 6M (0%)            6M (0%)           16M (1%)     
[2026-06-26T18:09:42.230-0300][2088.941s][8748][8884 ][info][gc,heap     ] GC(119) y: Reclaimed:         -                  -               326M (11%)         940M (31%)    
[2026-06-26T18:09:42.230-0300][2088.941s][8748][8884 ][info][gc,heap     ] GC(119) y:  Promoted:         -                  -                 0M (0%)            0M (0%)     
[2026-06-26T18:09:42.230-0300][2088.941s][8748][8884 ][info][gc,heap     ] GC(119) y: Compacted:         -                  -                  -                27M (1%)     
[2026-06-26T18:09:42.231-0300][2088.941s][8748][8884 ][info][gc,phases   ] GC(119) y: Young Generation 2882M(94%)->1958M(64%) 0.237s
[2026-06-26T18:09:42.231-0300][2088.941s][8748][8884 ][info][gc          ] GC(119) Minor Collection (High Usage) 2882M(94%)->1958M(64%) 0.237s
[2026-06-26T18:10:25.630-0300][2132.341s][8748][8884 ][info][gc          ] GC(120) Minor Collection (High Usage)
[2026-06-26T18:10:25.630-0300][2132.341s][8748][8884 ][info][gc,task     ] GC(120) Using 1 Workers for Young Generation
[2026-06-26T18:10:25.630-0300][2132.341s][8748][8884 ][info][gc,phases   ] GC(120) y: Young Generation
[2026-06-26T18:10:25.630-0300][2132.341s][8748][16824][info][gc,phases   ] GC(120) y: Pause Mark Start 0.012ms
[2026-06-26T18:10:25.832-0300][2132.544s][8748][8884 ][info][gc,phases   ] GC(120) y: Concurrent Mark 202.459ms
[2026-06-26T18:10:25.832-0300][2132.544s][8748][16824][info][gc,phases   ] GC(120) y: Pause Mark End 0.013ms
[2026-06-26T18:10:25.832-0300][2132.544s][8748][8884 ][info][gc,phases   ] GC(120) y: Concurrent Mark Free 0.002ms
[2026-06-26T18:10:25.832-0300][2132.544s][8748][8884 ][info][gc,phases   ] GC(120) y: Concurrent Reset Relocation Set 0.014ms
[2026-06-26T18:10:25.832-0300][2132.544s][8748][8884 ][info][gc,reloc    ] GC(120) y: Using tenuring threshold: 4 (Computed)
[2026-06-26T18:10:25.833-0300][2132.545s][8748][8884 ][info][gc,phases   ] GC(120) y: Concurrent Select Relocation Set 0.925ms
[2026-06-26T18:10:25.833-0300][2132.545s][8748][16824][info][gc,phases   ] GC(120) y: Pause Relocate Start 0.008ms
[2026-06-26T18:10:25.861-0300][2132.571s][8748][8884 ][info][gc,phases   ] GC(120) y: Concurrent Relocate 26.476ms
[2026-06-26T18:10:25.861-0300][2132.571s][8748][8884 ][info][gc,alloc    ] GC(120) y:                         Mark Start        Mark End      Relocate Start    Relocate End   
[2026-06-26T18:10:25.861-0300][2132.572s][8748][8884 ][info][gc,alloc    ] GC(120) y: Allocation Stalls:          0                0                0                0         
[2026-06-26T18:10:25.861-0300][2132.572s][8748][8884 ][info][gc,load     ] GC(120) y: Load: 0.00 (0%) / 0.00 (0%) / 0.00 (0%)
[2026-06-26T18:10:25.861-0300][2132.572s][8748][8884 ][info][gc,mmu      ] GC(120) y: MMU: 2ms/44.2%, 5ms/77.7%, 10ms/88.8%, 20ms/94.4%, 50ms/94.8%, 100ms/97.4%
[2026-06-26T18:10:25.861-0300][2132.572s][8748][8884 ][info][gc,marking  ] GC(120) y: Mark: 1 stripe(s), 2 proactive flush(es), 1 terminate flush(es), 0 completion(s), 0 continuation(s) 
[2026-06-26T18:10:25.861-0300][2132.572s][8748][8884 ][info][gc,nmethod  ] GC(120) y: NMethods: 10365 registered, 644 unregistered
[2026-06-26T18:10:25.861-0300][2132.572s][8748][8884 ][info][gc,metaspace] GC(120) y: Metaspace: 81M used, 84M committed, 1152M reserved
[2026-06-26T18:10:25.861-0300][2132.572s][8748][8884 ][info][gc,reloc    ] GC(120) y:                        Candidates     Selected     In-Place         Size        Empty    Relocated 
[2026-06-26T18:10:25.861-0300][2132.572s][8748][8884 ][info][gc,reloc    ] GC(120) y: Small Pages:                  485          225            0         970M         478M          14M 
[2026-06-26T18:10:25.861-0300][2132.572s][8748][8884 ][info][gc,reloc    ] GC(120) y: Medium Pages:                   0            0            0           0M           0M           0M 
[2026-06-26T18:10:25.861-0300][2132.572s][8748][8884 ][info][gc,reloc    ] GC(120) y: Large Pages:                    0            0            0           0M           0M           0M 
[2026-06-26T18:10:25.861-0300][2132.572s][8748][8884 ][info][gc,reloc    ] GC(120) y: Forwarding Usage: 9M
[2026-06-26T18:10:25.861-0300][2132.572s][8748][8884 ][info][gc,reloc    ] GC(120) y: Age Table:
[2026-06-26T18:10:25.861-0300][2132.572s][8748][8884 ][info][gc,reloc    ] GC(120) y:                    Live             Garbage             Small              Medium             Large        
[2026-06-26T18:10:25.861-0300][2132.572s][8748][8884 ][info][gc,reloc    ] GC(120) y: Eden              21M (1%)          908M (30%)        465 / 215            0 / 0              0 / 0        
[2026-06-26T18:10:25.861-0300][2132.572s][8748][8884 ][info][gc,reloc    ] GC(120) y: Survivor 1        11M (0%)           20M (1%)          16 / 7              0 / 0              0 / 0        
[2026-06-26T18:10:25.861-0300][2132.572s][8748][8884 ][info][gc,reloc    ] GC(120) y: Survivor 2         1M (0%)            2M (0%)           2 / 1              0 / 0              0 / 0        
[2026-06-26T18:10:25.861-0300][2132.572s][8748][8884 ][info][gc,reloc    ] GC(120) y: Survivor 3         0M (0%)            3M (0%)           2 / 2              0 / 0              0 / 0        
[2026-06-26T18:10:25.861-0300][2132.572s][8748][8884 ][info][gc,heap     ] GC(120) y: Min Capacity: 8M(0%)
[2026-06-26T18:10:25.861-0300][2132.572s][8748][8884 ][info][gc,heap     ] GC(120) y: Max Capacity: 3072M(100%)
[2026-06-26T18:10:25.861-0300][2132.572s][8748][8884 ][info][gc,heap     ] GC(120) y: Soft Max Capacity: 3072M(100%)
[2026-06-26T18:10:25.861-0300][2132.572s][8748][8884 ][info][gc,heap     ] GC(120) y: Heap Statistics:
[2026-06-26T18:10:25.861-0300][2132.572s][8748][8884 ][info][gc,heap     ] GC(120) y:                Mark Start          Mark End        Relocate Start      Relocate End           High               Low         
[2026-06-26T18:10:25.861-0300][2132.572s][8748][8884 ][info][gc,heap     ] GC(120) y:  Capacity:     2908M (95%)        2908M (95%)        2908M (95%)        2908M (95%)        2908M (95%)        2908M (95%)    
[2026-06-26T18:10:25.861-0300][2132.572s][8748][8884 ][info][gc,heap     ] GC(120) y:      Free:      190M (6%)          172M (6%)          650M (21%)        1084M (35%)        1084M (35%)         172M (6%)     
[2026-06-26T18:10:25.861-0300][2132.572s][8748][8884 ][info][gc,heap     ] GC(120) y:      Used:     2882M (94%)        2900M (94%)        2422M (79%)        1988M (65%)        2900M (94%)        1988M (65%)    
[2026-06-26T18:10:25.861-0300][2132.572s][8748][8884 ][info][gc,heap     ] GC(120) y: Young Generation Statistics:
[2026-06-26T18:10:25.861-0300][2132.572s][8748][8884 ][info][gc,heap     ] GC(120) y:                Mark Start          Mark End        Relocate Start      Relocate End    
[2026-06-26T18:10:25.861-0300][2132.572s][8748][8884 ][info][gc,heap     ] GC(120) y:      Used:      970M (32%)         988M (32%)         510M (17%)          76M (2%)     
[2026-06-26T18:10:25.861-0300][2132.572s][8748][8884 ][info][gc,heap     ] GC(120) y:      Live:         -                34M (1%)           34M (1%)           34M (1%)     
[2026-06-26T18:10:25.861-0300][2132.572s][8748][8884 ][info][gc,heap     ] GC(120) y:   Garbage:         -               935M (30%)         457M (15%)           3M (0%)     
[2026-06-26T18:10:25.861-0300][2132.572s][8748][8884 ][info][gc,heap     ] GC(120) y: Allocated:         -                18M (1%)           18M (1%)           38M (1%)     
[2026-06-26T18:10:25.861-0300][2132.572s][8748][8884 ][info][gc,heap     ] GC(120) y: Reclaimed:         -                  -               478M (16%)         932M (30%)    
[2026-06-26T18:10:25.861-0300][2132.572s][8748][8884 ][info][gc,heap     ] GC(120) y:  Promoted:         -                  -                 0M (0%)            0M (0%)     
[2026-06-26T18:10:25.861-0300][2132.572s][8748][8884 ][info][gc,heap     ] GC(120) y: Compacted:         -                  -                  -                25M (1%)     
[2026-06-26T18:10:25.861-0300][2132.572s][8748][8884 ][info][gc,phases   ] GC(120) y: Young Generation 2882M(94%)->1988M(65%) 0.230s
[2026-06-26T18:10:25.861-0300][2132.572s][8748][8884 ][info][gc          ] GC(120) Minor Collection (High Usage) 2882M(94%)->1988M(65%) 0.231s
[2026-06-26T18:10:51.756-0300][2158.467s][8748][8884 ][info][gc          ] GC(121) Minor Collection (High Usage)
[2026-06-26T18:10:51.756-0300][2158.467s][8748][8884 ][info][gc,task     ] GC(121) Using 1 Workers for Young Generation
[2026-06-26T18:10:51.756-0300][2158.467s][8748][8884 ][info][gc,phases   ] GC(121) y: Young Generation
[2026-06-26T18:10:51.756-0300][2158.467s][8748][16824][info][gc,phases   ] GC(121) y: Pause Mark Start 0.009ms
[2026-06-26T18:10:51.923-0300][2158.634s][8748][8884 ][info][gc,phases   ] GC(121) y: Concurrent Mark 166.965ms
[2026-06-26T18:10:51.923-0300][2158.634s][8748][16824][info][gc,phases   ] GC(121) y: Pause Mark End 0.014ms
[2026-06-26T18:10:51.923-0300][2158.634s][8748][8884 ][info][gc,phases   ] GC(121) y: Concurrent Mark Free 0.003ms
[2026-06-26T18:10:51.923-0300][2158.634s][8748][8884 ][info][gc,phases   ] GC(121) y: Concurrent Reset Relocation Set 0.012ms
[2026-06-26T18:10:51.923-0300][2158.634s][8748][8884 ][info][gc,reloc    ] GC(121) y: Using tenuring threshold: 5 (Computed)
[2026-06-26T18:10:51.924-0300][2158.635s][8748][8884 ][info][gc,phases   ] GC(121) y: Concurrent Select Relocation Set 0.797ms
[2026-06-26T18:10:51.924-0300][2158.635s][8748][16824][info][gc,phases   ] GC(121) y: Pause Relocate Start 0.006ms
[2026-06-26T18:10:51.936-0300][2158.646s][8748][8884 ][info][gc,phases   ] GC(121) y: Concurrent Relocate 11.487ms
[2026-06-26T18:10:51.936-0300][2158.646s][8748][8884 ][info][gc,alloc    ] GC(121) y:                         Mark Start        Mark End      Relocate Start    Relocate End   
[2026-06-26T18:10:51.936-0300][2158.646s][8748][8884 ][info][gc,alloc    ] GC(121) y: Allocation Stalls:          0                0                0                0         
[2026-06-26T18:10:51.936-0300][2158.646s][8748][8884 ][info][gc,load     ] GC(121) y: Load: 0.00 (0%) / 0.00 (0%) / 0.00 (0%)
[2026-06-26T18:10:51.936-0300][2158.646s][8748][8884 ][info][gc,mmu      ] GC(121) y: MMU: 2ms/44.2%, 5ms/77.7%, 10ms/88.8%, 20ms/94.4%, 50ms/94.8%, 100ms/97.4%
[2026-06-26T18:10:51.936-0300][2158.646s][8748][8884 ][info][gc,marking  ] GC(121) y: Mark: 1 stripe(s), 2 proactive flush(es), 1 terminate flush(es), 0 completion(s), 0 continuation(s) 
[2026-06-26T18:10:51.936-0300][2158.647s][8748][8884 ][info][gc,nmethod  ] GC(121) y: NMethods: 10440 registered, 644 unregistered
[2026-06-26T18:10:51.936-0300][2158.647s][8748][8884 ][info][gc,metaspace] GC(121) y: Metaspace: 81M used, 84M committed, 1152M reserved
[2026-06-26T18:10:51.936-0300][2158.647s][8748][8884 ][info][gc,reloc    ] GC(121) y:                        Candidates     Selected     In-Place         Size        Empty    Relocated 
[2026-06-26T18:10:51.936-0300][2158.647s][8748][8884 ][info][gc,reloc    ] GC(121) y: Small Pages:                  485          448            0         970M          30M           5M 
[2026-06-26T18:10:51.936-0300][2158.647s][8748][8884 ][info][gc,reloc    ] GC(121) y: Medium Pages:                   0            0            0           0M           0M           0M 
[2026-06-26T18:10:51.936-0300][2158.647s][8748][8884 ][info][gc,reloc    ] GC(121) y: Large Pages:                    0            0            0           0M           0M           0M 
[2026-06-26T18:10:51.936-0300][2158.647s][8748][8884 ][info][gc,reloc    ] GC(121) y: Forwarding Usage: 3M
[2026-06-26T18:10:51.936-0300][2158.647s][8748][8884 ][info][gc,reloc    ] GC(121) y: Age Table:
[2026-06-26T18:10:51.936-0300][2158.647s][8748][8884 ][info][gc,reloc    ] GC(121) y:                    Live             Garbage             Small              Medium             Large        
[2026-06-26T18:10:51.936-0300][2158.647s][8748][8884 ][info][gc,reloc    ] GC(121) y: Eden               5M (0%)          906M (30%)        456 / 441            0 / 0              0 / 0        
[2026-06-26T18:10:51.936-0300][2158.647s][8748][8884 ][info][gc,reloc    ] GC(121) y: Survivor 1        18M (1%)           13M (0%)          16 / 4              0 / 0              0 / 0        
[2026-06-26T18:10:51.936-0300][2158.647s][8748][8884 ][info][gc,reloc    ] GC(121) y: Survivor 2        10M (0%)            5M (0%)           8 / 1              0 / 0              0 / 0        
[2026-06-26T18:10:51.936-0300][2158.647s][8748][8884 ][info][gc,reloc    ] GC(121) y: Survivor 3         1M (0%)            4M (0%)           3 / 1              0 / 0              0 / 0        
[2026-06-26T18:10:51.936-0300][2158.647s][8748][8884 ][info][gc,reloc    ] GC(121) y: Survivor 4         0M (0%)            3M (0%)           2 / 1              0 / 0              0 / 0        
[2026-06-26T18:10:51.936-0300][2158.647s][8748][8884 ][info][gc,heap     ] GC(121) y: Min Capacity: 8M(0%)
[2026-06-26T18:10:51.936-0300][2158.647s][8748][8884 ][info][gc,heap     ] GC(121) y: Max Capacity: 3072M(100%)
[2026-06-26T18:10:51.936-0300][2158.647s][8748][8884 ][info][gc,heap     ] GC(121) y: Soft Max Capacity: 3072M(100%)
[2026-06-26T18:10:51.936-0300][2158.647s][8748][8884 ][info][gc,heap     ] GC(121) y: Heap Statistics:
[2026-06-26T18:10:51.936-0300][2158.647s][8748][8884 ][info][gc,heap     ] GC(121) y:                Mark Start          Mark End        Relocate Start      Relocate End           High               Low         
[2026-06-26T18:10:51.936-0300][2158.647s][8748][8884 ][info][gc,heap     ] GC(121) y:  Capacity:     2908M (95%)        2908M (95%)        2908M (95%)        2908M (95%)        2908M (95%)        2908M (95%)    
[2026-06-26T18:10:51.936-0300][2158.647s][8748][8884 ][info][gc,heap     ] GC(121) y:      Free:      190M (6%)          166M (5%)          196M (6%)         1074M (35%)        1074M (35%)         166M (5%)     
[2026-06-26T18:10:51.936-0300][2158.647s][8748][8884 ][info][gc,heap     ] GC(121) y:      Used:     2882M (94%)        2906M (95%)        2876M (94%)        1998M (65%)        2906M (95%)        1998M (65%)    
[2026-06-26T18:10:51.936-0300][2158.647s][8748][8884 ][info][gc,heap     ] GC(121) y: Young Generation Statistics:
[2026-06-26T18:10:51.936-0300][2158.647s][8748][8884 ][info][gc,heap     ] GC(121) y:                Mark Start          Mark End        Relocate Start      Relocate End    
[2026-06-26T18:10:51.936-0300][2158.647s][8748][8884 ][info][gc,heap     ] GC(121) y:      Used:      970M (32%)         994M (32%)         964M (31%)          86M (3%)     
[2026-06-26T18:10:51.936-0300][2158.647s][8748][8884 ][info][gc,heap     ] GC(121) y:      Live:         -                36M (1%)           36M (1%)           36M (1%)     
[2026-06-26T18:10:51.936-0300][2158.647s][8748][8884 ][info][gc,heap     ] GC(121) y:   Garbage:         -               933M (30%)         903M (29%)           6M (0%)     
[2026-06-26T18:10:51.936-0300][2158.647s][8748][8884 ][info][gc,heap     ] GC(121) y: Allocated:         -                24M (1%)           24M (1%)           43M (1%)     
[2026-06-26T18:10:51.936-0300][2158.647s][8748][8884 ][info][gc,heap     ] GC(121) y: Reclaimed:         -                  -                30M (1%)          927M (30%)    
[2026-06-26T18:10:51.936-0300][2158.647s][8748][8884 ][info][gc,heap     ] GC(121) y:  Promoted:         -                  -                 0M (0%)            0M (0%)     
[2026-06-26T18:10:51.936-0300][2158.647s][8748][8884 ][info][gc,heap     ] GC(121) y: Compacted:         -                  -                  -                 8M (0%)     
[2026-06-26T18:10:51.936-0300][2158.647s][8748][8884 ][info][gc,phases   ] GC(121) y: Young Generation 2882M(94%)->1998M(65%) 0.180s
[2026-06-26T18:10:51.936-0300][2158.647s][8748][8884 ][info][gc          ] GC(121) Minor Collection (High Usage) 2882M(94%)->1998M(65%) 0.180s
[2026-06-26T18:10:59.570-0300][2166.281s][8748][7584 ][info][gc          ] GC(122) Major Collection (Proactive)
[2026-06-26T18:10:59.570-0300][2166.281s][8748][7584 ][info][gc,task     ] GC(122) Using 1 Workers for Young Generation
[2026-06-26T18:10:59.570-0300][2166.281s][8748][7584 ][info][gc,task     ] GC(122) Using 1 Workers for Old Generation
[2026-06-26T18:10:59.570-0300][2166.281s][8748][7584 ][info][gc,phases   ] GC(122) Y: Young Generation
[2026-06-26T18:10:59.570-0300][2166.281s][8748][16824][info][gc,phases   ] GC(122) Y: Pause Mark Start (Major) 0.011ms
[2026-06-26T18:10:59.694-0300][2166.406s][8748][7584 ][info][gc,phases   ] GC(122) Y: Concurrent Mark 124.254ms
[2026-06-26T18:10:59.695-0300][2166.406s][8748][16824][info][gc,phases   ] GC(122) Y: Pause Mark End 0.015ms
[2026-06-26T18:10:59.695-0300][2166.406s][8748][7584 ][info][gc,phases   ] GC(122) Y: Concurrent Mark Free 0.002ms
[2026-06-26T18:10:59.695-0300][2166.406s][8748][7584 ][info][gc,phases   ] GC(122) Y: Concurrent Reset Relocation Set 0.014ms
[2026-06-26T18:10:59.695-0300][2166.406s][8748][7584 ][info][gc,reloc    ] GC(122) Y: Using tenuring threshold: 2 (Computed)
[2026-06-26T18:10:59.710-0300][2166.422s][8748][7584 ][info][gc,phases   ] GC(122) Y: Concurrent Select Relocation Set 16.015ms
[2026-06-26T18:10:59.710-0300][2166.422s][8748][16824][info][gc,phases   ] GC(122) Y: Pause Relocate Start 0.010ms
[2026-06-26T18:10:59.745-0300][2166.456s][8748][7584 ][info][gc,phases   ] GC(122) Y: Concurrent Relocate 33.897ms
[2026-06-26T18:10:59.745-0300][2166.456s][8748][7584 ][info][gc,alloc    ] GC(122) Y:                         Mark Start        Mark End      Relocate Start    Relocate End   
[2026-06-26T18:10:59.745-0300][2166.456s][8748][7584 ][info][gc,alloc    ] GC(122) Y: Allocation Stalls:          0                0                0                0         
[2026-06-26T18:10:59.745-0300][2166.456s][8748][7584 ][info][gc,load     ] GC(122) Y: Load: 0.00 (0%) / 0.00 (0%) / 0.00 (0%)
[2026-06-26T18:10:59.745-0300][2166.456s][8748][7584 ][info][gc,mmu      ] GC(122) Y: MMU: 2ms/44.2%, 5ms/77.7%, 10ms/88.8%, 20ms/94.4%, 50ms/94.8%, 100ms/97.4%
[2026-06-26T18:10:59.745-0300][2166.456s][8748][7584 ][info][gc,marking  ] GC(122) Y: Mark: 1 stripe(s), 2 proactive flush(es), 1 terminate flush(es), 0 completion(s), 0 continuation(s) 
[2026-06-26T18:10:59.745-0300][2166.456s][8748][7584 ][info][gc,nmethod  ] GC(122) Y: NMethods: 10449 registered, 644 unregistered
[2026-06-26T18:10:59.745-0300][2166.456s][8748][7584 ][info][gc,metaspace] GC(122) Y: Metaspace: 81M used, 84M committed, 1152M reserved
[2026-06-26T18:10:59.745-0300][2166.456s][8748][7584 ][info][gc,reloc    ] GC(122) Y:                        Candidates     Selected     In-Place         Size        Empty    Relocated 
[2026-06-26T18:10:59.745-0300][2166.456s][8748][7584 ][info][gc,reloc    ] GC(122) Y: Small Pages:                  190          169            0         380M           0M           3M 
[2026-06-26T18:10:59.745-0300][2166.456s][8748][7584 ][info][gc,reloc    ] GC(122) Y: Medium Pages:                   0            0            0           0M           0M           0M 
[2026-06-26T18:10:59.745-0300][2166.456s][8748][7584 ][info][gc,reloc    ] GC(122) Y: Large Pages:                    0            0            0           0M           0M           0M 
[2026-06-26T18:10:59.745-0300][2166.456s][8748][7584 ][info][gc,reloc    ] GC(122) Y: Forwarding Usage: 2M
[2026-06-26T18:10:59.745-0300][2166.456s][8748][7584 ][info][gc,reloc    ] GC(122) Y: Age Table:
[2026-06-26T18:10:59.745-0300][2166.456s][8748][7584 ][info][gc,reloc    ] GC(122) Y:                    Live             Garbage             Small              Medium             Large        
[2026-06-26T18:10:59.745-0300][2166.456s][8748][7584 ][info][gc,reloc    ] GC(122) Y: Eden               0M (0%)          317M (10%)        159 / 159            0 / 0              0 / 0        
[2026-06-26T18:10:59.745-0300][2166.456s][8748][7584 ][info][gc,reloc    ] GC(122) Y: Survivor 1         5M (0%)            4M (0%)           5 / 2              0 / 0              0 / 0        
[2026-06-26T18:10:59.745-0300][2166.456s][8748][7584 ][info][gc,reloc    ] GC(122) Y: Survivor 2        18M (1%)            7M (0%)          13 / 4              0 / 0              0 / 0        
[2026-06-26T18:10:59.745-0300][2166.456s][8748][7584 ][info][gc,reloc    ] GC(122) Y: Survivor 3        10M (0%)            7M (0%)           9 / 3              0 / 0              0 / 0        
[2026-06-26T18:10:59.745-0300][2166.456s][8748][7584 ][info][gc,reloc    ] GC(122) Y: Survivor 4         1M (0%)            2M (0%)           2 / 0              0 / 0              0 / 0        
[2026-06-26T18:10:59.745-0300][2166.456s][8748][7584 ][info][gc,reloc    ] GC(122) Y: Survivor 5         0M (0%)            3M (0%)           2 / 1              0 / 0              0 / 0        
[2026-06-26T18:10:59.745-0300][2166.456s][8748][7584 ][info][gc,heap     ] GC(122) Y: Min Capacity: 8M(0%)
[2026-06-26T18:10:59.745-0300][2166.456s][8748][7584 ][info][gc,heap     ] GC(122) Y: Max Capacity: 3072M(100%)
[2026-06-26T18:10:59.745-0300][2166.456s][8748][7584 ][info][gc,heap     ] GC(122) Y: Soft Max Capacity: 3072M(100%)
[2026-06-26T18:10:59.745-0300][2166.456s][8748][7584 ][info][gc,heap     ] GC(122) Y: Heap Statistics:
[2026-06-26T18:10:59.745-0300][2166.456s][8748][7584 ][info][gc,heap     ] GC(122) Y:                Mark Start          Mark End        Relocate Start      Relocate End           High               Low         
[2026-06-26T18:10:59.745-0300][2166.456s][8748][7584 ][info][gc,heap     ] GC(122) Y:  Capacity:     2908M (95%)        2908M (95%)        2908M (95%)        2908M (95%)        2908M (95%)        2908M (95%)    
[2026-06-26T18:10:59.745-0300][2166.456s][8748][7584 ][info][gc,heap     ] GC(122) Y:      Free:      780M (25%)         760M (25%)         760M (25%)        1080M (35%)        1082M (35%)         756M (25%)    
[2026-06-26T18:10:59.745-0300][2166.456s][8748][7584 ][info][gc,heap     ] GC(122) Y:      Used:     2292M (75%)        2312M (75%)        2312M (75%)        1992M (65%)        2316M (75%)        1990M (65%)    
[2026-06-26T18:10:59.745-0300][2166.456s][8748][7584 ][info][gc,heap     ] GC(122) Y: Young Generation Statistics:
[2026-06-26T18:10:59.745-0300][2166.456s][8748][7584 ][info][gc,heap     ] GC(122) Y:                Mark Start          Mark End        Relocate Start      Relocate End    
[2026-06-26T18:10:59.745-0300][2166.456s][8748][7584 ][info][gc,heap     ] GC(122) Y:      Used:      380M (12%)         400M (13%)         374M (12%)          42M (1%)     
[2026-06-26T18:10:59.745-0300][2166.456s][8748][7584 ][info][gc,heap     ] GC(122) Y:      Live:         -                36M (1%)           13M (0%)            5M (0%)     
[2026-06-26T18:10:59.745-0300][2166.456s][8748][7584 ][info][gc,heap     ] GC(122) Y:   Garbage:         -               343M (11%)         340M (11%)           0M (0%)     
[2026-06-26T18:10:59.745-0300][2166.456s][8748][7584 ][info][gc,heap     ] GC(122) Y: Allocated:         -                20M (1%)           20M (1%)           35M (1%)     
[2026-06-26T18:10:59.745-0300][2166.456s][8748][7584 ][info][gc,heap     ] GC(122) Y: Reclaimed:         -                  -                 3M (0%)          342M (11%)    
[2026-06-26T18:10:59.745-0300][2166.456s][8748][7584 ][info][gc,heap     ] GC(122) Y:  Promoted:         -                  -                22M (1%)           30M (1%)     
[2026-06-26T18:10:59.745-0300][2166.456s][8748][7584 ][info][gc,heap     ] GC(122) Y: Compacted:         -                  -                  -                 0M (0%)     
[2026-06-26T18:10:59.745-0300][2166.456s][8748][7584 ][info][gc,phases   ] GC(122) Y: Young Generation 2292M(75%)->1992M(65%) 0.175s
[2026-06-26T18:10:59.745-0300][2166.456s][8748][7584 ][info][gc,phases   ] GC(122) O: Old Generation
[2026-06-26T18:11:02.866-0300][2169.578s][8748][7584 ][info][gc,phases   ] GC(122) O: Concurrent Mark 3121.503ms
[2026-06-26T18:11:02.866-0300][2169.578s][8748][16824][info][gc,phases   ] GC(122) O: Pause Mark End 0.015ms
[2026-06-26T18:11:02.866-0300][2169.578s][8748][7584 ][info][gc,phases   ] GC(122) O: Concurrent Mark Free 0.002ms
[2026-06-26T18:11:02.911-0300][2169.622s][8748][7584 ][info][gc,phases   ] GC(122) O: Concurrent Process Non-Strong 44.260ms
[2026-06-26T18:11:02.911-0300][2169.622s][8748][7584 ][info][gc,phases   ] GC(122) O: Concurrent Reset Relocation Set 0.005ms
[2026-06-26T18:11:02.913-0300][2169.624s][8748][7584 ][info][gc,phases   ] GC(122) O: Concurrent Select Relocation Set 1.285ms
[2026-06-26T18:11:02.913-0300][2169.624s][8748][7584 ][info][gc,task     ] GC(122) O: Using 2 Workers for Old Generation
[2026-06-26T18:11:02.924-0300][2169.636s][8748][7584 ][info][gc,task     ] GC(122) O: Using 1 Workers for Old Generation
[2026-06-26T18:11:02.924-0300][2169.636s][8748][7584 ][info][gc,phases   ] GC(122) O: Concurrent Remap Roots 11.955ms
[2026-06-26T18:11:02.924-0300][2169.636s][8748][16824][info][gc,phases   ] GC(122) O: Pause Relocate Start 0.011ms
[2026-06-26T18:11:02.944-0300][2169.655s][8748][7584 ][info][gc,phases   ] GC(122) O: Concurrent Relocate 19.302ms
[2026-06-26T18:11:02.944-0300][2169.655s][8748][7584 ][info][gc,alloc    ] GC(122) O:                         Mark Start        Mark End      Relocate Start    Relocate End   
[2026-06-26T18:11:02.944-0300][2169.655s][8748][7584 ][info][gc,alloc    ] GC(122) O: Allocation Stalls:          0                0                0                0         
[2026-06-26T18:11:02.944-0300][2169.655s][8748][7584 ][info][gc,load     ] GC(122) O: Load: 0.00 (0%) / 0.00 (0%) / 0.00 (0%)
[2026-06-26T18:11:02.944-0300][2169.655s][8748][7584 ][info][gc,mmu      ] GC(122) O: MMU: 2ms/44.2%, 5ms/77.7%, 10ms/88.8%, 20ms/94.4%, 50ms/94.8%, 100ms/97.4%
[2026-06-26T18:11:02.944-0300][2169.655s][8748][7584 ][info][gc,marking  ] GC(122) O: Mark: 1 stripe(s), 2 proactive flush(es), 1 terminate flush(es), 0 completion(s), 0 continuation(s) 
[2026-06-26T18:11:02.944-0300][2169.655s][8748][7584 ][info][gc,nmethod  ] GC(122) O: NMethods: 10318 registered, 776 unregistered
[2026-06-26T18:11:02.944-0300][2169.655s][8748][7584 ][info][gc,metaspace] GC(122) O: Metaspace: 81M used, 84M committed, 1152M reserved
[2026-06-26T18:11:02.944-0300][2169.655s][8748][7584 ][info][gc,ref      ] GC(122) O:                       Encountered   Discovered     Enqueued 
[2026-06-26T18:11:02.944-0300][2169.655s][8748][7584 ][info][gc,ref      ] GC(122) O: Soft References:             3330          443           14 
[2026-06-26T18:11:02.944-0300][2169.655s][8748][7584 ][info][gc,ref      ] GC(122) O: Weak References:             6349         5349            0 
[2026-06-26T18:11:02.944-0300][2169.655s][8748][7584 ][info][gc,ref      ] GC(122) O: Final References:              16            0            0 
[2026-06-26T18:11:02.944-0300][2169.655s][8748][7584 ][info][gc,ref      ] GC(122) O: Phantom References:         15909         8044           98 
[2026-06-26T18:11:02.944-0300][2169.655s][8748][7584 ][info][gc,reloc    ] GC(122) O:                        Candidates     Selected     In-Place         Size        Empty    Relocated 
[2026-06-26T18:11:02.944-0300][2169.655s][8748][7584 ][info][gc,reloc    ] GC(122) O: Small Pages:                  894           14            0        1788M           4M           5M 
[2026-06-26T18:11:02.944-0300][2169.655s][8748][7584 ][info][gc,reloc    ] GC(122) O: Medium Pages:                   2            0            0          64M           0M           0M 
[2026-06-26T18:11:02.944-0300][2169.655s][8748][7584 ][info][gc,reloc    ] GC(122) O: Large Pages:                    5            0            0          60M           0M           0M 
[2026-06-26T18:11:02.944-0300][2169.655s][8748][7584 ][info][gc,reloc    ] GC(122) O: Forwarding Usage: 5M
[2026-06-26T18:11:02.944-0300][2169.655s][8748][7584 ][info][gc,heap     ] GC(122) O: Min Capacity: 8M(0%)
[2026-06-26T18:11:02.944-0300][2169.655s][8748][7584 ][info][gc,heap     ] GC(122) O: Max Capacity: 3072M(100%)
[2026-06-26T18:11:02.944-0300][2169.655s][8748][7584 ][info][gc,heap     ] GC(122) O: Soft Max Capacity: 3072M(100%)
[2026-06-26T18:11:02.944-0300][2169.655s][8748][7584 ][info][gc,heap     ] GC(122) O: Heap Statistics:
[2026-06-26T18:11:02.944-0300][2169.655s][8748][7584 ][info][gc,heap     ] GC(122) O:                Mark Start          Mark End        Relocate Start      Relocate End           High               Low         
[2026-06-26T18:11:02.944-0300][2169.655s][8748][7584 ][info][gc,heap     ] GC(122) O:  Capacity:     2908M (95%)        2908M (95%)        2908M (95%)        2908M (95%)        2908M (95%)        2908M (95%)    
[2026-06-26T18:11:02.944-0300][2169.655s][8748][7584 ][info][gc,heap     ] GC(122) O:      Free:      780M (25%)         954M (31%)         954M (31%)         976M (32%)        1082M (35%)         756M (25%)    
[2026-06-26T18:11:02.944-0300][2169.655s][8748][7584 ][info][gc,heap     ] GC(122) O:      Used:     2292M (75%)        2118M (69%)        2118M (69%)        2096M (68%)        2316M (75%)        1990M (65%)    
[2026-06-26T18:11:02.944-0300][2169.656s][8748][7584 ][info][gc,heap     ] GC(122) O: Old Generation Statistics:
[2026-06-26T18:11:02.944-0300][2169.656s][8748][7584 ][info][gc,heap     ] GC(122) O:                Mark Start          Mark End        Relocate Start      Relocate End    
[2026-06-26T18:11:02.944-0300][2169.656s][8748][7584 ][info][gc,heap     ] GC(122) O:      Used:     1912M (62%)        1950M (63%)        1946M (63%)        1924M (63%)    
[2026-06-26T18:11:02.944-0300][2169.656s][8748][7584 ][info][gc,heap     ] GC(122) O:      Live:         -              1778M (58%)        1778M (58%)        1778M (58%)    
[2026-06-26T18:11:02.944-0300][2169.656s][8748][7584 ][info][gc,heap     ] GC(122) O:   Garbage:         -               133M (4%)          129M (4%)           98M (3%)     
[2026-06-26T18:11:02.944-0300][2169.656s][8748][7584 ][info][gc,heap     ] GC(122) O: Allocated:         -                38M (1%)           38M (1%)           46M (2%)     
[2026-06-26T18:11:02.944-0300][2169.656s][8748][7584 ][info][gc,heap     ] GC(122) O: Reclaimed:         -                  -                 4M (0%)           34M (1%)     
[2026-06-26T18:11:02.944-0300][2169.656s][8748][7584 ][info][gc,heap     ] GC(122) O: Compacted:         -                  -                  -                15M (1%)     
[2026-06-26T18:11:02.944-0300][2169.656s][8748][7584 ][info][gc,phases   ] GC(122) O: Old Generation 1992M(65%)->2096M(68%) 3.199s
[2026-06-26T18:11:02.944-0300][2169.656s][8748][7584 ][info][gc          ] GC(122) Major Collection (Proactive) 2292M(75%)->2096M(68%) 3.374s
[2026-06-26T18:11:20.628-0300][2187.339s][8748][8884 ][info][gc          ] GC(123) Minor Collection (High Usage)
[2026-06-26T18:11:20.628-0300][2187.339s][8748][8884 ][info][gc,task     ] GC(123) Using 1 Workers for Young Generation
[2026-06-26T18:11:20.628-0300][2187.339s][8748][8884 ][info][gc,phases   ] GC(123) y: Young Generation
[2026-06-26T18:11:20.628-0300][2187.339s][8748][16824][info][gc,phases   ] GC(123) y: Pause Mark Start 0.012ms
[2026-06-26T18:11:20.687-0300][2187.398s][8748][8884 ][info][gc,phases   ] GC(123) y: Concurrent Mark 58.853ms
[2026-06-26T18:11:20.687-0300][2187.398s][8748][16824][info][gc,phases   ] GC(123) y: Pause Mark End 0.013ms
[2026-06-26T18:11:20.687-0300][2187.398s][8748][8884 ][info][gc,phases   ] GC(123) y: Concurrent Mark Free 0.003ms
[2026-06-26T18:11:20.687-0300][2187.398s][8748][8884 ][info][gc,phases   ] GC(123) y: Concurrent Reset Relocation Set 0.260ms
[2026-06-26T18:11:20.687-0300][2187.398s][8748][8884 ][info][gc,reloc    ] GC(123) y: Using tenuring threshold: 1 (Computed)
[2026-06-26T18:11:20.690-0300][2187.402s][8748][8884 ][info][gc,phases   ] GC(123) y: Concurrent Select Relocation Set 3.370ms
[2026-06-26T18:11:20.690-0300][2187.402s][8748][16824][info][gc,phases   ] GC(123) y: Pause Relocate Start 0.009ms
[2026-06-26T18:11:20.702-0300][2187.413s][8748][8884 ][info][gc,phases   ] GC(123) y: Concurrent Relocate 11.297ms
[2026-06-26T18:11:20.702-0300][2187.413s][8748][8884 ][info][gc,alloc    ] GC(123) y:                         Mark Start        Mark End      Relocate Start    Relocate End   
[2026-06-26T18:11:20.702-0300][2187.413s][8748][8884 ][info][gc,alloc    ] GC(123) y: Allocation Stalls:          0                0                0                0         
[2026-06-26T18:11:20.702-0300][2187.413s][8748][8884 ][info][gc,load     ] GC(123) y: Load: 0.00 (0%) / 0.00 (0%) / 0.00 (0%)
[2026-06-26T18:11:20.702-0300][2187.413s][8748][8884 ][info][gc,mmu      ] GC(123) y: MMU: 2ms/44.2%, 5ms/77.7%, 10ms/88.8%, 20ms/94.4%, 50ms/94.8%, 100ms/97.4%
[2026-06-26T18:11:20.702-0300][2187.413s][8748][8884 ][info][gc,marking  ] GC(123) y: Mark: 1 stripe(s), 2 proactive flush(es), 1 terminate flush(es), 0 completion(s), 0 continuation(s) 
[2026-06-26T18:11:20.702-0300][2187.413s][8748][8884 ][info][gc,nmethod  ] GC(123) y: NMethods: 10338 registered, 776 unregistered
[2026-06-26T18:11:20.702-0300][2187.413s][8748][8884 ][info][gc,metaspace] GC(123) y: Metaspace: 81M used, 84M committed, 1152M reserved
[2026-06-26T18:11:20.702-0300][2187.413s][8748][8884 ][info][gc,reloc    ] GC(123) y:                        Candidates     Selected     In-Place         Size        Empty    Relocated 
[2026-06-26T18:11:20.702-0300][2187.413s][8748][8884 ][info][gc,reloc    ] GC(123) y: Small Pages:                  479          470            0         958M          10M           1M 
[2026-06-26T18:11:20.702-0300][2187.413s][8748][8884 ][info][gc,reloc    ] GC(123) y: Medium Pages:                   0            0            0           0M           0M           0M 
[2026-06-26T18:11:20.702-0300][2187.413s][8748][8884 ][info][gc,reloc    ] GC(123) y: Large Pages:                    0            0            0           0M           0M           0M 
[2026-06-26T18:11:20.702-0300][2187.413s][8748][8884 ][info][gc,reloc    ] GC(123) y: Forwarding Usage: 0M
[2026-06-26T18:11:20.702-0300][2187.413s][8748][8884 ][info][gc,reloc    ] GC(123) y: Age Table:
[2026-06-26T18:11:20.702-0300][2187.413s][8748][8884 ][info][gc,reloc    ] GC(123) y:                    Live             Garbage             Small              Medium             Large        
[2026-06-26T18:11:20.702-0300][2187.413s][8748][8884 ][info][gc,reloc    ] GC(123) y: Eden               0M (0%)          937M (31%)        469 / 467            0 / 0              0 / 0        
[2026-06-26T18:11:20.702-0300][2187.413s][8748][8884 ][info][gc,reloc    ] GC(123) y: Survivor 1         0M (0%)            9M (0%)           5 / 1              0 / 0              0 / 0        
[2026-06-26T18:11:20.702-0300][2187.413s][8748][8884 ][info][gc,reloc    ] GC(123) y: Survivor 2         5M (0%)            4M (0%)           5 / 2              0 / 0              0 / 0        
[2026-06-26T18:11:20.702-0300][2187.413s][8748][8884 ][info][gc,heap     ] GC(123) y: Min Capacity: 8M(0%)
[2026-06-26T18:11:20.702-0300][2187.413s][8748][8884 ][info][gc,heap     ] GC(123) y: Max Capacity: 3072M(100%)
[2026-06-26T18:11:20.702-0300][2187.413s][8748][8884 ][info][gc,heap     ] GC(123) y: Soft Max Capacity: 3072M(100%)
[2026-06-26T18:11:20.702-0300][2187.413s][8748][8884 ][info][gc,heap     ] GC(123) y: Heap Statistics:
[2026-06-26T18:11:20.702-0300][2187.413s][8748][8884 ][info][gc,heap     ] GC(123) y:                Mark Start          Mark End        Relocate Start      Relocate End           High               Low         
[2026-06-26T18:11:20.702-0300][2187.413s][8748][8884 ][info][gc,heap     ] GC(123) y:  Capacity:     2908M (95%)        2908M (95%)        2908M (95%)        2908M (95%)        2908M (95%)        2908M (95%)    
[2026-06-26T18:11:20.702-0300][2187.413s][8748][8884 ][info][gc,heap     ] GC(123) y:      Free:      190M (6%)          168M (5%)          176M (6%)         1102M (36%)        1102M (36%)         168M (5%)     
[2026-06-26T18:11:20.702-0300][2187.413s][8748][8884 ][info][gc,heap     ] GC(123) y:      Used:     2882M (94%)        2904M (95%)        2896M (94%)        1970M (64%)        2904M (95%)        1970M (64%)    
[2026-06-26T18:11:20.702-0300][2187.413s][8748][8884 ][info][gc,heap     ] GC(123) y: Young Generation Statistics:
[2026-06-26T18:11:20.702-0300][2187.413s][8748][8884 ][info][gc,heap     ] GC(123) y:                Mark Start          Mark End        Relocate Start      Relocate End    
[2026-06-26T18:11:20.702-0300][2187.413s][8748][8884 ][info][gc,heap     ] GC(123) y:      Used:      958M (31%)         980M (32%)         966M (31%)          36M (1%)     
[2026-06-26T18:11:20.702-0300][2187.413s][8748][8884 ][info][gc,heap     ] GC(123) y:      Live:         -                 6M (0%)            1M (0%)            0M (0%)     
[2026-06-26T18:11:20.702-0300][2187.413s][8748][8884 ][info][gc,heap     ] GC(123) y:   Garbage:         -               951M (31%)         940M (31%)           0M (0%)     
[2026-06-26T18:11:20.702-0300][2187.413s][8748][8884 ][info][gc,heap     ] GC(123) y: Allocated:         -                22M (1%)           24M (1%)           35M (1%)     
[2026-06-26T18:11:20.702-0300][2187.413s][8748][8884 ][info][gc,heap     ] GC(123) y: Reclaimed:         -                  -                10M (0%)          951M (31%)    
[2026-06-26T18:11:20.702-0300][2187.413s][8748][8884 ][info][gc,heap     ] GC(123) y:  Promoted:         -                  -                 5M (0%)            5M (0%)     
[2026-06-26T18:11:20.702-0300][2187.413s][8748][8884 ][info][gc,heap     ] GC(123) y: Compacted:         -                  -                  -                 0M (0%)     
[2026-06-26T18:11:20.702-0300][2187.413s][8748][8884 ][info][gc,phases   ] GC(123) y: Young Generation 2882M(94%)->1970M(64%) 0.074s
[2026-06-26T18:11:20.702-0300][2187.413s][8748][8884 ][info][gc          ] GC(123) Minor Collection (High Usage) 2882M(94%)->1970M(64%) 0.075s
[2026-06-26T18:11:49.628-0300][2216.339s][8748][8884 ][info][gc          ] GC(124) Minor Collection (High Usage)
[2026-06-26T18:11:49.628-0300][2216.339s][8748][8884 ][info][gc,task     ] GC(124) Using 1 Workers for Young Generation
[2026-06-26T18:11:49.628-0300][2216.339s][8748][8884 ][info][gc,phases   ] GC(124) y: Young Generation
[2026-06-26T18:11:49.628-0300][2216.339s][8748][16824][info][gc,phases   ] GC(124) y: Pause Mark Start 0.011ms
[2026-06-26T18:11:49.697-0300][2216.408s][8748][8884 ][info][gc,phases   ] GC(124) y: Concurrent Mark 69.050ms
[2026-06-26T18:11:49.697-0300][2216.408s][8748][16824][info][gc,phases   ] GC(124) y: Pause Mark End 0.013ms
[2026-06-26T18:11:49.697-0300][2216.408s][8748][8884 ][info][gc,phases   ] GC(124) y: Concurrent Mark Free 0.002ms
[2026-06-26T18:11:49.697-0300][2216.408s][8748][8884 ][info][gc,phases   ] GC(124) y: Concurrent Reset Relocation Set 0.113ms
[2026-06-26T18:11:49.697-0300][2216.409s][8748][8884 ][info][gc,reloc    ] GC(124) y: Using tenuring threshold: 2 (Computed)
[2026-06-26T18:11:49.697-0300][2216.409s][8748][8884 ][info][gc,phases   ] GC(124) y: Concurrent Select Relocation Set 0.747ms
[2026-06-26T18:11:49.697-0300][2216.409s][8748][16824][info][gc,phases   ] GC(124) y: Pause Relocate Start 0.004ms
[2026-06-26T18:11:49.706-0300][2216.417s][8748][8884 ][info][gc,phases   ] GC(124) y: Concurrent Relocate 8.087ms
[2026-06-26T18:11:49.706-0300][2216.417s][8748][8884 ][info][gc,alloc    ] GC(124) y:                         Mark Start        Mark End      Relocate Start    Relocate End   
[2026-06-26T18:11:49.706-0300][2216.417s][8748][8884 ][info][gc,alloc    ] GC(124) y: Allocation Stalls:          0                0                0                0         
[2026-06-26T18:11:49.706-0300][2216.417s][8748][8884 ][info][gc,load     ] GC(124) y: Load: 0.00 (0%) / 0.00 (0%) / 0.00 (0%)
[2026-06-26T18:11:49.706-0300][2216.417s][8748][8884 ][info][gc,mmu      ] GC(124) y: MMU: 2ms/44.2%, 5ms/77.7%, 10ms/88.8%, 20ms/94.4%, 50ms/94.8%, 100ms/97.4%
[2026-06-26T18:11:49.706-0300][2216.417s][8748][8884 ][info][gc,marking  ] GC(124) y: Mark: 1 stripe(s), 2 proactive flush(es), 1 terminate flush(es), 0 completion(s), 0 continuation(s) 
[2026-06-26T18:11:49.706-0300][2216.417s][8748][8884 ][info][gc,nmethod  ] GC(124) y: NMethods: 10593 registered, 776 unregistered
[2026-06-26T18:11:49.706-0300][2216.417s][8748][8884 ][info][gc,metaspace] GC(124) y: Metaspace: 81M used, 84M committed, 1152M reserved
[2026-06-26T18:11:49.706-0300][2216.417s][8748][8884 ][info][gc,reloc    ] GC(124) y:                        Candidates     Selected     In-Place         Size        Empty    Relocated 
[2026-06-26T18:11:49.706-0300][2216.417s][8748][8884 ][info][gc,reloc    ] GC(124) y: Small Pages:                  474          314            0         948M         314M           3M 
[2026-06-26T18:11:49.706-0300][2216.417s][8748][8884 ][info][gc,reloc    ] GC(124) y: Medium Pages:                   0            0            0           0M           0M           0M 
[2026-06-26T18:11:49.706-0300][2216.418s][8748][8884 ][info][gc,reloc    ] GC(124) y: Large Pages:                    0            0            0           0M           0M           0M 
[2026-06-26T18:11:49.706-0300][2216.418s][8748][8884 ][info][gc,reloc    ] GC(124) y: Forwarding Usage: 2M
[2026-06-26T18:11:49.706-0300][2216.418s][8748][8884 ][info][gc,reloc    ] GC(124) y: Age Table:
[2026-06-26T18:11:49.706-0300][2216.418s][8748][8884 ][info][gc,reloc    ] GC(124) y:                    Live             Garbage             Small              Medium             Large        
[2026-06-26T18:11:49.706-0300][2216.418s][8748][8884 ][info][gc,reloc    ] GC(124) y: Eden               4M (0%)          931M (30%)        468 / 313            0 / 0              0 / 0        
[2026-06-26T18:11:49.706-0300][2216.418s][8748][8884 ][info][gc,reloc    ] GC(124) y: Survivor 1         0M (0%)           11M (0%)           6 / 1              0 / 0              0 / 0        
[2026-06-26T18:11:49.706-0300][2216.418s][8748][8884 ][info][gc,heap     ] GC(124) y: Min Capacity: 8M(0%)
[2026-06-26T18:11:49.706-0300][2216.418s][8748][8884 ][info][gc,heap     ] GC(124) y: Max Capacity: 3072M(100%)
[2026-06-26T18:11:49.706-0300][2216.418s][8748][8884 ][info][gc,heap     ] GC(124) y: Soft Max Capacity: 3072M(100%)
[2026-06-26T18:11:49.706-0300][2216.418s][8748][8884 ][info][gc,heap     ] GC(124) y: Heap Statistics:
[2026-06-26T18:11:49.706-0300][2216.418s][8748][8884 ][info][gc,heap     ] GC(124) y:                Mark Start          Mark End        Relocate Start      Relocate End           High               Low         
[2026-06-26T18:11:49.706-0300][2216.418s][8748][8884 ][info][gc,heap     ] GC(124) y:  Capacity:     2908M (95%)        2908M (95%)        2908M (95%)        2908M (95%)        2908M (95%)        2908M (95%)    
[2026-06-26T18:11:49.706-0300][2216.418s][8748][8884 ][info][gc,heap     ] GC(124) y:      Free:      190M (6%)          172M (6%)          486M (16%)        1108M (36%)        1108M (36%)         172M (6%)     
[2026-06-26T18:11:49.706-0300][2216.418s][8748][8884 ][info][gc,heap     ] GC(124) y:      Used:     2882M (94%)        2900M (94%)        2586M (84%)        1964M (64%)        2900M (94%)        1964M (64%)    
[2026-06-26T18:11:49.706-0300][2216.418s][8748][8884 ][info][gc,heap     ] GC(124) y: Young Generation Statistics:
[2026-06-26T18:11:49.706-0300][2216.418s][8748][8884 ][info][gc,heap     ] GC(124) y:                Mark Start          Mark End        Relocate Start      Relocate End    
[2026-06-26T18:11:49.706-0300][2216.418s][8748][8884 ][info][gc,heap     ] GC(124) y:      Used:      948M (31%)         966M (31%)         652M (21%)          30M (1%)     
[2026-06-26T18:11:49.706-0300][2216.418s][8748][8884 ][info][gc,heap     ] GC(124) y:      Live:         -                 4M (0%)            4M (0%)            4M (0%)     
[2026-06-26T18:11:49.706-0300][2216.418s][8748][8884 ][info][gc,heap     ] GC(124) y:   Garbage:         -               943M (31%)         629M (20%)           0M (0%)     
[2026-06-26T18:11:49.706-0300][2216.418s][8748][8884 ][info][gc,heap     ] GC(124) y: Allocated:         -                18M (1%)           18M (1%)           25M (1%)     
[2026-06-26T18:11:49.706-0300][2216.418s][8748][8884 ][info][gc,heap     ] GC(124) y: Reclaimed:         -                  -               314M (10%)         943M (31%)    
[2026-06-26T18:11:49.706-0300][2216.418s][8748][8884 ][info][gc,heap     ] GC(124) y:  Promoted:         -                  -                 0M (0%)            0M (0%)     
[2026-06-26T18:11:49.706-0300][2216.418s][8748][8884 ][info][gc,heap     ] GC(124) y: Compacted:         -                  -                  -                 4M (0%)     
[2026-06-26T18:11:49.706-0300][2216.418s][8748][8884 ][info][gc,phases   ] GC(124) y: Young Generation 2882M(94%)->1964M(64%) 0.078s
[2026-06-26T18:11:49.706-0300][2216.418s][8748][8884 ][info][gc          ] GC(124) Minor Collection (High Usage) 2882M(94%)->1964M(64%) 0.079s
[2026-06-26T18:12:21.443-0300][2248.155s][8748][8884 ][info][gc          ] GC(125) Minor Collection (High Usage)
[2026-06-26T18:12:21.443-0300][2248.155s][8748][8884 ][info][gc,task     ] GC(125) Using 1 Workers for Young Generation
[2026-06-26T18:12:21.443-0300][2248.155s][8748][8884 ][info][gc,phases   ] GC(125) y: Young Generation
[2026-06-26T18:12:21.444-0300][2248.155s][8748][16824][info][gc,phases   ] GC(125) y: Pause Mark Start 0.008ms
[2026-06-26T18:12:21.511-0300][2248.222s][8748][8884 ][info][gc,phases   ] GC(125) y: Concurrent Mark 67.214ms
[2026-06-26T18:12:21.511-0300][2248.222s][8748][16824][info][gc,phases   ] GC(125) y: Pause Mark End 0.012ms
[2026-06-26T18:12:21.511-0300][2248.222s][8748][8884 ][info][gc,phases   ] GC(125) y: Concurrent Mark Free 0.001ms
[2026-06-26T18:12:21.511-0300][2248.222s][8748][8884 ][info][gc,phases   ] GC(125) y: Concurrent Reset Relocation Set 0.010ms
[2026-06-26T18:12:21.511-0300][2248.222s][8748][8884 ][info][gc,reloc    ] GC(125) y: Using tenuring threshold: 3 (Computed)
[2026-06-26T18:12:21.512-0300][2248.223s][8748][8884 ][info][gc,phases   ] GC(125) y: Concurrent Select Relocation Set 0.358ms
[2026-06-26T18:12:21.512-0300][2248.223s][8748][16824][info][gc,phases   ] GC(125) y: Pause Relocate Start 0.005ms
[2026-06-26T18:12:21.519-0300][2248.230s][8748][8884 ][info][gc,phases   ] GC(125) y: Concurrent Relocate 7.226ms
[2026-06-26T18:12:21.519-0300][2248.230s][8748][8884 ][info][gc,alloc    ] GC(125) y:                         Mark Start        Mark End      Relocate Start    Relocate End   
[2026-06-26T18:12:21.519-0300][2248.230s][8748][8884 ][info][gc,alloc    ] GC(125) y: Allocation Stalls:          0                0                0                0         
[2026-06-26T18:12:21.519-0300][2248.230s][8748][8884 ][info][gc,load     ] GC(125) y: Load: 0.00 (0%) / 0.00 (0%) / 0.00 (0%)
[2026-06-26T18:12:21.519-0300][2248.230s][8748][8884 ][info][gc,mmu      ] GC(125) y: MMU: 2ms/44.2%, 5ms/77.7%, 10ms/88.8%, 20ms/94.4%, 50ms/94.8%, 100ms/97.4%
[2026-06-26T18:12:21.519-0300][2248.230s][8748][8884 ][info][gc,marking  ] GC(125) y: Mark: 1 stripe(s), 2 proactive flush(es), 1 terminate flush(es), 0 completion(s), 0 continuation(s) 
[2026-06-26T18:12:21.519-0300][2248.230s][8748][8884 ][info][gc,nmethod  ] GC(125) y: NMethods: 10774 registered, 0 unregistered
[2026-06-26T18:12:21.519-0300][2248.230s][8748][8884 ][info][gc,metaspace] GC(125) y: Metaspace: 81M used, 84M committed, 1152M reserved
[2026-06-26T18:12:21.519-0300][2248.230s][8748][8884 ][info][gc,reloc    ] GC(125) y:                        Candidates     Selected     In-Place         Size        Empty    Relocated 
[2026-06-26T18:12:21.519-0300][2248.230s][8748][8884 ][info][gc,reloc    ] GC(125) y: Small Pages:                  474          242            0         948M         456M           4M 
[2026-06-26T18:12:21.519-0300][2248.230s][8748][8884 ][info][gc,reloc    ] GC(125) y: Medium Pages:                   0            0            0           0M           0M           0M 
[2026-06-26T18:12:21.519-0300][2248.230s][8748][8884 ][info][gc,reloc    ] GC(125) y: Large Pages:                    0            0            0           0M           0M           0M 
[2026-06-26T18:12:21.519-0300][2248.230s][8748][8884 ][info][gc,reloc    ] GC(125) y: Forwarding Usage: 2M
[2026-06-26T18:12:21.519-0300][2248.230s][8748][8884 ][info][gc,reloc    ] GC(125) y: Age Table:
[2026-06-26T18:12:21.519-0300][2248.230s][8748][8884 ][info][gc,reloc    ] GC(125) y:                    Live             Garbage             Small              Medium             Large        
[2026-06-26T18:12:21.519-0300][2248.230s][8748][8884 ][info][gc,reloc    ] GC(125) y: Eden               4M (0%)          931M (30%)        468 / 237            0 / 0              0 / 0        
[2026-06-26T18:12:21.519-0300][2248.230s][8748][8884 ][info][gc,reloc    ] GC(125) y: Survivor 1         1M (0%)            8M (0%)           5 / 4              0 / 0              0 / 0        
[2026-06-26T18:12:21.519-0300][2248.230s][8748][8884 ][info][gc,reloc    ] GC(125) y: Survivor 2         0M (0%)            1M (0%)           1 / 1              0 / 0              0 / 0        
[2026-06-26T18:12:21.519-0300][2248.230s][8748][8884 ][info][gc,heap     ] GC(125) y: Min Capacity: 8M(0%)
[2026-06-26T18:12:21.519-0300][2248.230s][8748][8884 ][info][gc,heap     ] GC(125) y: Max Capacity: 3072M(100%)
[2026-06-26T18:12:21.519-0300][2248.230s][8748][8884 ][info][gc,heap     ] GC(125) y: Soft Max Capacity: 3072M(100%)
[2026-06-26T18:12:21.519-0300][2248.230s][8748][8884 ][info][gc,heap     ] GC(125) y: Heap Statistics:
[2026-06-26T18:12:21.519-0300][2248.230s][8748][8884 ][info][gc,heap     ] GC(125) y:                Mark Start          Mark End        Relocate Start      Relocate End           High               Low         
[2026-06-26T18:12:21.519-0300][2248.230s][8748][8884 ][info][gc,heap     ] GC(125) y:  Capacity:     2908M (95%)        2908M (95%)        2908M (95%)        2908M (95%)        2908M (95%)        2908M (95%)    
[2026-06-26T18:12:21.519-0300][2248.230s][8748][8884 ][info][gc,heap     ] GC(125) y:      Free:      190M (6%)          174M (6%)          630M (21%)        1104M (36%)        1104M (36%)         174M (6%)     
[2026-06-26T18:12:21.519-0300][2248.230s][8748][8884 ][info][gc,heap     ] GC(125) y:      Used:     2882M (94%)        2898M (94%)        2442M (79%)        1968M (64%)        2898M (94%)        1968M (64%)    
[2026-06-26T18:12:21.519-0300][2248.230s][8748][8884 ][info][gc,heap     ] GC(125) y: Young Generation Statistics:
[2026-06-26T18:12:21.519-0300][2248.230s][8748][8884 ][info][gc,heap     ] GC(125) y:                Mark Start          Mark End        Relocate Start      Relocate End    
[2026-06-26T18:12:21.519-0300][2248.230s][8748][8884 ][info][gc,heap     ] GC(125) y:      Used:      948M (31%)         964M (31%)         508M (17%)          34M (1%)     
[2026-06-26T18:12:21.519-0300][2248.230s][8748][8884 ][info][gc,heap     ] GC(125) y:      Live:         -                 6M (0%)            6M (0%)            6M (0%)     
[2026-06-26T18:12:21.519-0300][2248.230s][8748][8884 ][info][gc,heap     ] GC(125) y:   Garbage:         -               941M (31%)         485M (16%)           0M (0%)     
[2026-06-26T18:12:21.519-0300][2248.230s][8748][8884 ][info][gc,heap     ] GC(125) y: Allocated:         -                16M (1%)           16M (1%)           26M (1%)     
[2026-06-26T18:12:21.519-0300][2248.230s][8748][8884 ][info][gc,heap     ] GC(125) y: Reclaimed:         -                  -               456M (15%)         940M (31%)    
[2026-06-26T18:12:21.519-0300][2248.230s][8748][8884 ][info][gc,heap     ] GC(125) y:  Promoted:         -                  -                 0M (0%)            0M (0%)     
[2026-06-26T18:12:21.519-0300][2248.230s][8748][8884 ][info][gc,heap     ] GC(125) y: Compacted:         -                  -                  -                 5M (0%)     
[2026-06-26T18:12:21.519-0300][2248.230s][8748][8884 ][info][gc,phases   ] GC(125) y: Young Generation 2882M(94%)->1968M(64%) 0.075s
[2026-06-26T18:12:21.519-0300][2248.230s][8748][8884 ][info][gc          ] GC(125) Minor Collection (High Usage) 2882M(94%)->1968M(64%) 0.076s
[2026-06-26T18:12:38.400-0300][2265.111s][8748][8884 ][info][gc          ] GC(126) Minor Collection (High Usage)
[2026-06-26T18:12:38.400-0300][2265.111s][8748][8884 ][info][gc,task     ] GC(126) Using 1 Workers for Young Generation
[2026-06-26T18:12:38.400-0300][2265.111s][8748][8884 ][info][gc,phases   ] GC(126) y: Young Generation
[2026-06-26T18:12:38.400-0300][2265.111s][8748][16824][info][gc,phases   ] GC(126) y: Pause Mark Start 0.008ms
[2026-06-26T18:12:38.538-0300][2265.249s][8748][8884 ][info][gc,phases   ] GC(126) y: Concurrent Mark 138.130ms
[2026-06-26T18:12:38.538-0300][2265.249s][8748][16824][info][gc,phases   ] GC(126) y: Pause Mark End 0.011ms
[2026-06-26T18:12:38.538-0300][2265.249s][8748][8884 ][info][gc,phases   ] GC(126) y: Concurrent Mark Free 0.000ms
[2026-06-26T18:12:38.538-0300][2265.249s][8748][8884 ][info][gc,phases   ] GC(126) y: Concurrent Reset Relocation Set 0.008ms
[2026-06-26T18:12:38.538-0300][2265.249s][8748][8884 ][info][gc,reloc    ] GC(126) y: Using tenuring threshold: 4 (Computed)
[2026-06-26T18:12:38.541-0300][2265.252s][8748][8884 ][info][gc,phases   ] GC(126) y: Concurrent Select Relocation Set 2.905ms
[2026-06-26T18:12:38.541-0300][2265.252s][8748][16824][info][gc,phases   ] GC(126) y: Pause Relocate Start 0.012ms
[2026-06-26T18:12:38.598-0300][2265.309s][8748][8884 ][info][gc,phases   ] GC(126) y: Concurrent Relocate 56.529ms
[2026-06-26T18:12:38.598-0300][2265.309s][8748][8884 ][info][gc,alloc    ] GC(126) y:                         Mark Start        Mark End      Relocate Start    Relocate End   
[2026-06-26T18:12:38.598-0300][2265.309s][8748][8884 ][info][gc,alloc    ] GC(126) y: Allocation Stalls:          0                0                0                0         
[2026-06-26T18:12:38.598-0300][2265.309s][8748][8884 ][info][gc,load     ] GC(126) y: Load: 0.00 (0%) / 0.00 (0%) / 0.00 (0%)
[2026-06-26T18:12:38.598-0300][2265.309s][8748][8884 ][info][gc,mmu      ] GC(126) y: MMU: 2ms/44.2%, 5ms/77.7%, 10ms/88.8%, 20ms/94.4%, 50ms/94.8%, 100ms/97.4%
[2026-06-26T18:12:38.598-0300][2265.309s][8748][8884 ][info][gc,marking  ] GC(126) y: Mark: 1 stripe(s), 2 proactive flush(es), 1 terminate flush(es), 0 completion(s), 0 continuation(s) 
[2026-06-26T18:12:38.598-0300][2265.309s][8748][8884 ][info][gc,nmethod  ] GC(126) y: NMethods: 10953 registered, 0 unregistered
[2026-06-26T18:12:38.598-0300][2265.309s][8748][8884 ][info][gc,metaspace] GC(126) y: Metaspace: 81M used, 84M committed, 1152M reserved
[2026-06-26T18:12:38.598-0300][2265.309s][8748][8884 ][info][gc,reloc    ] GC(126) y:                        Candidates     Selected     In-Place         Size        Empty    Relocated 
[2026-06-26T18:12:38.598-0300][2265.309s][8748][8884 ][info][gc,reloc    ] GC(126) y: Small Pages:                  458          397            0         916M          48M          33M 
[2026-06-26T18:12:38.598-0300][2265.309s][8748][8884 ][info][gc,reloc    ] GC(126) y: Medium Pages:                   1            0            0          32M           0M           0M 
[2026-06-26T18:12:38.598-0300][2265.309s][8748][8884 ][info][gc,reloc    ] GC(126) y: Large Pages:                    0            0            0           0M           0M           0M 
[2026-06-26T18:12:38.598-0300][2265.309s][8748][8884 ][info][gc,reloc    ] GC(126) y: Forwarding Usage: 17M
[2026-06-26T18:12:38.598-0300][2265.309s][8748][8884 ][info][gc,reloc    ] GC(126) y: Age Table:
[2026-06-26T18:12:38.598-0300][2265.309s][8748][8884 ][info][gc,reloc    ] GC(126) y:                    Live             Garbage             Small              Medium             Large        
[2026-06-26T18:12:38.598-0300][2265.309s][8748][8884 ][info][gc,reloc    ] GC(126) y: Eden              57M (2%)          872M (28%)        449 / 393            1 / 0              0 / 0        
[2026-06-26T18:12:38.598-0300][2265.309s][8748][8884 ][info][gc,reloc    ] GC(126) y: Survivor 1         4M (0%)            5M (0%)           5 / 2              0 / 0              0 / 0        
[2026-06-26T18:12:38.598-0300][2265.309s][8748][8884 ][info][gc,reloc    ] GC(126) y: Survivor 2         1M (0%)            4M (0%)           3 / 1              0 / 0              0 / 0        
[2026-06-26T18:12:38.598-0300][2265.309s][8748][8884 ][info][gc,reloc    ] GC(126) y: Survivor 3         0M (0%)            1M (0%)           1 / 1              0 / 0              0 / 0        
[2026-06-26T18:12:38.598-0300][2265.309s][8748][8884 ][info][gc,heap     ] GC(126) y: Min Capacity: 8M(0%)
[2026-06-26T18:12:38.598-0300][2265.309s][8748][8884 ][info][gc,heap     ] GC(126) y: Max Capacity: 3072M(100%)
[2026-06-26T18:12:38.598-0300][2265.309s][8748][8884 ][info][gc,heap     ] GC(126) y: Soft Max Capacity: 3072M(100%)
[2026-06-26T18:12:38.598-0300][2265.309s][8748][8884 ][info][gc,heap     ] GC(126) y: Heap Statistics:
[2026-06-26T18:12:38.598-0300][2265.309s][8748][8884 ][info][gc,heap     ] GC(126) y:                Mark Start          Mark End        Relocate Start      Relocate End           High               Low         
[2026-06-26T18:12:38.598-0300][2265.309s][8748][8884 ][info][gc,heap     ] GC(126) y:  Capacity:     2908M (95%)        2908M (95%)        2908M (95%)        2908M (95%)        2908M (95%)        2908M (95%)    
[2026-06-26T18:12:38.598-0300][2265.309s][8748][8884 ][info][gc,heap     ] GC(126) y:      Free:      190M (6%)          170M (6%)          216M (7%)          986M (32%)         986M (32%)         170M (6%)     
[2026-06-26T18:12:38.598-0300][2265.309s][8748][8884 ][info][gc,heap     ] GC(126) y:      Used:     2882M (94%)        2902M (94%)        2856M (93%)        2086M (68%)        2902M (94%)        2086M (68%)    
[2026-06-26T18:12:38.598-0300][2265.309s][8748][8884 ][info][gc,heap     ] GC(126) y: Young Generation Statistics:
[2026-06-26T18:12:38.598-0300][2265.309s][8748][8884 ][info][gc,heap     ] GC(126) y:                Mark Start          Mark End        Relocate Start      Relocate End    
[2026-06-26T18:12:38.598-0300][2265.309s][8748][8884 ][info][gc,heap     ] GC(126) y:      Used:      948M (31%)         968M (32%)         922M (30%)         152M (5%)     
[2026-06-26T18:12:38.598-0300][2265.309s][8748][8884 ][info][gc,heap     ] GC(126) y:      Live:         -                64M (2%)           64M (2%)           64M (2%)     
[2026-06-26T18:12:38.598-0300][2265.309s][8748][8884 ][info][gc,heap     ] GC(126) y:   Garbage:         -               883M (29%)         835M (27%)          33M (1%)     
[2026-06-26T18:12:38.598-0300][2265.309s][8748][8884 ][info][gc,heap     ] GC(126) y: Allocated:         -                20M (1%)           22M (1%)           54M (2%)     
[2026-06-26T18:12:38.598-0300][2265.309s][8748][8884 ][info][gc,heap     ] GC(126) y: Reclaimed:         -                  -                48M (2%)          850M (28%)    
[2026-06-26T18:12:38.598-0300][2265.309s][8748][8884 ][info][gc,heap     ] GC(126) y:  Promoted:         -                  -                 0M (0%)            0M (0%)     
[2026-06-26T18:12:38.598-0300][2265.309s][8748][8884 ][info][gc,heap     ] GC(126) y: Compacted:         -                  -                  -                57M (2%)     
[2026-06-26T18:12:38.598-0300][2265.309s][8748][8884 ][info][gc,phases   ] GC(126) y: Young Generation 2882M(94%)->2086M(68%) 0.198s
[2026-06-26T18:12:38.598-0300][2265.309s][8748][8884 ][info][gc          ] GC(126) Minor Collection (High Usage) 2882M(94%)->2086M(68%) 0.199s
[2026-06-26T18:13:03.306-0300][2290.017s][8748][8884 ][info][gc          ] GC(127) Minor Collection (High Usage)
[2026-06-26T18:13:03.306-0300][2290.017s][8748][8884 ][info][gc,task     ] GC(127) Using 1 Workers for Young Generation
[2026-06-26T18:13:03.306-0300][2290.017s][8748][8884 ][info][gc,phases   ] GC(127) y: Young Generation
[2026-06-26T18:13:03.306-0300][2290.017s][8748][16824][info][gc,phases   ] GC(127) y: Pause Mark Start 0.009ms
[2026-06-26T18:13:03.489-0300][2290.200s][8748][8884 ][info][gc,phases   ] GC(127) y: Concurrent Mark 182.944ms
[2026-06-26T18:13:03.489-0300][2290.200s][8748][16824][info][gc,phases   ] GC(127) y: Pause Mark End 0.013ms
[2026-06-26T18:13:03.489-0300][2290.200s][8748][8884 ][info][gc,phases   ] GC(127) y: Concurrent Mark Free 0.003ms
[2026-06-26T18:13:03.489-0300][2290.200s][8748][8884 ][info][gc,phases   ] GC(127) y: Concurrent Reset Relocation Set 0.018ms
[2026-06-26T18:13:03.489-0300][2290.200s][8748][8884 ][info][gc,reloc    ] GC(127) y: Using tenuring threshold: 1 (Computed)
[2026-06-26T18:13:03.521-0300][2290.231s][8748][8884 ][info][gc,phases   ] GC(127) y: Concurrent Select Relocation Set 31.415ms
[2026-06-26T18:13:03.521-0300][2290.232s][8748][16824][info][gc,phases   ] GC(127) y: Pause Relocate Start 0.009ms
[2026-06-26T18:13:03.596-0300][2290.307s][8748][8884 ][info][gc,phases   ] GC(127) y: Concurrent Relocate 75.419ms
[2026-06-26T18:13:03.596-0300][2290.307s][8748][8884 ][info][gc,alloc    ] GC(127) y:                         Mark Start        Mark End      Relocate Start    Relocate End   
[2026-06-26T18:13:03.596-0300][2290.307s][8748][8884 ][info][gc,alloc    ] GC(127) y: Allocation Stalls:          0                0                0                0         
[2026-06-26T18:13:03.596-0300][2290.307s][8748][8884 ][info][gc,load     ] GC(127) y: Load: 0.00 (0%) / 0.00 (0%) / 0.00 (0%)
[2026-06-26T18:13:03.596-0300][2290.307s][8748][8884 ][info][gc,mmu      ] GC(127) y: MMU: 2ms/44.2%, 5ms/77.7%, 10ms/88.8%, 20ms/94.4%, 50ms/94.8%, 100ms/97.4%
[2026-06-26T18:13:03.596-0300][2290.307s][8748][8884 ][info][gc,marking  ] GC(127) y: Mark: 1 stripe(s), 2 proactive flush(es), 1 terminate flush(es), 0 completion(s), 0 continuation(s) 
[2026-06-26T18:13:03.596-0300][2290.307s][8748][8884 ][info][gc,nmethod  ] GC(127) y: NMethods: 10963 registered, 0 unregistered
[2026-06-26T18:13:03.596-0300][2290.307s][8748][8884 ][info][gc,metaspace] GC(127) y: Metaspace: 81M used, 84M committed, 1152M reserved
[2026-06-26T18:13:03.596-0300][2290.307s][8748][8884 ][info][gc,reloc    ] GC(127) y:                        Candidates     Selected     In-Place         Size        Empty    Relocated 
[2026-06-26T18:13:03.596-0300][2290.307s][8748][8884 ][info][gc,reloc    ] GC(127) y: Small Pages:                  458          387            0         916M          80M           4M 
[2026-06-26T18:13:03.596-0300][2290.307s][8748][8884 ][info][gc,reloc    ] GC(127) y: Medium Pages:                   1            0            0          32M           0M           0M 
[2026-06-26T18:13:03.596-0300][2290.307s][8748][8884 ][info][gc,reloc    ] GC(127) y: Large Pages:                    0            0            0           0M           0M           0M 
[2026-06-26T18:13:03.596-0300][2290.307s][8748][8884 ][info][gc,reloc    ] GC(127) y: Forwarding Usage: 2M
[2026-06-26T18:13:03.596-0300][2290.307s][8748][8884 ][info][gc,reloc    ] GC(127) y: Age Table:
[2026-06-26T18:13:03.596-0300][2290.307s][8748][8884 ][info][gc,reloc    ] GC(127) y:                    Live             Garbage             Small              Medium             Large        
[2026-06-26T18:13:03.596-0300][2290.307s][8748][8884 ][info][gc,reloc    ] GC(127) y: Eden               1M (0%)          834M (27%)        418 / 380            0 / 0              0 / 0        
[2026-06-26T18:13:03.596-0300][2290.307s][8748][8884 ][info][gc,reloc    ] GC(127) y: Survivor 1        50M (2%)           47M (2%)          33 / 3              1 / 0              0 / 0        
[2026-06-26T18:13:03.597-0300][2290.307s][8748][8884 ][info][gc,reloc    ] GC(127) y: Survivor 2         4M (0%)            3M (0%)           4 / 2              0 / 0              0 / 0        
[2026-06-26T18:13:03.597-0300][2290.307s][8748][8884 ][info][gc,reloc    ] GC(127) y: Survivor 3         1M (0%)            2M (0%)           2 / 1              0 / 0              0 / 0        
[2026-06-26T18:13:03.597-0300][2290.307s][8748][8884 ][info][gc,reloc    ] GC(127) y: Survivor 4         0M (0%)            1M (0%)           1 / 1              0 / 0              0 / 0        
[2026-06-26T18:13:03.597-0300][2290.307s][8748][8884 ][info][gc,heap     ] GC(127) y: Min Capacity: 8M(0%)
[2026-06-26T18:13:03.597-0300][2290.307s][8748][8884 ][info][gc,heap     ] GC(127) y: Max Capacity: 3072M(100%)
[2026-06-26T18:13:03.597-0300][2290.307s][8748][8884 ][info][gc,heap     ] GC(127) y: Soft Max Capacity: 3072M(100%)
[2026-06-26T18:13:03.597-0300][2290.307s][8748][8884 ][info][gc,heap     ] GC(127) y: Heap Statistics:
[2026-06-26T18:13:03.597-0300][2290.307s][8748][8884 ][info][gc,heap     ] GC(127) y:                Mark Start          Mark End        Relocate Start      Relocate End           High               Low         
[2026-06-26T18:13:03.597-0300][2290.307s][8748][8884 ][info][gc,heap     ] GC(127) y:  Capacity:     2908M (95%)        2908M (95%)        2908M (95%)        2908M (95%)        2908M (95%)        2908M (95%)    
[2026-06-26T18:13:03.597-0300][2290.307s][8748][8884 ][info][gc,heap     ] GC(127) y:      Free:      190M (6%)          168M (5%)          246M (8%)         1012M (33%)        1012M (33%)         168M (5%)     
[2026-06-26T18:13:03.597-0300][2290.307s][8748][8884 ][info][gc,heap     ] GC(127) y:      Used:     2882M (94%)        2904M (95%)        2826M (92%)        2060M (67%)        2904M (95%)        2060M (67%)    
[2026-06-26T18:13:03.597-0300][2290.307s][8748][8884 ][info][gc,heap     ] GC(127) y: Young Generation Statistics:
[2026-06-26T18:13:03.597-0300][2290.307s][8748][8884 ][info][gc,heap     ] GC(127) y:                Mark Start          Mark End        Relocate Start      Relocate End    
[2026-06-26T18:13:03.597-0300][2290.307s][8748][8884 ][info][gc,heap     ] GC(127) y:      Used:      948M (31%)         970M (32%)         806M (26%)          30M (1%)     
[2026-06-26T18:13:03.597-0300][2290.307s][8748][8884 ][info][gc,heap     ] GC(127) y:      Live:         -                57M (2%)            6M (0%)            1M (0%)     
[2026-06-26T18:13:03.597-0300][2290.307s][8748][8884 ][info][gc,heap     ] GC(127) y:   Garbage:         -               890M (29%)         775M (25%)           0M (0%)     
[2026-06-26T18:13:03.597-0300][2290.308s][8748][8884 ][info][gc,heap     ] GC(127) y: Allocated:         -                22M (1%)           24M (1%)           28M (1%)     
[2026-06-26T18:13:03.597-0300][2290.308s][8748][8884 ][info][gc,heap     ] GC(127) y: Reclaimed:         -                  -               115M (4%)          890M (29%)    
[2026-06-26T18:13:03.597-0300][2290.308s][8748][8884 ][info][gc,heap     ] GC(127) y:  Promoted:         -                  -                50M (2%)           56M (2%)     
[2026-06-26T18:13:03.597-0300][2290.308s][8748][8884 ][info][gc,heap     ] GC(127) y: Compacted:         -                  -                  -                 1M (0%)     
[2026-06-26T18:13:03.597-0300][2290.308s][8748][8884 ][info][gc,phases   ] GC(127) y: Young Generation 2882M(94%)->2060M(67%) 0.290s
[2026-06-26T18:13:03.597-0300][2290.308s][8748][8884 ][info][gc          ] GC(127) Minor Collection (High Usage) 2882M(94%)->2060M(67%) 0.291s
[2026-06-26T18:13:29.088-0300][2315.799s][8748][8884 ][info][gc          ] GC(128) Minor Collection (High Usage)
[2026-06-26T18:13:29.088-0300][2315.799s][8748][8884 ][info][gc,task     ] GC(128) Using 1 Workers for Young Generation
[2026-06-26T18:13:29.088-0300][2315.799s][8748][8884 ][info][gc,phases   ] GC(128) y: Young Generation
[2026-06-26T18:13:29.088-0300][2315.799s][8748][16824][info][gc,phases   ] GC(128) y: Pause Mark Start 0.009ms
[2026-06-26T18:13:29.128-0300][2315.839s][8748][8884 ][info][gc,phases   ] GC(128) y: Concurrent Mark 40.050ms
[2026-06-26T18:13:29.128-0300][2315.839s][8748][16824][info][gc,phases   ] GC(128) y: Pause Mark End 0.013ms
[2026-06-26T18:13:29.128-0300][2315.839s][8748][8884 ][info][gc,phases   ] GC(128) y: Concurrent Mark Free 0.005ms
[2026-06-26T18:13:29.129-0300][2315.840s][8748][8884 ][info][gc,phases   ] GC(128) y: Concurrent Reset Relocation Set 0.340ms
[2026-06-26T18:13:29.129-0300][2315.840s][8748][8884 ][info][gc,reloc    ] GC(128) y: Using tenuring threshold: 2 (Computed)
[2026-06-26T18:13:29.129-0300][2315.840s][8748][8884 ][info][gc,phases   ] GC(128) y: Concurrent Select Relocation Set 0.374ms
[2026-06-26T18:13:29.129-0300][2315.840s][8748][16824][info][gc,phases   ] GC(128) y: Pause Relocate Start 0.006ms
[2026-06-26T18:13:29.136-0300][2315.847s][8748][8884 ][info][gc,phases   ] GC(128) y: Concurrent Relocate 6.788ms
[2026-06-26T18:13:29.136-0300][2315.847s][8748][8884 ][info][gc,alloc    ] GC(128) y:                         Mark Start        Mark End      Relocate Start    Relocate End   
[2026-06-26T18:13:29.136-0300][2315.847s][8748][8884 ][info][gc,alloc    ] GC(128) y: Allocation Stalls:          0                0                0                0         
[2026-06-26T18:13:29.136-0300][2315.847s][8748][8884 ][info][gc,load     ] GC(128) y: Load: 0.00 (0%) / 0.00 (0%) / 0.00 (0%)
[2026-06-26T18:13:29.136-0300][2315.847s][8748][8884 ][info][gc,mmu      ] GC(128) y: MMU: 2ms/44.2%, 5ms/77.7%, 10ms/88.8%, 20ms/94.4%, 50ms/94.8%, 100ms/97.4%
[2026-06-26T18:13:29.136-0300][2315.847s][8748][8884 ][info][gc,marking  ] GC(128) y: Mark: 1 stripe(s), 2 proactive flush(es), 1 terminate flush(es), 0 completion(s), 0 continuation(s) 
[2026-06-26T18:13:29.136-0300][2315.847s][8748][8884 ][info][gc,nmethod  ] GC(128) y: NMethods: 11002 registered, 0 unregistered
[2026-06-26T18:13:29.136-0300][2315.847s][8748][8884 ][info][gc,metaspace] GC(128) y: Metaspace: 81M used, 84M committed, 1152M reserved
[2026-06-26T18:13:29.136-0300][2315.847s][8748][8884 ][info][gc,reloc    ] GC(128) y:                        Candidates     Selected     In-Place         Size        Empty    Relocated 
[2026-06-26T18:13:29.136-0300][2315.847s][8748][8884 ][info][gc,reloc    ] GC(128) y: Small Pages:                  426          420            0         852M           8M           1M 
[2026-06-26T18:13:29.136-0300][2315.847s][8748][8884 ][info][gc,reloc    ] GC(128) y: Medium Pages:                   0            0            0           0M           0M           0M 
[2026-06-26T18:13:29.136-0300][2315.847s][8748][8884 ][info][gc,reloc    ] GC(128) y: Large Pages:                    0            0            0           0M           0M           0M 
[2026-06-26T18:13:29.136-0300][2315.847s][8748][8884 ][info][gc,reloc    ] GC(128) y: Forwarding Usage: 0M
[2026-06-26T18:13:29.136-0300][2315.847s][8748][8884 ][info][gc,reloc    ] GC(128) y: Age Table:
[2026-06-26T18:13:29.136-0300][2315.847s][8748][8884 ][info][gc,reloc    ] GC(128) y:                    Live             Garbage             Small              Medium             Large        
[2026-06-26T18:13:29.136-0300][2315.847s][8748][8884 ][info][gc,reloc    ] GC(128) y: Eden               1M (0%)          844M (27%)        423 / 419            0 / 0              0 / 0        
[2026-06-26T18:13:29.136-0300][2315.847s][8748][8884 ][info][gc,reloc    ] GC(128) y: Survivor 1         0M (0%)            5M (0%)           3 / 1              0 / 0              0 / 0        
[2026-06-26T18:13:29.136-0300][2315.847s][8748][8884 ][info][gc,heap     ] GC(128) y: Min Capacity: 8M(0%)
[2026-06-26T18:13:29.136-0300][2315.847s][8748][8884 ][info][gc,heap     ] GC(128) y: Max Capacity: 3072M(100%)
[2026-06-26T18:13:29.136-0300][2315.847s][8748][8884 ][info][gc,heap     ] GC(128) y: Soft Max Capacity: 3072M(100%)
[2026-06-26T18:13:29.136-0300][2315.847s][8748][8884 ][info][gc,heap     ] GC(128) y: Heap Statistics:
[2026-06-26T18:13:29.136-0300][2315.847s][8748][8884 ][info][gc,heap     ] GC(128) y:                Mark Start          Mark End        Relocate Start      Relocate End           High               Low         
[2026-06-26T18:13:29.136-0300][2315.847s][8748][8884 ][info][gc,heap     ] GC(128) y:  Capacity:     2908M (95%)        2908M (95%)        2908M (95%)        2908M (95%)        2908M (95%)        2908M (95%)    
[2026-06-26T18:13:29.136-0300][2315.847s][8748][8884 ][info][gc,heap     ] GC(128) y:      Free:      190M (6%)          172M (6%)          180M (6%)         1004M (33%)        1004M (33%)         172M (6%)     
[2026-06-26T18:13:29.136-0300][2315.847s][8748][8884 ][info][gc,heap     ] GC(128) y:      Used:     2882M (94%)        2900M (94%)        2892M (94%)        2068M (67%)        2900M (94%)        2068M (67%)    
[2026-06-26T18:13:29.136-0300][2315.847s][8748][8884 ][info][gc,heap     ] GC(128) y: Young Generation Statistics:
[2026-06-26T18:13:29.136-0300][2315.847s][8748][8884 ][info][gc,heap     ] GC(128) y:                Mark Start          Mark End        Relocate Start      Relocate End    
[2026-06-26T18:13:29.136-0300][2315.847s][8748][8884 ][info][gc,heap     ] GC(128) y:      Used:      852M (28%)         870M (28%)         862M (28%)          38M (1%)     
[2026-06-26T18:13:29.136-0300][2315.847s][8748][8884 ][info][gc,heap     ] GC(128) y:      Live:         -                 2M (0%)            2M (0%)            2M (0%)     
[2026-06-26T18:13:29.136-0300][2315.847s][8748][8884 ][info][gc,heap     ] GC(128) y:   Garbage:         -               849M (28%)         841M (27%)           1M (0%)     
[2026-06-26T18:13:29.136-0300][2315.847s][8748][8884 ][info][gc,heap     ] GC(128) y: Allocated:         -                18M (1%)           18M (1%)           34M (1%)     
[2026-06-26T18:13:29.136-0300][2315.847s][8748][8884 ][info][gc,heap     ] GC(128) y: Reclaimed:         -                  -                 8M (0%)          848M (28%)    
[2026-06-26T18:13:29.136-0300][2315.847s][8748][8884 ][info][gc,heap     ] GC(128) y:  Promoted:         -                  -                 0M (0%)            0M (0%)     
[2026-06-26T18:13:29.136-0300][2315.847s][8748][8884 ][info][gc,heap     ] GC(128) y: Compacted:         -                  -                  -                 1M (0%)     
[2026-06-26T18:13:29.136-0300][2315.847s][8748][8884 ][info][gc,phases   ] GC(128) y: Young Generation 2882M(94%)->2068M(67%) 0.048s
[2026-06-26T18:13:29.136-0300][2315.847s][8748][8884 ][info][gc          ] GC(128) Minor Collection (High Usage) 2882M(94%)->2068M(67%) 0.048s
[2026-06-26T18:13:50.982-0300][2337.692s][8748][8884 ][info][gc          ] GC(129) Minor Collection (High Usage)
[2026-06-26T18:13:50.982-0300][2337.692s][8748][8884 ][info][gc,task     ] GC(129) Using 1 Workers for Young Generation
[2026-06-26T18:13:50.982-0300][2337.692s][8748][8884 ][info][gc,phases   ] GC(129) y: Young Generation
[2026-06-26T18:13:50.982-0300][2337.692s][8748][16824][info][gc,phases   ] GC(129) y: Pause Mark Start 0.011ms
[2026-06-26T18:13:51.033-0300][2337.743s][8748][8884 ][info][gc,phases   ] GC(129) y: Concurrent Mark 50.920ms
[2026-06-26T18:13:51.033-0300][2337.744s][8748][16824][info][gc,phases   ] GC(129) y: Pause Mark End 0.015ms
[2026-06-26T18:13:51.033-0300][2337.744s][8748][8884 ][info][gc,phases   ] GC(129) y: Concurrent Mark Free 0.004ms
[2026-06-26T18:13:51.033-0300][2337.744s][8748][8884 ][info][gc,phases   ] GC(129) y: Concurrent Reset Relocation Set 0.018ms
[2026-06-26T18:13:51.033-0300][2337.744s][8748][8884 ][info][gc,reloc    ] GC(129) y: Using tenuring threshold: 3 (Computed)
[2026-06-26T18:13:51.033-0300][2337.744s][8748][8884 ][info][gc,phases   ] GC(129) y: Concurrent Select Relocation Set 0.656ms
[2026-06-26T18:13:51.033-0300][2337.744s][8748][16824][info][gc,phases   ] GC(129) y: Pause Relocate Start 0.009ms
[2026-06-26T18:13:51.040-0300][2337.752s][8748][8884 ][info][gc,phases   ] GC(129) y: Concurrent Relocate 7.586ms
[2026-06-26T18:13:51.040-0300][2337.752s][8748][8884 ][info][gc,alloc    ] GC(129) y:                         Mark Start        Mark End      Relocate Start    Relocate End   
[2026-06-26T18:13:51.040-0300][2337.752s][8748][8884 ][info][gc,alloc    ] GC(129) y: Allocation Stalls:          0                0                0                0         
[2026-06-26T18:13:51.040-0300][2337.752s][8748][8884 ][info][gc,load     ] GC(129) y: Load: 0.00 (0%) / 0.00 (0%) / 0.00 (0%)
[2026-06-26T18:13:51.040-0300][2337.752s][8748][8884 ][info][gc,mmu      ] GC(129) y: MMU: 2ms/44.2%, 5ms/77.7%, 10ms/88.8%, 20ms/94.4%, 50ms/94.8%, 100ms/97.4%
[2026-06-26T18:13:51.040-0300][2337.752s][8748][8884 ][info][gc,marking  ] GC(129) y: Mark: 1 stripe(s), 2 proactive flush(es), 1 terminate flush(es), 0 completion(s), 0 continuation(s) 
[2026-06-26T18:13:51.040-0300][2337.752s][8748][8884 ][info][gc,nmethod  ] GC(129) y: NMethods: 11063 registered, 0 unregistered
[2026-06-26T18:13:51.040-0300][2337.752s][8748][8884 ][info][gc,metaspace] GC(129) y: Metaspace: 81M used, 84M committed, 1152M reserved
[2026-06-26T18:13:51.040-0300][2337.752s][8748][8884 ][info][gc,reloc    ] GC(129) y:                        Candidates     Selected     In-Place         Size        Empty    Relocated 
[2026-06-26T18:13:51.040-0300][2337.752s][8748][8884 ][info][gc,reloc    ] GC(129) y: Small Pages:                  427          420            0         854M           8M           2M 
[2026-06-26T18:13:51.040-0300][2337.752s][8748][8884 ][info][gc,reloc    ] GC(129) y: Medium Pages:                   0            0            0           0M           0M           0M 
[2026-06-26T18:13:51.040-0300][2337.752s][8748][8884 ][info][gc,reloc    ] GC(129) y: Large Pages:                    0            0            0           0M           0M           0M 
[2026-06-26T18:13:51.040-0300][2337.752s][8748][8884 ][info][gc,reloc    ] GC(129) y: Forwarding Usage: 1M
[2026-06-26T18:13:51.040-0300][2337.752s][8748][8884 ][info][gc,reloc    ] GC(129) y: Age Table:
[2026-06-26T18:13:51.040-0300][2337.752s][8748][8884 ][info][gc,reloc    ] GC(129) y:                    Live             Garbage             Small              Medium             Large        
[2026-06-26T18:13:51.040-0300][2337.752s][8748][8884 ][info][gc,reloc    ] GC(129) y: Eden               2M (0%)          835M (27%)        419 / 418            0 / 0              0 / 0        
[2026-06-26T18:13:51.040-0300][2337.752s][8748][8884 ][info][gc,reloc    ] GC(129) y: Survivor 1         1M (0%)           10M (0%)           6 / 1              0 / 0              0 / 0        
[2026-06-26T18:13:51.040-0300][2337.752s][8748][8884 ][info][gc,reloc    ] GC(129) y: Survivor 2         0M (0%)            3M (0%)           2 / 1              0 / 0              0 / 0        
[2026-06-26T18:13:51.040-0300][2337.752s][8748][8884 ][info][gc,heap     ] GC(129) y: Min Capacity: 8M(0%)
[2026-06-26T18:13:51.040-0300][2337.752s][8748][8884 ][info][gc,heap     ] GC(129) y: Max Capacity: 3072M(100%)
[2026-06-26T18:13:51.040-0300][2337.752s][8748][8884 ][info][gc,heap     ] GC(129) y: Soft Max Capacity: 3072M(100%)
[2026-06-26T18:13:51.040-0300][2337.752s][8748][8884 ][info][gc,heap     ] GC(129) y: Heap Statistics:
[2026-06-26T18:13:51.040-0300][2337.752s][8748][8884 ][info][gc,heap     ] GC(129) y:                Mark Start          Mark End        Relocate Start      Relocate End           High               Low         
[2026-06-26T18:13:51.040-0300][2337.752s][8748][8884 ][info][gc,heap     ] GC(129) y:  Capacity:     2908M (95%)        2908M (95%)        2908M (95%)        2908M (95%)        2908M (95%)        2908M (95%)    
[2026-06-26T18:13:51.040-0300][2337.752s][8748][8884 ][info][gc,heap     ] GC(129) y:      Free:      188M (6%)          166M (5%)          174M (6%)         1008M (33%)        1008M (33%)         166M (5%)     
[2026-06-26T18:13:51.040-0300][2337.752s][8748][8884 ][info][gc,heap     ] GC(129) y:      Used:     2884M (94%)        2906M (95%)        2898M (94%)        2064M (67%)        2906M (95%)        2064M (67%)    
[2026-06-26T18:13:51.040-0300][2337.752s][8748][8884 ][info][gc,heap     ] GC(129) y: Young Generation Statistics:
[2026-06-26T18:13:51.040-0300][2337.752s][8748][8884 ][info][gc,heap     ] GC(129) y:                Mark Start          Mark End        Relocate Start      Relocate End    
[2026-06-26T18:13:51.040-0300][2337.752s][8748][8884 ][info][gc,heap     ] GC(129) y:      Used:      854M (28%)         876M (29%)         868M (28%)          34M (1%)     
[2026-06-26T18:13:51.040-0300][2337.752s][8748][8884 ][info][gc,heap     ] GC(129) y:      Live:         -                 4M (0%)            4M (0%)            4M (0%)     
[2026-06-26T18:13:51.040-0300][2337.752s][8748][8884 ][info][gc,heap     ] GC(129) y:   Garbage:         -               849M (28%)         841M (27%)           0M (0%)     
[2026-06-26T18:13:51.040-0300][2337.752s][8748][8884 ][info][gc,heap     ] GC(129) y: Allocated:         -                22M (1%)           22M (1%)           28M (1%)     
[2026-06-26T18:13:51.040-0300][2337.752s][8748][8884 ][info][gc,heap     ] GC(129) y: Reclaimed:         -                  -                 8M (0%)          848M (28%)    
[2026-06-26T18:13:51.040-0300][2337.752s][8748][8884 ][info][gc,heap     ] GC(129) y:  Promoted:         -                  -                 0M (0%)            0M (0%)     
[2026-06-26T18:13:51.040-0300][2337.752s][8748][8884 ][info][gc,heap     ] GC(129) y: Compacted:         -                  -                  -                 3M (0%)     
[2026-06-26T18:13:51.040-0300][2337.752s][8748][8884 ][info][gc,phases   ] GC(129) y: Young Generation 2884M(94%)->2064M(67%) 0.060s
[2026-06-26T18:13:51.040-0300][2337.752s][8748][8884 ][info][gc          ] GC(129) Minor Collection (High Usage) 2882M(94%)->2064M(67%) 0.060s
[2026-06-26T18:14:02.619-0300][2349.330s][8748][7584 ][info][gc          ] GC(130) Major Collection (Proactive)
[2026-06-26T18:14:02.619-0300][2349.330s][8748][7584 ][info][gc,task     ] GC(130) Using 1 Workers for Young Generation
[2026-06-26T18:14:02.619-0300][2349.330s][8748][7584 ][info][gc,task     ] GC(130) Using 1 Workers for Old Generation
[2026-06-26T18:14:02.619-0300][2349.330s][8748][7584 ][info][gc,phases   ] GC(130) Y: Young Generation
[2026-06-26T18:14:02.619-0300][2349.330s][8748][16824][info][gc,phases   ] GC(130) Y: Pause Mark Start (Major) 0.016ms
[2026-06-26T18:14:02.662-0300][2349.373s][8748][7584 ][info][gc,phases   ] GC(130) Y: Concurrent Mark 42.411ms
[2026-06-26T18:14:02.662-0300][2349.373s][8748][16824][info][gc,phases   ] GC(130) Y: Pause Mark End 0.014ms
[2026-06-26T18:14:02.662-0300][2349.373s][8748][7584 ][info][gc,phases   ] GC(130) Y: Concurrent Mark Free 0.002ms
[2026-06-26T18:14:02.662-0300][2349.373s][8748][7584 ][info][gc,phases   ] GC(130) Y: Concurrent Reset Relocation Set 0.013ms
[2026-06-26T18:14:02.662-0300][2349.373s][8748][7584 ][info][gc,reloc    ] GC(130) Y: Using tenuring threshold: 4 (Computed)
[2026-06-26T18:14:02.663-0300][2349.373s][8748][7584 ][info][gc,phases   ] GC(130) Y: Concurrent Select Relocation Set 0.686ms
[2026-06-26T18:14:02.663-0300][2349.374s][8748][16824][info][gc,phases   ] GC(130) Y: Pause Relocate Start 0.005ms
[2026-06-26T18:14:02.670-0300][2349.381s][8748][7584 ][info][gc,phases   ] GC(130) Y: Concurrent Relocate 7.338ms
[2026-06-26T18:14:02.670-0300][2349.381s][8748][7584 ][info][gc,alloc    ] GC(130) Y:                         Mark Start        Mark End      Relocate Start    Relocate End   
[2026-06-26T18:14:02.670-0300][2349.381s][8748][7584 ][info][gc,alloc    ] GC(130) Y: Allocation Stalls:          0                0                0                0         
[2026-06-26T18:14:02.670-0300][2349.381s][8748][7584 ][info][gc,load     ] GC(130) Y: Load: 0.00 (0%) / 0.00 (0%) / 0.00 (0%)
[2026-06-26T18:14:02.670-0300][2349.381s][8748][7584 ][info][gc,mmu      ] GC(130) Y: MMU: 2ms/44.2%, 5ms/77.7%, 10ms/88.8%, 20ms/94.4%, 50ms/94.8%, 100ms/97.4%
[2026-06-26T18:14:02.670-0300][2349.381s][8748][7584 ][info][gc,marking  ] GC(130) Y: Mark: 1 stripe(s), 2 proactive flush(es), 1 terminate flush(es), 0 completion(s), 0 continuation(s) 
[2026-06-26T18:14:02.670-0300][2349.381s][8748][7584 ][info][gc,nmethod  ] GC(130) Y: NMethods: 11223 registered, 0 unregistered
[2026-06-26T18:14:02.670-0300][2349.381s][8748][7584 ][info][gc,metaspace] GC(130) Y: Metaspace: 81M used, 84M committed, 1152M reserved
[2026-06-26T18:14:02.670-0300][2349.381s][8748][7584 ][info][gc,reloc    ] GC(130) Y:                        Candidates     Selected     In-Place         Size        Empty    Relocated 
[2026-06-26T18:14:02.670-0300][2349.381s][8748][7584 ][info][gc,reloc    ] GC(130) Y: Small Pages:                  209          196            0         418M          16M           4M 
[2026-06-26T18:14:02.670-0300][2349.381s][8748][7584 ][info][gc,reloc    ] GC(130) Y: Medium Pages:                   0            0            0           0M           0M           0M 
[2026-06-26T18:14:02.670-0300][2349.381s][8748][7584 ][info][gc,reloc    ] GC(130) Y: Large Pages:                    0            0            0           0M           0M           0M 
[2026-06-26T18:14:02.670-0300][2349.381s][8748][7584 ][info][gc,reloc    ] GC(130) Y: Forwarding Usage: 2M
[2026-06-26T18:14:02.670-0300][2349.381s][8748][7584 ][info][gc,reloc    ] GC(130) Y: Age Table:
[2026-06-26T18:14:02.670-0300][2349.381s][8748][7584 ][info][gc,reloc    ] GC(130) Y:                    Live             Garbage             Small              Medium             Large        
[2026-06-26T18:14:02.670-0300][2349.381s][8748][7584 ][info][gc,reloc    ] GC(130) Y: Eden               4M (0%)          401M (13%)        203 / 193            0 / 0              0 / 0        
[2026-06-26T18:14:02.670-0300][2349.381s][8748][7584 ][info][gc,reloc    ] GC(130) Y: Survivor 1         1M (0%)            4M (0%)           3 / 2              0 / 0              0 / 0        
[2026-06-26T18:14:02.670-0300][2349.381s][8748][7584 ][info][gc,reloc    ] GC(130) Y: Survivor 2         1M (0%)            2M (0%)           2 / 1              0 / 0              0 / 0        
[2026-06-26T18:14:02.670-0300][2349.381s][8748][7584 ][info][gc,reloc    ] GC(130) Y: Survivor 3         0M (0%)            1M (0%)           1 / 0              0 / 0              0 / 0        
[2026-06-26T18:14:02.670-0300][2349.381s][8748][7584 ][info][gc,heap     ] GC(130) Y: Min Capacity: 8M(0%)
[2026-06-26T18:14:02.670-0300][2349.381s][8748][7584 ][info][gc,heap     ] GC(130) Y: Max Capacity: 3072M(100%)
[2026-06-26T18:14:02.670-0300][2349.381s][8748][7584 ][info][gc,heap     ] GC(130) Y: Soft Max Capacity: 3072M(100%)
[2026-06-26T18:14:02.670-0300][2349.381s][8748][7584 ][info][gc,heap     ] GC(130) Y: Heap Statistics:
[2026-06-26T18:14:02.670-0300][2349.381s][8748][7584 ][info][gc,heap     ] GC(130) Y:                Mark Start          Mark End        Relocate Start      Relocate End           High               Low         
[2026-06-26T18:14:02.670-0300][2349.381s][8748][7584 ][info][gc,heap     ] GC(130) Y:  Capacity:     2908M (95%)        2908M (95%)        2908M (95%)        2908M (95%)        2908M (95%)        2908M (95%)    
[2026-06-26T18:14:02.670-0300][2349.381s][8748][7584 ][info][gc,heap     ] GC(130) Y:      Free:      624M (20%)         606M (20%)         622M (20%)        1004M (33%)        1004M (33%)         606M (20%)    
[2026-06-26T18:14:02.670-0300][2349.381s][8748][7584 ][info][gc,heap     ] GC(130) Y:      Used:     2448M (80%)        2466M (80%)        2450M (80%)        2068M (67%)        2466M (80%)        2068M (67%)    
[2026-06-26T18:14:02.670-0300][2349.381s][8748][7584 ][info][gc,heap     ] GC(130) Y: Young Generation Statistics:
[2026-06-26T18:14:02.670-0300][2349.381s][8748][7584 ][info][gc,heap     ] GC(130) Y:                Mark Start          Mark End        Relocate Start      Relocate End    
[2026-06-26T18:14:02.670-0300][2349.381s][8748][7584 ][info][gc,heap     ] GC(130) Y:      Used:      418M (14%)         436M (14%)         420M (14%)          38M (1%)     
[2026-06-26T18:14:02.670-0300][2349.381s][8748][7584 ][info][gc,heap     ] GC(130) Y:      Live:         -                 8M (0%)            8M (0%)            8M (0%)     
[2026-06-26T18:14:02.670-0300][2349.381s][8748][7584 ][info][gc,heap     ] GC(130) Y:   Garbage:         -               409M (13%)         393M (13%)           0M (0%)     
[2026-06-26T18:14:02.670-0300][2349.381s][8748][7584 ][info][gc,heap     ] GC(130) Y: Allocated:         -                18M (1%)           18M (1%)           29M (1%)     
[2026-06-26T18:14:02.670-0300][2349.381s][8748][7584 ][info][gc,heap     ] GC(130) Y: Reclaimed:         -                  -                16M (1%)          409M (13%)    
[2026-06-26T18:14:02.670-0300][2349.381s][8748][7584 ][info][gc,heap     ] GC(130) Y:  Promoted:         -                  -                 0M (0%)            0M (0%)     
[2026-06-26T18:14:02.670-0300][2349.381s][8748][7584 ][info][gc,heap     ] GC(130) Y: Compacted:         -                  -                  -                 6M (0%)     
[2026-06-26T18:14:02.670-0300][2349.381s][8748][7584 ][info][gc,phases   ] GC(130) Y: Young Generation 2448M(80%)->2068M(67%) 0.051s
[2026-06-26T18:14:02.670-0300][2349.381s][8748][7584 ][info][gc,phases   ] GC(130) O: Old Generation
[2026-06-26T18:14:05.900-0300][2352.610s][8748][7584 ][info][gc,phases   ] GC(130) O: Concurrent Mark 3229.047ms
[2026-06-26T18:14:05.900-0300][2352.610s][8748][16824][info][gc,phases   ] GC(130) O: Pause Mark End 0.019ms
[2026-06-26T18:14:05.900-0300][2352.611s][8748][7584 ][info][gc,phases   ] GC(130) O: Concurrent Mark Free 0.003ms
[2026-06-26T18:14:05.945-0300][2352.657s][8748][7584 ][info][gc,phases   ] GC(130) O: Concurrent Process Non-Strong 46.470ms
[2026-06-26T18:14:05.946-0300][2352.657s][8748][7584 ][info][gc,phases   ] GC(130) O: Concurrent Reset Relocation Set 0.003ms
[2026-06-26T18:14:05.950-0300][2352.661s][8748][7584 ][info][gc,phases   ] GC(130) O: Concurrent Select Relocation Set 4.345ms
[2026-06-26T18:14:05.950-0300][2352.662s][8748][7584 ][info][gc,task     ] GC(130) O: Using 2 Workers for Old Generation
[2026-06-26T18:14:05.958-0300][2352.669s][8748][7584 ][info][gc,task     ] GC(130) O: Using 1 Workers for Old Generation
[2026-06-26T18:14:05.958-0300][2352.669s][8748][7584 ][info][gc,phases   ] GC(130) O: Concurrent Remap Roots 7.599ms
[2026-06-26T18:14:05.958-0300][2352.669s][8748][16824][info][gc,phases   ] GC(130) O: Pause Relocate Start 0.010ms
[2026-06-26T18:14:06.028-0300][2352.740s][8748][7584 ][info][gc,phases   ] GC(130) O: Concurrent Relocate 70.317ms
[2026-06-26T18:14:06.028-0300][2352.740s][8748][7584 ][info][gc,alloc    ] GC(130) O:                         Mark Start        Mark End      Relocate Start    Relocate End   
[2026-06-26T18:14:06.028-0300][2352.740s][8748][7584 ][info][gc,alloc    ] GC(130) O: Allocation Stalls:          0                0                0                0         
[2026-06-26T18:14:06.028-0300][2352.740s][8748][7584 ][info][gc,load     ] GC(130) O: Load: 0.00 (0%) / 0.00 (0%) / 0.00 (0%)
[2026-06-26T18:14:06.028-0300][2352.740s][8748][7584 ][info][gc,mmu      ] GC(130) O: MMU: 2ms/44.2%, 5ms/77.7%, 10ms/88.8%, 20ms/94.4%, 50ms/94.8%, 100ms/97.4%
[2026-06-26T18:14:06.029-0300][2352.740s][8748][7584 ][info][gc,marking  ] GC(130) O: Mark: 1 stripe(s), 2 proactive flush(es), 1 terminate flush(es), 0 completion(s), 0 continuation(s) 
[2026-06-26T18:14:06.029-0300][2352.740s][8748][7584 ][info][gc,nmethod  ] GC(130) O: NMethods: 10012 registered, 1219 unregistered
[2026-06-26T18:14:06.029-0300][2352.740s][8748][7584 ][info][gc,metaspace] GC(130) O: Metaspace: 81M used, 84M committed, 1152M reserved
[2026-06-26T18:14:06.029-0300][2352.740s][8748][7584 ][info][gc,ref      ] GC(130) O:                       Encountered   Discovered     Enqueued 
[2026-06-26T18:14:06.029-0300][2352.740s][8748][7584 ][info][gc,ref      ] GC(130) O: Soft References:             3418          419            5 
[2026-06-26T18:14:06.029-0300][2352.740s][8748][7584 ][info][gc,ref      ] GC(130) O: Weak References:             6475         5572           16 
[2026-06-26T18:14:06.029-0300][2352.740s][8748][7584 ][info][gc,ref      ] GC(130) O: Final References:              16            0            0 
[2026-06-26T18:14:06.029-0300][2352.740s][8748][7584 ][info][gc,ref      ] GC(130) O: Phantom References:         42345        26395        18425 
[2026-06-26T18:14:06.029-0300][2352.740s][8748][7584 ][info][gc,reloc    ] GC(130) O:                        Candidates     Selected     In-Place         Size        Empty    Relocated 
[2026-06-26T18:14:06.029-0300][2352.740s][8748][7584 ][info][gc,reloc    ] GC(130) O: Small Pages:                  937           15            0        1874M           2M           9M 
[2026-06-26T18:14:06.029-0300][2352.740s][8748][7584 ][info][gc,reloc    ] GC(130) O: Medium Pages:                   3            1            0          96M           0M          23M 
[2026-06-26T18:14:06.029-0300][2352.740s][8748][7584 ][info][gc,reloc    ] GC(130) O: Large Pages:                    5            0            0          60M           0M           0M 
[2026-06-26T18:14:06.029-0300][2352.740s][8748][7584 ][info][gc,reloc    ] GC(130) O: Forwarding Usage: 20M
[2026-06-26T18:14:06.029-0300][2352.740s][8748][7584 ][info][gc,heap     ] GC(130) O: Min Capacity: 8M(0%)
[2026-06-26T18:14:06.029-0300][2352.740s][8748][7584 ][info][gc,heap     ] GC(130) O: Max Capacity: 3072M(100%)
[2026-06-26T18:14:06.029-0300][2352.740s][8748][7584 ][info][gc,heap     ] GC(130) O: Soft Max Capacity: 3072M(100%)
[2026-06-26T18:14:06.029-0300][2352.740s][8748][7584 ][info][gc,heap     ] GC(130) O: Heap Statistics:
[2026-06-26T18:14:06.029-0300][2352.740s][8748][7584 ][info][gc,heap     ] GC(130) O:                Mark Start          Mark End        Relocate Start      Relocate End           High               Low         
[2026-06-26T18:14:06.029-0300][2352.740s][8748][7584 ][info][gc,heap     ] GC(130) O:  Capacity:     2908M (95%)        2908M (95%)        2908M (95%)        2908M (95%)        2908M (95%)        2908M (95%)    
[2026-06-26T18:14:06.029-0300][2352.740s][8748][7584 ][info][gc,heap     ] GC(130) O:      Free:      624M (20%)         892M (29%)         892M (29%)         940M (31%)        1004M (33%)         606M (20%)    
[2026-06-26T18:14:06.029-0300][2352.740s][8748][7584 ][info][gc,heap     ] GC(130) O:      Used:     2448M (80%)        2180M (71%)        2180M (71%)        2132M (69%)        2466M (80%)        2068M (67%)    
[2026-06-26T18:14:06.029-0300][2352.740s][8748][7584 ][info][gc,heap     ] GC(130) O: Old Generation Statistics:
[2026-06-26T18:14:06.029-0300][2352.740s][8748][7584 ][info][gc,heap     ] GC(130) O:                Mark Start          Mark End        Relocate Start      Relocate End    
[2026-06-26T18:14:06.029-0300][2352.740s][8748][7584 ][info][gc,heap     ] GC(130) O:      Used:     2030M (66%)        2030M (66%)        2028M (66%)        1978M (64%)    
[2026-06-26T18:14:06.029-0300][2352.740s][8748][7584 ][info][gc,heap     ] GC(130) O:      Live:         -              1861M (61%)        1861M (61%)        1861M (61%)    
[2026-06-26T18:14:06.029-0300][2352.740s][8748][7584 ][info][gc,heap     ] GC(130) O:   Garbage:         -               168M (5%)          166M (5%)           88M (3%)     
[2026-06-26T18:14:06.029-0300][2352.740s][8748][7584 ][info][gc,heap     ] GC(130) O: Allocated:         -                 0M (0%)            0M (0%)           28M (1%)     
[2026-06-26T18:14:06.029-0300][2352.740s][8748][7584 ][info][gc,heap     ] GC(130) O: Reclaimed:         -                  -                 2M (0%)           80M (3%)     
[2026-06-26T18:14:06.029-0300][2352.740s][8748][7584 ][info][gc,heap     ] GC(130) O: Compacted:         -                  -                  -                79M (3%)     
[2026-06-26T18:14:06.029-0300][2352.740s][8748][7584 ][info][gc,phases   ] GC(130) O: Old Generation 2068M(67%)->2132M(69%) 3.358s
[2026-06-26T18:14:06.029-0300][2352.740s][8748][7584 ][info][gc          ] GC(130) Major Collection (Proactive) 2448M(80%)->2132M(69%) 3.410s
[2026-06-26T18:14:28.797-0300][2375.508s][8748][8884 ][info][gc          ] GC(131) Minor Collection (High Usage)
[2026-06-26T18:14:28.797-0300][2375.508s][8748][8884 ][info][gc,task     ] GC(131) Using 1 Workers for Young Generation
[2026-06-26T18:14:28.797-0300][2375.508s][8748][8884 ][info][gc,phases   ] GC(131) y: Young Generation
[2026-06-26T18:14:28.797-0300][2375.508s][8748][16824][info][gc,phases   ] GC(131) y: Pause Mark Start 0.010ms
[2026-06-26T18:14:28.866-0300][2375.577s][8748][8884 ][info][gc,phases   ] GC(131) y: Concurrent Mark 69.138ms
[2026-06-26T18:14:28.866-0300][2375.577s][8748][16824][info][gc,phases   ] GC(131) y: Pause Mark End 0.013ms
[2026-06-26T18:14:28.866-0300][2375.577s][8748][8884 ][info][gc,phases   ] GC(131) y: Concurrent Mark Free 0.002ms
[2026-06-26T18:14:28.866-0300][2375.577s][8748][8884 ][info][gc,phases   ] GC(131) y: Concurrent Reset Relocation Set 0.008ms
[2026-06-26T18:14:28.866-0300][2375.577s][8748][8884 ][info][gc,reloc    ] GC(131) y: Using tenuring threshold: 5 (Computed)
[2026-06-26T18:14:28.867-0300][2375.577s][8748][8884 ][info][gc,phases   ] GC(131) y: Concurrent Select Relocation Set 0.314ms
[2026-06-26T18:14:28.867-0300][2375.577s][8748][16824][info][gc,phases   ] GC(131) y: Pause Relocate Start 0.005ms
[2026-06-26T18:14:28.876-0300][2375.587s][8748][8884 ][info][gc,phases   ] GC(131) y: Concurrent Relocate 9.665ms
[2026-06-26T18:14:28.876-0300][2375.587s][8748][8884 ][info][gc,alloc    ] GC(131) y:                         Mark Start        Mark End      Relocate Start    Relocate End   
[2026-06-26T18:14:28.876-0300][2375.587s][8748][8884 ][info][gc,alloc    ] GC(131) y: Allocation Stalls:          0                0                0                0         
[2026-06-26T18:14:28.876-0300][2375.587s][8748][8884 ][info][gc,load     ] GC(131) y: Load: 0.00 (0%) / 0.00 (0%) / 0.00 (0%)
[2026-06-26T18:14:28.876-0300][2375.587s][8748][8884 ][info][gc,mmu      ] GC(131) y: MMU: 2ms/44.2%, 5ms/77.7%, 10ms/88.8%, 20ms/94.4%, 50ms/94.8%, 100ms/97.4%
[2026-06-26T18:14:28.876-0300][2375.587s][8748][8884 ][info][gc,marking  ] GC(131) y: Mark: 1 stripe(s), 2 proactive flush(es), 1 terminate flush(es), 0 completion(s), 0 continuation(s) 
[2026-06-26T18:14:28.876-0300][2375.587s][8748][8884 ][info][gc,nmethod  ] GC(131) y: NMethods: 10258 registered, 1219 unregistered
[2026-06-26T18:14:28.876-0300][2375.587s][8748][8884 ][info][gc,metaspace] GC(131) y: Metaspace: 81M used, 84M committed, 1152M reserved
[2026-06-26T18:14:28.876-0300][2375.587s][8748][8884 ][info][gc,reloc    ] GC(131) y:                        Candidates     Selected     In-Place         Size        Empty    Relocated 
[2026-06-26T18:14:28.876-0300][2375.587s][8748][8884 ][info][gc,reloc    ] GC(131) y: Small Pages:                  452          423            0         904M          46M           3M 
[2026-06-26T18:14:28.876-0300][2375.587s][8748][8884 ][info][gc,reloc    ] GC(131) y: Medium Pages:                   0            0            0           0M           0M           0M 
[2026-06-26T18:14:28.876-0300][2375.587s][8748][8884 ][info][gc,reloc    ] GC(131) y: Large Pages:                    0            0            0           0M           0M           0M 
[2026-06-26T18:14:28.876-0300][2375.587s][8748][8884 ][info][gc,reloc    ] GC(131) y: Forwarding Usage: 2M
[2026-06-26T18:14:28.876-0300][2375.587s][8748][8884 ][info][gc,reloc    ] GC(131) y: Age Table:
[2026-06-26T18:14:28.876-0300][2375.587s][8748][8884 ][info][gc,reloc    ] GC(131) y:                    Live             Garbage             Small              Medium             Large        
[2026-06-26T18:14:28.877-0300][2375.587s][8748][8884 ][info][gc,reloc    ] GC(131) y: Eden               2M (0%)          883M (29%)        443 / 418            0 / 0              0 / 0        
[2026-06-26T18:14:28.877-0300][2375.587s][8748][8884 ][info][gc,reloc    ] GC(131) y: Survivor 1         3M (0%)            4M (0%)           4 / 2              0 / 0              0 / 0        
[2026-06-26T18:14:28.877-0300][2375.587s][8748][8884 ][info][gc,reloc    ] GC(131) y: Survivor 2         1M (0%)            2M (0%)           2 / 1              0 / 0              0 / 0        
[2026-06-26T18:14:28.877-0300][2375.587s][8748][8884 ][info][gc,reloc    ] GC(131) y: Survivor 3         1M (0%)            2M (0%)           2 / 2              0 / 0              0 / 0        
[2026-06-26T18:14:28.877-0300][2375.587s][8748][8884 ][info][gc,reloc    ] GC(131) y: Survivor 4         0M (0%)            1M (0%)           1 / 0              0 / 0              0 / 0        
[2026-06-26T18:14:28.877-0300][2375.587s][8748][8884 ][info][gc,heap     ] GC(131) y: Min Capacity: 8M(0%)
[2026-06-26T18:14:28.877-0300][2375.587s][8748][8884 ][info][gc,heap     ] GC(131) y: Max Capacity: 3072M(100%)
[2026-06-26T18:14:28.877-0300][2375.587s][8748][8884 ][info][gc,heap     ] GC(131) y: Soft Max Capacity: 3072M(100%)
[2026-06-26T18:14:28.877-0300][2375.587s][8748][8884 ][info][gc,heap     ] GC(131) y: Heap Statistics:
[2026-06-26T18:14:28.877-0300][2375.587s][8748][8884 ][info][gc,heap     ] GC(131) y:                Mark Start          Mark End        Relocate Start      Relocate End           High               Low         
[2026-06-26T18:14:28.877-0300][2375.587s][8748][8884 ][info][gc,heap     ] GC(131) y:  Capacity:     2908M (95%)        2908M (95%)        2908M (95%)        2908M (95%)        2908M (95%)        2908M (95%)    
[2026-06-26T18:14:28.877-0300][2375.587s][8748][8884 ][info][gc,heap     ] GC(131) y:      Free:      190M (6%)          168M (5%)          214M (7%)         1042M (34%)        1042M (34%)         168M (5%)     
[2026-06-26T18:14:28.877-0300][2375.587s][8748][8884 ][info][gc,heap     ] GC(131) y:      Used:     2882M (94%)        2904M (95%)        2858M (93%)        2030M (66%)        2904M (95%)        2030M (66%)    
[2026-06-26T18:14:28.877-0300][2375.587s][8748][8884 ][info][gc,heap     ] GC(131) y: Young Generation Statistics:
[2026-06-26T18:14:28.877-0300][2375.587s][8748][8884 ][info][gc,heap     ] GC(131) y:                Mark Start          Mark End        Relocate Start      Relocate End    
[2026-06-26T18:14:28.877-0300][2375.587s][8748][8884 ][info][gc,heap     ] GC(131) y:      Used:      904M (29%)         926M (30%)         880M (29%)          52M (2%)     
[2026-06-26T18:14:28.877-0300][2375.587s][8748][8884 ][info][gc,heap     ] GC(131) y:      Live:         -                10M (0%)           10M (0%)           10M (0%)     
[2026-06-26T18:14:28.877-0300][2375.587s][8748][8884 ][info][gc,heap     ] GC(131) y:   Garbage:         -               893M (29%)         847M (28%)           0M (0%)     
[2026-06-26T18:14:28.877-0300][2375.587s][8748][8884 ][info][gc,heap     ] GC(131) y: Allocated:         -                22M (1%)           22M (1%)           40M (1%)     
[2026-06-26T18:14:28.877-0300][2375.588s][8748][8884 ][info][gc,heap     ] GC(131) y: Reclaimed:         -                  -                46M (1%)          892M (29%)    
[2026-06-26T18:14:28.877-0300][2375.588s][8748][8884 ][info][gc,heap     ] GC(131) y:  Promoted:         -                  -                 0M (0%)            0M (0%)     
[2026-06-26T18:14:28.877-0300][2375.588s][8748][8884 ][info][gc,heap     ] GC(131) y: Compacted:         -                  -                  -                 5M (0%)     
[2026-06-26T18:14:28.877-0300][2375.588s][8748][8884 ][info][gc,phases   ] GC(131) y: Young Generation 2882M(94%)->2030M(66%) 0.079s
[2026-06-26T18:14:28.877-0300][2375.588s][8748][8884 ][info][gc          ] GC(131) Minor Collection (High Usage) 2882M(94%)->2030M(66%) 0.080s
[2026-06-26T18:14:51.085-0300][2397.796s][8748][8884 ][info][gc          ] GC(132) Minor Collection (High Usage)
[2026-06-26T18:14:51.085-0300][2397.796s][8748][8884 ][info][gc,task     ] GC(132) Using 1 Workers for Young Generation
[2026-06-26T18:14:51.085-0300][2397.796s][8748][8884 ][info][gc,phases   ] GC(132) y: Young Generation
[2026-06-26T18:14:51.085-0300][2397.796s][8748][16824][info][gc,phases   ] GC(132) y: Pause Mark Start 0.012ms
[2026-06-26T18:14:51.132-0300][2397.844s][8748][8884 ][info][gc,phases   ] GC(132) y: Concurrent Mark 47.866ms
[2026-06-26T18:14:51.132-0300][2397.844s][8748][16824][info][gc,phases   ] GC(132) y: Pause Mark End 0.013ms
[2026-06-26T18:14:51.132-0300][2397.844s][8748][8884 ][info][gc,phases   ] GC(132) y: Concurrent Mark Free 0.002ms
[2026-06-26T18:14:51.132-0300][2397.844s][8748][8884 ][info][gc,phases   ] GC(132) y: Concurrent Reset Relocation Set 0.014ms
[2026-06-26T18:14:51.133-0300][2397.844s][8748][8884 ][info][gc,reloc    ] GC(132) y: Using tenuring threshold: 3 (Computed)
[2026-06-26T18:14:51.135-0300][2397.846s][8748][8884 ][info][gc,phases   ] GC(132) y: Concurrent Select Relocation Set 2.348ms
[2026-06-26T18:14:51.135-0300][2397.846s][8748][16824][info][gc,phases   ] GC(132) y: Pause Relocate Start 0.010ms
[2026-06-26T18:14:51.142-0300][2397.853s][8748][8884 ][info][gc,phases   ] GC(132) y: Concurrent Relocate 6.815ms
[2026-06-26T18:14:51.142-0300][2397.853s][8748][8884 ][info][gc,alloc    ] GC(132) y:                         Mark Start        Mark End      Relocate Start    Relocate End   
[2026-06-26T18:14:51.142-0300][2397.853s][8748][8884 ][info][gc,alloc    ] GC(132) y: Allocation Stalls:          0                0                0                0         
[2026-06-26T18:14:51.142-0300][2397.853s][8748][8884 ][info][gc,load     ] GC(132) y: Load: 0.00 (0%) / 0.00 (0%) / 0.00 (0%)
[2026-06-26T18:14:51.142-0300][2397.853s][8748][8884 ][info][gc,mmu      ] GC(132) y: MMU: 2ms/44.2%, 5ms/77.7%, 10ms/88.8%, 20ms/94.4%, 50ms/94.8%, 100ms/97.4%
[2026-06-26T18:14:51.142-0300][2397.853s][8748][8884 ][info][gc,marking  ] GC(132) y: Mark: 1 stripe(s), 2 proactive flush(es), 1 terminate flush(es), 0 completion(s), 0 continuation(s) 
[2026-06-26T18:14:51.142-0300][2397.853s][8748][8884 ][info][gc,nmethod  ] GC(132) y: NMethods: 10285 registered, 1219 unregistered
[2026-06-26T18:14:51.142-0300][2397.853s][8748][8884 ][info][gc,metaspace] GC(132) y: Metaspace: 81M used, 84M committed, 1152M reserved
[2026-06-26T18:14:51.142-0300][2397.853s][8748][8884 ][info][gc,reloc    ] GC(132) y:                        Candidates     Selected     In-Place         Size        Empty    Relocated 
[2026-06-26T18:14:51.142-0300][2397.853s][8748][8884 ][info][gc,reloc    ] GC(132) y: Small Pages:                  452           54            0         904M         784M           2M 
[2026-06-26T18:14:51.142-0300][2397.854s][8748][8884 ][info][gc,reloc    ] GC(132) y: Medium Pages:                   0            0            0           0M           0M           0M 
[2026-06-26T18:14:51.142-0300][2397.854s][8748][8884 ][info][gc,reloc    ] GC(132) y: Large Pages:                    0            0            0           0M           0M           0M 
[2026-06-26T18:14:51.142-0300][2397.854s][8748][8884 ][info][gc,reloc    ] GC(132) y: Forwarding Usage: 1M
[2026-06-26T18:14:51.142-0300][2397.854s][8748][8884 ][info][gc,reloc    ] GC(132) y: Age Table:
[2026-06-26T18:14:51.142-0300][2397.854s][8748][8884 ][info][gc,reloc    ] GC(132) y:                    Live             Garbage             Small              Medium             Large        
[2026-06-26T18:14:51.142-0300][2397.854s][8748][8884 ][info][gc,reloc    ] GC(132) y: Eden               0M (0%)          873M (28%)        437 / 45             0 / 0              0 / 0        
[2026-06-26T18:14:51.142-0300][2397.854s][8748][8884 ][info][gc,reloc    ] GC(132) y: Survivor 1         2M (0%)            9M (0%)           6 / 4              0 / 0              0 / 0        
[2026-06-26T18:14:51.142-0300][2397.854s][8748][8884 ][info][gc,reloc    ] GC(132) y: Survivor 2         3M (0%)            2M (0%)           3 / 1              0 / 0              0 / 0        
[2026-06-26T18:14:51.142-0300][2397.854s][8748][8884 ][info][gc,reloc    ] GC(132) y: Survivor 3         1M (0%)            4M (0%)           3 / 2              0 / 0              0 / 0        
[2026-06-26T18:14:51.142-0300][2397.854s][8748][8884 ][info][gc,reloc    ] GC(132) y: Survivor 4         1M (0%)            2M (0%)           2 / 2              0 / 0              0 / 0        
[2026-06-26T18:14:51.142-0300][2397.854s][8748][8884 ][info][gc,reloc    ] GC(132) y: Survivor 5         0M (0%)            1M (0%)           1 / 0              0 / 0              0 / 0        
[2026-06-26T18:14:51.142-0300][2397.854s][8748][8884 ][info][gc,heap     ] GC(132) y: Min Capacity: 8M(0%)
[2026-06-26T18:14:51.142-0300][2397.854s][8748][8884 ][info][gc,heap     ] GC(132) y: Max Capacity: 3072M(100%)
[2026-06-26T18:14:51.142-0300][2397.854s][8748][8884 ][info][gc,heap     ] GC(132) y: Soft Max Capacity: 3072M(100%)
[2026-06-26T18:14:51.142-0300][2397.854s][8748][8884 ][info][gc,heap     ] GC(132) y: Heap Statistics:
[2026-06-26T18:14:51.142-0300][2397.854s][8748][8884 ][info][gc,heap     ] GC(132) y:                Mark Start          Mark End        Relocate Start      Relocate End           High               Low         
[2026-06-26T18:14:51.142-0300][2397.854s][8748][8884 ][info][gc,heap     ] GC(132) y:  Capacity:     2908M (95%)        2908M (95%)        2908M (95%)        2908M (95%)        2908M (95%)        2908M (95%)    
[2026-06-26T18:14:51.142-0300][2397.854s][8748][8884 ][info][gc,heap     ] GC(132) y:      Free:      190M (6%)          172M (6%)          956M (31%)        1058M (34%)        1058M (34%)         172M (6%)     
[2026-06-26T18:14:51.142-0300][2397.854s][8748][8884 ][info][gc,heap     ] GC(132) y:      Used:     2882M (94%)        2900M (94%)        2116M (69%)        2014M (66%)        2900M (94%)        2014M (66%)    
[2026-06-26T18:14:51.142-0300][2397.854s][8748][8884 ][info][gc,heap     ] GC(132) y: Young Generation Statistics:
[2026-06-26T18:14:51.142-0300][2397.854s][8748][8884 ][info][gc,heap     ] GC(132) y:                Mark Start          Mark End        Relocate Start      Relocate End    
[2026-06-26T18:14:51.142-0300][2397.854s][8748][8884 ][info][gc,heap     ] GC(132) y:      Used:      904M (29%)         922M (30%)         136M (4%)           30M (1%)     
[2026-06-26T18:14:51.142-0300][2397.854s][8748][8884 ][info][gc,heap     ] GC(132) y:      Live:         -                10M (0%)            8M (0%)            6M (0%)     
[2026-06-26T18:14:51.142-0300][2397.854s][8748][8884 ][info][gc,heap     ] GC(132) y:   Garbage:         -               893M (29%)         109M (4%)            0M (0%)     
[2026-06-26T18:14:51.142-0300][2397.854s][8748][8884 ][info][gc,heap     ] GC(132) y: Allocated:         -                18M (1%)           18M (1%)           22M (1%)     
[2026-06-26T18:14:51.142-0300][2397.854s][8748][8884 ][info][gc,heap     ] GC(132) y: Reclaimed:         -                  -               784M (26%)         892M (29%)    
[2026-06-26T18:14:51.142-0300][2397.854s][8748][8884 ][info][gc,heap     ] GC(132) y:  Promoted:         -                  -                 1M (0%)            3M (0%)     
[2026-06-26T18:14:51.142-0300][2397.854s][8748][8884 ][info][gc,heap     ] GC(132) y: Compacted:         -                  -                  -                 1M (0%)     
[2026-06-26T18:14:51.142-0300][2397.854s][8748][8884 ][info][gc,phases   ] GC(132) y: Young Generation 2882M(94%)->2014M(66%) 0.058s
[2026-06-26T18:14:51.142-0300][2397.854s][8748][8884 ][info][gc          ] GC(132) Minor Collection (High Usage) 2882M(94%)->2014M(66%) 0.058s
[2026-06-26T18:15:11.819-0300][2418.530s][8748][8884 ][info][gc          ] GC(133) Minor Collection (High Usage)
[2026-06-26T18:15:11.819-0300][2418.530s][8748][8884 ][info][gc,task     ] GC(133) Using 1 Workers for Young Generation
[2026-06-26T18:15:11.819-0300][2418.530s][8748][8884 ][info][gc,phases   ] GC(133) y: Young Generation
[2026-06-26T18:15:11.819-0300][2418.530s][8748][16824][info][gc,phases   ] GC(133) y: Pause Mark Start 0.009ms
[2026-06-26T18:15:11.874-0300][2418.586s][8748][8884 ][info][gc,phases   ] GC(133) y: Concurrent Mark 55.627ms
[2026-06-26T18:15:11.874-0300][2418.586s][8748][16824][info][gc,phases   ] GC(133) y: Pause Mark End 0.014ms
[2026-06-26T18:15:11.875-0300][2418.586s][8748][8884 ][info][gc,phases   ] GC(133) y: Concurrent Mark Free 0.003ms
[2026-06-26T18:15:11.875-0300][2418.586s][8748][8884 ][info][gc,phases   ] GC(133) y: Concurrent Reset Relocation Set 0.148ms
[2026-06-26T18:15:11.875-0300][2418.586s][8748][8884 ][info][gc,reloc    ] GC(133) y: Using tenuring threshold: 1 (Computed)
[2026-06-26T18:15:11.879-0300][2418.590s][8748][8884 ][info][gc,phases   ] GC(133) y: Concurrent Select Relocation Set 3.446ms
[2026-06-26T18:15:11.879-0300][2418.590s][8748][16824][info][gc,phases   ] GC(133) y: Pause Relocate Start 0.009ms
[2026-06-26T18:15:11.888-0300][2418.599s][8748][8884 ][info][gc,phases   ] GC(133) y: Concurrent Relocate 9.605ms
[2026-06-26T18:15:11.888-0300][2418.599s][8748][8884 ][info][gc,alloc    ] GC(133) y:                         Mark Start        Mark End      Relocate Start    Relocate End   
[2026-06-26T18:15:11.888-0300][2418.599s][8748][8884 ][info][gc,alloc    ] GC(133) y: Allocation Stalls:          0                0                0                0         
[2026-06-26T18:15:11.888-0300][2418.599s][8748][8884 ][info][gc,load     ] GC(133) y: Load: 0.00 (0%) / 0.00 (0%) / 0.00 (0%)
[2026-06-26T18:15:11.888-0300][2418.599s][8748][8884 ][info][gc,mmu      ] GC(133) y: MMU: 2ms/44.2%, 5ms/77.7%, 10ms/88.8%, 20ms/94.4%, 50ms/94.8%, 100ms/97.4%
[2026-06-26T18:15:11.888-0300][2418.599s][8748][8884 ][info][gc,marking  ] GC(133) y: Mark: 1 stripe(s), 2 proactive flush(es), 1 terminate flush(es), 0 completion(s), 0 continuation(s) 
[2026-06-26T18:15:11.888-0300][2418.599s][8748][8884 ][info][gc,nmethod  ] GC(133) y: NMethods: 10300 registered, 1219 unregistered
[2026-06-26T18:15:11.888-0300][2418.599s][8748][8884 ][info][gc,metaspace] GC(133) y: Metaspace: 81M used, 84M committed, 1152M reserved
[2026-06-26T18:15:11.888-0300][2418.599s][8748][8884 ][info][gc,reloc    ] GC(133) y:                        Candidates     Selected     In-Place         Size        Empty    Relocated 
[2026-06-26T18:15:11.888-0300][2418.599s][8748][8884 ][info][gc,reloc    ] GC(133) y: Small Pages:                  449          100            0         898M         690M           2M 
[2026-06-26T18:15:11.888-0300][2418.599s][8748][8884 ][info][gc,reloc    ] GC(133) y: Medium Pages:                   0            0            0           0M           0M           0M 
[2026-06-26T18:15:11.888-0300][2418.599s][8748][8884 ][info][gc,reloc    ] GC(133) y: Large Pages:                    0            0            0           0M           0M           0M 
[2026-06-26T18:15:11.888-0300][2418.599s][8748][8884 ][info][gc,reloc    ] GC(133) y: Forwarding Usage: 1M
[2026-06-26T18:15:11.888-0300][2418.599s][8748][8884 ][info][gc,reloc    ] GC(133) y: Age Table:
[2026-06-26T18:15:11.888-0300][2418.599s][8748][8884 ][info][gc,reloc    ] GC(133) y:                    Live             Garbage             Small              Medium             Large        
[2026-06-26T18:15:11.888-0300][2418.599s][8748][8884 ][info][gc,reloc    ] GC(133) y: Eden               1M (0%)          884M (29%)        443 / 96             0 / 0              0 / 0        
[2026-06-26T18:15:11.888-0300][2418.599s][8748][8884 ][info][gc,reloc    ] GC(133) y: Survivor 1         0M (0%)            1M (0%)           1 / 1              0 / 0              0 / 0        
[2026-06-26T18:15:11.888-0300][2418.600s][8748][8884 ][info][gc,reloc    ] GC(133) y: Survivor 2         1M (0%)            2M (0%)           2 / 2              0 / 0              0 / 0        
[2026-06-26T18:15:11.888-0300][2418.600s][8748][8884 ][info][gc,reloc    ] GC(133) y: Survivor 3         3M (0%)            2M (0%)           3 / 1              0 / 0              0 / 0        
[2026-06-26T18:15:11.888-0300][2418.600s][8748][8884 ][info][gc,heap     ] GC(133) y: Min Capacity: 8M(0%)
[2026-06-26T18:15:11.888-0300][2418.600s][8748][8884 ][info][gc,heap     ] GC(133) y: Max Capacity: 3072M(100%)
[2026-06-26T18:15:11.888-0300][2418.600s][8748][8884 ][info][gc,heap     ] GC(133) y: Soft Max Capacity: 3072M(100%)
[2026-06-26T18:15:11.888-0300][2418.600s][8748][8884 ][info][gc,heap     ] GC(133) y: Heap Statistics:
[2026-06-26T18:15:11.888-0300][2418.600s][8748][8884 ][info][gc,heap     ] GC(133) y:                Mark Start          Mark End        Relocate Start      Relocate End           High               Low         
[2026-06-26T18:15:11.889-0300][2418.600s][8748][8884 ][info][gc,heap     ] GC(133) y:  Capacity:     2908M (95%)        2908M (95%)        2908M (95%)        2908M (95%)        2908M (95%)        2908M (95%)    
[2026-06-26T18:15:11.889-0300][2418.600s][8748][8884 ][info][gc,heap     ] GC(133) y:      Free:      190M (6%)          172M (6%)          862M (28%)        1058M (34%)        1058M (34%)         172M (6%)     
[2026-06-26T18:15:11.889-0300][2418.600s][8748][8884 ][info][gc,heap     ] GC(133) y:      Used:     2882M (94%)        2900M (94%)        2210M (72%)        2014M (66%)        2900M (94%)        2014M (66%)    
[2026-06-26T18:15:11.889-0300][2418.600s][8748][8884 ][info][gc,heap     ] GC(133) y: Young Generation Statistics:
[2026-06-26T18:15:11.889-0300][2418.600s][8748][8884 ][info][gc,heap     ] GC(133) y:                Mark Start          Mark End        Relocate Start      Relocate End    
[2026-06-26T18:15:11.889-0300][2418.600s][8748][8884 ][info][gc,heap     ] GC(133) y:      Used:      898M (29%)         916M (30%)         222M (7%)           22M (1%)     
[2026-06-26T18:15:11.889-0300][2418.600s][8748][8884 ][info][gc,heap     ] GC(133) y:      Live:         -                 7M (0%)            3M (0%)            1M (0%)     
[2026-06-26T18:15:11.889-0300][2418.600s][8748][8884 ][info][gc,heap     ] GC(133) y:   Garbage:         -               890M (29%)         200M (7%)            0M (0%)     
[2026-06-26T18:15:11.889-0300][2418.600s][8748][8884 ][info][gc,heap     ] GC(133) y: Allocated:         -                18M (1%)           18M (1%)           20M (1%)     
[2026-06-26T18:15:11.889-0300][2418.600s][8748][8884 ][info][gc,heap     ] GC(133) y: Reclaimed:         -                  -               690M (22%)         890M (29%)    
[2026-06-26T18:15:11.889-0300][2418.600s][8748][8884 ][info][gc,heap     ] GC(133) y:  Promoted:         -                  -                 3M (0%)            5M (0%)     
[2026-06-26T18:15:11.889-0300][2418.600s][8748][8884 ][info][gc,heap     ] GC(133) y: Compacted:         -                  -                  -                 1M (0%)     
[2026-06-26T18:15:11.889-0300][2418.600s][8748][8884 ][info][gc,phases   ] GC(133) y: Young Generation 2882M(94%)->2014M(66%) 0.069s
[2026-06-26T18:15:11.889-0300][2418.600s][8748][8884 ][info][gc          ] GC(133) Minor Collection (High Usage) 2882M(94%)->2014M(66%) 0.070s
[2026-06-26T18:15:34.530-0300][2441.241s][8748][8884 ][info][gc          ] GC(134) Minor Collection (High Usage)
[2026-06-26T18:15:34.530-0300][2441.241s][8748][8884 ][info][gc,task     ] GC(134) Using 1 Workers for Young Generation
[2026-06-26T18:15:34.530-0300][2441.241s][8748][8884 ][info][gc,phases   ] GC(134) y: Young Generation
[2026-06-26T18:15:34.530-0300][2441.241s][8748][16824][info][gc,phases   ] GC(134) y: Pause Mark Start 0.012ms
[2026-06-26T18:15:34.584-0300][2441.295s][8748][8884 ][info][gc,phases   ] GC(134) y: Concurrent Mark 53.575ms
[2026-06-26T18:15:34.584-0300][2441.295s][8748][16824][info][gc,phases   ] GC(134) y: Pause Mark End 0.013ms
[2026-06-26T18:15:34.584-0300][2441.295s][8748][8884 ][info][gc,phases   ] GC(134) y: Concurrent Mark Free 0.005ms
[2026-06-26T18:15:34.584-0300][2441.295s][8748][8884 ][info][gc,phases   ] GC(134) y: Concurrent Reset Relocation Set 0.149ms
[2026-06-26T18:15:34.584-0300][2441.295s][8748][8884 ][info][gc,reloc    ] GC(134) y: Using tenuring threshold: 2 (Computed)
[2026-06-26T18:15:34.584-0300][2441.296s][8748][8884 ][info][gc,phases   ] GC(134) y: Concurrent Select Relocation Set 0.457ms
[2026-06-26T18:15:34.585-0300][2441.296s][8748][16824][info][gc,phases   ] GC(134) y: Pause Relocate Start 0.005ms
[2026-06-26T18:15:34.589-0300][2441.300s][8748][8884 ][info][gc,phases   ] GC(134) y: Concurrent Relocate 3.965ms
[2026-06-26T18:15:34.589-0300][2441.300s][8748][8884 ][info][gc,alloc    ] GC(134) y:                         Mark Start        Mark End      Relocate Start    Relocate End   
[2026-06-26T18:15:34.589-0300][2441.300s][8748][8884 ][info][gc,alloc    ] GC(134) y: Allocation Stalls:          0                0                0                0         
[2026-06-26T18:15:34.589-0300][2441.300s][8748][8884 ][info][gc,load     ] GC(134) y: Load: 0.00 (0%) / 0.00 (0%) / 0.00 (0%)
[2026-06-26T18:15:34.589-0300][2441.300s][8748][8884 ][info][gc,mmu      ] GC(134) y: MMU: 2ms/44.2%, 5ms/77.7%, 10ms/88.8%, 20ms/94.4%, 50ms/94.8%, 100ms/97.4%
[2026-06-26T18:15:34.589-0300][2441.300s][8748][8884 ][info][gc,marking  ] GC(134) y: Mark: 1 stripe(s), 2 proactive flush(es), 1 terminate flush(es), 0 completion(s), 0 continuation(s) 
[2026-06-26T18:15:34.589-0300][2441.300s][8748][8884 ][info][gc,nmethod  ] GC(134) y: NMethods: 10315 registered, 1219 unregistered
[2026-06-26T18:15:34.589-0300][2441.300s][8748][8884 ][info][gc,metaspace] GC(134) y: Metaspace: 81M used, 84M committed, 1152M reserved
[2026-06-26T18:15:34.589-0300][2441.300s][8748][8884 ][info][gc,reloc    ] GC(134) y:                        Candidates     Selected     In-Place         Size        Empty    Relocated 
[2026-06-26T18:15:34.589-0300][2441.300s][8748][8884 ][info][gc,reloc    ] GC(134) y: Small Pages:                  445          138            0         890M         608M           1M 
[2026-06-26T18:15:34.589-0300][2441.300s][8748][8884 ][info][gc,reloc    ] GC(134) y: Medium Pages:                   0            0            0           0M           0M           0M 
[2026-06-26T18:15:34.589-0300][2441.300s][8748][8884 ][info][gc,reloc    ] GC(134) y: Large Pages:                    0            0            0           0M           0M           0M 
[2026-06-26T18:15:34.589-0300][2441.300s][8748][8884 ][info][gc,reloc    ] GC(134) y: Forwarding Usage: 1M
[2026-06-26T18:15:34.589-0300][2441.300s][8748][8884 ][info][gc,reloc    ] GC(134) y: Age Table:
[2026-06-26T18:15:34.589-0300][2441.300s][8748][8884 ][info][gc,reloc    ] GC(134) y:                    Live             Garbage             Small              Medium             Large        
[2026-06-26T18:15:34.589-0300][2441.300s][8748][8884 ][info][gc,reloc    ] GC(134) y: Eden               2M (0%)          883M (29%)        443 / 137            0 / 0              0 / 0        
[2026-06-26T18:15:34.589-0300][2441.300s][8748][8884 ][info][gc,reloc    ] GC(134) y: Survivor 1         1M (0%)            2M (0%)           2 / 1              0 / 0              0 / 0        
[2026-06-26T18:15:34.589-0300][2441.300s][8748][8884 ][info][gc,heap     ] GC(134) y: Min Capacity: 8M(0%)
[2026-06-26T18:15:34.589-0300][2441.300s][8748][8884 ][info][gc,heap     ] GC(134) y: Max Capacity: 3072M(100%)
[2026-06-26T18:15:34.589-0300][2441.300s][8748][8884 ][info][gc,heap     ] GC(134) y: Soft Max Capacity: 3072M(100%)
[2026-06-26T18:15:34.589-0300][2441.300s][8748][8884 ][info][gc,heap     ] GC(134) y: Heap Statistics:
[2026-06-26T18:15:34.589-0300][2441.300s][8748][8884 ][info][gc,heap     ] GC(134) y:                Mark Start          Mark End        Relocate Start      Relocate End           High               Low         
[2026-06-26T18:15:34.589-0300][2441.300s][8748][8884 ][info][gc,heap     ] GC(134) y:  Capacity:     2908M (95%)        2908M (95%)        2908M (95%)        2908M (95%)        2908M (95%)        2908M (95%)    
[2026-06-26T18:15:34.589-0300][2441.300s][8748][8884 ][info][gc,heap     ] GC(134) y:      Free:      190M (6%)          170M (6%)          778M (25%)        1046M (34%)        1046M (34%)         170M (6%)     
[2026-06-26T18:15:34.589-0300][2441.300s][8748][8884 ][info][gc,heap     ] GC(134) y:      Used:     2882M (94%)        2902M (94%)        2294M (75%)        2026M (66%)        2902M (94%)        2026M (66%)    
[2026-06-26T18:15:34.589-0300][2441.300s][8748][8884 ][info][gc,heap     ] GC(134) y: Young Generation Statistics:
[2026-06-26T18:15:34.589-0300][2441.300s][8748][8884 ][info][gc,heap     ] GC(134) y:                Mark Start          Mark End        Relocate Start      Relocate End    
[2026-06-26T18:15:34.589-0300][2441.300s][8748][8884 ][info][gc,heap     ] GC(134) y:      Used:      890M (29%)         910M (30%)         302M (10%)          34M (1%)     
[2026-06-26T18:15:34.589-0300][2441.300s][8748][8884 ][info][gc,heap     ] GC(134) y:      Live:         -                 3M (0%)            3M (0%)            3M (0%)     
[2026-06-26T18:15:34.589-0300][2441.300s][8748][8884 ][info][gc,heap     ] GC(134) y:   Garbage:         -               886M (29%)         278M (9%)            0M (0%)     
[2026-06-26T18:15:34.589-0300][2441.300s][8748][8884 ][info][gc,heap     ] GC(134) y: Allocated:         -                20M (1%)           20M (1%)           29M (1%)     
[2026-06-26T18:15:34.589-0300][2441.300s][8748][8884 ][info][gc,heap     ] GC(134) y: Reclaimed:         -                  -               608M (20%)         885M (29%)    
[2026-06-26T18:15:34.589-0300][2441.300s][8748][8884 ][info][gc,heap     ] GC(134) y:  Promoted:         -                  -                 0M (0%)            0M (0%)     
[2026-06-26T18:15:34.589-0300][2441.300s][8748][8884 ][info][gc,heap     ] GC(134) y: Compacted:         -                  -                  -                 2M (0%)     
[2026-06-26T18:15:34.589-0300][2441.300s][8748][8884 ][info][gc,phases   ] GC(134) y: Young Generation 2882M(94%)->2026M(66%) 0.059s
[2026-06-26T18:15:34.589-0300][2441.300s][8748][8884 ][info][gc          ] GC(134) Minor Collection (High Usage) 2882M(94%)->2026M(66%) 0.059s
[2026-06-26T18:15:54.196-0300][2460.907s][8748][8884 ][info][gc          ] GC(135) Minor Collection (High Usage)
[2026-06-26T18:15:54.196-0300][2460.907s][8748][8884 ][info][gc,task     ] GC(135) Using 1 Workers for Young Generation
[2026-06-26T18:15:54.196-0300][2460.907s][8748][8884 ][info][gc,phases   ] GC(135) y: Young Generation
[2026-06-26T18:15:54.196-0300][2460.907s][8748][16824][info][gc,phases   ] GC(135) y: Pause Mark Start 0.010ms
[2026-06-26T18:15:54.228-0300][2460.939s][8748][8884 ][info][gc,phases   ] GC(135) y: Concurrent Mark 31.727ms
[2026-06-26T18:15:54.228-0300][2460.939s][8748][16824][info][gc,phases   ] GC(135) y: Pause Mark End 0.013ms
[2026-06-26T18:15:54.228-0300][2460.939s][8748][8884 ][info][gc,phases   ] GC(135) y: Concurrent Mark Free 0.004ms
[2026-06-26T18:15:54.228-0300][2460.939s][8748][8884 ][info][gc,phases   ] GC(135) y: Concurrent Reset Relocation Set 0.007ms
[2026-06-26T18:15:54.228-0300][2460.939s][8748][8884 ][info][gc,reloc    ] GC(135) y: Using tenuring threshold: 2 (Computed)
[2026-06-26T18:15:54.229-0300][2460.940s][8748][8884 ][info][gc,phases   ] GC(135) y: Concurrent Select Relocation Set 1.165ms
[2026-06-26T18:15:54.229-0300][2460.940s][8748][16824][info][gc,phases   ] GC(135) y: Pause Relocate Start 0.005ms
[2026-06-26T18:15:54.231-0300][2460.942s][8748][8884 ][info][gc,phases   ] GC(135) y: Concurrent Relocate 2.328ms
[2026-06-26T18:15:54.231-0300][2460.943s][8748][8884 ][info][gc,alloc    ] GC(135) y:                         Mark Start        Mark End      Relocate Start    Relocate End   
[2026-06-26T18:15:54.231-0300][2460.943s][8748][8884 ][info][gc,alloc    ] GC(135) y: Allocation Stalls:          0                0                0                0         
[2026-06-26T18:15:54.231-0300][2460.943s][8748][8884 ][info][gc,load     ] GC(135) y: Load: 0.00 (0%) / 0.00 (0%) / 0.00 (0%)
[2026-06-26T18:15:54.231-0300][2460.943s][8748][8884 ][info][gc,mmu      ] GC(135) y: MMU: 2ms/44.2%, 5ms/77.7%, 10ms/88.8%, 20ms/94.4%, 50ms/94.8%, 100ms/97.4%
[2026-06-26T18:15:54.231-0300][2460.943s][8748][8884 ][info][gc,marking  ] GC(135) y: Mark: 1 stripe(s), 2 proactive flush(es), 1 terminate flush(es), 0 completion(s), 0 continuation(s) 
[2026-06-26T18:15:54.231-0300][2460.943s][8748][8884 ][info][gc,nmethod  ] GC(135) y: NMethods: 10337 registered, 1219 unregistered
[2026-06-26T18:15:54.231-0300][2460.943s][8748][8884 ][info][gc,metaspace] GC(135) y: Metaspace: 81M used, 84M committed, 1152M reserved
[2026-06-26T18:15:54.231-0300][2460.943s][8748][8884 ][info][gc,reloc    ] GC(135) y:                        Candidates     Selected     In-Place         Size        Empty    Relocated 
[2026-06-26T18:15:54.231-0300][2460.943s][8748][8884 ][info][gc,reloc    ] GC(135) y: Small Pages:                  445           65            0         890M         754M           0M 
[2026-06-26T18:15:54.231-0300][2460.943s][8748][8884 ][info][gc,reloc    ] GC(135) y: Medium Pages:                   0            0            0           0M           0M           0M 
[2026-06-26T18:15:54.231-0300][2460.943s][8748][8884 ][info][gc,reloc    ] GC(135) y: Large Pages:                    0            0            0           0M           0M           0M 
[2026-06-26T18:15:54.231-0300][2460.943s][8748][8884 ][info][gc,reloc    ] GC(135) y: Forwarding Usage: 0M
[2026-06-26T18:15:54.231-0300][2460.943s][8748][8884 ][info][gc,reloc    ] GC(135) y: Age Table:
[2026-06-26T18:15:54.231-0300][2460.943s][8748][8884 ][info][gc,reloc    ] GC(135) y:                    Live             Garbage             Small              Medium             Large        
[2026-06-26T18:15:54.231-0300][2460.943s][8748][8884 ][info][gc,reloc    ] GC(135) y: Eden               0M (0%)          877M (29%)        439 / 62             0 / 0              0 / 0        
[2026-06-26T18:15:54.231-0300][2460.943s][8748][8884 ][info][gc,reloc    ] GC(135) y: Survivor 1         2M (0%)            3M (0%)           3 / 1              0 / 0              0 / 0        
[2026-06-26T18:15:54.231-0300][2460.943s][8748][8884 ][info][gc,reloc    ] GC(135) y: Survivor 2         1M (0%)            4M (0%)           3 / 2              0 / 0              0 / 0        
[2026-06-26T18:15:54.231-0300][2460.943s][8748][8884 ][info][gc,heap     ] GC(135) y: Min Capacity: 8M(0%)
[2026-06-26T18:15:54.231-0300][2460.943s][8748][8884 ][info][gc,heap     ] GC(135) y: Max Capacity: 3072M(100%)
[2026-06-26T18:15:54.231-0300][2460.943s][8748][8884 ][info][gc,heap     ] GC(135) y: Soft Max Capacity: 3072M(100%)
[2026-06-26T18:15:54.231-0300][2460.943s][8748][8884 ][info][gc,heap     ] GC(135) y: Heap Statistics:
[2026-06-26T18:15:54.231-0300][2460.943s][8748][8884 ][info][gc,heap     ] GC(135) y:                Mark Start          Mark End        Relocate Start      Relocate End           High               Low         
[2026-06-26T18:15:54.231-0300][2460.943s][8748][8884 ][info][gc,heap     ] GC(135) y:  Capacity:     2908M (95%)        2908M (95%)        2908M (95%)        2908M (95%)        2908M (95%)        2908M (95%)    
[2026-06-26T18:15:54.231-0300][2460.943s][8748][8884 ][info][gc,heap     ] GC(135) y:      Free:      190M (6%)          174M (6%)          928M (30%)        1054M (34%)        1054M (34%)         174M (6%)     
[2026-06-26T18:15:54.231-0300][2460.943s][8748][8884 ][info][gc,heap     ] GC(135) y:      Used:     2882M (94%)        2898M (94%)        2144M (70%)        2018M (66%)        2898M (94%)        2018M (66%)    
[2026-06-26T18:15:54.231-0300][2460.943s][8748][8884 ][info][gc,heap     ] GC(135) y: Young Generation Statistics:
[2026-06-26T18:15:54.231-0300][2460.943s][8748][8884 ][info][gc,heap     ] GC(135) y:                Mark Start          Mark End        Relocate Start      Relocate End    
[2026-06-26T18:15:54.231-0300][2460.943s][8748][8884 ][info][gc,heap     ] GC(135) y:      Used:      890M (29%)         906M (29%)         150M (5%)           22M (1%)     
[2026-06-26T18:15:54.231-0300][2460.943s][8748][8884 ][info][gc,heap     ] GC(135) y:      Live:         -                 3M (0%)            2M (0%)            2M (0%)     
[2026-06-26T18:15:54.231-0300][2460.943s][8748][8884 ][info][gc,heap     ] GC(135) y:   Garbage:         -               886M (29%)         131M (4%)            0M (0%)     
[2026-06-26T18:15:54.231-0300][2460.943s][8748][8884 ][info][gc,heap     ] GC(135) y: Allocated:         -                16M (1%)           16M (1%)           19M (1%)     
[2026-06-26T18:15:54.231-0300][2460.943s][8748][8884 ][info][gc,heap     ] GC(135) y: Reclaimed:         -                  -               754M (25%)         885M (29%)    
[2026-06-26T18:15:54.231-0300][2460.943s][8748][8884 ][info][gc,heap     ] GC(135) y:  Promoted:         -                  -                 1M (0%)            1M (0%)     
[2026-06-26T18:15:54.231-0300][2460.943s][8748][8884 ][info][gc,heap     ] GC(135) y: Compacted:         -                  -                  -                 0M (0%)     
[2026-06-26T18:15:54.231-0300][2460.943s][8748][8884 ][info][gc,phases   ] GC(135) y: Young Generation 2882M(94%)->2018M(66%) 0.036s
[2026-06-26T18:15:54.231-0300][2460.943s][8748][8884 ][info][gc          ] GC(135) Minor Collection (High Usage) 2882M(94%)->2018M(66%) 0.036s
[2026-06-26T18:16:07.336-0300][2474.047s][8748][8616 ][info][gc,heap     ] Uncommitter (0) Uncommitted: 2M(0%) in 0.314ms
[2026-06-26T18:16:13.806-0300][2480.517s][8748][8884 ][info][gc          ] GC(136) Minor Collection (High Usage)
[2026-06-26T18:16:13.806-0300][2480.517s][8748][8884 ][info][gc,task     ] GC(136) Using 1 Workers for Young Generation
[2026-06-26T18:16:13.806-0300][2480.517s][8748][8884 ][info][gc,phases   ] GC(136) y: Young Generation
[2026-06-26T18:16:13.806-0300][2480.517s][8748][16824][info][gc,phases   ] GC(136) y: Pause Mark Start 0.011ms
[2026-06-26T18:16:13.843-0300][2480.554s][8748][8884 ][info][gc,phases   ] GC(136) y: Concurrent Mark 37.174ms
[2026-06-26T18:16:13.843-0300][2480.554s][8748][16824][info][gc,phases   ] GC(136) y: Pause Mark End 0.013ms
[2026-06-26T18:16:13.843-0300][2480.554s][8748][8884 ][info][gc,phases   ] GC(136) y: Concurrent Mark Free 0.004ms
[2026-06-26T18:16:13.843-0300][2480.554s][8748][8884 ][info][gc,phases   ] GC(136) y: Concurrent Reset Relocation Set 0.034ms
[2026-06-26T18:16:13.844-0300][2480.555s][8748][8884 ][info][gc,reloc    ] GC(136) y: Using tenuring threshold: 1 (Computed)
[2026-06-26T18:16:13.845-0300][2480.556s][8748][8884 ][info][gc,phases   ] GC(136) y: Concurrent Select Relocation Set 1.794ms
[2026-06-26T18:16:13.845-0300][2480.556s][8748][16824][info][gc,phases   ] GC(136) y: Pause Relocate Start 0.012ms
[2026-06-26T18:16:13.849-0300][2480.560s][8748][8884 ][info][gc,phases   ] GC(136) y: Concurrent Relocate 4.016ms
[2026-06-26T18:16:13.849-0300][2480.560s][8748][8884 ][info][gc,alloc    ] GC(136) y:                         Mark Start        Mark End      Relocate Start    Relocate End   
[2026-06-26T18:16:13.849-0300][2480.560s][8748][8884 ][info][gc,alloc    ] GC(136) y: Allocation Stalls:          0                0                0                0         
[2026-06-26T18:16:13.849-0300][2480.560s][8748][8884 ][info][gc,load     ] GC(136) y: Load: 0.00 (0%) / 0.00 (0%) / 0.00 (0%)
[2026-06-26T18:16:13.849-0300][2480.560s][8748][8884 ][info][gc,mmu      ] GC(136) y: MMU: 2ms/44.2%, 5ms/77.7%, 10ms/88.8%, 20ms/94.4%, 50ms/94.8%, 100ms/97.4%
[2026-06-26T18:16:13.849-0300][2480.560s][8748][8884 ][info][gc,marking  ] GC(136) y: Mark: 1 stripe(s), 2 proactive flush(es), 1 terminate flush(es), 0 completion(s), 0 continuation(s) 
[2026-06-26T18:16:13.849-0300][2480.560s][8748][8884 ][info][gc,nmethod  ] GC(136) y: NMethods: 10349 registered, 1219 unregistered
[2026-06-26T18:16:13.849-0300][2480.560s][8748][8884 ][info][gc,metaspace] GC(136) y: Metaspace: 81M used, 84M committed, 1152M reserved
[2026-06-26T18:16:13.849-0300][2480.560s][8748][8884 ][info][gc,reloc    ] GC(136) y:                        Candidates     Selected     In-Place         Size        Empty    Relocated 
[2026-06-26T18:16:13.849-0300][2480.560s][8748][8884 ][info][gc,reloc    ] GC(136) y: Small Pages:                  443           90            0         886M         702M           0M 
[2026-06-26T18:16:13.849-0300][2480.560s][8748][8884 ][info][gc,reloc    ] GC(136) y: Medium Pages:                   0            0            0           0M           0M           0M 
[2026-06-26T18:16:13.849-0300][2480.560s][8748][8884 ][info][gc,reloc    ] GC(136) y: Large Pages:                    0            0            0           0M           0M           0M 
[2026-06-26T18:16:13.849-0300][2480.560s][8748][8884 ][info][gc,reloc    ] GC(136) y: Forwarding Usage: 0M
[2026-06-26T18:16:13.849-0300][2480.560s][8748][8884 ][info][gc,reloc    ] GC(136) y: Age Table:
[2026-06-26T18:16:13.849-0300][2480.560s][8748][8884 ][info][gc,reloc    ] GC(136) y:                    Live             Garbage             Small              Medium             Large        
[2026-06-26T18:16:13.849-0300][2480.560s][8748][8884 ][info][gc,reloc    ] GC(136) y: Eden               0M (0%)          879M (29%)        440 / 88             0 / 0              0 / 0        
[2026-06-26T18:16:13.850-0300][2480.561s][8748][8884 ][info][gc,reloc    ] GC(136) y: Survivor 1         0M (0%)            1M (0%)           1 / 1              0 / 0              0 / 0        
[2026-06-26T18:16:13.850-0300][2480.561s][8748][8884 ][info][gc,reloc    ] GC(136) y: Survivor 2         2M (0%)            1M (0%)           2 / 1              0 / 0              0 / 0        
[2026-06-26T18:16:13.850-0300][2480.561s][8748][8884 ][info][gc,heap     ] GC(136) y: Min Capacity: 8M(0%)
[2026-06-26T18:16:13.850-0300][2480.561s][8748][8884 ][info][gc,heap     ] GC(136) y: Max Capacity: 3072M(100%)
[2026-06-26T18:16:13.850-0300][2480.561s][8748][8884 ][info][gc,heap     ] GC(136) y: Soft Max Capacity: 3072M(100%)
[2026-06-26T18:16:13.850-0300][2480.561s][8748][8884 ][info][gc,heap     ] GC(136) y: Heap Statistics:
[2026-06-26T18:16:13.850-0300][2480.561s][8748][8884 ][info][gc,heap     ] GC(136) y:                Mark Start          Mark End        Relocate Start      Relocate End           High               Low         
[2026-06-26T18:16:13.850-0300][2480.561s][8748][8884 ][info][gc,heap     ] GC(136) y:  Capacity:     2906M (95%)        2906M (95%)        2906M (95%)        2906M (95%)        2906M (95%)        2906M (95%)    
[2026-06-26T18:16:13.850-0300][2480.561s][8748][8884 ][info][gc,heap     ] GC(136) y:      Free:      190M (6%)          178M (6%)          878M (29%)        1052M (34%)        1052M (34%)         178M (6%)     
[2026-06-26T18:16:13.850-0300][2480.561s][8748][8884 ][info][gc,heap     ] GC(136) y:      Used:     2882M (94%)        2894M (94%)        2194M (71%)        2020M (66%)        2894M (94%)        2020M (66%)    
[2026-06-26T18:16:13.850-0300][2480.561s][8748][8884 ][info][gc,heap     ] GC(136) y: Young Generation Statistics:
[2026-06-26T18:16:13.850-0300][2480.561s][8748][8884 ][info][gc,heap     ] GC(136) y:                Mark Start          Mark End        Relocate Start      Relocate End    
[2026-06-26T18:16:13.850-0300][2480.561s][8748][8884 ][info][gc,heap     ] GC(136) y:      Used:      886M (29%)         898M (29%)         196M (6%)           20M (1%)     
[2026-06-26T18:16:13.850-0300][2480.561s][8748][8884 ][info][gc,heap     ] GC(136) y:      Live:         -                 2M (0%)            0M (0%)            0M (0%)     
[2026-06-26T18:16:13.850-0300][2480.561s][8748][8884 ][info][gc,heap     ] GC(136) y:   Garbage:         -               883M (29%)         181M (6%)            0M (0%)     
[2026-06-26T18:16:13.850-0300][2480.561s][8748][8884 ][info][gc,heap     ] GC(136) y: Allocated:         -                12M (0%)           14M (0%)           19M (1%)     
[2026-06-26T18:16:13.850-0300][2480.561s][8748][8884 ][info][gc,heap     ] GC(136) y: Reclaimed:         -                  -               702M (23%)         883M (29%)    
[2026-06-26T18:16:13.850-0300][2480.561s][8748][8884 ][info][gc,heap     ] GC(136) y:  Promoted:         -                  -                 1M (0%)            2M (0%)     
[2026-06-26T18:16:13.850-0300][2480.561s][8748][8884 ][info][gc,heap     ] GC(136) y: Compacted:         -                  -                  -                 0M (0%)     
[2026-06-26T18:16:13.850-0300][2480.561s][8748][8884 ][info][gc,phases   ] GC(136) y: Young Generation 2882M(94%)->2020M(66%) 0.044s
[2026-06-26T18:16:13.850-0300][2480.561s][8748][8884 ][info][gc          ] GC(136) Minor Collection (High Usage) 2882M(94%)->2020M(66%) 0.044s
[2026-06-26T18:16:46.078-0300][2512.789s][8748][8884 ][info][gc          ] GC(137) Minor Collection (High Usage)
[2026-06-26T18:16:46.078-0300][2512.789s][8748][8884 ][info][gc,task     ] GC(137) Using 1 Workers for Young Generation
[2026-06-26T18:16:46.078-0300][2512.789s][8748][8884 ][info][gc,phases   ] GC(137) y: Young Generation
[2026-06-26T18:16:46.078-0300][2512.789s][8748][16824][info][gc,phases   ] GC(137) y: Pause Mark Start 0.009ms
[2026-06-26T18:16:46.112-0300][2512.823s][8748][8884 ][info][gc,phases   ] GC(137) y: Concurrent Mark 34.136ms
[2026-06-26T18:16:46.112-0300][2512.824s][8748][16824][info][gc,phases   ] GC(137) y: Pause Mark End 0.013ms
[2026-06-26T18:16:46.112-0300][2512.824s][8748][8884 ][info][gc,phases   ] GC(137) y: Concurrent Mark Free 0.004ms
[2026-06-26T18:16:46.112-0300][2512.824s][8748][8884 ][info][gc,phases   ] GC(137) y: Concurrent Reset Relocation Set 0.034ms
[2026-06-26T18:16:46.112-0300][2512.824s][8748][8884 ][info][gc,reloc    ] GC(137) y: Using tenuring threshold: 2 (Computed)
[2026-06-26T18:16:46.113-0300][2512.824s][8748][8884 ][info][gc,phases   ] GC(137) y: Concurrent Select Relocation Set 0.446ms
[2026-06-26T18:16:46.113-0300][2512.824s][8748][16824][info][gc,phases   ] GC(137) y: Pause Relocate Start 0.005ms
[2026-06-26T18:16:46.114-0300][2512.825s][8748][8884 ][info][gc,phases   ] GC(137) y: Concurrent Relocate 1.240ms
[2026-06-26T18:16:46.114-0300][2512.825s][8748][8884 ][info][gc,alloc    ] GC(137) y:                         Mark Start        Mark End      Relocate Start    Relocate End   
[2026-06-26T18:16:46.114-0300][2512.825s][8748][8884 ][info][gc,alloc    ] GC(137) y: Allocation Stalls:          0                0                0                0         
[2026-06-26T18:16:46.114-0300][2512.825s][8748][8884 ][info][gc,load     ] GC(137) y: Load: 0.00 (0%) / 0.00 (0%) / 0.00 (0%)
[2026-06-26T18:16:46.114-0300][2512.825s][8748][8884 ][info][gc,mmu      ] GC(137) y: MMU: 2ms/44.2%, 5ms/77.7%, 10ms/88.8%, 20ms/94.4%, 50ms/94.8%, 100ms/97.4%
[2026-06-26T18:16:46.114-0300][2512.825s][8748][8884 ][info][gc,marking  ] GC(137) y: Mark: 1 stripe(s), 2 proactive flush(es), 1 terminate flush(es), 0 completion(s), 0 continuation(s) 
[2026-06-26T18:16:46.114-0300][2512.825s][8748][8884 ][info][gc,nmethod  ] GC(137) y: NMethods: 10436 registered, 1219 unregistered
[2026-06-26T18:16:46.114-0300][2512.825s][8748][8884 ][info][gc,metaspace] GC(137) y: Metaspace: 81M used, 84M committed, 1152M reserved
[2026-06-26T18:16:46.114-0300][2512.825s][8748][8884 ][info][gc,reloc    ] GC(137) y:                        Candidates     Selected     In-Place         Size        Empty    Relocated 
[2026-06-26T18:16:46.114-0300][2512.826s][8748][8884 ][info][gc,reloc    ] GC(137) y: Small Pages:                  441           66            0         882M         748M           0M 
[2026-06-26T18:16:46.114-0300][2512.826s][8748][8884 ][info][gc,reloc    ] GC(137) y: Medium Pages:                   0            0            0           0M           0M           0M 
[2026-06-26T18:16:46.114-0300][2512.826s][8748][8884 ][info][gc,reloc    ] GC(137) y: Large Pages:                    0            0            0           0M           0M           0M 
[2026-06-26T18:16:46.114-0300][2512.826s][8748][8884 ][info][gc,reloc    ] GC(137) y: Forwarding Usage: 0M
[2026-06-26T18:16:46.114-0300][2512.826s][8748][8884 ][info][gc,reloc    ] GC(137) y: Age Table:
[2026-06-26T18:16:46.114-0300][2512.826s][8748][8884 ][info][gc,reloc    ] GC(137) y:                    Live             Garbage             Small              Medium             Large        
[2026-06-26T18:16:46.114-0300][2512.826s][8748][8884 ][info][gc,reloc    ] GC(137) y: Eden               0M (0%)          875M (29%)        438 / 63             0 / 0              0 / 0        
[2026-06-26T18:16:46.114-0300][2512.826s][8748][8884 ][info][gc,reloc    ] GC(137) y: Survivor 1         0M (0%)            5M (0%)           3 / 3              0 / 0              0 / 0        
[2026-06-26T18:16:46.114-0300][2512.826s][8748][8884 ][info][gc,heap     ] GC(137) y: Min Capacity: 8M(0%)
[2026-06-26T18:16:46.114-0300][2512.826s][8748][8884 ][info][gc,heap     ] GC(137) y: Max Capacity: 3072M(100%)
[2026-06-26T18:16:46.114-0300][2512.826s][8748][8884 ][info][gc,heap     ] GC(137) y: Soft Max Capacity: 3072M(100%)
[2026-06-26T18:16:46.114-0300][2512.826s][8748][8884 ][info][gc,heap     ] GC(137) y: Heap Statistics:
[2026-06-26T18:16:46.114-0300][2512.826s][8748][8884 ][info][gc,heap     ] GC(137) y:                Mark Start          Mark End        Relocate Start      Relocate End           High               Low         
[2026-06-26T18:16:46.114-0300][2512.826s][8748][8884 ][info][gc,heap     ] GC(137) y:  Capacity:     2906M (95%)        2906M (95%)        2906M (95%)        2906M (95%)        2906M (95%)        2906M (95%)    
[2026-06-26T18:16:46.114-0300][2512.826s][8748][8884 ][info][gc,heap     ] GC(137) y:      Free:      190M (6%)          174M (6%)          922M (30%)        1048M (34%)        1048M (34%)         174M (6%)     
[2026-06-26T18:16:46.114-0300][2512.826s][8748][8884 ][info][gc,heap     ] GC(137) y:      Used:     2882M (94%)        2898M (94%)        2150M (70%)        2024M (66%)        2898M (94%)        2024M (66%)    
[2026-06-26T18:16:46.114-0300][2512.826s][8748][8884 ][info][gc,heap     ] GC(137) y: Young Generation Statistics:
[2026-06-26T18:16:46.114-0300][2512.826s][8748][8884 ][info][gc,heap     ] GC(137) y:                Mark Start          Mark End        Relocate Start      Relocate End    
[2026-06-26T18:16:46.114-0300][2512.826s][8748][8884 ][info][gc,heap     ] GC(137) y:      Used:      882M (29%)         898M (29%)         150M (5%)           24M (1%)     
[2026-06-26T18:16:46.114-0300][2512.826s][8748][8884 ][info][gc,heap     ] GC(137) y:      Live:         -                 0M (0%)            0M (0%)            0M (0%)     
[2026-06-26T18:16:46.114-0300][2512.826s][8748][8884 ][info][gc,heap     ] GC(137) y:   Garbage:         -               881M (29%)         133M (4%)            0M (0%)     
[2026-06-26T18:16:46.114-0300][2512.826s][8748][8884 ][info][gc,heap     ] GC(137) y: Allocated:         -                16M (1%)           16M (1%)           23M (1%)     
[2026-06-26T18:16:46.114-0300][2512.826s][8748][8884 ][info][gc,heap     ] GC(137) y: Reclaimed:         -                  -               748M (24%)         881M (29%)    
[2026-06-26T18:16:46.114-0300][2512.826s][8748][8884 ][info][gc,heap     ] GC(137) y:  Promoted:         -                  -                 0M (0%)            0M (0%)     
[2026-06-26T18:16:46.114-0300][2512.826s][8748][8884 ][info][gc,heap     ] GC(137) y: Compacted:         -                  -                  -                 0M (0%)     
[2026-06-26T18:16:46.114-0300][2512.826s][8748][8884 ][info][gc,phases   ] GC(137) y: Young Generation 2882M(94%)->2024M(66%) 0.036s
[2026-06-26T18:16:46.114-0300][2512.826s][8748][8884 ][info][gc          ] GC(137) Minor Collection (High Usage) 2882M(94%)->2024M(66%) 0.037s
[2026-06-26T18:17:06.128-0300][2532.839s][8748][7584 ][info][gc          ] GC(138) Major Collection (Proactive)
[2026-06-26T18:17:06.128-0300][2532.839s][8748][7584 ][info][gc,task     ] GC(138) Using 1 Workers for Young Generation
[2026-06-26T18:17:06.128-0300][2532.839s][8748][7584 ][info][gc,task     ] GC(138) Using 1 Workers for Old Generation
[2026-06-26T18:17:06.128-0300][2532.839s][8748][7584 ][info][gc,phases   ] GC(138) Y: Young Generation
[2026-06-26T18:17:06.128-0300][2532.839s][8748][16824][info][gc,phases   ] GC(138) Y: Pause Mark Start (Major) 0.013ms
[2026-06-26T18:17:06.150-0300][2532.862s][8748][7584 ][info][gc,phases   ] GC(138) Y: Concurrent Mark 22.613ms
[2026-06-26T18:17:06.150-0300][2532.862s][8748][16824][info][gc,phases   ] GC(138) Y: Pause Mark End 0.012ms
[2026-06-26T18:17:06.150-0300][2532.862s][8748][7584 ][info][gc,phases   ] GC(138) Y: Concurrent Mark Free 0.003ms
[2026-06-26T18:17:06.150-0300][2532.862s][8748][7584 ][info][gc,phases   ] GC(138) Y: Concurrent Reset Relocation Set 0.004ms
[2026-06-26T18:17:06.150-0300][2532.862s][8748][7584 ][info][gc,reloc    ] GC(138) Y: Using tenuring threshold: 3 (Computed)
[2026-06-26T18:17:06.151-0300][2532.862s][8748][7584 ][info][gc,phases   ] GC(138) Y: Concurrent Select Relocation Set 0.409ms
[2026-06-26T18:17:06.151-0300][2532.862s][8748][16824][info][gc,phases   ] GC(138) Y: Pause Relocate Start 0.005ms
[2026-06-26T18:17:06.152-0300][2532.863s][8748][7584 ][info][gc,phases   ] GC(138) Y: Concurrent Relocate 0.926ms
[2026-06-26T18:17:06.152-0300][2532.863s][8748][7584 ][info][gc,alloc    ] GC(138) Y:                         Mark Start        Mark End      Relocate Start    Relocate End   
[2026-06-26T18:17:06.152-0300][2532.863s][8748][7584 ][info][gc,alloc    ] GC(138) Y: Allocation Stalls:          0                0                0                0         
[2026-06-26T18:17:06.152-0300][2532.863s][8748][7584 ][info][gc,load     ] GC(138) Y: Load: 0.00 (0%) / 0.00 (0%) / 0.00 (0%)
[2026-06-26T18:17:06.152-0300][2532.863s][8748][7584 ][info][gc,mmu      ] GC(138) Y: MMU: 2ms/44.2%, 5ms/77.7%, 10ms/88.8%, 20ms/94.4%, 50ms/94.8%, 100ms/97.4%
[2026-06-26T18:17:06.152-0300][2532.863s][8748][7584 ][info][gc,marking  ] GC(138) Y: Mark: 1 stripe(s), 2 proactive flush(es), 1 terminate flush(es), 0 completion(s), 0 continuation(s) 
[2026-06-26T18:17:06.152-0300][2532.863s][8748][7584 ][info][gc,nmethod  ] GC(138) Y: NMethods: 10516 registered, 1219 unregistered
[2026-06-26T18:17:06.152-0300][2532.863s][8748][7584 ][info][gc,metaspace] GC(138) Y: Metaspace: 81M used, 84M committed, 1152M reserved
[2026-06-26T18:17:06.152-0300][2532.863s][8748][7584 ][info][gc,reloc    ] GC(138) Y:                        Candidates     Selected     In-Place         Size        Empty    Relocated 
[2026-06-26T18:17:06.152-0300][2532.863s][8748][7584 ][info][gc,reloc    ] GC(138) Y: Small Pages:                  347           63            0         694M         566M           0M 
[2026-06-26T18:17:06.152-0300][2532.863s][8748][7584 ][info][gc,reloc    ] GC(138) Y: Medium Pages:                   0            0            0           0M           0M           0M 
[2026-06-26T18:17:06.152-0300][2532.863s][8748][7584 ][info][gc,reloc    ] GC(138) Y: Large Pages:                    0            0            0           0M           0M           0M 
[2026-06-26T18:17:06.152-0300][2532.863s][8748][7584 ][info][gc,reloc    ] GC(138) Y: Forwarding Usage: 0M
[2026-06-26T18:17:06.152-0300][2532.863s][8748][7584 ][info][gc,reloc    ] GC(138) Y: Age Table:
[2026-06-26T18:17:06.152-0300][2532.863s][8748][7584 ][info][gc,reloc    ] GC(138) Y:                    Live             Garbage             Small              Medium             Large        
[2026-06-26T18:17:06.152-0300][2532.863s][8748][7584 ][info][gc,reloc    ] GC(138) Y: Eden               0M (0%)          685M (22%)        343 / 59             0 / 0              0 / 0        
[2026-06-26T18:17:06.152-0300][2532.863s][8748][7584 ][info][gc,reloc    ] GC(138) Y: Survivor 1         0M (0%)            3M (0%)           2 / 2              0 / 0              0 / 0        
[2026-06-26T18:17:06.152-0300][2532.863s][8748][7584 ][info][gc,reloc    ] GC(138) Y: Survivor 2         0M (0%)            3M (0%)           2 / 2              0 / 0              0 / 0        
[2026-06-26T18:17:06.152-0300][2532.863s][8748][7584 ][info][gc,heap     ] GC(138) Y: Min Capacity: 8M(0%)
[2026-06-26T18:17:06.152-0300][2532.863s][8748][7584 ][info][gc,heap     ] GC(138) Y: Max Capacity: 3072M(100%)
[2026-06-26T18:17:06.152-0300][2532.863s][8748][7584 ][info][gc,heap     ] GC(138) Y: Soft Max Capacity: 3072M(100%)
[2026-06-26T18:17:06.152-0300][2532.863s][8748][7584 ][info][gc,heap     ] GC(138) Y: Heap Statistics:
[2026-06-26T18:17:06.152-0300][2532.863s][8748][7584 ][info][gc,heap     ] GC(138) Y:                Mark Start          Mark End        Relocate Start      Relocate End           High               Low         
[2026-06-26T18:17:06.152-0300][2532.864s][8748][7584 ][info][gc,heap     ] GC(138) Y:  Capacity:     2906M (95%)        2906M (95%)        2906M (95%)        2906M (95%)        2906M (95%)        2906M (95%)    
[2026-06-26T18:17:06.152-0300][2532.864s][8748][7584 ][info][gc,heap     ] GC(138) Y:      Free:      378M (12%)         370M (12%)         936M (30%)        1058M (34%)        1058M (34%)         370M (12%)    
[2026-06-26T18:17:06.152-0300][2532.864s][8748][7584 ][info][gc,heap     ] GC(138) Y:      Used:     2694M (88%)        2702M (88%)        2136M (70%)        2014M (66%)        2702M (88%)        2014M (66%)    
[2026-06-26T18:17:06.152-0300][2532.864s][8748][7584 ][info][gc,heap     ] GC(138) Y: Young Generation Statistics:
[2026-06-26T18:17:06.152-0300][2532.864s][8748][7584 ][info][gc,heap     ] GC(138) Y:                Mark Start          Mark End        Relocate Start      Relocate End    
[2026-06-26T18:17:06.152-0300][2532.864s][8748][7584 ][info][gc,heap     ] GC(138) Y:      Used:      694M (23%)         702M (23%)         136M (4%)           14M (0%)     
[2026-06-26T18:17:06.152-0300][2532.864s][8748][7584 ][info][gc,heap     ] GC(138) Y:      Live:         -                 0M (0%)            0M (0%)            0M (0%)     
[2026-06-26T18:17:06.152-0300][2532.864s][8748][7584 ][info][gc,heap     ] GC(138) Y:   Garbage:         -               693M (23%)         127M (4%)            0M (0%)     
[2026-06-26T18:17:06.152-0300][2532.864s][8748][7584 ][info][gc,heap     ] GC(138) Y: Allocated:         -                 8M (0%)            8M (0%)           13M (0%)     
[2026-06-26T18:17:06.152-0300][2532.864s][8748][7584 ][info][gc,heap     ] GC(138) Y: Reclaimed:         -                  -               566M (18%)         693M (23%)    
[2026-06-26T18:17:06.152-0300][2532.864s][8748][7584 ][info][gc,heap     ] GC(138) Y:  Promoted:         -                  -                 0M (0%)            0M (0%)     
[2026-06-26T18:17:06.152-0300][2532.864s][8748][7584 ][info][gc,heap     ] GC(138) Y: Compacted:         -                  -                  -                 0M (0%)     
[2026-06-26T18:17:06.152-0300][2532.864s][8748][7584 ][info][gc,phases   ] GC(138) Y: Young Generation 2694M(88%)->2014M(66%) 0.024s
[2026-06-26T18:17:06.152-0300][2532.864s][8748][7584 ][info][gc,phases   ] GC(138) O: Old Generation
[2026-06-26T18:17:09.364-0300][2536.075s][8748][7584 ][info][gc,phases   ] GC(138) O: Concurrent Mark 3210.894ms
[2026-06-26T18:17:09.364-0300][2536.075s][8748][16824][info][gc,phases   ] GC(138) O: Pause Mark End 0.013ms
[2026-06-26T18:17:09.364-0300][2536.075s][8748][7584 ][info][gc,phases   ] GC(138) O: Concurrent Mark Free 0.001ms
[2026-06-26T18:17:09.409-0300][2536.120s][8748][7584 ][info][gc,phases   ] GC(138) O: Concurrent Process Non-Strong 45.753ms
[2026-06-26T18:17:09.410-0300][2536.121s][8748][7584 ][info][gc,phases   ] GC(138) O: Concurrent Reset Relocation Set 0.004ms
[2026-06-26T18:17:09.411-0300][2536.122s][8748][7584 ][info][gc,phases   ] GC(138) O: Concurrent Select Relocation Set 1.374ms
[2026-06-26T18:17:09.411-0300][2536.122s][8748][7584 ][info][gc,task     ] GC(138) O: Using 2 Workers for Old Generation
[2026-06-26T18:17:09.418-0300][2536.129s][8748][7584 ][info][gc,task     ] GC(138) O: Using 1 Workers for Old Generation
[2026-06-26T18:17:09.418-0300][2536.129s][8748][7584 ][info][gc,phases   ] GC(138) O: Concurrent Remap Roots 7.340ms
[2026-06-26T18:17:09.418-0300][2536.129s][8748][16824][info][gc,phases   ] GC(138) O: Pause Relocate Start 0.011ms
[2026-06-26T18:17:09.448-0300][2536.160s][8748][7584 ][info][gc,phases   ] GC(138) O: Concurrent Relocate 30.326ms
[2026-06-26T18:17:09.448-0300][2536.160s][8748][7584 ][info][gc,alloc    ] GC(138) O:                         Mark Start        Mark End      Relocate Start    Relocate End   
[2026-06-26T18:17:09.448-0300][2536.160s][8748][7584 ][info][gc,alloc    ] GC(138) O: Allocation Stalls:          0                0                0                0         
[2026-06-26T18:17:09.448-0300][2536.160s][8748][7584 ][info][gc,load     ] GC(138) O: Load: 0.00 (0%) / 0.00 (0%) / 0.00 (0%)
[2026-06-26T18:17:09.448-0300][2536.160s][8748][7584 ][info][gc,mmu      ] GC(138) O: MMU: 2ms/44.2%, 5ms/77.7%, 10ms/88.8%, 20ms/94.4%, 50ms/94.8%, 100ms/97.4%
[2026-06-26T18:17:09.448-0300][2536.160s][8748][7584 ][info][gc,marking  ] GC(138) O: Mark: 1 stripe(s), 2 proactive flush(es), 1 terminate flush(es), 0 completion(s), 0 continuation(s) 
[2026-06-26T18:17:09.448-0300][2536.160s][8748][7584 ][info][gc,nmethod  ] GC(138) O: NMethods: 10404 registered, 1331 unregistered
[2026-06-26T18:17:09.449-0300][2536.160s][8748][7584 ][info][gc,metaspace] GC(138) O: Metaspace: 81M used, 84M committed, 1152M reserved
[2026-06-26T18:17:09.449-0300][2536.160s][8748][7584 ][info][gc,ref      ] GC(138) O:                       Encountered   Discovered     Enqueued 
[2026-06-26T18:17:09.449-0300][2536.160s][8748][7584 ][info][gc,ref      ] GC(138) O: Soft References:             3393          440           12 
[2026-06-26T18:17:09.449-0300][2536.160s][8748][7584 ][info][gc,ref      ] GC(138) O: Weak References:             6496         5338            9 
[2026-06-26T18:17:09.449-0300][2536.160s][8748][7584 ][info][gc,ref      ] GC(138) O: Final References:              16            0            0 
[2026-06-26T18:17:09.449-0300][2536.160s][8748][7584 ][info][gc,ref      ] GC(138) O: Phantom References:         29054        29002        20971 
[2026-06-26T18:17:09.449-0300][2536.160s][8748][7584 ][info][gc,reloc    ] GC(138) O:                        Candidates     Selected     In-Place         Size        Empty    Relocated 
[2026-06-26T18:17:09.449-0300][2536.160s][8748][7584 ][info][gc,reloc    ] GC(138) O: Small Pages:                  938           17            0        1876M           0M           6M 
[2026-06-26T18:17:09.449-0300][2536.160s][8748][7584 ][info][gc,reloc    ] GC(138) O: Medium Pages:                   2            0            0          64M           0M           0M 
[2026-06-26T18:17:09.449-0300][2536.160s][8748][7584 ][info][gc,reloc    ] GC(138) O: Large Pages:                    5            0            0          60M           0M           0M 
[2026-06-26T18:17:09.449-0300][2536.160s][8748][7584 ][info][gc,reloc    ] GC(138) O: Forwarding Usage: 9M
[2026-06-26T18:17:09.449-0300][2536.160s][8748][7584 ][info][gc,heap     ] GC(138) O: Min Capacity: 8M(0%)
[2026-06-26T18:17:09.449-0300][2536.160s][8748][7584 ][info][gc,heap     ] GC(138) O: Max Capacity: 3072M(100%)
[2026-06-26T18:17:09.449-0300][2536.160s][8748][7584 ][info][gc,heap     ] GC(138) O: Soft Max Capacity: 3072M(100%)
[2026-06-26T18:17:09.449-0300][2536.160s][8748][7584 ][info][gc,heap     ] GC(138) O: Heap Statistics:
[2026-06-26T18:17:09.449-0300][2536.160s][8748][7584 ][info][gc,heap     ] GC(138) O:                Mark Start          Mark End        Relocate Start      Relocate End           High               Low         
[2026-06-26T18:17:09.449-0300][2536.160s][8748][7584 ][info][gc,heap     ] GC(138) O:  Capacity:     2906M (95%)        2906M (95%)        2906M (95%)        2906M (95%)        2906M (95%)        2906M (95%)    
[2026-06-26T18:17:09.449-0300][2536.160s][8748][7584 ][info][gc,heap     ] GC(138) O:      Free:      378M (12%)         936M (30%)         934M (30%)         962M (31%)        1058M (34%)         370M (12%)    
[2026-06-26T18:17:09.449-0300][2536.160s][8748][7584 ][info][gc,heap     ] GC(138) O:      Used:     2694M (88%)        2136M (70%)        2138M (70%)        2110M (69%)        2702M (88%)        2014M (66%)    
[2026-06-26T18:17:09.449-0300][2536.160s][8748][7584 ][info][gc,heap     ] GC(138) O: Old Generation Statistics:
[2026-06-26T18:17:09.449-0300][2536.160s][8748][7584 ][info][gc,heap     ] GC(138) O:                Mark Start          Mark End        Relocate Start      Relocate End    
[2026-06-26T18:17:09.449-0300][2536.160s][8748][7584 ][info][gc,heap     ] GC(138) O:      Used:     2000M (65%)        2000M (65%)        2000M (65%)        1972M (64%)    
[2026-06-26T18:17:09.449-0300][2536.160s][8748][7584 ][info][gc,heap     ] GC(138) O:      Live:         -              1866M (61%)        1866M (61%)        1866M (61%)    
[2026-06-26T18:17:09.449-0300][2536.160s][8748][7584 ][info][gc,heap     ] GC(138) O:   Garbage:         -               133M (4%)          133M (4%)           96M (3%)     
[2026-06-26T18:17:09.449-0300][2536.160s][8748][7584 ][info][gc,heap     ] GC(138) O: Allocated:         -                 0M (0%)            0M (0%)            9M (0%)     
[2026-06-26T18:17:09.449-0300][2536.160s][8748][7584 ][info][gc,heap     ] GC(138) O: Reclaimed:         -                  -                 0M (0%)           37M (1%)     
[2026-06-26T18:17:09.449-0300][2536.160s][8748][7584 ][info][gc,heap     ] GC(138) O: Compacted:         -                  -                  -                26M (1%)     
[2026-06-26T18:17:09.449-0300][2536.160s][8748][7584 ][info][gc,phases   ] GC(138) O: Old Generation 2014M(66%)->2110M(69%) 3.296s
[2026-06-26T18:17:09.449-0300][2536.160s][8748][7584 ][info][gc          ] GC(138) Major Collection (Proactive) 2694M(88%)->2110M(69%) 3.321s
[2026-06-26T18:17:32.346-0300][2559.056s][8748][8884 ][info][gc          ] GC(139) Minor Collection (High Usage)
[2026-06-26T18:17:32.346-0300][2559.056s][8748][8884 ][info][gc,task     ] GC(139) Using 1 Workers for Young Generation
[2026-06-26T18:17:32.346-0300][2559.056s][8748][8884 ][info][gc,phases   ] GC(139) y: Young Generation
[2026-06-26T18:17:32.346-0300][2559.056s][8748][16824][info][gc,phases   ] GC(139) y: Pause Mark Start 0.009ms
[2026-06-26T18:17:32.383-0300][2559.094s][8748][8884 ][info][gc,phases   ] GC(139) y: Concurrent Mark 37.079ms
[2026-06-26T18:17:32.383-0300][2559.094s][8748][16824][info][gc,phases   ] GC(139) y: Pause Mark End 0.015ms
[2026-06-26T18:17:32.383-0300][2559.094s][8748][8884 ][info][gc,phases   ] GC(139) y: Concurrent Mark Free 0.004ms
[2026-06-26T18:17:32.383-0300][2559.094s][8748][8884 ][info][gc,phases   ] GC(139) y: Concurrent Reset Relocation Set 0.004ms
[2026-06-26T18:17:32.383-0300][2559.094s][8748][8884 ][info][gc,reloc    ] GC(139) y: Using tenuring threshold: 4 (Computed)
[2026-06-26T18:17:32.383-0300][2559.094s][8748][8884 ][info][gc,phases   ] GC(139) y: Concurrent Select Relocation Set 0.549ms
[2026-06-26T18:17:32.383-0300][2559.094s][8748][16824][info][gc,phases   ] GC(139) y: Pause Relocate Start 0.005ms
[2026-06-26T18:17:32.385-0300][2559.096s][8748][8884 ][info][gc,phases   ] GC(139) y: Concurrent Relocate 1.141ms
[2026-06-26T18:17:32.385-0300][2559.096s][8748][8884 ][info][gc,alloc    ] GC(139) y:                         Mark Start        Mark End      Relocate Start    Relocate End   
[2026-06-26T18:17:32.385-0300][2559.096s][8748][8884 ][info][gc,alloc    ] GC(139) y: Allocation Stalls:          0                0                0                0         
[2026-06-26T18:17:32.385-0300][2559.096s][8748][8884 ][info][gc,load     ] GC(139) y: Load: 0.00 (0%) / 0.00 (0%) / 0.00 (0%)
[2026-06-26T18:17:32.385-0300][2559.096s][8748][8884 ][info][gc,mmu      ] GC(139) y: MMU: 2ms/44.2%, 5ms/77.7%, 10ms/88.8%, 20ms/94.4%, 50ms/94.8%, 100ms/97.4%
[2026-06-26T18:17:32.385-0300][2559.096s][8748][8884 ][info][gc,marking  ] GC(139) y: Mark: 1 stripe(s), 2 proactive flush(es), 1 terminate flush(es), 0 completion(s), 0 continuation(s) 
[2026-06-26T18:17:32.385-0300][2559.096s][8748][8884 ][info][gc,nmethod  ] GC(139) y: NMethods: 10411 registered, 1331 unregistered
[2026-06-26T18:17:32.385-0300][2559.096s][8748][8884 ][info][gc,metaspace] GC(139) y: Metaspace: 81M used, 84M committed, 1152M reserved
[2026-06-26T18:17:32.385-0300][2559.096s][8748][8884 ][info][gc,reloc    ] GC(139) y:                        Candidates     Selected     In-Place         Size        Empty    Relocated 
[2026-06-26T18:17:32.385-0300][2559.096s][8748][8884 ][info][gc,reloc    ] GC(139) y: Small Pages:                  455           57            0         910M         794M           0M 
[2026-06-26T18:17:32.385-0300][2559.096s][8748][8884 ][info][gc,reloc    ] GC(139) y: Medium Pages:                   0            0            0           0M           0M           0M 
[2026-06-26T18:17:32.385-0300][2559.096s][8748][8884 ][info][gc,reloc    ] GC(139) y: Large Pages:                    0            0            0           0M           0M           0M 
[2026-06-26T18:17:32.385-0300][2559.096s][8748][8884 ][info][gc,reloc    ] GC(139) y: Forwarding Usage: 0M
[2026-06-26T18:17:32.385-0300][2559.096s][8748][8884 ][info][gc,reloc    ] GC(139) y: Age Table:
[2026-06-26T18:17:32.385-0300][2559.096s][8748][8884 ][info][gc,reloc    ] GC(139) y:                    Live             Garbage             Small              Medium             Large        
[2026-06-26T18:17:32.385-0300][2559.096s][8748][8884 ][info][gc,reloc    ] GC(139) y: Eden               0M (0%)          903M (29%)        452 / 54             0 / 0              0 / 0        
[2026-06-26T18:17:32.385-0300][2559.096s][8748][8884 ][info][gc,reloc    ] GC(139) y: Survivor 1         0M (0%)            1M (0%)           1 / 1              0 / 0              0 / 0        
[2026-06-26T18:17:32.385-0300][2559.096s][8748][8884 ][info][gc,reloc    ] GC(139) y: Survivor 2         0M (0%)            1M (0%)           1 / 1              0 / 0              0 / 0        
[2026-06-26T18:17:32.385-0300][2559.096s][8748][8884 ][info][gc,reloc    ] GC(139) y: Survivor 3         0M (0%)            1M (0%)           1 / 1              0 / 0              0 / 0        
[2026-06-26T18:17:32.385-0300][2559.096s][8748][8884 ][info][gc,heap     ] GC(139) y: Min Capacity: 8M(0%)
[2026-06-26T18:17:32.385-0300][2559.096s][8748][8884 ][info][gc,heap     ] GC(139) y: Max Capacity: 3072M(100%)
[2026-06-26T18:17:32.385-0300][2559.096s][8748][8884 ][info][gc,heap     ] GC(139) y: Soft Max Capacity: 3072M(100%)
[2026-06-26T18:17:32.385-0300][2559.096s][8748][8884 ][info][gc,heap     ] GC(139) y: Heap Statistics:
[2026-06-26T18:17:32.385-0300][2559.096s][8748][8884 ][info][gc,heap     ] GC(139) y:                Mark Start          Mark End        Relocate Start      Relocate End           High               Low         
[2026-06-26T18:17:32.385-0300][2559.096s][8748][8884 ][info][gc,heap     ] GC(139) y:  Capacity:     2906M (95%)        2906M (95%)        2906M (95%)        2906M (95%)        2906M (95%)        2906M (95%)    
[2026-06-26T18:17:32.385-0300][2559.096s][8748][8884 ][info][gc,heap     ] GC(139) y:      Free:      190M (6%)          174M (6%)          968M (32%)        1072M (35%)        1072M (35%)         174M (6%)     
[2026-06-26T18:17:32.385-0300][2559.096s][8748][8884 ][info][gc,heap     ] GC(139) y:      Used:     2882M (94%)        2898M (94%)        2104M (68%)        2000M (65%)        2898M (94%)        2000M (65%)    
[2026-06-26T18:17:32.385-0300][2559.096s][8748][8884 ][info][gc,heap     ] GC(139) y: Young Generation Statistics:
[2026-06-26T18:17:32.385-0300][2559.096s][8748][8884 ][info][gc,heap     ] GC(139) y:                Mark Start          Mark End        Relocate Start      Relocate End    
[2026-06-26T18:17:32.385-0300][2559.096s][8748][8884 ][info][gc,heap     ] GC(139) y:      Used:      910M (30%)         926M (30%)         132M (4%)           28M (1%)     
[2026-06-26T18:17:32.385-0300][2559.096s][8748][8884 ][info][gc,heap     ] GC(139) y:      Live:         -                 0M (0%)            0M (0%)            0M (0%)     
[2026-06-26T18:17:32.385-0300][2559.096s][8748][8884 ][info][gc,heap     ] GC(139) y:   Garbage:         -               909M (30%)         115M (4%)            0M (0%)     
[2026-06-26T18:17:32.385-0300][2559.096s][8748][8884 ][info][gc,heap     ] GC(139) y: Allocated:         -                16M (1%)           16M (1%)           27M (1%)     
[2026-06-26T18:17:32.385-0300][2559.096s][8748][8884 ][info][gc,heap     ] GC(139) y: Reclaimed:         -                  -               794M (26%)         909M (30%)    
[2026-06-26T18:17:32.385-0300][2559.096s][8748][8884 ][info][gc,heap     ] GC(139) y:  Promoted:         -                  -                 0M (0%)            0M (0%)     
[2026-06-26T18:17:32.385-0300][2559.096s][8748][8884 ][info][gc,heap     ] GC(139) y: Compacted:         -                  -                  -                 0M (0%)     
[2026-06-26T18:17:32.385-0300][2559.096s][8748][8884 ][info][gc,phases   ] GC(139) y: Young Generation 2882M(94%)->2000M(65%) 0.039s
[2026-06-26T18:17:32.385-0300][2559.096s][8748][8884 ][info][gc          ] GC(139) Minor Collection (High Usage) 2882M(94%)->2000M(65%) 0.040s
[2026-06-26T18:17:54.915-0300][2581.626s][8748][8884 ][info][gc          ] GC(140) Minor Collection (High Usage)
[2026-06-26T18:17:54.915-0300][2581.626s][8748][8884 ][info][gc,task     ] GC(140) Using 1 Workers for Young Generation
[2026-06-26T18:17:54.915-0300][2581.626s][8748][8884 ][info][gc,phases   ] GC(140) y: Young Generation
[2026-06-26T18:17:54.915-0300][2581.626s][8748][16824][info][gc,phases   ] GC(140) y: Pause Mark Start 0.009ms
[2026-06-26T18:17:54.947-0300][2581.658s][8748][8884 ][info][gc,phases   ] GC(140) y: Concurrent Mark 31.260ms
[2026-06-26T18:17:54.947-0300][2581.658s][8748][16824][info][gc,phases   ] GC(140) y: Pause Mark End 0.013ms
[2026-06-26T18:17:54.947-0300][2581.658s][8748][8884 ][info][gc,phases   ] GC(140) y: Concurrent Mark Free 0.003ms
[2026-06-26T18:17:54.947-0300][2581.658s][8748][8884 ][info][gc,phases   ] GC(140) y: Concurrent Reset Relocation Set 0.003ms
[2026-06-26T18:17:54.947-0300][2581.658s][8748][8884 ][info][gc,reloc    ] GC(140) y: Using tenuring threshold: 4 (Computed)
[2026-06-26T18:17:54.947-0300][2581.658s][8748][8884 ][info][gc,phases   ] GC(140) y: Concurrent Select Relocation Set 0.383ms
[2026-06-26T18:17:54.947-0300][2581.658s][8748][16824][info][gc,phases   ] GC(140) y: Pause Relocate Start 0.004ms
[2026-06-26T18:17:54.949-0300][2581.660s][8748][8884 ][info][gc,phases   ] GC(140) y: Concurrent Relocate 1.706ms
[2026-06-26T18:17:54.949-0300][2581.660s][8748][8884 ][info][gc,alloc    ] GC(140) y:                         Mark Start        Mark End      Relocate Start    Relocate End   
[2026-06-26T18:17:54.949-0300][2581.660s][8748][8884 ][info][gc,alloc    ] GC(140) y: Allocation Stalls:          0                0                0                0         
[2026-06-26T18:17:54.949-0300][2581.660s][8748][8884 ][info][gc,load     ] GC(140) y: Load: 0.00 (0%) / 0.00 (0%) / 0.00 (0%)
[2026-06-26T18:17:54.949-0300][2581.660s][8748][8884 ][info][gc,mmu      ] GC(140) y: MMU: 2ms/44.2%, 5ms/77.7%, 10ms/88.8%, 20ms/94.4%, 50ms/94.8%, 100ms/97.4%
[2026-06-26T18:17:54.949-0300][2581.660s][8748][8884 ][info][gc,marking  ] GC(140) y: Mark: 1 stripe(s), 2 proactive flush(es), 1 terminate flush(es), 0 completion(s), 0 continuation(s) 
[2026-06-26T18:17:54.949-0300][2581.660s][8748][8884 ][info][gc,nmethod  ] GC(140) y: NMethods: 10478 registered, 1331 unregistered
[2026-06-26T18:17:54.949-0300][2581.660s][8748][8884 ][info][gc,metaspace] GC(140) y: Metaspace: 81M used, 84M committed, 1152M reserved
[2026-06-26T18:17:54.949-0300][2581.660s][8748][8884 ][info][gc,reloc    ] GC(140) y:                        Candidates     Selected     In-Place         Size        Empty    Relocated 
[2026-06-26T18:17:54.949-0300][2581.660s][8748][8884 ][info][gc,reloc    ] GC(140) y: Small Pages:                  455           90            0         910M         728M           1M 
[2026-06-26T18:17:54.949-0300][2581.660s][8748][8884 ][info][gc,reloc    ] GC(140) y: Medium Pages:                   0            0            0           0M           0M           0M 
[2026-06-26T18:17:54.949-0300][2581.660s][8748][8884 ][info][gc,reloc    ] GC(140) y: Large Pages:                    0            0            0           0M           0M           0M 
[2026-06-26T18:17:54.949-0300][2581.660s][8748][8884 ][info][gc,reloc    ] GC(140) y: Forwarding Usage: 0M
[2026-06-26T18:17:54.949-0300][2581.660s][8748][8884 ][info][gc,reloc    ] GC(140) y: Age Table:
[2026-06-26T18:17:54.949-0300][2581.660s][8748][8884 ][info][gc,reloc    ] GC(140) y:                    Live             Garbage             Small              Medium             Large        
[2026-06-26T18:17:54.949-0300][2581.660s][8748][8884 ][info][gc,reloc    ] GC(140) y: Eden               0M (0%)          897M (29%)        449 / 85             0 / 0              0 / 0        
[2026-06-26T18:17:54.949-0300][2581.660s][8748][8884 ][info][gc,reloc    ] GC(140) y: Survivor 1         0M (0%)            1M (0%)           1 / 1              0 / 0              0 / 0        
[2026-06-26T18:17:54.949-0300][2581.660s][8748][8884 ][info][gc,reloc    ] GC(140) y: Survivor 2         0M (0%)            3M (0%)           2 / 1              0 / 0              0 / 0        
[2026-06-26T18:17:54.949-0300][2581.660s][8748][8884 ][info][gc,reloc    ] GC(140) y: Survivor 3         0M (0%)            1M (0%)           1 / 1              0 / 0              0 / 0        
[2026-06-26T18:17:54.949-0300][2581.660s][8748][8884 ][info][gc,reloc    ] GC(140) y: Survivor 4         0M (0%)            3M (0%)           2 / 2              0 / 0              0 / 0        
[2026-06-26T18:17:54.949-0300][2581.660s][8748][8884 ][info][gc,heap     ] GC(140) y: Min Capacity: 8M(0%)
[2026-06-26T18:17:54.949-0300][2581.660s][8748][8884 ][info][gc,heap     ] GC(140) y: Max Capacity: 3072M(100%)
[2026-06-26T18:17:54.949-0300][2581.660s][8748][8884 ][info][gc,heap     ] GC(140) y: Soft Max Capacity: 3072M(100%)
[2026-06-26T18:17:54.949-0300][2581.660s][8748][8884 ][info][gc,heap     ] GC(140) y: Heap Statistics:
[2026-06-26T18:17:54.949-0300][2581.660s][8748][8884 ][info][gc,heap     ] GC(140) y:                Mark Start          Mark End        Relocate Start      Relocate End           High               Low         
[2026-06-26T18:17:54.949-0300][2581.660s][8748][8884 ][info][gc,heap     ] GC(140) y:  Capacity:     2906M (95%)        2906M (95%)        2906M (95%)        2906M (95%)        2906M (95%)        2906M (95%)    
[2026-06-26T18:17:54.949-0300][2581.660s][8748][8884 ][info][gc,heap     ] GC(140) y:      Free:      190M (6%)          170M (6%)          898M (29%)        1062M (35%)        1062M (35%)         170M (6%)     
[2026-06-26T18:17:54.949-0300][2581.660s][8748][8884 ][info][gc,heap     ] GC(140) y:      Used:     2882M (94%)        2902M (94%)        2174M (71%)        2010M (65%)        2902M (94%)        2010M (65%)    
[2026-06-26T18:17:54.949-0300][2581.660s][8748][8884 ][info][gc,heap     ] GC(140) y: Young Generation Statistics:
[2026-06-26T18:17:54.949-0300][2581.660s][8748][8884 ][info][gc,heap     ] GC(140) y:                Mark Start          Mark End        Relocate Start      Relocate End    
[2026-06-26T18:17:54.949-0300][2581.660s][8748][8884 ][info][gc,heap     ] GC(140) y:      Used:      910M (30%)         930M (30%)         202M (7%)           34M (1%)     
[2026-06-26T18:17:54.949-0300][2581.660s][8748][8884 ][info][gc,heap     ] GC(140) y:      Live:         -                 1M (0%)            1M (0%)            0M (0%)     
[2026-06-26T18:17:54.949-0300][2581.660s][8748][8884 ][info][gc,heap     ] GC(140) y:   Garbage:         -               908M (30%)         180M (6%)            0M (0%)     
[2026-06-26T18:17:54.949-0300][2581.660s][8748][8884 ][info][gc,heap     ] GC(140) y: Allocated:         -                20M (1%)           20M (1%)           33M (1%)     
[2026-06-26T18:17:54.949-0300][2581.660s][8748][8884 ][info][gc,heap     ] GC(140) y: Reclaimed:         -                  -               728M (24%)         908M (30%)    
[2026-06-26T18:17:54.949-0300][2581.660s][8748][8884 ][info][gc,heap     ] GC(140) y:  Promoted:         -                  -                 0M (0%)            0M (0%)     
[2026-06-26T18:17:54.949-0300][2581.660s][8748][8884 ][info][gc,heap     ] GC(140) y: Compacted:         -                  -                  -                 0M (0%)     
[2026-06-26T18:17:54.949-0300][2581.660s][8748][8884 ][info][gc,phases   ] GC(140) y: Young Generation 2882M(94%)->2010M(65%) 0.034s
[2026-06-26T18:17:54.949-0300][2581.660s][8748][8884 ][info][gc          ] GC(140) Minor Collection (High Usage) 2882M(94%)->2010M(65%) 0.034s
[2026-06-26T18:18:16.027-0300][2602.738s][8748][8884 ][info][gc          ] GC(141) Minor Collection (High Usage)
[2026-06-26T18:18:16.027-0300][2602.738s][8748][8884 ][info][gc,task     ] GC(141) Using 1 Workers for Young Generation
[2026-06-26T18:18:16.027-0300][2602.738s][8748][8884 ][info][gc,phases   ] GC(141) y: Young Generation
[2026-06-26T18:18:16.027-0300][2602.738s][8748][16824][info][gc,phases   ] GC(141) y: Pause Mark Start 0.009ms
[2026-06-26T18:18:16.076-0300][2602.787s][8748][8884 ][info][gc,phases   ] GC(141) y: Concurrent Mark 49.361ms
[2026-06-26T18:18:16.076-0300][2602.787s][8748][16824][info][gc,phases   ] GC(141) y: Pause Mark End 0.013ms
[2026-06-26T18:18:16.076-0300][2602.787s][8748][8884 ][info][gc,phases   ] GC(141) y: Concurrent Mark Free 0.002ms
[2026-06-26T18:18:16.076-0300][2602.787s][8748][8884 ][info][gc,phases   ] GC(141) y: Concurrent Reset Relocation Set 0.005ms
[2026-06-26T18:18:16.076-0300][2602.788s][8748][8884 ][info][gc,reloc    ] GC(141) y: Using tenuring threshold: 4 (Computed)
[2026-06-26T18:18:16.077-0300][2602.788s][8748][8884 ][info][gc,phases   ] GC(141) y: Concurrent Select Relocation Set 0.514ms
[2026-06-26T18:18:16.077-0300][2602.788s][8748][16824][info][gc,phases   ] GC(141) y: Pause Relocate Start 0.004ms
[2026-06-26T18:18:16.080-0300][2602.791s][8748][8884 ][info][gc,phases   ] GC(141) y: Concurrent Relocate 3.009ms
[2026-06-26T18:18:16.080-0300][2602.791s][8748][8884 ][info][gc,alloc    ] GC(141) y:                         Mark Start        Mark End      Relocate Start    Relocate End   
[2026-06-26T18:18:16.080-0300][2602.791s][8748][8884 ][info][gc,alloc    ] GC(141) y: Allocation Stalls:          0                0                0                0         
[2026-06-26T18:18:16.080-0300][2602.791s][8748][8884 ][info][gc,load     ] GC(141) y: Load: 0.00 (0%) / 0.00 (0%) / 0.00 (0%)
[2026-06-26T18:18:16.080-0300][2602.791s][8748][8884 ][info][gc,mmu      ] GC(141) y: MMU: 2ms/44.2%, 5ms/77.7%, 10ms/88.8%, 20ms/94.4%, 50ms/94.8%, 100ms/97.4%
[2026-06-26T18:18:16.080-0300][2602.791s][8748][8884 ][info][gc,marking  ] GC(141) y: Mark: 1 stripe(s), 2 proactive flush(es), 1 terminate flush(es), 0 completion(s), 0 continuation(s) 
[2026-06-26T18:18:16.080-0300][2602.791s][8748][8884 ][info][gc,nmethod  ] GC(141) y: NMethods: 10496 registered, 1331 unregistered
[2026-06-26T18:18:16.080-0300][2602.791s][8748][8884 ][info][gc,metaspace] GC(141) y: Metaspace: 81M used, 84M committed, 1152M reserved
[2026-06-26T18:18:16.080-0300][2602.791s][8748][8884 ][info][gc,reloc    ] GC(141) y:                        Candidates     Selected     In-Place         Size        Empty    Relocated 
[2026-06-26T18:18:16.080-0300][2602.791s][8748][8884 ][info][gc,reloc    ] GC(141) y: Small Pages:                  453          115            0         906M         672M           2M 
[2026-06-26T18:18:16.080-0300][2602.791s][8748][8884 ][info][gc,reloc    ] GC(141) y: Medium Pages:                   0            0            0           0M           0M           0M 
[2026-06-26T18:18:16.080-0300][2602.791s][8748][8884 ][info][gc,reloc    ] GC(141) y: Large Pages:                    0            0            0           0M           0M           0M 
[2026-06-26T18:18:16.080-0300][2602.791s][8748][8884 ][info][gc,reloc    ] GC(141) y: Forwarding Usage: 0M
[2026-06-26T18:18:16.080-0300][2602.791s][8748][8884 ][info][gc,reloc    ] GC(141) y: Age Table:
[2026-06-26T18:18:16.080-0300][2602.791s][8748][8884 ][info][gc,reloc    ] GC(141) y:                    Live             Garbage             Small              Medium             Large        
[2026-06-26T18:18:16.080-0300][2602.791s][8748][8884 ][info][gc,reloc    ] GC(141) y: Eden               2M (0%)          889M (29%)        446 / 109            0 / 0              0 / 0        
[2026-06-26T18:18:16.080-0300][2602.791s][8748][8884 ][info][gc,reloc    ] GC(141) y: Survivor 1         0M (0%)            3M (0%)           2 / 2              0 / 0              0 / 0        
[2026-06-26T18:18:16.080-0300][2602.791s][8748][8884 ][info][gc,reloc    ] GC(141) y: Survivor 2         0M (0%)            1M (0%)           1 / 1              0 / 0              0 / 0        
[2026-06-26T18:18:16.080-0300][2602.791s][8748][8884 ][info][gc,reloc    ] GC(141) y: Survivor 3         0M (0%)            3M (0%)           2 / 2              0 / 0              0 / 0        
[2026-06-26T18:18:16.080-0300][2602.791s][8748][8884 ][info][gc,reloc    ] GC(141) y: Survivor 4         0M (0%)            3M (0%)           2 / 1              0 / 0              0 / 0        
[2026-06-26T18:18:16.080-0300][2602.791s][8748][8884 ][info][gc,heap     ] GC(141) y: Min Capacity: 8M(0%)
[2026-06-26T18:18:16.080-0300][2602.791s][8748][8884 ][info][gc,heap     ] GC(141) y: Max Capacity: 3072M(100%)
[2026-06-26T18:18:16.080-0300][2602.791s][8748][8884 ][info][gc,heap     ] GC(141) y: Soft Max Capacity: 3072M(100%)
[2026-06-26T18:18:16.080-0300][2602.791s][8748][8884 ][info][gc,heap     ] GC(141) y: Heap Statistics:
[2026-06-26T18:18:16.080-0300][2602.791s][8748][8884 ][info][gc,heap     ] GC(141) y:                Mark Start          Mark End        Relocate Start      Relocate End           High               Low         
[2026-06-26T18:18:16.080-0300][2602.791s][8748][8884 ][info][gc,heap     ] GC(141) y:  Capacity:     2906M (95%)        2906M (95%)        2906M (95%)        2906M (95%)        2906M (95%)        2906M (95%)    
[2026-06-26T18:18:16.080-0300][2602.791s][8748][8884 ][info][gc,heap     ] GC(141) y:      Free:      190M (6%)          172M (6%)          844M (27%)        1060M (35%)        1060M (35%)         172M (6%)     
[2026-06-26T18:18:16.080-0300][2602.791s][8748][8884 ][info][gc,heap     ] GC(141) y:      Used:     2882M (94%)        2900M (94%)        2228M (73%)        2012M (65%)        2900M (94%)        2012M (65%)    
[2026-06-26T18:18:16.080-0300][2602.791s][8748][8884 ][info][gc,heap     ] GC(141) y: Young Generation Statistics:
[2026-06-26T18:18:16.080-0300][2602.791s][8748][8884 ][info][gc,heap     ] GC(141) y:                Mark Start          Mark End        Relocate Start      Relocate End    
[2026-06-26T18:18:16.080-0300][2602.791s][8748][8884 ][info][gc,heap     ] GC(141) y:      Used:      906M (29%)         924M (30%)         252M (8%)           34M (1%)     
[2026-06-26T18:18:16.080-0300][2602.791s][8748][8884 ][info][gc,heap     ] GC(141) y:      Live:         -                 2M (0%)            2M (0%)            2M (0%)     
[2026-06-26T18:18:16.080-0300][2602.791s][8748][8884 ][info][gc,heap     ] GC(141) y:   Garbage:         -               903M (29%)         231M (8%)            0M (0%)     
[2026-06-26T18:18:16.080-0300][2602.791s][8748][8884 ][info][gc,heap     ] GC(141) y: Allocated:         -                18M (1%)           18M (1%)           31M (1%)     
[2026-06-26T18:18:16.080-0300][2602.791s][8748][8884 ][info][gc,heap     ] GC(141) y: Reclaimed:         -                  -               672M (22%)         903M (29%)    
[2026-06-26T18:18:16.080-0300][2602.791s][8748][8884 ][info][gc,heap     ] GC(141) y:  Promoted:         -                  -                 0M (0%)            0M (0%)     
[2026-06-26T18:18:16.080-0300][2602.791s][8748][8884 ][info][gc,heap     ] GC(141) y: Compacted:         -                  -                  -                 2M (0%)     
[2026-06-26T18:18:16.080-0300][2602.791s][8748][8884 ][info][gc,phases   ] GC(141) y: Young Generation 2882M(94%)->2012M(65%) 0.053s
[2026-06-26T18:18:16.080-0300][2602.791s][8748][8884 ][info][gc          ] GC(141) Minor Collection (High Usage) 2882M(94%)->2012M(65%) 0.054s
[2026-06-26T18:18:38.186-0300][2624.897s][8748][8884 ][info][gc          ] GC(142) Minor Collection (High Usage)
[2026-06-26T18:18:38.186-0300][2624.897s][8748][8884 ][info][gc,task     ] GC(142) Using 1 Workers for Young Generation
[2026-06-26T18:18:38.186-0300][2624.897s][8748][8884 ][info][gc,phases   ] GC(142) y: Young Generation
[2026-06-26T18:18:38.186-0300][2624.897s][8748][16824][info][gc,phases   ] GC(142) y: Pause Mark Start 0.009ms
[2026-06-26T18:18:38.238-0300][2624.949s][8748][8884 ][info][gc,phases   ] GC(142) y: Concurrent Mark 52.170ms
[2026-06-26T18:18:38.238-0300][2624.949s][8748][16824][info][gc,phases   ] GC(142) y: Pause Mark End 0.012ms
[2026-06-26T18:18:38.238-0300][2624.949s][8748][8884 ][info][gc,phases   ] GC(142) y: Concurrent Mark Free 0.003ms
[2026-06-26T18:18:38.238-0300][2624.949s][8748][8884 ][info][gc,phases   ] GC(142) y: Concurrent Reset Relocation Set 0.004ms
[2026-06-26T18:18:38.238-0300][2624.950s][8748][8884 ][info][gc,reloc    ] GC(142) y: Using tenuring threshold: 4 (Computed)
[2026-06-26T18:18:38.238-0300][2624.950s][8748][8884 ][info][gc,phases   ] GC(142) y: Concurrent Select Relocation Set 0.798ms
[2026-06-26T18:18:38.238-0300][2624.950s][8748][16824][info][gc,phases   ] GC(142) y: Pause Relocate Start 0.005ms
[2026-06-26T18:18:38.243-0300][2624.954s][8748][8884 ][info][gc,phases   ] GC(142) y: Concurrent Relocate 4.088ms
[2026-06-26T18:18:38.243-0300][2624.954s][8748][8884 ][info][gc,alloc    ] GC(142) y:                         Mark Start        Mark End      Relocate Start    Relocate End   
[2026-06-26T18:18:38.243-0300][2624.954s][8748][8884 ][info][gc,alloc    ] GC(142) y: Allocation Stalls:          0                0                0                0         
[2026-06-26T18:18:38.243-0300][2624.954s][8748][8884 ][info][gc,load     ] GC(142) y: Load: 0.00 (0%) / 0.00 (0%) / 0.00 (0%)
[2026-06-26T18:18:38.243-0300][2624.954s][8748][8884 ][info][gc,mmu      ] GC(142) y: MMU: 2ms/44.2%, 5ms/77.7%, 10ms/88.8%, 20ms/94.4%, 50ms/94.8%, 100ms/97.4%
[2026-06-26T18:18:38.243-0300][2624.954s][8748][8884 ][info][gc,marking  ] GC(142) y: Mark: 1 stripe(s), 2 proactive flush(es), 1 terminate flush(es), 0 completion(s), 0 continuation(s) 
[2026-06-26T18:18:38.243-0300][2624.954s][8748][8884 ][info][gc,nmethod  ] GC(142) y: NMethods: 10538 registered, 1331 unregistered
[2026-06-26T18:18:38.243-0300][2624.954s][8748][8884 ][info][gc,metaspace] GC(142) y: Metaspace: 81M used, 84M committed, 1152M reserved
[2026-06-26T18:18:38.243-0300][2624.954s][8748][8884 ][info][gc,reloc    ] GC(142) y:                        Candidates     Selected     In-Place         Size        Empty    Relocated 
[2026-06-26T18:18:38.243-0300][2624.954s][8748][8884 ][info][gc,reloc    ] GC(142) y: Small Pages:                  452          127            0         904M         644M           2M 
[2026-06-26T18:18:38.243-0300][2624.955s][8748][8884 ][info][gc,reloc    ] GC(142) y: Medium Pages:                   0            0            0           0M           0M           0M 
[2026-06-26T18:18:38.243-0300][2624.955s][8748][8884 ][info][gc,reloc    ] GC(142) y: Large Pages:                    0            0            0           0M           0M           0M 
[2026-06-26T18:18:38.243-0300][2624.955s][8748][8884 ][info][gc,reloc    ] GC(142) y: Forwarding Usage: 0M
[2026-06-26T18:18:38.243-0300][2624.955s][8748][8884 ][info][gc,reloc    ] GC(142) y: Age Table:
[2026-06-26T18:18:38.243-0300][2624.955s][8748][8884 ][info][gc,reloc    ] GC(142) y:                    Live             Garbage             Small              Medium             Large        
[2026-06-26T18:18:38.243-0300][2624.955s][8748][8884 ][info][gc,reloc    ] GC(142) y: Eden               2M (0%)          885M (29%)        444 / 122            0 / 0              0 / 0        
[2026-06-26T18:18:38.243-0300][2624.955s][8748][8884 ][info][gc,reloc    ] GC(142) y: Survivor 1         0M (0%)            5M (0%)           3 / 0              0 / 0              0 / 0        
[2026-06-26T18:18:38.243-0300][2624.955s][8748][8884 ][info][gc,reloc    ] GC(142) y: Survivor 2         0M (0%)            3M (0%)           2 / 2              0 / 0              0 / 0        
[2026-06-26T18:18:38.243-0300][2624.955s][8748][8884 ][info][gc,reloc    ] GC(142) y: Survivor 3         0M (0%)            1M (0%)           1 / 1              0 / 0              0 / 0        
[2026-06-26T18:18:38.243-0300][2624.955s][8748][8884 ][info][gc,reloc    ] GC(142) y: Survivor 4         0M (0%)            3M (0%)           2 / 2              0 / 0              0 / 0        
[2026-06-26T18:18:38.243-0300][2624.955s][8748][8884 ][info][gc,heap     ] GC(142) y: Min Capacity: 8M(0%)
[2026-06-26T18:18:38.243-0300][2624.955s][8748][8884 ][info][gc,heap     ] GC(142) y: Max Capacity: 3072M(100%)
[2026-06-26T18:18:38.243-0300][2624.955s][8748][8884 ][info][gc,heap     ] GC(142) y: Soft Max Capacity: 3072M(100%)
[2026-06-26T18:18:38.243-0300][2624.955s][8748][8884 ][info][gc,heap     ] GC(142) y: Heap Statistics:
[2026-06-26T18:18:38.243-0300][2624.955s][8748][8884 ][info][gc,heap     ] GC(142) y:                Mark Start          Mark End        Relocate Start      Relocate End           High               Low         
[2026-06-26T18:18:38.243-0300][2624.955s][8748][8884 ][info][gc,heap     ] GC(142) y:  Capacity:     2906M (95%)        2906M (95%)        2906M (95%)        2906M (95%)        2906M (95%)        2906M (95%)    
[2026-06-26T18:18:38.243-0300][2624.955s][8748][8884 ][info][gc,heap     ] GC(142) y:      Free:      190M (6%)          168M (5%)          812M (26%)        1056M (34%)        1056M (34%)         168M (5%)     
[2026-06-26T18:18:38.243-0300][2624.955s][8748][8884 ][info][gc,heap     ] GC(142) y:      Used:     2882M (94%)        2904M (95%)        2260M (74%)        2016M (66%)        2904M (95%)        2016M (66%)    
[2026-06-26T18:18:38.243-0300][2624.955s][8748][8884 ][info][gc,heap     ] GC(142) y: Young Generation Statistics:
[2026-06-26T18:18:38.243-0300][2624.955s][8748][8884 ][info][gc,heap     ] GC(142) y:                Mark Start          Mark End        Relocate Start      Relocate End    
[2026-06-26T18:18:38.243-0300][2624.955s][8748][8884 ][info][gc,heap     ] GC(142) y:      Used:      904M (29%)         926M (30%)         282M (9%)           36M (1%)     
[2026-06-26T18:18:38.243-0300][2624.955s][8748][8884 ][info][gc,heap     ] GC(142) y:      Live:         -                 3M (0%)            3M (0%)            3M (0%)     
[2026-06-26T18:18:38.243-0300][2624.955s][8748][8884 ][info][gc,heap     ] GC(142) y:   Garbage:         -               900M (29%)         256M (8%)            1M (0%)     
[2026-06-26T18:18:38.243-0300][2624.955s][8748][8884 ][info][gc,heap     ] GC(142) y: Allocated:         -                22M (1%)           22M (1%)           31M (1%)     
[2026-06-26T18:18:38.243-0300][2624.955s][8748][8884 ][info][gc,heap     ] GC(142) y: Reclaimed:         -                  -               644M (21%)         899M (29%)    
[2026-06-26T18:18:38.243-0300][2624.955s][8748][8884 ][info][gc,heap     ] GC(142) y:  Promoted:         -                  -                 0M (0%)            0M (0%)     
[2026-06-26T18:18:38.243-0300][2624.955s][8748][8884 ][info][gc,heap     ] GC(142) y: Compacted:         -                  -                  -                 2M (0%)     
[2026-06-26T18:18:38.243-0300][2624.955s][8748][8884 ][info][gc,phases   ] GC(142) y: Young Generation 2882M(94%)->2016M(66%) 0.057s
[2026-06-26T18:18:38.243-0300][2624.955s][8748][8884 ][info][gc          ] GC(142) Minor Collection (High Usage) 2882M(94%)->2016M(66%) 0.058s
[2026-06-26T18:19:02.979-0300][2649.690s][8748][8884 ][info][gc          ] GC(143) Minor Collection (High Usage)
[2026-06-26T18:19:02.979-0300][2649.690s][8748][8884 ][info][gc,task     ] GC(143) Using 1 Workers for Young Generation
[2026-06-26T18:19:02.979-0300][2649.690s][8748][8884 ][info][gc,phases   ] GC(143) y: Young Generation
[2026-06-26T18:19:02.979-0300][2649.690s][8748][16824][info][gc,phases   ] GC(143) y: Pause Mark Start 0.009ms
[2026-06-26T18:19:03.024-0300][2649.735s][8748][8884 ][info][gc,phases   ] GC(143) y: Concurrent Mark 45.333ms
[2026-06-26T18:19:03.024-0300][2649.735s][8748][16824][info][gc,phases   ] GC(143) y: Pause Mark End 0.011ms
[2026-06-26T18:19:03.024-0300][2649.735s][8748][8884 ][info][gc,phases   ] GC(143) y: Concurrent Mark Free 0.001ms
[2026-06-26T18:19:03.024-0300][2649.735s][8748][8884 ][info][gc,phases   ] GC(143) y: Concurrent Reset Relocation Set 0.004ms
[2026-06-26T18:19:03.024-0300][2649.736s][8748][8884 ][info][gc,reloc    ] GC(143) y: Using tenuring threshold: 5 (Computed)
[2026-06-26T18:19:03.025-0300][2649.736s][8748][8884 ][info][gc,phases   ] GC(143) y: Concurrent Select Relocation Set 0.367ms
[2026-06-26T18:19:03.025-0300][2649.736s][8748][16824][info][gc,phases   ] GC(143) y: Pause Relocate Start 0.004ms
[2026-06-26T18:19:03.028-0300][2649.739s][8748][8884 ][info][gc,phases   ] GC(143) y: Concurrent Relocate 3.091ms
[2026-06-26T18:19:03.028-0300][2649.739s][8748][8884 ][info][gc,alloc    ] GC(143) y:                         Mark Start        Mark End      Relocate Start    Relocate End   
[2026-06-26T18:19:03.028-0300][2649.739s][8748][8884 ][info][gc,alloc    ] GC(143) y: Allocation Stalls:          0                0                0                0         
[2026-06-26T18:19:03.028-0300][2649.739s][8748][8884 ][info][gc,load     ] GC(143) y: Load: 0.00 (0%) / 0.00 (0%) / 0.00 (0%)
[2026-06-26T18:19:03.028-0300][2649.739s][8748][8884 ][info][gc,mmu      ] GC(143) y: MMU: 2ms/44.2%, 5ms/77.7%, 10ms/88.8%, 20ms/94.4%, 50ms/94.8%, 100ms/97.4%
[2026-06-26T18:19:03.028-0300][2649.739s][8748][8884 ][info][gc,marking  ] GC(143) y: Mark: 1 stripe(s), 2 proactive flush(es), 1 terminate flush(es), 0 completion(s), 0 continuation(s) 
[2026-06-26T18:19:03.028-0300][2649.739s][8748][8884 ][info][gc,nmethod  ] GC(143) y: NMethods: 10900 registered, 1331 unregistered
[2026-06-26T18:19:03.028-0300][2649.739s][8748][8884 ][info][gc,metaspace] GC(143) y: Metaspace: 82M used, 84M committed, 1152M reserved
[2026-06-26T18:19:03.028-0300][2649.739s][8748][8884 ][info][gc,reloc    ] GC(143) y:                        Candidates     Selected     In-Place         Size        Empty    Relocated 
[2026-06-26T18:19:03.028-0300][2649.739s][8748][8884 ][info][gc,reloc    ] GC(143) y: Small Pages:                  451          133            0         902M         628M           2M 
[2026-06-26T18:19:03.028-0300][2649.739s][8748][8884 ][info][gc,reloc    ] GC(143) y: Medium Pages:                   0            0            0           0M           0M           0M 
[2026-06-26T18:19:03.028-0300][2649.739s][8748][8884 ][info][gc,reloc    ] GC(143) y: Large Pages:                    0            0            0           0M           0M           0M 
[2026-06-26T18:19:03.028-0300][2649.739s][8748][8884 ][info][gc,reloc    ] GC(143) y: Forwarding Usage: 0M
[2026-06-26T18:19:03.028-0300][2649.739s][8748][8884 ][info][gc,reloc    ] GC(143) y: Age Table:
[2026-06-26T18:19:03.028-0300][2649.739s][8748][8884 ][info][gc,reloc    ] GC(143) y:                    Live             Garbage             Small              Medium             Large        
[2026-06-26T18:19:03.028-0300][2649.739s][8748][8884 ][info][gc,reloc    ] GC(143) y: Eden               2M (0%)          885M (29%)        444 / 128            0 / 0              0 / 0        
[2026-06-26T18:19:03.028-0300][2649.739s][8748][8884 ][info][gc,reloc    ] GC(143) y: Survivor 1         2M (0%)            3M (0%)           3 / 2              0 / 0              0 / 0        
[2026-06-26T18:19:03.028-0300][2649.739s][8748][8884 ][info][gc,reloc    ] GC(143) y: Survivor 2         0M (0%)            3M (0%)           2 / 1              0 / 0              0 / 0        
[2026-06-26T18:19:03.028-0300][2649.739s][8748][8884 ][info][gc,reloc    ] GC(143) y: Survivor 3         0M (0%)            1M (0%)           1 / 1              0 / 0              0 / 0        
[2026-06-26T18:19:03.028-0300][2649.739s][8748][8884 ][info][gc,reloc    ] GC(143) y: Survivor 4         0M (0%)            1M (0%)           1 / 1              0 / 0              0 / 0        
[2026-06-26T18:19:03.028-0300][2649.739s][8748][8884 ][info][gc,heap     ] GC(143) y: Min Capacity: 8M(0%)
[2026-06-26T18:19:03.028-0300][2649.739s][8748][8884 ][info][gc,heap     ] GC(143) y: Max Capacity: 3072M(100%)
[2026-06-26T18:19:03.028-0300][2649.739s][8748][8884 ][info][gc,heap     ] GC(143) y: Soft Max Capacity: 3072M(100%)
[2026-06-26T18:19:03.028-0300][2649.739s][8748][8884 ][info][gc,heap     ] GC(143) y: Heap Statistics:
[2026-06-26T18:19:03.028-0300][2649.739s][8748][8884 ][info][gc,heap     ] GC(143) y:                Mark Start          Mark End        Relocate Start      Relocate End           High               Low         
[2026-06-26T18:19:03.028-0300][2649.739s][8748][8884 ][info][gc,heap     ] GC(143) y:  Capacity:     2906M (95%)        2906M (95%)        2906M (95%)        2906M (95%)        2906M (95%)        2906M (95%)    
[2026-06-26T18:19:03.028-0300][2649.739s][8748][8884 ][info][gc,heap     ] GC(143) y:      Free:      190M (6%)          170M (6%)          798M (26%)        1054M (34%)        1054M (34%)         170M (6%)     
[2026-06-26T18:19:03.028-0300][2649.739s][8748][8884 ][info][gc,heap     ] GC(143) y:      Used:     2882M (94%)        2902M (94%)        2274M (74%)        2018M (66%)        2902M (94%)        2018M (66%)    
[2026-06-26T18:19:03.028-0300][2649.739s][8748][8884 ][info][gc,heap     ] GC(143) y: Young Generation Statistics:
[2026-06-26T18:19:03.028-0300][2649.739s][8748][8884 ][info][gc,heap     ] GC(143) y:                Mark Start          Mark End        Relocate Start      Relocate End    
[2026-06-26T18:19:03.028-0300][2649.739s][8748][8884 ][info][gc,heap     ] GC(143) y:      Used:      902M (29%)         922M (30%)         294M (10%)          38M (1%)     
[2026-06-26T18:19:03.028-0300][2649.739s][8748][8884 ][info][gc,heap     ] GC(143) y:      Live:         -                 5M (0%)            5M (0%)            5M (0%)     
[2026-06-26T18:19:03.028-0300][2649.739s][8748][8884 ][info][gc,heap     ] GC(143) y:   Garbage:         -               896M (29%)         268M (9%)            1M (0%)     
[2026-06-26T18:19:03.028-0300][2649.739s][8748][8884 ][info][gc,heap     ] GC(143) y: Allocated:         -                20M (1%)           20M (1%)           30M (1%)     
[2026-06-26T18:19:03.028-0300][2649.739s][8748][8884 ][info][gc,heap     ] GC(143) y: Reclaimed:         -                  -               628M (20%)         894M (29%)    
[2026-06-26T18:19:03.028-0300][2649.739s][8748][8884 ][info][gc,heap     ] GC(143) y:  Promoted:         -                  -                 0M (0%)            0M (0%)     
[2026-06-26T18:19:03.028-0300][2649.739s][8748][8884 ][info][gc,heap     ] GC(143) y: Compacted:         -                  -                  -                 3M (0%)     
[2026-06-26T18:19:03.028-0300][2649.739s][8748][8884 ][info][gc,phases   ] GC(143) y: Young Generation 2882M(94%)->2018M(66%) 0.049s
[2026-06-26T18:19:03.028-0300][2649.739s][8748][8884 ][info][gc          ] GC(143) Minor Collection (High Usage) 2882M(94%)->2018M(66%) 0.050s
[2026-06-26T18:19:27.370-0300][2674.082s][8748][8884 ][info][gc          ] GC(144) Minor Collection (High Usage)
[2026-06-26T18:19:27.370-0300][2674.082s][8748][8884 ][info][gc,task     ] GC(144) Using 1 Workers for Young Generation
[2026-06-26T18:19:27.370-0300][2674.082s][8748][8884 ][info][gc,phases   ] GC(144) y: Young Generation
[2026-06-26T18:19:27.371-0300][2674.082s][8748][16824][info][gc,phases   ] GC(144) y: Pause Mark Start 0.008ms
[2026-06-26T18:19:27.415-0300][2674.126s][8748][8884 ][info][gc,phases   ] GC(144) y: Concurrent Mark 43.950ms
[2026-06-26T18:19:27.415-0300][2674.126s][8748][16824][info][gc,phases   ] GC(144) y: Pause Mark End 0.013ms
[2026-06-26T18:19:27.415-0300][2674.126s][8748][8884 ][info][gc,phases   ] GC(144) y: Concurrent Mark Free 0.003ms
[2026-06-26T18:19:27.415-0300][2674.126s][8748][8884 ][info][gc,phases   ] GC(144) y: Concurrent Reset Relocation Set 0.005ms
[2026-06-26T18:19:27.416-0300][2674.126s][8748][8884 ][info][gc,reloc    ] GC(144) y: Using tenuring threshold: 5 (Computed)
[2026-06-26T18:19:27.416-0300][2674.127s][8748][8884 ][info][gc,phases   ] GC(144) y: Concurrent Select Relocation Set 0.516ms
[2026-06-26T18:19:27.416-0300][2674.127s][8748][16824][info][gc,phases   ] GC(144) y: Pause Relocate Start 0.005ms
[2026-06-26T18:19:27.419-0300][2674.130s][8748][8884 ][info][gc,phases   ] GC(144) y: Concurrent Relocate 3.164ms
[2026-06-26T18:19:27.419-0300][2674.130s][8748][8884 ][info][gc,alloc    ] GC(144) y:                         Mark Start        Mark End      Relocate Start    Relocate End   
[2026-06-26T18:19:27.419-0300][2674.130s][8748][8884 ][info][gc,alloc    ] GC(144) y: Allocation Stalls:          0                0                0                0         
[2026-06-26T18:19:27.419-0300][2674.130s][8748][8884 ][info][gc,load     ] GC(144) y: Load: 0.00 (0%) / 0.00 (0%) / 0.00 (0%)
[2026-06-26T18:19:27.419-0300][2674.130s][8748][8884 ][info][gc,mmu      ] GC(144) y: MMU: 2ms/44.2%, 5ms/77.7%, 10ms/88.8%, 20ms/94.4%, 50ms/94.8%, 100ms/97.4%
[2026-06-26T18:19:27.419-0300][2674.130s][8748][8884 ][info][gc,marking  ] GC(144) y: Mark: 1 stripe(s), 2 proactive flush(es), 1 terminate flush(es), 0 completion(s), 0 continuation(s) 
[2026-06-26T18:19:27.419-0300][2674.130s][8748][8884 ][info][gc,nmethod  ] GC(144) y: NMethods: 10914 registered, 1331 unregistered
[2026-06-26T18:19:27.419-0300][2674.130s][8748][8884 ][info][gc,metaspace] GC(144) y: Metaspace: 82M used, 84M committed, 1152M reserved
[2026-06-26T18:19:27.419-0300][2674.130s][8748][8884 ][info][gc,reloc    ] GC(144) y:                        Candidates     Selected     In-Place         Size        Empty    Relocated 
[2026-06-26T18:19:27.419-0300][2674.130s][8748][8884 ][info][gc,reloc    ] GC(144) y: Small Pages:                  451          109            0         902M         676M           2M 
[2026-06-26T18:19:27.419-0300][2674.130s][8748][8884 ][info][gc,reloc    ] GC(144) y: Medium Pages:                   0            0            0           0M           0M           0M 
[2026-06-26T18:19:27.419-0300][2674.130s][8748][8884 ][info][gc,reloc    ] GC(144) y: Large Pages:                    0            0            0           0M           0M           0M 
[2026-06-26T18:19:27.419-0300][2674.130s][8748][8884 ][info][gc,reloc    ] GC(144) y: Forwarding Usage: 0M
[2026-06-26T18:19:27.419-0300][2674.130s][8748][8884 ][info][gc,reloc    ] GC(144) y: Age Table:
[2026-06-26T18:19:27.419-0300][2674.130s][8748][8884 ][info][gc,reloc    ] GC(144) y:                    Live             Garbage             Small              Medium             Large        
[2026-06-26T18:19:27.419-0300][2674.130s][8748][8884 ][info][gc,reloc    ] GC(144) y: Eden               0M (0%)          883M (29%)        442 / 104            0 / 0              0 / 0        
[2026-06-26T18:19:27.419-0300][2674.130s][8748][8884 ][info][gc,reloc    ] GC(144) y: Survivor 1         2M (0%)            3M (0%)           3 / 2              0 / 0              0 / 0        
[2026-06-26T18:19:27.419-0300][2674.130s][8748][8884 ][info][gc,reloc    ] GC(144) y: Survivor 2         2M (0%)            1M (0%)           2 / 0              0 / 0              0 / 0        
[2026-06-26T18:19:27.419-0300][2674.130s][8748][8884 ][info][gc,reloc    ] GC(144) y: Survivor 3         0M (0%)            1M (0%)           1 / 1              0 / 0              0 / 0        
[2026-06-26T18:19:27.419-0300][2674.130s][8748][8884 ][info][gc,reloc    ] GC(144) y: Survivor 4         0M (0%)            1M (0%)           1 / 1              0 / 0              0 / 0        
[2026-06-26T18:19:27.419-0300][2674.130s][8748][8884 ][info][gc,reloc    ] GC(144) y: Survivor 5         0M (0%)            3M (0%)           2 / 1              0 / 0              0 / 0        
[2026-06-26T18:19:27.419-0300][2674.130s][8748][8884 ][info][gc,heap     ] GC(144) y: Min Capacity: 8M(0%)
[2026-06-26T18:19:27.419-0300][2674.130s][8748][8884 ][info][gc,heap     ] GC(144) y: Max Capacity: 3072M(100%)
[2026-06-26T18:19:27.419-0300][2674.130s][8748][8884 ][info][gc,heap     ] GC(144) y: Soft Max Capacity: 3072M(100%)
[2026-06-26T18:19:27.419-0300][2674.130s][8748][8884 ][info][gc,heap     ] GC(144) y: Heap Statistics:
[2026-06-26T18:19:27.419-0300][2674.130s][8748][8884 ][info][gc,heap     ] GC(144) y:                Mark Start          Mark End        Relocate Start      Relocate End           High               Low         
[2026-06-26T18:19:27.419-0300][2674.130s][8748][8884 ][info][gc,heap     ] GC(144) y:  Capacity:     2906M (95%)        2906M (95%)        2906M (95%)        2906M (95%)        2906M (95%)        2906M (95%)    
[2026-06-26T18:19:27.419-0300][2674.130s][8748][8884 ][info][gc,heap     ] GC(144) y:      Free:      190M (6%)          172M (6%)          848M (28%)        1050M (34%)        1050M (34%)         172M (6%)     
[2026-06-26T18:19:27.419-0300][2674.130s][8748][8884 ][info][gc,heap     ] GC(144) y:      Used:     2882M (94%)        2900M (94%)        2224M (72%)        2022M (66%)        2900M (94%)        2022M (66%)    
[2026-06-26T18:19:27.419-0300][2674.130s][8748][8884 ][info][gc,heap     ] GC(144) y: Young Generation Statistics:
[2026-06-26T18:19:27.419-0300][2674.130s][8748][8884 ][info][gc,heap     ] GC(144) y:                Mark Start          Mark End        Relocate Start      Relocate End    
[2026-06-26T18:19:27.419-0300][2674.130s][8748][8884 ][info][gc,heap     ] GC(144) y:      Used:      902M (29%)         920M (30%)         244M (8%)           40M (1%)     
[2026-06-26T18:19:27.419-0300][2674.130s][8748][8884 ][info][gc,heap     ] GC(144) y:      Live:         -                 5M (0%)            5M (0%)            5M (0%)     
[2026-06-26T18:19:27.419-0300][2674.130s][8748][8884 ][info][gc,heap     ] GC(144) y:   Garbage:         -               896M (29%)         220M (7%)            1M (0%)     
[2026-06-26T18:19:27.419-0300][2674.130s][8748][8884 ][info][gc,heap     ] GC(144) y: Allocated:         -                18M (1%)           18M (1%)           32M (1%)     
[2026-06-26T18:19:27.419-0300][2674.130s][8748][8884 ][info][gc,heap     ] GC(144) y: Reclaimed:         -                  -               676M (22%)         894M (29%)    
[2026-06-26T18:19:27.420-0300][2674.130s][8748][8884 ][info][gc,heap     ] GC(144) y:  Promoted:         -                  -                 0M (0%)            0M (0%)     
[2026-06-26T18:19:27.420-0300][2674.130s][8748][8884 ][info][gc,heap     ] GC(144) y: Compacted:         -                  -                  -                 3M (0%)     
[2026-06-26T18:19:27.420-0300][2674.130s][8748][8884 ][info][gc,phases   ] GC(144) y: Young Generation 2882M(94%)->2022M(66%) 0.048s
[2026-06-26T18:19:27.420-0300][2674.130s][8748][8884 ][info][gc          ] GC(144) Minor Collection (High Usage) 2882M(94%)->2022M(66%) 0.049s
[2026-06-26T18:19:54.720-0300][2701.432s][8748][8884 ][info][gc          ] GC(145) Minor Collection (High Usage)
[2026-06-26T18:19:54.720-0300][2701.432s][8748][8884 ][info][gc,task     ] GC(145) Using 1 Workers for Young Generation
[2026-06-26T18:19:54.720-0300][2701.432s][8748][8884 ][info][gc,phases   ] GC(145) y: Young Generation
[2026-06-26T18:19:54.720-0300][2701.432s][8748][16824][info][gc,phases   ] GC(145) y: Pause Mark Start 0.010ms
[2026-06-26T18:19:54.799-0300][2701.510s][8748][8884 ][info][gc,phases   ] GC(145) y: Concurrent Mark 78.013ms
[2026-06-26T18:19:54.799-0300][2701.510s][8748][16824][info][gc,phases   ] GC(145) y: Pause Mark End 0.013ms
[2026-06-26T18:19:54.799-0300][2701.510s][8748][8884 ][info][gc,phases   ] GC(145) y: Concurrent Mark Free 0.002ms
[2026-06-26T18:19:54.799-0300][2701.510s][8748][8884 ][info][gc,phases   ] GC(145) y: Concurrent Reset Relocation Set 0.005ms
[2026-06-26T18:19:54.799-0300][2701.510s][8748][8884 ][info][gc,reloc    ] GC(145) y: Using tenuring threshold: 3 (Computed)
[2026-06-26T18:19:54.800-0300][2701.512s][8748][8884 ][info][gc,phases   ] GC(145) y: Concurrent Select Relocation Set 1.570ms
[2026-06-26T18:19:54.801-0300][2701.512s][8748][16824][info][gc,phases   ] GC(145) y: Pause Relocate Start 0.009ms
[2026-06-26T18:19:54.809-0300][2701.520s][8748][8884 ][info][gc,phases   ] GC(145) y: Concurrent Relocate 8.063ms
[2026-06-26T18:19:54.809-0300][2701.520s][8748][8884 ][info][gc,alloc    ] GC(145) y:                         Mark Start        Mark End      Relocate Start    Relocate End   
[2026-06-26T18:19:54.809-0300][2701.520s][8748][8884 ][info][gc,alloc    ] GC(145) y: Allocation Stalls:          0                0                0                0         
[2026-06-26T18:19:54.809-0300][2701.520s][8748][8884 ][info][gc,load     ] GC(145) y: Load: 0.00 (0%) / 0.00 (0%) / 0.00 (0%)
[2026-06-26T18:19:54.809-0300][2701.520s][8748][8884 ][info][gc,mmu      ] GC(145) y: MMU: 2ms/44.2%, 5ms/77.7%, 10ms/88.8%, 20ms/94.4%, 50ms/94.8%, 100ms/97.4%
[2026-06-26T18:19:54.809-0300][2701.520s][8748][8884 ][info][gc,marking  ] GC(145) y: Mark: 1 stripe(s), 2 proactive flush(es), 1 terminate flush(es), 0 completion(s), 0 continuation(s) 
[2026-06-26T18:19:54.809-0300][2701.520s][8748][8884 ][info][gc,nmethod  ] GC(145) y: NMethods: 10980 registered, 1331 unregistered
[2026-06-26T18:19:54.809-0300][2701.520s][8748][8884 ][info][gc,metaspace] GC(145) y: Metaspace: 82M used, 84M committed, 1152M reserved
[2026-06-26T18:19:54.809-0300][2701.520s][8748][8884 ][info][gc,reloc    ] GC(145) y:                        Candidates     Selected     In-Place         Size        Empty    Relocated 
[2026-06-26T18:19:54.809-0300][2701.520s][8748][8884 ][info][gc,reloc    ] GC(145) y: Small Pages:                  449          164            0         898M         558M           4M 
[2026-06-26T18:19:54.809-0300][2701.520s][8748][8884 ][info][gc,reloc    ] GC(145) y: Medium Pages:                   1            0            0           8M           0M           0M 
[2026-06-26T18:19:54.809-0300][2701.520s][8748][8884 ][info][gc,reloc    ] GC(145) y: Large Pages:                    0            0            0           0M           0M           0M 
[2026-06-26T18:19:54.809-0300][2701.520s][8748][8884 ][info][gc,reloc    ] GC(145) y: Forwarding Usage: 1M
[2026-06-26T18:19:54.809-0300][2701.520s][8748][8884 ][info][gc,reloc    ] GC(145) y: Age Table:
[2026-06-26T18:19:54.809-0300][2701.520s][8748][8884 ][info][gc,reloc    ] GC(145) y:                    Live             Garbage             Small              Medium             Large        
[2026-06-26T18:19:54.809-0300][2701.520s][8748][8884 ][info][gc,reloc    ] GC(145) y: Eden               5M (0%)          878M (29%)        438 / 155            1 / 0              0 / 0        
[2026-06-26T18:19:54.809-0300][2701.520s][8748][8884 ][info][gc,reloc    ] GC(145) y: Survivor 1         0M (0%)            5M (0%)           3 / 3              0 / 0              0 / 0        
[2026-06-26T18:19:54.809-0300][2701.520s][8748][8884 ][info][gc,reloc    ] GC(145) y: Survivor 2         2M (0%)            1M (0%)           2 / 0              0 / 0              0 / 0        
[2026-06-26T18:19:54.809-0300][2701.520s][8748][8884 ][info][gc,reloc    ] GC(145) y: Survivor 3         0M (0%)            5M (0%)           3 / 3              0 / 0              0 / 0        
[2026-06-26T18:19:54.809-0300][2701.520s][8748][8884 ][info][gc,reloc    ] GC(145) y: Survivor 4         0M (0%)            1M (0%)           1 / 1              0 / 0              0 / 0        
[2026-06-26T18:19:54.809-0300][2701.520s][8748][8884 ][info][gc,reloc    ] GC(145) y: Survivor 5         0M (0%)            3M (0%)           2 / 2              0 / 0              0 / 0        
[2026-06-26T18:19:54.809-0300][2701.520s][8748][8884 ][info][gc,heap     ] GC(145) y: Min Capacity: 8M(0%)
[2026-06-26T18:19:54.809-0300][2701.520s][8748][8884 ][info][gc,heap     ] GC(145) y: Max Capacity: 3072M(100%)
[2026-06-26T18:19:54.809-0300][2701.520s][8748][8884 ][info][gc,heap     ] GC(145) y: Soft Max Capacity: 3072M(100%)
[2026-06-26T18:19:54.809-0300][2701.520s][8748][8884 ][info][gc,heap     ] GC(145) y: Heap Statistics:
[2026-06-26T18:19:54.809-0300][2701.520s][8748][8884 ][info][gc,heap     ] GC(145) y:                Mark Start          Mark End        Relocate Start      Relocate End           High               Low         
[2026-06-26T18:19:54.809-0300][2701.520s][8748][8884 ][info][gc,heap     ] GC(145) y:  Capacity:     2906M (95%)        2918M (95%)        2918M (95%)        2918M (95%)        2918M (95%)        2906M (95%)    
[2026-06-26T18:19:54.809-0300][2701.520s][8748][8884 ][info][gc,heap     ] GC(145) y:      Free:      184M (6%)          154M (5%)          712M (23%)        1026M (33%)        1026M (33%)         154M (5%)     
[2026-06-26T18:19:54.809-0300][2701.520s][8748][8884 ][info][gc,heap     ] GC(145) y:      Used:     2888M (94%)        2918M (95%)        2360M (77%)        2046M (67%)        2918M (95%)        2046M (67%)    
[2026-06-26T18:19:54.809-0300][2701.520s][8748][8884 ][info][gc,heap     ] GC(145) y: Young Generation Statistics:
[2026-06-26T18:19:54.809-0300][2701.520s][8748][8884 ][info][gc,heap     ] GC(145) y:                Mark Start          Mark End        Relocate Start      Relocate End    
[2026-06-26T18:19:54.809-0300][2701.520s][8748][8884 ][info][gc,heap     ] GC(145) y:      Used:      906M (29%)         936M (30%)         378M (12%)          62M (2%)     
[2026-06-26T18:19:54.809-0300][2701.520s][8748][8884 ][info][gc,heap     ] GC(145) y:      Live:         -                 9M (0%)            9M (0%)            8M (0%)     
[2026-06-26T18:19:54.809-0300][2701.520s][8748][8884 ][info][gc,heap     ] GC(145) y:   Garbage:         -               896M (29%)         338M (11%)           9M (0%)     
[2026-06-26T18:19:54.809-0300][2701.520s][8748][8884 ][info][gc,heap     ] GC(145) y: Allocated:         -                30M (1%)           30M (1%)           44M (1%)     
[2026-06-26T18:19:54.809-0300][2701.520s][8748][8884 ][info][gc,heap     ] GC(145) y: Reclaimed:         -                  -               558M (18%)         887M (29%)    
[2026-06-26T18:19:54.809-0300][2701.520s][8748][8884 ][info][gc,heap     ] GC(145) y:  Promoted:         -                  -                 0M (0%)            1M (0%)     
[2026-06-26T18:19:54.809-0300][2701.520s][8748][8884 ][info][gc,heap     ] GC(145) y: Compacted:         -                  -                  -                 5M (0%)     
[2026-06-26T18:19:54.809-0300][2701.520s][8748][8884 ][info][gc,phases   ] GC(145) y: Young Generation 2888M(94%)->2046M(67%) 0.088s
[2026-06-26T18:19:54.809-0300][2701.520s][8748][8884 ][info][gc          ] GC(145) Minor Collection (High Usage) 2888M(94%)->2046M(67%) 0.089s
[2026-06-26T18:20:08.190-0300][2714.901s][8748][7584 ][info][gc          ] GC(146) Major Collection (Proactive)
[2026-06-26T18:20:08.190-0300][2714.901s][8748][7584 ][info][gc,task     ] GC(146) Using 1 Workers for Young Generation
[2026-06-26T18:20:08.190-0300][2714.901s][8748][7584 ][info][gc,task     ] GC(146) Using 1 Workers for Old Generation
[2026-06-26T18:20:08.190-0300][2714.901s][8748][7584 ][info][gc,phases   ] GC(146) Y: Young Generation
[2026-06-26T18:20:08.190-0300][2714.901s][8748][16824][info][gc,phases   ] GC(146) Y: Pause Mark Start (Major) 0.010ms
[2026-06-26T18:20:08.243-0300][2714.954s][8748][7584 ][info][gc,phases   ] GC(146) Y: Concurrent Mark 53.328ms
[2026-06-26T18:20:08.243-0300][2714.954s][8748][16824][info][gc,phases   ] GC(146) Y: Pause Mark End 0.014ms
[2026-06-26T18:20:08.243-0300][2714.954s][8748][7584 ][info][gc,phases   ] GC(146) Y: Concurrent Mark Free 0.002ms
[2026-06-26T18:20:08.243-0300][2714.954s][8748][7584 ][info][gc,phases   ] GC(146) Y: Concurrent Reset Relocation Set 0.007ms
[2026-06-26T18:20:08.243-0300][2714.954s][8748][7584 ][info][gc,reloc    ] GC(146) Y: Using tenuring threshold: 1 (Computed)
[2026-06-26T18:20:08.246-0300][2714.958s][8748][7584 ][info][gc,phases   ] GC(146) Y: Concurrent Select Relocation Set 3.585ms
[2026-06-26T18:20:08.246-0300][2714.958s][8748][16824][info][gc,phases   ] GC(146) Y: Pause Relocate Start 0.009ms
[2026-06-26T18:20:08.256-0300][2714.967s][8748][7584 ][info][gc,phases   ] GC(146) Y: Concurrent Relocate 8.888ms
[2026-06-26T18:20:08.256-0300][2714.967s][8748][7584 ][info][gc,alloc    ] GC(146) Y:                         Mark Start        Mark End      Relocate Start    Relocate End   
[2026-06-26T18:20:08.256-0300][2714.967s][8748][7584 ][info][gc,alloc    ] GC(146) Y: Allocation Stalls:          0                0                0                0         
[2026-06-26T18:20:08.256-0300][2714.967s][8748][7584 ][info][gc,load     ] GC(146) Y: Load: 0.00 (0%) / 0.00 (0%) / 0.00 (0%)
[2026-06-26T18:20:08.256-0300][2714.967s][8748][7584 ][info][gc,mmu      ] GC(146) Y: MMU: 2ms/44.2%, 5ms/77.7%, 10ms/88.8%, 20ms/94.4%, 50ms/94.8%, 100ms/97.4%
[2026-06-26T18:20:08.256-0300][2714.967s][8748][7584 ][info][gc,marking  ] GC(146) Y: Mark: 1 stripe(s), 2 proactive flush(es), 1 terminate flush(es), 0 completion(s), 0 continuation(s) 
[2026-06-26T18:20:08.256-0300][2714.967s][8748][7584 ][info][gc,nmethod  ] GC(146) Y: NMethods: 11026 registered, 1331 unregistered
[2026-06-26T18:20:08.256-0300][2714.967s][8748][7584 ][info][gc,metaspace] GC(146) Y: Metaspace: 82M used, 84M committed, 1152M reserved
[2026-06-26T18:20:08.256-0300][2714.967s][8748][7584 ][info][gc,reloc    ] GC(146) Y:                        Candidates     Selected     In-Place         Size        Empty    Relocated 
[2026-06-26T18:20:08.256-0300][2714.967s][8748][7584 ][info][gc,reloc    ] GC(146) Y: Small Pages:                  209           60            0         418M         280M           3M 
[2026-06-26T18:20:08.256-0300][2714.967s][8748][7584 ][info][gc,reloc    ] GC(146) Y: Medium Pages:                   2            1            0          16M           0M           1M 
[2026-06-26T18:20:08.256-0300][2714.967s][8748][7584 ][info][gc,reloc    ] GC(146) Y: Large Pages:                    0            0            0           0M           0M           0M 
[2026-06-26T18:20:08.256-0300][2714.967s][8748][7584 ][info][gc,reloc    ] GC(146) Y: Forwarding Usage: 0M
[2026-06-26T18:20:08.256-0300][2714.967s][8748][7584 ][info][gc,reloc    ] GC(146) Y: Age Table:
[2026-06-26T18:20:08.256-0300][2714.967s][8748][7584 ][info][gc,reloc    ] GC(146) Y:                    Live             Garbage             Small              Medium             Large        
[2026-06-26T18:20:08.256-0300][2714.967s][8748][7584 ][info][gc,reloc    ] GC(146) Y: Eden              10M (0%)          391M (13%)        197 / 52             1 / 1              0 / 0        
[2026-06-26T18:20:08.256-0300][2714.967s][8748][7584 ][info][gc,reloc    ] GC(146) Y: Survivor 1         5M (0%)           18M (1%)           8 / 6              1 / 0              0 / 0        
[2026-06-26T18:20:08.256-0300][2714.967s][8748][7584 ][info][gc,reloc    ] GC(146) Y: Survivor 2         0M (0%)            3M (0%)           2 / 2              0 / 0              0 / 0        
[2026-06-26T18:20:08.256-0300][2714.967s][8748][7584 ][info][gc,reloc    ] GC(146) Y: Survivor 3         2M (0%)            1M (0%)           2 / 0              0 / 0              0 / 0        
[2026-06-26T18:20:08.256-0300][2714.967s][8748][7584 ][info][gc,heap     ] GC(146) Y: Min Capacity: 8M(0%)
[2026-06-26T18:20:08.256-0300][2714.967s][8748][7584 ][info][gc,heap     ] GC(146) Y: Max Capacity: 3072M(100%)
[2026-06-26T18:20:08.256-0300][2714.967s][8748][7584 ][info][gc,heap     ] GC(146) Y: Soft Max Capacity: 3072M(100%)
[2026-06-26T18:20:08.256-0300][2714.967s][8748][7584 ][info][gc,heap     ] GC(146) Y: Heap Statistics:
[2026-06-26T18:20:08.256-0300][2714.967s][8748][7584 ][info][gc,heap     ] GC(146) Y:                Mark Start          Mark End        Relocate Start      Relocate End           High               Low         
[2026-06-26T18:20:08.256-0300][2714.967s][8748][7584 ][info][gc,heap     ] GC(146) Y:  Capacity:     2918M (95%)        2918M (95%)        2918M (95%)        2918M (95%)        2918M (95%)        2918M (95%)    
[2026-06-26T18:20:08.256-0300][2714.967s][8748][7584 ][info][gc,heap     ] GC(146) Y:      Free:      654M (21%)         636M (21%)         916M (30%)        1028M (33%)        1030M (34%)         636M (21%)    
[2026-06-26T18:20:08.256-0300][2714.967s][8748][7584 ][info][gc,heap     ] GC(146) Y:      Used:     2418M (79%)        2436M (79%)        2156M (70%)        2044M (67%)        2436M (79%)        2042M (66%)    
[2026-06-26T18:20:08.256-0300][2714.967s][8748][7584 ][info][gc,heap     ] GC(146) Y: Young Generation Statistics:
[2026-06-26T18:20:08.256-0300][2714.967s][8748][7584 ][info][gc,heap     ] GC(146) Y:                Mark Start          Mark End        Relocate Start      Relocate End    
[2026-06-26T18:20:08.256-0300][2714.967s][8748][7584 ][info][gc,heap     ] GC(146) Y:      Used:      434M (14%)         452M (15%)         166M (5%)           42M (1%)     
[2026-06-26T18:20:08.256-0300][2714.967s][8748][7584 ][info][gc,heap     ] GC(146) Y:      Live:         -                17M (1%)           12M (0%)           10M (0%)     
[2026-06-26T18:20:08.256-0300][2714.967s][8748][7584 ][info][gc,heap     ] GC(146) Y:   Garbage:         -               416M (14%)         135M (4%)            0M (0%)     
[2026-06-26T18:20:08.256-0300][2714.967s][8748][7584 ][info][gc,heap     ] GC(146) Y: Allocated:         -                18M (1%)           18M (1%)           31M (1%)     
[2026-06-26T18:20:08.256-0300][2714.967s][8748][7584 ][info][gc,heap     ] GC(146) Y: Reclaimed:         -                  -               280M (9%)          416M (14%)    
[2026-06-26T18:20:08.256-0300][2714.967s][8748][7584 ][info][gc,heap     ] GC(146) Y:  Promoted:         -                  -                 5M (0%)            7M (0%)     
[2026-06-26T18:20:08.256-0300][2714.967s][8748][7584 ][info][gc,heap     ] GC(146) Y: Compacted:         -                  -                  -                 4M (0%)     
[2026-06-26T18:20:08.256-0300][2714.967s][8748][7584 ][info][gc,phases   ] GC(146) Y: Young Generation 2418M(79%)->2044M(67%) 0.066s
[2026-06-26T18:20:08.256-0300][2714.967s][8748][7584 ][info][gc,phases   ] GC(146) O: Old Generation
[2026-06-26T18:20:11.491-0300][2718.202s][8748][7584 ][info][gc,phases   ] GC(146) O: Concurrent Mark 3234.706ms
[2026-06-26T18:20:11.491-0300][2718.202s][8748][16824][info][gc,phases   ] GC(146) O: Pause Mark End 0.015ms
[2026-06-26T18:20:11.491-0300][2718.202s][8748][7584 ][info][gc,phases   ] GC(146) O: Concurrent Mark Free 0.003ms
[2026-06-26T18:20:11.539-0300][2718.250s][8748][7584 ][info][gc,phases   ] GC(146) O: Concurrent Process Non-Strong 48.087ms
[2026-06-26T18:20:11.539-0300][2718.250s][8748][7584 ][info][gc,phases   ] GC(146) O: Concurrent Reset Relocation Set 0.003ms
[2026-06-26T18:20:11.540-0300][2718.251s][8748][7584 ][info][gc,phases   ] GC(146) O: Concurrent Select Relocation Set 0.790ms
[2026-06-26T18:20:11.540-0300][2718.251s][8748][7584 ][info][gc,task     ] GC(146) O: Using 2 Workers for Old Generation
[2026-06-26T18:20:11.550-0300][2718.261s][8748][7584 ][info][gc,task     ] GC(146) O: Using 1 Workers for Old Generation
[2026-06-26T18:20:11.550-0300][2718.261s][8748][7584 ][info][gc,phases   ] GC(146) O: Concurrent Remap Roots 9.925ms
[2026-06-26T18:20:11.550-0300][2718.261s][8748][16824][info][gc,phases   ] GC(146) O: Pause Relocate Start 0.012ms
[2026-06-26T18:20:11.579-0300][2718.290s][8748][7584 ][info][gc,phases   ] GC(146) O: Concurrent Relocate 28.800ms
[2026-06-26T18:20:11.579-0300][2718.290s][8748][7584 ][info][gc,alloc    ] GC(146) O:                         Mark Start        Mark End      Relocate Start    Relocate End   
[2026-06-26T18:20:11.579-0300][2718.290s][8748][7584 ][info][gc,alloc    ] GC(146) O: Allocation Stalls:          0                0                0                0         
[2026-06-26T18:20:11.579-0300][2718.290s][8748][7584 ][info][gc,load     ] GC(146) O: Load: 0.00 (0%) / 0.00 (0%) / 0.00 (0%)
[2026-06-26T18:20:11.579-0300][2718.290s][8748][7584 ][info][gc,mmu      ] GC(146) O: MMU: 2ms/44.2%, 5ms/77.7%, 10ms/88.8%, 20ms/94.4%, 50ms/94.8%, 100ms/97.4%
[2026-06-26T18:20:11.579-0300][2718.290s][8748][7584 ][info][gc,marking  ] GC(146) O: Mark: 1 stripe(s), 2 proactive flush(es), 1 terminate flush(es), 0 completion(s), 0 continuation(s) 
[2026-06-26T18:20:11.579-0300][2718.290s][8748][7584 ][info][gc,nmethod  ] GC(146) O: NMethods: 8868 registered, 3508 unregistered
[2026-06-26T18:20:11.579-0300][2718.290s][8748][7584 ][info][gc,metaspace] GC(146) O: Metaspace: 82M used, 84M committed, 1152M reserved
[2026-06-26T18:20:11.579-0300][2718.290s][8748][7584 ][info][gc,ref      ] GC(146) O:                       Encountered   Discovered     Enqueued 
[2026-06-26T18:20:11.579-0300][2718.290s][8748][7584 ][info][gc,ref      ] GC(146) O: Soft References:             3454          421            4 
[2026-06-26T18:20:11.579-0300][2718.290s][8748][7584 ][info][gc,ref      ] GC(146) O: Weak References:             6586         5520            6 
[2026-06-26T18:20:11.579-0300][2718.290s][8748][7584 ][info][gc,ref      ] GC(146) O: Final References:              16            5            0 
[2026-06-26T18:20:11.579-0300][2718.290s][8748][7584 ][info][gc,ref      ] GC(146) O: Phantom References:          9357         8294          319 
[2026-06-26T18:20:11.579-0300][2718.290s][8748][7584 ][info][gc,reloc    ] GC(146) O:                        Candidates     Selected     In-Place         Size        Empty    Relocated 
[2026-06-26T18:20:11.579-0300][2718.290s][8748][7584 ][info][gc,reloc    ] GC(146) O: Small Pages:                  930           12            0        1860M           0M           5M 
[2026-06-26T18:20:11.579-0300][2718.290s][8748][7584 ][info][gc,reloc    ] GC(146) O: Medium Pages:                   2            0            0          64M           0M           0M 
[2026-06-26T18:20:11.579-0300][2718.290s][8748][7584 ][info][gc,reloc    ] GC(146) O: Large Pages:                    5            0            0          60M           0M           0M 
[2026-06-26T18:20:11.579-0300][2718.290s][8748][7584 ][info][gc,reloc    ] GC(146) O: Forwarding Usage: 8M
[2026-06-26T18:20:11.579-0300][2718.290s][8748][7584 ][info][gc,heap     ] GC(146) O: Min Capacity: 8M(0%)
[2026-06-26T18:20:11.579-0300][2718.290s][8748][7584 ][info][gc,heap     ] GC(146) O: Max Capacity: 3072M(100%)
[2026-06-26T18:20:11.579-0300][2718.290s][8748][7584 ][info][gc,heap     ] GC(146) O: Soft Max Capacity: 3072M(100%)
[2026-06-26T18:20:11.579-0300][2718.290s][8748][7584 ][info][gc,heap     ] GC(146) O: Heap Statistics:
[2026-06-26T18:20:11.579-0300][2718.290s][8748][7584 ][info][gc,heap     ] GC(146) O:                Mark Start          Mark End        Relocate Start      Relocate End           High               Low         
[2026-06-26T18:20:11.579-0300][2718.290s][8748][7584 ][info][gc,heap     ] GC(146) O:  Capacity:     2918M (95%)        2918M (95%)        2918M (95%)        2918M (95%)        2918M (95%)        2918M (95%)    
[2026-06-26T18:20:11.579-0300][2718.290s][8748][7584 ][info][gc,heap     ] GC(146) O:      Free:      654M (21%)         930M (30%)         928M (30%)         948M (31%)        1030M (34%)         636M (21%)    
[2026-06-26T18:20:11.579-0300][2718.290s][8748][7584 ][info][gc,heap     ] GC(146) O:      Used:     2418M (79%)        2142M (70%)        2144M (70%)        2124M (69%)        2436M (79%)        2042M (66%)    
[2026-06-26T18:20:11.579-0300][2718.290s][8748][7584 ][info][gc,heap     ] GC(146) O: Old Generation Statistics:
[2026-06-26T18:20:11.579-0300][2718.290s][8748][7584 ][info][gc,heap     ] GC(146) O:                Mark Start          Mark End        Relocate Start      Relocate End    
[2026-06-26T18:20:11.579-0300][2718.290s][8748][7584 ][info][gc,heap     ] GC(146) O:      Used:     1984M (65%)        2002M (65%)        2002M (65%)        1982M (65%)    
[2026-06-26T18:20:11.579-0300][2718.290s][8748][7584 ][info][gc,heap     ] GC(146) O:      Live:         -              1860M (61%)        1860M (61%)        1860M (61%)    
[2026-06-26T18:20:11.579-0300][2718.290s][8748][7584 ][info][gc,heap     ] GC(146) O:   Garbage:         -               123M (4%)          123M (4%)           95M (3%)     
[2026-06-26T18:20:11.579-0300][2718.290s][8748][7584 ][info][gc,heap     ] GC(146) O: Allocated:         -                18M (1%)           18M (1%)           26M (1%)     
[2026-06-26T18:20:11.579-0300][2718.290s][8748][7584 ][info][gc,heap     ] GC(146) O: Reclaimed:         -                  -                 0M (0%)           28M (1%)     
[2026-06-26T18:20:11.579-0300][2718.290s][8748][7584 ][info][gc,heap     ] GC(146) O: Compacted:         -                  -                  -                27M (1%)     
[2026-06-26T18:20:11.579-0300][2718.290s][8748][7584 ][info][gc,phases   ] GC(146) O: Old Generation 2044M(67%)->2124M(69%) 3.323s
[2026-06-26T18:20:11.579-0300][2718.290s][8748][7584 ][info][gc          ] GC(146) Major Collection (Proactive) 2418M(79%)->2124M(69%) 3.390s
[2026-06-26T18:20:32.521-0300][2739.231s][8748][8884 ][info][gc          ] GC(147) Minor Collection (High Usage)
[2026-06-26T18:20:32.521-0300][2739.231s][8748][8884 ][info][gc,task     ] GC(147) Using 1 Workers for Young Generation
[2026-06-26T18:20:32.521-0300][2739.231s][8748][8884 ][info][gc,phases   ] GC(147) y: Young Generation
[2026-06-26T18:20:32.521-0300][2739.232s][8748][16824][info][gc,phases   ] GC(147) y: Pause Mark Start 0.013ms
[2026-06-26T18:20:32.581-0300][2739.293s][8748][8884 ][info][gc,phases   ] GC(147) y: Concurrent Mark 60.944ms
[2026-06-26T18:20:32.581-0300][2739.293s][8748][16824][info][gc,phases   ] GC(147) y: Pause Mark End 0.013ms
[2026-06-26T18:20:32.581-0300][2739.293s][8748][8884 ][info][gc,phases   ] GC(147) y: Concurrent Mark Free 0.001ms
[2026-06-26T18:20:32.581-0300][2739.293s][8748][8884 ][info][gc,phases   ] GC(147) y: Concurrent Reset Relocation Set 0.082ms
[2026-06-26T18:20:32.581-0300][2739.293s][8748][8884 ][info][gc,reloc    ] GC(147) y: Using tenuring threshold: 2 (Computed)
[2026-06-26T18:20:32.582-0300][2739.293s][8748][8884 ][info][gc,phases   ] GC(147) y: Concurrent Select Relocation Set 0.463ms
[2026-06-26T18:20:32.582-0300][2739.293s][8748][16824][info][gc,phases   ] GC(147) y: Pause Relocate Start 0.005ms
[2026-06-26T18:20:32.586-0300][2739.298s][8748][8884 ][info][gc,phases   ] GC(147) y: Concurrent Relocate 4.736ms
[2026-06-26T18:20:32.586-0300][2739.298s][8748][8884 ][info][gc,alloc    ] GC(147) y:                         Mark Start        Mark End      Relocate Start    Relocate End   
[2026-06-26T18:20:32.586-0300][2739.298s][8748][8884 ][info][gc,alloc    ] GC(147) y: Allocation Stalls:          0                0                0                0         
[2026-06-26T18:20:32.586-0300][2739.298s][8748][8884 ][info][gc,load     ] GC(147) y: Load: 0.00 (0%) / 0.00 (0%) / 0.00 (0%)
[2026-06-26T18:20:32.586-0300][2739.298s][8748][8884 ][info][gc,mmu      ] GC(147) y: MMU: 2ms/44.2%, 5ms/77.7%, 10ms/88.8%, 20ms/94.4%, 50ms/94.8%, 100ms/97.4%
[2026-06-26T18:20:32.586-0300][2739.298s][8748][8884 ][info][gc,marking  ] GC(147) y: Mark: 1 stripe(s), 2 proactive flush(es), 1 terminate flush(es), 0 completion(s), 0 continuation(s) 
[2026-06-26T18:20:32.586-0300][2739.298s][8748][8884 ][info][gc,nmethod  ] GC(147) y: NMethods: 8896 registered, 0 unregistered
[2026-06-26T18:20:32.586-0300][2739.298s][8748][8884 ][info][gc,metaspace] GC(147) y: Metaspace: 82M used, 84M committed, 1152M reserved
[2026-06-26T18:20:32.586-0300][2739.298s][8748][8884 ][info][gc,reloc    ] GC(147) y:                        Candidates     Selected     In-Place         Size        Empty    Relocated 
[2026-06-26T18:20:32.586-0300][2739.298s][8748][8884 ][info][gc,reloc    ] GC(147) y: Small Pages:                  446          234            0         892M         412M           2M 
[2026-06-26T18:20:32.586-0300][2739.298s][8748][8884 ][info][gc,reloc    ] GC(147) y: Medium Pages:                   1            0            0           8M           0M           0M 
[2026-06-26T18:20:32.586-0300][2739.298s][8748][8884 ][info][gc,reloc    ] GC(147) y: Large Pages:                    0            0            0           0M           0M           0M 
[2026-06-26T18:20:32.586-0300][2739.298s][8748][8884 ][info][gc,reloc    ] GC(147) y: Forwarding Usage: 0M
[2026-06-26T18:20:32.586-0300][2739.298s][8748][8884 ][info][gc,reloc    ] GC(147) y: Age Table:
[2026-06-26T18:20:32.586-0300][2739.298s][8748][8884 ][info][gc,reloc    ] GC(147) y:                    Live             Garbage             Small              Medium             Large        
[2026-06-26T18:20:32.586-0300][2739.298s][8748][8884 ][info][gc,reloc    ] GC(147) y: Eden               2M (0%)          877M (29%)        440 / 233            0 / 0              0 / 0        
[2026-06-26T18:20:32.586-0300][2739.298s][8748][8884 ][info][gc,reloc    ] GC(147) y: Survivor 1         9M (0%)           10M (0%)           6 / 1              1 / 0              0 / 0        
[2026-06-26T18:20:32.586-0300][2739.298s][8748][8884 ][info][gc,heap     ] GC(147) y: Min Capacity: 8M(0%)
[2026-06-26T18:20:32.586-0300][2739.298s][8748][8884 ][info][gc,heap     ] GC(147) y: Max Capacity: 3072M(100%)
[2026-06-26T18:20:32.586-0300][2739.298s][8748][8884 ][info][gc,heap     ] GC(147) y: Soft Max Capacity: 3072M(100%)
[2026-06-26T18:20:32.586-0300][2739.298s][8748][8884 ][info][gc,heap     ] GC(147) y: Heap Statistics:
[2026-06-26T18:20:32.586-0300][2739.298s][8748][8884 ][info][gc,heap     ] GC(147) y:                Mark Start          Mark End        Relocate Start      Relocate End           High               Low         
[2026-06-26T18:20:32.586-0300][2739.298s][8748][8884 ][info][gc,heap     ] GC(147) y:  Capacity:     2918M (95%)        2918M (95%)        2918M (95%)        2918M (95%)        2918M (95%)        2918M (95%)    
[2026-06-26T18:20:32.586-0300][2739.298s][8748][8884 ][info][gc,heap     ] GC(147) y:      Free:      190M (6%)          172M (6%)          584M (19%)        1044M (34%)        1044M (34%)         172M (6%)     
[2026-06-26T18:20:32.586-0300][2739.298s][8748][8884 ][info][gc,heap     ] GC(147) y:      Used:     2882M (94%)        2900M (94%)        2488M (81%)        2028M (66%)        2900M (94%)        2028M (66%)    
[2026-06-26T18:20:32.586-0300][2739.298s][8748][8884 ][info][gc,heap     ] GC(147) y: Young Generation Statistics:
[2026-06-26T18:20:32.586-0300][2739.298s][8748][8884 ][info][gc,heap     ] GC(147) y:                Mark Start          Mark End        Relocate Start      Relocate End    
[2026-06-26T18:20:32.586-0300][2739.298s][8748][8884 ][info][gc,heap     ] GC(147) y:      Used:      900M (29%)         918M (30%)         506M (16%)          46M (1%)     
[2026-06-26T18:20:32.586-0300][2739.298s][8748][8884 ][info][gc,heap     ] GC(147) y:      Live:         -                12M (0%)           12M (0%)           12M (0%)     
[2026-06-26T18:20:32.586-0300][2739.298s][8748][8884 ][info][gc,heap     ] GC(147) y:   Garbage:         -               887M (29%)         475M (15%)           6M (0%)     
[2026-06-26T18:20:32.586-0300][2739.298s][8748][8884 ][info][gc,heap     ] GC(147) y: Allocated:         -                18M (1%)           18M (1%)           27M (1%)     
[2026-06-26T18:20:32.586-0300][2739.298s][8748][8884 ][info][gc,heap     ] GC(147) y: Reclaimed:         -                  -               412M (13%)         881M (29%)    
[2026-06-26T18:20:32.586-0300][2739.298s][8748][8884 ][info][gc,heap     ] GC(147) y:  Promoted:         -                  -                 0M (0%)            0M (0%)     
[2026-06-26T18:20:32.586-0300][2739.298s][8748][8884 ][info][gc,heap     ] GC(147) y: Compacted:         -                  -                  -                 2M (0%)     
[2026-06-26T18:20:32.586-0300][2739.298s][8748][8884 ][info][gc,phases   ] GC(147) y: Young Generation 2882M(94%)->2028M(66%) 0.067s
[2026-06-26T18:20:32.586-0300][2739.298s][8748][8884 ][info][gc          ] GC(147) Minor Collection (High Usage) 2882M(94%)->2028M(66%) 0.067s
[2026-06-26T18:20:55.467-0300][2762.178s][8748][8884 ][info][gc          ] GC(148) Minor Collection (High Usage)
[2026-06-26T18:20:55.467-0300][2762.178s][8748][8884 ][info][gc,task     ] GC(148) Using 1 Workers for Young Generation
[2026-06-26T18:20:55.467-0300][2762.178s][8748][8884 ][info][gc,phases   ] GC(148) y: Young Generation
[2026-06-26T18:20:55.467-0300][2762.178s][8748][16824][info][gc,phases   ] GC(148) y: Pause Mark Start 0.015ms
[2026-06-26T18:20:55.503-0300][2762.215s][8748][8884 ][info][gc,phases   ] GC(148) y: Concurrent Mark 36.607ms
[2026-06-26T18:20:55.504-0300][2762.215s][8748][16824][info][gc,phases   ] GC(148) y: Pause Mark End 0.012ms
[2026-06-26T18:20:55.504-0300][2762.215s][8748][8884 ][info][gc,phases   ] GC(148) y: Concurrent Mark Free 0.002ms
[2026-06-26T18:20:55.504-0300][2762.215s][8748][8884 ][info][gc,phases   ] GC(148) y: Concurrent Reset Relocation Set 0.010ms
[2026-06-26T18:20:55.504-0300][2762.215s][8748][8884 ][info][gc,reloc    ] GC(148) y: Using tenuring threshold: 1 (Computed)
[2026-06-26T18:20:55.509-0300][2762.219s][8748][8884 ][info][gc,phases   ] GC(148) y: Concurrent Select Relocation Set 4.416ms
[2026-06-26T18:20:55.509-0300][2762.219s][8748][16824][info][gc,phases   ] GC(148) y: Pause Relocate Start 0.009ms
[2026-06-26T18:20:55.517-0300][2762.228s][8748][8884 ][info][gc,phases   ] GC(148) y: Concurrent Relocate 8.116ms
[2026-06-26T18:20:55.517-0300][2762.228s][8748][8884 ][info][gc,alloc    ] GC(148) y:                         Mark Start        Mark End      Relocate Start    Relocate End   
[2026-06-26T18:20:55.517-0300][2762.228s][8748][8884 ][info][gc,alloc    ] GC(148) y: Allocation Stalls:          0                0                0                0         
[2026-06-26T18:20:55.517-0300][2762.228s][8748][8884 ][info][gc,load     ] GC(148) y: Load: 0.00 (0%) / 0.00 (0%) / 0.00 (0%)
[2026-06-26T18:20:55.517-0300][2762.228s][8748][8884 ][info][gc,mmu      ] GC(148) y: MMU: 2ms/44.2%, 5ms/77.7%, 10ms/88.8%, 20ms/94.4%, 50ms/94.8%, 100ms/97.4%
[2026-06-26T18:20:55.517-0300][2762.228s][8748][8884 ][info][gc,marking  ] GC(148) y: Mark: 1 stripe(s), 2 proactive flush(es), 1 terminate flush(es), 0 completion(s), 0 continuation(s) 
[2026-06-26T18:20:55.517-0300][2762.228s][8748][8884 ][info][gc,nmethod  ] GC(148) y: NMethods: 8962 registered, 0 unregistered
[2026-06-26T18:20:55.517-0300][2762.228s][8748][8884 ][info][gc,metaspace] GC(148) y: Metaspace: 82M used, 84M committed, 1152M reserved
[2026-06-26T18:20:55.517-0300][2762.228s][8748][8884 ][info][gc,reloc    ] GC(148) y:                        Candidates     Selected     In-Place         Size        Empty    Relocated 
[2026-06-26T18:20:55.517-0300][2762.228s][8748][8884 ][info][gc,reloc    ] GC(148) y: Small Pages:                  446           87            0         892M         706M           1M 
[2026-06-26T18:20:55.517-0300][2762.228s][8748][8884 ][info][gc,reloc    ] GC(148) y: Medium Pages:                   1            0            0           8M           0M           0M 
[2026-06-26T18:20:55.517-0300][2762.228s][8748][8884 ][info][gc,reloc    ] GC(148) y: Large Pages:                    0            0            0           0M           0M           0M 
[2026-06-26T18:20:55.517-0300][2762.228s][8748][8884 ][info][gc,reloc    ] GC(148) y: Forwarding Usage: 0M
[2026-06-26T18:20:55.517-0300][2762.228s][8748][8884 ][info][gc,reloc    ] GC(148) y: Age Table:
[2026-06-26T18:20:55.517-0300][2762.228s][8748][8884 ][info][gc,reloc    ] GC(148) y:                    Live             Garbage             Small              Medium             Large        
[2026-06-26T18:20:55.517-0300][2762.228s][8748][8884 ][info][gc,reloc    ] GC(148) y: Eden               0M (0%)          871M (28%)        436 / 83             0 / 0              0 / 0        
[2026-06-26T18:20:55.517-0300][2762.228s][8748][8884 ][info][gc,reloc    ] GC(148) y: Survivor 1         2M (0%)            5M (0%)           4 / 2              0 / 0              0 / 0        
[2026-06-26T18:20:55.517-0300][2762.228s][8748][8884 ][info][gc,reloc    ] GC(148) y: Survivor 2         9M (0%)           10M (0%)           6 / 2              1 / 0              0 / 0        
[2026-06-26T18:20:55.517-0300][2762.228s][8748][8884 ][info][gc,heap     ] GC(148) y: Min Capacity: 8M(0%)
[2026-06-26T18:20:55.517-0300][2762.228s][8748][8884 ][info][gc,heap     ] GC(148) y: Max Capacity: 3072M(100%)
[2026-06-26T18:20:55.517-0300][2762.228s][8748][8884 ][info][gc,heap     ] GC(148) y: Soft Max Capacity: 3072M(100%)
[2026-06-26T18:20:55.517-0300][2762.228s][8748][8884 ][info][gc,heap     ] GC(148) y: Heap Statistics:
[2026-06-26T18:20:55.517-0300][2762.228s][8748][8884 ][info][gc,heap     ] GC(148) y:                Mark Start          Mark End        Relocate Start      Relocate End           High               Low         
[2026-06-26T18:20:55.517-0300][2762.228s][8748][8884 ][info][gc,heap     ] GC(148) y:  Capacity:     2918M (95%)        2918M (95%)        2918M (95%)        2918M (95%)        2918M (95%)        2918M (95%)    
[2026-06-26T18:20:55.517-0300][2762.228s][8748][8884 ][info][gc,heap     ] GC(148) y:      Free:      190M (6%)          178M (6%)          882M (29%)        1054M (34%)        1054M (34%)         178M (6%)     
[2026-06-26T18:20:55.517-0300][2762.228s][8748][8884 ][info][gc,heap     ] GC(148) y:      Used:     2882M (94%)        2894M (94%)        2190M (71%)        2018M (66%)        2894M (94%)        2018M (66%)    
[2026-06-26T18:20:55.517-0300][2762.228s][8748][8884 ][info][gc,heap     ] GC(148) y: Young Generation Statistics:
[2026-06-26T18:20:55.517-0300][2762.228s][8748][8884 ][info][gc,heap     ] GC(148) y:                Mark Start          Mark End        Relocate Start      Relocate End    
[2026-06-26T18:20:55.517-0300][2762.228s][8748][8884 ][info][gc,heap     ] GC(148) y:      Used:      900M (29%)         912M (30%)         190M (6%)           16M (1%)     
[2026-06-26T18:20:55.517-0300][2762.228s][8748][8884 ][info][gc,heap     ] GC(148) y:      Live:         -                12M (0%)            1M (0%)            0M (0%)     
[2026-06-26T18:20:55.517-0300][2762.228s][8748][8884 ][info][gc,heap     ] GC(148) y:   Garbage:         -               887M (29%)         174M (6%)            0M (0%)     
[2026-06-26T18:20:55.517-0300][2762.228s][8748][8884 ][info][gc,heap     ] GC(148) y: Allocated:         -                12M (0%)           14M (0%)           15M (1%)     
[2026-06-26T18:20:55.517-0300][2762.228s][8748][8884 ][info][gc,heap     ] GC(148) y: Reclaimed:         -                  -               713M (23%)         887M (29%)    
[2026-06-26T18:20:55.517-0300][2762.228s][8748][8884 ][info][gc,heap     ] GC(148) y:  Promoted:         -                  -                10M (0%)           11M (0%)     
[2026-06-26T18:20:55.517-0300][2762.228s][8748][8884 ][info][gc,heap     ] GC(148) y: Compacted:         -                  -                  -                 0M (0%)     
[2026-06-26T18:20:55.517-0300][2762.228s][8748][8884 ][info][gc,phases   ] GC(148) y: Young Generation 2882M(94%)->2018M(66%) 0.050s
[2026-06-26T18:20:55.517-0300][2762.228s][8748][8884 ][info][gc          ] GC(148) Minor Collection (High Usage) 2882M(94%)->2018M(66%) 0.050s
[2026-06-26T18:21:18.888-0300][2785.599s][8748][8884 ][info][gc          ] GC(149) Minor Collection (High Usage)
[2026-06-26T18:21:18.888-0300][2785.599s][8748][8884 ][info][gc,task     ] GC(149) Using 1 Workers for Young Generation
[2026-06-26T18:21:18.888-0300][2785.599s][8748][8884 ][info][gc,phases   ] GC(149) y: Young Generation
[2026-06-26T18:21:18.888-0300][2785.599s][8748][16824][info][gc,phases   ] GC(149) y: Pause Mark Start 0.008ms
[2026-06-26T18:21:18.944-0300][2785.655s][8748][8884 ][info][gc,phases   ] GC(149) y: Concurrent Mark 55.421ms
[2026-06-26T18:21:18.944-0300][2785.655s][8748][16824][info][gc,phases   ] GC(149) y: Pause Mark End 0.013ms
[2026-06-26T18:21:18.944-0300][2785.655s][8748][8884 ][info][gc,phases   ] GC(149) y: Concurrent Mark Free 0.002ms
[2026-06-26T18:21:18.944-0300][2785.655s][8748][8884 ][info][gc,phases   ] GC(149) y: Concurrent Reset Relocation Set 0.162ms
[2026-06-26T18:21:18.944-0300][2785.655s][8748][8884 ][info][gc,reloc    ] GC(149) y: Using tenuring threshold: 2 (Computed)
[2026-06-26T18:21:18.944-0300][2785.656s][8748][8884 ][info][gc,phases   ] GC(149) y: Concurrent Select Relocation Set 0.474ms
[2026-06-26T18:21:18.944-0300][2785.656s][8748][16824][info][gc,phases   ] GC(149) y: Pause Relocate Start 0.005ms
[2026-06-26T18:21:18.951-0300][2785.662s][8748][8884 ][info][gc,phases   ] GC(149) y: Concurrent Relocate 6.560ms
[2026-06-26T18:21:18.951-0300][2785.662s][8748][8884 ][info][gc,alloc    ] GC(149) y:                         Mark Start        Mark End      Relocate Start    Relocate End   
[2026-06-26T18:21:18.951-0300][2785.662s][8748][8884 ][info][gc,alloc    ] GC(149) y: Allocation Stalls:          0                0                0                0         
[2026-06-26T18:21:18.951-0300][2785.662s][8748][8884 ][info][gc,load     ] GC(149) y: Load: 0.00 (0%) / 0.00 (0%) / 0.00 (0%)
[2026-06-26T18:21:18.951-0300][2785.662s][8748][8884 ][info][gc,mmu      ] GC(149) y: MMU: 2ms/44.2%, 5ms/77.7%, 10ms/88.8%, 20ms/94.4%, 50ms/94.8%, 100ms/97.4%
[2026-06-26T18:21:18.951-0300][2785.662s][8748][8884 ][info][gc,marking  ] GC(149) y: Mark: 1 stripe(s), 2 proactive flush(es), 1 terminate flush(es), 0 completion(s), 0 continuation(s) 
[2026-06-26T18:21:18.951-0300][2785.662s][8748][8884 ][info][gc,nmethod  ] GC(149) y: NMethods: 8995 registered, 0 unregistered
[2026-06-26T18:21:18.951-0300][2785.662s][8748][8884 ][info][gc,metaspace] GC(149) y: Metaspace: 82M used, 84M committed, 1152M reserved
[2026-06-26T18:21:18.951-0300][2785.662s][8748][8884 ][info][gc,reloc    ] GC(149) y:                        Candidates     Selected     In-Place         Size        Empty    Relocated 
[2026-06-26T18:21:18.951-0300][2785.662s][8748][8884 ][info][gc,reloc    ] GC(149) y: Small Pages:                  440          369            0         880M         138M           2M 
[2026-06-26T18:21:18.951-0300][2785.662s][8748][8884 ][info][gc,reloc    ] GC(149) y: Medium Pages:                   0            0            0           0M           0M           0M 
[2026-06-26T18:21:18.951-0300][2785.662s][8748][8884 ][info][gc,reloc    ] GC(149) y: Large Pages:                    0            0            0           0M           0M           0M 
[2026-06-26T18:21:18.951-0300][2785.662s][8748][8884 ][info][gc,reloc    ] GC(149) y: Forwarding Usage: 1M
[2026-06-26T18:21:18.951-0300][2785.662s][8748][8884 ][info][gc,reloc    ] GC(149) y: Age Table:
[2026-06-26T18:21:18.951-0300][2785.662s][8748][8884 ][info][gc,reloc    ] GC(149) y:                    Live             Garbage             Small              Medium             Large        
[2026-06-26T18:21:18.951-0300][2785.662s][8748][8884 ][info][gc,reloc    ] GC(149) y: Eden               2M (0%)          875M (28%)        439 / 368            0 / 0              0 / 0        
[2026-06-26T18:21:18.951-0300][2785.663s][8748][8884 ][info][gc,reloc    ] GC(149) y: Survivor 1         0M (0%)            1M (0%)           1 / 1              0 / 0              0 / 0        
[2026-06-26T18:21:18.951-0300][2785.663s][8748][8884 ][info][gc,heap     ] GC(149) y: Min Capacity: 8M(0%)
[2026-06-26T18:21:18.951-0300][2785.663s][8748][8884 ][info][gc,heap     ] GC(149) y: Max Capacity: 3072M(100%)
[2026-06-26T18:21:18.951-0300][2785.663s][8748][8884 ][info][gc,heap     ] GC(149) y: Soft Max Capacity: 3072M(100%)
[2026-06-26T18:21:18.951-0300][2785.663s][8748][8884 ][info][gc,heap     ] GC(149) y: Heap Statistics:
[2026-06-26T18:21:18.951-0300][2785.663s][8748][8884 ][info][gc,heap     ] GC(149) y:                Mark Start          Mark End        Relocate Start      Relocate End           High               Low         
[2026-06-26T18:21:18.951-0300][2785.663s][8748][8884 ][info][gc,heap     ] GC(149) y:  Capacity:     2918M (95%)        2918M (95%)        2918M (95%)        2918M (95%)        2918M (95%)        2918M (95%)    
[2026-06-26T18:21:18.951-0300][2785.663s][8748][8884 ][info][gc,heap     ] GC(149) y:      Free:      190M (6%)          168M (5%)          306M (10%)        1036M (34%)        1036M (34%)         168M (5%)     
[2026-06-26T18:21:18.951-0300][2785.663s][8748][8884 ][info][gc,heap     ] GC(149) y:      Used:     2882M (94%)        2904M (95%)        2766M (90%)        2036M (66%)        2904M (95%)        2036M (66%)    
[2026-06-26T18:21:18.951-0300][2785.663s][8748][8884 ][info][gc,heap     ] GC(149) y: Young Generation Statistics:
[2026-06-26T18:21:18.951-0300][2785.663s][8748][8884 ][info][gc,heap     ] GC(149) y:                Mark Start          Mark End        Relocate Start      Relocate End    
[2026-06-26T18:21:18.951-0300][2785.663s][8748][8884 ][info][gc,heap     ] GC(149) y:      Used:      880M (29%)         902M (29%)         764M (25%)          34M (1%)     
[2026-06-26T18:21:18.951-0300][2785.663s][8748][8884 ][info][gc,heap     ] GC(149) y:      Live:         -                 2M (0%)            2M (0%)            2M (0%)     
[2026-06-26T18:21:18.951-0300][2785.663s][8748][8884 ][info][gc,heap     ] GC(149) y:   Garbage:         -               877M (29%)         739M (24%)           0M (0%)     
[2026-06-26T18:21:18.951-0300][2785.663s][8748][8884 ][info][gc,heap     ] GC(149) y: Allocated:         -                22M (1%)           22M (1%)           31M (1%)     
[2026-06-26T18:21:18.951-0300][2785.663s][8748][8884 ][info][gc,heap     ] GC(149) y: Reclaimed:         -                  -               138M (4%)          877M (29%)    
[2026-06-26T18:21:18.951-0300][2785.663s][8748][8884 ][info][gc,heap     ] GC(149) y:  Promoted:         -                  -                 0M (0%)            0M (0%)     
[2026-06-26T18:21:18.951-0300][2785.663s][8748][8884 ][info][gc,heap     ] GC(149) y: Compacted:         -                  -                  -                 2M (0%)     
[2026-06-26T18:21:18.952-0300][2785.663s][8748][8884 ][info][gc,phases   ] GC(149) y: Young Generation 2882M(94%)->2036M(66%) 0.063s
[2026-06-26T18:21:18.952-0300][2785.663s][8748][8884 ][info][gc          ] GC(149) Minor Collection (High Usage) 2882M(94%)->2036M(66%) 0.063s
[2026-06-26T18:21:43.940-0300][2810.651s][8748][8884 ][info][gc          ] GC(150) Minor Collection (High Usage)
[2026-06-26T18:21:43.940-0300][2810.651s][8748][8884 ][info][gc,task     ] GC(150) Using 1 Workers for Young Generation
[2026-06-26T18:21:43.940-0300][2810.651s][8748][8884 ][info][gc,phases   ] GC(150) y: Young Generation
[2026-06-26T18:21:43.940-0300][2810.651s][8748][16824][info][gc,phases   ] GC(150) y: Pause Mark Start 0.009ms
[2026-06-26T18:21:44.007-0300][2810.718s][8748][8884 ][info][gc,phases   ] GC(150) y: Concurrent Mark 66.976ms
[2026-06-26T18:21:44.007-0300][2810.718s][8748][16824][info][gc,phases   ] GC(150) y: Pause Mark End 0.015ms
[2026-06-26T18:21:44.007-0300][2810.719s][8748][8884 ][info][gc,phases   ] GC(150) y: Concurrent Mark Free 0.002ms
[2026-06-26T18:21:44.007-0300][2810.719s][8748][8884 ][info][gc,phases   ] GC(150) y: Concurrent Reset Relocation Set 0.014ms
[2026-06-26T18:21:44.007-0300][2810.719s][8748][8884 ][info][gc,reloc    ] GC(150) y: Using tenuring threshold: 3 (Computed)
[2026-06-26T18:21:44.008-0300][2810.719s][8748][8884 ][info][gc,phases   ] GC(150) y: Concurrent Select Relocation Set 0.578ms
[2026-06-26T18:21:44.008-0300][2810.719s][8748][16824][info][gc,phases   ] GC(150) y: Pause Relocate Start 0.010ms
[2026-06-26T18:21:44.018-0300][2810.728s][8748][8884 ][info][gc,phases   ] GC(150) y: Concurrent Relocate 9.047ms
[2026-06-26T18:21:44.018-0300][2810.728s][8748][8884 ][info][gc,alloc    ] GC(150) y:                         Mark Start        Mark End      Relocate Start    Relocate End   
[2026-06-26T18:21:44.018-0300][2810.728s][8748][8884 ][info][gc,alloc    ] GC(150) y: Allocation Stalls:          0                0                0                0         
[2026-06-26T18:21:44.018-0300][2810.728s][8748][8884 ][info][gc,load     ] GC(150) y: Load: 0.00 (0%) / 0.00 (0%) / 0.00 (0%)
[2026-06-26T18:21:44.018-0300][2810.728s][8748][8884 ][info][gc,mmu      ] GC(150) y: MMU: 2ms/44.2%, 5ms/77.7%, 10ms/88.8%, 20ms/94.4%, 50ms/94.8%, 100ms/97.4%
[2026-06-26T18:21:44.018-0300][2810.728s][8748][8884 ][info][gc,marking  ] GC(150) y: Mark: 1 stripe(s), 2 proactive flush(es), 1 terminate flush(es), 0 completion(s), 0 continuation(s) 
[2026-06-26T18:21:44.018-0300][2810.728s][8748][8884 ][info][gc,nmethod  ] GC(150) y: NMethods: 9044 registered, 0 unregistered
[2026-06-26T18:21:44.018-0300][2810.728s][8748][8884 ][info][gc,metaspace] GC(150) y: Metaspace: 82M used, 84M committed, 1152M reserved
[2026-06-26T18:21:44.018-0300][2810.728s][8748][8884 ][info][gc,reloc    ] GC(150) y:                        Candidates     Selected     In-Place         Size        Empty    Relocated 
[2026-06-26T18:21:44.018-0300][2810.728s][8748][8884 ][info][gc,reloc    ] GC(150) y: Small Pages:                  440          433            0         880M           6M           3M 
[2026-06-26T18:21:44.018-0300][2810.728s][8748][8884 ][info][gc,reloc    ] GC(150) y: Medium Pages:                   0            0            0           0M           0M           0M 
[2026-06-26T18:21:44.018-0300][2810.728s][8748][8884 ][info][gc,reloc    ] GC(150) y: Large Pages:                    0            0            0           0M           0M           0M 
[2026-06-26T18:21:44.018-0300][2810.729s][8748][8884 ][info][gc,reloc    ] GC(150) y: Forwarding Usage: 1M
[2026-06-26T18:21:44.018-0300][2810.729s][8748][8884 ][info][gc,reloc    ] GC(150) y: Age Table:
[2026-06-26T18:21:44.018-0300][2810.729s][8748][8884 ][info][gc,reloc    ] GC(150) y:                    Live             Garbage             Small              Medium             Large        
[2026-06-26T18:21:44.018-0300][2810.729s][8748][8884 ][info][gc,reloc    ] GC(150) y: Eden               4M (0%)          863M (28%)        434 / 429            0 / 0              0 / 0        
[2026-06-26T18:21:44.018-0300][2810.729s][8748][8884 ][info][gc,reloc    ] GC(150) y: Survivor 1         1M (0%)            6M (0%)           4 / 3              0 / 0              0 / 0        
[2026-06-26T18:21:44.018-0300][2810.729s][8748][8884 ][info][gc,reloc    ] GC(150) y: Survivor 2         0M (0%)            3M (0%)           2 / 1              0 / 0              0 / 0        
[2026-06-26T18:21:44.018-0300][2810.729s][8748][8884 ][info][gc,heap     ] GC(150) y: Min Capacity: 8M(0%)
[2026-06-26T18:21:44.018-0300][2810.729s][8748][8884 ][info][gc,heap     ] GC(150) y: Max Capacity: 3072M(100%)
[2026-06-26T18:21:44.018-0300][2810.729s][8748][8884 ][info][gc,heap     ] GC(150) y: Soft Max Capacity: 3072M(100%)
[2026-06-26T18:21:44.018-0300][2810.729s][8748][8884 ][info][gc,heap     ] GC(150) y: Heap Statistics:
[2026-06-26T18:21:44.018-0300][2810.729s][8748][8884 ][info][gc,heap     ] GC(150) y:                Mark Start          Mark End        Relocate Start      Relocate End           High               Low         
[2026-06-26T18:21:44.018-0300][2810.729s][8748][8884 ][info][gc,heap     ] GC(150) y:  Capacity:     2918M (95%)        2918M (95%)        2918M (95%)        2918M (95%)        2918M (95%)        2918M (95%)    
[2026-06-26T18:21:44.018-0300][2810.729s][8748][8884 ][info][gc,heap     ] GC(150) y:      Free:      190M (6%)          172M (6%)          178M (6%)         1034M (34%)        1034M (34%)         172M (6%)     
[2026-06-26T18:21:44.018-0300][2810.729s][8748][8884 ][info][gc,heap     ] GC(150) y:      Used:     2882M (94%)        2900M (94%)        2894M (94%)        2038M (66%)        2900M (94%)        2038M (66%)    
[2026-06-26T18:21:44.018-0300][2810.729s][8748][8884 ][info][gc,heap     ] GC(150) y: Young Generation Statistics:
[2026-06-26T18:21:44.018-0300][2810.729s][8748][8884 ][info][gc,heap     ] GC(150) y:                Mark Start          Mark End        Relocate Start      Relocate End    
[2026-06-26T18:21:44.018-0300][2810.729s][8748][8884 ][info][gc,heap     ] GC(150) y:      Used:      880M (29%)         898M (29%)         892M (29%)          36M (1%)     
[2026-06-26T18:21:44.018-0300][2810.729s][8748][8884 ][info][gc,heap     ] GC(150) y:      Live:         -                 5M (0%)            5M (0%)            5M (0%)     
[2026-06-26T18:21:44.018-0300][2810.729s][8748][8884 ][info][gc,heap     ] GC(150) y:   Garbage:         -               874M (28%)         868M (28%)           1M (0%)     
[2026-06-26T18:21:44.018-0300][2810.729s][8748][8884 ][info][gc,heap     ] GC(150) y: Allocated:         -                18M (1%)           18M (1%)           28M (1%)     
[2026-06-26T18:21:44.018-0300][2810.729s][8748][8884 ][info][gc,heap     ] GC(150) y: Reclaimed:         -                  -                 6M (0%)          872M (28%)    
[2026-06-26T18:21:44.018-0300][2810.729s][8748][8884 ][info][gc,heap     ] GC(150) y:  Promoted:         -                  -                 0M (0%)            0M (0%)     
[2026-06-26T18:21:44.018-0300][2810.729s][8748][8884 ][info][gc,heap     ] GC(150) y: Compacted:         -                  -                  -                 3M (0%)     
[2026-06-26T18:21:44.018-0300][2810.729s][8748][8884 ][info][gc,phases   ] GC(150) y: Young Generation 2882M(94%)->2038M(66%) 0.077s
[2026-06-26T18:21:44.018-0300][2810.729s][8748][8884 ][info][gc          ] GC(150) Minor Collection (High Usage) 2882M(94%)->2038M(66%) 0.078s
[2026-06-26T18:22:12.155-0300][2838.866s][8748][8884 ][info][gc          ] GC(151) Minor Collection (High Usage)
[2026-06-26T18:22:12.155-0300][2838.866s][8748][8884 ][info][gc,task     ] GC(151) Using 1 Workers for Young Generation
[2026-06-26T18:22:12.155-0300][2838.866s][8748][8884 ][info][gc,phases   ] GC(151) y: Young Generation
[2026-06-26T18:22:12.155-0300][2838.866s][8748][16824][info][gc,phases   ] GC(151) y: Pause Mark Start 0.009ms
[2026-06-26T18:22:12.231-0300][2838.942s][8748][8884 ][info][gc,phases   ] GC(151) y: Concurrent Mark 75.756ms
[2026-06-26T18:22:12.231-0300][2838.942s][8748][16824][info][gc,phases   ] GC(151) y: Pause Mark End 0.013ms
[2026-06-26T18:22:12.231-0300][2838.942s][8748][8884 ][info][gc,phases   ] GC(151) y: Concurrent Mark Free 0.003ms
[2026-06-26T18:22:12.231-0300][2838.942s][8748][8884 ][info][gc,phases   ] GC(151) y: Concurrent Reset Relocation Set 0.014ms
[2026-06-26T18:22:12.231-0300][2838.943s][8748][8884 ][info][gc,reloc    ] GC(151) y: Using tenuring threshold: 4 (Computed)
[2026-06-26T18:22:12.232-0300][2838.943s][8748][8884 ][info][gc,phases   ] GC(151) y: Concurrent Select Relocation Set 0.754ms
[2026-06-26T18:22:12.232-0300][2838.943s][8748][16824][info][gc,phases   ] GC(151) y: Pause Relocate Start 0.005ms
[2026-06-26T18:22:12.240-0300][2838.951s][8748][8884 ][info][gc,phases   ] GC(151) y: Concurrent Relocate 7.522ms
[2026-06-26T18:22:12.240-0300][2838.951s][8748][8884 ][info][gc,alloc    ] GC(151) y:                         Mark Start        Mark End      Relocate Start    Relocate End   
[2026-06-26T18:22:12.240-0300][2838.951s][8748][8884 ][info][gc,alloc    ] GC(151) y: Allocation Stalls:          0                0                0                0         
[2026-06-26T18:22:12.240-0300][2838.951s][8748][8884 ][info][gc,load     ] GC(151) y: Load: 0.00 (0%) / 0.00 (0%) / 0.00 (0%)
[2026-06-26T18:22:12.240-0300][2838.951s][8748][8884 ][info][gc,mmu      ] GC(151) y: MMU: 2ms/44.2%, 5ms/77.7%, 10ms/88.8%, 20ms/94.4%, 50ms/94.8%, 100ms/97.4%
[2026-06-26T18:22:12.240-0300][2838.951s][8748][8884 ][info][gc,marking  ] GC(151) y: Mark: 1 stripe(s), 2 proactive flush(es), 1 terminate flush(es), 0 completion(s), 0 continuation(s) 
[2026-06-26T18:22:12.240-0300][2838.951s][8748][8884 ][info][gc,nmethod  ] GC(151) y: NMethods: 9142 registered, 0 unregistered
[2026-06-26T18:22:12.240-0300][2838.951s][8748][8884 ][info][gc,metaspace] GC(151) y: Metaspace: 82M used, 84M committed, 1152M reserved
[2026-06-26T18:22:12.240-0300][2838.951s][8748][8884 ][info][gc,reloc    ] GC(151) y:                        Candidates     Selected     In-Place         Size        Empty    Relocated 
[2026-06-26T18:22:12.240-0300][2838.951s][8748][8884 ][info][gc,reloc    ] GC(151) y: Small Pages:                  440          196            0         880M         478M           4M 
[2026-06-26T18:22:12.240-0300][2838.951s][8748][8884 ][info][gc,reloc    ] GC(151) y: Medium Pages:                   0            0            0           0M           0M           0M 
[2026-06-26T18:22:12.240-0300][2838.951s][8748][8884 ][info][gc,reloc    ] GC(151) y: Large Pages:                    0            0            0           0M           0M           0M 
[2026-06-26T18:22:12.240-0300][2838.951s][8748][8884 ][info][gc,reloc    ] GC(151) y: Forwarding Usage: 2M
[2026-06-26T18:22:12.240-0300][2838.951s][8748][8884 ][info][gc,reloc    ] GC(151) y: Age Table:
[2026-06-26T18:22:12.240-0300][2838.951s][8748][8884 ][info][gc,reloc    ] GC(151) y:                    Live             Garbage             Small              Medium             Large        
[2026-06-26T18:22:12.240-0300][2838.951s][8748][8884 ][info][gc,reloc    ] GC(151) y: Eden               4M (0%)          857M (28%)        431 / 191            0 / 0              0 / 0        
[2026-06-26T18:22:12.240-0300][2838.951s][8748][8884 ][info][gc,reloc    ] GC(151) y: Survivor 1         1M (0%)            8M (0%)           5 / 4              0 / 0              0 / 0        
[2026-06-26T18:22:12.240-0300][2838.951s][8748][8884 ][info][gc,reloc    ] GC(151) y: Survivor 2         1M (0%)            4M (0%)           3 / 0              0 / 0              0 / 0        
[2026-06-26T18:22:12.240-0300][2838.951s][8748][8884 ][info][gc,reloc    ] GC(151) y: Survivor 3         0M (0%)            1M (0%)           1 / 1              0 / 0              0 / 0        
[2026-06-26T18:22:12.240-0300][2838.951s][8748][8884 ][info][gc,heap     ] GC(151) y: Min Capacity: 8M(0%)
[2026-06-26T18:22:12.240-0300][2838.951s][8748][8884 ][info][gc,heap     ] GC(151) y: Max Capacity: 3072M(100%)
[2026-06-26T18:22:12.240-0300][2838.951s][8748][8884 ][info][gc,heap     ] GC(151) y: Soft Max Capacity: 3072M(100%)
[2026-06-26T18:22:12.240-0300][2838.951s][8748][8884 ][info][gc,heap     ] GC(151) y: Heap Statistics:
[2026-06-26T18:22:12.240-0300][2838.951s][8748][8884 ][info][gc,heap     ] GC(151) y:                Mark Start          Mark End        Relocate Start      Relocate End           High               Low         
[2026-06-26T18:22:12.240-0300][2838.951s][8748][8884 ][info][gc,heap     ] GC(151) y:  Capacity:     2918M (95%)        2918M (95%)        2918M (95%)        2918M (95%)        2918M (95%)        2918M (95%)    
[2026-06-26T18:22:12.240-0300][2838.951s][8748][8884 ][info][gc,heap     ] GC(151) y:      Free:      190M (6%)          176M (6%)          652M (21%)        1028M (33%)        1028M (33%)         176M (6%)     
[2026-06-26T18:22:12.240-0300][2838.951s][8748][8884 ][info][gc,heap     ] GC(151) y:      Used:     2882M (94%)        2896M (94%)        2420M (79%)        2044M (67%)        2896M (94%)        2044M (67%)    
[2026-06-26T18:22:12.240-0300][2838.951s][8748][8884 ][info][gc,heap     ] GC(151) y: Young Generation Statistics:
[2026-06-26T18:22:12.240-0300][2838.951s][8748][8884 ][info][gc,heap     ] GC(151) y:                Mark Start          Mark End        Relocate Start      Relocate End    
[2026-06-26T18:22:12.240-0300][2838.951s][8748][8884 ][info][gc,heap     ] GC(151) y:      Used:      880M (29%)         894M (29%)         418M (14%)          42M (1%)     
[2026-06-26T18:22:12.240-0300][2838.951s][8748][8884 ][info][gc,heap     ] GC(151) y:      Live:         -                 7M (0%)            7M (0%)            7M (0%)     
[2026-06-26T18:22:12.240-0300][2838.951s][8748][8884 ][info][gc,heap     ] GC(151) y:   Garbage:         -               872M (28%)         394M (13%)           0M (0%)     
[2026-06-26T18:22:12.240-0300][2838.951s][8748][8884 ][info][gc,heap     ] GC(151) y: Allocated:         -                14M (0%)           16M (1%)           33M (1%)     
[2026-06-26T18:22:12.240-0300][2838.951s][8748][8884 ][info][gc,heap     ] GC(151) y: Reclaimed:         -                  -               478M (16%)         871M (28%)    
[2026-06-26T18:22:12.240-0300][2838.951s][8748][8884 ][info][gc,heap     ] GC(151) y:  Promoted:         -                  -                 0M (0%)            0M (0%)     
[2026-06-26T18:22:12.240-0300][2838.951s][8748][8884 ][info][gc,heap     ] GC(151) y: Compacted:         -                  -                  -                 6M (0%)     
[2026-06-26T18:22:12.240-0300][2838.951s][8748][8884 ][info][gc,phases   ] GC(151) y: Young Generation 2882M(94%)->2044M(67%) 0.085s
[2026-06-26T18:22:12.240-0300][2838.951s][8748][8884 ][info][gc          ] GC(151) Minor Collection (High Usage) 2882M(94%)->2044M(67%) 0.085s
[2026-06-26T18:22:37.208-0300][2863.919s][8748][8884 ][info][gc          ] GC(152) Minor Collection (High Usage)
[2026-06-26T18:22:37.208-0300][2863.919s][8748][8884 ][info][gc,task     ] GC(152) Using 1 Workers for Young Generation
[2026-06-26T18:22:37.208-0300][2863.919s][8748][8884 ][info][gc,phases   ] GC(152) y: Young Generation
[2026-06-26T18:22:37.208-0300][2863.919s][8748][16824][info][gc,phases   ] GC(152) y: Pause Mark Start 0.012ms
[2026-06-26T18:22:37.262-0300][2863.973s][8748][8884 ][info][gc,phases   ] GC(152) y: Concurrent Mark 53.716ms
[2026-06-26T18:22:37.262-0300][2863.973s][8748][16824][info][gc,phases   ] GC(152) y: Pause Mark End 0.014ms
[2026-06-26T18:22:37.262-0300][2863.973s][8748][8884 ][info][gc,phases   ] GC(152) y: Concurrent Mark Free 0.003ms
[2026-06-26T18:22:37.262-0300][2863.973s][8748][8884 ][info][gc,phases   ] GC(152) y: Concurrent Reset Relocation Set 0.009ms
[2026-06-26T18:22:37.262-0300][2863.973s][8748][8884 ][info][gc,reloc    ] GC(152) y: Using tenuring threshold: 4 (Computed)
[2026-06-26T18:22:37.262-0300][2863.974s][8748][8884 ][info][gc,phases   ] GC(152) y: Concurrent Select Relocation Set 0.627ms
[2026-06-26T18:22:37.262-0300][2863.974s][8748][16824][info][gc,phases   ] GC(152) y: Pause Relocate Start 0.005ms
[2026-06-26T18:22:37.265-0300][2863.977s][8748][8884 ][info][gc,phases   ] GC(152) y: Concurrent Relocate 3.263ms
[2026-06-26T18:22:37.265-0300][2863.977s][8748][8884 ][info][gc,alloc    ] GC(152) y:                         Mark Start        Mark End      Relocate Start    Relocate End   
[2026-06-26T18:22:37.266-0300][2863.977s][8748][8884 ][info][gc,alloc    ] GC(152) y: Allocation Stalls:          0                0                0                0         
[2026-06-26T18:22:37.266-0300][2863.977s][8748][8884 ][info][gc,load     ] GC(152) y: Load: 0.00 (0%) / 0.00 (0%) / 0.00 (0%)
[2026-06-26T18:22:37.266-0300][2863.977s][8748][8884 ][info][gc,mmu      ] GC(152) y: MMU: 2ms/44.2%, 5ms/77.7%, 10ms/88.8%, 20ms/94.4%, 50ms/94.8%, 100ms/97.4%
[2026-06-26T18:22:37.266-0300][2863.977s][8748][8884 ][info][gc,marking  ] GC(152) y: Mark: 1 stripe(s), 2 proactive flush(es), 1 terminate flush(es), 0 completion(s), 0 continuation(s) 
[2026-06-26T18:22:37.266-0300][2863.977s][8748][8884 ][info][gc,nmethod  ] GC(152) y: NMethods: 9945 registered, 0 unregistered
[2026-06-26T18:22:37.266-0300][2863.977s][8748][8884 ][info][gc,metaspace] GC(152) y: Metaspace: 82M used, 84M committed, 1152M reserved
[2026-06-26T18:22:37.266-0300][2863.977s][8748][8884 ][info][gc,reloc    ] GC(152) y:                        Candidates     Selected     In-Place         Size        Empty    Relocated 
[2026-06-26T18:22:37.266-0300][2863.977s][8748][8884 ][info][gc,reloc    ] GC(152) y: Small Pages:                  424           84            0         848M         670M           1M 
[2026-06-26T18:22:37.266-0300][2863.977s][8748][8884 ][info][gc,reloc    ] GC(152) y: Medium Pages:                   1            0            0          32M          32M           0M 
[2026-06-26T18:22:37.266-0300][2863.977s][8748][8884 ][info][gc,reloc    ] GC(152) y: Large Pages:                    0            0            0           0M           0M           0M 
[2026-06-26T18:22:37.266-0300][2863.977s][8748][8884 ][info][gc,reloc    ] GC(152) y: Forwarding Usage: 0M
[2026-06-26T18:22:37.266-0300][2863.977s][8748][8884 ][info][gc,reloc    ] GC(152) y: Age Table:
[2026-06-26T18:22:37.266-0300][2863.977s][8748][8884 ][info][gc,reloc    ] GC(152) y:                    Live             Garbage             Small              Medium             Large        
[2026-06-26T18:22:37.266-0300][2863.977s][8748][8884 ][info][gc,reloc    ] GC(152) y: Eden               0M (0%)          853M (28%)        411 / 76             1 / 0              0 / 0        
[2026-06-26T18:22:37.266-0300][2863.977s][8748][8884 ][info][gc,reloc    ] GC(152) y: Survivor 1         4M (0%)            5M (0%)           5 / 3              0 / 0              0 / 0        
[2026-06-26T18:22:37.266-0300][2863.977s][8748][8884 ][info][gc,reloc    ] GC(152) y: Survivor 2         1M (0%)            4M (0%)           3 / 2              0 / 0              0 / 0        
[2026-06-26T18:22:37.266-0300][2863.977s][8748][8884 ][info][gc,reloc    ] GC(152) y: Survivor 3         1M (0%)            4M (0%)           3 / 2              0 / 0              0 / 0        
[2026-06-26T18:22:37.266-0300][2863.977s][8748][8884 ][info][gc,reloc    ] GC(152) y: Survivor 4         0M (0%)            3M (0%)           2 / 1              0 / 0              0 / 0        
[2026-06-26T18:22:37.266-0300][2863.977s][8748][8884 ][info][gc,heap     ] GC(152) y: Min Capacity: 8M(0%)
[2026-06-26T18:22:37.266-0300][2863.977s][8748][8884 ][info][gc,heap     ] GC(152) y: Max Capacity: 3072M(100%)
[2026-06-26T18:22:37.266-0300][2863.977s][8748][8884 ][info][gc,heap     ] GC(152) y: Soft Max Capacity: 3072M(100%)
[2026-06-26T18:22:37.266-0300][2863.978s][8748][8884 ][info][gc,heap     ] GC(152) y: Heap Statistics:
[2026-06-26T18:22:37.266-0300][2863.978s][8748][8884 ][info][gc,heap     ] GC(152) y:                Mark Start          Mark End        Relocate Start      Relocate End           High               Low         
[2026-06-26T18:22:37.266-0300][2863.978s][8748][8884 ][info][gc,heap     ] GC(152) y:  Capacity:     2918M (95%)        2918M (95%)        2918M (95%)        2918M (95%)        2918M (95%)        2918M (95%)    
[2026-06-26T18:22:37.266-0300][2863.978s][8748][8884 ][info][gc,heap     ] GC(152) y:      Free:      190M (6%)          184M (6%)          886M (29%)        1038M (34%)        1038M (34%)         184M (6%)     
[2026-06-26T18:22:37.266-0300][2863.978s][8748][8884 ][info][gc,heap     ] GC(152) y:      Used:     2882M (94%)        2888M (94%)        2186M (71%)        2034M (66%)        2888M (94%)        2034M (66%)    
[2026-06-26T18:22:37.266-0300][2863.978s][8748][8884 ][info][gc,heap     ] GC(152) y: Young Generation Statistics:
[2026-06-26T18:22:37.266-0300][2863.978s][8748][8884 ][info][gc,heap     ] GC(152) y:                Mark Start          Mark End        Relocate Start      Relocate End    
[2026-06-26T18:22:37.266-0300][2863.978s][8748][8884 ][info][gc,heap     ] GC(152) y:      Used:      880M (29%)         886M (29%)         184M (6%)           30M (1%)     
[2026-06-26T18:22:37.266-0300][2863.978s][8748][8884 ][info][gc,heap     ] GC(152) y:      Live:         -                 7M (0%)            7M (0%)            7M (0%)     
[2026-06-26T18:22:37.266-0300][2863.978s][8748][8884 ][info][gc,heap     ] GC(152) y:   Garbage:         -               872M (28%)         170M (6%)            1M (0%)     
[2026-06-26T18:22:37.266-0300][2863.978s][8748][8884 ][info][gc,heap     ] GC(152) y: Allocated:         -                 6M (0%)            6M (0%)           20M (1%)     
[2026-06-26T18:22:37.266-0300][2863.978s][8748][8884 ][info][gc,heap     ] GC(152) y: Reclaimed:         -                  -               702M (23%)         870M (28%)    
[2026-06-26T18:22:37.266-0300][2863.978s][8748][8884 ][info][gc,heap     ] GC(152) y:  Promoted:         -                  -                 0M (0%)            0M (0%)     
[2026-06-26T18:22:37.266-0300][2863.978s][8748][8884 ][info][gc,heap     ] GC(152) y: Compacted:         -                  -                  -                 1M (0%)     
[2026-06-26T18:22:37.266-0300][2863.978s][8748][8884 ][info][gc,phases   ] GC(152) y: Young Generation 2882M(94%)->2034M(66%) 0.058s
[2026-06-26T18:22:37.266-0300][2863.978s][8748][8884 ][info][gc          ] GC(152) Minor Collection (High Usage) 2882M(94%)->2034M(66%) 0.059s
[2026-06-26T18:22:52.223-0300][2878.934s][8748][5916 ][info][gc,exit     ] Stopping ZGC
[2026-06-26T18:22:52.223-0300][2878.934s][8748][15972][info][gc,stats    ] === Garbage Collection Statistics =======================================================================================================================
[2026-06-26T18:22:52.223-0300][2878.935s][8748][15972][info][gc,stats    ]                                                              Last 10s              Last 10m              Last 10h                Total
[2026-06-26T18:22:52.223-0300][2878.935s][8748][15972][info][gc,stats    ]                                                              Avg / Max             Avg / Max             Avg / Max             Avg / Max
[2026-06-26T18:22:52.223-0300][2878.935s][8748][15972][info][gc,stats    ]        Contention: Mark Segment Reset Contention                     0 / 0                 0 / 0                 0 / 170               0 / 170         ops/s
[2026-06-26T18:22:52.223-0300][2878.935s][8748][15972][info][gc,stats    ]        Contention: Mark SeqNum Reset Contention                      0 / 0                 0 / 0                 0 / 18                0 / 18          ops/s
[2026-06-26T18:22:52.223-0300][2878.935s][8748][15972][info][gc,stats    ]          Critical: Allocation Stall                                  0 / 0                 0 / 0                 0 / 0                 0 / 0           ops/s
[2026-06-26T18:22:52.223-0300][2878.935s][8748][15972][info][gc,stats    ]          Critical: Allocation Stall                              0.000 / 0.000         0.000 / 0.000         0.000 / 0.000         0.000 / 0.000       ms
[2026-06-26T18:22:52.223-0300][2878.935s][8748][15972][info][gc,stats    ]          Critical: JNI Critical Stall                                0 / 0                 0 / 0                 0 / 25                0 / 25          ops/s
[2026-06-26T18:22:52.223-0300][2878.935s][8748][15972][info][gc,stats    ]          Critical: JNI Critical Stall                            0.000 / 0.000         0.000 / 0.000         0.460 / 8.324         0.460 / 8.324       ms
[2026-06-26T18:22:52.223-0300][2878.935s][8748][15972][info][gc,stats    ]          Critical: Relocation Stall                                  0 / 0                 0 / 0                 0 / 0                 0 / 0           ops/s
[2026-06-26T18:22:52.223-0300][2878.935s][8748][15972][info][gc,stats    ]          Critical: Relocation Stall                              0.000 / 0.000         0.000 / 0.000         0.000 / 0.000         0.000 / 0.000       ms
[2026-06-26T18:22:52.223-0300][2878.935s][8748][15972][info][gc,stats    ]  Major Collection: Major Collection                              0.000 / 0.000      3373.774 / 3409.989   2346.213 / 3706.501   2346.213 / 3706.501    ms
[2026-06-26T18:22:52.223-0300][2878.935s][8748][15972][info][gc,stats    ]            Memory: Allocation Rate                                  27 / 78               36 / 80               40 / 3692             40 / 3692        MB/s
[2026-06-26T18:22:52.223-0300][2878.935s][8748][15972][info][gc,stats    ]            Memory: Defragment                                        0 / 0                 0 / 0                 0 / 1                 0 / 1           ops/s
[2026-06-26T18:22:52.223-0300][2878.935s][8748][15972][info][gc,stats    ]            Memory: Mapped Cache Harvest                              0 / 0                 0 / 0                 0 / 8                 0 / 8           MB/s
[2026-06-26T18:22:52.223-0300][2878.935s][8748][15972][info][gc,stats    ]            Memory: Out Of Memory                                     0 / 0                 0 / 0                 0 / 0                 0 / 0           ops/s
[2026-06-26T18:22:52.223-0300][2878.935s][8748][15972][info][gc,stats    ]            Memory: Uncommit                                          0 / 0                 0 / 2                 0 / 24                0 / 24          MB/s
[2026-06-26T18:22:52.223-0300][2878.935s][8748][15972][info][gc,stats    ]            Memory: Undo Object Allocation Failed                     0 / 0                 0 / 0                 0 / 0                 0 / 0           ops/s
[2026-06-26T18:22:52.223-0300][2878.935s][8748][15972][info][gc,stats    ]            Memory: Undo Object Allocation Succeeded                  0 / 0                 0 / 1                 0 / 332               0 / 332         ops/s
[2026-06-26T18:22:52.223-0300][2878.935s][8748][15972][info][gc,stats    ]            Memory: Undo Page Allocation                              0 / 0                 0 / 1                 0 / 3                 0 / 3           ops/s
[2026-06-26T18:22:52.223-0300][2878.935s][8748][15972][info][gc,stats    ]  Minor Collection: Minor Collection                              0.000 / 0.000        67.711 / 290.831     141.273 / 1217.240    141.273 / 1217.240    ms
[2026-06-26T18:22:52.223-0300][2878.935s][8748][15972][info][gc,stats    ]    Old Generation: Old Generation                                0.000 / 0.000      3325.779 / 3358.288   2221.637 / 3447.138   2221.637 / 3447.138    ms
[2026-06-26T18:22:52.223-0300][2878.935s][8748][15972][info][gc,stats    ]         Old Pause: Pause Mark End                                0.000 / 0.000         0.015 / 0.019         0.015 / 0.021         0.015 / 0.021       ms
[2026-06-26T18:22:52.223-0300][2878.935s][8748][15972][info][gc,stats    ]         Old Pause: Pause Relocate Start                          0.000 / 0.000         0.011 / 0.012         0.034 / 0.602         0.034 / 0.602       ms
[2026-06-26T18:22:52.223-0300][2878.935s][8748][15972][info][gc,stats    ]         Old Phase: Concurrent Mark                               0.000 / 0.000      3224.882 / 3234.706   2120.377 / 3234.706   2120.377 / 3234.706    ms
[2026-06-26T18:22:52.223-0300][2878.935s][8748][15972][info][gc,stats    ]         Old Phase: Concurrent Mark Continue                      0.000 / 0.000         0.000 / 0.000         0.000 / 0.000         0.000 / 0.000       ms
[2026-06-26T18:22:52.223-0300][2878.935s][8748][15972][info][gc,stats    ]         Old Phase: Concurrent Mark Free                          0.000 / 0.000         0.002 / 0.003         0.003 / 0.008         0.003 / 0.008       ms
[2026-06-26T18:22:52.223-0300][2878.935s][8748][15972][info][gc,stats    ]         Old Phase: Concurrent Process Non-Strong                 0.000 / 0.000        46.770 / 48.087       36.978 / 70.363       36.978 / 70.363      ms
[2026-06-26T18:22:52.223-0300][2878.935s][8748][15972][info][gc,stats    ]         Old Phase: Concurrent Relocate                           0.000 / 0.000        43.148 / 70.317       52.811 / 214.171      52.811 / 214.171     ms
[2026-06-26T18:22:52.223-0300][2878.935s][8748][15972][info][gc,stats    ]         Old Phase: Concurrent Remap Roots                        0.000 / 0.000         8.288 / 9.925         8.093 / 21.003        8.093 / 21.003      ms
[2026-06-26T18:22:52.223-0300][2878.935s][8748][15972][info][gc,stats    ]         Old Phase: Concurrent Reset Relocation Set               0.000 / 0.000         0.004 / 0.004         0.004 / 0.024         0.004 / 0.024       ms
[2026-06-26T18:22:52.223-0300][2878.935s][8748][15972][info][gc,stats    ]         Old Phase: Concurrent Select Relocation Set              0.000 / 0.000         2.169 / 4.345         2.808 / 13.918        2.808 / 13.918      ms
[2026-06-26T18:22:52.223-0300][2878.935s][8748][15972][info][gc,stats    ]      Old Subphase: Concurrent Classes Purge                      0.000 / 0.000         2.486 / 4.095         3.269 / 16.267        3.269 / 16.267      ms
[2026-06-26T18:22:52.223-0300][2878.935s][8748][15972][info][gc,stats    ]      Old Subphase: Concurrent Classes Unlink                     0.000 / 0.000        37.889 / 38.288       27.482 / 53.610       27.482 / 53.610      ms
[2026-06-26T18:22:52.223-0300][2878.935s][8748][15972][info][gc,stats    ]      Old Subphase: Concurrent Mark Follow                        0.000 / 0.000      3224.460 / 3234.257   2120.032 / 3234.257   2120.032 / 3234.257    ms
[2026-06-26T18:22:52.223-0300][2878.935s][8748][15972][info][gc,stats    ]      Old Subphase: Concurrent Mark Root Colored                  0.000 / 0.000         0.199 / 0.212         0.135 / 0.251         0.135 / 0.251       ms
[2026-06-26T18:22:52.223-0300][2878.935s][8748][15972][info][gc,stats    ]      Old Subphase: Concurrent Mark Root Uncolored                0.000 / 0.000         0.179 / 0.184         0.131 / 0.222         0.131 / 0.222       ms
[2026-06-26T18:22:52.223-0300][2878.935s][8748][15972][info][gc,stats    ]      Old Subphase: Concurrent Mark Roots                         0.000 / 0.000         0.418 / 0.445         0.310 / 0.503         0.310 / 0.503       ms
[2026-06-26T18:22:52.223-0300][2878.935s][8748][15972][info][gc,stats    ]      Old Subphase: Concurrent References Enqueue                 0.000 / 0.000         0.005 / 0.006         0.005 / 0.009         0.005 / 0.009       ms
[2026-06-26T18:22:52.223-0300][2878.935s][8748][15972][info][gc,stats    ]      Old Subphase: Concurrent References Process                 0.000 / 0.000         1.798 / 2.078         2.027 / 13.059        2.027 / 13.059      ms
[2026-06-26T18:22:52.223-0300][2878.935s][8748][15972][info][gc,stats    ]      Old Subphase: Concurrent Remap Remembered                   0.000 / 0.000         4.005 / 5.844         3.371 / 15.561        3.371 / 15.561      ms
[2026-06-26T18:22:52.223-0300][2878.935s][8748][15972][info][gc,stats    ]      Old Subphase: Concurrent Remap Roots Colored                0.000 / 0.000         1.535 / 1.698         1.345 / 1.773         1.345 / 1.773       ms
[2026-06-26T18:22:52.223-0300][2878.935s][8748][15972][info][gc,stats    ]      Old Subphase: Concurrent Remap Roots Uncolored              0.000 / 0.000         2.607 / 2.792         2.614 / 5.114         2.614 / 5.114       ms
[2026-06-26T18:22:52.223-0300][2878.935s][8748][15972][info][gc,stats    ]      Old Subphase: Concurrent Roots ClassLoaderDataGraph         0.000 / 0.000         0.425 / 0.770         0.452 / 0.921         0.452 / 0.921       ms
[2026-06-26T18:22:52.223-0300][2878.935s][8748][15972][info][gc,stats    ]      Old Subphase: Concurrent Roots CodeCache                    0.000 / 0.000         2.597 / 2.784         2.602 / 5.104         2.602 / 5.104       ms
[2026-06-26T18:22:52.223-0300][2878.935s][8748][15972][info][gc,stats    ]      Old Subphase: Concurrent Roots JavaThreads                  0.000 / 0.000         0.051 / 0.184         0.039 / 0.222         0.039 / 0.222       ms
[2026-06-26T18:22:52.223-0300][2878.935s][8748][15972][info][gc,stats    ]      Old Subphase: Concurrent Roots OopStorageSet                0.000 / 0.000         0.015 / 0.043         0.012 / 0.047         0.012 / 0.047       ms
[2026-06-26T18:22:52.223-0300][2878.935s][8748][15972][info][gc,stats    ]      Old Subphase: Concurrent Weak Roots OopStorageSet           0.000 / 0.000         2.071 / 4.388         1.674 / 5.969         1.674 / 5.969       ms
[2026-06-26T18:22:52.223-0300][2878.935s][8748][15972][info][gc,stats    ]            System: Java Threads                                      0 / 0                37 / 37               34 / 39               34 / 39          threads
[2026-06-26T18:22:52.223-0300][2878.935s][8748][15972][info][gc,stats    ]  Young Generation: Young Generation                              0.000 / 0.000        47.191 / 66.302      123.545 / 475.339     123.545 / 475.339     ms
[2026-06-26T18:22:52.223-0300][2878.935s][8748][15972][info][gc,stats    ]  Young Generation: Young Generation                              0.000 / 0.000        67.238 / 290.279     140.803 / 1216.866    140.803 / 1216.866    ms
[2026-06-26T18:22:52.223-0300][2878.935s][8748][15972][info][gc,stats    ]  Young Generation: Young Generation (Collect Roots)              0.000 / 0.000         0.000 / 0.000         0.000 / 0.000         0.000 / 0.000       ms
[2026-06-26T18:22:52.223-0300][2878.935s][8748][15972][info][gc,stats    ]  Young Generation: Young Generation (Promote All)                0.000 / 0.000         0.000 / 0.000         0.000 / 0.000         0.000 / 0.000       ms
[2026-06-26T18:22:52.223-0300][2878.935s][8748][15972][info][gc,stats    ]       Young Pause: Pause Mark End                                0.000 / 0.000         0.013 / 0.015         0.019 / 0.843         0.019 / 0.843       ms
[2026-06-26T18:22:52.223-0300][2878.935s][8748][15972][info][gc,stats    ]       Young Pause: Pause Mark Start                              0.000 / 0.000         0.010 / 0.015         0.011 / 0.018         0.011 / 0.018       ms
[2026-06-26T18:22:52.223-0300][2878.935s][8748][15972][info][gc,stats    ]       Young Pause: Pause Mark Start (Major)                      0.000 / 0.000         0.013 / 0.016         0.053 / 1.116         0.053 / 1.116       ms
[2026-06-26T18:22:52.223-0300][2878.935s][8748][15972][info][gc,stats    ]       Young Pause: Pause Relocate Start                          0.000 / 0.000         0.006 / 0.012         0.008 / 0.020         0.008 / 0.020       ms
[2026-06-26T18:22:52.223-0300][2878.935s][8748][15972][info][gc,stats    ]       Young Phase: Concurrent Mark                               0.000 / 0.000        54.157 / 182.944     104.945 / 783.870     104.945 / 783.870     ms
[2026-06-26T18:22:52.223-0300][2878.935s][8748][15972][info][gc,stats    ]       Young Phase: Concurrent Mark Continue                      0.000 / 0.000         0.000 / 0.000         0.000 / 0.000         0.000 / 0.000       ms
[2026-06-26T18:22:52.223-0300][2878.935s][8748][15972][info][gc,stats    ]       Young Phase: Concurrent Mark Free                          0.000 / 0.000         0.003 / 0.005         0.003 / 0.008         0.003 / 0.008       ms
[2026-06-26T18:22:52.223-0300][2878.935s][8748][15972][info][gc,stats    ]       Young Phase: Concurrent Relocate                           0.000 / 0.000         8.003 / 75.419       24.474 / 371.196      24.474 / 371.196     ms
[2026-06-26T18:22:52.223-0300][2878.935s][8748][15972][info][gc,stats    ]       Young Phase: Concurrent Reset Relocation Set               0.000 / 0.000         0.043 / 0.340         0.095 / 6.075         0.095 / 6.075       ms
[2026-06-26T18:22:52.223-0300][2878.935s][8748][15972][info][gc,stats    ]       Young Phase: Concurrent Select Relocation Set              0.000 / 0.000         2.273 / 31.415        7.674 / 154.275       7.674 / 154.275     ms
[2026-06-26T18:22:52.223-0300][2878.935s][8748][15972][info][gc,stats    ]    Young Subphase: Concurrent Mark Follow                        0.000 / 0.000        43.718 / 170.239      93.934 / 773.955      93.934 / 773.955     ms
[2026-06-26T18:22:52.223-0300][2878.935s][8748][15972][info][gc,stats    ]    Young Subphase: Concurrent Mark Root Colored                  0.000 / 0.000         3.751 / 4.864         3.504 / 7.101         3.504 / 7.101       ms
[2026-06-26T18:22:52.223-0300][2878.935s][8748][15972][info][gc,stats    ]    Young Subphase: Concurrent Mark Root Uncolored                0.000 / 0.000         6.645 / 9.111         6.188 / 16.340        6.188 / 16.340      ms
[2026-06-26T18:22:52.223-0300][2878.935s][8748][15972][info][gc,stats    ]    Young Subphase: Concurrent Mark Roots                         0.000 / 0.000        10.436 / 12.702       11.008 / 20.032       11.008 / 20.032      ms
[2026-06-26T18:22:52.223-0300][2878.935s][8748][15972][info][gc,stats    ]    Young Subphase: Concurrent Relocate Remset FP                 0.000 / 0.000         3.006 / 58.955        9.062 / 243.723       9.062 / 243.723     ms
[2026-06-26T18:22:52.223-0300][2878.935s][8748][15972][info][gc,stats    ]    Young Subphase: Concurrent Roots ClassLoaderDataGraph         0.000 / 0.000         0.570 / 0.762         0.664 / 1.943         0.664 / 1.943       ms
[2026-06-26T18:22:52.223-0300][2878.935s][8748][15972][info][gc,stats    ]    Young Subphase: Concurrent Roots CodeCache                    0.000 / 0.000         6.334 / 8.933         5.955 / 16.109        5.955 / 16.109      ms
[2026-06-26T18:22:52.223-0300][2878.935s][8748][15972][info][gc,stats    ]    Young Subphase: Concurrent Roots JavaThreads                  0.000 / 0.000         0.157 / 0.516         0.118 / 1.520         0.118 / 1.520       ms
[2026-06-26T18:22:52.223-0300][2878.935s][8748][15972][info][gc,stats    ]    Young Subphase: Concurrent Roots OopStorageSet                0.000 / 0.000         0.064 / 0.208         0.072 / 1.338         0.072 / 1.338       ms
[2026-06-26T18:22:52.223-0300][2878.935s][8748][15972][info][gc,stats    ]    Young Subphase: Concurrent Weak Roots OopStorageSet           0.000 / 0.000         3.115 / 4.094         2.769 / 5.718         2.769 / 5.718       ms
[2026-06-26T18:22:52.223-0300][2878.935s][8748][15972][info][gc,stats    ] =========================================================================================================================================================
[2026-06-26T18:22:52.223-0300][2878.936s][8748][5916 ][info][gc,exit     ] Heap
[2026-06-26T18:22:52.223-0300][2878.936s][8748][5916 ][info][gc,exit     ]  ZHeap           used 2492M, capacity 2918M, max capacity 3072M
[2026-06-26T18:22:52.223-0300][2878.936s][8748][5916 ][info][gc,exit     ]   Cache          426M (3)
[2026-06-26T18:22:52.225-0300][2878.936s][8748][5916 ][info][gc,exit     ]    size classes  16M (2), 256M (1)
[2026-06-26T18:22:52.225-0300][2878.936s][8748][5916 ][info][gc,exit     ]  Metaspace       used 84746K, committed 87040K, reserved 1179648K
[2026-06-26T18:22:52.225-0300][2878.936s][8748][5916 ][info][gc,exit     ]   class space    used 7527K, committed 8768K, reserved 1048576K
