[2026-06-26T13:47:50.953-0300][0.008s][13528][13492][info][gc,init] Initializing The Z Garbage Collector
[2026-06-26T13:47:50.953-0300][0.008s][13528][13492][info][gc,init] Version: 25.0.1+8-LTS (release)
[2026-06-26T13:47:50.953-0300][0.008s][13528][13492][info][gc,init] NUMA Support: Disabled
[2026-06-26T13:47:50.953-0300][0.008s][13528][13492][info][gc,init] CPUs: 12 total, 12 available
[2026-06-26T13:47:50.953-0300][0.008s][13528][13492][info][gc,init] Memory: 32693M
[2026-06-26T13:47:50.953-0300][0.008s][13528][13492][info][gc,init] Large Page Support: Disabled
[2026-06-26T13:47:50.953-0300][0.008s][13528][13492][info][gc,init] Address Space Size: limited (137434287384K)
[2026-06-26T13:47:50.953-0300][0.008s][13528][13492][info][gc,init] Reserved Space Type: Contiguous/Unrestricted/Complete
[2026-06-26T13:47:50.954-0300][0.008s][13528][13492][info][gc,init] Reserved Space Size: 48G
[2026-06-26T13:47:50.954-0300][0.008s][13528][13492][info][gc,init] Min Capacity: 8M
[2026-06-26T13:47:50.954-0300][0.008s][13528][13492][info][gc,init] Initial Capacity: 512M
[2026-06-26T13:47:50.954-0300][0.008s][13528][13492][info][gc,init] Max Capacity: 3072M
[2026-06-26T13:47:50.954-0300][0.008s][13528][13492][info][gc,init] Soft Max Capacity: 3072M
[2026-06-26T13:47:50.954-0300][0.008s][13528][13492][info][gc,init] Page Size Medium: Range [4M, 32M]
[2026-06-26T13:47:50.954-0300][0.008s][13528][13492][info][gc,init] Pre-touch: Disabled
[2026-06-26T13:47:50.954-0300][0.008s][13528][13492][info][gc,init] Uncommit: Enabled
[2026-06-26T13:47:50.954-0300][0.008s][13528][13492][info][gc,init] Uncommit Delay: 300s
[2026-06-26T13:47:50.954-0300][0.008s][13528][13492][info][gc,init] GC Workers for Old Generation: 3 (dynamic)
[2026-06-26T13:47:50.954-0300][0.009s][13528][13492][info][gc,init] GC Workers for Young Generation: 3 (dynamic)
[2026-06-26T13:47:50.964-0300][0.018s][13528][13492][info][gc,init] GC Workers Max: 3 (dynamic)
[2026-06-26T13:47:50.964-0300][0.018s][13528][13492][info][gc,init] Runtime Workers: 8
[2026-06-26T13:47:50.964-0300][0.018s][13528][13492][info][gc     ] Using The Z Garbage Collector
[2026-06-26T13:47:50.969-0300][0.023s][13528][13492][info][gc,metaspace] CDS archive(s) mapped at: [0x000000002a000000-0x000000002ad20000-0x000000002ad20000), size 13762560, SharedBaseAddress: 0x000000002a000000, ArchiveRelocationMode: 1.
[2026-06-26T13:47:50.969-0300][0.023s][13528][13492][info][gc,metaspace] Compressed class space mapped at: 0x000000002b000000-0x000000006b000000, reserved size: 1073741824
[2026-06-26T13:47:50.969-0300][0.023s][13528][13492][info][gc,metaspace] UseCompressedClassPointers 1, UseCompactObjectHeaders 0
[2026-06-26T13:47:50.969-0300][0.023s][13528][13492][info][gc,metaspace] Narrow klass pointer bits 32, Max shift 3
[2026-06-26T13:47:50.969-0300][0.023s][13528][13492][info][gc,metaspace] Narrow klass base: 0x000000002a000000, Narrow klass shift: 0
[2026-06-26T13:47:50.969-0300][0.023s][13528][13492][info][gc,metaspace] Encoding Range: [0x000000002a000000 - 0x000000012a000000), (4294967296 bytes)
[2026-06-26T13:47:50.969-0300][0.024s][13528][13492][info][gc,metaspace] Klass Range:    [0x000000002a010000 - 0x000000006b000000), (1090453504 bytes)
[2026-06-26T13:47:50.969-0300][0.024s][13528][13492][info][gc,metaspace] Klass ID Range:  [65536 - 1090519033) (1090453497)
[2026-06-26T13:47:50.969-0300][0.024s][13528][13492][info][gc,metaspace] Protection zone: [0x000000002a000000 - 0x000000002a010000), (65536 bytes)
[2026-06-26T13:47:52.348-0300][1.402s][13528][4880 ][info][gc          ] GC(0) Major Collection (Metadata GC Threshold)
[2026-06-26T13:47:52.348-0300][1.402s][13528][4880 ][info][gc,task     ] GC(0) Using 1 Workers for Young Generation
[2026-06-26T13:47:52.348-0300][1.402s][13528][4880 ][info][gc,task     ] GC(0) Using 1 Workers for Old Generation
[2026-06-26T13:47:52.348-0300][1.402s][13528][4880 ][info][gc,phases   ] GC(0) Y: Young Generation
[2026-06-26T13:47:52.348-0300][1.403s][13528][11752][info][gc,phases   ] GC(0) Y: Pause Mark Start (Major) 0.009ms
[2026-06-26T13:47:52.364-0300][1.418s][13528][4880 ][info][gc,phases   ] GC(0) Y: Concurrent Mark 15.695ms
[2026-06-26T13:47:52.364-0300][1.418s][13528][11752][info][gc,phases   ] GC(0) Y: Pause Mark End 0.018ms
[2026-06-26T13:47:52.364-0300][1.418s][13528][4880 ][info][gc,phases   ] GC(0) Y: Concurrent Mark Free 0.003ms
[2026-06-26T13:47:52.364-0300][1.418s][13528][4880 ][info][gc,phases   ] GC(0) Y: Concurrent Reset Relocation Set 0.000ms
[2026-06-26T13:47:52.364-0300][1.419s][13528][4880 ][info][gc,reloc    ] GC(0) Y: Using tenuring threshold: 1 (Computed)
[2026-06-26T13:47:52.365-0300][1.419s][13528][4880 ][info][gc,phases   ] GC(0) Y: Concurrent Select Relocation Set 0.543ms
[2026-06-26T13:47:52.365-0300][1.419s][13528][11752][info][gc,phases   ] GC(0) Y: Pause Relocate Start 0.006ms
[2026-06-26T13:47:52.373-0300][1.427s][13528][4880 ][info][gc,phases   ] GC(0) Y: Concurrent Relocate 7.613ms
[2026-06-26T13:47:52.373-0300][1.427s][13528][4880 ][info][gc,alloc    ] GC(0) Y:                         Mark Start        Mark End      Relocate Start    Relocate End   
[2026-06-26T13:47:52.373-0300][1.427s][13528][4880 ][info][gc,alloc    ] GC(0) Y: Allocation Stalls:          0                0                0                0         
[2026-06-26T13:47:52.373-0300][1.427s][13528][4880 ][info][gc,load     ] GC(0) Y: Load: 0.00 (0%) / 0.00 (0%) / 0.00 (0%)
[2026-06-26T13:47:52.373-0300][1.427s][13528][4880 ][info][gc,mmu      ] GC(0) Y: MMU: 2ms/98.8%, 5ms/99.5%, 10ms/99.8%, 20ms/99.8%, 50ms/99.9%, 100ms/100.0%
[2026-06-26T13:47:52.373-0300][1.427s][13528][4880 ][info][gc,marking  ] GC(0) Y: Mark: 1 stripe(s), 2 proactive flush(es), 1 terminate flush(es), 0 completion(s), 0 continuation(s) 
[2026-06-26T13:47:52.373-0300][1.427s][13528][4880 ][info][gc,nmethod  ] GC(0) Y: NMethods: 3232 registered, 0 unregistered
[2026-06-26T13:47:52.373-0300][1.427s][13528][4880 ][info][gc,metaspace] GC(0) Y: Metaspace: 21M used, 21M committed, 1088M reserved
[2026-06-26T13:47:52.373-0300][1.427s][13528][4880 ][info][gc,reloc    ] GC(0) Y:                        Candidates     Selected     In-Place         Size        Empty    Relocated 
[2026-06-26T13:47:52.373-0300][1.427s][13528][4880 ][info][gc,reloc    ] GC(0) Y: Small Pages:                   38           31            0          76M           0M           5M 
[2026-06-26T13:47:52.373-0300][1.427s][13528][4880 ][info][gc,reloc    ] GC(0) Y: Medium Pages:                   1            0            0          32M           0M           0M 
[2026-06-26T13:47:52.373-0300][1.427s][13528][4880 ][info][gc,reloc    ] GC(0) Y: Large Pages:                    0            0            0           0M           0M           0M 
[2026-06-26T13:47:52.373-0300][1.427s][13528][4880 ][info][gc,reloc    ] GC(0) Y: Forwarding Usage: 2M
[2026-06-26T13:47:52.373-0300][1.427s][13528][4880 ][info][gc,reloc    ] GC(0) Y: Age Table:
[2026-06-26T13:47:52.373-0300][1.427s][13528][4880 ][info][gc,reloc    ] GC(0) Y:                    Live             Garbage             Small              Medium             Large        
[2026-06-26T13:47:52.373-0300][1.427s][13528][4880 ][info][gc,reloc    ] GC(0) Y: Eden              13M (0%)           94M (3%)          38 / 31             1 / 0              0 / 0        
[2026-06-26T13:47:52.373-0300][1.427s][13528][4880 ][info][gc,heap     ] GC(0) Y: Min Capacity: 8M(0%)
[2026-06-26T13:47:52.373-0300][1.427s][13528][4880 ][info][gc,heap     ] GC(0) Y: Max Capacity: 3072M(100%)
[2026-06-26T13:47:52.373-0300][1.427s][13528][4880 ][info][gc,heap     ] GC(0) Y: Soft Max Capacity: 3072M(100%)
[2026-06-26T13:47:52.373-0300][1.427s][13528][4880 ][info][gc,heap     ] GC(0) Y: Heap Statistics:
[2026-06-26T13:47:52.373-0300][1.427s][13528][4880 ][info][gc,heap     ] GC(0) Y:                Mark Start          Mark End        Relocate Start      Relocate End           High               Low         
[2026-06-26T13:47:52.373-0300][1.427s][13528][4880 ][info][gc,heap     ] GC(0) Y:  Capacity:      512M (17%)         512M (17%)         512M (17%)         512M (17%)         512M (17%)         512M (17%)    
[2026-06-26T13:47:52.373-0300][1.427s][13528][4880 ][info][gc,heap     ] GC(0) Y:      Free:     2964M (96%)        2960M (96%)        2960M (96%)        3014M (98%)        3014M (98%)        2956M (96%)    
[2026-06-26T13:47:52.373-0300][1.427s][13528][4880 ][info][gc,heap     ] GC(0) Y:      Used:      108M (4%)          112M (4%)          112M (4%)           58M (2%)          116M (4%)           58M (2%)     
[2026-06-26T13:47:52.373-0300][1.427s][13528][4880 ][info][gc,heap     ] GC(0) Y: Young Generation Statistics:
[2026-06-26T13:47:52.373-0300][1.427s][13528][4880 ][info][gc,heap     ] GC(0) Y:                Mark Start          Mark End        Relocate Start      Relocate End    
[2026-06-26T13:47:52.373-0300][1.427s][13528][4880 ][info][gc,heap     ] GC(0) Y:      Used:      108M (4%)          112M (4%)          112M (4%)           58M (2%)     
[2026-06-26T13:47:52.373-0300][1.427s][13528][4880 ][info][gc,heap     ] GC(0) Y:      Live:         -                13M (0%)           13M (0%)           13M (0%)     
[2026-06-26T13:47:52.373-0300][1.427s][13528][4880 ][info][gc,heap     ] GC(0) Y:   Garbage:         -                94M (3%)           94M (3%)           30M (1%)     
[2026-06-26T13:47:52.373-0300][1.427s][13528][4880 ][info][gc,heap     ] GC(0) Y: Allocated:         -                 4M (0%)            4M (0%)           13M (0%)     
[2026-06-26T13:47:52.373-0300][1.427s][13528][4880 ][info][gc,heap     ] GC(0) Y: Reclaimed:         -                  -                 0M (0%)           63M (2%)     
[2026-06-26T13:47:52.373-0300][1.427s][13528][4880 ][info][gc,heap     ] GC(0) Y:  Promoted:         -                  -                 0M (0%)            0M (0%)     
[2026-06-26T13:47:52.373-0300][1.427s][13528][4880 ][info][gc,heap     ] GC(0) Y: Compacted:         -                  -                  -                 6M (0%)     
[2026-06-26T13:47:52.373-0300][1.427s][13528][4880 ][info][gc,phases   ] GC(0) Y: Young Generation 108M(4%)->58M(2%) 0.024s
[2026-06-26T13:47:52.373-0300][1.427s][13528][4880 ][info][gc,phases   ] GC(0) O: Old Generation
[2026-06-26T13:47:52.373-0300][1.427s][13528][4880 ][info][gc,phases   ] GC(0) O: Concurrent Mark 0.298ms
[2026-06-26T13:47:52.373-0300][1.428s][13528][11752][info][gc,phases   ] GC(0) O: Pause Mark End 0.013ms
[2026-06-26T13:47:52.373-0300][1.428s][13528][4880 ][info][gc,phases   ] GC(0) O: Concurrent Mark Free 0.001ms
[2026-06-26T13:47:52.379-0300][1.433s][13528][4880 ][info][gc,phases   ] GC(0) O: Concurrent Process Non-Strong 5.867ms
[2026-06-26T13:47:52.379-0300][1.433s][13528][4880 ][info][gc,phases   ] GC(0) O: Concurrent Reset Relocation Set 0.001ms
[2026-06-26T13:47:52.379-0300][1.434s][13528][4880 ][info][gc,phases   ] GC(0) O: Concurrent Select Relocation Set 0.051ms
[2026-06-26T13:47:52.379-0300][1.434s][13528][4880 ][info][gc,task     ] GC(0) O: Using 2 Workers for Old Generation
[2026-06-26T13:47:52.380-0300][1.435s][13528][4880 ][info][gc,task     ] GC(0) O: Using 1 Workers for Old Generation
[2026-06-26T13:47:52.380-0300][1.435s][13528][4880 ][info][gc,phases   ] GC(0) O: Concurrent Remap Roots 1.067ms
[2026-06-26T13:47:52.382-0300][1.436s][13528][11752][info][gc,phases   ] GC(0) O: Pause Relocate Start 0.815ms
[2026-06-26T13:47:52.382-0300][1.436s][13528][4880 ][info][gc,phases   ] GC(0) O: Concurrent Relocate 0.042ms
[2026-06-26T13:47:52.382-0300][1.436s][13528][4880 ][info][gc,alloc    ] GC(0) O:                         Mark Start        Mark End      Relocate Start    Relocate End   
[2026-06-26T13:47:52.382-0300][1.436s][13528][4880 ][info][gc,alloc    ] GC(0) O: Allocation Stalls:          0                0                0                0         
[2026-06-26T13:47:52.382-0300][1.436s][13528][4880 ][info][gc,load     ] GC(0) O: Load: 0.00 (0%) / 0.00 (0%) / 0.00 (0%)
[2026-06-26T13:47:52.382-0300][1.436s][13528][4880 ][info][gc,mmu      ] GC(0) O: MMU: 2ms/59.3%, 5ms/83.7%, 10ms/91.7%, 20ms/95.7%, 50ms/98.3%, 100ms/99.1%
[2026-06-26T13:47:52.382-0300][1.436s][13528][4880 ][info][gc,marking  ] GC(0) O: Mark: 1 stripe(s), 1 proactive flush(es), 1 terminate flush(es), 0 completion(s), 0 continuation(s) 
[2026-06-26T13:47:52.382-0300][1.436s][13528][4880 ][info][gc,nmethod  ] GC(0) O: NMethods: 2929 registered, 347 unregistered
[2026-06-26T13:47:52.382-0300][1.436s][13528][4880 ][info][gc,metaspace] GC(0) O: Metaspace: 21M used, 21M committed, 1088M reserved
[2026-06-26T13:47:52.383-0300][1.437s][13528][4880 ][info][gc,ref      ] GC(0) O:                       Encountered   Discovered     Enqueued 
[2026-06-26T13:47:52.383-0300][1.437s][13528][4880 ][info][gc,ref      ] GC(0) O: Soft References:             2984            0            0 
[2026-06-26T13:47:52.383-0300][1.437s][13528][4880 ][info][gc,ref      ] GC(0) O: Weak References:             3618            0            0 
[2026-06-26T13:47:52.383-0300][1.437s][13528][4880 ][info][gc,ref      ] GC(0) O: Final References:               8            0            0 
[2026-06-26T13:47:52.383-0300][1.437s][13528][4880 ][info][gc,ref      ] GC(0) O: Phantom References:          1215            0            0 
[2026-06-26T13:47:52.383-0300][1.437s][13528][4880 ][info][gc,heap     ] GC(0) O: Min Capacity: 8M(0%)
[2026-06-26T13:47:52.383-0300][1.437s][13528][4880 ][info][gc,heap     ] GC(0) O: Max Capacity: 3072M(100%)
[2026-06-26T13:47:52.383-0300][1.437s][13528][4880 ][info][gc,heap     ] GC(0) O: Soft Max Capacity: 3072M(100%)
[2026-06-26T13:47:52.383-0300][1.437s][13528][4880 ][info][gc,heap     ] GC(0) O: Heap Statistics:
[2026-06-26T13:47:52.383-0300][1.437s][13528][4880 ][info][gc,heap     ] GC(0) O:                Mark Start          Mark End        Relocate Start      Relocate End           High               Low         
[2026-06-26T13:47:52.383-0300][1.437s][13528][4880 ][info][gc,heap     ] GC(0) O:  Capacity:      512M (17%)         512M (17%)         512M (17%)         512M (17%)         512M (17%)         512M (17%)    
[2026-06-26T13:47:52.383-0300][1.437s][13528][4880 ][info][gc,heap     ] GC(0) O:      Free:     2964M (96%)        3014M (98%)        3014M (98%)        3014M (98%)        3014M (98%)        2956M (96%)    
[2026-06-26T13:47:52.383-0300][1.437s][13528][4880 ][info][gc,heap     ] GC(0) O:      Used:      108M (4%)           58M (2%)           58M (2%)           58M (2%)          116M (4%)           58M (2%)     
[2026-06-26T13:47:52.383-0300][1.437s][13528][4880 ][info][gc,heap     ] GC(0) O: Old Generation Statistics:
[2026-06-26T13:47:52.383-0300][1.437s][13528][4880 ][info][gc,heap     ] GC(0) O:                Mark Start          Mark End        Relocate Start      Relocate End    
[2026-06-26T13:47:52.383-0300][1.437s][13528][4880 ][info][gc,heap     ] GC(0) O:      Used:        0M (0%)            0M (0%)            0M (0%)            0M (0%)     
[2026-06-26T13:47:52.383-0300][1.437s][13528][4880 ][info][gc,heap     ] GC(0) O:      Live:         -                 0M (0%)            0M (0%)            0M (0%)     
[2026-06-26T13:47:52.383-0300][1.437s][13528][4880 ][info][gc,heap     ] GC(0) O:   Garbage:         -                 0M (0%)            0M (0%)            0M (0%)     
[2026-06-26T13:47:52.383-0300][1.437s][13528][4880 ][info][gc,heap     ] GC(0) O: Allocated:         -                 0M (0%)            0M (0%)            0M (0%)     
[2026-06-26T13:47:52.383-0300][1.437s][13528][4880 ][info][gc,heap     ] GC(0) O: Reclaimed:         -                  -                 0M (0%)            0M (0%)     
[2026-06-26T13:47:52.383-0300][1.437s][13528][4880 ][info][gc,heap     ] GC(0) O: Compacted:         -                  -                  -                 0M (0%)     
[2026-06-26T13:47:52.383-0300][1.437s][13528][4880 ][info][gc,phases   ] GC(0) O: Old Generation 58M(2%)->58M(2%) 0.009s
[2026-06-26T13:47:52.383-0300][1.437s][13528][4880 ][info][gc          ] GC(0) Major Collection (Metadata GC Threshold) 108M(4%)->58M(2%) 0.035s
[2026-06-26T13:48:00.377-0300][9.431s][13528][4880 ][info][gc          ] GC(1) Major Collection (Warmup)
[2026-06-26T13:48:00.377-0300][9.431s][13528][4880 ][info][gc,task     ] GC(1) Using 3 Workers for Young Generation
[2026-06-26T13:48:00.377-0300][9.431s][13528][4880 ][info][gc,task     ] GC(1) Using 2 Workers for Old Generation
[2026-06-26T13:48:00.377-0300][9.431s][13528][4880 ][info][gc,phases   ] GC(1) Y: Young Generation
[2026-06-26T13:48:00.377-0300][9.431s][13528][11752][info][gc,phases   ] GC(1) Y: Pause Mark Start (Major) 0.012ms
[2026-06-26T13:48:00.404-0300][9.458s][13528][4880 ][info][gc,phases   ] GC(1) Y: Concurrent Mark 26.786ms
[2026-06-26T13:48:00.404-0300][9.458s][13528][11752][info][gc,phases   ] GC(1) Y: Pause Mark End 0.015ms
[2026-06-26T13:48:00.404-0300][9.458s][13528][4880 ][info][gc,phases   ] GC(1) Y: Concurrent Mark Free 0.005ms
[2026-06-26T13:48:00.404-0300][9.458s][13528][4880 ][info][gc,phases   ] GC(1) Y: Concurrent Reset Relocation Set 0.002ms
[2026-06-26T13:48:00.404-0300][9.458s][13528][4880 ][info][gc,reloc    ] GC(1) Y: Using tenuring threshold: 2 (Computed)
[2026-06-26T13:48:00.406-0300][9.460s][13528][4880 ][info][gc,phases   ] GC(1) Y: Concurrent Select Relocation Set 2.283ms
[2026-06-26T13:48:00.406-0300][9.460s][13528][11752][info][gc,phases   ] GC(1) Y: Pause Relocate Start 0.009ms
[2026-06-26T13:48:00.419-0300][9.473s][13528][4880 ][info][gc,phases   ] GC(1) Y: Concurrent Relocate 12.373ms
[2026-06-26T13:48:00.419-0300][9.473s][13528][4880 ][info][gc,alloc    ] GC(1) Y:                         Mark Start        Mark End      Relocate Start    Relocate End   
[2026-06-26T13:48:00.419-0300][9.473s][13528][4880 ][info][gc,alloc    ] GC(1) Y: Allocation Stalls:          0                0                0                0         
[2026-06-26T13:48:00.419-0300][9.473s][13528][4880 ][info][gc,load     ] GC(1) Y: Load: 0.00 (0%) / 0.00 (0%) / 0.00 (0%)
[2026-06-26T13:48:00.419-0300][9.473s][13528][4880 ][info][gc,mmu      ] GC(1) Y: MMU: 2ms/59.3%, 5ms/83.7%, 10ms/91.7%, 20ms/95.7%, 50ms/98.3%, 100ms/99.1%
[2026-06-26T13:48:00.419-0300][9.473s][13528][4880 ][info][gc,marking  ] GC(1) Y: Mark: 2 stripe(s), 2 proactive flush(es), 1 terminate flush(es), 0 completion(s), 0 continuation(s) 
[2026-06-26T13:48:00.419-0300][9.473s][13528][4880 ][info][gc,nmethod  ] GC(1) Y: NMethods: 3755 registered, 347 unregistered
[2026-06-26T13:48:00.419-0300][9.473s][13528][4880 ][info][gc,metaspace] GC(1) Y: Metaspace: 25M used, 26M committed, 1088M reserved
[2026-06-26T13:48:00.419-0300][9.473s][13528][4880 ][info][gc,reloc    ] GC(1) Y:                        Candidates     Selected     In-Place         Size        Empty    Relocated 
[2026-06-26T13:48:00.419-0300][9.473s][13528][4880 ][info][gc,reloc    ] GC(1) Y: Small Pages:                  122           89            0         244M          28M          17M 
[2026-06-26T13:48:00.419-0300][9.473s][13528][4880 ][info][gc,reloc    ] GC(1) Y: Medium Pages:                   2            1            0          64M           0M           2M 
[2026-06-26T13:48:00.419-0300][9.473s][13528][4880 ][info][gc,reloc    ] GC(1) Y: Large Pages:                    0            0            0           0M           0M           0M 
[2026-06-26T13:48:00.419-0300][9.473s][13528][4880 ][info][gc,reloc    ] GC(1) Y: Forwarding Usage: 9M
[2026-06-26T13:48:00.419-0300][9.473s][13528][4880 ][info][gc,reloc    ] GC(1) Y: Age Table:
[2026-06-26T13:48:00.419-0300][9.473s][13528][4880 ][info][gc,reloc    ] GC(1) Y:                    Live             Garbage             Small              Medium             Large        
[2026-06-26T13:48:00.419-0300][9.473s][13528][4880 ][info][gc,reloc    ] GC(1) Y: Eden              22M (1%)          233M (8%)         112 / 86             1 / 0              0 / 0        
[2026-06-26T13:48:00.419-0300][9.473s][13528][4880 ][info][gc,reloc    ] GC(1) Y: Survivor 1        13M (0%)           38M (1%)          10 / 3              1 / 1              0 / 0        
[2026-06-26T13:48:00.419-0300][9.473s][13528][4880 ][info][gc,heap     ] GC(1) Y: Min Capacity: 8M(0%)
[2026-06-26T13:48:00.419-0300][9.473s][13528][4880 ][info][gc,heap     ] GC(1) Y: Max Capacity: 3072M(100%)
[2026-06-26T13:48:00.419-0300][9.473s][13528][4880 ][info][gc,heap     ] GC(1) Y: Soft Max Capacity: 3072M(100%)
[2026-06-26T13:48:00.419-0300][9.473s][13528][4880 ][info][gc,heap     ] GC(1) Y: Heap Statistics:
[2026-06-26T13:48:00.419-0300][9.473s][13528][4880 ][info][gc,heap     ] GC(1) Y:                Mark Start          Mark End        Relocate Start      Relocate End           High               Low         
[2026-06-26T13:48:00.419-0300][9.473s][13528][4880 ][info][gc,heap     ] GC(1) Y:  Capacity:      512M (17%)         512M (17%)         512M (17%)         512M (17%)         512M (17%)         512M (17%)    
[2026-06-26T13:48:00.419-0300][9.473s][13528][4880 ][info][gc,heap     ] GC(1) Y:      Free:     2764M (90%)        2760M (90%)        2788M (91%)        2952M (96%)        2952M (96%)        2718M (88%)    
[2026-06-26T13:48:00.419-0300][9.473s][13528][4880 ][info][gc,heap     ] GC(1) Y:      Used:      308M (10%)         312M (10%)         284M (9%)          120M (4%)          354M (12%)         120M (4%)     
[2026-06-26T13:48:00.419-0300][9.473s][13528][4880 ][info][gc,heap     ] GC(1) Y: Young Generation Statistics:
[2026-06-26T13:48:00.419-0300][9.473s][13528][4880 ][info][gc,heap     ] GC(1) Y:                Mark Start          Mark End        Relocate Start      Relocate End    
[2026-06-26T13:48:00.419-0300][9.473s][13528][4880 ][info][gc,heap     ] GC(1) Y:      Used:      308M (10%)         312M (10%)         284M (9%)          120M (4%)     
[2026-06-26T13:48:00.419-0300][9.473s][13528][4880 ][info][gc,heap     ] GC(1) Y:      Live:         -                36M (1%)           36M (1%)           36M (1%)     
[2026-06-26T13:48:00.419-0300][9.473s][13528][4880 ][info][gc,heap     ] GC(1) Y:   Garbage:         -               271M (9%)          243M (8%)            2M (0%)     
[2026-06-26T13:48:00.419-0300][9.473s][13528][4880 ][info][gc,heap     ] GC(1) Y: Allocated:         -                 4M (0%)            4M (0%)           81M (3%)     
[2026-06-26T13:48:00.419-0300][9.473s][13528][4880 ][info][gc,heap     ] GC(1) Y: Reclaimed:         -                  -                28M (1%)          269M (9%)     
[2026-06-26T13:48:00.419-0300][9.473s][13528][4880 ][info][gc,heap     ] GC(1) Y:  Promoted:         -                  -                 0M (0%)            0M (0%)     
[2026-06-26T13:48:00.419-0300][9.473s][13528][4880 ][info][gc,heap     ] GC(1) Y: Compacted:         -                  -                  -                24M (1%)     
[2026-06-26T13:48:00.419-0300][9.473s][13528][4880 ][info][gc,phases   ] GC(1) Y: Young Generation 308M(10%)->120M(4%) 0.042s
[2026-06-26T13:48:00.419-0300][9.473s][13528][4880 ][info][gc,phases   ] GC(1) O: Old Generation
[2026-06-26T13:48:00.419-0300][9.474s][13528][4880 ][info][gc,phases   ] GC(1) O: Concurrent Mark 0.335ms
[2026-06-26T13:48:00.419-0300][9.474s][13528][11752][info][gc,phases   ] GC(1) O: Pause Mark End 0.011ms
[2026-06-26T13:48:00.420-0300][9.474s][13528][4880 ][info][gc,phases   ] GC(1) O: Concurrent Mark Free 0.000ms
[2026-06-26T13:48:00.423-0300][9.477s][13528][4880 ][info][gc,phases   ] GC(1) O: Concurrent Process Non-Strong 3.166ms
[2026-06-26T13:48:00.423-0300][9.477s][13528][4880 ][info][gc,phases   ] GC(1) O: Concurrent Reset Relocation Set 0.000ms
[2026-06-26T13:48:00.423-0300][9.477s][13528][4880 ][info][gc,phases   ] GC(1) O: Concurrent Select Relocation Set 0.044ms
[2026-06-26T13:48:00.423-0300][9.477s][13528][4880 ][info][gc,task     ] GC(1) O: Using 3 Workers for Old Generation
[2026-06-26T13:48:00.424-0300][9.478s][13528][4880 ][info][gc,task     ] GC(1) O: Using 2 Workers for Old Generation
[2026-06-26T13:48:00.424-0300][9.478s][13528][4880 ][info][gc,phases   ] GC(1) O: Concurrent Remap Roots 0.982ms
[2026-06-26T13:48:00.424-0300][9.478s][13528][11752][info][gc,phases   ] GC(1) O: Pause Relocate Start 0.007ms
[2026-06-26T13:48:00.424-0300][9.478s][13528][4880 ][info][gc,phases   ] GC(1) O: Concurrent Relocate 0.044ms
[2026-06-26T13:48:00.424-0300][9.478s][13528][4880 ][info][gc,alloc    ] GC(1) O:                         Mark Start        Mark End      Relocate Start    Relocate End   
[2026-06-26T13:48:00.424-0300][9.478s][13528][4880 ][info][gc,alloc    ] GC(1) O: Allocation Stalls:          0                0                0                0         
[2026-06-26T13:48:00.424-0300][9.478s][13528][4880 ][info][gc,load     ] GC(1) O: Load: 0.00 (0%) / 0.00 (0%) / 0.00 (0%)
[2026-06-26T13:48:00.424-0300][9.478s][13528][4880 ][info][gc,mmu      ] GC(1) O: MMU: 2ms/59.3%, 5ms/83.7%, 10ms/91.7%, 20ms/95.7%, 50ms/98.3%, 100ms/99.1%
[2026-06-26T13:48:00.424-0300][9.478s][13528][4880 ][info][gc,marking  ] GC(1) O: Mark: 2 stripe(s), 1 proactive flush(es), 1 terminate flush(es), 0 completion(s), 0 continuation(s) 
[2026-06-26T13:48:00.424-0300][9.478s][13528][4880 ][info][gc,nmethod  ] GC(1) O: NMethods: 3488 registered, 614 unregistered
[2026-06-26T13:48:00.424-0300][9.478s][13528][4880 ][info][gc,metaspace] GC(1) O: Metaspace: 25M used, 26M committed, 1088M reserved
[2026-06-26T13:48:00.424-0300][9.478s][13528][4880 ][info][gc,ref      ] GC(1) O:                       Encountered   Discovered     Enqueued 
[2026-06-26T13:48:00.424-0300][9.478s][13528][4880 ][info][gc,ref      ] GC(1) O: Soft References:             3124            0            0 
[2026-06-26T13:48:00.424-0300][9.478s][13528][4880 ][info][gc,ref      ] GC(1) O: Weak References:             7114            0            0 
[2026-06-26T13:48:00.424-0300][9.478s][13528][4880 ][info][gc,ref      ] GC(1) O: Final References:               8            0            0 
[2026-06-26T13:48:00.424-0300][9.478s][13528][4880 ][info][gc,ref      ] GC(1) O: Phantom References:          4608            0            0 
[2026-06-26T13:48:00.424-0300][9.478s][13528][4880 ][info][gc,heap     ] GC(1) O: Min Capacity: 8M(0%)
[2026-06-26T13:48:00.424-0300][9.478s][13528][4880 ][info][gc,heap     ] GC(1) O: Max Capacity: 3072M(100%)
[2026-06-26T13:48:00.424-0300][9.478s][13528][4880 ][info][gc,heap     ] GC(1) O: Soft Max Capacity: 3072M(100%)
[2026-06-26T13:48:00.424-0300][9.478s][13528][4880 ][info][gc,heap     ] GC(1) O: Heap Statistics:
[2026-06-26T13:48:00.424-0300][9.478s][13528][4880 ][info][gc,heap     ] GC(1) O:                Mark Start          Mark End        Relocate Start      Relocate End           High               Low         
[2026-06-26T13:48:00.424-0300][9.478s][13528][4880 ][info][gc,heap     ] GC(1) O:  Capacity:      512M (17%)         512M (17%)         512M (17%)         512M (17%)         512M (17%)         512M (17%)    
[2026-06-26T13:48:00.424-0300][9.478s][13528][4880 ][info][gc,heap     ] GC(1) O:      Free:     2764M (90%)        2952M (96%)        2952M (96%)        2952M (96%)        2952M (96%)        2718M (88%)    
[2026-06-26T13:48:00.424-0300][9.478s][13528][4880 ][info][gc,heap     ] GC(1) O:      Used:      308M (10%)         120M (4%)          120M (4%)          120M (4%)          354M (12%)         120M (4%)     
[2026-06-26T13:48:00.424-0300][9.478s][13528][4880 ][info][gc,heap     ] GC(1) O: Old Generation Statistics:
[2026-06-26T13:48:00.424-0300][9.478s][13528][4880 ][info][gc,heap     ] GC(1) O:                Mark Start          Mark End        Relocate Start      Relocate End    
[2026-06-26T13:48:00.424-0300][9.478s][13528][4880 ][info][gc,heap     ] GC(1) O:      Used:        0M (0%)            0M (0%)            0M (0%)            0M (0%)     
[2026-06-26T13:48:00.424-0300][9.478s][13528][4880 ][info][gc,heap     ] GC(1) O:      Live:         -                 0M (0%)            0M (0%)            0M (0%)     
[2026-06-26T13:48:00.424-0300][9.478s][13528][4880 ][info][gc,heap     ] GC(1) O:   Garbage:         -                 0M (0%)            0M (0%)            0M (0%)     
[2026-06-26T13:48:00.424-0300][9.478s][13528][4880 ][info][gc,heap     ] GC(1) O: Allocated:         -                 0M (0%)            0M (0%)            0M (0%)     
[2026-06-26T13:48:00.424-0300][9.478s][13528][4880 ][info][gc,heap     ] GC(1) O: Reclaimed:         -                  -                 0M (0%)            0M (0%)     
[2026-06-26T13:48:00.424-0300][9.478s][13528][4880 ][info][gc,heap     ] GC(1) O: Compacted:         -                  -                  -                 0M (0%)     
[2026-06-26T13:48:00.424-0300][9.478s][13528][4880 ][info][gc,phases   ] GC(1) O: Old Generation 120M(4%)->120M(4%) 0.005s
[2026-06-26T13:48:00.424-0300][9.478s][13528][4880 ][info][gc          ] GC(1) Major Collection (Warmup) 308M(10%)->120M(4%) 0.047s
[2026-06-26T13:48:06.868-0300][15.922s][13528][4880 ][info][gc          ] GC(2) Major Collection (Warmup)
[2026-06-26T13:48:06.868-0300][15.922s][13528][4880 ][info][gc,task     ] GC(2) Using 3 Workers for Young Generation
[2026-06-26T13:48:06.868-0300][15.922s][13528][4880 ][info][gc,task     ] GC(2) Using 1 Workers for Old Generation
[2026-06-26T13:48:06.868-0300][15.922s][13528][4880 ][info][gc,phases   ] GC(2) Y: Young Generation
[2026-06-26T13:48:06.868-0300][15.922s][13528][11752][info][gc,phases   ] GC(2) Y: Pause Mark Start (Major) 0.014ms
[2026-06-26T13:48:06.989-0300][16.043s][13528][4880 ][info][gc,phases   ] GC(2) Y: Concurrent Mark 121.072ms
[2026-06-26T13:48:06.989-0300][16.043s][13528][11752][info][gc,phases   ] GC(2) Y: Pause Mark End 0.010ms
[2026-06-26T13:48:06.989-0300][16.043s][13528][4880 ][info][gc,phases   ] GC(2) Y: Concurrent Mark Free 0.002ms
[2026-06-26T13:48:06.989-0300][16.043s][13528][4880 ][info][gc,phases   ] GC(2) Y: Concurrent Reset Relocation Set 0.005ms
[2026-06-26T13:48:06.989-0300][16.044s][13528][4880 ][info][gc,reloc    ] GC(2) Y: Using tenuring threshold: 3 (Computed)
[2026-06-26T13:48:06.992-0300][16.046s][13528][4880 ][info][gc,phases   ] GC(2) Y: Concurrent Select Relocation Set 2.457ms
[2026-06-26T13:48:06.992-0300][16.046s][13528][11752][info][gc,phases   ] GC(2) Y: Pause Relocate Start 0.005ms
[2026-06-26T13:48:07.006-0300][16.060s][13528][4880 ][info][gc,phases   ] GC(2) Y: Concurrent Relocate 13.596ms
[2026-06-26T13:48:07.006-0300][16.060s][13528][4880 ][info][gc,alloc    ] GC(2) Y:                         Mark Start        Mark End      Relocate Start    Relocate End   
[2026-06-26T13:48:07.006-0300][16.060s][13528][4880 ][info][gc,alloc    ] GC(2) Y: Allocation Stalls:          0                0                0                0         
[2026-06-26T13:48:07.006-0300][16.060s][13528][4880 ][info][gc,load     ] GC(2) Y: Load: 0.00 (0%) / 0.00 (0%) / 0.00 (0%)
[2026-06-26T13:48:07.006-0300][16.060s][13528][4880 ][info][gc,mmu      ] GC(2) Y: MMU: 2ms/59.3%, 5ms/83.7%, 10ms/91.7%, 20ms/95.7%, 50ms/98.3%, 100ms/99.1%
[2026-06-26T13:48:07.006-0300][16.060s][13528][4880 ][info][gc,marking  ] GC(2) Y: Mark: 2 stripe(s), 10 proactive flush(es), 1 terminate flush(es), 0 completion(s), 0 continuation(s) 
[2026-06-26T13:48:07.006-0300][16.060s][13528][4880 ][info][gc,nmethod  ] GC(2) Y: NMethods: 4365 registered, 614 unregistered
[2026-06-26T13:48:07.006-0300][16.060s][13528][4880 ][info][gc,metaspace] GC(2) Y: Metaspace: 31M used, 32M committed, 1088M reserved
[2026-06-26T13:48:07.006-0300][16.060s][13528][4880 ][info][gc,reloc    ] GC(2) Y:                        Candidates     Selected     In-Place         Size        Empty    Relocated 
[2026-06-26T13:48:07.006-0300][16.060s][13528][4880 ][info][gc,reloc    ] GC(2) Y: Small Pages:                  261          164            0         522M         128M          23M 
[2026-06-26T13:48:07.006-0300][16.060s][13528][4880 ][info][gc,reloc    ] GC(2) Y: Medium Pages:                   3            2            0          96M           0M           8M 
[2026-06-26T13:48:07.006-0300][16.060s][13528][4880 ][info][gc,reloc    ] GC(2) Y: Large Pages:                    0            0            0           0M           0M           0M 
[2026-06-26T13:48:07.006-0300][16.060s][13528][4880 ][info][gc,reloc    ] GC(2) Y: Forwarding Usage: 10M
[2026-06-26T13:48:07.006-0300][16.060s][13528][4880 ][info][gc,reloc    ] GC(2) Y: Age Table:
[2026-06-26T13:48:07.006-0300][16.060s][13528][4880 ][info][gc,reloc    ] GC(2) Y:                    Live             Garbage             Small              Medium             Large        
[2026-06-26T13:48:07.006-0300][16.060s][13528][4880 ][info][gc,reloc    ] GC(2) Y: Eden              32M (1%)          469M (15%)        235 / 157            1 / 1              0 / 0        
[2026-06-26T13:48:07.006-0300][16.060s][13528][4880 ][info][gc,reloc    ] GC(2) Y: Survivor 1        21M (1%)           42M (1%)          16 / 3              1 / 0              0 / 0        
[2026-06-26T13:48:07.006-0300][16.060s][13528][4880 ][info][gc,reloc    ] GC(2) Y: Survivor 2        13M (0%)           38M (1%)          10 / 4              1 / 1              0 / 0        
[2026-06-26T13:48:07.006-0300][16.060s][13528][4880 ][info][gc,heap     ] GC(2) Y: Min Capacity: 8M(0%)
[2026-06-26T13:48:07.006-0300][16.060s][13528][4880 ][info][gc,heap     ] GC(2) Y: Max Capacity: 3072M(100%)
[2026-06-26T13:48:07.006-0300][16.060s][13528][4880 ][info][gc,heap     ] GC(2) Y: Soft Max Capacity: 3072M(100%)
[2026-06-26T13:48:07.006-0300][16.060s][13528][4880 ][info][gc,heap     ] GC(2) Y: Heap Statistics:
[2026-06-26T13:48:07.006-0300][16.060s][13528][4880 ][info][gc,heap     ] GC(2) Y:                Mark Start          Mark End        Relocate Start      Relocate End           High               Low         
[2026-06-26T13:48:07.006-0300][16.060s][13528][4880 ][info][gc,heap     ] GC(2) Y:  Capacity:      618M (20%)         690M (22%)         690M (22%)         754M (25%)         754M (25%)         618M (20%)    
[2026-06-26T13:48:07.006-0300][16.060s][13528][4880 ][info][gc,heap     ] GC(2) Y:      Free:     2454M (80%)        2382M (78%)        2510M (82%)        2838M (92%)        2838M (92%)        2382M (78%)    
[2026-06-26T13:48:07.006-0300][16.060s][13528][4880 ][info][gc,heap     ] GC(2) Y:      Used:      618M (20%)         690M (22%)         562M (18%)         234M (8%)          690M (22%)         234M (8%)     
[2026-06-26T13:48:07.006-0300][16.060s][13528][4880 ][info][gc,heap     ] GC(2) Y: Young Generation Statistics:
[2026-06-26T13:48:07.006-0300][16.060s][13528][4880 ][info][gc,heap     ] GC(2) Y:                Mark Start          Mark End        Relocate Start      Relocate End    
[2026-06-26T13:48:07.006-0300][16.060s][13528][4880 ][info][gc,heap     ] GC(2) Y:      Used:      618M (20%)         690M (22%)         562M (18%)         234M (8%)     
[2026-06-26T13:48:07.006-0300][16.060s][13528][4880 ][info][gc,heap     ] GC(2) Y:      Live:         -                67M (2%)           67M (2%)           67M (2%)     
[2026-06-26T13:48:07.006-0300][16.060s][13528][4880 ][info][gc,heap     ] GC(2) Y:   Garbage:         -               550M (18%)         422M (14%)           3M (0%)     
[2026-06-26T13:48:07.006-0300][16.060s][13528][4880 ][info][gc,heap     ] GC(2) Y: Allocated:         -                72M (2%)           72M (2%)          163M (5%)     
[2026-06-26T13:48:07.006-0300][16.060s][13528][4880 ][info][gc,heap     ] GC(2) Y: Reclaimed:         -                  -               128M (4%)          547M (18%)    
[2026-06-26T13:48:07.006-0300][16.060s][13528][4880 ][info][gc,heap     ] GC(2) Y:  Promoted:         -                  -                 0M (0%)            0M (0%)     
[2026-06-26T13:48:07.006-0300][16.060s][13528][4880 ][info][gc,heap     ] GC(2) Y: Compacted:         -                  -                  -                36M (1%)     
[2026-06-26T13:48:07.006-0300][16.060s][13528][4880 ][info][gc,phases   ] GC(2) Y: Young Generation 618M(20%)->234M(8%) 0.138s
[2026-06-26T13:48:07.006-0300][16.060s][13528][4880 ][info][gc,phases   ] GC(2) O: Old Generation
[2026-06-26T13:48:07.006-0300][16.060s][13528][4880 ][info][gc,phases   ] GC(2) O: Concurrent Mark 0.324ms
[2026-06-26T13:48:07.006-0300][16.060s][13528][11752][info][gc,phases   ] GC(2) O: Pause Mark End 0.012ms
[2026-06-26T13:48:07.006-0300][16.060s][13528][4880 ][info][gc,phases   ] GC(2) O: Concurrent Mark Free 0.001ms
[2026-06-26T13:48:07.013-0300][16.067s][13528][4880 ][info][gc,phases   ] GC(2) O: Concurrent Process Non-Strong 6.913ms
[2026-06-26T13:48:07.013-0300][16.067s][13528][4880 ][info][gc,phases   ] GC(2) O: Concurrent Reset Relocation Set 0.000ms
[2026-06-26T13:48:07.014-0300][16.068s][13528][4880 ][info][gc,phases   ] GC(2) O: Concurrent Select Relocation Set 0.049ms
[2026-06-26T13:48:07.014-0300][16.068s][13528][4880 ][info][gc,task     ] GC(2) O: Using 3 Workers for Old Generation
[2026-06-26T13:48:07.015-0300][16.069s][13528][4880 ][info][gc,task     ] GC(2) O: Using 1 Workers for Old Generation
[2026-06-26T13:48:07.015-0300][16.069s][13528][4880 ][info][gc,phases   ] GC(2) O: Concurrent Remap Roots 1.135ms
[2026-06-26T13:48:07.015-0300][16.069s][13528][11752][info][gc,phases   ] GC(2) O: Pause Relocate Start 0.007ms
[2026-06-26T13:48:07.015-0300][16.069s][13528][4880 ][info][gc,phases   ] GC(2) O: Concurrent Relocate 0.052ms
[2026-06-26T13:48:07.015-0300][16.069s][13528][4880 ][info][gc,alloc    ] GC(2) O:                         Mark Start        Mark End      Relocate Start    Relocate End   
[2026-06-26T13:48:07.015-0300][16.069s][13528][4880 ][info][gc,alloc    ] GC(2) O: Allocation Stalls:          0                0                0                0         
[2026-06-26T13:48:07.015-0300][16.069s][13528][4880 ][info][gc,load     ] GC(2) O: Load: 0.00 (0%) / 0.00 (0%) / 0.00 (0%)
[2026-06-26T13:48:07.015-0300][16.069s][13528][4880 ][info][gc,mmu      ] GC(2) O: MMU: 2ms/59.3%, 5ms/83.7%, 10ms/91.7%, 20ms/95.7%, 50ms/98.3%, 100ms/99.1%
[2026-06-26T13:48:07.015-0300][16.069s][13528][4880 ][info][gc,marking  ] GC(2) O: Mark: 1 stripe(s), 1 proactive flush(es), 1 terminate flush(es), 0 completion(s), 0 continuation(s) 
[2026-06-26T13:48:07.015-0300][16.069s][13528][4880 ][info][gc,nmethod  ] GC(2) O: NMethods: 4120 registered, 891 unregistered
[2026-06-26T13:48:07.015-0300][16.069s][13528][4880 ][info][gc,metaspace] GC(2) O: Metaspace: 31M used, 32M committed, 1088M reserved
[2026-06-26T13:48:07.015-0300][16.069s][13528][4880 ][info][gc,ref      ] GC(2) O:                       Encountered   Discovered     Enqueued 
[2026-06-26T13:48:07.015-0300][16.069s][13528][4880 ][info][gc,ref      ] GC(2) O: Soft References:             3157            0            0 
[2026-06-26T13:48:07.015-0300][16.069s][13528][4880 ][info][gc,ref      ] GC(2) O: Weak References:             9650            0            0 
[2026-06-26T13:48:07.015-0300][16.069s][13528][4880 ][info][gc,ref      ] GC(2) O: Final References:               8            0            0 
[2026-06-26T13:48:07.015-0300][16.069s][13528][4880 ][info][gc,ref      ] GC(2) O: Phantom References:          7456            0            0 
[2026-06-26T13:48:07.015-0300][16.069s][13528][4880 ][info][gc,heap     ] GC(2) O: Min Capacity: 8M(0%)
[2026-06-26T13:48:07.015-0300][16.069s][13528][4880 ][info][gc,heap     ] GC(2) O: Max Capacity: 3072M(100%)
[2026-06-26T13:48:07.015-0300][16.069s][13528][4880 ][info][gc,heap     ] GC(2) O: Soft Max Capacity: 3072M(100%)
[2026-06-26T13:48:07.015-0300][16.069s][13528][4880 ][info][gc,heap     ] GC(2) O: Heap Statistics:
[2026-06-26T13:48:07.015-0300][16.069s][13528][4880 ][info][gc,heap     ] GC(2) O:                Mark Start          Mark End        Relocate Start      Relocate End           High               Low         
[2026-06-26T13:48:07.015-0300][16.069s][13528][4880 ][info][gc,heap     ] GC(2) O:  Capacity:      618M (20%)         754M (25%)         754M (25%)         754M (25%)         754M (25%)         618M (20%)    
[2026-06-26T13:48:07.015-0300][16.069s][13528][4880 ][info][gc,heap     ] GC(2) O:      Free:     2454M (80%)        2838M (92%)        2836M (92%)        2836M (92%)        2838M (92%)        2382M (78%)    
[2026-06-26T13:48:07.015-0300][16.069s][13528][4880 ][info][gc,heap     ] GC(2) O:      Used:      618M (20%)         234M (8%)          236M (8%)          236M (8%)          690M (22%)         234M (8%)     
[2026-06-26T13:48:07.015-0300][16.069s][13528][4880 ][info][gc,heap     ] GC(2) O: Old Generation Statistics:
[2026-06-26T13:48:07.015-0300][16.069s][13528][4880 ][info][gc,heap     ] GC(2) O:                Mark Start          Mark End        Relocate Start      Relocate End    
[2026-06-26T13:48:07.015-0300][16.069s][13528][4880 ][info][gc,heap     ] GC(2) O:      Used:        0M (0%)            0M (0%)            0M (0%)            0M (0%)     
[2026-06-26T13:48:07.015-0300][16.069s][13528][4880 ][info][gc,heap     ] GC(2) O:      Live:         -                 0M (0%)            0M (0%)            0M (0%)     
[2026-06-26T13:48:07.015-0300][16.069s][13528][4880 ][info][gc,heap     ] GC(2) O:   Garbage:         -                 0M (0%)            0M (0%)            0M (0%)     
[2026-06-26T13:48:07.015-0300][16.069s][13528][4880 ][info][gc,heap     ] GC(2) O: Allocated:         -                 0M (0%)            0M (0%)            0M (0%)     
[2026-06-26T13:48:07.015-0300][16.069s][13528][4880 ][info][gc,heap     ] GC(2) O: Reclaimed:         -                  -                 0M (0%)            0M (0%)     
[2026-06-26T13:48:07.015-0300][16.069s][13528][4880 ][info][gc,heap     ] GC(2) O: Compacted:         -                  -                  -                 0M (0%)     
[2026-06-26T13:48:07.015-0300][16.069s][13528][4880 ][info][gc,phases   ] GC(2) O: Old Generation 234M(8%)->236M(8%) 0.009s
[2026-06-26T13:48:07.015-0300][16.069s][13528][4880 ][info][gc          ] GC(2) Major Collection (Warmup) 618M(20%)->236M(8%) 0.147s
[2026-06-26T13:48:08.721-0300][17.776s][13528][4880 ][info][gc          ] GC(3) Major Collection (Warmup)
[2026-06-26T13:48:08.721-0300][17.776s][13528][4880 ][info][gc,task     ] GC(3) Using 3 Workers for Young Generation
[2026-06-26T13:48:08.721-0300][17.776s][13528][4880 ][info][gc,task     ] GC(3) Using 1 Workers for Old Generation
[2026-06-26T13:48:08.721-0300][17.776s][13528][4880 ][info][gc,phases   ] GC(3) Y: Young Generation
[2026-06-26T13:48:08.722-0300][17.776s][13528][11752][info][gc,phases   ] GC(3) Y: Pause Mark Start (Major) 0.013ms
[2026-06-26T13:48:08.818-0300][17.872s][13528][4880 ][info][gc,phases   ] GC(3) Y: Concurrent Mark 96.580ms
[2026-06-26T13:48:08.818-0300][17.873s][13528][11752][info][gc,phases   ] GC(3) Y: Pause Mark End 0.014ms
[2026-06-26T13:48:08.818-0300][17.873s][13528][4880 ][info][gc,phases   ] GC(3) Y: Concurrent Mark Free 0.005ms
[2026-06-26T13:48:08.818-0300][17.873s][13528][4880 ][info][gc,phases   ] GC(3) Y: Concurrent Reset Relocation Set 0.009ms
[2026-06-26T13:48:08.818-0300][17.873s][13528][4880 ][info][gc,reloc    ] GC(3) Y: Using tenuring threshold: 3 (Computed)
[2026-06-26T13:48:08.826-0300][17.880s][13528][4880 ][info][gc,phases   ] GC(3) Y: Concurrent Select Relocation Set 7.695ms
[2026-06-26T13:48:08.826-0300][17.881s][13528][11752][info][gc,phases   ] GC(3) Y: Pause Relocate Start 0.012ms
[2026-06-26T13:48:08.859-0300][17.913s][13528][4880 ][info][gc,phases   ] GC(3) Y: Concurrent Relocate 32.705ms
[2026-06-26T13:48:08.859-0300][17.913s][13528][4880 ][info][gc,alloc    ] GC(3) Y:                         Mark Start        Mark End      Relocate Start    Relocate End   
[2026-06-26T13:48:08.859-0300][17.913s][13528][4880 ][info][gc,alloc    ] GC(3) Y: Allocation Stalls:          0                0                0                0         
[2026-06-26T13:48:08.859-0300][17.913s][13528][4880 ][info][gc,load     ] GC(3) Y: Load: 0.00 (0%) / 0.00 (0%) / 0.00 (0%)
[2026-06-26T13:48:08.859-0300][17.913s][13528][4880 ][info][gc,mmu      ] GC(3) Y: MMU: 2ms/59.3%, 5ms/83.7%, 10ms/91.7%, 20ms/95.7%, 50ms/98.3%, 100ms/99.1%
[2026-06-26T13:48:08.859-0300][17.913s][13528][4880 ][info][gc,marking  ] GC(3) Y: Mark: 2 stripe(s), 2 proactive flush(es), 1 terminate flush(es), 0 completion(s), 0 continuation(s) 
[2026-06-26T13:48:08.859-0300][17.913s][13528][4880 ][info][gc,nmethod  ] GC(3) Y: NMethods: 5187 registered, 0 unregistered
[2026-06-26T13:48:08.859-0300][17.913s][13528][4880 ][info][gc,metaspace] GC(3) Y: Metaspace: 48M used, 49M committed, 1088M reserved
[2026-06-26T13:48:08.859-0300][17.913s][13528][4880 ][info][gc,reloc    ] GC(3) Y:                        Candidates     Selected     In-Place         Size        Empty    Relocated 
[2026-06-26T13:48:08.859-0300][17.913s][13528][4880 ][info][gc,reloc    ] GC(3) Y: Small Pages:                  181          100            0         362M           2M          43M 
[2026-06-26T13:48:08.859-0300][17.913s][13528][4880 ][info][gc,reloc    ] GC(3) Y: Medium Pages:                  21            4            0         572M         428M          12M 
[2026-06-26T13:48:08.859-0300][17.914s][13528][4880 ][info][gc,reloc    ] GC(3) Y: Large Pages:                    1            0            0          12M           0M           0M 
[2026-06-26T13:48:08.859-0300][17.914s][13528][4880 ][info][gc,reloc    ] GC(3) Y: Forwarding Usage: 28M
[2026-06-26T13:48:08.859-0300][17.914s][13528][4880 ][info][gc,reloc    ] GC(3) Y: Age Table:
[2026-06-26T13:48:08.859-0300][17.914s][13528][4880 ][info][gc,reloc    ] GC(3) Y:                    Live             Garbage             Small              Medium             Large        
[2026-06-26T13:48:08.859-0300][17.914s][13528][4880 ][info][gc,reloc    ] GC(3) Y: Eden             100M (3%)          685M (22%)        141 / 92            18 / 1              1 / 0        
[2026-06-26T13:48:08.859-0300][17.914s][13528][4880 ][info][gc,reloc    ] GC(3) Y: Survivor 1        32M (1%)           31M (1%)          16 / 2              1 / 1              0 / 0        
[2026-06-26T13:48:08.859-0300][17.914s][13528][4880 ][info][gc,reloc    ] GC(3) Y: Survivor 2        21M (1%)           40M (1%)          15 / 3              1 / 1              0 / 0        
[2026-06-26T13:48:08.859-0300][17.914s][13528][4880 ][info][gc,reloc    ] GC(3) Y: Survivor 3        13M (0%)           20M (1%)           9 / 3              1 / 1              0 / 0        
[2026-06-26T13:48:08.859-0300][17.914s][13528][4880 ][info][gc,heap     ] GC(3) Y: Min Capacity: 8M(0%)
[2026-06-26T13:48:08.859-0300][17.914s][13528][4880 ][info][gc,heap     ] GC(3) Y: Max Capacity: 3072M(100%)
[2026-06-26T13:48:08.859-0300][17.914s][13528][4880 ][info][gc,heap     ] GC(3) Y: Soft Max Capacity: 3072M(100%)
[2026-06-26T13:48:08.859-0300][17.914s][13528][4880 ][info][gc,heap     ] GC(3) Y: Heap Statistics:
[2026-06-26T13:48:08.859-0300][17.914s][13528][4880 ][info][gc,heap     ] GC(3) Y:                Mark Start          Mark End        Relocate Start      Relocate End           High               Low         
[2026-06-26T13:48:08.859-0300][17.914s][13528][4880 ][info][gc,heap     ] GC(3) Y:  Capacity:      946M (31%)        1168M (38%)        1168M (38%)        1168M (38%)        1168M (38%)         946M (31%)    
[2026-06-26T13:48:08.859-0300][17.914s][13528][4880 ][info][gc,heap     ] GC(3) Y:      Free:     2126M (69%)        1904M (62%)        2334M (76%)        2400M (78%)        2476M (81%)        1904M (62%)    
[2026-06-26T13:48:08.859-0300][17.914s][13528][4880 ][info][gc,heap     ] GC(3) Y:      Used:      946M (31%)        1168M (38%)         738M (24%)         672M (22%)        1168M (38%)         596M (19%)    
[2026-06-26T13:48:08.859-0300][17.914s][13528][4880 ][info][gc,heap     ] GC(3) Y: Young Generation Statistics:
[2026-06-26T13:48:08.859-0300][17.914s][13528][4880 ][info][gc,heap     ] GC(3) Y:                Mark Start          Mark End        Relocate Start      Relocate End    
[2026-06-26T13:48:08.859-0300][17.914s][13528][4880 ][info][gc,heap     ] GC(3) Y:      Used:      946M (31%)        1168M (38%)         726M (24%)         636M (21%)    
[2026-06-26T13:48:08.859-0300][17.914s][13528][4880 ][info][gc,heap     ] GC(3) Y:      Live:         -               168M (5%)          157M (5%)          154M (5%)     
[2026-06-26T13:48:08.859-0300][17.914s][13528][4880 ][info][gc,heap     ] GC(3) Y:   Garbage:         -               777M (25%)         346M (11%)           2M (0%)     
[2026-06-26T13:48:08.859-0300][17.914s][13528][4880 ][info][gc,heap     ] GC(3) Y: Allocated:         -               222M (7%)          222M (7%)          479M (16%)    
[2026-06-26T13:48:08.859-0300][17.914s][13528][4880 ][info][gc,heap     ] GC(3) Y: Reclaimed:         -                  -               431M (14%)         775M (25%)    
[2026-06-26T13:48:08.859-0300][17.914s][13528][4880 ][info][gc,heap     ] GC(3) Y:  Promoted:         -                  -                10M (0%)           13M (0%)     
[2026-06-26T13:48:08.859-0300][17.914s][13528][4880 ][info][gc,heap     ] GC(3) Y: Compacted:         -                  -                  -                96M (3%)     
[2026-06-26T13:48:08.859-0300][17.914s][13528][4880 ][info][gc,phases   ] GC(3) Y: Young Generation 946M(31%)->672M(22%) 0.138s
[2026-06-26T13:48:08.859-0300][17.914s][13528][4880 ][info][gc,phases   ] GC(3) O: Old Generation
[2026-06-26T13:48:08.859-0300][17.914s][13528][4880 ][info][gc,phases   ] GC(3) O: Concurrent Mark 0.417ms
[2026-06-26T13:48:08.861-0300][17.914s][13528][11752][info][gc,phases   ] GC(3) O: Pause Mark End 0.014ms
[2026-06-26T13:48:08.861-0300][17.914s][13528][4880 ][info][gc,phases   ] GC(3) O: Concurrent Mark Free 0.001ms
[2026-06-26T13:48:08.874-0300][17.927s][13528][4880 ][info][gc,phases   ] GC(3) O: Concurrent Process Non-Strong 12.976ms
[2026-06-26T13:48:08.874-0300][17.927s][13528][4880 ][info][gc,phases   ] GC(3) O: Concurrent Reset Relocation Set 0.001ms
[2026-06-26T13:48:08.874-0300][17.927s][13528][4880 ][info][gc,phases   ] GC(3) O: Concurrent Select Relocation Set 0.049ms
[2026-06-26T13:48:08.874-0300][17.927s][13528][4880 ][info][gc,task     ] GC(3) O: Using 3 Workers for Old Generation
[2026-06-26T13:48:08.876-0300][17.929s][13528][4880 ][info][gc,task     ] GC(3) O: Using 1 Workers for Old Generation
[2026-06-26T13:48:08.876-0300][17.929s][13528][4880 ][info][gc,phases   ] GC(3) O: Concurrent Remap Roots 2.055ms
[2026-06-26T13:48:08.876-0300][17.930s][13528][11752][info][gc,phases   ] GC(3) O: Pause Relocate Start 0.009ms
[2026-06-26T13:48:08.876-0300][17.930s][13528][4880 ][info][gc,phases   ] GC(3) O: Concurrent Relocate 0.039ms
[2026-06-26T13:48:08.876-0300][17.930s][13528][4880 ][info][gc,alloc    ] GC(3) O:                         Mark Start        Mark End      Relocate Start    Relocate End   
[2026-06-26T13:48:08.876-0300][17.930s][13528][4880 ][info][gc,alloc    ] GC(3) O: Allocation Stalls:          0                0                0                0         
[2026-06-26T13:48:08.876-0300][17.930s][13528][4880 ][info][gc,load     ] GC(3) O: Load: 0.00 (0%) / 0.00 (0%) / 0.00 (0%)
[2026-06-26T13:48:08.876-0300][17.930s][13528][4880 ][info][gc,mmu      ] GC(3) O: MMU: 2ms/59.3%, 5ms/83.7%, 10ms/91.7%, 20ms/95.7%, 50ms/98.3%, 100ms/99.1%
[2026-06-26T13:48:08.876-0300][17.930s][13528][4880 ][info][gc,marking  ] GC(3) O: Mark: 1 stripe(s), 1 proactive flush(es), 1 terminate flush(es), 0 completion(s), 0 continuation(s) 
[2026-06-26T13:48:08.876-0300][17.930s][13528][4880 ][info][gc,nmethod  ] GC(3) O: NMethods: 4884 registered, 305 unregistered
[2026-06-26T13:48:08.876-0300][17.930s][13528][4880 ][info][gc,metaspace] GC(3) O: Metaspace: 48M used, 49M committed, 1088M reserved
[2026-06-26T13:48:08.876-0300][17.930s][13528][4880 ][info][gc,ref      ] GC(3) O:                       Encountered   Discovered     Enqueued 
[2026-06-26T13:48:08.876-0300][17.930s][13528][4880 ][info][gc,ref      ] GC(3) O: Soft References:             4379            0            0 
[2026-06-26T13:48:08.876-0300][17.930s][13528][4880 ][info][gc,ref      ] GC(3) O: Weak References:            10335            0            0 
[2026-06-26T13:48:08.876-0300][17.930s][13528][4880 ][info][gc,ref      ] GC(3) O: Final References:               8            0            0 
[2026-06-26T13:48:08.876-0300][17.930s][13528][4880 ][info][gc,ref      ] GC(3) O: Phantom References:          7456            0            0 
[2026-06-26T13:48:08.876-0300][17.930s][13528][4880 ][info][gc,heap     ] GC(3) O: Min Capacity: 8M(0%)
[2026-06-26T13:48:08.876-0300][17.930s][13528][4880 ][info][gc,heap     ] GC(3) O: Max Capacity: 3072M(100%)
[2026-06-26T13:48:08.876-0300][17.930s][13528][4880 ][info][gc,heap     ] GC(3) O: Soft Max Capacity: 3072M(100%)
[2026-06-26T13:48:08.876-0300][17.930s][13528][4880 ][info][gc,heap     ] GC(3) O: Heap Statistics:
[2026-06-26T13:48:08.876-0300][17.930s][13528][4880 ][info][gc,heap     ] GC(3) O:                Mark Start          Mark End        Relocate Start      Relocate End           High               Low         
[2026-06-26T13:48:08.876-0300][17.930s][13528][4880 ][info][gc,heap     ] GC(3) O:  Capacity:      946M (31%)        1168M (38%)        1168M (38%)        1168M (38%)        1168M (38%)         946M (31%)    
[2026-06-26T13:48:08.876-0300][17.930s][13528][4880 ][info][gc,heap     ] GC(3) O:      Free:     2126M (69%)        2390M (78%)        2342M (76%)        2342M (76%)        2476M (81%)        1904M (62%)    
[2026-06-26T13:48:08.876-0300][17.930s][13528][4880 ][info][gc,heap     ] GC(3) O:      Used:      946M (31%)         682M (22%)         730M (24%)         730M (24%)        1168M (38%)         596M (19%)    
[2026-06-26T13:48:08.876-0300][17.930s][13528][4880 ][info][gc,heap     ] GC(3) O: Old Generation Statistics:
[2026-06-26T13:48:08.876-0300][17.930s][13528][4880 ][info][gc,heap     ] GC(3) O:                Mark Start          Mark End        Relocate Start      Relocate End    
[2026-06-26T13:48:08.876-0300][17.930s][13528][4880 ][info][gc,heap     ] GC(3) O:      Used:        0M (0%)           36M (1%)           36M (1%)           36M (1%)     
[2026-06-26T13:48:08.876-0300][17.930s][13528][4880 ][info][gc,heap     ] GC(3) O:      Live:         -                 0M (0%)            0M (0%)            0M (0%)     
[2026-06-26T13:48:08.876-0300][17.930s][13528][4880 ][info][gc,heap     ] GC(3) O:   Garbage:         -                 0M (0%)            0M (0%)            0M (0%)     
[2026-06-26T13:48:08.876-0300][17.930s][13528][4880 ][info][gc,heap     ] GC(3) O: Allocated:         -                36M (1%)           36M (1%)           36M (1%)     
[2026-06-26T13:48:08.876-0300][17.930s][13528][4880 ][info][gc,heap     ] GC(3) O: Reclaimed:         -                  -                 0M (0%)            0M (0%)     
[2026-06-26T13:48:08.876-0300][17.930s][13528][4880 ][info][gc,heap     ] GC(3) O: Compacted:         -                  -                  -                 0M (0%)     
[2026-06-26T13:48:08.876-0300][17.930s][13528][4880 ][info][gc,phases   ] GC(3) O: Old Generation 678M(22%)->730M(24%) 0.016s
[2026-06-26T13:48:08.876-0300][17.930s][13528][4880 ][info][gc          ] GC(3) Major Collection (Warmup) 946M(31%)->730M(24%) 0.154s
[2026-06-26T13:48:10.267-0300][19.322s][13528][11004][info][gc          ] GC(4) Minor Collection (Allocation Rate)
[2026-06-26T13:48:10.267-0300][19.322s][13528][11004][info][gc,task     ] GC(4) Using 3 Workers for Young Generation
[2026-06-26T13:48:10.267-0300][19.322s][13528][11004][info][gc,phases   ] GC(4) y: Young Generation
[2026-06-26T13:48:10.267-0300][19.322s][13528][11752][info][gc,phases   ] GC(4) y: Pause Mark Start 0.012ms
[2026-06-26T13:48:10.400-0300][19.454s][13528][11004][info][gc,phases   ] GC(4) y: Concurrent Mark 132.330ms
[2026-06-26T13:48:10.400-0300][19.454s][13528][11752][info][gc,phases   ] GC(4) y: Pause Mark End 0.014ms
[2026-06-26T13:48:10.400-0300][19.454s][13528][11004][info][gc,phases   ] GC(4) y: Concurrent Mark Free 0.004ms
[2026-06-26T13:48:10.400-0300][19.454s][13528][11004][info][gc,phases   ] GC(4) y: Concurrent Reset Relocation Set 0.029ms
[2026-06-26T13:48:10.400-0300][19.455s][13528][11004][info][gc,reloc    ] GC(4) y: Using tenuring threshold: 1 (Computed)
[2026-06-26T13:48:10.427-0300][19.482s][13528][11004][info][gc,phases   ] GC(4) y: Concurrent Select Relocation Set 27.402ms
[2026-06-26T13:48:10.427-0300][19.482s][13528][11752][info][gc,phases   ] GC(4) y: Pause Relocate Start 0.011ms
[2026-06-26T13:48:10.486-0300][19.541s][13528][11004][info][gc,phases   ] GC(4) y: Concurrent Relocate 58.833ms
[2026-06-26T13:48:10.486-0300][19.541s][13528][11004][info][gc,alloc    ] GC(4) y:                         Mark Start        Mark End      Relocate Start    Relocate End   
[2026-06-26T13:48:10.486-0300][19.541s][13528][11004][info][gc,alloc    ] GC(4) y: Allocation Stalls:          0                0                0                0         
[2026-06-26T13:48:10.486-0300][19.541s][13528][11004][info][gc,load     ] GC(4) y: Load: 0.00 (0%) / 0.00 (0%) / 0.00 (0%)
[2026-06-26T13:48:10.486-0300][19.541s][13528][11004][info][gc,mmu      ] GC(4) y: MMU: 2ms/59.3%, 5ms/83.7%, 10ms/91.7%, 20ms/95.7%, 50ms/98.3%, 100ms/99.1%
[2026-06-26T13:48:10.486-0300][19.541s][13528][11004][info][gc,marking  ] GC(4) y: Mark: 2 stripe(s), 3 proactive flush(es), 1 terminate flush(es), 0 completion(s), 0 continuation(s) 
[2026-06-26T13:48:10.486-0300][19.541s][13528][11004][info][gc,nmethod  ] GC(4) y: NMethods: 5049 registered, 305 unregistered
[2026-06-26T13:48:10.486-0300][19.541s][13528][11004][info][gc,metaspace] GC(4) y: Metaspace: 48M used, 49M committed, 1088M reserved
[2026-06-26T13:48:10.486-0300][19.541s][13528][11004][info][gc,reloc    ] GC(4) y:                        Candidates     Selected     In-Place         Size        Empty    Relocated 
[2026-06-26T13:48:10.486-0300][19.541s][13528][11004][info][gc,reloc    ] GC(4) y: Small Pages:                  685          313            0        1370M         546M          40M 
[2026-06-26T13:48:10.486-0300][19.541s][13528][11004][info][gc,reloc    ] GC(4) y: Medium Pages:                  27            4            0         864M         704M          11M 
[2026-06-26T13:48:10.486-0300][19.541s][13528][11004][info][gc,reloc    ] GC(4) y: Large Pages:                    1            0            0          12M           0M           0M 
[2026-06-26T13:48:10.486-0300][19.541s][13528][11004][info][gc,reloc    ] GC(4) y: Forwarding Usage: 13M
[2026-06-26T13:48:10.486-0300][19.541s][13528][11004][info][gc,reloc    ] GC(4) y: Age Table:
[2026-06-26T13:48:10.486-0300][19.541s][13528][11004][info][gc,reloc    ] GC(4) y:                    Live             Garbage             Small              Medium             Large        
[2026-06-26T13:48:10.486-0300][19.541s][13528][11004][info][gc,reloc    ] GC(4) y: Eden              57M (2%)         1930M (63%)        610 / 306           24 / 2              0 / 0        
[2026-06-26T13:48:10.486-0300][19.541s][13528][11004][info][gc,reloc    ] GC(4) y: Survivor 1        97M (3%)           40M (1%)          47 / 4              1 / 0              1 / 0        
[2026-06-26T13:48:10.486-0300][19.541s][13528][11004][info][gc,reloc    ] GC(4) y: Survivor 2        32M (1%)           27M (1%)          14 / 1              1 / 1              0 / 0        
[2026-06-26T13:48:10.486-0300][19.541s][13528][11004][info][gc,reloc    ] GC(4) y: Survivor 3        21M (1%)           38M (1%)          14 / 2              1 / 1              0 / 0        
[2026-06-26T13:48:10.486-0300][19.541s][13528][11004][info][gc,heap     ] GC(4) y: Min Capacity: 8M(0%)
[2026-06-26T13:48:10.486-0300][19.541s][13528][11004][info][gc,heap     ] GC(4) y: Max Capacity: 3072M(100%)
[2026-06-26T13:48:10.486-0300][19.541s][13528][11004][info][gc,heap     ] GC(4) y: Soft Max Capacity: 3072M(100%)
[2026-06-26T13:48:10.486-0300][19.541s][13528][11004][info][gc,heap     ] GC(4) y: Heap Statistics:
[2026-06-26T13:48:10.486-0300][19.541s][13528][11004][info][gc,heap     ] GC(4) y:                Mark Start          Mark End        Relocate Start      Relocate End           High               Low         
[2026-06-26T13:48:10.486-0300][19.541s][13528][11004][info][gc,heap     ] GC(4) y:  Capacity:     2282M (74%)        2668M (87%)        2668M (87%)        2668M (87%)        2668M (87%)        2282M (74%)    
[2026-06-26T13:48:10.486-0300][19.541s][13528][11004][info][gc,heap     ] GC(4) y:      Free:      790M (26%)         404M (13%)        1422M (46%)        2132M (69%)        2136M (70%)         404M (13%)    
[2026-06-26T13:48:10.486-0300][19.541s][13528][11004][info][gc,heap     ] GC(4) y:      Used:     2282M (74%)        2668M (87%)        1650M (54%)         940M (31%)        2668M (87%)         936M (30%)    
[2026-06-26T13:48:10.486-0300][19.541s][13528][11004][info][gc,heap     ] GC(4) y: Young Generation Statistics:
[2026-06-26T13:48:10.486-0300][19.541s][13528][11004][info][gc,heap     ] GC(4) y:                Mark Start          Mark End        Relocate Start      Relocate End    
[2026-06-26T13:48:10.486-0300][19.541s][13528][11004][info][gc,heap     ] GC(4) y:      Used:     2246M (73%)        2632M (86%)        1470M (48%)         720M (23%)    
[2026-06-26T13:48:10.486-0300][19.541s][13528][11004][info][gc,heap     ] GC(4) y:      Live:         -               209M (7%)           68M (2%)           57M (2%)     
[2026-06-26T13:48:10.486-0300][19.541s][13528][11004][info][gc,heap     ] GC(4) y:   Garbage:         -              2036M (66%)         783M (26%)           1M (0%)     
[2026-06-26T13:48:10.486-0300][19.541s][13528][11004][info][gc,heap     ] GC(4) y: Allocated:         -               386M (13%)         618M (20%)         660M (21%)    
[2026-06-26T13:48:10.486-0300][19.541s][13528][11004][info][gc,heap     ] GC(4) y: Reclaimed:         -                  -              1252M (41%)        2034M (66%)    
[2026-06-26T13:48:10.486-0300][19.541s][13528][11004][info][gc,heap     ] GC(4) y:  Promoted:         -                  -               141M (5%)          151M (5%)     
[2026-06-26T13:48:10.486-0300][19.541s][13528][11004][info][gc,heap     ] GC(4) y: Compacted:         -                  -                  -                55M (2%)     
[2026-06-26T13:48:10.487-0300][19.541s][13528][11004][info][gc,phases   ] GC(4) y: Young Generation 2282M(74%)->940M(31%) 0.219s
[2026-06-26T13:48:10.487-0300][19.541s][13528][11004][info][gc          ] GC(4) Minor Collection (Allocation Rate) 2282M(74%)->940M(31%) 0.220s
[2026-06-26T13:48:10.487-0300][19.541s][13528][4880 ][info][gc          ] GC(5) Major Collection (Allocation Rate)
[2026-06-26T13:48:10.487-0300][19.541s][13528][4880 ][info][gc,task     ] GC(5) Using 3 Workers for Young Generation
[2026-06-26T13:48:10.487-0300][19.541s][13528][4880 ][info][gc,task     ] GC(5) Using 1 Workers for Old Generation
[2026-06-26T13:48:10.487-0300][19.541s][13528][4880 ][info][gc,phases   ] GC(5) Y: Young Generation
[2026-06-26T13:48:10.487-0300][19.541s][13528][11752][info][gc,phases   ] GC(5) Y: Pause Mark Start (Major) 0.011ms
[2026-06-26T13:48:10.527-0300][19.581s][13528][4880 ][info][gc,phases   ] GC(5) Y: Concurrent Mark 39.676ms
[2026-06-26T13:48:10.527-0300][19.581s][13528][11752][info][gc,phases   ] GC(5) Y: Pause Mark End 0.013ms
[2026-06-26T13:48:10.527-0300][19.581s][13528][4880 ][info][gc,phases   ] GC(5) Y: Concurrent Mark Free 0.004ms
[2026-06-26T13:48:10.527-0300][19.581s][13528][4880 ][info][gc,phases   ] GC(5) Y: Concurrent Reset Relocation Set 0.123ms
[2026-06-26T13:48:10.527-0300][19.581s][13528][4880 ][info][gc,reloc    ] GC(5) Y: Using tenuring threshold: 1 (Computed)
[2026-06-26T13:48:10.536-0300][19.591s][13528][4880 ][info][gc,phases   ] GC(5) Y: Concurrent Select Relocation Set 9.533ms
[2026-06-26T13:48:10.536-0300][19.591s][13528][11752][info][gc,phases   ] GC(5) Y: Pause Relocate Start 0.015ms
[2026-06-26T13:48:10.553-0300][19.607s][13528][4880 ][info][gc,phases   ] GC(5) Y: Concurrent Relocate 16.275ms
[2026-06-26T13:48:10.553-0300][19.607s][13528][4880 ][info][gc,alloc    ] GC(5) Y:                         Mark Start        Mark End      Relocate Start    Relocate End   
[2026-06-26T13:48:10.553-0300][19.607s][13528][4880 ][info][gc,alloc    ] GC(5) Y: Allocation Stalls:          0                0                0                0         
[2026-06-26T13:48:10.553-0300][19.607s][13528][4880 ][info][gc,load     ] GC(5) Y: Load: 0.00 (0%) / 0.00 (0%) / 0.00 (0%)
[2026-06-26T13:48:10.553-0300][19.607s][13528][4880 ][info][gc,mmu      ] GC(5) Y: MMU: 2ms/59.3%, 5ms/83.7%, 10ms/91.7%, 20ms/95.7%, 50ms/98.3%, 100ms/99.1%
[2026-06-26T13:48:10.553-0300][19.607s][13528][4880 ][info][gc,marking  ] GC(5) Y: Mark: 2 stripe(s), 10 proactive flush(es), 1 terminate flush(es), 0 completion(s), 0 continuation(s) 
[2026-06-26T13:48:10.553-0300][19.607s][13528][4880 ][info][gc,nmethod  ] GC(5) Y: NMethods: 5109 registered, 305 unregistered
[2026-06-26T13:48:10.553-0300][19.608s][13528][4880 ][info][gc,metaspace] GC(5) Y: Metaspace: 48M used, 49M committed, 1088M reserved
[2026-06-26T13:48:10.553-0300][19.608s][13528][4880 ][info][gc,reloc    ] GC(5) Y:                        Candidates     Selected     In-Place         Size        Empty    Relocated 
[2026-06-26T13:48:10.553-0300][19.608s][13528][4880 ][info][gc,reloc    ] GC(5) Y: Small Pages:                   88           23            0         176M          72M           4M 
[2026-06-26T13:48:10.553-0300][19.608s][13528][4880 ][info][gc,reloc    ] GC(5) Y: Medium Pages:                  17            0            0         544M         544M           0M 
[2026-06-26T13:48:10.553-0300][19.608s][13528][4880 ][info][gc,reloc    ] GC(5) Y: Large Pages:                    0            0            0           0M           0M           0M 
[2026-06-26T13:48:10.553-0300][19.608s][13528][4880 ][info][gc,reloc    ] GC(5) Y: Forwarding Usage: 1M
[2026-06-26T13:48:10.553-0300][19.608s][13528][4880 ][info][gc,reloc    ] GC(5) Y: Age Table:
[2026-06-26T13:48:10.553-0300][19.608s][13528][4880 ][info][gc,reloc    ] GC(5) Y:                    Live             Garbage             Small              Medium             Large        
[2026-06-26T13:48:10.553-0300][19.608s][13528][4880 ][info][gc,reloc    ] GC(5) Y: Eden               2M (0%)          625M (20%)         58 / 21            16 / 0              0 / 0        
[2026-06-26T13:48:10.553-0300][19.608s][13528][4880 ][info][gc,reloc    ] GC(5) Y: Survivor 1        53M (2%)           38M (1%)          30 / 2              1 / 0              0 / 0        
[2026-06-26T13:48:10.553-0300][19.608s][13528][4880 ][info][gc,heap     ] GC(5) Y: Min Capacity: 8M(0%)
[2026-06-26T13:48:10.553-0300][19.608s][13528][4880 ][info][gc,heap     ] GC(5) Y: Max Capacity: 3072M(100%)
[2026-06-26T13:48:10.553-0300][19.608s][13528][4880 ][info][gc,heap     ] GC(5) Y: Soft Max Capacity: 3072M(100%)
[2026-06-26T13:48:10.553-0300][19.608s][13528][4880 ][info][gc,heap     ] GC(5) Y: Heap Statistics:
[2026-06-26T13:48:10.553-0300][19.608s][13528][4880 ][info][gc,heap     ] GC(5) Y:                Mark Start          Mark End        Relocate Start      Relocate End           High               Low         
[2026-06-26T13:48:10.553-0300][19.608s][13528][4880 ][info][gc,heap     ] GC(5) Y:  Capacity:     2668M (87%)        2668M (87%)        2668M (87%)        2668M (87%)        2668M (87%)        2668M (87%)    
[2026-06-26T13:48:10.553-0300][19.608s][13528][4880 ][info][gc,heap     ] GC(5) Y:      Free:     2132M (69%)        2126M (69%)        2740M (89%)        2776M (90%)        2778M (90%)        2126M (69%)    
[2026-06-26T13:48:10.553-0300][19.608s][13528][4880 ][info][gc,heap     ] GC(5) Y:      Used:      940M (31%)         946M (31%)         332M (11%)         296M (10%)         946M (31%)         294M (10%)    
[2026-06-26T13:48:10.553-0300][19.608s][13528][4880 ][info][gc,heap     ] GC(5) Y: Young Generation Statistics:
[2026-06-26T13:48:10.553-0300][19.608s][13528][4880 ][info][gc,heap     ] GC(5) Y:                Mark Start          Mark End        Relocate Start      Relocate End    
[2026-06-26T13:48:10.553-0300][19.608s][13528][4880 ][info][gc,heap     ] GC(5) Y:      Used:      720M (23%)         726M (24%)          62M (2%)           18M (1%)     
[2026-06-26T13:48:10.553-0300][19.608s][13528][4880 ][info][gc,heap     ] GC(5) Y:      Live:         -                56M (2%)            6M (0%)            2M (0%)     
[2026-06-26T13:48:10.553-0300][19.608s][13528][4880 ][info][gc,heap     ] GC(5) Y:   Garbage:         -               663M (22%)          47M (2%)            0M (0%)     
[2026-06-26T13:48:10.553-0300][19.608s][13528][4880 ][info][gc,heap     ] GC(5) Y: Allocated:         -                 6M (0%)            8M (0%)           15M (0%)     
[2026-06-26T13:48:10.553-0300][19.608s][13528][4880 ][info][gc,heap     ] GC(5) Y: Reclaimed:         -                  -               616M (20%)         663M (22%)    
[2026-06-26T13:48:10.553-0300][19.608s][13528][4880 ][info][gc,heap     ] GC(5) Y:  Promoted:         -                  -                49M (2%)           53M (2%)     
[2026-06-26T13:48:10.553-0300][19.608s][13528][4880 ][info][gc,heap     ] GC(5) Y: Compacted:         -                  -                  -                 2M (0%)     
[2026-06-26T13:48:10.553-0300][19.608s][13528][4880 ][info][gc,phases   ] GC(5) Y: Young Generation 940M(31%)->296M(10%) 0.066s
[2026-06-26T13:48:10.553-0300][19.608s][13528][4880 ][info][gc,phases   ] GC(5) O: Old Generation
[2026-06-26T13:48:10.791-0300][19.845s][13528][4880 ][info][gc,phases   ] GC(5) O: Concurrent Mark 237.039ms
[2026-06-26T13:48:10.791-0300][19.845s][13528][11752][info][gc,phases   ] GC(5) O: Pause Mark End 0.012ms
[2026-06-26T13:48:10.791-0300][19.845s][13528][4880 ][info][gc,phases   ] GC(5) O: Concurrent Mark Free 0.003ms
[2026-06-26T13:48:10.801-0300][19.855s][13528][4880 ][info][gc,phases   ] GC(5) O: Concurrent Process Non-Strong 9.472ms
[2026-06-26T13:48:10.801-0300][19.855s][13528][4880 ][info][gc,phases   ] GC(5) O: Concurrent Reset Relocation Set 0.000ms
[2026-06-26T13:48:10.801-0300][19.855s][13528][4880 ][info][gc,phases   ] GC(5) O: Concurrent Select Relocation Set 0.102ms
[2026-06-26T13:48:10.801-0300][19.855s][13528][4880 ][info][gc,task     ] GC(5) O: Using 3 Workers for Old Generation
[2026-06-26T13:48:10.803-0300][19.857s][13528][4880 ][info][gc,task     ] GC(5) O: Using 1 Workers for Old Generation
[2026-06-26T13:48:10.803-0300][19.857s][13528][4880 ][info][gc,phases   ] GC(5) O: Concurrent Remap Roots 2.644ms
[2026-06-26T13:48:10.803-0300][19.857s][13528][11752][info][gc,phases   ] GC(5) O: Pause Relocate Start 0.009ms
[2026-06-26T13:48:10.805-0300][19.860s][13528][4880 ][info][gc,phases   ] GC(5) O: Concurrent Relocate 2.452ms
[2026-06-26T13:48:10.805-0300][19.860s][13528][4880 ][info][gc,alloc    ] GC(5) O:                         Mark Start        Mark End      Relocate Start    Relocate End   
[2026-06-26T13:48:10.805-0300][19.860s][13528][4880 ][info][gc,alloc    ] GC(5) O: Allocation Stalls:          0                0                0                0         
[2026-06-26T13:48:10.805-0300][19.860s][13528][4880 ][info][gc,load     ] GC(5) O: Load: 0.00 (0%) / 0.00 (0%) / 0.00 (0%)
[2026-06-26T13:48:10.805-0300][19.860s][13528][4880 ][info][gc,mmu      ] GC(5) O: MMU: 2ms/59.3%, 5ms/83.7%, 10ms/91.7%, 20ms/95.7%, 50ms/98.3%, 100ms/99.1%
[2026-06-26T13:48:10.805-0300][19.860s][13528][4880 ][info][gc,marking  ] GC(5) O: Mark: 1 stripe(s), 2 proactive flush(es), 1 terminate flush(es), 0 completion(s), 0 continuation(s) 
[2026-06-26T13:48:10.805-0300][19.860s][13528][4880 ][info][gc,nmethod  ] GC(5) O: NMethods: 5096 registered, 396 unregistered
[2026-06-26T13:48:10.805-0300][19.860s][13528][4880 ][info][gc,metaspace] GC(5) O: Metaspace: 48M used, 49M committed, 1088M reserved
[2026-06-26T13:48:10.805-0300][19.860s][13528][4880 ][info][gc,ref      ] GC(5) O:                       Encountered   Discovered     Enqueued 
[2026-06-26T13:48:10.806-0300][19.860s][13528][4880 ][info][gc,ref      ] GC(5) O: Soft References:             4386            0            0 
[2026-06-26T13:48:10.806-0300][19.860s][13528][4880 ][info][gc,ref      ] GC(5) O: Weak References:            10346         9318         7777 
[2026-06-26T13:48:10.806-0300][19.860s][13528][4880 ][info][gc,ref      ] GC(5) O: Final References:               8            1            1 
[2026-06-26T13:48:10.806-0300][19.860s][13528][4880 ][info][gc,ref      ] GC(5) O: Phantom References:          7456         7449         1105 
[2026-06-26T13:48:10.806-0300][19.860s][13528][4880 ][info][gc,reloc    ] GC(5) O:                        Candidates     Selected     In-Place         Size        Empty    Relocated 
[2026-06-26T13:48:10.806-0300][19.860s][13528][4880 ][info][gc,reloc    ] GC(5) O: Small Pages:                   80            6            0         160M           0M           1M 
[2026-06-26T13:48:10.806-0300][19.860s][13528][4880 ][info][gc,reloc    ] GC(5) O: Medium Pages:                   2            1            0          48M           0M           6M 
[2026-06-26T13:48:10.806-0300][19.860s][13528][4880 ][info][gc,reloc    ] GC(5) O: Large Pages:                    1            0            0          12M           0M           0M 
[2026-06-26T13:48:10.806-0300][19.860s][13528][4880 ][info][gc,reloc    ] GC(5) O: Forwarding Usage: 0M
[2026-06-26T13:48:10.806-0300][19.860s][13528][4880 ][info][gc,heap     ] GC(5) O: Min Capacity: 8M(0%)
[2026-06-26T13:48:10.806-0300][19.860s][13528][4880 ][info][gc,heap     ] GC(5) O: Max Capacity: 3072M(100%)
[2026-06-26T13:48:10.806-0300][19.860s][13528][4880 ][info][gc,heap     ] GC(5) O: Soft Max Capacity: 3072M(100%)
[2026-06-26T13:48:10.806-0300][19.860s][13528][4880 ][info][gc,heap     ] GC(5) O: Heap Statistics:
[2026-06-26T13:48:10.806-0300][19.860s][13528][4880 ][info][gc,heap     ] GC(5) O:                Mark Start          Mark End        Relocate Start      Relocate End           High               Low         
[2026-06-26T13:48:10.806-0300][19.860s][13528][4880 ][info][gc,heap     ] GC(5) O:  Capacity:     2668M (87%)        2668M (87%)        2668M (87%)        2668M (87%)        2668M (87%)        2668M (87%)    
[2026-06-26T13:48:10.806-0300][19.860s][13528][4880 ][info][gc,heap     ] GC(5) O:      Free:     2132M (69%)        2742M (89%)        2738M (89%)        2776M (90%)        2778M (90%)        2126M (69%)    
[2026-06-26T13:48:10.806-0300][19.860s][13528][4880 ][info][gc,heap     ] GC(5) O:      Used:      940M (31%)         330M (11%)         334M (11%)         296M (10%)         946M (31%)         294M (10%)    
[2026-06-26T13:48:10.806-0300][19.860s][13528][4880 ][info][gc,heap     ] GC(5) O: Old Generation Statistics:
[2026-06-26T13:48:10.806-0300][19.860s][13528][4880 ][info][gc,heap     ] GC(5) O:                Mark Start          Mark End        Relocate Start      Relocate End    
[2026-06-26T13:48:10.806-0300][19.860s][13528][4880 ][info][gc,heap     ] GC(5) O:      Used:      220M (7%)          278M (9%)          278M (9%)          240M (8%)     
[2026-06-26T13:48:10.806-0300][19.860s][13528][4880 ][info][gc,heap     ] GC(5) O:      Live:         -               164M (5%)          164M (5%)          164M (5%)     
[2026-06-26T13:48:10.806-0300][19.860s][13528][4880 ][info][gc,heap     ] GC(5) O:   Garbage:         -                55M (2%)           55M (2%)            4M (0%)     
[2026-06-26T13:48:10.806-0300][19.860s][13528][4880 ][info][gc,heap     ] GC(5) O: Allocated:         -                58M (2%)           58M (2%)           71M (2%)     
[2026-06-26T13:48:10.806-0300][19.860s][13528][4880 ][info][gc,heap     ] GC(5) O: Reclaimed:         -                  -                 0M (0%)           51M (2%)     
[2026-06-26T13:48:10.806-0300][19.860s][13528][4880 ][info][gc,heap     ] GC(5) O: Compacted:         -                  -                  -                10M (0%)     
[2026-06-26T13:48:10.806-0300][19.860s][13528][4880 ][info][gc,phases   ] GC(5) O: Old Generation 296M(10%)->296M(10%) 0.252s
[2026-06-26T13:48:10.806-0300][19.860s][13528][4880 ][info][gc          ] GC(5) Major Collection (Allocation Rate) 940M(31%)->296M(10%) 0.319s
[2026-06-26T13:48:11.378-0300][20.432s][13528][11004][info][gc          ] GC(6) Minor Collection (Allocation Rate)
[2026-06-26T13:48:11.378-0300][20.432s][13528][11004][info][gc,task     ] GC(6) Using 3 Workers for Young Generation
[2026-06-26T13:48:11.378-0300][20.432s][13528][11004][info][gc,phases   ] GC(6) y: Young Generation
[2026-06-26T13:48:11.378-0300][20.432s][13528][11752][info][gc,phases   ] GC(6) y: Pause Mark Start 0.010ms
[2026-06-26T13:48:11.394-0300][20.448s][13528][11004][info][gc,phases   ] GC(6) y: Concurrent Mark 15.538ms
[2026-06-26T13:48:11.394-0300][20.448s][13528][11752][info][gc,phases   ] GC(6) y: Pause Mark End 0.010ms
[2026-06-26T13:48:11.394-0300][20.448s][13528][11004][info][gc,phases   ] GC(6) y: Concurrent Mark Free 0.002ms
[2026-06-26T13:48:11.394-0300][20.448s][13528][11004][info][gc,phases   ] GC(6) y: Concurrent Reset Relocation Set 0.061ms
[2026-06-26T13:48:11.394-0300][20.448s][13528][11004][info][gc,reloc    ] GC(6) y: Using tenuring threshold: 2 (Computed)
[2026-06-26T13:48:11.395-0300][20.449s][13528][11004][info][gc,phases   ] GC(6) y: Concurrent Select Relocation Set 1.537ms
[2026-06-26T13:48:11.395-0300][20.449s][13528][11752][info][gc,phases   ] GC(6) y: Pause Relocate Start 0.009ms
[2026-06-26T13:48:11.402-0300][20.456s][13528][11004][info][gc,phases   ] GC(6) y: Concurrent Relocate 6.815ms
[2026-06-26T13:48:11.402-0300][20.456s][13528][11004][info][gc,alloc    ] GC(6) y:                         Mark Start        Mark End      Relocate Start    Relocate End   
[2026-06-26T13:48:11.402-0300][20.456s][13528][11004][info][gc,alloc    ] GC(6) y: Allocation Stalls:          0                0                0                0         
[2026-06-26T13:48:11.402-0300][20.456s][13528][11004][info][gc,load     ] GC(6) y: Load: 0.00 (0%) / 0.00 (0%) / 0.00 (0%)
[2026-06-26T13:48:11.402-0300][20.456s][13528][11004][info][gc,mmu      ] GC(6) y: MMU: 2ms/59.3%, 5ms/83.7%, 10ms/91.7%, 20ms/95.7%, 50ms/98.3%, 100ms/99.1%
[2026-06-26T13:48:11.402-0300][20.456s][13528][11004][info][gc,marking  ] GC(6) y: Mark: 2 stripe(s), 2 proactive flush(es), 1 terminate flush(es), 0 completion(s), 0 continuation(s) 
[2026-06-26T13:48:11.402-0300][20.456s][13528][11004][info][gc,nmethod  ] GC(6) y: NMethods: 5151 registered, 396 unregistered
[2026-06-26T13:48:11.402-0300][20.456s][13528][11004][info][gc,metaspace] GC(6) y: Metaspace: 48M used, 49M committed, 1088M reserved
[2026-06-26T13:48:11.402-0300][20.456s][13528][11004][info][gc,reloc    ] GC(6) y:                        Candidates     Selected     In-Place         Size        Empty    Relocated 
[2026-06-26T13:48:11.402-0300][20.456s][13528][11004][info][gc,reloc    ] GC(6) y: Small Pages:                   77           68            0         154M           2M          11M 
[2026-06-26T13:48:11.402-0300][20.456s][13528][11004][info][gc,reloc    ] GC(6) y: Medium Pages:                   0            0            0           0M           0M           0M 
[2026-06-26T13:48:11.402-0300][20.456s][13528][11004][info][gc,reloc    ] GC(6) y: Large Pages:                    0            0            0           0M           0M           0M 
[2026-06-26T13:48:11.402-0300][20.456s][13528][11004][info][gc,reloc    ] GC(6) y: Forwarding Usage: 5M
[2026-06-26T13:48:11.402-0300][20.456s][13528][11004][info][gc,reloc    ] GC(6) y: Age Table:
[2026-06-26T13:48:11.402-0300][20.456s][13528][11004][info][gc,reloc    ] GC(6) y:                    Live             Garbage             Small              Medium             Large        
[2026-06-26T13:48:11.402-0300][20.456s][13528][11004][info][gc,reloc    ] GC(6) y: Eden              11M (0%)          134M (4%)          73 / 66             0 / 0              0 / 0        
[2026-06-26T13:48:11.402-0300][20.456s][13528][11004][info][gc,reloc    ] GC(6) y: Survivor 1         2M (0%)            5M (0%)           4 / 2              0 / 0              0 / 0        
[2026-06-26T13:48:11.402-0300][20.456s][13528][11004][info][gc,heap     ] GC(6) y: Min Capacity: 8M(0%)
[2026-06-26T13:48:11.402-0300][20.456s][13528][11004][info][gc,heap     ] GC(6) y: Max Capacity: 3072M(100%)
[2026-06-26T13:48:11.402-0300][20.456s][13528][11004][info][gc,heap     ] GC(6) y: Soft Max Capacity: 3072M(100%)
[2026-06-26T13:48:11.402-0300][20.457s][13528][11004][info][gc,heap     ] GC(6) y: Heap Statistics:
[2026-06-26T13:48:11.402-0300][20.457s][13528][11004][info][gc,heap     ] GC(6) y:                Mark Start          Mark End        Relocate Start      Relocate End           High               Low         
[2026-06-26T13:48:11.402-0300][20.457s][13528][11004][info][gc,heap     ] GC(6) y:  Capacity:     2668M (87%)        2668M (87%)        2668M (87%)        2668M (87%)        2668M (87%)        2668M (87%)    
[2026-06-26T13:48:11.402-0300][20.457s][13528][11004][info][gc,heap     ] GC(6) y:      Free:     2678M (87%)        2674M (87%)        2676M (87%)        2806M (91%)        2806M (91%)        2668M (87%)    
[2026-06-26T13:48:11.402-0300][20.457s][13528][11004][info][gc,heap     ] GC(6) y:      Used:      394M (13%)         398M (13%)         396M (13%)         266M (9%)          404M (13%)         266M (9%)     
[2026-06-26T13:48:11.402-0300][20.457s][13528][11004][info][gc,heap     ] GC(6) y: Young Generation Statistics:
[2026-06-26T13:48:11.402-0300][20.457s][13528][11004][info][gc,heap     ] GC(6) y:                Mark Start          Mark End        Relocate Start      Relocate End    
[2026-06-26T13:48:11.402-0300][20.457s][13528][11004][info][gc,heap     ] GC(6) y:      Used:      154M (5%)          158M (5%)          156M (5%)           26M (1%)     
[2026-06-26T13:48:11.402-0300][20.457s][13528][11004][info][gc,heap     ] GC(6) y:      Live:         -                13M (0%)           13M (0%)           13M (0%)     
[2026-06-26T13:48:11.402-0300][20.457s][13528][11004][info][gc,heap     ] GC(6) y:   Garbage:         -               140M (5%)          138M (4%)            0M (0%)     
[2026-06-26T13:48:11.403-0300][20.457s][13528][11004][info][gc,heap     ] GC(6) y: Allocated:         -                 4M (0%)            4M (0%)           12M (0%)     
[2026-06-26T13:48:11.403-0300][20.457s][13528][11004][info][gc,heap     ] GC(6) y: Reclaimed:         -                  -                 2M (0%)          140M (5%)     
[2026-06-26T13:48:11.403-0300][20.457s][13528][11004][info][gc,heap     ] GC(6) y:  Promoted:         -                  -                 0M (0%)            0M (0%)     
[2026-06-26T13:48:11.403-0300][20.457s][13528][11004][info][gc,heap     ] GC(6) y: Compacted:         -                  -                  -                13M (0%)     
[2026-06-26T13:48:11.403-0300][20.457s][13528][11004][info][gc,phases   ] GC(6) y: Young Generation 394M(13%)->266M(9%) 0.024s
[2026-06-26T13:48:11.403-0300][20.457s][13528][11004][info][gc          ] GC(6) Minor Collection (Allocation Rate) 394M(13%)->266M(9%) 0.025s
[2026-06-26T13:48:11.880-0300][20.934s][13528][11004][info][gc          ] GC(7) Minor Collection (Allocation Rate)
[2026-06-26T13:48:11.880-0300][20.934s][13528][11004][info][gc,task     ] GC(7) Using 2 Workers for Young Generation
[2026-06-26T13:48:11.880-0300][20.934s][13528][11004][info][gc,phases   ] GC(7) y: Young Generation
[2026-06-26T13:48:11.880-0300][20.934s][13528][11752][info][gc,phases   ] GC(7) y: Pause Mark Start 0.012ms
[2026-06-26T13:48:11.915-0300][20.969s][13528][11004][info][gc,phases   ] GC(7) y: Concurrent Mark 34.988ms
[2026-06-26T13:48:11.915-0300][20.969s][13528][11752][info][gc,phases   ] GC(7) y: Pause Mark End 0.013ms
[2026-06-26T13:48:11.915-0300][20.970s][13528][11004][info][gc,phases   ] GC(7) y: Concurrent Mark Free 0.003ms
[2026-06-26T13:48:11.915-0300][20.970s][13528][11004][info][gc,phases   ] GC(7) y: Concurrent Reset Relocation Set 0.004ms
[2026-06-26T13:48:11.915-0300][20.970s][13528][11004][info][gc,reloc    ] GC(7) y: Using tenuring threshold: 3 (Computed)
[2026-06-26T13:48:11.916-0300][20.970s][13528][11004][info][gc,phases   ] GC(7) y: Concurrent Select Relocation Set 0.394ms
[2026-06-26T13:48:11.916-0300][20.970s][13528][11752][info][gc,phases   ] GC(7) y: Pause Relocate Start 0.005ms
[2026-06-26T13:48:11.924-0300][20.978s][13528][11004][info][gc,phases   ] GC(7) y: Concurrent Relocate 7.890ms
[2026-06-26T13:48:11.924-0300][20.978s][13528][11004][info][gc,alloc    ] GC(7) y:                         Mark Start        Mark End      Relocate Start    Relocate End   
[2026-06-26T13:48:11.924-0300][20.978s][13528][11004][info][gc,alloc    ] GC(7) y: Allocation Stalls:          0                0                0                0         
[2026-06-26T13:48:11.924-0300][20.978s][13528][11004][info][gc,load     ] GC(7) y: Load: 0.00 (0%) / 0.00 (0%) / 0.00 (0%)
[2026-06-26T13:48:11.924-0300][20.978s][13528][11004][info][gc,mmu      ] GC(7) y: MMU: 2ms/59.3%, 5ms/83.7%, 10ms/91.7%, 20ms/95.7%, 50ms/98.3%, 100ms/99.1%
[2026-06-26T13:48:11.924-0300][20.978s][13528][11004][info][gc,marking  ] GC(7) y: Mark: 2 stripe(s), 2 proactive flush(es), 1 terminate flush(es), 0 completion(s), 0 continuation(s) 
[2026-06-26T13:48:11.924-0300][20.978s][13528][11004][info][gc,nmethod  ] GC(7) y: NMethods: 5178 registered, 396 unregistered
[2026-06-26T13:48:11.924-0300][20.978s][13528][11004][info][gc,metaspace] GC(7) y: Metaspace: 48M used, 49M committed, 1088M reserved
[2026-06-26T13:48:11.924-0300][20.978s][13528][11004][info][gc,reloc    ] GC(7) y:                        Candidates     Selected     In-Place         Size        Empty    Relocated 
[2026-06-26T13:48:11.924-0300][20.978s][13528][11004][info][gc,reloc    ] GC(7) y: Small Pages:                   61           48            0         122M           0M          10M 
[2026-06-26T13:48:11.924-0300][20.978s][13528][11004][info][gc,reloc    ] GC(7) y: Medium Pages:                   1            0            0          32M           0M           0M 
[2026-06-26T13:48:11.924-0300][20.978s][13528][11004][info][gc,reloc    ] GC(7) y: Large Pages:                    0            0            0           0M           0M           0M 
[2026-06-26T13:48:11.924-0300][20.978s][13528][11004][info][gc,reloc    ] GC(7) y: Forwarding Usage: 5M
[2026-06-26T13:48:11.924-0300][20.978s][13528][11004][info][gc,reloc    ] GC(7) y: Age Table:
[2026-06-26T13:48:11.924-0300][20.978s][13528][11004][info][gc,reloc    ] GC(7) y:                    Live             Garbage             Small              Medium             Large        
[2026-06-26T13:48:11.924-0300][20.978s][13528][11004][info][gc,reloc    ] GC(7) y: Eden               9M (0%)          122M (4%)          50 / 45             1 / 0              0 / 0        
[2026-06-26T13:48:11.924-0300][20.978s][13528][11004][info][gc,reloc    ] GC(7) y: Survivor 1        10M (0%)            3M (0%)           7 / 0              0 / 0              0 / 0        
[2026-06-26T13:48:11.924-0300][20.978s][13528][11004][info][gc,reloc    ] GC(7) y: Survivor 2         2M (0%)            5M (0%)           4 / 3              0 / 0              0 / 0        
[2026-06-26T13:48:11.924-0300][20.978s][13528][11004][info][gc,heap     ] GC(7) y: Min Capacity: 8M(0%)
[2026-06-26T13:48:11.924-0300][20.978s][13528][11004][info][gc,heap     ] GC(7) y: Max Capacity: 3072M(100%)
[2026-06-26T13:48:11.924-0300][20.978s][13528][11004][info][gc,heap     ] GC(7) y: Soft Max Capacity: 3072M(100%)
[2026-06-26T13:48:11.924-0300][20.978s][13528][11004][info][gc,heap     ] GC(7) y: Heap Statistics:
[2026-06-26T13:48:11.924-0300][20.978s][13528][11004][info][gc,heap     ] GC(7) y:                Mark Start          Mark End        Relocate Start      Relocate End           High               Low         
[2026-06-26T13:48:11.924-0300][20.978s][13528][11004][info][gc,heap     ] GC(7) y:  Capacity:     2668M (87%)        2668M (87%)        2668M (87%)        2668M (87%)        2668M (87%)        2668M (87%)    
[2026-06-26T13:48:11.924-0300][20.978s][13528][11004][info][gc,heap     ] GC(7) y:      Free:     2678M (87%)        2670M (87%)        2670M (87%)        2754M (90%)        2754M (90%)        2664M (87%)    
[2026-06-26T13:48:11.924-0300][20.978s][13528][11004][info][gc,heap     ] GC(7) y:      Used:      394M (13%)         402M (13%)         402M (13%)         318M (10%)         408M (13%)         318M (10%)    
[2026-06-26T13:48:11.924-0300][20.978s][13528][11004][info][gc,heap     ] GC(7) y: Young Generation Statistics:
[2026-06-26T13:48:11.924-0300][20.978s][13528][11004][info][gc,heap     ] GC(7) y:                Mark Start          Mark End        Relocate Start      Relocate End    
[2026-06-26T13:48:11.924-0300][20.978s][13528][11004][info][gc,heap     ] GC(7) y:      Used:      154M (5%)          162M (5%)          162M (5%)           78M (3%)     
[2026-06-26T13:48:11.924-0300][20.978s][13528][11004][info][gc,heap     ] GC(7) y:      Live:         -                23M (1%)           23M (1%)           23M (1%)     
[2026-06-26T13:48:11.924-0300][20.978s][13528][11004][info][gc,heap     ] GC(7) y:   Garbage:         -               130M (4%)          130M (4%)           33M (1%)     
[2026-06-26T13:48:11.924-0300][20.978s][13528][11004][info][gc,heap     ] GC(7) y: Allocated:         -                 8M (0%)            8M (0%)           21M (1%)     
[2026-06-26T13:48:11.924-0300][20.978s][13528][11004][info][gc,heap     ] GC(7) y: Reclaimed:         -                  -                 0M (0%)           97M (3%)     
[2026-06-26T13:48:11.924-0300][20.978s][13528][11004][info][gc,heap     ] GC(7) y:  Promoted:         -                  -                 0M (0%)            0M (0%)     
[2026-06-26T13:48:11.924-0300][20.978s][13528][11004][info][gc,heap     ] GC(7) y: Compacted:         -                  -                  -                12M (0%)     
[2026-06-26T13:48:11.924-0300][20.978s][13528][11004][info][gc,phases   ] GC(7) y: Young Generation 394M(13%)->318M(10%) 0.044s
[2026-06-26T13:48:11.924-0300][20.978s][13528][11004][info][gc          ] GC(7) Minor Collection (Allocation Rate) 394M(13%)->318M(10%) 0.044s
[2026-06-26T13:48:14.883-0300][23.937s][13528][11004][info][gc          ] GC(8) Minor Collection (Allocation Rate)
[2026-06-26T13:48:14.883-0300][23.937s][13528][11004][info][gc,task     ] GC(8) Using 1 Workers for Young Generation
[2026-06-26T13:48:14.883-0300][23.937s][13528][11004][info][gc,phases   ] GC(8) y: Young Generation
[2026-06-26T13:48:14.883-0300][23.937s][13528][11752][info][gc,phases   ] GC(8) y: Pause Mark Start 0.010ms
[2026-06-26T13:48:15.147-0300][24.202s][13528][11004][info][gc,phases   ] GC(8) y: Concurrent Mark 264.798ms
[2026-06-26T13:48:15.147-0300][24.202s][13528][11752][info][gc,phases   ] GC(8) y: Pause Mark End 0.010ms
[2026-06-26T13:48:15.147-0300][24.202s][13528][11004][info][gc,phases   ] GC(8) y: Concurrent Mark Free 0.002ms
[2026-06-26T13:48:15.147-0300][24.202s][13528][11004][info][gc,phases   ] GC(8) y: Concurrent Reset Relocation Set 0.004ms
[2026-06-26T13:48:15.147-0300][24.202s][13528][11004][info][gc,reloc    ] GC(8) y: Using tenuring threshold: 3 (Computed)
[2026-06-26T13:48:15.157-0300][24.212s][13528][11004][info][gc,phases   ] GC(8) y: Concurrent Select Relocation Set 10.077ms
[2026-06-26T13:48:15.158-0300][24.212s][13528][11752][info][gc,phases   ] GC(8) y: Pause Relocate Start 0.010ms
[2026-06-26T13:48:15.295-0300][24.349s][13528][11004][info][gc,phases   ] GC(8) y: Concurrent Relocate 136.785ms
[2026-06-26T13:48:15.295-0300][24.349s][13528][11004][info][gc,alloc    ] GC(8) y:                         Mark Start        Mark End      Relocate Start    Relocate End   
[2026-06-26T13:48:15.295-0300][24.349s][13528][11004][info][gc,alloc    ] GC(8) y: Allocation Stalls:          0                0                0                0         
[2026-06-26T13:48:15.295-0300][24.349s][13528][11004][info][gc,load     ] GC(8) y: Load: 0.00 (0%) / 0.00 (0%) / 0.00 (0%)
[2026-06-26T13:48:15.295-0300][24.349s][13528][11004][info][gc,mmu      ] GC(8) y: MMU: 2ms/59.3%, 5ms/83.7%, 10ms/91.7%, 20ms/95.7%, 50ms/98.3%, 100ms/99.1%
[2026-06-26T13:48:15.295-0300][24.349s][13528][11004][info][gc,marking  ] GC(8) y: Mark: 1 stripe(s), 2 proactive flush(es), 1 terminate flush(es), 0 completion(s), 0 continuation(s) 
[2026-06-26T13:48:15.295-0300][24.349s][13528][11004][info][gc,nmethod  ] GC(8) y: NMethods: 7096 registered, 0 unregistered
[2026-06-26T13:48:15.295-0300][24.349s][13528][11004][info][gc,metaspace] GC(8) y: Metaspace: 51M used, 51M committed, 1088M reserved
[2026-06-26T13:48:15.295-0300][24.349s][13528][11004][info][gc,reloc    ] GC(8) y:                        Candidates     Selected     In-Place         Size        Empty    Relocated 
[2026-06-26T13:48:15.295-0300][24.349s][13528][11004][info][gc,reloc    ] GC(8) y: Small Pages:                  440          338            0         880M          42M          95M 
[2026-06-26T13:48:15.295-0300][24.349s][13528][11004][info][gc,reloc    ] GC(8) y: Medium Pages:                   2            1            0          64M           0M           0M 
[2026-06-26T13:48:15.295-0300][24.349s][13528][11004][info][gc,reloc    ] GC(8) y: Large Pages:                    2            0            0          16M          16M           0M 
[2026-06-26T13:48:15.295-0300][24.349s][13528][11004][info][gc,reloc    ] GC(8) y: Forwarding Usage: 53M
[2026-06-26T13:48:15.295-0300][24.349s][13528][11004][info][gc,reloc    ] GC(8) y: Age Table:
[2026-06-26T13:48:15.295-0300][24.349s][13528][11004][info][gc,reloc    ] GC(8) y:                    Live             Garbage             Small              Medium             Large        
[2026-06-26T13:48:15.295-0300][24.349s][13528][11004][info][gc,reloc    ] GC(8) y: Eden             121M (4%)          770M (25%)        422 / 331            1 / 0              2 / 0        
[2026-06-26T13:48:15.295-0300][24.349s][13528][11004][info][gc,reloc    ] GC(8) y: Survivor 1         9M (0%)           36M (1%)           7 / 3              1 / 1              0 / 0        
[2026-06-26T13:48:15.295-0300][24.349s][13528][11004][info][gc,reloc    ] GC(8) y: Survivor 2        10M (0%)            5M (0%)           8 / 2              0 / 0              0 / 0        
[2026-06-26T13:48:15.295-0300][24.349s][13528][11004][info][gc,reloc    ] GC(8) y: Survivor 3         2M (0%)            3M (0%)           3 / 2              0 / 0              0 / 0        
[2026-06-26T13:48:15.295-0300][24.349s][13528][11004][info][gc,heap     ] GC(8) y: Min Capacity: 8M(0%)
[2026-06-26T13:48:15.295-0300][24.349s][13528][11004][info][gc,heap     ] GC(8) y: Max Capacity: 3072M(100%)
[2026-06-26T13:48:15.295-0300][24.349s][13528][11004][info][gc,heap     ] GC(8) y: Soft Max Capacity: 3072M(100%)
[2026-06-26T13:48:15.295-0300][24.349s][13528][11004][info][gc,heap     ] GC(8) y: Heap Statistics:
[2026-06-26T13:48:15.295-0300][24.349s][13528][11004][info][gc,heap     ] GC(8) y:                Mark Start          Mark End        Relocate Start      Relocate End           High               Low         
[2026-06-26T13:48:15.295-0300][24.349s][13528][11004][info][gc,heap     ] GC(8) y:  Capacity:     2668M (87%)        2668M (87%)        2668M (87%)        2668M (87%)        2668M (87%)        2668M (87%)    
[2026-06-26T13:48:15.295-0300][24.349s][13528][11004][info][gc,heap     ] GC(8) y:      Free:     1872M (61%)        1788M (58%)        1846M (60%)        2508M (82%)        2508M (82%)        1788M (58%)    
[2026-06-26T13:48:15.295-0300][24.349s][13528][11004][info][gc,heap     ] GC(8) y:      Used:     1200M (39%)        1284M (42%)        1226M (40%)         564M (18%)        1284M (42%)         564M (18%)    
[2026-06-26T13:48:15.295-0300][24.349s][13528][11004][info][gc,heap     ] GC(8) y: Young Generation Statistics:
[2026-06-26T13:48:15.295-0300][24.349s][13528][11004][info][gc,heap     ] GC(8) y:                Mark Start          Mark End        Relocate Start      Relocate End    
[2026-06-26T13:48:15.295-0300][24.349s][13528][11004][info][gc,heap     ] GC(8) y:      Used:      960M (31%)        1044M (34%)         984M (32%)         320M (10%)    
[2026-06-26T13:48:15.295-0300][24.349s][13528][11004][info][gc,heap     ] GC(8) y:      Live:         -               143M (5%)          141M (5%)          140M (5%)     
[2026-06-26T13:48:15.295-0300][24.349s][13528][11004][info][gc,heap     ] GC(8) y:   Garbage:         -               816M (27%)         758M (25%)           1M (0%)     
[2026-06-26T13:48:15.295-0300][24.349s][13528][11004][info][gc,heap     ] GC(8) y: Allocated:         -                84M (3%)           84M (3%)          178M (6%)     
[2026-06-26T13:48:15.295-0300][24.349s][13528][11004][info][gc,heap     ] GC(8) y: Reclaimed:         -                  -                58M (2%)          815M (27%)    
[2026-06-26T13:48:15.295-0300][24.349s][13528][11004][info][gc,heap     ] GC(8) y:  Promoted:         -                  -                 1M (0%)            2M (0%)     
[2026-06-26T13:48:15.295-0300][24.349s][13528][11004][info][gc,heap     ] GC(8) y: Compacted:         -                  -                  -               123M (4%)     
[2026-06-26T13:48:15.295-0300][24.349s][13528][11004][info][gc,phases   ] GC(8) y: Young Generation 1200M(39%)->564M(18%) 0.412s
[2026-06-26T13:48:15.295-0300][24.349s][13528][11004][info][gc          ] GC(8) Minor Collection (Allocation Rate) 1200M(39%)->564M(18%) 0.413s
[2026-06-26T13:48:27.289-0300][36.343s][13528][11004][info][gc          ] GC(9) Minor Collection (Allocation Rate)
[2026-06-26T13:48:27.289-0300][36.343s][13528][11004][info][gc,task     ] GC(9) Using 2 Workers for Young Generation
[2026-06-26T13:48:27.289-0300][36.343s][13528][11004][info][gc,phases   ] GC(9) y: Young Generation
[2026-06-26T13:48:27.289-0300][36.343s][13528][11752][info][gc,phases   ] GC(9) y: Pause Mark Start 0.008ms
[2026-06-26T13:48:27.583-0300][36.637s][13528][11004][info][gc,phases   ] GC(9) y: Concurrent Mark 294.096ms
[2026-06-26T13:48:27.583-0300][36.637s][13528][11752][info][gc,phases   ] GC(9) y: Pause Mark End 0.014ms
[2026-06-26T13:48:27.584-0300][36.637s][13528][11004][info][gc,phases   ] GC(9) y: Concurrent Mark Free 0.003ms
[2026-06-26T13:48:27.584-0300][36.637s][13528][11004][info][gc,phases   ] GC(9) y: Concurrent Reset Relocation Set 0.034ms
[2026-06-26T13:48:27.584-0300][36.637s][13528][11004][info][gc,reloc    ] GC(9) y: Using tenuring threshold: 4 (Computed)
[2026-06-26T13:48:27.586-0300][36.640s][13528][11004][info][gc,phases   ] GC(9) y: Concurrent Select Relocation Set 2.765ms
[2026-06-26T13:48:27.586-0300][36.640s][13528][11752][info][gc,phases   ] GC(9) y: Pause Relocate Start 0.013ms
[2026-06-26T13:48:27.632-0300][36.687s][13528][11004][info][gc,phases   ] GC(9) y: Concurrent Relocate 46.352ms
[2026-06-26T13:48:27.632-0300][36.687s][13528][11004][info][gc,alloc    ] GC(9) y:                         Mark Start        Mark End      Relocate Start    Relocate End   
[2026-06-26T13:48:27.632-0300][36.687s][13528][11004][info][gc,alloc    ] GC(9) y: Allocation Stalls:          0                0                0                0         
[2026-06-26T13:48:27.632-0300][36.687s][13528][11004][info][gc,load     ] GC(9) y: Load: 0.00 (0%) / 0.00 (0%) / 0.00 (0%)
[2026-06-26T13:48:27.632-0300][36.687s][13528][11004][info][gc,mmu      ] GC(9) y: MMU: 2ms/59.3%, 5ms/83.7%, 10ms/91.7%, 20ms/95.7%, 50ms/98.3%, 100ms/99.1%
[2026-06-26T13:48:27.632-0300][36.687s][13528][11004][info][gc,marking  ] GC(9) y: Mark: 2 stripe(s), 2 proactive flush(es), 1 terminate flush(es), 0 completion(s), 0 continuation(s) 
[2026-06-26T13:48:27.632-0300][36.687s][13528][11004][info][gc,nmethod  ] GC(9) y: NMethods: 9929 registered, 0 unregistered
[2026-06-26T13:48:27.633-0300][36.687s][13528][11004][info][gc,metaspace] GC(9) y: Metaspace: 59M used, 60M committed, 1088M reserved
[2026-06-26T13:48:27.633-0300][36.687s][13528][11004][info][gc,reloc    ] GC(9) y:                        Candidates     Selected     In-Place         Size        Empty    Relocated 
[2026-06-26T13:48:27.633-0300][36.687s][13528][11004][info][gc,reloc    ] GC(9) y: Small Pages:                  412          253            0         824M          26M          61M 
[2026-06-26T13:48:27.633-0300][36.687s][13528][11004][info][gc,reloc    ] GC(9) y: Medium Pages:                   3            2            0          96M           0M           6M 
[2026-06-26T13:48:27.633-0300][36.687s][13528][11004][info][gc,reloc    ] GC(9) y: Large Pages:                    0            0            0           0M           0M           0M 
[2026-06-26T13:48:27.633-0300][36.687s][13528][11004][info][gc,reloc    ] GC(9) y: Forwarding Usage: 33M
[2026-06-26T13:48:27.633-0300][36.687s][13528][11004][info][gc,reloc    ] GC(9) y: Age Table:
[2026-06-26T13:48:27.633-0300][36.687s][13528][11004][info][gc,reloc    ] GC(9) y:                    Live             Garbage             Small              Medium             Large        
[2026-06-26T13:48:27.633-0300][36.687s][13528][11004][info][gc,reloc    ] GC(9) y: Eden             134M (4%)          569M (19%)        336 / 248            1 / 1              0 / 0        
[2026-06-26T13:48:27.633-0300][36.687s][13528][11004][info][gc,reloc    ] GC(9) y: Survivor 1       120M (4%)           37M (1%)          63 / 3              1 / 1              0 / 0        
[2026-06-26T13:48:27.633-0300][36.687s][13528][11004][info][gc,reloc    ] GC(9) y: Survivor 2         7M (0%)           36M (1%)           6 / 1              1 / 0              0 / 0        
[2026-06-26T13:48:27.633-0300][36.687s][13528][11004][info][gc,reloc    ] GC(9) y: Survivor 3         9M (0%)            4M (0%)           7 / 1              0 / 0              0 / 0        
[2026-06-26T13:48:27.633-0300][36.687s][13528][11004][info][gc,heap     ] GC(9) y: Min Capacity: 8M(0%)
[2026-06-26T13:48:27.633-0300][36.687s][13528][11004][info][gc,heap     ] GC(9) y: Max Capacity: 3072M(100%)
[2026-06-26T13:48:27.633-0300][36.687s][13528][11004][info][gc,heap     ] GC(9) y: Soft Max Capacity: 3072M(100%)
[2026-06-26T13:48:27.633-0300][36.687s][13528][11004][info][gc,heap     ] GC(9) y: Heap Statistics:
[2026-06-26T13:48:27.633-0300][36.687s][13528][11004][info][gc,heap     ] GC(9) y:                Mark Start          Mark End        Relocate Start      Relocate End           High               Low         
[2026-06-26T13:48:27.633-0300][36.687s][13528][11004][info][gc,heap     ] GC(9) y:  Capacity:     2668M (87%)        2668M (87%)        2668M (87%)        2668M (87%)        2668M (87%)        2668M (87%)    
[2026-06-26T13:48:27.633-0300][36.687s][13528][11004][info][gc,heap     ] GC(9) y:      Free:     1908M (62%)        1882M (61%)        1908M (62%)        2400M (78%)        2400M (78%)        1840M (60%)    
[2026-06-26T13:48:27.633-0300][36.687s][13528][11004][info][gc,heap     ] GC(9) y:      Used:     1164M (38%)        1190M (39%)        1164M (38%)         672M (22%)        1232M (40%)         672M (22%)    
[2026-06-26T13:48:27.633-0300][36.687s][13528][11004][info][gc,heap     ] GC(9) y: Young Generation Statistics:
[2026-06-26T13:48:27.633-0300][36.687s][13528][11004][info][gc,heap     ] GC(9) y:                Mark Start          Mark End        Relocate Start      Relocate End    
[2026-06-26T13:48:27.633-0300][36.687s][13528][11004][info][gc,heap     ] GC(9) y:      Used:      920M (30%)         946M (31%)         920M (30%)         428M (14%)    
[2026-06-26T13:48:27.633-0300][36.687s][13528][11004][info][gc,heap     ] GC(9) y:      Live:         -               271M (9%)          271M (9%)          271M (9%)     
[2026-06-26T13:48:27.633-0300][36.687s][13528][11004][info][gc,heap     ] GC(9) y:   Garbage:         -               648M (21%)         622M (20%)          14M (0%)     
[2026-06-26T13:48:27.633-0300][36.687s][13528][11004][info][gc,heap     ] GC(9) y: Allocated:         -                26M (1%)           26M (1%)          141M (5%)     
[2026-06-26T13:48:27.633-0300][36.687s][13528][11004][info][gc,heap     ] GC(9) y: Reclaimed:         -                  -                26M (1%)          633M (21%)    
[2026-06-26T13:48:27.633-0300][36.687s][13528][11004][info][gc,heap     ] GC(9) y:  Promoted:         -                  -                 0M (0%)            0M (0%)     
[2026-06-26T13:48:27.633-0300][36.687s][13528][11004][info][gc,heap     ] GC(9) y: Compacted:         -                  -                  -                92M (3%)     
[2026-06-26T13:48:27.633-0300][36.687s][13528][11004][info][gc,phases   ] GC(9) y: Young Generation 1164M(38%)->672M(22%) 0.344s
[2026-06-26T13:48:27.633-0300][36.687s][13528][11004][info][gc          ] GC(9) Minor Collection (Allocation Rate) 1164M(38%)->672M(22%) 0.344s
[2026-06-26T13:48:32.323-0300][41.377s][13528][4880 ][info][gc          ] GC(10) Major Collection (Allocation Rate)
[2026-06-26T13:48:32.323-0300][41.377s][13528][4880 ][info][gc,task     ] GC(10) Using 2 Workers for Young Generation
[2026-06-26T13:48:32.323-0300][41.377s][13528][4880 ][info][gc,task     ] GC(10) Using 1 Workers for Old Generation
[2026-06-26T13:48:32.323-0300][41.377s][13528][4880 ][info][gc,phases   ] GC(10) Y: Young Generation
[2026-06-26T13:48:32.323-0300][41.377s][13528][11752][info][gc,phases   ] GC(10) Y: Pause Mark Start (Major) 0.015ms
[2026-06-26T13:48:32.502-0300][41.557s][13528][10748][info][gc,task     ] Adjusting Workers for Young Generation: 2 -> 3
[2026-06-26T13:48:32.664-0300][41.718s][13528][4880 ][info][gc,phases   ] GC(10) Y: Concurrent Mark 341.237ms
[2026-06-26T13:48:32.664-0300][41.718s][13528][11752][info][gc,phases   ] GC(10) Y: Pause Mark End 0.012ms
[2026-06-26T13:48:32.664-0300][41.718s][13528][4880 ][info][gc,phases   ] GC(10) Y: Concurrent Mark Free 0.002ms
[2026-06-26T13:48:32.664-0300][41.718s][13528][4880 ][info][gc,phases   ] GC(10) Y: Concurrent Reset Relocation Set 0.018ms
[2026-06-26T13:48:32.664-0300][41.718s][13528][8228 ][info][gc          ] Allocation Stall (pool-1-thread-2) 115.007ms
[2026-06-26T13:48:32.664-0300][41.718s][13528][8872 ][info][gc          ] Allocation Stall (pool-1-thread-3) 115.024ms
[2026-06-26T13:48:32.664-0300][41.718s][13528][4052 ][info][gc          ] Allocation Stall (pool-1-thread-1) 115.005ms
[2026-06-26T13:48:32.664-0300][41.718s][13528][13492][info][gc          ] Allocation Stall (main) 114.826ms
[2026-06-26T13:48:32.664-0300][41.718s][13528][7416 ][info][gc          ] Allocation Stall (MetaGridLoaderThread1) 130.908ms
[2026-06-26T13:48:32.664-0300][41.718s][13528][6964 ][info][gc          ] Allocation Stall (MetaGridLoaderThread7) 131.611ms
[2026-06-26T13:48:32.664-0300][41.718s][13528][7372 ][info][gc          ] Allocation Stall (MetaGridLoaderThread3) 130.727ms
[2026-06-26T13:48:32.664-0300][41.718s][13528][2328 ][info][gc          ] Allocation Stall (MetaGridLoaderThread5) 130.232ms
[2026-06-26T13:48:32.665-0300][41.718s][13528][16304][info][gc          ] Allocation Stall (MetaGridLoaderThread6) 129.615ms
[2026-06-26T13:48:32.665-0300][41.718s][13528][14912][info][gc          ] Allocation Stall (MetaGridLoaderThread4) 129.466ms
[2026-06-26T13:48:32.665-0300][41.718s][13528][9300 ][info][gc          ] Allocation Stall (GameLoadingThread) 119.204ms
[2026-06-26T13:48:32.665-0300][41.718s][13528][2548 ][info][gc          ] Allocation Stall (MetaGridLoaderThread2) 127.642ms
[2026-06-26T13:48:32.665-0300][41.718s][13528][4880 ][info][gc,reloc    ] GC(10) Y: Using tenuring threshold: 1 (Computed)
[2026-06-26T13:48:32.665-0300][41.718s][13528][1364 ][info][gc          ] Allocation Stall (pool-1-thread-4) 115.136ms
[2026-06-26T13:48:32.665-0300][41.718s][13528][7540 ][info][gc          ] Allocation Stall (MetaGridLoaderThread0) 128.954ms
[2026-06-26T13:48:32.736-0300][41.791s][13528][4880 ][info][gc,phases   ] GC(10) Y: Concurrent Select Relocation Set 72.427ms
[2026-06-26T13:48:32.736-0300][41.791s][13528][11752][info][gc,phases   ] GC(10) Y: Pause Relocate Start 0.008ms
[2026-06-26T13:48:32.738-0300][41.792s][13528][6964 ][info][gc          ] Relocation Stall (MetaGridLoaderThread7) 0.062ms
[2026-06-26T13:48:32.738-0300][41.792s][13528][16304][info][gc          ] Relocation Stall (MetaGridLoaderThread6) 0.051ms
[2026-06-26T13:48:32.738-0300][41.792s][13528][2328 ][info][gc          ] Relocation Stall (MetaGridLoaderThread5) 0.081ms
[2026-06-26T13:48:32.738-0300][41.792s][13528][14912][info][gc          ] Relocation Stall (MetaGridLoaderThread4) 0.168ms
[2026-06-26T13:48:32.738-0300][41.792s][13528][16304][info][gc          ] Relocation Stall (MetaGridLoaderThread6) 0.127ms
[2026-06-26T13:48:32.738-0300][41.792s][13528][2328 ][info][gc          ] Allocation Stall (MetaGridLoaderThread5) 17.185ms
[2026-06-26T13:48:32.738-0300][41.792s][13528][9300 ][info][gc          ] Allocation Stall (GameLoadingThread) 12.830ms
[2026-06-26T13:48:32.738-0300][41.792s][13528][7416 ][info][gc          ] Allocation Stall (MetaGridLoaderThread1) 13.417ms
[2026-06-26T13:48:32.738-0300][41.792s][13528][14912][info][gc          ] Allocation Stall (MetaGridLoaderThread4) 15.550ms
[2026-06-26T13:48:32.738-0300][41.792s][13528][16304][info][gc          ] Allocation Stall (MetaGridLoaderThread6) 16.012ms
[2026-06-26T13:48:32.738-0300][41.792s][13528][2548 ][info][gc          ] Relocation Stall (MetaGridLoaderThread2) 0.151ms
[2026-06-26T13:48:32.739-0300][41.793s][13528][6964 ][info][gc          ] Relocation Stall (MetaGridLoaderThread7) 1.089ms
[2026-06-26T13:48:32.739-0300][41.793s][13528][7372 ][info][gc          ] Relocation Stall (MetaGridLoaderThread3) 1.042ms
[2026-06-26T13:48:32.739-0300][41.793s][13528][2548 ][info][gc          ] Allocation Stall (MetaGridLoaderThread2) 15.457ms
[2026-06-26T13:48:32.739-0300][41.793s][13528][6964 ][info][gc          ] Allocation Stall (MetaGridLoaderThread7) 18.054ms
[2026-06-26T13:48:32.739-0300][41.793s][13528][7540 ][info][gc          ] Relocation Stall (MetaGridLoaderThread0) 1.499ms
[2026-06-26T13:48:32.740-0300][41.794s][13528][7540 ][info][gc          ] Allocation Stall (MetaGridLoaderThread0) 16.071ms
[2026-06-26T13:48:32.740-0300][41.794s][13528][7372 ][info][gc          ] Allocation Stall (MetaGridLoaderThread3) 16.216ms
[2026-06-26T13:48:32.900-0300][41.955s][13528][4880 ][info][gc,phases   ] GC(10) Y: Concurrent Relocate 164.286ms
[2026-06-26T13:48:32.900-0300][41.955s][13528][4880 ][info][gc,alloc    ] GC(10) Y:                         Mark Start        Mark End      Relocate Start    Relocate End   
[2026-06-26T13:48:32.900-0300][41.955s][13528][4880 ][info][gc,alloc    ] GC(10) Y: Allocation Stalls:          0                14               9                0         
[2026-06-26T13:48:32.900-0300][41.955s][13528][4880 ][info][gc,load     ] GC(10) Y: Load: 0.00 (0%) / 0.00 (0%) / 0.00 (0%)
[2026-06-26T13:48:32.900-0300][41.955s][13528][4880 ][info][gc,mmu      ] GC(10) Y: MMU: 2ms/59.3%, 5ms/83.7%, 10ms/91.7%, 20ms/95.7%, 50ms/98.3%, 100ms/99.1%
[2026-06-26T13:48:32.900-0300][41.955s][13528][4880 ][info][gc,marking  ] GC(10) Y: Mark: 2 stripe(s), 9 proactive flush(es), 1 terminate flush(es), 0 completion(s), 0 continuation(s) 
[2026-06-26T13:48:32.900-0300][41.955s][13528][4880 ][info][gc,nmethod  ] GC(10) Y: NMethods: 11631 registered, 0 unregistered
[2026-06-26T13:48:32.900-0300][41.955s][13528][4880 ][info][gc,metaspace] GC(10) Y: Metaspace: 61M used, 62M committed, 1088M reserved
[2026-06-26T13:48:32.900-0300][41.955s][13528][4880 ][info][gc,reloc    ] GC(10) Y:                        Candidates     Selected     In-Place         Size        Empty    Relocated 
[2026-06-26T13:48:32.900-0300][41.955s][13528][4880 ][info][gc,reloc    ] GC(10) Y: Small Pages:                  923          598            2        1846M         228M          65M 
[2026-06-26T13:48:32.900-0300][41.955s][13528][4880 ][info][gc,reloc    ] GC(10) Y: Medium Pages:                   4            3            2         128M           0M           8M 
[2026-06-26T13:48:32.900-0300][41.955s][13528][4880 ][info][gc,reloc    ] GC(10) Y: Large Pages:                    0            0            0           0M           0M           0M 
[2026-06-26T13:48:32.900-0300][41.955s][13528][4880 ][info][gc,reloc    ] GC(10) Y: Forwarding Usage: 41M
[2026-06-26T13:48:32.901-0300][41.955s][13528][4880 ][info][gc,reloc    ] GC(10) Y: Age Table:
[2026-06-26T13:48:32.901-0300][41.955s][13528][4880 ][info][gc,reloc    ] GC(10) Y:                    Live             Garbage             Small              Medium             Large        
[2026-06-26T13:48:32.901-0300][41.955s][13528][4880 ][info][gc,reloc    ] GC(10) Y: Eden             125M (4%)         1450M (47%)        772 / 592            1 / 1              0 / 0        
[2026-06-26T13:48:32.901-0300][41.955s][13528][4880 ][info][gc,reloc    ] GC(10) Y: Survivor 1       129M (4%)           54M (2%)          76 / 3              1 / 1              0 / 0        
[2026-06-26T13:48:32.901-0300][41.955s][13528][4880 ][info][gc,reloc    ] GC(10) Y: Survivor 2       119M (4%)           36M (1%)          62 / 0              1 / 1              0 / 0        
[2026-06-26T13:48:32.901-0300][41.955s][13528][4880 ][info][gc,reloc    ] GC(10) Y: Survivor 3         7M (0%)           36M (1%)           6 / 1              1 / 0              0 / 0        
[2026-06-26T13:48:32.901-0300][41.955s][13528][4880 ][info][gc,reloc    ] GC(10) Y: Survivor 4         9M (0%)            4M (0%)           7 / 2              0 / 0              0 / 0        
[2026-06-26T13:48:32.901-0300][41.955s][13528][4880 ][info][gc,heap     ] GC(10) Y: Min Capacity: 8M(0%)
[2026-06-26T13:48:32.901-0300][41.955s][13528][4880 ][info][gc,heap     ] GC(10) Y: Max Capacity: 3072M(100%)
[2026-06-26T13:48:32.901-0300][41.955s][13528][4880 ][info][gc,heap     ] GC(10) Y: Soft Max Capacity: 3072M(100%)
[2026-06-26T13:48:32.901-0300][41.955s][13528][4880 ][info][gc,heap     ] GC(10) Y: Heap Statistics:
[2026-06-26T13:48:32.901-0300][41.955s][13528][4880 ][info][gc,heap     ] GC(10) Y:                Mark Start          Mark End        Relocate Start      Relocate End           High               Low         
[2026-06-26T13:48:32.901-0300][41.955s][13528][4880 ][info][gc,heap     ] GC(10) Y:  Capacity:     2668M (87%)        3072M (100%)       3072M (100%)       3072M (100%)       3072M (100%)       2668M (87%)    
[2026-06-26T13:48:32.901-0300][41.955s][13528][4880 ][info][gc,heap     ] GC(10) Y:      Free:      854M (28%)           0M (0%)            0M (0%)          576M (19%)        1074M (35%)           0M (0%)     
[2026-06-26T13:48:32.901-0300][41.955s][13528][4880 ][info][gc,heap     ] GC(10) Y:      Used:     2218M (72%)        3072M (100%)       3072M (100%)       2496M (81%)        3072M (100%)       1998M (65%)    
[2026-06-26T13:48:32.901-0300][41.955s][13528][4880 ][info][gc,heap     ] GC(10) Y: Young Generation Statistics:
[2026-06-26T13:48:32.901-0300][41.955s][13528][4880 ][info][gc,heap     ] GC(10) Y:                Mark Start          Mark End        Relocate Start      Relocate End    
[2026-06-26T13:48:32.901-0300][41.955s][13528][4880 ][info][gc,heap     ] GC(10) Y:      Used:     1974M (64%)        2828M (92%)        2556M (83%)        1938M (63%)    
[2026-06-26T13:48:32.901-0300][41.955s][13528][4880 ][info][gc,heap     ] GC(10) Y:      Live:         -               391M (13%)         137M (4%)          125M (4%)     
[2026-06-26T13:48:32.901-0300][41.955s][13528][4880 ][info][gc,heap     ] GC(10) Y:   Garbage:         -              1582M (52%)        1336M (44%)           6M (0%)     
[2026-06-26T13:48:32.901-0300][41.955s][13528][4880 ][info][gc,heap     ] GC(10) Y: Allocated:         -               854M (28%)        1082M (35%)        1806M (59%)    
[2026-06-26T13:48:32.901-0300][41.956s][13528][4880 ][info][gc,heap     ] GC(10) Y: Reclaimed:         -                  -               245M (8%)         1576M (51%)    
[2026-06-26T13:48:32.901-0300][41.956s][13528][4880 ][info][gc,heap     ] GC(10) Y:  Promoted:         -                  -               254M (8%)          266M (9%)     
[2026-06-26T13:48:32.901-0300][41.956s][13528][4880 ][info][gc,heap     ] GC(10) Y: Compacted:         -                  -                  -                97M (3%)     
[2026-06-26T13:48:32.901-0300][41.956s][13528][4880 ][info][gc,phases   ] GC(10) Y: Young Generation 2218M(72%)->2496M(81%) 0.578s
[2026-06-26T13:48:32.901-0300][41.956s][13528][4880 ][info][gc,phases   ] GC(10) O: Old Generation
[2026-06-26T13:48:32.901-0300][41.956s][13528][11004][info][gc          ] GC(11) Minor Collection (Allocation Stall)
[2026-06-26T13:48:32.901-0300][41.956s][13528][11004][info][gc,task     ] GC(11) Using 3 Workers for Young Generation
[2026-06-26T13:48:32.901-0300][41.956s][13528][11004][info][gc,phases   ] GC(11) y: Young Generation
[2026-06-26T13:48:32.901-0300][41.956s][13528][11752][info][gc,phases   ] GC(11) y: Pause Mark Start 0.014ms
[2026-06-26T13:48:33.046-0300][42.100s][13528][10748][info][gc,task     ] Adjusting Workers for Old Generation: 1 -> 3
[2026-06-26T13:48:33.056-0300][42.111s][13528][11004][info][gc,phases   ] GC(11) y: Concurrent Mark 154.780ms
[2026-06-26T13:48:33.056-0300][42.111s][13528][11752][info][gc,phases   ] GC(11) y: Pause Mark End 0.013ms
[2026-06-26T13:48:33.056-0300][42.111s][13528][11004][info][gc,phases   ] GC(11) y: Concurrent Mark Free 0.006ms
[2026-06-26T13:48:33.057-0300][42.111s][13528][11004][info][gc,phases   ] GC(11) y: Concurrent Reset Relocation Set 0.333ms
[2026-06-26T13:48:33.057-0300][42.112s][13528][14912][info][gc          ] Allocation Stall (MetaGridLoaderThread4) 18.850ms
[2026-06-26T13:48:33.057-0300][42.112s][13528][7416 ][info][gc          ] Allocation Stall (MetaGridLoaderThread1) 19.062ms
[2026-06-26T13:48:33.057-0300][42.112s][13528][9300 ][info][gc          ] Allocation Stall (GameLoadingThread) 11.092ms
[2026-06-26T13:48:33.057-0300][42.112s][13528][16304][info][gc          ] Allocation Stall (MetaGridLoaderThread6) 17.537ms
[2026-06-26T13:48:33.057-0300][42.112s][13528][2548 ][info][gc          ] Allocation Stall (MetaGridLoaderThread2) 15.183ms
[2026-06-26T13:48:33.057-0300][42.112s][13528][7540 ][info][gc          ] Allocation Stall (MetaGridLoaderThread0) 20.115ms
[2026-06-26T13:48:33.057-0300][42.112s][13528][7372 ][info][gc          ] Allocation Stall (MetaGridLoaderThread3) 19.832ms
[2026-06-26T13:48:33.057-0300][42.112s][13528][6964 ][info][gc          ] Allocation Stall (MetaGridLoaderThread7) 19.308ms
[2026-06-26T13:48:33.057-0300][42.112s][13528][11004][info][gc,reloc    ] GC(11) y: Using tenuring threshold: 1 (Computed)
[2026-06-26T13:48:33.059-0300][42.113s][13528][2328 ][info][gc          ] Allocation Stall (MetaGridLoaderThread5) 19.890ms
[2026-06-26T13:48:33.090-0300][42.144s][13528][11004][info][gc,phases   ] GC(11) y: Concurrent Select Relocation Set 32.284ms
[2026-06-26T13:48:33.090-0300][42.144s][13528][11752][info][gc,phases   ] GC(11) y: Pause Relocate Start 0.019ms
[2026-06-26T13:48:33.151-0300][42.205s][13528][11004][info][gc,phases   ] GC(11) y: Concurrent Relocate 61.277ms
[2026-06-26T13:48:33.151-0300][42.205s][13528][11004][info][gc,alloc    ] GC(11) y:                         Mark Start        Mark End      Relocate Start    Relocate End   
[2026-06-26T13:48:33.151-0300][42.205s][13528][11004][info][gc,alloc    ] GC(11) y: Allocation Stalls:          0                9                0                0         
[2026-06-26T13:48:33.151-0300][42.205s][13528][11004][info][gc,load     ] GC(11) y: Load: 0.00 (0%) / 0.00 (0%) / 0.00 (0%)
[2026-06-26T13:48:33.151-0300][42.205s][13528][11004][info][gc,mmu      ] GC(11) y: MMU: 2ms/59.3%, 5ms/83.7%, 10ms/91.7%, 20ms/95.7%, 50ms/98.3%, 100ms/99.1%
[2026-06-26T13:48:33.151-0300][42.205s][13528][11004][info][gc,marking  ] GC(11) y: Mark: 2 stripe(s), 2 proactive flush(es), 1 terminate flush(es), 0 completion(s), 0 continuation(s) 
[2026-06-26T13:48:33.151-0300][42.205s][13528][11004][info][gc,nmethod  ] GC(11) y: NMethods: 11655 registered, 0 unregistered
[2026-06-26T13:48:33.151-0300][42.205s][13528][11004][info][gc,metaspace] GC(11) y: Metaspace: 61M used, 62M committed, 1088M reserved
[2026-06-26T13:48:33.151-0300][42.205s][13528][11004][info][gc,reloc    ] GC(11) y:                        Candidates     Selected     In-Place         Size        Empty    Relocated 
[2026-06-26T13:48:33.151-0300][42.205s][13528][11004][info][gc,reloc    ] GC(11) y: Small Pages:                  940          764            0        1880M         196M          18M 
[2026-06-26T13:48:33.151-0300][42.205s][13528][11004][info][gc,reloc    ] GC(11) y: Medium Pages:                   2            1            0          64M           0M           1M 
[2026-06-26T13:48:33.151-0300][42.205s][13528][11004][info][gc,reloc    ] GC(11) y: Large Pages:                    0            0            0           0M           0M           0M 
[2026-06-26T13:48:33.151-0300][42.205s][13528][11004][info][gc,reloc    ] GC(11) y: Forwarding Usage: 6M
[2026-06-26T13:48:33.151-0300][42.205s][13528][11004][info][gc,reloc    ] GC(11) y: Age Table:
[2026-06-26T13:48:33.151-0300][42.205s][13528][11004][info][gc,reloc    ] GC(11) y:                    Live             Garbage             Small              Medium             Large        
[2026-06-26T13:48:33.151-0300][42.206s][13528][11004][info][gc,reloc    ] GC(11) y: Eden              22M (1%)         1733M (56%)        862 / 752            1 / 0              0 / 0        
[2026-06-26T13:48:33.151-0300][42.206s][13528][11004][info][gc,reloc    ] GC(11) y: Survivor 1       124M (4%)           63M (2%)          78 / 12             1 / 1              0 / 0        
[2026-06-26T13:48:33.151-0300][42.206s][13528][11004][info][gc,heap     ] GC(11) y: Min Capacity: 8M(0%)
[2026-06-26T13:48:33.151-0300][42.206s][13528][11004][info][gc,heap     ] GC(11) y: Max Capacity: 3072M(100%)
[2026-06-26T13:48:33.151-0300][42.206s][13528][11004][info][gc,heap     ] GC(11) y: Soft Max Capacity: 3072M(100%)
[2026-06-26T13:48:33.151-0300][42.206s][13528][11004][info][gc,heap     ] GC(11) y: Heap Statistics:
[2026-06-26T13:48:33.151-0300][42.206s][13528][11004][info][gc,heap     ] GC(11) y:                Mark Start          Mark End        Relocate Start      Relocate End           High               Low         
[2026-06-26T13:48:33.151-0300][42.206s][13528][11004][info][gc,heap     ] GC(11) y:  Capacity:     3072M (100%)       3072M (100%)       3072M (100%)       3072M (100%)       3072M (100%)       3072M (100%)   
[2026-06-26T13:48:33.151-0300][42.206s][13528][11004][info][gc,heap     ] GC(11) y:      Free:      570M (19%)           0M (0%)           82M (3%)         1410M (46%)        1564M (51%)           0M (0%)     
[2026-06-26T13:48:33.151-0300][42.206s][13528][11004][info][gc,heap     ] GC(11) y:      Used:     2502M (81%)        3072M (100%)       2990M (97%)        1662M (54%)        3072M (100%)       1508M (49%)    
[2026-06-26T13:48:33.151-0300][42.206s][13528][11004][info][gc,heap     ] GC(11) y: Young Generation Statistics:
[2026-06-26T13:48:33.151-0300][42.206s][13528][11004][info][gc,heap     ] GC(11) y:                Mark Start          Mark End        Relocate Start      Relocate End    
[2026-06-26T13:48:33.151-0300][42.206s][13528][11004][info][gc,heap     ] GC(11) y:      Used:     1944M (63%)        2514M (82%)        2304M (75%)         922M (30%)    
[2026-06-26T13:48:33.151-0300][42.206s][13528][11004][info][gc,heap     ] GC(11) y:      Live:         -               146M (5%)           25M (1%)           22M (1%)     
[2026-06-26T13:48:33.151-0300][42.206s][13528][11004][info][gc,heap     ] GC(11) y:   Garbage:         -              1797M (59%)        1594M (52%)           0M (0%)     
[2026-06-26T13:48:33.151-0300][42.206s][13528][11004][info][gc,heap     ] GC(11) y: Allocated:         -               570M (19%)         684M (22%)         899M (29%)    
[2026-06-26T13:48:33.151-0300][42.206s][13528][11004][info][gc,heap     ] GC(11) y: Reclaimed:         -                  -               203M (7%)         1796M (58%)    
[2026-06-26T13:48:33.151-0300][42.206s][13528][11004][info][gc,heap     ] GC(11) y:  Promoted:         -                  -               120M (4%)          124M (4%)     
[2026-06-26T13:48:33.151-0300][42.206s][13528][11004][info][gc,heap     ] GC(11) y: Compacted:         -                  -                  -                20M (1%)     
[2026-06-26T13:48:33.151-0300][42.206s][13528][11004][info][gc,phases   ] GC(11) y: Young Generation 2498M(81%)->1662M(54%) 0.250s
[2026-06-26T13:48:33.151-0300][42.206s][13528][11004][info][gc          ] GC(11) Minor Collection (Allocation Stall) 2498M(81%)->1662M(54%) 0.250s
[2026-06-26T13:48:33.152-0300][42.206s][13528][10748][info][gc,task     ] Adjusting Workers for Old Generation: 3 -> 1
[2026-06-26T13:48:33.152-0300][42.206s][13528][11004][info][gc          ] GC(12) Minor Collection (Allocation Rate)
[2026-06-26T13:48:33.152-0300][42.206s][13528][11004][info][gc,task     ] GC(12) Using 2 Workers for Young Generation
[2026-06-26T13:48:33.152-0300][42.206s][13528][11004][info][gc,phases   ] GC(12) y: Young Generation
[2026-06-26T13:48:33.152-0300][42.206s][13528][11752][info][gc,phases   ] GC(12) y: Pause Mark Start 0.014ms
[2026-06-26T13:48:33.193-0300][42.248s][13528][4880 ][info][gc,phases   ] GC(10) O: Concurrent Mark 292.266ms
[2026-06-26T13:48:33.193-0300][42.248s][13528][11752][info][gc,phases   ] GC(10) O: Pause Mark End 0.019ms
[2026-06-26T13:48:33.194-0300][42.248s][13528][4880 ][info][gc,phases   ] GC(10) O: Concurrent Mark Free 0.008ms
[2026-06-26T13:48:33.204-0300][42.258s][13528][11004][info][gc,phases   ] GC(12) y: Concurrent Mark 52.252ms
[2026-06-26T13:48:33.223-0300][42.278s][13528][11752][info][gc,phases   ] GC(12) y: Pause Mark End 0.020ms
[2026-06-26T13:48:33.223-0300][42.278s][13528][11004][info][gc,phases   ] GC(12) y: Concurrent Mark Free 0.008ms
[2026-06-26T13:48:33.223-0300][42.278s][13528][11004][info][gc,phases   ] GC(12) y: Concurrent Reset Relocation Set 0.216ms
[2026-06-26T13:48:33.223-0300][42.278s][13528][11004][info][gc,reloc    ] GC(12) y: Using tenuring threshold: 2 (Computed)
[2026-06-26T13:48:33.224-0300][42.279s][13528][11004][info][gc,phases   ] GC(12) y: Concurrent Select Relocation Set 0.716ms
[2026-06-26T13:48:33.230-0300][42.284s][13528][11752][info][gc,phases   ] GC(12) y: Pause Relocate Start 0.016ms
[2026-06-26T13:48:33.230-0300][42.284s][13528][4880 ][info][gc,phases   ] GC(10) O: Concurrent Process Non-Strong 36.268ms
[2026-06-26T13:48:33.230-0300][42.284s][13528][4880 ][info][gc,phases   ] GC(10) O: Concurrent Reset Relocation Set 0.002ms
[2026-06-26T13:48:33.231-0300][42.286s][13528][4880 ][info][gc,phases   ] GC(10) O: Concurrent Select Relocation Set 1.085ms
[2026-06-26T13:48:33.239-0300][42.293s][13528][11004][info][gc,phases   ] GC(12) y: Concurrent Relocate 8.721ms
[2026-06-26T13:48:33.239-0300][42.293s][13528][11004][info][gc,alloc    ] GC(12) y:                         Mark Start        Mark End      Relocate Start    Relocate End   
[2026-06-26T13:48:33.239-0300][42.293s][13528][11004][info][gc,alloc    ] GC(12) y: Allocation Stalls:          0                0                0                0         
[2026-06-26T13:48:33.239-0300][42.293s][13528][11004][info][gc,load     ] GC(12) y: Load: 0.00 (0%) / 0.00 (0%) / 0.00 (0%)
[2026-06-26T13:48:33.239-0300][42.293s][13528][11004][info][gc,mmu      ] GC(12) y: MMU: 2ms/59.3%, 5ms/83.7%, 10ms/91.7%, 20ms/95.7%, 50ms/98.3%, 100ms/99.1%
[2026-06-26T13:48:33.239-0300][42.293s][13528][11004][info][gc,marking  ] GC(12) y: Mark: 2 stripe(s), 3 proactive flush(es), 1 terminate flush(es), 0 completion(s), 0 continuation(s) 
[2026-06-26T13:48:33.239-0300][42.293s][13528][11004][info][gc,nmethod  ] GC(12) y: NMethods: 9464 registered, 2192 unregistered
[2026-06-26T13:48:33.239-0300][42.293s][13528][11004][info][gc,metaspace] GC(12) y: Metaspace: 61M used, 62M committed, 1088M reserved
[2026-06-26T13:48:33.239-0300][42.293s][13528][11004][info][gc,reloc    ] GC(12) y:                        Candidates     Selected     In-Place         Size        Empty    Relocated 
[2026-06-26T13:48:33.239-0300][42.293s][13528][11004][info][gc,reloc    ] GC(12) y: Small Pages:                  443          372            0         886M         102M           9M 
[2026-06-26T13:48:33.239-0300][42.293s][13528][11004][info][gc,reloc    ] GC(12) y: Medium Pages:                   2            1            0          36M           0M           0M 
[2026-06-26T13:48:33.239-0300][42.293s][13528][11004][info][gc,reloc    ] GC(12) y: Large Pages:                    0            0            0           0M           0M           0M 
[2026-06-26T13:48:33.239-0300][42.293s][13528][11004][info][gc,reloc    ] GC(12) y: Forwarding Usage: 3M
[2026-06-26T13:48:33.239-0300][42.293s][13528][11004][info][gc,reloc    ] GC(12) y: Age Table:
[2026-06-26T13:48:33.239-0300][42.293s][13528][11004][info][gc,reloc    ] GC(12) y:                    Live             Garbage             Small              Medium             Large        
[2026-06-26T13:48:33.239-0300][42.293s][13528][11004][info][gc,reloc    ] GC(12) y: Eden              15M (1%)          864M (28%)        424 / 365            1 / 0              0 / 0        
[2026-06-26T13:48:33.239-0300][42.293s][13528][11004][info][gc,reloc    ] GC(12) y: Survivor 1        21M (1%)           20M (1%)          19 / 7              1 / 1              0 / 0        
[2026-06-26T13:48:33.239-0300][42.293s][13528][11004][info][gc,heap     ] GC(12) y: Min Capacity: 8M(0%)
[2026-06-26T13:48:33.239-0300][42.293s][13528][11004][info][gc,heap     ] GC(12) y: Max Capacity: 3072M(100%)
[2026-06-26T13:48:33.240-0300][42.293s][13528][11004][info][gc,heap     ] GC(12) y: Soft Max Capacity: 3072M(100%)
[2026-06-26T13:48:33.240-0300][42.293s][13528][11004][info][gc,heap     ] GC(12) y: Heap Statistics:
[2026-06-26T13:48:33.240-0300][42.293s][13528][11004][info][gc,heap     ] GC(12) y:                Mark Start          Mark End        Relocate Start      Relocate End           High               Low         
[2026-06-26T13:48:33.240-0300][42.293s][13528][11004][info][gc,heap     ] GC(12) y:  Capacity:     3072M (100%)       3072M (100%)       3072M (100%)       3072M (100%)       3072M (100%)       3072M (100%)   
[2026-06-26T13:48:33.240-0300][42.293s][13528][11004][info][gc,heap     ] GC(12) y:      Free:     1410M (46%)        1124M (37%)        1190M (39%)        1852M (60%)        1866M (61%)        1118M (36%)    
[2026-06-26T13:48:33.240-0300][42.293s][13528][11004][info][gc,heap     ] GC(12) y:      Used:     1662M (54%)        1948M (63%)        1882M (61%)        1220M (40%)        1954M (64%)        1206M (39%)    
[2026-06-26T13:48:33.240-0300][42.293s][13528][11004][info][gc,heap     ] GC(12) y: Young Generation Statistics:
[2026-06-26T13:48:33.240-0300][42.293s][13528][11004][info][gc,heap     ] GC(12) y:                Mark Start          Mark End        Relocate Start      Relocate End    
[2026-06-26T13:48:33.240-0300][42.293s][13528][11004][info][gc,heap     ] GC(12) y:      Used:      922M (30%)        1208M (39%)        1142M (37%)         480M (16%)    
[2026-06-26T13:48:33.240-0300][42.293s][13528][11004][info][gc,heap     ] GC(12) y:      Live:         -                37M (1%)           37M (1%)           37M (1%)     
[2026-06-26T13:48:33.240-0300][42.293s][13528][11004][info][gc,heap     ] GC(12) y:   Garbage:         -               884M (29%)         782M (25%)           2M (0%)     
[2026-06-26T13:48:33.240-0300][42.294s][13528][11004][info][gc,heap     ] GC(12) y: Allocated:         -               286M (9%)          322M (10%)         440M (14%)    
[2026-06-26T13:48:33.240-0300][42.294s][13528][11004][info][gc,heap     ] GC(12) y: Reclaimed:         -                  -               102M (3%)          882M (29%)    
[2026-06-26T13:48:33.240-0300][42.294s][13528][11004][info][gc,heap     ] GC(12) y:  Promoted:         -                  -                 0M (0%)            0M (0%)     
[2026-06-26T13:48:33.240-0300][42.294s][13528][11004][info][gc,heap     ] GC(12) y: Compacted:         -                  -                  -                15M (0%)     
[2026-06-26T13:48:33.240-0300][42.294s][13528][11004][info][gc,phases   ] GC(12) y: Young Generation 1662M(54%)->1220M(40%) 0.087s
[2026-06-26T13:48:33.240-0300][42.294s][13528][11004][info][gc          ] GC(12) Minor Collection (Allocation Rate) 1662M(54%)->1224M(40%) 0.088s
[2026-06-26T13:48:33.240-0300][42.294s][13528][11004][info][gc          ] GC(13) Minor Collection (Allocation Rate)
[2026-06-26T13:48:33.240-0300][42.294s][13528][11004][info][gc,task     ] GC(13) Using 2 Workers for Young Generation
[2026-06-26T13:48:33.240-0300][42.294s][13528][11004][info][gc,phases   ] GC(13) y: Young Generation
[2026-06-26T13:48:33.240-0300][42.294s][13528][11752][info][gc,phases   ] GC(13) y: Pause Mark Start 0.013ms
[2026-06-26T13:48:33.296-0300][42.350s][13528][11004][info][gc,phases   ] GC(13) y: Concurrent Mark 55.948ms
[2026-06-26T13:48:33.296-0300][42.350s][13528][11752][info][gc,phases   ] GC(13) y: Pause Mark End 0.018ms
[2026-06-26T13:48:33.296-0300][42.350s][13528][11004][info][gc,phases   ] GC(13) y: Concurrent Mark Free 0.006ms
[2026-06-26T13:48:33.296-0300][42.350s][13528][11004][info][gc,phases   ] GC(13) y: Concurrent Reset Relocation Set 0.033ms
[2026-06-26T13:48:33.296-0300][42.350s][13528][11004][info][gc,reloc    ] GC(13) y: Using tenuring threshold: 1 (Computed)
[2026-06-26T13:48:33.309-0300][42.363s][13528][11004][info][gc,phases   ] GC(13) y: Concurrent Select Relocation Set 12.693ms
[2026-06-26T13:48:33.309-0300][42.363s][13528][11752][info][gc,phases   ] GC(13) y: Pause Relocate Start 0.014ms
[2026-06-26T13:48:33.341-0300][42.395s][13528][11004][info][gc,phases   ] GC(13) y: Concurrent Relocate 32.285ms
[2026-06-26T13:48:33.341-0300][42.395s][13528][11004][info][gc,alloc    ] GC(13) y:                         Mark Start        Mark End      Relocate Start    Relocate End   
[2026-06-26T13:48:33.341-0300][42.395s][13528][11004][info][gc,alloc    ] GC(13) y: Allocation Stalls:          0                0                0                0         
[2026-06-26T13:48:33.341-0300][42.395s][13528][11004][info][gc,load     ] GC(13) y: Load: 0.00 (0%) / 0.00 (0%) / 0.00 (0%)
[2026-06-26T13:48:33.341-0300][42.395s][13528][11004][info][gc,mmu      ] GC(13) y: MMU: 2ms/59.3%, 5ms/83.7%, 10ms/91.7%, 20ms/95.7%, 50ms/98.3%, 100ms/99.1%
[2026-06-26T13:48:33.341-0300][42.395s][13528][11004][info][gc,marking  ] GC(13) y: Mark: 2 stripe(s), 2 proactive flush(es), 1 terminate flush(es), 0 completion(s), 0 continuation(s) 
[2026-06-26T13:48:33.341-0300][42.395s][13528][11004][info][gc,nmethod  ] GC(13) y: NMethods: 9468 registered, 0 unregistered
[2026-06-26T13:48:33.341-0300][42.395s][13528][11004][info][gc,metaspace] GC(13) y: Metaspace: 61M used, 62M committed, 1088M reserved
[2026-06-26T13:48:33.341-0300][42.395s][13528][11004][info][gc,reloc    ] GC(13) y:                        Candidates     Selected     In-Place         Size        Empty    Relocated 
[2026-06-26T13:48:33.341-0300][42.395s][13528][11004][info][gc,reloc    ] GC(13) y: Small Pages:                  208          164            0         416M          42M           7M 
[2026-06-26T13:48:33.341-0300][42.395s][13528][11004][info][gc,reloc    ] GC(13) y: Medium Pages:                   3            2            0          68M           0M           1M 
[2026-06-26T13:48:33.341-0300][42.395s][13528][11004][info][gc,reloc    ] GC(13) y: Large Pages:                    0            0            0           0M           0M           0M 
[2026-06-26T13:48:33.341-0300][42.395s][13528][11004][info][gc,reloc    ] GC(13) y: Forwarding Usage: 3M
[2026-06-26T13:48:33.341-0300][42.395s][13528][11004][info][gc,reloc    ] GC(13) y: Age Table:
[2026-06-26T13:48:33.341-0300][42.395s][13528][11004][info][gc,reloc    ] GC(13) y:                    Live             Garbage             Small              Medium             Large        
[2026-06-26T13:48:33.341-0300][42.395s][13528][11004][info][gc,reloc    ] GC(13) y: Eden               7M (0%)          356M (12%)        182 / 158            0 / 0              0 / 0        
[2026-06-26T13:48:33.341-0300][42.395s][13528][11004][info][gc,reloc    ] GC(13) y: Survivor 1        15M (1%)           70M (2%)          11 / 3              2 / 1              0 / 0        
[2026-06-26T13:48:33.341-0300][42.396s][13528][11004][info][gc,reloc    ] GC(13) y: Survivor 2        21M (1%)           12M (0%)          15 / 3              1 / 1              0 / 0        
[2026-06-26T13:48:33.341-0300][42.396s][13528][11004][info][gc,heap     ] GC(13) y: Min Capacity: 8M(0%)
[2026-06-26T13:48:33.341-0300][42.396s][13528][11004][info][gc,heap     ] GC(13) y: Max Capacity: 3072M(100%)
[2026-06-26T13:48:33.341-0300][42.396s][13528][11004][info][gc,heap     ] GC(13) y: Soft Max Capacity: 3072M(100%)
[2026-06-26T13:48:33.341-0300][42.396s][13528][11004][info][gc,heap     ] GC(13) y: Heap Statistics:
[2026-06-26T13:48:33.341-0300][42.396s][13528][11004][info][gc,heap     ] GC(13) y:                Mark Start          Mark End        Relocate Start      Relocate End           High               Low         
[2026-06-26T13:48:33.341-0300][42.396s][13528][11004][info][gc,heap     ] GC(13) y:  Capacity:     3072M (100%)       3072M (100%)       3072M (100%)       3072M (100%)       3072M (100%)       3072M (100%)   
[2026-06-26T13:48:33.341-0300][42.396s][13528][11004][info][gc,heap     ] GC(13) y:      Free:     1848M (60%)        1552M (51%)        1552M (51%)        1774M (58%)        1874M (61%)        1506M (49%)    
[2026-06-26T13:48:33.341-0300][42.396s][13528][11004][info][gc,heap     ] GC(13) y:      Used:     1224M (40%)        1520M (49%)        1520M (49%)        1298M (42%)        1566M (51%)        1198M (39%)    
[2026-06-26T13:48:33.341-0300][42.396s][13528][11004][info][gc,heap     ] GC(13) y: Young Generation Statistics:
[2026-06-26T13:48:33.341-0300][42.396s][13528][11004][info][gc,heap     ] GC(13) y:                Mark Start          Mark End        Relocate Start      Relocate End    
[2026-06-26T13:48:33.341-0300][42.396s][13528][11004][info][gc,heap     ] GC(13) y:      Used:      484M (16%)         780M (25%)         748M (24%)         486M (16%)    
[2026-06-26T13:48:33.341-0300][42.396s][13528][11004][info][gc,heap     ] GC(13) y:      Live:         -                44M (1%)           13M (0%)            7M (0%)     
[2026-06-26T13:48:33.341-0300][42.396s][13528][11004][info][gc,heap     ] GC(13) y:   Garbage:         -               439M (14%)         396M (13%)           0M (0%)     
[2026-06-26T13:48:33.341-0300][42.396s][13528][11004][info][gc,heap     ] GC(13) y: Allocated:         -               296M (10%)         338M (11%)         478M (16%)    
[2026-06-26T13:48:33.341-0300][42.396s][13528][11004][info][gc,heap     ] GC(13) y: Reclaimed:         -                  -                43M (1%)          439M (14%)    
[2026-06-26T13:48:33.341-0300][42.396s][13528][11004][info][gc,heap     ] GC(13) y:  Promoted:         -                  -                30M (1%)           37M (1%)     
[2026-06-26T13:48:33.341-0300][42.396s][13528][11004][info][gc,heap     ] GC(13) y: Compacted:         -                  -                  -                 7M (0%)     
[2026-06-26T13:48:33.341-0300][42.396s][13528][11004][info][gc,phases   ] GC(13) y: Young Generation 1224M(40%)->1298M(42%) 0.102s
[2026-06-26T13:48:33.341-0300][42.396s][13528][11004][info][gc          ] GC(13) Minor Collection (Allocation Rate) 1224M(40%)->1302M(42%) 0.102s
[2026-06-26T13:48:33.341-0300][42.396s][13528][11004][info][gc          ] GC(14) Minor Collection (Allocation Rate)
[2026-06-26T13:48:33.341-0300][42.396s][13528][11004][info][gc,task     ] GC(14) Using 2 Workers for Young Generation
[2026-06-26T13:48:33.341-0300][42.396s][13528][11004][info][gc,phases   ] GC(14) y: Young Generation
[2026-06-26T13:48:33.342-0300][42.396s][13528][11752][info][gc,phases   ] GC(14) y: Pause Mark Start 0.019ms
[2026-06-26T13:48:33.374-0300][42.429s][13528][11004][info][gc,phases   ] GC(14) y: Concurrent Mark 32.548ms
[2026-06-26T13:48:33.374-0300][42.429s][13528][11752][info][gc,phases   ] GC(14) y: Pause Mark End 0.012ms
[2026-06-26T13:48:33.374-0300][42.429s][13528][11004][info][gc,phases   ] GC(14) y: Concurrent Mark Free 0.006ms
[2026-06-26T13:48:33.374-0300][42.429s][13528][11004][info][gc,phases   ] GC(14) y: Concurrent Reset Relocation Set 0.059ms
[2026-06-26T13:48:33.375-0300][42.429s][13528][11004][info][gc,reloc    ] GC(14) y: Using tenuring threshold: 2 (Computed)
[2026-06-26T13:48:33.375-0300][42.429s][13528][11004][info][gc,phases   ] GC(14) y: Concurrent Select Relocation Set 0.482ms
[2026-06-26T13:48:33.375-0300][42.430s][13528][11752][info][gc,phases   ] GC(14) y: Pause Relocate Start 0.012ms
[2026-06-26T13:48:33.381-0300][42.435s][13528][11004][info][gc,phases   ] GC(14) y: Concurrent Relocate 4.971ms
[2026-06-26T13:48:33.381-0300][42.435s][13528][11004][info][gc,alloc    ] GC(14) y:                         Mark Start        Mark End      Relocate Start    Relocate End   
[2026-06-26T13:48:33.381-0300][42.435s][13528][11004][info][gc,alloc    ] GC(14) y: Allocation Stalls:          0                0                0                0         
[2026-06-26T13:48:33.381-0300][42.435s][13528][11004][info][gc,load     ] GC(14) y: Load: 0.00 (0%) / 0.00 (0%) / 0.00 (0%)
[2026-06-26T13:48:33.381-0300][42.435s][13528][11004][info][gc,mmu      ] GC(14) y: MMU: 2ms/59.3%, 5ms/83.7%, 10ms/91.7%, 20ms/95.7%, 50ms/98.3%, 100ms/99.1%
[2026-06-26T13:48:33.381-0300][42.435s][13528][11004][info][gc,marking  ] GC(14) y: Mark: 2 stripe(s), 2 proactive flush(es), 1 terminate flush(es), 0 completion(s), 0 continuation(s) 
[2026-06-26T13:48:33.381-0300][42.435s][13528][11004][info][gc,nmethod  ] GC(14) y: NMethods: 9468 registered, 0 unregistered
[2026-06-26T13:48:33.381-0300][42.435s][13528][11004][info][gc,metaspace] GC(14) y: Metaspace: 61M used, 62M committed, 1088M reserved
[2026-06-26T13:48:33.381-0300][42.435s][13528][11004][info][gc,reloc    ] GC(14) y:                        Candidates     Selected     In-Place         Size        Empty    Relocated 
[2026-06-26T13:48:33.381-0300][42.435s][13528][11004][info][gc,reloc    ] GC(14) y: Small Pages:                  229          191            0         458M          58M           5M 
[2026-06-26T13:48:33.381-0300][42.435s][13528][11004][info][gc,reloc    ] GC(14) y: Medium Pages:                   1            0            0          32M           0M           0M 
[2026-06-26T13:48:33.381-0300][42.435s][13528][11004][info][gc,reloc    ] GC(14) y: Large Pages:                    0            0            0           0M           0M           0M 
[2026-06-26T13:48:33.381-0300][42.435s][13528][11004][info][gc,reloc    ] GC(14) y: Forwarding Usage: 2M
[2026-06-26T13:48:33.381-0300][42.435s][13528][11004][info][gc,reloc    ] GC(14) y: Age Table:
[2026-06-26T13:48:33.381-0300][42.435s][13528][11004][info][gc,reloc    ] GC(14) y:                    Live             Garbage             Small              Medium             Large        
[2026-06-26T13:48:33.381-0300][42.435s][13528][11004][info][gc,reloc    ] GC(14) y: Eden               8M (0%)          469M (15%)        223 / 189            1 / 0              0 / 0        
[2026-06-26T13:48:33.381-0300][42.435s][13528][11004][info][gc,reloc    ] GC(14) y: Survivor 1         7M (0%)            4M (0%)           6 / 2              0 / 0              0 / 0        
[2026-06-26T13:48:33.381-0300][42.435s][13528][11004][info][gc,heap     ] GC(14) y: Min Capacity: 8M(0%)
[2026-06-26T13:48:33.381-0300][42.435s][13528][11004][info][gc,heap     ] GC(14) y: Max Capacity: 3072M(100%)
[2026-06-26T13:48:33.381-0300][42.435s][13528][11004][info][gc,heap     ] GC(14) y: Soft Max Capacity: 3072M(100%)
[2026-06-26T13:48:33.381-0300][42.435s][13528][11004][info][gc,heap     ] GC(14) y: Heap Statistics:
[2026-06-26T13:48:33.381-0300][42.435s][13528][11004][info][gc,heap     ] GC(14) y:                Mark Start          Mark End        Relocate Start      Relocate End           High               Low         
[2026-06-26T13:48:33.381-0300][42.435s][13528][11004][info][gc,heap     ] GC(14) y:  Capacity:     3072M (100%)       3072M (100%)       3072M (100%)       3072M (100%)       3072M (100%)       3072M (100%)   
[2026-06-26T13:48:33.381-0300][42.435s][13528][11004][info][gc,heap     ] GC(14) y:      Free:     1770M (58%)        1594M (52%)        1652M (54%)        2004M (65%)        2018M (66%)        1594M (52%)    
[2026-06-26T13:48:33.381-0300][42.435s][13528][11004][info][gc,heap     ] GC(14) y:      Used:     1302M (42%)        1478M (48%)        1420M (46%)        1068M (35%)        1478M (48%)        1054M (34%)    
[2026-06-26T13:48:33.381-0300][42.435s][13528][11004][info][gc,heap     ] GC(14) y: Young Generation Statistics:
[2026-06-26T13:48:33.381-0300][42.435s][13528][11004][info][gc,heap     ] GC(14) y:                Mark Start          Mark End        Relocate Start      Relocate End    
[2026-06-26T13:48:33.381-0300][42.435s][13528][11004][info][gc,heap     ] GC(14) y:      Used:      490M (16%)         666M (22%)         608M (20%)         256M (8%)     
[2026-06-26T13:48:33.381-0300][42.435s][13528][11004][info][gc,heap     ] GC(14) y:      Live:         -                15M (1%)           15M (1%)           15M (1%)     
[2026-06-26T13:48:33.381-0300][42.435s][13528][11004][info][gc,heap     ] GC(14) y:   Garbage:         -               474M (15%)         416M (14%)          32M (1%)     
[2026-06-26T13:48:33.381-0300][42.435s][13528][11004][info][gc,heap     ] GC(14) y: Allocated:         -               176M (6%)          176M (6%)          207M (7%)     
[2026-06-26T13:48:33.381-0300][42.435s][13528][11004][info][gc,heap     ] GC(14) y: Reclaimed:         -                  -                58M (2%)          441M (14%)    
[2026-06-26T13:48:33.381-0300][42.435s][13528][11004][info][gc,heap     ] GC(14) y:  Promoted:         -                  -                 0M (0%)            0M (0%)     
[2026-06-26T13:48:33.381-0300][42.435s][13528][11004][info][gc,heap     ] GC(14) y: Compacted:         -                  -                  -                 8M (0%)     
[2026-06-26T13:48:33.381-0300][42.435s][13528][11004][info][gc,phases   ] GC(14) y: Young Generation 1302M(42%)->1068M(35%) 0.039s
[2026-06-26T13:48:33.381-0300][42.435s][13528][11004][info][gc          ] GC(14) Minor Collection (Allocation Rate) 1302M(42%)->1068M(35%) 0.039s
[2026-06-26T13:48:33.381-0300][42.435s][13528][4880 ][info][gc,task     ] GC(10) O: Using 3 Workers for Old Generation
[2026-06-26T13:48:33.387-0300][42.441s][13528][4880 ][info][gc,task     ] GC(10) O: Using 1 Workers for Old Generation
[2026-06-26T13:48:33.388-0300][42.442s][13528][4880 ][info][gc,phases   ] GC(10) O: Concurrent Remap Roots 6.419ms
[2026-06-26T13:48:33.388-0300][42.442s][13528][11752][info][gc,phases   ] GC(10) O: Pause Relocate Start 0.015ms
[2026-06-26T13:48:33.388-0300][42.442s][13528][11004][info][gc          ] GC(15) Minor Collection (Allocation Rate)
[2026-06-26T13:48:33.388-0300][42.442s][13528][11004][info][gc,task     ] GC(15) Using 2 Workers for Young Generation
[2026-06-26T13:48:33.388-0300][42.442s][13528][11004][info][gc,phases   ] GC(15) y: Young Generation
[2026-06-26T13:48:33.388-0300][42.442s][13528][11752][info][gc,phases   ] GC(15) y: Pause Mark Start 0.007ms
[2026-06-26T13:48:33.401-0300][42.456s][13528][4880 ][info][gc,phases   ] GC(10) O: Concurrent Relocate 13.859ms
[2026-06-26T13:48:33.419-0300][42.474s][13528][11004][info][gc,phases   ] GC(15) y: Concurrent Mark 31.846ms
[2026-06-26T13:48:33.420-0300][42.474s][13528][11752][info][gc,phases   ] GC(15) y: Pause Mark End 0.030ms
[2026-06-26T13:48:33.420-0300][42.474s][13528][11004][info][gc,phases   ] GC(15) y: Concurrent Mark Free 0.005ms
[2026-06-26T13:48:33.420-0300][42.474s][13528][11004][info][gc,phases   ] GC(15) y: Concurrent Reset Relocation Set 0.014ms
[2026-06-26T13:48:33.420-0300][42.474s][13528][11004][info][gc,reloc    ] GC(15) y: Using tenuring threshold: 3 (Computed)
[2026-06-26T13:48:33.420-0300][42.474s][13528][11004][info][gc,phases   ] GC(15) y: Concurrent Select Relocation Set 0.339ms
[2026-06-26T13:48:33.420-0300][42.474s][13528][11752][info][gc,phases   ] GC(15) y: Pause Relocate Start 0.009ms
[2026-06-26T13:48:33.422-0300][42.477s][13528][11004][info][gc,phases   ] GC(15) y: Concurrent Relocate 2.302ms
[2026-06-26T13:48:33.423-0300][42.477s][13528][11004][info][gc,alloc    ] GC(15) y:                         Mark Start        Mark End      Relocate Start    Relocate End   
[2026-06-26T13:48:33.423-0300][42.477s][13528][11004][info][gc,alloc    ] GC(15) y: Allocation Stalls:          0                0                0                0         
[2026-06-26T13:48:33.423-0300][42.477s][13528][11004][info][gc,load     ] GC(15) y: Load: 0.00 (0%) / 0.00 (0%) / 0.00 (0%)
[2026-06-26T13:48:33.423-0300][42.477s][13528][11004][info][gc,mmu      ] GC(15) y: MMU: 2ms/59.3%, 5ms/83.7%, 10ms/91.7%, 20ms/95.7%, 50ms/98.3%, 100ms/99.1%
[2026-06-26T13:48:33.423-0300][42.477s][13528][11004][info][gc,marking  ] GC(15) y: Mark: 2 stripe(s), 2 proactive flush(es), 1 terminate flush(es), 0 completion(s), 0 continuation(s) 
[2026-06-26T13:48:33.423-0300][42.477s][13528][11004][info][gc,nmethod  ] GC(15) y: NMethods: 9471 registered, 0 unregistered
[2026-06-26T13:48:33.423-0300][42.477s][13528][11004][info][gc,metaspace] GC(15) y: Metaspace: 61M used, 62M committed, 1088M reserved
[2026-06-26T13:48:33.423-0300][42.477s][13528][11004][info][gc,reloc    ] GC(15) y:                        Candidates     Selected     In-Place         Size        Empty    Relocated 
[2026-06-26T13:48:33.423-0300][42.477s][13528][11004][info][gc,reloc    ] GC(15) y: Small Pages:                  108           85            0         216M          22M           2M 
[2026-06-26T13:48:33.423-0300][42.477s][13528][11004][info][gc,reloc    ] GC(15) y: Medium Pages:                   2            1            0          64M           0M           1M 
[2026-06-26T13:48:33.423-0300][42.477s][13528][11004][info][gc,reloc    ] GC(15) y: Large Pages:                    0            0            0           0M           0M           0M 
[2026-06-26T13:48:33.423-0300][42.477s][13528][11004][info][gc,reloc    ] GC(15) y: Forwarding Usage: 0M
[2026-06-26T13:48:33.423-0300][42.477s][13528][11004][info][gc,reloc    ] GC(15) y: Age Table:
[2026-06-26T13:48:33.423-0300][42.477s][13528][11004][info][gc,reloc    ] GC(15) y:                    Live             Garbage             Small              Medium             Large        
[2026-06-26T13:48:33.423-0300][42.477s][13528][11004][info][gc,reloc    ] GC(15) y: Eden               7M (0%)          216M (7%)          96 / 84             1 / 1              0 / 0        
[2026-06-26T13:48:33.423-0300][42.477s][13528][11004][info][gc,reloc    ] GC(15) y: Survivor 1         8M (0%)           37M (1%)           7 / 0              1 / 0              0 / 0        
[2026-06-26T13:48:33.423-0300][42.477s][13528][11004][info][gc,reloc    ] GC(15) y: Survivor 2         7M (0%)            2M (0%)           5 / 1              0 / 0              0 / 0        
[2026-06-26T13:48:33.423-0300][42.477s][13528][11004][info][gc,heap     ] GC(15) y: Min Capacity: 8M(0%)
[2026-06-26T13:48:33.423-0300][42.477s][13528][11004][info][gc,heap     ] GC(15) y: Max Capacity: 3072M(100%)
[2026-06-26T13:48:33.423-0300][42.477s][13528][11004][info][gc,heap     ] GC(15) y: Soft Max Capacity: 3072M(100%)
[2026-06-26T13:48:33.423-0300][42.477s][13528][11004][info][gc,heap     ] GC(15) y: Heap Statistics:
[2026-06-26T13:48:33.423-0300][42.477s][13528][11004][info][gc,heap     ] GC(15) y:                Mark Start          Mark End        Relocate Start      Relocate End           High               Low         
[2026-06-26T13:48:33.423-0300][42.477s][13528][11004][info][gc,heap     ] GC(15) y:  Capacity:     3072M (100%)       3072M (100%)       3072M (100%)       3072M (100%)       3072M (100%)       3072M (100%)   
[2026-06-26T13:48:33.423-0300][42.477s][13528][11004][info][gc,heap     ] GC(15) y:      Free:     1976M (64%)        1856M (60%)        1872M (61%)        1990M (65%)        1998M (65%)        1772M (58%)    
[2026-06-26T13:48:33.423-0300][42.477s][13528][11004][info][gc,heap     ] GC(15) y:      Used:     1096M (36%)        1216M (40%)        1200M (39%)        1082M (35%)        1300M (42%)        1074M (35%)    
[2026-06-26T13:48:33.423-0300][42.477s][13528][11004][info][gc,heap     ] GC(15) y: Young Generation Statistics:
[2026-06-26T13:48:33.423-0300][42.477s][13528][11004][info][gc,heap     ] GC(15) y:                Mark Start          Mark End        Relocate Start      Relocate End    
[2026-06-26T13:48:33.423-0300][42.477s][13528][11004][info][gc,heap     ] GC(15) y:      Used:      280M (9%)          412M (13%)         396M (13%)         278M (9%)     
[2026-06-26T13:48:33.423-0300][42.477s][13528][11004][info][gc,heap     ] GC(15) y:      Live:         -                22M (1%)           22M (1%)           22M (1%)     
[2026-06-26T13:48:33.423-0300][42.477s][13528][11004][info][gc,heap     ] GC(15) y:   Garbage:         -               257M (8%)          235M (8%)            2M (0%)     
[2026-06-26T13:48:33.423-0300][42.477s][13528][11004][info][gc,heap     ] GC(15) y: Allocated:         -               132M (4%)          138M (4%)          253M (8%)     
[2026-06-26T13:48:33.423-0300][42.477s][13528][11004][info][gc,heap     ] GC(15) y: Reclaimed:         -                  -                22M (1%)          255M (8%)     
[2026-06-26T13:48:33.423-0300][42.477s][13528][11004][info][gc,heap     ] GC(15) y:  Promoted:         -                  -                 0M (0%)            0M (0%)     
[2026-06-26T13:48:33.423-0300][42.477s][13528][11004][info][gc,heap     ] GC(15) y: Compacted:         -                  -                  -                 4M (0%)     
[2026-06-26T13:48:33.423-0300][42.477s][13528][11004][info][gc,phases   ] GC(15) y: Young Generation 1098M(36%)->1082M(35%) 0.035s
[2026-06-26T13:48:33.423-0300][42.477s][13528][11004][info][gc          ] GC(15) Minor Collection (Allocation Rate) 1092M(36%)->1082M(35%) 0.036s
[2026-06-26T13:48:33.423-0300][42.477s][13528][4880 ][info][gc,alloc    ] GC(10) O:                         Mark Start        Mark End      Relocate Start    Relocate End   
[2026-06-26T13:48:33.423-0300][42.477s][13528][4880 ][info][gc,alloc    ] GC(10) O: Allocation Stalls:          0                0                0                0         
[2026-06-26T13:48:33.423-0300][42.477s][13528][4880 ][info][gc,load     ] GC(10) O: Load: 0.00 (0%) / 0.00 (0%) / 0.00 (0%)
[2026-06-26T13:48:33.423-0300][42.477s][13528][4880 ][info][gc,mmu      ] GC(10) O: MMU: 2ms/59.3%, 5ms/83.7%, 10ms/91.7%, 20ms/95.7%, 50ms/98.3%, 100ms/99.1%
[2026-06-26T13:48:33.423-0300][42.477s][13528][4880 ][info][gc,marking  ] GC(10) O: Mark: 1 stripe(s), 2 proactive flush(es), 1 terminate flush(es), 0 completion(s), 0 continuation(s) 
[2026-06-26T13:48:33.423-0300][42.477s][13528][4880 ][info][gc,nmethod  ] GC(10) O: NMethods: 9471 registered, 0 unregistered
[2026-06-26T13:48:33.423-0300][42.477s][13528][4880 ][info][gc,metaspace] GC(10) O: Metaspace: 61M used, 62M committed, 1088M reserved
[2026-06-26T13:48:33.423-0300][42.477s][13528][4880 ][info][gc,ref      ] GC(10) O:                       Encountered   Discovered     Enqueued 
[2026-06-26T13:48:33.423-0300][42.477s][13528][4880 ][info][gc,ref      ] GC(10) O: Soft References:             5309            0            0 
[2026-06-26T13:48:33.423-0300][42.477s][13528][4880 ][info][gc,ref      ] GC(10) O: Weak References:             5673         1486            3 
[2026-06-26T13:48:33.423-0300][42.477s][13528][4880 ][info][gc,ref      ] GC(10) O: Final References:              20            0            0 
[2026-06-26T13:48:33.423-0300][42.478s][13528][4880 ][info][gc,ref      ] GC(10) O: Phantom References:         16161         4169            0 
[2026-06-26T13:48:33.423-0300][42.478s][13528][4880 ][info][gc,reloc    ] GC(10) O:                        Candidates     Selected     In-Place         Size        Empty    Relocated 
[2026-06-26T13:48:33.423-0300][42.478s][13528][4880 ][info][gc,reloc    ] GC(10) O: Small Pages:                  108            6            0         216M           0M           3M 
[2026-06-26T13:48:33.423-0300][42.478s][13528][4880 ][info][gc,reloc    ] GC(10) O: Medium Pages:                   1            0            0          16M           0M           0M 
[2026-06-26T13:48:33.423-0300][42.478s][13528][4880 ][info][gc,reloc    ] GC(10) O: Large Pages:                    1            0            0          12M           0M           0M 
[2026-06-26T13:48:33.423-0300][42.478s][13528][4880 ][info][gc,reloc    ] GC(10) O: Forwarding Usage: 3M
[2026-06-26T13:48:33.423-0300][42.478s][13528][4880 ][info][gc,heap     ] GC(10) O: Min Capacity: 8M(0%)
[2026-06-26T13:48:33.423-0300][42.478s][13528][4880 ][info][gc,heap     ] GC(10) O: Max Capacity: 3072M(100%)
[2026-06-26T13:48:33.423-0300][42.478s][13528][4880 ][info][gc,heap     ] GC(10) O: Soft Max Capacity: 3072M(100%)
[2026-06-26T13:48:33.423-0300][42.478s][13528][4880 ][info][gc,heap     ] GC(10) O: Heap Statistics:
[2026-06-26T13:48:33.423-0300][42.478s][13528][4880 ][info][gc,heap     ] GC(10) O:                Mark Start          Mark End        Relocate Start      Relocate End           High               Low         
[2026-06-26T13:48:33.423-0300][42.478s][13528][4880 ][info][gc,heap     ] GC(10) O:  Capacity:     2668M (87%)        3072M (100%)       3072M (100%)       3072M (100%)       3072M (100%)       2668M (87%)    
[2026-06-26T13:48:33.423-0300][42.478s][13528][4880 ][info][gc,heap     ] GC(10) O:      Free:      854M (28%)        1236M (40%)        1980M (64%)        1920M (62%)        2018M (66%)           0M (0%)     
[2026-06-26T13:48:33.423-0300][42.478s][13528][4880 ][info][gc,heap     ] GC(10) O:      Used:     2218M (72%)        1836M (60%)        1092M (36%)        1152M (38%)        3072M (100%)       1054M (34%)    
[2026-06-26T13:48:33.423-0300][42.478s][13528][4880 ][info][gc,heap     ] GC(10) O: Old Generation Statistics:
[2026-06-26T13:48:33.423-0300][42.478s][13528][4880 ][info][gc,heap     ] GC(10) O:                Mark Start          Mark End        Relocate Start      Relocate End    
[2026-06-26T13:48:33.423-0300][42.478s][13528][4880 ][info][gc,heap     ] GC(10) O:      Used:      244M (8%)          740M (24%)         812M (26%)         804M (26%)    
[2026-06-26T13:48:33.423-0300][42.478s][13528][4880 ][info][gc,heap     ] GC(10) O:      Live:         -               218M (7%)          218M (7%)          218M (7%)     
[2026-06-26T13:48:33.423-0300][42.478s][13528][4880 ][info][gc,heap     ] GC(10) O:   Garbage:         -                25M (1%)           25M (1%)           11M (0%)     
[2026-06-26T13:48:33.423-0300][42.478s][13528][4880 ][info][gc,heap     ] GC(10) O: Allocated:         -               496M (16%)         568M (18%)         573M (19%)    
[2026-06-26T13:48:33.423-0300][42.478s][13528][4880 ][info][gc,heap     ] GC(10) O: Reclaimed:         -                  -                 0M (0%)           13M (0%)     
[2026-06-26T13:48:33.423-0300][42.478s][13528][4880 ][info][gc,heap     ] GC(10) O: Compacted:         -                  -                  -                 8M (0%)     
[2026-06-26T13:48:33.423-0300][42.478s][13528][4880 ][info][gc,phases   ] GC(10) O: Old Generation 2498M(81%)->1152M(38%) 0.522s
[2026-06-26T13:48:33.423-0300][42.478s][13528][4880 ][info][gc          ] GC(10) Major Collection (Allocation Rate) 2216M(72%)->1082M(35%) 1.101s
[2026-06-26T13:48:33.498-0300][42.552s][13528][4880 ][info][gc          ] GC(16) Major Collection (Allocation Rate)
[2026-06-26T13:48:33.498-0300][42.552s][13528][4880 ][info][gc,task     ] GC(16) Using 3 Workers for Young Generation
[2026-06-26T13:48:33.498-0300][42.552s][13528][4880 ][info][gc,task     ] GC(16) Using 1 Workers for Old Generation
[2026-06-26T13:48:33.498-0300][42.552s][13528][4880 ][info][gc,phases   ] GC(16) Y: Young Generation
[2026-06-26T13:48:33.499-0300][42.552s][13528][11752][info][gc,phases   ] GC(16) Y: Pause Mark Start (Major) 0.019ms
[2026-06-26T13:48:33.536-0300][42.591s][13528][4880 ][info][gc,phases   ] GC(16) Y: Concurrent Mark 38.474ms
[2026-06-26T13:48:33.537-0300][42.591s][13528][11752][info][gc,phases   ] GC(16) Y: Pause Mark End 0.016ms
[2026-06-26T13:48:33.537-0300][42.591s][13528][4880 ][info][gc,phases   ] GC(16) Y: Concurrent Mark Free 0.009ms
[2026-06-26T13:48:33.537-0300][42.591s][13528][4880 ][info][gc,phases   ] GC(16) Y: Concurrent Reset Relocation Set 0.010ms
[2026-06-26T13:48:33.537-0300][42.591s][13528][4880 ][info][gc,reloc    ] GC(16) Y: Using tenuring threshold: 2 (Computed)
[2026-06-26T13:48:33.543-0300][42.597s][13528][4880 ][info][gc,phases   ] GC(16) Y: Concurrent Select Relocation Set 5.994ms
[2026-06-26T13:48:33.543-0300][42.597s][13528][11752][info][gc,phases   ] GC(16) Y: Pause Relocate Start 0.011ms
[2026-06-26T13:48:33.555-0300][42.609s][13528][4880 ][info][gc,phases   ] GC(16) Y: Concurrent Relocate 11.622ms
[2026-06-26T13:48:33.555-0300][42.609s][13528][4880 ][info][gc,alloc    ] GC(16) Y:                         Mark Start        Mark End      Relocate Start    Relocate End   
[2026-06-26T13:48:33.555-0300][42.609s][13528][4880 ][info][gc,alloc    ] GC(16) Y: Allocation Stalls:          0                0                0                0         
[2026-06-26T13:48:33.555-0300][42.609s][13528][4880 ][info][gc,load     ] GC(16) Y: Load: 0.00 (0%) / 0.00 (0%) / 0.00 (0%)
[2026-06-26T13:48:33.555-0300][42.609s][13528][4880 ][info][gc,mmu      ] GC(16) Y: MMU: 2ms/59.3%, 5ms/83.7%, 10ms/91.7%, 20ms/95.7%, 50ms/98.3%, 100ms/99.1%
[2026-06-26T13:48:33.555-0300][42.609s][13528][4880 ][info][gc,marking  ] GC(16) Y: Mark: 2 stripe(s), 2 proactive flush(es), 1 terminate flush(es), 0 completion(s), 0 continuation(s) 
[2026-06-26T13:48:33.555-0300][42.609s][13528][4880 ][info][gc,nmethod  ] GC(16) Y: NMethods: 9474 registered, 0 unregistered
[2026-06-26T13:48:33.555-0300][42.609s][13528][4880 ][info][gc,metaspace] GC(16) Y: Metaspace: 61M used, 62M committed, 1088M reserved
[2026-06-26T13:48:33.555-0300][42.609s][13528][4880 ][info][gc,reloc    ] GC(16) Y:                        Candidates     Selected     In-Place         Size        Empty    Relocated 
[2026-06-26T13:48:33.555-0300][42.609s][13528][4880 ][info][gc,reloc    ] GC(16) Y: Small Pages:                  245          193            0         490M          60M           6M 
[2026-06-26T13:48:33.555-0300][42.609s][13528][4880 ][info][gc,reloc    ] GC(16) Y: Medium Pages:                   4            3            0         128M           0M           3M 
[2026-06-26T13:48:33.555-0300][42.609s][13528][4880 ][info][gc,reloc    ] GC(16) Y: Large Pages:                    0            0            0           0M           0M           0M 
[2026-06-26T13:48:33.555-0300][42.609s][13528][4880 ][info][gc,reloc    ] GC(16) Y: Forwarding Usage: 3M
[2026-06-26T13:48:33.555-0300][42.609s][13528][4880 ][info][gc,reloc    ] GC(16) Y: Age Table:
[2026-06-26T13:48:33.555-0300][42.609s][13528][4880 ][info][gc,reloc    ] GC(16) Y:                    Live             Garbage             Small              Medium             Large        
[2026-06-26T13:48:33.555-0300][42.609s][13528][4880 ][info][gc,reloc    ] GC(16) Y: Eden              17M (1%)          472M (15%)        229 / 190            1 / 1              0 / 0        
[2026-06-26T13:48:33.555-0300][42.609s][13528][4880 ][info][gc,reloc    ] GC(16) Y: Survivor 1         6M (0%)           67M (2%)           5 / 1              2 / 2              0 / 0        
[2026-06-26T13:48:33.555-0300][42.609s][13528][4880 ][info][gc,reloc    ] GC(16) Y: Survivor 2         8M (0%)           35M (1%)           6 / 1              1 / 0              0 / 0        
[2026-06-26T13:48:33.555-0300][42.609s][13528][4880 ][info][gc,reloc    ] GC(16) Y: Survivor 3         7M (0%)            2M (0%)           5 / 1              0 / 0              0 / 0        
[2026-06-26T13:48:33.555-0300][42.609s][13528][4880 ][info][gc,heap     ] GC(16) Y: Min Capacity: 8M(0%)
[2026-06-26T13:48:33.555-0300][42.609s][13528][4880 ][info][gc,heap     ] GC(16) Y: Max Capacity: 3072M(100%)
[2026-06-26T13:48:33.555-0300][42.609s][13528][4880 ][info][gc,heap     ] GC(16) Y: Soft Max Capacity: 3072M(100%)
[2026-06-26T13:48:33.555-0300][42.609s][13528][4880 ][info][gc,heap     ] GC(16) Y: Heap Statistics:
[2026-06-26T13:48:33.555-0300][42.610s][13528][4880 ][info][gc,heap     ] GC(16) Y:                Mark Start          Mark End        Relocate Start      Relocate End           High               Low         
[2026-06-26T13:48:33.555-0300][42.610s][13528][4880 ][info][gc,heap     ] GC(16) Y:  Capacity:     3072M (100%)       3072M (100%)       3072M (100%)       3072M (100%)       3072M (100%)       3072M (100%)   
[2026-06-26T13:48:33.555-0300][42.610s][13528][4880 ][info][gc,heap     ] GC(16) Y:      Free:     1650M (54%)        1452M (47%)        1492M (49%)        1822M (59%)        1848M (60%)        1392M (45%)    
[2026-06-26T13:48:33.555-0300][42.610s][13528][4880 ][info][gc,heap     ] GC(16) Y:      Used:     1422M (46%)        1620M (53%)        1580M (51%)        1250M (41%)        1680M (55%)        1224M (40%)    
[2026-06-26T13:48:33.555-0300][42.610s][13528][4880 ][info][gc,heap     ] GC(16) Y: Young Generation Statistics:
[2026-06-26T13:48:33.555-0300][42.610s][13528][4880 ][info][gc,heap     ] GC(16) Y:                Mark Start          Mark End        Relocate Start      Relocate End    
[2026-06-26T13:48:33.555-0300][42.610s][13528][4880 ][info][gc,heap     ] GC(16) Y:      Used:      618M (20%)         816M (27%)         762M (25%)         392M (13%)    
[2026-06-26T13:48:33.555-0300][42.610s][13528][4880 ][info][gc,heap     ] GC(16) Y:      Live:         -                40M (1%)           26M (1%)           24M (1%)     
[2026-06-26T13:48:33.555-0300][42.610s][13528][4880 ][info][gc,heap     ] GC(16) Y:   Garbage:         -               577M (19%)         517M (17%)           5M (0%)     
[2026-06-26T13:48:33.555-0300][42.610s][13528][4880 ][info][gc,heap     ] GC(16) Y: Allocated:         -               198M (6%)          218M (7%)          362M (12%)    
[2026-06-26T13:48:33.555-0300][42.610s][13528][4880 ][info][gc,heap     ] GC(16) Y: Reclaimed:         -                  -                60M (2%)          572M (19%)    
[2026-06-26T13:48:33.555-0300][42.610s][13528][4880 ][info][gc,heap     ] GC(16) Y:  Promoted:         -                  -                13M (0%)           15M (1%)     
[2026-06-26T13:48:33.556-0300][42.610s][13528][4880 ][info][gc,heap     ] GC(16) Y: Compacted:         -                  -                  -                11M (0%)     
[2026-06-26T13:48:33.556-0300][42.610s][13528][4880 ][info][gc,phases   ] GC(16) Y: Young Generation 1420M(46%)->1250M(41%) 0.057s
[2026-06-26T13:48:33.556-0300][42.610s][13528][4880 ][info][gc,phases   ] GC(16) O: Old Generation
[2026-06-26T13:48:33.595-0300][42.649s][13528][11004][info][gc          ] GC(17) Minor Collection (Allocation Rate)
[2026-06-26T13:48:33.595-0300][42.649s][13528][11004][info][gc,task     ] GC(17) Using 2 Workers for Young Generation
[2026-06-26T13:48:33.595-0300][42.650s][13528][11004][info][gc,phases   ] GC(17) y: Young Generation
[2026-06-26T13:48:33.595-0300][42.650s][13528][11752][info][gc,phases   ] GC(17) y: Pause Mark Start 0.009ms
[2026-06-26T13:48:33.647-0300][42.702s][13528][11004][info][gc,phases   ] GC(17) y: Concurrent Mark 51.826ms
[2026-06-26T13:48:33.648-0300][42.702s][13528][11752][info][gc,phases   ] GC(17) y: Pause Mark End 0.016ms
[2026-06-26T13:48:33.648-0300][42.702s][13528][11004][info][gc,phases   ] GC(17) y: Concurrent Mark Free 0.010ms
[2026-06-26T13:48:33.648-0300][42.702s][13528][11004][info][gc,phases   ] GC(17) y: Concurrent Reset Relocation Set 0.049ms
[2026-06-26T13:48:33.648-0300][42.702s][13528][11004][info][gc,reloc    ] GC(17) y: Using tenuring threshold: 2 (Computed)
[2026-06-26T13:48:33.652-0300][42.706s][13528][11004][info][gc,phases   ] GC(17) y: Concurrent Select Relocation Set 4.304ms
[2026-06-26T13:48:33.652-0300][42.706s][13528][11752][info][gc,phases   ] GC(17) y: Pause Relocate Start 0.043ms
[2026-06-26T13:48:33.664-0300][42.718s][13528][11004][info][gc,phases   ] GC(17) y: Concurrent Relocate 11.899ms
[2026-06-26T13:48:33.664-0300][42.718s][13528][11004][info][gc,alloc    ] GC(17) y:                         Mark Start        Mark End      Relocate Start    Relocate End   
[2026-06-26T13:48:33.665-0300][42.718s][13528][11004][info][gc,alloc    ] GC(17) y: Allocation Stalls:          0                0                0                0         
[2026-06-26T13:48:33.665-0300][42.718s][13528][11004][info][gc,load     ] GC(17) y: Load: 0.00 (0%) / 0.00 (0%) / 0.00 (0%)
[2026-06-26T13:48:33.665-0300][42.718s][13528][11004][info][gc,mmu      ] GC(17) y: MMU: 2ms/59.3%, 5ms/83.7%, 10ms/91.7%, 20ms/95.7%, 50ms/98.3%, 100ms/99.1%
[2026-06-26T13:48:33.665-0300][42.718s][13528][11004][info][gc,marking  ] GC(17) y: Mark: 2 stripe(s), 2 proactive flush(es), 1 terminate flush(es), 0 completion(s), 0 continuation(s) 
[2026-06-26T13:48:33.665-0300][42.718s][13528][11004][info][gc,nmethod  ] GC(17) y: NMethods: 9476 registered, 0 unregistered
[2026-06-26T13:48:33.665-0300][42.718s][13528][11004][info][gc,metaspace] GC(17) y: Metaspace: 61M used, 62M committed, 1088M reserved
[2026-06-26T13:48:33.665-0300][42.718s][13528][11004][info][gc,reloc    ] GC(17) y:                        Candidates     Selected     In-Place         Size        Empty    Relocated 
[2026-06-26T13:48:33.665-0300][42.718s][13528][11004][info][gc,reloc    ] GC(17) y: Small Pages:                  239          190            0         478M          56M           9M 
[2026-06-26T13:48:33.665-0300][42.718s][13528][11004][info][gc,reloc    ] GC(17) y: Medium Pages:                   4            3            0         128M           0M           3M 
[2026-06-26T13:48:33.665-0300][42.719s][13528][11004][info][gc,reloc    ] GC(17) y: Large Pages:                    0            0            0           0M           0M           0M 
[2026-06-26T13:48:33.665-0300][42.719s][13528][11004][info][gc,reloc    ] GC(17) y: Forwarding Usage: 4M
[2026-06-26T13:48:33.665-0300][42.719s][13528][11004][info][gc,reloc    ] GC(17) y: Age Table:
[2026-06-26T13:48:33.665-0300][42.719s][13528][11004][info][gc,reloc    ] GC(17) y:                    Live             Garbage             Small              Medium             Large        
[2026-06-26T13:48:33.665-0300][42.719s][13528][11004][info][gc,reloc    ] GC(17) y: Eden              12M (0%)          457M (15%)        219 / 184            1 / 1              0 / 0        
[2026-06-26T13:48:33.665-0300][42.719s][13528][11004][info][gc,reloc    ] GC(17) y: Survivor 1        17M (1%)           42M (1%)          14 / 4              1 / 1              0 / 0        
[2026-06-26T13:48:33.665-0300][42.719s][13528][11004][info][gc,reloc    ] GC(17) y: Survivor 2         6M (0%)           69M (2%)           6 / 2              2 / 1              0 / 0        
[2026-06-26T13:48:33.665-0300][42.719s][13528][11004][info][gc,heap     ] GC(17) y: Min Capacity: 8M(0%)
[2026-06-26T13:48:33.665-0300][42.719s][13528][11004][info][gc,heap     ] GC(17) y: Max Capacity: 3072M(100%)
[2026-06-26T13:48:33.665-0300][42.719s][13528][11004][info][gc,heap     ] GC(17) y: Soft Max Capacity: 3072M(100%)
[2026-06-26T13:48:33.665-0300][42.719s][13528][11004][info][gc,heap     ] GC(17) y: Heap Statistics:
[2026-06-26T13:48:33.665-0300][42.719s][13528][11004][info][gc,heap     ] GC(17) y:                Mark Start          Mark End        Relocate Start      Relocate End           High               Low         
[2026-06-26T13:48:33.665-0300][42.719s][13528][11004][info][gc,heap     ] GC(17) y:  Capacity:     3072M (100%)       3072M (100%)       3072M (100%)       3072M (100%)       3072M (100%)       3072M (100%)   
[2026-06-26T13:48:33.665-0300][42.719s][13528][11004][info][gc,heap     ] GC(17) y:      Free:     1608M (52%)        1254M (41%)        1298M (42%)        1654M (54%)        1662M (54%)        1168M (38%)    
[2026-06-26T13:48:33.665-0300][42.719s][13528][11004][info][gc,heap     ] GC(17) y:      Used:     1464M (48%)        1818M (59%)        1774M (58%)        1418M (46%)        1904M (62%)        1410M (46%)    
[2026-06-26T13:48:33.665-0300][42.719s][13528][11004][info][gc,heap     ] GC(17) y: Young Generation Statistics:
[2026-06-26T13:48:33.665-0300][42.719s][13528][11004][info][gc,heap     ] GC(17) y:                Mark Start          Mark End        Relocate Start      Relocate End    
[2026-06-26T13:48:33.665-0300][42.719s][13528][11004][info][gc,heap     ] GC(17) y:      Used:      606M (20%)         960M (31%)         912M (30%)         520M (17%)    
[2026-06-26T13:48:33.665-0300][42.719s][13528][11004][info][gc,heap     ] GC(17) y:      Live:         -                37M (1%)           33M (1%)           30M (1%)     
[2026-06-26T13:48:33.665-0300][42.719s][13528][11004][info][gc,heap     ] GC(17) y:   Garbage:         -               568M (19%)         512M (17%)           5M (0%)     
[2026-06-26T13:48:33.665-0300][42.719s][13528][11004][info][gc,heap     ] GC(17) y: Allocated:         -               354M (12%)         366M (12%)         484M (16%)    
[2026-06-26T13:48:33.665-0300][42.719s][13528][11004][info][gc,heap     ] GC(17) y: Reclaimed:         -                  -                56M (2%)          563M (18%)    
[2026-06-26T13:48:33.665-0300][42.719s][13528][11004][info][gc,heap     ] GC(17) y:  Promoted:         -                  -                 3M (0%)            6M (0%)     
[2026-06-26T13:48:33.665-0300][42.719s][13528][11004][info][gc,heap     ] GC(17) y: Compacted:         -                  -                  -                13M (0%)     
[2026-06-26T13:48:33.665-0300][42.719s][13528][11004][info][gc,phases   ] GC(17) y: Young Generation 1462M(48%)->1418M(46%) 0.069s
[2026-06-26T13:48:33.665-0300][42.719s][13528][11004][info][gc          ] GC(17) Minor Collection (Allocation Rate) 1462M(48%)->1422M(46%) 0.069s
[2026-06-26T13:48:33.761-0300][42.815s][13528][11004][info][gc          ] GC(18) Minor Collection (Allocation Rate)
[2026-06-26T13:48:33.761-0300][42.815s][13528][11004][info][gc,task     ] GC(18) Using 2 Workers for Young Generation
[2026-06-26T13:48:33.762-0300][42.815s][13528][11004][info][gc,phases   ] GC(18) y: Young Generation
[2026-06-26T13:48:33.762-0300][42.816s][13528][11752][info][gc,phases   ] GC(18) y: Pause Mark Start 0.010ms
[2026-06-26T13:48:33.835-0300][42.889s][13528][11004][info][gc,phases   ] GC(18) y: Concurrent Mark 73.078ms
[2026-06-26T13:48:33.835-0300][42.889s][13528][11752][info][gc,phases   ] GC(18) y: Pause Mark End 0.018ms
[2026-06-26T13:48:33.835-0300][42.889s][13528][11004][info][gc,phases   ] GC(18) y: Concurrent Mark Free 0.008ms
[2026-06-26T13:48:33.835-0300][42.889s][13528][11004][info][gc,phases   ] GC(18) y: Concurrent Reset Relocation Set 0.023ms
[2026-06-26T13:48:33.835-0300][42.889s][13528][11004][info][gc,reloc    ] GC(18) y: Using tenuring threshold: 2 (Computed)
[2026-06-26T13:48:33.841-0300][42.895s][13528][11004][info][gc,phases   ] GC(18) y: Concurrent Select Relocation Set 6.516ms
[2026-06-26T13:48:33.841-0300][42.896s][13528][11752][info][gc,phases   ] GC(18) y: Pause Relocate Start 0.013ms
[2026-06-26T13:48:33.861-0300][42.915s][13528][11004][info][gc,phases   ] GC(18) y: Concurrent Relocate 18.879ms
[2026-06-26T13:48:33.861-0300][42.915s][13528][11004][info][gc,alloc    ] GC(18) y:                         Mark Start        Mark End      Relocate Start    Relocate End   
[2026-06-26T13:48:33.861-0300][42.915s][13528][11004][info][gc,alloc    ] GC(18) y: Allocation Stalls:          0                0                0                0         
[2026-06-26T13:48:33.861-0300][42.915s][13528][11004][info][gc,load     ] GC(18) y: Load: 0.00 (0%) / 0.00 (0%) / 0.00 (0%)
[2026-06-26T13:48:33.861-0300][42.915s][13528][11004][info][gc,mmu      ] GC(18) y: MMU: 2ms/59.3%, 5ms/83.7%, 10ms/91.7%, 20ms/95.7%, 50ms/98.3%, 100ms/99.1%
[2026-06-26T13:48:33.861-0300][42.915s][13528][11004][info][gc,marking  ] GC(18) y: Mark: 2 stripe(s), 2 proactive flush(es), 1 terminate flush(es), 0 completion(s), 0 continuation(s) 
[2026-06-26T13:48:33.861-0300][42.915s][13528][11004][info][gc,nmethod  ] GC(18) y: NMethods: 9497 registered, 0 unregistered
[2026-06-26T13:48:33.861-0300][42.915s][13528][11004][info][gc,metaspace] GC(18) y: Metaspace: 61M used, 62M committed, 1088M reserved
[2026-06-26T13:48:33.861-0300][42.915s][13528][11004][info][gc,reloc    ] GC(18) y:                        Candidates     Selected     In-Place         Size        Empty    Relocated 
[2026-06-26T13:48:33.861-0300][42.915s][13528][11004][info][gc,reloc    ] GC(18) y: Small Pages:                  414          332            0         828M         104M           8M 
[2026-06-26T13:48:33.861-0300][42.915s][13528][11004][info][gc,reloc    ] GC(18) y: Medium Pages:                   3            2            0          96M           0M           6M 
[2026-06-26T13:48:33.861-0300][42.915s][13528][11004][info][gc,reloc    ] GC(18) y: Large Pages:                    0            0            0           0M           0M           0M 
[2026-06-26T13:48:33.861-0300][42.915s][13528][11004][info][gc,reloc    ] GC(18) y: Forwarding Usage: 3M
[2026-06-26T13:48:33.861-0300][42.915s][13528][11004][info][gc,reloc    ] GC(18) y: Age Table:
[2026-06-26T13:48:33.861-0300][42.915s][13528][11004][info][gc,reloc    ] GC(18) y:                    Live             Garbage             Small              Medium             Large        
[2026-06-26T13:48:33.861-0300][42.915s][13528][11004][info][gc,reloc    ] GC(18) y: Eden              24M (1%)          787M (26%)        390 / 326            1 / 1              0 / 0        
[2026-06-26T13:48:33.861-0300][42.915s][13528][11004][info][gc,reloc    ] GC(18) y: Survivor 1        12M (0%)           41M (1%)          11 / 4              1 / 0              0 / 0        
[2026-06-26T13:48:33.861-0300][42.915s][13528][11004][info][gc,reloc    ] GC(18) y: Survivor 2        17M (1%)           40M (1%)          13 / 2              1 / 1              0 / 0        
[2026-06-26T13:48:33.861-0300][42.915s][13528][11004][info][gc,heap     ] GC(18) y: Min Capacity: 8M(0%)
[2026-06-26T13:48:33.861-0300][42.915s][13528][11004][info][gc,heap     ] GC(18) y: Max Capacity: 3072M(100%)
[2026-06-26T13:48:33.861-0300][42.915s][13528][11004][info][gc,heap     ] GC(18) y: Soft Max Capacity: 3072M(100%)
[2026-06-26T13:48:33.861-0300][42.915s][13528][11004][info][gc,heap     ] GC(18) y: Heap Statistics:
[2026-06-26T13:48:33.861-0300][42.915s][13528][11004][info][gc,heap     ] GC(18) y:                Mark Start          Mark End        Relocate Start      Relocate End           High               Low         
[2026-06-26T13:48:33.861-0300][42.915s][13528][11004][info][gc,heap     ] GC(18) y:  Capacity:     3072M (100%)       3072M (100%)       3072M (100%)       3072M (100%)       3072M (100%)       3072M (100%)   
[2026-06-26T13:48:33.861-0300][42.915s][13528][11004][info][gc,heap     ] GC(18) y:      Free:     1250M (41%)         974M (32%)        1056M (34%)        1638M (53%)        1678M (55%)         972M (32%)    
[2026-06-26T13:48:33.861-0300][42.915s][13528][11004][info][gc,heap     ] GC(18) y:      Used:     1822M (59%)        2098M (68%)        2016M (66%)        1434M (47%)        2100M (68%)        1394M (45%)    
[2026-06-26T13:48:33.861-0300][42.915s][13528][11004][info][gc,heap     ] GC(18) y: Young Generation Statistics:
[2026-06-26T13:48:33.861-0300][42.915s][13528][11004][info][gc,heap     ] GC(18) y:                Mark Start          Mark End        Relocate Start      Relocate End    
[2026-06-26T13:48:33.861-0300][42.915s][13528][11004][info][gc,heap     ] GC(18) y:      Used:      924M (30%)        1200M (39%)        1098M (36%)         480M (16%)    
[2026-06-26T13:48:33.861-0300][42.915s][13528][11004][info][gc,heap     ] GC(18) y:      Live:         -                54M (2%)           39M (1%)           37M (1%)     
[2026-06-26T13:48:33.861-0300][42.915s][13528][11004][info][gc,heap     ] GC(18) y:   Garbage:         -               869M (28%)         760M (25%)           5M (0%)     
[2026-06-26T13:48:33.861-0300][42.915s][13528][11004][info][gc,heap     ] GC(18) y: Allocated:         -               276M (9%)          298M (10%)         437M (14%)    
[2026-06-26T13:48:33.861-0300][42.915s][13528][11004][info][gc,heap     ] GC(18) y: Reclaimed:         -                  -               109M (4%)          863M (28%)    
[2026-06-26T13:48:33.861-0300][42.915s][13528][11004][info][gc,heap     ] GC(18) y:  Promoted:         -                  -                14M (0%)           17M (1%)     
[2026-06-26T13:48:33.861-0300][42.915s][13528][11004][info][gc,heap     ] GC(18) y: Compacted:         -                  -                  -                16M (1%)     
[2026-06-26T13:48:33.861-0300][42.915s][13528][11004][info][gc,phases   ] GC(18) y: Young Generation 1822M(59%)->1434M(47%) 0.099s
[2026-06-26T13:48:33.861-0300][42.915s][13528][11004][info][gc          ] GC(18) Minor Collection (Allocation Rate) 1822M(59%)->1436M(47%) 0.100s
[2026-06-26T13:48:33.934-0300][42.988s][13528][11004][info][gc          ] GC(19) Minor Collection (Allocation Rate)
[2026-06-26T13:48:33.934-0300][42.988s][13528][11004][info][gc,task     ] GC(19) Using 2 Workers for Young Generation
[2026-06-26T13:48:33.934-0300][42.988s][13528][11004][info][gc,phases   ] GC(19) y: Young Generation
[2026-06-26T13:48:33.934-0300][42.988s][13528][11752][info][gc,phases   ] GC(19) y: Pause Mark Start 0.016ms
[2026-06-26T13:48:33.993-0300][43.047s][13528][11004][info][gc,phases   ] GC(19) y: Concurrent Mark 58.549ms
[2026-06-26T13:48:33.993-0300][43.047s][13528][11752][info][gc,phases   ] GC(19) y: Pause Mark End 0.019ms
[2026-06-26T13:48:33.993-0300][43.047s][13528][11004][info][gc,phases   ] GC(19) y: Concurrent Mark Free 0.007ms
[2026-06-26T13:48:33.993-0300][43.047s][13528][11004][info][gc,phases   ] GC(19) y: Concurrent Reset Relocation Set 0.068ms
[2026-06-26T13:48:33.994-0300][43.047s][13528][11004][info][gc,reloc    ] GC(19) y: Using tenuring threshold: 1 (Computed)
[2026-06-26T13:48:34.006-0300][43.060s][13528][11004][info][gc,phases   ] GC(19) y: Concurrent Select Relocation Set 12.883ms
[2026-06-26T13:48:34.006-0300][43.061s][13528][11752][info][gc,phases   ] GC(19) y: Pause Relocate Start 0.015ms
[2026-06-26T13:48:34.034-0300][43.089s][13528][11004][info][gc,phases   ] GC(19) y: Concurrent Relocate 27.632ms
[2026-06-26T13:48:34.035-0300][43.089s][13528][11004][info][gc,alloc    ] GC(19) y:                         Mark Start        Mark End      Relocate Start    Relocate End   
[2026-06-26T13:48:34.035-0300][43.089s][13528][11004][info][gc,alloc    ] GC(19) y: Allocation Stalls:          0                0                0                0         
[2026-06-26T13:48:34.035-0300][43.089s][13528][11004][info][gc,load     ] GC(19) y: Load: 0.00 (0%) / 0.00 (0%) / 0.00 (0%)
[2026-06-26T13:48:34.035-0300][43.089s][13528][11004][info][gc,mmu      ] GC(19) y: MMU: 2ms/59.3%, 5ms/83.7%, 10ms/91.7%, 20ms/95.7%, 50ms/98.3%, 100ms/99.1%
[2026-06-26T13:48:34.035-0300][43.089s][13528][11004][info][gc,marking  ] GC(19) y: Mark: 2 stripe(s), 2 proactive flush(es), 1 terminate flush(es), 0 completion(s), 0 continuation(s) 
[2026-06-26T13:48:34.035-0300][43.089s][13528][11004][info][gc,nmethod  ] GC(19) y: NMethods: 9607 registered, 0 unregistered
[2026-06-26T13:48:34.035-0300][43.089s][13528][11004][info][gc,metaspace] GC(19) y: Metaspace: 61M used, 62M committed, 1088M reserved
[2026-06-26T13:48:34.035-0300][43.089s][13528][11004][info][gc,reloc    ] GC(19) y:                        Candidates     Selected     In-Place         Size        Empty    Relocated 
[2026-06-26T13:48:34.035-0300][43.089s][13528][11004][info][gc,reloc    ] GC(19) y: Small Pages:                  368          298            0         736M          92M           8M 
[2026-06-26T13:48:34.035-0300][43.089s][13528][11004][info][gc,reloc    ] GC(19) y: Medium Pages:                   2            1            0          64M           0M           5M 
[2026-06-26T13:48:34.035-0300][43.089s][13528][11004][info][gc,reloc    ] GC(19) y: Large Pages:                    0            0            0           0M           0M           0M 
[2026-06-26T13:48:34.035-0300][43.089s][13528][11004][info][gc,reloc    ] GC(19) y: Forwarding Usage: 2M
[2026-06-26T13:48:34.035-0300][43.089s][13528][11004][info][gc,reloc    ] GC(19) y: Age Table:
[2026-06-26T13:48:34.035-0300][43.089s][13528][11004][info][gc,reloc    ] GC(19) y:                    Live             Garbage             Small              Medium             Large        
[2026-06-26T13:48:34.035-0300][43.089s][13528][11004][info][gc,reloc    ] GC(19) y: Eden               8M (0%)          677M (22%)        343 / 291            0 / 0              0 / 0        
[2026-06-26T13:48:34.035-0300][43.089s][13528][11004][info][gc,reloc    ] GC(19) y: Survivor 1        24M (1%)           37M (1%)          15 / 3              1 / 1              0 / 0        
[2026-06-26T13:48:34.035-0300][43.089s][13528][11004][info][gc,reloc    ] GC(19) y: Survivor 2        12M (0%)           39M (1%)          10 / 4              1 / 0              0 / 0        
[2026-06-26T13:48:34.035-0300][43.089s][13528][11004][info][gc,heap     ] GC(19) y: Min Capacity: 8M(0%)
[2026-06-26T13:48:34.035-0300][43.089s][13528][11004][info][gc,heap     ] GC(19) y: Max Capacity: 3072M(100%)
[2026-06-26T13:48:34.035-0300][43.089s][13528][11004][info][gc,heap     ] GC(19) y: Soft Max Capacity: 3072M(100%)
[2026-06-26T13:48:34.035-0300][43.089s][13528][11004][info][gc,heap     ] GC(19) y: Heap Statistics:
[2026-06-26T13:48:34.035-0300][43.089s][13528][11004][info][gc,heap     ] GC(19) y:                Mark Start          Mark End        Relocate Start      Relocate End           High               Low         
[2026-06-26T13:48:34.035-0300][43.089s][13528][11004][info][gc,heap     ] GC(19) y:  Capacity:     3072M (100%)       3072M (100%)       3072M (100%)       3072M (100%)       3072M (100%)       3072M (100%)   
[2026-06-26T13:48:34.035-0300][43.089s][13528][11004][info][gc,heap     ] GC(19) y:      Free:     1318M (43%)        1042M (34%)        1080M (35%)        1544M (50%)        1622M (53%)        1004M (33%)    
[2026-06-26T13:48:34.035-0300][43.089s][13528][11004][info][gc,heap     ] GC(19) y:      Used:     1754M (57%)        2030M (66%)        1992M (65%)        1528M (50%)        2068M (67%)        1450M (47%)    
[2026-06-26T13:48:34.035-0300][43.089s][13528][11004][info][gc,heap     ] GC(19) y: Young Generation Statistics:
[2026-06-26T13:48:34.035-0300][43.089s][13528][11004][info][gc,heap     ] GC(19) y:                Mark Start          Mark End        Relocate Start      Relocate End    
[2026-06-26T13:48:34.035-0300][43.089s][13528][11004][info][gc,heap     ] GC(19) y:      Used:      800M (26%)        1076M (35%)        1002M (33%)         468M (15%)    
[2026-06-26T13:48:34.035-0300][43.089s][13528][11004][info][gc,heap     ] GC(19) y:      Live:         -                44M (1%)           15M (1%)            8M (0%)     
[2026-06-26T13:48:34.035-0300][43.089s][13528][11004][info][gc,heap     ] GC(19) y:   Garbage:         -               755M (25%)         656M (21%)           1M (0%)     
[2026-06-26T13:48:34.035-0300][43.089s][13528][11004][info][gc,heap     ] GC(19) y: Allocated:         -               276M (9%)          330M (11%)         458M (15%)    
[2026-06-26T13:48:34.035-0300][43.089s][13528][11004][info][gc,heap     ] GC(19) y: Reclaimed:         -                  -                98M (3%)          753M (25%)    
[2026-06-26T13:48:34.035-0300][43.089s][13528][11004][info][gc,heap     ] GC(19) y:  Promoted:         -                  -                29M (1%)           36M (1%)     
[2026-06-26T13:48:34.035-0300][43.089s][13528][11004][info][gc,heap     ] GC(19) y: Compacted:         -                  -                  -                 7M (0%)     
[2026-06-26T13:48:34.035-0300][43.089s][13528][11004][info][gc,phases   ] GC(19) y: Young Generation 1754M(57%)->1528M(50%) 0.100s
[2026-06-26T13:48:34.035-0300][43.089s][13528][11004][info][gc          ] GC(19) Minor Collection (Allocation Rate) 1754M(57%)->1534M(50%) 0.101s
[2026-06-26T13:48:34.149-0300][43.204s][13528][11004][info][gc          ] GC(20) Minor Collection (Allocation Rate)
[2026-06-26T13:48:34.149-0300][43.204s][13528][11004][info][gc,task     ] GC(20) Using 2 Workers for Young Generation
[2026-06-26T13:48:34.149-0300][43.204s][13528][11004][info][gc,phases   ] GC(20) y: Young Generation
[2026-06-26T13:48:34.149-0300][43.204s][13528][11752][info][gc,phases   ] GC(20) y: Pause Mark Start 0.011ms
[2026-06-26T13:48:34.181-0300][43.236s][13528][11004][info][gc,phases   ] GC(20) y: Concurrent Mark 31.562ms
[2026-06-26T13:48:34.181-0300][43.236s][13528][11752][info][gc,phases   ] GC(20) y: Pause Mark End 0.018ms
[2026-06-26T13:48:34.181-0300][43.236s][13528][11004][info][gc,phases   ] GC(20) y: Concurrent Mark Free 0.002ms
[2026-06-26T13:48:34.181-0300][43.236s][13528][11004][info][gc,phases   ] GC(20) y: Concurrent Reset Relocation Set 0.064ms
[2026-06-26T13:48:34.181-0300][43.236s][13528][11004][info][gc,reloc    ] GC(20) y: Using tenuring threshold: 2 (Computed)
[2026-06-26T13:48:34.181-0300][43.236s][13528][11004][info][gc,phases   ] GC(20) y: Concurrent Select Relocation Set 0.447ms
[2026-06-26T13:48:34.181-0300][43.236s][13528][11752][info][gc,phases   ] GC(20) y: Pause Relocate Start 0.011ms
[2026-06-26T13:48:34.186-0300][43.241s][13528][11004][info][gc,phases   ] GC(20) y: Concurrent Relocate 4.510ms
[2026-06-26T13:48:34.187-0300][43.241s][13528][11004][info][gc,alloc    ] GC(20) y:                         Mark Start        Mark End      Relocate Start    Relocate End   
[2026-06-26T13:48:34.187-0300][43.241s][13528][11004][info][gc,alloc    ] GC(20) y: Allocation Stalls:          0                0                0                0         
[2026-06-26T13:48:34.187-0300][43.241s][13528][11004][info][gc,load     ] GC(20) y: Load: 0.00 (0%) / 0.00 (0%) / 0.00 (0%)
[2026-06-26T13:48:34.187-0300][43.241s][13528][11004][info][gc,mmu      ] GC(20) y: MMU: 2ms/59.3%, 5ms/83.7%, 10ms/91.7%, 20ms/95.7%, 50ms/98.3%, 100ms/99.1%
[2026-06-26T13:48:34.187-0300][43.241s][13528][11004][info][gc,marking  ] GC(20) y: Mark: 2 stripe(s), 2 proactive flush(es), 1 terminate flush(es), 0 completion(s), 0 continuation(s) 
[2026-06-26T13:48:34.187-0300][43.241s][13528][11004][info][gc,nmethod  ] GC(20) y: NMethods: 9637 registered, 0 unregistered
[2026-06-26T13:48:34.187-0300][43.241s][13528][11004][info][gc,metaspace] GC(20) y: Metaspace: 61M used, 62M committed, 1088M reserved
[2026-06-26T13:48:34.187-0300][43.241s][13528][11004][info][gc,reloc    ] GC(20) y:                        Candidates     Selected     In-Place         Size        Empty    Relocated 
[2026-06-26T13:48:34.187-0300][43.241s][13528][11004][info][gc,reloc    ] GC(20) y: Small Pages:                  487          425            0         974M         106M           8M 
[2026-06-26T13:48:34.187-0300][43.241s][13528][11004][info][gc,reloc    ] GC(20) y: Medium Pages:                   0            0            0           0M           0M           0M 
[2026-06-26T13:48:34.187-0300][43.241s][13528][11004][info][gc,reloc    ] GC(20) y: Large Pages:                    0            0            0           0M           0M           0M 
[2026-06-26T13:48:34.187-0300][43.241s][13528][11004][info][gc,reloc    ] GC(20) y: Forwarding Usage: 1M
[2026-06-26T13:48:34.187-0300][43.241s][13528][11004][info][gc,reloc    ] GC(20) y: Age Table:
[2026-06-26T13:48:34.187-0300][43.241s][13528][11004][info][gc,reloc    ] GC(20) y:                    Live             Garbage             Small              Medium             Large        
[2026-06-26T13:48:34.187-0300][43.241s][13528][11004][info][gc,reloc    ] GC(20) y: Eden               7M (0%)          952M (31%)        480 / 422            0 / 0              0 / 0        
[2026-06-26T13:48:34.187-0300][43.241s][13528][11004][info][gc,reloc    ] GC(20) y: Survivor 1         7M (0%)            6M (0%)           7 / 3              0 / 0              0 / 0        
[2026-06-26T13:48:34.187-0300][43.241s][13528][11004][info][gc,heap     ] GC(20) y: Min Capacity: 8M(0%)
[2026-06-26T13:48:34.187-0300][43.241s][13528][11004][info][gc,heap     ] GC(20) y: Max Capacity: 3072M(100%)
[2026-06-26T13:48:34.187-0300][43.241s][13528][11004][info][gc,heap     ] GC(20) y: Soft Max Capacity: 3072M(100%)
[2026-06-26T13:48:34.187-0300][43.241s][13528][11004][info][gc,heap     ] GC(20) y: Heap Statistics:
[2026-06-26T13:48:34.187-0300][43.241s][13528][11004][info][gc,heap     ] GC(20) y:                Mark Start          Mark End        Relocate Start      Relocate End           High               Low         
[2026-06-26T13:48:34.187-0300][43.241s][13528][11004][info][gc,heap     ] GC(20) y:  Capacity:     3072M (100%)       3072M (100%)       3072M (100%)       3072M (100%)       3072M (100%)       3072M (100%)   
[2026-06-26T13:48:34.187-0300][43.241s][13528][11004][info][gc,heap     ] GC(20) y:      Free:     1038M (34%)         900M (29%)        1002M (33%)        1824M (59%)        1828M (60%)         898M (29%)    
[2026-06-26T13:48:34.187-0300][43.241s][13528][11004][info][gc,heap     ] GC(20) y:      Used:     2034M (66%)        2172M (71%)        2070M (67%)        1248M (41%)        2174M (71%)        1244M (40%)    
[2026-06-26T13:48:34.187-0300][43.241s][13528][11004][info][gc,heap     ] GC(20) y: Young Generation Statistics:
[2026-06-26T13:48:34.187-0300][43.241s][13528][11004][info][gc,heap     ] GC(20) y:                Mark Start          Mark End        Relocate Start      Relocate End    
[2026-06-26T13:48:34.187-0300][43.241s][13528][11004][info][gc,heap     ] GC(20) y:      Used:      974M (32%)        1112M (36%)        1010M (33%)         188M (6%)     
[2026-06-26T13:48:34.187-0300][43.241s][13528][11004][info][gc,heap     ] GC(20) y:      Live:         -                15M (0%)           15M (0%)           15M (0%)     
[2026-06-26T13:48:34.187-0300][43.241s][13528][11004][info][gc,heap     ] GC(20) y:   Garbage:         -               958M (31%)         852M (28%)           1M (0%)     
[2026-06-26T13:48:34.187-0300][43.241s][13528][11004][info][gc,heap     ] GC(20) y: Allocated:         -               138M (4%)          142M (5%)          171M (6%)     
[2026-06-26T13:48:34.187-0300][43.241s][13528][11004][info][gc,heap     ] GC(20) y: Reclaimed:         -                  -               106M (3%)          957M (31%)    
[2026-06-26T13:48:34.187-0300][43.241s][13528][11004][info][gc,heap     ] GC(20) y:  Promoted:         -                  -                 0M (0%)            0M (0%)     
[2026-06-26T13:48:34.187-0300][43.241s][13528][11004][info][gc,heap     ] GC(20) y: Compacted:         -                  -                  -                 8M (0%)     
[2026-06-26T13:48:34.187-0300][43.241s][13528][11004][info][gc,phases   ] GC(20) y: Young Generation 2034M(66%)->1248M(41%) 0.037s
[2026-06-26T13:48:34.187-0300][43.242s][13528][11004][info][gc          ] GC(20) Minor Collection (Allocation Rate) 2034M(66%)->1248M(41%) 0.038s
[2026-06-26T13:48:34.213-0300][43.267s][13528][11004][info][gc          ] GC(21) Minor Collection (Allocation Rate)
[2026-06-26T13:48:34.213-0300][43.267s][13528][11004][info][gc,task     ] GC(21) Using 2 Workers for Young Generation
[2026-06-26T13:48:34.213-0300][43.267s][13528][11004][info][gc,phases   ] GC(21) y: Young Generation
[2026-06-26T13:48:34.213-0300][43.267s][13528][11752][info][gc,phases   ] GC(21) y: Pause Mark Start 0.012ms
[2026-06-26T13:48:34.236-0300][43.290s][13528][11004][info][gc,phases   ] GC(21) y: Concurrent Mark 22.665ms
[2026-06-26T13:48:34.236-0300][43.290s][13528][11752][info][gc,phases   ] GC(21) y: Pause Mark End 0.017ms
[2026-06-26T13:48:34.236-0300][43.290s][13528][11004][info][gc,phases   ] GC(21) y: Concurrent Mark Free 0.003ms
[2026-06-26T13:48:34.236-0300][43.290s][13528][11004][info][gc,phases   ] GC(21) y: Concurrent Reset Relocation Set 0.033ms
[2026-06-26T13:48:34.236-0300][43.290s][13528][11004][info][gc,reloc    ] GC(21) y: Using tenuring threshold: 3 (Computed)
[2026-06-26T13:48:34.236-0300][43.291s][13528][11004][info][gc,phases   ] GC(21) y: Concurrent Select Relocation Set 0.391ms
[2026-06-26T13:48:34.236-0300][43.291s][13528][11752][info][gc,phases   ] GC(21) y: Pause Relocate Start 0.007ms
[2026-06-26T13:48:34.239-0300][43.293s][13528][11004][info][gc,phases   ] GC(21) y: Concurrent Relocate 2.190ms
[2026-06-26T13:48:34.239-0300][43.293s][13528][11004][info][gc,alloc    ] GC(21) y:                         Mark Start        Mark End      Relocate Start    Relocate End   
[2026-06-26T13:48:34.239-0300][43.293s][13528][11004][info][gc,alloc    ] GC(21) y: Allocation Stalls:          0                0                0                0         
[2026-06-26T13:48:34.239-0300][43.293s][13528][11004][info][gc,load     ] GC(21) y: Load: 0.00 (0%) / 0.00 (0%) / 0.00 (0%)
[2026-06-26T13:48:34.239-0300][43.293s][13528][11004][info][gc,mmu      ] GC(21) y: MMU: 2ms/59.3%, 5ms/83.7%, 10ms/91.7%, 20ms/95.7%, 50ms/98.3%, 100ms/99.1%
[2026-06-26T13:48:34.239-0300][43.293s][13528][11004][info][gc,marking  ] GC(21) y: Mark: 2 stripe(s), 3 proactive flush(es), 1 terminate flush(es), 0 completion(s), 0 continuation(s) 
[2026-06-26T13:48:34.239-0300][43.293s][13528][11004][info][gc,nmethod  ] GC(21) y: NMethods: 9642 registered, 0 unregistered
[2026-06-26T13:48:34.239-0300][43.293s][13528][11004][info][gc,metaspace] GC(21) y: Metaspace: 61M used, 62M committed, 1088M reserved
[2026-06-26T13:48:34.239-0300][43.293s][13528][11004][info][gc,reloc    ] GC(21) y:                        Candidates     Selected     In-Place         Size        Empty    Relocated 
[2026-06-26T13:48:34.239-0300][43.293s][13528][11004][info][gc,reloc    ] GC(21) y: Small Pages:                  155          129            0         310M          32M           2M 
[2026-06-26T13:48:34.239-0300][43.293s][13528][11004][info][gc,reloc    ] GC(21) y: Medium Pages:                   0            0            0           0M           0M           0M 
[2026-06-26T13:48:34.239-0300][43.293s][13528][11004][info][gc,reloc    ] GC(21) y: Large Pages:                    0            0            0           0M           0M           0M 
[2026-06-26T13:48:34.239-0300][43.293s][13528][11004][info][gc,reloc    ] GC(21) y: Forwarding Usage: 0M
[2026-06-26T13:48:34.239-0300][43.293s][13528][11004][info][gc,reloc    ] GC(21) y: Age Table:
[2026-06-26T13:48:34.239-0300][43.293s][13528][11004][info][gc,reloc    ] GC(21) y:                    Live             Garbage             Small              Medium             Large        
[2026-06-26T13:48:34.239-0300][43.293s][13528][11004][info][gc,reloc    ] GC(21) y: Eden               1M (0%)          282M (9%)         142 / 126            0 / 0              0 / 0        
[2026-06-26T13:48:34.239-0300][43.293s][13528][11004][info][gc,reloc    ] GC(21) y: Survivor 1         7M (0%)            6M (0%)           7 / 2              0 / 0              0 / 0        
[2026-06-26T13:48:34.239-0300][43.293s][13528][11004][info][gc,reloc    ] GC(21) y: Survivor 2         7M (0%)            4M (0%)           6 / 1              0 / 0              0 / 0        
[2026-06-26T13:48:34.239-0300][43.293s][13528][11004][info][gc,heap     ] GC(21) y: Min Capacity: 8M(0%)
[2026-06-26T13:48:34.239-0300][43.293s][13528][11004][info][gc,heap     ] GC(21) y: Max Capacity: 3072M(100%)
[2026-06-26T13:48:34.239-0300][43.293s][13528][11004][info][gc,heap     ] GC(21) y: Soft Max Capacity: 3072M(100%)
[2026-06-26T13:48:34.239-0300][43.293s][13528][11004][info][gc,heap     ] GC(21) y: Heap Statistics:
[2026-06-26T13:48:34.239-0300][43.293s][13528][11004][info][gc,heap     ] GC(21) y:                Mark Start          Mark End        Relocate Start      Relocate End           High               Low         
[2026-06-26T13:48:34.239-0300][43.293s][13528][11004][info][gc,heap     ] GC(21) y:  Capacity:     3072M (100%)       3072M (100%)       3072M (100%)       3072M (100%)       3072M (100%)       3072M (100%)   
[2026-06-26T13:48:34.239-0300][43.293s][13528][11004][info][gc,heap     ] GC(21) y:      Free:     1702M (55%)        1598M (52%)        1626M (53%)        1864M (61%)        1864M (61%)        1594M (52%)    
[2026-06-26T13:48:34.239-0300][43.293s][13528][11004][info][gc,heap     ] GC(21) y:      Used:     1370M (45%)        1474M (48%)        1446M (47%)        1208M (39%)        1478M (48%)        1208M (39%)    
[2026-06-26T13:48:34.239-0300][43.293s][13528][11004][info][gc,heap     ] GC(21) y: Young Generation Statistics:
[2026-06-26T13:48:34.239-0300][43.294s][13528][11004][info][gc,heap     ] GC(21) y:                Mark Start          Mark End        Relocate Start      Relocate End    
[2026-06-26T13:48:34.239-0300][43.294s][13528][11004][info][gc,heap     ] GC(21) y:      Used:      310M (10%)         414M (13%)         386M (13%)         148M (5%)     
[2026-06-26T13:48:34.239-0300][43.294s][13528][11004][info][gc,heap     ] GC(21) y:      Live:         -                16M (1%)           16M (1%)           16M (1%)     
[2026-06-26T13:48:34.239-0300][43.294s][13528][11004][info][gc,heap     ] GC(21) y:   Garbage:         -               293M (10%)         261M (9%)            2M (0%)     
[2026-06-26T13:48:34.239-0300][43.294s][13528][11004][info][gc,heap     ] GC(21) y: Allocated:         -               104M (3%)          108M (4%)          129M (4%)     
[2026-06-26T13:48:34.239-0300][43.294s][13528][11004][info][gc,heap     ] GC(21) y: Reclaimed:         -                  -                32M (1%)          291M (9%)     
[2026-06-26T13:48:34.239-0300][43.294s][13528][11004][info][gc,heap     ] GC(21) y:  Promoted:         -                  -                 0M (0%)            0M (0%)     
[2026-06-26T13:48:34.239-0300][43.294s][13528][11004][info][gc,heap     ] GC(21) y: Compacted:         -                  -                  -                 2M (0%)     
[2026-06-26T13:48:34.239-0300][43.294s][13528][11004][info][gc,phases   ] GC(21) y: Young Generation 1370M(45%)->1208M(39%) 0.026s
[2026-06-26T13:48:34.239-0300][43.294s][13528][11004][info][gc          ] GC(21) Minor Collection (Allocation Rate) 1366M(44%)->1212M(39%) 0.026s
[2026-06-26T13:48:34.395-0300][43.449s][13528][11004][info][gc          ] GC(22) Minor Collection (Allocation Rate)
[2026-06-26T13:48:34.395-0300][43.449s][13528][11004][info][gc,task     ] GC(22) Using 2 Workers for Young Generation
[2026-06-26T13:48:34.395-0300][43.449s][13528][11004][info][gc,phases   ] GC(22) y: Young Generation
[2026-06-26T13:48:34.395-0300][43.449s][13528][11752][info][gc,phases   ] GC(22) y: Pause Mark Start 0.016ms
[2026-06-26T13:48:34.422-0300][43.477s][13528][11004][info][gc,phases   ] GC(22) y: Concurrent Mark 27.167ms
[2026-06-26T13:48:34.422-0300][43.477s][13528][11752][info][gc,phases   ] GC(22) y: Pause Mark End 0.024ms
[2026-06-26T13:48:34.422-0300][43.477s][13528][11004][info][gc,phases   ] GC(22) y: Concurrent Mark Free 0.006ms
[2026-06-26T13:48:34.422-0300][43.477s][13528][11004][info][gc,phases   ] GC(22) y: Concurrent Reset Relocation Set 0.013ms
[2026-06-26T13:48:34.422-0300][43.477s][13528][11004][info][gc,reloc    ] GC(22) y: Using tenuring threshold: 1 (Computed)
[2026-06-26T13:48:34.430-0300][43.484s][13528][11004][info][gc,phases   ] GC(22) y: Concurrent Select Relocation Set 7.049ms
[2026-06-26T13:48:34.430-0300][43.484s][13528][11752][info][gc,phases   ] GC(22) y: Pause Relocate Start 0.017ms
[2026-06-26T13:48:34.445-0300][43.499s][13528][11004][info][gc,phases   ] GC(22) y: Concurrent Relocate 14.908ms
[2026-06-26T13:48:34.445-0300][43.499s][13528][11004][info][gc,alloc    ] GC(22) y:                         Mark Start        Mark End      Relocate Start    Relocate End   
[2026-06-26T13:48:34.445-0300][43.499s][13528][11004][info][gc,alloc    ] GC(22) y: Allocation Stalls:          0                0                0                0         
[2026-06-26T13:48:34.445-0300][43.499s][13528][11004][info][gc,load     ] GC(22) y: Load: 0.00 (0%) / 0.00 (0%) / 0.00 (0%)
[2026-06-26T13:48:34.445-0300][43.499s][13528][11004][info][gc,mmu      ] GC(22) y: MMU: 2ms/59.3%, 5ms/83.7%, 10ms/91.7%, 20ms/95.7%, 50ms/98.3%, 100ms/99.1%
[2026-06-26T13:48:34.445-0300][43.499s][13528][11004][info][gc,marking  ] GC(22) y: Mark: 2 stripe(s), 2 proactive flush(es), 1 terminate flush(es), 0 completion(s), 0 continuation(s) 
[2026-06-26T13:48:34.445-0300][43.499s][13528][11004][info][gc,nmethod  ] GC(22) y: NMethods: 9652 registered, 0 unregistered
[2026-06-26T13:48:34.445-0300][43.499s][13528][11004][info][gc,metaspace] GC(22) y: Metaspace: 61M used, 62M committed, 1088M reserved
[2026-06-26T13:48:34.445-0300][43.499s][13528][11004][info][gc,reloc    ] GC(22) y:                        Candidates     Selected     In-Place         Size        Empty    Relocated 
[2026-06-26T13:48:34.445-0300][43.499s][13528][11004][info][gc,reloc    ] GC(22) y: Small Pages:                  445          376            0         890M         112M           7M 
[2026-06-26T13:48:34.445-0300][43.499s][13528][11004][info][gc,reloc    ] GC(22) y: Medium Pages:                   0            0            0           0M           0M           0M 
[2026-06-26T13:48:34.445-0300][43.499s][13528][11004][info][gc,reloc    ] GC(22) y: Large Pages:                    0            0            0           0M           0M           0M 
[2026-06-26T13:48:34.445-0300][43.499s][13528][11004][info][gc,reloc    ] GC(22) y: Forwarding Usage: 1M
[2026-06-26T13:48:34.445-0300][43.499s][13528][11004][info][gc,reloc    ] GC(22) y: Age Table:
[2026-06-26T13:48:34.445-0300][43.499s][13528][11004][info][gc,reloc    ] GC(22) y:                    Live             Garbage             Small              Medium             Large        
[2026-06-26T13:48:34.445-0300][43.499s][13528][11004][info][gc,reloc    ] GC(22) y: Eden               6M (0%)          849M (28%)        428 / 368            0 / 0              0 / 0        
[2026-06-26T13:48:34.445-0300][43.499s][13528][11004][info][gc,reloc    ] GC(22) y: Survivor 1         1M (0%)            8M (0%)           5 / 3              0 / 0              0 / 0        
[2026-06-26T13:48:34.445-0300][43.499s][13528][11004][info][gc,reloc    ] GC(22) y: Survivor 2         7M (0%)            4M (0%)           6 / 2              0 / 0              0 / 0        
[2026-06-26T13:48:34.446-0300][43.499s][13528][11004][info][gc,reloc    ] GC(22) y: Survivor 3         7M (0%)            4M (0%)           6 / 3              0 / 0              0 / 0        
[2026-06-26T13:48:34.446-0300][43.499s][13528][11004][info][gc,heap     ] GC(22) y: Min Capacity: 8M(0%)
[2026-06-26T13:48:34.446-0300][43.499s][13528][11004][info][gc,heap     ] GC(22) y: Max Capacity: 3072M(100%)
[2026-06-26T13:48:34.446-0300][43.499s][13528][11004][info][gc,heap     ] GC(22) y: Soft Max Capacity: 3072M(100%)
[2026-06-26T13:48:34.446-0300][43.499s][13528][11004][info][gc,heap     ] GC(22) y: Heap Statistics:
[2026-06-26T13:48:34.446-0300][43.499s][13528][11004][info][gc,heap     ] GC(22) y:                Mark Start          Mark End        Relocate Start      Relocate End           High               Low         
[2026-06-26T13:48:34.446-0300][43.500s][13528][11004][info][gc,heap     ] GC(22) y:  Capacity:     3072M (100%)       3072M (100%)       3072M (100%)       3072M (100%)       3072M (100%)       3072M (100%)   
[2026-06-26T13:48:34.446-0300][43.500s][13528][11004][info][gc,heap     ] GC(22) y:      Free:     1122M (37%)         996M (32%)        1074M (35%)        1758M (57%)        1800M (59%)         992M (32%)    
[2026-06-26T13:48:34.446-0300][43.500s][13528][11004][info][gc,heap     ] GC(22) y:      Used:     1950M (63%)        2076M (68%)        1998M (65%)        1314M (43%)        2080M (68%)        1272M (41%)    
[2026-06-26T13:48:34.446-0300][43.500s][13528][11004][info][gc,heap     ] GC(22) y: Young Generation Statistics:
[2026-06-26T13:48:34.446-0300][43.500s][13528][11004][info][gc,heap     ] GC(22) y:                Mark Start          Mark End        Relocate Start      Relocate End    
[2026-06-26T13:48:34.446-0300][43.500s][13528][11004][info][gc,heap     ] GC(22) y:      Used:      890M (29%)        1016M (33%)         924M (30%)         232M (8%)     
[2026-06-26T13:48:34.446-0300][43.500s][13528][11004][info][gc,heap     ] GC(22) y:      Live:         -                23M (1%)           10M (0%)            6M (0%)     
[2026-06-26T13:48:34.446-0300][43.500s][13528][11004][info][gc,heap     ] GC(22) y:   Garbage:         -               866M (28%)         753M (25%)           0M (0%)     
[2026-06-26T13:48:34.446-0300][43.500s][13528][11004][info][gc,heap     ] GC(22) y: Allocated:         -               126M (4%)          160M (5%)          224M (7%)     
[2026-06-26T13:48:34.446-0300][43.500s][13528][11004][info][gc,heap     ] GC(22) y: Reclaimed:         -                  -               113M (4%)          866M (28%)    
[2026-06-26T13:48:34.446-0300][43.500s][13528][11004][info][gc,heap     ] GC(22) y:  Promoted:         -                  -                12M (0%)           16M (1%)     
[2026-06-26T13:48:34.446-0300][43.500s][13528][11004][info][gc,heap     ] GC(22) y: Compacted:         -                  -                  -                 5M (0%)     
[2026-06-26T13:48:34.446-0300][43.500s][13528][11004][info][gc,phases   ] GC(22) y: Young Generation 1950M(63%)->1314M(43%) 0.050s
[2026-06-26T13:48:34.446-0300][43.500s][13528][11004][info][gc          ] GC(22) Minor Collection (Allocation Rate) 1948M(63%)->1318M(43%) 0.051s
[2026-06-26T13:48:34.669-0300][43.723s][13528][11004][info][gc          ] GC(23) Minor Collection (Allocation Rate)
[2026-06-26T13:48:34.669-0300][43.723s][13528][11004][info][gc,task     ] GC(23) Using 2 Workers for Young Generation
[2026-06-26T13:48:34.669-0300][43.723s][13528][11004][info][gc,phases   ] GC(23) y: Young Generation
[2026-06-26T13:48:34.669-0300][43.723s][13528][11752][info][gc,phases   ] GC(23) y: Pause Mark Start 0.015ms
[2026-06-26T13:48:34.690-0300][43.744s][13528][11004][info][gc,phases   ] GC(23) y: Concurrent Mark 20.670ms
[2026-06-26T13:48:34.690-0300][43.744s][13528][11752][info][gc,phases   ] GC(23) y: Pause Mark End 0.022ms
[2026-06-26T13:48:34.690-0300][43.744s][13528][11004][info][gc,phases   ] GC(23) y: Concurrent Mark Free 0.006ms
[2026-06-26T13:48:34.690-0300][43.744s][13528][11004][info][gc,phases   ] GC(23) y: Concurrent Reset Relocation Set 0.047ms
[2026-06-26T13:48:34.690-0300][43.744s][13528][11004][info][gc,reloc    ] GC(23) y: Using tenuring threshold: 2 (Computed)
[2026-06-26T13:48:34.690-0300][43.745s][13528][11004][info][gc,phases   ] GC(23) y: Concurrent Select Relocation Set 0.472ms
[2026-06-26T13:48:34.690-0300][43.745s][13528][11752][info][gc,phases   ] GC(23) y: Pause Relocate Start 0.009ms
[2026-06-26T13:48:34.694-0300][43.749s][13528][11004][info][gc,phases   ] GC(23) y: Concurrent Relocate 3.946ms
[2026-06-26T13:48:34.694-0300][43.749s][13528][11004][info][gc,alloc    ] GC(23) y:                         Mark Start        Mark End      Relocate Start    Relocate End   
[2026-06-26T13:48:34.694-0300][43.749s][13528][11004][info][gc,alloc    ] GC(23) y: Allocation Stalls:          0                0                0                0         
[2026-06-26T13:48:34.694-0300][43.749s][13528][11004][info][gc,load     ] GC(23) y: Load: 0.00 (0%) / 0.00 (0%) / 0.00 (0%)
[2026-06-26T13:48:34.694-0300][43.749s][13528][11004][info][gc,mmu      ] GC(23) y: MMU: 2ms/59.3%, 5ms/83.7%, 10ms/91.7%, 20ms/95.7%, 50ms/98.3%, 100ms/99.1%
[2026-06-26T13:48:34.694-0300][43.749s][13528][11004][info][gc,marking  ] GC(23) y: Mark: 2 stripe(s), 3 proactive flush(es), 1 terminate flush(es), 0 completion(s), 0 continuation(s) 
[2026-06-26T13:48:34.694-0300][43.749s][13528][11004][info][gc,nmethod  ] GC(23) y: NMethods: 9745 registered, 0 unregistered
[2026-06-26T13:48:34.694-0300][43.749s][13528][11004][info][gc,metaspace] GC(23) y: Metaspace: 61M used, 63M committed, 1088M reserved
[2026-06-26T13:48:34.694-0300][43.749s][13528][11004][info][gc,reloc    ] GC(23) y:                        Candidates     Selected     In-Place         Size        Empty    Relocated 
[2026-06-26T13:48:34.694-0300][43.749s][13528][11004][info][gc,reloc    ] GC(23) y: Small Pages:                  530          434            0        1060M         178M           6M 
[2026-06-26T13:48:34.694-0300][43.749s][13528][11004][info][gc,reloc    ] GC(23) y: Medium Pages:                   0            0            0           0M           0M           0M 
[2026-06-26T13:48:34.694-0300][43.749s][13528][11004][info][gc,reloc    ] GC(23) y: Large Pages:                    0            0            0           0M           0M           0M 
[2026-06-26T13:48:34.694-0300][43.749s][13528][11004][info][gc,reloc    ] GC(23) y: Forwarding Usage: 1M
[2026-06-26T13:48:34.694-0300][43.749s][13528][11004][info][gc,reloc    ] GC(23) y: Age Table:
[2026-06-26T13:48:34.695-0300][43.749s][13528][11004][info][gc,reloc    ] GC(23) y:                    Live             Garbage             Small              Medium             Large        
[2026-06-26T13:48:34.695-0300][43.749s][13528][11004][info][gc,reloc    ] GC(23) y: Eden               5M (0%)         1040M (34%)        523 / 432            0 / 0              0 / 0        
[2026-06-26T13:48:34.695-0300][43.749s][13528][11004][info][gc,reloc    ] GC(23) y: Survivor 1         6M (0%)            7M (0%)           7 / 2              0 / 0              0 / 0        
[2026-06-26T13:48:34.695-0300][43.749s][13528][11004][info][gc,heap     ] GC(23) y: Min Capacity: 8M(0%)
[2026-06-26T13:48:34.695-0300][43.749s][13528][11004][info][gc,heap     ] GC(23) y: Max Capacity: 3072M(100%)
[2026-06-26T13:48:34.695-0300][43.749s][13528][11004][info][gc,heap     ] GC(23) y: Soft Max Capacity: 3072M(100%)
[2026-06-26T13:48:34.695-0300][43.749s][13528][11004][info][gc,heap     ] GC(23) y: Heap Statistics:
[2026-06-26T13:48:34.695-0300][43.749s][13528][11004][info][gc,heap     ] GC(23) y:                Mark Start          Mark End        Relocate Start      Relocate End           High               Low         
[2026-06-26T13:48:34.695-0300][43.749s][13528][11004][info][gc,heap     ] GC(23) y:  Capacity:     3072M (100%)       3072M (100%)       3072M (100%)       3072M (100%)       3072M (100%)       3072M (100%)   
[2026-06-26T13:48:34.695-0300][43.749s][13528][11004][info][gc,heap     ] GC(23) y:      Free:      930M (30%)         870M (28%)        1046M (34%)        1896M (62%)        1896M (62%)         868M (28%)    
[2026-06-26T13:48:34.695-0300][43.749s][13528][11004][info][gc,heap     ] GC(23) y:      Used:     2142M (70%)        2202M (72%)        2026M (66%)        1176M (38%)        2204M (72%)        1176M (38%)    
[2026-06-26T13:48:34.695-0300][43.749s][13528][11004][info][gc,heap     ] GC(23) y: Young Generation Statistics:
[2026-06-26T13:48:34.695-0300][43.749s][13528][11004][info][gc,heap     ] GC(23) y:                Mark Start          Mark End        Relocate Start      Relocate End    
[2026-06-26T13:48:34.695-0300][43.749s][13528][11004][info][gc,heap     ] GC(23) y:      Used:     1060M (35%)        1120M (36%)         944M (31%)          94M (3%)     
[2026-06-26T13:48:34.695-0300][43.749s][13528][11004][info][gc,heap     ] GC(23) y:      Live:         -                11M (0%)           11M (0%)           11M (0%)     
[2026-06-26T13:48:34.695-0300][43.749s][13528][11004][info][gc,heap     ] GC(23) y:   Garbage:         -              1048M (34%)         870M (28%)           0M (0%)     
[2026-06-26T13:48:34.695-0300][43.749s][13528][11004][info][gc,heap     ] GC(23) y: Allocated:         -                60M (2%)           62M (2%)           81M (3%)     
[2026-06-26T13:48:34.695-0300][43.749s][13528][11004][info][gc,heap     ] GC(23) y: Reclaimed:         -                  -               178M (6%)         1047M (34%)    
[2026-06-26T13:48:34.695-0300][43.749s][13528][11004][info][gc,heap     ] GC(23) y:  Promoted:         -                  -                 0M (0%)            0M (0%)     
[2026-06-26T13:48:34.695-0300][43.749s][13528][11004][info][gc,heap     ] GC(23) y: Compacted:         -                  -                  -                 6M (0%)     
[2026-06-26T13:48:34.695-0300][43.749s][13528][11004][info][gc,phases   ] GC(23) y: Young Generation 2142M(70%)->1176M(38%) 0.026s
[2026-06-26T13:48:34.695-0300][43.749s][13528][11004][info][gc          ] GC(23) Minor Collection (Allocation Rate) 2142M(70%)->1178M(38%) 0.026s
[2026-06-26T13:48:35.008-0300][44.062s][13528][4880 ][info][gc,phases   ] GC(16) O: Concurrent Mark 1452.580ms
[2026-06-26T13:48:35.008-0300][44.062s][13528][11752][info][gc,phases   ] GC(16) O: Pause Mark End 0.017ms
[2026-06-26T13:48:35.008-0300][44.062s][13528][4880 ][info][gc,phases   ] GC(16) O: Concurrent Mark Free 0.003ms
[2026-06-26T13:48:35.048-0300][44.103s][13528][4880 ][info][gc,phases   ] GC(16) O: Concurrent Process Non-Strong 40.012ms
[2026-06-26T13:48:35.048-0300][44.103s][13528][4880 ][info][gc,phases   ] GC(16) O: Concurrent Reset Relocation Set 0.002ms
[2026-06-26T13:48:35.052-0300][44.107s][13528][4880 ][info][gc,phases   ] GC(16) O: Concurrent Select Relocation Set 4.497ms
[2026-06-26T13:48:35.053-0300][44.107s][13528][4880 ][info][gc,task     ] GC(16) O: Using 3 Workers for Old Generation
[2026-06-26T13:48:35.058-0300][44.112s][13528][4880 ][info][gc,task     ] GC(16) O: Using 1 Workers for Old Generation
[2026-06-26T13:48:35.058-0300][44.112s][13528][4880 ][info][gc,phases   ] GC(16) O: Concurrent Remap Roots 5.245ms
[2026-06-26T13:48:35.058-0300][44.112s][13528][11752][info][gc,phases   ] GC(16) O: Pause Relocate Start 0.010ms
[2026-06-26T13:48:35.120-0300][44.174s][13528][4880 ][info][gc,phases   ] GC(16) O: Concurrent Relocate 61.493ms
[2026-06-26T13:48:35.120-0300][44.174s][13528][4880 ][info][gc,alloc    ] GC(16) O:                         Mark Start        Mark End      Relocate Start    Relocate End   
[2026-06-26T13:48:35.120-0300][44.174s][13528][4880 ][info][gc,alloc    ] GC(16) O: Allocation Stalls:          0                0                0                0         
[2026-06-26T13:48:35.120-0300][44.174s][13528][4880 ][info][gc,load     ] GC(16) O: Load: 0.00 (0%) / 0.00 (0%) / 0.00 (0%)
[2026-06-26T13:48:35.120-0300][44.174s][13528][4880 ][info][gc,mmu      ] GC(16) O: MMU: 2ms/59.3%, 5ms/83.7%, 10ms/91.7%, 20ms/95.7%, 50ms/98.3%, 100ms/99.1%
[2026-06-26T13:48:35.120-0300][44.174s][13528][4880 ][info][gc,marking  ] GC(16) O: Mark: 1 stripe(s), 2 proactive flush(es), 1 terminate flush(es), 0 completion(s), 0 continuation(s) 
[2026-06-26T13:48:35.120-0300][44.174s][13528][4880 ][info][gc,nmethod  ] GC(16) O: NMethods: 9802 registered, 89 unregistered
[2026-06-26T13:48:35.120-0300][44.174s][13528][4880 ][info][gc,metaspace] GC(16) O: Metaspace: 61M used, 63M committed, 1088M reserved
[2026-06-26T13:48:35.120-0300][44.174s][13528][4880 ][info][gc,ref      ] GC(16) O:                       Encountered   Discovered     Enqueued 
[2026-06-26T13:48:35.120-0300][44.174s][13528][4880 ][info][gc,ref      ] GC(16) O: Soft References:             5186            0            0 
[2026-06-26T13:48:35.120-0300][44.174s][13528][4880 ][info][gc,ref      ] GC(16) O: Weak References:             5290         4252         1304 
[2026-06-26T13:48:35.120-0300][44.174s][13528][4880 ][info][gc,ref      ] GC(16) O: Final References:              20            7            7 
[2026-06-26T13:48:35.120-0300][44.174s][13528][4880 ][info][gc,ref      ] GC(16) O: Phantom References:         13258        11046         6786 
[2026-06-26T13:48:35.120-0300][44.174s][13528][4880 ][info][gc,reloc    ] GC(16) O:                        Candidates     Selected     In-Place         Size        Empty    Relocated 
[2026-06-26T13:48:35.120-0300][44.174s][13528][4880 ][info][gc,reloc    ] GC(16) O: Small Pages:                  340           21            0         680M           2M          11M 
[2026-06-26T13:48:35.120-0300][44.174s][13528][4880 ][info][gc,reloc    ] GC(16) O: Medium Pages:                   4            3            0         112M           0M          17M 
[2026-06-26T13:48:35.120-0300][44.174s][13528][4880 ][info][gc,reloc    ] GC(16) O: Large Pages:                    1            0            0          12M           0M           0M 
[2026-06-26T13:48:35.120-0300][44.174s][13528][4880 ][info][gc,reloc    ] GC(16) O: Forwarding Usage: 19M
[2026-06-26T13:48:35.120-0300][44.174s][13528][4880 ][info][gc,heap     ] GC(16) O: Min Capacity: 8M(0%)
[2026-06-26T13:48:35.120-0300][44.174s][13528][4880 ][info][gc,heap     ] GC(16) O: Max Capacity: 3072M(100%)
[2026-06-26T13:48:35.120-0300][44.174s][13528][4880 ][info][gc,heap     ] GC(16) O: Soft Max Capacity: 3072M(100%)
[2026-06-26T13:48:35.120-0300][44.174s][13528][4880 ][info][gc,heap     ] GC(16) O: Heap Statistics:
[2026-06-26T13:48:35.120-0300][44.174s][13528][4880 ][info][gc,heap     ] GC(16) O:                Mark Start          Mark End        Relocate Start      Relocate End           High               Low         
[2026-06-26T13:48:35.120-0300][44.174s][13528][4880 ][info][gc,heap     ] GC(16) O:  Capacity:     3072M (100%)       3072M (100%)       3072M (100%)       3072M (100%)       3072M (100%)       3072M (100%)   
[2026-06-26T13:48:35.120-0300][44.174s][13528][4880 ][info][gc,heap     ] GC(16) O:      Free:     1650M (54%)        1650M (54%)        1640M (53%)        1752M (57%)        1896M (62%)         868M (28%)    
[2026-06-26T13:48:35.120-0300][44.174s][13528][4880 ][info][gc,heap     ] GC(16) O:      Used:     1422M (46%)        1422M (46%)        1432M (47%)        1320M (43%)        2204M (72%)        1176M (38%)    
[2026-06-26T13:48:35.120-0300][44.174s][13528][4880 ][info][gc,heap     ] GC(16) O: Old Generation Statistics:
[2026-06-26T13:48:35.120-0300][44.174s][13528][4880 ][info][gc,heap     ] GC(16) O:                Mark Start          Mark End        Relocate Start      Relocate End    
[2026-06-26T13:48:35.120-0300][44.174s][13528][4880 ][info][gc,heap     ] GC(16) O:      Used:      804M (26%)        1082M (35%)        1080M (35%)         958M (31%)    
[2026-06-26T13:48:35.120-0300][44.174s][13528][4880 ][info][gc,heap     ] GC(16) O:      Live:         -               643M (21%)         643M (21%)         643M (21%)    
[2026-06-26T13:48:35.120-0300][44.174s][13528][4880 ][info][gc,heap     ] GC(16) O:   Garbage:         -               160M (5%)          158M (5%)           13M (0%)     
[2026-06-26T13:48:35.120-0300][44.174s][13528][4880 ][info][gc,heap     ] GC(16) O: Allocated:         -               278M (9%)          278M (9%)          301M (10%)    
[2026-06-26T13:48:35.120-0300][44.174s][13528][4880 ][info][gc,heap     ] GC(16) O: Reclaimed:         -                  -                 2M (0%)          147M (5%)     
[2026-06-26T13:48:35.120-0300][44.174s][13528][4880 ][info][gc,heap     ] GC(16) O: Compacted:         -                  -                  -                80M (3%)     
[2026-06-26T13:48:35.120-0300][44.174s][13528][4880 ][info][gc,phases   ] GC(16) O: Old Generation 1258M(41%)->1320M(43%) 1.564s
[2026-06-26T13:48:35.120-0300][44.174s][13528][4880 ][info][gc          ] GC(16) Major Collection (Allocation Rate) 1420M(46%)->1320M(43%) 1.622s
[2026-06-26T13:48:35.399-0300][44.453s][13528][11004][info][gc          ] GC(24) Minor Collection (Allocation Rate)
[2026-06-26T13:48:35.399-0300][44.453s][13528][11004][info][gc,task     ] GC(24) Using 1 Workers for Young Generation
[2026-06-26T13:48:35.399-0300][44.453s][13528][11004][info][gc,phases   ] GC(24) y: Young Generation
[2026-06-26T13:48:35.399-0300][44.453s][13528][11752][info][gc,phases   ] GC(24) y: Pause Mark Start 0.009ms
[2026-06-26T13:48:35.467-0300][44.521s][13528][11004][info][gc,phases   ] GC(24) y: Concurrent Mark 67.700ms
[2026-06-26T13:48:35.467-0300][44.521s][13528][11752][info][gc,phases   ] GC(24) y: Pause Mark End 0.014ms
[2026-06-26T13:48:35.467-0300][44.521s][13528][11004][info][gc,phases   ] GC(24) y: Concurrent Mark Free 0.005ms
[2026-06-26T13:48:35.467-0300][44.521s][13528][11004][info][gc,phases   ] GC(24) y: Concurrent Reset Relocation Set 0.030ms
[2026-06-26T13:48:35.467-0300][44.522s][13528][11004][info][gc,reloc    ] GC(24) y: Using tenuring threshold: 3 (Computed)
[2026-06-26T13:48:35.470-0300][44.524s][13528][11004][info][gc,phases   ] GC(24) y: Concurrent Select Relocation Set 2.867ms
[2026-06-26T13:48:35.470-0300][44.524s][13528][11752][info][gc,phases   ] GC(24) y: Pause Relocate Start 0.013ms
[2026-06-26T13:48:35.513-0300][44.568s][13528][11004][info][gc,phases   ] GC(24) y: Concurrent Relocate 43.561ms
[2026-06-26T13:48:35.513-0300][44.568s][13528][11004][info][gc,alloc    ] GC(24) y:                         Mark Start        Mark End      Relocate Start    Relocate End   
[2026-06-26T13:48:35.513-0300][44.568s][13528][11004][info][gc,alloc    ] GC(24) y: Allocation Stalls:          0                0                0                0         
[2026-06-26T13:48:35.513-0300][44.568s][13528][11004][info][gc,load     ] GC(24) y: Load: 0.00 (0%) / 0.00 (0%) / 0.00 (0%)
[2026-06-26T13:48:35.513-0300][44.568s][13528][11004][info][gc,mmu      ] GC(24) y: MMU: 2ms/59.3%, 5ms/83.7%, 10ms/91.7%, 20ms/95.7%, 50ms/98.3%, 100ms/99.1%
[2026-06-26T13:48:35.513-0300][44.568s][13528][11004][info][gc,marking  ] GC(24) y: Mark: 1 stripe(s), 2 proactive flush(es), 1 terminate flush(es), 0 completion(s), 0 continuation(s) 
[2026-06-26T13:48:35.513-0300][44.568s][13528][11004][info][gc,nmethod  ] GC(24) y: NMethods: 9812 registered, 89 unregistered
[2026-06-26T13:48:35.513-0300][44.568s][13528][11004][info][gc,metaspace] GC(24) y: Metaspace: 61M used, 63M committed, 1088M reserved
[2026-06-26T13:48:35.513-0300][44.568s][13528][11004][info][gc,reloc    ] GC(24) y:                        Candidates     Selected     In-Place         Size        Empty    Relocated 
[2026-06-26T13:48:35.513-0300][44.568s][13528][11004][info][gc,reloc    ] GC(24) y: Small Pages:                  221          118            0         442M         164M          15M 
[2026-06-26T13:48:35.513-0300][44.568s][13528][11004][info][gc,reloc    ] GC(24) y: Medium Pages:                   0            0            0           0M           0M           0M 
[2026-06-26T13:48:35.513-0300][44.568s][13528][11004][info][gc,reloc    ] GC(24) y: Large Pages:                    0            0            0           0M           0M           0M 
[2026-06-26T13:48:35.513-0300][44.568s][13528][11004][info][gc,reloc    ] GC(24) y: Forwarding Usage: 13M
[2026-06-26T13:48:35.513-0300][44.568s][13528][11004][info][gc,reloc    ] GC(24) y: Age Table:
[2026-06-26T13:48:35.513-0300][44.568s][13528][11004][info][gc,reloc    ] GC(24) y:                    Live             Garbage             Small              Medium             Large        
[2026-06-26T13:48:35.513-0300][44.568s][13528][11004][info][gc,reloc    ] GC(24) y: Eden              26M (1%)          393M (13%)        210 / 114            0 / 0              0 / 0        
[2026-06-26T13:48:35.513-0300][44.568s][13528][11004][info][gc,reloc    ] GC(24) y: Survivor 1         5M (0%)            6M (0%)           6 / 2              0 / 0              0 / 0        
[2026-06-26T13:48:35.514-0300][44.568s][13528][11004][info][gc,reloc    ] GC(24) y: Survivor 2         6M (0%)            3M (0%)           5 / 2              0 / 0              0 / 0        
[2026-06-26T13:48:35.514-0300][44.568s][13528][11004][info][gc,heap     ] GC(24) y: Min Capacity: 8M(0%)
[2026-06-26T13:48:35.514-0300][44.568s][13528][11004][info][gc,heap     ] GC(24) y: Max Capacity: 3072M(100%)
[2026-06-26T13:48:35.514-0300][44.568s][13528][11004][info][gc,heap     ] GC(24) y: Soft Max Capacity: 3072M(100%)
[2026-06-26T13:48:35.514-0300][44.568s][13528][11004][info][gc,heap     ] GC(24) y: Heap Statistics:
[2026-06-26T13:48:35.514-0300][44.568s][13528][11004][info][gc,heap     ] GC(24) y:                Mark Start          Mark End        Relocate Start      Relocate End           High               Low         
[2026-06-26T13:48:35.514-0300][44.568s][13528][11004][info][gc,heap     ] GC(24) y:  Capacity:     3072M (100%)       3072M (100%)       3072M (100%)       3072M (100%)       3072M (100%)       3072M (100%)   
[2026-06-26T13:48:35.514-0300][44.568s][13528][11004][info][gc,heap     ] GC(24) y:      Free:     1672M (54%)        1642M (53%)        1806M (59%)        2018M (66%)        2020M (66%)        1642M (53%)    
[2026-06-26T13:48:35.514-0300][44.568s][13528][11004][info][gc,heap     ] GC(24) y:      Used:     1400M (46%)        1430M (47%)        1266M (41%)        1054M (34%)        1430M (47%)        1052M (34%)    
[2026-06-26T13:48:35.514-0300][44.568s][13528][11004][info][gc,heap     ] GC(24) y: Young Generation Statistics:
[2026-06-26T13:48:35.514-0300][44.568s][13528][11004][info][gc,heap     ] GC(24) y:                Mark Start          Mark End        Relocate Start      Relocate End    
[2026-06-26T13:48:35.514-0300][44.568s][13528][11004][info][gc,heap     ] GC(24) y:      Used:      442M (14%)         472M (15%)         308M (10%)          96M (3%)     
[2026-06-26T13:48:35.514-0300][44.568s][13528][11004][info][gc,heap     ] GC(24) y:      Live:         -                37M (1%)           37M (1%)           37M (1%)     
[2026-06-26T13:48:35.514-0300][44.568s][13528][11004][info][gc,heap     ] GC(24) y:   Garbage:         -               404M (13%)         240M (8%)            0M (0%)     
[2026-06-26T13:48:35.514-0300][44.568s][13528][11004][info][gc,heap     ] GC(24) y: Allocated:         -                30M (1%)           30M (1%)           58M (2%)     
[2026-06-26T13:48:35.514-0300][44.568s][13528][11004][info][gc,heap     ] GC(24) y: Reclaimed:         -                  -               164M (5%)          404M (13%)    
[2026-06-26T13:48:35.514-0300][44.568s][13528][11004][info][gc,heap     ] GC(24) y:  Promoted:         -                  -                 0M (0%)            0M (0%)     
[2026-06-26T13:48:35.514-0300][44.568s][13528][11004][info][gc,heap     ] GC(24) y: Compacted:         -                  -                  -                29M (1%)     
[2026-06-26T13:48:35.514-0300][44.568s][13528][11004][info][gc,phases   ] GC(24) y: Young Generation 1400M(46%)->1054M(34%) 0.115s
[2026-06-26T13:48:35.514-0300][44.568s][13528][11004][info][gc          ] GC(24) Minor Collection (Allocation Rate) 1400M(46%)->1054M(34%) 0.115s
[2026-06-26T13:48:37.742-0300][46.795s][13528][11004][info][gc          ] GC(25) Minor Collection (Allocation Rate)
[2026-06-26T13:48:37.742-0300][46.795s][13528][11004][info][gc,task     ] GC(25) Using 2 Workers for Young Generation
[2026-06-26T13:48:37.742-0300][46.795s][13528][11004][info][gc,phases   ] GC(25) y: Young Generation
[2026-06-26T13:48:37.742-0300][46.796s][13528][11752][info][gc,phases   ] GC(25) y: Pause Mark Start 0.011ms
[2026-06-26T13:48:37.820-0300][46.874s][13528][11004][info][gc,phases   ] GC(25) y: Concurrent Mark 78.712ms
[2026-06-26T13:48:37.821-0300][46.874s][13528][11752][info][gc,phases   ] GC(25) y: Pause Mark End 0.014ms
[2026-06-26T13:48:37.821-0300][46.874s][13528][11004][info][gc,phases   ] GC(25) y: Concurrent Mark Free 0.005ms
[2026-06-26T13:48:37.821-0300][46.874s][13528][11004][info][gc,phases   ] GC(25) y: Concurrent Reset Relocation Set 0.011ms
[2026-06-26T13:48:37.821-0300][46.875s][13528][11004][info][gc,reloc    ] GC(25) y: Using tenuring threshold: 4 (Computed)
[2026-06-26T13:48:37.826-0300][46.880s][13528][11004][info][gc,phases   ] GC(25) y: Concurrent Select Relocation Set 5.899ms
[2026-06-26T13:48:37.826-0300][46.881s][13528][11752][info][gc,phases   ] GC(25) y: Pause Relocate Start 0.014ms
[2026-06-26T13:48:37.864-0300][46.919s][13528][11004][info][gc,phases   ] GC(25) y: Concurrent Relocate 38.084ms
[2026-06-26T13:48:37.864-0300][46.919s][13528][11004][info][gc,alloc    ] GC(25) y:                         Mark Start        Mark End      Relocate Start    Relocate End   
[2026-06-26T13:48:37.864-0300][46.919s][13528][11004][info][gc,alloc    ] GC(25) y: Allocation Stalls:          0                0                0                0         
[2026-06-26T13:48:37.864-0300][46.919s][13528][11004][info][gc,load     ] GC(25) y: Load: 0.00 (0%) / 0.00 (0%) / 0.00 (0%)
[2026-06-26T13:48:37.864-0300][46.919s][13528][11004][info][gc,mmu      ] GC(25) y: MMU: 2ms/59.3%, 5ms/83.7%, 10ms/91.7%, 20ms/95.7%, 50ms/98.3%, 100ms/99.1%
[2026-06-26T13:48:37.864-0300][46.919s][13528][11004][info][gc,marking  ] GC(25) y: Mark: 2 stripe(s), 2 proactive flush(es), 1 terminate flush(es), 0 completion(s), 0 continuation(s) 
[2026-06-26T13:48:37.864-0300][46.919s][13528][11004][info][gc,nmethod  ] GC(25) y: NMethods: 10727 registered, 89 unregistered
[2026-06-26T13:48:37.864-0300][46.919s][13528][11004][info][gc,metaspace] GC(25) y: Metaspace: 63M used, 64M committed, 1088M reserved
[2026-06-26T13:48:37.864-0300][46.919s][13528][11004][info][gc,reloc    ] GC(25) y:                        Candidates     Selected     In-Place         Size        Empty    Relocated 
[2026-06-26T13:48:37.864-0300][46.919s][13528][11004][info][gc,reloc    ] GC(25) y: Small Pages:                  219          149            0         438M          46M          32M 
[2026-06-26T13:48:37.864-0300][46.919s][13528][11004][info][gc,reloc    ] GC(25) y: Medium Pages:                   1            0            0          32M           0M           0M 
[2026-06-26T13:48:37.864-0300][46.919s][13528][11004][info][gc,reloc    ] GC(25) y: Large Pages:                    3            0            0          18M           6M           0M 
[2026-06-26T13:48:37.864-0300][46.919s][13528][11004][info][gc,reloc    ] GC(25) y: Forwarding Usage: 19M
[2026-06-26T13:48:37.864-0300][46.919s][13528][11004][info][gc,reloc    ] GC(25) y: Age Table:
[2026-06-26T13:48:37.864-0300][46.919s][13528][11004][info][gc,reloc    ] GC(25) y:                    Live             Garbage             Small              Medium             Large        
[2026-06-26T13:48:37.864-0300][46.919s][13528][11004][info][gc,reloc    ] GC(25) y: Eden              78M (3%)          357M (12%)        193 / 143            1 / 0              3 / 0        
[2026-06-26T13:48:37.864-0300][46.919s][13528][11004][info][gc,reloc    ] GC(25) y: Survivor 1         6M (0%)           27M (1%)          17 / 5              0 / 0              0 / 0        
[2026-06-26T13:48:37.864-0300][46.919s][13528][11004][info][gc,reloc    ] GC(25) y: Survivor 2         5M (0%)            0M (0%)           3 / 0              0 / 0              0 / 0        
[2026-06-26T13:48:37.864-0300][46.919s][13528][11004][info][gc,reloc    ] GC(25) y: Survivor 3         6M (0%)            5M (0%)           6 / 1              0 / 0              0 / 0        
[2026-06-26T13:48:37.864-0300][46.919s][13528][11004][info][gc,heap     ] GC(25) y: Min Capacity: 8M(0%)
[2026-06-26T13:48:37.865-0300][46.919s][13528][11004][info][gc,heap     ] GC(25) y: Max Capacity: 3072M(100%)
[2026-06-26T13:48:37.865-0300][46.919s][13528][11004][info][gc,heap     ] GC(25) y: Soft Max Capacity: 3072M(100%)
[2026-06-26T13:48:37.865-0300][46.919s][13528][11004][info][gc,heap     ] GC(25) y: Heap Statistics:
[2026-06-26T13:48:37.865-0300][46.919s][13528][11004][info][gc,heap     ] GC(25) y:                Mark Start          Mark End        Relocate Start      Relocate End           High               Low         
[2026-06-26T13:48:37.865-0300][46.919s][13528][11004][info][gc,heap     ] GC(25) y:  Capacity:     3072M (100%)       3072M (100%)       3072M (100%)       3072M (100%)       3072M (100%)       3072M (100%)   
[2026-06-26T13:48:37.865-0300][46.919s][13528][11004][info][gc,heap     ] GC(25) y:      Free:     1626M (53%)        1544M (50%)        1594M (52%)        1878M (61%)        1878M (61%)        1544M (50%)    
[2026-06-26T13:48:37.865-0300][46.919s][13528][11004][info][gc,heap     ] GC(25) y:      Used:     1446M (47%)        1528M (50%)        1478M (48%)        1194M (39%)        1528M (50%)        1194M (39%)    
[2026-06-26T13:48:37.865-0300][46.919s][13528][11004][info][gc,heap     ] GC(25) y: Young Generation Statistics:
[2026-06-26T13:48:37.865-0300][46.919s][13528][11004][info][gc,heap     ] GC(25) y:                Mark Start          Mark End        Relocate Start      Relocate End    
[2026-06-26T13:48:37.865-0300][46.919s][13528][11004][info][gc,heap     ] GC(25) y:      Used:      488M (16%)         570M (19%)         520M (17%)         236M (8%)     
[2026-06-26T13:48:37.865-0300][46.919s][13528][11004][info][gc,heap     ] GC(25) y:      Live:         -                96M (3%)           96M (3%)           96M (3%)     
[2026-06-26T13:48:37.865-0300][46.919s][13528][11004][info][gc,heap     ] GC(25) y:   Garbage:         -               391M (13%)         339M (11%)          33M (1%)     
[2026-06-26T13:48:37.865-0300][46.919s][13528][11004][info][gc,heap     ] GC(25) y: Allocated:         -                82M (3%)           84M (3%)          106M (3%)     
[2026-06-26T13:48:37.865-0300][46.919s][13528][11004][info][gc,heap     ] GC(25) y: Reclaimed:         -                  -                52M (2%)          358M (12%)    
[2026-06-26T13:48:37.865-0300][46.919s][13528][11004][info][gc,heap     ] GC(25) y:  Promoted:         -                  -                 0M (0%)            0M (0%)     
[2026-06-26T13:48:37.865-0300][46.919s][13528][11004][info][gc,heap     ] GC(25) y: Compacted:         -                  -                  -                55M (2%)     
[2026-06-26T13:48:37.865-0300][46.919s][13528][11004][info][gc,phases   ] GC(25) y: Young Generation 1446M(47%)->1194M(39%) 0.123s
[2026-06-26T13:48:37.865-0300][46.919s][13528][11004][info][gc          ] GC(25) Minor Collection (Allocation Rate) 1446M(47%)->1194M(39%) 0.124s
[2026-06-26T13:48:37.865-0300][46.919s][13528][11004][info][gc          ] GC(26) Minor Collection (Allocation Rate)
[2026-06-26T13:48:37.865-0300][46.919s][13528][11004][info][gc,task     ] GC(26) Using 3 Workers for Young Generation
[2026-06-26T13:48:37.865-0300][46.919s][13528][11004][info][gc,phases   ] GC(26) y: Young Generation
[2026-06-26T13:48:37.865-0300][46.919s][13528][11752][info][gc,phases   ] GC(26) y: Pause Mark Start 0.015ms
[2026-06-26T13:48:37.964-0300][47.018s][13528][11004][info][gc,phases   ] GC(26) y: Concurrent Mark 98.719ms
[2026-06-26T13:48:37.964-0300][47.018s][13528][11752][info][gc,phases   ] GC(26) y: Pause Mark End 0.018ms
[2026-06-26T13:48:37.964-0300][47.018s][13528][11004][info][gc,phases   ] GC(26) y: Concurrent Mark Free 0.004ms
[2026-06-26T13:48:37.964-0300][47.019s][13528][11004][info][gc,phases   ] GC(26) y: Concurrent Reset Relocation Set 0.020ms
[2026-06-26T13:48:37.964-0300][47.019s][13528][11004][info][gc,reloc    ] GC(26) y: Using tenuring threshold: 5 (Computed)
[2026-06-26T13:48:37.966-0300][47.020s][13528][11004][info][gc,phases   ] GC(26) y: Concurrent Select Relocation Set 1.529ms
[2026-06-26T13:48:37.966-0300][47.020s][13528][11752][info][gc,phases   ] GC(26) y: Pause Relocate Start 0.010ms
[2026-06-26T13:48:37.969-0300][47.023s][13528][11004][info][gc,phases   ] GC(26) y: Concurrent Relocate 3.062ms
[2026-06-26T13:48:37.969-0300][47.023s][13528][11004][info][gc,alloc    ] GC(26) y:                         Mark Start        Mark End      Relocate Start    Relocate End   
[2026-06-26T13:48:37.969-0300][47.023s][13528][11004][info][gc,alloc    ] GC(26) y: Allocation Stalls:          0                0                0                0         
[2026-06-26T13:48:37.969-0300][47.023s][13528][11004][info][gc,load     ] GC(26) y: Load: 0.00 (0%) / 0.00 (0%) / 0.00 (0%)
[2026-06-26T13:48:37.969-0300][47.023s][13528][11004][info][gc,mmu      ] GC(26) y: MMU: 2ms/59.3%, 5ms/83.7%, 10ms/91.7%, 20ms/95.7%, 50ms/98.3%, 100ms/99.1%
[2026-06-26T13:48:37.969-0300][47.023s][13528][11004][info][gc,marking  ] GC(26) y: Mark: 2 stripe(s), 2 proactive flush(es), 1 terminate flush(es), 0 completion(s), 0 continuation(s) 
[2026-06-26T13:48:37.969-0300][47.023s][13528][11004][info][gc,nmethod  ] GC(26) y: NMethods: 10763 registered, 89 unregistered
[2026-06-26T13:48:37.969-0300][47.023s][13528][11004][info][gc,metaspace] GC(26) y: Metaspace: 63M used, 64M committed, 1088M reserved
[2026-06-26T13:48:37.969-0300][47.023s][13528][11004][info][gc,reloc    ] GC(26) y:                        Candidates     Selected     In-Place         Size        Empty    Relocated 
[2026-06-26T13:48:37.969-0300][47.023s][13528][11004][info][gc,reloc    ] GC(26) y: Small Pages:                   80           16            0         160M           2M           4M 
[2026-06-26T13:48:37.969-0300][47.023s][13528][11004][info][gc,reloc    ] GC(26) y: Medium Pages:                   2            1            0          64M           0M           5M 
[2026-06-26T13:48:37.969-0300][47.023s][13528][11004][info][gc,reloc    ] GC(26) y: Large Pages:                    2            0            0          12M          12M           0M 
[2026-06-26T13:48:37.969-0300][47.023s][13528][11004][info][gc,reloc    ] GC(26) y: Forwarding Usage: 2M
[2026-06-26T13:48:37.969-0300][47.024s][13528][11004][info][gc,reloc    ] GC(26) y: Age Table:
[2026-06-26T13:48:37.969-0300][47.024s][13528][11004][info][gc,reloc    ] GC(26) y:                    Live             Garbage             Small              Medium             Large        
[2026-06-26T13:48:37.969-0300][47.024s][13528][11004][info][gc,reloc    ] GC(26) y: Eden              41M (1%)           48M (2%)          29 / 9              1 / 1              0 / 0        
[2026-06-26T13:48:37.969-0300][47.024s][13528][11004][info][gc,reloc    ] GC(26) y: Survivor 1        65M (2%)           54M (2%)          38 / 4              1 / 0              2 / 0        
[2026-06-26T13:48:37.969-0300][47.024s][13528][11004][info][gc,reloc    ] GC(26) y: Survivor 2         6M (0%)            3M (0%)           5 / 2              0 / 0              0 / 0        
[2026-06-26T13:48:37.969-0300][47.024s][13528][11004][info][gc,reloc    ] GC(26) y: Survivor 3         5M (0%)            0M (0%)           3 / 0              0 / 0              0 / 0        
[2026-06-26T13:48:37.969-0300][47.024s][13528][11004][info][gc,reloc    ] GC(26) y: Survivor 4         6M (0%)            3M (0%)           5 / 1              0 / 0              0 / 0        
[2026-06-26T13:48:37.969-0300][47.024s][13528][11004][info][gc,heap     ] GC(26) y: Min Capacity: 8M(0%)
[2026-06-26T13:48:37.969-0300][47.024s][13528][11004][info][gc,heap     ] GC(26) y: Max Capacity: 3072M(100%)
[2026-06-26T13:48:37.969-0300][47.024s][13528][11004][info][gc,heap     ] GC(26) y: Soft Max Capacity: 3072M(100%)
[2026-06-26T13:48:37.969-0300][47.024s][13528][11004][info][gc,heap     ] GC(26) y: Heap Statistics:
[2026-06-26T13:48:37.969-0300][47.024s][13528][11004][info][gc,heap     ] GC(26) y:                Mark Start          Mark End        Relocate Start      Relocate End           High               Low         
[2026-06-26T13:48:37.969-0300][47.024s][13528][11004][info][gc,heap     ] GC(26) y:  Capacity:     3072M (100%)       3072M (100%)       3072M (100%)       3072M (100%)       3072M (100%)       3072M (100%)   
[2026-06-26T13:48:37.969-0300][47.024s][13528][11004][info][gc,heap     ] GC(26) y:      Free:     1878M (61%)        1860M (61%)        1874M (61%)        1860M (61%)        1878M (61%)        1778M (58%)    
[2026-06-26T13:48:37.969-0300][47.024s][13528][11004][info][gc,heap     ] GC(26) y:      Used:     1194M (39%)        1212M (39%)        1198M (39%)        1212M (39%)        1294M (42%)        1194M (39%)    
[2026-06-26T13:48:37.969-0300][47.024s][13528][11004][info][gc,heap     ] GC(26) y: Young Generation Statistics:
[2026-06-26T13:48:37.969-0300][47.024s][13528][11004][info][gc,heap     ] GC(26) y:                Mark Start          Mark End        Relocate Start      Relocate End    
[2026-06-26T13:48:37.969-0300][47.024s][13528][11004][info][gc,heap     ] GC(26) y:      Used:      236M (8%)          254M (8%)          240M (8%)          254M (8%)     
[2026-06-26T13:48:37.969-0300][47.024s][13528][11004][info][gc,heap     ] GC(26) y:      Live:         -               124M (4%)          124M (4%)          124M (4%)     
[2026-06-26T13:48:37.969-0300][47.024s][13528][11004][info][gc,heap     ] GC(26) y:   Garbage:         -               111M (4%)           97M (3%)            7M (0%)     
[2026-06-26T13:48:37.969-0300][47.024s][13528][11004][info][gc,heap     ] GC(26) y: Allocated:         -                18M (1%)           18M (1%)          121M (4%)     
[2026-06-26T13:48:37.969-0300][47.024s][13528][11004][info][gc,heap     ] GC(26) y: Reclaimed:         -                  -                14M (0%)          103M (3%)     
[2026-06-26T13:48:37.969-0300][47.024s][13528][11004][info][gc,heap     ] GC(26) y:  Promoted:         -                  -                 0M (0%)            0M (0%)     
[2026-06-26T13:48:37.969-0300][47.024s][13528][11004][info][gc,heap     ] GC(26) y: Compacted:         -                  -                  -                14M (0%)     
[2026-06-26T13:48:37.969-0300][47.024s][13528][11004][info][gc,phases   ] GC(26) y: Young Generation 1194M(39%)->1212M(39%) 0.104s
[2026-06-26T13:48:37.969-0300][47.024s][13528][11004][info][gc          ] GC(26) Minor Collection (Allocation Rate) 1194M(39%)->1212M(39%) 0.105s
[2026-06-26T13:48:37.970-0300][47.024s][13528][4880 ][info][gc          ] GC(27) Major Collection (Allocation Rate)
[2026-06-26T13:48:37.970-0300][47.024s][13528][4880 ][info][gc,task     ] GC(27) Using 3 Workers for Young Generation
[2026-06-26T13:48:37.970-0300][47.024s][13528][4880 ][info][gc,task     ] GC(27) Using 1 Workers for Old Generation
[2026-06-26T13:48:37.970-0300][47.024s][13528][4880 ][info][gc,phases   ] GC(27) Y: Young Generation
[2026-06-26T13:48:37.970-0300][47.024s][13528][11752][info][gc,phases   ] GC(27) Y: Pause Mark Start (Major) 0.012ms
[2026-06-26T13:48:38.065-0300][47.119s][13528][4880 ][info][gc,phases   ] GC(27) Y: Concurrent Mark 95.220ms
[2026-06-26T13:48:38.065-0300][47.119s][13528][11752][info][gc,phases   ] GC(27) Y: Pause Mark End 0.018ms
[2026-06-26T13:48:38.065-0300][47.120s][13528][4880 ][info][gc,phases   ] GC(27) Y: Concurrent Mark Free 0.006ms
[2026-06-26T13:48:38.065-0300][47.120s][13528][4880 ][info][gc,phases   ] GC(27) Y: Concurrent Reset Relocation Set 0.003ms
[2026-06-26T13:48:38.065-0300][47.120s][13528][4880 ][info][gc,reloc    ] GC(27) Y: Using tenuring threshold: 1 (Computed)
[2026-06-26T13:48:38.093-0300][47.147s][13528][4880 ][info][gc,phases   ] GC(27) Y: Concurrent Select Relocation Set 27.352ms
[2026-06-26T13:48:38.093-0300][47.147s][13528][11752][info][gc,phases   ] GC(27) Y: Pause Relocate Start 0.019ms
[2026-06-26T13:48:38.148-0300][47.202s][13528][4880 ][info][gc,phases   ] GC(27) Y: Concurrent Relocate 54.824ms
[2026-06-26T13:48:38.148-0300][47.202s][13528][4880 ][info][gc,alloc    ] GC(27) Y:                         Mark Start        Mark End      Relocate Start    Relocate End   
[2026-06-26T13:48:38.148-0300][47.202s][13528][4880 ][info][gc,alloc    ] GC(27) Y: Allocation Stalls:          0                0                0                0         
[2026-06-26T13:48:38.148-0300][47.202s][13528][4880 ][info][gc,load     ] GC(27) Y: Load: 0.00 (0%) / 0.00 (0%) / 0.00 (0%)
[2026-06-26T13:48:38.148-0300][47.202s][13528][4880 ][info][gc,mmu      ] GC(27) Y: MMU: 2ms/59.3%, 5ms/83.7%, 10ms/91.7%, 20ms/95.7%, 50ms/98.3%, 100ms/99.1%
[2026-06-26T13:48:38.148-0300][47.202s][13528][4880 ][info][gc,marking  ] GC(27) Y: Mark: 2 stripe(s), 2 proactive flush(es), 1 terminate flush(es), 0 completion(s), 0 continuation(s) 
[2026-06-26T13:48:38.148-0300][47.202s][13528][4880 ][info][gc,nmethod  ] GC(27) Y: NMethods: 10817 registered, 89 unregistered
[2026-06-26T13:48:38.148-0300][47.202s][13528][4880 ][info][gc,metaspace] GC(27) Y: Metaspace: 63M used, 64M committed, 1088M reserved
[2026-06-26T13:48:38.148-0300][47.202s][13528][4880 ][info][gc,reloc    ] GC(27) Y:                        Candidates     Selected     In-Place         Size        Empty    Relocated 
[2026-06-26T13:48:38.148-0300][47.202s][13528][4880 ][info][gc,reloc    ] GC(27) Y: Small Pages:                   79           14            0         158M           0M           4M 
[2026-06-26T13:48:38.148-0300][47.202s][13528][4880 ][info][gc,reloc    ] GC(27) Y: Medium Pages:                   3            2            0          96M           0M           6M 
[2026-06-26T13:48:38.148-0300][47.202s][13528][4880 ][info][gc,reloc    ] GC(27) Y: Large Pages:                    0            0            0           0M           0M           0M 
[2026-06-26T13:48:38.148-0300][47.202s][13528][4880 ][info][gc,reloc    ] GC(27) Y: Forwarding Usage: 3M
[2026-06-26T13:48:38.148-0300][47.202s][13528][4880 ][info][gc,reloc    ] GC(27) Y: Age Table:
[2026-06-26T13:48:38.148-0300][47.202s][13528][4880 ][info][gc,reloc    ] GC(27) Y:                    Live             Garbage             Small              Medium             Large        
[2026-06-26T13:48:38.148-0300][47.202s][13528][4880 ][info][gc,reloc    ] GC(27) Y: Eden               4M (0%)           15M (1%)          10 / 7              0 / 0              0 / 0        
[2026-06-26T13:48:38.148-0300][47.202s][13528][4880 ][info][gc,reloc    ] GC(27) Y: Survivor 1        38M (1%)           69M (2%)          22 / 3              2 / 1              0 / 0        
[2026-06-26T13:48:38.148-0300][47.202s][13528][4880 ][info][gc,reloc    ] GC(27) Y: Survivor 2        65M (2%)           36M (1%)          35 / 2              1 / 1              0 / 0        
[2026-06-26T13:48:38.148-0300][47.202s][13528][4880 ][info][gc,reloc    ] GC(27) Y: Survivor 3         6M (0%)            1M (0%)           4 / 0              0 / 0              0 / 0        
[2026-06-26T13:48:38.148-0300][47.202s][13528][4880 ][info][gc,reloc    ] GC(27) Y: Survivor 4         5M (0%)            0M (0%)           3 / 0              0 / 0              0 / 0        
[2026-06-26T13:48:38.148-0300][47.202s][13528][4880 ][info][gc,reloc    ] GC(27) Y: Survivor 5         6M (0%)            3M (0%)           5 / 2              0 / 0              0 / 0        
[2026-06-26T13:48:38.148-0300][47.202s][13528][4880 ][info][gc,heap     ] GC(27) Y: Min Capacity: 8M(0%)
[2026-06-26T13:48:38.148-0300][47.202s][13528][4880 ][info][gc,heap     ] GC(27) Y: Max Capacity: 3072M(100%)
[2026-06-26T13:48:38.148-0300][47.202s][13528][4880 ][info][gc,heap     ] GC(27) Y: Soft Max Capacity: 3072M(100%)
[2026-06-26T13:48:38.148-0300][47.202s][13528][4880 ][info][gc,heap     ] GC(27) Y: Heap Statistics:
[2026-06-26T13:48:38.148-0300][47.202s][13528][4880 ][info][gc,heap     ] GC(27) Y:                Mark Start          Mark End        Relocate Start      Relocate End           High               Low         
[2026-06-26T13:48:38.148-0300][47.202s][13528][4880 ][info][gc,heap     ] GC(27) Y:  Capacity:     3072M (100%)       3072M (100%)       3072M (100%)       3072M (100%)       3072M (100%)       3072M (100%)   
[2026-06-26T13:48:38.148-0300][47.203s][13528][4880 ][info][gc,heap     ] GC(27) Y:      Free:     1860M (61%)        1838M (60%)        1834M (60%)        1914M (62%)        1916M (62%)        1800M (59%)    
[2026-06-26T13:48:38.148-0300][47.203s][13528][4880 ][info][gc,heap     ] GC(27) Y:      Used:     1212M (39%)        1234M (40%)        1238M (40%)        1158M (38%)        1272M (41%)        1156M (38%)    
[2026-06-26T13:48:38.148-0300][47.203s][13528][4880 ][info][gc,heap     ] GC(27) Y: Young Generation Statistics:
[2026-06-26T13:48:38.148-0300][47.203s][13528][4880 ][info][gc,heap     ] GC(27) Y:                Mark Start          Mark End        Relocate Start      Relocate End    
[2026-06-26T13:48:38.148-0300][47.203s][13528][4880 ][info][gc,heap     ] GC(27) Y:      Used:      254M (8%)          276M (9%)          168M (5%)           40M (1%)     
[2026-06-26T13:48:38.148-0300][47.203s][13528][4880 ][info][gc,heap     ] GC(27) Y:      Live:         -               126M (4%)           21M (1%)            4M (0%)     
[2026-06-26T13:48:38.148-0300][47.203s][13528][4880 ][info][gc,heap     ] GC(27) Y:   Garbage:         -               127M (4%)          120M (4%)            2M (0%)     
[2026-06-26T13:48:38.148-0300][47.203s][13528][4880 ][info][gc,heap     ] GC(27) Y: Allocated:         -                22M (1%)           26M (1%)           33M (1%)     
[2026-06-26T13:48:38.148-0300][47.203s][13528][4880 ][info][gc,heap     ] GC(27) Y: Reclaimed:         -                  -                 7M (0%)          125M (4%)     
[2026-06-26T13:48:38.148-0300][47.203s][13528][4880 ][info][gc,heap     ] GC(27) Y:  Promoted:         -                  -               104M (3%)          121M (4%)     
[2026-06-26T13:48:38.148-0300][47.203s][13528][4880 ][info][gc,heap     ] GC(27) Y: Compacted:         -                  -                  -                 0M (0%)     
[2026-06-26T13:48:38.148-0300][47.203s][13528][4880 ][info][gc,phases   ] GC(27) Y: Young Generation 1212M(39%)->1158M(38%) 0.178s
[2026-06-26T13:48:38.148-0300][47.203s][13528][4880 ][info][gc,phases   ] GC(27) O: Old Generation
[2026-06-26T13:48:38.472-0300][47.526s][13528][11004][info][gc          ] GC(28) Minor Collection (Allocation Rate)
[2026-06-26T13:48:38.472-0300][47.526s][13528][11004][info][gc,task     ] GC(28) Using 2 Workers for Young Generation
[2026-06-26T13:48:38.472-0300][47.526s][13528][11004][info][gc,phases   ] GC(28) y: Young Generation
[2026-06-26T13:48:38.472-0300][47.526s][13528][11752][info][gc,phases   ] GC(28) y: Pause Mark Start 0.013ms
[2026-06-26T13:48:38.561-0300][47.615s][13528][11004][info][gc,phases   ] GC(28) y: Concurrent Mark 89.438ms
[2026-06-26T13:48:38.561-0300][47.615s][13528][11752][info][gc,phases   ] GC(28) y: Pause Mark End 0.015ms
[2026-06-26T13:48:38.561-0300][47.615s][13528][11004][info][gc,phases   ] GC(28) y: Concurrent Mark Free 0.005ms
[2026-06-26T13:48:38.562-0300][47.616s][13528][11004][info][gc,phases   ] GC(28) y: Concurrent Reset Relocation Set 0.190ms
[2026-06-26T13:48:38.562-0300][47.616s][13528][11004][info][gc,reloc    ] GC(28) y: Using tenuring threshold: 2 (Computed)
[2026-06-26T13:48:38.562-0300][47.616s][13528][11004][info][gc,phases   ] GC(28) y: Concurrent Select Relocation Set 0.372ms
[2026-06-26T13:48:38.562-0300][47.616s][13528][11752][info][gc,phases   ] GC(28) y: Pause Relocate Start 0.011ms
[2026-06-26T13:48:38.566-0300][47.620s][13528][11004][info][gc,phases   ] GC(28) y: Concurrent Relocate 3.452ms
[2026-06-26T13:48:38.566-0300][47.620s][13528][11004][info][gc,alloc    ] GC(28) y:                         Mark Start        Mark End      Relocate Start    Relocate End   
[2026-06-26T13:48:38.566-0300][47.620s][13528][11004][info][gc,alloc    ] GC(28) y: Allocation Stalls:          0                0                0                0         
[2026-06-26T13:48:38.566-0300][47.620s][13528][11004][info][gc,load     ] GC(28) y: Load: 0.00 (0%) / 0.00 (0%) / 0.00 (0%)
[2026-06-26T13:48:38.566-0300][47.620s][13528][11004][info][gc,mmu      ] GC(28) y: MMU: 2ms/59.3%, 5ms/83.7%, 10ms/91.7%, 20ms/95.7%, 50ms/98.3%, 100ms/99.1%
[2026-06-26T13:48:38.566-0300][47.620s][13528][11004][info][gc,marking  ] GC(28) y: Mark: 2 stripe(s), 2 proactive flush(es), 1 terminate flush(es), 0 completion(s), 0 continuation(s) 
[2026-06-26T13:48:38.566-0300][47.620s][13528][11004][info][gc,nmethod  ] GC(28) y: NMethods: 10878 registered, 89 unregistered
[2026-06-26T13:48:38.566-0300][47.620s][13528][11004][info][gc,metaspace] GC(28) y: Metaspace: 63M used, 64M committed, 1088M reserved
[2026-06-26T13:48:38.566-0300][47.620s][13528][11004][info][gc,reloc    ] GC(28) y:                        Candidates     Selected     In-Place         Size        Empty    Relocated 
[2026-06-26T13:48:38.566-0300][47.620s][13528][11004][info][gc,reloc    ] GC(28) y: Small Pages:                   63           19            0         126M           2M           4M 
[2026-06-26T13:48:38.566-0300][47.620s][13528][11004][info][gc,reloc    ] GC(28) y: Medium Pages:                   1            0            0          32M           0M           0M 
[2026-06-26T13:48:38.566-0300][47.620s][13528][11004][info][gc,reloc    ] GC(28) y: Large Pages:                    0            0            0           0M           0M           0M 
[2026-06-26T13:48:38.566-0300][47.620s][13528][11004][info][gc,reloc    ] GC(28) y: Forwarding Usage: 2M
[2026-06-26T13:48:38.566-0300][47.620s][13528][11004][info][gc,reloc    ] GC(28) y: Age Table:
[2026-06-26T13:48:38.566-0300][47.620s][13528][11004][info][gc,reloc    ] GC(28) y:                    Live             Garbage             Small              Medium             Large        
[2026-06-26T13:48:38.566-0300][47.620s][13528][11004][info][gc,reloc    ] GC(28) y: Eden              74M (2%)           73M (2%)          58 / 16             1 / 0              0 / 0        
[2026-06-26T13:48:38.566-0300][47.620s][13528][11004][info][gc,reloc    ] GC(28) y: Survivor 1         4M (0%)            5M (0%)           5 / 3              0 / 0              0 / 0        
[2026-06-26T13:48:38.566-0300][47.620s][13528][11004][info][gc,heap     ] GC(28) y: Min Capacity: 8M(0%)
[2026-06-26T13:48:38.566-0300][47.620s][13528][11004][info][gc,heap     ] GC(28) y: Max Capacity: 3072M(100%)
[2026-06-26T13:48:38.566-0300][47.620s][13528][11004][info][gc,heap     ] GC(28) y: Soft Max Capacity: 3072M(100%)
[2026-06-26T13:48:38.566-0300][47.620s][13528][11004][info][gc,heap     ] GC(28) y: Heap Statistics:
[2026-06-26T13:48:38.566-0300][47.620s][13528][11004][info][gc,heap     ] GC(28) y:                Mark Start          Mark End        Relocate Start      Relocate End           High               Low         
[2026-06-26T13:48:38.566-0300][47.620s][13528][11004][info][gc,heap     ] GC(28) y:  Capacity:     3072M (100%)       3072M (100%)       3072M (100%)       3072M (100%)       3072M (100%)       3072M (100%)   
[2026-06-26T13:48:38.566-0300][47.620s][13528][11004][info][gc,heap     ] GC(28) y:      Free:     1796M (58%)        1774M (58%)        1776M (58%)        1804M (59%)        1804M (59%)        1768M (58%)    
[2026-06-26T13:48:38.566-0300][47.620s][13528][11004][info][gc,heap     ] GC(28) y:      Used:     1276M (42%)        1298M (42%)        1296M (42%)        1268M (41%)        1304M (42%)        1268M (41%)    
[2026-06-26T13:48:38.566-0300][47.620s][13528][11004][info][gc,heap     ] GC(28) y: Young Generation Statistics:
[2026-06-26T13:48:38.566-0300][47.620s][13528][11004][info][gc,heap     ] GC(28) y:                Mark Start          Mark End        Relocate Start      Relocate End    
[2026-06-26T13:48:38.566-0300][47.620s][13528][11004][info][gc,heap     ] GC(28) y:      Used:      158M (5%)          180M (6%)          178M (6%)          150M (5%)     
[2026-06-26T13:48:38.566-0300][47.620s][13528][11004][info][gc,heap     ] GC(28) y:      Live:         -                79M (3%)           79M (3%)           79M (3%)     
[2026-06-26T13:48:38.566-0300][47.620s][13528][11004][info][gc,heap     ] GC(28) y:   Garbage:         -                78M (3%)           76M (2%)           37M (1%)     
[2026-06-26T13:48:38.566-0300][47.620s][13528][11004][info][gc,heap     ] GC(28) y: Allocated:         -                22M (1%)           22M (1%)           33M (1%)     
[2026-06-26T13:48:38.566-0300][47.620s][13528][11004][info][gc,heap     ] GC(28) y: Reclaimed:         -                  -                 2M (0%)           41M (1%)     
[2026-06-26T13:48:38.566-0300][47.620s][13528][11004][info][gc,heap     ] GC(28) y:  Promoted:         -                  -                 0M (0%)            0M (0%)     
[2026-06-26T13:48:38.566-0300][47.620s][13528][11004][info][gc,heap     ] GC(28) y: Compacted:         -                  -                  -                 6M (0%)     
[2026-06-26T13:48:38.566-0300][47.620s][13528][11004][info][gc,phases   ] GC(28) y: Young Generation 1276M(42%)->1268M(41%) 0.094s
[2026-06-26T13:48:38.566-0300][47.620s][13528][11004][info][gc          ] GC(28) Minor Collection (Allocation Rate) 1276M(42%)->1268M(41%) 0.095s
[2026-06-26T13:48:39.097-0300][48.151s][13528][11004][info][gc          ] GC(29) Minor Collection (Allocation Rate)
[2026-06-26T13:48:39.097-0300][48.151s][13528][11004][info][gc,task     ] GC(29) Using 2 Workers for Young Generation
[2026-06-26T13:48:39.097-0300][48.151s][13528][11004][info][gc,phases   ] GC(29) y: Young Generation
[2026-06-26T13:48:39.097-0300][48.151s][13528][11752][info][gc,phases   ] GC(29) y: Pause Mark Start 0.015ms
[2026-06-26T13:48:39.181-0300][48.235s][13528][11004][info][gc,phases   ] GC(29) y: Concurrent Mark 83.684ms
[2026-06-26T13:48:39.181-0300][48.235s][13528][11752][info][gc,phases   ] GC(29) y: Pause Mark End 0.017ms
[2026-06-26T13:48:39.181-0300][48.235s][13528][11004][info][gc,phases   ] GC(29) y: Concurrent Mark Free 0.003ms
[2026-06-26T13:48:39.181-0300][48.235s][13528][11004][info][gc,phases   ] GC(29) y: Concurrent Reset Relocation Set 0.003ms
[2026-06-26T13:48:39.181-0300][48.235s][13528][11004][info][gc,reloc    ] GC(29) y: Using tenuring threshold: 1 (Computed)
[2026-06-26T13:48:39.206-0300][48.261s][13528][11004][info][gc,phases   ] GC(29) y: Concurrent Select Relocation Set 25.716ms
[2026-06-26T13:48:39.207-0300][48.261s][13528][11752][info][gc,phases   ] GC(29) y: Pause Relocate Start 0.036ms
[2026-06-26T13:48:39.250-0300][48.304s][13528][11004][info][gc,phases   ] GC(29) y: Concurrent Relocate 42.704ms
[2026-06-26T13:48:39.250-0300][48.304s][13528][11004][info][gc,alloc    ] GC(29) y:                         Mark Start        Mark End      Relocate Start    Relocate End   
[2026-06-26T13:48:39.250-0300][48.304s][13528][11004][info][gc,alloc    ] GC(29) y: Allocation Stalls:          0                0                0                0         
[2026-06-26T13:48:39.250-0300][48.304s][13528][11004][info][gc,load     ] GC(29) y: Load: 0.00 (0%) / 0.00 (0%) / 0.00 (0%)
[2026-06-26T13:48:39.250-0300][48.304s][13528][11004][info][gc,mmu      ] GC(29) y: MMU: 2ms/59.3%, 5ms/83.7%, 10ms/91.7%, 20ms/95.7%, 50ms/98.3%, 100ms/99.1%
[2026-06-26T13:48:39.250-0300][48.304s][13528][11004][info][gc,marking  ] GC(29) y: Mark: 2 stripe(s), 2 proactive flush(es), 1 terminate flush(es), 0 completion(s), 0 continuation(s) 
[2026-06-26T13:48:39.250-0300][48.304s][13528][11004][info][gc,nmethod  ] GC(29) y: NMethods: 10897 registered, 89 unregistered
[2026-06-26T13:48:39.250-0300][48.304s][13528][11004][info][gc,metaspace] GC(29) y: Metaspace: 63M used, 64M committed, 1088M reserved
[2026-06-26T13:48:39.250-0300][48.304s][13528][11004][info][gc,reloc    ] GC(29) y:                        Candidates     Selected     In-Place         Size        Empty    Relocated 
[2026-06-26T13:48:39.250-0300][48.304s][13528][11004][info][gc,reloc    ] GC(29) y: Small Pages:                   61           15            0         122M           8M           4M 
[2026-06-26T13:48:39.250-0300][48.304s][13528][11004][info][gc,reloc    ] GC(29) y: Medium Pages:                   1            0            0          32M           0M           0M 
[2026-06-26T13:48:39.250-0300][48.304s][13528][11004][info][gc,reloc    ] GC(29) y: Large Pages:                    0            0            0           0M           0M           0M 
[2026-06-26T13:48:39.250-0300][48.304s][13528][11004][info][gc,reloc    ] GC(29) y: Forwarding Usage: 2M
[2026-06-26T13:48:39.250-0300][48.304s][13528][11004][info][gc,reloc    ] GC(29) y: Age Table:
[2026-06-26T13:48:39.250-0300][48.304s][13528][11004][info][gc,reloc    ] GC(29) y:                    Live             Garbage             Small              Medium             Large        
[2026-06-26T13:48:39.250-0300][48.304s][13528][11004][info][gc,reloc    ] GC(29) y: Eden               3M (0%)           22M (1%)          13 / 9              0 / 0              0 / 0        
[2026-06-26T13:48:39.250-0300][48.304s][13528][11004][info][gc,reloc    ] GC(29) y: Survivor 1        71M (2%)           46M (2%)          43 / 3              1 / 0              0 / 0        
[2026-06-26T13:48:39.250-0300][48.304s][13528][11004][info][gc,reloc    ] GC(29) y: Survivor 2         4M (0%)            5M (0%)           5 / 3              0 / 0              0 / 0        
[2026-06-26T13:48:39.250-0300][48.304s][13528][11004][info][gc,heap     ] GC(29) y: Min Capacity: 8M(0%)
[2026-06-26T13:48:39.250-0300][48.304s][13528][11004][info][gc,heap     ] GC(29) y: Max Capacity: 3072M(100%)
[2026-06-26T13:48:39.250-0300][48.304s][13528][11004][info][gc,heap     ] GC(29) y: Soft Max Capacity: 3072M(100%)
[2026-06-26T13:48:39.250-0300][48.304s][13528][11004][info][gc,heap     ] GC(29) y: Heap Statistics:
[2026-06-26T13:48:39.250-0300][48.304s][13528][11004][info][gc,heap     ] GC(29) y:                Mark Start          Mark End        Relocate Start      Relocate End           High               Low         
[2026-06-26T13:48:39.250-0300][48.304s][13528][11004][info][gc,heap     ] GC(29) y:  Capacity:     3072M (100%)       3072M (100%)       3072M (100%)       3072M (100%)       3072M (100%)       3072M (100%)   
[2026-06-26T13:48:39.250-0300][48.304s][13528][11004][info][gc,heap     ] GC(29) y:      Free:     1800M (59%)        1786M (58%)        1790M (58%)        1812M (59%)        1812M (59%)        1782M (58%)    
[2026-06-26T13:48:39.250-0300][48.304s][13528][11004][info][gc,heap     ] GC(29) y:      Used:     1272M (41%)        1286M (42%)        1282M (42%)        1260M (41%)        1290M (42%)        1260M (41%)    
[2026-06-26T13:48:39.250-0300][48.304s][13528][11004][info][gc,heap     ] GC(29) y: Young Generation Statistics:
[2026-06-26T13:48:39.250-0300][48.304s][13528][11004][info][gc,heap     ] GC(29) y:                Mark Start          Mark End        Relocate Start      Relocate End    
[2026-06-26T13:48:39.250-0300][48.304s][13528][11004][info][gc,heap     ] GC(29) y:      Used:      154M (5%)          168M (5%)           58M (2%)           26M (1%)     
[2026-06-26T13:48:39.250-0300][48.304s][13528][11004][info][gc,heap     ] GC(29) y:      Live:         -                78M (3%)            8M (0%)            3M (0%)     
[2026-06-26T13:48:39.250-0300][48.304s][13528][11004][info][gc,heap     ] GC(29) y:   Garbage:         -                75M (2%)           31M (1%)            0M (0%)     
[2026-06-26T13:48:39.250-0300][48.304s][13528][11004][info][gc,heap     ] GC(29) y: Allocated:         -                14M (0%)           18M (1%)           22M (1%)     
[2026-06-26T13:48:39.250-0300][48.304s][13528][11004][info][gc,heap     ] GC(29) y: Reclaimed:         -                  -                44M (1%)           75M (2%)     
[2026-06-26T13:48:39.250-0300][48.304s][13528][11004][info][gc,heap     ] GC(29) y:  Promoted:         -                  -                69M (2%)           75M (2%)     
[2026-06-26T13:48:39.250-0300][48.304s][13528][11004][info][gc,heap     ] GC(29) y: Compacted:         -                  -                  -                 3M (0%)     
[2026-06-26T13:48:39.250-0300][48.304s][13528][11004][info][gc,phases   ] GC(29) y: Young Generation 1272M(41%)->1260M(41%) 0.153s
[2026-06-26T13:48:39.250-0300][48.304s][13528][11004][info][gc          ] GC(29) Minor Collection (Allocation Rate) 1272M(41%)->1260M(41%) 0.153s
[2026-06-26T13:48:39.588-0300][48.642s][13528][4880 ][info][gc,phases   ] GC(27) O: Concurrent Mark 1438.938ms
[2026-06-26T13:48:39.588-0300][48.642s][13528][11752][info][gc,phases   ] GC(27) O: Pause Mark End 0.016ms
[2026-06-26T13:48:39.588-0300][48.642s][13528][4880 ][info][gc,phases   ] GC(27) O: Concurrent Mark Free 0.002ms
[2026-06-26T13:48:39.611-0300][48.665s][13528][4880 ][info][gc,phases   ] GC(27) O: Concurrent Process Non-Strong 23.178ms
[2026-06-26T13:48:39.611-0300][48.665s][13528][4880 ][info][gc,phases   ] GC(27) O: Concurrent Reset Relocation Set 0.006ms
[2026-06-26T13:48:39.612-0300][48.667s][13528][4880 ][info][gc,phases   ] GC(27) O: Concurrent Select Relocation Set 1.375ms
[2026-06-26T13:48:39.612-0300][48.667s][13528][4880 ][info][gc,task     ] GC(27) O: Using 3 Workers for Old Generation
[2026-06-26T13:48:39.621-0300][48.675s][13528][4880 ][info][gc,task     ] GC(27) O: Using 1 Workers for Old Generation
[2026-06-26T13:48:39.621-0300][48.675s][13528][4880 ][info][gc,phases   ] GC(27) O: Concurrent Remap Roots 8.341ms
[2026-06-26T13:48:39.621-0300][48.675s][13528][11752][info][gc,phases   ] GC(27) O: Pause Relocate Start 0.012ms
[2026-06-26T13:48:39.683-0300][48.737s][13528][4880 ][info][gc,phases   ] GC(27) O: Concurrent Relocate 62.157ms
[2026-06-26T13:48:39.683-0300][48.737s][13528][4880 ][info][gc,alloc    ] GC(27) O:                         Mark Start        Mark End      Relocate Start    Relocate End   
[2026-06-26T13:48:39.683-0300][48.737s][13528][4880 ][info][gc,alloc    ] GC(27) O: Allocation Stalls:          0                0                0                0         
[2026-06-26T13:48:39.683-0300][48.737s][13528][4880 ][info][gc,load     ] GC(27) O: Load: 0.00 (0%) / 0.00 (0%) / 0.00 (0%)
[2026-06-26T13:48:39.683-0300][48.737s][13528][4880 ][info][gc,mmu      ] GC(27) O: MMU: 2ms/59.3%, 5ms/83.7%, 10ms/91.7%, 20ms/95.7%, 50ms/98.3%, 100ms/99.1%
[2026-06-26T13:48:39.683-0300][48.737s][13528][4880 ][info][gc,marking  ] GC(27) O: Mark: 1 stripe(s), 2 proactive flush(es), 1 terminate flush(es), 0 completion(s), 0 continuation(s) 
[2026-06-26T13:48:39.683-0300][48.737s][13528][4880 ][info][gc,nmethod  ] GC(27) O: NMethods: 9796 registered, 1191 unregistered
[2026-06-26T13:48:39.683-0300][48.737s][13528][4880 ][info][gc,metaspace] GC(27) O: Metaspace: 63M used, 64M committed, 1088M reserved
[2026-06-26T13:48:39.683-0300][48.737s][13528][4880 ][info][gc,ref      ] GC(27) O:                       Encountered   Discovered     Enqueued 
[2026-06-26T13:48:39.683-0300][48.737s][13528][4880 ][info][gc,ref      ] GC(27) O: Soft References:             5359            0            0 
[2026-06-26T13:48:39.683-0300][48.737s][13528][4880 ][info][gc,ref      ] GC(27) O: Weak References:             4513         3067            3 
[2026-06-26T13:48:39.683-0300][48.737s][13528][4880 ][info][gc,ref      ] GC(27) O: Final References:              14            5            0 
[2026-06-26T13:48:39.683-0300][48.737s][13528][4880 ][info][gc,ref      ] GC(27) O: Phantom References:          6453         4245            0 
[2026-06-26T13:48:39.683-0300][48.737s][13528][4880 ][info][gc,reloc    ] GC(27) O:                        Candidates     Selected     In-Place         Size        Empty    Relocated 
[2026-06-26T13:48:39.683-0300][48.737s][13528][4880 ][info][gc,reloc    ] GC(27) O: Small Pages:                  377           26            0         754M           6M          13M 
[2026-06-26T13:48:39.683-0300][48.737s][13528][4880 ][info][gc,reloc    ] GC(27) O: Medium Pages:                   6            2            0         192M          96M          22M 
[2026-06-26T13:48:39.683-0300][48.737s][13528][4880 ][info][gc,reloc    ] GC(27) O: Large Pages:                    1            0            0          12M           0M           0M 
[2026-06-26T13:48:39.683-0300][48.737s][13528][4880 ][info][gc,reloc    ] GC(27) O: Forwarding Usage: 16M
[2026-06-26T13:48:39.683-0300][48.737s][13528][4880 ][info][gc,heap     ] GC(27) O: Min Capacity: 8M(0%)
[2026-06-26T13:48:39.683-0300][48.737s][13528][4880 ][info][gc,heap     ] GC(27) O: Max Capacity: 3072M(100%)
[2026-06-26T13:48:39.683-0300][48.737s][13528][4880 ][info][gc,heap     ] GC(27) O: Soft Max Capacity: 3072M(100%)
[2026-06-26T13:48:39.683-0300][48.737s][13528][4880 ][info][gc,heap     ] GC(27) O: Heap Statistics:
[2026-06-26T13:48:39.683-0300][48.737s][13528][4880 ][info][gc,heap     ] GC(27) O:                Mark Start          Mark End        Relocate Start      Relocate End           High               Low         
[2026-06-26T13:48:39.683-0300][48.737s][13528][4880 ][info][gc,heap     ] GC(27) O:  Capacity:     3072M (100%)       3072M (100%)       3072M (100%)       3072M (100%)       3072M (100%)       3072M (100%)   
[2026-06-26T13:48:39.683-0300][48.737s][13528][4880 ][info][gc,heap     ] GC(27) O:      Free:     1860M (61%)        1812M (59%)        1914M (62%)        1992M (65%)        1992M (65%)        1768M (58%)    
[2026-06-26T13:48:39.683-0300][48.737s][13528][4880 ][info][gc,heap     ] GC(27) O:      Used:     1212M (39%)        1260M (41%)        1158M (38%)        1080M (35%)        1304M (42%)        1080M (35%)    
[2026-06-26T13:48:39.683-0300][48.738s][13528][4880 ][info][gc,heap     ] GC(27) O: Old Generation Statistics:
[2026-06-26T13:48:39.683-0300][48.738s][13528][4880 ][info][gc,heap     ] GC(27) O:                Mark Start          Mark End        Relocate Start      Relocate End    
[2026-06-26T13:48:39.683-0300][48.738s][13528][4880 ][info][gc,heap     ] GC(27) O:      Used:      958M (31%)        1234M (40%)        1132M (37%)        1054M (34%)    
[2026-06-26T13:48:39.683-0300][48.738s][13528][4880 ][info][gc,heap     ] GC(27) O:      Live:         -               701M (23%)         701M (23%)         701M (23%)    
[2026-06-26T13:48:39.683-0300][48.738s][13528][4880 ][info][gc,heap     ] GC(27) O:   Garbage:         -               256M (8%)          154M (5%)           23M (1%)     
[2026-06-26T13:48:39.683-0300][48.738s][13528][4880 ][info][gc,heap     ] GC(27) O: Allocated:         -               276M (9%)          276M (9%)          328M (11%)    
[2026-06-26T13:48:39.683-0300][48.738s][13528][4880 ][info][gc,heap     ] GC(27) O: Reclaimed:         -                  -               102M (3%)          232M (8%)     
[2026-06-26T13:48:39.683-0300][48.738s][13528][4880 ][info][gc,heap     ] GC(27) O: Compacted:         -                  -                  -                71M (2%)     
[2026-06-26T13:48:39.683-0300][48.738s][13528][4880 ][info][gc,phases   ] GC(27) O: Old Generation 1158M(38%)->1080M(35%) 1.535s
[2026-06-26T13:48:39.683-0300][48.738s][13528][4880 ][info][gc          ] GC(27) Major Collection (Allocation Rate) 1212M(39%)->1080M(35%) 1.714s
[2026-06-26T13:48:41.014-0300][50.067s][13528][4880 ][info][gc          ] GC(30) Major Collection (Allocation Rate)
[2026-06-26T13:48:41.014-0300][50.067s][13528][4880 ][info][gc,task     ] GC(30) Using 3 Workers for Young Generation
[2026-06-26T13:48:41.014-0300][50.067s][13528][4880 ][info][gc,task     ] GC(30) Using 2 Workers for Old Generation
[2026-06-26T13:48:41.014-0300][50.067s][13528][4880 ][info][gc,phases   ] GC(30) Y: Young Generation
[2026-06-26T13:48:41.014-0300][50.067s][13528][11752][info][gc,phases   ] GC(30) Y: Pause Mark Start (Major) 0.009ms
[2026-06-26T13:48:41.105-0300][50.159s][13528][4880 ][info][gc,phases   ] GC(30) Y: Concurrent Mark 91.822ms
[2026-06-26T13:48:41.105-0300][50.159s][13528][11752][info][gc,phases   ] GC(30) Y: Pause Mark End 0.012ms
[2026-06-26T13:48:41.106-0300][50.159s][13528][4880 ][info][gc,phases   ] GC(30) Y: Concurrent Mark Free 0.004ms
[2026-06-26T13:48:41.106-0300][50.160s][13528][4880 ][info][gc,phases   ] GC(30) Y: Concurrent Reset Relocation Set 0.111ms
[2026-06-26T13:48:41.106-0300][50.160s][13528][4880 ][info][gc,reloc    ] GC(30) Y: Using tenuring threshold: 2 (Computed)
[2026-06-26T13:48:41.110-0300][50.164s][13528][4880 ][info][gc,phases   ] GC(30) Y: Concurrent Select Relocation Set 3.954ms
[2026-06-26T13:48:41.110-0300][50.164s][13528][11752][info][gc,phases   ] GC(30) Y: Pause Relocate Start 0.011ms
[2026-06-26T13:48:41.131-0300][50.185s][13528][4880 ][info][gc,phases   ] GC(30) Y: Concurrent Relocate 20.918ms
[2026-06-26T13:48:41.131-0300][50.185s][13528][4880 ][info][gc,alloc    ] GC(30) Y:                         Mark Start        Mark End      Relocate Start    Relocate End   
[2026-06-26T13:48:41.131-0300][50.185s][13528][4880 ][info][gc,alloc    ] GC(30) Y: Allocation Stalls:          0                0                0                0         
[2026-06-26T13:48:41.131-0300][50.185s][13528][4880 ][info][gc,load     ] GC(30) Y: Load: 0.00 (0%) / 0.00 (0%) / 0.00 (0%)
[2026-06-26T13:48:41.131-0300][50.185s][13528][4880 ][info][gc,mmu      ] GC(30) Y: MMU: 2ms/59.3%, 5ms/83.7%, 10ms/91.7%, 20ms/95.7%, 50ms/98.3%, 100ms/99.1%
[2026-06-26T13:48:41.131-0300][50.185s][13528][4880 ][info][gc,marking  ] GC(30) Y: Mark: 2 stripe(s), 2 proactive flush(es), 1 terminate flush(es), 0 completion(s), 0 continuation(s) 
[2026-06-26T13:48:41.131-0300][50.185s][13528][4880 ][info][gc,nmethod  ] GC(30) Y: NMethods: 10120 registered, 1191 unregistered
[2026-06-26T13:48:41.131-0300][50.185s][13528][4880 ][info][gc,metaspace] GC(30) Y: Metaspace: 64M used, 65M committed, 1088M reserved
[2026-06-26T13:48:41.131-0300][50.185s][13528][4880 ][info][gc,reloc    ] GC(30) Y:                        Candidates     Selected     In-Place         Size        Empty    Relocated 
[2026-06-26T13:48:41.131-0300][50.185s][13528][4880 ][info][gc,reloc    ] GC(30) Y: Small Pages:                   78           29            0         156M           0M          22M 
[2026-06-26T13:48:41.131-0300][50.185s][13528][4880 ][info][gc,reloc    ] GC(30) Y: Medium Pages:                   0            0            0           0M           0M           0M 
[2026-06-26T13:48:41.131-0300][50.185s][13528][4880 ][info][gc,reloc    ] GC(30) Y: Large Pages:                    0            0            0           0M           0M           0M 
[2026-06-26T13:48:41.131-0300][50.185s][13528][4880 ][info][gc,reloc    ] GC(30) Y: Forwarding Usage: 20M
[2026-06-26T13:48:41.131-0300][50.185s][13528][4880 ][info][gc,reloc    ] GC(30) Y: Age Table:
[2026-06-26T13:48:41.131-0300][50.185s][13528][4880 ][info][gc,reloc    ] GC(30) Y:                    Live             Garbage             Small              Medium             Large        
[2026-06-26T13:48:41.131-0300][50.185s][13528][4880 ][info][gc,reloc    ] GC(30) Y: Eden              83M (3%)           64M (2%)          74 / 27             0 / 0              0 / 0        
[2026-06-26T13:48:41.131-0300][50.185s][13528][4880 ][info][gc,reloc    ] GC(30) Y: Survivor 1         3M (0%)            4M (0%)           4 / 2              0 / 0              0 / 0        
[2026-06-26T13:48:41.131-0300][50.185s][13528][4880 ][info][gc,heap     ] GC(30) Y: Min Capacity: 8M(0%)
[2026-06-26T13:48:41.131-0300][50.185s][13528][4880 ][info][gc,heap     ] GC(30) Y: Max Capacity: 3072M(100%)
[2026-06-26T13:48:41.131-0300][50.185s][13528][4880 ][info][gc,heap     ] GC(30) Y: Soft Max Capacity: 3072M(100%)
[2026-06-26T13:48:41.131-0300][50.185s][13528][4880 ][info][gc,heap     ] GC(30) Y: Heap Statistics:
[2026-06-26T13:48:41.131-0300][50.185s][13528][4880 ][info][gc,heap     ] GC(30) Y:                Mark Start          Mark End        Relocate Start      Relocate End           High               Low         
[2026-06-26T13:48:41.131-0300][50.185s][13528][4880 ][info][gc,heap     ] GC(30) Y:  Capacity:     3072M (100%)       3072M (100%)       3072M (100%)       3072M (100%)       3072M (100%)       3072M (100%)   
[2026-06-26T13:48:41.131-0300][50.185s][13528][4880 ][info][gc,heap     ] GC(30) Y:      Free:     1862M (61%)        1836M (60%)        1836M (60%)        1856M (60%)        1874M (61%)        1830M (60%)    
[2026-06-26T13:48:41.131-0300][50.185s][13528][4880 ][info][gc,heap     ] GC(30) Y:      Used:     1210M (39%)        1236M (40%)        1236M (40%)        1216M (40%)        1242M (40%)        1198M (39%)    
[2026-06-26T13:48:41.131-0300][50.185s][13528][4880 ][info][gc,heap     ] GC(30) Y: Young Generation Statistics:
[2026-06-26T13:48:41.131-0300][50.185s][13528][4880 ][info][gc,heap     ] GC(30) Y:                Mark Start          Mark End        Relocate Start      Relocate End    
[2026-06-26T13:48:41.131-0300][50.185s][13528][4880 ][info][gc,heap     ] GC(30) Y:      Used:      156M (5%)          182M (6%)          182M (6%)          162M (5%)     
[2026-06-26T13:48:41.131-0300][50.185s][13528][4880 ][info][gc,heap     ] GC(30) Y:      Live:         -                86M (3%)           86M (3%)           86M (3%)     
[2026-06-26T13:48:41.131-0300][50.185s][13528][4880 ][info][gc,heap     ] GC(30) Y:   Garbage:         -                69M (2%)           69M (2%)            4M (0%)     
[2026-06-26T13:48:41.131-0300][50.185s][13528][4880 ][info][gc,heap     ] GC(30) Y: Allocated:         -                26M (1%)           26M (1%)           70M (2%)     
[2026-06-26T13:48:41.131-0300][50.185s][13528][4880 ][info][gc,heap     ] GC(30) Y: Reclaimed:         -                  -                 0M (0%)           64M (2%)     
[2026-06-26T13:48:41.131-0300][50.185s][13528][4880 ][info][gc,heap     ] GC(30) Y:  Promoted:         -                  -                 0M (0%)            0M (0%)     
[2026-06-26T13:48:41.131-0300][50.185s][13528][4880 ][info][gc,heap     ] GC(30) Y: Compacted:         -                  -                  -                45M (1%)     
[2026-06-26T13:48:41.131-0300][50.185s][13528][4880 ][info][gc,phases   ] GC(30) Y: Young Generation 1210M(39%)->1216M(40%) 0.117s
[2026-06-26T13:48:41.131-0300][50.185s][13528][4880 ][info][gc,phases   ] GC(30) O: Old Generation
[2026-06-26T13:48:41.135-0300][50.189s][13528][11004][info][gc          ] GC(31) Minor Collection (Allocation Rate)
[2026-06-26T13:48:41.135-0300][50.189s][13528][11004][info][gc,task     ] GC(31) Using 1 Workers for Young Generation
[2026-06-26T13:48:41.135-0300][50.189s][13528][11004][info][gc,phases   ] GC(31) y: Young Generation
[2026-06-26T13:48:41.135-0300][50.189s][13528][11752][info][gc,phases   ] GC(31) y: Pause Mark Start 0.010ms
[2026-06-26T13:48:41.465-0300][50.520s][13528][11004][info][gc,phases   ] GC(31) y: Concurrent Mark 330.955ms
[2026-06-26T13:48:41.465-0300][50.520s][13528][11752][info][gc,phases   ] GC(31) y: Pause Mark End 0.016ms
[2026-06-26T13:48:41.466-0300][50.520s][13528][11004][info][gc,phases   ] GC(31) y: Concurrent Mark Free 0.006ms
[2026-06-26T13:48:41.466-0300][50.520s][13528][11004][info][gc,phases   ] GC(31) y: Concurrent Reset Relocation Set 0.006ms
[2026-06-26T13:48:41.466-0300][50.520s][13528][11004][info][gc,reloc    ] GC(31) y: Using tenuring threshold: 1 (Computed)
[2026-06-26T13:48:41.519-0300][50.574s][13528][11004][info][gc,phases   ] GC(31) y: Concurrent Select Relocation Set 53.868ms
[2026-06-26T13:48:41.519-0300][50.574s][13528][11752][info][gc,phases   ] GC(31) y: Pause Relocate Start 0.014ms
[2026-06-26T13:48:41.608-0300][50.663s][13528][11004][info][gc,phases   ] GC(31) y: Concurrent Relocate 88.537ms
[2026-06-26T13:48:41.609-0300][50.663s][13528][11004][info][gc,alloc    ] GC(31) y:                         Mark Start        Mark End      Relocate Start    Relocate End   
[2026-06-26T13:48:41.609-0300][50.663s][13528][11004][info][gc,alloc    ] GC(31) y: Allocation Stalls:          0                0                0                0         
[2026-06-26T13:48:41.609-0300][50.663s][13528][11004][info][gc,load     ] GC(31) y: Load: 0.00 (0%) / 0.00 (0%) / 0.00 (0%)
[2026-06-26T13:48:41.609-0300][50.663s][13528][11004][info][gc,mmu      ] GC(31) y: MMU: 2ms/59.3%, 5ms/83.7%, 10ms/91.7%, 20ms/95.7%, 50ms/98.3%, 100ms/99.1%
[2026-06-26T13:48:41.609-0300][50.663s][13528][11004][info][gc,marking  ] GC(31) y: Mark: 1 stripe(s), 2 proactive flush(es), 1 terminate flush(es), 0 completion(s), 0 continuation(s) 
[2026-06-26T13:48:41.609-0300][50.663s][13528][11004][info][gc,nmethod  ] GC(31) y: NMethods: 10138 registered, 1191 unregistered
[2026-06-26T13:48:41.609-0300][50.663s][13528][11004][info][gc,metaspace] GC(31) y: Metaspace: 64M used, 65M committed, 1088M reserved
[2026-06-26T13:48:41.609-0300][50.663s][13528][11004][info][gc,reloc    ] GC(31) y:                        Candidates     Selected     In-Place         Size        Empty    Relocated 
[2026-06-26T13:48:41.609-0300][50.663s][13528][11004][info][gc,reloc    ] GC(31) y: Small Pages:                   66            9            0         132M           4M           2M 
[2026-06-26T13:48:41.609-0300][50.663s][13528][11004][info][gc,reloc    ] GC(31) y: Medium Pages:                   1            0            0          32M           0M           0M 
[2026-06-26T13:48:41.609-0300][50.663s][13528][11004][info][gc,reloc    ] GC(31) y: Large Pages:                    0            0            0           0M           0M           0M 
[2026-06-26T13:48:41.609-0300][50.663s][13528][11004][info][gc,reloc    ] GC(31) y: Forwarding Usage: 0M
[2026-06-26T13:48:41.609-0300][50.663s][13528][11004][info][gc,reloc    ] GC(31) y: Age Table:
[2026-06-26T13:48:41.609-0300][50.663s][13528][11004][info][gc,reloc    ] GC(31) y:                    Live             Garbage             Small              Medium             Large        
[2026-06-26T13:48:41.609-0300][50.663s][13528][11004][info][gc,reloc    ] GC(31) y: Eden              16M (1%)           45M (1%)          15 / 5              1 / 0              0 / 0        
[2026-06-26T13:48:41.609-0300][50.663s][13528][11004][info][gc,reloc    ] GC(31) y: Survivor 1        83M (3%)           10M (0%)          47 / 2              0 / 0              0 / 0        
[2026-06-26T13:48:41.609-0300][50.663s][13528][11004][info][gc,reloc    ] GC(31) y: Survivor 2         3M (0%)            4M (0%)           4 / 2              0 / 0              0 / 0        
[2026-06-26T13:48:41.609-0300][50.663s][13528][11004][info][gc,heap     ] GC(31) y: Min Capacity: 8M(0%)
[2026-06-26T13:48:41.609-0300][50.663s][13528][11004][info][gc,heap     ] GC(31) y: Max Capacity: 3072M(100%)
[2026-06-26T13:48:41.609-0300][50.663s][13528][11004][info][gc,heap     ] GC(31) y: Soft Max Capacity: 3072M(100%)
[2026-06-26T13:48:41.609-0300][50.663s][13528][11004][info][gc,heap     ] GC(31) y: Heap Statistics:
[2026-06-26T13:48:41.609-0300][50.663s][13528][11004][info][gc,heap     ] GC(31) y:                Mark Start          Mark End        Relocate Start      Relocate End           High               Low         
[2026-06-26T13:48:41.609-0300][50.663s][13528][11004][info][gc,heap     ] GC(31) y:  Capacity:     3072M (100%)       3072M (100%)       3072M (100%)       3072M (100%)       3072M (100%)       3072M (100%)   
[2026-06-26T13:48:41.609-0300][50.663s][13528][11004][info][gc,heap     ] GC(31) y:      Free:     1854M (60%)        1672M (54%)        1672M (54%)        1688M (55%)        1854M (60%)        1670M (54%)    
[2026-06-26T13:48:41.609-0300][50.663s][13528][11004][info][gc,heap     ] GC(31) y:      Used:     1218M (40%)        1400M (46%)        1400M (46%)        1384M (45%)        1402M (46%)        1218M (40%)    
[2026-06-26T13:48:41.609-0300][50.663s][13528][11004][info][gc,heap     ] GC(31) y: Young Generation Statistics:
[2026-06-26T13:48:41.609-0300][50.663s][13528][11004][info][gc,heap     ] GC(31) y:                Mark Start          Mark End        Relocate Start      Relocate End    
[2026-06-26T13:48:41.609-0300][50.663s][13528][11004][info][gc,heap     ] GC(31) y:      Used:      164M (5%)          346M (11%)         256M (8%)          238M (8%)     
[2026-06-26T13:48:41.609-0300][50.663s][13528][11004][info][gc,heap     ] GC(31) y:      Live:         -               102M (3%)           18M (1%)           16M (1%)     
[2026-06-26T13:48:41.609-0300][50.663s][13528][11004][info][gc,heap     ] GC(31) y:   Garbage:         -                61M (2%)           51M (2%)           33M (1%)     
[2026-06-26T13:48:41.609-0300][50.663s][13528][11004][info][gc,heap     ] GC(31) y: Allocated:         -               182M (6%)          186M (6%)          188M (6%)     
[2026-06-26T13:48:41.609-0300][50.663s][13528][11004][info][gc,heap     ] GC(31) y: Reclaimed:         -                  -                 9M (0%)           28M (1%)     
[2026-06-26T13:48:41.609-0300][50.663s][13528][11004][info][gc,heap     ] GC(31) y:  Promoted:         -                  -                84M (3%)           86M (3%)     
[2026-06-26T13:48:41.609-0300][50.663s][13528][11004][info][gc,heap     ] GC(31) y: Compacted:         -                  -                  -                 1M (0%)     
[2026-06-26T13:48:41.609-0300][50.663s][13528][11004][info][gc,phases   ] GC(31) y: Young Generation 1218M(40%)->1384M(45%) 0.474s
[2026-06-26T13:48:41.609-0300][50.663s][13528][11004][info][gc          ] GC(31) Minor Collection (Allocation Rate) 1218M(40%)->1384M(45%) 0.475s
[2026-06-26T13:48:41.609-0300][50.663s][13528][11004][info][gc          ] GC(32) Minor Collection (Allocation Rate)
[2026-06-26T13:48:41.609-0300][50.663s][13528][11004][info][gc,task     ] GC(32) Using 1 Workers for Young Generation
[2026-06-26T13:48:41.609-0300][50.663s][13528][11004][info][gc,phases   ] GC(32) y: Young Generation
[2026-06-26T13:48:41.609-0300][50.663s][13528][11752][info][gc,phases   ] GC(32) y: Pause Mark Start 0.014ms
[2026-06-26T13:48:41.681-0300][50.735s][13528][11004][info][gc,phases   ] GC(32) y: Concurrent Mark 71.553ms
[2026-06-26T13:48:41.681-0300][50.735s][13528][11752][info][gc,phases   ] GC(32) y: Pause Mark End 0.023ms
[2026-06-26T13:48:41.681-0300][50.735s][13528][11004][info][gc,phases   ] GC(32) y: Concurrent Mark Free 0.005ms
[2026-06-26T13:48:41.681-0300][50.736s][13528][11004][info][gc,phases   ] GC(32) y: Concurrent Reset Relocation Set 0.353ms
[2026-06-26T13:48:41.681-0300][50.736s][13528][11004][info][gc,reloc    ] GC(32) y: Using tenuring threshold: 1 (Computed)
[2026-06-26T13:48:41.692-0300][50.747s][13528][11004][info][gc,phases   ] GC(32) y: Concurrent Select Relocation Set 11.194ms
[2026-06-26T13:48:41.693-0300][50.747s][13528][11752][info][gc,phases   ] GC(32) y: Pause Relocate Start 0.017ms
[2026-06-26T13:48:41.713-0300][50.767s][13528][11004][info][gc,phases   ] GC(32) y: Concurrent Relocate 20.000ms
[2026-06-26T13:48:41.713-0300][50.767s][13528][11004][info][gc,alloc    ] GC(32) y:                         Mark Start        Mark End      Relocate Start    Relocate End   
[2026-06-26T13:48:41.713-0300][50.767s][13528][11004][info][gc,alloc    ] GC(32) y: Allocation Stalls:          0                0                0                0         
[2026-06-26T13:48:41.713-0300][50.767s][13528][11004][info][gc,load     ] GC(32) y: Load: 0.00 (0%) / 0.00 (0%) / 0.00 (0%)
[2026-06-26T13:48:41.713-0300][50.767s][13528][11004][info][gc,mmu      ] GC(32) y: MMU: 2ms/59.3%, 5ms/83.7%, 10ms/91.7%, 20ms/95.7%, 50ms/98.3%, 100ms/99.1%
[2026-06-26T13:48:41.713-0300][50.767s][13528][11004][info][gc,marking  ] GC(32) y: Mark: 1 stripe(s), 2 proactive flush(es), 1 terminate flush(es), 0 completion(s), 0 continuation(s) 
[2026-06-26T13:48:41.713-0300][50.767s][13528][11004][info][gc,nmethod  ] GC(32) y: NMethods: 10139 registered, 1191 unregistered
[2026-06-26T13:48:41.713-0300][50.767s][13528][11004][info][gc,metaspace] GC(32) y: Metaspace: 64M used, 65M committed, 1088M reserved
[2026-06-26T13:48:41.713-0300][50.767s][13528][11004][info][gc,reloc    ] GC(32) y:                        Candidates     Selected     In-Place         Size        Empty    Relocated 
[2026-06-26T13:48:41.713-0300][50.767s][13528][11004][info][gc,reloc    ] GC(32) y: Small Pages:                   87            6            0         174M         138M           2M 
[2026-06-26T13:48:41.713-0300][50.767s][13528][11004][info][gc,reloc    ] GC(32) y: Medium Pages:                   2            0            0          64M          32M           0M 
[2026-06-26T13:48:41.713-0300][50.767s][13528][11004][info][gc,reloc    ] GC(32) y: Large Pages:                    0            0            0           0M           0M           0M 
[2026-06-26T13:48:41.713-0300][50.767s][13528][11004][info][gc,reloc    ] GC(32) y: Forwarding Usage: 0M
[2026-06-26T13:48:41.713-0300][50.767s][13528][11004][info][gc,reloc    ] GC(32) y: Age Table:
[2026-06-26T13:48:41.713-0300][50.767s][13528][11004][info][gc,reloc    ] GC(32) y:                    Live             Garbage             Small              Medium             Large        
[2026-06-26T13:48:41.713-0300][50.767s][13528][11004][info][gc,reloc    ] GC(32) y: Eden               5M (0%)          182M (6%)          78 / 6              1 / 0              0 / 0        
[2026-06-26T13:48:41.713-0300][50.767s][13528][11004][info][gc,reloc    ] GC(32) y: Survivor 1        15M (1%)           34M (1%)           9 / 0              1 / 0              0 / 0        
[2026-06-26T13:48:41.713-0300][50.767s][13528][11004][info][gc,heap     ] GC(32) y: Min Capacity: 8M(0%)
[2026-06-26T13:48:41.713-0300][50.767s][13528][11004][info][gc,heap     ] GC(32) y: Max Capacity: 3072M(100%)
[2026-06-26T13:48:41.713-0300][50.767s][13528][11004][info][gc,heap     ] GC(32) y: Soft Max Capacity: 3072M(100%)
[2026-06-26T13:48:41.713-0300][50.767s][13528][11004][info][gc,heap     ] GC(32) y: Heap Statistics:
[2026-06-26T13:48:41.713-0300][50.767s][13528][11004][info][gc,heap     ] GC(32) y:                Mark Start          Mark End        Relocate Start      Relocate End           High               Low         
[2026-06-26T13:48:41.713-0300][50.767s][13528][11004][info][gc,heap     ] GC(32) y:  Capacity:     3072M (100%)       3072M (100%)       3072M (100%)       3072M (100%)       3072M (100%)       3072M (100%)   
[2026-06-26T13:48:41.713-0300][50.767s][13528][11004][info][gc,heap     ] GC(32) y:      Free:     1688M (55%)        1672M (54%)        1840M (60%)        1850M (60%)        1850M (60%)        1672M (54%)    
[2026-06-26T13:48:41.713-0300][50.767s][13528][11004][info][gc,heap     ] GC(32) y:      Used:     1384M (45%)        1400M (46%)        1232M (40%)        1222M (40%)        1400M (46%)        1222M (40%)    
[2026-06-26T13:48:41.713-0300][50.767s][13528][11004][info][gc,heap     ] GC(32) y: Young Generation Statistics:
[2026-06-26T13:48:41.713-0300][50.768s][13528][11004][info][gc,heap     ] GC(32) y:                Mark Start          Mark End        Relocate Start      Relocate End    
[2026-06-26T13:48:41.714-0300][50.768s][13528][11004][info][gc,heap     ] GC(32) y:      Used:      238M (8%)          254M (8%)           68M (2%)           58M (2%)     
[2026-06-26T13:48:41.714-0300][50.768s][13528][11004][info][gc,heap     ] GC(32) y:      Live:         -                21M (1%)            5M (0%)            5M (0%)     
[2026-06-26T13:48:41.714-0300][50.768s][13528][11004][info][gc,heap     ] GC(32) y:   Garbage:         -               216M (7%)           44M (1%)           31M (1%)     
[2026-06-26T13:48:41.714-0300][50.768s][13528][11004][info][gc,heap     ] GC(32) y: Allocated:         -                16M (1%)           18M (1%)           20M (1%)     
[2026-06-26T13:48:41.714-0300][50.768s][13528][11004][info][gc,heap     ] GC(32) y: Reclaimed:         -                  -               172M (6%)          185M (6%)     
[2026-06-26T13:48:41.714-0300][50.768s][13528][11004][info][gc,heap     ] GC(32) y:  Promoted:         -                  -                15M (1%)           15M (1%)     
[2026-06-26T13:48:41.714-0300][50.768s][13528][11004][info][gc,heap     ] GC(32) y: Compacted:         -                  -                  -                 3M (0%)     
[2026-06-26T13:48:41.714-0300][50.768s][13528][11004][info][gc,phases   ] GC(32) y: Young Generation 1384M(45%)->1222M(40%) 0.104s
[2026-06-26T13:48:41.714-0300][50.768s][13528][11004][info][gc          ] GC(32) Minor Collection (Allocation Rate) 1384M(45%)->1222M(40%) 0.104s
[2026-06-26T13:48:41.971-0300][51.025s][13528][4880 ][info][gc,phases   ] GC(30) O: Concurrent Mark 839.627ms
[2026-06-26T13:48:41.971-0300][51.025s][13528][11752][info][gc,phases   ] GC(30) O: Pause Mark End 0.018ms
[2026-06-26T13:48:41.971-0300][51.025s][13528][4880 ][info][gc,phases   ] GC(30) O: Concurrent Mark Free 0.005ms
[2026-06-26T13:48:41.987-0300][51.041s][13528][4880 ][info][gc,phases   ] GC(30) O: Concurrent Process Non-Strong 15.754ms
[2026-06-26T13:48:41.987-0300][51.041s][13528][4880 ][info][gc,phases   ] GC(30) O: Concurrent Reset Relocation Set 0.007ms
[2026-06-26T13:48:41.993-0300][51.047s][13528][4880 ][info][gc,phases   ] GC(30) O: Concurrent Select Relocation Set 6.042ms
[2026-06-26T13:48:41.993-0300][51.047s][13528][4880 ][info][gc,task     ] GC(30) O: Using 3 Workers for Old Generation
[2026-06-26T13:48:41.998-0300][51.053s][13528][4880 ][info][gc,task     ] GC(30) O: Using 2 Workers for Old Generation
[2026-06-26T13:48:41.998-0300][51.053s][13528][4880 ][info][gc,phases   ] GC(30) O: Concurrent Remap Roots 5.749ms
[2026-06-26T13:48:41.998-0300][51.053s][13528][11752][info][gc,phases   ] GC(30) O: Pause Relocate Start 0.011ms
[2026-06-26T13:48:42.036-0300][51.090s][13528][4880 ][info][gc,phases   ] GC(30) O: Concurrent Relocate 37.287ms
[2026-06-26T13:48:42.036-0300][51.090s][13528][4880 ][info][gc,alloc    ] GC(30) O:                         Mark Start        Mark End      Relocate Start    Relocate End   
[2026-06-26T13:48:42.036-0300][51.090s][13528][4880 ][info][gc,alloc    ] GC(30) O: Allocation Stalls:          0                0                0                0         
[2026-06-26T13:48:42.036-0300][51.090s][13528][4880 ][info][gc,load     ] GC(30) O: Load: 0.00 (0%) / 0.00 (0%) / 0.00 (0%)
[2026-06-26T13:48:42.036-0300][51.090s][13528][4880 ][info][gc,mmu      ] GC(30) O: MMU: 2ms/59.3%, 5ms/83.7%, 10ms/91.7%, 20ms/95.7%, 50ms/98.3%, 100ms/99.1%
[2026-06-26T13:48:42.036-0300][51.090s][13528][4880 ][info][gc,marking  ] GC(30) O: Mark: 2 stripe(s), 2 proactive flush(es), 1 terminate flush(es), 0 completion(s), 0 continuation(s) 
[2026-06-26T13:48:42.036-0300][51.090s][13528][4880 ][info][gc,nmethod  ] GC(30) O: NMethods: 10028 registered, 1333 unregistered
[2026-06-26T13:48:42.036-0300][51.090s][13528][4880 ][info][gc,metaspace] GC(30) O: Metaspace: 64M used, 65M committed, 1088M reserved
[2026-06-26T13:48:42.036-0300][51.090s][13528][4880 ][info][gc,ref      ] GC(30) O:                       Encountered   Discovered     Enqueued 
[2026-06-26T13:48:42.036-0300][51.090s][13528][4880 ][info][gc,ref      ] GC(30) O: Soft References:             5381            0            0 
[2026-06-26T13:48:42.036-0300][51.090s][13528][4880 ][info][gc,ref      ] GC(30) O: Weak References:             4697         2646          169 
[2026-06-26T13:48:42.036-0300][51.090s][13528][4880 ][info][gc,ref      ] GC(30) O: Final References:              15            0            0 
[2026-06-26T13:48:42.036-0300][51.090s][13528][4880 ][info][gc,ref      ] GC(30) O: Phantom References:          6452         4259            0 
[2026-06-26T13:48:42.036-0300][51.090s][13528][4880 ][info][gc,reloc    ] GC(30) O:                        Candidates     Selected     In-Place         Size        Empty    Relocated 
[2026-06-26T13:48:42.036-0300][51.090s][13528][4880 ][info][gc,reloc    ] GC(30) O: Small Pages:                  457           39            0         914M          62M          10M 
[2026-06-26T13:48:42.036-0300][51.090s][13528][4880 ][info][gc,reloc    ] GC(30) O: Medium Pages:                   4            2            0         128M           0M           7M 
[2026-06-26T13:48:42.036-0300][51.090s][13528][4880 ][info][gc,reloc    ] GC(30) O: Large Pages:                    1            0            0          12M           0M           0M 
[2026-06-26T13:48:42.036-0300][51.090s][13528][4880 ][info][gc,reloc    ] GC(30) O: Forwarding Usage: 16M
[2026-06-26T13:48:42.036-0300][51.090s][13528][4880 ][info][gc,heap     ] GC(30) O: Min Capacity: 8M(0%)
[2026-06-26T13:48:42.036-0300][51.090s][13528][4880 ][info][gc,heap     ] GC(30) O: Max Capacity: 3072M(100%)
[2026-06-26T13:48:42.036-0300][51.090s][13528][4880 ][info][gc,heap     ] GC(30) O: Soft Max Capacity: 3072M(100%)
[2026-06-26T13:48:42.036-0300][51.090s][13528][4880 ][info][gc,heap     ] GC(30) O: Heap Statistics:
[2026-06-26T13:48:42.036-0300][51.091s][13528][4880 ][info][gc,heap     ] GC(30) O:                Mark Start          Mark End        Relocate Start      Relocate End           High               Low         
[2026-06-26T13:48:42.036-0300][51.091s][13528][4880 ][info][gc,heap     ] GC(30) O:  Capacity:     3072M (100%)       3072M (100%)       3072M (100%)       3072M (100%)       3072M (100%)       3072M (100%)   
[2026-06-26T13:48:42.036-0300][51.091s][13528][4880 ][info][gc,heap     ] GC(30) O:      Free:     1862M (61%)        1812M (59%)        1868M (61%)        1996M (65%)        1996M (65%)        1670M (54%)    
[2026-06-26T13:48:42.036-0300][51.091s][13528][4880 ][info][gc,heap     ] GC(30) O:      Used:     1210M (39%)        1260M (41%)        1204M (39%)        1076M (35%)        1402M (46%)        1076M (35%)    
[2026-06-26T13:48:42.036-0300][51.091s][13528][4880 ][info][gc,heap     ] GC(30) O: Old Generation Statistics:
[2026-06-26T13:48:42.036-0300][51.091s][13528][4880 ][info][gc,heap     ] GC(30) O:                Mark Start          Mark End        Relocate Start      Relocate End    
[2026-06-26T13:48:42.036-0300][51.091s][13528][4880 ][info][gc,heap     ] GC(30) O:      Used:     1054M (34%)        1164M (38%)        1102M (36%)         970M (32%)    
[2026-06-26T13:48:42.036-0300][51.091s][13528][4880 ][info][gc,heap     ] GC(30) O:      Live:         -               779M (25%)         779M (25%)         779M (25%)    
[2026-06-26T13:48:42.036-0300][51.091s][13528][4880 ][info][gc,heap     ] GC(30) O:   Garbage:         -               274M (9%)          212M (7%)           40M (1%)     
[2026-06-26T13:48:42.036-0300][51.091s][13528][4880 ][info][gc,heap     ] GC(30) O: Allocated:         -               110M (4%)          110M (4%)          150M (5%)     
[2026-06-26T13:48:42.036-0300][51.091s][13528][4880 ][info][gc,heap     ] GC(30) O: Reclaimed:         -                  -                62M (2%)          234M (8%)     
[2026-06-26T13:48:42.036-0300][51.091s][13528][4880 ][info][gc,heap     ] GC(30) O: Compacted:         -                  -                  -                57M (2%)     
[2026-06-26T13:48:42.036-0300][51.091s][13528][4880 ][info][gc,phases   ] GC(30) O: Old Generation 1216M(40%)->1076M(35%) 0.905s
[2026-06-26T13:48:42.036-0300][51.091s][13528][4880 ][info][gc          ] GC(30) Major Collection (Allocation Rate) 1210M(39%)->1078M(35%) 1.023s
[2026-06-26T13:48:42.218-0300][51.272s][13528][11004][info][gc          ] GC(33) Minor Collection (Allocation Rate)
[2026-06-26T13:48:42.218-0300][51.272s][13528][11004][info][gc,task     ] GC(33) Using 3 Workers for Young Generation
[2026-06-26T13:48:42.218-0300][51.272s][13528][11004][info][gc,phases   ] GC(33) y: Young Generation
[2026-06-26T13:48:42.218-0300][51.272s][13528][11752][info][gc,phases   ] GC(33) y: Pause Mark Start 0.015ms
[2026-06-26T13:48:42.238-0300][51.292s][13528][11004][info][gc,phases   ] GC(33) y: Concurrent Mark 20.287ms
[2026-06-26T13:48:42.238-0300][51.292s][13528][11752][info][gc,phases   ] GC(33) y: Pause Mark End 0.015ms
[2026-06-26T13:48:42.238-0300][51.292s][13528][11004][info][gc,phases   ] GC(33) y: Concurrent Mark Free 0.005ms
[2026-06-26T13:48:42.238-0300][51.292s][13528][11004][info][gc,phases   ] GC(33) y: Concurrent Reset Relocation Set 0.033ms
[2026-06-26T13:48:42.238-0300][51.293s][13528][11004][info][gc,reloc    ] GC(33) y: Using tenuring threshold: 2 (Computed)
[2026-06-26T13:48:42.241-0300][51.295s][13528][11004][info][gc,phases   ] GC(33) y: Concurrent Select Relocation Set 2.330ms
[2026-06-26T13:48:42.241-0300][51.295s][13528][11752][info][gc,phases   ] GC(33) y: Pause Relocate Start 0.011ms
[2026-06-26T13:48:42.252-0300][51.306s][13528][11004][info][gc,phases   ] GC(33) y: Concurrent Relocate 10.962ms
[2026-06-26T13:48:42.252-0300][51.306s][13528][11004][info][gc,alloc    ] GC(33) y:                         Mark Start        Mark End      Relocate Start    Relocate End   
[2026-06-26T13:48:42.252-0300][51.306s][13528][11004][info][gc,alloc    ] GC(33) y: Allocation Stalls:          0                0                0                0         
[2026-06-26T13:48:42.252-0300][51.306s][13528][11004][info][gc,load     ] GC(33) y: Load: 0.00 (0%) / 0.00 (0%) / 0.00 (0%)
[2026-06-26T13:48:42.252-0300][51.306s][13528][11004][info][gc,mmu      ] GC(33) y: MMU: 2ms/59.3%, 5ms/83.7%, 10ms/91.7%, 20ms/95.7%, 50ms/98.3%, 100ms/99.1%
[2026-06-26T13:48:42.252-0300][51.306s][13528][11004][info][gc,marking  ] GC(33) y: Mark: 2 stripe(s), 2 proactive flush(es), 1 terminate flush(es), 0 completion(s), 0 continuation(s) 
[2026-06-26T13:48:42.252-0300][51.306s][13528][11004][info][gc,nmethod  ] GC(33) y: NMethods: 10048 registered, 1333 unregistered
[2026-06-26T13:48:42.252-0300][51.306s][13528][11004][info][gc,metaspace] GC(33) y: Metaspace: 64M used, 65M committed, 1088M reserved
[2026-06-26T13:48:42.252-0300][51.306s][13528][11004][info][gc,reloc    ] GC(33) y:                        Candidates     Selected     In-Place         Size        Empty    Relocated 
[2026-06-26T13:48:42.252-0300][51.306s][13528][11004][info][gc,reloc    ] GC(33) y: Small Pages:                   62           32            0         124M          36M          13M 
[2026-06-26T13:48:42.252-0300][51.306s][13528][11004][info][gc,reloc    ] GC(33) y: Medium Pages:                   1            0            0          32M           0M           0M 
[2026-06-26T13:48:42.252-0300][51.306s][13528][11004][info][gc,reloc    ] GC(33) y: Large Pages:                    0            0            0           0M           0M           0M 
[2026-06-26T13:48:42.252-0300][51.306s][13528][11004][info][gc,reloc    ] GC(33) y: Forwarding Usage: 9M
[2026-06-26T13:48:42.252-0300][51.306s][13528][11004][info][gc,reloc    ] GC(33) y: Age Table:
[2026-06-26T13:48:42.252-0300][51.306s][13528][11004][info][gc,reloc    ] GC(33) y:                    Live             Garbage             Small              Medium             Large        
[2026-06-26T13:48:42.252-0300][51.306s][13528][11004][info][gc,reloc    ] GC(33) y: Eden              16M (1%)           99M (3%)          58 / 31             0 / 0              0 / 0        
[2026-06-26T13:48:42.252-0300][51.306s][13528][11004][info][gc,reloc    ] GC(33) y: Survivor 1         5M (0%)           34M (1%)           4 / 1              1 / 0              0 / 0        
[2026-06-26T13:48:42.252-0300][51.306s][13528][11004][info][gc,heap     ] GC(33) y: Min Capacity: 8M(0%)
[2026-06-26T13:48:42.252-0300][51.306s][13528][11004][info][gc,heap     ] GC(33) y: Max Capacity: 3072M(100%)
[2026-06-26T13:48:42.252-0300][51.306s][13528][11004][info][gc,heap     ] GC(33) y: Soft Max Capacity: 3072M(100%)
[2026-06-26T13:48:42.252-0300][51.306s][13528][11004][info][gc,heap     ] GC(33) y: Heap Statistics:
[2026-06-26T13:48:42.252-0300][51.306s][13528][11004][info][gc,heap     ] GC(33) y:                Mark Start          Mark End        Relocate Start      Relocate End           High               Low         
[2026-06-26T13:48:42.252-0300][51.306s][13528][11004][info][gc,heap     ] GC(33) y:  Capacity:     3072M (100%)       3072M (100%)       3072M (100%)       3072M (100%)       3072M (100%)       3072M (100%)   
[2026-06-26T13:48:42.252-0300][51.306s][13528][11004][info][gc,heap     ] GC(33) y:      Free:     1946M (63%)        1928M (63%)        1962M (64%)        2010M (65%)        2014M (66%)        1926M (63%)    
[2026-06-26T13:48:42.252-0300][51.306s][13528][11004][info][gc,heap     ] GC(33) y:      Used:     1126M (37%)        1144M (37%)        1110M (36%)        1062M (35%)        1146M (37%)        1058M (34%)    
[2026-06-26T13:48:42.252-0300][51.306s][13528][11004][info][gc,heap     ] GC(33) y: Young Generation Statistics:
[2026-06-26T13:48:42.252-0300][51.306s][13528][11004][info][gc,heap     ] GC(33) y:                Mark Start          Mark End        Relocate Start      Relocate End    
[2026-06-26T13:48:42.252-0300][51.306s][13528][11004][info][gc,heap     ] GC(33) y:      Used:      156M (5%)          174M (6%)          140M (5%)           92M (3%)     
[2026-06-26T13:48:42.252-0300][51.306s][13528][11004][info][gc,heap     ] GC(33) y:      Live:         -                21M (1%)           21M (1%)           21M (1%)     
[2026-06-26T13:48:42.252-0300][51.306s][13528][11004][info][gc,heap     ] GC(33) y:   Garbage:         -               134M (4%)           98M (3%)           31M (1%)     
[2026-06-26T13:48:42.252-0300][51.306s][13528][11004][info][gc,heap     ] GC(33) y: Allocated:         -                18M (1%)           20M (1%)           39M (1%)     
[2026-06-26T13:48:42.252-0300][51.306s][13528][11004][info][gc,heap     ] GC(33) y: Reclaimed:         -                  -                36M (1%)          103M (3%)     
[2026-06-26T13:48:42.252-0300][51.306s][13528][11004][info][gc,heap     ] GC(33) y:  Promoted:         -                  -                 0M (0%)            0M (0%)     
[2026-06-26T13:48:42.252-0300][51.306s][13528][11004][info][gc,heap     ] GC(33) y: Compacted:         -                  -                  -                18M (1%)     
[2026-06-26T13:48:42.253-0300][51.306s][13528][11004][info][gc,phases   ] GC(33) y: Young Generation 1126M(37%)->1062M(35%) 0.034s
[2026-06-26T13:48:42.253-0300][51.306s][13528][11004][info][gc          ] GC(33) Minor Collection (Allocation Rate) 1126M(37%)->1064M(35%) 0.035s
[2026-06-26T13:48:42.299-0300][51.353s][13528][11004][info][gc          ] GC(34) Minor Collection (Allocation Rate)
[2026-06-26T13:48:42.299-0300][51.353s][13528][11004][info][gc,task     ] GC(34) Using 3 Workers for Young Generation
[2026-06-26T13:48:42.299-0300][51.353s][13528][11004][info][gc,phases   ] GC(34) y: Young Generation
[2026-06-26T13:48:42.300-0300][51.354s][13528][11752][info][gc,phases   ] GC(34) y: Pause Mark Start 0.012ms
[2026-06-26T13:48:42.329-0300][51.383s][13528][11004][info][gc,phases   ] GC(34) y: Concurrent Mark 29.132ms
[2026-06-26T13:48:42.329-0300][51.383s][13528][11752][info][gc,phases   ] GC(34) y: Pause Mark End 0.016ms
[2026-06-26T13:48:42.329-0300][51.383s][13528][11004][info][gc,phases   ] GC(34) y: Concurrent Mark Free 0.007ms
[2026-06-26T13:48:42.329-0300][51.383s][13528][11004][info][gc,phases   ] GC(34) y: Concurrent Reset Relocation Set 0.004ms
[2026-06-26T13:48:42.329-0300][51.383s][13528][11004][info][gc,reloc    ] GC(34) y: Using tenuring threshold: 2 (Computed)
[2026-06-26T13:48:42.331-0300][51.385s][13528][11004][info][gc,phases   ] GC(34) y: Concurrent Select Relocation Set 2.373ms
[2026-06-26T13:48:42.331-0300][51.385s][13528][11752][info][gc,phases   ] GC(34) y: Pause Relocate Start 0.011ms
[2026-06-26T13:48:42.337-0300][51.391s][13528][11004][info][gc,phases   ] GC(34) y: Concurrent Relocate 5.955ms
[2026-06-26T13:48:42.337-0300][51.391s][13528][11004][info][gc,alloc    ] GC(34) y:                         Mark Start        Mark End      Relocate Start    Relocate End   
[2026-06-26T13:48:42.337-0300][51.391s][13528][11004][info][gc,alloc    ] GC(34) y: Allocation Stalls:          0                0                0                0         
[2026-06-26T13:48:42.337-0300][51.391s][13528][11004][info][gc,load     ] GC(34) y: Load: 0.00 (0%) / 0.00 (0%) / 0.00 (0%)
[2026-06-26T13:48:42.337-0300][51.391s][13528][11004][info][gc,mmu      ] GC(34) y: MMU: 2ms/59.3%, 5ms/83.7%, 10ms/91.7%, 20ms/95.7%, 50ms/98.3%, 100ms/99.1%
[2026-06-26T13:48:42.337-0300][51.392s][13528][11004][info][gc,marking  ] GC(34) y: Mark: 2 stripe(s), 4 proactive flush(es), 1 terminate flush(es), 0 completion(s), 0 continuation(s) 
[2026-06-26T13:48:42.337-0300][51.392s][13528][11004][info][gc,nmethod  ] GC(34) y: NMethods: 10079 registered, 1333 unregistered
[2026-06-26T13:48:42.337-0300][51.392s][13528][11004][info][gc,metaspace] GC(34) y: Metaspace: 64M used, 65M committed, 1088M reserved
[2026-06-26T13:48:42.337-0300][51.392s][13528][11004][info][gc,reloc    ] GC(34) y:                        Candidates     Selected     In-Place         Size        Empty    Relocated 
[2026-06-26T13:48:42.337-0300][51.392s][13528][11004][info][gc,reloc    ] GC(34) y: Small Pages:                   62           14            0         124M          72M           3M 
[2026-06-26T13:48:42.337-0300][51.392s][13528][11004][info][gc,reloc    ] GC(34) y: Medium Pages:                   2            1            0          64M           0M           1M 
[2026-06-26T13:48:42.337-0300][51.392s][13528][11004][info][gc,reloc    ] GC(34) y: Large Pages:                    0            0            0           0M           0M           0M 
[2026-06-26T13:48:42.337-0300][51.392s][13528][11004][info][gc,reloc    ] GC(34) y: Forwarding Usage: 3M
[2026-06-26T13:48:42.337-0300][51.392s][13528][11004][info][gc,reloc    ] GC(34) y: Age Table:
[2026-06-26T13:48:42.337-0300][51.392s][13528][11004][info][gc,reloc    ] GC(34) y:                    Live             Garbage             Small              Medium             Large        
[2026-06-26T13:48:42.337-0300][51.392s][13528][11004][info][gc,reloc    ] GC(34) y: Eden               4M (0%)          121M (4%)          47 / 10             1 / 1              0 / 0        
[2026-06-26T13:48:42.337-0300][51.392s][13528][11004][info][gc,reloc    ] GC(34) y: Survivor 1        16M (1%)            5M (0%)          11 / 2              0 / 0              0 / 0        
[2026-06-26T13:48:42.337-0300][51.392s][13528][11004][info][gc,reloc    ] GC(34) y: Survivor 2         5M (0%)           34M (1%)           4 / 2              1 / 0              0 / 0        
[2026-06-26T13:48:42.337-0300][51.392s][13528][11004][info][gc,heap     ] GC(34) y: Min Capacity: 8M(0%)
[2026-06-26T13:48:42.337-0300][51.392s][13528][11004][info][gc,heap     ] GC(34) y: Max Capacity: 3072M(100%)
[2026-06-26T13:48:42.337-0300][51.392s][13528][11004][info][gc,heap     ] GC(34) y: Soft Max Capacity: 3072M(100%)
[2026-06-26T13:48:42.337-0300][51.392s][13528][11004][info][gc,heap     ] GC(34) y: Heap Statistics:
[2026-06-26T13:48:42.337-0300][51.392s][13528][11004][info][gc,heap     ] GC(34) y:                Mark Start          Mark End        Relocate Start      Relocate End           High               Low         
[2026-06-26T13:48:42.337-0300][51.392s][13528][11004][info][gc,heap     ] GC(34) y:  Capacity:     3072M (100%)       3072M (100%)       3072M (100%)       3072M (100%)       3072M (100%)       3072M (100%)   
[2026-06-26T13:48:42.337-0300][51.392s][13528][11004][info][gc,heap     ] GC(34) y:      Free:     1914M (62%)        1884M (61%)        1956M (64%)        1978M (64%)        1978M (64%)        1884M (61%)    
[2026-06-26T13:48:42.337-0300][51.392s][13528][11004][info][gc,heap     ] GC(34) y:      Used:     1158M (38%)        1188M (39%)        1116M (36%)        1094M (36%)        1188M (39%)        1094M (36%)    
[2026-06-26T13:48:42.337-0300][51.392s][13528][11004][info][gc,heap     ] GC(34) y: Young Generation Statistics:
[2026-06-26T13:48:42.337-0300][51.392s][13528][11004][info][gc,heap     ] GC(34) y:                Mark Start          Mark End        Relocate Start      Relocate End    
[2026-06-26T13:48:42.337-0300][51.392s][13528][11004][info][gc,heap     ] GC(34) y:      Used:      188M (6%)          218M (7%)          142M (5%)           84M (3%)     
[2026-06-26T13:48:42.337-0300][51.392s][13528][11004][info][gc,heap     ] GC(34) y:      Live:         -                25M (1%)           21M (1%)           20M (1%)     
[2026-06-26T13:48:42.337-0300][51.392s][13528][11004][info][gc,heap     ] GC(34) y:   Garbage:         -               162M (5%)           90M (3%)            0M (0%)     
[2026-06-26T13:48:42.337-0300][51.392s][13528][11004][info][gc,heap     ] GC(34) y: Allocated:         -                30M (1%)           30M (1%)           63M (2%)     
[2026-06-26T13:48:42.337-0300][51.392s][13528][11004][info][gc,heap     ] GC(34) y: Reclaimed:         -                  -                72M (2%)          161M (5%)     
[2026-06-26T13:48:42.337-0300][51.392s][13528][11004][info][gc,heap     ] GC(34) y:  Promoted:         -                  -                 3M (0%)            5M (0%)     
[2026-06-26T13:48:42.337-0300][51.392s][13528][11004][info][gc,heap     ] GC(34) y: Compacted:         -                  -                  -                 6M (0%)     
[2026-06-26T13:48:42.337-0300][51.392s][13528][11004][info][gc,phases   ] GC(34) y: Young Generation 1158M(38%)->1094M(36%) 0.038s
[2026-06-26T13:48:42.337-0300][51.392s][13528][11004][info][gc          ] GC(34) Minor Collection (Allocation Rate) 1158M(38%)->1094M(36%) 0.039s
[2026-06-26T13:48:42.412-0300][51.466s][13528][11004][info][gc          ] GC(35) Minor Collection (Allocation Rate)
[2026-06-26T13:48:42.412-0300][51.466s][13528][11004][info][gc,task     ] GC(35) Using 3 Workers for Young Generation
[2026-06-26T13:48:42.413-0300][51.466s][13528][11004][info][gc,phases   ] GC(35) y: Young Generation
[2026-06-26T13:48:42.413-0300][51.466s][13528][11752][info][gc,phases   ] GC(35) y: Pause Mark Start 0.013ms
[2026-06-26T13:48:42.444-0300][51.498s][13528][11004][info][gc,phases   ] GC(35) y: Concurrent Mark 30.967ms
[2026-06-26T13:48:42.444-0300][51.498s][13528][11752][info][gc,phases   ] GC(35) y: Pause Mark End 0.017ms
[2026-06-26T13:48:42.444-0300][51.498s][13528][11004][info][gc,phases   ] GC(35) y: Concurrent Mark Free 0.008ms
[2026-06-26T13:48:42.444-0300][51.498s][13528][11004][info][gc,phases   ] GC(35) y: Concurrent Reset Relocation Set 0.011ms
[2026-06-26T13:48:42.444-0300][51.498s][13528][11004][info][gc,reloc    ] GC(35) y: Using tenuring threshold: 1 (Computed)
[2026-06-26T13:48:42.449-0300][51.503s][13528][11004][info][gc,phases   ] GC(35) y: Concurrent Select Relocation Set 5.258ms
[2026-06-26T13:48:42.449-0300][51.503s][13528][11752][info][gc,phases   ] GC(35) y: Pause Relocate Start 0.018ms
[2026-06-26T13:48:42.460-0300][51.514s][13528][11004][info][gc,phases   ] GC(35) y: Concurrent Relocate 11.184ms
[2026-06-26T13:48:42.460-0300][51.514s][13528][11004][info][gc,alloc    ] GC(35) y:                         Mark Start        Mark End      Relocate Start    Relocate End   
[2026-06-26T13:48:42.460-0300][51.514s][13528][11004][info][gc,alloc    ] GC(35) y: Allocation Stalls:          0                0                0                0         
[2026-06-26T13:48:42.460-0300][51.514s][13528][11004][info][gc,load     ] GC(35) y: Load: 0.00 (0%) / 0.00 (0%) / 0.00 (0%)
[2026-06-26T13:48:42.460-0300][51.514s][13528][11004][info][gc,mmu      ] GC(35) y: MMU: 2ms/59.3%, 5ms/83.7%, 10ms/91.7%, 20ms/95.7%, 50ms/98.3%, 100ms/99.1%
[2026-06-26T13:48:42.460-0300][51.514s][13528][11004][info][gc,marking  ] GC(35) y: Mark: 2 stripe(s), 2 proactive flush(es), 1 terminate flush(es), 0 completion(s), 0 continuation(s) 
[2026-06-26T13:48:42.460-0300][51.514s][13528][11004][info][gc,nmethod  ] GC(35) y: NMethods: 10137 registered, 0 unregistered
[2026-06-26T13:48:42.460-0300][51.515s][13528][11004][info][gc,metaspace] GC(35) y: Metaspace: 64M used, 65M committed, 1088M reserved
[2026-06-26T13:48:42.460-0300][51.515s][13528][11004][info][gc,reloc    ] GC(35) y:                        Candidates     Selected     In-Place         Size        Empty    Relocated 
[2026-06-26T13:48:42.460-0300][51.515s][13528][11004][info][gc,reloc    ] GC(35) y: Small Pages:                   34           13            0          68M           2M           4M 
[2026-06-26T13:48:42.460-0300][51.515s][13528][11004][info][gc,reloc    ] GC(35) y: Medium Pages:                   2            1            0          64M           0M           3M 
[2026-06-26T13:48:42.460-0300][51.515s][13528][11004][info][gc,reloc    ] GC(35) y: Large Pages:                    2            0            0          24M           0M           0M 
[2026-06-26T13:48:42.460-0300][51.515s][13528][11004][info][gc,reloc    ] GC(35) y: Forwarding Usage: 3M
[2026-06-26T13:48:42.460-0300][51.515s][13528][11004][info][gc,reloc    ] GC(35) y: Age Table:
[2026-06-26T13:48:42.460-0300][51.515s][13528][11004][info][gc,reloc    ] GC(35) y:                    Live             Garbage             Small              Medium             Large        
[2026-06-26T13:48:42.460-0300][51.515s][13528][11004][info][gc,reloc    ] GC(35) y: Eden              46M (2%)           55M (2%)          23 / 12             1 / 1              2 / 0        
[2026-06-26T13:48:42.460-0300][51.515s][13528][11004][info][gc,reloc    ] GC(35) y: Survivor 1         3M (0%)           32M (1%)           2 / 1              1 / 0              0 / 0        
[2026-06-26T13:48:42.460-0300][51.515s][13528][11004][info][gc,reloc    ] GC(35) y: Survivor 2        16M (1%)            1M (0%)           9 / 0              0 / 0              0 / 0        
[2026-06-26T13:48:42.460-0300][51.515s][13528][11004][info][gc,heap     ] GC(35) y: Min Capacity: 8M(0%)
[2026-06-26T13:48:42.460-0300][51.515s][13528][11004][info][gc,heap     ] GC(35) y: Max Capacity: 3072M(100%)
[2026-06-26T13:48:42.460-0300][51.515s][13528][11004][info][gc,heap     ] GC(35) y: Soft Max Capacity: 3072M(100%)
[2026-06-26T13:48:42.460-0300][51.515s][13528][11004][info][gc,heap     ] GC(35) y: Heap Statistics:
[2026-06-26T13:48:42.460-0300][51.515s][13528][11004][info][gc,heap     ] GC(35) y:                Mark Start          Mark End        Relocate Start      Relocate End           High               Low         
[2026-06-26T13:48:42.460-0300][51.515s][13528][11004][info][gc,heap     ] GC(35) y:  Capacity:     3072M (100%)       3072M (100%)       3072M (100%)       3072M (100%)       3072M (100%)       3072M (100%)   
[2026-06-26T13:48:42.460-0300][51.515s][13528][11004][info][gc,heap     ] GC(35) y:      Free:     1906M (62%)        1858M (60%)        1860M (61%)        1882M (61%)        1906M (62%)        1802M (59%)    
[2026-06-26T13:48:42.460-0300][51.515s][13528][11004][info][gc,heap     ] GC(35) y:      Used:     1166M (38%)        1214M (40%)        1212M (39%)        1190M (39%)        1270M (41%)        1166M (38%)    
[2026-06-26T13:48:42.460-0300][51.515s][13528][11004][info][gc,heap     ] GC(35) y: Young Generation Statistics:
[2026-06-26T13:48:42.460-0300][51.515s][13528][11004][info][gc,heap     ] GC(35) y:                Mark Start          Mark End        Relocate Start      Relocate End    
[2026-06-26T13:48:42.460-0300][51.515s][13528][11004][info][gc,heap     ] GC(35) y:      Used:      156M (5%)          204M (7%)          186M (6%)          126M (4%)     
[2026-06-26T13:48:42.460-0300][51.515s][13528][11004][info][gc,heap     ] GC(35) y:      Live:         -                66M (2%)           51M (2%)           46M (2%)     
[2026-06-26T13:48:42.460-0300][51.515s][13528][11004][info][gc,heap     ] GC(35) y:   Garbage:         -                89M (3%)           86M (3%)            0M (0%)     
[2026-06-26T13:48:42.460-0300][51.515s][13528][11004][info][gc,heap     ] GC(35) y: Allocated:         -                48M (2%)           48M (2%)           78M (3%)     
[2026-06-26T13:48:42.460-0300][51.515s][13528][11004][info][gc,heap     ] GC(35) y: Reclaimed:         -                  -                 2M (0%)           88M (3%)     
[2026-06-26T13:48:42.460-0300][51.515s][13528][11004][info][gc,heap     ] GC(35) y:  Promoted:         -                  -                15M (0%)           20M (1%)     
[2026-06-26T13:48:42.460-0300][51.515s][13528][11004][info][gc,heap     ] GC(35) y: Compacted:         -                  -                  -                 7M (0%)     
[2026-06-26T13:48:42.460-0300][51.515s][13528][11004][info][gc,phases   ] GC(35) y: Young Generation 1166M(38%)->1190M(39%) 0.048s
[2026-06-26T13:48:42.460-0300][51.515s][13528][11004][info][gc          ] GC(35) Minor Collection (Allocation Rate) 1166M(38%)->1190M(39%) 0.048s
[2026-06-26T13:48:46.108-0300][55.162s][13528][4880 ][info][gc          ] GC(36) Major Collection (Allocation Rate)
[2026-06-26T13:48:46.108-0300][55.162s][13528][4880 ][info][gc,task     ] GC(36) Using 2 Workers for Young Generation
[2026-06-26T13:48:46.108-0300][55.162s][13528][4880 ][info][gc,task     ] GC(36) Using 1 Workers for Old Generation
[2026-06-26T13:48:46.108-0300][55.162s][13528][4880 ][info][gc,phases   ] GC(36) Y: Young Generation
[2026-06-26T13:48:46.108-0300][55.162s][13528][11752][info][gc,phases   ] GC(36) Y: Pause Mark Start (Major) 0.012ms
[2026-06-26T13:48:46.362-0300][55.416s][13528][4880 ][info][gc,phases   ] GC(36) Y: Concurrent Mark 254.086ms
[2026-06-26T13:48:46.362-0300][55.416s][13528][11752][info][gc,phases   ] GC(36) Y: Pause Mark End 0.012ms
[2026-06-26T13:48:46.362-0300][55.416s][13528][4880 ][info][gc,phases   ] GC(36) Y: Concurrent Mark Free 0.005ms
[2026-06-26T13:48:46.362-0300][55.416s][13528][4880 ][info][gc,phases   ] GC(36) Y: Concurrent Reset Relocation Set 0.045ms
[2026-06-26T13:48:46.362-0300][55.416s][13528][4880 ][info][gc,reloc    ] GC(36) Y: Using tenuring threshold: 2 (Computed)
[2026-06-26T13:48:46.375-0300][55.429s][13528][4880 ][info][gc,phases   ] GC(36) Y: Concurrent Select Relocation Set 12.766ms
[2026-06-26T13:48:46.375-0300][55.429s][13528][11752][info][gc,phases   ] GC(36) Y: Pause Relocate Start 0.011ms
[2026-06-26T13:48:46.480-0300][55.534s][13528][4880 ][info][gc,phases   ] GC(36) Y: Concurrent Relocate 105.089ms
[2026-06-26T13:48:46.480-0300][55.534s][13528][4880 ][info][gc,alloc    ] GC(36) Y:                         Mark Start        Mark End      Relocate Start    Relocate End   
[2026-06-26T13:48:46.480-0300][55.534s][13528][4880 ][info][gc,alloc    ] GC(36) Y: Allocation Stalls:          0                0                0                0         
[2026-06-26T13:48:46.481-0300][55.534s][13528][4880 ][info][gc,load     ] GC(36) Y: Load: 0.00 (0%) / 0.00 (0%) / 0.00 (0%)
[2026-06-26T13:48:46.481-0300][55.534s][13528][4880 ][info][gc,mmu      ] GC(36) Y: MMU: 2ms/59.3%, 5ms/83.7%, 10ms/91.7%, 20ms/95.7%, 50ms/98.3%, 100ms/99.1%
[2026-06-26T13:48:46.481-0300][55.535s][13528][4880 ][info][gc,marking  ] GC(36) Y: Mark: 2 stripe(s), 2 proactive flush(es), 1 terminate flush(es), 0 completion(s), 0 continuation(s) 
[2026-06-26T13:48:46.481-0300][55.535s][13528][4880 ][info][gc,nmethod  ] GC(36) Y: NMethods: 11131 registered, 0 unregistered
[2026-06-26T13:48:46.481-0300][55.535s][13528][4880 ][info][gc,metaspace] GC(36) Y: Metaspace: 65M used, 66M committed, 1088M reserved
[2026-06-26T13:48:46.481-0300][55.535s][13528][4880 ][info][gc,reloc    ] GC(36) Y:                        Candidates     Selected     In-Place         Size        Empty    Relocated 
[2026-06-26T13:48:46.481-0300][55.535s][13528][4880 ][info][gc,reloc    ] GC(36) Y: Small Pages:                  371          215            0         742M           2M          93M 
[2026-06-26T13:48:46.481-0300][55.535s][13528][4880 ][info][gc,reloc    ] GC(36) Y: Medium Pages:                   1            0            0          32M           0M           0M 
[2026-06-26T13:48:46.481-0300][55.535s][13528][4880 ][info][gc,reloc    ] GC(36) Y: Large Pages:                    4            0            0          48M           0M           0M 
[2026-06-26T13:48:46.481-0300][55.535s][13528][4880 ][info][gc,reloc    ] GC(36) Y: Forwarding Usage: 77M
[2026-06-26T13:48:46.481-0300][55.535s][13528][4880 ][info][gc,reloc    ] GC(36) Y: Age Table:
[2026-06-26T13:48:46.481-0300][55.535s][13528][4880 ][info][gc,reloc    ] GC(36) Y:                    Live             Garbage             Small              Medium             Large        
[2026-06-26T13:48:46.481-0300][55.535s][13528][4880 ][info][gc,reloc    ] GC(36) Y: Eden             278M (9%)          465M (15%)        360 / 214            0 / 0              2 / 0        
[2026-06-26T13:48:46.481-0300][55.535s][13528][4880 ][info][gc,reloc    ] GC(36) Y: Survivor 1        46M (2%)           31M (1%)          11 / 1              1 / 0              2 / 0        
[2026-06-26T13:48:46.481-0300][55.535s][13528][4880 ][info][gc,heap     ] GC(36) Y: Min Capacity: 8M(0%)
[2026-06-26T13:48:46.481-0300][55.535s][13528][4880 ][info][gc,heap     ] GC(36) Y: Max Capacity: 3072M(100%)
[2026-06-26T13:48:46.481-0300][55.535s][13528][4880 ][info][gc,heap     ] GC(36) Y: Soft Max Capacity: 3072M(100%)
[2026-06-26T13:48:46.481-0300][55.535s][13528][4880 ][info][gc,heap     ] GC(36) Y: Heap Statistics:
[2026-06-26T13:48:46.481-0300][55.535s][13528][4880 ][info][gc,heap     ] GC(36) Y:                Mark Start          Mark End        Relocate Start      Relocate End           High               Low         
[2026-06-26T13:48:46.481-0300][55.535s][13528][4880 ][info][gc,heap     ] GC(36) Y:  Capacity:     3072M (100%)       3072M (100%)       3072M (100%)       3072M (100%)       3072M (100%)       3072M (100%)   
[2026-06-26T13:48:46.481-0300][55.535s][13528][4880 ][info][gc,heap     ] GC(36) Y:      Free:     1186M (39%)        1126M (37%)        1128M (37%)        1552M (51%)        1552M (51%)        1120M (36%)    
[2026-06-26T13:48:46.481-0300][55.535s][13528][4880 ][info][gc,heap     ] GC(36) Y:      Used:     1886M (61%)        1946M (63%)        1944M (63%)        1520M (49%)        1952M (64%)        1520M (49%)    
[2026-06-26T13:48:46.481-0300][55.535s][13528][4880 ][info][gc,heap     ] GC(36) Y: Young Generation Statistics:
[2026-06-26T13:48:46.481-0300][55.535s][13528][4880 ][info][gc,heap     ] GC(36) Y:                Mark Start          Mark End        Relocate Start      Relocate End    
[2026-06-26T13:48:46.481-0300][55.535s][13528][4880 ][info][gc,heap     ] GC(36) Y:      Used:      822M (27%)         882M (29%)         880M (29%)         456M (15%)    
[2026-06-26T13:48:46.481-0300][55.535s][13528][4880 ][info][gc,heap     ] GC(36) Y:      Live:         -               325M (11%)         325M (11%)         325M (11%)    
[2026-06-26T13:48:46.481-0300][55.535s][13528][4880 ][info][gc,heap     ] GC(36) Y:   Garbage:         -               496M (16%)         494M (16%)          45M (1%)     
[2026-06-26T13:48:46.481-0300][55.535s][13528][4880 ][info][gc,heap     ] GC(36) Y: Allocated:         -                60M (2%)           60M (2%)           85M (3%)     
[2026-06-26T13:48:46.481-0300][55.535s][13528][4880 ][info][gc,heap     ] GC(36) Y: Reclaimed:         -                  -                 2M (0%)          451M (15%)    
[2026-06-26T13:48:46.481-0300][55.535s][13528][4880 ][info][gc,heap     ] GC(36) Y:  Promoted:         -                  -                 0M (0%)            0M (0%)     
[2026-06-26T13:48:46.481-0300][55.535s][13528][4880 ][info][gc,heap     ] GC(36) Y: Compacted:         -                  -                  -               136M (4%)     
[2026-06-26T13:48:46.481-0300][55.535s][13528][4880 ][info][gc,phases   ] GC(36) Y: Young Generation 1886M(61%)->1520M(49%) 0.372s
[2026-06-26T13:48:46.481-0300][55.535s][13528][4880 ][info][gc,phases   ] GC(36) O: Old Generation
[2026-06-26T13:48:46.488-0300][55.542s][13528][11004][info][gc          ] GC(37) Minor Collection (Allocation Rate)
[2026-06-26T13:48:46.488-0300][55.542s][13528][11004][info][gc,task     ] GC(37) Using 2 Workers for Young Generation
[2026-06-26T13:48:46.488-0300][55.542s][13528][11004][info][gc,phases   ] GC(37) y: Young Generation
[2026-06-26T13:48:46.488-0300][55.542s][13528][11752][info][gc,phases   ] GC(37) y: Pause Mark Start 0.012ms
[2026-06-26T13:48:46.867-0300][55.922s][13528][11004][info][gc,phases   ] GC(37) y: Concurrent Mark 379.297ms
[2026-06-26T13:48:46.867-0300][55.922s][13528][11752][info][gc,phases   ] GC(37) y: Pause Mark End 0.014ms
[2026-06-26T13:48:46.867-0300][55.922s][13528][11004][info][gc,phases   ] GC(37) y: Concurrent Mark Free 0.005ms
[2026-06-26T13:48:46.867-0300][55.922s][13528][11004][info][gc,phases   ] GC(37) y: Concurrent Reset Relocation Set 0.036ms
[2026-06-26T13:48:46.868-0300][55.922s][13528][11004][info][gc,reloc    ] GC(37) y: Using tenuring threshold: 1 (Computed)
[2026-06-26T13:48:46.977-0300][56.031s][13528][11004][info][gc,phases   ] GC(37) y: Concurrent Select Relocation Set 109.461ms
[2026-06-26T13:48:46.978-0300][56.031s][13528][11752][info][gc,phases   ] GC(37) y: Pause Relocate Start 0.012ms
[2026-06-26T13:48:47.158-0300][56.212s][13528][11004][info][gc,phases   ] GC(37) y: Concurrent Relocate 180.702ms
[2026-06-26T13:48:47.158-0300][56.212s][13528][11004][info][gc,alloc    ] GC(37) y:                         Mark Start        Mark End      Relocate Start    Relocate End   
[2026-06-26T13:48:47.158-0300][56.212s][13528][11004][info][gc,alloc    ] GC(37) y: Allocation Stalls:          0                0                0                0         
[2026-06-26T13:48:47.158-0300][56.212s][13528][11004][info][gc,load     ] GC(37) y: Load: 0.00 (0%) / 0.00 (0%) / 0.00 (0%)
[2026-06-26T13:48:47.158-0300][56.212s][13528][11004][info][gc,mmu      ] GC(37) y: MMU: 2ms/59.3%, 5ms/83.7%, 10ms/91.7%, 20ms/95.7%, 50ms/98.3%, 100ms/99.1%
[2026-06-26T13:48:47.158-0300][56.212s][13528][11004][info][gc,marking  ] GC(37) y: Mark: 2 stripe(s), 2 proactive flush(es), 1 terminate flush(es), 0 completion(s), 0 continuation(s) 
[2026-06-26T13:48:47.158-0300][56.212s][13528][11004][info][gc,nmethod  ] GC(37) y: NMethods: 11284 registered, 0 unregistered
[2026-06-26T13:48:47.158-0300][56.212s][13528][11004][info][gc,metaspace] GC(37) y: Metaspace: 65M used, 66M committed, 1088M reserved
[2026-06-26T13:48:47.158-0300][56.212s][13528][11004][info][gc,reloc    ] GC(37) y:                        Candidates     Selected     In-Place         Size        Empty    Relocated 
[2026-06-26T13:48:47.158-0300][56.212s][13528][11004][info][gc,reloc    ] GC(37) y: Small Pages:                  189           29            0         378M           2M          10M 
[2026-06-26T13:48:47.158-0300][56.212s][13528][11004][info][gc,reloc    ] GC(37) y: Medium Pages:                   1            0            0          32M           0M           0M 
[2026-06-26T13:48:47.158-0300][56.212s][13528][11004][info][gc,reloc    ] GC(37) y: Large Pages:                    4            0            0          48M           0M           0M 
[2026-06-26T13:48:47.158-0300][56.212s][13528][11004][info][gc,reloc    ] GC(37) y: Forwarding Usage: 8M
[2026-06-26T13:48:47.158-0300][56.212s][13528][11004][info][gc,reloc    ] GC(37) y: Age Table:
[2026-06-26T13:48:47.158-0300][56.212s][13528][11004][info][gc,reloc    ] GC(37) y:                    Live             Garbage             Small              Medium             Large        
[2026-06-26T13:48:47.158-0300][56.212s][13528][11004][info][gc,reloc    ] GC(37) y: Eden              22M (1%)           55M (2%)          39 / 25             0 / 0              0 / 0        
[2026-06-26T13:48:47.158-0300][56.212s][13528][11004][info][gc,reloc    ] GC(37) y: Survivor 1       278M (9%)           25M (1%)         140 / 3              0 / 0              2 / 0        
[2026-06-26T13:48:47.158-0300][56.212s][13528][11004][info][gc,reloc    ] GC(37) y: Survivor 2        46M (2%)           29M (1%)          10 / 1              1 / 0              2 / 0        
[2026-06-26T13:48:47.158-0300][56.212s][13528][11004][info][gc,heap     ] GC(37) y: Min Capacity: 8M(0%)
[2026-06-26T13:48:47.158-0300][56.213s][13528][11004][info][gc,heap     ] GC(37) y: Max Capacity: 3072M(100%)
[2026-06-26T13:48:47.158-0300][56.213s][13528][11004][info][gc,heap     ] GC(37) y: Soft Max Capacity: 3072M(100%)
[2026-06-26T13:48:47.158-0300][56.213s][13528][11004][info][gc,heap     ] GC(37) y: Heap Statistics:
[2026-06-26T13:48:47.158-0300][56.213s][13528][11004][info][gc,heap     ] GC(37) y:                Mark Start          Mark End        Relocate Start      Relocate End           High               Low         
[2026-06-26T13:48:47.158-0300][56.213s][13528][11004][info][gc,heap     ] GC(37) y:  Capacity:     3072M (100%)       3072M (100%)       3072M (100%)       3072M (100%)       3072M (100%)       3072M (100%)   
[2026-06-26T13:48:47.158-0300][56.213s][13528][11004][info][gc,heap     ] GC(37) y:      Free:     1550M (50%)        1434M (47%)        1394M (45%)        1374M (45%)        1550M (50%)        1374M (45%)    
[2026-06-26T13:48:47.158-0300][56.213s][13528][11004][info][gc,heap     ] GC(37) y:      Used:     1522M (50%)        1638M (53%)        1678M (55%)        1698M (55%)        1698M (55%)        1522M (50%)    
[2026-06-26T13:48:47.158-0300][56.213s][13528][11004][info][gc,heap     ] GC(37) y: Young Generation Statistics:
[2026-06-26T13:48:47.158-0300][56.213s][13528][11004][info][gc,heap     ] GC(37) y:                Mark Start          Mark End        Relocate Start      Relocate End    
[2026-06-26T13:48:47.158-0300][56.213s][13528][11004][info][gc,heap     ] GC(37) y:      Used:      458M (15%)         574M (19%)         244M (8%)          260M (8%)     
[2026-06-26T13:48:47.158-0300][56.213s][13528][11004][info][gc,heap     ] GC(37) y:      Live:         -               347M (11%)          23M (1%)           22M (1%)     
[2026-06-26T13:48:47.158-0300][56.213s][13528][11004][info][gc,heap     ] GC(37) y:   Garbage:         -               110M (4%)           62M (2%)            1M (0%)     
[2026-06-26T13:48:47.158-0300][56.213s][13528][11004][info][gc,heap     ] GC(37) y: Allocated:         -               116M (4%)          158M (5%)          235M (8%)     
[2026-06-26T13:48:47.158-0300][56.213s][13528][11004][info][gc,heap     ] GC(37) y: Reclaimed:         -                  -                48M (2%)          108M (4%)     
[2026-06-26T13:48:47.158-0300][56.213s][13528][11004][info][gc,heap     ] GC(37) y:  Promoted:         -                  -               323M (11%)         324M (11%)    
[2026-06-26T13:48:47.158-0300][56.213s][13528][11004][info][gc,heap     ] GC(37) y: Compacted:         -                  -                  -                14M (0%)     
[2026-06-26T13:48:47.158-0300][56.213s][13528][11004][info][gc,phases   ] GC(37) y: Young Generation 1522M(50%)->1698M(55%) 0.670s
[2026-06-26T13:48:47.158-0300][56.213s][13528][11004][info][gc          ] GC(37) Minor Collection (Allocation Rate) 1522M(50%)->1698M(55%) 0.671s
[2026-06-26T13:48:47.159-0300][56.213s][13528][10748][info][gc,task     ] Adjusting Workers for Old Generation: 1 -> 2
[2026-06-26T13:48:47.159-0300][56.213s][13528][11004][info][gc          ] GC(38) Minor Collection (Allocation Rate)
[2026-06-26T13:48:47.159-0300][56.213s][13528][11004][info][gc,task     ] GC(38) Using 1 Workers for Young Generation
[2026-06-26T13:48:47.159-0300][56.213s][13528][11004][info][gc,phases   ] GC(38) y: Young Generation
[2026-06-26T13:48:47.159-0300][56.213s][13528][11752][info][gc,phases   ] GC(38) y: Pause Mark Start 0.012ms
[2026-06-26T13:48:47.273-0300][56.327s][13528][11004][info][gc,phases   ] GC(38) y: Concurrent Mark 113.585ms
[2026-06-26T13:48:47.273-0300][56.327s][13528][11752][info][gc,phases   ] GC(38) y: Pause Mark End 0.015ms
[2026-06-26T13:48:47.273-0300][56.327s][13528][11004][info][gc,phases   ] GC(38) y: Concurrent Mark Free 0.001ms
[2026-06-26T13:48:47.273-0300][56.327s][13528][11004][info][gc,phases   ] GC(38) y: Concurrent Reset Relocation Set 0.500ms
[2026-06-26T13:48:47.274-0300][56.327s][13528][11004][info][gc,reloc    ] GC(38) y: Using tenuring threshold: 2 (Computed)
[2026-06-26T13:48:47.277-0300][56.332s][13528][11004][info][gc,phases   ] GC(38) y: Concurrent Select Relocation Set 4.413ms
[2026-06-26T13:48:47.278-0300][56.332s][13528][11752][info][gc,phases   ] GC(38) y: Pause Relocate Start 0.019ms
[2026-06-26T13:48:47.315-0300][56.369s][13528][11004][info][gc,phases   ] GC(38) y: Concurrent Relocate 37.062ms
[2026-06-26T13:48:47.315-0300][56.369s][13528][11004][info][gc,alloc    ] GC(38) y:                         Mark Start        Mark End      Relocate Start    Relocate End   
[2026-06-26T13:48:47.315-0300][56.369s][13528][11004][info][gc,alloc    ] GC(38) y: Allocation Stalls:          0                0                0                0         
[2026-06-26T13:48:47.315-0300][56.369s][13528][11004][info][gc,load     ] GC(38) y: Load: 0.00 (0%) / 0.00 (0%) / 0.00 (0%)
[2026-06-26T13:48:47.315-0300][56.369s][13528][11004][info][gc,mmu      ] GC(38) y: MMU: 2ms/59.3%, 5ms/83.7%, 10ms/91.7%, 20ms/95.7%, 50ms/98.3%, 100ms/99.1%
[2026-06-26T13:48:47.315-0300][56.369s][13528][11004][info][gc,marking  ] GC(38) y: Mark: 1 stripe(s), 2 proactive flush(es), 1 terminate flush(es), 0 completion(s), 0 continuation(s) 
[2026-06-26T13:48:47.315-0300][56.369s][13528][11004][info][gc,nmethod  ] GC(38) y: NMethods: 11298 registered, 0 unregistered
[2026-06-26T13:48:47.315-0300][56.369s][13528][11004][info][gc,metaspace] GC(38) y: Metaspace: 65M used, 66M committed, 1088M reserved
[2026-06-26T13:48:47.315-0300][56.369s][13528][11004][info][gc,reloc    ] GC(38) y:                        Candidates     Selected     In-Place         Size        Empty    Relocated 
[2026-06-26T13:48:47.315-0300][56.369s][13528][11004][info][gc,reloc    ] GC(38) y: Small Pages:                  130          104            0         260M           4M          15M 
[2026-06-26T13:48:47.315-0300][56.369s][13528][11004][info][gc,reloc    ] GC(38) y: Medium Pages:                   0            0            0           0M           0M           0M 
[2026-06-26T13:48:47.315-0300][56.369s][13528][11004][info][gc,reloc    ] GC(38) y: Large Pages:                    0            0            0           0M           0M           0M 
[2026-06-26T13:48:47.315-0300][56.369s][13528][11004][info][gc,reloc    ] GC(38) y: Forwarding Usage: 11M
[2026-06-26T13:48:47.315-0300][56.369s][13528][11004][info][gc,reloc    ] GC(38) y: Age Table:
[2026-06-26T13:48:47.315-0300][56.369s][13528][11004][info][gc,reloc    ] GC(38) y:                    Live             Garbage             Small              Medium             Large        
[2026-06-26T13:48:47.315-0300][56.369s][13528][11004][info][gc,reloc    ] GC(38) y: Eden              19M (1%)          210M (7%)         115 / 103            0 / 0              0 / 0        
[2026-06-26T13:48:47.315-0300][56.369s][13528][11004][info][gc,reloc    ] GC(38) y: Survivor 1        22M (1%)            7M (0%)          15 / 1              0 / 0              0 / 0        
[2026-06-26T13:48:47.315-0300][56.369s][13528][11004][info][gc,heap     ] GC(38) y: Min Capacity: 8M(0%)
[2026-06-26T13:48:47.315-0300][56.369s][13528][11004][info][gc,heap     ] GC(38) y: Max Capacity: 3072M(100%)
[2026-06-26T13:48:47.315-0300][56.369s][13528][11004][info][gc,heap     ] GC(38) y: Soft Max Capacity: 3072M(100%)
[2026-06-26T13:48:47.315-0300][56.369s][13528][11004][info][gc,heap     ] GC(38) y: Heap Statistics:
[2026-06-26T13:48:47.315-0300][56.369s][13528][11004][info][gc,heap     ] GC(38) y:                Mark Start          Mark End        Relocate Start      Relocate End           High               Low         
[2026-06-26T13:48:47.315-0300][56.369s][13528][11004][info][gc,heap     ] GC(38) y:  Capacity:     3072M (100%)       3072M (100%)       3072M (100%)       3072M (100%)       3072M (100%)       3072M (100%)   
[2026-06-26T13:48:47.315-0300][56.369s][13528][11004][info][gc,heap     ] GC(38) y:      Free:     1374M (45%)        1312M (43%)        1314M (43%)        1500M (49%)        1500M (49%)        1312M (43%)    
[2026-06-26T13:48:47.315-0300][56.369s][13528][11004][info][gc,heap     ] GC(38) y:      Used:     1698M (55%)        1760M (57%)        1758M (57%)        1572M (51%)        1760M (57%)        1572M (51%)    
[2026-06-26T13:48:47.315-0300][56.369s][13528][11004][info][gc,heap     ] GC(38) y: Young Generation Statistics:
[2026-06-26T13:48:47.315-0300][56.369s][13528][11004][info][gc,heap     ] GC(38) y:                Mark Start          Mark End        Relocate Start      Relocate End    
[2026-06-26T13:48:47.315-0300][56.370s][13528][11004][info][gc,heap     ] GC(38) y:      Used:      260M (8%)          322M (10%)         320M (10%)         134M (4%)     
[2026-06-26T13:48:47.315-0300][56.370s][13528][11004][info][gc,heap     ] GC(38) y:      Live:         -                42M (1%)           42M (1%)           42M (1%)     
[2026-06-26T13:48:47.315-0300][56.370s][13528][11004][info][gc,heap     ] GC(38) y:   Garbage:         -               217M (7%)          213M (7%)            2M (0%)     
[2026-06-26T13:48:47.315-0300][56.370s][13528][11004][info][gc,heap     ] GC(38) y: Allocated:         -                62M (2%)           64M (2%)           89M (3%)     
[2026-06-26T13:48:47.315-0300][56.370s][13528][11004][info][gc,heap     ] GC(38) y: Reclaimed:         -                  -                 4M (0%)          215M (7%)     
[2026-06-26T13:48:47.315-0300][56.370s][13528][11004][info][gc,heap     ] GC(38) y:  Promoted:         -                  -                 0M (0%)            0M (0%)     
[2026-06-26T13:48:47.315-0300][56.370s][13528][11004][info][gc,heap     ] GC(38) y: Compacted:         -                  -                  -                20M (1%)     
[2026-06-26T13:48:47.315-0300][56.370s][13528][11004][info][gc,phases   ] GC(38) y: Young Generation 1698M(55%)->1572M(51%) 0.156s
[2026-06-26T13:48:47.315-0300][56.370s][13528][11004][info][gc          ] GC(38) Minor Collection (Allocation Rate) 1698M(55%)->1572M(51%) 0.157s
[2026-06-26T13:48:47.366-0300][56.420s][13528][11004][info][gc          ] GC(39) Minor Collection (Allocation Rate)
[2026-06-26T13:48:47.366-0300][56.420s][13528][11004][info][gc,task     ] GC(39) Using 1 Workers for Young Generation
[2026-06-26T13:48:47.366-0300][56.420s][13528][11004][info][gc,phases   ] GC(39) y: Young Generation
[2026-06-26T13:48:47.366-0300][56.420s][13528][11752][info][gc,phases   ] GC(39) y: Pause Mark Start 0.009ms
[2026-06-26T13:48:47.501-0300][56.555s][13528][11004][info][gc,phases   ] GC(39) y: Concurrent Mark 134.936ms
[2026-06-26T13:48:47.501-0300][56.555s][13528][11752][info][gc,phases   ] GC(39) y: Pause Mark End 0.015ms
[2026-06-26T13:48:47.501-0300][56.555s][13528][11004][info][gc,phases   ] GC(39) y: Concurrent Mark Free 0.001ms
[2026-06-26T13:48:47.501-0300][56.555s][13528][11004][info][gc,phases   ] GC(39) y: Concurrent Reset Relocation Set 0.011ms
[2026-06-26T13:48:47.501-0300][56.555s][13528][11004][info][gc,reloc    ] GC(39) y: Using tenuring threshold: 1 (Computed)
[2026-06-26T13:48:47.526-0300][56.581s][13528][11004][info][gc,phases   ] GC(39) y: Concurrent Select Relocation Set 25.869ms
[2026-06-26T13:48:47.526-0300][56.581s][13528][11752][info][gc,phases   ] GC(39) y: Pause Relocate Start 0.012ms
[2026-06-26T13:48:47.582-0300][56.636s][13528][11004][info][gc,phases   ] GC(39) y: Concurrent Relocate 55.434ms
[2026-06-26T13:48:47.582-0300][56.636s][13528][11004][info][gc,alloc    ] GC(39) y:                         Mark Start        Mark End      Relocate Start    Relocate End   
[2026-06-26T13:48:47.582-0300][56.636s][13528][11004][info][gc,alloc    ] GC(39) y: Allocation Stalls:          0                0                0                0         
[2026-06-26T13:48:47.582-0300][56.636s][13528][11004][info][gc,load     ] GC(39) y: Load: 0.00 (0%) / 0.00 (0%) / 0.00 (0%)
[2026-06-26T13:48:47.583-0300][56.636s][13528][11004][info][gc,mmu      ] GC(39) y: MMU: 2ms/59.3%, 5ms/83.7%, 10ms/91.7%, 20ms/95.7%, 50ms/98.3%, 100ms/99.1%
[2026-06-26T13:48:47.583-0300][56.636s][13528][11004][info][gc,marking  ] GC(39) y: Mark: 1 stripe(s), 2 proactive flush(es), 1 terminate flush(es), 0 completion(s), 0 continuation(s) 
[2026-06-26T13:48:47.583-0300][56.637s][13528][11004][info][gc,nmethod  ] GC(39) y: NMethods: 11318 registered, 0 unregistered
[2026-06-26T13:48:47.583-0300][56.637s][13528][11004][info][gc,metaspace] GC(39) y: Metaspace: 65M used, 66M committed, 1088M reserved
[2026-06-26T13:48:47.583-0300][56.637s][13528][11004][info][gc,reloc    ] GC(39) y:                        Candidates     Selected     In-Place         Size        Empty    Relocated 
[2026-06-26T13:48:47.583-0300][56.637s][13528][11004][info][gc,reloc    ] GC(39) y: Small Pages:                   78           49            0         156M           4M           6M 
[2026-06-26T13:48:47.583-0300][56.637s][13528][11004][info][gc,reloc    ] GC(39) y: Medium Pages:                   0            0            0           0M           0M           0M 
[2026-06-26T13:48:47.583-0300][56.637s][13528][11004][info][gc,reloc    ] GC(39) y: Large Pages:                    0            0            0           0M           0M           0M 
[2026-06-26T13:48:47.583-0300][56.637s][13528][11004][info][gc,reloc    ] GC(39) y: Forwarding Usage: 4M
[2026-06-26T13:48:47.583-0300][56.637s][13528][11004][info][gc,reloc    ] GC(39) y: Age Table:
[2026-06-26T13:48:47.583-0300][56.637s][13528][11004][info][gc,reloc    ] GC(39) y:                    Live             Garbage             Small              Medium             Large        
[2026-06-26T13:48:47.583-0300][56.637s][13528][11004][info][gc,reloc    ] GC(39) y: Eden               7M (0%)           96M (3%)          52 / 48             0 / 0              0 / 0        
[2026-06-26T13:48:47.583-0300][56.637s][13528][11004][info][gc,reloc    ] GC(39) y: Survivor 1        19M (1%)            6M (0%)          13 / 1              0 / 0              0 / 0        
[2026-06-26T13:48:47.583-0300][56.637s][13528][11004][info][gc,reloc    ] GC(39) y: Survivor 2        22M (1%)            3M (0%)          13 / 0              0 / 0              0 / 0        
[2026-06-26T13:48:47.583-0300][56.637s][13528][11004][info][gc,heap     ] GC(39) y: Min Capacity: 8M(0%)
[2026-06-26T13:48:47.583-0300][56.637s][13528][11004][info][gc,heap     ] GC(39) y: Max Capacity: 3072M(100%)
[2026-06-26T13:48:47.583-0300][56.637s][13528][11004][info][gc,heap     ] GC(39) y: Soft Max Capacity: 3072M(100%)
[2026-06-26T13:48:47.583-0300][56.637s][13528][11004][info][gc,heap     ] GC(39) y: Heap Statistics:
[2026-06-26T13:48:47.583-0300][56.637s][13528][11004][info][gc,heap     ] GC(39) y:                Mark Start          Mark End        Relocate Start      Relocate End           High               Low         
[2026-06-26T13:48:47.583-0300][56.637s][13528][11004][info][gc,heap     ] GC(39) y:  Capacity:     3072M (100%)       3072M (100%)       3072M (100%)       3072M (100%)       3072M (100%)       3072M (100%)   
[2026-06-26T13:48:47.583-0300][56.637s][13528][11004][info][gc,heap     ] GC(39) y:      Free:     1478M (48%)        1408M (46%)        1404M (46%)        1480M (48%)        1492M (49%)        1402M (46%)    
[2026-06-26T13:48:47.583-0300][56.637s][13528][11004][info][gc,heap     ] GC(39) y:      Used:     1594M (52%)        1664M (54%)        1668M (54%)        1592M (52%)        1670M (54%)        1580M (51%)    
[2026-06-26T13:48:47.583-0300][56.637s][13528][11004][info][gc,heap     ] GC(39) y: Young Generation Statistics:
[2026-06-26T13:48:47.583-0300][56.637s][13528][11004][info][gc,heap     ] GC(39) y:                Mark Start          Mark End        Relocate Start      Relocate End    
[2026-06-26T13:48:47.583-0300][56.637s][13528][11004][info][gc,heap     ] GC(39) y:      Used:      156M (5%)          226M (7%)          186M (6%)          106M (3%)     
[2026-06-26T13:48:47.583-0300][56.637s][13528][11004][info][gc,heap     ] GC(39) y:      Live:         -                49M (2%)            8M (0%)            7M (0%)     
[2026-06-26T13:48:47.583-0300][56.637s][13528][11004][info][gc,heap     ] GC(39) y:   Garbage:         -               106M (3%)           99M (3%)            0M (0%)     
[2026-06-26T13:48:47.583-0300][56.637s][13528][11004][info][gc,heap     ] GC(39) y: Allocated:         -                70M (2%)           78M (3%)           98M (3%)     
[2026-06-26T13:48:47.583-0300][56.637s][13528][11004][info][gc,heap     ] GC(39) y: Reclaimed:         -                  -                 7M (0%)          106M (3%)     
[2026-06-26T13:48:47.583-0300][56.637s][13528][11004][info][gc,heap     ] GC(39) y:  Promoted:         -                  -                40M (1%)           41M (1%)     
[2026-06-26T13:48:47.583-0300][56.637s][13528][11004][info][gc,heap     ] GC(39) y: Compacted:         -                  -                  -                 7M (0%)     
[2026-06-26T13:48:47.583-0300][56.637s][13528][11004][info][gc,phases   ] GC(39) y: Young Generation 1594M(52%)->1592M(52%) 0.217s
[2026-06-26T13:48:47.583-0300][56.637s][13528][11004][info][gc          ] GC(39) Minor Collection (Allocation Rate) 1594M(52%)->1592M(52%) 0.217s
[2026-06-26T13:48:47.818-0300][56.873s][13528][4880 ][info][gc,phases   ] GC(36) O: Concurrent Mark 1338.383ms
[2026-06-26T13:48:47.820-0300][56.873s][13528][11752][info][gc,phases   ] GC(36) O: Pause Mark End 0.016ms
[2026-06-26T13:48:47.820-0300][56.874s][13528][4880 ][info][gc,phases   ] GC(36) O: Concurrent Mark Free 0.003ms
[2026-06-26T13:48:47.840-0300][56.894s][13528][4880 ][info][gc,phases   ] GC(36) O: Concurrent Process Non-Strong 20.070ms
[2026-06-26T13:48:47.840-0300][56.894s][13528][4880 ][info][gc,phases   ] GC(36) O: Concurrent Reset Relocation Set 0.008ms
[2026-06-26T13:48:47.840-0300][56.895s][13528][4880 ][info][gc,phases   ] GC(36) O: Concurrent Select Relocation Set 0.992ms
[2026-06-26T13:48:47.840-0300][56.895s][13528][4880 ][info][gc,task     ] GC(36) O: Using 3 Workers for Old Generation
[2026-06-26T13:48:47.846-0300][56.900s][13528][4880 ][info][gc,task     ] GC(36) O: Using 2 Workers for Old Generation
[2026-06-26T13:48:47.846-0300][56.900s][13528][4880 ][info][gc,phases   ] GC(36) O: Concurrent Remap Roots 5.620ms
[2026-06-26T13:48:47.846-0300][56.900s][13528][11752][info][gc,phases   ] GC(36) O: Pause Relocate Start 0.011ms
[2026-06-26T13:48:47.875-0300][56.930s][13528][4880 ][info][gc,phases   ] GC(36) O: Concurrent Relocate 29.527ms
[2026-06-26T13:48:47.875-0300][56.930s][13528][4880 ][info][gc,alloc    ] GC(36) O:                         Mark Start        Mark End      Relocate Start    Relocate End   
[2026-06-26T13:48:47.875-0300][56.930s][13528][4880 ][info][gc,alloc    ] GC(36) O: Allocation Stalls:          0                0                0                0         
[2026-06-26T13:48:47.875-0300][56.930s][13528][4880 ][info][gc,load     ] GC(36) O: Load: 0.00 (0%) / 0.00 (0%) / 0.00 (0%)
[2026-06-26T13:48:47.875-0300][56.930s][13528][4880 ][info][gc,mmu      ] GC(36) O: MMU: 2ms/59.3%, 5ms/83.7%, 10ms/91.7%, 20ms/95.7%, 50ms/98.3%, 100ms/99.1%
[2026-06-26T13:48:47.876-0300][56.930s][13528][4880 ][info][gc,marking  ] GC(36) O: Mark: 1 stripe(s), 10 proactive flush(es), 1 terminate flush(es), 0 completion(s), 0 continuation(s) 
[2026-06-26T13:48:47.876-0300][56.930s][13528][4880 ][info][gc,nmethod  ] GC(36) O: NMethods: 10508 registered, 857 unregistered
[2026-06-26T13:48:47.876-0300][56.930s][13528][4880 ][info][gc,metaspace] GC(36) O: Metaspace: 65M used, 66M committed, 1088M reserved
[2026-06-26T13:48:47.876-0300][56.930s][13528][4880 ][info][gc,ref      ] GC(36) O:                       Encountered   Discovered     Enqueued 
[2026-06-26T13:48:47.876-0300][56.930s][13528][4880 ][info][gc,ref      ] GC(36) O: Soft References:             5416            0            0 
[2026-06-26T13:48:47.876-0300][56.930s][13528][4880 ][info][gc,ref      ] GC(36) O: Weak References:             4755         3634           27 
[2026-06-26T13:48:47.876-0300][56.930s][13528][4880 ][info][gc,ref      ] GC(36) O: Final References:              15            8            0 
[2026-06-26T13:48:47.876-0300][56.930s][13528][4880 ][info][gc,ref      ] GC(36) O: Phantom References:        205941        18888        12406 
[2026-06-26T13:48:47.876-0300][56.930s][13528][4880 ][info][gc,reloc    ] GC(36) O:                        Candidates     Selected     In-Place         Size        Empty    Relocated 
[2026-06-26T13:48:47.876-0300][56.930s][13528][4880 ][info][gc,reloc    ] GC(36) O: Small Pages:                  462           12            0         924M           4M           7M 
[2026-06-26T13:48:47.876-0300][56.930s][13528][4880 ][info][gc,reloc    ] GC(36) O: Medium Pages:                   4            2            0         128M           0M          10M 
[2026-06-26T13:48:47.876-0300][56.930s][13528][4880 ][info][gc,reloc    ] GC(36) O: Large Pages:                    1            0            0          12M           0M           0M 
[2026-06-26T13:48:47.876-0300][56.930s][13528][4880 ][info][gc,reloc    ] GC(36) O: Forwarding Usage: 14M
[2026-06-26T13:48:47.876-0300][56.930s][13528][4880 ][info][gc,heap     ] GC(36) O: Min Capacity: 8M(0%)
[2026-06-26T13:48:47.876-0300][56.930s][13528][4880 ][info][gc,heap     ] GC(36) O: Max Capacity: 3072M(100%)
[2026-06-26T13:48:47.876-0300][56.930s][13528][4880 ][info][gc,heap     ] GC(36) O: Soft Max Capacity: 3072M(100%)
[2026-06-26T13:48:47.876-0300][56.930s][13528][4880 ][info][gc,heap     ] GC(36) O: Heap Statistics:
[2026-06-26T13:48:47.876-0300][56.930s][13528][4880 ][info][gc,heap     ] GC(36) O:                Mark Start          Mark End        Relocate Start      Relocate End           High               Low         
[2026-06-26T13:48:47.876-0300][56.930s][13528][4880 ][info][gc,heap     ] GC(36) O:  Capacity:     3072M (100%)       3072M (100%)       3072M (100%)       3072M (100%)       3072M (100%)       3072M (100%)   
[2026-06-26T13:48:47.876-0300][56.930s][13528][4880 ][info][gc,heap     ] GC(36) O:      Free:     1186M (39%)        1400M (46%)        1396M (45%)        1468M (48%)        1552M (51%)        1120M (36%)    
[2026-06-26T13:48:47.876-0300][56.930s][13528][4880 ][info][gc,heap     ] GC(36) O:      Used:     1886M (61%)        1672M (54%)        1676M (55%)        1604M (52%)        1952M (64%)        1520M (49%)    
[2026-06-26T13:48:47.876-0300][56.930s][13528][4880 ][info][gc,heap     ] GC(36) O: Old Generation Statistics:
[2026-06-26T13:48:47.876-0300][56.930s][13528][4880 ][info][gc,heap     ] GC(36) O:                Mark Start          Mark End        Relocate Start      Relocate End    
[2026-06-26T13:48:47.876-0300][56.930s][13528][4880 ][info][gc,heap     ] GC(36) O:      Used:     1064M (35%)        1486M (48%)        1482M (48%)        1398M (46%)    
[2026-06-26T13:48:47.876-0300][56.930s][13528][4880 ][info][gc,heap     ] GC(36) O:      Live:         -               904M (29%)         904M (29%)         904M (29%)    
[2026-06-26T13:48:47.876-0300][56.930s][13528][4880 ][info][gc,heap     ] GC(36) O:   Garbage:         -               159M (5%)          155M (5%)           41M (1%)     
[2026-06-26T13:48:47.876-0300][56.930s][13528][4880 ][info][gc,heap     ] GC(36) O: Allocated:         -               422M (14%)         422M (14%)         451M (15%)    
[2026-06-26T13:48:47.876-0300][56.931s][13528][4880 ][info][gc,heap     ] GC(36) O: Reclaimed:         -                  -                 4M (0%)          117M (4%)     
[2026-06-26T13:48:47.876-0300][56.931s][13528][4880 ][info][gc,heap     ] GC(36) O: Compacted:         -                  -                  -                52M (2%)     
[2026-06-26T13:48:47.876-0300][56.931s][13528][4880 ][info][gc,phases   ] GC(36) O: Old Generation 1520M(49%)->1604M(52%) 1.395s
[2026-06-26T13:48:47.876-0300][56.931s][13528][4880 ][info][gc          ] GC(36) Major Collection (Allocation Rate) 1886M(61%)->1604M(52%) 1.769s
[2026-06-26T13:48:53.130-0300][62.183s][13528][4880 ][info][gc          ] GC(40) Major Collection (Allocation Rate)
[2026-06-26T13:48:53.130-0300][62.183s][13528][4880 ][info][gc,task     ] GC(40) Using 2 Workers for Young Generation
[2026-06-26T13:48:53.130-0300][62.183s][13528][4880 ][info][gc,task     ] GC(40) Using 1 Workers for Old Generation
[2026-06-26T13:48:53.130-0300][62.183s][13528][4880 ][info][gc,phases   ] GC(40) Y: Young Generation
[2026-06-26T13:48:53.130-0300][62.184s][13528][11752][info][gc,phases   ] GC(40) Y: Pause Mark Start (Major) 0.015ms
[2026-06-26T13:48:53.351-0300][62.405s][13528][4880 ][info][gc,phases   ] GC(40) Y: Concurrent Mark 221.457ms
[2026-06-26T13:48:53.351-0300][62.405s][13528][11752][info][gc,phases   ] GC(40) Y: Pause Mark End 0.015ms
[2026-06-26T13:48:53.351-0300][62.405s][13528][4880 ][info][gc,phases   ] GC(40) Y: Concurrent Mark Free 0.004ms
[2026-06-26T13:48:53.351-0300][62.405s][13528][4880 ][info][gc,phases   ] GC(40) Y: Concurrent Reset Relocation Set 0.030ms
[2026-06-26T13:48:53.351-0300][62.405s][13528][4880 ][info][gc,reloc    ] GC(40) Y: Using tenuring threshold: 2 (Computed)
[2026-06-26T13:48:53.368-0300][62.423s][13528][4880 ][info][gc,phases   ] GC(40) Y: Concurrent Select Relocation Set 17.531ms
[2026-06-26T13:48:53.368-0300][62.423s][13528][11752][info][gc,phases   ] GC(40) Y: Pause Relocate Start 0.015ms
[2026-06-26T13:48:53.515-0300][62.569s][13528][4880 ][info][gc,phases   ] GC(40) Y: Concurrent Relocate 146.176ms
[2026-06-26T13:48:53.515-0300][62.569s][13528][4880 ][info][gc,alloc    ] GC(40) Y:                         Mark Start        Mark End      Relocate Start    Relocate End   
[2026-06-26T13:48:53.515-0300][62.569s][13528][4880 ][info][gc,alloc    ] GC(40) Y: Allocation Stalls:          0                0                0                0         
[2026-06-26T13:48:53.515-0300][62.569s][13528][4880 ][info][gc,load     ] GC(40) Y: Load: 0.00 (0%) / 0.00 (0%) / 0.00 (0%)
[2026-06-26T13:48:53.515-0300][62.569s][13528][4880 ][info][gc,mmu      ] GC(40) Y: MMU: 2ms/59.3%, 5ms/83.7%, 10ms/91.7%, 20ms/95.7%, 50ms/98.3%, 100ms/99.1%
[2026-06-26T13:48:53.515-0300][62.569s][13528][4880 ][info][gc,marking  ] GC(40) Y: Mark: 2 stripe(s), 2 proactive flush(es), 1 terminate flush(es), 0 completion(s), 0 continuation(s) 
[2026-06-26T13:48:53.515-0300][62.569s][13528][4880 ][info][gc,nmethod  ] GC(40) Y: NMethods: 10801 registered, 0 unregistered
[2026-06-26T13:48:53.515-0300][62.569s][13528][4880 ][info][gc,metaspace] GC(40) Y: Metaspace: 66M used, 67M committed, 1088M reserved
[2026-06-26T13:48:53.515-0300][62.569s][13528][4880 ][info][gc,reloc    ] GC(40) Y:                        Candidates     Selected     In-Place         Size        Empty    Relocated 
[2026-06-26T13:48:53.515-0300][62.569s][13528][4880 ][info][gc,reloc    ] GC(40) Y: Small Pages:                  608          490            0        1216M           4M         143M 
[2026-06-26T13:48:53.515-0300][62.569s][13528][4880 ][info][gc,reloc    ] GC(40) Y: Medium Pages:                   0            0            0           0M           0M           0M 
[2026-06-26T13:48:53.515-0300][62.569s][13528][4880 ][info][gc,reloc    ] GC(40) Y: Large Pages:                    0            0            0           0M           0M           0M 
[2026-06-26T13:48:53.515-0300][62.569s][13528][4880 ][info][gc,reloc    ] GC(40) Y: Forwarding Usage: 111M
[2026-06-26T13:48:53.515-0300][62.569s][13528][4880 ][info][gc,reloc    ] GC(40) Y: Age Table:
[2026-06-26T13:48:53.515-0300][62.569s][13528][4880 ][info][gc,reloc    ] GC(40) Y:                    Live             Garbage             Small              Medium             Large        
[2026-06-26T13:48:53.515-0300][62.569s][13528][4880 ][info][gc,reloc    ] GC(40) Y: Eden             195M (6%)         1010M (33%)        603 / 490            0 / 0              0 / 0        
[2026-06-26T13:48:53.515-0300][62.569s][13528][4880 ][info][gc,reloc    ] GC(40) Y: Survivor 1         7M (0%)            2M (0%)           5 / 0              0 / 0              0 / 0        
[2026-06-26T13:48:53.515-0300][62.569s][13528][4880 ][info][gc,heap     ] GC(40) Y: Min Capacity: 8M(0%)
[2026-06-26T13:48:53.515-0300][62.569s][13528][4880 ][info][gc,heap     ] GC(40) Y: Max Capacity: 3072M(100%)
[2026-06-26T13:48:53.515-0300][62.569s][13528][4880 ][info][gc,heap     ] GC(40) Y: Soft Max Capacity: 3072M(100%)
[2026-06-26T13:48:53.515-0300][62.569s][13528][4880 ][info][gc,heap     ] GC(40) Y: Heap Statistics:
[2026-06-26T13:48:53.515-0300][62.569s][13528][4880 ][info][gc,heap     ] GC(40) Y:                Mark Start          Mark End        Relocate Start      Relocate End           High               Low         
[2026-06-26T13:48:53.515-0300][62.569s][13528][4880 ][info][gc,heap     ] GC(40) Y:  Capacity:     3072M (100%)       3072M (100%)       3072M (100%)       3072M (100%)       3072M (100%)       3072M (100%)   
[2026-06-26T13:48:53.515-0300][62.569s][13528][4880 ][info][gc,heap     ] GC(40) Y:      Free:      458M (15%)         412M (13%)         414M (13%)        1382M (45%)        1382M (45%)         408M (13%)    
[2026-06-26T13:48:53.515-0300][62.569s][13528][4880 ][info][gc,heap     ] GC(40) Y:      Used:     2614M (85%)        2660M (87%)        2658M (87%)        1690M (55%)        2664M (87%)        1690M (55%)    
[2026-06-26T13:48:53.515-0300][62.569s][13528][4880 ][info][gc,heap     ] GC(40) Y: Young Generation Statistics:
[2026-06-26T13:48:53.515-0300][62.569s][13528][4880 ][info][gc,heap     ] GC(40) Y:                Mark Start          Mark End        Relocate Start      Relocate End    
[2026-06-26T13:48:53.515-0300][62.569s][13528][4880 ][info][gc,heap     ] GC(40) Y:      Used:     1216M (40%)        1262M (41%)        1260M (41%)         292M (10%)    
[2026-06-26T13:48:53.515-0300][62.569s][13528][4880 ][info][gc,heap     ] GC(40) Y:      Live:         -               203M (7%)          203M (7%)          203M (7%)     
[2026-06-26T13:48:53.515-0300][62.569s][13528][4880 ][info][gc,heap     ] GC(40) Y:   Garbage:         -              1012M (33%)        1008M (33%)           0M (0%)     
[2026-06-26T13:48:53.515-0300][62.569s][13528][4880 ][info][gc,heap     ] GC(40) Y: Allocated:         -                46M (1%)           48M (2%)           87M (3%)     
[2026-06-26T13:48:53.515-0300][62.569s][13528][4880 ][info][gc,heap     ] GC(40) Y: Reclaimed:         -                  -                 4M (0%)         1011M (33%)    
[2026-06-26T13:48:53.515-0300][62.569s][13528][4880 ][info][gc,heap     ] GC(40) Y:  Promoted:         -                  -                 0M (0%)            0M (0%)     
[2026-06-26T13:48:53.515-0300][62.570s][13528][4880 ][info][gc,heap     ] GC(40) Y: Compacted:         -                  -                  -               194M (6%)     
[2026-06-26T13:48:53.515-0300][62.570s][13528][4880 ][info][gc,phases   ] GC(40) Y: Young Generation 2614M(85%)->1690M(55%) 0.386s
[2026-06-26T13:48:53.515-0300][62.570s][13528][4880 ][info][gc,phases   ] GC(40) O: Old Generation
[2026-06-26T13:48:55.849-0300][64.903s][13528][4880 ][info][gc,phases   ] GC(40) O: Concurrent Mark 2333.240ms
[2026-06-26T13:48:55.849-0300][64.903s][13528][11752][info][gc,phases   ] GC(40) O: Pause Mark End 0.015ms
[2026-06-26T13:48:55.849-0300][64.903s][13528][4880 ][info][gc,phases   ] GC(40) O: Concurrent Mark Free 0.003ms
[2026-06-26T13:48:55.875-0300][64.929s][13528][4880 ][info][gc,phases   ] GC(40) O: Concurrent Process Non-Strong 26.087ms
[2026-06-26T13:48:55.875-0300][64.929s][13528][4880 ][info][gc,phases   ] GC(40) O: Concurrent Reset Relocation Set 0.003ms
[2026-06-26T13:48:55.876-0300][64.930s][13528][4880 ][info][gc,phases   ] GC(40) O: Concurrent Select Relocation Set 0.846ms
[2026-06-26T13:48:55.876-0300][64.930s][13528][4880 ][info][gc,task     ] GC(40) O: Using 3 Workers for Old Generation
[2026-06-26T13:48:55.882-0300][64.936s][13528][4880 ][info][gc,task     ] GC(40) O: Using 1 Workers for Old Generation
[2026-06-26T13:48:55.882-0300][64.936s][13528][4880 ][info][gc,phases   ] GC(40) O: Concurrent Remap Roots 6.089ms
[2026-06-26T13:48:55.882-0300][64.936s][13528][11752][info][gc,phases   ] GC(40) O: Pause Relocate Start 0.012ms
[2026-06-26T13:48:55.883-0300][64.937s][13528][11004][info][gc          ] GC(41) Minor Collection (Allocation Rate)
[2026-06-26T13:48:55.883-0300][64.937s][13528][11004][info][gc,task     ] GC(41) Using 1 Workers for Young Generation
[2026-06-26T13:48:55.883-0300][64.937s][13528][11004][info][gc,phases   ] GC(41) y: Young Generation
[2026-06-26T13:48:55.883-0300][64.937s][13528][11752][info][gc,phases   ] GC(41) y: Pause Mark Start 0.007ms
[2026-06-26T13:48:55.924-0300][64.979s][13528][4880 ][info][gc,phases   ] GC(40) O: Concurrent Relocate 42.410ms
[2026-06-26T13:48:56.599-0300][65.654s][13528][11004][info][gc,phases   ] GC(41) y: Concurrent Mark 716.891ms
[2026-06-26T13:48:56.600-0300][65.654s][13528][11752][info][gc,phases   ] GC(41) y: Pause Mark End 0.015ms
[2026-06-26T13:48:56.600-0300][65.654s][13528][11004][info][gc,phases   ] GC(41) y: Concurrent Mark Free 0.004ms
[2026-06-26T13:48:56.600-0300][65.654s][13528][11004][info][gc,phases   ] GC(41) y: Concurrent Reset Relocation Set 0.045ms
[2026-06-26T13:48:56.600-0300][65.654s][13528][11004][info][gc,reloc    ] GC(41) y: Using tenuring threshold: 3 (Computed)
[2026-06-26T13:48:56.608-0300][65.662s][13528][11004][info][gc,phases   ] GC(41) y: Concurrent Select Relocation Set 8.382ms
[2026-06-26T13:48:56.608-0300][65.662s][13528][11752][info][gc,phases   ] GC(41) y: Pause Relocate Start 0.012ms
[2026-06-26T13:48:56.764-0300][65.818s][13528][11004][info][gc,phases   ] GC(41) y: Concurrent Relocate 155.858ms
[2026-06-26T13:48:56.764-0300][65.818s][13528][11004][info][gc,alloc    ] GC(41) y:                         Mark Start        Mark End      Relocate Start    Relocate End   
[2026-06-26T13:48:56.764-0300][65.818s][13528][11004][info][gc,alloc    ] GC(41) y: Allocation Stalls:          0                0                0                0         
[2026-06-26T13:48:56.764-0300][65.818s][13528][11004][info][gc,load     ] GC(41) y: Load: 0.00 (0%) / 0.00 (0%) / 0.00 (0%)
[2026-06-26T13:48:56.764-0300][65.818s][13528][11004][info][gc,mmu      ] GC(41) y: MMU: 2ms/59.3%, 5ms/83.7%, 10ms/91.7%, 20ms/95.7%, 50ms/98.3%, 100ms/99.1%
[2026-06-26T13:48:56.764-0300][65.818s][13528][11004][info][gc,marking  ] GC(41) y: Mark: 1 stripe(s), 2 proactive flush(es), 1 terminate flush(es), 0 completion(s), 0 continuation(s) 
[2026-06-26T13:48:56.764-0300][65.818s][13528][11004][info][gc,nmethod  ] GC(41) y: NMethods: 10641 registered, 253 unregistered
[2026-06-26T13:48:56.764-0300][65.818s][13528][11004][info][gc,metaspace] GC(41) y: Metaspace: 66M used, 67M committed, 1088M reserved
[2026-06-26T13:48:56.764-0300][65.818s][13528][11004][info][gc,reloc    ] GC(41) y:                        Candidates     Selected     In-Place         Size        Empty    Relocated 
[2026-06-26T13:48:56.764-0300][65.818s][13528][11004][info][gc,reloc    ] GC(41) y: Small Pages:                  352          161            0         704M          34M          76M 
[2026-06-26T13:48:56.764-0300][65.818s][13528][11004][info][gc,reloc    ] GC(41) y: Medium Pages:                   0            0            0           0M           0M           0M 
[2026-06-26T13:48:56.764-0300][65.818s][13528][11004][info][gc,reloc    ] GC(41) y: Large Pages:                    0            0            0           0M           0M           0M 
[2026-06-26T13:48:56.764-0300][65.819s][13528][11004][info][gc,reloc    ] GC(41) y: Forwarding Usage: 69M
[2026-06-26T13:48:56.764-0300][65.819s][13528][11004][info][gc,reloc    ] GC(41) y: Age Table:
[2026-06-26T13:48:56.764-0300][65.819s][13528][11004][info][gc,reloc    ] GC(41) y:                    Live             Garbage             Small              Medium             Large        
[2026-06-26T13:48:56.764-0300][65.819s][13528][11004][info][gc,reloc    ] GC(41) y: Eden             123M (4%)          362M (12%)        243 / 157            0 / 0              0 / 0        
[2026-06-26T13:48:56.764-0300][65.819s][13528][11004][info][gc,reloc    ] GC(41) y: Survivor 1       195M (6%)           12M (0%)         104 / 3              0 / 0              0 / 0        
[2026-06-26T13:48:56.764-0300][65.819s][13528][11004][info][gc,reloc    ] GC(41) y: Survivor 2         7M (0%)            2M (0%)           5 / 1              0 / 0              0 / 0        
[2026-06-26T13:48:56.764-0300][65.819s][13528][11004][info][gc,heap     ] GC(41) y: Min Capacity: 8M(0%)
[2026-06-26T13:48:56.764-0300][65.819s][13528][11004][info][gc,heap     ] GC(41) y: Max Capacity: 3072M(100%)
[2026-06-26T13:48:56.764-0300][65.819s][13528][11004][info][gc,heap     ] GC(41) y: Soft Max Capacity: 3072M(100%)
[2026-06-26T13:48:56.764-0300][65.819s][13528][11004][info][gc,heap     ] GC(41) y: Heap Statistics:
[2026-06-26T13:48:56.764-0300][65.819s][13528][11004][info][gc,heap     ] GC(41) y:                Mark Start          Mark End        Relocate Start      Relocate End           High               Low         
[2026-06-26T13:48:56.764-0300][65.819s][13528][11004][info][gc,heap     ] GC(41) y:  Capacity:     3072M (100%)       3072M (100%)       3072M (100%)       3072M (100%)       3072M (100%)       3072M (100%)   
[2026-06-26T13:48:56.764-0300][65.819s][13528][11004][info][gc,heap     ] GC(41) y:      Free:      964M (31%)         898M (29%)         932M (30%)        1228M (40%)        1228M (40%)         898M (29%)    
[2026-06-26T13:48:56.764-0300][65.819s][13528][11004][info][gc,heap     ] GC(41) y:      Used:     2108M (69%)        2174M (71%)        2140M (70%)        1844M (60%)        2174M (71%)        1844M (60%)    
[2026-06-26T13:48:56.764-0300][65.819s][13528][11004][info][gc,heap     ] GC(41) y: Young Generation Statistics:
[2026-06-26T13:48:56.764-0300][65.819s][13528][11004][info][gc,heap     ] GC(41) y:                Mark Start          Mark End        Relocate Start      Relocate End    
[2026-06-26T13:48:56.764-0300][65.819s][13528][11004][info][gc,heap     ] GC(41) y:      Used:      704M (23%)         820M (27%)         786M (26%)         490M (16%)    
[2026-06-26T13:48:56.764-0300][65.819s][13528][11004][info][gc,heap     ] GC(41) y:      Live:         -               326M (11%)         326M (11%)         326M (11%)    
[2026-06-26T13:48:56.764-0300][65.819s][13528][11004][info][gc,heap     ] GC(41) y:   Garbage:         -               377M (12%)         343M (11%)           4M (0%)     
[2026-06-26T13:48:56.764-0300][65.819s][13528][11004][info][gc,heap     ] GC(41) y: Allocated:         -               116M (4%)          116M (4%)          158M (5%)     
[2026-06-26T13:48:56.764-0300][65.819s][13528][11004][info][gc,heap     ] GC(41) y: Reclaimed:         -                  -                34M (1%)          372M (12%)    
[2026-06-26T13:48:56.764-0300][65.819s][13528][11004][info][gc,heap     ] GC(41) y:  Promoted:         -                  -                 0M (0%)            0M (0%)     
[2026-06-26T13:48:56.764-0300][65.819s][13528][11004][info][gc,heap     ] GC(41) y: Compacted:         -                  -                  -               117M (4%)     
[2026-06-26T13:48:56.764-0300][65.819s][13528][11004][info][gc,phases   ] GC(41) y: Young Generation 2140M(70%)->1844M(60%) 0.882s
[2026-06-26T13:48:56.764-0300][65.819s][13528][11004][info][gc          ] GC(41) Minor Collection (Allocation Rate) 2140M(70%)->1844M(60%) 0.882s
[2026-06-26T13:48:56.764-0300][65.819s][13528][4880 ][info][gc,alloc    ] GC(40) O:                         Mark Start        Mark End      Relocate Start    Relocate End   
[2026-06-26T13:48:56.764-0300][65.819s][13528][4880 ][info][gc,alloc    ] GC(40) O: Allocation Stalls:          0                0                0                0         
[2026-06-26T13:48:56.764-0300][65.819s][13528][4880 ][info][gc,load     ] GC(40) O: Load: 0.00 (0%) / 0.00 (0%) / 0.00 (0%)
[2026-06-26T13:48:56.764-0300][65.819s][13528][4880 ][info][gc,mmu      ] GC(40) O: MMU: 2ms/59.3%, 5ms/83.7%, 10ms/91.7%, 20ms/95.7%, 50ms/98.3%, 100ms/99.1%
[2026-06-26T13:48:56.764-0300][65.819s][13528][4880 ][info][gc,marking  ] GC(40) O: Mark: 1 stripe(s), 2 proactive flush(es), 1 terminate flush(es), 0 completion(s), 0 continuation(s) 
[2026-06-26T13:48:56.765-0300][65.819s][13528][4880 ][info][gc,nmethod  ] GC(40) O: NMethods: 10641 registered, 253 unregistered
[2026-06-26T13:48:56.765-0300][65.819s][13528][4880 ][info][gc,metaspace] GC(40) O: Metaspace: 66M used, 67M committed, 1088M reserved
[2026-06-26T13:48:56.765-0300][65.819s][13528][4880 ][info][gc,ref      ] GC(40) O:                       Encountered   Discovered     Enqueued 
[2026-06-26T13:48:56.765-0300][65.819s][13528][4880 ][info][gc,ref      ] GC(40) O: Soft References:             5386            0            0 
[2026-06-26T13:48:56.765-0300][65.819s][13528][4880 ][info][gc,ref      ] GC(40) O: Weak References:             4752         3599           50 
[2026-06-26T13:48:56.765-0300][65.819s][13528][4880 ][info][gc,ref      ] GC(40) O: Final References:              15            2            0 
[2026-06-26T13:48:56.765-0300][65.819s][13528][4880 ][info][gc,ref      ] GC(40) O: Phantom References:        222620        94746        88277 
[2026-06-26T13:48:56.765-0300][65.819s][13528][4880 ][info][gc,reloc    ] GC(40) O:                        Candidates     Selected     In-Place         Size        Empty    Relocated 
[2026-06-26T13:48:56.765-0300][65.819s][13528][4880 ][info][gc,reloc    ] GC(40) O: Small Pages:                  621            9            0        1242M           0M           4M 
[2026-06-26T13:48:56.765-0300][65.819s][13528][4880 ][info][gc,reloc    ] GC(40) O: Medium Pages:                   3            1            0          96M           0M          11M 
[2026-06-26T13:48:56.765-0300][65.819s][13528][4880 ][info][gc,reloc    ] GC(40) O: Large Pages:                    5            0            0          60M           0M           0M 
[2026-06-26T13:48:56.765-0300][65.819s][13528][4880 ][info][gc,reloc    ] GC(40) O: Forwarding Usage: 9M
[2026-06-26T13:48:56.765-0300][65.819s][13528][4880 ][info][gc,heap     ] GC(40) O: Min Capacity: 8M(0%)
[2026-06-26T13:48:56.765-0300][65.819s][13528][4880 ][info][gc,heap     ] GC(40) O: Max Capacity: 3072M(100%)
[2026-06-26T13:48:56.765-0300][65.819s][13528][4880 ][info][gc,heap     ] GC(40) O: Soft Max Capacity: 3072M(100%)
[2026-06-26T13:48:56.765-0300][65.819s][13528][4880 ][info][gc,heap     ] GC(40) O: Heap Statistics:
[2026-06-26T13:48:56.765-0300][65.819s][13528][4880 ][info][gc,heap     ] GC(40) O:                Mark Start          Mark End        Relocate Start      Relocate End           High               Low         
[2026-06-26T13:48:56.765-0300][65.819s][13528][4880 ][info][gc,heap     ] GC(40) O:  Capacity:     3072M (100%)       3072M (100%)       3072M (100%)       3072M (100%)       3072M (100%)       3072M (100%)   
[2026-06-26T13:48:56.765-0300][65.819s][13528][4880 ][info][gc,heap     ] GC(40) O:      Free:      458M (15%)         978M (32%)         970M (32%)        1006M (33%)        1382M (45%)         408M (13%)    
[2026-06-26T13:48:56.765-0300][65.819s][13528][4880 ][info][gc,heap     ] GC(40) O:      Used:     2614M (85%)        2094M (68%)        2102M (68%)        2066M (67%)        2664M (87%)        1690M (55%)    
[2026-06-26T13:48:56.765-0300][65.819s][13528][4880 ][info][gc,heap     ] GC(40) O: Old Generation Statistics:
[2026-06-26T13:48:56.765-0300][65.819s][13528][4880 ][info][gc,heap     ] GC(40) O:                Mark Start          Mark End        Relocate Start      Relocate End    
[2026-06-26T13:48:56.765-0300][65.819s][13528][4880 ][info][gc,heap     ] GC(40) O:      Used:     1398M (46%)        1398M (46%)        1398M (46%)        1354M (44%)    
[2026-06-26T13:48:56.765-0300][65.819s][13528][4880 ][info][gc,heap     ] GC(40) O:      Live:         -              1262M (41%)        1262M (41%)        1262M (41%)    
[2026-06-26T13:48:56.765-0300][65.819s][13528][4880 ][info][gc,heap     ] GC(40) O:   Garbage:         -               135M (4%)          135M (4%)           66M (2%)     
[2026-06-26T13:48:56.765-0300][65.819s][13528][4880 ][info][gc,heap     ] GC(40) O: Allocated:         -                 0M (0%)            0M (0%)           25M (1%)     
[2026-06-26T13:48:56.765-0300][65.819s][13528][4880 ][info][gc,heap     ] GC(40) O: Reclaimed:         -                  -                 0M (0%)           69M (2%)     
[2026-06-26T13:48:56.765-0300][65.819s][13528][4880 ][info][gc,heap     ] GC(40) O: Compacted:         -                  -                  -                36M (1%)     
[2026-06-26T13:48:56.765-0300][65.819s][13528][4880 ][info][gc,phases   ] GC(40) O: Old Generation 1690M(55%)->2066M(67%) 3.249s
[2026-06-26T13:48:56.765-0300][65.819s][13528][4880 ][info][gc          ] GC(40) Major Collection (Allocation Rate) 2614M(85%)->1844M(60%) 3.636s
[2026-06-26T13:48:59.295-0300][68.350s][13528][11004][info][gc          ] GC(42) Minor Collection (Allocation Rate)
[2026-06-26T13:48:59.295-0300][68.350s][13528][11004][info][gc,task     ] GC(42) Using 1 Workers for Young Generation
[2026-06-26T13:48:59.295-0300][68.350s][13528][11004][info][gc,phases   ] GC(42) y: Young Generation
[2026-06-26T13:48:59.295-0300][68.351s][13528][11752][info][gc,phases   ] GC(42) y: Pause Mark Start 0.012ms
[2026-06-26T13:48:59.880-0300][68.934s][13528][11004][info][gc,phases   ] GC(42) y: Concurrent Mark 583.659ms
[2026-06-26T13:48:59.880-0300][68.934s][13528][11752][info][gc,phases   ] GC(42) y: Pause Mark End 0.015ms
[2026-06-26T13:48:59.880-0300][68.934s][13528][11004][info][gc,phases   ] GC(42) y: Concurrent Mark Free 0.002ms
[2026-06-26T13:48:59.880-0300][68.934s][13528][11004][info][gc,phases   ] GC(42) y: Concurrent Reset Relocation Set 0.009ms
[2026-06-26T13:48:59.880-0300][68.935s][13528][11004][info][gc,reloc    ] GC(42) y: Using tenuring threshold: 1 (Computed)
[2026-06-26T13:49:00.019-0300][69.073s][13528][11004][info][gc,phases   ] GC(42) y: Concurrent Select Relocation Set 138.409ms
[2026-06-26T13:49:00.019-0300][69.073s][13528][11752][info][gc,phases   ] GC(42) y: Pause Relocate Start 0.011ms
[2026-06-26T13:49:00.261-0300][69.315s][13528][11004][info][gc,phases   ] GC(42) y: Concurrent Relocate 242.360ms
[2026-06-26T13:49:00.261-0300][69.315s][13528][11004][info][gc,alloc    ] GC(42) y:                         Mark Start        Mark End      Relocate Start    Relocate End   
[2026-06-26T13:49:00.261-0300][69.315s][13528][11004][info][gc,alloc    ] GC(42) y: Allocation Stalls:          0                0                0                0         
[2026-06-26T13:49:00.261-0300][69.316s][13528][11004][info][gc,load     ] GC(42) y: Load: 0.00 (0%) / 0.00 (0%) / 0.00 (0%)
[2026-06-26T13:49:00.261-0300][69.316s][13528][11004][info][gc,mmu      ] GC(42) y: MMU: 2ms/59.3%, 5ms/83.7%, 10ms/91.7%, 20ms/95.7%, 50ms/98.3%, 100ms/99.1%
[2026-06-26T13:49:00.261-0300][69.316s][13528][11004][info][gc,marking  ] GC(42) y: Mark: 1 stripe(s), 2 proactive flush(es), 1 terminate flush(es), 0 completion(s), 0 continuation(s) 
[2026-06-26T13:49:00.261-0300][69.316s][13528][11004][info][gc,nmethod  ] GC(42) y: NMethods: 10677 registered, 253 unregistered
[2026-06-26T13:49:00.262-0300][69.316s][13528][11004][info][gc,metaspace] GC(42) y: Metaspace: 66M used, 67M committed, 1088M reserved
[2026-06-26T13:49:00.262-0300][69.316s][13528][11004][info][gc,reloc    ] GC(42) y:                        Candidates     Selected     In-Place         Size        Empty    Relocated 
[2026-06-26T13:49:00.262-0300][69.316s][13528][11004][info][gc,reloc    ] GC(42) y: Small Pages:                  400           60            0         800M         344M           4M 
[2026-06-26T13:49:00.262-0300][69.316s][13528][11004][info][gc,reloc    ] GC(42) y: Medium Pages:                   0            0            0           0M           0M           0M 
[2026-06-26T13:49:00.262-0300][69.316s][13528][11004][info][gc,reloc    ] GC(42) y: Large Pages:                    0            0            0           0M           0M           0M 
[2026-06-26T13:49:00.262-0300][69.316s][13528][11004][info][gc,reloc    ] GC(42) y: Forwarding Usage: 2M
[2026-06-26T13:49:00.262-0300][69.316s][13528][11004][info][gc,reloc    ] GC(42) y: Age Table:
[2026-06-26T13:49:00.262-0300][69.316s][13528][11004][info][gc,reloc    ] GC(42) y:                    Live             Garbage             Small              Medium             Large        
[2026-06-26T13:49:00.262-0300][69.316s][13528][11004][info][gc,reloc    ] GC(42) y: Eden               3M (0%)          456M (15%)        230 / 56             0 / 0              0 / 0        
[2026-06-26T13:49:00.262-0300][69.316s][13528][11004][info][gc,reloc    ] GC(42) y: Survivor 1       123M (4%)            8M (0%)          66 / 3              0 / 0              0 / 0        
[2026-06-26T13:49:00.262-0300][69.316s][13528][11004][info][gc,reloc    ] GC(42) y: Survivor 2       195M (6%)            2M (0%)          99 / 1              0 / 0              0 / 0        
[2026-06-26T13:49:00.262-0300][69.316s][13528][11004][info][gc,reloc    ] GC(42) y: Survivor 3         7M (0%)            2M (0%)           5 / 0              0 / 0              0 / 0        
[2026-06-26T13:49:00.262-0300][69.316s][13528][11004][info][gc,heap     ] GC(42) y: Min Capacity: 8M(0%)
[2026-06-26T13:49:00.262-0300][69.316s][13528][11004][info][gc,heap     ] GC(42) y: Max Capacity: 3072M(100%)
[2026-06-26T13:49:00.262-0300][69.316s][13528][11004][info][gc,heap     ] GC(42) y: Soft Max Capacity: 3072M(100%)
[2026-06-26T13:49:00.262-0300][69.316s][13528][11004][info][gc,heap     ] GC(42) y: Heap Statistics:
[2026-06-26T13:49:00.262-0300][69.316s][13528][11004][info][gc,heap     ] GC(42) y:                Mark Start          Mark End        Relocate Start      Relocate End           High               Low         
[2026-06-26T13:49:00.262-0300][69.316s][13528][11004][info][gc,heap     ] GC(42) y:  Capacity:     3072M (100%)       3072M (100%)       3072M (100%)       3072M (100%)       3072M (100%)       3072M (100%)   
[2026-06-26T13:49:00.262-0300][69.316s][13528][11004][info][gc,heap     ] GC(42) y:      Free:      918M (30%)         858M (28%)        1192M (39%)        1276M (42%)        1306M (43%)         858M (28%)    
[2026-06-26T13:49:00.262-0300][69.316s][13528][11004][info][gc,heap     ] GC(42) y:      Used:     2154M (70%)        2214M (72%)        1880M (61%)        1796M (58%)        2214M (72%)        1766M (57%)    
[2026-06-26T13:49:00.262-0300][69.316s][13528][11004][info][gc,heap     ] GC(42) y: Young Generation Statistics:
[2026-06-26T13:49:00.262-0300][69.316s][13528][11004][info][gc,heap     ] GC(42) y:                Mark Start          Mark End        Relocate Start      Relocate End    
[2026-06-26T13:49:00.262-0300][69.316s][13528][11004][info][gc,heap     ] GC(42) y:      Used:      800M (26%)         860M (28%)         196M (6%)          108M (4%)     
[2026-06-26T13:49:00.262-0300][69.316s][13528][11004][info][gc,heap     ] GC(42) y:      Live:         -               330M (11%)           5M (0%)            3M (0%)     
[2026-06-26T13:49:00.262-0300][69.316s][13528][11004][info][gc,heap     ] GC(42) y:   Garbage:         -               469M (15%)         120M (4%)            0M (0%)     
[2026-06-26T13:49:00.262-0300][69.316s][13528][11004][info][gc,heap     ] GC(42) y: Allocated:         -                60M (2%)           70M (2%)          104M (3%)     
[2026-06-26T13:49:00.262-0300][69.316s][13528][11004][info][gc,heap     ] GC(42) y: Reclaimed:         -                  -               348M (11%)         469M (15%)    
[2026-06-26T13:49:00.262-0300][69.316s][13528][11004][info][gc,heap     ] GC(42) y:  Promoted:         -                  -               325M (11%)         326M (11%)    
[2026-06-26T13:49:00.262-0300][69.316s][13528][11004][info][gc,heap     ] GC(42) y: Compacted:         -                  -                  -                 3M (0%)     
[2026-06-26T13:49:00.262-0300][69.316s][13528][11004][info][gc,phases   ] GC(42) y: Young Generation 2154M(70%)->1796M(58%) 0.965s
[2026-06-26T13:49:00.262-0300][69.316s][13528][11004][info][gc          ] GC(42) Minor Collection (Allocation Rate) 2154M(70%)->1796M(58%) 0.965s
[2026-06-26T13:49:06.826-0300][75.879s][13528][11004][info][gc          ] GC(43) Minor Collection (Allocation Rate)
[2026-06-26T13:49:06.826-0300][75.879s][13528][11004][info][gc,task     ] GC(43) Using 1 Workers for Young Generation
[2026-06-26T13:49:06.826-0300][75.879s][13528][11004][info][gc,phases   ] GC(43) y: Young Generation
[2026-06-26T13:49:06.826-0300][75.880s][13528][11752][info][gc,phases   ] GC(43) y: Pause Mark Start 0.010ms
[2026-06-26T13:49:06.982-0300][76.036s][13528][11004][info][gc,phases   ] GC(43) y: Concurrent Mark 156.471ms
[2026-06-26T13:49:06.982-0300][76.036s][13528][11752][info][gc,phases   ] GC(43) y: Pause Mark End 0.021ms
[2026-06-26T13:49:06.982-0300][76.036s][13528][11004][info][gc,phases   ] GC(43) y: Concurrent Mark Free 0.005ms
[2026-06-26T13:49:06.983-0300][76.038s][13528][11004][info][gc,phases   ] GC(43) y: Concurrent Reset Relocation Set 1.268ms
[2026-06-26T13:49:06.984-0300][76.038s][13528][11004][info][gc,reloc    ] GC(43) y: Using tenuring threshold: 2 (Computed)
[2026-06-26T13:49:06.988-0300][76.043s][13528][11004][info][gc,phases   ] GC(43) y: Concurrent Select Relocation Set 4.952ms
[2026-06-26T13:49:06.988-0300][76.043s][13528][11752][info][gc,phases   ] GC(43) y: Pause Relocate Start 0.011ms
[2026-06-26T13:49:07.026-0300][76.080s][13528][11004][info][gc,phases   ] GC(43) y: Concurrent Relocate 37.482ms
[2026-06-26T13:49:07.026-0300][76.080s][13528][11004][info][gc,alloc    ] GC(43) y:                         Mark Start        Mark End      Relocate Start    Relocate End   
[2026-06-26T13:49:07.026-0300][76.080s][13528][11004][info][gc,alloc    ] GC(43) y: Allocation Stalls:          0                0                0                0         
[2026-06-26T13:49:07.026-0300][76.081s][13528][11004][info][gc,load     ] GC(43) y: Load: 0.00 (0%) / 0.00 (0%) / 0.00 (0%)
[2026-06-26T13:49:07.026-0300][76.081s][13528][11004][info][gc,mmu      ] GC(43) y: MMU: 2ms/59.3%, 5ms/83.7%, 10ms/91.7%, 20ms/95.7%, 50ms/98.3%, 100ms/99.1%
[2026-06-26T13:49:07.026-0300][76.081s][13528][11004][info][gc,marking  ] GC(43) y: Mark: 1 stripe(s), 2 proactive flush(es), 1 terminate flush(es), 0 completion(s), 0 continuation(s) 
[2026-06-26T13:49:07.026-0300][76.081s][13528][11004][info][gc,nmethod  ] GC(43) y: NMethods: 14460 registered, 0 unregistered
[2026-06-26T13:49:07.026-0300][76.081s][13528][11004][info][gc,metaspace] GC(43) y: Metaspace: 71M used, 73M committed, 1152M reserved
[2026-06-26T13:49:07.026-0300][76.081s][13528][11004][info][gc,reloc    ] GC(43) y:                        Candidates     Selected     In-Place         Size        Empty    Relocated 
[2026-06-26T13:49:07.026-0300][76.081s][13528][11004][info][gc,reloc    ] GC(43) y: Small Pages:                  195          111            0         390M         100M          21M 
[2026-06-26T13:49:07.026-0300][76.081s][13528][11004][info][gc,reloc    ] GC(43) y: Medium Pages:                   1            0            0          32M           0M           0M 
[2026-06-26T13:49:07.026-0300][76.081s][13528][11004][info][gc,reloc    ] GC(43) y: Large Pages:                    0            0            0           0M           0M           0M 
[2026-06-26T13:49:07.026-0300][76.081s][13528][11004][info][gc,reloc    ] GC(43) y: Forwarding Usage: 11M
[2026-06-26T13:49:07.026-0300][76.081s][13528][11004][info][gc,reloc    ] GC(43) y: Age Table:
[2026-06-26T13:49:07.026-0300][76.081s][13528][11004][info][gc,reloc    ] GC(43) y:                    Live             Garbage             Small              Medium             Large        
[2026-06-26T13:49:07.026-0300][76.081s][13528][11004][info][gc,reloc    ] GC(43) y: Eden              60M (2%)          353M (12%)        191 / 110            1 / 0              0 / 0        
[2026-06-26T13:49:07.026-0300][76.081s][13528][11004][info][gc,reloc    ] GC(43) y: Survivor 1         3M (0%)            4M (0%)           4 / 1              0 / 0              0 / 0        
[2026-06-26T13:49:07.026-0300][76.081s][13528][11004][info][gc,heap     ] GC(43) y: Min Capacity: 8M(0%)
[2026-06-26T13:49:07.026-0300][76.081s][13528][11004][info][gc,heap     ] GC(43) y: Max Capacity: 3072M(100%)
[2026-06-26T13:49:07.026-0300][76.081s][13528][11004][info][gc,heap     ] GC(43) y: Soft Max Capacity: 3072M(100%)
[2026-06-26T13:49:07.026-0300][76.081s][13528][11004][info][gc,heap     ] GC(43) y: Heap Statistics:
[2026-06-26T13:49:07.026-0300][76.081s][13528][11004][info][gc,heap     ] GC(43) y:                Mark Start          Mark End        Relocate Start      Relocate End           High               Low         
[2026-06-26T13:49:07.026-0300][76.081s][13528][11004][info][gc,heap     ] GC(43) y:  Capacity:     3072M (100%)       3072M (100%)       3072M (100%)       3072M (100%)       3072M (100%)       3072M (100%)   
[2026-06-26T13:49:07.026-0300][76.081s][13528][11004][info][gc,heap     ] GC(43) y:      Free:      962M (31%)         934M (30%)        1034M (34%)        1236M (40%)        1236M (40%)         934M (30%)    
[2026-06-26T13:49:07.026-0300][76.081s][13528][11004][info][gc,heap     ] GC(43) y:      Used:     2110M (69%)        2138M (70%)        2038M (66%)        1836M (60%)        2138M (70%)        1836M (60%)    
[2026-06-26T13:49:07.026-0300][76.081s][13528][11004][info][gc,heap     ] GC(43) y: Young Generation Statistics:
[2026-06-26T13:49:07.026-0300][76.081s][13528][11004][info][gc,heap     ] GC(43) y:                Mark Start          Mark End        Relocate Start      Relocate End    
[2026-06-26T13:49:07.026-0300][76.081s][13528][11004][info][gc,heap     ] GC(43) y:      Used:      422M (14%)         450M (15%)         350M (11%)         148M (5%)     
[2026-06-26T13:49:07.026-0300][76.081s][13528][11004][info][gc,heap     ] GC(43) y:      Live:         -                64M (2%)           64M (2%)           64M (2%)     
[2026-06-26T13:49:07.026-0300][76.081s][13528][11004][info][gc,heap     ] GC(43) y:   Garbage:         -               357M (12%)         257M (8%)           31M (1%)     
[2026-06-26T13:49:07.026-0300][76.081s][13528][11004][info][gc,heap     ] GC(43) y: Allocated:         -                28M (1%)           28M (1%)           52M (2%)     
[2026-06-26T13:49:07.026-0300][76.081s][13528][11004][info][gc,heap     ] GC(43) y: Reclaimed:         -                  -               100M (3%)          326M (11%)    
[2026-06-26T13:49:07.026-0300][76.081s][13528][11004][info][gc,heap     ] GC(43) y:  Promoted:         -                  -                 0M (0%)            0M (0%)     
[2026-06-26T13:49:07.026-0300][76.081s][13528][11004][info][gc,heap     ] GC(43) y: Compacted:         -                  -                  -                31M (1%)     
[2026-06-26T13:49:07.026-0300][76.081s][13528][11004][info][gc,phases   ] GC(43) y: Young Generation 2110M(69%)->1836M(60%) 0.201s
[2026-06-26T13:49:07.026-0300][76.081s][13528][11004][info][gc          ] GC(43) Minor Collection (Allocation Rate) 2110M(69%)->1836M(60%) 0.202s
[2026-06-26T13:49:12.948-0300][82.002s][13528][4880 ][info][gc          ] GC(44) Major Collection (Allocation Rate)
[2026-06-26T13:49:12.948-0300][82.002s][13528][4880 ][info][gc,task     ] GC(44) Using 1 Workers for Young Generation
[2026-06-26T13:49:12.948-0300][82.002s][13528][4880 ][info][gc,task     ] GC(44) Using 1 Workers for Old Generation
[2026-06-26T13:49:12.948-0300][82.002s][13528][4880 ][info][gc,phases   ] GC(44) Y: Young Generation
[2026-06-26T13:49:12.948-0300][82.002s][13528][11752][info][gc,phases   ] GC(44) Y: Pause Mark Start (Major) 0.018ms
[2026-06-26T13:49:13.106-0300][82.160s][13528][4880 ][info][gc,phases   ] GC(44) Y: Concurrent Mark 158.234ms
[2026-06-26T13:49:13.106-0300][82.160s][13528][11752][info][gc,phases   ] GC(44) Y: Pause Mark End 0.013ms
[2026-06-26T13:49:13.106-0300][82.160s][13528][4880 ][info][gc,phases   ] GC(44) Y: Concurrent Mark Free 0.002ms
[2026-06-26T13:49:13.106-0300][82.160s][13528][4880 ][info][gc,phases   ] GC(44) Y: Concurrent Reset Relocation Set 0.007ms
[2026-06-26T13:49:13.106-0300][82.160s][13528][4880 ][info][gc,reloc    ] GC(44) Y: Using tenuring threshold: 3 (Computed)
[2026-06-26T13:49:13.107-0300][82.161s][13528][4880 ][info][gc,phases   ] GC(44) Y: Concurrent Select Relocation Set 0.999ms
[2026-06-26T13:49:13.107-0300][82.161s][13528][11752][info][gc,phases   ] GC(44) Y: Pause Relocate Start 0.010ms
[2026-06-26T13:49:13.134-0300][82.188s][13528][4880 ][info][gc,phases   ] GC(44) Y: Concurrent Relocate 26.859ms
[2026-06-26T13:49:13.134-0300][82.188s][13528][4880 ][info][gc,alloc    ] GC(44) Y:                         Mark Start        Mark End      Relocate Start    Relocate End   
[2026-06-26T13:49:13.134-0300][82.188s][13528][4880 ][info][gc,alloc    ] GC(44) Y: Allocation Stalls:          0                0                0                0         
[2026-06-26T13:49:13.134-0300][82.188s][13528][4880 ][info][gc,load     ] GC(44) Y: Load: 0.00 (0%) / 0.00 (0%) / 0.00 (0%)
[2026-06-26T13:49:13.134-0300][82.188s][13528][4880 ][info][gc,mmu      ] GC(44) Y: MMU: 2ms/59.3%, 5ms/83.7%, 10ms/91.7%, 20ms/95.7%, 50ms/98.3%, 100ms/99.1%
[2026-06-26T13:49:13.134-0300][82.188s][13528][4880 ][info][gc,marking  ] GC(44) Y: Mark: 1 stripe(s), 2 proactive flush(es), 1 terminate flush(es), 0 completion(s), 0 continuation(s) 
[2026-06-26T13:49:13.134-0300][82.188s][13528][4880 ][info][gc,nmethod  ] GC(44) Y: NMethods: 17580 registered, 0 unregistered
[2026-06-26T13:49:13.134-0300][82.188s][13528][4880 ][info][gc,metaspace] GC(44) Y: Metaspace: 74M used, 76M committed, 1152M reserved
[2026-06-26T13:49:13.134-0300][82.188s][13528][4880 ][info][gc,reloc    ] GC(44) Y:                        Candidates     Selected     In-Place         Size        Empty    Relocated 
[2026-06-26T13:49:13.134-0300][82.188s][13528][4880 ][info][gc,reloc    ] GC(44) Y: Small Pages:                  111           61            0         222M           4M          14M 
[2026-06-26T13:49:13.134-0300][82.188s][13528][4880 ][info][gc,reloc    ] GC(44) Y: Medium Pages:                   1            0            0          32M           0M           0M 
[2026-06-26T13:49:13.134-0300][82.188s][13528][4880 ][info][gc,reloc    ] GC(44) Y: Large Pages:                    0            0            0           0M           0M           0M 
[2026-06-26T13:49:13.134-0300][82.188s][13528][4880 ][info][gc,reloc    ] GC(44) Y: Forwarding Usage: 10M
[2026-06-26T13:49:13.134-0300][82.188s][13528][4880 ][info][gc,reloc    ] GC(44) Y: Age Table:
[2026-06-26T13:49:13.134-0300][82.188s][13528][4880 ][info][gc,reloc    ] GC(44) Y:                    Live             Garbage             Small              Medium             Large        
[2026-06-26T13:49:13.134-0300][82.188s][13528][4880 ][info][gc,reloc    ] GC(44) Y: Eden              28M (1%)          107M (4%)          68 / 53             0 / 0              0 / 0        
[2026-06-26T13:49:13.134-0300][82.188s][13528][4880 ][info][gc,reloc    ] GC(44) Y: Survivor 1        60M (2%)           51M (2%)          40 / 7              1 / 0              0 / 0        
[2026-06-26T13:49:13.134-0300][82.188s][13528][4880 ][info][gc,reloc    ] GC(44) Y: Survivor 2         3M (0%)            2M (0%)           3 / 1              0 / 0              0 / 0        
[2026-06-26T13:49:13.134-0300][82.188s][13528][4880 ][info][gc,heap     ] GC(44) Y: Min Capacity: 8M(0%)
[2026-06-26T13:49:13.134-0300][82.188s][13528][4880 ][info][gc,heap     ] GC(44) Y: Max Capacity: 3072M(100%)
[2026-06-26T13:49:13.134-0300][82.188s][13528][4880 ][info][gc,heap     ] GC(44) Y: Soft Max Capacity: 3072M(100%)
[2026-06-26T13:49:13.134-0300][82.189s][13528][4880 ][info][gc,heap     ] GC(44) Y: Heap Statistics:
[2026-06-26T13:49:13.134-0300][82.189s][13528][4880 ][info][gc,heap     ] GC(44) Y:                Mark Start          Mark End        Relocate Start      Relocate End           High               Low         
[2026-06-26T13:49:13.134-0300][82.189s][13528][4880 ][info][gc,heap     ] GC(44) Y:  Capacity:     3072M (100%)       3072M (100%)       3072M (100%)       3072M (100%)       3072M (100%)       3072M (100%)   
[2026-06-26T13:49:13.134-0300][82.189s][13528][4880 ][info][gc,heap     ] GC(44) Y:      Free:     1130M (37%)        1088M (35%)        1092M (36%)        1208M (39%)        1208M (39%)        1088M (35%)    
[2026-06-26T13:49:13.134-0300][82.189s][13528][4880 ][info][gc,heap     ] GC(44) Y:      Used:     1942M (63%)        1984M (65%)        1980M (64%)        1864M (61%)        1984M (65%)        1864M (61%)    
[2026-06-26T13:49:13.134-0300][82.189s][13528][4880 ][info][gc,heap     ] GC(44) Y: Young Generation Statistics:
[2026-06-26T13:49:13.134-0300][82.189s][13528][4880 ][info][gc,heap     ] GC(44) Y:                Mark Start          Mark End        Relocate Start      Relocate End    
[2026-06-26T13:49:13.134-0300][82.189s][13528][4880 ][info][gc,heap     ] GC(44) Y:      Used:      254M (8%)          296M (10%)         292M (10%)         176M (6%)     
[2026-06-26T13:49:13.134-0300][82.189s][13528][4880 ][info][gc,heap     ] GC(44) Y:      Live:         -                91M (3%)           91M (3%)           91M (3%)     
[2026-06-26T13:49:13.134-0300][82.189s][13528][4880 ][info][gc,heap     ] GC(44) Y:   Garbage:         -               162M (5%)          158M (5%)           31M (1%)     
[2026-06-26T13:49:13.134-0300][82.189s][13528][4880 ][info][gc,heap     ] GC(44) Y: Allocated:         -                42M (1%)           42M (1%)           52M (2%)     
[2026-06-26T13:49:13.134-0300][82.189s][13528][4880 ][info][gc,heap     ] GC(44) Y: Reclaimed:         -                  -                 4M (0%)          130M (4%)     
[2026-06-26T13:49:13.134-0300][82.189s][13528][4880 ][info][gc,heap     ] GC(44) Y:  Promoted:         -                  -                 0M (0%)            0M (0%)     
[2026-06-26T13:49:13.134-0300][82.189s][13528][4880 ][info][gc,heap     ] GC(44) Y: Compacted:         -                  -                  -                25M (1%)     
[2026-06-26T13:49:13.134-0300][82.189s][13528][4880 ][info][gc,phases   ] GC(44) Y: Young Generation 1942M(63%)->1864M(61%) 0.187s
[2026-06-26T13:49:13.134-0300][82.189s][13528][4880 ][info][gc,phases   ] GC(44) O: Old Generation
[2026-06-26T13:49:14.185-0300][83.239s][13528][13492][info][gc,exit     ] Stopping ZGC
[2026-06-26T13:49:14.185-0300][83.239s][13528][4880 ][info][gc,phases   ] GC(44) O: Old Generation Aborted
[2026-06-26T13:49:14.185-0300][83.239s][13528][4880 ][info][gc          ] GC(44) Major Collection (Allocation Rate) Aborted
[2026-06-26T13:49:14.185-0300][83.239s][13528][13772][info][gc,stats    ] === Garbage Collection Statistics =======================================================================================================================
[2026-06-26T13:49:14.185-0300][83.239s][13528][13772][info][gc,stats    ]                                                              Last 10s              Last 10m              Last 10h                Total
[2026-06-26T13:49:14.185-0300][83.239s][13528][13772][info][gc,stats    ]                                                              Avg / Max             Avg / Max             Avg / Max             Avg / Max
[2026-06-26T13:49:14.185-0300][83.239s][13528][13772][info][gc,stats    ]        Contention: Mark Segment Reset Contention                     0 / 0                 4 / 138               4 / 138               4 / 138         ops/s
[2026-06-26T13:49:14.185-0300][83.239s][13528][13772][info][gc,stats    ]        Contention: Mark SeqNum Reset Contention                      0 / 0                 1 / 27                1 / 27                1 / 27          ops/s
[2026-06-26T13:49:14.185-0300][83.239s][13528][13772][info][gc,stats    ]          Critical: Allocation Stall                                  0 / 0                 0 / 23                0 / 23                0 / 23          ops/s
[2026-06-26T13:49:14.185-0300][83.239s][13528][13772][info][gc,stats    ]          Critical: Allocation Stall                              0.000 / 0.000        63.594 / 131.611      63.594 / 131.611      63.594 / 131.611     ms
[2026-06-26T13:49:14.185-0300][83.239s][13528][13772][info][gc,stats    ]          Critical: JNI Critical Stall                                0 / 0                 1 / 42                1 / 42                1 / 42          ops/s
[2026-06-26T13:49:14.185-0300][83.239s][13528][13772][info][gc,stats    ]          Critical: JNI Critical Stall                            0.000 / 0.000         0.931 / 7.013         0.931 / 7.013         0.931 / 7.013       ms
[2026-06-26T13:49:14.185-0300][83.239s][13528][13772][info][gc,stats    ]          Critical: Relocation Stall                                  0 / 0                 0 / 9                 0 / 9                 0 / 9           ops/s
[2026-06-26T13:49:14.185-0300][83.239s][13528][13772][info][gc,stats    ]          Critical: Relocation Stall                              0.000 / 0.000         0.474 / 1.499         0.474 / 1.499         0.474 / 1.499       ms
[2026-06-26T13:49:14.185-0300][83.239s][13528][13772][info][gc,stats    ]  Major Collection: Major Collection                              0.000 / 0.000      1051.608 / 3635.707   1051.608 / 3635.707   1051.608 / 3635.707    ms
[2026-06-26T13:49:14.185-0300][83.239s][13528][13772][info][gc,stats    ]            Memory: Allocation Rate                                  45 / 94              283 / 4496            283 / 4496            283 / 4496        MB/s
[2026-06-26T13:49:14.185-0300][83.239s][13528][13772][info][gc,stats    ]            Memory: Defragment                                        0 / 0                 0 / 0                 0 / 0                 0 / 0           ops/s
[2026-06-26T13:49:14.185-0300][83.239s][13528][13772][info][gc,stats    ]            Memory: Mapped Cache Harvest                              0 / 0                 0 / 0                 0 / 0                 0 / 0           MB/s
[2026-06-26T13:49:14.185-0300][83.239s][13528][13772][info][gc,stats    ]            Memory: Out Of Memory                                     0 / 0                 0 / 0                 0 / 0                 0 / 0           ops/s
[2026-06-26T13:49:14.185-0300][83.239s][13528][13772][info][gc,stats    ]            Memory: Uncommit                                          0 / 0                 0 / 0                 0 / 0                 0 / 0           MB/s
[2026-06-26T13:49:14.185-0300][83.239s][13528][13772][info][gc,stats    ]            Memory: Undo Object Allocation Failed                     0 / 0                 0 / 0                 0 / 0                 0 / 0           ops/s
[2026-06-26T13:49:14.185-0300][83.239s][13528][13772][info][gc,stats    ]            Memory: Undo Object Allocation Succeeded                  0 / 0                 0 / 31                0 / 31                0 / 31          ops/s
[2026-06-26T13:49:14.185-0300][83.239s][13528][13772][info][gc,stats    ]            Memory: Undo Page Allocation                              0 / 0                 0 / 8                 0 / 8                 0 / 8           ops/s
[2026-06-26T13:49:14.185-0300][83.239s][13528][13772][info][gc,stats    ]  Minor Collection: Minor Collection                            201.543 / 201.543     192.671 / 965.386     192.671 / 965.386     192.671 / 965.386     ms
[2026-06-26T13:49:14.185-0300][83.239s][13528][13772][info][gc,stats    ]    Old Generation: Old Generation                                0.000 / 0.000       860.035 / 3249.228    860.035 / 3249.228    860.035 / 3249.228    ms
[2026-06-26T13:49:14.185-0300][83.239s][13528][13772][info][gc,stats    ]         Old Pause: Pause Mark End                                0.000 / 0.000         0.015 / 0.019         0.015 / 0.019         0.015 / 0.019       ms
[2026-06-26T13:49:14.185-0300][83.239s][13528][13772][info][gc,stats    ]         Old Pause: Pause Relocate Start                          0.000 / 0.000         0.083 / 0.815         0.083 / 0.815         0.083 / 0.815       ms
[2026-06-26T13:49:14.185-0300][83.239s][13528][13772][info][gc,stats    ]         Old Phase: Concurrent Mark                               0.000 / 0.000       721.222 / 2333.240    721.222 / 2333.240    721.222 / 2333.240    ms
[2026-06-26T13:49:14.185-0300][83.239s][13528][13772][info][gc,stats    ]         Old Phase: Concurrent Mark Continue                      0.000 / 0.000         0.000 / 0.000         0.000 / 0.000         0.000 / 0.000       ms
[2026-06-26T13:49:14.185-0300][83.239s][13528][13772][info][gc,stats    ]         Old Phase: Concurrent Mark Free                          0.000 / 0.000         0.003 / 0.008         0.003 / 0.008         0.003 / 0.008       ms
[2026-06-26T13:49:14.185-0300][83.239s][13528][13772][info][gc,stats    ]         Old Phase: Concurrent Process Non-Strong                 0.000 / 0.000        18.160 / 40.012       18.160 / 40.012       18.160 / 40.012      ms
[2026-06-26T13:49:14.185-0300][83.239s][13528][13772][info][gc,stats    ]         Old Phase: Concurrent Relocate                           0.000 / 0.000        22.669 / 62.157       22.669 / 62.157       22.669 / 62.157      ms
[2026-06-26T13:49:14.185-0300][83.239s][13528][13772][info][gc,stats    ]         Old Phase: Concurrent Remap Roots                        0.000 / 0.000         4.122 / 8.341         4.122 / 8.341         4.122 / 8.341       ms
[2026-06-26T13:49:14.185-0300][83.239s][13528][13772][info][gc,stats    ]         Old Phase: Concurrent Reset Relocation Set               0.000 / 0.000         0.003 / 0.008         0.003 / 0.008         0.003 / 0.008       ms
[2026-06-26T13:49:14.185-0300][83.239s][13528][13772][info][gc,stats    ]         Old Phase: Concurrent Select Relocation Set              0.000 / 0.000         1.375 / 6.042         1.375 / 6.042         1.375 / 6.042       ms
[2026-06-26T13:49:14.185-0300][83.239s][13528][13772][info][gc,stats    ]      Old Subphase: Concurrent Classes Purge                      0.000 / 0.000         1.576 / 5.746         1.576 / 5.746         1.576 / 5.746       ms
[2026-06-26T13:49:14.185-0300][83.239s][13528][13772][info][gc,stats    ]      Old Subphase: Concurrent Classes Unlink                     0.000 / 0.000        12.277 / 29.859       12.277 / 29.859       12.277 / 29.859      ms
[2026-06-26T13:49:14.185-0300][83.239s][13528][13772][info][gc,stats    ]      Old Subphase: Concurrent Mark Follow                        0.000 / 0.000       721.010 / 2333.013    721.010 / 2333.013    721.010 / 2333.013    ms
[2026-06-26T13:49:14.185-0300][83.239s][13528][13772][info][gc,stats    ]      Old Subphase: Concurrent Mark Root Colored                  0.139 / 0.139         0.080 / 0.139         0.080 / 0.139         0.080 / 0.139       ms
[2026-06-26T13:49:14.185-0300][83.239s][13528][13772][info][gc,stats    ]      Old Subphase: Concurrent Mark Root Uncolored                0.163 / 0.163         0.098 / 0.163         0.098 / 0.163         0.098 / 0.163       ms
[2026-06-26T13:49:14.185-0300][83.239s][13528][13772][info][gc,stats    ]      Old Subphase: Concurrent Mark Roots                         0.332 / 0.332         0.219 / 0.332         0.219 / 0.332         0.219 / 0.332       ms
[2026-06-26T13:49:14.185-0300][83.239s][13528][13772][info][gc,stats    ]      Old Subphase: Concurrent References Enqueue                 0.000 / 0.000         0.003 / 0.008         0.003 / 0.008         0.003 / 0.008       ms
[2026-06-26T13:49:14.185-0300][83.239s][13528][13772][info][gc,stats    ]      Old Subphase: Concurrent References Process                 0.000 / 0.000         1.033 / 3.798         1.033 / 3.798         1.033 / 3.798       ms
[2026-06-26T13:49:14.185-0300][83.239s][13528][13772][info][gc,stats    ]      Old Subphase: Concurrent Remap Remembered                   0.000 / 0.000         1.292 / 4.642         1.292 / 4.642         1.292 / 4.642       ms
[2026-06-26T13:49:14.185-0300][83.239s][13528][13772][info][gc,stats    ]      Old Subphase: Concurrent Remap Roots Colored                0.000 / 0.000         1.164 / 1.904         1.164 / 1.904         1.164 / 1.904       ms
[2026-06-26T13:49:14.185-0300][83.239s][13528][13772][info][gc,stats    ]      Old Subphase: Concurrent Remap Roots Uncolored              0.000 / 0.000         1.546 / 2.596         1.546 / 2.596         1.546 / 2.596       ms
[2026-06-26T13:49:14.185-0300][83.239s][13528][13772][info][gc,stats    ]      Old Subphase: Concurrent Roots ClassLoaderDataGraph         0.090 / 0.090         0.435 / 0.897         0.435 / 0.897         0.435 / 0.897       ms
[2026-06-26T13:49:14.185-0300][83.239s][13528][13772][info][gc,stats    ]      Old Subphase: Concurrent Roots CodeCache                    0.000 / 0.000         1.532 / 2.574         1.532 / 2.574         1.532 / 2.574       ms
[2026-06-26T13:49:14.185-0300][83.239s][13528][13772][info][gc,stats    ]      Old Subphase: Concurrent Roots JavaThreads                  0.163 / 0.163         0.031 / 0.163         0.031 / 0.163         0.031 / 0.163       ms
[2026-06-26T13:49:14.185-0300][83.239s][13528][13772][info][gc,stats    ]      Old Subphase: Concurrent Roots OopStorageSet                0.046 / 0.046         0.011 / 0.049         0.011 / 0.049         0.011 / 0.049       ms
[2026-06-26T13:49:14.185-0300][83.239s][13528][13772][info][gc,stats    ]      Old Subphase: Concurrent Weak Roots OopStorageSet           0.000 / 0.000         1.254 / 5.334         1.254 / 5.334         1.254 / 5.334       ms
[2026-06-26T13:49:14.185-0300][83.239s][13528][13772][info][gc,stats    ]            System: Java Threads                                     38 / 39               26 / 39               26 / 39               26 / 39          threads
[2026-06-26T13:49:14.185-0300][83.239s][13528][13772][info][gc,stats    ]  Young Generation: Young Generation                            186.564 / 186.564     190.276 / 578.459     190.276 / 578.459     190.276 / 578.459     ms
[2026-06-26T13:49:14.185-0300][83.239s][13528][13772][info][gc,stats    ]  Young Generation: Young Generation                            200.897 / 200.897     192.146 / 964.978     192.146 / 964.978     192.146 / 964.978     ms
[2026-06-26T13:49:14.185-0300][83.239s][13528][13772][info][gc,stats    ]  Young Generation: Young Generation (Collect Roots)              0.000 / 0.000         0.000 / 0.000         0.000 / 0.000         0.000 / 0.000       ms
[2026-06-26T13:49:14.185-0300][83.239s][13528][13772][info][gc,stats    ]  Young Generation: Young Generation (Promote All)                0.000 / 0.000         0.000 / 0.000         0.000 / 0.000         0.000 / 0.000       ms
[2026-06-26T13:49:14.185-0300][83.239s][13528][13772][info][gc,stats    ]       Young Pause: Pause Mark End                                0.017 / 0.021         0.016 / 0.030         0.016 / 0.030         0.016 / 0.030       ms
[2026-06-26T13:49:14.185-0300][83.239s][13528][13772][info][gc,stats    ]       Young Pause: Pause Mark Start                              0.010 / 0.010         0.012 / 0.019         0.012 / 0.019         0.012 / 0.019       ms
[2026-06-26T13:49:14.185-0300][83.239s][13528][13772][info][gc,stats    ]       Young Pause: Pause Mark Start (Major)                      0.018 / 0.018         0.013 / 0.019         0.013 / 0.019         0.013 / 0.019       ms
[2026-06-26T13:49:14.185-0300][83.239s][13528][13772][info][gc,stats    ]       Young Pause: Pause Relocate Start                          0.010 / 0.011         0.013 / 0.043         0.013 / 0.043         0.013 / 0.043       ms
[2026-06-26T13:49:14.185-0300][83.239s][13528][13772][info][gc,stats    ]       Young Phase: Concurrent Mark                             157.352 / 158.234     129.799 / 716.891     129.799 / 716.891     129.799 / 716.891     ms
[2026-06-26T13:49:14.185-0300][83.239s][13528][13772][info][gc,stats    ]       Young Phase: Concurrent Mark Continue                      0.000 / 0.000         0.000 / 0.000         0.000 / 0.000         0.000 / 0.000       ms
[2026-06-26T13:49:14.185-0300][83.239s][13528][13772][info][gc,stats    ]       Young Phase: Concurrent Mark Free                          0.004 / 0.005         0.005 / 0.010         0.005 / 0.010         0.005 / 0.010       ms
[2026-06-26T13:49:14.185-0300][83.240s][13528][13772][info][gc,stats    ]       Young Phase: Concurrent Relocate                          32.171 / 37.482       45.309 / 242.360      45.309 / 242.360      45.309 / 242.360     ms
[2026-06-26T13:49:14.185-0300][83.240s][13528][13772][info][gc,stats    ]       Young Phase: Concurrent Reset Relocation Set               0.637 / 1.268         0.088 / 1.268         0.088 / 1.268         0.088 / 1.268       ms
[2026-06-26T13:49:14.185-0300][83.240s][13528][13772][info][gc,stats    ]       Young Phase: Concurrent Select Relocation Set              2.976 / 4.952        15.271 / 138.409      15.271 / 138.409      15.271 / 138.409     ms
[2026-06-26T13:49:14.185-0300][83.240s][13528][13772][info][gc,stats    ]    Young Subphase: Concurrent Mark Follow                      142.828 / 146.539     122.844 / 705.369     122.844 / 705.369     122.844 / 705.369     ms
[2026-06-26T13:49:14.185-0300][83.240s][13528][13772][info][gc,stats    ]    Young Subphase: Concurrent Mark Root Colored                  4.762 / 5.729         3.012 / 9.009         3.012 / 9.009         3.012 / 9.009       ms
[2026-06-26T13:49:14.185-0300][83.240s][13528][13772][info][gc,stats    ]    Young Subphase: Concurrent Mark Root Uncolored                9.713 / 11.574        3.095 / 11.574        3.095 / 11.574        3.095 / 11.574      ms
[2026-06-26T13:49:14.186-0300][83.240s][13528][13772][info][gc,stats    ]    Young Subphase: Concurrent Mark Roots                        14.520 / 17.349        6.952 / 17.349        6.952 / 17.349        6.952 / 17.349      ms
[2026-06-26T13:49:14.186-0300][83.240s][13528][13772][info][gc,stats    ]    Young Subphase: Concurrent Relocate Remset FP                 0.037 / 0.038        20.032 / 236.732      20.032 / 236.732      20.032 / 236.732     ms
[2026-06-26T13:49:14.186-0300][83.240s][13528][13772][info][gc,stats    ]    Young Subphase: Concurrent Roots ClassLoaderDataGraph         0.558 / 0.574         0.816 / 1.963         0.816 / 1.963         0.816 / 1.963       ms
[2026-06-26T13:49:14.186-0300][83.240s][13528][13772][info][gc,stats    ]    Young Subphase: Concurrent Roots CodeCache                    9.464 / 11.312        2.935 / 11.312        2.935 / 11.312        2.935 / 11.312      ms
[2026-06-26T13:49:14.186-0300][83.240s][13528][13772][info][gc,stats    ]    Young Subphase: Concurrent Roots JavaThreads                  0.128 / 0.260         0.082 / 0.846         0.082 / 0.846         0.082 / 0.846       ms
[2026-06-26T13:49:14.186-0300][83.240s][13528][13772][info][gc,stats    ]    Young Subphase: Concurrent Roots OopStorageSet                0.115 / 0.180         0.045 / 0.525         0.045 / 0.525         0.045 / 0.525       ms
[2026-06-26T13:49:14.186-0300][83.240s][13528][13772][info][gc,stats    ]    Young Subphase: Concurrent Weak Roots OopStorageSet           4.087 / 4.972         2.158 / 7.657         2.158 / 7.657         2.158 / 7.657       ms
[2026-06-26T13:49:14.186-0300][83.240s][13528][13772][info][gc,stats    ] =========================================================================================================================================================
[2026-06-26T13:49:14.186-0300][83.240s][13528][13492][info][gc,exit     ] Heap
[2026-06-26T13:49:14.186-0300][83.240s][13528][13492][info][gc,exit     ]  ZHeap           used 1886M, capacity 3072M, max capacity 3072M
[2026-06-26T13:49:14.186-0300][83.240s][13528][13492][info][gc,exit     ]   Cache          1186M (36)
[2026-06-26T13:49:14.186-0300][83.240s][13528][13492][info][gc,exit     ]    size classes  2M (7), 4M (12), 8M (11), 16M (3), 128M (1), 256M (2)
[2026-06-26T13:49:14.186-0300][83.240s][13528][13492][info][gc,exit     ]  Metaspace       used 76860K, committed 78528K, reserved 1179648K
[2026-06-26T13:49:14.186-0300][83.240s][13528][13492][info][gc,exit     ]   class space    used 6977K, committed 7744K, reserved 1048576K
