[2026-06-26T13:33:21.058-0300][0.008s][10128][13020][info][gc,init] Initializing The Z Garbage Collector
[2026-06-26T13:33:21.058-0300][0.008s][10128][13020][info][gc,init] Version: 25.0.1+8-LTS (release)
[2026-06-26T13:33:21.058-0300][0.008s][10128][13020][info][gc,init] NUMA Support: Disabled
[2026-06-26T13:33:21.058-0300][0.008s][10128][13020][info][gc,init] CPUs: 12 total, 12 available
[2026-06-26T13:33:21.058-0300][0.008s][10128][13020][info][gc,init] Memory: 32693M
[2026-06-26T13:33:21.058-0300][0.008s][10128][13020][info][gc,init] Large Page Support: Disabled
[2026-06-26T13:33:21.058-0300][0.008s][10128][13020][info][gc,init] Address Space Size: limited (137434287388K)
[2026-06-26T13:33:21.058-0300][0.008s][10128][13020][info][gc,init] Reserved Space Type: Contiguous/Unrestricted/Complete
[2026-06-26T13:33:21.058-0300][0.008s][10128][13020][info][gc,init] Reserved Space Size: 48G
[2026-06-26T13:33:21.058-0300][0.008s][10128][13020][info][gc,init] Min Capacity: 8M
[2026-06-26T13:33:21.058-0300][0.008s][10128][13020][info][gc,init] Initial Capacity: 512M
[2026-06-26T13:33:21.058-0300][0.008s][10128][13020][info][gc,init] Max Capacity: 3072M
[2026-06-26T13:33:21.058-0300][0.008s][10128][13020][info][gc,init] Soft Max Capacity: 3072M
[2026-06-26T13:33:21.058-0300][0.008s][10128][13020][info][gc,init] Page Size Medium: Range [4M, 32M]
[2026-06-26T13:33:21.058-0300][0.008s][10128][13020][info][gc,init] Pre-touch: Disabled
[2026-06-26T13:33:21.058-0300][0.008s][10128][13020][info][gc,init] Uncommit: Enabled
[2026-06-26T13:33:21.058-0300][0.008s][10128][13020][info][gc,init] Uncommit Delay: 300s
[2026-06-26T13:33:21.058-0300][0.008s][10128][13020][info][gc,init] GC Workers for Old Generation: 3 (dynamic)
[2026-06-26T13:33:21.058-0300][0.009s][10128][13020][info][gc,init] GC Workers for Young Generation: 3 (dynamic)
[2026-06-26T13:33:21.058-0300][0.018s][10128][13020][info][gc,init] GC Workers Max: 3 (dynamic)
[2026-06-26T13:33:21.058-0300][0.018s][10128][13020][info][gc,init] Runtime Workers: 8
[2026-06-26T13:33:21.058-0300][0.018s][10128][13020][info][gc     ] Using The Z Garbage Collector
[2026-06-26T13:33:21.074-0300][0.023s][10128][13020][info][gc,metaspace] CDS archive(s) mapped at: [0x000000002d000000-0x000000002dd20000-0x000000002dd20000), size 13762560, SharedBaseAddress: 0x000000002d000000, ArchiveRelocationMode: 1.
[2026-06-26T13:33:21.074-0300][0.023s][10128][13020][info][gc,metaspace] Compressed class space mapped at: 0x000000002e000000-0x000000006e000000, reserved size: 1073741824
[2026-06-26T13:33:21.074-0300][0.023s][10128][13020][info][gc,metaspace] UseCompressedClassPointers 1, UseCompactObjectHeaders 0
[2026-06-26T13:33:21.074-0300][0.023s][10128][13020][info][gc,metaspace] Narrow klass pointer bits 32, Max shift 3
[2026-06-26T13:33:21.074-0300][0.023s][10128][13020][info][gc,metaspace] Narrow klass base: 0x000000002d000000, Narrow klass shift: 0
[2026-06-26T13:33:21.074-0300][0.023s][10128][13020][info][gc,metaspace] Encoding Range: [0x000000002d000000 - 0x000000012d000000), (4294967296 bytes)
[2026-06-26T13:33:21.074-0300][0.023s][10128][13020][info][gc,metaspace] Klass Range:    [0x000000002d010000 - 0x000000006e000000), (1090453504 bytes)
[2026-06-26T13:33:21.074-0300][0.023s][10128][13020][info][gc,metaspace] Klass ID Range:  [65536 - 1090519033) (1090453497)
[2026-06-26T13:33:21.074-0300][0.023s][10128][13020][info][gc,metaspace] Protection zone: [0x000000002d000000 - 0x000000002d010000), (65536 bytes)
[2026-06-26T13:33:22.584-0300][1.532s][10128][7368 ][info][gc          ] GC(0) Major Collection (Metadata GC Threshold)
[2026-06-26T13:33:22.584-0300][1.532s][10128][7368 ][info][gc,task     ] GC(0) Using 1 Workers for Young Generation
[2026-06-26T13:33:22.584-0300][1.532s][10128][7368 ][info][gc,task     ] GC(0) Using 1 Workers for Old Generation
[2026-06-26T13:33:22.584-0300][1.532s][10128][7368 ][info][gc,phases   ] GC(0) Y: Young Generation
[2026-06-26T13:33:22.584-0300][1.532s][10128][8556 ][info][gc,phases   ] GC(0) Y: Pause Mark Start (Major) 0.010ms
[2026-06-26T13:33:22.603-0300][1.551s][10128][7368 ][info][gc,phases   ] GC(0) Y: Concurrent Mark 18.806ms
[2026-06-26T13:33:22.603-0300][1.551s][10128][8556 ][info][gc,phases   ] GC(0) Y: Pause Mark End 0.015ms
[2026-06-26T13:33:22.603-0300][1.551s][10128][7368 ][info][gc,phases   ] GC(0) Y: Concurrent Mark Free 0.003ms
[2026-06-26T13:33:22.603-0300][1.551s][10128][7368 ][info][gc,phases   ] GC(0) Y: Concurrent Reset Relocation Set 0.000ms
[2026-06-26T13:33:22.603-0300][1.551s][10128][7368 ][info][gc,reloc    ] GC(0) Y: Using tenuring threshold: 1 (Computed)
[2026-06-26T13:33:22.604-0300][1.551s][10128][7368 ][info][gc,phases   ] GC(0) Y: Concurrent Select Relocation Set 0.533ms
[2026-06-26T13:33:22.604-0300][1.551s][10128][8556 ][info][gc,phases   ] GC(0) Y: Pause Relocate Start 0.008ms
[2026-06-26T13:33:22.612-0300][1.559s][10128][7368 ][info][gc,phases   ] GC(0) Y: Concurrent Relocate 7.937ms
[2026-06-26T13:33:22.612-0300][1.559s][10128][7368 ][info][gc,alloc    ] GC(0) Y:                         Mark Start        Mark End      Relocate Start    Relocate End   
[2026-06-26T13:33:22.612-0300][1.559s][10128][7368 ][info][gc,alloc    ] GC(0) Y: Allocation Stalls:          0                0                0                0         
[2026-06-26T13:33:22.612-0300][1.559s][10128][7368 ][info][gc,load     ] GC(0) Y: Load: 0.00 (0%) / 0.00 (0%) / 0.00 (0%)
[2026-06-26T13:33:22.612-0300][1.560s][10128][7368 ][info][gc,mmu      ] GC(0) Y: MMU: 2ms/98.9%, 5ms/99.6%, 10ms/99.8%, 20ms/99.8%, 50ms/99.9%, 100ms/100.0%
[2026-06-26T13:33:22.612-0300][1.560s][10128][7368 ][info][gc,marking  ] GC(0) Y: Mark: 1 stripe(s), 2 proactive flush(es), 1 terminate flush(es), 0 completion(s), 0 continuation(s) 
[2026-06-26T13:33:22.612-0300][1.560s][10128][7368 ][info][gc,nmethod  ] GC(0) Y: NMethods: 3289 registered, 0 unregistered
[2026-06-26T13:33:22.612-0300][1.560s][10128][7368 ][info][gc,metaspace] GC(0) Y: Metaspace: 21M used, 21M committed, 1088M reserved
[2026-06-26T13:33:22.612-0300][1.560s][10128][7368 ][info][gc,reloc    ] GC(0) Y:                        Candidates     Selected     In-Place         Size        Empty    Relocated 
[2026-06-26T13:33:22.612-0300][1.560s][10128][7368 ][info][gc,reloc    ] GC(0) Y: Small Pages:                   40           32            0          80M           2M           5M 
[2026-06-26T13:33:22.612-0300][1.560s][10128][7368 ][info][gc,reloc    ] GC(0) Y: Medium Pages:                   1            0            0          32M           0M           0M 
[2026-06-26T13:33:22.612-0300][1.560s][10128][7368 ][info][gc,reloc    ] GC(0) Y: Large Pages:                    0            0            0           0M           0M           0M 
[2026-06-26T13:33:22.612-0300][1.560s][10128][7368 ][info][gc,reloc    ] GC(0) Y: Forwarding Usage: 2M
[2026-06-26T13:33:22.612-0300][1.560s][10128][7368 ][info][gc,reloc    ] GC(0) Y: Age Table:
[2026-06-26T13:33:22.612-0300][1.560s][10128][7368 ][info][gc,reloc    ] GC(0) Y:                    Live             Garbage             Small              Medium             Large        
[2026-06-26T13:33:22.612-0300][1.560s][10128][7368 ][info][gc,reloc    ] GC(0) Y: Eden              13M (0%)           98M (3%)          40 / 32             1 / 0              0 / 0        
[2026-06-26T13:33:22.612-0300][1.560s][10128][7368 ][info][gc,heap     ] GC(0) Y: Min Capacity: 8M(0%)
[2026-06-26T13:33:22.612-0300][1.560s][10128][7368 ][info][gc,heap     ] GC(0) Y: Max Capacity: 3072M(100%)
[2026-06-26T13:33:22.612-0300][1.560s][10128][7368 ][info][gc,heap     ] GC(0) Y: Soft Max Capacity: 3072M(100%)
[2026-06-26T13:33:22.612-0300][1.560s][10128][7368 ][info][gc,heap     ] GC(0) Y: Heap Statistics:
[2026-06-26T13:33:22.612-0300][1.560s][10128][7368 ][info][gc,heap     ] GC(0) Y:                Mark Start          Mark End        Relocate Start      Relocate End           High               Low         
[2026-06-26T13:33:22.612-0300][1.560s][10128][7368 ][info][gc,heap     ] GC(0) Y:  Capacity:      512M (17%)         512M (17%)         512M (17%)         512M (17%)         512M (17%)         512M (17%)    
[2026-06-26T13:33:22.612-0300][1.560s][10128][7368 ][info][gc,heap     ] GC(0) Y:      Free:     2960M (96%)        2954M (96%)        2956M (96%)        3016M (98%)        3016M (98%)        2952M (96%)    
[2026-06-26T13:33:22.612-0300][1.560s][10128][7368 ][info][gc,heap     ] GC(0) Y:      Used:      112M (4%)          118M (4%)          116M (4%)           56M (2%)          120M (4%)           56M (2%)     
[2026-06-26T13:33:22.612-0300][1.560s][10128][7368 ][info][gc,heap     ] GC(0) Y: Young Generation Statistics:
[2026-06-26T13:33:22.612-0300][1.560s][10128][7368 ][info][gc,heap     ] GC(0) Y:                Mark Start          Mark End        Relocate Start      Relocate End    
[2026-06-26T13:33:22.612-0300][1.560s][10128][7368 ][info][gc,heap     ] GC(0) Y:      Used:      112M (4%)          118M (4%)          116M (4%)           56M (2%)     
[2026-06-26T13:33:22.612-0300][1.560s][10128][7368 ][info][gc,heap     ] GC(0) Y:      Live:         -                13M (0%)           13M (0%)           13M (0%)     
[2026-06-26T13:33:22.612-0300][1.560s][10128][7368 ][info][gc,heap     ] GC(0) Y:   Garbage:         -                98M (3%)           96M (3%)           30M (1%)     
[2026-06-26T13:33:22.612-0300][1.560s][10128][7368 ][info][gc,heap     ] GC(0) Y: Allocated:         -                 6M (0%)            6M (0%)           11M (0%)     
[2026-06-26T13:33:22.612-0300][1.560s][10128][7368 ][info][gc,heap     ] GC(0) Y: Reclaimed:         -                  -                 2M (0%)           67M (2%)     
[2026-06-26T13:33:22.612-0300][1.560s][10128][7368 ][info][gc,heap     ] GC(0) Y:  Promoted:         -                  -                 0M (0%)            0M (0%)     
[2026-06-26T13:33:22.612-0300][1.560s][10128][7368 ][info][gc,heap     ] GC(0) Y: Compacted:         -                  -                  -                 6M (0%)     
[2026-06-26T13:33:22.612-0300][1.560s][10128][7368 ][info][gc,phases   ] GC(0) Y: Young Generation 112M(4%)->56M(2%) 0.028s
[2026-06-26T13:33:22.612-0300][1.560s][10128][7368 ][info][gc,phases   ] GC(0) O: Old Generation
[2026-06-26T13:33:22.613-0300][1.560s][10128][7368 ][info][gc,phases   ] GC(0) O: Concurrent Mark 0.360ms
[2026-06-26T13:33:22.613-0300][1.560s][10128][8556 ][info][gc,phases   ] GC(0) O: Pause Mark End 0.013ms
[2026-06-26T13:33:22.613-0300][1.560s][10128][7368 ][info][gc,phases   ] GC(0) O: Concurrent Mark Free 0.001ms
[2026-06-26T13:33:22.619-0300][1.566s][10128][7368 ][info][gc,phases   ] GC(0) O: Concurrent Process Non-Strong 5.921ms
[2026-06-26T13:33:22.619-0300][1.566s][10128][7368 ][info][gc,phases   ] GC(0) O: Concurrent Reset Relocation Set 0.000ms
[2026-06-26T13:33:22.619-0300][1.567s][10128][7368 ][info][gc,phases   ] GC(0) O: Concurrent Select Relocation Set 0.285ms
[2026-06-26T13:33:22.619-0300][1.567s][10128][7368 ][info][gc,task     ] GC(0) O: Using 2 Workers for Old Generation
[2026-06-26T13:33:22.620-0300][1.568s][10128][7368 ][info][gc,task     ] GC(0) O: Using 1 Workers for Old Generation
[2026-06-26T13:33:22.620-0300][1.568s][10128][7368 ][info][gc,phases   ] GC(0) O: Concurrent Remap Roots 1.053ms
[2026-06-26T13:33:22.620-0300][1.568s][10128][8556 ][info][gc,phases   ] GC(0) O: Pause Relocate Start 0.012ms
[2026-06-26T13:33:22.620-0300][1.568s][10128][7368 ][info][gc,phases   ] GC(0) O: Concurrent Relocate 0.053ms
[2026-06-26T13:33:22.620-0300][1.568s][10128][7368 ][info][gc,alloc    ] GC(0) O:                         Mark Start        Mark End      Relocate Start    Relocate End   
[2026-06-26T13:33:22.620-0300][1.568s][10128][7368 ][info][gc,alloc    ] GC(0) O: Allocation Stalls:          0                0                0                0         
[2026-06-26T13:33:22.620-0300][1.568s][10128][7368 ][info][gc,load     ] GC(0) O: Load: 0.00 (0%) / 0.00 (0%) / 0.00 (0%)
[2026-06-26T13:33:22.620-0300][1.568s][10128][7368 ][info][gc,mmu      ] GC(0) O: MMU: 2ms/98.9%, 5ms/99.6%, 10ms/99.7%, 20ms/99.8%, 50ms/99.9%, 100ms/99.9%
[2026-06-26T13:33:22.620-0300][1.568s][10128][7368 ][info][gc,marking  ] GC(0) O: Mark: 1 stripe(s), 1 proactive flush(es), 1 terminate flush(es), 0 completion(s), 0 continuation(s) 
[2026-06-26T13:33:22.620-0300][1.568s][10128][7368 ][info][gc,nmethod  ] GC(0) O: NMethods: 2960 registered, 377 unregistered
[2026-06-26T13:33:22.620-0300][1.568s][10128][7368 ][info][gc,metaspace] GC(0) O: Metaspace: 21M used, 21M committed, 1088M reserved
[2026-06-26T13:33:22.621-0300][1.568s][10128][7368 ][info][gc,ref      ] GC(0) O:                       Encountered   Discovered     Enqueued 
[2026-06-26T13:33:22.621-0300][1.568s][10128][7368 ][info][gc,ref      ] GC(0) O: Soft References:             2983            0            0 
[2026-06-26T13:33:22.621-0300][1.568s][10128][7368 ][info][gc,ref      ] GC(0) O: Weak References:             3599            0            0 
[2026-06-26T13:33:22.621-0300][1.568s][10128][7368 ][info][gc,ref      ] GC(0) O: Final References:               8            0            0 
[2026-06-26T13:33:22.621-0300][1.568s][10128][7368 ][info][gc,ref      ] GC(0) O: Phantom References:          1218            0            0 
[2026-06-26T13:33:22.621-0300][1.568s][10128][7368 ][info][gc,heap     ] GC(0) O: Min Capacity: 8M(0%)
[2026-06-26T13:33:22.621-0300][1.568s][10128][7368 ][info][gc,heap     ] GC(0) O: Max Capacity: 3072M(100%)
[2026-06-26T13:33:22.621-0300][1.568s][10128][7368 ][info][gc,heap     ] GC(0) O: Soft Max Capacity: 3072M(100%)
[2026-06-26T13:33:22.621-0300][1.568s][10128][7368 ][info][gc,heap     ] GC(0) O: Heap Statistics:
[2026-06-26T13:33:22.621-0300][1.568s][10128][7368 ][info][gc,heap     ] GC(0) O:                Mark Start          Mark End        Relocate Start      Relocate End           High               Low         
[2026-06-26T13:33:22.621-0300][1.568s][10128][7368 ][info][gc,heap     ] GC(0) O:  Capacity:      512M (17%)         512M (17%)         512M (17%)         512M (17%)         512M (17%)         512M (17%)    
[2026-06-26T13:33:22.621-0300][1.568s][10128][7368 ][info][gc,heap     ] GC(0) O:      Free:     2960M (96%)        3016M (98%)        3016M (98%)        3016M (98%)        3016M (98%)        2952M (96%)    
[2026-06-26T13:33:22.621-0300][1.568s][10128][7368 ][info][gc,heap     ] GC(0) O:      Used:      112M (4%)           56M (2%)           56M (2%)           56M (2%)          120M (4%)           56M (2%)     
[2026-06-26T13:33:22.621-0300][1.568s][10128][7368 ][info][gc,heap     ] GC(0) O: Old Generation Statistics:
[2026-06-26T13:33:22.621-0300][1.568s][10128][7368 ][info][gc,heap     ] GC(0) O:                Mark Start          Mark End        Relocate Start      Relocate End    
[2026-06-26T13:33:22.621-0300][1.568s][10128][7368 ][info][gc,heap     ] GC(0) O:      Used:        0M (0%)            0M (0%)            0M (0%)            0M (0%)     
[2026-06-26T13:33:22.621-0300][1.568s][10128][7368 ][info][gc,heap     ] GC(0) O:      Live:         -                 0M (0%)            0M (0%)            0M (0%)     
[2026-06-26T13:33:22.621-0300][1.568s][10128][7368 ][info][gc,heap     ] GC(0) O:   Garbage:         -                 0M (0%)            0M (0%)            0M (0%)     
[2026-06-26T13:33:22.621-0300][1.568s][10128][7368 ][info][gc,heap     ] GC(0) O: Allocated:         -                 0M (0%)            0M (0%)            0M (0%)     
[2026-06-26T13:33:22.621-0300][1.568s][10128][7368 ][info][gc,heap     ] GC(0) O: Reclaimed:         -                  -                 0M (0%)            0M (0%)     
[2026-06-26T13:33:22.621-0300][1.568s][10128][7368 ][info][gc,heap     ] GC(0) O: Compacted:         -                  -                  -                 0M (0%)     
[2026-06-26T13:33:22.621-0300][1.568s][10128][7368 ][info][gc,phases   ] GC(0) O: Old Generation 56M(2%)->56M(2%) 0.008s
[2026-06-26T13:33:22.621-0300][1.568s][10128][7368 ][info][gc          ] GC(0) Major Collection (Metadata GC Threshold) 112M(4%)->56M(2%) 0.037s
[2026-06-26T13:33:25.704-0300][4.651s][10128][7368 ][info][gc          ] GC(1) Major Collection (Warmup)
[2026-06-26T13:33:25.704-0300][4.651s][10128][7368 ][info][gc,task     ] GC(1) Using 3 Workers for Young Generation
[2026-06-26T13:33:25.704-0300][4.651s][10128][7368 ][info][gc,task     ] GC(1) Using 2 Workers for Old Generation
[2026-06-26T13:33:25.704-0300][4.651s][10128][7368 ][info][gc,phases   ] GC(1) Y: Young Generation
[2026-06-26T13:33:25.704-0300][4.651s][10128][8556 ][info][gc,phases   ] GC(1) Y: Pause Mark Start (Major) 0.009ms
[2026-06-26T13:33:25.734-0300][4.682s][10128][7368 ][info][gc,phases   ] GC(1) Y: Concurrent Mark 30.637ms
[2026-06-26T13:33:25.734-0300][4.682s][10128][8556 ][info][gc,phases   ] GC(1) Y: Pause Mark End 0.018ms
[2026-06-26T13:33:25.734-0300][4.682s][10128][7368 ][info][gc,phases   ] GC(1) Y: Concurrent Mark Free 0.005ms
[2026-06-26T13:33:25.734-0300][4.682s][10128][7368 ][info][gc,phases   ] GC(1) Y: Concurrent Reset Relocation Set 0.003ms
[2026-06-26T13:33:25.734-0300][4.682s][10128][7368 ][info][gc,reloc    ] GC(1) Y: Using tenuring threshold: 2 (Computed)
[2026-06-26T13:33:25.736-0300][4.685s][10128][7368 ][info][gc,phases   ] GC(1) Y: Concurrent Select Relocation Set 2.547ms
[2026-06-26T13:33:25.736-0300][4.685s][10128][8556 ][info][gc,phases   ] GC(1) Y: Pause Relocate Start 0.009ms
[2026-06-26T13:33:25.753-0300][4.702s][10128][7368 ][info][gc,phases   ] GC(1) Y: Concurrent Relocate 16.889ms
[2026-06-26T13:33:25.753-0300][4.702s][10128][7368 ][info][gc,alloc    ] GC(1) Y:                         Mark Start        Mark End      Relocate Start    Relocate End   
[2026-06-26T13:33:25.753-0300][4.702s][10128][7368 ][info][gc,alloc    ] GC(1) Y: Allocation Stalls:          0                0                0                0         
[2026-06-26T13:33:25.753-0300][4.702s][10128][7368 ][info][gc,load     ] GC(1) Y: Load: 0.00 (0%) / 0.00 (0%) / 0.00 (0%)
[2026-06-26T13:33:25.753-0300][4.702s][10128][7368 ][info][gc,mmu      ] GC(1) Y: MMU: 2ms/98.9%, 5ms/99.5%, 10ms/99.7%, 20ms/99.8%, 50ms/99.9%, 100ms/99.9%
[2026-06-26T13:33:25.753-0300][4.702s][10128][7368 ][info][gc,marking  ] GC(1) Y: Mark: 2 stripe(s), 6 proactive flush(es), 1 terminate flush(es), 0 completion(s), 0 continuation(s) 
[2026-06-26T13:33:25.753-0300][4.702s][10128][7368 ][info][gc,nmethod  ] GC(1) Y: NMethods: 3919 registered, 377 unregistered
[2026-06-26T13:33:25.753-0300][4.702s][10128][7368 ][info][gc,metaspace] GC(1) Y: Metaspace: 26M used, 26M committed, 1088M reserved
[2026-06-26T13:33:25.753-0300][4.702s][10128][7368 ][info][gc,reloc    ] GC(1) Y:                        Candidates     Selected     In-Place         Size        Empty    Relocated 
[2026-06-26T13:33:25.753-0300][4.702s][10128][7368 ][info][gc,reloc    ] GC(1) Y: Small Pages:                  123           93            0         246M          22M          19M 
[2026-06-26T13:33:25.753-0300][4.702s][10128][7368 ][info][gc,reloc    ] GC(1) Y: Medium Pages:                   2            1            0          64M           0M           2M 
[2026-06-26T13:33:25.753-0300][4.702s][10128][7368 ][info][gc,reloc    ] GC(1) Y: Large Pages:                    0            0            0           0M           0M           0M 
[2026-06-26T13:33:25.753-0300][4.702s][10128][7368 ][info][gc,reloc    ] GC(1) Y: Forwarding Usage: 10M
[2026-06-26T13:33:25.753-0300][4.702s][10128][7368 ][info][gc,reloc    ] GC(1) Y: Age Table:
[2026-06-26T13:33:25.753-0300][4.702s][10128][7368 ][info][gc,reloc    ] GC(1) Y:                    Live             Garbage             Small              Medium             Large        
[2026-06-26T13:33:25.753-0300][4.702s][10128][7368 ][info][gc,reloc    ] GC(1) Y: Eden              23M (1%)          236M (8%)         114 / 89             1 / 0              0 / 0        
[2026-06-26T13:33:25.753-0300][4.702s][10128][7368 ][info][gc,reloc    ] GC(1) Y: Survivor 1        13M (0%)           36M (1%)           9 / 4              1 / 1              0 / 0        
[2026-06-26T13:33:25.753-0300][4.702s][10128][7368 ][info][gc,heap     ] GC(1) Y: Min Capacity: 8M(0%)
[2026-06-26T13:33:25.753-0300][4.702s][10128][7368 ][info][gc,heap     ] GC(1) Y: Max Capacity: 3072M(100%)
[2026-06-26T13:33:25.754-0300][4.702s][10128][7368 ][info][gc,heap     ] GC(1) Y: Soft Max Capacity: 3072M(100%)
[2026-06-26T13:33:25.754-0300][4.702s][10128][7368 ][info][gc,heap     ] GC(1) Y: Heap Statistics:
[2026-06-26T13:33:25.754-0300][4.702s][10128][7368 ][info][gc,heap     ] GC(1) Y:                Mark Start          Mark End        Relocate Start      Relocate End           High               Low         
[2026-06-26T13:33:25.754-0300][4.702s][10128][7368 ][info][gc,heap     ] GC(1) Y:  Capacity:      512M (17%)         512M (17%)         512M (17%)         512M (17%)         512M (17%)         512M (17%)    
[2026-06-26T13:33:25.754-0300][4.702s][10128][7368 ][info][gc,heap     ] GC(1) Y:      Free:     2762M (90%)        2750M (90%)        2770M (90%)        2934M (96%)        2936M (96%)        2696M (88%)    
[2026-06-26T13:33:25.754-0300][4.702s][10128][7368 ][info][gc,heap     ] GC(1) Y:      Used:      310M (10%)         322M (10%)         302M (10%)         138M (4%)          376M (12%)         136M (4%)     
[2026-06-26T13:33:25.754-0300][4.702s][10128][7368 ][info][gc,heap     ] GC(1) Y: Young Generation Statistics:
[2026-06-26T13:33:25.754-0300][4.702s][10128][7368 ][info][gc,heap     ] GC(1) Y:                Mark Start          Mark End        Relocate Start      Relocate End    
[2026-06-26T13:33:25.754-0300][4.702s][10128][7368 ][info][gc,heap     ] GC(1) Y:      Used:      310M (10%)         322M (10%)         302M (10%)         138M (4%)     
[2026-06-26T13:33:25.754-0300][4.702s][10128][7368 ][info][gc,heap     ] GC(1) Y:      Live:         -                37M (1%)           37M (1%)           37M (1%)     
[2026-06-26T13:33:25.754-0300][4.702s][10128][7368 ][info][gc,heap     ] GC(1) Y:   Garbage:         -               272M (9%)          250M (8%)            0M (0%)     
[2026-06-26T13:33:25.754-0300][4.702s][10128][7368 ][info][gc,heap     ] GC(1) Y: Allocated:         -                12M (0%)           14M (0%)           99M (3%)     
[2026-06-26T13:33:25.754-0300][4.702s][10128][7368 ][info][gc,heap     ] GC(1) Y: Reclaimed:         -                  -                22M (1%)          271M (9%)     
[2026-06-26T13:33:25.754-0300][4.702s][10128][7368 ][info][gc,heap     ] GC(1) Y:  Promoted:         -                  -                 0M (0%)            0M (0%)     
[2026-06-26T13:33:25.754-0300][4.702s][10128][7368 ][info][gc,heap     ] GC(1) Y: Compacted:         -                  -                  -                28M (1%)     
[2026-06-26T13:33:25.754-0300][4.702s][10128][7368 ][info][gc,phases   ] GC(1) Y: Young Generation 310M(10%)->138M(4%) 0.051s
[2026-06-26T13:33:25.754-0300][4.702s][10128][7368 ][info][gc,phases   ] GC(1) O: Old Generation
[2026-06-26T13:33:25.754-0300][4.702s][10128][7368 ][info][gc,phases   ] GC(1) O: Concurrent Mark 0.276ms
[2026-06-26T13:33:25.754-0300][4.703s][10128][8556 ][info][gc,phases   ] GC(1) O: Pause Mark End 0.012ms
[2026-06-26T13:33:25.754-0300][4.703s][10128][7368 ][info][gc,phases   ] GC(1) O: Concurrent Mark Free 0.001ms
[2026-06-26T13:33:25.758-0300][4.707s][10128][7368 ][info][gc,phases   ] GC(1) O: Concurrent Process Non-Strong 3.985ms
[2026-06-26T13:33:25.758-0300][4.707s][10128][7368 ][info][gc,phases   ] GC(1) O: Concurrent Reset Relocation Set 0.000ms
[2026-06-26T13:33:25.758-0300][4.707s][10128][7368 ][info][gc,phases   ] GC(1) O: Concurrent Select Relocation Set 0.095ms
[2026-06-26T13:33:25.758-0300][4.707s][10128][7368 ][info][gc,task     ] GC(1) O: Using 3 Workers for Old Generation
[2026-06-26T13:33:25.759-0300][4.708s][10128][7368 ][info][gc,task     ] GC(1) O: Using 2 Workers for Old Generation
[2026-06-26T13:33:25.759-0300][4.708s][10128][7368 ][info][gc,phases   ] GC(1) O: Concurrent Remap Roots 1.180ms
[2026-06-26T13:33:25.759-0300][4.708s][10128][8556 ][info][gc,phases   ] GC(1) O: Pause Relocate Start 0.008ms
[2026-06-26T13:33:25.759-0300][4.708s][10128][7368 ][info][gc,phases   ] GC(1) O: Concurrent Relocate 0.043ms
[2026-06-26T13:33:25.761-0300][4.708s][10128][7368 ][info][gc,alloc    ] GC(1) O:                         Mark Start        Mark End      Relocate Start    Relocate End   
[2026-06-26T13:33:25.761-0300][4.708s][10128][7368 ][info][gc,alloc    ] GC(1) O: Allocation Stalls:          0                0                0                0         
[2026-06-26T13:33:25.761-0300][4.708s][10128][7368 ][info][gc,load     ] GC(1) O: Load: 0.00 (0%) / 0.00 (0%) / 0.00 (0%)
[2026-06-26T13:33:25.761-0300][4.708s][10128][7368 ][info][gc,mmu      ] GC(1) O: MMU: 2ms/98.9%, 5ms/99.5%, 10ms/99.7%, 20ms/99.8%, 50ms/99.9%, 100ms/99.9%
[2026-06-26T13:33:25.761-0300][4.708s][10128][7368 ][info][gc,marking  ] GC(1) O: Mark: 2 stripe(s), 1 proactive flush(es), 1 terminate flush(es), 0 completion(s), 0 continuation(s) 
[2026-06-26T13:33:25.761-0300][4.708s][10128][7368 ][info][gc,nmethod  ] GC(1) O: NMethods: 3613 registered, 687 unregistered
[2026-06-26T13:33:25.761-0300][4.708s][10128][7368 ][info][gc,metaspace] GC(1) O: Metaspace: 26M used, 26M committed, 1088M reserved
[2026-06-26T13:33:25.761-0300][4.708s][10128][7368 ][info][gc,ref      ] GC(1) O:                       Encountered   Discovered     Enqueued 
[2026-06-26T13:33:25.761-0300][4.708s][10128][7368 ][info][gc,ref      ] GC(1) O: Soft References:             3133            0            0 
[2026-06-26T13:33:25.761-0300][4.708s][10128][7368 ][info][gc,ref      ] GC(1) O: Weak References:             7348            0            0 
[2026-06-26T13:33:25.761-0300][4.708s][10128][7368 ][info][gc,ref      ] GC(1) O: Final References:               8            0            0 
[2026-06-26T13:33:25.761-0300][4.708s][10128][7368 ][info][gc,ref      ] GC(1) O: Phantom References:          4835            0            0 
[2026-06-26T13:33:25.761-0300][4.708s][10128][7368 ][info][gc,heap     ] GC(1) O: Min Capacity: 8M(0%)
[2026-06-26T13:33:25.761-0300][4.708s][10128][7368 ][info][gc,heap     ] GC(1) O: Max Capacity: 3072M(100%)
[2026-06-26T13:33:25.761-0300][4.708s][10128][7368 ][info][gc,heap     ] GC(1) O: Soft Max Capacity: 3072M(100%)
[2026-06-26T13:33:25.761-0300][4.708s][10128][7368 ][info][gc,heap     ] GC(1) O: Heap Statistics:
[2026-06-26T13:33:25.761-0300][4.708s][10128][7368 ][info][gc,heap     ] GC(1) O:                Mark Start          Mark End        Relocate Start      Relocate End           High               Low         
[2026-06-26T13:33:25.761-0300][4.708s][10128][7368 ][info][gc,heap     ] GC(1) O:  Capacity:      512M (17%)         512M (17%)         512M (17%)         512M (17%)         512M (17%)         512M (17%)    
[2026-06-26T13:33:25.761-0300][4.708s][10128][7368 ][info][gc,heap     ] GC(1) O:      Free:     2762M (90%)        2934M (96%)        2930M (95%)        2930M (95%)        2936M (96%)        2696M (88%)    
[2026-06-26T13:33:25.761-0300][4.708s][10128][7368 ][info][gc,heap     ] GC(1) O:      Used:      310M (10%)         138M (4%)          142M (5%)          142M (5%)          376M (12%)         136M (4%)     
[2026-06-26T13:33:25.761-0300][4.708s][10128][7368 ][info][gc,heap     ] GC(1) O: Old Generation Statistics:
[2026-06-26T13:33:25.761-0300][4.708s][10128][7368 ][info][gc,heap     ] GC(1) O:                Mark Start          Mark End        Relocate Start      Relocate End    
[2026-06-26T13:33:25.761-0300][4.708s][10128][7368 ][info][gc,heap     ] GC(1) O:      Used:        0M (0%)            0M (0%)            0M (0%)            0M (0%)     
[2026-06-26T13:33:25.761-0300][4.708s][10128][7368 ][info][gc,heap     ] GC(1) O:      Live:         -                 0M (0%)            0M (0%)            0M (0%)     
[2026-06-26T13:33:25.761-0300][4.708s][10128][7368 ][info][gc,heap     ] GC(1) O:   Garbage:         -                 0M (0%)            0M (0%)            0M (0%)     
[2026-06-26T13:33:25.761-0300][4.708s][10128][7368 ][info][gc,heap     ] GC(1) O: Allocated:         -                 0M (0%)            0M (0%)            0M (0%)     
[2026-06-26T13:33:25.761-0300][4.708s][10128][7368 ][info][gc,heap     ] GC(1) O: Reclaimed:         -                  -                 0M (0%)            0M (0%)     
[2026-06-26T13:33:25.761-0300][4.708s][10128][7368 ][info][gc,heap     ] GC(1) O: Compacted:         -                  -                  -                 0M (0%)     
[2026-06-26T13:33:25.761-0300][4.708s][10128][7368 ][info][gc,phases   ] GC(1) O: Old Generation 138M(4%)->142M(5%) 0.006s
[2026-06-26T13:33:25.761-0300][4.708s][10128][7368 ][info][gc          ] GC(1) Major Collection (Warmup) 310M(10%)->142M(5%) 0.057s
[2026-06-26T13:33:27.803-0300][6.750s][10128][7368 ][info][gc          ] GC(2) Major Collection (Warmup)
[2026-06-26T13:33:27.803-0300][6.750s][10128][7368 ][info][gc,task     ] GC(2) Using 3 Workers for Young Generation
[2026-06-26T13:33:27.803-0300][6.750s][10128][7368 ][info][gc,task     ] GC(2) Using 1 Workers for Old Generation
[2026-06-26T13:33:27.803-0300][6.750s][10128][7368 ][info][gc,phases   ] GC(2) Y: Young Generation
[2026-06-26T13:33:27.803-0300][6.750s][10128][8556 ][info][gc,phases   ] GC(2) Y: Pause Mark Start (Major) 0.010ms
[2026-06-26T13:33:27.856-0300][6.804s][10128][7368 ][info][gc,phases   ] GC(2) Y: Concurrent Mark 53.646ms
[2026-06-26T13:33:27.856-0300][6.804s][10128][8556 ][info][gc,phases   ] GC(2) Y: Pause Mark End 0.010ms
[2026-06-26T13:33:27.856-0300][6.804s][10128][7368 ][info][gc,phases   ] GC(2) Y: Concurrent Mark Free 0.003ms
[2026-06-26T13:33:27.856-0300][6.804s][10128][7368 ][info][gc,phases   ] GC(2) Y: Concurrent Reset Relocation Set 0.005ms
[2026-06-26T13:33:27.856-0300][6.804s][10128][7368 ][info][gc,reloc    ] GC(2) Y: Using tenuring threshold: 3 (Computed)
[2026-06-26T13:33:27.859-0300][6.807s][10128][7368 ][info][gc,phases   ] GC(2) Y: Concurrent Select Relocation Set 3.127ms
[2026-06-26T13:33:27.859-0300][6.807s][10128][8556 ][info][gc,phases   ] GC(2) Y: Pause Relocate Start 0.008ms
[2026-06-26T13:33:27.875-0300][6.823s][10128][7368 ][info][gc,phases   ] GC(2) Y: Concurrent Relocate 15.990ms
[2026-06-26T13:33:27.875-0300][6.823s][10128][7368 ][info][gc,alloc    ] GC(2) Y:                         Mark Start        Mark End      Relocate Start    Relocate End   
[2026-06-26T13:33:27.875-0300][6.823s][10128][7368 ][info][gc,alloc    ] GC(2) Y: Allocation Stalls:          0                0                0                0         
[2026-06-26T13:33:27.875-0300][6.823s][10128][7368 ][info][gc,load     ] GC(2) Y: Load: 0.00 (0%) / 0.00 (0%) / 0.00 (0%)
[2026-06-26T13:33:27.875-0300][6.823s][10128][7368 ][info][gc,mmu      ] GC(2) Y: MMU: 2ms/98.9%, 5ms/99.5%, 10ms/99.7%, 20ms/99.8%, 50ms/99.9%, 100ms/99.9%
[2026-06-26T13:33:27.875-0300][6.824s][10128][7368 ][info][gc,marking  ] GC(2) Y: Mark: 2 stripe(s), 10 proactive flush(es), 1 terminate flush(es), 0 completion(s), 0 continuation(s) 
[2026-06-26T13:33:27.875-0300][6.824s][10128][7368 ][info][gc,nmethod  ] GC(2) Y: NMethods: 4379 registered, 687 unregistered
[2026-06-26T13:33:27.875-0300][6.824s][10128][7368 ][info][gc,metaspace] GC(2) Y: Metaspace: 31M used, 32M committed, 1088M reserved
[2026-06-26T13:33:27.875-0300][6.824s][10128][7368 ][info][gc,reloc    ] GC(2) Y:                        Candidates     Selected     In-Place         Size        Empty    Relocated 
[2026-06-26T13:33:27.875-0300][6.824s][10128][7368 ][info][gc,reloc    ] GC(2) Y: Small Pages:                  261          161            0         522M         130M          26M 
[2026-06-26T13:33:27.875-0300][6.824s][10128][7368 ][info][gc,reloc    ] GC(2) Y: Medium Pages:                   3            2            0          96M           0M           8M 
[2026-06-26T13:33:27.875-0300][6.824s][10128][7368 ][info][gc,reloc    ] GC(2) Y: Large Pages:                    0            0            0           0M           0M           0M 
[2026-06-26T13:33:27.875-0300][6.824s][10128][7368 ][info][gc,reloc    ] GC(2) Y: Forwarding Usage: 12M
[2026-06-26T13:33:27.875-0300][6.824s][10128][7368 ][info][gc,reloc    ] GC(2) Y: Age Table:
[2026-06-26T13:33:27.875-0300][6.824s][10128][7368 ][info][gc,reloc    ] GC(2) Y:                    Live             Garbage             Small              Medium             Large        
[2026-06-26T13:33:27.875-0300][6.824s][10128][7368 ][info][gc,reloc    ] GC(2) Y: Eden              36M (1%)          465M (15%)        235 / 154            1 / 1              0 / 0        
[2026-06-26T13:33:27.875-0300][6.824s][10128][7368 ][info][gc,reloc    ] GC(2) Y: Survivor 1        22M (1%)           39M (1%)          15 / 4              1 / 0              0 / 0        
[2026-06-26T13:33:27.875-0300][6.824s][10128][7368 ][info][gc,reloc    ] GC(2) Y: Survivor 2        13M (0%)           40M (1%)          11 / 3              1 / 1              0 / 0        
[2026-06-26T13:33:27.875-0300][6.824s][10128][7368 ][info][gc,heap     ] GC(2) Y: Min Capacity: 8M(0%)
[2026-06-26T13:33:27.875-0300][6.824s][10128][7368 ][info][gc,heap     ] GC(2) Y: Max Capacity: 3072M(100%)
[2026-06-26T13:33:27.875-0300][6.824s][10128][7368 ][info][gc,heap     ] GC(2) Y: Soft Max Capacity: 3072M(100%)
[2026-06-26T13:33:27.875-0300][6.824s][10128][7368 ][info][gc,heap     ] GC(2) Y: Heap Statistics:
[2026-06-26T13:33:27.875-0300][6.824s][10128][7368 ][info][gc,heap     ] GC(2) Y:                Mark Start          Mark End        Relocate Start      Relocate End           High               Low         
[2026-06-26T13:33:27.875-0300][6.824s][10128][7368 ][info][gc,heap     ] GC(2) Y:  Capacity:      618M (20%)         668M (22%)         668M (22%)         732M (24%)         732M (24%)         618M (20%)    
[2026-06-26T13:33:27.875-0300][6.824s][10128][7368 ][info][gc,heap     ] GC(2) Y:      Free:     2454M (80%)        2404M (78%)        2534M (82%)        2820M (92%)        2820M (92%)        2404M (78%)    
[2026-06-26T13:33:27.875-0300][6.824s][10128][7368 ][info][gc,heap     ] GC(2) Y:      Used:      618M (20%)         668M (22%)         538M (18%)         252M (8%)          668M (22%)         252M (8%)     
[2026-06-26T13:33:27.875-0300][6.824s][10128][7368 ][info][gc,heap     ] GC(2) Y: Young Generation Statistics:
[2026-06-26T13:33:27.875-0300][6.824s][10128][7368 ][info][gc,heap     ] GC(2) Y:                Mark Start          Mark End        Relocate Start      Relocate End    
[2026-06-26T13:33:27.875-0300][6.824s][10128][7368 ][info][gc,heap     ] GC(2) Y:      Used:      618M (20%)         668M (22%)         538M (18%)         252M (8%)     
[2026-06-26T13:33:27.875-0300][6.824s][10128][7368 ][info][gc,heap     ] GC(2) Y:      Live:         -                72M (2%)           72M (2%)           72M (2%)     
[2026-06-26T13:33:27.875-0300][6.824s][10128][7368 ][info][gc,heap     ] GC(2) Y:   Garbage:         -               545M (18%)         415M (14%)           4M (0%)     
[2026-06-26T13:33:27.875-0300][6.824s][10128][7368 ][info][gc,heap     ] GC(2) Y: Allocated:         -                50M (2%)           50M (2%)          175M (6%)     
[2026-06-26T13:33:27.875-0300][6.824s][10128][7368 ][info][gc,heap     ] GC(2) Y: Reclaimed:         -                  -               130M (4%)          541M (18%)    
[2026-06-26T13:33:27.875-0300][6.824s][10128][7368 ][info][gc,heap     ] GC(2) Y:  Promoted:         -                  -                 0M (0%)            0M (0%)     
[2026-06-26T13:33:27.875-0300][6.824s][10128][7368 ][info][gc,heap     ] GC(2) Y: Compacted:         -                  -                  -                44M (1%)     
[2026-06-26T13:33:27.875-0300][6.824s][10128][7368 ][info][gc,phases   ] GC(2) Y: Young Generation 618M(20%)->252M(8%) 0.073s
[2026-06-26T13:33:27.875-0300][6.824s][10128][7368 ][info][gc,phases   ] GC(2) O: Old Generation
[2026-06-26T13:33:27.876-0300][6.824s][10128][7368 ][info][gc,phases   ] GC(2) O: Concurrent Mark 0.406ms
[2026-06-26T13:33:27.876-0300][6.824s][10128][8556 ][info][gc,phases   ] GC(2) O: Pause Mark End 0.012ms
[2026-06-26T13:33:27.876-0300][6.824s][10128][7368 ][info][gc,phases   ] GC(2) O: Concurrent Mark Free 0.001ms
[2026-06-26T13:33:27.884-0300][6.832s][10128][7368 ][info][gc,phases   ] GC(2) O: Concurrent Process Non-Strong 7.560ms
[2026-06-26T13:33:27.884-0300][6.832s][10128][7368 ][info][gc,phases   ] GC(2) O: Concurrent Reset Relocation Set 0.000ms
[2026-06-26T13:33:27.884-0300][6.832s][10128][7368 ][info][gc,phases   ] GC(2) O: Concurrent Select Relocation Set 0.061ms
[2026-06-26T13:33:27.884-0300][6.832s][10128][7368 ][info][gc,task     ] GC(2) O: Using 3 Workers for Old Generation
[2026-06-26T13:33:27.885-0300][6.834s][10128][7368 ][info][gc,task     ] GC(2) O: Using 1 Workers for Old Generation
[2026-06-26T13:33:27.885-0300][6.834s][10128][7368 ][info][gc,phases   ] GC(2) O: Concurrent Remap Roots 1.441ms
[2026-06-26T13:33:27.886-0300][6.834s][10128][8556 ][info][gc,phases   ] GC(2) O: Pause Relocate Start 0.010ms
[2026-06-26T13:33:27.886-0300][6.834s][10128][7368 ][info][gc,phases   ] GC(2) O: Concurrent Relocate 0.043ms
[2026-06-26T13:33:27.886-0300][6.834s][10128][7368 ][info][gc,alloc    ] GC(2) O:                         Mark Start        Mark End      Relocate Start    Relocate End   
[2026-06-26T13:33:27.886-0300][6.834s][10128][7368 ][info][gc,alloc    ] GC(2) O: Allocation Stalls:          0                0                0                0         
[2026-06-26T13:33:27.886-0300][6.834s][10128][7368 ][info][gc,load     ] GC(2) O: Load: 0.00 (0%) / 0.00 (0%) / 0.00 (0%)
[2026-06-26T13:33:27.886-0300][6.834s][10128][7368 ][info][gc,mmu      ] GC(2) O: MMU: 2ms/98.9%, 5ms/99.5%, 10ms/99.7%, 20ms/99.8%, 50ms/99.9%, 100ms/99.9%
[2026-06-26T13:33:27.886-0300][6.834s][10128][7368 ][info][gc,marking  ] GC(2) O: Mark: 1 stripe(s), 1 proactive flush(es), 1 terminate flush(es), 0 completion(s), 0 continuation(s) 
[2026-06-26T13:33:27.886-0300][6.834s][10128][7368 ][info][gc,nmethod  ] GC(2) O: NMethods: 4161 registered, 941 unregistered
[2026-06-26T13:33:27.886-0300][6.834s][10128][7368 ][info][gc,metaspace] GC(2) O: Metaspace: 31M used, 32M committed, 1088M reserved
[2026-06-26T13:33:27.886-0300][6.834s][10128][7368 ][info][gc,ref      ] GC(2) O:                       Encountered   Discovered     Enqueued 
[2026-06-26T13:33:27.886-0300][6.834s][10128][7368 ][info][gc,ref      ] GC(2) O: Soft References:             3157            0            0 
[2026-06-26T13:33:27.886-0300][6.834s][10128][7368 ][info][gc,ref      ] GC(2) O: Weak References:             9654            0            0 
[2026-06-26T13:33:27.886-0300][6.834s][10128][7368 ][info][gc,ref      ] GC(2) O: Final References:               8            0            0 
[2026-06-26T13:33:27.886-0300][6.834s][10128][7368 ][info][gc,ref      ] GC(2) O: Phantom References:          7460            0            0 
[2026-06-26T13:33:27.886-0300][6.834s][10128][7368 ][info][gc,heap     ] GC(2) O: Min Capacity: 8M(0%)
[2026-06-26T13:33:27.886-0300][6.834s][10128][7368 ][info][gc,heap     ] GC(2) O: Max Capacity: 3072M(100%)
[2026-06-26T13:33:27.886-0300][6.834s][10128][7368 ][info][gc,heap     ] GC(2) O: Soft Max Capacity: 3072M(100%)
[2026-06-26T13:33:27.886-0300][6.834s][10128][7368 ][info][gc,heap     ] GC(2) O: Heap Statistics:
[2026-06-26T13:33:27.886-0300][6.834s][10128][7368 ][info][gc,heap     ] GC(2) O:                Mark Start          Mark End        Relocate Start      Relocate End           High               Low         
[2026-06-26T13:33:27.886-0300][6.834s][10128][7368 ][info][gc,heap     ] GC(2) O:  Capacity:      618M (20%)         732M (24%)         732M (24%)         732M (24%)         732M (24%)         618M (20%)    
[2026-06-26T13:33:27.886-0300][6.834s][10128][7368 ][info][gc,heap     ] GC(2) O:      Free:     2454M (80%)        2820M (92%)        2818M (92%)        2818M (92%)        2820M (92%)        2404M (78%)    
[2026-06-26T13:33:27.886-0300][6.834s][10128][7368 ][info][gc,heap     ] GC(2) O:      Used:      618M (20%)         252M (8%)          254M (8%)          254M (8%)          668M (22%)         252M (8%)     
[2026-06-26T13:33:27.886-0300][6.834s][10128][7368 ][info][gc,heap     ] GC(2) O: Old Generation Statistics:
[2026-06-26T13:33:27.886-0300][6.834s][10128][7368 ][info][gc,heap     ] GC(2) O:                Mark Start          Mark End        Relocate Start      Relocate End    
[2026-06-26T13:33:27.886-0300][6.834s][10128][7368 ][info][gc,heap     ] GC(2) O:      Used:        0M (0%)            0M (0%)            0M (0%)            0M (0%)     
[2026-06-26T13:33:27.886-0300][6.834s][10128][7368 ][info][gc,heap     ] GC(2) O:      Live:         -                 0M (0%)            0M (0%)            0M (0%)     
[2026-06-26T13:33:27.886-0300][6.834s][10128][7368 ][info][gc,heap     ] GC(2) O:   Garbage:         -                 0M (0%)            0M (0%)            0M (0%)     
[2026-06-26T13:33:27.886-0300][6.834s][10128][7368 ][info][gc,heap     ] GC(2) O: Allocated:         -                 0M (0%)            0M (0%)            0M (0%)     
[2026-06-26T13:33:27.886-0300][6.834s][10128][7368 ][info][gc,heap     ] GC(2) O: Reclaimed:         -                  -                 0M (0%)            0M (0%)     
[2026-06-26T13:33:27.886-0300][6.834s][10128][7368 ][info][gc,heap     ] GC(2) O: Compacted:         -                  -                  -                 0M (0%)     
[2026-06-26T13:33:27.886-0300][6.834s][10128][7368 ][info][gc,phases   ] GC(2) O: Old Generation 252M(8%)->254M(8%) 0.010s
[2026-06-26T13:33:27.886-0300][6.834s][10128][7368 ][info][gc          ] GC(2) Major Collection (Warmup) 618M(20%)->254M(8%) 0.084s
[2026-06-26T13:33:29.292-0300][8.240s][10128][7368 ][info][gc          ] GC(3) Major Collection (Warmup)
[2026-06-26T13:33:29.292-0300][8.240s][10128][7368 ][info][gc,task     ] GC(3) Using 3 Workers for Young Generation
[2026-06-26T13:33:29.292-0300][8.240s][10128][7368 ][info][gc,task     ] GC(3) Using 1 Workers for Old Generation
[2026-06-26T13:33:29.292-0300][8.240s][10128][7368 ][info][gc,phases   ] GC(3) Y: Young Generation
[2026-06-26T13:33:29.292-0300][8.240s][10128][8556 ][info][gc,phases   ] GC(3) Y: Pause Mark Start (Major) 0.014ms
[2026-06-26T13:33:29.390-0300][8.338s][10128][7368 ][info][gc,phases   ] GC(3) Y: Concurrent Mark 97.829ms
[2026-06-26T13:33:29.390-0300][8.338s][10128][8556 ][info][gc,phases   ] GC(3) Y: Pause Mark End 0.012ms
[2026-06-26T13:33:29.390-0300][8.338s][10128][7368 ][info][gc,phases   ] GC(3) Y: Concurrent Mark Free 0.002ms
[2026-06-26T13:33:29.390-0300][8.338s][10128][7368 ][info][gc,phases   ] GC(3) Y: Concurrent Reset Relocation Set 0.010ms
[2026-06-26T13:33:29.390-0300][8.338s][10128][7368 ][info][gc,reloc    ] GC(3) Y: Using tenuring threshold: 3 (Computed)
[2026-06-26T13:33:29.397-0300][8.346s][10128][7368 ][info][gc,phases   ] GC(3) Y: Concurrent Select Relocation Set 7.615ms
[2026-06-26T13:33:29.397-0300][8.346s][10128][8556 ][info][gc,phases   ] GC(3) Y: Pause Relocate Start 0.009ms
[2026-06-26T13:33:29.431-0300][8.379s][10128][7368 ][info][gc,phases   ] GC(3) Y: Concurrent Relocate 32.748ms
[2026-06-26T13:33:29.431-0300][8.379s][10128][7368 ][info][gc,alloc    ] GC(3) Y:                         Mark Start        Mark End      Relocate Start    Relocate End   
[2026-06-26T13:33:29.431-0300][8.379s][10128][7368 ][info][gc,alloc    ] GC(3) Y: Allocation Stalls:          0                0                0                0         
[2026-06-26T13:33:29.431-0300][8.379s][10128][7368 ][info][gc,load     ] GC(3) Y: Load: 0.00 (0%) / 0.00 (0%) / 0.00 (0%)
[2026-06-26T13:33:29.431-0300][8.379s][10128][7368 ][info][gc,mmu      ] GC(3) Y: MMU: 2ms/98.9%, 5ms/99.5%, 10ms/99.7%, 20ms/99.8%, 50ms/99.9%, 100ms/99.9%
[2026-06-26T13:33:29.431-0300][8.379s][10128][7368 ][info][gc,marking  ] GC(3) Y: Mark: 2 stripe(s), 4 proactive flush(es), 1 terminate flush(es), 0 completion(s), 0 continuation(s) 
[2026-06-26T13:33:29.431-0300][8.379s][10128][7368 ][info][gc,nmethod  ] GC(3) Y: NMethods: 5248 registered, 0 unregistered
[2026-06-26T13:33:29.431-0300][8.379s][10128][7368 ][info][gc,metaspace] GC(3) Y: Metaspace: 48M used, 49M committed, 1088M reserved
[2026-06-26T13:33:29.431-0300][8.379s][10128][7368 ][info][gc,reloc    ] GC(3) Y:                        Candidates     Selected     In-Place         Size        Empty    Relocated 
[2026-06-26T13:33:29.431-0300][8.379s][10128][7368 ][info][gc,reloc    ] GC(3) Y: Small Pages:                  172           90            0         344M           2M          40M 
[2026-06-26T13:33:29.431-0300][8.379s][10128][7368 ][info][gc,reloc    ] GC(3) Y: Medium Pages:                  20            4            0         568M         424M          12M 
[2026-06-26T13:33:29.431-0300][8.379s][10128][7368 ][info][gc,reloc    ] GC(3) Y: Large Pages:                    1            0            0          12M           0M           0M 
[2026-06-26T13:33:29.431-0300][8.379s][10128][7368 ][info][gc,reloc    ] GC(3) Y: Forwarding Usage: 25M
[2026-06-26T13:33:29.431-0300][8.379s][10128][7368 ][info][gc,reloc    ] GC(3) Y: Age Table:
[2026-06-26T13:33:29.431-0300][8.379s][10128][7368 ][info][gc,reloc    ] GC(3) Y:                    Live             Garbage             Small              Medium             Large        
[2026-06-26T13:33:29.431-0300][8.379s][10128][7368 ][info][gc,reloc    ] GC(3) Y: Eden              97M (3%)          628M (20%)        129 / 81            16 / 2              1 / 0        
[2026-06-26T13:33:29.431-0300][8.379s][10128][7368 ][info][gc,reloc    ] GC(3) Y: Survivor 1        35M (1%)           30M (1%)          17 / 1              1 / 1              0 / 0        
[2026-06-26T13:33:29.431-0300][8.379s][10128][7368 ][info][gc,reloc    ] GC(3) Y: Survivor 2        22M (1%)           41M (1%)          16 / 4              1 / 0              0 / 0        
[2026-06-26T13:33:29.431-0300][8.379s][10128][7368 ][info][gc,reloc    ] GC(3) Y: Survivor 3        13M (0%)           54M (2%)          10 / 4              2 / 1              0 / 0        
[2026-06-26T13:33:29.431-0300][8.379s][10128][7368 ][info][gc,heap     ] GC(3) Y: Min Capacity: 8M(0%)
[2026-06-26T13:33:29.431-0300][8.379s][10128][7368 ][info][gc,heap     ] GC(3) Y: Max Capacity: 3072M(100%)
[2026-06-26T13:33:29.431-0300][8.379s][10128][7368 ][info][gc,heap     ] GC(3) Y: Soft Max Capacity: 3072M(100%)
[2026-06-26T13:33:29.431-0300][8.379s][10128][7368 ][info][gc,heap     ] GC(3) Y: Heap Statistics:
[2026-06-26T13:33:29.431-0300][8.379s][10128][7368 ][info][gc,heap     ] GC(3) Y:                Mark Start          Mark End        Relocate Start      Relocate End           High               Low         
[2026-06-26T13:33:29.431-0300][8.379s][10128][7368 ][info][gc,heap     ] GC(3) Y:  Capacity:      924M (30%)        1114M (36%)        1114M (36%)        1114M (36%)        1114M (36%)         924M (30%)    
[2026-06-26T13:33:29.431-0300][8.379s][10128][7368 ][info][gc,heap     ] GC(3) Y:      Free:     2148M (70%)        1958M (64%)        2352M (77%)        2402M (78%)        2480M (81%)        1958M (64%)    
[2026-06-26T13:33:29.431-0300][8.379s][10128][7368 ][info][gc,heap     ] GC(3) Y:      Used:      924M (30%)        1114M (36%)         720M (23%)         670M (22%)        1114M (36%)         592M (19%)    
[2026-06-26T13:33:29.431-0300][8.379s][10128][7368 ][info][gc,heap     ] GC(3) Y: Young Generation Statistics:
[2026-06-26T13:33:29.431-0300][8.379s][10128][7368 ][info][gc,heap     ] GC(3) Y:                Mark Start          Mark End        Relocate Start      Relocate End    
[2026-06-26T13:33:29.431-0300][8.379s][10128][7368 ][info][gc,heap     ] GC(3) Y:      Used:      924M (30%)        1114M (36%)         710M (23%)         634M (21%)    
[2026-06-26T13:33:29.431-0300][8.379s][10128][7368 ][info][gc,heap     ] GC(3) Y:      Live:         -               168M (6%)          159M (5%)          155M (5%)     
[2026-06-26T13:33:29.431-0300][8.379s][10128][7368 ][info][gc,heap     ] GC(3) Y:   Garbage:         -               755M (25%)         328M (11%)           5M (0%)     
[2026-06-26T13:33:29.431-0300][8.379s][10128][7368 ][info][gc,heap     ] GC(3) Y: Allocated:         -               190M (6%)          222M (7%)          473M (15%)    
[2026-06-26T13:33:29.431-0300][8.379s][10128][7368 ][info][gc,heap     ] GC(3) Y: Reclaimed:         -                  -               426M (14%)         749M (24%)    
[2026-06-26T13:33:29.431-0300][8.379s][10128][7368 ][info][gc,heap     ] GC(3) Y:  Promoted:         -                  -                 9M (0%)           13M (0%)     
[2026-06-26T13:33:29.431-0300][8.379s][10128][7368 ][info][gc,heap     ] GC(3) Y: Compacted:         -                  -                  -                88M (3%)     
[2026-06-26T13:33:29.431-0300][8.379s][10128][7368 ][info][gc,phases   ] GC(3) Y: Young Generation 924M(30%)->670M(22%) 0.139s
[2026-06-26T13:33:29.431-0300][8.379s][10128][7368 ][info][gc,phases   ] GC(3) O: Old Generation
[2026-06-26T13:33:29.432-0300][8.379s][10128][7368 ][info][gc,phases   ] GC(3) O: Concurrent Mark 0.375ms
[2026-06-26T13:33:29.432-0300][8.380s][10128][8556 ][info][gc,phases   ] GC(3) O: Pause Mark End 0.012ms
[2026-06-26T13:33:29.432-0300][8.380s][10128][7368 ][info][gc,phases   ] GC(3) O: Concurrent Mark Free 0.000ms
[2026-06-26T13:33:29.446-0300][8.394s][10128][7368 ][info][gc,phases   ] GC(3) O: Concurrent Process Non-Strong 14.086ms
[2026-06-26T13:33:29.446-0300][8.394s][10128][7368 ][info][gc,phases   ] GC(3) O: Concurrent Reset Relocation Set 0.000ms
[2026-06-26T13:33:29.446-0300][8.394s][10128][7368 ][info][gc,phases   ] GC(3) O: Concurrent Select Relocation Set 0.080ms
[2026-06-26T13:33:29.446-0300][8.394s][10128][7368 ][info][gc,task     ] GC(3) O: Using 3 Workers for Old Generation
[2026-06-26T13:33:29.449-0300][8.397s][10128][7368 ][info][gc,task     ] GC(3) O: Using 1 Workers for Old Generation
[2026-06-26T13:33:29.449-0300][8.397s][10128][7368 ][info][gc,phases   ] GC(3) O: Concurrent Remap Roots 2.720ms
[2026-06-26T13:33:29.449-0300][8.397s][10128][8556 ][info][gc,phases   ] GC(3) O: Pause Relocate Start 0.007ms
[2026-06-26T13:33:29.449-0300][8.397s][10128][7368 ][info][gc,phases   ] GC(3) O: Concurrent Relocate 0.036ms
[2026-06-26T13:33:29.449-0300][8.397s][10128][7368 ][info][gc,alloc    ] GC(3) O:                         Mark Start        Mark End      Relocate Start    Relocate End   
[2026-06-26T13:33:29.449-0300][8.397s][10128][7368 ][info][gc,alloc    ] GC(3) O: Allocation Stalls:          0                0                0                0         
[2026-06-26T13:33:29.449-0300][8.397s][10128][7368 ][info][gc,load     ] GC(3) O: Load: 0.00 (0%) / 0.00 (0%) / 0.00 (0%)
[2026-06-26T13:33:29.449-0300][8.397s][10128][7368 ][info][gc,mmu      ] GC(3) O: MMU: 2ms/98.9%, 5ms/99.5%, 10ms/99.7%, 20ms/99.8%, 50ms/99.9%, 100ms/99.9%
[2026-06-26T13:33:29.449-0300][8.397s][10128][7368 ][info][gc,marking  ] GC(3) O: Mark: 1 stripe(s), 1 proactive flush(es), 1 terminate flush(es), 0 completion(s), 0 continuation(s) 
[2026-06-26T13:33:29.449-0300][8.397s][10128][7368 ][info][gc,nmethod  ] GC(3) O: NMethods: 4947 registered, 304 unregistered
[2026-06-26T13:33:29.449-0300][8.397s][10128][7368 ][info][gc,metaspace] GC(3) O: Metaspace: 48M used, 49M committed, 1088M reserved
[2026-06-26T13:33:29.449-0300][8.397s][10128][7368 ][info][gc,ref      ] GC(3) O:                       Encountered   Discovered     Enqueued 
[2026-06-26T13:33:29.449-0300][8.397s][10128][7368 ][info][gc,ref      ] GC(3) O: Soft References:             4379            0            0 
[2026-06-26T13:33:29.449-0300][8.397s][10128][7368 ][info][gc,ref      ] GC(3) O: Weak References:            10339            0            0 
[2026-06-26T13:33:29.449-0300][8.397s][10128][7368 ][info][gc,ref      ] GC(3) O: Final References:               8            0            0 
[2026-06-26T13:33:29.449-0300][8.397s][10128][7368 ][info][gc,ref      ] GC(3) O: Phantom References:          7460            0            0 
[2026-06-26T13:33:29.449-0300][8.397s][10128][7368 ][info][gc,heap     ] GC(3) O: Min Capacity: 8M(0%)
[2026-06-26T13:33:29.449-0300][8.397s][10128][7368 ][info][gc,heap     ] GC(3) O: Max Capacity: 3072M(100%)
[2026-06-26T13:33:29.449-0300][8.397s][10128][7368 ][info][gc,heap     ] GC(3) O: Soft Max Capacity: 3072M(100%)
[2026-06-26T13:33:29.449-0300][8.397s][10128][7368 ][info][gc,heap     ] GC(3) O: Heap Statistics:
[2026-06-26T13:33:29.449-0300][8.397s][10128][7368 ][info][gc,heap     ] GC(3) O:                Mark Start          Mark End        Relocate Start      Relocate End           High               Low         
[2026-06-26T13:33:29.449-0300][8.397s][10128][7368 ][info][gc,heap     ] GC(3) O:  Capacity:      924M (30%)        1114M (36%)        1114M (36%)        1114M (36%)        1114M (36%)         924M (30%)    
[2026-06-26T13:33:29.449-0300][8.397s][10128][7368 ][info][gc,heap     ] GC(3) O:      Free:     2148M (70%)        2394M (78%)        2310M (75%)        2310M (75%)        2480M (81%)        1958M (64%)    
[2026-06-26T13:33:29.449-0300][8.397s][10128][7368 ][info][gc,heap     ] GC(3) O:      Used:      924M (30%)         678M (22%)         762M (25%)         762M (25%)        1114M (36%)         592M (19%)    
[2026-06-26T13:33:29.449-0300][8.397s][10128][7368 ][info][gc,heap     ] GC(3) O: Old Generation Statistics:
[2026-06-26T13:33:29.449-0300][8.397s][10128][7368 ][info][gc,heap     ] GC(3) O:                Mark Start          Mark End        Relocate Start      Relocate End    
[2026-06-26T13:33:29.449-0300][8.397s][10128][7368 ][info][gc,heap     ] GC(3) O:      Used:        0M (0%)           36M (1%)           36M (1%)           36M (1%)     
[2026-06-26T13:33:29.449-0300][8.397s][10128][7368 ][info][gc,heap     ] GC(3) O:      Live:         -                 0M (0%)            0M (0%)            0M (0%)     
[2026-06-26T13:33:29.449-0300][8.397s][10128][7368 ][info][gc,heap     ] GC(3) O:   Garbage:         -                 0M (0%)            0M (0%)            0M (0%)     
[2026-06-26T13:33:29.449-0300][8.397s][10128][7368 ][info][gc,heap     ] GC(3) O: Allocated:         -                36M (1%)           36M (1%)           36M (1%)     
[2026-06-26T13:33:29.449-0300][8.397s][10128][7368 ][info][gc,heap     ] GC(3) O: Reclaimed:         -                  -                 0M (0%)            0M (0%)     
[2026-06-26T13:33:29.449-0300][8.397s][10128][7368 ][info][gc,heap     ] GC(3) O: Compacted:         -                  -                  -                 0M (0%)     
[2026-06-26T13:33:29.449-0300][8.397s][10128][7368 ][info][gc,phases   ] GC(3) O: Old Generation 674M(22%)->762M(25%) 0.018s
[2026-06-26T13:33:29.449-0300][8.397s][10128][7368 ][info][gc          ] GC(3) Major Collection (Warmup) 924M(30%)->762M(25%) 0.157s
[2026-06-26T13:33:30.152-0300][9.100s][10128][14572][info][gc          ] GC(4) Minor Collection (Allocation Rate)
[2026-06-26T13:33:30.152-0300][9.100s][10128][14572][info][gc,task     ] GC(4) Using 2 Workers for Young Generation
[2026-06-26T13:33:30.152-0300][9.100s][10128][14572][info][gc,phases   ] GC(4) y: Young Generation
[2026-06-26T13:33:30.152-0300][9.100s][10128][8556 ][info][gc,phases   ] GC(4) y: Pause Mark Start 0.008ms
[2026-06-26T13:33:30.342-0300][9.290s][10128][14572][info][gc,phases   ] GC(4) y: Concurrent Mark 190.260ms
[2026-06-26T13:33:30.342-0300][9.290s][10128][8556 ][info][gc,phases   ] GC(4) y: Pause Mark End 0.013ms
[2026-06-26T13:33:30.343-0300][9.290s][10128][14572][info][gc,phases   ] GC(4) y: Concurrent Mark Free 0.003ms
[2026-06-26T13:33:30.343-0300][9.291s][10128][14572][info][gc,phases   ] GC(4) y: Concurrent Reset Relocation Set 0.044ms
[2026-06-26T13:33:30.343-0300][9.291s][10128][14572][info][gc,reloc    ] GC(4) y: Using tenuring threshold: 1 (Computed)
[2026-06-26T13:33:30.379-0300][9.328s][10128][14572][info][gc,phases   ] GC(4) y: Concurrent Select Relocation Set 37.653ms
[2026-06-26T13:33:30.379-0300][9.328s][10128][8556 ][info][gc,phases   ] GC(4) y: Pause Relocate Start 0.013ms
[2026-06-26T13:33:30.463-0300][9.412s][10128][14572][info][gc,phases   ] GC(4) y: Concurrent Relocate 83.321ms
[2026-06-26T13:33:30.463-0300][9.412s][10128][14572][info][gc,alloc    ] GC(4) y:                         Mark Start        Mark End      Relocate Start    Relocate End   
[2026-06-26T13:33:30.463-0300][9.412s][10128][14572][info][gc,alloc    ] GC(4) y: Allocation Stalls:          0                0                0                0         
[2026-06-26T13:33:30.463-0300][9.412s][10128][14572][info][gc,load     ] GC(4) y: Load: 0.00 (0%) / 0.00 (0%) / 0.00 (0%)
[2026-06-26T13:33:30.464-0300][9.412s][10128][14572][info][gc,mmu      ] GC(4) y: MMU: 2ms/98.9%, 5ms/99.5%, 10ms/99.7%, 20ms/99.8%, 50ms/99.9%, 100ms/99.9%
[2026-06-26T13:33:30.464-0300][9.412s][10128][14572][info][gc,marking  ] GC(4) y: Mark: 2 stripe(s), 2 proactive flush(es), 1 terminate flush(es), 0 completion(s), 0 continuation(s) 
[2026-06-26T13:33:30.464-0300][9.412s][10128][14572][info][gc,nmethod  ] GC(4) y: NMethods: 5147 registered, 304 unregistered
[2026-06-26T13:33:30.464-0300][9.412s][10128][14572][info][gc,metaspace] GC(4) y: Metaspace: 48M used, 49M committed, 1088M reserved
[2026-06-26T13:33:30.464-0300][9.412s][10128][14572][info][gc,reloc    ] GC(4) y:                        Candidates     Selected     In-Place         Size        Empty    Relocated 
[2026-06-26T13:33:30.464-0300][9.412s][10128][14572][info][gc,reloc    ] GC(4) y: Small Pages:                  678          297            0        1356M         562M          39M 
[2026-06-26T13:33:30.464-0300][9.412s][10128][14572][info][gc,reloc    ] GC(4) y: Medium Pages:                  19            3            0         608M         480M           9M 
[2026-06-26T13:33:30.464-0300][9.412s][10128][14572][info][gc,reloc    ] GC(4) y: Large Pages:                    1            0            0          12M           0M           0M 
[2026-06-26T13:33:30.464-0300][9.412s][10128][14572][info][gc,reloc    ] GC(4) y: Forwarding Usage: 13M
[2026-06-26T13:33:30.464-0300][9.412s][10128][14572][info][gc,reloc    ] GC(4) y: Age Table:
[2026-06-26T13:33:30.464-0300][9.412s][10128][14572][info][gc,reloc    ] GC(4) y:                    Live             Garbage             Small              Medium             Large        
[2026-06-26T13:33:30.464-0300][9.412s][10128][14572][info][gc,reloc    ] GC(4) y: Eden              55M (2%)         1662M (54%)        603 / 292           16 / 1              0 / 0        
[2026-06-26T13:33:30.464-0300][9.412s][10128][14572][info][gc,reloc    ] GC(4) y: Survivor 1        94M (3%)           39M (1%)          45 / 2              1 / 0              1 / 0        
[2026-06-26T13:33:30.464-0300][9.412s][10128][14572][info][gc,reloc    ] GC(4) y: Survivor 2        35M (1%)           28M (1%)          16 / 1              1 / 1              0 / 0        
[2026-06-26T13:33:30.464-0300][9.412s][10128][14572][info][gc,reloc    ] GC(4) y: Survivor 3        22M (1%)           37M (1%)          14 / 2              1 / 1              0 / 0        
[2026-06-26T13:33:30.464-0300][9.412s][10128][14572][info][gc,heap     ] GC(4) y: Min Capacity: 8M(0%)
[2026-06-26T13:33:30.464-0300][9.412s][10128][14572][info][gc,heap     ] GC(4) y: Max Capacity: 3072M(100%)
[2026-06-26T13:33:30.464-0300][9.412s][10128][14572][info][gc,heap     ] GC(4) y: Soft Max Capacity: 3072M(100%)
[2026-06-26T13:33:30.464-0300][9.412s][10128][14572][info][gc,heap     ] GC(4) y: Heap Statistics:
[2026-06-26T13:33:30.464-0300][9.412s][10128][14572][info][gc,heap     ] GC(4) y:                Mark Start          Mark End        Relocate Start      Relocate End           High               Low         
[2026-06-26T13:33:30.464-0300][9.412s][10128][14572][info][gc,heap     ] GC(4) y:  Capacity:     2012M (65%)        2510M (82%)        2510M (82%)        2510M (82%)        2510M (82%)        2012M (65%)    
[2026-06-26T13:33:30.464-0300][9.412s][10128][14572][info][gc,heap     ] GC(4) y:      Free:     1060M (35%)         562M (18%)        1218M (40%)        1828M (60%)        1834M (60%)         562M (18%)    
[2026-06-26T13:33:30.464-0300][9.412s][10128][14572][info][gc,heap     ] GC(4) y:      Used:     2012M (65%)        2510M (82%)        1854M (60%)        1244M (40%)        2510M (82%)        1238M (40%)    
[2026-06-26T13:33:30.464-0300][9.412s][10128][14572][info][gc,heap     ] GC(4) y: Young Generation Statistics:
[2026-06-26T13:33:30.464-0300][9.412s][10128][14572][info][gc,heap     ] GC(4) y:                Mark Start          Mark End        Relocate Start      Relocate End    
[2026-06-26T13:33:30.464-0300][9.412s][10128][14572][info][gc,heap     ] GC(4) y:      Used:     1976M (64%)        2474M (81%)        1670M (54%)        1024M (33%)    
[2026-06-26T13:33:30.464-0300][9.412s][10128][14572][info][gc,heap     ] GC(4) y:      Live:         -               207M (7%)           64M (2%)           55M (2%)     
[2026-06-26T13:33:30.464-0300][9.412s][10128][14572][info][gc,heap     ] GC(4) y:   Garbage:         -              1768M (58%)         721M (23%)           0M (0%)     
[2026-06-26T13:33:30.464-0300][9.412s][10128][14572][info][gc,heap     ] GC(4) y: Allocated:         -               498M (16%)         884M (29%)         968M (32%)    
[2026-06-26T13:33:30.464-0300][9.412s][10128][14572][info][gc,heap     ] GC(4) y: Reclaimed:         -                  -              1047M (34%)        1768M (58%)    
[2026-06-26T13:33:30.464-0300][9.412s][10128][14572][info][gc,heap     ] GC(4) y:  Promoted:         -                  -               142M (5%)          151M (5%)     
[2026-06-26T13:33:30.464-0300][9.412s][10128][14572][info][gc,heap     ] GC(4) y: Compacted:         -                  -                  -                55M (2%)     
[2026-06-26T13:33:30.464-0300][9.412s][10128][14572][info][gc,phases   ] GC(4) y: Young Generation 2012M(65%)->1244M(40%) 0.312s
[2026-06-26T13:33:30.464-0300][9.412s][10128][14572][info][gc          ] GC(4) Minor Collection (Allocation Rate) 2012M(65%)->1244M(40%) 0.312s
[2026-06-26T13:33:30.464-0300][9.412s][10128][7368 ][info][gc          ] GC(5) Major Collection (Allocation Rate)
[2026-06-26T13:33:30.464-0300][9.412s][10128][7368 ][info][gc,task     ] GC(5) Using 3 Workers for Young Generation
[2026-06-26T13:33:30.464-0300][9.412s][10128][7368 ][info][gc,task     ] GC(5) Using 1 Workers for Old Generation
[2026-06-26T13:33:30.464-0300][9.412s][10128][7368 ][info][gc,phases   ] GC(5) Y: Young Generation
[2026-06-26T13:33:30.464-0300][9.412s][10128][8556 ][info][gc,phases   ] GC(5) Y: Pause Mark Start (Major) 0.012ms
[2026-06-26T13:33:30.506-0300][9.454s][10128][7368 ][info][gc,phases   ] GC(5) Y: Concurrent Mark 41.664ms
[2026-06-26T13:33:30.506-0300][9.454s][10128][8556 ][info][gc,phases   ] GC(5) Y: Pause Mark End 0.016ms
[2026-06-26T13:33:30.506-0300][9.454s][10128][7368 ][info][gc,phases   ] GC(5) Y: Concurrent Mark Free 0.005ms
[2026-06-26T13:33:30.506-0300][9.454s][10128][7368 ][info][gc,phases   ] GC(5) Y: Concurrent Reset Relocation Set 0.138ms
[2026-06-26T13:33:30.506-0300][9.454s][10128][7368 ][info][gc,reloc    ] GC(5) Y: Using tenuring threshold: 1 (Computed)
[2026-06-26T13:33:30.517-0300][9.464s][10128][7368 ][info][gc,phases   ] GC(5) Y: Concurrent Select Relocation Set 10.042ms
[2026-06-26T13:33:30.517-0300][9.465s][10128][8556 ][info][gc,phases   ] GC(5) Y: Pause Relocate Start 0.011ms
[2026-06-26T13:33:30.532-0300][9.479s][10128][7368 ][info][gc,phases   ] GC(5) Y: Concurrent Relocate 14.804ms
[2026-06-26T13:33:30.532-0300][9.479s][10128][7368 ][info][gc,alloc    ] GC(5) Y:                         Mark Start        Mark End      Relocate Start    Relocate End   
[2026-06-26T13:33:30.532-0300][9.479s][10128][7368 ][info][gc,alloc    ] GC(5) Y: Allocation Stalls:          0                0                0                0         
[2026-06-26T13:33:30.532-0300][9.479s][10128][7368 ][info][gc,load     ] GC(5) Y: Load: 0.00 (0%) / 0.00 (0%) / 0.00 (0%)
[2026-06-26T13:33:30.532-0300][9.480s][10128][7368 ][info][gc,mmu      ] GC(5) Y: MMU: 2ms/98.9%, 5ms/99.5%, 10ms/99.7%, 20ms/99.8%, 50ms/99.9%, 100ms/99.9%
[2026-06-26T13:33:30.532-0300][9.480s][10128][7368 ][info][gc,marking  ] GC(5) Y: Mark: 2 stripe(s), 2 proactive flush(es), 1 terminate flush(es), 0 completion(s), 0 continuation(s) 
[2026-06-26T13:33:30.532-0300][9.480s][10128][7368 ][info][gc,nmethod  ] GC(5) Y: NMethods: 5180 registered, 304 unregistered
[2026-06-26T13:33:30.532-0300][9.480s][10128][7368 ][info][gc,metaspace] GC(5) Y: Metaspace: 48M used, 49M committed, 1088M reserved
[2026-06-26T13:33:30.532-0300][9.480s][10128][7368 ][info][gc,reloc    ] GC(5) Y:                        Candidates     Selected     In-Place         Size        Empty    Relocated 
[2026-06-26T13:33:30.532-0300][9.480s][10128][7368 ][info][gc,reloc    ] GC(5) Y: Small Pages:                   96           34            0         192M          66M           4M 
[2026-06-26T13:33:30.532-0300][9.480s][10128][7368 ][info][gc,reloc    ] GC(5) Y: Medium Pages:                  26            0            0         832M         832M           0M 
[2026-06-26T13:33:30.532-0300][9.480s][10128][7368 ][info][gc,reloc    ] GC(5) Y: Large Pages:                    0            0            0           0M           0M           0M 
[2026-06-26T13:33:30.532-0300][9.480s][10128][7368 ][info][gc,reloc    ] GC(5) Y: Forwarding Usage: 1M
[2026-06-26T13:33:30.532-0300][9.480s][10128][7368 ][info][gc,reloc    ] GC(5) Y: Age Table:
[2026-06-26T13:33:30.532-0300][9.480s][10128][7368 ][info][gc,reloc    ] GC(5) Y:                    Live             Garbage             Small              Medium             Large        
[2026-06-26T13:33:30.532-0300][9.480s][10128][7368 ][info][gc,reloc    ] GC(5) Y: Eden               4M (0%)          929M (30%)         67 / 32            25 / 0              0 / 0        
[2026-06-26T13:33:30.532-0300][9.480s][10128][7368 ][info][gc,reloc    ] GC(5) Y: Survivor 1        52M (2%)           37M (1%)          29 / 2              1 / 0              0 / 0        
[2026-06-26T13:33:30.532-0300][9.480s][10128][7368 ][info][gc,heap     ] GC(5) Y: Min Capacity: 8M(0%)
[2026-06-26T13:33:30.532-0300][9.480s][10128][7368 ][info][gc,heap     ] GC(5) Y: Max Capacity: 3072M(100%)
[2026-06-26T13:33:30.532-0300][9.480s][10128][7368 ][info][gc,heap     ] GC(5) Y: Soft Max Capacity: 3072M(100%)
[2026-06-26T13:33:30.532-0300][9.480s][10128][7368 ][info][gc,heap     ] GC(5) Y: Heap Statistics:
[2026-06-26T13:33:30.532-0300][9.480s][10128][7368 ][info][gc,heap     ] GC(5) Y:                Mark Start          Mark End        Relocate Start      Relocate End           High               Low         
[2026-06-26T13:33:30.532-0300][9.480s][10128][7368 ][info][gc,heap     ] GC(5) Y:  Capacity:     2510M (82%)        2510M (82%)        2510M (82%)        2510M (82%)        2510M (82%)        2510M (82%)    
[2026-06-26T13:33:30.532-0300][9.480s][10128][7368 ][info][gc,heap     ] GC(5) Y:      Free:     1828M (60%)        1822M (59%)        2718M (88%)        2774M (90%)        2776M (90%)        1822M (59%)    
[2026-06-26T13:33:30.532-0300][9.480s][10128][7368 ][info][gc,heap     ] GC(5) Y:      Used:     1244M (40%)        1250M (41%)         354M (12%)         298M (10%)        1250M (41%)         296M (10%)    
[2026-06-26T13:33:30.532-0300][9.480s][10128][7368 ][info][gc,heap     ] GC(5) Y: Young Generation Statistics:
[2026-06-26T13:33:30.532-0300][9.480s][10128][7368 ][info][gc,heap     ] GC(5) Y:                Mark Start          Mark End        Relocate Start      Relocate End    
[2026-06-26T13:33:30.532-0300][9.480s][10128][7368 ][info][gc,heap     ] GC(5) Y:      Used:     1024M (33%)        1030M (34%)          82M (3%)           20M (1%)     
[2026-06-26T13:33:30.532-0300][9.480s][10128][7368 ][info][gc,heap     ] GC(5) Y:      Live:         -                56M (2%)            4M (0%)            4M (0%)     
[2026-06-26T13:33:30.532-0300][9.480s][10128][7368 ][info][gc,heap     ] GC(5) Y:   Garbage:         -               967M (31%)          69M (2%)            0M (0%)     
[2026-06-26T13:33:30.532-0300][9.480s][10128][7368 ][info][gc,heap     ] GC(5) Y: Allocated:         -                 6M (0%)            8M (0%)           15M (1%)     
[2026-06-26T13:33:30.532-0300][9.480s][10128][7368 ][info][gc,heap     ] GC(5) Y: Reclaimed:         -                  -               898M (29%)         967M (31%)    
[2026-06-26T13:33:30.532-0300][9.480s][10128][7368 ][info][gc,heap     ] GC(5) Y:  Promoted:         -                  -                51M (2%)           52M (2%)     
[2026-06-26T13:33:30.532-0300][9.480s][10128][7368 ][info][gc,heap     ] GC(5) Y: Compacted:         -                  -                  -                 4M (0%)     
[2026-06-26T13:33:30.532-0300][9.480s][10128][7368 ][info][gc,phases   ] GC(5) Y: Young Generation 1244M(40%)->298M(10%) 0.067s
[2026-06-26T13:33:30.532-0300][9.480s][10128][7368 ][info][gc,phases   ] GC(5) O: Old Generation
[2026-06-26T13:33:30.765-0300][9.713s][10128][7368 ][info][gc,phases   ] GC(5) O: Concurrent Mark 232.692ms
[2026-06-26T13:33:30.765-0300][9.713s][10128][8556 ][info][gc,phases   ] GC(5) O: Pause Mark End 0.013ms
[2026-06-26T13:33:30.765-0300][9.713s][10128][7368 ][info][gc,phases   ] GC(5) O: Concurrent Mark Free 0.002ms
[2026-06-26T13:33:30.774-0300][9.723s][10128][7368 ][info][gc,phases   ] GC(5) O: Concurrent Process Non-Strong 9.908ms
[2026-06-26T13:33:30.774-0300][9.723s][10128][7368 ][info][gc,phases   ] GC(5) O: Concurrent Reset Relocation Set 0.000ms
[2026-06-26T13:33:30.775-0300][9.723s][10128][7368 ][info][gc,phases   ] GC(5) O: Concurrent Select Relocation Set 0.495ms
[2026-06-26T13:33:30.775-0300][9.723s][10128][7368 ][info][gc,task     ] GC(5) O: Using 3 Workers for Old Generation
[2026-06-26T13:33:30.777-0300][9.726s][10128][7368 ][info][gc,task     ] GC(5) O: Using 1 Workers for Old Generation
[2026-06-26T13:33:30.777-0300][9.726s][10128][7368 ][info][gc,phases   ] GC(5) O: Concurrent Remap Roots 2.420ms
[2026-06-26T13:33:30.778-0300][9.726s][10128][8556 ][info][gc,phases   ] GC(5) O: Pause Relocate Start 0.009ms
[2026-06-26T13:33:30.788-0300][9.736s][10128][7368 ][info][gc,phases   ] GC(5) O: Concurrent Relocate 10.466ms
[2026-06-26T13:33:30.788-0300][9.736s][10128][7368 ][info][gc,alloc    ] GC(5) O:                         Mark Start        Mark End      Relocate Start    Relocate End   
[2026-06-26T13:33:30.788-0300][9.737s][10128][7368 ][info][gc,alloc    ] GC(5) O: Allocation Stalls:          0                0                0                0         
[2026-06-26T13:33:30.788-0300][9.737s][10128][7368 ][info][gc,load     ] GC(5) O: Load: 0.00 (0%) / 0.00 (0%) / 0.00 (0%)
[2026-06-26T13:33:30.788-0300][9.737s][10128][7368 ][info][gc,mmu      ] GC(5) O: MMU: 2ms/98.9%, 5ms/99.5%, 10ms/99.7%, 20ms/99.8%, 50ms/99.9%, 100ms/99.9%
[2026-06-26T13:33:30.788-0300][9.737s][10128][7368 ][info][gc,marking  ] GC(5) O: Mark: 1 stripe(s), 2 proactive flush(es), 1 terminate flush(es), 0 completion(s), 0 continuation(s) 
[2026-06-26T13:33:30.788-0300][9.737s][10128][7368 ][info][gc,nmethod  ] GC(5) O: NMethods: 5142 registered, 414 unregistered
[2026-06-26T13:33:30.788-0300][9.737s][10128][7368 ][info][gc,metaspace] GC(5) O: Metaspace: 49M used, 49M committed, 1088M reserved
[2026-06-26T13:33:30.788-0300][9.737s][10128][7368 ][info][gc,ref      ] GC(5) O:                       Encountered   Discovered     Enqueued 
[2026-06-26T13:33:30.788-0300][9.737s][10128][7368 ][info][gc,ref      ] GC(5) O: Soft References:             4386            0            0 
[2026-06-26T13:33:30.788-0300][9.737s][10128][7368 ][info][gc,ref      ] GC(5) O: Weak References:            10351         9714         7781 
[2026-06-26T13:33:30.788-0300][9.737s][10128][7368 ][info][gc,ref      ] GC(5) O: Final References:               8            2            1 
[2026-06-26T13:33:30.788-0300][9.737s][10128][7368 ][info][gc,ref      ] GC(5) O: Phantom References:          7460         7451         1109 
[2026-06-26T13:33:30.788-0300][9.737s][10128][7368 ][info][gc,reloc    ] GC(5) O:                        Candidates     Selected     In-Place         Size        Empty    Relocated 
[2026-06-26T13:33:30.788-0300][9.737s][10128][7368 ][info][gc,reloc    ] GC(5) O: Small Pages:                   80            5            0         160M           0M           2M 
[2026-06-26T13:33:30.788-0300][9.737s][10128][7368 ][info][gc,reloc    ] GC(5) O: Medium Pages:                   2            1            0          48M           0M           6M 
[2026-06-26T13:33:30.788-0300][9.737s][10128][7368 ][info][gc,reloc    ] GC(5) O: Large Pages:                    1            0            0          12M           0M           0M 
[2026-06-26T13:33:30.788-0300][9.737s][10128][7368 ][info][gc,reloc    ] GC(5) O: Forwarding Usage: 2M
[2026-06-26T13:33:30.788-0300][9.737s][10128][7368 ][info][gc,heap     ] GC(5) O: Min Capacity: 8M(0%)
[2026-06-26T13:33:30.788-0300][9.737s][10128][7368 ][info][gc,heap     ] GC(5) O: Max Capacity: 3072M(100%)
[2026-06-26T13:33:30.788-0300][9.737s][10128][7368 ][info][gc,heap     ] GC(5) O: Soft Max Capacity: 3072M(100%)
[2026-06-26T13:33:30.788-0300][9.737s][10128][7368 ][info][gc,heap     ] GC(5) O: Heap Statistics:
[2026-06-26T13:33:30.788-0300][9.737s][10128][7368 ][info][gc,heap     ] GC(5) O:                Mark Start          Mark End        Relocate Start      Relocate End           High               Low         
[2026-06-26T13:33:30.788-0300][9.737s][10128][7368 ][info][gc,heap     ] GC(5) O:  Capacity:     2510M (82%)        2510M (82%)        2510M (82%)        2510M (82%)        2510M (82%)        2510M (82%)    
[2026-06-26T13:33:30.788-0300][9.737s][10128][7368 ][info][gc,heap     ] GC(5) O:      Free:     1828M (60%)        2738M (89%)        2732M (89%)        2734M (89%)        2776M (90%)        1822M (59%)    
[2026-06-26T13:33:30.788-0300][9.737s][10128][7368 ][info][gc,heap     ] GC(5) O:      Used:     1244M (40%)         334M (11%)         340M (11%)         338M (11%)        1250M (41%)         296M (10%)    
[2026-06-26T13:33:30.788-0300][9.737s][10128][7368 ][info][gc,heap     ] GC(5) O: Old Generation Statistics:
[2026-06-26T13:33:30.788-0300][9.737s][10128][7368 ][info][gc,heap     ] GC(5) O:                Mark Start          Mark End        Relocate Start      Relocate End    
[2026-06-26T13:33:30.788-0300][9.737s][10128][7368 ][info][gc,heap     ] GC(5) O:      Used:      220M (7%)          278M (9%)          278M (9%)          274M (9%)     
[2026-06-26T13:33:30.789-0300][9.737s][10128][7368 ][info][gc,heap     ] GC(5) O:      Live:         -               164M (5%)          164M (5%)          164M (5%)     
[2026-06-26T13:33:30.789-0300][9.737s][10128][7368 ][info][gc,heap     ] GC(5) O:   Garbage:         -                55M (2%)           55M (2%)            6M (0%)     
[2026-06-26T13:33:30.789-0300][9.737s][10128][7368 ][info][gc,heap     ] GC(5) O: Allocated:         -                58M (2%)           58M (2%)          103M (3%)     
[2026-06-26T13:33:30.789-0300][9.737s][10128][7368 ][info][gc,heap     ] GC(5) O: Reclaimed:         -                  -                 0M (0%)           49M (2%)     
[2026-06-26T13:33:30.789-0300][9.737s][10128][7368 ][info][gc,heap     ] GC(5) O: Compacted:         -                  -                  -                16M (1%)     
[2026-06-26T13:33:30.789-0300][9.737s][10128][7368 ][info][gc,phases   ] GC(5) O: Old Generation 298M(10%)->338M(11%) 0.256s
[2026-06-26T13:33:30.789-0300][9.737s][10128][7368 ][info][gc          ] GC(5) Major Collection (Allocation Rate) 1244M(40%)->338M(11%) 0.325s
[2026-06-26T13:33:31.292-0300][10.239s][10128][14572][info][gc          ] GC(6) Minor Collection (Allocation Rate)
[2026-06-26T13:33:31.292-0300][10.239s][10128][14572][info][gc,task     ] GC(6) Using 3 Workers for Young Generation
[2026-06-26T13:33:31.292-0300][10.239s][10128][14572][info][gc,phases   ] GC(6) y: Young Generation
[2026-06-26T13:33:31.292-0300][10.239s][10128][8556 ][info][gc,phases   ] GC(6) y: Pause Mark Start 0.010ms
[2026-06-26T13:33:31.308-0300][10.255s][10128][14572][info][gc,phases   ] GC(6) y: Concurrent Mark 16.183ms
[2026-06-26T13:33:31.308-0300][10.255s][10128][8556 ][info][gc,phases   ] GC(6) y: Pause Mark End 0.013ms
[2026-06-26T13:33:31.308-0300][10.256s][10128][14572][info][gc,phases   ] GC(6) y: Concurrent Mark Free 0.004ms
[2026-06-26T13:33:31.308-0300][10.256s][10128][14572][info][gc,phases   ] GC(6) y: Concurrent Reset Relocation Set 0.114ms
[2026-06-26T13:33:31.308-0300][10.256s][10128][14572][info][gc,reloc    ] GC(6) y: Using tenuring threshold: 2 (Computed)
[2026-06-26T13:33:31.310-0300][10.257s][10128][14572][info][gc,phases   ] GC(6) y: Concurrent Select Relocation Set 1.502ms
[2026-06-26T13:33:31.310-0300][10.257s][10128][8556 ][info][gc,phases   ] GC(6) y: Pause Relocate Start 0.005ms
[2026-06-26T13:33:31.316-0300][10.264s][10128][14572][info][gc,phases   ] GC(6) y: Concurrent Relocate 6.761ms
[2026-06-26T13:33:31.316-0300][10.264s][10128][14572][info][gc,alloc    ] GC(6) y:                         Mark Start        Mark End      Relocate Start    Relocate End   
[2026-06-26T13:33:31.316-0300][10.264s][10128][14572][info][gc,alloc    ] GC(6) y: Allocation Stalls:          0                0                0                0         
[2026-06-26T13:33:31.316-0300][10.264s][10128][14572][info][gc,load     ] GC(6) y: Load: 0.00 (0%) / 0.00 (0%) / 0.00 (0%)
[2026-06-26T13:33:31.316-0300][10.264s][10128][14572][info][gc,mmu      ] GC(6) y: MMU: 2ms/98.9%, 5ms/99.5%, 10ms/99.7%, 20ms/99.8%, 50ms/99.9%, 100ms/99.9%
[2026-06-26T13:33:31.316-0300][10.264s][10128][14572][info][gc,marking  ] GC(6) y: Mark: 2 stripe(s), 2 proactive flush(es), 1 terminate flush(es), 0 completion(s), 0 continuation(s) 
[2026-06-26T13:33:31.316-0300][10.264s][10128][14572][info][gc,nmethod  ] GC(6) y: NMethods: 5191 registered, 414 unregistered
[2026-06-26T13:33:31.316-0300][10.264s][10128][14572][info][gc,metaspace] GC(6) y: Metaspace: 49M used, 49M committed, 1088M reserved
[2026-06-26T13:33:31.316-0300][10.264s][10128][14572][info][gc,reloc    ] GC(6) y:                        Candidates     Selected     In-Place         Size        Empty    Relocated 
[2026-06-26T13:33:31.316-0300][10.264s][10128][14572][info][gc,reloc    ] GC(6) y: Small Pages:                   77           67            0         154M           2M          10M 
[2026-06-26T13:33:31.317-0300][10.264s][10128][14572][info][gc,reloc    ] GC(6) y: Medium Pages:                   0            0            0           0M           0M           0M 
[2026-06-26T13:33:31.317-0300][10.264s][10128][14572][info][gc,reloc    ] GC(6) y: Large Pages:                    0            0            0           0M           0M           0M 
[2026-06-26T13:33:31.317-0300][10.264s][10128][14572][info][gc,reloc    ] GC(6) y: Forwarding Usage: 4M
[2026-06-26T13:33:31.317-0300][10.264s][10128][14572][info][gc,reloc    ] GC(6) y: Age Table:
[2026-06-26T13:33:31.317-0300][10.264s][10128][14572][info][gc,reloc    ] GC(6) y:                    Live             Garbage             Small              Medium             Large        
[2026-06-26T13:33:31.317-0300][10.264s][10128][14572][info][gc,reloc    ] GC(6) y: Eden              10M (0%)          133M (4%)          72 / 65             0 / 0              0 / 0        
[2026-06-26T13:33:31.317-0300][10.264s][10128][14572][info][gc,reloc    ] GC(6) y: Survivor 1         4M (0%)            5M (0%)           5 / 2              0 / 0              0 / 0        
[2026-06-26T13:33:31.317-0300][10.264s][10128][14572][info][gc,heap     ] GC(6) y: Min Capacity: 8M(0%)
[2026-06-26T13:33:31.317-0300][10.264s][10128][14572][info][gc,heap     ] GC(6) y: Max Capacity: 3072M(100%)
[2026-06-26T13:33:31.317-0300][10.264s][10128][14572][info][gc,heap     ] GC(6) y: Soft Max Capacity: 3072M(100%)
[2026-06-26T13:33:31.317-0300][10.264s][10128][14572][info][gc,heap     ] GC(6) y: Heap Statistics:
[2026-06-26T13:33:31.317-0300][10.264s][10128][14572][info][gc,heap     ] GC(6) y:                Mark Start          Mark End        Relocate Start      Relocate End           High               Low         
[2026-06-26T13:33:31.317-0300][10.264s][10128][14572][info][gc,heap     ] GC(6) y:  Capacity:     2510M (82%)        2510M (82%)        2510M (82%)        2510M (82%)        2510M (82%)        2510M (82%)    
[2026-06-26T13:33:31.317-0300][10.264s][10128][14572][info][gc,heap     ] GC(6) y:      Free:     2644M (86%)        2640M (86%)        2642M (86%)        2770M (90%)        2770M (90%)        2634M (86%)    
[2026-06-26T13:33:31.317-0300][10.264s][10128][14572][info][gc,heap     ] GC(6) y:      Used:      428M (14%)         432M (14%)         430M (14%)         302M (10%)         438M (14%)         302M (10%)    
[2026-06-26T13:33:31.317-0300][10.264s][10128][14572][info][gc,heap     ] GC(6) y: Young Generation Statistics:
[2026-06-26T13:33:31.317-0300][10.264s][10128][14572][info][gc,heap     ] GC(6) y:                Mark Start          Mark End        Relocate Start      Relocate End    
[2026-06-26T13:33:31.317-0300][10.264s][10128][14572][info][gc,heap     ] GC(6) y:      Used:      154M (5%)          158M (5%)          156M (5%)           28M (1%)     
[2026-06-26T13:33:31.317-0300][10.264s][10128][14572][info][gc,heap     ] GC(6) y:      Live:         -                14M (0%)           14M (0%)           14M (0%)     
[2026-06-26T13:33:31.317-0300][10.264s][10128][14572][info][gc,heap     ] GC(6) y:   Garbage:         -               139M (5%)          137M (4%)            1M (0%)     
[2026-06-26T13:33:31.317-0300][10.264s][10128][14572][info][gc,heap     ] GC(6) y: Allocated:         -                 4M (0%)            4M (0%)           12M (0%)     
[2026-06-26T13:33:31.317-0300][10.264s][10128][14572][info][gc,heap     ] GC(6) y: Reclaimed:         -                  -                 2M (0%)          138M (5%)     
[2026-06-26T13:33:31.317-0300][10.264s][10128][14572][info][gc,heap     ] GC(6) y:  Promoted:         -                  -                 0M (0%)            0M (0%)     
[2026-06-26T13:33:31.317-0300][10.264s][10128][14572][info][gc,heap     ] GC(6) y: Compacted:         -                  -                  -                11M (0%)     
[2026-06-26T13:33:31.317-0300][10.264s][10128][14572][info][gc,phases   ] GC(6) y: Young Generation 428M(14%)->302M(10%) 0.025s
[2026-06-26T13:33:31.317-0300][10.264s][10128][14572][info][gc          ] GC(6) Minor Collection (Allocation Rate) 428M(14%)->304M(10%) 0.025s
[2026-06-26T13:33:37.371-0300][16.319s][10128][14572][info][gc          ] GC(7) Minor Collection (Allocation Rate)
[2026-06-26T13:33:37.371-0300][16.319s][10128][14572][info][gc,task     ] GC(7) Using 3 Workers for Young Generation
[2026-06-26T13:33:37.371-0300][16.319s][10128][14572][info][gc,phases   ] GC(7) y: Young Generation
[2026-06-26T13:33:37.371-0300][16.319s][10128][8556 ][info][gc,phases   ] GC(7) y: Pause Mark Start 0.010ms
[2026-06-26T13:33:37.541-0300][16.489s][10128][14572][info][gc,phases   ] GC(7) y: Concurrent Mark 170.057ms
[2026-06-26T13:33:37.541-0300][16.489s][10128][8556 ][info][gc,phases   ] GC(7) y: Pause Mark End 0.011ms
[2026-06-26T13:33:37.541-0300][16.489s][10128][14572][info][gc,phases   ] GC(7) y: Concurrent Mark Free 0.008ms
[2026-06-26T13:33:37.541-0300][16.489s][10128][14572][info][gc,phases   ] GC(7) y: Concurrent Reset Relocation Set 0.004ms
[2026-06-26T13:33:37.541-0300][16.489s][10128][14572][info][gc,reloc    ] GC(7) y: Using tenuring threshold: 3 (Computed)
[2026-06-26T13:33:37.557-0300][16.505s][10128][14572][info][gc,phases   ] GC(7) y: Concurrent Select Relocation Set 16.141ms
[2026-06-26T13:33:37.557-0300][16.505s][10128][8556 ][info][gc,phases   ] GC(7) y: Pause Relocate Start 0.011ms
[2026-06-26T13:33:37.632-0300][16.580s][10128][14572][info][gc,phases   ] GC(7) y: Concurrent Relocate 74.416ms
[2026-06-26T13:33:37.632-0300][16.580s][10128][14572][info][gc,alloc    ] GC(7) y:                         Mark Start        Mark End      Relocate Start    Relocate End   
[2026-06-26T13:33:37.632-0300][16.580s][10128][14572][info][gc,alloc    ] GC(7) y: Allocation Stalls:          0                0                0                0         
[2026-06-26T13:33:37.632-0300][16.580s][10128][14572][info][gc,load     ] GC(7) y: Load: 0.00 (0%) / 0.00 (0%) / 0.00 (0%)
[2026-06-26T13:33:37.632-0300][16.580s][10128][14572][info][gc,mmu      ] GC(7) y: MMU: 2ms/98.9%, 5ms/99.5%, 10ms/99.7%, 20ms/99.8%, 50ms/99.9%, 100ms/99.9%
[2026-06-26T13:33:37.632-0300][16.580s][10128][14572][info][gc,marking  ] GC(7) y: Mark: 2 stripe(s), 2 proactive flush(es), 1 terminate flush(es), 0 completion(s), 0 continuation(s) 
[2026-06-26T13:33:37.632-0300][16.580s][10128][14572][info][gc,nmethod  ] GC(7) y: NMethods: 8052 registered, 0 unregistered
[2026-06-26T13:33:37.632-0300][16.580s][10128][14572][info][gc,metaspace] GC(7) y: Metaspace: 52M used, 52M committed, 1088M reserved
[2026-06-26T13:33:37.632-0300][16.580s][10128][14572][info][gc,reloc    ] GC(7) y:                        Candidates     Selected     In-Place         Size        Empty    Relocated 
[2026-06-26T13:33:37.632-0300][16.580s][10128][14572][info][gc,reloc    ] GC(7) y: Small Pages:                  681          539            0        1362M          52M         134M 
[2026-06-26T13:33:37.632-0300][16.580s][10128][14572][info][gc,reloc    ] GC(7) y: Medium Pages:                   1            0            0          32M           0M           0M 
[2026-06-26T13:33:37.632-0300][16.580s][10128][14572][info][gc,reloc    ] GC(7) y: Large Pages:                    2            0            0          16M          16M           0M 
[2026-06-26T13:33:37.632-0300][16.580s][10128][14572][info][gc,reloc    ] GC(7) y: Forwarding Usage: 69M
[2026-06-26T13:33:37.632-0300][16.580s][10128][14572][info][gc,reloc    ] GC(7) y: Age Table:
[2026-06-26T13:33:37.632-0300][16.580s][10128][14572][info][gc,reloc    ] GC(7) y:                    Live             Garbage             Small              Medium             Large        
[2026-06-26T13:33:37.632-0300][16.580s][10128][14572][info][gc,reloc    ] GC(7) y: Eden             191M (6%)         1194M (39%)        669 / 535            1 / 0              2 / 0        
[2026-06-26T13:33:37.632-0300][16.580s][10128][14572][info][gc,reloc    ] GC(7) y: Survivor 1         8M (0%)            5M (0%)           7 / 2              0 / 0              0 / 0        
[2026-06-26T13:33:37.632-0300][16.580s][10128][14572][info][gc,reloc    ] GC(7) y: Survivor 2         3M (0%)            6M (0%)           5 / 2              0 / 0              0 / 0        
[2026-06-26T13:33:37.632-0300][16.580s][10128][14572][info][gc,heap     ] GC(7) y: Min Capacity: 8M(0%)
[2026-06-26T13:33:37.632-0300][16.580s][10128][14572][info][gc,heap     ] GC(7) y: Max Capacity: 3072M(100%)
[2026-06-26T13:33:37.632-0300][16.580s][10128][14572][info][gc,heap     ] GC(7) y: Soft Max Capacity: 3072M(100%)
[2026-06-26T13:33:37.632-0300][16.580s][10128][14572][info][gc,heap     ] GC(7) y: Heap Statistics:
[2026-06-26T13:33:37.632-0300][16.580s][10128][14572][info][gc,heap     ] GC(7) y:                Mark Start          Mark End        Relocate Start      Relocate End           High               Low         
[2026-06-26T13:33:37.632-0300][16.580s][10128][14572][info][gc,heap     ] GC(7) y:  Capacity:     2510M (82%)        2510M (82%)        2510M (82%)        2510M (82%)        2510M (82%)        2510M (82%)    
[2026-06-26T13:33:37.632-0300][16.580s][10128][14572][info][gc,heap     ] GC(7) y:      Free:     1388M (45%)        1372M (45%)        1440M (47%)        2522M (82%)        2522M (82%)        1372M (45%)    
[2026-06-26T13:33:37.632-0300][16.580s][10128][14572][info][gc,heap     ] GC(7) y:      Used:     1684M (55%)        1700M (55%)        1632M (53%)         550M (18%)        1700M (55%)         550M (18%)    
[2026-06-26T13:33:37.632-0300][16.580s][10128][14572][info][gc,heap     ] GC(7) y: Young Generation Statistics:
[2026-06-26T13:33:37.632-0300][16.580s][10128][14572][info][gc,heap     ] GC(7) y:                Mark Start          Mark End        Relocate Start      Relocate End    
[2026-06-26T13:33:37.632-0300][16.580s][10128][14572][info][gc,heap     ] GC(7) y:      Used:     1410M (46%)        1426M (46%)        1358M (44%)         276M (9%)     
[2026-06-26T13:33:37.632-0300][16.580s][10128][14572][info][gc,heap     ] GC(7) y:      Live:         -               203M (7%)          203M (7%)          203M (7%)     
[2026-06-26T13:33:37.632-0300][16.580s][10128][14572][info][gc,heap     ] GC(7) y:   Garbage:         -              1206M (39%)        1138M (37%)          35M (1%)     
[2026-06-26T13:33:37.632-0300][16.580s][10128][14572][info][gc,heap     ] GC(7) y: Allocated:         -                16M (1%)           16M (1%)           36M (1%)     
[2026-06-26T13:33:37.632-0300][16.580s][10128][14572][info][gc,heap     ] GC(7) y: Reclaimed:         -                  -                68M (2%)         1170M (38%)    
[2026-06-26T13:33:37.632-0300][16.580s][10128][14572][info][gc,heap     ] GC(7) y:  Promoted:         -                  -                 0M (0%)            0M (0%)     
[2026-06-26T13:33:37.632-0300][16.580s][10128][14572][info][gc,heap     ] GC(7) y: Compacted:         -                  -                  -               171M (6%)     
[2026-06-26T13:33:37.632-0300][16.580s][10128][14572][info][gc,phases   ] GC(7) y: Young Generation 1684M(55%)->550M(18%) 0.261s
[2026-06-26T13:33:37.632-0300][16.580s][10128][14572][info][gc          ] GC(7) Minor Collection (Allocation Rate) 1684M(55%)->550M(18%) 0.262s
[2026-06-26T13:33:37.632-0300][16.580s][10128][14572][info][gc          ] GC(8) Minor Collection (Allocation Rate)
[2026-06-26T13:33:37.632-0300][16.580s][10128][14572][info][gc,task     ] GC(8) Using 3 Workers for Young Generation
[2026-06-26T13:33:37.632-0300][16.580s][10128][14572][info][gc,phases   ] GC(8) y: Young Generation
[2026-06-26T13:33:37.632-0300][16.580s][10128][8556 ][info][gc,phases   ] GC(8) y: Pause Mark Start 0.008ms
[2026-06-26T13:33:37.819-0300][16.767s][10128][14572][info][gc,phases   ] GC(8) y: Concurrent Mark 186.883ms
[2026-06-26T13:33:37.819-0300][16.767s][10128][8556 ][info][gc,phases   ] GC(8) y: Pause Mark End 0.012ms
[2026-06-26T13:33:37.819-0300][16.767s][10128][14572][info][gc,phases   ] GC(8) y: Concurrent Mark Free 0.002ms
[2026-06-26T13:33:37.819-0300][16.767s][10128][14572][info][gc,phases   ] GC(8) y: Concurrent Reset Relocation Set 0.037ms
[2026-06-26T13:33:37.819-0300][16.767s][10128][14572][info][gc,reloc    ] GC(8) y: Using tenuring threshold: 1 (Computed)
[2026-06-26T13:33:37.863-0300][16.810s][10128][14572][info][gc,phases   ] GC(8) y: Concurrent Select Relocation Set 43.043ms
[2026-06-26T13:33:37.863-0300][16.810s][10128][8556 ][info][gc,phases   ] GC(8) y: Pause Relocate Start 0.010ms
[2026-06-26T13:33:37.932-0300][16.880s][10128][14572][info][gc,phases   ] GC(8) y: Concurrent Relocate 69.479ms
[2026-06-26T13:33:37.932-0300][16.880s][10128][14572][info][gc,alloc    ] GC(8) y:                         Mark Start        Mark End      Relocate Start    Relocate End   
[2026-06-26T13:33:37.932-0300][16.880s][10128][14572][info][gc,alloc    ] GC(8) y: Allocation Stalls:          0                0                0                0         
[2026-06-26T13:33:37.932-0300][16.880s][10128][14572][info][gc,load     ] GC(8) y: Load: 0.00 (0%) / 0.00 (0%) / 0.00 (0%)
[2026-06-26T13:33:37.932-0300][16.880s][10128][14572][info][gc,mmu      ] GC(8) y: MMU: 2ms/98.9%, 5ms/99.5%, 10ms/99.7%, 20ms/99.8%, 50ms/99.9%, 100ms/99.9%
[2026-06-26T13:33:37.932-0300][16.880s][10128][14572][info][gc,marking  ] GC(8) y: Mark: 2 stripe(s), 2 proactive flush(es), 1 terminate flush(es), 0 completion(s), 0 continuation(s) 
[2026-06-26T13:33:37.932-0300][16.880s][10128][14572][info][gc,nmethod  ] GC(8) y: NMethods: 8089 registered, 0 unregistered
[2026-06-26T13:33:37.932-0300][16.880s][10128][14572][info][gc,metaspace] GC(8) y: Metaspace: 52M used, 52M committed, 1088M reserved
[2026-06-26T13:33:37.932-0300][16.880s][10128][14572][info][gc,reloc    ] GC(8) y:                        Candidates     Selected     In-Place         Size        Empty    Relocated 
[2026-06-26T13:33:37.932-0300][16.880s][10128][14572][info][gc,reloc    ] GC(8) y: Small Pages:                  122           12            0         244M           8M           4M 
[2026-06-26T13:33:37.932-0300][16.880s][10128][14572][info][gc,reloc    ] GC(8) y: Medium Pages:                   1            0            0          32M           0M           0M 
[2026-06-26T13:33:37.932-0300][16.880s][10128][14572][info][gc,reloc    ] GC(8) y: Large Pages:                    0            0            0           0M           0M           0M 
[2026-06-26T13:33:37.932-0300][16.880s][10128][14572][info][gc,reloc    ] GC(8) y: Forwarding Usage: 3M
[2026-06-26T13:33:37.932-0300][16.880s][10128][14572][info][gc,reloc    ] GC(8) y: Age Table:
[2026-06-26T13:33:37.932-0300][16.880s][10128][14572][info][gc,reloc    ] GC(8) y:                    Live             Garbage             Small              Medium             Large        
[2026-06-26T13:33:37.932-0300][16.880s][10128][14572][info][gc,reloc    ] GC(8) y: Eden               4M (0%)           13M (0%)           9 / 7              0 / 0              0 / 0        
[2026-06-26T13:33:37.932-0300][16.880s][10128][14572][info][gc,reloc    ] GC(8) y: Survivor 1       190M (6%)           39M (1%)          99 / 3              1 / 0              0 / 0        
[2026-06-26T13:33:37.932-0300][16.880s][10128][14572][info][gc,reloc    ] GC(8) y: Survivor 2         8M (0%)           13M (0%)          11 / 1              0 / 0              0 / 0        
[2026-06-26T13:33:37.932-0300][16.880s][10128][14572][info][gc,reloc    ] GC(8) y: Survivor 3         3M (0%)            2M (0%)           3 / 1              0 / 0              0 / 0        
[2026-06-26T13:33:37.932-0300][16.880s][10128][14572][info][gc,heap     ] GC(8) y: Min Capacity: 8M(0%)
[2026-06-26T13:33:37.932-0300][16.880s][10128][14572][info][gc,heap     ] GC(8) y: Max Capacity: 3072M(100%)
[2026-06-26T13:33:37.932-0300][16.880s][10128][14572][info][gc,heap     ] GC(8) y: Soft Max Capacity: 3072M(100%)
[2026-06-26T13:33:37.932-0300][16.880s][10128][14572][info][gc,heap     ] GC(8) y: Heap Statistics:
[2026-06-26T13:33:37.932-0300][16.880s][10128][14572][info][gc,heap     ] GC(8) y:                Mark Start          Mark End        Relocate Start      Relocate End           High               Low         
[2026-06-26T13:33:37.932-0300][16.880s][10128][14572][info][gc,heap     ] GC(8) y:  Capacity:     2510M (82%)        2510M (82%)        2510M (82%)        2510M (82%)        2510M (82%)        2510M (82%)    
[2026-06-26T13:33:37.932-0300][16.880s][10128][14572][info][gc,heap     ] GC(8) y:      Free:     2522M (82%)        2512M (82%)        2520M (82%)        2536M (83%)        2536M (83%)        2512M (82%)    
[2026-06-26T13:33:37.932-0300][16.880s][10128][14572][info][gc,heap     ] GC(8) y:      Used:      550M (18%)         560M (18%)         552M (18%)         536M (17%)         560M (18%)         536M (17%)    
[2026-06-26T13:33:37.932-0300][16.880s][10128][14572][info][gc,heap     ] GC(8) y: Young Generation Statistics:
[2026-06-26T13:33:37.932-0300][16.880s][10128][14572][info][gc,heap     ] GC(8) y:                Mark Start          Mark End        Relocate Start      Relocate End    
[2026-06-26T13:33:37.932-0300][16.880s][10128][14572][info][gc,heap     ] GC(8) y:      Used:      276M (9%)          286M (9%)           48M (2%)           20M (1%)     
[2026-06-26T13:33:37.932-0300][16.880s][10128][14572][info][gc,heap     ] GC(8) y:      Live:         -               208M (7%)           12M (0%)            4M (0%)     
[2026-06-26T13:33:37.932-0300][16.880s][10128][14572][info][gc,heap     ] GC(8) y:   Garbage:         -                67M (2%)           25M (1%)            0M (0%)     
[2026-06-26T13:33:37.932-0300][16.880s][10128][14572][info][gc,heap     ] GC(8) y: Allocated:         -                10M (0%)           10M (0%)           15M (0%)     
[2026-06-26T13:33:37.932-0300][16.880s][10128][14572][info][gc,heap     ] GC(8) y: Reclaimed:         -                  -                42M (1%)           67M (2%)     
[2026-06-26T13:33:37.932-0300][16.880s][10128][14572][info][gc,heap     ] GC(8) y:  Promoted:         -                  -               195M (6%)          203M (7%)     
[2026-06-26T13:33:37.932-0300][16.880s][10128][14572][info][gc,heap     ] GC(8) y: Compacted:         -                  -                  -                 0M (0%)     
[2026-06-26T13:33:37.932-0300][16.880s][10128][14572][info][gc,phases   ] GC(8) y: Young Generation 550M(18%)->536M(17%) 0.300s
[2026-06-26T13:33:37.933-0300][16.880s][10128][14572][info][gc          ] GC(8) Minor Collection (Allocation Rate) 550M(18%)->536M(17%) 0.300s
[2026-06-26T13:33:40.343-0300][19.291s][10128][7368 ][info][gc          ] GC(9) Major Collection (Allocation Rate)
[2026-06-26T13:33:40.343-0300][19.291s][10128][7368 ][info][gc,task     ] GC(9) Using 3 Workers for Young Generation
[2026-06-26T13:33:40.343-0300][19.291s][10128][7368 ][info][gc,task     ] GC(9) Using 1 Workers for Old Generation
[2026-06-26T13:33:40.343-0300][19.291s][10128][7368 ][info][gc,phases   ] GC(9) Y: Young Generation
[2026-06-26T13:33:40.343-0300][19.291s][10128][8556 ][info][gc,phases   ] GC(9) Y: Pause Mark Start (Major) 0.012ms
[2026-06-26T13:33:40.373-0300][19.321s][10128][7368 ][info][gc,phases   ] GC(9) Y: Concurrent Mark 29.671ms
[2026-06-26T13:33:40.373-0300][19.321s][10128][8556 ][info][gc,phases   ] GC(9) Y: Pause Mark End 0.018ms
[2026-06-26T13:33:40.373-0300][19.321s][10128][7368 ][info][gc,phases   ] GC(9) Y: Concurrent Mark Free 0.003ms
[2026-06-26T13:33:40.373-0300][19.321s][10128][7368 ][info][gc,phases   ] GC(9) Y: Concurrent Reset Relocation Set 0.226ms
[2026-06-26T13:33:40.373-0300][19.321s][10128][7368 ][info][gc,reloc    ] GC(9) Y: Using tenuring threshold: 2 (Computed)
[2026-06-26T13:33:40.376-0300][19.324s][10128][7368 ][info][gc,phases   ] GC(9) Y: Concurrent Select Relocation Set 2.458ms
[2026-06-26T13:33:40.376-0300][19.324s][10128][8556 ][info][gc,phases   ] GC(9) Y: Pause Relocate Start 0.008ms
[2026-06-26T13:33:40.385-0300][19.333s][10128][7368 ][info][gc,phases   ] GC(9) Y: Concurrent Relocate 8.721ms
[2026-06-26T13:33:40.385-0300][19.333s][10128][7368 ][info][gc,alloc    ] GC(9) Y:                         Mark Start        Mark End      Relocate Start    Relocate End   
[2026-06-26T13:33:40.385-0300][19.333s][10128][7368 ][info][gc,alloc    ] GC(9) Y: Allocation Stalls:          0                0                0                0         
[2026-06-26T13:33:40.385-0300][19.333s][10128][7368 ][info][gc,load     ] GC(9) Y: Load: 0.00 (0%) / 0.00 (0%) / 0.00 (0%)
[2026-06-26T13:33:40.385-0300][19.333s][10128][7368 ][info][gc,mmu      ] GC(9) Y: MMU: 2ms/98.9%, 5ms/99.5%, 10ms/99.7%, 20ms/99.8%, 50ms/99.9%, 100ms/99.9%
[2026-06-26T13:33:40.385-0300][19.333s][10128][7368 ][info][gc,marking  ] GC(9) Y: Mark: 2 stripe(s), 10 proactive flush(es), 1 terminate flush(es), 0 completion(s), 0 continuation(s) 
[2026-06-26T13:33:40.385-0300][19.333s][10128][7368 ][info][gc,nmethod  ] GC(9) Y: NMethods: 8864 registered, 0 unregistered
[2026-06-26T13:33:40.385-0300][19.333s][10128][7368 ][info][gc,metaspace] GC(9) Y: Metaspace: 53M used, 54M committed, 1088M reserved
[2026-06-26T13:33:40.385-0300][19.333s][10128][7368 ][info][gc,reloc    ] GC(9) Y:                        Candidates     Selected     In-Place         Size        Empty    Relocated 
[2026-06-26T13:33:40.385-0300][19.333s][10128][7368 ][info][gc,reloc    ] GC(9) Y: Small Pages:                   61           47            0         122M           2M          12M 
[2026-06-26T13:33:40.385-0300][19.333s][10128][7368 ][info][gc,reloc    ] GC(9) Y: Medium Pages:                   1            0            0          32M           0M           0M 
[2026-06-26T13:33:40.385-0300][19.333s][10128][7368 ][info][gc,reloc    ] GC(9) Y: Large Pages:                    0            0            0           0M           0M           0M 
[2026-06-26T13:33:40.385-0300][19.333s][10128][7368 ][info][gc,reloc    ] GC(9) Y: Forwarding Usage: 9M
[2026-06-26T13:33:40.385-0300][19.333s][10128][7368 ][info][gc,reloc    ] GC(9) Y: Age Table:
[2026-06-26T13:33:40.385-0300][19.333s][10128][7368 ][info][gc,reloc    ] GC(9) Y:                    Live             Garbage             Small              Medium             Large        
[2026-06-26T13:33:40.385-0300][19.333s][10128][7368 ][info][gc,reloc    ] GC(9) Y: Eden              18M (1%)          125M (4%)          56 / 45             1 / 0              0 / 0        
[2026-06-26T13:33:40.385-0300][19.333s][10128][7368 ][info][gc,reloc    ] GC(9) Y: Survivor 1         4M (0%)            5M (0%)           5 / 2              0 / 0              0 / 0        
[2026-06-26T13:33:40.385-0300][19.333s][10128][7368 ][info][gc,heap     ] GC(9) Y: Min Capacity: 8M(0%)
[2026-06-26T13:33:40.385-0300][19.333s][10128][7368 ][info][gc,heap     ] GC(9) Y: Max Capacity: 3072M(100%)
[2026-06-26T13:33:40.385-0300][19.333s][10128][7368 ][info][gc,heap     ] GC(9) Y: Soft Max Capacity: 3072M(100%)
[2026-06-26T13:33:40.385-0300][19.333s][10128][7368 ][info][gc,heap     ] GC(9) Y: Heap Statistics:
[2026-06-26T13:33:40.385-0300][19.333s][10128][7368 ][info][gc,heap     ] GC(9) Y:                Mark Start          Mark End        Relocate Start      Relocate End           High               Low         
[2026-06-26T13:33:40.385-0300][19.333s][10128][7368 ][info][gc,heap     ] GC(9) Y:  Capacity:     2510M (82%)        2510M (82%)        2510M (82%)        2510M (82%)        2510M (82%)        2510M (82%)    
[2026-06-26T13:33:40.385-0300][19.333s][10128][7368 ][info][gc,heap     ] GC(9) Y:      Free:     2402M (78%)        2398M (78%)        2400M (78%)        2488M (81%)        2488M (81%)        2392M (78%)    
[2026-06-26T13:33:40.385-0300][19.333s][10128][7368 ][info][gc,heap     ] GC(9) Y:      Used:      670M (22%)         674M (22%)         672M (22%)         584M (19%)         680M (22%)         584M (19%)    
[2026-06-26T13:33:40.385-0300][19.333s][10128][7368 ][info][gc,heap     ] GC(9) Y: Young Generation Statistics:
[2026-06-26T13:33:40.385-0300][19.333s][10128][7368 ][info][gc,heap     ] GC(9) Y:                Mark Start          Mark End        Relocate Start      Relocate End    
[2026-06-26T13:33:40.385-0300][19.333s][10128][7368 ][info][gc,heap     ] GC(9) Y:      Used:      154M (5%)          158M (5%)          156M (5%)           68M (2%)     
[2026-06-26T13:33:40.385-0300][19.333s][10128][7368 ][info][gc,heap     ] GC(9) Y:      Live:         -                22M (1%)           22M (1%)           22M (1%)     
[2026-06-26T13:33:40.385-0300][19.333s][10128][7368 ][info][gc,heap     ] GC(9) Y:   Garbage:         -               131M (4%)          129M (4%)           32M (1%)     
[2026-06-26T13:33:40.385-0300][19.333s][10128][7368 ][info][gc,heap     ] GC(9) Y: Allocated:         -                 4M (0%)            4M (0%)           12M (0%)     
[2026-06-26T13:33:40.385-0300][19.333s][10128][7368 ][info][gc,heap     ] GC(9) Y: Reclaimed:         -                  -                 2M (0%)           98M (3%)     
[2026-06-26T13:33:40.385-0300][19.333s][10128][7368 ][info][gc,heap     ] GC(9) Y:  Promoted:         -                  -                 0M (0%)            0M (0%)     
[2026-06-26T13:33:40.385-0300][19.333s][10128][7368 ][info][gc,heap     ] GC(9) Y: Compacted:         -                  -                  -                17M (1%)     
[2026-06-26T13:33:40.385-0300][19.333s][10128][7368 ][info][gc,phases   ] GC(9) Y: Young Generation 670M(22%)->584M(19%) 0.042s
[2026-06-26T13:33:40.385-0300][19.333s][10128][7368 ][info][gc,phases   ] GC(9) O: Old Generation
[2026-06-26T13:33:41.657-0300][20.605s][10128][7368 ][info][gc,phases   ] GC(9) O: Concurrent Mark 1271.950ms
[2026-06-26T13:33:41.657-0300][20.605s][10128][8556 ][info][gc,phases   ] GC(9) O: Pause Mark End 0.016ms
[2026-06-26T13:33:41.657-0300][20.605s][10128][7368 ][info][gc,phases   ] GC(9) O: Concurrent Mark Free 0.004ms
[2026-06-26T13:33:41.681-0300][20.629s][10128][7368 ][info][gc,phases   ] GC(9) O: Concurrent Process Non-Strong 23.976ms
[2026-06-26T13:33:41.681-0300][20.629s][10128][7368 ][info][gc,phases   ] GC(9) O: Concurrent Reset Relocation Set 0.002ms
[2026-06-26T13:33:41.684-0300][20.631s][10128][7368 ][info][gc,phases   ] GC(9) O: Concurrent Select Relocation Set 1.959ms
[2026-06-26T13:33:41.684-0300][20.631s][10128][7368 ][info][gc,task     ] GC(9) O: Using 3 Workers for Old Generation
[2026-06-26T13:33:41.687-0300][20.635s][10128][7368 ][info][gc,task     ] GC(9) O: Using 1 Workers for Old Generation
[2026-06-26T13:33:41.687-0300][20.635s][10128][7368 ][info][gc,phases   ] GC(9) O: Concurrent Remap Roots 4.091ms
[2026-06-26T13:33:41.687-0300][20.636s][10128][8556 ][info][gc,phases   ] GC(9) O: Pause Relocate Start 0.009ms
[2026-06-26T13:33:41.723-0300][20.671s][10128][7368 ][info][gc,phases   ] GC(9) O: Concurrent Relocate 35.879ms
[2026-06-26T13:33:41.723-0300][20.672s][10128][7368 ][info][gc,alloc    ] GC(9) O:                         Mark Start        Mark End      Relocate Start    Relocate End   
[2026-06-26T13:33:41.723-0300][20.672s][10128][7368 ][info][gc,alloc    ] GC(9) O: Allocation Stalls:          0                0                0                0         
[2026-06-26T13:33:41.723-0300][20.672s][10128][7368 ][info][gc,load     ] GC(9) O: Load: 0.00 (0%) / 0.00 (0%) / 0.00 (0%)
[2026-06-26T13:33:41.723-0300][20.672s][10128][7368 ][info][gc,mmu      ] GC(9) O: MMU: 2ms/98.9%, 5ms/99.5%, 10ms/99.7%, 20ms/99.8%, 50ms/99.9%, 100ms/99.9%
[2026-06-26T13:33:41.723-0300][20.672s][10128][7368 ][info][gc,marking  ] GC(9) O: Mark: 1 stripe(s), 2 proactive flush(es), 1 terminate flush(es), 0 completion(s), 0 continuation(s) 
[2026-06-26T13:33:41.723-0300][20.672s][10128][7368 ][info][gc,nmethod  ] GC(9) O: NMethods: 8054 registered, 1154 unregistered
[2026-06-26T13:33:41.723-0300][20.672s][10128][7368 ][info][gc,metaspace] GC(9) O: Metaspace: 56M used, 57M committed, 1088M reserved
[2026-06-26T13:33:41.723-0300][20.672s][10128][7368 ][info][gc,ref      ] GC(9) O:                       Encountered   Discovered     Enqueued 
[2026-06-26T13:33:41.723-0300][20.672s][10128][7368 ][info][gc,ref      ] GC(9) O: Soft References:             4561            0            0 
[2026-06-26T13:33:41.723-0300][20.672s][10128][7368 ][info][gc,ref      ] GC(9) O: Weak References:             3487         2251          153 
[2026-06-26T13:33:41.724-0300][20.672s][10128][7368 ][info][gc,ref      ] GC(9) O: Final References:              19           15            7 
[2026-06-26T13:33:41.724-0300][20.672s][10128][7368 ][info][gc,ref      ] GC(9) O: Phantom References:         10288         6353            3 
[2026-06-26T13:33:41.724-0300][20.672s][10128][7368 ][info][gc,reloc    ] GC(9) O:                        Candidates     Selected     In-Place         Size        Empty    Relocated 
[2026-06-26T13:33:41.724-0300][20.672s][10128][7368 ][info][gc,reloc    ] GC(9) O: Small Pages:                  212           10            0         424M           0M           5M 
[2026-06-26T13:33:41.724-0300][20.672s][10128][7368 ][info][gc,reloc    ] GC(9) O: Medium Pages:                   3            2            0          80M           0M          11M 
[2026-06-26T13:33:41.724-0300][20.672s][10128][7368 ][info][gc,reloc    ] GC(9) O: Large Pages:                    1            0            0          12M           0M           0M 
[2026-06-26T13:33:41.724-0300][20.672s][10128][7368 ][info][gc,reloc    ] GC(9) O: Forwarding Usage: 9M
[2026-06-26T13:33:41.724-0300][20.672s][10128][7368 ][info][gc,heap     ] GC(9) O: Min Capacity: 8M(0%)
[2026-06-26T13:33:41.724-0300][20.672s][10128][7368 ][info][gc,heap     ] GC(9) O: Max Capacity: 3072M(100%)
[2026-06-26T13:33:41.724-0300][20.672s][10128][7368 ][info][gc,heap     ] GC(9) O: Soft Max Capacity: 3072M(100%)
[2026-06-26T13:33:41.724-0300][20.672s][10128][7368 ][info][gc,heap     ] GC(9) O: Heap Statistics:
[2026-06-26T13:33:41.724-0300][20.672s][10128][7368 ][info][gc,heap     ] GC(9) O:                Mark Start          Mark End        Relocate Start      Relocate End           High               Low         
[2026-06-26T13:33:41.724-0300][20.672s][10128][7368 ][info][gc,heap     ] GC(9) O:  Capacity:     2510M (82%)        2510M (82%)        2510M (82%)        2510M (82%)        2510M (82%)        2510M (82%)    
[2026-06-26T13:33:41.724-0300][20.672s][10128][7368 ][info][gc,heap     ] GC(9) O:      Free:     2402M (78%)        2424M (79%)        2424M (79%)        2476M (81%)        2488M (81%)        2382M (78%)    
[2026-06-26T13:33:41.724-0300][20.672s][10128][7368 ][info][gc,heap     ] GC(9) O:      Used:      670M (22%)         648M (21%)         648M (21%)         596M (19%)         690M (22%)         584M (19%)    
[2026-06-26T13:33:41.724-0300][20.672s][10128][7368 ][info][gc,heap     ] GC(9) O: Old Generation Statistics:
[2026-06-26T13:33:41.724-0300][20.672s][10128][7368 ][info][gc,heap     ] GC(9) O:                Mark Start          Mark End        Relocate Start      Relocate End    
[2026-06-26T13:33:41.724-0300][20.672s][10128][7368 ][info][gc,heap     ] GC(9) O:      Used:      516M (17%)         516M (17%)         516M (17%)         462M (15%)    
[2026-06-26T13:33:41.724-0300][20.672s][10128][7368 ][info][gc,heap     ] GC(9) O:      Live:         -               417M (14%)         417M (14%)         417M (14%)    
[2026-06-26T13:33:41.724-0300][20.672s][10128][7368 ][info][gc,heap     ] GC(9) O:   Garbage:         -                98M (3%)           98M (3%)            7M (0%)     
[2026-06-26T13:33:41.724-0300][20.672s][10128][7368 ][info][gc,heap     ] GC(9) O: Allocated:         -                 0M (0%)            0M (0%)           37M (1%)     
[2026-06-26T13:33:41.724-0300][20.672s][10128][7368 ][info][gc,heap     ] GC(9) O: Reclaimed:         -                  -                 0M (0%)           91M (3%)     
[2026-06-26T13:33:41.724-0300][20.672s][10128][7368 ][info][gc,heap     ] GC(9) O: Compacted:         -                  -                  -                34M (1%)     
[2026-06-26T13:33:41.724-0300][20.672s][10128][7368 ][info][gc,phases   ] GC(9) O: Old Generation 584M(19%)->596M(19%) 1.338s
[2026-06-26T13:33:41.724-0300][20.672s][10128][7368 ][info][gc          ] GC(9) Major Collection (Allocation Rate) 670M(22%)->596M(19%) 1.381s
[2026-06-26T13:33:42.349-0300][21.297s][10128][14572][info][gc          ] GC(10) Minor Collection (Allocation Rate)
[2026-06-26T13:33:42.349-0300][21.297s][10128][14572][info][gc,task     ] GC(10) Using 3 Workers for Young Generation
[2026-06-26T13:33:42.349-0300][21.297s][10128][14572][info][gc,phases   ] GC(10) y: Young Generation
[2026-06-26T13:33:42.349-0300][21.297s][10128][8556 ][info][gc,phases   ] GC(10) y: Pause Mark Start 0.010ms
[2026-06-26T13:33:42.379-0300][21.327s][10128][14572][info][gc,phases   ] GC(10) y: Concurrent Mark 30.043ms
[2026-06-26T13:33:42.379-0300][21.327s][10128][8556 ][info][gc,phases   ] GC(10) y: Pause Mark End 0.010ms
[2026-06-26T13:33:42.380-0300][21.327s][10128][14572][info][gc,phases   ] GC(10) y: Concurrent Mark Free 0.003ms
[2026-06-26T13:33:42.380-0300][21.327s][10128][14572][info][gc,phases   ] GC(10) y: Concurrent Reset Relocation Set 0.004ms
[2026-06-26T13:33:42.380-0300][21.327s][10128][14572][info][gc,reloc    ] GC(10) y: Using tenuring threshold: 3 (Computed)
[2026-06-26T13:33:42.381-0300][21.328s][10128][14572][info][gc,phases   ] GC(10) y: Concurrent Select Relocation Set 0.984ms
[2026-06-26T13:33:42.381-0300][21.328s][10128][8556 ][info][gc,phases   ] GC(10) y: Pause Relocate Start 0.004ms
[2026-06-26T13:33:42.383-0300][21.332s][10128][14572][info][gc,phases   ] GC(10) y: Concurrent Relocate 3.304ms
[2026-06-26T13:33:42.383-0300][21.332s][10128][14572][info][gc,alloc    ] GC(10) y:                         Mark Start        Mark End      Relocate Start    Relocate End   
[2026-06-26T13:33:42.383-0300][21.332s][10128][14572][info][gc,alloc    ] GC(10) y: Allocation Stalls:          0                0                0                0         
[2026-06-26T13:33:42.383-0300][21.332s][10128][14572][info][gc,load     ] GC(10) y: Load: 0.00 (0%) / 0.00 (0%) / 0.00 (0%)
[2026-06-26T13:33:42.383-0300][21.332s][10128][14572][info][gc,mmu      ] GC(10) y: MMU: 2ms/98.9%, 5ms/99.5%, 10ms/99.7%, 20ms/99.8%, 50ms/99.9%, 100ms/99.9%
[2026-06-26T13:33:42.384-0300][21.332s][10128][14572][info][gc,marking  ] GC(10) y: Mark: 2 stripe(s), 3 proactive flush(es), 1 terminate flush(es), 0 completion(s), 0 continuation(s) 
[2026-06-26T13:33:42.384-0300][21.332s][10128][14572][info][gc,nmethod  ] GC(10) y: NMethods: 8323 registered, 1154 unregistered
[2026-06-26T13:33:42.384-0300][21.332s][10128][14572][info][gc,metaspace] GC(10) y: Metaspace: 56M used, 57M committed, 1088M reserved
[2026-06-26T13:33:42.384-0300][21.332s][10128][14572][info][gc,reloc    ] GC(10) y:                        Candidates     Selected     In-Place         Size        Empty    Relocated 
[2026-06-26T13:33:42.384-0300][21.332s][10128][14572][info][gc,reloc    ] GC(10) y: Small Pages:                   46           22            0          92M           0M           5M 
[2026-06-26T13:33:42.384-0300][21.332s][10128][14572][info][gc,reloc    ] GC(10) y: Medium Pages:                   2            1            0          64M           0M           1M 
[2026-06-26T13:33:42.384-0300][21.332s][10128][14572][info][gc,reloc    ] GC(10) y: Large Pages:                    0            0            0           0M           0M           0M 
[2026-06-26T13:33:42.384-0300][21.332s][10128][14572][info][gc,reloc    ] GC(10) y: Forwarding Usage: 1M
[2026-06-26T13:33:42.384-0300][21.332s][10128][14572][info][gc,reloc    ] GC(10) y: Age Table:
[2026-06-26T13:33:42.384-0300][21.332s][10128][14572][info][gc,reloc    ] GC(10) y:                    Live             Garbage             Small              Medium             Large        
[2026-06-26T13:33:42.384-0300][21.332s][10128][14572][info][gc,reloc    ] GC(10) y: Eden              23M (1%)           68M (2%)          30 / 17             1 / 1              0 / 0        
[2026-06-26T13:33:42.384-0300][21.332s][10128][14572][info][gc,reloc    ] GC(10) y: Survivor 1        17M (1%)           38M (1%)          12 / 3              1 / 0              0 / 0        
[2026-06-26T13:33:42.384-0300][21.332s][10128][14572][info][gc,reloc    ] GC(10) y: Survivor 2         4M (0%)            3M (0%)           4 / 2              0 / 0              0 / 0        
[2026-06-26T13:33:42.384-0300][21.332s][10128][14572][info][gc,heap     ] GC(10) y: Min Capacity: 8M(0%)
[2026-06-26T13:33:42.384-0300][21.332s][10128][14572][info][gc,heap     ] GC(10) y: Max Capacity: 3072M(100%)
[2026-06-26T13:33:42.384-0300][21.332s][10128][14572][info][gc,heap     ] GC(10) y: Soft Max Capacity: 3072M(100%)
[2026-06-26T13:33:42.384-0300][21.332s][10128][14572][info][gc,heap     ] GC(10) y: Heap Statistics:
[2026-06-26T13:33:42.384-0300][21.332s][10128][14572][info][gc,heap     ] GC(10) y:                Mark Start          Mark End        Relocate Start      Relocate End           High               Low         
[2026-06-26T13:33:42.384-0300][21.332s][10128][14572][info][gc,heap     ] GC(10) y:  Capacity:     2510M (82%)        2510M (82%)        2510M (82%)        2510M (82%)        2510M (82%)        2510M (82%)    
[2026-06-26T13:33:42.384-0300][21.332s][10128][14572][info][gc,heap     ] GC(10) y:      Free:     2454M (80%)        2440M (79%)        2440M (79%)        2464M (80%)        2466M (80%)        2376M (77%)    
[2026-06-26T13:33:42.384-0300][21.332s][10128][14572][info][gc,heap     ] GC(10) y:      Used:      618M (20%)         632M (21%)         632M (21%)         608M (20%)         696M (23%)         606M (20%)    
[2026-06-26T13:33:42.384-0300][21.332s][10128][14572][info][gc,heap     ] GC(10) y: Young Generation Statistics:
[2026-06-26T13:33:42.384-0300][21.332s][10128][14572][info][gc,heap     ] GC(10) y:                Mark Start          Mark End        Relocate Start      Relocate End    
[2026-06-26T13:33:42.384-0300][21.332s][10128][14572][info][gc,heap     ] GC(10) y:      Used:      156M (5%)          170M (6%)          170M (6%)          146M (5%)     
[2026-06-26T13:33:42.384-0300][21.332s][10128][14572][info][gc,heap     ] GC(10) y:      Live:         -                45M (1%)           45M (1%)           45M (1%)     
[2026-06-26T13:33:42.384-0300][21.332s][10128][14572][info][gc,heap     ] GC(10) y:   Garbage:         -               110M (4%)          110M (4%)            4M (0%)     
[2026-06-26T13:33:42.384-0300][21.332s][10128][14572][info][gc,heap     ] GC(10) y: Allocated:         -                14M (0%)           14M (0%)           96M (3%)     
[2026-06-26T13:33:42.384-0300][21.332s][10128][14572][info][gc,heap     ] GC(10) y: Reclaimed:         -                  -                 0M (0%)          106M (3%)     
[2026-06-26T13:33:42.384-0300][21.332s][10128][14572][info][gc,heap     ] GC(10) y:  Promoted:         -                  -                 0M (0%)            0M (0%)     
[2026-06-26T13:33:42.384-0300][21.332s][10128][14572][info][gc,heap     ] GC(10) y: Compacted:         -                  -                  -                11M (0%)     
[2026-06-26T13:33:42.384-0300][21.332s][10128][14572][info][gc,phases   ] GC(10) y: Young Generation 618M(20%)->608M(20%) 0.035s
[2026-06-26T13:33:42.384-0300][21.332s][10128][14572][info][gc          ] GC(10) Minor Collection (Allocation Rate) 618M(20%)->608M(20%) 0.035s
[2026-06-26T13:33:45.285-0300][24.233s][10128][14572][info][gc          ] GC(11) Minor Collection (Allocation Rate)
[2026-06-26T13:33:45.285-0300][24.233s][10128][14572][info][gc,task     ] GC(11) Using 3 Workers for Young Generation
[2026-06-26T13:33:45.285-0300][24.233s][10128][14572][info][gc,phases   ] GC(11) y: Young Generation
[2026-06-26T13:33:45.285-0300][24.233s][10128][8556 ][info][gc,phases   ] GC(11) y: Pause Mark Start 0.007ms
[2026-06-26T13:33:45.327-0300][24.275s][10128][14572][info][gc,phases   ] GC(11) y: Concurrent Mark 41.924ms
[2026-06-26T13:33:45.327-0300][24.275s][10128][8556 ][info][gc,phases   ] GC(11) y: Pause Mark End 0.011ms
[2026-06-26T13:33:45.327-0300][24.275s][10128][14572][info][gc,phases   ] GC(11) y: Concurrent Mark Free 0.002ms
[2026-06-26T13:33:45.327-0300][24.275s][10128][14572][info][gc,phases   ] GC(11) y: Concurrent Reset Relocation Set 0.002ms
[2026-06-26T13:33:45.327-0300][24.275s][10128][14572][info][gc,reloc    ] GC(11) y: Using tenuring threshold: 4 (Computed)
[2026-06-26T13:33:45.329-0300][24.277s][10128][14572][info][gc,phases   ] GC(11) y: Concurrent Select Relocation Set 1.578ms
[2026-06-26T13:33:45.329-0300][24.277s][10128][8556 ][info][gc,phases   ] GC(11) y: Pause Relocate Start 0.011ms
[2026-06-26T13:33:45.338-0300][24.286s][10128][14572][info][gc,phases   ] GC(11) y: Concurrent Relocate 8.818ms
[2026-06-26T13:33:45.338-0300][24.286s][10128][14572][info][gc,alloc    ] GC(11) y:                         Mark Start        Mark End      Relocate Start    Relocate End   
[2026-06-26T13:33:45.338-0300][24.286s][10128][14572][info][gc,alloc    ] GC(11) y: Allocation Stalls:          0                0                0                0         
[2026-06-26T13:33:45.338-0300][24.286s][10128][14572][info][gc,load     ] GC(11) y: Load: 0.00 (0%) / 0.00 (0%) / 0.00 (0%)
[2026-06-26T13:33:45.338-0300][24.286s][10128][14572][info][gc,mmu      ] GC(11) y: MMU: 2ms/98.9%, 5ms/99.5%, 10ms/99.7%, 20ms/99.8%, 50ms/99.9%, 100ms/99.9%
[2026-06-26T13:33:45.338-0300][24.286s][10128][14572][info][gc,marking  ] GC(11) y: Mark: 2 stripe(s), 3 proactive flush(es), 1 terminate flush(es), 0 completion(s), 0 continuation(s) 
[2026-06-26T13:33:45.338-0300][24.286s][10128][14572][info][gc,nmethod  ] GC(11) y: NMethods: 9477 registered, 1154 unregistered
[2026-06-26T13:33:45.338-0300][24.286s][10128][14572][info][gc,metaspace] GC(11) y: Metaspace: 60M used, 61M committed, 1088M reserved
[2026-06-26T13:33:45.338-0300][24.286s][10128][14572][info][gc,reloc    ] GC(11) y:                        Candidates     Selected     In-Place         Size        Empty    Relocated 
[2026-06-26T13:33:45.338-0300][24.286s][10128][14572][info][gc,reloc    ] GC(11) y: Small Pages:                  156          105            0         312M          10M          12M 
[2026-06-26T13:33:45.338-0300][24.286s][10128][14572][info][gc,reloc    ] GC(11) y: Medium Pages:                   3            2            0          96M           0M           2M 
[2026-06-26T13:33:45.338-0300][24.286s][10128][14572][info][gc,reloc    ] GC(11) y: Large Pages:                    0            0            0           0M           0M           0M 
[2026-06-26T13:33:45.338-0300][24.286s][10128][14572][info][gc,reloc    ] GC(11) y: Forwarding Usage: 6M
[2026-06-26T13:33:45.338-0300][24.286s][10128][14572][info][gc,reloc    ] GC(11) y: Age Table:
[2026-06-26T13:33:45.338-0300][24.286s][10128][14572][info][gc,reloc    ] GC(11) y:                    Live             Garbage             Small              Medium             Large        
[2026-06-26T13:33:45.338-0300][24.286s][10128][14572][info][gc,reloc    ] GC(11) y: Eden              36M (1%)          239M (8%)         122 / 98             1 / 0              0 / 0        
[2026-06-26T13:33:45.338-0300][24.286s][10128][14572][info][gc,reloc    ] GC(11) y: Survivor 1        23M (1%)           46M (2%)          19 / 5              1 / 1              0 / 0        
[2026-06-26T13:33:45.338-0300][24.286s][10128][14572][info][gc,reloc    ] GC(11) y: Survivor 2        17M (1%)           38M (1%)          12 / 2              1 / 1              0 / 0        
[2026-06-26T13:33:45.338-0300][24.286s][10128][14572][info][gc,reloc    ] GC(11) y: Survivor 3         4M (0%)            1M (0%)           3 / 0              0 / 0              0 / 0        
[2026-06-26T13:33:45.338-0300][24.286s][10128][14572][info][gc,heap     ] GC(11) y: Min Capacity: 8M(0%)
[2026-06-26T13:33:45.338-0300][24.286s][10128][14572][info][gc,heap     ] GC(11) y: Max Capacity: 3072M(100%)
[2026-06-26T13:33:45.338-0300][24.286s][10128][14572][info][gc,heap     ] GC(11) y: Soft Max Capacity: 3072M(100%)
[2026-06-26T13:33:45.338-0300][24.286s][10128][14572][info][gc,heap     ] GC(11) y: Heap Statistics:
[2026-06-26T13:33:45.338-0300][24.286s][10128][14572][info][gc,heap     ] GC(11) y:                Mark Start          Mark End        Relocate Start      Relocate End           High               Low         
[2026-06-26T13:33:45.338-0300][24.286s][10128][14572][info][gc,heap     ] GC(11) y:  Capacity:     2510M (82%)        2510M (82%)        2510M (82%)        2510M (82%)        2510M (82%)        2510M (82%)    
[2026-06-26T13:33:45.338-0300][24.286s][10128][14572][info][gc,heap     ] GC(11) y:      Free:     2202M (72%)        2190M (71%)        2198M (72%)        2374M (77%)        2374M (77%)        2094M (68%)    
[2026-06-26T13:33:45.338-0300][24.286s][10128][14572][info][gc,heap     ] GC(11) y:      Used:      870M (28%)         882M (29%)         874M (28%)         698M (23%)         978M (32%)         698M (23%)    
[2026-06-26T13:33:45.338-0300][24.286s][10128][14572][info][gc,heap     ] GC(11) y: Young Generation Statistics:
[2026-06-26T13:33:45.338-0300][24.286s][10128][14572][info][gc,heap     ] GC(11) y:                Mark Start          Mark End        Relocate Start      Relocate End    
[2026-06-26T13:33:45.338-0300][24.286s][10128][14572][info][gc,heap     ] GC(11) y:      Used:      408M (13%)         420M (14%)         412M (13%)         236M (8%)     
[2026-06-26T13:33:45.338-0300][24.286s][10128][14572][info][gc,heap     ] GC(11) y:      Live:         -                81M (3%)           81M (3%)           81M (3%)     
[2026-06-26T13:33:45.338-0300][24.286s][10128][14572][info][gc,heap     ] GC(11) y:   Garbage:         -               326M (11%)         316M (10%)          11M (0%)     
[2026-06-26T13:33:45.338-0300][24.286s][10128][14572][info][gc,heap     ] GC(11) y: Allocated:         -                12M (0%)           14M (0%)          143M (5%)     
[2026-06-26T13:33:45.338-0300][24.286s][10128][14572][info][gc,heap     ] GC(11) y: Reclaimed:         -                  -                10M (0%)          315M (10%)    
[2026-06-26T13:33:45.338-0300][24.286s][10128][14572][info][gc,heap     ] GC(11) y:  Promoted:         -                  -                 0M (0%)            0M (0%)     
[2026-06-26T13:33:45.338-0300][24.286s][10128][14572][info][gc,heap     ] GC(11) y: Compacted:         -                  -                  -                22M (1%)     
[2026-06-26T13:33:45.338-0300][24.286s][10128][14572][info][gc,phases   ] GC(11) y: Young Generation 870M(28%)->698M(23%) 0.053s
[2026-06-26T13:33:45.338-0300][24.286s][10128][14572][info][gc          ] GC(11) Minor Collection (Allocation Rate) 870M(28%)->698M(23%) 0.053s
[2026-06-26T13:33:47.645-0300][26.593s][10128][14572][info][gc          ] GC(12) Minor Collection (Allocation Rate)
[2026-06-26T13:33:47.645-0300][26.593s][10128][14572][info][gc,task     ] GC(12) Using 1 Workers for Young Generation
[2026-06-26T13:33:47.645-0300][26.593s][10128][14572][info][gc,phases   ] GC(12) y: Young Generation
[2026-06-26T13:33:47.645-0300][26.593s][10128][8556 ][info][gc,phases   ] GC(12) y: Pause Mark Start 0.018ms
[2026-06-26T13:33:47.905-0300][26.853s][10128][7116 ][info][gc,task     ] Adjusting Workers for Young Generation: 1 -> 3
[2026-06-26T13:33:47.955-0300][26.903s][10128][14572][info][gc,phases   ] GC(12) y: Concurrent Mark 309.786ms
[2026-06-26T13:33:47.955-0300][26.903s][10128][8556 ][info][gc,phases   ] GC(12) y: Pause Mark End 0.012ms
[2026-06-26T13:33:47.955-0300][26.903s][10128][14572][info][gc,phases   ] GC(12) y: Concurrent Mark Free 0.003ms
[2026-06-26T13:33:47.955-0300][26.903s][10128][14572][info][gc,phases   ] GC(12) y: Concurrent Reset Relocation Set 0.007ms
[2026-06-26T13:33:47.955-0300][26.903s][10128][12828][info][gc          ] Allocation Stall (MetaGridLoaderThread3) 10.590ms
[2026-06-26T13:33:47.955-0300][26.903s][10128][16484][info][gc          ] Allocation Stall (MetaGridLoaderThread5) 10.476ms
[2026-06-26T13:33:47.955-0300][26.903s][10128][13444][info][gc          ] Allocation Stall (MetaGridLoaderThread4) 11.130ms
[2026-06-26T13:33:47.955-0300][26.903s][10128][4568 ][info][gc          ] Allocation Stall (MetaGridLoaderThread2) 9.914ms
[2026-06-26T13:33:47.955-0300][26.903s][10128][4288 ][info][gc          ] Allocation Stall (GameLoadingThread) 7.208ms
[2026-06-26T13:33:47.955-0300][26.903s][10128][13760][info][gc          ] Allocation Stall (MetaGridLoaderThread1) 13.790ms
[2026-06-26T13:33:47.955-0300][26.903s][10128][17164][info][gc          ] Allocation Stall (MetaGridLoaderThread0) 11.669ms
[2026-06-26T13:33:47.955-0300][26.903s][10128][13560][info][gc          ] Allocation Stall (MetaGridLoaderThread7) 11.311ms
[2026-06-26T13:33:47.955-0300][26.903s][10128][13520][info][gc          ] Allocation Stall (MetaGridLoaderThread6) 11.555ms
[2026-06-26T13:33:47.955-0300][26.903s][10128][14572][info][gc,reloc    ] GC(12) y: Using tenuring threshold: 2 (Computed)
[2026-06-26T13:33:47.972-0300][26.919s][10128][14572][info][gc,phases   ] GC(12) y: Concurrent Select Relocation Set 16.217ms
[2026-06-26T13:33:47.972-0300][26.920s][10128][8556 ][info][gc,phases   ] GC(12) y: Pause Relocate Start 0.016ms
[2026-06-26T13:33:47.977-0300][26.925s][10128][4568 ][info][gc          ] Relocation Stall (MetaGridLoaderThread2) 0.725ms
[2026-06-26T13:33:47.977-0300][26.925s][10128][13560][info][gc          ] Relocation Stall (MetaGridLoaderThread7) 0.717ms
[2026-06-26T13:33:47.977-0300][26.925s][10128][16484][info][gc          ] Relocation Stall (MetaGridLoaderThread5) 0.726ms
[2026-06-26T13:33:47.977-0300][26.925s][10128][13760][info][gc          ] Relocation Stall (MetaGridLoaderThread1) 0.729ms
[2026-06-26T13:33:47.977-0300][26.925s][10128][17164][info][gc          ] Relocation Stall (MetaGridLoaderThread0) 1.589ms
[2026-06-26T13:33:47.977-0300][26.925s][10128][4568 ][info][gc          ] Allocation Stall (MetaGridLoaderThread2) 0.427ms
[2026-06-26T13:33:47.977-0300][26.925s][10128][13560][info][gc          ] Allocation Stall (MetaGridLoaderThread7) 0.377ms
[2026-06-26T13:33:47.977-0300][26.925s][10128][16484][info][gc          ] Allocation Stall (MetaGridLoaderThread5) 0.522ms
[2026-06-26T13:33:47.977-0300][26.925s][10128][13760][info][gc          ] Allocation Stall (MetaGridLoaderThread1) 0.530ms
[2026-06-26T13:33:48.042-0300][26.990s][10128][14572][info][gc,phases   ] GC(12) y: Concurrent Relocate 69.991ms
[2026-06-26T13:33:48.042-0300][26.990s][10128][14572][info][gc,alloc    ] GC(12) y:                         Mark Start        Mark End      Relocate Start    Relocate End   
[2026-06-26T13:33:48.042-0300][26.990s][10128][14572][info][gc,alloc    ] GC(12) y: Allocation Stalls:          0                9                0                0         
[2026-06-26T13:33:48.042-0300][26.990s][10128][14572][info][gc,load     ] GC(12) y: Load: 0.00 (0%) / 0.00 (0%) / 0.00 (0%)
[2026-06-26T13:33:48.042-0300][26.990s][10128][14572][info][gc,mmu      ] GC(12) y: MMU: 2ms/98.9%, 5ms/99.5%, 10ms/99.7%, 20ms/99.8%, 50ms/99.9%, 100ms/99.9%
[2026-06-26T13:33:48.042-0300][26.990s][10128][14572][info][gc,marking  ] GC(12) y: Mark: 1 stripe(s), 10 proactive flush(es), 1 terminate flush(es), 0 completion(s), 0 continuation(s) 
[2026-06-26T13:33:48.042-0300][26.990s][10128][14572][info][gc,nmethod  ] GC(12) y: NMethods: 10513 registered, 0 unregistered
[2026-06-26T13:33:48.042-0300][26.990s][10128][14572][info][gc,metaspace] GC(12) y: Metaspace: 61M used, 62M committed, 1088M reserved
[2026-06-26T13:33:48.042-0300][26.990s][10128][14572][info][gc,reloc    ] GC(12) y:                        Candidates     Selected     In-Place         Size        Empty    Relocated 
[2026-06-26T13:33:48.042-0300][26.990s][10128][14572][info][gc,reloc    ] GC(12) y: Small Pages:                  593          390            1        1186M         176M          68M 
[2026-06-26T13:33:48.042-0300][26.990s][10128][14572][info][gc,reloc    ] GC(12) y: Medium Pages:                   4            3            2         128M           0M           4M 
[2026-06-26T13:33:48.042-0300][26.990s][10128][14572][info][gc,reloc    ] GC(12) y: Large Pages:                    0            0            0           0M           0M           0M 
[2026-06-26T13:33:48.042-0300][26.990s][10128][14572][info][gc,reloc    ] GC(12) y: Forwarding Usage: 47M
[2026-06-26T13:33:48.042-0300][26.990s][10128][14572][info][gc,reloc    ] GC(12) y: Age Table:
[2026-06-26T13:33:48.042-0300][26.990s][10128][14572][info][gc,reloc    ] GC(12) y:                    Live             Garbage             Small              Medium             Large        
[2026-06-26T13:33:48.042-0300][26.990s][10128][14572][info][gc,reloc    ] GC(12) y: Eden             120M (4%)          977M (32%)        533 / 378            1 / 1              0 / 0        
[2026-06-26T13:33:48.042-0300][26.990s][10128][14572][info][gc,reloc    ] GC(12) y: Survivor 1        36M (1%)           53M (2%)          29 / 7              1 / 0              0 / 0        
[2026-06-26T13:33:48.042-0300][26.990s][10128][14572][info][gc,reloc    ] GC(12) y: Survivor 2        23M (1%)           44M (1%)          18 / 4              1 / 1              0 / 0        
[2026-06-26T13:33:48.042-0300][26.990s][10128][14572][info][gc,reloc    ] GC(12) y: Survivor 3        17M (1%)           34M (1%)          10 / 0              1 / 1              0 / 0        
[2026-06-26T13:33:48.042-0300][26.990s][10128][14572][info][gc,reloc    ] GC(12) y: Survivor 4         4M (0%)            1M (0%)           3 / 1              0 / 0              0 / 0        
[2026-06-26T13:33:48.042-0300][26.990s][10128][14572][info][gc,heap     ] GC(12) y: Min Capacity: 8M(0%)
[2026-06-26T13:33:48.042-0300][26.990s][10128][14572][info][gc,heap     ] GC(12) y: Max Capacity: 3072M(100%)
[2026-06-26T13:33:48.042-0300][26.990s][10128][14572][info][gc,heap     ] GC(12) y: Soft Max Capacity: 3072M(100%)
[2026-06-26T13:33:48.042-0300][26.990s][10128][14572][info][gc,heap     ] GC(12) y: Heap Statistics:
[2026-06-26T13:33:48.042-0300][26.990s][10128][14572][info][gc,heap     ] GC(12) y:                Mark Start          Mark End        Relocate Start      Relocate End           High               Low         
[2026-06-26T13:33:48.042-0300][26.990s][10128][14572][info][gc,heap     ] GC(12) y:  Capacity:     2510M (82%)        3072M (100%)       3072M (100%)       3072M (100%)       3072M (100%)       2510M (82%)    
[2026-06-26T13:33:48.042-0300][26.990s][10128][14572][info][gc,heap     ] GC(12) y:      Free:     1296M (42%)           0M (0%)           78M (3%)          510M (17%)        1296M (42%)           0M (0%)     
[2026-06-26T13:33:48.042-0300][26.990s][10128][14572][info][gc,heap     ] GC(12) y:      Used:     1776M (58%)        3072M (100%)       2994M (97%)        2562M (83%)        3072M (100%)       1776M (58%)    
[2026-06-26T13:33:48.042-0300][26.990s][10128][14572][info][gc,heap     ] GC(12) y: Young Generation Statistics:
[2026-06-26T13:33:48.042-0300][26.990s][10128][14572][info][gc,heap     ] GC(12) y:                Mark Start          Mark End        Relocate Start      Relocate End    
[2026-06-26T13:33:48.042-0300][26.990s][10128][14572][info][gc,heap     ] GC(12) y:      Used:     1314M (43%)        2610M (85%)        2486M (81%)        2016M (66%)    
[2026-06-26T13:33:48.042-0300][26.990s][10128][14572][info][gc,heap     ] GC(12) y:      Live:         -               202M (7%)          161M (5%)          157M (5%)     
[2026-06-26T13:33:48.042-0300][26.990s][10128][14572][info][gc,heap     ] GC(12) y:   Garbage:         -              1111M (36%)         930M (30%)          13M (0%)     
[2026-06-26T13:33:48.042-0300][26.990s][10128][14572][info][gc,heap     ] GC(12) y: Allocated:         -              1296M (42%)        1394M (45%)        1845M (60%)    
[2026-06-26T13:33:48.042-0300][26.990s][10128][14572][info][gc,heap     ] GC(12) y: Reclaimed:         -                  -               180M (6%)         1098M (36%)    
[2026-06-26T13:33:48.042-0300][26.990s][10128][14572][info][gc,heap     ] GC(12) y:  Promoted:         -                  -                41M (1%)           45M (1%)     
[2026-06-26T13:33:48.042-0300][26.990s][10128][14572][info][gc,heap     ] GC(12) y: Compacted:         -                  -                  -               100M (3%)     
[2026-06-26T13:33:48.042-0300][26.990s][10128][14572][info][gc,phases   ] GC(12) y: Young Generation 1776M(58%)->2562M(83%) 0.397s
[2026-06-26T13:33:48.042-0300][26.990s][10128][14572][info][gc          ] GC(12) Minor Collection (Allocation Rate) 1774M(58%)->2566M(84%) 0.397s
[2026-06-26T13:33:48.042-0300][26.990s][10128][14572][info][gc          ] GC(13) Minor Collection (Allocation Rate)
[2026-06-26T13:33:48.042-0300][26.990s][10128][14572][info][gc,task     ] GC(13) Using 3 Workers for Young Generation
[2026-06-26T13:33:48.042-0300][26.990s][10128][14572][info][gc,phases   ] GC(13) y: Young Generation
[2026-06-26T13:33:48.042-0300][26.990s][10128][8556 ][info][gc,phases   ] GC(13) y: Pause Mark Start 0.018ms
[2026-06-26T13:33:48.221-0300][27.169s][10128][14572][info][gc,phases   ] GC(13) y: Concurrent Mark 178.350ms
[2026-06-26T13:33:48.221-0300][27.169s][10128][8556 ][info][gc,phases   ] GC(13) y: Pause Mark End 0.014ms
[2026-06-26T13:33:48.221-0300][27.169s][10128][14572][info][gc,phases   ] GC(13) y: Concurrent Mark Free 0.004ms
[2026-06-26T13:33:48.222-0300][27.169s][10128][14572][info][gc,phases   ] GC(13) y: Concurrent Reset Relocation Set 0.075ms
[2026-06-26T13:33:48.222-0300][27.169s][10128][4288 ][info][gc          ] Allocation Stall (GameLoadingThread) 81.751ms
[2026-06-26T13:33:48.222-0300][27.169s][10128][13736][info][gc          ] Allocation Stall (pool-1-thread-3) 30.737ms
[2026-06-26T13:33:48.222-0300][27.169s][10128][772  ][info][gc          ] Allocation Stall (pool-1-thread-4) 30.715ms
[2026-06-26T13:33:48.222-0300][27.169s][10128][3256 ][info][gc          ] Allocation Stall (pool-1-thread-2) 30.711ms
[2026-06-26T13:33:48.222-0300][27.169s][10128][6528 ][info][gc          ] Allocation Stall (pool-1-thread-1) 30.702ms
[2026-06-26T13:33:48.222-0300][27.169s][10128][13020][info][gc          ] Allocation Stall (main) 30.603ms
[2026-06-26T13:33:48.222-0300][27.169s][10128][13760][info][gc          ] Allocation Stall (MetaGridLoaderThread1) 86.916ms
[2026-06-26T13:33:48.222-0300][27.169s][10128][17164][info][gc          ] Allocation Stall (MetaGridLoaderThread0) 86.713ms
[2026-06-26T13:33:48.222-0300][27.169s][10128][4568 ][info][gc          ] Allocation Stall (MetaGridLoaderThread2) 86.616ms
[2026-06-26T13:33:48.222-0300][27.169s][10128][13560][info][gc          ] Allocation Stall (MetaGridLoaderThread7) 86.435ms
[2026-06-26T13:33:48.222-0300][27.169s][10128][12828][info][gc          ] Allocation Stall (MetaGridLoaderThread3) 85.785ms
[2026-06-26T13:33:48.222-0300][27.169s][10128][13520][info][gc          ] Allocation Stall (MetaGridLoaderThread6) 85.642ms
[2026-06-26T13:33:48.222-0300][27.169s][10128][13444][info][gc          ] Allocation Stall (MetaGridLoaderThread4) 85.103ms
[2026-06-26T13:33:48.222-0300][27.169s][10128][14572][info][gc,reloc    ] GC(13) y: Using tenuring threshold: 1 (Computed)
[2026-06-26T13:33:48.222-0300][27.169s][10128][16484][info][gc          ] Allocation Stall (MetaGridLoaderThread5) 85.027ms
[2026-06-26T13:33:48.262-0300][27.209s][10128][14572][info][gc,phases   ] GC(13) y: Concurrent Select Relocation Set 40.218ms
[2026-06-26T13:33:48.262-0300][27.209s][10128][8556 ][info][gc,phases   ] GC(13) y: Pause Relocate Start 0.014ms
[2026-06-26T13:33:48.262-0300][27.210s][10128][17164][info][gc          ] Allocation Stall (MetaGridLoaderThread0) 9.922ms
[2026-06-26T13:33:48.262-0300][27.210s][10128][4400 ][info][gc          ] Allocation Stall (C1 CompilerThread0) 9.053ms
[2026-06-26T13:33:48.262-0300][27.210s][10128][13444][info][gc          ] Relocation Stall (MetaGridLoaderThread4) 0.177ms
[2026-06-26T13:33:48.262-0300][27.210s][10128][13560][info][gc          ] Allocation Stall (MetaGridLoaderThread7) 9.006ms
[2026-06-26T13:33:48.262-0300][27.210s][10128][13760][info][gc          ] Relocation Stall (MetaGridLoaderThread1) 0.224ms
[2026-06-26T13:33:48.262-0300][27.210s][10128][12828][info][gc          ] Allocation Stall (MetaGridLoaderThread3) 8.726ms
[2026-06-26T13:33:48.262-0300][27.210s][10128][13444][info][gc          ] Relocation Stall (MetaGridLoaderThread4) 0.088ms
[2026-06-26T13:33:48.263-0300][27.210s][10128][13760][info][gc          ] Relocation Stall (MetaGridLoaderThread1) 0.112ms
[2026-06-26T13:33:48.263-0300][27.210s][10128][13760][info][gc          ] Allocation Stall (MetaGridLoaderThread1) 9.625ms
[2026-06-26T13:33:48.263-0300][27.211s][10128][12828][info][gc          ] Allocation Stall (MetaGridLoaderThread3) 0.361ms
[2026-06-26T13:33:48.263-0300][27.211s][10128][13444][info][gc          ] Relocation Stall (MetaGridLoaderThread4) 0.582ms
[2026-06-26T13:33:48.263-0300][27.211s][10128][13760][info][gc          ] Allocation Stall (MetaGridLoaderThread1) 0.262ms
[2026-06-26T13:33:48.263-0300][27.211s][10128][6528 ][info][gc          ] Relocation Stall (pool-1-thread-1) 0.650ms
[2026-06-26T13:33:48.263-0300][27.211s][10128][13736][info][gc          ] Relocation Stall (pool-1-thread-3) 0.489ms
[2026-06-26T13:33:48.263-0300][27.211s][10128][4568 ][info][gc          ] Relocation Stall (MetaGridLoaderThread2) 0.761ms
[2026-06-26T13:33:48.263-0300][27.211s][10128][4568 ][info][gc          ] Allocation Stall (MetaGridLoaderThread2) 9.156ms
[2026-06-26T13:33:48.263-0300][27.211s][10128][12828][info][gc          ] Allocation Stall (MetaGridLoaderThread3) 0.183ms
[2026-06-26T13:33:48.263-0300][27.211s][10128][13520][info][gc          ] Relocation Stall (MetaGridLoaderThread6) 1.708ms
[2026-06-26T13:33:48.263-0300][27.211s][10128][13520][info][gc          ] Allocation Stall (MetaGridLoaderThread6) 11.420ms
[2026-06-26T13:33:48.264-0300][27.213s][10128][13444][info][gc          ] Relocation Stall (MetaGridLoaderThread4) 1.872ms
[2026-06-26T13:33:48.264-0300][27.213s][10128][16484][info][gc          ] Relocation Stall (MetaGridLoaderThread5) 2.544ms
[2026-06-26T13:33:48.264-0300][27.213s][10128][13444][info][gc          ] Allocation Stall (MetaGridLoaderThread4) 12.733ms
[2026-06-26T13:33:48.265-0300][27.213s][10128][16484][info][gc          ] Allocation Stall (MetaGridLoaderThread5) 11.083ms
[2026-06-26T13:33:48.359-0300][27.307s][10128][14572][info][gc,phases   ] GC(13) y: Concurrent Relocate 97.837ms
[2026-06-26T13:33:48.359-0300][27.307s][10128][14572][info][gc,alloc    ] GC(13) y:                         Mark Start        Mark End      Relocate Start    Relocate End   
[2026-06-26T13:33:48.359-0300][27.307s][10128][14572][info][gc,alloc    ] GC(13) y: Allocation Stalls:          0                14               9                0         
[2026-06-26T13:33:48.359-0300][27.307s][10128][14572][info][gc,load     ] GC(13) y: Load: 0.00 (0%) / 0.00 (0%) / 0.00 (0%)
[2026-06-26T13:33:48.359-0300][27.307s][10128][14572][info][gc,mmu      ] GC(13) y: MMU: 2ms/98.9%, 5ms/99.5%, 10ms/99.7%, 20ms/99.8%, 50ms/99.9%, 100ms/99.9%
[2026-06-26T13:33:48.359-0300][27.307s][10128][14572][info][gc,marking  ] GC(13) y: Mark: 2 stripe(s), 2 proactive flush(es), 1 terminate flush(es), 0 completion(s), 0 continuation(s) 
[2026-06-26T13:33:48.359-0300][27.308s][10128][14572][info][gc,nmethod  ] GC(13) y: NMethods: 10569 registered, 0 unregistered
[2026-06-26T13:33:48.359-0300][27.308s][10128][14572][info][gc,metaspace] GC(13) y: Metaspace: 61M used, 62M committed, 1088M reserved
[2026-06-26T13:33:48.359-0300][27.308s][10128][14572][info][gc,reloc    ] GC(13) y:                        Candidates     Selected     In-Place         Size        Empty    Relocated 
[2026-06-26T13:33:48.359-0300][27.308s][10128][14572][info][gc,reloc    ] GC(13) y: Small Pages:                  964          755            3        1928M         200M          34M 
[2026-06-26T13:33:48.359-0300][27.308s][10128][14572][info][gc,reloc    ] GC(13) y: Medium Pages:                   3            2            2          96M           0M           2M 
[2026-06-26T13:33:48.359-0300][27.308s][10128][14572][info][gc,reloc    ] GC(13) y: Large Pages:                    0            0            0           0M           0M           0M 
[2026-06-26T13:33:48.359-0300][27.308s][10128][14572][info][gc,reloc    ] GC(13) y: Forwarding Usage: 19M
[2026-06-26T13:33:48.359-0300][27.308s][10128][14572][info][gc,reloc    ] GC(13) y: Age Table:
[2026-06-26T13:33:48.359-0300][27.308s][10128][14572][info][gc,reloc    ] GC(13) y:                    Live             Garbage             Small              Medium             Large        
[2026-06-26T13:33:48.359-0300][27.308s][10128][14572][info][gc,reloc    ] GC(13) y: Eden              43M (1%)         1718M (56%)        865 / 740            1 / 0              0 / 0        
[2026-06-26T13:33:48.359-0300][27.308s][10128][14572][info][gc,reloc    ] GC(13) y: Survivor 1       120M (4%)           61M (2%)          75 / 12             1 / 1              0 / 0        
[2026-06-26T13:33:48.359-0300][27.308s][10128][14572][info][gc,reloc    ] GC(13) y: Survivor 2        36M (1%)           43M (1%)          24 / 3              1 / 1              0 / 0        
[2026-06-26T13:33:48.359-0300][27.308s][10128][14572][info][gc,heap     ] GC(13) y: Min Capacity: 8M(0%)
[2026-06-26T13:33:48.359-0300][27.308s][10128][14572][info][gc,heap     ] GC(13) y: Max Capacity: 3072M(100%)
[2026-06-26T13:33:48.359-0300][27.308s][10128][14572][info][gc,heap     ] GC(13) y: Soft Max Capacity: 3072M(100%)
[2026-06-26T13:33:48.359-0300][27.308s][10128][14572][info][gc,heap     ] GC(13) y: Heap Statistics:
[2026-06-26T13:33:48.359-0300][27.308s][10128][14572][info][gc,heap     ] GC(13) y:                Mark Start          Mark End        Relocate Start      Relocate End           High               Low         
[2026-06-26T13:33:48.359-0300][27.308s][10128][14572][info][gc,heap     ] GC(13) y:  Capacity:     3072M (100%)       3072M (100%)       3072M (100%)       3072M (100%)       3072M (100%)       3072M (100%)   
[2026-06-26T13:33:48.359-0300][27.308s][10128][14572][info][gc,heap     ] GC(13) y:      Free:      502M (16%)           0M (0%)            0M (0%)         1028M (33%)        1408M (46%)           0M (0%)     
[2026-06-26T13:33:48.359-0300][27.308s][10128][14572][info][gc,heap     ] GC(13) y:      Used:     2570M (84%)        3072M (100%)       3072M (100%)       2044M (67%)        3072M (100%)       1664M (54%)    
[2026-06-26T13:33:48.359-0300][27.308s][10128][14572][info][gc,heap     ] GC(13) y: Young Generation Statistics:
[2026-06-26T13:33:48.359-0300][27.308s][10128][14572][info][gc,heap     ] GC(13) y:                Mark Start          Mark End        Relocate Start      Relocate End    
[2026-06-26T13:33:48.359-0300][27.308s][10128][14572][info][gc,heap     ] GC(13) y:      Used:     2024M (66%)        2526M (82%)        2364M (77%)        1294M (42%)    
[2026-06-26T13:33:48.359-0300][27.308s][10128][14572][info][gc,heap     ] GC(13) y:      Live:         -               199M (7%)           51M (2%)           43M (1%)     
[2026-06-26T13:33:48.359-0300][27.308s][10128][14572][info][gc,heap     ] GC(13) y:   Garbage:         -              1824M (59%)        1610M (52%)           0M (0%)     
[2026-06-26T13:33:48.359-0300][27.308s][10128][14572][info][gc,heap     ] GC(13) y: Allocated:         -               502M (16%)         702M (23%)        1250M (41%)    
[2026-06-26T13:33:48.359-0300][27.308s][10128][14572][info][gc,heap     ] GC(13) y: Reclaimed:         -                  -               213M (7%)         1824M (59%)    
[2026-06-26T13:33:48.359-0300][27.308s][10128][14572][info][gc,heap     ] GC(13) y:  Promoted:         -                  -               148M (5%)          156M (5%)     
[2026-06-26T13:33:48.359-0300][27.308s][10128][14572][info][gc,heap     ] GC(13) y: Compacted:         -                  -                  -                43M (1%)     
[2026-06-26T13:33:48.359-0300][27.308s][10128][14572][info][gc,phases   ] GC(13) y: Young Generation 2570M(84%)->2044M(67%) 0.317s
[2026-06-26T13:33:48.359-0300][27.308s][10128][14572][info][gc          ] GC(13) Minor Collection (Allocation Rate) 2570M(84%)->2048M(67%) 0.318s
[2026-06-26T13:33:48.359-0300][27.308s][10128][14572][info][gc          ] GC(14) Minor Collection (Allocation Rate)
[2026-06-26T13:33:48.359-0300][27.308s][10128][14572][info][gc,task     ] GC(14) Using 3 Workers for Young Generation
[2026-06-26T13:33:48.359-0300][27.308s][10128][14572][info][gc,phases   ] GC(14) y: Young Generation
[2026-06-26T13:33:48.359-0300][27.308s][10128][8556 ][info][gc,phases   ] GC(14) y: Pause Mark Start 0.018ms
[2026-06-26T13:33:48.432-0300][27.379s][10128][14572][info][gc,phases   ] GC(14) y: Concurrent Mark 71.258ms
[2026-06-26T13:33:48.432-0300][27.380s][10128][8556 ][info][gc,phases   ] GC(14) y: Pause Mark End 0.021ms
[2026-06-26T13:33:48.432-0300][27.380s][10128][14572][info][gc,phases   ] GC(14) y: Concurrent Mark Free 0.009ms
[2026-06-26T13:33:48.432-0300][27.380s][10128][14572][info][gc,phases   ] GC(14) y: Concurrent Reset Relocation Set 0.200ms
[2026-06-26T13:33:48.432-0300][27.380s][10128][14572][info][gc,reloc    ] GC(14) y: Using tenuring threshold: 1 (Computed)
[2026-06-26T13:33:48.445-0300][27.394s][10128][14572][info][gc,phases   ] GC(14) y: Concurrent Select Relocation Set 13.632ms
[2026-06-26T13:33:48.445-0300][27.394s][10128][8556 ][info][gc,phases   ] GC(14) y: Pause Relocate Start 0.017ms
[2026-06-26T13:33:48.471-0300][27.419s][10128][14572][info][gc,phases   ] GC(14) y: Concurrent Relocate 25.135ms
[2026-06-26T13:33:48.471-0300][27.419s][10128][14572][info][gc,alloc    ] GC(14) y:                         Mark Start        Mark End      Relocate Start    Relocate End   
[2026-06-26T13:33:48.471-0300][27.419s][10128][14572][info][gc,alloc    ] GC(14) y: Allocation Stalls:          0                0                0                0         
[2026-06-26T13:33:48.471-0300][27.419s][10128][14572][info][gc,load     ] GC(14) y: Load: 0.00 (0%) / 0.00 (0%) / 0.00 (0%)
[2026-06-26T13:33:48.471-0300][27.419s][10128][14572][info][gc,mmu      ] GC(14) y: MMU: 2ms/98.9%, 5ms/99.5%, 10ms/99.7%, 20ms/99.8%, 50ms/99.9%, 100ms/99.9%
[2026-06-26T13:33:48.471-0300][27.419s][10128][14572][info][gc,marking  ] GC(14) y: Mark: 2 stripe(s), 2 proactive flush(es), 1 terminate flush(es), 0 completion(s), 0 continuation(s) 
[2026-06-26T13:33:48.471-0300][27.419s][10128][14572][info][gc,nmethod  ] GC(14) y: NMethods: 10637 registered, 0 unregistered
[2026-06-26T13:33:48.471-0300][27.419s][10128][14572][info][gc,metaspace] GC(14) y: Metaspace: 61M used, 62M committed, 1088M reserved
[2026-06-26T13:33:48.471-0300][27.419s][10128][14572][info][gc,reloc    ] GC(14) y:                        Candidates     Selected     In-Place         Size        Empty    Relocated 
[2026-06-26T13:33:48.471-0300][27.419s][10128][14572][info][gc,reloc    ] GC(14) y: Small Pages:                  634          536            0        1268M         140M           9M 
[2026-06-26T13:33:48.471-0300][27.419s][10128][14572][info][gc,reloc    ] GC(14) y: Medium Pages:                   1            0            0          32M           0M           0M 
[2026-06-26T13:33:48.471-0300][27.419s][10128][14572][info][gc,reloc    ] GC(14) y: Large Pages:                    0            0            0           0M           0M           0M 
[2026-06-26T13:33:48.472-0300][27.419s][10128][14572][info][gc,reloc    ] GC(14) y: Forwarding Usage: 2M
[2026-06-26T13:33:48.472-0300][27.419s][10128][14572][info][gc,reloc    ] GC(14) y: Age Table:
[2026-06-26T13:33:48.472-0300][27.419s][10128][14572][info][gc,reloc    ] GC(14) y:                    Live             Garbage             Small              Medium             Large        
[2026-06-26T13:33:48.472-0300][27.419s][10128][14572][info][gc,reloc    ] GC(14) y: Eden              10M (0%)         1195M (39%)        603 / 527            0 / 0              0 / 0        
[2026-06-26T13:33:48.472-0300][27.419s][10128][14572][info][gc,reloc    ] GC(14) y: Survivor 1        43M (1%)           50M (2%)          31 / 9              1 / 0              0 / 0        
[2026-06-26T13:33:48.472-0300][27.419s][10128][14572][info][gc,heap     ] GC(14) y: Min Capacity: 8M(0%)
[2026-06-26T13:33:48.472-0300][27.419s][10128][14572][info][gc,heap     ] GC(14) y: Max Capacity: 3072M(100%)
[2026-06-26T13:33:48.472-0300][27.419s][10128][14572][info][gc,heap     ] GC(14) y: Soft Max Capacity: 3072M(100%)
[2026-06-26T13:33:48.472-0300][27.419s][10128][14572][info][gc,heap     ] GC(14) y: Heap Statistics:
[2026-06-26T13:33:48.472-0300][27.419s][10128][14572][info][gc,heap     ] GC(14) y:                Mark Start          Mark End        Relocate Start      Relocate End           High               Low         
[2026-06-26T13:33:48.472-0300][27.419s][10128][14572][info][gc,heap     ] GC(14) y:  Capacity:     3072M (100%)       3072M (100%)       3072M (100%)       3072M (100%)       3072M (100%)       3072M (100%)   
[2026-06-26T13:33:48.472-0300][27.419s][10128][14572][info][gc,heap     ] GC(14) y:      Free:     1022M (33%)         552M (18%)         586M (19%)        1560M (51%)        1624M (53%)         548M (18%)    
[2026-06-26T13:33:48.472-0300][27.419s][10128][14572][info][gc,heap     ] GC(14) y:      Used:     2050M (67%)        2520M (82%)        2486M (81%)        1512M (49%)        2524M (82%)        1448M (47%)    
[2026-06-26T13:33:48.472-0300][27.419s][10128][14572][info][gc,heap     ] GC(14) y: Young Generation Statistics:
[2026-06-26T13:33:48.472-0300][27.420s][10128][14572][info][gc,heap     ] GC(14) y:                Mark Start          Mark End        Relocate Start      Relocate End    
[2026-06-26T13:33:48.472-0300][27.420s][10128][14572][info][gc,heap     ] GC(14) y:      Used:     1300M (42%)        1770M (58%)        1662M (54%)         680M (22%)    
[2026-06-26T13:33:48.472-0300][27.420s][10128][14572][info][gc,heap     ] GC(14) y:      Live:         -                53M (2%)           11M (0%)           10M (0%)     
[2026-06-26T13:33:48.472-0300][27.420s][10128][14572][info][gc,heap     ] GC(14) y:   Garbage:         -              1246M (41%)        1074M (35%)           0M (0%)     
[2026-06-26T13:33:48.472-0300][27.420s][10128][14572][info][gc,heap     ] GC(14) y: Allocated:         -               470M (15%)         576M (19%)         668M (22%)    
[2026-06-26T13:33:48.472-0300][27.420s][10128][14572][info][gc,heap     ] GC(14) y: Reclaimed:         -                  -               171M (6%)         1245M (41%)    
[2026-06-26T13:33:48.472-0300][27.420s][10128][14572][info][gc,heap     ] GC(14) y:  Promoted:         -                  -                42M (1%)           43M (1%)     
[2026-06-26T13:33:48.472-0300][27.420s][10128][14572][info][gc,heap     ] GC(14) y: Compacted:         -                  -                  -                 9M (0%)     
[2026-06-26T13:33:48.472-0300][27.420s][10128][14572][info][gc,phases   ] GC(14) y: Young Generation 2050M(67%)->1512M(49%) 0.111s
[2026-06-26T13:33:48.472-0300][27.420s][10128][14572][info][gc          ] GC(14) Minor Collection (Allocation Rate) 2050M(67%)->1514M(49%) 0.112s
[2026-06-26T13:33:48.472-0300][27.420s][10128][14572][info][gc          ] GC(15) Minor Collection (Allocation Rate)
[2026-06-26T13:33:48.472-0300][27.420s][10128][14572][info][gc,task     ] GC(15) Using 3 Workers for Young Generation
[2026-06-26T13:33:48.472-0300][27.420s][10128][14572][info][gc,phases   ] GC(15) y: Young Generation
[2026-06-26T13:33:48.472-0300][27.420s][10128][8556 ][info][gc,phases   ] GC(15) y: Pause Mark Start 0.014ms
[2026-06-26T13:33:48.492-0300][27.439s][10128][14572][info][gc,phases   ] GC(15) y: Concurrent Mark 19.245ms
[2026-06-26T13:33:48.492-0300][27.439s][10128][8556 ][info][gc,phases   ] GC(15) y: Pause Mark End 0.020ms
[2026-06-26T13:33:48.492-0300][27.439s][10128][14572][info][gc,phases   ] GC(15) y: Concurrent Mark Free 0.008ms
[2026-06-26T13:33:48.492-0300][27.440s][10128][14572][info][gc,phases   ] GC(15) y: Concurrent Reset Relocation Set 0.210ms
[2026-06-26T13:33:48.492-0300][27.440s][10128][14572][info][gc,reloc    ] GC(15) y: Using tenuring threshold: 2 (Computed)
[2026-06-26T13:33:48.492-0300][27.440s][10128][14572][info][gc,phases   ] GC(15) y: Concurrent Select Relocation Set 0.515ms
[2026-06-26T13:33:48.492-0300][27.440s][10128][8556 ][info][gc,phases   ] GC(15) y: Pause Relocate Start 0.007ms
[2026-06-26T13:33:48.497-0300][27.445s][10128][14572][info][gc,phases   ] GC(15) y: Concurrent Relocate 4.891ms
[2026-06-26T13:33:48.497-0300][27.445s][10128][14572][info][gc,alloc    ] GC(15) y:                         Mark Start        Mark End      Relocate Start    Relocate End   
[2026-06-26T13:33:48.497-0300][27.445s][10128][14572][info][gc,alloc    ] GC(15) y: Allocation Stalls:          0                0                0                0         
[2026-06-26T13:33:48.497-0300][27.445s][10128][14572][info][gc,load     ] GC(15) y: Load: 0.00 (0%) / 0.00 (0%) / 0.00 (0%)
[2026-06-26T13:33:48.497-0300][27.445s][10128][14572][info][gc,mmu      ] GC(15) y: MMU: 2ms/98.6%, 5ms/99.5%, 10ms/99.7%, 20ms/99.8%, 50ms/99.9%, 100ms/99.9%
[2026-06-26T13:33:48.497-0300][27.445s][10128][14572][info][gc,marking  ] GC(15) y: Mark: 2 stripe(s), 2 proactive flush(es), 1 terminate flush(es), 0 completion(s), 0 continuation(s) 
[2026-06-26T13:33:48.497-0300][27.445s][10128][14572][info][gc,nmethod  ] GC(15) y: NMethods: 10647 registered, 0 unregistered
[2026-06-26T13:33:48.497-0300][27.445s][10128][14572][info][gc,metaspace] GC(15) y: Metaspace: 61M used, 62M committed, 1088M reserved
[2026-06-26T13:33:48.497-0300][27.445s][10128][14572][info][gc,reloc    ] GC(15) y:                        Candidates     Selected     In-Place         Size        Empty    Relocated 
[2026-06-26T13:33:48.497-0300][27.445s][10128][14572][info][gc,reloc    ] GC(15) y: Small Pages:                  344          292            0         688M          84M           7M 
[2026-06-26T13:33:48.497-0300][27.445s][10128][14572][info][gc,reloc    ] GC(15) y: Medium Pages:                   0            0            0           0M           0M           0M 
[2026-06-26T13:33:48.497-0300][27.445s][10128][14572][info][gc,reloc    ] GC(15) y: Large Pages:                    0            0            0           0M           0M           0M 
[2026-06-26T13:33:48.497-0300][27.445s][10128][14572][info][gc,reloc    ] GC(15) y: Forwarding Usage: 2M
[2026-06-26T13:33:48.497-0300][27.445s][10128][14572][info][gc,reloc    ] GC(15) y: Age Table:
[2026-06-26T13:33:48.497-0300][27.445s][10128][14572][info][gc,reloc    ] GC(15) y:                    Live             Garbage             Small              Medium             Large        
[2026-06-26T13:33:48.497-0300][27.446s][10128][14572][info][gc,reloc    ] GC(15) y: Eden               6M (0%)          661M (22%)        334 / 288            0 / 0              0 / 0        
[2026-06-26T13:33:48.497-0300][27.446s][10128][14572][info][gc,reloc    ] GC(15) y: Survivor 1        10M (0%)            9M (0%)          10 / 4              0 / 0              0 / 0        
[2026-06-26T13:33:48.497-0300][27.446s][10128][14572][info][gc,heap     ] GC(15) y: Min Capacity: 8M(0%)
[2026-06-26T13:33:48.497-0300][27.446s][10128][14572][info][gc,heap     ] GC(15) y: Max Capacity: 3072M(100%)
[2026-06-26T13:33:48.497-0300][27.446s][10128][14572][info][gc,heap     ] GC(15) y: Soft Max Capacity: 3072M(100%)
[2026-06-26T13:33:48.497-0300][27.446s][10128][14572][info][gc,heap     ] GC(15) y: Heap Statistics:
[2026-06-26T13:33:48.497-0300][27.446s][10128][14572][info][gc,heap     ] GC(15) y:                Mark Start          Mark End        Relocate Start      Relocate End           High               Low         
[2026-06-26T13:33:48.497-0300][27.446s][10128][14572][info][gc,heap     ] GC(15) y:  Capacity:     3072M (100%)       3072M (100%)       3072M (100%)       3072M (100%)       3072M (100%)       3072M (100%)   
[2026-06-26T13:33:48.497-0300][27.446s][10128][14572][info][gc,heap     ] GC(15) y:      Free:     1552M (51%)        1430M (47%)        1508M (49%)        2052M (67%)        2062M (67%)        1430M (47%)    
[2026-06-26T13:33:48.497-0300][27.446s][10128][14572][info][gc,heap     ] GC(15) y:      Used:     1520M (49%)        1642M (53%)        1564M (51%)        1020M (33%)        1642M (53%)        1010M (33%)    
[2026-06-26T13:33:48.497-0300][27.446s][10128][14572][info][gc,heap     ] GC(15) y: Young Generation Statistics:
[2026-06-26T13:33:48.497-0300][27.446s][10128][14572][info][gc,heap     ] GC(15) y:                Mark Start          Mark End        Relocate Start      Relocate End    
[2026-06-26T13:33:48.497-0300][27.446s][10128][14572][info][gc,heap     ] GC(15) y:      Used:      688M (22%)         810M (26%)         732M (24%)         188M (6%)     
[2026-06-26T13:33:48.497-0300][27.446s][10128][14572][info][gc,heap     ] GC(15) y:      Live:         -                16M (1%)           16M (1%)           16M (1%)     
[2026-06-26T13:33:48.497-0300][27.446s][10128][14572][info][gc,heap     ] GC(15) y:   Garbage:         -               671M (22%)         587M (19%)           1M (0%)     
[2026-06-26T13:33:48.497-0300][27.446s][10128][14572][info][gc,heap     ] GC(15) y: Allocated:         -               122M (4%)          128M (4%)          169M (6%)     
[2026-06-26T13:33:48.497-0300][27.446s][10128][14572][info][gc,heap     ] GC(15) y: Reclaimed:         -                  -                84M (3%)          669M (22%)    
[2026-06-26T13:33:48.498-0300][27.446s][10128][14572][info][gc,heap     ] GC(15) y:  Promoted:         -                  -                 0M (0%)            0M (0%)     
[2026-06-26T13:33:48.498-0300][27.446s][10128][14572][info][gc,heap     ] GC(15) y: Compacted:         -                  -                  -                 8M (0%)     
[2026-06-26T13:33:48.498-0300][27.446s][10128][14572][info][gc,phases   ] GC(15) y: Young Generation 1518M(49%)->1020M(33%) 0.026s
[2026-06-26T13:33:48.498-0300][27.446s][10128][14572][info][gc          ] GC(15) Minor Collection (Allocation Rate) 1514M(49%)->1026M(33%) 0.026s
[2026-06-26T13:33:48.498-0300][27.446s][10128][14572][info][gc          ] GC(16) Minor Collection (Allocation Rate)
[2026-06-26T13:33:48.498-0300][27.446s][10128][14572][info][gc,task     ] GC(16) Using 3 Workers for Young Generation
[2026-06-26T13:33:48.498-0300][27.446s][10128][14572][info][gc,phases   ] GC(16) y: Young Generation
[2026-06-26T13:33:48.498-0300][27.447s][10128][8556 ][info][gc,phases   ] GC(16) y: Pause Mark Start 0.015ms
[2026-06-26T13:33:48.524-0300][27.473s][10128][14572][info][gc,phases   ] GC(16) y: Concurrent Mark 25.829ms
[2026-06-26T13:33:48.524-0300][27.473s][10128][8556 ][info][gc,phases   ] GC(16) y: Pause Mark End 0.018ms
[2026-06-26T13:33:48.524-0300][27.473s][10128][14572][info][gc,phases   ] GC(16) y: Concurrent Mark Free 0.013ms
[2026-06-26T13:33:48.524-0300][27.473s][10128][14572][info][gc,phases   ] GC(16) y: Concurrent Reset Relocation Set 0.019ms
[2026-06-26T13:33:48.525-0300][27.473s][10128][14572][info][gc,reloc    ] GC(16) y: Using tenuring threshold: 2 (Computed)
[2026-06-26T13:33:48.529-0300][27.477s][10128][14572][info][gc,phases   ] GC(16) y: Concurrent Select Relocation Set 4.079ms
[2026-06-26T13:33:48.529-0300][27.477s][10128][8556 ][info][gc,phases   ] GC(16) y: Pause Relocate Start 0.016ms
[2026-06-26T13:33:48.545-0300][27.493s][10128][14572][info][gc,phases   ] GC(16) y: Concurrent Relocate 15.854ms
[2026-06-26T13:33:48.545-0300][27.493s][10128][14572][info][gc,alloc    ] GC(16) y:                         Mark Start        Mark End      Relocate Start    Relocate End   
[2026-06-26T13:33:48.545-0300][27.493s][10128][14572][info][gc,alloc    ] GC(16) y: Allocation Stalls:          0                0                0                0         
[2026-06-26T13:33:48.545-0300][27.493s][10128][14572][info][gc,load     ] GC(16) y: Load: 0.00 (0%) / 0.00 (0%) / 0.00 (0%)
[2026-06-26T13:33:48.545-0300][27.493s][10128][14572][info][gc,mmu      ] GC(16) y: MMU: 2ms/98.6%, 5ms/99.3%, 10ms/99.6%, 20ms/99.8%, 50ms/99.8%, 100ms/99.9%
[2026-06-26T13:33:48.545-0300][27.493s][10128][14572][info][gc,marking  ] GC(16) y: Mark: 2 stripe(s), 2 proactive flush(es), 1 terminate flush(es), 0 completion(s), 0 continuation(s) 
[2026-06-26T13:33:48.545-0300][27.493s][10128][14572][info][gc,nmethod  ] GC(16) y: NMethods: 10667 registered, 0 unregistered
[2026-06-26T13:33:48.545-0300][27.493s][10128][14572][info][gc,metaspace] GC(16) y: Metaspace: 61M used, 62M committed, 1088M reserved
[2026-06-26T13:33:48.545-0300][27.493s][10128][14572][info][gc,reloc    ] GC(16) y:                        Candidates     Selected     In-Place         Size        Empty    Relocated 
[2026-06-26T13:33:48.545-0300][27.493s][10128][14572][info][gc,reloc    ] GC(16) y: Small Pages:                   97           77            0         194M          18M           3M 
[2026-06-26T13:33:48.545-0300][27.493s][10128][14572][info][gc,reloc    ] GC(16) y: Medium Pages:                   0            0            0           0M           0M           0M 
[2026-06-26T13:33:48.545-0300][27.493s][10128][14572][info][gc,reloc    ] GC(16) y: Large Pages:                    0            0            0           0M           0M           0M 
[2026-06-26T13:33:48.545-0300][27.493s][10128][14572][info][gc,reloc    ] GC(16) y: Forwarding Usage: 2M
[2026-06-26T13:33:48.545-0300][27.493s][10128][14572][info][gc,reloc    ] GC(16) y: Age Table:
[2026-06-26T13:33:48.545-0300][27.493s][10128][14572][info][gc,reloc    ] GC(16) y:                    Live             Garbage             Small              Medium             Large        
[2026-06-26T13:33:48.545-0300][27.493s][10128][14572][info][gc,reloc    ] GC(16) y: Eden               2M (0%)          157M (5%)          80 / 70             0 / 0              0 / 0        
[2026-06-26T13:33:48.545-0300][27.493s][10128][14572][info][gc,reloc    ] GC(16) y: Survivor 1         6M (0%)           11M (0%)           9 / 4              0 / 0              0 / 0        
[2026-06-26T13:33:48.545-0300][27.493s][10128][14572][info][gc,reloc    ] GC(16) y: Survivor 2        10M (0%)            5M (0%)           8 / 3              0 / 0              0 / 0        
[2026-06-26T13:33:48.545-0300][27.493s][10128][14572][info][gc,heap     ] GC(16) y: Min Capacity: 8M(0%)
[2026-06-26T13:33:48.545-0300][27.493s][10128][14572][info][gc,heap     ] GC(16) y: Max Capacity: 3072M(100%)
[2026-06-26T13:33:48.545-0300][27.493s][10128][14572][info][gc,heap     ] GC(16) y: Soft Max Capacity: 3072M(100%)
[2026-06-26T13:33:48.545-0300][27.493s][10128][14572][info][gc,heap     ] GC(16) y: Heap Statistics:
[2026-06-26T13:33:48.545-0300][27.493s][10128][14572][info][gc,heap     ] GC(16) y:                Mark Start          Mark End        Relocate Start      Relocate End           High               Low         
[2026-06-26T13:33:48.545-0300][27.493s][10128][14572][info][gc,heap     ] GC(16) y:  Capacity:     3072M (100%)       3072M (100%)       3072M (100%)       3072M (100%)       3072M (100%)       3072M (100%)   
[2026-06-26T13:33:48.545-0300][27.493s][10128][14572][info][gc,heap     ] GC(16) y:      Free:     2046M (67%)        1902M (62%)        1898M (62%)        1952M (64%)        2046M (67%)        1892M (62%)    
[2026-06-26T13:33:48.545-0300][27.493s][10128][14572][info][gc,heap     ] GC(16) y:      Used:     1026M (33%)        1170M (38%)        1174M (38%)        1120M (36%)        1180M (38%)        1026M (33%)    
[2026-06-26T13:33:48.545-0300][27.493s][10128][14572][info][gc,heap     ] GC(16) y: Young Generation Statistics:
[2026-06-26T13:33:48.545-0300][27.493s][10128][14572][info][gc,heap     ] GC(16) y:                Mark Start          Mark End        Relocate Start      Relocate End    
[2026-06-26T13:33:48.545-0300][27.493s][10128][14572][info][gc,heap     ] GC(16) y:      Used:      194M (6%)          338M (11%)         332M (11%)         272M (9%)     
[2026-06-26T13:33:48.545-0300][27.493s][10128][14572][info][gc,heap     ] GC(16) y:      Live:         -                18M (1%)           10M (0%)            8M (0%)     
[2026-06-26T13:33:48.545-0300][27.493s][10128][14572][info][gc,heap     ] GC(16) y:   Garbage:         -               175M (6%)          155M (5%)            0M (0%)     
[2026-06-26T13:33:48.545-0300][27.493s][10128][14572][info][gc,heap     ] GC(16) y: Allocated:         -               144M (5%)          166M (5%)          262M (9%)     
[2026-06-26T13:33:48.545-0300][27.493s][10128][14572][info][gc,heap     ] GC(16) y: Reclaimed:         -                  -                19M (1%)          174M (6%)     
[2026-06-26T13:33:48.545-0300][27.494s][10128][14572][info][gc,heap     ] GC(16) y:  Promoted:         -                  -                 8M (0%)           10M (0%)     
[2026-06-26T13:33:48.545-0300][27.494s][10128][14572][info][gc,heap     ] GC(16) y: Compacted:         -                  -                  -                 3M (0%)     
[2026-06-26T13:33:48.545-0300][27.494s][10128][14572][info][gc,phases   ] GC(16) y: Young Generation 1026M(33%)->1120M(36%) 0.047s
[2026-06-26T13:33:48.545-0300][27.494s][10128][14572][info][gc          ] GC(16) Minor Collection (Allocation Rate) 1026M(33%)->1122M(37%) 0.048s
[2026-06-26T13:33:48.545-0300][27.494s][10128][7368 ][info][gc          ] GC(17) Major Collection (Allocation Rate)
[2026-06-26T13:33:48.545-0300][27.494s][10128][7368 ][info][gc,task     ] GC(17) Using 3 Workers for Young Generation
[2026-06-26T13:33:48.545-0300][27.494s][10128][7368 ][info][gc,task     ] GC(17) Using 1 Workers for Old Generation
[2026-06-26T13:33:48.545-0300][27.494s][10128][7368 ][info][gc,phases   ] GC(17) Y: Young Generation
[2026-06-26T13:33:48.546-0300][27.494s][10128][8556 ][info][gc,phases   ] GC(17) Y: Pause Mark Start (Major) 0.018ms
[2026-06-26T13:33:48.582-0300][27.530s][10128][7368 ][info][gc,phases   ] GC(17) Y: Concurrent Mark 35.961ms
[2026-06-26T13:33:48.582-0300][27.530s][10128][8556 ][info][gc,phases   ] GC(17) Y: Pause Mark End 0.027ms
[2026-06-26T13:33:48.582-0300][27.530s][10128][7368 ][info][gc,phases   ] GC(17) Y: Concurrent Mark Free 0.014ms
[2026-06-26T13:33:48.582-0300][27.530s][10128][7368 ][info][gc,phases   ] GC(17) Y: Concurrent Reset Relocation Set 0.024ms
[2026-06-26T13:33:48.582-0300][27.530s][10128][7368 ][info][gc,reloc    ] GC(17) Y: Using tenuring threshold: 1 (Computed)
[2026-06-26T13:33:48.585-0300][27.533s][10128][7368 ][info][gc,phases   ] GC(17) Y: Concurrent Select Relocation Set 2.647ms
[2026-06-26T13:33:48.586-0300][27.534s][10128][8556 ][info][gc,phases   ] GC(17) Y: Pause Relocate Start 0.034ms
[2026-06-26T13:33:48.593-0300][27.541s][10128][7368 ][info][gc,phases   ] GC(17) Y: Concurrent Relocate 6.351ms
[2026-06-26T13:33:48.593-0300][27.541s][10128][7368 ][info][gc,alloc    ] GC(17) Y:                         Mark Start        Mark End      Relocate Start    Relocate End   
[2026-06-26T13:33:48.593-0300][27.541s][10128][7368 ][info][gc,alloc    ] GC(17) Y: Allocation Stalls:          0                0                0                0         
[2026-06-26T13:33:48.593-0300][27.541s][10128][7368 ][info][gc,load     ] GC(17) Y: Load: 0.00 (0%) / 0.00 (0%) / 0.00 (0%)
[2026-06-26T13:33:48.593-0300][27.541s][10128][7368 ][info][gc,mmu      ] GC(17) Y: MMU: 2ms/98.3%, 5ms/98.8%, 10ms/99.4%, 20ms/99.7%, 50ms/99.8%, 100ms/99.8%
[2026-06-26T13:33:48.593-0300][27.541s][10128][7368 ][info][gc,marking  ] GC(17) Y: Mark: 2 stripe(s), 2 proactive flush(es), 1 terminate flush(es), 0 completion(s), 0 continuation(s) 
[2026-06-26T13:33:48.593-0300][27.541s][10128][7368 ][info][gc,nmethod  ] GC(17) Y: NMethods: 10680 registered, 0 unregistered
[2026-06-26T13:33:48.593-0300][27.541s][10128][7368 ][info][gc,metaspace] GC(17) Y: Metaspace: 61M used, 62M committed, 1088M reserved
[2026-06-26T13:33:48.593-0300][27.541s][10128][7368 ][info][gc,reloc    ] GC(17) Y:                        Candidates     Selected     In-Place         Size        Empty    Relocated 
[2026-06-26T13:33:48.593-0300][27.541s][10128][7368 ][info][gc,reloc    ] GC(17) Y: Small Pages:                  138          116            0         276M          30M           4M 
[2026-06-26T13:33:48.593-0300][27.541s][10128][7368 ][info][gc,reloc    ] GC(17) Y: Medium Pages:                   0            0            0           0M           0M           0M 
[2026-06-26T13:33:48.593-0300][27.541s][10128][7368 ][info][gc,reloc    ] GC(17) Y: Large Pages:                    0            0            0           0M           0M           0M 
[2026-06-26T13:33:48.593-0300][27.541s][10128][7368 ][info][gc,reloc    ] GC(17) Y: Forwarding Usage: 1M
[2026-06-26T13:33:48.593-0300][27.541s][10128][7368 ][info][gc,reloc    ] GC(17) Y: Age Table:
[2026-06-26T13:33:48.593-0300][27.541s][10128][7368 ][info][gc,reloc    ] GC(17) Y:                    Live             Garbage             Small              Medium             Large        
[2026-06-26T13:33:48.593-0300][27.541s][10128][7368 ][info][gc,reloc    ] GC(17) Y: Eden               4M (0%)          257M (8%)         131 / 114            0 / 0              0 / 0        
[2026-06-26T13:33:48.593-0300][27.541s][10128][7368 ][info][gc,reloc    ] GC(17) Y: Survivor 1         2M (0%)            1M (0%)           2 / 1              0 / 0              0 / 0        
[2026-06-26T13:33:48.593-0300][27.541s][10128][7368 ][info][gc,reloc    ] GC(17) Y: Survivor 2         6M (0%)            3M (0%)           5 / 1              0 / 0              0 / 0        
[2026-06-26T13:33:48.593-0300][27.541s][10128][7368 ][info][gc,heap     ] GC(17) Y: Min Capacity: 8M(0%)
[2026-06-26T13:33:48.593-0300][27.541s][10128][7368 ][info][gc,heap     ] GC(17) Y: Max Capacity: 3072M(100%)
[2026-06-26T13:33:48.593-0300][27.541s][10128][7368 ][info][gc,heap     ] GC(17) Y: Soft Max Capacity: 3072M(100%)
[2026-06-26T13:33:48.593-0300][27.541s][10128][7368 ][info][gc,heap     ] GC(17) Y: Heap Statistics:
[2026-06-26T13:33:48.593-0300][27.541s][10128][7368 ][info][gc,heap     ] GC(17) Y:                Mark Start          Mark End        Relocate Start      Relocate End           High               Low         
[2026-06-26T13:33:48.593-0300][27.541s][10128][7368 ][info][gc,heap     ] GC(17) Y:  Capacity:     3072M (100%)       3072M (100%)       3072M (100%)       3072M (100%)       3072M (100%)       3072M (100%)   
[2026-06-26T13:33:48.593-0300][27.541s][10128][7368 ][info][gc,heap     ] GC(17) Y:      Free:     1948M (63%)        1712M (56%)        1716M (56%)        1904M (62%)        1948M (63%)        1704M (55%)    
[2026-06-26T13:33:48.593-0300][27.541s][10128][7368 ][info][gc,heap     ] GC(17) Y:      Used:     1124M (37%)        1360M (44%)        1356M (44%)        1168M (38%)        1368M (45%)        1124M (37%)    
[2026-06-26T13:33:48.593-0300][27.541s][10128][7368 ][info][gc,heap     ] GC(17) Y: Young Generation Statistics:
[2026-06-26T13:33:48.593-0300][27.541s][10128][7368 ][info][gc,heap     ] GC(17) Y:                Mark Start          Mark End        Relocate Start      Relocate End    
[2026-06-26T13:33:48.593-0300][27.541s][10128][7368 ][info][gc,heap     ] GC(17) Y:      Used:      276M (9%)          512M (17%)         502M (16%)         308M (10%)    
[2026-06-26T13:33:48.593-0300][27.541s][10128][7368 ][info][gc,heap     ] GC(17) Y:      Live:         -                12M (0%)            6M (0%)            4M (0%)     
[2026-06-26T13:33:48.593-0300][27.541s][10128][7368 ][info][gc,heap     ] GC(17) Y:   Garbage:         -               263M (9%)          233M (8%)            0M (0%)     
[2026-06-26T13:33:48.593-0300][27.541s][10128][7368 ][info][gc,heap     ] GC(17) Y: Allocated:         -               236M (8%)          262M (9%)          303M (10%)    
[2026-06-26T13:33:48.593-0300][27.541s][10128][7368 ][info][gc,heap     ] GC(17) Y: Reclaimed:         -                  -                30M (1%)          263M (9%)     
[2026-06-26T13:33:48.593-0300][27.541s][10128][7368 ][info][gc,heap     ] GC(17) Y:  Promoted:         -                  -                 5M (0%)            8M (0%)     
[2026-06-26T13:33:48.593-0300][27.541s][10128][7368 ][info][gc,heap     ] GC(17) Y: Compacted:         -                  -                  -                 4M (0%)     
[2026-06-26T13:33:48.594-0300][27.541s][10128][7368 ][info][gc,phases   ] GC(17) Y: Young Generation 1124M(37%)->1168M(38%) 0.047s
[2026-06-26T13:33:48.594-0300][27.541s][10128][7368 ][info][gc,phases   ] GC(17) O: Old Generation
[2026-06-26T13:33:48.637-0300][27.586s][10128][14572][info][gc          ] GC(18) Minor Collection (Allocation Rate)
[2026-06-26T13:33:48.637-0300][27.586s][10128][14572][info][gc,task     ] GC(18) Using 2 Workers for Young Generation
[2026-06-26T13:33:48.637-0300][27.586s][10128][14572][info][gc,phases   ] GC(18) y: Young Generation
[2026-06-26T13:33:48.637-0300][27.586s][10128][8556 ][info][gc,phases   ] GC(18) y: Pause Mark Start 0.020ms
[2026-06-26T13:33:48.694-0300][27.642s][10128][14572][info][gc,phases   ] GC(18) y: Concurrent Mark 55.784ms
[2026-06-26T13:33:48.694-0300][27.642s][10128][8556 ][info][gc,phases   ] GC(18) y: Pause Mark End 0.021ms
[2026-06-26T13:33:48.694-0300][27.642s][10128][14572][info][gc,phases   ] GC(18) y: Concurrent Mark Free 0.010ms
[2026-06-26T13:33:48.694-0300][27.642s][10128][14572][info][gc,phases   ] GC(18) y: Concurrent Reset Relocation Set 0.024ms
[2026-06-26T13:33:48.694-0300][27.642s][10128][14572][info][gc,reloc    ] GC(18) y: Using tenuring threshold: 2 (Computed)
[2026-06-26T13:33:48.694-0300][27.643s][10128][14572][info][gc,phases   ] GC(18) y: Concurrent Select Relocation Set 0.455ms
[2026-06-26T13:33:48.695-0300][27.643s][10128][8556 ][info][gc,phases   ] GC(18) y: Pause Relocate Start 0.011ms
[2026-06-26T13:33:48.699-0300][27.647s][10128][14572][info][gc,phases   ] GC(18) y: Concurrent Relocate 4.653ms
[2026-06-26T13:33:48.699-0300][27.647s][10128][14572][info][gc,alloc    ] GC(18) y:                         Mark Start        Mark End      Relocate Start    Relocate End   
[2026-06-26T13:33:48.699-0300][27.647s][10128][14572][info][gc,alloc    ] GC(18) y: Allocation Stalls:          0                0                0                0         
[2026-06-26T13:33:48.699-0300][27.647s][10128][14572][info][gc,load     ] GC(18) y: Load: 0.00 (0%) / 0.00 (0%) / 0.00 (0%)
[2026-06-26T13:33:48.699-0300][27.648s][10128][14572][info][gc,mmu      ] GC(18) y: MMU: 2ms/98.3%, 5ms/98.8%, 10ms/99.4%, 20ms/99.7%, 50ms/99.8%, 100ms/99.8%
[2026-06-26T13:33:48.699-0300][27.648s][10128][14572][info][gc,marking  ] GC(18) y: Mark: 2 stripe(s), 2 proactive flush(es), 1 terminate flush(es), 0 completion(s), 0 continuation(s) 
[2026-06-26T13:33:48.699-0300][27.648s][10128][14572][info][gc,nmethod  ] GC(18) y: NMethods: 10706 registered, 0 unregistered
[2026-06-26T13:33:48.699-0300][27.648s][10128][14572][info][gc,metaspace] GC(18) y: Metaspace: 61M used, 62M committed, 1088M reserved
[2026-06-26T13:33:48.699-0300][27.648s][10128][14572][info][gc,reloc    ] GC(18) y:                        Candidates     Selected     In-Place         Size        Empty    Relocated 
[2026-06-26T13:33:48.699-0300][27.648s][10128][14572][info][gc,reloc    ] GC(18) y: Small Pages:                  291          249            0         582M          68M           6M 
[2026-06-26T13:33:48.699-0300][27.648s][10128][14572][info][gc,reloc    ] GC(18) y: Medium Pages:                   0            0            0           0M           0M           0M 
[2026-06-26T13:33:48.699-0300][27.648s][10128][14572][info][gc,reloc    ] GC(18) y: Large Pages:                    0            0            0           0M           0M           0M 
[2026-06-26T13:33:48.699-0300][27.648s][10128][14572][info][gc,reloc    ] GC(18) y: Forwarding Usage: 1M
[2026-06-26T13:33:48.699-0300][27.648s][10128][14572][info][gc,reloc    ] GC(18) y: Age Table:
[2026-06-26T13:33:48.699-0300][27.648s][10128][14572][info][gc,reloc    ] GC(18) y:                    Live             Garbage             Small              Medium             Large        
[2026-06-26T13:33:48.699-0300][27.648s][10128][14572][info][gc,reloc    ] GC(18) y: Eden               9M (0%)          562M (18%)        286 / 246            0 / 0              0 / 0        
[2026-06-26T13:33:48.699-0300][27.648s][10128][14572][info][gc,reloc    ] GC(18) y: Survivor 1         3M (0%)            6M (0%)           5 / 3              0 / 0              0 / 0        
[2026-06-26T13:33:48.699-0300][27.648s][10128][14572][info][gc,heap     ] GC(18) y: Min Capacity: 8M(0%)
[2026-06-26T13:33:48.699-0300][27.648s][10128][14572][info][gc,heap     ] GC(18) y: Max Capacity: 3072M(100%)
[2026-06-26T13:33:48.699-0300][27.648s][10128][14572][info][gc,heap     ] GC(18) y: Soft Max Capacity: 3072M(100%)
[2026-06-26T13:33:48.699-0300][27.648s][10128][14572][info][gc,heap     ] GC(18) y: Heap Statistics:
[2026-06-26T13:33:48.699-0300][27.648s][10128][14572][info][gc,heap     ] GC(18) y:                Mark Start          Mark End        Relocate Start      Relocate End           High               Low         
[2026-06-26T13:33:48.699-0300][27.648s][10128][14572][info][gc,heap     ] GC(18) y:  Capacity:     3072M (100%)       3072M (100%)       3072M (100%)       3072M (100%)       3072M (100%)       3072M (100%)   
[2026-06-26T13:33:48.699-0300][27.648s][10128][14572][info][gc,heap     ] GC(18) y:      Free:     1630M (53%)        1276M (42%)        1342M (44%)        1800M (59%)        1806M (59%)        1276M (42%)    
[2026-06-26T13:33:48.699-0300][27.648s][10128][14572][info][gc,heap     ] GC(18) y:      Used:     1442M (47%)        1796M (58%)        1730M (56%)        1272M (41%)        1796M (58%)        1266M (41%)    
[2026-06-26T13:33:48.699-0300][27.648s][10128][14572][info][gc,heap     ] GC(18) y: Young Generation Statistics:
[2026-06-26T13:33:48.699-0300][27.648s][10128][14572][info][gc,heap     ] GC(18) y:                Mark Start          Mark End        Relocate Start      Relocate End    
[2026-06-26T13:33:48.699-0300][27.648s][10128][14572][info][gc,heap     ] GC(18) y:      Used:      582M (19%)         936M (30%)         870M (28%)         412M (13%)    
[2026-06-26T13:33:48.699-0300][27.648s][10128][14572][info][gc,heap     ] GC(18) y:      Live:         -                12M (0%)           12M (0%)           12M (0%)     
[2026-06-26T13:33:48.699-0300][27.648s][10128][14572][info][gc,heap     ] GC(18) y:   Garbage:         -               569M (19%)         501M (16%)           2M (0%)     
[2026-06-26T13:33:48.699-0300][27.648s][10128][14572][info][gc,heap     ] GC(18) y: Allocated:         -               354M (12%)         356M (12%)         397M (13%)    
[2026-06-26T13:33:48.699-0300][27.648s][10128][14572][info][gc,heap     ] GC(18) y: Reclaimed:         -                  -                68M (2%)          567M (18%)    
[2026-06-26T13:33:48.699-0300][27.648s][10128][14572][info][gc,heap     ] GC(18) y:  Promoted:         -                  -                 0M (0%)            0M (0%)     
[2026-06-26T13:33:48.699-0300][27.648s][10128][14572][info][gc,heap     ] GC(18) y: Compacted:         -                  -                  -                 6M (0%)     
[2026-06-26T13:33:48.699-0300][27.648s][10128][14572][info][gc,phases   ] GC(18) y: Young Generation 1442M(47%)->1272M(41%) 0.062s
[2026-06-26T13:33:48.699-0300][27.648s][10128][14572][info][gc          ] GC(18) Minor Collection (Allocation Rate) 1442M(47%)->1276M(42%) 0.062s
[2026-06-26T13:33:48.732-0300][27.680s][10128][14572][info][gc          ] GC(19) Minor Collection (Allocation Rate)
[2026-06-26T13:33:48.732-0300][27.680s][10128][14572][info][gc,task     ] GC(19) Using 2 Workers for Young Generation
[2026-06-26T13:33:48.732-0300][27.680s][10128][14572][info][gc,phases   ] GC(19) y: Young Generation
[2026-06-26T13:33:48.733-0300][27.680s][10128][8556 ][info][gc,phases   ] GC(19) y: Pause Mark Start 0.016ms
[2026-06-26T13:33:48.816-0300][27.764s][10128][14572][info][gc,phases   ] GC(19) y: Concurrent Mark 83.167ms
[2026-06-26T13:33:48.816-0300][27.764s][10128][8556 ][info][gc,phases   ] GC(19) y: Pause Mark End 0.023ms
[2026-06-26T13:33:48.816-0300][27.764s][10128][14572][info][gc,phases   ] GC(19) y: Concurrent Mark Free 0.005ms
[2026-06-26T13:33:48.816-0300][27.764s][10128][14572][info][gc,phases   ] GC(19) y: Concurrent Reset Relocation Set 0.019ms
[2026-06-26T13:33:48.816-0300][27.764s][10128][14572][info][gc,reloc    ] GC(19) y: Using tenuring threshold: 3 (Computed)
[2026-06-26T13:33:48.818-0300][27.766s][10128][14572][info][gc,phases   ] GC(19) y: Concurrent Select Relocation Set 1.869ms
[2026-06-26T13:33:48.818-0300][27.766s][10128][8556 ][info][gc,phases   ] GC(19) y: Pause Relocate Start 0.009ms
[2026-06-26T13:33:48.825-0300][27.773s][10128][14572][info][gc,phases   ] GC(19) y: Concurrent Relocate 7.344ms
[2026-06-26T13:33:48.825-0300][27.773s][10128][14572][info][gc,alloc    ] GC(19) y:                         Mark Start        Mark End      Relocate Start    Relocate End   
[2026-06-26T13:33:48.825-0300][27.773s][10128][14572][info][gc,alloc    ] GC(19) y: Allocation Stalls:          0                0                0                0         
[2026-06-26T13:33:48.825-0300][27.774s][10128][14572][info][gc,load     ] GC(19) y: Load: 0.00 (0%) / 0.00 (0%) / 0.00 (0%)
[2026-06-26T13:33:48.825-0300][27.774s][10128][14572][info][gc,mmu      ] GC(19) y: MMU: 2ms/98.3%, 5ms/98.8%, 10ms/99.4%, 20ms/99.7%, 50ms/99.8%, 100ms/99.8%
[2026-06-26T13:33:48.825-0300][27.774s][10128][14572][info][gc,marking  ] GC(19) y: Mark: 2 stripe(s), 3 proactive flush(es), 1 terminate flush(es), 0 completion(s), 0 continuation(s) 
[2026-06-26T13:33:48.825-0300][27.774s][10128][14572][info][gc,nmethod  ] GC(19) y: NMethods: 10720 registered, 0 unregistered
[2026-06-26T13:33:48.825-0300][27.774s][10128][14572][info][gc,metaspace] GC(19) y: Metaspace: 61M used, 62M committed, 1088M reserved
[2026-06-26T13:33:48.825-0300][27.774s][10128][14572][info][gc,reloc    ] GC(19) y:                        Candidates     Selected     In-Place         Size        Empty    Relocated 
[2026-06-26T13:33:48.825-0300][27.774s][10128][14572][info][gc,reloc    ] GC(19) y: Small Pages:                  305          256            0         610M          74M           7M 
[2026-06-26T13:33:48.825-0300][27.774s][10128][14572][info][gc,reloc    ] GC(19) y: Medium Pages:                   1            0            0          32M           0M           0M 
[2026-06-26T13:33:48.825-0300][27.774s][10128][14572][info][gc,reloc    ] GC(19) y: Large Pages:                    0            0            0           0M           0M           0M 
[2026-06-26T13:33:48.825-0300][27.774s][10128][14572][info][gc,reloc    ] GC(19) y: Forwarding Usage: 3M
[2026-06-26T13:33:48.825-0300][27.774s][10128][14572][info][gc,reloc    ] GC(19) y: Age Table:
[2026-06-26T13:33:48.825-0300][27.774s][10128][14572][info][gc,reloc    ] GC(19) y:                    Live             Garbage             Small              Medium             Large        
[2026-06-26T13:33:48.825-0300][27.774s][10128][14572][info][gc,reloc    ] GC(19) y: Eden               9M (0%)          604M (20%)        291 / 250            1 / 0              0 / 0        
[2026-06-26T13:33:48.825-0300][27.774s][10128][14572][info][gc,reloc    ] GC(19) y: Survivor 1         9M (0%)            8M (0%)           9 / 4              0 / 0              0 / 0        
[2026-06-26T13:33:48.825-0300][27.774s][10128][14572][info][gc,reloc    ] GC(19) y: Survivor 2         3M (0%)            6M (0%)           5 / 2              0 / 0              0 / 0        
[2026-06-26T13:33:48.825-0300][27.774s][10128][14572][info][gc,heap     ] GC(19) y: Min Capacity: 8M(0%)
[2026-06-26T13:33:48.826-0300][27.774s][10128][14572][info][gc,heap     ] GC(19) y: Max Capacity: 3072M(100%)
[2026-06-26T13:33:48.826-0300][27.774s][10128][14572][info][gc,heap     ] GC(19) y: Soft Max Capacity: 3072M(100%)
[2026-06-26T13:33:48.826-0300][27.774s][10128][14572][info][gc,heap     ] GC(19) y: Heap Statistics:
[2026-06-26T13:33:48.826-0300][27.774s][10128][14572][info][gc,heap     ] GC(19) y:                Mark Start          Mark End        Relocate Start      Relocate End           High               Low         
[2026-06-26T13:33:48.826-0300][27.774s][10128][14572][info][gc,heap     ] GC(19) y:  Capacity:     3072M (100%)       3072M (100%)       3072M (100%)       3072M (100%)       3072M (100%)       3072M (100%)   
[2026-06-26T13:33:48.826-0300][27.774s][10128][14572][info][gc,heap     ] GC(19) y:      Free:     1570M (51%)         990M (32%)        1046M (34%)        1496M (49%)        1570M (51%)         988M (32%)    
[2026-06-26T13:33:48.826-0300][27.774s][10128][14572][info][gc,heap     ] GC(19) y:      Used:     1502M (49%)        2082M (68%)        2026M (66%)        1576M (51%)        2084M (68%)        1502M (49%)    
[2026-06-26T13:33:48.826-0300][27.774s][10128][14572][info][gc,heap     ] GC(19) y: Young Generation Statistics:
[2026-06-26T13:33:48.826-0300][27.774s][10128][14572][info][gc,heap     ] GC(19) y:                Mark Start          Mark End        Relocate Start      Relocate End    
[2026-06-26T13:33:48.826-0300][27.774s][10128][14572][info][gc,heap     ] GC(19) y:      Used:      642M (21%)        1222M (40%)        1166M (38%)         716M (23%)    
[2026-06-26T13:33:48.826-0300][27.774s][10128][14572][info][gc,heap     ] GC(19) y:      Live:         -                21M (1%)           21M (1%)           21M (1%)     
[2026-06-26T13:33:48.826-0300][27.774s][10128][14572][info][gc,heap     ] GC(19) y:   Garbage:         -               620M (20%)         546M (18%)          32M (1%)     
[2026-06-26T13:33:48.826-0300][27.774s][10128][14572][info][gc,heap     ] GC(19) y: Allocated:         -               580M (19%)         598M (19%)         661M (22%)    
[2026-06-26T13:33:48.826-0300][27.774s][10128][14572][info][gc,heap     ] GC(19) y: Reclaimed:         -                  -                74M (2%)          587M (19%)    
[2026-06-26T13:33:48.826-0300][27.774s][10128][14572][info][gc,heap     ] GC(19) y:  Promoted:         -                  -                 0M (0%)            0M (0%)     
[2026-06-26T13:33:48.826-0300][27.774s][10128][14572][info][gc,heap     ] GC(19) y: Compacted:         -                  -                  -                12M (0%)     
[2026-06-26T13:33:48.826-0300][27.774s][10128][14572][info][gc,phases   ] GC(19) y: Young Generation 1500M(49%)->1576M(51%) 0.093s
[2026-06-26T13:33:48.826-0300][27.774s][10128][14572][info][gc          ] GC(19) Minor Collection (Allocation Rate) 1498M(49%)->1580M(51%) 0.094s
[2026-06-26T13:33:48.826-0300][27.774s][10128][14572][info][gc          ] GC(20) Minor Collection (Allocation Rate)
[2026-06-26T13:33:48.826-0300][27.774s][10128][14572][info][gc,task     ] GC(20) Using 2 Workers for Young Generation
[2026-06-26T13:33:48.826-0300][27.774s][10128][14572][info][gc,phases   ] GC(20) y: Young Generation
[2026-06-26T13:33:48.826-0300][27.774s][10128][8556 ][info][gc,phases   ] GC(20) y: Pause Mark Start 0.019ms
[2026-06-26T13:33:48.871-0300][27.819s][10128][14572][info][gc,phases   ] GC(20) y: Concurrent Mark 44.360ms
[2026-06-26T13:33:48.871-0300][27.819s][10128][8556 ][info][gc,phases   ] GC(20) y: Pause Mark End 0.028ms
[2026-06-26T13:33:48.871-0300][27.819s][10128][14572][info][gc,phases   ] GC(20) y: Concurrent Mark Free 0.010ms
[2026-06-26T13:33:48.871-0300][27.819s][10128][14572][info][gc,phases   ] GC(20) y: Concurrent Reset Relocation Set 0.021ms
[2026-06-26T13:33:48.871-0300][27.819s][10128][14572][info][gc,reloc    ] GC(20) y: Using tenuring threshold: 3 (Computed)
[2026-06-26T13:33:48.873-0300][27.821s][10128][14572][info][gc,phases   ] GC(20) y: Concurrent Select Relocation Set 1.882ms
[2026-06-26T13:33:48.873-0300][27.821s][10128][8556 ][info][gc,phases   ] GC(20) y: Pause Relocate Start 0.016ms
[2026-06-26T13:33:48.882-0300][27.829s][10128][14572][info][gc,phases   ] GC(20) y: Concurrent Relocate 8.449ms
[2026-06-26T13:33:48.882-0300][27.829s][10128][14572][info][gc,alloc    ] GC(20) y:                         Mark Start        Mark End      Relocate Start    Relocate End   
[2026-06-26T13:33:48.882-0300][27.830s][10128][14572][info][gc,alloc    ] GC(20) y: Allocation Stalls:          0                0                0                0         
[2026-06-26T13:33:48.882-0300][27.830s][10128][14572][info][gc,load     ] GC(20) y: Load: 0.00 (0%) / 0.00 (0%) / 0.00 (0%)
[2026-06-26T13:33:48.882-0300][27.830s][10128][14572][info][gc,mmu      ] GC(20) y: MMU: 2ms/98.3%, 5ms/98.8%, 10ms/99.4%, 20ms/99.7%, 50ms/99.8%, 100ms/99.8%
[2026-06-26T13:33:48.882-0300][27.830s][10128][14572][info][gc,marking  ] GC(20) y: Mark: 2 stripe(s), 2 proactive flush(es), 1 terminate flush(es), 0 completion(s), 0 continuation(s) 
[2026-06-26T13:33:48.882-0300][27.830s][10128][14572][info][gc,nmethod  ] GC(20) y: NMethods: 10720 registered, 0 unregistered
[2026-06-26T13:33:48.882-0300][27.830s][10128][14572][info][gc,metaspace] GC(20) y: Metaspace: 61M used, 62M committed, 1088M reserved
[2026-06-26T13:33:48.882-0300][27.830s][10128][14572][info][gc,reloc    ] GC(20) y:                        Candidates     Selected     In-Place         Size        Empty    Relocated 
[2026-06-26T13:33:48.882-0300][27.830s][10128][14572][info][gc,reloc    ] GC(20) y: Small Pages:                  330          273            0         660M          80M           7M 
[2026-06-26T13:33:48.882-0300][27.830s][10128][14572][info][gc,reloc    ] GC(20) y: Medium Pages:                   2            1            0          64M           0M           0M 
[2026-06-26T13:33:48.882-0300][27.830s][10128][14572][info][gc,reloc    ] GC(20) y: Large Pages:                    0            0            0           0M           0M           0M 
[2026-06-26T13:33:48.882-0300][27.830s][10128][14572][info][gc,reloc    ] GC(20) y: Forwarding Usage: 2M
[2026-06-26T13:33:48.882-0300][27.830s][10128][14572][info][gc,reloc    ] GC(20) y: Age Table:
[2026-06-26T13:33:48.882-0300][27.830s][10128][14572][info][gc,reloc    ] GC(20) y:                    Live             Garbage             Small              Medium             Large        
[2026-06-26T13:33:48.882-0300][27.830s][10128][14572][info][gc,reloc    ] GC(20) y: Eden               9M (0%)          646M (21%)        312 / 268            1 / 0              0 / 0        
[2026-06-26T13:33:48.882-0300][27.830s][10128][14572][info][gc,reloc    ] GC(20) y: Survivor 1         8M (0%)           35M (1%)           6 / 1              1 / 1              0 / 0        
[2026-06-26T13:33:48.882-0300][27.830s][10128][14572][info][gc,reloc    ] GC(20) y: Survivor 2         8M (0%)            7M (0%)           8 / 3              0 / 0              0 / 0        
[2026-06-26T13:33:48.882-0300][27.830s][10128][14572][info][gc,reloc    ] GC(20) y: Survivor 3         3M (0%)            4M (0%)           4 / 1              0 / 0              0 / 0        
[2026-06-26T13:33:48.882-0300][27.830s][10128][14572][info][gc,heap     ] GC(20) y: Min Capacity: 8M(0%)
[2026-06-26T13:33:48.882-0300][27.830s][10128][14572][info][gc,heap     ] GC(20) y: Max Capacity: 3072M(100%)
[2026-06-26T13:33:48.882-0300][27.830s][10128][14572][info][gc,heap     ] GC(20) y: Soft Max Capacity: 3072M(100%)
[2026-06-26T13:33:48.882-0300][27.830s][10128][14572][info][gc,heap     ] GC(20) y: Heap Statistics:
[2026-06-26T13:33:48.882-0300][27.830s][10128][14572][info][gc,heap     ] GC(20) y:                Mark Start          Mark End        Relocate Start      Relocate End           High               Low         
[2026-06-26T13:33:48.882-0300][27.830s][10128][14572][info][gc,heap     ] GC(20) y:  Capacity:     3072M (100%)       3072M (100%)       3072M (100%)       3072M (100%)       3072M (100%)       3072M (100%)   
[2026-06-26T13:33:48.882-0300][27.830s][10128][14572][info][gc,heap     ] GC(20) y:      Free:     1488M (48%)        1142M (37%)        1204M (39%)        1640M (53%)        1686M (55%)        1102M (36%)    
[2026-06-26T13:33:48.882-0300][27.830s][10128][14572][info][gc,heap     ] GC(20) y:      Used:     1584M (52%)        1930M (63%)        1868M (61%)        1432M (47%)        1970M (64%)        1386M (45%)    
[2026-06-26T13:33:48.882-0300][27.830s][10128][14572][info][gc,heap     ] GC(20) y: Young Generation Statistics:
[2026-06-26T13:33:48.882-0300][27.830s][10128][14572][info][gc,heap     ] GC(20) y:                Mark Start          Mark End        Relocate Start      Relocate End    
[2026-06-26T13:33:48.882-0300][27.830s][10128][14572][info][gc,heap     ] GC(20) y:      Used:      724M (24%)        1070M (35%)        1004M (33%)         566M (18%)    
[2026-06-26T13:33:48.882-0300][27.830s][10128][14572][info][gc,heap     ] GC(20) y:      Live:         -                30M (1%)           27M (1%)           27M (1%)     
[2026-06-26T13:33:48.882-0300][27.830s][10128][14572][info][gc,heap     ] GC(20) y:   Garbage:         -               693M (23%)         612M (20%)           2M (0%)     
[2026-06-26T13:33:48.882-0300][27.830s][10128][14572][info][gc,heap     ] GC(20) y: Allocated:         -               346M (11%)         364M (12%)         536M (17%)    
[2026-06-26T13:33:48.882-0300][27.830s][10128][14572][info][gc,heap     ] GC(20) y: Reclaimed:         -                  -                80M (3%)          690M (22%)    
[2026-06-26T13:33:48.882-0300][27.830s][10128][14572][info][gc,heap     ] GC(20) y:  Promoted:         -                  -                 3M (0%)            3M (0%)     
[2026-06-26T13:33:48.882-0300][27.830s][10128][14572][info][gc,heap     ] GC(20) y: Compacted:         -                  -                  -                11M (0%)     
[2026-06-26T13:33:48.882-0300][27.830s][10128][14572][info][gc,phases   ] GC(20) y: Young Generation 1584M(52%)->1432M(47%) 0.055s
[2026-06-26T13:33:48.882-0300][27.830s][10128][14572][info][gc          ] GC(20) Minor Collection (Allocation Rate) 1582M(51%)->1436M(47%) 0.056s
[2026-06-26T13:33:48.882-0300][27.830s][10128][14572][info][gc          ] GC(21) Minor Collection (Allocation Rate)
[2026-06-26T13:33:48.882-0300][27.830s][10128][14572][info][gc,task     ] GC(21) Using 2 Workers for Young Generation
[2026-06-26T13:33:48.882-0300][27.830s][10128][14572][info][gc,phases   ] GC(21) y: Young Generation
[2026-06-26T13:33:48.883-0300][27.830s][10128][8556 ][info][gc,phases   ] GC(21) y: Pause Mark Start 0.026ms
[2026-06-26T13:33:48.958-0300][27.906s][10128][14572][info][gc,phases   ] GC(21) y: Concurrent Mark 75.500ms
[2026-06-26T13:33:48.958-0300][27.906s][10128][8556 ][info][gc,phases   ] GC(21) y: Pause Mark End 0.035ms
[2026-06-26T13:33:48.958-0300][27.906s][10128][14572][info][gc,phases   ] GC(21) y: Concurrent Mark Free 0.012ms
[2026-06-26T13:33:48.958-0300][27.906s][10128][14572][info][gc,phases   ] GC(21) y: Concurrent Reset Relocation Set 0.032ms
[2026-06-26T13:33:48.958-0300][27.906s][10128][14572][info][gc,reloc    ] GC(21) y: Using tenuring threshold: 1 (Computed)
[2026-06-26T13:33:48.969-0300][27.917s][10128][14572][info][gc,phases   ] GC(21) y: Concurrent Select Relocation Set 10.974ms
[2026-06-26T13:33:48.969-0300][27.917s][10128][8556 ][info][gc,phases   ] GC(21) y: Pause Relocate Start 0.032ms
[2026-06-26T13:33:48.993-0300][27.940s][10128][14572][info][gc,phases   ] GC(21) y: Concurrent Relocate 22.998ms
[2026-06-26T13:33:48.993-0300][27.941s][10128][14572][info][gc,alloc    ] GC(21) y:                         Mark Start        Mark End      Relocate Start    Relocate End   
[2026-06-26T13:33:48.993-0300][27.941s][10128][14572][info][gc,alloc    ] GC(21) y: Allocation Stalls:          0                0                0                0         
[2026-06-26T13:33:48.993-0300][27.941s][10128][14572][info][gc,load     ] GC(21) y: Load: 0.00 (0%) / 0.00 (0%) / 0.00 (0%)
[2026-06-26T13:33:48.993-0300][27.941s][10128][14572][info][gc,mmu      ] GC(21) y: MMU: 2ms/98.3%, 5ms/98.8%, 10ms/99.4%, 20ms/99.7%, 50ms/99.8%, 100ms/99.8%
[2026-06-26T13:33:48.993-0300][27.941s][10128][14572][info][gc,marking  ] GC(21) y: Mark: 2 stripe(s), 2 proactive flush(es), 1 terminate flush(es), 0 completion(s), 0 continuation(s) 
[2026-06-26T13:33:48.993-0300][27.941s][10128][14572][info][gc,nmethod  ] GC(21) y: NMethods: 10720 registered, 0 unregistered
[2026-06-26T13:33:48.993-0300][27.941s][10128][14572][info][gc,metaspace] GC(21) y: Metaspace: 61M used, 62M committed, 1088M reserved
[2026-06-26T13:33:48.993-0300][27.941s][10128][14572][info][gc,reloc    ] GC(21) y:                        Candidates     Selected     In-Place         Size        Empty    Relocated 
[2026-06-26T13:33:48.993-0300][27.941s][10128][14572][info][gc,reloc    ] GC(21) y: Small Pages:                  238          196            0         476M          50M           6M 
[2026-06-26T13:33:48.993-0300][27.941s][10128][14572][info][gc,reloc    ] GC(21) y: Medium Pages:                   3            2            0          96M           0M           1M 
[2026-06-26T13:33:48.993-0300][27.941s][10128][14572][info][gc,reloc    ] GC(21) y: Large Pages:                    0            0            0           0M           0M           0M 
[2026-06-26T13:33:48.993-0300][27.941s][10128][14572][info][gc,reloc    ] GC(21) y: Forwarding Usage: 3M
[2026-06-26T13:33:48.993-0300][27.941s][10128][14572][info][gc,reloc    ] GC(21) y: Age Table:
[2026-06-26T13:33:48.993-0300][27.941s][10128][14572][info][gc,reloc    ] GC(21) y:                    Live             Garbage             Small              Medium             Large        
[2026-06-26T13:33:48.993-0300][27.941s][10128][14572][info][gc,reloc    ] GC(21) y: Eden               4M (0%)          433M (14%)        219 / 191            0 / 0              0 / 0        
[2026-06-26T13:33:48.993-0300][27.941s][10128][14572][info][gc,reloc    ] GC(21) y: Survivor 1         9M (0%)           66M (2%)           6 / 1              2 / 1              0 / 0        
[2026-06-26T13:33:48.993-0300][27.941s][10128][14572][info][gc,reloc    ] GC(21) y: Survivor 2         8M (0%)           35M (1%)           6 / 1              1 / 1              0 / 0        
[2026-06-26T13:33:48.993-0300][27.941s][10128][14572][info][gc,reloc    ] GC(21) y: Survivor 3         8M (0%)            5M (0%)           7 / 3              0 / 0              0 / 0        
[2026-06-26T13:33:48.993-0300][27.941s][10128][14572][info][gc,heap     ] GC(21) y: Min Capacity: 8M(0%)
[2026-06-26T13:33:48.993-0300][27.941s][10128][14572][info][gc,heap     ] GC(21) y: Max Capacity: 3072M(100%)
[2026-06-26T13:33:48.993-0300][27.941s][10128][14572][info][gc,heap     ] GC(21) y: Soft Max Capacity: 3072M(100%)
[2026-06-26T13:33:48.993-0300][27.941s][10128][14572][info][gc,heap     ] GC(21) y: Heap Statistics:
[2026-06-26T13:33:48.993-0300][27.941s][10128][14572][info][gc,heap     ] GC(21) y:                Mark Start          Mark End        Relocate Start      Relocate End           High               Low         
[2026-06-26T13:33:48.993-0300][27.941s][10128][14572][info][gc,heap     ] GC(21) y:  Capacity:     3072M (100%)       3072M (100%)       3072M (100%)       3072M (100%)       3072M (100%)       3072M (100%)   
[2026-06-26T13:33:48.993-0300][27.941s][10128][14572][info][gc,heap     ] GC(21) y:      Free:     1634M (53%)        1104M (36%)        1064M (35%)        1368M (45%)        1634M (53%)        1028M (33%)    
[2026-06-26T13:33:48.993-0300][27.941s][10128][14572][info][gc,heap     ] GC(21) y:      Used:     1438M (47%)        1968M (64%)        2008M (65%)        1704M (55%)        2044M (67%)        1438M (47%)    
[2026-06-26T13:33:48.993-0300][27.941s][10128][14572][info][gc,heap     ] GC(21) y: Young Generation Statistics:
[2026-06-26T13:33:48.993-0300][27.941s][10128][14572][info][gc,heap     ] GC(21) y:                Mark Start          Mark End        Relocate Start      Relocate End    
[2026-06-26T13:33:48.993-0300][27.941s][10128][14572][info][gc,heap     ] GC(21) y:      Used:      572M (19%)        1102M (36%)        1120M (36%)         774M (25%)    
[2026-06-26T13:33:48.993-0300][27.941s][10128][14572][info][gc,heap     ] GC(21) y:      Live:         -                31M (1%)           11M (0%)            4M (0%)     
[2026-06-26T13:33:48.993-0300][27.941s][10128][14572][info][gc,heap     ] GC(21) y:   Garbage:         -               540M (18%)         488M (16%)           0M (0%)     
[2026-06-26T13:33:48.993-0300][27.941s][10128][14572][info][gc,heap     ] GC(21) y: Allocated:         -               530M (17%)         620M (20%)         769M (25%)    
[2026-06-26T13:33:48.993-0300][27.941s][10128][14572][info][gc,heap     ] GC(21) y: Reclaimed:         -                  -                52M (2%)          540M (18%)    
[2026-06-26T13:33:48.993-0300][27.941s][10128][14572][info][gc,heap     ] GC(21) y:  Promoted:         -                  -                19M (1%)           27M (1%)     
[2026-06-26T13:33:48.993-0300][27.941s][10128][14572][info][gc,heap     ] GC(21) y: Compacted:         -                  -                  -                 4M (0%)     
[2026-06-26T13:33:48.993-0300][27.941s][10128][14572][info][gc,phases   ] GC(21) y: Young Generation 1438M(47%)->1704M(55%) 0.110s
[2026-06-26T13:33:48.993-0300][27.941s][10128][14572][info][gc          ] GC(21) Minor Collection (Allocation Rate) 1436M(47%)->1706M(56%) 0.111s
[2026-06-26T13:33:48.993-0300][27.941s][10128][14572][info][gc          ] GC(22) Minor Collection (Allocation Rate)
[2026-06-26T13:33:48.993-0300][27.941s][10128][14572][info][gc,task     ] GC(22) Using 2 Workers for Young Generation
[2026-06-26T13:33:48.993-0300][27.941s][10128][14572][info][gc,phases   ] GC(22) y: Young Generation
[2026-06-26T13:33:48.993-0300][27.941s][10128][8556 ][info][gc,phases   ] GC(22) y: Pause Mark Start 0.017ms
[2026-06-26T13:33:49.033-0300][27.981s][10128][14572][info][gc,phases   ] GC(22) y: Concurrent Mark 39.164ms
[2026-06-26T13:33:49.033-0300][27.981s][10128][8556 ][info][gc,phases   ] GC(22) y: Pause Mark End 0.024ms
[2026-06-26T13:33:49.033-0300][27.981s][10128][14572][info][gc,phases   ] GC(22) y: Concurrent Mark Free 0.012ms
[2026-06-26T13:33:49.033-0300][27.981s][10128][14572][info][gc,phases   ] GC(22) y: Concurrent Reset Relocation Set 0.043ms
[2026-06-26T13:33:49.033-0300][27.981s][10128][14572][info][gc,reloc    ] GC(22) y: Using tenuring threshold: 2 (Computed)
[2026-06-26T13:33:49.033-0300][27.981s][10128][14572][info][gc,phases   ] GC(22) y: Concurrent Select Relocation Set 0.648ms
[2026-06-26T13:33:49.034-0300][27.982s][10128][8556 ][info][gc,phases   ] GC(22) y: Pause Relocate Start 0.016ms
[2026-06-26T13:33:49.042-0300][27.990s][10128][14572][info][gc,phases   ] GC(22) y: Concurrent Relocate 8.315ms
[2026-06-26T13:33:49.042-0300][27.990s][10128][14572][info][gc,alloc    ] GC(22) y:                         Mark Start        Mark End      Relocate Start    Relocate End   
[2026-06-26T13:33:49.042-0300][27.990s][10128][14572][info][gc,alloc    ] GC(22) y: Allocation Stalls:          0                0                0                0         
[2026-06-26T13:33:49.042-0300][27.990s][10128][14572][info][gc,load     ] GC(22) y: Load: 0.00 (0%) / 0.00 (0%) / 0.00 (0%)
[2026-06-26T13:33:49.042-0300][27.990s][10128][14572][info][gc,mmu      ] GC(22) y: MMU: 2ms/98.0%, 5ms/98.8%, 10ms/99.4%, 20ms/99.7%, 50ms/99.8%, 100ms/99.8%
[2026-06-26T13:33:49.042-0300][27.990s][10128][14572][info][gc,marking  ] GC(22) y: Mark: 2 stripe(s), 4 proactive flush(es), 1 terminate flush(es), 0 completion(s), 0 continuation(s) 
[2026-06-26T13:33:49.042-0300][27.990s][10128][14572][info][gc,nmethod  ] GC(22) y: NMethods: 10724 registered, 0 unregistered
[2026-06-26T13:33:49.042-0300][27.990s][10128][14572][info][gc,metaspace] GC(22) y: Metaspace: 61M used, 62M committed, 1088M reserved
[2026-06-26T13:33:49.042-0300][27.990s][10128][14572][info][gc,reloc    ] GC(22) y:                        Candidates     Selected     In-Place         Size        Empty    Relocated 
[2026-06-26T13:33:49.042-0300][27.990s][10128][14572][info][gc,reloc    ] GC(22) y: Small Pages:                  372          319            0         744M          84M           8M 
[2026-06-26T13:33:49.042-0300][27.990s][10128][14572][info][gc,reloc    ] GC(22) y: Medium Pages:                   1            0            0          32M           0M           0M 
[2026-06-26T13:33:49.042-0300][27.990s][10128][14572][info][gc,reloc    ] GC(22) y: Large Pages:                    0            0            0           0M           0M           0M 
[2026-06-26T13:33:49.042-0300][27.990s][10128][14572][info][gc,reloc    ] GC(22) y: Forwarding Usage: 3M
[2026-06-26T13:33:49.042-0300][27.990s][10128][14572][info][gc,reloc    ] GC(22) y: Age Table:
[2026-06-26T13:33:49.042-0300][27.990s][10128][14572][info][gc,reloc    ] GC(22) y:                    Live             Garbage             Small              Medium             Large        
[2026-06-26T13:33:49.042-0300][27.990s][10128][14572][info][gc,reloc    ] GC(22) y: Eden              14M (0%)          753M (25%)        368 / 317            1 / 0              0 / 0        
[2026-06-26T13:33:49.042-0300][27.990s][10128][14572][info][gc,reloc    ] GC(22) y: Survivor 1         4M (0%)            3M (0%)           4 / 2              0 / 0              0 / 0        
[2026-06-26T13:33:49.042-0300][27.990s][10128][14572][info][gc,heap     ] GC(22) y: Min Capacity: 8M(0%)
[2026-06-26T13:33:49.042-0300][27.990s][10128][14572][info][gc,heap     ] GC(22) y: Max Capacity: 3072M(100%)
[2026-06-26T13:33:49.042-0300][27.990s][10128][14572][info][gc,heap     ] GC(22) y: Soft Max Capacity: 3072M(100%)
[2026-06-26T13:33:49.042-0300][27.990s][10128][14572][info][gc,heap     ] GC(22) y: Heap Statistics:
[2026-06-26T13:33:49.042-0300][27.990s][10128][14572][info][gc,heap     ] GC(22) y:                Mark Start          Mark End        Relocate Start      Relocate End           High               Low         
[2026-06-26T13:33:49.042-0300][27.990s][10128][14572][info][gc,heap     ] GC(22) y:  Capacity:     3072M (100%)       3072M (100%)       3072M (100%)       3072M (100%)       3072M (100%)       3072M (100%)   
[2026-06-26T13:33:49.042-0300][27.990s][10128][14572][info][gc,heap     ] GC(22) y:      Free:     1366M (44%)        1092M (36%)        1170M (38%)        1738M (57%)        1768M (58%)        1090M (35%)    
[2026-06-26T13:33:49.042-0300][27.990s][10128][14572][info][gc,heap     ] GC(22) y:      Used:     1706M (56%)        1980M (64%)        1902M (62%)        1334M (43%)        1982M (65%)        1304M (42%)    
[2026-06-26T13:33:49.042-0300][27.990s][10128][14572][info][gc,heap     ] GC(22) y: Young Generation Statistics:
[2026-06-26T13:33:49.042-0300][27.990s][10128][14572][info][gc,heap     ] GC(22) y:                Mark Start          Mark End        Relocate Start      Relocate End    
[2026-06-26T13:33:49.042-0300][27.990s][10128][14572][info][gc,heap     ] GC(22) y:      Used:      776M (25%)        1050M (34%)         972M (32%)         404M (13%)    
[2026-06-26T13:33:49.042-0300][27.990s][10128][14572][info][gc,heap     ] GC(22) y:      Live:         -                18M (1%)           18M (1%)           18M (1%)     
[2026-06-26T13:33:49.042-0300][27.990s][10128][14572][info][gc,heap     ] GC(22) y:   Garbage:         -               757M (25%)         673M (22%)          33M (1%)     
[2026-06-26T13:33:49.042-0300][27.990s][10128][14572][info][gc,heap     ] GC(22) y: Allocated:         -               274M (9%)          280M (9%)          351M (11%)    
[2026-06-26T13:33:49.042-0300][27.990s][10128][14572][info][gc,heap     ] GC(22) y: Reclaimed:         -                  -                84M (3%)          723M (24%)    
[2026-06-26T13:33:49.042-0300][27.990s][10128][14572][info][gc,heap     ] GC(22) y:  Promoted:         -                  -                 0M (0%)            0M (0%)     
[2026-06-26T13:33:49.042-0300][27.990s][10128][14572][info][gc,heap     ] GC(22) y: Compacted:         -                  -                  -                12M (0%)     
[2026-06-26T13:33:49.042-0300][27.990s][10128][14572][info][gc,phases   ] GC(22) y: Young Generation 1706M(56%)->1334M(43%) 0.049s
[2026-06-26T13:33:49.042-0300][27.990s][10128][14572][info][gc          ] GC(22) Minor Collection (Allocation Rate) 1706M(56%)->1340M(44%) 0.049s
[2026-06-26T13:33:49.042-0300][27.991s][10128][14572][info][gc          ] GC(23) Minor Collection (Allocation Rate)
[2026-06-26T13:33:49.042-0300][27.991s][10128][14572][info][gc,task     ] GC(23) Using 2 Workers for Young Generation
[2026-06-26T13:33:49.043-0300][27.991s][10128][14572][info][gc,phases   ] GC(23) y: Young Generation
[2026-06-26T13:33:49.046-0300][27.994s][10128][8556 ][info][gc,phases   ] GC(23) y: Pause Mark Start 0.022ms
[2026-06-26T13:33:49.091-0300][28.038s][10128][14572][info][gc,phases   ] GC(23) y: Concurrent Mark 44.560ms
[2026-06-26T13:33:49.091-0300][28.038s][10128][8556 ][info][gc,phases   ] GC(23) y: Pause Mark End 0.025ms
[2026-06-26T13:33:49.091-0300][28.039s][10128][14572][info][gc,phases   ] GC(23) y: Concurrent Mark Free 0.007ms
[2026-06-26T13:33:49.091-0300][28.039s][10128][14572][info][gc,phases   ] GC(23) y: Concurrent Reset Relocation Set 0.026ms
[2026-06-26T13:33:49.091-0300][28.039s][10128][14572][info][gc,reloc    ] GC(23) y: Using tenuring threshold: 2 (Computed)
[2026-06-26T13:33:49.094-0300][28.042s][10128][14572][info][gc,phases   ] GC(23) y: Concurrent Select Relocation Set 3.788ms
[2026-06-26T13:33:49.094-0300][28.043s][10128][8556 ][info][gc,phases   ] GC(23) y: Pause Relocate Start 0.018ms
[2026-06-26T13:33:49.105-0300][28.053s][10128][14572][info][gc,phases   ] GC(23) y: Concurrent Relocate 10.656ms
[2026-06-26T13:33:49.106-0300][28.053s][10128][14572][info][gc,alloc    ] GC(23) y:                         Mark Start        Mark End      Relocate Start    Relocate End   
[2026-06-26T13:33:49.106-0300][28.053s][10128][14572][info][gc,alloc    ] GC(23) y: Allocation Stalls:          0                0                0                0         
[2026-06-26T13:33:49.106-0300][28.053s][10128][14572][info][gc,load     ] GC(23) y: Load: 0.00 (0%) / 0.00 (0%) / 0.00 (0%)
[2026-06-26T13:33:49.106-0300][28.053s][10128][14572][info][gc,mmu      ] GC(23) y: MMU: 2ms/98.0%, 5ms/98.8%, 10ms/99.4%, 20ms/99.7%, 50ms/99.8%, 100ms/99.8%
[2026-06-26T13:33:49.106-0300][28.053s][10128][14572][info][gc,marking  ] GC(23) y: Mark: 2 stripe(s), 2 proactive flush(es), 1 terminate flush(es), 0 completion(s), 0 continuation(s) 
[2026-06-26T13:33:49.106-0300][28.053s][10128][14572][info][gc,nmethod  ] GC(23) y: NMethods: 10724 registered, 0 unregistered
[2026-06-26T13:33:49.106-0300][28.053s][10128][14572][info][gc,metaspace] GC(23) y: Metaspace: 61M used, 62M committed, 1088M reserved
[2026-06-26T13:33:49.106-0300][28.053s][10128][14572][info][gc,reloc    ] GC(23) y:                        Candidates     Selected     In-Place         Size        Empty    Relocated 
[2026-06-26T13:33:49.106-0300][28.054s][10128][14572][info][gc,reloc    ] GC(23) y: Small Pages:                  185          154            0         370M          36M           5M 
[2026-06-26T13:33:49.106-0300][28.054s][10128][14572][info][gc,reloc    ] GC(23) y: Medium Pages:                   2            1            0          64M           0M           1M 
[2026-06-26T13:33:49.106-0300][28.054s][10128][14572][info][gc,reloc    ] GC(23) y: Large Pages:                    0            0            0           0M           0M           0M 
[2026-06-26T13:33:49.106-0300][28.054s][10128][14572][info][gc,reloc    ] GC(23) y: Forwarding Usage: 3M
[2026-06-26T13:33:49.106-0300][28.054s][10128][14572][info][gc,reloc    ] GC(23) y: Age Table:
[2026-06-26T13:33:49.106-0300][28.054s][10128][14572][info][gc,reloc    ] GC(23) y:                    Live             Garbage             Small              Medium             Large        
[2026-06-26T13:33:49.106-0300][28.054s][10128][14572][info][gc,reloc    ] GC(23) y: Eden               6M (0%)          365M (12%)        170 / 149            1 / 1              0 / 0        
[2026-06-26T13:33:49.106-0300][28.054s][10128][14572][info][gc,reloc    ] GC(23) y: Survivor 1        13M (0%)           38M (1%)          10 / 3              1 / 0              0 / 0        
[2026-06-26T13:33:49.106-0300][28.054s][10128][14572][info][gc,reloc    ] GC(23) y: Survivor 2         4M (0%)            5M (0%)           5 / 2              0 / 0              0 / 0        
[2026-06-26T13:33:49.106-0300][28.054s][10128][14572][info][gc,heap     ] GC(23) y: Min Capacity: 8M(0%)
[2026-06-26T13:33:49.106-0300][28.054s][10128][14572][info][gc,heap     ] GC(23) y: Max Capacity: 3072M(100%)
[2026-06-26T13:33:49.106-0300][28.054s][10128][14572][info][gc,heap     ] GC(23) y: Soft Max Capacity: 3072M(100%)
[2026-06-26T13:33:49.106-0300][28.054s][10128][14572][info][gc,heap     ] GC(23) y: Heap Statistics:
[2026-06-26T13:33:49.106-0300][28.054s][10128][14572][info][gc,heap     ] GC(23) y:                Mark Start          Mark End        Relocate Start      Relocate End           High               Low         
[2026-06-26T13:33:49.106-0300][28.054s][10128][14572][info][gc,heap     ] GC(23) y:  Capacity:     3072M (100%)       3072M (100%)       3072M (100%)       3072M (100%)       3072M (100%)       3072M (100%)   
[2026-06-26T13:33:49.106-0300][28.054s][10128][14572][info][gc,heap     ] GC(23) y:      Free:     1708M (56%)        1418M (46%)        1420M (46%)        1608M (52%)        1708M (56%)        1322M (43%)    
[2026-06-26T13:33:49.106-0300][28.054s][10128][14572][info][gc,heap     ] GC(23) y:      Used:     1364M (44%)        1654M (54%)        1652M (54%)        1464M (48%)        1750M (57%)        1364M (44%)    
[2026-06-26T13:33:49.106-0300][28.054s][10128][14572][info][gc,heap     ] GC(23) y: Young Generation Statistics:
[2026-06-26T13:33:49.106-0300][28.054s][10128][14572][info][gc,heap     ] GC(23) y:                Mark Start          Mark End        Relocate Start      Relocate End    
[2026-06-26T13:33:49.106-0300][28.054s][10128][14572][info][gc,heap     ] GC(23) y:      Used:      434M (14%)         724M (24%)         720M (23%)         528M (17%)    
[2026-06-26T13:33:49.106-0300][28.054s][10128][14572][info][gc,heap     ] GC(23) y:      Live:         -                25M (1%)           23M (1%)           20M (1%)     
[2026-06-26T13:33:49.106-0300][28.054s][10128][14572][info][gc,heap     ] GC(23) y:   Garbage:         -               408M (13%)         372M (12%)           1M (0%)     
[2026-06-26T13:33:49.106-0300][28.054s][10128][14572][info][gc,heap     ] GC(23) y: Allocated:         -               290M (9%)          324M (11%)         506M (16%)    
[2026-06-26T13:33:49.106-0300][28.054s][10128][14572][info][gc,heap     ] GC(23) y: Reclaimed:         -                  -                36M (1%)          407M (13%)    
[2026-06-26T13:33:49.106-0300][28.054s][10128][14572][info][gc,heap     ] GC(23) y:  Promoted:         -                  -                 1M (0%)            4M (0%)     
[2026-06-26T13:33:49.106-0300][28.054s][10128][14572][info][gc,heap     ] GC(23) y: Compacted:         -                  -                  -                 9M (0%)     
[2026-06-26T13:33:49.106-0300][28.054s][10128][14572][info][gc,phases   ] GC(23) y: Young Generation 1340M(44%)->1464M(48%) 0.063s
[2026-06-26T13:33:49.106-0300][28.054s][10128][14572][info][gc          ] GC(23) Minor Collection (Allocation Rate) 1340M(44%)->1470M(48%) 0.063s
[2026-06-26T13:33:49.118-0300][28.066s][10128][14572][info][gc          ] GC(24) Minor Collection (Allocation Rate)
[2026-06-26T13:33:49.118-0300][28.066s][10128][14572][info][gc,task     ] GC(24) Using 2 Workers for Young Generation
[2026-06-26T13:33:49.118-0300][28.066s][10128][14572][info][gc,phases   ] GC(24) y: Young Generation
[2026-06-26T13:33:49.118-0300][28.067s][10128][8556 ][info][gc,phases   ] GC(24) y: Pause Mark Start 0.016ms
[2026-06-26T13:33:49.201-0300][28.148s][10128][14572][info][gc,phases   ] GC(24) y: Concurrent Mark 81.745ms
[2026-06-26T13:33:49.201-0300][28.148s][10128][8556 ][info][gc,phases   ] GC(24) y: Pause Mark End 0.017ms
[2026-06-26T13:33:49.201-0300][28.149s][10128][14572][info][gc,phases   ] GC(24) y: Concurrent Mark Free 0.005ms
[2026-06-26T13:33:49.201-0300][28.149s][10128][14572][info][gc,phases   ] GC(24) y: Concurrent Reset Relocation Set 0.023ms
[2026-06-26T13:33:49.201-0300][28.149s][10128][14572][info][gc,reloc    ] GC(24) y: Using tenuring threshold: 1 (Computed)
[2026-06-26T13:33:49.207-0300][28.156s][10128][14572][info][gc,phases   ] GC(24) y: Concurrent Select Relocation Set 7.055ms
[2026-06-26T13:33:49.208-0300][28.156s][10128][8556 ][info][gc,phases   ] GC(24) y: Pause Relocate Start 0.015ms
[2026-06-26T13:33:49.225-0300][28.173s][10128][14572][info][gc,phases   ] GC(24) y: Concurrent Relocate 17.477ms
[2026-06-26T13:33:49.225-0300][28.174s][10128][14572][info][gc,alloc    ] GC(24) y:                         Mark Start        Mark End      Relocate Start    Relocate End   
[2026-06-26T13:33:49.225-0300][28.174s][10128][14572][info][gc,alloc    ] GC(24) y: Allocation Stalls:          0                0                0                0         
[2026-06-26T13:33:49.225-0300][28.174s][10128][14572][info][gc,load     ] GC(24) y: Load: 0.00 (0%) / 0.00 (0%) / 0.00 (0%)
[2026-06-26T13:33:49.225-0300][28.174s][10128][14572][info][gc,mmu      ] GC(24) y: MMU: 2ms/98.0%, 5ms/98.8%, 10ms/99.4%, 20ms/99.7%, 50ms/99.8%, 100ms/99.8%
[2026-06-26T13:33:49.225-0300][28.174s][10128][14572][info][gc,marking  ] GC(24) y: Mark: 2 stripe(s), 2 proactive flush(es), 1 terminate flush(es), 0 completion(s), 0 continuation(s) 
[2026-06-26T13:33:49.225-0300][28.174s][10128][14572][info][gc,nmethod  ] GC(24) y: NMethods: 10730 registered, 0 unregistered
[2026-06-26T13:33:49.225-0300][28.174s][10128][14572][info][gc,metaspace] GC(24) y: Metaspace: 61M used, 62M committed, 1088M reserved
[2026-06-26T13:33:49.225-0300][28.174s][10128][14572][info][gc,reloc    ] GC(24) y:                        Candidates     Selected     In-Place         Size        Empty    Relocated 
[2026-06-26T13:33:49.225-0300][28.174s][10128][14572][info][gc,reloc    ] GC(24) y: Small Pages:                  258          212            0         516M          60M           6M 
[2026-06-26T13:33:49.225-0300][28.174s][10128][14572][info][gc,reloc    ] GC(24) y: Medium Pages:                   4            3            0         128M           0M           3M 
[2026-06-26T13:33:49.225-0300][28.174s][10128][14572][info][gc,reloc    ] GC(24) y: Large Pages:                    0            0            0           0M           0M           0M 
[2026-06-26T13:33:49.225-0300][28.174s][10128][14572][info][gc,reloc    ] GC(24) y: Forwarding Usage: 2M
[2026-06-26T13:33:49.225-0300][28.174s][10128][14572][info][gc,reloc    ] GC(24) y: Age Table:
[2026-06-26T13:33:49.225-0300][28.174s][10128][14572][info][gc,reloc    ] GC(24) y:                    Live             Garbage             Small              Medium             Large        
[2026-06-26T13:33:49.225-0300][28.174s][10128][14572][info][gc,reloc    ] GC(24) y: Eden              10M (0%)          511M (17%)        245 / 209            1 / 1              0 / 0        
[2026-06-26T13:33:49.225-0300][28.174s][10128][14572][info][gc,reloc    ] GC(24) y: Survivor 1         6M (0%)           65M (2%)           4 / 1              2 / 1              0 / 0        
[2026-06-26T13:33:49.225-0300][28.174s][10128][14572][info][gc,reloc    ] GC(24) y: Survivor 2        13M (0%)           36M (1%)           9 / 2              1 / 1              0 / 0        
[2026-06-26T13:33:49.225-0300][28.174s][10128][14572][info][gc,heap     ] GC(24) y: Min Capacity: 8M(0%)
[2026-06-26T13:33:49.225-0300][28.174s][10128][14572][info][gc,heap     ] GC(24) y: Max Capacity: 3072M(100%)
[2026-06-26T13:33:49.225-0300][28.174s][10128][14572][info][gc,heap     ] GC(24) y: Soft Max Capacity: 3072M(100%)
[2026-06-26T13:33:49.225-0300][28.174s][10128][14572][info][gc,heap     ] GC(24) y: Heap Statistics:
[2026-06-26T13:33:49.225-0300][28.174s][10128][14572][info][gc,heap     ] GC(24) y:                Mark Start          Mark End        Relocate Start      Relocate End           High               Low         
[2026-06-26T13:33:49.225-0300][28.174s][10128][14572][info][gc,heap     ] GC(24) y:  Capacity:     3072M (100%)       3072M (100%)       3072M (100%)       3072M (100%)       3072M (100%)       3072M (100%)   
[2026-06-26T13:33:49.225-0300][28.174s][10128][14572][info][gc,heap     ] GC(24) y:      Free:     1492M (49%)         988M (32%)        1014M (33%)        1362M (44%)        1492M (49%)         944M (31%)    
[2026-06-26T13:33:49.225-0300][28.174s][10128][14572][info][gc,heap     ] GC(24) y:      Used:     1580M (51%)        2084M (68%)        2058M (67%)        1710M (56%)        2128M (69%)        1580M (51%)    
[2026-06-26T13:33:49.225-0300][28.174s][10128][14572][info][gc,heap     ] GC(24) y: Young Generation Statistics:
[2026-06-26T13:33:49.225-0300][28.174s][10128][14572][info][gc,heap     ] GC(24) y:                Mark Start          Mark End        Relocate Start      Relocate End    
[2026-06-26T13:33:49.225-0300][28.174s][10128][14572][info][gc,heap     ] GC(24) y:      Used:      644M (21%)        1148M (37%)        1102M (36%)         720M (23%)    
[2026-06-26T13:33:49.226-0300][28.174s][10128][14572][info][gc,heap     ] GC(24) y:      Live:         -                31M (1%)           13M (0%)           10M (0%)     
[2026-06-26T13:33:49.226-0300][28.174s][10128][14572][info][gc,heap     ] GC(24) y:   Garbage:         -               612M (20%)         550M (18%)           0M (0%)     
[2026-06-26T13:33:49.226-0300][28.174s][10128][14572][info][gc,heap     ] GC(24) y: Allocated:         -               504M (16%)         538M (18%)         708M (23%)    
[2026-06-26T13:33:49.226-0300][28.174s][10128][14572][info][gc,heap     ] GC(24) y: Reclaimed:         -                  -                61M (2%)          611M (20%)    
[2026-06-26T13:33:49.226-0300][28.174s][10128][14572][info][gc,heap     ] GC(24) y:  Promoted:         -                  -                18M (1%)           20M (1%)     
[2026-06-26T13:33:49.226-0300][28.174s][10128][14572][info][gc,heap     ] GC(24) y: Compacted:         -                  -                  -                 9M (0%)     
[2026-06-26T13:33:49.226-0300][28.174s][10128][14572][info][gc,phases   ] GC(24) y: Young Generation 1580M(51%)->1710M(56%) 0.107s
[2026-06-26T13:33:49.226-0300][28.174s][10128][14572][info][gc          ] GC(24) Minor Collection (Allocation Rate) 1576M(51%)->1714M(56%) 0.108s
[2026-06-26T13:33:49.226-0300][28.174s][10128][14572][info][gc          ] GC(25) Minor Collection (Allocation Rate)
[2026-06-26T13:33:49.226-0300][28.174s][10128][14572][info][gc,task     ] GC(25) Using 2 Workers for Young Generation
[2026-06-26T13:33:49.226-0300][28.174s][10128][14572][info][gc,phases   ] GC(25) y: Young Generation
[2026-06-26T13:33:49.226-0300][28.174s][10128][8556 ][info][gc,phases   ] GC(25) y: Pause Mark Start 0.016ms
[2026-06-26T13:33:49.296-0300][28.244s][10128][14572][info][gc,phases   ] GC(25) y: Concurrent Mark 69.218ms
[2026-06-26T13:33:49.296-0300][28.244s][10128][8556 ][info][gc,phases   ] GC(25) y: Pause Mark End 0.036ms
[2026-06-26T13:33:49.296-0300][28.244s][10128][14572][info][gc,phases   ] GC(25) y: Concurrent Mark Free 0.013ms
[2026-06-26T13:33:49.296-0300][28.244s][10128][14572][info][gc,phases   ] GC(25) y: Concurrent Reset Relocation Set 0.043ms
[2026-06-26T13:33:49.296-0300][28.244s][10128][14572][info][gc,reloc    ] GC(25) y: Using tenuring threshold: 2 (Computed)
[2026-06-26T13:33:49.297-0300][28.244s][10128][14572][info][gc,phases   ] GC(25) y: Concurrent Select Relocation Set 0.571ms
[2026-06-26T13:33:49.297-0300][28.245s][10128][8556 ][info][gc,phases   ] GC(25) y: Pause Relocate Start 0.014ms
[2026-06-26T13:33:49.303-0300][28.251s][10128][14572][info][gc,phases   ] GC(25) y: Concurrent Relocate 5.968ms
[2026-06-26T13:33:49.303-0300][28.251s][10128][14572][info][gc,alloc    ] GC(25) y:                         Mark Start        Mark End      Relocate Start    Relocate End   
[2026-06-26T13:33:49.303-0300][28.251s][10128][14572][info][gc,alloc    ] GC(25) y: Allocation Stalls:          0                0                0                0         
[2026-06-26T13:33:49.303-0300][28.251s][10128][14572][info][gc,load     ] GC(25) y: Load: 0.00 (0%) / 0.00 (0%) / 0.00 (0%)
[2026-06-26T13:33:49.303-0300][28.251s][10128][14572][info][gc,mmu      ] GC(25) y: MMU: 2ms/97.5%, 5ms/98.8%, 10ms/99.4%, 20ms/99.7%, 50ms/99.8%, 100ms/99.8%
[2026-06-26T13:33:49.303-0300][28.251s][10128][14572][info][gc,marking  ] GC(25) y: Mark: 2 stripe(s), 2 proactive flush(es), 1 terminate flush(es), 0 completion(s), 0 continuation(s) 
[2026-06-26T13:33:49.303-0300][28.251s][10128][14572][info][gc,nmethod  ] GC(25) y: NMethods: 10734 registered, 0 unregistered
[2026-06-26T13:33:49.303-0300][28.251s][10128][14572][info][gc,metaspace] GC(25) y: Metaspace: 61M used, 62M committed, 1088M reserved
[2026-06-26T13:33:49.303-0300][28.251s][10128][14572][info][gc,reloc    ] GC(25) y:                        Candidates     Selected     In-Place         Size        Empty    Relocated 
[2026-06-26T13:33:49.303-0300][28.251s][10128][14572][info][gc,reloc    ] GC(25) y: Small Pages:                  315          263            0         630M          74M           5M 
[2026-06-26T13:33:49.303-0300][28.251s][10128][14572][info][gc,reloc    ] GC(25) y: Medium Pages:                   3            2            0          96M           0M           1M 
[2026-06-26T13:33:49.303-0300][28.251s][10128][14572][info][gc,reloc    ] GC(25) y: Large Pages:                    0            0            0           0M           0M           0M 
[2026-06-26T13:33:49.303-0300][28.251s][10128][14572][info][gc,reloc    ] GC(25) y: Forwarding Usage: 2M
[2026-06-26T13:33:49.303-0300][28.251s][10128][14572][info][gc,reloc    ] GC(25) y: Age Table:
[2026-06-26T13:33:49.303-0300][28.251s][10128][14572][info][gc,reloc    ] GC(25) y:                    Live             Garbage             Small              Medium             Large        
[2026-06-26T13:33:49.303-0300][28.251s][10128][14572][info][gc,reloc    ] GC(25) y: Eden              16M (1%)          631M (21%)        308 / 261            1 / 0              0 / 0        
[2026-06-26T13:33:49.303-0300][28.251s][10128][14572][info][gc,reloc    ] GC(25) y: Survivor 1        10M (0%)           67M (2%)           7 / 2              2 / 2              0 / 0        
[2026-06-26T13:33:49.303-0300][28.251s][10128][14572][info][gc,heap     ] GC(25) y: Min Capacity: 8M(0%)
[2026-06-26T13:33:49.303-0300][28.251s][10128][14572][info][gc,heap     ] GC(25) y: Max Capacity: 3072M(100%)
[2026-06-26T13:33:49.303-0300][28.251s][10128][14572][info][gc,heap     ] GC(25) y: Soft Max Capacity: 3072M(100%)
[2026-06-26T13:33:49.303-0300][28.251s][10128][14572][info][gc,heap     ] GC(25) y: Heap Statistics:
[2026-06-26T13:33:49.303-0300][28.251s][10128][14572][info][gc,heap     ] GC(25) y:                Mark Start          Mark End        Relocate Start      Relocate End           High               Low         
[2026-06-26T13:33:49.303-0300][28.251s][10128][14572][info][gc,heap     ] GC(25) y:  Capacity:     3072M (100%)       3072M (100%)       3072M (100%)       3072M (100%)       3072M (100%)       3072M (100%)   
[2026-06-26T13:33:49.303-0300][28.251s][10128][14572][info][gc,heap     ] GC(25) y:      Free:     1356M (44%)         886M (29%)         956M (31%)        1448M (47%)        1462M (48%)         860M (28%)    
[2026-06-26T13:33:49.303-0300][28.251s][10128][14572][info][gc,heap     ] GC(25) y:      Used:     1716M (56%)        2186M (71%)        2116M (69%)        1624M (53%)        2212M (72%)        1610M (52%)    
[2026-06-26T13:33:49.303-0300][28.251s][10128][14572][info][gc,heap     ] GC(25) y: Young Generation Statistics:
[2026-06-26T13:33:49.303-0300][28.251s][10128][14572][info][gc,heap     ] GC(25) y:                Mark Start          Mark End        Relocate Start      Relocate End    
[2026-06-26T13:33:49.303-0300][28.251s][10128][14572][info][gc,heap     ] GC(25) y:      Used:      726M (24%)        1196M (39%)        1126M (37%)         634M (21%)    
[2026-06-26T13:33:49.303-0300][28.251s][10128][14572][info][gc,heap     ] GC(25) y:      Live:         -                26M (1%)           26M (1%)           26M (1%)     
[2026-06-26T13:33:49.303-0300][28.251s][10128][14572][info][gc,heap     ] GC(25) y:   Garbage:         -               699M (23%)         625M (20%)           3M (0%)     
[2026-06-26T13:33:49.303-0300][28.251s][10128][14572][info][gc,heap     ] GC(25) y: Allocated:         -               470M (15%)         474M (15%)         603M (20%)    
[2026-06-26T13:33:49.303-0300][28.251s][10128][14572][info][gc,heap     ] GC(25) y: Reclaimed:         -                  -                74M (2%)          695M (23%)    
[2026-06-26T13:33:49.303-0300][28.251s][10128][14572][info][gc,heap     ] GC(25) y:  Promoted:         -                  -                 0M (0%)            0M (0%)     
[2026-06-26T13:33:49.303-0300][28.251s][10128][14572][info][gc,heap     ] GC(25) y: Compacted:         -                  -                  -                10M (0%)     
[2026-06-26T13:33:49.303-0300][28.251s][10128][14572][info][gc,phases   ] GC(25) y: Young Generation 1716M(56%)->1624M(53%) 0.077s
[2026-06-26T13:33:49.303-0300][28.251s][10128][14572][info][gc          ] GC(25) Minor Collection (Allocation Rate) 1716M(56%)->1624M(53%) 0.077s
[2026-06-26T13:33:49.303-0300][28.251s][10128][14572][info][gc          ] GC(26) Minor Collection (Allocation Rate)
[2026-06-26T13:33:49.303-0300][28.251s][10128][14572][info][gc,task     ] GC(26) Using 2 Workers for Young Generation
[2026-06-26T13:33:49.303-0300][28.251s][10128][14572][info][gc,phases   ] GC(26) y: Young Generation
[2026-06-26T13:33:49.303-0300][28.251s][10128][8556 ][info][gc,phases   ] GC(26) y: Pause Mark Start 0.017ms
[2026-06-26T13:33:49.357-0300][28.305s][10128][14572][info][gc,phases   ] GC(26) y: Concurrent Mark 53.687ms
[2026-06-26T13:33:49.357-0300][28.305s][10128][8556 ][info][gc,phases   ] GC(26) y: Pause Mark End 0.023ms
[2026-06-26T13:33:49.357-0300][28.305s][10128][14572][info][gc,phases   ] GC(26) y: Concurrent Mark Free 0.009ms
[2026-06-26T13:33:49.357-0300][28.305s][10128][14572][info][gc,phases   ] GC(26) y: Concurrent Reset Relocation Set 0.018ms
[2026-06-26T13:33:49.357-0300][28.306s][10128][14572][info][gc,reloc    ] GC(26) y: Using tenuring threshold: 2 (Computed)
[2026-06-26T13:33:49.362-0300][28.310s][10128][14572][info][gc,phases   ] GC(26) y: Concurrent Select Relocation Set 4.654ms
[2026-06-26T13:33:49.362-0300][28.310s][10128][8556 ][info][gc,phases   ] GC(26) y: Pause Relocate Start 0.017ms
[2026-06-26T13:33:49.372-0300][28.320s][10128][14572][info][gc,phases   ] GC(26) y: Concurrent Relocate 10.087ms
[2026-06-26T13:33:49.372-0300][28.320s][10128][14572][info][gc,alloc    ] GC(26) y:                         Mark Start        Mark End      Relocate Start    Relocate End   
[2026-06-26T13:33:49.373-0300][28.320s][10128][14572][info][gc,alloc    ] GC(26) y: Allocation Stalls:          0                0                0                0         
[2026-06-26T13:33:49.373-0300][28.320s][10128][14572][info][gc,load     ] GC(26) y: Load: 0.00 (0%) / 0.00 (0%) / 0.00 (0%)
[2026-06-26T13:33:49.373-0300][28.320s][10128][14572][info][gc,mmu      ] GC(26) y: MMU: 2ms/97.5%, 5ms/98.8%, 10ms/99.3%, 20ms/99.7%, 50ms/99.8%, 100ms/99.8%
[2026-06-26T13:33:49.373-0300][28.320s][10128][14572][info][gc,marking  ] GC(26) y: Mark: 2 stripe(s), 2 proactive flush(es), 1 terminate flush(es), 0 completion(s), 0 continuation(s) 
[2026-06-26T13:33:49.373-0300][28.320s][10128][14572][info][gc,nmethod  ] GC(26) y: NMethods: 10737 registered, 0 unregistered
[2026-06-26T13:33:49.373-0300][28.320s][10128][14572][info][gc,metaspace] GC(26) y: Metaspace: 61M used, 62M committed, 1088M reserved
[2026-06-26T13:33:49.373-0300][28.321s][10128][14572][info][gc,reloc    ] GC(26) y:                        Candidates     Selected     In-Place         Size        Empty    Relocated 
[2026-06-26T13:33:49.373-0300][28.321s][10128][14572][info][gc,reloc    ] GC(26) y: Small Pages:                  253          198            0         506M          68M           4M 
[2026-06-26T13:33:49.373-0300][28.321s][10128][14572][info][gc,reloc    ] GC(26) y: Medium Pages:                   4            2            0         128M          32M           2M 
[2026-06-26T13:33:49.373-0300][28.321s][10128][14572][info][gc,reloc    ] GC(26) y: Large Pages:                    0            0            0           0M           0M           0M 
[2026-06-26T13:33:49.373-0300][28.321s][10128][14572][info][gc,reloc    ] GC(26) y: Forwarding Usage: 1M
[2026-06-26T13:33:49.373-0300][28.321s][10128][14572][info][gc,reloc    ] GC(26) y: Age Table:
[2026-06-26T13:33:49.373-0300][28.321s][10128][14572][info][gc,reloc    ] GC(26) y:                    Live             Garbage             Small              Medium             Large        
[2026-06-26T13:33:49.373-0300][28.321s][10128][14572][info][gc,reloc    ] GC(26) y: Eden              10M (0%)          491M (16%)        235 / 195            1 / 1              0 / 0        
[2026-06-26T13:33:49.373-0300][28.321s][10128][14572][info][gc,reloc    ] GC(26) y: Survivor 1        15M (1%)           70M (2%)          11 / 2              2 / 0              0 / 0        
[2026-06-26T13:33:49.373-0300][28.321s][10128][14572][info][gc,reloc    ] GC(26) y: Survivor 2        10M (0%)           35M (1%)           7 / 1              1 / 1              0 / 0        
[2026-06-26T13:33:49.373-0300][28.321s][10128][14572][info][gc,heap     ] GC(26) y: Min Capacity: 8M(0%)
[2026-06-26T13:33:49.373-0300][28.321s][10128][14572][info][gc,heap     ] GC(26) y: Max Capacity: 3072M(100%)
[2026-06-26T13:33:49.373-0300][28.321s][10128][14572][info][gc,heap     ] GC(26) y: Soft Max Capacity: 3072M(100%)
[2026-06-26T13:33:49.373-0300][28.321s][10128][14572][info][gc,heap     ] GC(26) y: Heap Statistics:
[2026-06-26T13:33:49.373-0300][28.321s][10128][14572][info][gc,heap     ] GC(26) y:                Mark Start          Mark End        Relocate Start      Relocate End           High               Low         
[2026-06-26T13:33:49.373-0300][28.321s][10128][14572][info][gc,heap     ] GC(26) y:  Capacity:     3072M (100%)       3072M (100%)       3072M (100%)       3072M (100%)       3072M (100%)       3072M (100%)   
[2026-06-26T13:33:49.373-0300][28.321s][10128][14572][info][gc,heap     ] GC(26) y:      Free:     1448M (47%)        1140M (37%)        1224M (40%)        1570M (51%)        1598M (52%)        1140M (37%)    
[2026-06-26T13:33:49.373-0300][28.321s][10128][14572][info][gc,heap     ] GC(26) y:      Used:     1624M (53%)        1932M (63%)        1848M (60%)        1502M (49%)        1932M (63%)        1474M (48%)    
[2026-06-26T13:33:49.373-0300][28.321s][10128][14572][info][gc,heap     ] GC(26) y: Young Generation Statistics:
[2026-06-26T13:33:49.373-0300][28.321s][10128][14572][info][gc,heap     ] GC(26) y:                Mark Start          Mark End        Relocate Start      Relocate End    
[2026-06-26T13:33:49.373-0300][28.321s][10128][14572][info][gc,heap     ] GC(26) y:      Used:      634M (21%)         942M (31%)         848M (28%)         468M (15%)    
[2026-06-26T13:33:49.373-0300][28.321s][10128][14572][info][gc,heap     ] GC(26) y:      Live:         -                37M (1%)           28M (1%)           26M (1%)     
[2026-06-26T13:33:49.373-0300][28.321s][10128][14572][info][gc,heap     ] GC(26) y:   Garbage:         -               596M (19%)         495M (16%)           5M (0%)     
[2026-06-26T13:33:49.373-0300][28.321s][10128][14572][info][gc,heap     ] GC(26) y: Allocated:         -               308M (10%)         324M (11%)         435M (14%)    
[2026-06-26T13:33:49.373-0300][28.321s][10128][14572][info][gc,heap     ] GC(26) y: Reclaimed:         -                  -               100M (3%)          591M (19%)    
[2026-06-26T13:33:49.373-0300][28.321s][10128][14572][info][gc,heap     ] GC(26) y:  Promoted:         -                  -                 9M (0%)           10M (0%)     
[2026-06-26T13:33:49.373-0300][28.321s][10128][14572][info][gc,heap     ] GC(26) y: Compacted:         -                  -                  -                 6M (0%)     
[2026-06-26T13:33:49.373-0300][28.321s][10128][14572][info][gc,phases   ] GC(26) y: Young Generation 1624M(53%)->1502M(49%) 0.069s
[2026-06-26T13:33:49.373-0300][28.321s][10128][14572][info][gc          ] GC(26) Minor Collection (Allocation Rate) 1624M(53%)->1502M(49%) 0.070s
[2026-06-26T13:33:49.419-0300][28.367s][10128][14572][info][gc          ] GC(27) Minor Collection (Allocation Rate)
[2026-06-26T13:33:49.419-0300][28.367s][10128][14572][info][gc,task     ] GC(27) Using 2 Workers for Young Generation
[2026-06-26T13:33:49.419-0300][28.367s][10128][14572][info][gc,phases   ] GC(27) y: Young Generation
[2026-06-26T13:33:49.419-0300][28.367s][10128][8556 ][info][gc,phases   ] GC(27) y: Pause Mark Start 0.016ms
[2026-06-26T13:33:49.478-0300][28.426s][10128][14572][info][gc,phases   ] GC(27) y: Concurrent Mark 58.463ms
[2026-06-26T13:33:49.478-0300][28.426s][10128][8556 ][info][gc,phases   ] GC(27) y: Pause Mark End 0.023ms
[2026-06-26T13:33:49.478-0300][28.426s][10128][14572][info][gc,phases   ] GC(27) y: Concurrent Mark Free 0.006ms
[2026-06-26T13:33:49.478-0300][28.426s][10128][14572][info][gc,phases   ] GC(27) y: Concurrent Reset Relocation Set 0.031ms
[2026-06-26T13:33:49.478-0300][28.426s][10128][14572][info][gc,reloc    ] GC(27) y: Using tenuring threshold: 2 (Computed)
[2026-06-26T13:33:49.484-0300][28.432s][10128][14572][info][gc,phases   ] GC(27) y: Concurrent Select Relocation Set 6.245ms
[2026-06-26T13:33:49.484-0300][28.433s][10128][8556 ][info][gc,phases   ] GC(27) y: Pause Relocate Start 0.017ms
[2026-06-26T13:33:49.499-0300][28.447s][10128][14572][info][gc,phases   ] GC(27) y: Concurrent Relocate 13.673ms
[2026-06-26T13:33:49.499-0300][28.447s][10128][14572][info][gc,alloc    ] GC(27) y:                         Mark Start        Mark End      Relocate Start    Relocate End   
[2026-06-26T13:33:49.499-0300][28.447s][10128][14572][info][gc,alloc    ] GC(27) y: Allocation Stalls:          0                0                0                0         
[2026-06-26T13:33:49.499-0300][28.447s][10128][14572][info][gc,load     ] GC(27) y: Load: 0.00 (0%) / 0.00 (0%) / 0.00 (0%)
[2026-06-26T13:33:49.499-0300][28.447s][10128][14572][info][gc,mmu      ] GC(27) y: MMU: 2ms/97.5%, 5ms/98.8%, 10ms/99.3%, 20ms/99.7%, 50ms/99.8%, 100ms/99.8%
[2026-06-26T13:33:49.499-0300][28.447s][10128][14572][info][gc,marking  ] GC(27) y: Mark: 2 stripe(s), 2 proactive flush(es), 1 terminate flush(es), 0 completion(s), 0 continuation(s) 
[2026-06-26T13:33:49.499-0300][28.447s][10128][14572][info][gc,nmethod  ] GC(27) y: NMethods: 10758 registered, 0 unregistered
[2026-06-26T13:33:49.499-0300][28.447s][10128][14572][info][gc,metaspace] GC(27) y: Metaspace: 61M used, 62M committed, 1088M reserved
[2026-06-26T13:33:49.499-0300][28.447s][10128][14572][info][gc,reloc    ] GC(27) y:                        Candidates     Selected     In-Place         Size        Empty    Relocated 
[2026-06-26T13:33:49.499-0300][28.447s][10128][14572][info][gc,reloc    ] GC(27) y: Small Pages:                  307          242            0         614M          82M           4M 
[2026-06-26T13:33:49.499-0300][28.447s][10128][14572][info][gc,reloc    ] GC(27) y: Medium Pages:                   3            2            0          96M           0M           5M 
[2026-06-26T13:33:49.499-0300][28.447s][10128][14572][info][gc,reloc    ] GC(27) y: Large Pages:                    0            0            0           0M           0M           0M 
[2026-06-26T13:33:49.499-0300][28.447s][10128][14572][info][gc,reloc    ] GC(27) y: Forwarding Usage: 2M
[2026-06-26T13:33:49.499-0300][28.447s][10128][14572][info][gc,reloc    ] GC(27) y: Age Table:
[2026-06-26T13:33:49.499-0300][28.447s][10128][14572][info][gc,reloc    ] GC(27) y:                    Live             Garbage             Small              Medium             Large        
[2026-06-26T13:33:49.499-0300][28.447s][10128][14572][info][gc,reloc    ] GC(27) y: Eden              17M (1%)          594M (19%)        290 / 240            1 / 1              0 / 0        
[2026-06-26T13:33:49.499-0300][28.447s][10128][14572][info][gc,reloc    ] GC(27) y: Survivor 1        10M (0%)           35M (1%)           7 / 1              1 / 1              0 / 0        
[2026-06-26T13:33:49.499-0300][28.447s][10128][14572][info][gc,reloc    ] GC(27) y: Survivor 2        15M (1%)           36M (1%)          10 / 1              1 / 0              0 / 0        
[2026-06-26T13:33:49.499-0300][28.447s][10128][14572][info][gc,heap     ] GC(27) y: Min Capacity: 8M(0%)
[2026-06-26T13:33:49.499-0300][28.447s][10128][14572][info][gc,heap     ] GC(27) y: Max Capacity: 3072M(100%)
[2026-06-26T13:33:49.499-0300][28.447s][10128][14572][info][gc,heap     ] GC(27) y: Soft Max Capacity: 3072M(100%)
[2026-06-26T13:33:49.499-0300][28.447s][10128][14572][info][gc,heap     ] GC(27) y: Heap Statistics:
[2026-06-26T13:33:49.499-0300][28.447s][10128][14572][info][gc,heap     ] GC(27) y:                Mark Start          Mark End        Relocate Start      Relocate End           High               Low         
[2026-06-26T13:33:49.499-0300][28.447s][10128][14572][info][gc,heap     ] GC(27) y:  Capacity:     3072M (100%)       3072M (100%)       3072M (100%)       3072M (100%)       3072M (100%)       3072M (100%)   
[2026-06-26T13:33:49.499-0300][28.447s][10128][14572][info][gc,heap     ] GC(27) y:      Free:     1328M (43%)        1072M (35%)        1134M (37%)        1584M (52%)        1606M (52%)        1064M (35%)    
[2026-06-26T13:33:49.499-0300][28.447s][10128][14572][info][gc,heap     ] GC(27) y:      Used:     1744M (57%)        2000M (65%)        1938M (63%)        1488M (48%)        2008M (65%)        1466M (48%)    
[2026-06-26T13:33:49.499-0300][28.447s][10128][14572][info][gc,heap     ] GC(27) y: Young Generation Statistics:
[2026-06-26T13:33:49.499-0300][28.447s][10128][14572][info][gc,heap     ] GC(27) y:                Mark Start          Mark End        Relocate Start      Relocate End    
[2026-06-26T13:33:49.499-0300][28.447s][10128][14572][info][gc,heap     ] GC(27) y:      Used:      710M (23%)         966M (31%)         886M (29%)         402M (13%)    
[2026-06-26T13:33:49.499-0300][28.447s][10128][14572][info][gc,heap     ] GC(27) y:      Live:         -                43M (1%)           28M (1%)           27M (1%)     
[2026-06-26T13:33:49.499-0300][28.447s][10128][14572][info][gc,heap     ] GC(27) y:   Garbage:         -               666M (22%)         581M (19%)           6M (0%)     
[2026-06-26T13:33:49.499-0300][28.447s][10128][14572][info][gc,heap     ] GC(27) y: Allocated:         -               256M (8%)          276M (9%)          368M (12%)    
[2026-06-26T13:33:49.499-0300][28.447s][10128][14572][info][gc,heap     ] GC(27) y: Reclaimed:         -                  -                85M (3%)          660M (22%)    
[2026-06-26T13:33:49.499-0300][28.447s][10128][14572][info][gc,heap     ] GC(27) y:  Promoted:         -                  -                14M (0%)           15M (1%)     
[2026-06-26T13:33:49.499-0300][28.447s][10128][14572][info][gc,heap     ] GC(27) y: Compacted:         -                  -                  -                11M (0%)     
[2026-06-26T13:33:49.499-0300][28.447s][10128][14572][info][gc,phases   ] GC(27) y: Young Generation 1744M(57%)->1488M(48%) 0.080s
[2026-06-26T13:33:49.499-0300][28.447s][10128][14572][info][gc          ] GC(27) Minor Collection (Allocation Rate) 1744M(57%)->1490M(49%) 0.080s
[2026-06-26T13:33:50.068-0300][29.017s][10128][14572][info][gc          ] GC(28) Minor Collection (Allocation Rate)
[2026-06-26T13:33:50.069-0300][29.017s][10128][14572][info][gc,task     ] GC(28) Using 2 Workers for Young Generation
[2026-06-26T13:33:50.069-0300][29.017s][10128][14572][info][gc,phases   ] GC(28) y: Young Generation
[2026-06-26T13:33:50.069-0300][29.017s][10128][8556 ][info][gc,phases   ] GC(28) y: Pause Mark Start 0.013ms
[2026-06-26T13:33:50.119-0300][29.068s][10128][7368 ][info][gc,phases   ] GC(17) O: Concurrent Mark 1526.466ms
[2026-06-26T13:33:50.119-0300][29.068s][10128][8556 ][info][gc,phases   ] GC(17) O: Pause Mark End 0.013ms
[2026-06-26T13:33:50.121-0300][29.068s][10128][7368 ][info][gc,phases   ] GC(17) O: Concurrent Mark Continue 0.179ms
[2026-06-26T13:33:50.121-0300][29.068s][10128][8556 ][info][gc,phases   ] GC(17) O: Pause Mark End 0.007ms
[2026-06-26T13:33:50.121-0300][29.068s][10128][7368 ][info][gc,phases   ] GC(17) O: Concurrent Mark Free 0.005ms
[2026-06-26T13:33:50.140-0300][29.088s][10128][14572][info][gc,phases   ] GC(28) y: Concurrent Mark 70.802ms
[2026-06-26T13:33:50.162-0300][29.110s][10128][8556 ][info][gc,phases   ] GC(28) y: Pause Mark End 0.020ms
[2026-06-26T13:33:50.162-0300][29.110s][10128][14572][info][gc,phases   ] GC(28) y: Concurrent Mark Free 0.005ms
[2026-06-26T13:33:50.162-0300][29.110s][10128][14572][info][gc,phases   ] GC(28) y: Concurrent Reset Relocation Set 0.061ms
[2026-06-26T13:33:50.162-0300][29.110s][10128][14572][info][gc,reloc    ] GC(28) y: Using tenuring threshold: 3 (Computed)
[2026-06-26T13:33:50.164-0300][29.112s][10128][14572][info][gc,phases   ] GC(28) y: Concurrent Select Relocation Set 2.565ms
[2026-06-26T13:33:50.165-0300][29.113s][10128][8556 ][info][gc,phases   ] GC(28) y: Pause Relocate Start 0.014ms
[2026-06-26T13:33:50.165-0300][29.113s][10128][7368 ][info][gc,phases   ] GC(17) O: Concurrent Process Non-Strong 45.105ms
[2026-06-26T13:33:50.165-0300][29.114s][10128][7368 ][info][gc,phases   ] GC(17) O: Concurrent Reset Relocation Set 0.008ms
[2026-06-26T13:33:50.172-0300][29.120s][10128][7368 ][info][gc,phases   ] GC(17) O: Concurrent Select Relocation Set 5.986ms
[2026-06-26T13:33:50.196-0300][29.143s][10128][14572][info][gc,phases   ] GC(28) y: Concurrent Relocate 30.379ms
[2026-06-26T13:33:50.196-0300][29.143s][10128][14572][info][gc,alloc    ] GC(28) y:                         Mark Start        Mark End      Relocate Start    Relocate End   
[2026-06-26T13:33:50.196-0300][29.143s][10128][14572][info][gc,alloc    ] GC(28) y: Allocation Stalls:          0                0                0                0         
[2026-06-26T13:33:50.196-0300][29.143s][10128][14572][info][gc,load     ] GC(28) y: Load: 0.00 (0%) / 0.00 (0%) / 0.00 (0%)
[2026-06-26T13:33:50.196-0300][29.144s][10128][14572][info][gc,mmu      ] GC(28) y: MMU: 2ms/97.5%, 5ms/98.8%, 10ms/99.3%, 20ms/99.7%, 50ms/99.8%, 100ms/99.8%
[2026-06-26T13:33:50.196-0300][29.144s][10128][14572][info][gc,marking  ] GC(28) y: Mark: 2 stripe(s), 10 proactive flush(es), 1 terminate flush(es), 0 completion(s), 0 continuation(s) 
[2026-06-26T13:33:50.196-0300][29.144s][10128][14572][info][gc,nmethod  ] GC(28) y: NMethods: 10015 registered, 1146 unregistered
[2026-06-26T13:33:50.196-0300][29.144s][10128][14572][info][gc,metaspace] GC(28) y: Metaspace: 62M used, 63M committed, 1088M reserved
[2026-06-26T13:33:50.196-0300][29.144s][10128][14572][info][gc,reloc    ] GC(28) y:                        Candidates     Selected     In-Place         Size        Empty    Relocated 
[2026-06-26T13:33:50.196-0300][29.144s][10128][14572][info][gc,reloc    ] GC(28) y: Small Pages:                  268          190            0         536M          96M          15M 
[2026-06-26T13:33:50.196-0300][29.144s][10128][14572][info][gc,reloc    ] GC(28) y: Medium Pages:                   2            1            0          64M           0M           4M 
[2026-06-26T13:33:50.196-0300][29.144s][10128][14572][info][gc,reloc    ] GC(28) y: Large Pages:                    0            0            0           0M           0M           0M 
[2026-06-26T13:33:50.196-0300][29.144s][10128][14572][info][gc,reloc    ] GC(28) y: Forwarding Usage: 13M
[2026-06-26T13:33:50.196-0300][29.144s][10128][14572][info][gc,reloc    ] GC(28) y: Age Table:
[2026-06-26T13:33:50.196-0300][29.144s][10128][14572][info][gc,reloc    ] GC(28) y:                    Live             Garbage             Small              Medium             Large        
[2026-06-26T13:33:50.196-0300][29.144s][10128][14572][info][gc,reloc    ] GC(28) y: Eden              28M (1%)          475M (15%)        252 / 188            0 / 0              0 / 0        
[2026-06-26T13:33:50.196-0300][29.144s][10128][14572][info][gc,reloc    ] GC(28) y: Survivor 1        17M (1%)           32M (1%)           9 / 2              1 / 1              0 / 0        
[2026-06-26T13:33:50.196-0300][29.144s][10128][14572][info][gc,reloc    ] GC(28) y: Survivor 2        10M (0%)           35M (1%)           7 / 0              1 / 0              0 / 0        
[2026-06-26T13:33:50.196-0300][29.144s][10128][14572][info][gc,heap     ] GC(28) y: Min Capacity: 8M(0%)
[2026-06-26T13:33:50.196-0300][29.144s][10128][14572][info][gc,heap     ] GC(28) y: Max Capacity: 3072M(100%)
[2026-06-26T13:33:50.196-0300][29.144s][10128][14572][info][gc,heap     ] GC(28) y: Soft Max Capacity: 3072M(100%)
[2026-06-26T13:33:50.196-0300][29.144s][10128][14572][info][gc,heap     ] GC(28) y: Heap Statistics:
[2026-06-26T13:33:50.196-0300][29.144s][10128][14572][info][gc,heap     ] GC(28) y:                Mark Start          Mark End        Relocate Start      Relocate End           High               Low         
[2026-06-26T13:33:50.196-0300][29.144s][10128][14572][info][gc,heap     ] GC(28) y:  Capacity:     3072M (100%)       3072M (100%)       3072M (100%)       3072M (100%)       3072M (100%)       3072M (100%)   
[2026-06-26T13:33:50.196-0300][29.144s][10128][14572][info][gc,heap     ] GC(28) y:      Free:     1386M (45%)        1354M (44%)        1450M (47%)        1816M (59%)        1816M (59%)        1354M (44%)    
[2026-06-26T13:33:50.196-0300][29.144s][10128][14572][info][gc,heap     ] GC(28) y:      Used:     1686M (55%)        1718M (56%)        1622M (53%)        1256M (41%)        1718M (56%)        1256M (41%)    
[2026-06-26T13:33:50.196-0300][29.144s][10128][14572][info][gc,heap     ] GC(28) y: Young Generation Statistics:
[2026-06-26T13:33:50.196-0300][29.144s][10128][14572][info][gc,heap     ] GC(28) y:                Mark Start          Mark End        Relocate Start      Relocate End    
[2026-06-26T13:33:50.196-0300][29.144s][10128][14572][info][gc,heap     ] GC(28) y:      Used:      600M (20%)         632M (21%)         536M (17%)         172M (6%)     
[2026-06-26T13:33:50.196-0300][29.144s][10128][14572][info][gc,heap     ] GC(28) y:      Live:         -                55M (2%)           55M (2%)           55M (2%)     
[2026-06-26T13:33:50.196-0300][29.144s][10128][14572][info][gc,heap     ] GC(28) y:   Garbage:         -               544M (18%)         448M (15%)           5M (0%)     
[2026-06-26T13:33:50.196-0300][29.144s][10128][14572][info][gc,heap     ] GC(28) y: Allocated:         -                32M (1%)           32M (1%)          110M (4%)     
[2026-06-26T13:33:50.196-0300][29.144s][10128][14572][info][gc,heap     ] GC(28) y: Reclaimed:         -                  -                96M (3%)          538M (18%)    
[2026-06-26T13:33:50.196-0300][29.144s][10128][14572][info][gc,heap     ] GC(28) y:  Promoted:         -                  -                 0M (0%)            0M (0%)     
[2026-06-26T13:33:50.196-0300][29.144s][10128][14572][info][gc,heap     ] GC(28) y: Compacted:         -                  -                  -                35M (1%)     
[2026-06-26T13:33:50.196-0300][29.144s][10128][14572][info][gc,phases   ] GC(28) y: Young Generation 1686M(55%)->1256M(41%) 0.127s
[2026-06-26T13:33:50.196-0300][29.144s][10128][14572][info][gc          ] GC(28) Minor Collection (Allocation Rate) 1686M(55%)->1256M(41%) 0.127s
[2026-06-26T13:33:50.196-0300][29.144s][10128][7368 ][info][gc,task     ] GC(17) O: Using 3 Workers for Old Generation
[2026-06-26T13:33:50.204-0300][29.152s][10128][7368 ][info][gc,task     ] GC(17) O: Using 1 Workers for Old Generation
[2026-06-26T13:33:50.204-0300][29.152s][10128][7368 ][info][gc,phases   ] GC(17) O: Concurrent Remap Roots 8.551ms
[2026-06-26T13:33:50.204-0300][29.153s][10128][8556 ][info][gc,phases   ] GC(17) O: Pause Relocate Start 0.013ms
[2026-06-26T13:33:50.204-0300][29.153s][10128][14572][info][gc          ] GC(29) Minor Collection (Allocation Rate)
[2026-06-26T13:33:50.204-0300][29.153s][10128][14572][info][gc,task     ] GC(29) Using 2 Workers for Young Generation
[2026-06-26T13:33:50.204-0300][29.153s][10128][14572][info][gc,phases   ] GC(29) y: Young Generation
[2026-06-26T13:33:50.205-0300][29.153s][10128][8556 ][info][gc,phases   ] GC(29) y: Pause Mark Start 0.012ms
[2026-06-26T13:33:50.269-0300][29.217s][10128][14572][info][gc,phases   ] GC(29) y: Concurrent Mark 64.095ms
[2026-06-26T13:33:50.272-0300][29.220s][10128][8556 ][info][gc,phases   ] GC(29) y: Pause Mark End 0.017ms
[2026-06-26T13:33:50.272-0300][29.220s][10128][14572][info][gc,phases   ] GC(29) y: Concurrent Mark Free 0.007ms
[2026-06-26T13:33:50.272-0300][29.220s][10128][14572][info][gc,phases   ] GC(29) y: Concurrent Reset Relocation Set 0.011ms
[2026-06-26T13:33:50.273-0300][29.220s][10128][14572][info][gc,reloc    ] GC(29) y: Using tenuring threshold: 4 (Computed)
[2026-06-26T13:33:50.273-0300][29.221s][10128][14572][info][gc,phases   ] GC(29) y: Concurrent Select Relocation Set 1.038ms
[2026-06-26T13:33:50.274-0300][29.222s][10128][8556 ][info][gc,phases   ] GC(29) y: Pause Relocate Start 0.011ms
[2026-06-26T13:33:50.282-0300][29.230s][10128][7368 ][info][gc,phases   ] GC(17) O: Concurrent Relocate 77.091ms
[2026-06-26T13:33:50.288-0300][29.236s][10128][14572][info][gc,phases   ] GC(29) y: Concurrent Relocate 13.824ms
[2026-06-26T13:33:50.288-0300][29.236s][10128][14572][info][gc,alloc    ] GC(29) y:                         Mark Start        Mark End      Relocate Start    Relocate End   
[2026-06-26T13:33:50.288-0300][29.236s][10128][14572][info][gc,alloc    ] GC(29) y: Allocation Stalls:          0                0                0                0         
[2026-06-26T13:33:50.288-0300][29.236s][10128][14572][info][gc,load     ] GC(29) y: Load: 0.00 (0%) / 0.00 (0%) / 0.00 (0%)
[2026-06-26T13:33:50.288-0300][29.236s][10128][14572][info][gc,mmu      ] GC(29) y: MMU: 2ms/97.5%, 5ms/98.8%, 10ms/99.3%, 20ms/99.7%, 50ms/99.8%, 100ms/99.8%
[2026-06-26T13:33:50.288-0300][29.236s][10128][14572][info][gc,marking  ] GC(29) y: Mark: 2 stripe(s), 2 proactive flush(es), 1 terminate flush(es), 0 completion(s), 0 continuation(s) 
[2026-06-26T13:33:50.288-0300][29.236s][10128][14572][info][gc,nmethod  ] GC(29) y: NMethods: 10018 registered, 1146 unregistered
[2026-06-26T13:33:50.288-0300][29.236s][10128][14572][info][gc,metaspace] GC(29) y: Metaspace: 62M used, 63M committed, 1088M reserved
[2026-06-26T13:33:50.288-0300][29.236s][10128][14572][info][gc,reloc    ] GC(29) y:                        Candidates     Selected     In-Place         Size        Empty    Relocated 
[2026-06-26T13:33:50.288-0300][29.236s][10128][14572][info][gc,reloc    ] GC(29) y: Small Pages:                   55           19            0         110M          20M           7M 
[2026-06-26T13:33:50.288-0300][29.236s][10128][14572][info][gc,reloc    ] GC(29) y: Medium Pages:                   2            1            0          64M           0M           4M 
[2026-06-26T13:33:50.288-0300][29.236s][10128][14572][info][gc,reloc    ] GC(29) y: Large Pages:                    0            0            0           0M           0M           0M 
[2026-06-26T13:33:50.288-0300][29.236s][10128][14572][info][gc,reloc    ] GC(29) y: Forwarding Usage: 7M
[2026-06-26T13:33:50.288-0300][29.236s][10128][14572][info][gc,reloc    ] GC(29) y: Age Table:
[2026-06-26T13:33:50.288-0300][29.236s][10128][14572][info][gc,reloc    ] GC(29) y:                    Live             Garbage             Small              Medium             Large        
[2026-06-26T13:33:50.288-0300][29.236s][10128][14572][info][gc,reloc    ] GC(29) y: Eden              13M (0%)           28M (1%)          21 / 13             0 / 0              0 / 0        
[2026-06-26T13:33:50.288-0300][29.237s][10128][14572][info][gc,reloc    ] GC(29) y: Survivor 1         7M (0%)           30M (1%)          19 / 5              0 / 0              0 / 0        
[2026-06-26T13:33:50.288-0300][29.237s][10128][14572][info][gc,reloc    ] GC(29) y: Survivor 2        17M (1%)           32M (1%)           9 / 1              1 / 1              0 / 0        
[2026-06-26T13:33:50.288-0300][29.237s][10128][14572][info][gc,reloc    ] GC(29) y: Survivor 3        10M (0%)           33M (1%)           6 / 0              1 / 0              0 / 0        
[2026-06-26T13:33:50.288-0300][29.237s][10128][14572][info][gc,heap     ] GC(29) y: Min Capacity: 8M(0%)
[2026-06-26T13:33:50.288-0300][29.237s][10128][14572][info][gc,heap     ] GC(29) y: Max Capacity: 3072M(100%)
[2026-06-26T13:33:50.288-0300][29.237s][10128][14572][info][gc,heap     ] GC(29) y: Soft Max Capacity: 3072M(100%)
[2026-06-26T13:33:50.288-0300][29.237s][10128][14572][info][gc,heap     ] GC(29) y: Heap Statistics:
[2026-06-26T13:33:50.288-0300][29.237s][10128][14572][info][gc,heap     ] GC(29) y:                Mark Start          Mark End        Relocate Start      Relocate End           High               Low         
[2026-06-26T13:33:50.288-0300][29.237s][10128][14572][info][gc,heap     ] GC(29) y:  Capacity:     3072M (100%)       3072M (100%)       3072M (100%)       3072M (100%)       3072M (100%)       3072M (100%)   
[2026-06-26T13:33:50.289-0300][29.237s][10128][14572][info][gc,heap     ] GC(29) y:      Free:     1800M (59%)        1914M (62%)        1932M (63%)        1960M (64%)        1960M (64%)        1792M (58%)    
[2026-06-26T13:33:50.289-0300][29.237s][10128][14572][info][gc,heap     ] GC(29) y:      Used:     1272M (41%)        1158M (38%)        1140M (37%)        1112M (36%)        1280M (42%)        1112M (36%)    
[2026-06-26T13:33:50.289-0300][29.237s][10128][14572][info][gc,heap     ] GC(29) y: Young Generation Statistics:
[2026-06-26T13:33:50.289-0300][29.237s][10128][14572][info][gc,heap     ] GC(29) y:                Mark Start          Mark End        Relocate Start      Relocate End    
[2026-06-26T13:33:50.289-0300][29.237s][10128][14572][info][gc,heap     ] GC(29) y:      Used:      174M (6%)          202M (7%)          184M (6%)          156M (5%)     
[2026-06-26T13:33:50.289-0300][29.237s][10128][14572][info][gc,heap     ] GC(29) y:      Live:         -                48M (2%)           48M (2%)           48M (2%)     
[2026-06-26T13:33:50.289-0300][29.237s][10128][14572][info][gc,heap     ] GC(29) y:   Garbage:         -               125M (4%)          105M (3%)            6M (0%)     
[2026-06-26T13:33:50.289-0300][29.237s][10128][14572][info][gc,heap     ] GC(29) y: Allocated:         -                28M (1%)           30M (1%)          101M (3%)     
[2026-06-26T13:33:50.289-0300][29.237s][10128][14572][info][gc,heap     ] GC(29) y: Reclaimed:         -                  -                20M (1%)          119M (4%)     
[2026-06-26T13:33:50.289-0300][29.237s][10128][14572][info][gc,heap     ] GC(29) y:  Promoted:         -                  -                 0M (0%)            0M (0%)     
[2026-06-26T13:33:50.289-0300][29.237s][10128][14572][info][gc,heap     ] GC(29) y: Compacted:         -                  -                  -                20M (1%)     
[2026-06-26T13:33:50.289-0300][29.237s][10128][14572][info][gc,phases   ] GC(29) y: Young Generation 1304M(42%)->1112M(36%) 0.084s
[2026-06-26T13:33:50.289-0300][29.237s][10128][14572][info][gc          ] GC(29) Minor Collection (Allocation Rate) 1270M(41%)->1112M(36%) 0.084s
[2026-06-26T13:33:50.289-0300][29.237s][10128][7368 ][info][gc,alloc    ] GC(17) O:                         Mark Start        Mark End      Relocate Start    Relocate End   
[2026-06-26T13:33:50.289-0300][29.237s][10128][7368 ][info][gc,alloc    ] GC(17) O: Allocation Stalls:          0                0                0                0         
[2026-06-26T13:33:50.289-0300][29.237s][10128][7368 ][info][gc,load     ] GC(17) O: Load: 0.00 (0%) / 0.00 (0%) / 0.00 (0%)
[2026-06-26T13:33:50.289-0300][29.237s][10128][7368 ][info][gc,mmu      ] GC(17) O: MMU: 2ms/97.5%, 5ms/98.8%, 10ms/99.3%, 20ms/99.7%, 50ms/99.8%, 100ms/99.8%
[2026-06-26T13:33:50.289-0300][29.237s][10128][7368 ][info][gc,marking  ] GC(17) O: Mark: 1 stripe(s), 3 proactive flush(es), 2 terminate flush(es), 0 completion(s), 1 continuation(s) 
[2026-06-26T13:33:50.289-0300][29.237s][10128][7368 ][info][gc,nmethod  ] GC(17) O: NMethods: 10018 registered, 1146 unregistered
[2026-06-26T13:33:50.289-0300][29.237s][10128][7368 ][info][gc,metaspace] GC(17) O: Metaspace: 62M used, 63M committed, 1088M reserved
[2026-06-26T13:33:50.289-0300][29.237s][10128][7368 ][info][gc,ref      ] GC(17) O:                       Encountered   Discovered     Enqueued 
[2026-06-26T13:33:50.289-0300][29.237s][10128][7368 ][info][gc,ref      ] GC(17) O: Soft References:             5225            0            0 
[2026-06-26T13:33:50.289-0300][29.237s][10128][7368 ][info][gc,ref      ] GC(17) O: Weak References:             5191         4319         1163 
[2026-06-26T13:33:50.289-0300][29.237s][10128][7368 ][info][gc,ref      ] GC(17) O: Final References:              13            0            0 
[2026-06-26T13:33:50.289-0300][29.237s][10128][7368 ][info][gc,ref      ] GC(17) O: Phantom References:         37875        35671        31412 
[2026-06-26T13:33:50.289-0300][29.237s][10128][7368 ][info][gc,reloc    ] GC(17) O:                        Candidates     Selected     In-Place         Size        Empty    Relocated 
[2026-06-26T13:33:50.289-0300][29.237s][10128][7368 ][info][gc,reloc    ] GC(17) O: Small Pages:                  354           22            0         708M           2M          10M 
[2026-06-26T13:33:50.289-0300][29.237s][10128][7368 ][info][gc,reloc    ] GC(17) O: Medium Pages:                   4            3            0         128M           0M          17M 
[2026-06-26T13:33:50.289-0300][29.237s][10128][7368 ][info][gc,reloc    ] GC(17) O: Large Pages:                    1            0            0          12M           0M           0M 
[2026-06-26T13:33:50.289-0300][29.237s][10128][7368 ][info][gc,reloc    ] GC(17) O: Forwarding Usage: 17M
[2026-06-26T13:33:50.289-0300][29.237s][10128][7368 ][info][gc,heap     ] GC(17) O: Min Capacity: 8M(0%)
[2026-06-26T13:33:50.289-0300][29.237s][10128][7368 ][info][gc,heap     ] GC(17) O: Max Capacity: 3072M(100%)
[2026-06-26T13:33:50.289-0300][29.237s][10128][7368 ][info][gc,heap     ] GC(17) O: Soft Max Capacity: 3072M(100%)
[2026-06-26T13:33:50.289-0300][29.237s][10128][7368 ][info][gc,heap     ] GC(17) O: Heap Statistics:
[2026-06-26T13:33:50.289-0300][29.237s][10128][7368 ][info][gc,heap     ] GC(17) O:                Mark Start          Mark End        Relocate Start      Relocate End           High               Low         
[2026-06-26T13:33:50.289-0300][29.237s][10128][7368 ][info][gc,heap     ] GC(17) O:  Capacity:     3072M (100%)       3072M (100%)       3072M (100%)       3072M (100%)       3072M (100%)       3072M (100%)   
[2026-06-26T13:33:50.289-0300][29.237s][10128][7368 ][info][gc,heap     ] GC(17) O:      Free:     1948M (63%)        1364M (44%)        1814M (59%)        1954M (64%)        1954M (64%)         860M (28%)    
[2026-06-26T13:33:50.289-0300][29.237s][10128][7368 ][info][gc,heap     ] GC(17) O:      Used:     1124M (37%)        1708M (56%)        1258M (41%)        1118M (36%)        2212M (72%)        1118M (36%)    
[2026-06-26T13:33:50.289-0300][29.237s][10128][7368 ][info][gc,heap     ] GC(17) O: Old Generation Statistics:
[2026-06-26T13:33:50.289-0300][29.237s][10128][7368 ][info][gc,heap     ] GC(17) O:                Mark Start          Mark End        Relocate Start      Relocate End    
[2026-06-26T13:33:50.289-0300][29.237s][10128][7368 ][info][gc,heap     ] GC(17) O:      Used:      848M (28%)        1086M (35%)        1084M (35%)         956M (31%)    
[2026-06-26T13:33:50.289-0300][29.237s][10128][7368 ][info][gc,heap     ] GC(17) O:      Live:         -               667M (22%)         667M (22%)         667M (22%)    
[2026-06-26T13:33:50.289-0300][29.237s][10128][7368 ][info][gc,heap     ] GC(17) O:   Garbage:         -               180M (6%)          178M (6%)           17M (1%)     
[2026-06-26T13:33:50.289-0300][29.237s][10128][7368 ][info][gc,heap     ] GC(17) O: Allocated:         -               238M (8%)          238M (8%)          271M (9%)     
[2026-06-26T13:33:50.289-0300][29.237s][10128][7368 ][info][gc,heap     ] GC(17) O: Reclaimed:         -                  -                 2M (0%)          163M (5%)     
[2026-06-26T13:33:50.289-0300][29.237s][10128][7368 ][info][gc,heap     ] GC(17) O: Compacted:         -                  -                  -                66M (2%)     
[2026-06-26T13:33:50.289-0300][29.237s][10128][7368 ][info][gc,phases   ] GC(17) O: Old Generation 1172M(38%)->1118M(36%) 1.696s
[2026-06-26T13:33:50.289-0300][29.237s][10128][7368 ][info][gc          ] GC(17) Major Collection (Allocation Rate) 1122M(37%)->1112M(36%) 1.744s
[2026-06-26T13:33:50.300-0300][29.247s][10128][7368 ][info][gc          ] GC(30) Major Collection (Allocation Rate)
[2026-06-26T13:33:50.300-0300][29.248s][10128][7368 ][info][gc,task     ] GC(30) Using 3 Workers for Young Generation
[2026-06-26T13:33:50.300-0300][29.248s][10128][7368 ][info][gc,task     ] GC(30) Using 1 Workers for Old Generation
[2026-06-26T13:33:50.300-0300][29.248s][10128][7368 ][info][gc,phases   ] GC(30) Y: Young Generation
[2026-06-26T13:33:50.300-0300][29.248s][10128][8556 ][info][gc,phases   ] GC(30) Y: Pause Mark Start (Major) 0.017ms
[2026-06-26T13:33:50.361-0300][29.309s][10128][7368 ][info][gc,phases   ] GC(30) Y: Concurrent Mark 61.271ms
[2026-06-26T13:33:50.361-0300][29.309s][10128][8556 ][info][gc,phases   ] GC(30) Y: Pause Mark End 0.012ms
[2026-06-26T13:33:50.361-0300][29.309s][10128][7368 ][info][gc,phases   ] GC(30) Y: Concurrent Mark Free 0.003ms
[2026-06-26T13:33:50.362-0300][29.309s][10128][7368 ][info][gc,phases   ] GC(30) Y: Concurrent Reset Relocation Set 0.005ms
[2026-06-26T13:33:50.362-0300][29.309s][10128][7368 ][info][gc,reloc    ] GC(30) Y: Using tenuring threshold: 3 (Computed)
[2026-06-26T13:33:50.369-0300][29.317s][10128][7368 ][info][gc,phases   ] GC(30) Y: Concurrent Select Relocation Set 7.845ms
[2026-06-26T13:33:50.369-0300][29.317s][10128][8556 ][info][gc,phases   ] GC(30) Y: Pause Relocate Start 0.014ms
[2026-06-26T13:33:50.389-0300][29.338s][10128][7368 ][info][gc,phases   ] GC(30) Y: Concurrent Relocate 20.591ms
[2026-06-26T13:33:50.389-0300][29.338s][10128][7368 ][info][gc,alloc    ] GC(30) Y:                         Mark Start        Mark End      Relocate Start    Relocate End   
[2026-06-26T13:33:50.389-0300][29.338s][10128][7368 ][info][gc,alloc    ] GC(30) Y: Allocation Stalls:          0                0                0                0         
[2026-06-26T13:33:50.389-0300][29.338s][10128][7368 ][info][gc,load     ] GC(30) Y: Load: 0.00 (0%) / 0.00 (0%) / 0.00 (0%)
[2026-06-26T13:33:50.389-0300][29.338s][10128][7368 ][info][gc,mmu      ] GC(30) Y: MMU: 2ms/97.5%, 5ms/98.8%, 10ms/99.3%, 20ms/99.7%, 50ms/99.8%, 100ms/99.8%
[2026-06-26T13:33:50.389-0300][29.338s][10128][7368 ][info][gc,marking  ] GC(30) Y: Mark: 2 stripe(s), 7 proactive flush(es), 1 terminate flush(es), 0 completion(s), 0 continuation(s) 
[2026-06-26T13:33:50.389-0300][29.338s][10128][7368 ][info][gc,nmethod  ] GC(30) Y: NMethods: 10042 registered, 1146 unregistered
[2026-06-26T13:33:50.389-0300][29.338s][10128][7368 ][info][gc,metaspace] GC(30) Y: Metaspace: 62M used, 63M committed, 1088M reserved
[2026-06-26T13:33:50.389-0300][29.338s][10128][7368 ][info][gc,reloc    ] GC(30) Y:                        Candidates     Selected     In-Place         Size        Empty    Relocated 
[2026-06-26T13:33:50.389-0300][29.338s][10128][7368 ][info][gc,reloc    ] GC(30) Y: Small Pages:                   48           17            0          96M           0M           7M 
[2026-06-26T13:33:50.389-0300][29.338s][10128][7368 ][info][gc,reloc    ] GC(30) Y: Medium Pages:                   2            1            0          64M           0M           4M 
[2026-06-26T13:33:50.389-0300][29.338s][10128][7368 ][info][gc,reloc    ] GC(30) Y: Large Pages:                    0            0            0           0M           0M           0M 
[2026-06-26T13:33:50.389-0300][29.338s][10128][7368 ][info][gc,reloc    ] GC(30) Y: Forwarding Usage: 6M
[2026-06-26T13:33:50.389-0300][29.338s][10128][7368 ][info][gc,reloc    ] GC(30) Y: Age Table:
[2026-06-26T13:33:50.389-0300][29.338s][10128][7368 ][info][gc,reloc    ] GC(30) Y:                    Live             Garbage             Small              Medium             Large        
[2026-06-26T13:33:50.389-0300][29.338s][10128][7368 ][info][gc,reloc    ] GC(30) Y: Eden              10M (0%)           25M (1%)          18 / 12             0 / 0              0 / 0        
[2026-06-26T13:33:50.389-0300][29.338s][10128][7368 ][info][gc,reloc    ] GC(30) Y: Survivor 1        13M (0%)            4M (0%)           9 / 2              0 / 0              0 / 0        
[2026-06-26T13:33:50.389-0300][29.338s][10128][7368 ][info][gc,reloc    ] GC(30) Y: Survivor 2         7M (0%)            4M (0%)           6 / 2              0 / 0              0 / 0        
[2026-06-26T13:33:50.389-0300][29.338s][10128][7368 ][info][gc,reloc    ] GC(30) Y: Survivor 3        17M (1%)           32M (1%)           9 / 1              1 / 1              0 / 0        
[2026-06-26T13:33:50.389-0300][29.338s][10128][7368 ][info][gc,reloc    ] GC(30) Y: Survivor 4        10M (0%)           33M (1%)           6 / 0              1 / 0              0 / 0        
[2026-06-26T13:33:50.389-0300][29.338s][10128][7368 ][info][gc,heap     ] GC(30) Y: Min Capacity: 8M(0%)
[2026-06-26T13:33:50.389-0300][29.338s][10128][7368 ][info][gc,heap     ] GC(30) Y: Max Capacity: 3072M(100%)
[2026-06-26T13:33:50.389-0300][29.338s][10128][7368 ][info][gc,heap     ] GC(30) Y: Soft Max Capacity: 3072M(100%)
[2026-06-26T13:33:50.389-0300][29.338s][10128][7368 ][info][gc,heap     ] GC(30) Y: Heap Statistics:
[2026-06-26T13:33:50.389-0300][29.338s][10128][7368 ][info][gc,heap     ] GC(30) Y:                Mark Start          Mark End        Relocate Start      Relocate End           High               Low         
[2026-06-26T13:33:50.389-0300][29.338s][10128][7368 ][info][gc,heap     ] GC(30) Y:  Capacity:     3072M (100%)       3072M (100%)       3072M (100%)       3072M (100%)       3072M (100%)       3072M (100%)   
[2026-06-26T13:33:50.389-0300][29.338s][10128][7368 ][info][gc,heap     ] GC(30) Y:      Free:     1956M (64%)        1930M (63%)        1930M (63%)        1978M (64%)        1980M (64%)        1894M (62%)    
[2026-06-26T13:33:50.389-0300][29.338s][10128][7368 ][info][gc,heap     ] GC(30) Y:      Used:     1116M (36%)        1142M (37%)        1142M (37%)        1094M (36%)        1178M (38%)        1092M (36%)    
[2026-06-26T13:33:50.389-0300][29.338s][10128][7368 ][info][gc,heap     ] GC(30) Y: Young Generation Statistics:
[2026-06-26T13:33:50.389-0300][29.338s][10128][7368 ][info][gc,heap     ] GC(30) Y:                Mark Start          Mark End        Relocate Start      Relocate End    
[2026-06-26T13:33:50.389-0300][29.338s][10128][7368 ][info][gc,heap     ] GC(30) Y:      Used:      160M (5%)          186M (6%)          162M (5%)           76M (2%)     
[2026-06-26T13:33:50.389-0300][29.338s][10128][7368 ][info][gc,heap     ] GC(30) Y:      Live:         -                59M (2%)           39M (1%)           31M (1%)     
[2026-06-26T13:33:50.389-0300][29.338s][10128][7368 ][info][gc,heap     ] GC(30) Y:   Garbage:         -               100M (3%)           96M (3%)            1M (0%)     
[2026-06-26T13:33:50.389-0300][29.338s][10128][7368 ][info][gc,heap     ] GC(30) Y: Allocated:         -                26M (1%)           26M (1%)           42M (1%)     
[2026-06-26T13:33:50.389-0300][29.338s][10128][7368 ][info][gc,heap     ] GC(30) Y: Reclaimed:         -                  -                 4M (0%)           99M (3%)     
[2026-06-26T13:33:50.389-0300][29.338s][10128][7368 ][info][gc,heap     ] GC(30) Y:  Promoted:         -                  -                19M (1%)           27M (1%)     
[2026-06-26T13:33:50.389-0300][29.338s][10128][7368 ][info][gc,heap     ] GC(30) Y: Compacted:         -                  -                  -                13M (0%)     
[2026-06-26T13:33:50.391-0300][29.338s][10128][7368 ][info][gc,phases   ] GC(30) Y: Young Generation 1116M(36%)->1094M(36%) 0.090s
[2026-06-26T13:33:50.391-0300][29.338s][10128][7368 ][info][gc,phases   ] GC(30) O: Old Generation
[2026-06-26T13:33:50.737-0300][29.684s][10128][14572][info][gc          ] GC(31) Minor Collection (Allocation Rate)
[2026-06-26T13:33:50.737-0300][29.684s][10128][14572][info][gc,task     ] GC(31) Using 2 Workers for Young Generation
[2026-06-26T13:33:50.737-0300][29.684s][10128][14572][info][gc,phases   ] GC(31) y: Young Generation
[2026-06-26T13:33:50.737-0300][29.684s][10128][8556 ][info][gc,phases   ] GC(31) y: Pause Mark Start 0.016ms
[2026-06-26T13:33:50.781-0300][29.729s][10128][14572][info][gc,phases   ] GC(31) y: Concurrent Mark 44.995ms
[2026-06-26T13:33:50.782-0300][29.730s][10128][8556 ][info][gc,phases   ] GC(31) y: Pause Mark End 0.018ms
[2026-06-26T13:33:50.782-0300][29.730s][10128][14572][info][gc,phases   ] GC(31) y: Concurrent Mark Free 0.003ms
[2026-06-26T13:33:50.782-0300][29.730s][10128][14572][info][gc,phases   ] GC(31) y: Concurrent Reset Relocation Set 0.232ms
[2026-06-26T13:33:50.782-0300][29.730s][10128][14572][info][gc,reloc    ] GC(31) y: Using tenuring threshold: 2 (Computed)
[2026-06-26T13:33:50.787-0300][29.735s][10128][14572][info][gc,phases   ] GC(31) y: Concurrent Select Relocation Set 5.504ms
[2026-06-26T13:33:50.788-0300][29.736s][10128][8556 ][info][gc,phases   ] GC(31) y: Pause Relocate Start 0.013ms
[2026-06-26T13:33:50.817-0300][29.765s][10128][14572][info][gc,phases   ] GC(31) y: Concurrent Relocate 29.174ms
[2026-06-26T13:33:50.817-0300][29.765s][10128][14572][info][gc,alloc    ] GC(31) y:                         Mark Start        Mark End      Relocate Start    Relocate End   
[2026-06-26T13:33:50.817-0300][29.765s][10128][14572][info][gc,alloc    ] GC(31) y: Allocation Stalls:          0                0                0                0         
[2026-06-26T13:33:50.817-0300][29.765s][10128][14572][info][gc,load     ] GC(31) y: Load: 0.00 (0%) / 0.00 (0%) / 0.00 (0%)
[2026-06-26T13:33:50.817-0300][29.765s][10128][14572][info][gc,mmu      ] GC(31) y: MMU: 2ms/97.5%, 5ms/98.8%, 10ms/99.3%, 20ms/99.7%, 50ms/99.8%, 100ms/99.8%
[2026-06-26T13:33:50.817-0300][29.765s][10128][14572][info][gc,marking  ] GC(31) y: Mark: 2 stripe(s), 2 proactive flush(es), 1 terminate flush(es), 0 completion(s), 0 continuation(s) 
[2026-06-26T13:33:50.817-0300][29.765s][10128][14572][info][gc,nmethod  ] GC(31) y: NMethods: 10051 registered, 1146 unregistered
[2026-06-26T13:33:50.817-0300][29.765s][10128][14572][info][gc,metaspace] GC(31) y: Metaspace: 62M used, 63M committed, 1088M reserved
[2026-06-26T13:33:50.817-0300][29.765s][10128][14572][info][gc,reloc    ] GC(31) y:                        Candidates     Selected     In-Place         Size        Empty    Relocated 
[2026-06-26T13:33:50.817-0300][29.765s][10128][14572][info][gc,reloc    ] GC(31) y: Small Pages:                   78           20            0         156M          74M          12M 
[2026-06-26T13:33:50.817-0300][29.765s][10128][14572][info][gc,reloc    ] GC(31) y: Medium Pages:                   0            0            0           0M           0M           0M 
[2026-06-26T13:33:50.817-0300][29.765s][10128][14572][info][gc,reloc    ] GC(31) y: Large Pages:                    0            0            0           0M           0M           0M 
[2026-06-26T13:33:50.817-0300][29.765s][10128][14572][info][gc,reloc    ] GC(31) y: Forwarding Usage: 10M
[2026-06-26T13:33:50.817-0300][29.765s][10128][14572][info][gc,reloc    ] GC(31) y: Age Table:
[2026-06-26T13:33:50.817-0300][29.765s][10128][14572][info][gc,reloc    ] GC(31) y:                    Live             Garbage             Small              Medium             Large        
[2026-06-26T13:33:50.817-0300][29.765s][10128][14572][info][gc,reloc    ] GC(31) y: Eden              25M (1%)           86M (3%)          56 / 17             0 / 0              0 / 0        
[2026-06-26T13:33:50.817-0300][29.765s][10128][14572][info][gc,reloc    ] GC(31) y: Survivor 1         1M (0%)           14M (0%)           8 / 0              0 / 0              0 / 0        
[2026-06-26T13:33:50.817-0300][29.765s][10128][14572][info][gc,reloc    ] GC(31) y: Survivor 2         1M (0%)           14M (0%)           8 / 3              0 / 0              0 / 0        
[2026-06-26T13:33:50.817-0300][29.765s][10128][14572][info][gc,reloc    ] GC(31) y: Survivor 3         7M (0%)            4M (0%)           6 / 0              0 / 0              0 / 0        
[2026-06-26T13:33:50.817-0300][29.765s][10128][14572][info][gc,heap     ] GC(31) y: Min Capacity: 8M(0%)
[2026-06-26T13:33:50.817-0300][29.765s][10128][14572][info][gc,heap     ] GC(31) y: Max Capacity: 3072M(100%)
[2026-06-26T13:33:50.817-0300][29.765s][10128][14572][info][gc,heap     ] GC(31) y: Soft Max Capacity: 3072M(100%)
[2026-06-26T13:33:50.817-0300][29.765s][10128][14572][info][gc,heap     ] GC(31) y: Heap Statistics:
[2026-06-26T13:33:50.817-0300][29.765s][10128][14572][info][gc,heap     ] GC(31) y:                Mark Start          Mark End        Relocate Start      Relocate End           High               Low         
[2026-06-26T13:33:50.817-0300][29.765s][10128][14572][info][gc,heap     ] GC(31) y:  Capacity:     3072M (100%)       3072M (100%)       3072M (100%)       3072M (100%)       3072M (100%)       3072M (100%)   
[2026-06-26T13:33:50.817-0300][29.765s][10128][14572][info][gc,heap     ] GC(31) y:      Free:     1898M (62%)        1876M (61%)        1950M (63%)        1982M (65%)        1982M (65%)        1876M (61%)    
[2026-06-26T13:33:50.817-0300][29.765s][10128][14572][info][gc,heap     ] GC(31) y:      Used:     1174M (38%)        1196M (39%)        1122M (37%)        1090M (35%)        1196M (39%)        1090M (35%)    
[2026-06-26T13:33:50.817-0300][29.765s][10128][14572][info][gc,heap     ] GC(31) y: Young Generation Statistics:
[2026-06-26T13:33:50.817-0300][29.765s][10128][14572][info][gc,heap     ] GC(31) y:                Mark Start          Mark End        Relocate Start      Relocate End    
[2026-06-26T13:33:50.817-0300][29.765s][10128][14572][info][gc,heap     ] GC(31) y:      Used:      156M (5%)          178M (6%)           96M (3%)           60M (2%)     
[2026-06-26T13:33:50.817-0300][29.765s][10128][14572][info][gc,heap     ] GC(31) y:      Live:         -                35M (1%)           28M (1%)           26M (1%)     
[2026-06-26T13:33:50.817-0300][29.765s][10128][14572][info][gc,heap     ] GC(31) y:   Garbage:         -               120M (4%)           45M (1%)            0M (0%)     
[2026-06-26T13:33:50.817-0300][29.765s][10128][14572][info][gc,heap     ] GC(31) y: Allocated:         -                22M (1%)           22M (1%)           32M (1%)     
[2026-06-26T13:33:50.817-0300][29.765s][10128][14572][info][gc,heap     ] GC(31) y: Reclaimed:         -                  -                75M (2%)          119M (4%)     
[2026-06-26T13:33:50.817-0300][29.765s][10128][14572][info][gc,heap     ] GC(31) y:  Promoted:         -                  -                 6M (0%)            8M (0%)     
[2026-06-26T13:33:50.817-0300][29.765s][10128][14572][info][gc,heap     ] GC(31) y: Compacted:         -                  -                  -                25M (1%)     
[2026-06-26T13:33:50.817-0300][29.765s][10128][14572][info][gc,phases   ] GC(31) y: Young Generation 1174M(38%)->1090M(35%) 0.081s
[2026-06-26T13:33:50.817-0300][29.765s][10128][14572][info][gc          ] GC(31) Minor Collection (Allocation Rate) 1172M(38%)->1090M(35%) 0.081s
[2026-06-26T13:33:51.134-0300][30.082s][10128][14572][info][gc          ] GC(32) Minor Collection (Allocation Rate)
[2026-06-26T13:33:51.134-0300][30.082s][10128][14572][info][gc,task     ] GC(32) Using 2 Workers for Young Generation
[2026-06-26T13:33:51.134-0300][30.082s][10128][14572][info][gc,phases   ] GC(32) y: Young Generation
[2026-06-26T13:33:51.134-0300][30.082s][10128][8556 ][info][gc,phases   ] GC(32) y: Pause Mark Start 0.016ms
[2026-06-26T13:33:51.203-0300][30.151s][10128][14572][info][gc,phases   ] GC(32) y: Concurrent Mark 69.123ms
[2026-06-26T13:33:51.203-0300][30.151s][10128][8556 ][info][gc,phases   ] GC(32) y: Pause Mark End 0.021ms
[2026-06-26T13:33:51.203-0300][30.151s][10128][14572][info][gc,phases   ] GC(32) y: Concurrent Mark Free 0.005ms
[2026-06-26T13:33:51.203-0300][30.151s][10128][14572][info][gc,phases   ] GC(32) y: Concurrent Reset Relocation Set 0.040ms
[2026-06-26T13:33:51.203-0300][30.152s][10128][14572][info][gc,reloc    ] GC(32) y: Using tenuring threshold: 3 (Computed)
[2026-06-26T13:33:51.204-0300][30.153s][10128][14572][info][gc,phases   ] GC(32) y: Concurrent Select Relocation Set 1.067ms
[2026-06-26T13:33:51.204-0300][30.153s][10128][8556 ][info][gc,phases   ] GC(32) y: Pause Relocate Start 0.009ms
[2026-06-26T13:33:51.216-0300][30.164s][10128][14572][info][gc,phases   ] GC(32) y: Concurrent Relocate 11.319ms
[2026-06-26T13:33:51.216-0300][30.164s][10128][14572][info][gc,alloc    ] GC(32) y:                         Mark Start        Mark End      Relocate Start    Relocate End   
[2026-06-26T13:33:51.216-0300][30.164s][10128][14572][info][gc,alloc    ] GC(32) y: Allocation Stalls:          0                0                0                0         
[2026-06-26T13:33:51.216-0300][30.164s][10128][14572][info][gc,load     ] GC(32) y: Load: 0.00 (0%) / 0.00 (0%) / 0.00 (0%)
[2026-06-26T13:33:51.216-0300][30.164s][10128][14572][info][gc,mmu      ] GC(32) y: MMU: 2ms/97.5%, 5ms/98.8%, 10ms/99.3%, 20ms/99.7%, 50ms/99.8%, 100ms/99.8%
[2026-06-26T13:33:51.216-0300][30.164s][10128][14572][info][gc,marking  ] GC(32) y: Mark: 2 stripe(s), 2 proactive flush(es), 1 terminate flush(es), 0 completion(s), 0 continuation(s) 
[2026-06-26T13:33:51.216-0300][30.164s][10128][14572][info][gc,nmethod  ] GC(32) y: NMethods: 10280 registered, 1146 unregistered
[2026-06-26T13:33:51.216-0300][30.164s][10128][14572][info][gc,metaspace] GC(32) y: Metaspace: 62M used, 63M committed, 1088M reserved
[2026-06-26T13:33:51.216-0300][30.164s][10128][14572][info][gc,reloc    ] GC(32) y:                        Candidates     Selected     In-Place         Size        Empty    Relocated 
[2026-06-26T13:33:51.216-0300][30.164s][10128][14572][info][gc,reloc    ] GC(32) y: Small Pages:                   58           25            0         116M          18M          10M 
[2026-06-26T13:33:51.216-0300][30.164s][10128][14572][info][gc,reloc    ] GC(32) y: Medium Pages:                   1            0            0          32M          32M           0M 
[2026-06-26T13:33:51.216-0300][30.164s][10128][14572][info][gc,reloc    ] GC(32) y: Large Pages:                    1            0            0           6M           6M           0M 
[2026-06-26T13:33:51.216-0300][30.164s][10128][14572][info][gc,reloc    ] GC(32) y: Forwarding Usage: 5M
[2026-06-26T13:33:51.216-0300][30.164s][10128][14572][info][gc,reloc    ] GC(32) y: Age Table:
[2026-06-26T13:33:51.216-0300][30.164s][10128][14572][info][gc,reloc    ] GC(32) y:                    Live             Garbage             Small              Medium             Large        
[2026-06-26T13:33:51.216-0300][30.164s][10128][14572][info][gc,reloc    ] GC(32) y: Eden              18M (1%)          103M (3%)          42 / 22             1 / 0              1 / 0        
[2026-06-26T13:33:51.216-0300][30.164s][10128][14572][info][gc,reloc    ] GC(32) y: Survivor 1        23M (1%)            6M (0%)          15 / 3              0 / 0              0 / 0        
[2026-06-26T13:33:51.216-0300][30.164s][10128][14572][info][gc,reloc    ] GC(32) y: Survivor 2         1M (0%)            0M (0%)           1 / 0              0 / 0              0 / 0        
[2026-06-26T13:33:51.216-0300][30.164s][10128][14572][info][gc,heap     ] GC(32) y: Min Capacity: 8M(0%)
[2026-06-26T13:33:51.216-0300][30.164s][10128][14572][info][gc,heap     ] GC(32) y: Max Capacity: 3072M(100%)
[2026-06-26T13:33:51.216-0300][30.164s][10128][14572][info][gc,heap     ] GC(32) y: Soft Max Capacity: 3072M(100%)
[2026-06-26T13:33:51.216-0300][30.164s][10128][14572][info][gc,heap     ] GC(32) y: Heap Statistics:
[2026-06-26T13:33:51.216-0300][30.164s][10128][14572][info][gc,heap     ] GC(32) y:                Mark Start          Mark End        Relocate Start      Relocate End           High               Low         
[2026-06-26T13:33:51.216-0300][30.165s][10128][14572][info][gc,heap     ] GC(32) y:  Capacity:     3072M (100%)       3072M (100%)       3072M (100%)       3072M (100%)       3072M (100%)       3072M (100%)   
[2026-06-26T13:33:51.216-0300][30.165s][10128][14572][info][gc,heap     ] GC(32) y:      Free:     1888M (61%)        1862M (61%)        1918M (62%)        1958M (64%)        1958M (64%)        1862M (61%)    
[2026-06-26T13:33:51.216-0300][30.165s][10128][14572][info][gc,heap     ] GC(32) y:      Used:     1184M (39%)        1210M (39%)        1154M (38%)        1114M (36%)        1210M (39%)        1114M (36%)    
[2026-06-26T13:33:51.216-0300][30.165s][10128][14572][info][gc,heap     ] GC(32) y: Young Generation Statistics:
[2026-06-26T13:33:51.216-0300][30.165s][10128][14572][info][gc,heap     ] GC(32) y:                Mark Start          Mark End        Relocate Start      Relocate End    
[2026-06-26T13:33:51.216-0300][30.165s][10128][14572][info][gc,heap     ] GC(32) y:      Used:      154M (5%)          180M (6%)          124M (4%)           84M (3%)     
[2026-06-26T13:33:51.216-0300][30.165s][10128][14572][info][gc,heap     ] GC(32) y:      Live:         -                42M (1%)           42M (1%)           42M (1%)     
[2026-06-26T13:33:51.216-0300][30.165s][10128][14572][info][gc,heap     ] GC(32) y:   Garbage:         -               111M (4%)           55M (2%)            2M (0%)     
[2026-06-26T13:33:51.216-0300][30.165s][10128][14572][info][gc,heap     ] GC(32) y: Allocated:         -                26M (1%)           26M (1%)           38M (1%)     
[2026-06-26T13:33:51.216-0300][30.165s][10128][14572][info][gc,heap     ] GC(32) y: Reclaimed:         -                  -                56M (2%)          108M (4%)     
[2026-06-26T13:33:51.216-0300][30.165s][10128][14572][info][gc,heap     ] GC(32) y:  Promoted:         -                  -                 0M (0%)            0M (0%)     
[2026-06-26T13:33:51.216-0300][30.165s][10128][14572][info][gc,heap     ] GC(32) y: Compacted:         -                  -                  -                17M (1%)     
[2026-06-26T13:33:51.216-0300][30.165s][10128][14572][info][gc,phases   ] GC(32) y: Young Generation 1184M(39%)->1114M(36%) 0.082s
[2026-06-26T13:33:51.216-0300][30.165s][10128][14572][info][gc          ] GC(32) Minor Collection (Allocation Rate) 1184M(39%)->1114M(36%) 0.083s
[2026-06-26T13:33:51.422-0300][30.369s][10128][14572][info][gc          ] GC(33) Minor Collection (Allocation Rate)
[2026-06-26T13:33:51.422-0300][30.369s][10128][14572][info][gc,task     ] GC(33) Using 2 Workers for Young Generation
[2026-06-26T13:33:51.422-0300][30.369s][10128][14572][info][gc,phases   ] GC(33) y: Young Generation
[2026-06-26T13:33:51.422-0300][30.369s][10128][8556 ][info][gc,phases   ] GC(33) y: Pause Mark Start 0.011ms
[2026-06-26T13:33:51.488-0300][30.436s][10128][14572][info][gc,phases   ] GC(33) y: Concurrent Mark 66.063ms
[2026-06-26T13:33:51.488-0300][30.436s][10128][8556 ][info][gc,phases   ] GC(33) y: Pause Mark End 0.020ms
[2026-06-26T13:33:51.488-0300][30.436s][10128][14572][info][gc,phases   ] GC(33) y: Concurrent Mark Free 0.005ms
[2026-06-26T13:33:51.488-0300][30.436s][10128][14572][info][gc,phases   ] GC(33) y: Concurrent Reset Relocation Set 0.004ms
[2026-06-26T13:33:51.488-0300][30.436s][10128][14572][info][gc,reloc    ] GC(33) y: Using tenuring threshold: 4 (Computed)
[2026-06-26T13:33:51.489-0300][30.436s][10128][14572][info][gc,phases   ] GC(33) y: Concurrent Select Relocation Set 0.594ms
[2026-06-26T13:33:51.489-0300][30.437s][10128][8556 ][info][gc,phases   ] GC(33) y: Pause Relocate Start 0.016ms
[2026-06-26T13:33:51.496-0300][30.444s][10128][14572][info][gc,phases   ] GC(33) y: Concurrent Relocate 7.509ms
[2026-06-26T13:33:51.496-0300][30.444s][10128][14572][info][gc,alloc    ] GC(33) y:                         Mark Start        Mark End      Relocate Start    Relocate End   
[2026-06-26T13:33:51.496-0300][30.444s][10128][14572][info][gc,alloc    ] GC(33) y: Allocation Stalls:          0                0                0                0         
[2026-06-26T13:33:51.496-0300][30.444s][10128][14572][info][gc,load     ] GC(33) y: Load: 0.00 (0%) / 0.00 (0%) / 0.00 (0%)
[2026-06-26T13:33:51.496-0300][30.444s][10128][14572][info][gc,mmu      ] GC(33) y: MMU: 2ms/97.5%, 5ms/98.8%, 10ms/99.3%, 20ms/99.7%, 50ms/99.8%, 100ms/99.8%
[2026-06-26T13:33:51.496-0300][30.444s][10128][14572][info][gc,marking  ] GC(33) y: Mark: 2 stripe(s), 2 proactive flush(es), 1 terminate flush(es), 0 completion(s), 0 continuation(s) 
[2026-06-26T13:33:51.496-0300][30.444s][10128][14572][info][gc,nmethod  ] GC(33) y: NMethods: 10412 registered, 0 unregistered
[2026-06-26T13:33:51.496-0300][30.444s][10128][14572][info][gc,metaspace] GC(33) y: Metaspace: 63M used, 64M committed, 1088M reserved
[2026-06-26T13:33:51.496-0300][30.444s][10128][14572][info][gc,reloc    ] GC(33) y:                        Candidates     Selected     In-Place         Size        Empty    Relocated 
[2026-06-26T13:33:51.496-0300][30.444s][10128][14572][info][gc,reloc    ] GC(33) y: Small Pages:                   63           30            0         126M           2M          12M 
[2026-06-26T13:33:51.496-0300][30.444s][10128][14572][info][gc,reloc    ] GC(33) y: Medium Pages:                   1            0            0          32M           0M           0M 
[2026-06-26T13:33:51.496-0300][30.444s][10128][14572][info][gc,reloc    ] GC(33) y: Large Pages:                    0            0            0           0M           0M           0M 
[2026-06-26T13:33:51.496-0300][30.444s][10128][14572][info][gc,reloc    ] GC(33) y: Forwarding Usage: 2M
[2026-06-26T13:33:51.496-0300][30.444s][10128][14572][info][gc,reloc    ] GC(33) y: Age Table:
[2026-06-26T13:33:51.496-0300][30.444s][10128][14572][info][gc,reloc    ] GC(33) y:                    Live             Garbage             Small              Medium             Large        
[2026-06-26T13:33:51.496-0300][30.444s][10128][14572][info][gc,reloc    ] GC(33) y: Eden              16M (1%)           87M (3%)          36 / 27             1 / 0              0 / 0        
[2026-06-26T13:33:51.496-0300][30.444s][10128][14572][info][gc,reloc    ] GC(33) y: Survivor 1        18M (1%)            7M (0%)          13 / 3              0 / 0              0 / 0        
[2026-06-26T13:33:51.496-0300][30.444s][10128][14572][info][gc,reloc    ] GC(33) y: Survivor 2        23M (1%)            2M (0%)          13 / 0              0 / 0              0 / 0        
[2026-06-26T13:33:51.496-0300][30.444s][10128][14572][info][gc,reloc    ] GC(33) y: Survivor 3         1M (0%)            0M (0%)           1 / 0              0 / 0              0 / 0        
[2026-06-26T13:33:51.496-0300][30.444s][10128][14572][info][gc,heap     ] GC(33) y: Min Capacity: 8M(0%)
[2026-06-26T13:33:51.496-0300][30.444s][10128][14572][info][gc,heap     ] GC(33) y: Max Capacity: 3072M(100%)
[2026-06-26T13:33:51.496-0300][30.445s][10128][14572][info][gc,heap     ] GC(33) y: Soft Max Capacity: 3072M(100%)
[2026-06-26T13:33:51.496-0300][30.445s][10128][14572][info][gc,heap     ] GC(33) y: Heap Statistics:
[2026-06-26T13:33:51.496-0300][30.445s][10128][14572][info][gc,heap     ] GC(33) y:                Mark Start          Mark End        Relocate Start      Relocate End           High               Low         
[2026-06-26T13:33:51.496-0300][30.445s][10128][14572][info][gc,heap     ] GC(33) y:  Capacity:     3072M (100%)       3072M (100%)       3072M (100%)       3072M (100%)       3072M (100%)       3072M (100%)   
[2026-06-26T13:33:51.496-0300][30.445s][10128][14572][info][gc,heap     ] GC(33) y:      Free:     1884M (61%)        1862M (61%)        1864M (61%)        1916M (62%)        1916M (62%)        1858M (60%)    
[2026-06-26T13:33:51.496-0300][30.445s][10128][14572][info][gc,heap     ] GC(33) y:      Used:     1188M (39%)        1210M (39%)        1208M (39%)        1156M (38%)        1214M (40%)        1156M (38%)    
[2026-06-26T13:33:51.496-0300][30.445s][10128][14572][info][gc,heap     ] GC(33) y: Young Generation Statistics:
[2026-06-26T13:33:51.496-0300][30.445s][10128][14572][info][gc,heap     ] GC(33) y:                Mark Start          Mark End        Relocate Start      Relocate End    
[2026-06-26T13:33:51.496-0300][30.445s][10128][14572][info][gc,heap     ] GC(33) y:      Used:      158M (5%)          180M (6%)          178M (6%)          126M (4%)     
[2026-06-26T13:33:51.496-0300][30.445s][10128][14572][info][gc,heap     ] GC(33) y:      Live:         -                59M (2%)           59M (2%)           59M (2%)     
[2026-06-26T13:33:51.496-0300][30.445s][10128][14572][info][gc,heap     ] GC(33) y:   Garbage:         -                98M (3%)           96M (3%)           33M (1%)     
[2026-06-26T13:33:51.496-0300][30.445s][10128][14572][info][gc,heap     ] GC(33) y: Allocated:         -                22M (1%)           22M (1%)           32M (1%)     
[2026-06-26T13:33:51.496-0300][30.445s][10128][14572][info][gc,heap     ] GC(33) y: Reclaimed:         -                  -                 2M (0%)           64M (2%)     
[2026-06-26T13:33:51.496-0300][30.445s][10128][14572][info][gc,heap     ] GC(33) y:  Promoted:         -                  -                 0M (0%)            0M (0%)     
[2026-06-26T13:33:51.496-0300][30.445s][10128][14572][info][gc,heap     ] GC(33) y: Compacted:         -                  -                  -                17M (1%)     
[2026-06-26T13:33:51.496-0300][30.445s][10128][14572][info][gc,phases   ] GC(33) y: Young Generation 1188M(39%)->1156M(38%) 0.075s
[2026-06-26T13:33:51.496-0300][30.445s][10128][14572][info][gc          ] GC(33) Minor Collection (Allocation Rate) 1188M(39%)->1156M(38%) 0.076s
[2026-06-26T13:33:51.771-0300][30.719s][10128][14572][info][gc          ] GC(34) Minor Collection (Allocation Rate)
[2026-06-26T13:33:51.771-0300][30.719s][10128][14572][info][gc,task     ] GC(34) Using 2 Workers for Young Generation
[2026-06-26T13:33:51.771-0300][30.719s][10128][14572][info][gc,phases   ] GC(34) y: Young Generation
[2026-06-26T13:33:51.771-0300][30.719s][10128][8556 ][info][gc,phases   ] GC(34) y: Pause Mark Start 0.015ms
[2026-06-26T13:33:51.832-0300][30.780s][10128][14572][info][gc,phases   ] GC(34) y: Concurrent Mark 60.986ms
[2026-06-26T13:33:51.832-0300][30.780s][10128][8556 ][info][gc,phases   ] GC(34) y: Pause Mark End 0.020ms
[2026-06-26T13:33:51.832-0300][30.780s][10128][14572][info][gc,phases   ] GC(34) y: Concurrent Mark Free 0.006ms
[2026-06-26T13:33:51.832-0300][30.780s][10128][14572][info][gc,phases   ] GC(34) y: Concurrent Reset Relocation Set 0.005ms
[2026-06-26T13:33:51.832-0300][30.780s][10128][14572][info][gc,reloc    ] GC(34) y: Using tenuring threshold: 2 (Computed)
[2026-06-26T13:33:51.845-0300][30.793s][10128][14572][info][gc,phases   ] GC(34) y: Concurrent Select Relocation Set 12.452ms
[2026-06-26T13:33:51.845-0300][30.793s][10128][8556 ][info][gc,phases   ] GC(34) y: Pause Relocate Start 0.012ms
[2026-06-26T13:33:51.878-0300][30.825s][10128][14572][info][gc,phases   ] GC(34) y: Concurrent Relocate 32.349ms
[2026-06-26T13:33:51.878-0300][30.825s][10128][14572][info][gc,alloc    ] GC(34) y:                         Mark Start        Mark End      Relocate Start    Relocate End   
[2026-06-26T13:33:51.878-0300][30.825s][10128][14572][info][gc,alloc    ] GC(34) y: Allocation Stalls:          0                0                0                0         
[2026-06-26T13:33:51.878-0300][30.826s][10128][14572][info][gc,load     ] GC(34) y: Load: 0.00 (0%) / 0.00 (0%) / 0.00 (0%)
[2026-06-26T13:33:51.878-0300][30.826s][10128][14572][info][gc,mmu      ] GC(34) y: MMU: 2ms/97.5%, 5ms/98.8%, 10ms/99.3%, 20ms/99.7%, 50ms/99.8%, 100ms/99.8%
[2026-06-26T13:33:51.878-0300][30.826s][10128][14572][info][gc,marking  ] GC(34) y: Mark: 2 stripe(s), 2 proactive flush(es), 1 terminate flush(es), 0 completion(s), 0 continuation(s) 
[2026-06-26T13:33:51.878-0300][30.826s][10128][14572][info][gc,nmethod  ] GC(34) y: NMethods: 10541 registered, 0 unregistered
[2026-06-26T13:33:51.878-0300][30.826s][10128][14572][info][gc,metaspace] GC(34) y: Metaspace: 63M used, 64M committed, 1088M reserved
[2026-06-26T13:33:51.878-0300][30.826s][10128][14572][info][gc,reloc    ] GC(34) y:                        Candidates     Selected     In-Place         Size        Empty    Relocated 
[2026-06-26T13:33:51.878-0300][30.826s][10128][14572][info][gc,reloc    ] GC(34) y: Small Pages:                   61           26            0         122M           4M           5M 
[2026-06-26T13:33:51.878-0300][30.826s][10128][14572][info][gc,reloc    ] GC(34) y: Medium Pages:                   1            0            0          32M           0M           0M 
[2026-06-26T13:33:51.878-0300][30.826s][10128][14572][info][gc,reloc    ] GC(34) y: Large Pages:                    0            0            0           0M           0M           0M 
[2026-06-26T13:33:51.878-0300][30.826s][10128][14572][info][gc,reloc    ] GC(34) y: Forwarding Usage: 3M
[2026-06-26T13:33:51.878-0300][30.826s][10128][14572][info][gc,reloc    ] GC(34) y: Age Table:
[2026-06-26T13:33:51.878-0300][30.826s][10128][14572][info][gc,reloc    ] GC(34) y:                    Live             Garbage             Small              Medium             Large        
[2026-06-26T13:33:51.878-0300][30.826s][10128][14572][info][gc,reloc    ] GC(34) y: Eden               4M (0%)           45M (1%)          25 / 22             0 / 0              0 / 0        
[2026-06-26T13:33:51.878-0300][30.826s][10128][14572][info][gc,reloc    ] GC(34) y: Survivor 1        16M (1%)           37M (1%)          11 / 1              1 / 0              0 / 0        
[2026-06-26T13:33:51.878-0300][30.826s][10128][14572][info][gc,reloc    ] GC(34) y: Survivor 2        18M (1%)            3M (0%)          11 / 1              0 / 0              0 / 0        
[2026-06-26T13:33:51.878-0300][30.826s][10128][14572][info][gc,reloc    ] GC(34) y: Survivor 3        23M (1%)            2M (0%)          13 / 2              0 / 0              0 / 0        
[2026-06-26T13:33:51.878-0300][30.826s][10128][14572][info][gc,reloc    ] GC(34) y: Survivor 4         1M (0%)            0M (0%)           1 / 0              0 / 0              0 / 0        
[2026-06-26T13:33:51.878-0300][30.826s][10128][14572][info][gc,heap     ] GC(34) y: Min Capacity: 8M(0%)
[2026-06-26T13:33:51.878-0300][30.826s][10128][14572][info][gc,heap     ] GC(34) y: Max Capacity: 3072M(100%)
[2026-06-26T13:33:51.878-0300][30.826s][10128][14572][info][gc,heap     ] GC(34) y: Soft Max Capacity: 3072M(100%)
[2026-06-26T13:33:51.878-0300][30.826s][10128][14572][info][gc,heap     ] GC(34) y: Heap Statistics:
[2026-06-26T13:33:51.878-0300][30.826s][10128][14572][info][gc,heap     ] GC(34) y:                Mark Start          Mark End        Relocate Start      Relocate End           High               Low         
[2026-06-26T13:33:51.878-0300][30.826s][10128][14572][info][gc,heap     ] GC(34) y:  Capacity:     3072M (100%)       3072M (100%)       3072M (100%)       3072M (100%)       3072M (100%)       3072M (100%)   
[2026-06-26T13:33:51.879-0300][30.826s][10128][14572][info][gc,heap     ] GC(34) y:      Free:     1888M (61%)        1870M (61%)        1872M (61%)        1912M (62%)        1914M (62%)        1866M (61%)    
[2026-06-26T13:33:51.879-0300][30.826s][10128][14572][info][gc,heap     ] GC(34) y:      Used:     1184M (39%)        1202M (39%)        1200M (39%)        1160M (38%)        1206M (39%)        1158M (38%)    
[2026-06-26T13:33:51.879-0300][30.826s][10128][14572][info][gc,heap     ] GC(34) y: Young Generation Statistics:
[2026-06-26T13:33:51.879-0300][30.826s][10128][14572][info][gc,heap     ] GC(34) y:                Mark Start          Mark End        Relocate Start      Relocate End    
[2026-06-26T13:33:51.879-0300][30.826s][10128][14572][info][gc,heap     ] GC(34) y:      Used:      154M (5%)          172M (6%)          130M (4%)           82M (3%)     
[2026-06-26T13:33:51.879-0300][30.826s][10128][14572][info][gc,heap     ] GC(34) y:      Live:         -                64M (2%)           26M (1%)           21M (1%)     
[2026-06-26T13:33:51.879-0300][30.826s][10128][14572][info][gc,heap     ] GC(34) y:   Garbage:         -                89M (3%)           83M (3%)           30M (1%)     
[2026-06-26T13:33:51.879-0300][30.826s][10128][14572][info][gc,heap     ] GC(34) y: Allocated:         -                18M (1%)           20M (1%)           30M (1%)     
[2026-06-26T13:33:51.879-0300][30.826s][10128][14572][info][gc,heap     ] GC(34) y: Reclaimed:         -                  -                 6M (0%)           59M (2%)     
[2026-06-26T13:33:51.879-0300][30.826s][10128][14572][info][gc,heap     ] GC(34) y:  Promoted:         -                  -                37M (1%)           42M (1%)     
[2026-06-26T13:33:51.879-0300][30.826s][10128][14572][info][gc,heap     ] GC(34) y: Compacted:         -                  -                  -                 5M (0%)     
[2026-06-26T13:33:51.879-0300][30.826s][10128][14572][info][gc,phases   ] GC(34) y: Young Generation 1184M(39%)->1160M(38%) 0.107s
[2026-06-26T13:33:51.879-0300][30.826s][10128][14572][info][gc          ] GC(34) Minor Collection (Allocation Rate) 1184M(39%)->1160M(38%) 0.108s
[2026-06-26T13:33:51.998-0300][30.946s][10128][7368 ][info][gc,phases   ] GC(30) O: Concurrent Mark 1607.330ms
[2026-06-26T13:33:51.998-0300][30.946s][10128][8556 ][info][gc,phases   ] GC(30) O: Pause Mark End 0.016ms
[2026-06-26T13:33:51.998-0300][30.946s][10128][7368 ][info][gc,phases   ] GC(30) O: Concurrent Mark Free 0.002ms
[2026-06-26T13:33:52.028-0300][30.976s][10128][7368 ][info][gc,phases   ] GC(30) O: Concurrent Process Non-Strong 30.660ms
[2026-06-26T13:33:52.028-0300][30.977s][10128][7368 ][info][gc,phases   ] GC(30) O: Concurrent Reset Relocation Set 0.006ms
[2026-06-26T13:33:52.031-0300][30.978s][10128][7368 ][info][gc,phases   ] GC(30) O: Concurrent Select Relocation Set 1.759ms
[2026-06-26T13:33:52.031-0300][30.978s][10128][7368 ][info][gc,task     ] GC(30) O: Using 3 Workers for Old Generation
[2026-06-26T13:33:52.037-0300][30.985s][10128][7368 ][info][gc,task     ] GC(30) O: Using 1 Workers for Old Generation
[2026-06-26T13:33:52.037-0300][30.985s][10128][7368 ][info][gc,phases   ] GC(30) O: Concurrent Remap Roots 7.050ms
[2026-06-26T13:33:52.037-0300][30.985s][10128][8556 ][info][gc,phases   ] GC(30) O: Pause Relocate Start 0.009ms
[2026-06-26T13:33:52.100-0300][31.048s][10128][7368 ][info][gc,phases   ] GC(30) O: Concurrent Relocate 62.887ms
[2026-06-26T13:33:52.101-0300][31.048s][10128][7368 ][info][gc,alloc    ] GC(30) O:                         Mark Start        Mark End      Relocate Start    Relocate End   
[2026-06-26T13:33:52.101-0300][31.049s][10128][7368 ][info][gc,alloc    ] GC(30) O: Allocation Stalls:          0                0                0                0         
[2026-06-26T13:33:52.101-0300][31.049s][10128][7368 ][info][gc,load     ] GC(30) O: Load: 0.00 (0%) / 0.00 (0%) / 0.00 (0%)
[2026-06-26T13:33:52.101-0300][31.049s][10128][7368 ][info][gc,mmu      ] GC(30) O: MMU: 2ms/97.5%, 5ms/98.8%, 10ms/99.3%, 20ms/99.7%, 50ms/99.8%, 100ms/99.8%
[2026-06-26T13:33:52.101-0300][31.049s][10128][7368 ][info][gc,marking  ] GC(30) O: Mark: 1 stripe(s), 2 proactive flush(es), 1 terminate flush(es), 0 completion(s), 0 continuation(s) 
[2026-06-26T13:33:52.101-0300][31.049s][10128][7368 ][info][gc,nmethod  ] GC(30) O: NMethods: 10514 registered, 206 unregistered
[2026-06-26T13:33:52.101-0300][31.049s][10128][7368 ][info][gc,metaspace] GC(30) O: Metaspace: 63M used, 64M committed, 1088M reserved
[2026-06-26T13:33:52.101-0300][31.049s][10128][7368 ][info][gc,ref      ] GC(30) O:                       Encountered   Discovered     Enqueued 
[2026-06-26T13:33:52.101-0300][31.049s][10128][7368 ][info][gc,ref      ] GC(30) O: Soft References:             5317            0            0 
[2026-06-26T13:33:52.101-0300][31.049s][10128][7368 ][info][gc,ref      ] GC(30) O: Weak References:             4364         3182            3 
[2026-06-26T13:33:52.101-0300][31.049s][10128][7368 ][info][gc,ref      ] GC(30) O: Final References:              14            4            0 
[2026-06-26T13:33:52.101-0300][31.049s][10128][7368 ][info][gc,ref      ] GC(30) O: Phantom References:          6454         6424            0 
[2026-06-26T13:33:52.101-0300][31.049s][10128][7368 ][info][gc,reloc    ] GC(30) O:                        Candidates     Selected     In-Place         Size        Empty    Relocated 
[2026-06-26T13:33:52.101-0300][31.049s][10128][7368 ][info][gc,reloc    ] GC(30) O: Small Pages:                  392           28            0         784M           4M          12M 
[2026-06-26T13:33:52.101-0300][31.049s][10128][7368 ][info][gc,reloc    ] GC(30) O: Medium Pages:                   5            2            0         160M          64M          18M 
[2026-06-26T13:33:52.101-0300][31.049s][10128][7368 ][info][gc,reloc    ] GC(30) O: Large Pages:                    1            0            0          12M           0M           0M 
[2026-06-26T13:33:52.101-0300][31.049s][10128][7368 ][info][gc,reloc    ] GC(30) O: Forwarding Usage: 15M
[2026-06-26T13:33:52.101-0300][31.049s][10128][7368 ][info][gc,heap     ] GC(30) O: Min Capacity: 8M(0%)
[2026-06-26T13:33:52.101-0300][31.049s][10128][7368 ][info][gc,heap     ] GC(30) O: Max Capacity: 3072M(100%)
[2026-06-26T13:33:52.101-0300][31.049s][10128][7368 ][info][gc,heap     ] GC(30) O: Soft Max Capacity: 3072M(100%)
[2026-06-26T13:33:52.101-0300][31.049s][10128][7368 ][info][gc,heap     ] GC(30) O: Heap Statistics:
[2026-06-26T13:33:52.101-0300][31.049s][10128][7368 ][info][gc,heap     ] GC(30) O:                Mark Start          Mark End        Relocate Start      Relocate End           High               Low         
[2026-06-26T13:33:52.101-0300][31.049s][10128][7368 ][info][gc,heap     ] GC(30) O:  Capacity:     3072M (100%)       3072M (100%)       3072M (100%)       3072M (100%)       3072M (100%)       3072M (100%)   
[2026-06-26T13:33:52.101-0300][31.049s][10128][7368 ][info][gc,heap     ] GC(30) O:      Free:     1956M (64%)        1886M (61%)        1944M (63%)        2006M (65%)        2006M (65%)        1858M (60%)    
[2026-06-26T13:33:52.101-0300][31.049s][10128][7368 ][info][gc,heap     ] GC(30) O:      Used:     1116M (36%)        1186M (39%)        1128M (37%)        1066M (35%)        1214M (40%)        1066M (35%)    
[2026-06-26T13:33:52.101-0300][31.049s][10128][7368 ][info][gc,heap     ] GC(30) O: Old Generation Statistics:
[2026-06-26T13:33:52.101-0300][31.049s][10128][7368 ][info][gc,heap     ] GC(30) O:                Mark Start          Mark End        Relocate Start      Relocate End    
[2026-06-26T13:33:52.101-0300][31.049s][10128][7368 ][info][gc,heap     ] GC(30) O:      Used:      956M (31%)        1078M (35%)        1010M (33%)         930M (30%)    
[2026-06-26T13:33:52.101-0300][31.049s][10128][7368 ][info][gc,heap     ] GC(30) O:      Live:         -               724M (24%)         724M (24%)         724M (24%)    
[2026-06-26T13:33:52.101-0300][31.049s][10128][7368 ][info][gc,heap     ] GC(30) O:   Garbage:         -               231M (8%)          163M (5%)           24M (1%)     
[2026-06-26T13:33:52.101-0300][31.049s][10128][7368 ][info][gc,heap     ] GC(30) O: Allocated:         -               122M (4%)          122M (4%)          180M (6%)     
[2026-06-26T13:33:52.101-0300][31.049s][10128][7368 ][info][gc,heap     ] GC(30) O: Reclaimed:         -                  -                68M (2%)          206M (7%)     
[2026-06-26T13:33:52.101-0300][31.049s][10128][7368 ][info][gc,heap     ] GC(30) O: Compacted:         -                  -                  -                59M (2%)     
[2026-06-26T13:33:52.101-0300][31.049s][10128][7368 ][info][gc,phases   ] GC(30) O: Old Generation 1094M(36%)->1066M(35%) 1.710s
[2026-06-26T13:33:52.101-0300][31.049s][10128][7368 ][info][gc          ] GC(30) Major Collection (Allocation Rate) 1116M(36%)->1066M(35%) 1.801s
[2026-06-26T13:33:52.204-0300][31.152s][10128][7368 ][info][gc          ] GC(35) Major Collection (Allocation Rate)
[2026-06-26T13:33:52.204-0300][31.152s][10128][7368 ][info][gc,task     ] GC(35) Using 3 Workers for Young Generation
[2026-06-26T13:33:52.204-0300][31.152s][10128][7368 ][info][gc,task     ] GC(35) Using 1 Workers for Old Generation
[2026-06-26T13:33:52.204-0300][31.152s][10128][7368 ][info][gc,phases   ] GC(35) Y: Young Generation
[2026-06-26T13:33:52.204-0300][31.152s][10128][8556 ][info][gc,phases   ] GC(35) Y: Pause Mark Start (Major) 0.012ms
[2026-06-26T13:33:52.234-0300][31.182s][10128][7368 ][info][gc,phases   ] GC(35) Y: Concurrent Mark 29.452ms
[2026-06-26T13:33:52.234-0300][31.182s][10128][8556 ][info][gc,phases   ] GC(35) Y: Pause Mark End 0.016ms
[2026-06-26T13:33:52.234-0300][31.182s][10128][7368 ][info][gc,phases   ] GC(35) Y: Concurrent Mark Free 0.005ms
[2026-06-26T13:33:52.235-0300][31.182s][10128][7368 ][info][gc,phases   ] GC(35) Y: Concurrent Reset Relocation Set 0.099ms
[2026-06-26T13:33:52.235-0300][31.182s][10128][7368 ][info][gc,reloc    ] GC(35) Y: Using tenuring threshold: 1 (Computed)
[2026-06-26T13:33:52.239-0300][31.186s][10128][7368 ][info][gc,phases   ] GC(35) Y: Concurrent Select Relocation Set 4.068ms
[2026-06-26T13:33:52.239-0300][31.186s][10128][8556 ][info][gc,phases   ] GC(35) Y: Pause Relocate Start 0.019ms
[2026-06-26T13:33:52.249-0300][31.198s][10128][7368 ][info][gc,phases   ] GC(35) Y: Concurrent Relocate 11.214ms
[2026-06-26T13:33:52.249-0300][31.198s][10128][7368 ][info][gc,alloc    ] GC(35) Y:                         Mark Start        Mark End      Relocate Start    Relocate End   
[2026-06-26T13:33:52.249-0300][31.198s][10128][7368 ][info][gc,alloc    ] GC(35) Y: Allocation Stalls:          0                0                0                0         
[2026-06-26T13:33:52.249-0300][31.198s][10128][7368 ][info][gc,load     ] GC(35) Y: Load: 0.00 (0%) / 0.00 (0%) / 0.00 (0%)
[2026-06-26T13:33:52.249-0300][31.198s][10128][7368 ][info][gc,mmu      ] GC(35) Y: MMU: 2ms/97.5%, 5ms/98.8%, 10ms/99.3%, 20ms/99.7%, 50ms/99.8%, 100ms/99.8%
[2026-06-26T13:33:52.249-0300][31.198s][10128][7368 ][info][gc,marking  ] GC(35) Y: Mark: 2 stripe(s), 2 proactive flush(es), 1 terminate flush(es), 0 completion(s), 0 continuation(s) 
[2026-06-26T13:33:52.249-0300][31.198s][10128][7368 ][info][gc,nmethod  ] GC(35) Y: NMethods: 10677 registered, 206 unregistered
[2026-06-26T13:33:52.249-0300][31.198s][10128][7368 ][info][gc,metaspace] GC(35) Y: Metaspace: 63M used, 64M committed, 1088M reserved
[2026-06-26T13:33:52.249-0300][31.198s][10128][7368 ][info][gc,reloc    ] GC(35) Y:                        Candidates     Selected     In-Place         Size        Empty    Relocated 
[2026-06-26T13:33:52.249-0300][31.198s][10128][7368 ][info][gc,reloc    ] GC(35) Y: Small Pages:                   62           43            0         124M           0M           6M 
[2026-06-26T13:33:52.249-0300][31.198s][10128][7368 ][info][gc,reloc    ] GC(35) Y: Medium Pages:                   2            1            0          64M           0M           2M 
[2026-06-26T13:33:52.249-0300][31.198s][10128][7368 ][info][gc,reloc    ] GC(35) Y: Large Pages:                    0            0            0           0M           0M           0M 
[2026-06-26T13:33:52.249-0300][31.198s][10128][7368 ][info][gc,reloc    ] GC(35) Y: Forwarding Usage: 1M
[2026-06-26T13:33:52.249-0300][31.198s][10128][7368 ][info][gc,reloc    ] GC(35) Y: Age Table:
[2026-06-26T13:33:52.249-0300][31.198s][10128][7368 ][info][gc,reloc    ] GC(35) Y:                    Live             Garbage             Small              Medium             Large        
[2026-06-26T13:33:52.249-0300][31.198s][10128][7368 ][info][gc,reloc    ] GC(35) Y: Eden              13M (0%)          116M (4%)          49 / 40             1 / 0              0 / 0        
[2026-06-26T13:33:52.249-0300][31.198s][10128][7368 ][info][gc,reloc    ] GC(35) Y: Survivor 1         4M (0%)            3M (0%)           4 / 1              0 / 0              0 / 0        
[2026-06-26T13:33:52.249-0300][31.198s][10128][7368 ][info][gc,reloc    ] GC(35) Y: Survivor 2        16M (1%)           33M (1%)           9 / 2              1 / 1              0 / 0        
[2026-06-26T13:33:52.249-0300][31.198s][10128][7368 ][info][gc,heap     ] GC(35) Y: Min Capacity: 8M(0%)
[2026-06-26T13:33:52.249-0300][31.198s][10128][7368 ][info][gc,heap     ] GC(35) Y: Max Capacity: 3072M(100%)
[2026-06-26T13:33:52.249-0300][31.198s][10128][7368 ][info][gc,heap     ] GC(35) Y: Soft Max Capacity: 3072M(100%)
[2026-06-26T13:33:52.249-0300][31.198s][10128][7368 ][info][gc,heap     ] GC(35) Y: Heap Statistics:
[2026-06-26T13:33:52.249-0300][31.198s][10128][7368 ][info][gc,heap     ] GC(35) Y:                Mark Start          Mark End        Relocate Start      Relocate End           High               Low         
[2026-06-26T13:33:52.249-0300][31.198s][10128][7368 ][info][gc,heap     ] GC(35) Y:  Capacity:     3072M (100%)       3072M (100%)       3072M (100%)       3072M (100%)       3072M (100%)       3072M (100%)   
[2026-06-26T13:33:52.249-0300][31.198s][10128][7368 ][info][gc,heap     ] GC(35) Y:      Free:     1954M (64%)        1896M (62%)        1896M (62%)        1972M (64%)        1974M (64%)        1828M (60%)    
[2026-06-26T13:33:52.249-0300][31.198s][10128][7368 ][info][gc,heap     ] GC(35) Y:      Used:     1118M (36%)        1176M (38%)        1176M (38%)        1100M (36%)        1244M (40%)        1098M (36%)    
[2026-06-26T13:33:52.249-0300][31.198s][10128][7368 ][info][gc,heap     ] GC(35) Y: Young Generation Statistics:
[2026-06-26T13:33:52.251-0300][31.198s][10128][7368 ][info][gc,heap     ] GC(35) Y:                Mark Start          Mark End        Relocate Start      Relocate End    
[2026-06-26T13:33:52.251-0300][31.198s][10128][7368 ][info][gc,heap     ] GC(35) Y:      Used:      188M (6%)          246M (8%)          228M (7%)          116M (4%)     
[2026-06-26T13:33:52.251-0300][31.198s][10128][7368 ][info][gc,heap     ] GC(35) Y:      Live:         -                35M (1%)           17M (1%)           13M (0%)     
[2026-06-26T13:33:52.251-0300][31.198s][10128][7368 ][info][gc,heap     ] GC(35) Y:   Garbage:         -               152M (5%)          152M (5%)            3M (0%)     
[2026-06-26T13:33:52.251-0300][31.198s][10128][7368 ][info][gc,heap     ] GC(35) Y: Allocated:         -                58M (2%)           58M (2%)           99M (3%)     
[2026-06-26T13:33:52.251-0300][31.198s][10128][7368 ][info][gc,heap     ] GC(35) Y: Reclaimed:         -                  -                 0M (0%)          149M (5%)     
[2026-06-26T13:33:52.251-0300][31.198s][10128][7368 ][info][gc,heap     ] GC(35) Y:  Promoted:         -                  -                17M (1%)           21M (1%)     
[2026-06-26T13:33:52.251-0300][31.198s][10128][7368 ][info][gc,heap     ] GC(35) Y: Compacted:         -                  -                  -                 6M (0%)     
[2026-06-26T13:33:52.251-0300][31.198s][10128][7368 ][info][gc,phases   ] GC(35) Y: Young Generation 1118M(36%)->1100M(36%) 0.046s
[2026-06-26T13:33:52.251-0300][31.198s][10128][7368 ][info][gc,phases   ] GC(35) O: Old Generation
[2026-06-26T13:33:52.352-0300][31.299s][10128][14572][info][gc          ] GC(36) Minor Collection (Allocation Rate)
[2026-06-26T13:33:52.352-0300][31.299s][10128][14572][info][gc,task     ] GC(36) Using 2 Workers for Young Generation
[2026-06-26T13:33:52.352-0300][31.299s][10128][14572][info][gc,phases   ] GC(36) y: Young Generation
[2026-06-26T13:33:52.352-0300][31.299s][10128][8556 ][info][gc,phases   ] GC(36) y: Pause Mark Start 0.012ms
[2026-06-26T13:33:52.376-0300][31.324s][10128][14572][info][gc,phases   ] GC(36) y: Concurrent Mark 24.313ms
[2026-06-26T13:33:52.376-0300][31.324s][10128][8556 ][info][gc,phases   ] GC(36) y: Pause Mark End 0.017ms
[2026-06-26T13:33:52.376-0300][31.324s][10128][14572][info][gc,phases   ] GC(36) y: Concurrent Mark Free 0.006ms
[2026-06-26T13:33:52.376-0300][31.324s][10128][14572][info][gc,phases   ] GC(36) y: Concurrent Reset Relocation Set 0.061ms
[2026-06-26T13:33:52.376-0300][31.324s][10128][14572][info][gc,reloc    ] GC(36) y: Using tenuring threshold: 2 (Computed)
[2026-06-26T13:33:52.377-0300][31.325s][10128][14572][info][gc,phases   ] GC(36) y: Concurrent Select Relocation Set 0.874ms
[2026-06-26T13:33:52.377-0300][31.325s][10128][8556 ][info][gc,phases   ] GC(36) y: Pause Relocate Start 0.013ms
[2026-06-26T13:33:52.381-0300][31.329s][10128][14572][info][gc,phases   ] GC(36) y: Concurrent Relocate 4.059ms
[2026-06-26T13:33:52.381-0300][31.329s][10128][14572][info][gc,alloc    ] GC(36) y:                         Mark Start        Mark End      Relocate Start    Relocate End   
[2026-06-26T13:33:52.382-0300][31.329s][10128][14572][info][gc,alloc    ] GC(36) y: Allocation Stalls:          0                0                0                0         
[2026-06-26T13:33:52.382-0300][31.329s][10128][14572][info][gc,load     ] GC(36) y: Load: 0.00 (0%) / 0.00 (0%) / 0.00 (0%)
[2026-06-26T13:33:52.382-0300][31.329s][10128][14572][info][gc,mmu      ] GC(36) y: MMU: 2ms/97.5%, 5ms/98.8%, 10ms/99.3%, 20ms/99.7%, 50ms/99.8%, 100ms/99.8%
[2026-06-26T13:33:52.382-0300][31.329s][10128][14572][info][gc,marking  ] GC(36) y: Mark: 2 stripe(s), 2 proactive flush(es), 1 terminate flush(es), 0 completion(s), 0 continuation(s) 
[2026-06-26T13:33:52.382-0300][31.329s][10128][14572][info][gc,nmethod  ] GC(36) y: NMethods: 10679 registered, 206 unregistered
[2026-06-26T13:33:52.382-0300][31.329s][10128][14572][info][gc,metaspace] GC(36) y: Metaspace: 63M used, 64M committed, 1088M reserved
[2026-06-26T13:33:52.382-0300][31.329s][10128][14572][info][gc,reloc    ] GC(36) y:                        Candidates     Selected     In-Place         Size        Empty    Relocated 
[2026-06-26T13:33:52.382-0300][31.329s][10128][14572][info][gc,reloc    ] GC(36) y: Small Pages:                   46           35            0          92M           2M           4M 
[2026-06-26T13:33:52.382-0300][31.329s][10128][14572][info][gc,reloc    ] GC(36) y: Medium Pages:                   2            0            0          64M          32M           0M 
[2026-06-26T13:33:52.382-0300][31.329s][10128][14572][info][gc,reloc    ] GC(36) y: Large Pages:                    0            0            0           0M           0M           0M 
[2026-06-26T13:33:52.382-0300][31.329s][10128][14572][info][gc,reloc    ] GC(36) y: Forwarding Usage: 2M
[2026-06-26T13:33:52.382-0300][31.329s][10128][14572][info][gc,reloc    ] GC(36) y: Age Table:
[2026-06-26T13:33:52.382-0300][31.329s][10128][14572][info][gc,reloc    ] GC(36) y:                    Live             Garbage             Small              Medium             Large        
[2026-06-26T13:33:52.382-0300][31.329s][10128][14572][info][gc,reloc    ] GC(36) y: Eden               6M (0%)           95M (3%)          35 / 32             1 / 0              0 / 0        
[2026-06-26T13:33:52.382-0300][31.329s][10128][14572][info][gc,reloc    ] GC(36) y: Survivor 1        13M (0%)           40M (1%)          11 / 3              1 / 0              0 / 0        
[2026-06-26T13:33:52.382-0300][31.329s][10128][14572][info][gc,heap     ] GC(36) y: Min Capacity: 8M(0%)
[2026-06-26T13:33:52.382-0300][31.329s][10128][14572][info][gc,heap     ] GC(36) y: Max Capacity: 3072M(100%)
[2026-06-26T13:33:52.382-0300][31.330s][10128][14572][info][gc,heap     ] GC(36) y: Soft Max Capacity: 3072M(100%)
[2026-06-26T13:33:52.382-0300][31.330s][10128][14572][info][gc,heap     ] GC(36) y: Heap Statistics:
[2026-06-26T13:33:52.382-0300][31.330s][10128][14572][info][gc,heap     ] GC(36) y:                Mark Start          Mark End        Relocate Start      Relocate End           High               Low         
[2026-06-26T13:33:52.382-0300][31.330s][10128][14572][info][gc,heap     ] GC(36) y:  Capacity:     3072M (100%)       3072M (100%)       3072M (100%)       3072M (100%)       3072M (100%)       3072M (100%)   
[2026-06-26T13:33:52.382-0300][31.330s][10128][14572][info][gc,heap     ] GC(36) y:      Free:     1932M (63%)        1910M (62%)        1942M (63%)        2004M (65%)        2004M (65%)        1910M (62%)    
[2026-06-26T13:33:52.382-0300][31.330s][10128][14572][info][gc,heap     ] GC(36) y:      Used:     1140M (37%)        1162M (38%)        1130M (37%)        1068M (35%)        1162M (38%)        1068M (35%)    
[2026-06-26T13:33:52.382-0300][31.330s][10128][14572][info][gc,heap     ] GC(36) y: Young Generation Statistics:
[2026-06-26T13:33:52.382-0300][31.330s][10128][14572][info][gc,heap     ] GC(36) y:                Mark Start          Mark End        Relocate Start      Relocate End    
[2026-06-26T13:33:52.382-0300][31.330s][10128][14572][info][gc,heap     ] GC(36) y:      Used:      156M (5%)          178M (6%)          146M (5%)           84M (3%)     
[2026-06-26T13:33:52.382-0300][31.330s][10128][14572][info][gc,heap     ] GC(36) y:      Live:         -                19M (1%)           19M (1%)           19M (1%)     
[2026-06-26T13:33:52.382-0300][31.330s][10128][14572][info][gc,heap     ] GC(36) y:   Garbage:         -               136M (4%)          102M (3%)           30M (1%)     
[2026-06-26T13:33:52.382-0300][31.330s][10128][14572][info][gc,heap     ] GC(36) y: Allocated:         -                22M (1%)           24M (1%)           33M (1%)     
[2026-06-26T13:33:52.382-0300][31.330s][10128][14572][info][gc,heap     ] GC(36) y: Reclaimed:         -                  -                34M (1%)          105M (3%)     
[2026-06-26T13:33:52.382-0300][31.330s][10128][14572][info][gc,heap     ] GC(36) y:  Promoted:         -                  -                 0M (0%)            0M (0%)     
[2026-06-26T13:33:52.382-0300][31.330s][10128][14572][info][gc,heap     ] GC(36) y: Compacted:         -                  -                  -                 6M (0%)     
[2026-06-26T13:33:52.382-0300][31.330s][10128][14572][info][gc,phases   ] GC(36) y: Young Generation 1140M(37%)->1068M(35%) 0.030s
[2026-06-26T13:33:52.382-0300][31.330s][10128][14572][info][gc          ] GC(36) Minor Collection (Allocation Rate) 1140M(37%)->1070M(35%) 0.031s
[2026-06-26T13:33:52.438-0300][31.386s][10128][14572][info][gc          ] GC(37) Minor Collection (Allocation Rate)
[2026-06-26T13:33:52.438-0300][31.386s][10128][14572][info][gc,task     ] GC(37) Using 2 Workers for Young Generation
[2026-06-26T13:33:52.438-0300][31.386s][10128][14572][info][gc,phases   ] GC(37) y: Young Generation
[2026-06-26T13:33:52.438-0300][31.386s][10128][8556 ][info][gc,phases   ] GC(37) y: Pause Mark Start 0.012ms
[2026-06-26T13:33:52.467-0300][31.415s][10128][14572][info][gc,phases   ] GC(37) y: Concurrent Mark 28.602ms
[2026-06-26T13:33:52.467-0300][31.415s][10128][8556 ][info][gc,phases   ] GC(37) y: Pause Mark End 0.018ms
[2026-06-26T13:33:52.467-0300][31.415s][10128][14572][info][gc,phases   ] GC(37) y: Concurrent Mark Free 0.005ms
[2026-06-26T13:33:52.467-0300][31.415s][10128][14572][info][gc,phases   ] GC(37) y: Concurrent Reset Relocation Set 0.004ms
[2026-06-26T13:33:52.467-0300][31.415s][10128][14572][info][gc,reloc    ] GC(37) y: Using tenuring threshold: 1 (Computed)
[2026-06-26T13:33:52.472-0300][31.420s][10128][14572][info][gc,phases   ] GC(37) y: Concurrent Select Relocation Set 4.428ms
[2026-06-26T13:33:52.472-0300][31.420s][10128][8556 ][info][gc,phases   ] GC(37) y: Pause Relocate Start 0.015ms
[2026-06-26T13:33:52.480-0300][31.428s][10128][14572][info][gc,phases   ] GC(37) y: Concurrent Relocate 7.095ms
[2026-06-26T13:33:52.480-0300][31.428s][10128][14572][info][gc,alloc    ] GC(37) y:                         Mark Start        Mark End      Relocate Start    Relocate End   
[2026-06-26T13:33:52.480-0300][31.428s][10128][14572][info][gc,alloc    ] GC(37) y: Allocation Stalls:          0                0                0                0         
[2026-06-26T13:33:52.480-0300][31.428s][10128][14572][info][gc,load     ] GC(37) y: Load: 0.00 (0%) / 0.00 (0%) / 0.00 (0%)
[2026-06-26T13:33:52.480-0300][31.428s][10128][14572][info][gc,mmu      ] GC(37) y: MMU: 2ms/97.5%, 5ms/98.8%, 10ms/99.3%, 20ms/99.7%, 50ms/99.8%, 100ms/99.8%
[2026-06-26T13:33:52.480-0300][31.428s][10128][14572][info][gc,marking  ] GC(37) y: Mark: 2 stripe(s), 2 proactive flush(es), 1 terminate flush(es), 0 completion(s), 0 continuation(s) 
[2026-06-26T13:33:52.480-0300][31.428s][10128][14572][info][gc,nmethod  ] GC(37) y: NMethods: 10679 registered, 206 unregistered
[2026-06-26T13:33:52.480-0300][31.428s][10128][14572][info][gc,metaspace] GC(37) y: Metaspace: 63M used, 64M committed, 1088M reserved
[2026-06-26T13:33:52.480-0300][31.428s][10128][14572][info][gc,reloc    ] GC(37) y:                        Candidates     Selected     In-Place         Size        Empty    Relocated 
[2026-06-26T13:33:52.480-0300][31.428s][10128][14572][info][gc,reloc    ] GC(37) y: Small Pages:                   40           24            0          80M           2M           2M 
[2026-06-26T13:33:52.480-0300][31.428s][10128][14572][info][gc,reloc    ] GC(37) y: Medium Pages:                   2            0            0          64M          32M           0M 
[2026-06-26T13:33:52.480-0300][31.428s][10128][14572][info][gc,reloc    ] GC(37) y: Large Pages:                    2            0            0          12M          12M           0M 
[2026-06-26T13:33:52.480-0300][31.428s][10128][14572][info][gc,reloc    ] GC(37) y: Forwarding Usage: 0M
[2026-06-26T13:33:52.480-0300][31.428s][10128][14572][info][gc,reloc    ] GC(37) y: Age Table:
[2026-06-26T13:33:52.480-0300][31.428s][10128][14572][info][gc,reloc    ] GC(37) y:                    Live             Garbage             Small              Medium             Large        
[2026-06-26T13:33:52.480-0300][31.428s][10128][14572][info][gc,reloc    ] GC(37) y: Eden              15M (0%)           80M (3%)          26 / 20             1 / 0              2 / 0        
[2026-06-26T13:33:52.480-0300][31.428s][10128][14572][info][gc,reloc    ] GC(37) y: Survivor 1         1M (0%)           38M (1%)           4 / 2              1 / 0              0 / 0        
[2026-06-26T13:33:52.480-0300][31.428s][10128][14572][info][gc,reloc    ] GC(37) y: Survivor 2        13M (0%)            6M (0%)          10 / 2              0 / 0              0 / 0        
[2026-06-26T13:33:52.480-0300][31.428s][10128][14572][info][gc,heap     ] GC(37) y: Min Capacity: 8M(0%)
[2026-06-26T13:33:52.480-0300][31.428s][10128][14572][info][gc,heap     ] GC(37) y: Max Capacity: 3072M(100%)
[2026-06-26T13:33:52.480-0300][31.428s][10128][14572][info][gc,heap     ] GC(37) y: Soft Max Capacity: 3072M(100%)
[2026-06-26T13:33:52.480-0300][31.428s][10128][14572][info][gc,heap     ] GC(37) y: Heap Statistics:
[2026-06-26T13:33:52.480-0300][31.428s][10128][14572][info][gc,heap     ] GC(37) y:                Mark Start          Mark End        Relocate Start      Relocate End           High               Low         
[2026-06-26T13:33:52.480-0300][31.428s][10128][14572][info][gc,heap     ] GC(37) y:  Capacity:     3072M (100%)       3072M (100%)       3072M (100%)       3072M (100%)       3072M (100%)       3072M (100%)   
[2026-06-26T13:33:52.480-0300][31.428s][10128][14572][info][gc,heap     ] GC(37) y:      Free:     1932M (63%)        1868M (61%)        1914M (62%)        1942M (63%)        1942M (63%)        1868M (61%)    
[2026-06-26T13:33:52.480-0300][31.428s][10128][14572][info][gc,heap     ] GC(37) y:      Used:     1140M (37%)        1204M (39%)        1158M (38%)        1130M (37%)        1204M (39%)        1130M (37%)    
[2026-06-26T13:33:52.480-0300][31.428s][10128][14572][info][gc,heap     ] GC(37) y: Young Generation Statistics:
[2026-06-26T13:33:52.480-0300][31.428s][10128][14572][info][gc,heap     ] GC(37) y:                Mark Start          Mark End        Relocate Start      Relocate End    
[2026-06-26T13:33:52.480-0300][31.428s][10128][14572][info][gc,heap     ] GC(37) y:      Used:      156M (5%)          220M (7%)          158M (5%)          124M (4%)     
[2026-06-26T13:33:52.480-0300][31.428s][10128][14572][info][gc,heap     ] GC(37) y:      Live:         -                29M (1%)           17M (1%)           15M (0%)     
[2026-06-26T13:33:52.480-0300][31.428s][10128][14572][info][gc,heap     ] GC(37) y:   Garbage:         -               126M (4%)           76M (3%)           28M (1%)     
[2026-06-26T13:33:52.480-0300][31.428s][10128][14572][info][gc,heap     ] GC(37) y: Allocated:         -                64M (2%)           64M (2%)           80M (3%)     
[2026-06-26T13:33:52.480-0300][31.428s][10128][14572][info][gc,heap     ] GC(37) y: Reclaimed:         -                  -                49M (2%)           97M (3%)     
[2026-06-26T13:33:52.480-0300][31.428s][10128][14572][info][gc,heap     ] GC(37) y:  Promoted:         -                  -                12M (0%)           14M (0%)     
[2026-06-26T13:33:52.480-0300][31.428s][10128][14572][info][gc,heap     ] GC(37) y: Compacted:         -                  -                  -                 1M (0%)     
[2026-06-26T13:33:52.480-0300][31.428s][10128][14572][info][gc,phases   ] GC(37) y: Young Generation 1140M(37%)->1130M(37%) 0.041s
[2026-06-26T13:33:52.480-0300][31.428s][10128][14572][info][gc          ] GC(37) Minor Collection (Allocation Rate) 1140M(37%)->1130M(37%) 0.042s
[2026-06-26T13:33:53.455-0300][32.403s][10128][14572][info][gc          ] GC(38) Minor Collection (Allocation Rate)
[2026-06-26T13:33:53.455-0300][32.403s][10128][14572][info][gc,task     ] GC(38) Using 2 Workers for Young Generation
[2026-06-26T13:33:53.455-0300][32.403s][10128][14572][info][gc,phases   ] GC(38) y: Young Generation
[2026-06-26T13:33:53.455-0300][32.403s][10128][8556 ][info][gc,phases   ] GC(38) y: Pause Mark Start 0.010ms
[2026-06-26T13:33:53.562-0300][32.510s][10128][14572][info][gc,phases   ] GC(38) y: Concurrent Mark 106.762ms
[2026-06-26T13:33:53.562-0300][32.510s][10128][8556 ][info][gc,phases   ] GC(38) y: Pause Mark End 0.015ms
[2026-06-26T13:33:53.562-0300][32.510s][10128][14572][info][gc,phases   ] GC(38) y: Concurrent Mark Free 0.005ms
[2026-06-26T13:33:53.562-0300][32.510s][10128][14572][info][gc,phases   ] GC(38) y: Concurrent Reset Relocation Set 0.035ms
[2026-06-26T13:33:53.563-0300][32.510s][10128][14572][info][gc,reloc    ] GC(38) y: Using tenuring threshold: 2 (Computed)
[2026-06-26T13:33:53.566-0300][32.514s][10128][14572][info][gc,phases   ] GC(38) y: Concurrent Select Relocation Set 3.933ms
[2026-06-26T13:33:53.566-0300][32.514s][10128][8556 ][info][gc,phases   ] GC(38) y: Pause Relocate Start 0.015ms
[2026-06-26T13:33:53.594-0300][32.542s][10128][14572][info][gc,phases   ] GC(38) y: Concurrent Relocate 28.074ms
[2026-06-26T13:33:53.594-0300][32.542s][10128][14572][info][gc,alloc    ] GC(38) y:                         Mark Start        Mark End      Relocate Start    Relocate End   
[2026-06-26T13:33:53.594-0300][32.542s][10128][14572][info][gc,alloc    ] GC(38) y: Allocation Stalls:          0                0                0                0         
[2026-06-26T13:33:53.594-0300][32.542s][10128][14572][info][gc,load     ] GC(38) y: Load: 0.00 (0%) / 0.00 (0%) / 0.00 (0%)
[2026-06-26T13:33:53.594-0300][32.542s][10128][14572][info][gc,mmu      ] GC(38) y: MMU: 2ms/97.5%, 5ms/98.8%, 10ms/99.3%, 20ms/99.7%, 50ms/99.8%, 100ms/99.8%
[2026-06-26T13:33:53.594-0300][32.542s][10128][14572][info][gc,marking  ] GC(38) y: Mark: 2 stripe(s), 2 proactive flush(es), 1 terminate flush(es), 0 completion(s), 0 continuation(s) 
[2026-06-26T13:33:53.594-0300][32.542s][10128][14572][info][gc,nmethod  ] GC(38) y: NMethods: 10946 registered, 206 unregistered
[2026-06-26T13:33:53.594-0300][32.543s][10128][14572][info][gc,metaspace] GC(38) y: Metaspace: 63M used, 65M committed, 1088M reserved
[2026-06-26T13:33:53.594-0300][32.543s][10128][14572][info][gc,reloc    ] GC(38) y:                        Candidates     Selected     In-Place         Size        Empty    Relocated 
[2026-06-26T13:33:53.594-0300][32.543s][10128][14572][info][gc,reloc    ] GC(38) y: Small Pages:                  142           61            0         284M          46M          20M 
[2026-06-26T13:33:53.594-0300][32.543s][10128][14572][info][gc,reloc    ] GC(38) y: Medium Pages:                   2            1            0          64M           0M           4M 
[2026-06-26T13:33:53.594-0300][32.543s][10128][14572][info][gc,reloc    ] GC(38) y: Large Pages:                    0            0            0           0M           0M           0M 
[2026-06-26T13:33:53.594-0300][32.543s][10128][14572][info][gc,reloc    ] GC(38) y: Forwarding Usage: 17M
[2026-06-26T13:33:53.594-0300][32.543s][10128][14572][info][gc,reloc    ] GC(38) y: Age Table:
[2026-06-26T13:33:53.594-0300][32.543s][10128][14572][info][gc,reloc    ] GC(38) y:                    Live             Garbage             Small              Medium             Large        
[2026-06-26T13:33:53.594-0300][32.543s][10128][14572][info][gc,reloc    ] GC(38) y: Eden             103M (3%)          188M (6%)         130 / 57             1 / 0              0 / 0        
[2026-06-26T13:33:53.594-0300][32.543s][10128][14572][info][gc,reloc    ] GC(38) y: Survivor 1         6M (0%)           49M (2%)          12 / 4              1 / 1              0 / 0        
[2026-06-26T13:33:53.594-0300][32.543s][10128][14572][info][gc,heap     ] GC(38) y: Min Capacity: 8M(0%)
[2026-06-26T13:33:53.594-0300][32.543s][10128][14572][info][gc,heap     ] GC(38) y: Max Capacity: 3072M(100%)
[2026-06-26T13:33:53.594-0300][32.543s][10128][14572][info][gc,heap     ] GC(38) y: Soft Max Capacity: 3072M(100%)
[2026-06-26T13:33:53.594-0300][32.543s][10128][14572][info][gc,heap     ] GC(38) y: Heap Statistics:
[2026-06-26T13:33:53.594-0300][32.543s][10128][14572][info][gc,heap     ] GC(38) y:                Mark Start          Mark End        Relocate Start      Relocate End           High               Low         
[2026-06-26T13:33:53.594-0300][32.543s][10128][14572][info][gc,heap     ] GC(38) y:  Capacity:     3072M (100%)       3072M (100%)       3072M (100%)       3072M (100%)       3072M (100%)       3072M (100%)   
[2026-06-26T13:33:53.594-0300][32.543s][10128][14572][info][gc,heap     ] GC(38) y:      Free:     1718M (56%)        1688M (55%)        1734M (56%)        1844M (60%)        1844M (60%)        1666M (54%)    
[2026-06-26T13:33:53.594-0300][32.543s][10128][14572][info][gc,heap     ] GC(38) y:      Used:     1354M (44%)        1384M (45%)        1338M (44%)        1228M (40%)        1406M (46%)        1228M (40%)    
[2026-06-26T13:33:53.594-0300][32.543s][10128][14572][info][gc,heap     ] GC(38) y: Young Generation Statistics:
[2026-06-26T13:33:53.594-0300][32.543s][10128][14572][info][gc,heap     ] GC(38) y:                Mark Start          Mark End        Relocate Start      Relocate End    
[2026-06-26T13:33:53.594-0300][32.543s][10128][14572][info][gc,heap     ] GC(38) y:      Used:      348M (11%)         378M (12%)         332M (11%)         222M (7%)     
[2026-06-26T13:33:53.594-0300][32.543s][10128][14572][info][gc,heap     ] GC(38) y:      Live:         -               110M (4%)          110M (4%)          110M (4%)     
[2026-06-26T13:33:53.594-0300][32.543s][10128][14572][info][gc,heap     ] GC(38) y:   Garbage:         -               237M (8%)          191M (6%)            4M (0%)     
[2026-06-26T13:33:53.594-0300][32.543s][10128][14572][info][gc,heap     ] GC(38) y: Allocated:         -                30M (1%)           30M (1%)          107M (3%)     
[2026-06-26T13:33:53.594-0300][32.543s][10128][14572][info][gc,heap     ] GC(38) y: Reclaimed:         -                  -                46M (1%)          233M (8%)     
[2026-06-26T13:33:53.594-0300][32.543s][10128][14572][info][gc,heap     ] GC(38) y:  Promoted:         -                  -                 0M (0%)            0M (0%)     
[2026-06-26T13:33:53.595-0300][32.543s][10128][14572][info][gc,heap     ] GC(38) y: Compacted:         -                  -                  -                42M (1%)     
[2026-06-26T13:33:53.595-0300][32.543s][10128][14572][info][gc,phases   ] GC(38) y: Young Generation 1354M(44%)->1228M(40%) 0.139s
[2026-06-26T13:33:53.595-0300][32.543s][10128][14572][info][gc          ] GC(38) Minor Collection (Allocation Rate) 1354M(44%)->1228M(40%) 0.140s
[2026-06-26T13:33:53.595-0300][32.543s][10128][14572][info][gc          ] GC(39) Minor Collection (Allocation Rate)
[2026-06-26T13:33:53.595-0300][32.543s][10128][14572][info][gc,task     ] GC(39) Using 2 Workers for Young Generation
[2026-06-26T13:33:53.595-0300][32.543s][10128][14572][info][gc,phases   ] GC(39) y: Young Generation
[2026-06-26T13:33:53.595-0300][32.543s][10128][8556 ][info][gc,phases   ] GC(39) y: Pause Mark Start 0.008ms
[2026-06-26T13:33:53.735-0300][32.683s][10128][14572][info][gc,phases   ] GC(39) y: Concurrent Mark 139.901ms
[2026-06-26T13:33:53.735-0300][32.683s][10128][8556 ][info][gc,phases   ] GC(39) y: Pause Mark End 0.013ms
[2026-06-26T13:33:53.735-0300][32.683s][10128][14572][info][gc,phases   ] GC(39) y: Concurrent Mark Free 0.004ms
[2026-06-26T13:33:53.735-0300][32.683s][10128][14572][info][gc,phases   ] GC(39) y: Concurrent Reset Relocation Set 0.009ms
[2026-06-26T13:33:53.735-0300][32.683s][10128][14572][info][gc,reloc    ] GC(39) y: Using tenuring threshold: 1 (Computed)
[2026-06-26T13:33:53.770-0300][32.718s][10128][14572][info][gc,phases   ] GC(39) y: Concurrent Select Relocation Set 34.622ms
[2026-06-26T13:33:53.770-0300][32.718s][10128][8556 ][info][gc,phases   ] GC(39) y: Pause Relocate Start 0.010ms
[2026-06-26T13:33:53.835-0300][32.783s][10128][14572][info][gc,phases   ] GC(39) y: Concurrent Relocate 64.812ms
[2026-06-26T13:33:53.835-0300][32.783s][10128][14572][info][gc,alloc    ] GC(39) y:                         Mark Start        Mark End      Relocate Start    Relocate End   
[2026-06-26T13:33:53.835-0300][32.783s][10128][14572][info][gc,alloc    ] GC(39) y: Allocation Stalls:          0                0                0                0         
[2026-06-26T13:33:53.835-0300][32.783s][10128][14572][info][gc,load     ] GC(39) y: Load: 0.00 (0%) / 0.00 (0%) / 0.00 (0%)
[2026-06-26T13:33:53.835-0300][32.783s][10128][14572][info][gc,mmu      ] GC(39) y: MMU: 2ms/97.5%, 5ms/98.8%, 10ms/99.3%, 20ms/99.7%, 50ms/99.8%, 100ms/99.8%
[2026-06-26T13:33:53.835-0300][32.783s][10128][14572][info][gc,marking  ] GC(39) y: Mark: 2 stripe(s), 3 proactive flush(es), 1 terminate flush(es), 0 completion(s), 0 continuation(s) 
[2026-06-26T13:33:53.835-0300][32.783s][10128][14572][info][gc,nmethod  ] GC(39) y: NMethods: 10953 registered, 206 unregistered
[2026-06-26T13:33:53.835-0300][32.783s][10128][14572][info][gc,metaspace] GC(39) y: Metaspace: 63M used, 65M committed, 1088M reserved
[2026-06-26T13:33:53.835-0300][32.783s][10128][14572][info][gc,reloc    ] GC(39) y:                        Candidates     Selected     In-Place         Size        Empty    Relocated 
[2026-06-26T13:33:53.835-0300][32.783s][10128][14572][info][gc,reloc    ] GC(39) y: Small Pages:                   79           16            0         158M           8M           6M 
[2026-06-26T13:33:53.835-0300][32.783s][10128][14572][info][gc,reloc    ] GC(39) y: Medium Pages:                   2            1            0          64M           0M           4M 
[2026-06-26T13:33:53.835-0300][32.783s][10128][14572][info][gc,reloc    ] GC(39) y: Large Pages:                    0            0            0           0M           0M           0M 
[2026-06-26T13:33:53.835-0300][32.783s][10128][14572][info][gc,reloc    ] GC(39) y: Forwarding Usage: 4M
[2026-06-26T13:33:53.835-0300][32.783s][10128][14572][info][gc,reloc    ] GC(39) y: Age Table:
[2026-06-26T13:33:53.835-0300][32.783s][10128][14572][info][gc,reloc    ] GC(39) y:                    Live             Garbage             Small              Medium             Large        
[2026-06-26T13:33:53.835-0300][32.783s][10128][14572][info][gc,reloc    ] GC(39) y: Eden               7M (0%)           28M (1%)          18 / 14             0 / 0              0 / 0        
[2026-06-26T13:33:53.835-0300][32.783s][10128][14572][info][gc,reloc    ] GC(39) y: Survivor 1       103M (3%)           46M (2%)          59 / 1              1 / 0              0 / 0        
[2026-06-26T13:33:53.835-0300][32.783s][10128][14572][info][gc,reloc    ] GC(39) y: Survivor 2         6M (0%)           29M (1%)           2 / 1              1 / 1              0 / 0        
[2026-06-26T13:33:53.835-0300][32.783s][10128][14572][info][gc,heap     ] GC(39) y: Min Capacity: 8M(0%)
[2026-06-26T13:33:53.835-0300][32.783s][10128][14572][info][gc,heap     ] GC(39) y: Max Capacity: 3072M(100%)
[2026-06-26T13:33:53.835-0300][32.783s][10128][14572][info][gc,heap     ] GC(39) y: Soft Max Capacity: 3072M(100%)
[2026-06-26T13:33:53.835-0300][32.783s][10128][14572][info][gc,heap     ] GC(39) y: Heap Statistics:
[2026-06-26T13:33:53.835-0300][32.783s][10128][14572][info][gc,heap     ] GC(39) y:                Mark Start          Mark End        Relocate Start      Relocate End           High               Low         
[2026-06-26T13:33:53.835-0300][32.783s][10128][14572][info][gc,heap     ] GC(39) y:  Capacity:     3072M (100%)       3072M (100%)       3072M (100%)       3072M (100%)       3072M (100%)       3072M (100%)   
[2026-06-26T13:33:53.835-0300][32.783s][10128][14572][info][gc,heap     ] GC(39) y:      Free:     1844M (60%)        1804M (59%)        1808M (59%)        1858M (60%)        1866M (61%)        1772M (58%)    
[2026-06-26T13:33:53.835-0300][32.783s][10128][14572][info][gc,heap     ] GC(39) y:      Used:     1228M (40%)        1268M (41%)        1264M (41%)        1214M (40%)        1300M (42%)        1206M (39%)    
[2026-06-26T13:33:53.835-0300][32.783s][10128][14572][info][gc,heap     ] GC(39) y: Young Generation Statistics:
[2026-06-26T13:33:53.835-0300][32.783s][10128][14572][info][gc,heap     ] GC(39) y:                Mark Start          Mark End        Relocate Start      Relocate End    
[2026-06-26T13:33:53.835-0300][32.783s][10128][14572][info][gc,heap     ] GC(39) y:      Used:      222M (7%)          262M (9%)          150M (5%)           64M (2%)     
[2026-06-26T13:33:53.835-0300][32.783s][10128][14572][info][gc,heap     ] GC(39) y:      Live:         -               117M (4%)           15M (0%)            7M (0%)     
[2026-06-26T13:33:53.835-0300][32.783s][10128][14572][info][gc,heap     ] GC(39) y:   Garbage:         -               104M (3%)           90M (3%)            0M (0%)     
[2026-06-26T13:33:53.835-0300][32.783s][10128][14572][info][gc,heap     ] GC(39) y: Allocated:         -                40M (1%)           44M (1%)           56M (2%)     
[2026-06-26T13:33:53.835-0300][32.783s][10128][14572][info][gc,heap     ] GC(39) y: Reclaimed:         -                  -                13M (0%)          104M (3%)     
[2026-06-26T13:33:53.835-0300][32.784s][10128][14572][info][gc,heap     ] GC(39) y:  Promoted:         -                  -               102M (3%)          109M (4%)     
[2026-06-26T13:33:53.835-0300][32.784s][10128][14572][info][gc,heap     ] GC(39) y: Compacted:         -                  -                  -                 7M (0%)     
[2026-06-26T13:33:53.835-0300][32.784s][10128][14572][info][gc,phases   ] GC(39) y: Young Generation 1228M(40%)->1214M(40%) 0.240s
[2026-06-26T13:33:53.835-0300][32.784s][10128][14572][info][gc          ] GC(39) Minor Collection (Allocation Rate) 1228M(40%)->1214M(40%) 0.241s
[2026-06-26T13:33:54.025-0300][32.973s][10128][7368 ][info][gc,phases   ] GC(35) O: Concurrent Mark 1774.443ms
[2026-06-26T13:33:54.025-0300][32.973s][10128][8556 ][info][gc,phases   ] GC(35) O: Pause Mark End 0.016ms
[2026-06-26T13:33:54.025-0300][32.973s][10128][7368 ][info][gc,phases   ] GC(35) O: Concurrent Mark Free 0.003ms
[2026-06-26T13:33:54.052-0300][33.000s][10128][7368 ][info][gc,phases   ] GC(35) O: Concurrent Process Non-Strong 26.779ms
[2026-06-26T13:33:54.052-0300][33.000s][10128][7368 ][info][gc,phases   ] GC(35) O: Concurrent Reset Relocation Set 0.005ms
[2026-06-26T13:33:54.053-0300][33.001s][10128][7368 ][info][gc,phases   ] GC(35) O: Concurrent Select Relocation Set 1.096ms
[2026-06-26T13:33:54.053-0300][33.001s][10128][7368 ][info][gc,task     ] GC(35) O: Using 3 Workers for Old Generation
[2026-06-26T13:33:54.059-0300][33.008s][10128][7368 ][info][gc,task     ] GC(35) O: Using 1 Workers for Old Generation
[2026-06-26T13:33:54.059-0300][33.008s][10128][7368 ][info][gc,phases   ] GC(35) O: Concurrent Remap Roots 6.636ms
[2026-06-26T13:33:54.059-0300][33.008s][10128][8556 ][info][gc,phases   ] GC(35) O: Pause Relocate Start 0.012ms
[2026-06-26T13:33:54.106-0300][33.054s][10128][7368 ][info][gc,phases   ] GC(35) O: Concurrent Relocate 46.655ms
[2026-06-26T13:33:54.106-0300][33.055s][10128][7368 ][info][gc,alloc    ] GC(35) O:                         Mark Start        Mark End      Relocate Start    Relocate End   
[2026-06-26T13:33:54.106-0300][33.055s][10128][7368 ][info][gc,alloc    ] GC(35) O: Allocation Stalls:          0                0                0                0         
[2026-06-26T13:33:54.106-0300][33.055s][10128][7368 ][info][gc,load     ] GC(35) O: Load: 0.00 (0%) / 0.00 (0%) / 0.00 (0%)
[2026-06-26T13:33:54.106-0300][33.055s][10128][7368 ][info][gc,mmu      ] GC(35) O: MMU: 2ms/97.5%, 5ms/98.8%, 10ms/99.3%, 20ms/99.7%, 50ms/99.8%, 100ms/99.8%
[2026-06-26T13:33:54.106-0300][33.055s][10128][7368 ][info][gc,marking  ] GC(35) O: Mark: 1 stripe(s), 2 proactive flush(es), 1 terminate flush(es), 0 completion(s), 0 continuation(s) 
[2026-06-26T13:33:54.106-0300][33.055s][10128][7368 ][info][gc,nmethod  ] GC(35) O: NMethods: 10721 registered, 452 unregistered
[2026-06-26T13:33:54.106-0300][33.055s][10128][7368 ][info][gc,metaspace] GC(35) O: Metaspace: 63M used, 65M committed, 1088M reserved
[2026-06-26T13:33:54.106-0300][33.055s][10128][7368 ][info][gc,ref      ] GC(35) O:                       Encountered   Discovered     Enqueued 
[2026-06-26T13:33:54.106-0300][33.055s][10128][7368 ][info][gc,ref      ] GC(35) O: Soft References:             5457            0            0 
[2026-06-26T13:33:54.106-0300][33.055s][10128][7368 ][info][gc,ref      ] GC(35) O: Weak References:             5047         3236           18 
[2026-06-26T13:33:54.106-0300][33.055s][10128][7368 ][info][gc,ref      ] GC(35) O: Final References:              14            5            0 
[2026-06-26T13:33:54.106-0300][33.055s][10128][7368 ][info][gc,ref      ] GC(35) O: Phantom References:         33869         6426            0 
[2026-06-26T13:33:54.106-0300][33.055s][10128][7368 ][info][gc,reloc    ] GC(35) O:                        Candidates     Selected     In-Place         Size        Empty    Relocated 
[2026-06-26T13:33:54.106-0300][33.055s][10128][7368 ][info][gc,reloc    ] GC(35) O: Small Pages:                  411           13            0         822M           0M           6M 
[2026-06-26T13:33:54.106-0300][33.055s][10128][7368 ][info][gc,reloc    ] GC(35) O: Medium Pages:                   3            2            0          96M           0M          22M 
[2026-06-26T13:33:54.106-0300][33.055s][10128][7368 ][info][gc,reloc    ] GC(35) O: Large Pages:                    1            0            0          12M           0M           0M 
[2026-06-26T13:33:54.106-0300][33.055s][10128][7368 ][info][gc,reloc    ] GC(35) O: Forwarding Usage: 11M
[2026-06-26T13:33:54.106-0300][33.055s][10128][7368 ][info][gc,heap     ] GC(35) O: Min Capacity: 8M(0%)
[2026-06-26T13:33:54.106-0300][33.055s][10128][7368 ][info][gc,heap     ] GC(35) O: Max Capacity: 3072M(100%)
[2026-06-26T13:33:54.106-0300][33.055s][10128][7368 ][info][gc,heap     ] GC(35) O: Soft Max Capacity: 3072M(100%)
[2026-06-26T13:33:54.106-0300][33.055s][10128][7368 ][info][gc,heap     ] GC(35) O: Heap Statistics:
[2026-06-26T13:33:54.106-0300][33.055s][10128][7368 ][info][gc,heap     ] GC(35) O:                Mark Start          Mark End        Relocate Start      Relocate End           High               Low         
[2026-06-26T13:33:54.106-0300][33.055s][10128][7368 ][info][gc,heap     ] GC(35) O:  Capacity:     3072M (100%)       3072M (100%)       3072M (100%)       3072M (100%)       3072M (100%)       3072M (100%)   
[2026-06-26T13:33:54.106-0300][33.055s][10128][7368 ][info][gc,heap     ] GC(35) O:      Free:     1954M (64%)        1820M (59%)        1812M (59%)        1856M (60%)        2004M (65%)        1666M (54%)    
[2026-06-26T13:33:54.106-0300][33.055s][10128][7368 ][info][gc,heap     ] GC(35) O:      Used:     1118M (36%)        1252M (41%)        1260M (41%)        1216M (40%)        1406M (46%)        1068M (35%)    
[2026-06-26T13:33:54.106-0300][33.055s][10128][7368 ][info][gc,heap     ] GC(35) O: Old Generation Statistics:
[2026-06-26T13:33:54.106-0300][33.055s][10128][7368 ][info][gc,heap     ] GC(35) O:                Mark Start          Mark End        Relocate Start      Relocate End    
[2026-06-26T13:33:54.106-0300][33.055s][10128][7368 ][info][gc,heap     ] GC(35) O:      Used:      930M (30%)        1150M (37%)        1150M (37%)        1098M (36%)    
[2026-06-26T13:33:54.107-0300][33.055s][10128][7368 ][info][gc,heap     ] GC(35) O:      Live:         -               797M (26%)         797M (26%)         797M (26%)    
[2026-06-26T13:33:54.107-0300][33.055s][10128][7368 ][info][gc,heap     ] GC(35) O:   Garbage:         -               132M (4%)          132M (4%)           30M (1%)     
[2026-06-26T13:33:54.107-0300][33.055s][10128][7368 ][info][gc,heap     ] GC(35) O: Allocated:         -               220M (7%)          220M (7%)          270M (9%)     
[2026-06-26T13:33:54.107-0300][33.055s][10128][7368 ][info][gc,heap     ] GC(35) O: Reclaimed:         -                  -                 0M (0%)          102M (3%)     
[2026-06-26T13:33:54.107-0300][33.055s][10128][7368 ][info][gc,heap     ] GC(35) O: Compacted:         -                  -                  -                51M (2%)     
[2026-06-26T13:33:54.107-0300][33.055s][10128][7368 ][info][gc,phases   ] GC(35) O: Old Generation 1100M(36%)->1216M(40%) 1.856s
[2026-06-26T13:33:54.107-0300][33.055s][10128][7368 ][info][gc          ] GC(35) Major Collection (Allocation Rate) 1118M(36%)->1216M(40%) 1.903s
[2026-06-26T13:33:54.303-0300][33.251s][10128][7368 ][info][gc          ] GC(40) Major Collection (Allocation Rate)
[2026-06-26T13:33:54.303-0300][33.252s][10128][7368 ][info][gc,task     ] GC(40) Using 3 Workers for Young Generation
[2026-06-26T13:33:54.303-0300][33.252s][10128][7368 ][info][gc,task     ] GC(40) Using 1 Workers for Old Generation
[2026-06-26T13:33:54.303-0300][33.252s][10128][7368 ][info][gc,phases   ] GC(40) Y: Young Generation
[2026-06-26T13:33:54.303-0300][33.252s][10128][8556 ][info][gc,phases   ] GC(40) Y: Pause Mark Start (Major) 0.012ms
[2026-06-26T13:33:54.348-0300][33.296s][10128][7368 ][info][gc,phases   ] GC(40) Y: Concurrent Mark 43.983ms
[2026-06-26T13:33:54.348-0300][33.296s][10128][8556 ][info][gc,phases   ] GC(40) Y: Pause Mark End 0.011ms
[2026-06-26T13:33:54.348-0300][33.296s][10128][7368 ][info][gc,phases   ] GC(40) Y: Concurrent Mark Free 0.003ms
[2026-06-26T13:33:54.348-0300][33.296s][10128][7368 ][info][gc,phases   ] GC(40) Y: Concurrent Reset Relocation Set 0.052ms
[2026-06-26T13:33:54.348-0300][33.296s][10128][7368 ][info][gc,reloc    ] GC(40) Y: Using tenuring threshold: 2 (Computed)
[2026-06-26T13:33:54.352-0300][33.300s][10128][7368 ][info][gc,phases   ] GC(40) Y: Concurrent Select Relocation Set 3.913ms
[2026-06-26T13:33:54.352-0300][33.300s][10128][8556 ][info][gc,phases   ] GC(40) Y: Pause Relocate Start 0.011ms
[2026-06-26T13:33:54.372-0300][33.320s][10128][7368 ][info][gc,phases   ] GC(40) Y: Concurrent Relocate 19.996ms
[2026-06-26T13:33:54.372-0300][33.320s][10128][7368 ][info][gc,alloc    ] GC(40) Y:                         Mark Start        Mark End      Relocate Start    Relocate End   
[2026-06-26T13:33:54.372-0300][33.320s][10128][7368 ][info][gc,alloc    ] GC(40) Y: Allocation Stalls:          0                0                0                0         
[2026-06-26T13:33:54.372-0300][33.320s][10128][7368 ][info][gc,load     ] GC(40) Y: Load: 0.00 (0%) / 0.00 (0%) / 0.00 (0%)
[2026-06-26T13:33:54.372-0300][33.320s][10128][7368 ][info][gc,mmu      ] GC(40) Y: MMU: 2ms/97.5%, 5ms/98.8%, 10ms/99.3%, 20ms/99.7%, 50ms/99.8%, 100ms/99.8%
[2026-06-26T13:33:54.372-0300][33.320s][10128][7368 ][info][gc,marking  ] GC(40) Y: Mark: 2 stripe(s), 2 proactive flush(es), 1 terminate flush(es), 0 completion(s), 0 continuation(s) 
[2026-06-26T13:33:54.372-0300][33.320s][10128][7368 ][info][gc,nmethod  ] GC(40) Y: NMethods: 10726 registered, 452 unregistered
[2026-06-26T13:33:54.372-0300][33.320s][10128][7368 ][info][gc,metaspace] GC(40) Y: Metaspace: 63M used, 65M committed, 1088M reserved
[2026-06-26T13:33:54.372-0300][33.320s][10128][7368 ][info][gc,reloc    ] GC(40) Y:                        Candidates     Selected     In-Place         Size        Empty    Relocated 
[2026-06-26T13:33:54.372-0300][33.320s][10128][7368 ][info][gc,reloc    ] GC(40) Y: Small Pages:                   77           52            0         154M           4M          22M 
[2026-06-26T13:33:54.372-0300][33.320s][10128][7368 ][info][gc,reloc    ] GC(40) Y: Medium Pages:                   0            0            0           0M           0M           0M 
[2026-06-26T13:33:54.372-0300][33.320s][10128][7368 ][info][gc,reloc    ] GC(40) Y: Large Pages:                    0            0            0           0M           0M           0M 
[2026-06-26T13:33:54.372-0300][33.320s][10128][7368 ][info][gc,reloc    ] GC(40) Y: Forwarding Usage: 19M
[2026-06-26T13:33:54.372-0300][33.320s][10128][7368 ][info][gc,reloc    ] GC(40) Y: Age Table:
[2026-06-26T13:33:54.372-0300][33.320s][10128][7368 ][info][gc,reloc    ] GC(40) Y:                    Live             Garbage             Small              Medium             Large        
[2026-06-26T13:33:54.372-0300][33.320s][10128][7368 ][info][gc,reloc    ] GC(40) Y: Eden              32M (1%)          111M (4%)          72 / 52             0 / 0              0 / 0        
[2026-06-26T13:33:54.372-0300][33.320s][10128][7368 ][info][gc,reloc    ] GC(40) Y: Survivor 1         7M (0%)            2M (0%)           5 / 0              0 / 0              0 / 0        
[2026-06-26T13:33:54.372-0300][33.320s][10128][7368 ][info][gc,heap     ] GC(40) Y: Min Capacity: 8M(0%)
[2026-06-26T13:33:54.372-0300][33.320s][10128][7368 ][info][gc,heap     ] GC(40) Y: Max Capacity: 3072M(100%)
[2026-06-26T13:33:54.372-0300][33.320s][10128][7368 ][info][gc,heap     ] GC(40) Y: Soft Max Capacity: 3072M(100%)
[2026-06-26T13:33:54.372-0300][33.320s][10128][7368 ][info][gc,heap     ] GC(40) Y: Heap Statistics:
[2026-06-26T13:33:54.372-0300][33.320s][10128][7368 ][info][gc,heap     ] GC(40) Y:                Mark Start          Mark End        Relocate Start      Relocate End           High               Low         
[2026-06-26T13:33:54.372-0300][33.320s][10128][7368 ][info][gc,heap     ] GC(40) Y:  Capacity:     3072M (100%)       3072M (100%)       3072M (100%)       3072M (100%)       3072M (100%)       3072M (100%)   
[2026-06-26T13:33:54.372-0300][33.320s][10128][7368 ][info][gc,heap     ] GC(40) Y:      Free:     1820M (59%)        1804M (59%)        1808M (59%)        1904M (62%)        1904M (62%)        1802M (59%)    
[2026-06-26T13:33:54.372-0300][33.320s][10128][7368 ][info][gc,heap     ] GC(40) Y:      Used:     1252M (41%)        1268M (41%)        1264M (41%)        1168M (38%)        1270M (41%)        1168M (38%)    
[2026-06-26T13:33:54.372-0300][33.320s][10128][7368 ][info][gc,heap     ] GC(40) Y: Young Generation Statistics:
[2026-06-26T13:33:54.372-0300][33.320s][10128][7368 ][info][gc,heap     ] GC(40) Y:                Mark Start          Mark End        Relocate Start      Relocate End    
[2026-06-26T13:33:54.372-0300][33.320s][10128][7368 ][info][gc,heap     ] GC(40) Y:      Used:      154M (5%)          170M (6%)          166M (5%)           70M (2%)     
[2026-06-26T13:33:54.372-0300][33.320s][10128][7368 ][info][gc,heap     ] GC(40) Y:      Live:         -                39M (1%)           39M (1%)           39M (1%)     
[2026-06-26T13:33:54.372-0300][33.320s][10128][7368 ][info][gc,heap     ] GC(40) Y:   Garbage:         -               114M (4%)          110M (4%)            1M (0%)     
[2026-06-26T13:33:54.372-0300][33.320s][10128][7368 ][info][gc,heap     ] GC(40) Y: Allocated:         -                16M (1%)           16M (1%)           29M (1%)     
[2026-06-26T13:33:54.372-0300][33.320s][10128][7368 ][info][gc,heap     ] GC(40) Y: Reclaimed:         -                  -                 4M (0%)          113M (4%)     
[2026-06-26T13:33:54.372-0300][33.320s][10128][7368 ][info][gc,heap     ] GC(40) Y:  Promoted:         -                  -                 0M (0%)            0M (0%)     
[2026-06-26T13:33:54.372-0300][33.320s][10128][7368 ][info][gc,heap     ] GC(40) Y: Compacted:         -                  -                  -                32M (1%)     
[2026-06-26T13:33:54.372-0300][33.320s][10128][7368 ][info][gc,phases   ] GC(40) Y: Young Generation 1252M(41%)->1168M(38%) 0.069s
[2026-06-26T13:33:54.372-0300][33.320s][10128][7368 ][info][gc,phases   ] GC(40) O: Old Generation
[2026-06-26T13:33:54.886-0300][33.834s][10128][14572][info][gc          ] GC(41) Minor Collection (Allocation Rate)
[2026-06-26T13:33:54.886-0300][33.834s][10128][14572][info][gc,task     ] GC(41) Using 2 Workers for Young Generation
[2026-06-26T13:33:54.886-0300][33.834s][10128][14572][info][gc,phases   ] GC(41) y: Young Generation
[2026-06-26T13:33:54.886-0300][33.834s][10128][8556 ][info][gc,phases   ] GC(41) y: Pause Mark Start 0.011ms
[2026-06-26T13:33:54.976-0300][33.924s][10128][14572][info][gc,phases   ] GC(41) y: Concurrent Mark 89.927ms
[2026-06-26T13:33:54.976-0300][33.924s][10128][8556 ][info][gc,phases   ] GC(41) y: Pause Mark End 0.014ms
[2026-06-26T13:33:54.976-0300][33.924s][10128][14572][info][gc,phases   ] GC(41) y: Concurrent Mark Free 0.004ms
[2026-06-26T13:33:54.976-0300][33.924s][10128][14572][info][gc,phases   ] GC(41) y: Concurrent Reset Relocation Set 0.009ms
[2026-06-26T13:33:54.976-0300][33.924s][10128][14572][info][gc,reloc    ] GC(41) y: Using tenuring threshold: 3 (Computed)
[2026-06-26T13:33:54.978-0300][33.926s][10128][14572][info][gc,phases   ] GC(41) y: Concurrent Select Relocation Set 1.552ms
[2026-06-26T13:33:54.978-0300][33.926s][10128][8556 ][info][gc,phases   ] GC(41) y: Pause Relocate Start 0.010ms
[2026-06-26T13:33:54.998-0300][33.945s][10128][14572][info][gc,phases   ] GC(41) y: Concurrent Relocate 19.439ms
[2026-06-26T13:33:54.998-0300][33.945s][10128][14572][info][gc,alloc    ] GC(41) y:                         Mark Start        Mark End      Relocate Start    Relocate End   
[2026-06-26T13:33:54.998-0300][33.945s][10128][14572][info][gc,alloc    ] GC(41) y: Allocation Stalls:          0                0                0                0         
[2026-06-26T13:33:54.998-0300][33.945s][10128][14572][info][gc,load     ] GC(41) y: Load: 0.00 (0%) / 0.00 (0%) / 0.00 (0%)
[2026-06-26T13:33:54.998-0300][33.945s][10128][14572][info][gc,mmu      ] GC(41) y: MMU: 2ms/97.5%, 5ms/98.8%, 10ms/99.3%, 20ms/99.7%, 50ms/99.8%, 100ms/99.8%
[2026-06-26T13:33:54.998-0300][33.945s][10128][14572][info][gc,marking  ] GC(41) y: Mark: 2 stripe(s), 2 proactive flush(es), 1 terminate flush(es), 0 completion(s), 0 continuation(s) 
[2026-06-26T13:33:54.998-0300][33.945s][10128][14572][info][gc,nmethod  ] GC(41) y: NMethods: 10744 registered, 452 unregistered
[2026-06-26T13:33:54.998-0300][33.945s][10128][14572][info][gc,metaspace] GC(41) y: Metaspace: 63M used, 65M committed, 1088M reserved
[2026-06-26T13:33:54.998-0300][33.945s][10128][14572][info][gc,reloc    ] GC(41) y:                        Candidates     Selected     In-Place         Size        Empty    Relocated 
[2026-06-26T13:33:54.998-0300][33.945s][10128][14572][info][gc,reloc    ] GC(41) y: Small Pages:                   77           45            0         154M           2M          16M 
[2026-06-26T13:33:54.998-0300][33.945s][10128][14572][info][gc,reloc    ] GC(41) y: Medium Pages:                   0            0            0           0M           0M           0M 
[2026-06-26T13:33:54.998-0300][33.945s][10128][14572][info][gc,reloc    ] GC(41) y: Large Pages:                    0            0            0           0M           0M           0M 
[2026-06-26T13:33:54.998-0300][33.945s][10128][14572][info][gc,reloc    ] GC(41) y: Forwarding Usage: 12M
[2026-06-26T13:33:54.998-0300][33.945s][10128][14572][info][gc,reloc    ] GC(41) y: Age Table:
[2026-06-26T13:33:54.998-0300][33.945s][10128][14572][info][gc,reloc    ] GC(41) y:                    Live             Garbage             Small              Medium             Large        
[2026-06-26T13:33:54.998-0300][33.945s][10128][14572][info][gc,reloc    ] GC(41) y: Eden              18M (1%)           89M (3%)          54 / 42             0 / 0              0 / 0        
[2026-06-26T13:33:54.998-0300][33.945s][10128][14572][info][gc,reloc    ] GC(41) y: Survivor 1        32M (1%)            3M (0%)          18 / 1              0 / 0              0 / 0        
[2026-06-26T13:33:54.998-0300][33.946s][10128][14572][info][gc,reloc    ] GC(41) y: Survivor 2         7M (0%)            2M (0%)           5 / 2              0 / 0              0 / 0        
[2026-06-26T13:33:54.998-0300][33.946s][10128][14572][info][gc,heap     ] GC(41) y: Min Capacity: 8M(0%)
[2026-06-26T13:33:54.998-0300][33.946s][10128][14572][info][gc,heap     ] GC(41) y: Max Capacity: 3072M(100%)
[2026-06-26T13:33:54.998-0300][33.946s][10128][14572][info][gc,heap     ] GC(41) y: Soft Max Capacity: 3072M(100%)
[2026-06-26T13:33:54.998-0300][33.946s][10128][14572][info][gc,heap     ] GC(41) y: Heap Statistics:
[2026-06-26T13:33:54.998-0300][33.946s][10128][14572][info][gc,heap     ] GC(41) y:                Mark Start          Mark End        Relocate Start      Relocate End           High               Low         
[2026-06-26T13:33:54.998-0300][33.946s][10128][14572][info][gc,heap     ] GC(41) y:  Capacity:     3072M (100%)       3072M (100%)       3072M (100%)       3072M (100%)       3072M (100%)       3072M (100%)   
[2026-06-26T13:33:54.998-0300][33.946s][10128][14572][info][gc,heap     ] GC(41) y:      Free:     1820M (59%)        1794M (58%)        1796M (58%)        1882M (61%)        1882M (61%)        1792M (58%)    
[2026-06-26T13:33:54.998-0300][33.946s][10128][14572][info][gc,heap     ] GC(41) y:      Used:     1252M (41%)        1278M (42%)        1276M (42%)        1190M (39%)        1280M (42%)        1190M (39%)    
[2026-06-26T13:33:54.998-0300][33.946s][10128][14572][info][gc,heap     ] GC(41) y: Young Generation Statistics:
[2026-06-26T13:33:54.998-0300][33.946s][10128][14572][info][gc,heap     ] GC(41) y:                Mark Start          Mark End        Relocate Start      Relocate End    
[2026-06-26T13:33:54.998-0300][33.946s][10128][14572][info][gc,heap     ] GC(41) y:      Used:      154M (5%)          180M (6%)          178M (6%)           92M (3%)     
[2026-06-26T13:33:54.998-0300][33.946s][10128][14572][info][gc,heap     ] GC(41) y:      Live:         -                57M (2%)           57M (2%)           57M (2%)     
[2026-06-26T13:33:54.998-0300][33.946s][10128][14572][info][gc,heap     ] GC(41) y:   Garbage:         -                96M (3%)           94M (3%)            0M (0%)     
[2026-06-26T13:33:54.998-0300][33.946s][10128][14572][info][gc,heap     ] GC(41) y: Allocated:         -                26M (1%)           26M (1%)           33M (1%)     
[2026-06-26T13:33:54.998-0300][33.946s][10128][14572][info][gc,heap     ] GC(41) y: Reclaimed:         -                  -                 2M (0%)           95M (3%)     
[2026-06-26T13:33:54.998-0300][33.946s][10128][14572][info][gc,heap     ] GC(41) y:  Promoted:         -                  -                 0M (0%)            0M (0%)     
[2026-06-26T13:33:54.998-0300][33.946s][10128][14572][info][gc,heap     ] GC(41) y: Compacted:         -                  -                  -                22M (1%)     
[2026-06-26T13:33:54.998-0300][33.946s][10128][14572][info][gc,phases   ] GC(41) y: Young Generation 1252M(41%)->1190M(39%) 0.112s
[2026-06-26T13:33:54.998-0300][33.946s][10128][14572][info][gc          ] GC(41) Minor Collection (Allocation Rate) 1252M(41%)->1190M(39%) 0.112s
[2026-06-26T13:33:55.341-0300][34.289s][10128][14572][info][gc          ] GC(42) Minor Collection (Allocation Rate)
[2026-06-26T13:33:55.341-0300][34.289s][10128][14572][info][gc,task     ] GC(42) Using 2 Workers for Young Generation
[2026-06-26T13:33:55.341-0300][34.289s][10128][14572][info][gc,phases   ] GC(42) y: Young Generation
[2026-06-26T13:33:55.341-0300][34.289s][10128][8556 ][info][gc,phases   ] GC(42) y: Pause Mark Start 0.013ms
[2026-06-26T13:33:55.451-0300][34.398s][10128][14572][info][gc,phases   ] GC(42) y: Concurrent Mark 109.582ms
[2026-06-26T13:33:55.451-0300][34.399s][10128][8556 ][info][gc,phases   ] GC(42) y: Pause Mark End 0.015ms
[2026-06-26T13:33:55.451-0300][34.399s][10128][14572][info][gc,phases   ] GC(42) y: Concurrent Mark Free 0.005ms
[2026-06-26T13:33:55.451-0300][34.399s][10128][14572][info][gc,phases   ] GC(42) y: Concurrent Reset Relocation Set 0.009ms
[2026-06-26T13:33:55.451-0300][34.399s][10128][14572][info][gc,reloc    ] GC(42) y: Using tenuring threshold: 2 (Computed)
[2026-06-26T13:33:55.463-0300][34.412s][10128][14572][info][gc,phases   ] GC(42) y: Concurrent Select Relocation Set 12.863ms
[2026-06-26T13:33:55.463-0300][34.412s][10128][8556 ][info][gc,phases   ] GC(42) y: Pause Relocate Start 0.010ms
[2026-06-26T13:33:55.496-0300][34.445s][10128][14572][info][gc,phases   ] GC(42) y: Concurrent Relocate 33.023ms
[2026-06-26T13:33:55.496-0300][34.445s][10128][14572][info][gc,alloc    ] GC(42) y:                         Mark Start        Mark End      Relocate Start    Relocate End   
[2026-06-26T13:33:55.496-0300][34.445s][10128][14572][info][gc,alloc    ] GC(42) y: Allocation Stalls:          0                0                0                0         
[2026-06-26T13:33:55.496-0300][34.445s][10128][14572][info][gc,load     ] GC(42) y: Load: 0.00 (0%) / 0.00 (0%) / 0.00 (0%)
[2026-06-26T13:33:55.496-0300][34.445s][10128][14572][info][gc,mmu      ] GC(42) y: MMU: 2ms/97.5%, 5ms/98.8%, 10ms/99.3%, 20ms/99.7%, 50ms/99.8%, 100ms/99.8%
[2026-06-26T13:33:55.496-0300][34.445s][10128][14572][info][gc,marking  ] GC(42) y: Mark: 2 stripe(s), 2 proactive flush(es), 1 terminate flush(es), 0 completion(s), 0 continuation(s) 
[2026-06-26T13:33:55.496-0300][34.445s][10128][14572][info][gc,nmethod  ] GC(42) y: NMethods: 10837 registered, 452 unregistered
[2026-06-26T13:33:55.496-0300][34.445s][10128][14572][info][gc,metaspace] GC(42) y: Metaspace: 64M used, 65M committed, 1088M reserved
[2026-06-26T13:33:55.497-0300][34.445s][10128][14572][info][gc,reloc    ] GC(42) y:                        Candidates     Selected     In-Place         Size        Empty    Relocated 
[2026-06-26T13:33:55.497-0300][34.445s][10128][14572][info][gc,reloc    ] GC(42) y: Small Pages:                   78           35            0         156M           0M           9M 
[2026-06-26T13:33:55.497-0300][34.445s][10128][14572][info][gc,reloc    ] GC(42) y: Medium Pages:                   0            0            0           0M           0M           0M 
[2026-06-26T13:33:55.497-0300][34.445s][10128][14572][info][gc,reloc    ] GC(42) y: Large Pages:                    0            0            0           0M           0M           0M 
[2026-06-26T13:33:55.497-0300][34.445s][10128][14572][info][gc,reloc    ] GC(42) y: Forwarding Usage: 7M
[2026-06-26T13:33:55.497-0300][34.445s][10128][14572][info][gc,reloc    ] GC(42) y: Age Table:
[2026-06-26T13:33:55.497-0300][34.445s][10128][14572][info][gc,reloc    ] GC(42) y:                    Live             Garbage             Small              Medium             Large        
[2026-06-26T13:33:55.497-0300][34.445s][10128][14572][info][gc,reloc    ] GC(42) y: Eden              21M (1%)           72M (2%)          47 / 34             0 / 0              0 / 0        
[2026-06-26T13:33:55.497-0300][34.445s][10128][14572][info][gc,reloc    ] GC(42) y: Survivor 1        18M (1%)            1M (0%)          10 / 1              0 / 0              0 / 0        
[2026-06-26T13:33:55.497-0300][34.445s][10128][14572][info][gc,reloc    ] GC(42) y: Survivor 2        32M (1%)            1M (0%)          17 / 0              0 / 0              0 / 0        
[2026-06-26T13:33:55.497-0300][34.445s][10128][14572][info][gc,reloc    ] GC(42) y: Survivor 3         7M (0%)            0M (0%)           4 / 0              0 / 0              0 / 0        
[2026-06-26T13:33:55.497-0300][34.445s][10128][14572][info][gc,heap     ] GC(42) y: Min Capacity: 8M(0%)
[2026-06-26T13:33:55.497-0300][34.445s][10128][14572][info][gc,heap     ] GC(42) y: Max Capacity: 3072M(100%)
[2026-06-26T13:33:55.497-0300][34.445s][10128][14572][info][gc,heap     ] GC(42) y: Soft Max Capacity: 3072M(100%)
[2026-06-26T13:33:55.497-0300][34.445s][10128][14572][info][gc,heap     ] GC(42) y: Heap Statistics:
[2026-06-26T13:33:55.497-0300][34.445s][10128][14572][info][gc,heap     ] GC(42) y:                Mark Start          Mark End        Relocate Start      Relocate End           High               Low         
[2026-06-26T13:33:55.497-0300][34.445s][10128][14572][info][gc,heap     ] GC(42) y:  Capacity:     3072M (100%)       3072M (100%)       3072M (100%)       3072M (100%)       3072M (100%)       3072M (100%)   
[2026-06-26T13:33:55.497-0300][34.445s][10128][14572][info][gc,heap     ] GC(42) y:      Free:     1818M (59%)        1788M (58%)        1782M (58%)        1836M (60%)        1846M (60%)        1776M (58%)    
[2026-06-26T13:33:55.497-0300][34.445s][10128][14572][info][gc,heap     ] GC(42) y:      Used:     1254M (41%)        1284M (42%)        1290M (42%)        1236M (40%)        1296M (42%)        1226M (40%)    
[2026-06-26T13:33:55.497-0300][34.445s][10128][14572][info][gc,heap     ] GC(42) y: Young Generation Statistics:
[2026-06-26T13:33:55.497-0300][34.445s][10128][14572][info][gc,heap     ] GC(42) y:                Mark Start          Mark End        Relocate Start      Relocate End    
[2026-06-26T13:33:55.497-0300][34.445s][10128][14572][info][gc,heap     ] GC(42) y:      Used:      156M (5%)          186M (6%)          150M (5%)           96M (3%)     
[2026-06-26T13:33:55.497-0300][34.445s][10128][14572][info][gc,heap     ] GC(42) y:      Live:         -                79M (3%)           39M (1%)           39M (1%)     
[2026-06-26T13:33:55.497-0300][34.445s][10128][14572][info][gc,heap     ] GC(42) y:   Garbage:         -                76M (2%)           74M (2%)            2M (0%)     
[2026-06-26T13:33:55.497-0300][34.445s][10128][14572][info][gc,heap     ] GC(42) y: Allocated:         -                30M (1%)           36M (1%)           53M (2%)     
[2026-06-26T13:33:55.497-0300][34.445s][10128][14572][info][gc,heap     ] GC(42) y: Reclaimed:         -                  -                 2M (0%)           74M (2%)     
[2026-06-26T13:33:55.497-0300][34.445s][10128][14572][info][gc,heap     ] GC(42) y:  Promoted:         -                  -                39M (1%)           39M (1%)     
[2026-06-26T13:33:55.497-0300][34.445s][10128][14572][info][gc,heap     ] GC(42) y: Compacted:         -                  -                  -                12M (0%)     
[2026-06-26T13:33:55.497-0300][34.445s][10128][14572][info][gc,phases   ] GC(42) y: Young Generation 1254M(41%)->1236M(40%) 0.156s
[2026-06-26T13:33:55.497-0300][34.445s][10128][14572][info][gc          ] GC(42) Minor Collection (Allocation Rate) 1252M(41%)->1236M(40%) 0.157s
[2026-06-26T13:33:55.638-0300][34.585s][10128][14572][info][gc          ] GC(43) Minor Collection (Allocation Rate)
[2026-06-26T13:33:55.638-0300][34.585s][10128][14572][info][gc,task     ] GC(43) Using 2 Workers for Young Generation
[2026-06-26T13:33:55.638-0300][34.585s][10128][14572][info][gc,phases   ] GC(43) y: Young Generation
[2026-06-26T13:33:55.638-0300][34.585s][10128][8556 ][info][gc,phases   ] GC(43) y: Pause Mark Start 0.013ms
[2026-06-26T13:33:55.778-0300][34.726s][10128][14572][info][gc,phases   ] GC(43) y: Concurrent Mark 140.557ms
[2026-06-26T13:33:55.778-0300][34.726s][10128][8556 ][info][gc,phases   ] GC(43) y: Pause Mark End 0.021ms
[2026-06-26T13:33:55.778-0300][34.726s][10128][14572][info][gc,phases   ] GC(43) y: Concurrent Mark Free 0.001ms
[2026-06-26T13:33:55.778-0300][34.726s][10128][14572][info][gc,phases   ] GC(43) y: Concurrent Reset Relocation Set 0.031ms
[2026-06-26T13:33:55.778-0300][34.726s][10128][14572][info][gc,reloc    ] GC(43) y: Using tenuring threshold: 2 (Computed)
[2026-06-26T13:33:55.787-0300][34.735s][10128][14572][info][gc,phases   ] GC(43) y: Concurrent Select Relocation Set 9.147ms
[2026-06-26T13:33:55.787-0300][34.735s][10128][8556 ][info][gc,phases   ] GC(43) y: Pause Relocate Start 0.015ms
[2026-06-26T13:33:55.813-0300][34.761s][10128][14572][info][gc,phases   ] GC(43) y: Concurrent Relocate 25.563ms
[2026-06-26T13:33:55.813-0300][34.761s][10128][14572][info][gc,alloc    ] GC(43) y:                         Mark Start        Mark End      Relocate Start    Relocate End   
[2026-06-26T13:33:55.813-0300][34.761s][10128][14572][info][gc,alloc    ] GC(43) y: Allocation Stalls:          0                0                0                0         
[2026-06-26T13:33:55.813-0300][34.761s][10128][14572][info][gc,load     ] GC(43) y: Load: 0.00 (0%) / 0.00 (0%) / 0.00 (0%)
[2026-06-26T13:33:55.813-0300][34.761s][10128][14572][info][gc,mmu      ] GC(43) y: MMU: 2ms/97.5%, 5ms/98.8%, 10ms/99.3%, 20ms/99.7%, 50ms/99.8%, 100ms/99.8%
[2026-06-26T13:33:55.813-0300][34.761s][10128][14572][info][gc,marking  ] GC(43) y: Mark: 2 stripe(s), 2 proactive flush(es), 1 terminate flush(es), 0 completion(s), 0 continuation(s) 
[2026-06-26T13:33:55.813-0300][34.761s][10128][14572][info][gc,nmethod  ] GC(43) y: NMethods: 10849 registered, 452 unregistered
[2026-06-26T13:33:55.813-0300][34.761s][10128][14572][info][gc,metaspace] GC(43) y: Metaspace: 64M used, 65M committed, 1088M reserved
[2026-06-26T13:33:55.813-0300][34.761s][10128][14572][info][gc,reloc    ] GC(43) y:                        Candidates     Selected     In-Place         Size        Empty    Relocated 
[2026-06-26T13:33:55.813-0300][34.761s][10128][14572][info][gc,reloc    ] GC(43) y: Small Pages:                   77           25            0         154M           2M          11M 
[2026-06-26T13:33:55.813-0300][34.761s][10128][14572][info][gc,reloc    ] GC(43) y: Medium Pages:                   0            0            0           0M           0M           0M 
[2026-06-26T13:33:55.813-0300][34.761s][10128][14572][info][gc,reloc    ] GC(43) y: Large Pages:                    0            0            0           0M           0M           0M 
[2026-06-26T13:33:55.813-0300][34.761s][10128][14572][info][gc,reloc    ] GC(43) y: Forwarding Usage: 9M
[2026-06-26T13:33:55.813-0300][34.761s][10128][14572][info][gc,reloc    ] GC(43) y: Age Table:
[2026-06-26T13:33:55.813-0300][34.761s][10128][14572][info][gc,reloc    ] GC(43) y:                    Live             Garbage             Small              Medium             Large        
[2026-06-26T13:33:55.813-0300][34.761s][10128][14572][info][gc,reloc    ] GC(43) y: Eden              54M (2%)           51M (2%)          53 / 24             0 / 0              0 / 0        
[2026-06-26T13:33:55.814-0300][34.762s][10128][14572][info][gc,reloc    ] GC(43) y: Survivor 1        21M (1%)            6M (0%)          14 / 1              0 / 0              0 / 0        
[2026-06-26T13:33:55.814-0300][34.762s][10128][14572][info][gc,reloc    ] GC(43) y: Survivor 2        18M (1%)            1M (0%)          10 / 0              0 / 0              0 / 0        
[2026-06-26T13:33:55.814-0300][34.762s][10128][14572][info][gc,heap     ] GC(43) y: Min Capacity: 8M(0%)
[2026-06-26T13:33:55.814-0300][34.762s][10128][14572][info][gc,heap     ] GC(43) y: Max Capacity: 3072M(100%)
[2026-06-26T13:33:55.814-0300][34.762s][10128][14572][info][gc,heap     ] GC(43) y: Soft Max Capacity: 3072M(100%)
[2026-06-26T13:33:55.814-0300][34.762s][10128][14572][info][gc,heap     ] GC(43) y: Heap Statistics:
[2026-06-26T13:33:55.814-0300][34.762s][10128][14572][info][gc,heap     ] GC(43) y:                Mark Start          Mark End        Relocate Start      Relocate End           High               Low         
[2026-06-26T13:33:55.814-0300][34.762s][10128][14572][info][gc,heap     ] GC(43) y:  Capacity:     3072M (100%)       3072M (100%)       3072M (100%)       3072M (100%)       3072M (100%)       3072M (100%)   
[2026-06-26T13:33:55.814-0300][34.762s][10128][14572][info][gc,heap     ] GC(43) y:      Free:     1778M (58%)        1718M (56%)        1718M (56%)        1762M (57%)        1778M (58%)        1714M (56%)    
[2026-06-26T13:33:55.814-0300][34.762s][10128][14572][info][gc,heap     ] GC(43) y:      Used:     1294M (42%)        1354M (44%)        1354M (44%)        1310M (43%)        1358M (44%)        1294M (42%)    
[2026-06-26T13:33:55.814-0300][34.762s][10128][14572][info][gc,heap     ] GC(43) y: Young Generation Statistics:
[2026-06-26T13:33:55.814-0300][34.762s][10128][14572][info][gc,heap     ] GC(43) y:                Mark Start          Mark End        Relocate Start      Relocate End    
[2026-06-26T13:33:55.814-0300][34.762s][10128][14572][info][gc,heap     ] GC(43) y:      Used:      154M (5%)          214M (7%)          196M (6%)          150M (5%)     
[2026-06-26T13:33:55.814-0300][34.762s][10128][14572][info][gc,heap     ] GC(43) y:      Live:         -                94M (3%)           76M (2%)           76M (2%)     
[2026-06-26T13:33:55.814-0300][34.762s][10128][14572][info][gc,heap     ] GC(43) y:   Garbage:         -                59M (2%)           57M (2%)            4M (0%)     
[2026-06-26T13:33:55.814-0300][34.762s][10128][14572][info][gc,heap     ] GC(43) y: Allocated:         -                60M (2%)           62M (2%)           69M (2%)     
[2026-06-26T13:33:55.814-0300][34.762s][10128][14572][info][gc,heap     ] GC(43) y: Reclaimed:         -                  -                 2M (0%)           55M (2%)     
[2026-06-26T13:33:55.814-0300][34.762s][10128][14572][info][gc,heap     ] GC(43) y:  Promoted:         -                  -                17M (1%)           18M (1%)     
[2026-06-26T13:33:55.814-0300][34.762s][10128][14572][info][gc,heap     ] GC(43) y: Compacted:         -                  -                  -                16M (1%)     
[2026-06-26T13:33:55.814-0300][34.762s][10128][14572][info][gc,phases   ] GC(43) y: Young Generation 1294M(42%)->1310M(43%) 0.176s
[2026-06-26T13:33:55.814-0300][34.762s][10128][14572][info][gc          ] GC(43) Minor Collection (Allocation Rate) 1294M(42%)->1310M(43%) 0.177s
[2026-06-26T13:33:55.835-0300][34.782s][10128][14572][info][gc          ] GC(44) Minor Collection (Allocation Rate)
[2026-06-26T13:33:55.835-0300][34.782s][10128][14572][info][gc,task     ] GC(44) Using 2 Workers for Young Generation
[2026-06-26T13:33:55.835-0300][34.782s][10128][14572][info][gc,phases   ] GC(44) y: Young Generation
[2026-06-26T13:33:55.835-0300][34.782s][10128][8556 ][info][gc,phases   ] GC(44) y: Pause Mark Start 0.015ms
[2026-06-26T13:33:55.970-0300][34.918s][10128][14572][info][gc,phases   ] GC(44) y: Concurrent Mark 135.186ms
[2026-06-26T13:33:55.970-0300][34.918s][10128][8556 ][info][gc,phases   ] GC(44) y: Pause Mark End 0.019ms
[2026-06-26T13:33:55.970-0300][34.918s][10128][14572][info][gc,phases   ] GC(44) y: Concurrent Mark Free 0.004ms
[2026-06-26T13:33:55.970-0300][34.918s][10128][14572][info][gc,phases   ] GC(44) y: Concurrent Reset Relocation Set 0.020ms
[2026-06-26T13:33:55.970-0300][34.918s][10128][14572][info][gc,reloc    ] GC(44) y: Using tenuring threshold: 1 (Computed)
[2026-06-26T13:33:55.995-0300][34.943s][10128][14572][info][gc,phases   ] GC(44) y: Concurrent Select Relocation Set 25.498ms
[2026-06-26T13:33:55.995-0300][34.944s][10128][8556 ][info][gc,phases   ] GC(44) y: Pause Relocate Start 0.012ms
[2026-06-26T13:33:56.047-0300][34.995s][10128][14572][info][gc,phases   ] GC(44) y: Concurrent Relocate 51.772ms
[2026-06-26T13:33:56.047-0300][34.996s][10128][14572][info][gc,alloc    ] GC(44) y:                         Mark Start        Mark End      Relocate Start    Relocate End   
[2026-06-26T13:33:56.047-0300][34.996s][10128][14572][info][gc,alloc    ] GC(44) y: Allocation Stalls:          0                0                0                0         
[2026-06-26T13:33:56.047-0300][34.996s][10128][14572][info][gc,load     ] GC(44) y: Load: 0.00 (0%) / 0.00 (0%) / 0.00 (0%)
[2026-06-26T13:33:56.047-0300][34.996s][10128][14572][info][gc,mmu      ] GC(44) y: MMU: 2ms/97.5%, 5ms/98.8%, 10ms/99.3%, 20ms/99.7%, 50ms/99.8%, 100ms/99.8%
[2026-06-26T13:33:56.047-0300][34.996s][10128][14572][info][gc,marking  ] GC(44) y: Mark: 2 stripe(s), 2 proactive flush(es), 1 terminate flush(es), 0 completion(s), 0 continuation(s) 
[2026-06-26T13:33:56.047-0300][34.996s][10128][14572][info][gc,nmethod  ] GC(44) y: NMethods: 10928 registered, 452 unregistered
[2026-06-26T13:33:56.047-0300][34.996s][10128][14572][info][gc,metaspace] GC(44) y: Metaspace: 64M used, 65M committed, 1088M reserved
[2026-06-26T13:33:56.047-0300][34.996s][10128][14572][info][gc,reloc    ] GC(44) y:                        Candidates     Selected     In-Place         Size        Empty    Relocated 
[2026-06-26T13:33:56.047-0300][34.996s][10128][14572][info][gc,reloc    ] GC(44) y: Small Pages:                   77           17            0         154M           2M           6M 
[2026-06-26T13:33:56.047-0300][34.996s][10128][14572][info][gc,reloc    ] GC(44) y: Medium Pages:                   0            0            0           0M           0M           0M 
[2026-06-26T13:33:56.047-0300][34.996s][10128][14572][info][gc,reloc    ] GC(44) y: Large Pages:                    0            0            0           0M           0M           0M 
[2026-06-26T13:33:56.048-0300][34.996s][10128][14572][info][gc,reloc    ] GC(44) y: Forwarding Usage: 5M
[2026-06-26T13:33:56.048-0300][34.996s][10128][14572][info][gc,reloc    ] GC(44) y: Age Table:
[2026-06-26T13:33:56.048-0300][34.996s][10128][14572][info][gc,reloc    ] GC(44) y:                    Live             Garbage             Small              Medium             Large        
[2026-06-26T13:33:56.048-0300][34.996s][10128][14572][info][gc,reloc    ] GC(44) y: Eden              35M (1%)           34M (1%)          35 / 15             0 / 0              0 / 0        
[2026-06-26T13:33:56.048-0300][34.996s][10128][14572][info][gc,reloc    ] GC(44) y: Survivor 1        53M (2%)            4M (0%)          29 / 0              0 / 0              0 / 0        
[2026-06-26T13:33:56.048-0300][34.996s][10128][14572][info][gc,reloc    ] GC(44) y: Survivor 2        21M (1%)            4M (0%)          13 / 2              0 / 0              0 / 0        
[2026-06-26T13:33:56.048-0300][34.996s][10128][14572][info][gc,heap     ] GC(44) y: Min Capacity: 8M(0%)
[2026-06-26T13:33:56.048-0300][34.996s][10128][14572][info][gc,heap     ] GC(44) y: Max Capacity: 3072M(100%)
[2026-06-26T13:33:56.048-0300][34.996s][10128][14572][info][gc,heap     ] GC(44) y: Soft Max Capacity: 3072M(100%)
[2026-06-26T13:33:56.048-0300][34.996s][10128][14572][info][gc,heap     ] GC(44) y: Heap Statistics:
[2026-06-26T13:33:56.048-0300][34.996s][10128][14572][info][gc,heap     ] GC(44) y:                Mark Start          Mark End        Relocate Start      Relocate End           High               Low         
[2026-06-26T13:33:56.048-0300][34.996s][10128][14572][info][gc,heap     ] GC(44) y:  Capacity:     3072M (100%)       3072M (100%)       3072M (100%)       3072M (100%)       3072M (100%)       3072M (100%)   
[2026-06-26T13:33:56.048-0300][34.996s][10128][14572][info][gc,heap     ] GC(44) y:      Free:     1758M (57%)        1704M (55%)        1704M (55%)        1726M (56%)        1758M (57%)        1698M (55%)    
[2026-06-26T13:33:56.048-0300][34.996s][10128][14572][info][gc,heap     ] GC(44) y:      Used:     1314M (43%)        1368M (45%)        1368M (45%)        1346M (44%)        1374M (45%)        1314M (43%)    
[2026-06-26T13:33:56.048-0300][34.996s][10128][14572][info][gc,heap     ] GC(44) y: Young Generation Statistics:
[2026-06-26T13:33:56.048-0300][34.996s][10128][14572][info][gc,heap     ] GC(44) y:                Mark Start          Mark End        Relocate Start      Relocate End    
[2026-06-26T13:33:56.048-0300][34.996s][10128][14572][info][gc,heap     ] GC(44) y:      Used:      154M (5%)          208M (7%)          132M (4%)          102M (3%)     
[2026-06-26T13:33:56.048-0300][34.996s][10128][14572][info][gc,heap     ] GC(44) y:      Live:         -               111M (4%)           39M (1%)           35M (1%)     
[2026-06-26T13:33:56.048-0300][34.996s][10128][14572][info][gc,heap     ] GC(44) y:   Garbage:         -                42M (1%)           36M (1%)            0M (0%)     
[2026-06-26T13:33:56.048-0300][34.996s][10128][14572][info][gc,heap     ] GC(44) y: Allocated:         -                54M (2%)           56M (2%)           65M (2%)     
[2026-06-26T13:33:56.048-0300][34.996s][10128][14572][info][gc,heap     ] GC(44) y: Reclaimed:         -                  -                 6M (0%)           42M (1%)     
[2026-06-26T13:33:56.048-0300][34.996s][10128][14572][info][gc,heap     ] GC(44) y:  Promoted:         -                  -                71M (2%)           75M (2%)     
[2026-06-26T13:33:56.048-0300][34.996s][10128][14572][info][gc,heap     ] GC(44) y: Compacted:         -                  -                  -                 6M (0%)     
[2026-06-26T13:33:56.048-0300][34.996s][10128][14572][info][gc,phases   ] GC(44) y: Young Generation 1314M(43%)->1346M(44%) 0.213s
[2026-06-26T13:33:56.048-0300][34.996s][10128][14572][info][gc          ] GC(44) Minor Collection (Allocation Rate) 1314M(43%)->1346M(44%) 0.214s
[2026-06-26T13:33:56.212-0300][35.159s][10128][7116 ][info][gc,task     ] Adjusting Workers for Old Generation: 1 -> 2
[2026-06-26T13:33:56.212-0300][35.159s][10128][14572][info][gc          ] GC(45) Minor Collection (Allocation Rate)
[2026-06-26T13:33:56.212-0300][35.159s][10128][14572][info][gc,task     ] GC(45) Using 1 Workers for Young Generation
[2026-06-26T13:33:56.212-0300][35.159s][10128][14572][info][gc,phases   ] GC(45) y: Young Generation
[2026-06-26T13:33:56.212-0300][35.159s][10128][8556 ][info][gc,phases   ] GC(45) y: Pause Mark Start 0.011ms
[2026-06-26T13:33:56.288-0300][35.235s][10128][7368 ][info][gc,phases   ] GC(40) O: Concurrent Mark 1914.871ms
[2026-06-26T13:33:56.288-0300][35.236s][10128][8556 ][info][gc,phases   ] GC(40) O: Pause Mark End 0.019ms
[2026-06-26T13:33:56.288-0300][35.236s][10128][7368 ][info][gc,phases   ] GC(40) O: Concurrent Mark Free 0.003ms
[2026-06-26T13:33:56.304-0300][35.252s][10128][7368 ][info][gc,phases   ] GC(40) O: Concurrent Process Non-Strong 16.352ms
[2026-06-26T13:33:56.304-0300][35.252s][10128][7368 ][info][gc,phases   ] GC(40) O: Concurrent Reset Relocation Set 0.004ms
[2026-06-26T13:33:56.308-0300][35.256s][10128][7368 ][info][gc,phases   ] GC(40) O: Concurrent Select Relocation Set 3.849ms
[2026-06-26T13:33:56.438-0300][35.386s][10128][14572][info][gc,phases   ] GC(45) y: Concurrent Mark 226.692ms
[2026-06-26T13:33:56.438-0300][35.386s][10128][8556 ][info][gc,phases   ] GC(45) y: Pause Mark End 0.013ms
[2026-06-26T13:33:56.438-0300][35.386s][10128][14572][info][gc,phases   ] GC(45) y: Concurrent Mark Free 0.005ms
[2026-06-26T13:33:56.438-0300][35.386s][10128][14572][info][gc,phases   ] GC(45) y: Concurrent Reset Relocation Set 0.122ms
[2026-06-26T13:33:56.438-0300][35.386s][10128][14572][info][gc,reloc    ] GC(45) y: Using tenuring threshold: 2 (Computed)
[2026-06-26T13:33:56.442-0300][35.390s][10128][14572][info][gc,phases   ] GC(45) y: Concurrent Select Relocation Set 4.036ms
[2026-06-26T13:33:56.442-0300][35.391s][10128][8556 ][info][gc,phases   ] GC(45) y: Pause Relocate Start 0.012ms
[2026-06-26T13:33:56.497-0300][35.445s][10128][14572][info][gc,phases   ] GC(45) y: Concurrent Relocate 54.100ms
[2026-06-26T13:33:56.497-0300][35.445s][10128][14572][info][gc,alloc    ] GC(45) y:                         Mark Start        Mark End      Relocate Start    Relocate End   
[2026-06-26T13:33:56.497-0300][35.445s][10128][14572][info][gc,alloc    ] GC(45) y: Allocation Stalls:          0                0                0                0         
[2026-06-26T13:33:56.497-0300][35.445s][10128][14572][info][gc,load     ] GC(45) y: Load: 0.00 (0%) / 0.00 (0%) / 0.00 (0%)
[2026-06-26T13:33:56.497-0300][35.445s][10128][14572][info][gc,mmu      ] GC(45) y: MMU: 2ms/97.5%, 5ms/98.8%, 10ms/99.3%, 20ms/99.7%, 50ms/99.8%, 100ms/99.8%
[2026-06-26T13:33:56.497-0300][35.445s][10128][14572][info][gc,marking  ] GC(45) y: Mark: 1 stripe(s), 2 proactive flush(es), 1 terminate flush(es), 0 completion(s), 0 continuation(s) 
[2026-06-26T13:33:56.497-0300][35.445s][10128][14572][info][gc,nmethod  ] GC(45) y: NMethods: 10944 registered, 111 unregistered
[2026-06-26T13:33:56.497-0300][35.445s][10128][14572][info][gc,metaspace] GC(45) y: Metaspace: 64M used, 65M committed, 1088M reserved
[2026-06-26T13:33:56.497-0300][35.445s][10128][14572][info][gc,reloc    ] GC(45) y:                        Candidates     Selected     In-Place         Size        Empty    Relocated 
[2026-06-26T13:33:56.497-0300][35.445s][10128][14572][info][gc,reloc    ] GC(45) y: Small Pages:                   78           38            0         156M           2M          20M 
[2026-06-26T13:33:56.497-0300][35.445s][10128][14572][info][gc,reloc    ] GC(45) y: Medium Pages:                   0            0            0           0M           0M           0M 
[2026-06-26T13:33:56.497-0300][35.445s][10128][14572][info][gc,reloc    ] GC(45) y: Large Pages:                    0            0            0           0M           0M           0M 
[2026-06-26T13:33:56.497-0300][35.445s][10128][14572][info][gc,reloc    ] GC(45) y: Forwarding Usage: 18M
[2026-06-26T13:33:56.497-0300][35.445s][10128][14572][info][gc,reloc    ] GC(45) y: Age Table:
[2026-06-26T13:33:56.497-0300][35.445s][10128][14572][info][gc,reloc    ] GC(45) y:                    Live             Garbage             Small              Medium             Large        
[2026-06-26T13:33:56.497-0300][35.445s][10128][14572][info][gc,reloc    ] GC(45) y: Eden              51M (2%)           64M (2%)          58 / 30             0 / 0              0 / 0        
[2026-06-26T13:33:56.497-0300][35.445s][10128][14572][info][gc,reloc    ] GC(45) y: Survivor 1        19M (1%)           20M (1%)          20 / 8              0 / 0              0 / 0        
[2026-06-26T13:33:56.497-0300][35.445s][10128][14572][info][gc,heap     ] GC(45) y: Min Capacity: 8M(0%)
[2026-06-26T13:33:56.497-0300][35.445s][10128][14572][info][gc,heap     ] GC(45) y: Max Capacity: 3072M(100%)
[2026-06-26T13:33:56.497-0300][35.445s][10128][14572][info][gc,heap     ] GC(45) y: Soft Max Capacity: 3072M(100%)
[2026-06-26T13:33:56.497-0300][35.445s][10128][14572][info][gc,heap     ] GC(45) y: Heap Statistics:
[2026-06-26T13:33:56.497-0300][35.445s][10128][14572][info][gc,heap     ] GC(45) y:                Mark Start          Mark End        Relocate Start      Relocate End           High               Low         
[2026-06-26T13:33:56.497-0300][35.445s][10128][14572][info][gc,heap     ] GC(45) y:  Capacity:     3072M (100%)       3072M (100%)       3072M (100%)       3072M (100%)       3072M (100%)       3072M (100%)   
[2026-06-26T13:33:56.497-0300][35.445s][10128][14572][info][gc,heap     ] GC(45) y:      Free:     1672M (54%)        1496M (49%)        1496M (49%)        1558M (51%)        1672M (54%)        1494M (49%)    
[2026-06-26T13:33:56.497-0300][35.445s][10128][14572][info][gc,heap     ] GC(45) y:      Used:     1400M (46%)        1576M (51%)        1576M (51%)        1514M (49%)        1578M (51%)        1400M (46%)    
[2026-06-26T13:33:56.497-0300][35.445s][10128][14572][info][gc,heap     ] GC(45) y: Young Generation Statistics:
[2026-06-26T13:33:56.497-0300][35.445s][10128][14572][info][gc,heap     ] GC(45) y:                Mark Start          Mark End        Relocate Start      Relocate End    
[2026-06-26T13:33:56.497-0300][35.445s][10128][14572][info][gc,heap     ] GC(45) y:      Used:      156M (5%)          364M (12%)         364M (12%)         302M (10%)    
[2026-06-26T13:33:56.497-0300][35.445s][10128][14572][info][gc,heap     ] GC(45) y:      Live:         -                71M (2%)           71M (2%)           71M (2%)     
[2026-06-26T13:33:56.497-0300][35.445s][10128][14572][info][gc,heap     ] GC(45) y:   Garbage:         -                84M (3%)           82M (3%)            1M (0%)     
[2026-06-26T13:33:56.497-0300][35.445s][10128][14572][info][gc,heap     ] GC(45) y: Allocated:         -               208M (7%)          210M (7%)          229M (7%)     
[2026-06-26T13:33:56.497-0300][35.445s][10128][14572][info][gc,heap     ] GC(45) y: Reclaimed:         -                  -                 2M (0%)           83M (3%)     
[2026-06-26T13:33:56.497-0300][35.445s][10128][14572][info][gc,heap     ] GC(45) y:  Promoted:         -                  -                 0M (0%)            0M (0%)     
[2026-06-26T13:33:56.497-0300][35.445s][10128][14572][info][gc,heap     ] GC(45) y: Compacted:         -                  -                  -                34M (1%)     
[2026-06-26T13:33:56.497-0300][35.445s][10128][14572][info][gc,phases   ] GC(45) y: Young Generation 1400M(46%)->1514M(49%) 0.286s
[2026-06-26T13:33:56.497-0300][35.445s][10128][14572][info][gc          ] GC(45) Minor Collection (Allocation Rate) 1398M(46%)->1516M(49%) 0.286s
[2026-06-26T13:33:56.497-0300][35.445s][10128][7116 ][info][gc,task     ] Adjusting Workers for Old Generation: 2 -> 1
[2026-06-26T13:33:56.497-0300][35.445s][10128][7368 ][info][gc,task     ] GC(40) O: Using 3 Workers for Old Generation
[2026-06-26T13:33:56.517-0300][35.466s][10128][7368 ][info][gc,task     ] GC(40) O: Using 2 Workers for Old Generation
[2026-06-26T13:33:56.518-0300][35.466s][10128][7368 ][info][gc,phases   ] GC(40) O: Concurrent Remap Roots 20.259ms
[2026-06-26T13:33:56.518-0300][35.466s][10128][8556 ][info][gc,phases   ] GC(40) O: Pause Relocate Start 0.011ms
[2026-06-26T13:33:56.518-0300][35.466s][10128][14572][info][gc          ] GC(46) Minor Collection (Allocation Rate)
[2026-06-26T13:33:56.518-0300][35.466s][10128][14572][info][gc,task     ] GC(46) Using 2 Workers for Young Generation
[2026-06-26T13:33:56.518-0300][35.466s][10128][14572][info][gc,phases   ] GC(46) y: Young Generation
[2026-06-26T13:33:56.519-0300][35.467s][10128][8556 ][info][gc,phases   ] GC(46) y: Pause Mark Start 0.015ms
[2026-06-26T13:33:56.577-0300][35.525s][10128][7368 ][info][gc,phases   ] GC(40) O: Concurrent Relocate 59.543ms
[2026-06-26T13:33:56.664-0300][35.612s][10128][14572][info][gc,phases   ] GC(46) y: Concurrent Mark 145.484ms
[2026-06-26T13:33:56.664-0300][35.612s][10128][8556 ][info][gc,phases   ] GC(46) y: Pause Mark End 0.012ms
[2026-06-26T13:33:56.664-0300][35.612s][10128][14572][info][gc,phases   ] GC(46) y: Concurrent Mark Free 0.003ms
[2026-06-26T13:33:56.664-0300][35.612s][10128][14572][info][gc,phases   ] GC(46) y: Concurrent Reset Relocation Set 0.007ms
[2026-06-26T13:33:56.664-0300][35.613s][10128][14572][info][gc,reloc    ] GC(46) y: Using tenuring threshold: 1 (Computed)
[2026-06-26T13:33:56.689-0300][35.637s][10128][14572][info][gc,phases   ] GC(46) y: Concurrent Select Relocation Set 24.658ms
[2026-06-26T13:33:56.689-0300][35.637s][10128][8556 ][info][gc,phases   ] GC(46) y: Pause Relocate Start 0.011ms
[2026-06-26T13:33:56.743-0300][35.691s][10128][14572][info][gc,phases   ] GC(46) y: Concurrent Relocate 53.710ms
[2026-06-26T13:33:56.744-0300][35.691s][10128][14572][info][gc,alloc    ] GC(46) y:                         Mark Start        Mark End      Relocate Start    Relocate End   
[2026-06-26T13:33:56.744-0300][35.691s][10128][14572][info][gc,alloc    ] GC(46) y: Allocation Stalls:          0                0                0                0         
[2026-06-26T13:33:56.744-0300][35.691s][10128][14572][info][gc,load     ] GC(46) y: Load: 0.00 (0%) / 0.00 (0%) / 0.00 (0%)
[2026-06-26T13:33:56.744-0300][35.691s][10128][14572][info][gc,mmu      ] GC(46) y: MMU: 2ms/97.5%, 5ms/98.8%, 10ms/99.3%, 20ms/99.7%, 50ms/99.8%, 100ms/99.8%
[2026-06-26T13:33:56.744-0300][35.691s][10128][14572][info][gc,marking  ] GC(46) y: Mark: 2 stripe(s), 5 proactive flush(es), 1 terminate flush(es), 0 completion(s), 0 continuation(s) 
[2026-06-26T13:33:56.744-0300][35.691s][10128][14572][info][gc,nmethod  ] GC(46) y: NMethods: 10946 registered, 111 unregistered
[2026-06-26T13:33:56.744-0300][35.691s][10128][14572][info][gc,metaspace] GC(46) y: Metaspace: 64M used, 65M committed, 1088M reserved
[2026-06-26T13:33:56.744-0300][35.691s][10128][14572][info][gc,reloc    ] GC(46) y:                        Candidates     Selected     In-Place         Size        Empty    Relocated 
[2026-06-26T13:33:56.744-0300][35.691s][10128][14572][info][gc,reloc    ] GC(46) y: Small Pages:                  140           28            0         280M         130M           8M 
[2026-06-26T13:33:56.744-0300][35.691s][10128][14572][info][gc,reloc    ] GC(46) y: Medium Pages:                   1            0            0          32M           0M           0M 
[2026-06-26T13:33:56.744-0300][35.691s][10128][14572][info][gc,reloc    ] GC(46) y: Large Pages:                    0            0            0           0M           0M           0M 
[2026-06-26T13:33:56.744-0300][35.691s][10128][14572][info][gc,reloc    ] GC(46) y: Forwarding Usage: 7M
[2026-06-26T13:33:56.744-0300][35.691s][10128][14572][info][gc,reloc    ] GC(46) y: Age Table:
[2026-06-26T13:33:56.744-0300][35.691s][10128][14572][info][gc,reloc    ] GC(46) y:                    Live             Garbage             Small              Medium             Large        
[2026-06-26T13:33:56.744-0300][35.691s][10128][14572][info][gc,reloc    ] GC(46) y: Eden              19M (1%)          212M (7%)         100 / 27             1 / 0              0 / 0        
[2026-06-26T13:33:56.744-0300][35.691s][10128][14572][info][gc,reloc    ] GC(46) y: Survivor 1        50M (2%)            7M (0%)          29 / 1              0 / 0              0 / 0        
[2026-06-26T13:33:56.744-0300][35.691s][10128][14572][info][gc,reloc    ] GC(46) y: Survivor 2        19M (1%)            2M (0%)          11 / 0              0 / 0              0 / 0        
[2026-06-26T13:33:56.744-0300][35.691s][10128][14572][info][gc,heap     ] GC(46) y: Min Capacity: 8M(0%)
[2026-06-26T13:33:56.744-0300][35.691s][10128][14572][info][gc,heap     ] GC(46) y: Max Capacity: 3072M(100%)
[2026-06-26T13:33:56.744-0300][35.691s][10128][14572][info][gc,heap     ] GC(46) y: Soft Max Capacity: 3072M(100%)
[2026-06-26T13:33:56.744-0300][35.691s][10128][14572][info][gc,heap     ] GC(46) y: Heap Statistics:
[2026-06-26T13:33:56.744-0300][35.691s][10128][14572][info][gc,heap     ] GC(46) y:                Mark Start          Mark End        Relocate Start      Relocate End           High               Low         
[2026-06-26T13:33:56.744-0300][35.691s][10128][14572][info][gc,heap     ] GC(46) y:  Capacity:     3072M (100%)       3072M (100%)       3072M (100%)       3072M (100%)       3072M (100%)       3072M (100%)   
[2026-06-26T13:33:56.744-0300][35.691s][10128][14572][info][gc,heap     ] GC(46) y:      Free:     1574M (51%)        1558M (51%)        1682M (55%)        1724M (56%)        1734M (56%)        1558M (51%)    
[2026-06-26T13:33:56.744-0300][35.691s][10128][14572][info][gc,heap     ] GC(46) y:      Used:     1498M (49%)        1514M (49%)        1390M (45%)        1348M (44%)        1514M (49%)        1338M (44%)    
[2026-06-26T13:33:56.744-0300][35.691s][10128][14572][info][gc,heap     ] GC(46) y: Young Generation Statistics:
[2026-06-26T13:33:56.744-0300][35.691s][10128][14572][info][gc,heap     ] GC(46) y:                Mark Start          Mark End        Relocate Start      Relocate End    
[2026-06-26T13:33:56.744-0300][35.691s][10128][14572][info][gc,heap     ] GC(46) y:      Used:      312M (10%)         350M (11%)         154M (5%)          108M (4%)     
[2026-06-26T13:33:56.744-0300][35.691s][10128][14572][info][gc,heap     ] GC(46) y:      Live:         -                90M (3%)           20M (1%)           19M (1%)     
[2026-06-26T13:33:56.744-0300][35.691s][10128][14572][info][gc,heap     ] GC(46) y:   Garbage:         -               221M (7%)           89M (3%)           31M (1%)     
[2026-06-26T13:33:56.744-0300][35.691s][10128][14572][info][gc,heap     ] GC(46) y: Allocated:         -                38M (1%)           44M (1%)           56M (2%)     
[2026-06-26T13:33:56.744-0300][35.691s][10128][14572][info][gc,heap     ] GC(46) y: Reclaimed:         -                  -               131M (4%)          190M (6%)     
[2026-06-26T13:33:56.744-0300][35.691s][10128][14572][info][gc,heap     ] GC(46) y:  Promoted:         -                  -                70M (2%)           70M (2%)     
[2026-06-26T13:33:56.744-0300][35.691s][10128][14572][info][gc,heap     ] GC(46) y: Compacted:         -                  -                  -                11M (0%)     
[2026-06-26T13:33:56.744-0300][35.692s][10128][14572][info][gc,phases   ] GC(46) y: Young Generation 1562M(51%)->1348M(44%) 0.225s
[2026-06-26T13:33:56.744-0300][35.692s][10128][14572][info][gc          ] GC(46) Minor Collection (Allocation Rate) 1530M(50%)->1348M(44%) 0.226s
[2026-06-26T13:33:56.744-0300][35.692s][10128][7368 ][info][gc,alloc    ] GC(40) O:                         Mark Start        Mark End      Relocate Start    Relocate End   
[2026-06-26T13:33:56.744-0300][35.692s][10128][7368 ][info][gc,alloc    ] GC(40) O: Allocation Stalls:          0                0                0                0         
[2026-06-26T13:33:56.744-0300][35.692s][10128][7368 ][info][gc,load     ] GC(40) O: Load: 0.00 (0%) / 0.00 (0%) / 0.00 (0%)
[2026-06-26T13:33:56.744-0300][35.692s][10128][7368 ][info][gc,mmu      ] GC(40) O: MMU: 2ms/97.5%, 5ms/98.8%, 10ms/99.3%, 20ms/99.7%, 50ms/99.8%, 100ms/99.8%
[2026-06-26T13:33:56.744-0300][35.692s][10128][7368 ][info][gc,marking  ] GC(40) O: Mark: 1 stripe(s), 2 proactive flush(es), 1 terminate flush(es), 0 completion(s), 0 continuation(s) 
[2026-06-26T13:33:56.744-0300][35.692s][10128][7368 ][info][gc,nmethod  ] GC(40) O: NMethods: 10946 registered, 111 unregistered
[2026-06-26T13:33:56.744-0300][35.692s][10128][7368 ][info][gc,metaspace] GC(40) O: Metaspace: 64M used, 65M committed, 1088M reserved
[2026-06-26T13:33:56.744-0300][35.692s][10128][7368 ][info][gc,ref      ] GC(40) O:                       Encountered   Discovered     Enqueued 
[2026-06-26T13:33:56.744-0300][35.692s][10128][7368 ][info][gc,ref      ] GC(40) O: Soft References:             5370            0            0 
[2026-06-26T13:33:56.744-0300][35.692s][10128][7368 ][info][gc,ref      ] GC(40) O: Weak References:             4598         3504          152 
[2026-06-26T13:33:56.744-0300][35.692s][10128][7368 ][info][gc,ref      ] GC(40) O: Final References:              14            0            0 
[2026-06-26T13:33:56.744-0300][35.692s][10128][7368 ][info][gc,ref      ] GC(40) O: Phantom References:        156370        19085        12601 
[2026-06-26T13:33:56.744-0300][35.692s][10128][7368 ][info][gc,reloc    ] GC(40) O:                        Candidates     Selected     In-Place         Size        Empty    Relocated 
[2026-06-26T13:33:56.744-0300][35.692s][10128][7368 ][info][gc,reloc    ] GC(40) O: Small Pages:                  479           12            0         958M           0M           7M 
[2026-06-26T13:33:56.744-0300][35.692s][10128][7368 ][info][gc,reloc    ] GC(40) O: Medium Pages:                   4            1            0         128M          32M           5M 
[2026-06-26T13:33:56.744-0300][35.692s][10128][7368 ][info][gc,reloc    ] GC(40) O: Large Pages:                    1            0            0          12M           0M           0M 
[2026-06-26T13:33:56.744-0300][35.692s][10128][7368 ][info][gc,reloc    ] GC(40) O: Forwarding Usage: 12M
[2026-06-26T13:33:56.744-0300][35.692s][10128][7368 ][info][gc,heap     ] GC(40) O: Min Capacity: 8M(0%)
[2026-06-26T13:33:56.744-0300][35.692s][10128][7368 ][info][gc,heap     ] GC(40) O: Max Capacity: 3072M(100%)
[2026-06-26T13:33:56.744-0300][35.692s][10128][7368 ][info][gc,heap     ] GC(40) O: Soft Max Capacity: 3072M(100%)
[2026-06-26T13:33:56.744-0300][35.692s][10128][7368 ][info][gc,heap     ] GC(40) O: Heap Statistics:
[2026-06-26T13:33:56.744-0300][35.692s][10128][7368 ][info][gc,heap     ] GC(40) O:                Mark Start          Mark End        Relocate Start      Relocate End           High               Low         
[2026-06-26T13:33:56.744-0300][35.692s][10128][7368 ][info][gc,heap     ] GC(40) O:  Capacity:     3072M (100%)       3072M (100%)       3072M (100%)       3072M (100%)       3072M (100%)       3072M (100%)   
[2026-06-26T13:33:56.744-0300][35.692s][10128][7368 ][info][gc,heap     ] GC(40) O:      Free:     1820M (59%)        1610M (52%)        1548M (50%)        1574M (51%)        1904M (62%)        1494M (49%)    
[2026-06-26T13:33:56.744-0300][35.692s][10128][7368 ][info][gc,heap     ] GC(40) O:      Used:     1252M (41%)        1462M (48%)        1524M (50%)        1498M (49%)        1578M (51%)        1168M (38%)    
[2026-06-26T13:33:56.744-0300][35.692s][10128][7368 ][info][gc,heap     ] GC(40) O: Old Generation Statistics:
[2026-06-26T13:33:56.744-0300][35.692s][10128][7368 ][info][gc,heap     ] GC(40) O:                Mark Start          Mark End        Relocate Start      Relocate End    
[2026-06-26T13:33:56.744-0300][35.692s][10128][7368 ][info][gc,heap     ] GC(40) O:      Used:     1098M (36%)        1244M (40%)        1212M (39%)        1164M (38%)    
[2026-06-26T13:33:56.744-0300][35.692s][10128][7368 ][info][gc,heap     ] GC(40) O:      Live:         -               941M (31%)         941M (31%)         941M (31%)    
[2026-06-26T13:33:56.744-0300][35.692s][10128][7368 ][info][gc,heap     ] GC(40) O:   Garbage:         -               156M (5%)          124M (4%)           38M (1%)     
[2026-06-26T13:33:56.745-0300][35.692s][10128][7368 ][info][gc,heap     ] GC(40) O: Allocated:         -               146M (5%)          146M (5%)          183M (6%)     
[2026-06-26T13:33:56.745-0300][35.692s][10128][7368 ][info][gc,heap     ] GC(40) O: Reclaimed:         -                  -                32M (1%)          117M (4%)     
[2026-06-26T13:33:56.745-0300][35.692s][10128][7368 ][info][gc,heap     ] GC(40) O: Compacted:         -                  -                  -                46M (2%)     
[2026-06-26T13:33:56.745-0300][35.692s][10128][7368 ][info][gc,phases   ] GC(40) O: Old Generation 1168M(38%)->1498M(49%) 2.371s
[2026-06-26T13:33:56.745-0300][35.692s][10128][7368 ][info][gc          ] GC(40) Major Collection (Allocation Rate) 1252M(41%)->1348M(44%) 2.441s
[2026-06-26T13:33:56.936-0300][35.884s][10128][7368 ][info][gc          ] GC(47) Major Collection (Allocation Rate)
[2026-06-26T13:33:56.936-0300][35.884s][10128][7368 ][info][gc,task     ] GC(47) Using 3 Workers for Young Generation
[2026-06-26T13:33:56.936-0300][35.884s][10128][7368 ][info][gc,task     ] GC(47) Using 1 Workers for Old Generation
[2026-06-26T13:33:56.936-0300][35.884s][10128][7368 ][info][gc,phases   ] GC(47) Y: Young Generation
[2026-06-26T13:33:56.936-0300][35.884s][10128][8556 ][info][gc,phases   ] GC(47) Y: Pause Mark Start (Major) 0.010ms
[2026-06-26T13:33:56.981-0300][35.929s][10128][7368 ][info][gc,phases   ] GC(47) Y: Concurrent Mark 44.768ms
[2026-06-26T13:33:56.981-0300][35.929s][10128][8556 ][info][gc,phases   ] GC(47) Y: Pause Mark End 0.013ms
[2026-06-26T13:33:56.981-0300][35.929s][10128][7368 ][info][gc,phases   ] GC(47) Y: Concurrent Mark Free 0.006ms
[2026-06-26T13:33:56.981-0300][35.929s][10128][7368 ][info][gc,phases   ] GC(47) Y: Concurrent Reset Relocation Set 0.101ms
[2026-06-26T13:33:56.981-0300][35.929s][10128][7368 ][info][gc,reloc    ] GC(47) Y: Using tenuring threshold: 2 (Computed)
[2026-06-26T13:33:56.984-0300][35.932s][10128][7368 ][info][gc,phases   ] GC(47) Y: Concurrent Select Relocation Set 2.655ms
[2026-06-26T13:33:56.984-0300][35.932s][10128][8556 ][info][gc,phases   ] GC(47) Y: Pause Relocate Start 0.015ms
[2026-06-26T13:33:56.996-0300][35.944s][10128][7368 ][info][gc,phases   ] GC(47) Y: Concurrent Relocate 11.574ms
[2026-06-26T13:33:56.996-0300][35.944s][10128][7368 ][info][gc,alloc    ] GC(47) Y:                         Mark Start        Mark End      Relocate Start    Relocate End   
[2026-06-26T13:33:56.996-0300][35.944s][10128][7368 ][info][gc,alloc    ] GC(47) Y: Allocation Stalls:          0                0                0                0         
[2026-06-26T13:33:56.996-0300][35.944s][10128][7368 ][info][gc,load     ] GC(47) Y: Load: 0.00 (0%) / 0.00 (0%) / 0.00 (0%)
[2026-06-26T13:33:56.996-0300][35.944s][10128][7368 ][info][gc,mmu      ] GC(47) Y: MMU: 2ms/97.5%, 5ms/98.8%, 10ms/99.3%, 20ms/99.7%, 50ms/99.8%, 100ms/99.8%
[2026-06-26T13:33:56.996-0300][35.944s][10128][7368 ][info][gc,marking  ] GC(47) Y: Mark: 2 stripe(s), 2 proactive flush(es), 1 terminate flush(es), 0 completion(s), 0 continuation(s) 
[2026-06-26T13:33:56.996-0300][35.944s][10128][7368 ][info][gc,nmethod  ] GC(47) Y: NMethods: 10947 registered, 111 unregistered
[2026-06-26T13:33:56.996-0300][35.944s][10128][7368 ][info][gc,metaspace] GC(47) Y: Metaspace: 64M used, 65M committed, 1088M reserved
[2026-06-26T13:33:56.996-0300][35.944s][10128][7368 ][info][gc,reloc    ] GC(47) Y:                        Candidates     Selected     In-Place         Size        Empty    Relocated 
[2026-06-26T13:33:56.996-0300][35.944s][10128][7368 ][info][gc,reloc    ] GC(47) Y: Small Pages:                   61           33            0         122M          16M          13M 
[2026-06-26T13:33:56.996-0300][35.944s][10128][7368 ][info][gc,reloc    ] GC(47) Y: Medium Pages:                   1            0            0          32M           0M           0M 
[2026-06-26T13:33:56.996-0300][35.944s][10128][7368 ][info][gc,reloc    ] GC(47) Y: Large Pages:                    0            0            0           0M           0M           0M 
[2026-06-26T13:33:56.996-0300][35.944s][10128][7368 ][info][gc,reloc    ] GC(47) Y: Forwarding Usage: 11M
[2026-06-26T13:33:56.996-0300][35.944s][10128][7368 ][info][gc,reloc    ] GC(47) Y: Age Table:
[2026-06-26T13:33:56.996-0300][35.944s][10128][7368 ][info][gc,reloc    ] GC(47) Y:                    Live             Garbage             Small              Medium             Large        
[2026-06-26T13:33:56.996-0300][35.944s][10128][7368 ][info][gc,reloc    ] GC(47) Y: Eden              17M (1%)           82M (3%)          50 / 32             0 / 0              0 / 0        
[2026-06-26T13:33:56.996-0300][35.944s][10128][7368 ][info][gc,reloc    ] GC(47) Y: Survivor 1        19M (1%)           34M (1%)          11 / 1              1 / 0              0 / 0        
[2026-06-26T13:33:56.996-0300][35.944s][10128][7368 ][info][gc,heap     ] GC(47) Y: Min Capacity: 8M(0%)
[2026-06-26T13:33:56.996-0300][35.944s][10128][7368 ][info][gc,heap     ] GC(47) Y: Max Capacity: 3072M(100%)
[2026-06-26T13:33:56.996-0300][35.944s][10128][7368 ][info][gc,heap     ] GC(47) Y: Soft Max Capacity: 3072M(100%)
[2026-06-26T13:33:56.996-0300][35.944s][10128][7368 ][info][gc,heap     ] GC(47) Y: Heap Statistics:
[2026-06-26T13:33:56.996-0300][35.944s][10128][7368 ][info][gc,heap     ] GC(47) Y:                Mark Start          Mark End        Relocate Start      Relocate End           High               Low         
[2026-06-26T13:33:56.996-0300][35.944s][10128][7368 ][info][gc,heap     ] GC(47) Y:  Capacity:     3072M (100%)       3072M (100%)       3072M (100%)       3072M (100%)       3072M (100%)       3072M (100%)   
[2026-06-26T13:33:56.996-0300][35.944s][10128][7368 ][info][gc,heap     ] GC(47) Y:      Free:     1678M (55%)        1658M (54%)        1672M (54%)        1728M (56%)        1728M (56%)        1658M (54%)    
[2026-06-26T13:33:56.996-0300][35.944s][10128][7368 ][info][gc,heap     ] GC(47) Y:      Used:     1394M (45%)        1414M (46%)        1400M (46%)        1344M (44%)        1414M (46%)        1344M (44%)    
[2026-06-26T13:33:56.996-0300][35.944s][10128][7368 ][info][gc,heap     ] GC(47) Y: Young Generation Statistics:
[2026-06-26T13:33:56.996-0300][35.944s][10128][7368 ][info][gc,heap     ] GC(47) Y:                Mark Start          Mark End        Relocate Start      Relocate End    
[2026-06-26T13:33:56.996-0300][35.944s][10128][7368 ][info][gc,heap     ] GC(47) Y:      Used:      154M (5%)          174M (6%)          160M (5%)          104M (3%)     
[2026-06-26T13:33:56.996-0300][35.944s][10128][7368 ][info][gc,heap     ] GC(47) Y:      Live:         -                36M (1%)           36M (1%)           36M (1%)     
[2026-06-26T13:33:56.996-0300][35.944s][10128][7368 ][info][gc,heap     ] GC(47) Y:   Garbage:         -               117M (4%)          101M (3%)           32M (1%)     
[2026-06-26T13:33:56.996-0300][35.944s][10128][7368 ][info][gc,heap     ] GC(47) Y: Allocated:         -                20M (1%)           22M (1%)           34M (1%)     
[2026-06-26T13:33:56.996-0300][35.944s][10128][7368 ][info][gc,heap     ] GC(47) Y: Reclaimed:         -                  -                16M (1%)           84M (3%)     
[2026-06-26T13:33:56.996-0300][35.944s][10128][7368 ][info][gc,heap     ] GC(47) Y:  Promoted:         -                  -                 0M (0%)            0M (0%)     
[2026-06-26T13:33:56.996-0300][35.944s][10128][7368 ][info][gc,heap     ] GC(47) Y: Compacted:         -                  -                  -                19M (1%)     
[2026-06-26T13:33:56.996-0300][35.944s][10128][7368 ][info][gc,phases   ] GC(47) Y: Young Generation 1394M(45%)->1344M(44%) 0.060s
[2026-06-26T13:33:56.996-0300][35.944s][10128][7368 ][info][gc,phases   ] GC(47) O: Old Generation
[2026-06-26T13:33:57.265-0300][36.213s][10128][14572][info][gc          ] GC(48) Minor Collection (Allocation Rate)
[2026-06-26T13:33:57.265-0300][36.213s][10128][14572][info][gc,task     ] GC(48) Using 2 Workers for Young Generation
[2026-06-26T13:33:57.265-0300][36.213s][10128][14572][info][gc,phases   ] GC(48) y: Young Generation
[2026-06-26T13:33:57.265-0300][36.213s][10128][8556 ][info][gc,phases   ] GC(48) y: Pause Mark Start 0.011ms
[2026-06-26T13:33:57.339-0300][36.287s][10128][14572][info][gc,phases   ] GC(48) y: Concurrent Mark 74.151ms
[2026-06-26T13:33:57.339-0300][36.287s][10128][8556 ][info][gc,phases   ] GC(48) y: Pause Mark End 0.013ms
[2026-06-26T13:33:57.339-0300][36.287s][10128][14572][info][gc,phases   ] GC(48) y: Concurrent Mark Free 0.003ms
[2026-06-26T13:33:57.339-0300][36.287s][10128][14572][info][gc,phases   ] GC(48) y: Concurrent Reset Relocation Set 0.005ms
[2026-06-26T13:33:57.339-0300][36.287s][10128][14572][info][gc,reloc    ] GC(48) y: Using tenuring threshold: 1 (Computed)
[2026-06-26T13:33:57.353-0300][36.301s][10128][14572][info][gc,phases   ] GC(48) y: Concurrent Select Relocation Set 13.661ms
[2026-06-26T13:33:57.353-0300][36.301s][10128][8556 ][info][gc,phases   ] GC(48) y: Pause Relocate Start 0.010ms
[2026-06-26T13:33:57.388-0300][36.336s][10128][14572][info][gc,phases   ] GC(48) y: Concurrent Relocate 34.636ms
[2026-06-26T13:33:57.388-0300][36.336s][10128][14572][info][gc,alloc    ] GC(48) y:                         Mark Start        Mark End      Relocate Start    Relocate End   
[2026-06-26T13:33:57.388-0300][36.336s][10128][14572][info][gc,alloc    ] GC(48) y: Allocation Stalls:          0                0                0                0         
[2026-06-26T13:33:57.388-0300][36.336s][10128][14572][info][gc,load     ] GC(48) y: Load: 0.00 (0%) / 0.00 (0%) / 0.00 (0%)
[2026-06-26T13:33:57.388-0300][36.336s][10128][14572][info][gc,mmu      ] GC(48) y: MMU: 2ms/97.5%, 5ms/98.8%, 10ms/99.3%, 20ms/99.7%, 50ms/99.8%, 100ms/99.8%
[2026-06-26T13:33:57.388-0300][36.336s][10128][14572][info][gc,marking  ] GC(48) y: Mark: 2 stripe(s), 7 proactive flush(es), 1 terminate flush(es), 0 completion(s), 0 continuation(s) 
[2026-06-26T13:33:57.388-0300][36.336s][10128][14572][info][gc,nmethod  ] GC(48) y: NMethods: 10976 registered, 111 unregistered
[2026-06-26T13:33:57.388-0300][36.336s][10128][14572][info][gc,metaspace] GC(48) y: Metaspace: 64M used, 65M committed, 1088M reserved
[2026-06-26T13:33:57.388-0300][36.336s][10128][14572][info][gc,reloc    ] GC(48) y:                        Candidates     Selected     In-Place         Size        Empty    Relocated 
[2026-06-26T13:33:57.388-0300][36.336s][10128][14572][info][gc,reloc    ] GC(48) y: Small Pages:                   66           30            0         132M          18M          11M 
[2026-06-26T13:33:57.388-0300][36.336s][10128][14572][info][gc,reloc    ] GC(48) y: Medium Pages:                   1            0            0          32M           0M           0M 
[2026-06-26T13:33:57.388-0300][36.336s][10128][14572][info][gc,reloc    ] GC(48) y: Large Pages:                    0            0            0           0M           0M           0M 
[2026-06-26T13:33:57.388-0300][36.336s][10128][14572][info][gc,reloc    ] GC(48) y: Forwarding Usage: 8M
[2026-06-26T13:33:57.388-0300][36.336s][10128][14572][info][gc,reloc    ] GC(48) y: Age Table:
[2026-06-26T13:33:57.388-0300][36.336s][10128][14572][info][gc,reloc    ] GC(48) y:                    Live             Garbage             Small              Medium             Large        
[2026-06-26T13:33:57.388-0300][36.336s][10128][14572][info][gc,reloc    ] GC(48) y: Eden              14M (0%)           73M (2%)          44 / 27             0 / 0              0 / 0        
[2026-06-26T13:33:57.388-0300][36.336s][10128][14572][info][gc,reloc    ] GC(48) y: Survivor 1        17M (1%)            4M (0%)          11 / 2              0 / 0              0 / 0        
[2026-06-26T13:33:57.388-0300][36.336s][10128][14572][info][gc,reloc    ] GC(48) y: Survivor 2        19M (1%)           34M (1%)          11 / 1              1 / 0              0 / 0        
[2026-06-26T13:33:57.388-0300][36.336s][10128][14572][info][gc,heap     ] GC(48) y: Min Capacity: 8M(0%)
[2026-06-26T13:33:57.388-0300][36.336s][10128][14572][info][gc,heap     ] GC(48) y: Max Capacity: 3072M(100%)
[2026-06-26T13:33:57.388-0300][36.336s][10128][14572][info][gc,heap     ] GC(48) y: Soft Max Capacity: 3072M(100%)
[2026-06-26T13:33:57.388-0300][36.336s][10128][14572][info][gc,heap     ] GC(48) y: Heap Statistics:
[2026-06-26T13:33:57.388-0300][36.336s][10128][14572][info][gc,heap     ] GC(48) y:                Mark Start          Mark End        Relocate Start      Relocate End           High               Low         
[2026-06-26T13:33:57.388-0300][36.336s][10128][14572][info][gc,heap     ] GC(48) y:  Capacity:     3072M (100%)       3072M (100%)       3072M (100%)       3072M (100%)       3072M (100%)       3072M (100%)   
[2026-06-26T13:33:57.388-0300][36.336s][10128][14572][info][gc,heap     ] GC(48) y:      Free:     1668M (54%)        1566M (51%)        1538M (50%)        1574M (51%)        1668M (54%)        1534M (50%)    
[2026-06-26T13:33:57.388-0300][36.336s][10128][14572][info][gc,heap     ] GC(48) y:      Used:     1404M (46%)        1506M (49%)        1534M (50%)        1498M (49%)        1538M (50%)        1404M (46%)    
[2026-06-26T13:33:57.388-0300][36.336s][10128][14572][info][gc,heap     ] GC(48) y: Young Generation Statistics:
[2026-06-26T13:33:57.388-0300][36.336s][10128][14572][info][gc,heap     ] GC(48) y:                Mark Start          Mark End        Relocate Start      Relocate End    
[2026-06-26T13:33:57.388-0300][36.336s][10128][14572][info][gc,heap     ] GC(48) y:      Used:      164M (5%)          266M (9%)          226M (7%)          186M (6%)     
[2026-06-26T13:33:57.389-0300][36.336s][10128][14572][info][gc,heap     ] GC(48) y:      Live:         -                50M (2%)           15M (1%)           14M (0%)     
[2026-06-26T13:33:57.389-0300][36.336s][10128][14572][info][gc,heap     ] GC(48) y:   Garbage:         -               113M (4%)           62M (2%)            0M (0%)     
[2026-06-26T13:33:57.389-0300][36.336s][10128][14572][info][gc,heap     ] GC(48) y: Allocated:         -               102M (3%)          148M (5%)          171M (6%)     
[2026-06-26T13:33:57.389-0300][36.336s][10128][14572][info][gc,heap     ] GC(48) y: Reclaimed:         -                  -                51M (2%)          113M (4%)     
[2026-06-26T13:33:57.389-0300][36.336s][10128][14572][info][gc,heap     ] GC(48) y:  Promoted:         -                  -                34M (1%)           36M (1%)     
[2026-06-26T13:33:57.389-0300][36.336s][10128][14572][info][gc,heap     ] GC(48) y: Compacted:         -                  -                  -                14M (0%)     
[2026-06-26T13:33:57.389-0300][36.336s][10128][14572][info][gc,phases   ] GC(48) y: Young Generation 1404M(46%)->1498M(49%) 0.123s
[2026-06-26T13:33:57.389-0300][36.336s][10128][14572][info][gc          ] GC(48) Minor Collection (Allocation Rate) 1404M(46%)->1498M(49%) 0.124s
[2026-06-26T13:33:57.389-0300][36.336s][10128][14572][info][gc          ] GC(49) Minor Collection (Allocation Rate)
[2026-06-26T13:33:57.389-0300][36.336s][10128][14572][info][gc,task     ] GC(49) Using 2 Workers for Young Generation
[2026-06-26T13:33:57.389-0300][36.336s][10128][14572][info][gc,phases   ] GC(49) y: Young Generation
[2026-06-26T13:33:57.389-0300][36.337s][10128][8556 ][info][gc,phases   ] GC(49) y: Pause Mark Start 0.015ms
[2026-06-26T13:33:57.439-0300][36.386s][10128][14572][info][gc,phases   ] GC(49) y: Concurrent Mark 49.800ms
[2026-06-26T13:33:57.439-0300][36.387s][10128][8556 ][info][gc,phases   ] GC(49) y: Pause Mark End 0.018ms
[2026-06-26T13:33:57.439-0300][36.387s][10128][14572][info][gc,phases   ] GC(49) y: Concurrent Mark Free 0.007ms
[2026-06-26T13:33:57.439-0300][36.387s][10128][14572][info][gc,phases   ] GC(49) y: Concurrent Reset Relocation Set 0.082ms
[2026-06-26T13:33:57.439-0300][36.387s][10128][14572][info][gc,reloc    ] GC(49) y: Using tenuring threshold: 2 (Computed)
[2026-06-26T13:33:57.440-0300][36.388s][10128][14572][info][gc,phases   ] GC(49) y: Concurrent Select Relocation Set 0.831ms
[2026-06-26T13:33:57.440-0300][36.388s][10128][8556 ][info][gc,phases   ] GC(49) y: Pause Relocate Start 0.010ms
[2026-06-26T13:33:57.448-0300][36.396s][10128][14572][info][gc,phases   ] GC(49) y: Concurrent Relocate 8.459ms
[2026-06-26T13:33:57.448-0300][36.396s][10128][14572][info][gc,alloc    ] GC(49) y:                         Mark Start        Mark End      Relocate Start    Relocate End   
[2026-06-26T13:33:57.448-0300][36.396s][10128][14572][info][gc,alloc    ] GC(49) y: Allocation Stalls:          0                0                0                0         
[2026-06-26T13:33:57.448-0300][36.396s][10128][14572][info][gc,load     ] GC(49) y: Load: 0.00 (0%) / 0.00 (0%) / 0.00 (0%)
[2026-06-26T13:33:57.448-0300][36.396s][10128][14572][info][gc,mmu      ] GC(49) y: MMU: 2ms/97.5%, 5ms/98.8%, 10ms/99.3%, 20ms/99.7%, 50ms/99.8%, 100ms/99.8%
[2026-06-26T13:33:57.448-0300][36.396s][10128][14572][info][gc,marking  ] GC(49) y: Mark: 2 stripe(s), 3 proactive flush(es), 1 terminate flush(es), 0 completion(s), 0 continuation(s) 
[2026-06-26T13:33:57.448-0300][36.396s][10128][14572][info][gc,nmethod  ] GC(49) y: NMethods: 10976 registered, 111 unregistered
[2026-06-26T13:33:57.448-0300][36.396s][10128][14572][info][gc,metaspace] GC(49) y: Metaspace: 64M used, 65M committed, 1088M reserved
[2026-06-26T13:33:57.448-0300][36.396s][10128][14572][info][gc,reloc    ] GC(49) y:                        Candidates     Selected     In-Place         Size        Empty    Relocated 
[2026-06-26T13:33:57.448-0300][36.396s][10128][14572][info][gc,reloc    ] GC(49) y: Small Pages:                   77           14            0         154M          84M           6M 
[2026-06-26T13:33:57.448-0300][36.396s][10128][14572][info][gc,reloc    ] GC(49) y: Medium Pages:                   1            0            0          32M           0M           0M 
[2026-06-26T13:33:57.448-0300][36.396s][10128][14572][info][gc,reloc    ] GC(49) y: Large Pages:                    0            0            0           0M           0M           0M 
[2026-06-26T13:33:57.448-0300][36.396s][10128][14572][info][gc,reloc    ] GC(49) y: Forwarding Usage: 6M
[2026-06-26T13:33:57.448-0300][36.396s][10128][14572][info][gc,reloc    ] GC(49) y: Age Table:
[2026-06-26T13:33:57.448-0300][36.396s][10128][14572][info][gc,reloc    ] GC(49) y:                    Live             Garbage             Small              Medium             Large        
[2026-06-26T13:33:57.448-0300][36.396s][10128][14572][info][gc,reloc    ] GC(49) y: Eden              26M (1%)          143M (5%)          69 / 13             1 / 0              0 / 0        
[2026-06-26T13:33:57.448-0300][36.396s][10128][14572][info][gc,reloc    ] GC(49) y: Survivor 1        13M (0%)            2M (0%)           8 / 1              0 / 0              0 / 0        
[2026-06-26T13:33:57.448-0300][36.396s][10128][14572][info][gc,heap     ] GC(49) y: Min Capacity: 8M(0%)
[2026-06-26T13:33:57.448-0300][36.396s][10128][14572][info][gc,heap     ] GC(49) y: Max Capacity: 3072M(100%)
[2026-06-26T13:33:57.448-0300][36.396s][10128][14572][info][gc,heap     ] GC(49) y: Soft Max Capacity: 3072M(100%)
[2026-06-26T13:33:57.448-0300][36.396s][10128][14572][info][gc,heap     ] GC(49) y: Heap Statistics:
[2026-06-26T13:33:57.448-0300][36.396s][10128][14572][info][gc,heap     ] GC(49) y:                Mark Start          Mark End        Relocate Start      Relocate End           High               Low         
[2026-06-26T13:33:57.448-0300][36.397s][10128][14572][info][gc,heap     ] GC(49) y:  Capacity:     3072M (100%)       3072M (100%)       3072M (100%)       3072M (100%)       3072M (100%)       3072M (100%)   
[2026-06-26T13:33:57.448-0300][36.397s][10128][14572][info][gc,heap     ] GC(49) y:      Free:     1574M (51%)        1560M (51%)        1642M (53%)        1628M (53%)        1660M (54%)        1560M (51%)    
[2026-06-26T13:33:57.448-0300][36.397s][10128][14572][info][gc,heap     ] GC(49) y:      Used:     1498M (49%)        1512M (49%)        1430M (47%)        1444M (47%)        1512M (49%)        1412M (46%)    
[2026-06-26T13:33:57.448-0300][36.397s][10128][14572][info][gc,heap     ] GC(49) y: Young Generation Statistics:
[2026-06-26T13:33:57.448-0300][36.397s][10128][14572][info][gc,heap     ] GC(49) y:                Mark Start          Mark End        Relocate Start      Relocate End    
[2026-06-26T13:33:57.448-0300][36.397s][10128][14572][info][gc,heap     ] GC(49) y:      Used:      186M (6%)          200M (7%)          118M (4%)          132M (4%)     
[2026-06-26T13:33:57.449-0300][36.397s][10128][14572][info][gc,heap     ] GC(49) y:      Live:         -                40M (1%)           40M (1%)           40M (1%)     
[2026-06-26T13:33:57.449-0300][36.397s][10128][14572][info][gc,heap     ] GC(49) y:   Garbage:         -               145M (5%)           61M (2%)           31M (1%)     
[2026-06-26T13:33:57.449-0300][36.397s][10128][14572][info][gc,heap     ] GC(49) y: Allocated:         -                14M (0%)           16M (1%)           59M (2%)     
[2026-06-26T13:33:57.449-0300][36.397s][10128][14572][info][gc,heap     ] GC(49) y: Reclaimed:         -                  -                84M (3%)          113M (4%)     
[2026-06-26T13:33:57.449-0300][36.397s][10128][14572][info][gc,heap     ] GC(49) y:  Promoted:         -                  -                 0M (0%)            0M (0%)     
[2026-06-26T13:33:57.449-0300][36.397s][10128][14572][info][gc,heap     ] GC(49) y: Compacted:         -                  -                  -                10M (0%)     
[2026-06-26T13:33:57.449-0300][36.397s][10128][14572][info][gc,phases   ] GC(49) y: Young Generation 1498M(49%)->1444M(47%) 0.060s
[2026-06-26T13:33:57.449-0300][36.397s][10128][14572][info][gc          ] GC(49) Minor Collection (Allocation Rate) 1498M(49%)->1444M(47%) 0.060s
[2026-06-26T13:33:58.193-0300][37.142s][10128][14572][info][gc          ] GC(50) Minor Collection (Allocation Rate)
[2026-06-26T13:33:58.193-0300][37.142s][10128][14572][info][gc,task     ] GC(50) Using 1 Workers for Young Generation
[2026-06-26T13:33:58.193-0300][37.142s][10128][14572][info][gc,phases   ] GC(50) y: Young Generation
[2026-06-26T13:33:58.193-0300][37.142s][10128][8556 ][info][gc,phases   ] GC(50) y: Pause Mark Start 0.011ms
[2026-06-26T13:33:58.354-0300][37.302s][10128][14572][info][gc,phases   ] GC(50) y: Concurrent Mark 160.166ms
[2026-06-26T13:33:58.354-0300][37.302s][10128][8556 ][info][gc,phases   ] GC(50) y: Pause Mark End 0.017ms
[2026-06-26T13:33:58.354-0300][37.302s][10128][14572][info][gc,phases   ] GC(50) y: Concurrent Mark Free 0.003ms
[2026-06-26T13:33:58.354-0300][37.302s][10128][14572][info][gc,phases   ] GC(50) y: Concurrent Reset Relocation Set 0.002ms
[2026-06-26T13:33:58.354-0300][37.302s][10128][14572][info][gc,reloc    ] GC(50) y: Using tenuring threshold: 3 (Computed)
[2026-06-26T13:33:58.358-0300][37.306s][10128][14572][info][gc,phases   ] GC(50) y: Concurrent Select Relocation Set 3.672ms
[2026-06-26T13:33:58.358-0300][37.306s][10128][8556 ][info][gc,phases   ] GC(50) y: Pause Relocate Start 0.011ms
[2026-06-26T13:33:58.393-0300][37.340s][10128][14572][info][gc,phases   ] GC(50) y: Concurrent Relocate 34.401ms
[2026-06-26T13:33:58.393-0300][37.341s][10128][14572][info][gc,alloc    ] GC(50) y:                         Mark Start        Mark End      Relocate Start    Relocate End   
[2026-06-26T13:33:58.393-0300][37.341s][10128][14572][info][gc,alloc    ] GC(50) y: Allocation Stalls:          0                0                0                0         
[2026-06-26T13:33:58.393-0300][37.341s][10128][14572][info][gc,load     ] GC(50) y: Load: 0.00 (0%) / 0.00 (0%) / 0.00 (0%)
[2026-06-26T13:33:58.393-0300][37.341s][10128][14572][info][gc,mmu      ] GC(50) y: MMU: 2ms/97.5%, 5ms/98.8%, 10ms/99.3%, 20ms/99.7%, 50ms/99.8%, 100ms/99.8%
[2026-06-26T13:33:58.393-0300][37.341s][10128][14572][info][gc,marking  ] GC(50) y: Mark: 1 stripe(s), 2 proactive flush(es), 1 terminate flush(es), 0 completion(s), 0 continuation(s) 
[2026-06-26T13:33:58.393-0300][37.341s][10128][14572][info][gc,nmethod  ] GC(50) y: NMethods: 11487 registered, 111 unregistered
[2026-06-26T13:33:58.393-0300][37.341s][10128][14572][info][gc,metaspace] GC(50) y: Metaspace: 65M used, 66M committed, 1088M reserved
[2026-06-26T13:33:58.393-0300][37.341s][10128][14572][info][gc,reloc    ] GC(50) y:                        Candidates     Selected     In-Place         Size        Empty    Relocated 
[2026-06-26T13:33:58.393-0300][37.341s][10128][14572][info][gc,reloc    ] GC(50) y: Small Pages:                   95           52            0         190M           2M          17M 
[2026-06-26T13:33:58.393-0300][37.341s][10128][14572][info][gc,reloc    ] GC(50) y: Medium Pages:                   2            1            0          64M           0M           3M 
[2026-06-26T13:33:58.393-0300][37.341s][10128][14572][info][gc,reloc    ] GC(50) y: Large Pages:                    4            0            0          48M           0M           0M 
[2026-06-26T13:33:58.393-0300][37.341s][10128][14572][info][gc,reloc    ] GC(50) y: Forwarding Usage: 12M
[2026-06-26T13:33:58.393-0300][37.341s][10128][14572][info][gc,reloc    ] GC(50) y: Age Table:
[2026-06-26T13:33:58.393-0300][37.341s][10128][14572][info][gc,reloc    ] GC(50) y:                    Live             Garbage             Small              Medium             Large        
[2026-06-26T13:33:58.393-0300][37.341s][10128][14572][info][gc,reloc    ] GC(50) y: Eden              90M (3%)          133M (4%)          72 / 50             1 / 1              4 / 0        
[2026-06-26T13:33:58.393-0300][37.341s][10128][14572][info][gc,reloc    ] GC(50) y: Survivor 1        26M (1%)           35M (1%)          15 / 1              1 / 0              0 / 0        
[2026-06-26T13:33:58.393-0300][37.341s][10128][14572][info][gc,reloc    ] GC(50) y: Survivor 2        13M (0%)            2M (0%)           8 / 1              0 / 0              0 / 0        
[2026-06-26T13:33:58.393-0300][37.341s][10128][14572][info][gc,heap     ] GC(50) y: Min Capacity: 8M(0%)
[2026-06-26T13:33:58.393-0300][37.341s][10128][14572][info][gc,heap     ] GC(50) y: Max Capacity: 3072M(100%)
[2026-06-26T13:33:58.393-0300][37.341s][10128][14572][info][gc,heap     ] GC(50) y: Soft Max Capacity: 3072M(100%)
[2026-06-26T13:33:58.393-0300][37.341s][10128][14572][info][gc,heap     ] GC(50) y: Heap Statistics:
[2026-06-26T13:33:58.393-0300][37.341s][10128][14572][info][gc,heap     ] GC(50) y:                Mark Start          Mark End        Relocate Start      Relocate End           High               Low         
[2026-06-26T13:33:58.393-0300][37.341s][10128][14572][info][gc,heap     ] GC(50) y:  Capacity:     3072M (100%)       3072M (100%)       3072M (100%)       3072M (100%)       3072M (100%)       3072M (100%)   
[2026-06-26T13:33:58.393-0300][37.341s][10128][14572][info][gc,heap     ] GC(50) y:      Free:     1458M (47%)        1416M (46%)        1418M (46%)        1510M (49%)        1510M (49%)        1380M (45%)    
[2026-06-26T13:33:58.393-0300][37.341s][10128][14572][info][gc,heap     ] GC(50) y:      Used:     1614M (53%)        1656M (54%)        1654M (54%)        1562M (51%)        1692M (55%)        1562M (51%)    
[2026-06-26T13:33:58.393-0300][37.341s][10128][14572][info][gc,heap     ] GC(50) y: Young Generation Statistics:
[2026-06-26T13:33:58.393-0300][37.341s][10128][14572][info][gc,heap     ] GC(50) y:                Mark Start          Mark End        Relocate Start      Relocate End    
[2026-06-26T13:33:58.393-0300][37.341s][10128][14572][info][gc,heap     ] GC(50) y:      Used:      302M (10%)         344M (11%)         342M (11%)         250M (8%)     
[2026-06-26T13:33:58.393-0300][37.341s][10128][14572][info][gc,heap     ] GC(50) y:      Live:         -               130M (4%)          130M (4%)          130M (4%)     
[2026-06-26T13:33:58.393-0300][37.341s][10128][14572][info][gc,heap     ] GC(50) y:   Garbage:         -               171M (6%)          169M (6%)            4M (0%)     
[2026-06-26T13:33:58.393-0300][37.341s][10128][14572][info][gc,heap     ] GC(50) y: Allocated:         -                42M (1%)           42M (1%)          115M (4%)     
[2026-06-26T13:33:58.393-0300][37.341s][10128][14572][info][gc,heap     ] GC(50) y: Reclaimed:         -                  -                 2M (0%)          167M (5%)     
[2026-06-26T13:33:58.393-0300][37.341s][10128][14572][info][gc,heap     ] GC(50) y:  Promoted:         -                  -                 0M (0%)            0M (0%)     
[2026-06-26T13:33:58.393-0300][37.341s][10128][14572][info][gc,heap     ] GC(50) y: Compacted:         -                  -                  -                28M (1%)     
[2026-06-26T13:33:58.393-0300][37.341s][10128][14572][info][gc,phases   ] GC(50) y: Young Generation 1614M(53%)->1562M(51%) 0.199s
[2026-06-26T13:33:58.393-0300][37.341s][10128][14572][info][gc          ] GC(50) Minor Collection (Allocation Rate) 1614M(53%)->1562M(51%) 0.199s
[2026-06-26T13:33:59.129-0300][38.078s][10128][7368 ][info][gc,phases   ] GC(47) O: Concurrent Mark 2133.591ms
[2026-06-26T13:33:59.129-0300][38.078s][10128][8556 ][info][gc,phases   ] GC(47) O: Pause Mark End 0.015ms
[2026-06-26T13:33:59.129-0300][38.078s][10128][7368 ][info][gc,phases   ] GC(47) O: Concurrent Mark Free 0.003ms
[2026-06-26T13:33:59.165-0300][38.113s][10128][7368 ][info][gc,phases   ] GC(47) O: Concurrent Process Non-Strong 35.148ms
[2026-06-26T13:33:59.165-0300][38.113s][10128][7368 ][info][gc,phases   ] GC(47) O: Concurrent Reset Relocation Set 0.004ms
[2026-06-26T13:33:59.173-0300][38.121s][10128][7368 ][info][gc,phases   ] GC(47) O: Concurrent Select Relocation Set 8.273ms
[2026-06-26T13:33:59.173-0300][38.121s][10128][7368 ][info][gc,task     ] GC(47) O: Using 2 Workers for Old Generation
[2026-06-26T13:33:59.182-0300][38.130s][10128][7368 ][info][gc,task     ] GC(47) O: Using 1 Workers for Old Generation
[2026-06-26T13:33:59.182-0300][38.130s][10128][7368 ][info][gc,phases   ] GC(47) O: Concurrent Remap Roots 8.187ms
[2026-06-26T13:33:59.182-0300][38.130s][10128][8556 ][info][gc,phases   ] GC(47) O: Pause Relocate Start 0.013ms
[2026-06-26T13:33:59.312-0300][38.260s][10128][7368 ][info][gc,phases   ] GC(47) O: Concurrent Relocate 130.018ms
[2026-06-26T13:33:59.312-0300][38.260s][10128][7368 ][info][gc,alloc    ] GC(47) O:                         Mark Start        Mark End      Relocate Start    Relocate End   
[2026-06-26T13:33:59.312-0300][38.260s][10128][7368 ][info][gc,alloc    ] GC(47) O: Allocation Stalls:          0                0                0                0         
[2026-06-26T13:33:59.312-0300][38.260s][10128][7368 ][info][gc,load     ] GC(47) O: Load: 0.00 (0%) / 0.00 (0%) / 0.00 (0%)
[2026-06-26T13:33:59.312-0300][38.260s][10128][7368 ][info][gc,mmu      ] GC(47) O: MMU: 2ms/97.5%, 5ms/98.8%, 10ms/99.3%, 20ms/99.7%, 50ms/99.8%, 100ms/99.8%
[2026-06-26T13:33:59.312-0300][38.260s][10128][7368 ][info][gc,marking  ] GC(47) O: Mark: 1 stripe(s), 2 proactive flush(es), 1 terminate flush(es), 0 completion(s), 0 continuation(s) 
[2026-06-26T13:33:59.312-0300][38.260s][10128][7368 ][info][gc,nmethod  ] GC(47) O: NMethods: 11579 registered, 219 unregistered
[2026-06-26T13:33:59.312-0300][38.260s][10128][7368 ][info][gc,metaspace] GC(47) O: Metaspace: 65M used, 66M committed, 1088M reserved
[2026-06-26T13:33:59.312-0300][38.260s][10128][7368 ][info][gc,ref      ] GC(47) O:                       Encountered   Discovered     Enqueued 
[2026-06-26T13:33:59.312-0300][38.260s][10128][7368 ][info][gc,ref      ] GC(47) O: Soft References:             5377            0            0 
[2026-06-26T13:33:59.312-0300][38.260s][10128][7368 ][info][gc,ref      ] GC(47) O: Weak References:             4560         3493           18 
[2026-06-26T13:33:59.312-0300][38.260s][10128][7368 ][info][gc,ref      ] GC(47) O: Final References:              16            4            0 
[2026-06-26T13:33:59.312-0300][38.260s][10128][7368 ][info][gc,ref      ] GC(47) O: Phantom References:        129906        59953        53469 
[2026-06-26T13:33:59.312-0300][38.260s][10128][7368 ][info][gc,reloc    ] GC(47) O:                        Candidates     Selected     In-Place         Size        Empty    Relocated 
[2026-06-26T13:33:59.312-0300][38.260s][10128][7368 ][info][gc,reloc    ] GC(47) O: Small Pages:                  582           47            0        1164M          28M          22M 
[2026-06-26T13:33:59.312-0300][38.260s][10128][7368 ][info][gc,reloc    ] GC(47) O: Medium Pages:                   2            0            0          64M           0M           0M 
[2026-06-26T13:33:59.312-0300][38.260s][10128][7368 ][info][gc,reloc    ] GC(47) O: Large Pages:                    1            0            0          12M           0M           0M 
[2026-06-26T13:33:59.312-0300][38.260s][10128][7368 ][info][gc,reloc    ] GC(47) O: Forwarding Usage: 33M
[2026-06-26T13:33:59.312-0300][38.260s][10128][7368 ][info][gc,heap     ] GC(47) O: Min Capacity: 8M(0%)
[2026-06-26T13:33:59.312-0300][38.260s][10128][7368 ][info][gc,heap     ] GC(47) O: Max Capacity: 3072M(100%)
[2026-06-26T13:33:59.312-0300][38.260s][10128][7368 ][info][gc,heap     ] GC(47) O: Soft Max Capacity: 3072M(100%)
[2026-06-26T13:33:59.312-0300][38.260s][10128][7368 ][info][gc,heap     ] GC(47) O: Heap Statistics:
[2026-06-26T13:33:59.312-0300][38.260s][10128][7368 ][info][gc,heap     ] GC(47) O:                Mark Start          Mark End        Relocate Start      Relocate End           High               Low         
[2026-06-26T13:33:59.312-0300][38.260s][10128][7368 ][info][gc,heap     ] GC(47) O:  Capacity:     3072M (100%)       3072M (100%)       3072M (100%)       3072M (100%)       3072M (100%)       3072M (100%)   
[2026-06-26T13:33:59.312-0300][38.260s][10128][7368 ][info][gc,heap     ] GC(47) O:      Free:     1678M (55%)        1362M (44%)        1382M (45%)        1440M (47%)        1728M (56%)        1354M (44%)    
[2026-06-26T13:33:59.312-0300][38.260s][10128][7368 ][info][gc,heap     ] GC(47) O:      Used:     1394M (45%)        1710M (56%)        1690M (55%)        1632M (53%)        1718M (56%)        1344M (44%)    
[2026-06-26T13:33:59.312-0300][38.260s][10128][7368 ][info][gc,heap     ] GC(47) O: Old Generation Statistics:
[2026-06-26T13:33:59.312-0300][38.260s][10128][7368 ][info][gc,heap     ] GC(47) O:                Mark Start          Mark End        Relocate Start      Relocate End    
[2026-06-26T13:33:59.312-0300][38.260s][10128][7368 ][info][gc,heap     ] GC(47) O:      Used:     1240M (40%)        1312M (43%)        1284M (42%)        1196M (39%)    
[2026-06-26T13:33:59.312-0300][38.260s][10128][7368 ][info][gc,heap     ] GC(47) O:      Live:         -              1029M (34%)        1029M (34%)        1029M (34%)    
[2026-06-26T13:33:59.312-0300][38.260s][10128][7368 ][info][gc,heap     ] GC(47) O:   Garbage:         -               210M (7%)          182M (6%)           77M (3%)     
[2026-06-26T13:33:59.312-0300][38.260s][10128][7368 ][info][gc,heap     ] GC(47) O: Allocated:         -                72M (2%)           72M (2%)           89M (3%)     
[2026-06-26T13:33:59.312-0300][38.260s][10128][7368 ][info][gc,heap     ] GC(47) O: Reclaimed:         -                  -                28M (1%)          133M (4%)     
[2026-06-26T13:33:59.312-0300][38.260s][10128][7368 ][info][gc,heap     ] GC(47) O: Compacted:         -                  -                  -                76M (3%)     
[2026-06-26T13:33:59.312-0300][38.260s][10128][7368 ][info][gc,phases   ] GC(47) O: Old Generation 1344M(44%)->1632M(53%) 2.316s
[2026-06-26T13:33:59.312-0300][38.260s][10128][7368 ][info][gc          ] GC(47) Major Collection (Allocation Rate) 1394M(45%)->1632M(53%) 2.376s
[2026-06-26T13:34:02.936-0300][41.883s][10128][14572][info][gc          ] GC(51) Minor Collection (Allocation Rate)
[2026-06-26T13:34:02.936-0300][41.883s][10128][14572][info][gc,task     ] GC(51) Using 1 Workers for Young Generation
[2026-06-26T13:34:02.936-0300][41.883s][10128][14572][info][gc,phases   ] GC(51) y: Young Generation
[2026-06-26T13:34:02.936-0300][41.884s][10128][8556 ][info][gc,phases   ] GC(51) y: Pause Mark Start 0.009ms
[2026-06-26T13:34:03.584-0300][42.533s][10128][14572][info][gc,phases   ] GC(51) y: Concurrent Mark 649.083ms
[2026-06-26T13:34:03.584-0300][42.533s][10128][8556 ][info][gc,phases   ] GC(51) y: Pause Mark End 0.015ms
[2026-06-26T13:34:03.584-0300][42.533s][10128][14572][info][gc,phases   ] GC(51) y: Concurrent Mark Free 0.003ms
[2026-06-26T13:34:03.584-0300][42.533s][10128][14572][info][gc,phases   ] GC(51) y: Concurrent Reset Relocation Set 0.004ms
[2026-06-26T13:34:03.585-0300][42.533s][10128][14572][info][gc,reloc    ] GC(51) y: Using tenuring threshold: 2 (Computed)
[2026-06-26T13:34:03.624-0300][42.572s][10128][14572][info][gc,phases   ] GC(51) y: Concurrent Select Relocation Set 38.835ms
[2026-06-26T13:34:03.624-0300][42.572s][10128][8556 ][info][gc,phases   ] GC(51) y: Pause Relocate Start 0.013ms
[2026-06-26T13:34:03.931-0300][42.879s][10128][14572][info][gc,phases   ] GC(51) y: Concurrent Relocate 307.591ms
[2026-06-26T13:34:03.932-0300][42.879s][10128][14572][info][gc,alloc    ] GC(51) y:                         Mark Start        Mark End      Relocate Start    Relocate End   
[2026-06-26T13:34:03.932-0300][42.880s][10128][14572][info][gc,alloc    ] GC(51) y: Allocation Stalls:          0                0                0                0         
[2026-06-26T13:34:03.932-0300][42.880s][10128][14572][info][gc,load     ] GC(51) y: Load: 0.00 (0%) / 0.00 (0%) / 0.00 (0%)
[2026-06-26T13:34:03.932-0300][42.880s][10128][14572][info][gc,mmu      ] GC(51) y: MMU: 2ms/97.5%, 5ms/98.8%, 10ms/99.3%, 20ms/99.7%, 50ms/99.8%, 100ms/99.8%
[2026-06-26T13:34:03.932-0300][42.880s][10128][14572][info][gc,marking  ] GC(51) y: Mark: 1 stripe(s), 2 proactive flush(es), 1 terminate flush(es), 0 completion(s), 0 continuation(s) 
[2026-06-26T13:34:03.932-0300][42.880s][10128][14572][info][gc,nmethod  ] GC(51) y: NMethods: 12331 registered, 219 unregistered
[2026-06-26T13:34:03.932-0300][42.880s][10128][14572][info][gc,metaspace] GC(51) y: Metaspace: 66M used, 67M committed, 1088M reserved
[2026-06-26T13:34:03.932-0300][42.880s][10128][14572][info][gc,reloc    ] GC(51) y:                        Candidates     Selected     In-Place         Size        Empty    Relocated 
[2026-06-26T13:34:03.932-0300][42.880s][10128][14572][info][gc,reloc    ] GC(51) y: Small Pages:                  720          522            0        1440M           2M         119M 
[2026-06-26T13:34:03.932-0300][42.880s][10128][14572][info][gc,reloc    ] GC(51) y: Medium Pages:                   2            1            0          64M           0M           3M 
[2026-06-26T13:34:03.932-0300][42.880s][10128][14572][info][gc,reloc    ] GC(51) y: Large Pages:                    4            0            0          48M           0M           0M 
[2026-06-26T13:34:03.932-0300][42.880s][10128][14572][info][gc,reloc    ] GC(51) y: Forwarding Usage: 90M
[2026-06-26T13:34:03.932-0300][42.880s][10128][14572][info][gc,reloc    ] GC(51) y: Age Table:
[2026-06-26T13:34:03.932-0300][42.880s][10128][14572][info][gc,reloc    ] GC(51) y:                    Live             Garbage             Small              Medium             Large        
[2026-06-26T13:34:03.932-0300][42.880s][10128][14572][info][gc,reloc    ] GC(51) y: Eden             272M (9%)         1079M (35%)        676 / 521            0 / 0              0 / 0        
[2026-06-26T13:34:03.932-0300][42.880s][10128][14572][info][gc,reloc    ] GC(51) y: Survivor 1        89M (3%)           38M (1%)          24 / 1              1 / 1              4 / 0        
[2026-06-26T13:34:03.932-0300][42.880s][10128][14572][info][gc,reloc    ] GC(51) y: Survivor 2        26M (1%)           31M (1%)          13 / 0              1 / 0              0 / 0        
[2026-06-26T13:34:03.932-0300][42.880s][10128][14572][info][gc,reloc    ] GC(51) y: Survivor 3        13M (0%)            0M (0%)           7 / 0              0 / 0              0 / 0        
[2026-06-26T13:34:03.932-0300][42.880s][10128][14572][info][gc,heap     ] GC(51) y: Min Capacity: 8M(0%)
[2026-06-26T13:34:03.932-0300][42.880s][10128][14572][info][gc,heap     ] GC(51) y: Max Capacity: 3072M(100%)
[2026-06-26T13:34:03.932-0300][42.880s][10128][14572][info][gc,heap     ] GC(51) y: Soft Max Capacity: 3072M(100%)
[2026-06-26T13:34:03.932-0300][42.880s][10128][14572][info][gc,heap     ] GC(51) y: Heap Statistics:
[2026-06-26T13:34:03.932-0300][42.880s][10128][14572][info][gc,heap     ] GC(51) y:                Mark Start          Mark End        Relocate Start      Relocate End           High               Low         
[2026-06-26T13:34:03.932-0300][42.880s][10128][14572][info][gc,heap     ] GC(51) y:  Capacity:     3072M (100%)       3072M (100%)       3072M (100%)       3072M (100%)       3072M (100%)       3072M (100%)   
[2026-06-26T13:34:03.932-0300][42.880s][10128][14572][info][gc,heap     ] GC(51) y:      Free:      324M (11%)         194M (6%)          190M (6%)         1178M (38%)        1184M (39%)         148M (5%)     
[2026-06-26T13:34:03.932-0300][42.880s][10128][14572][info][gc,heap     ] GC(51) y:      Used:     2748M (89%)        2878M (94%)        2882M (94%)        1894M (62%)        2924M (95%)        1888M (61%)    
[2026-06-26T13:34:03.932-0300][42.880s][10128][14572][info][gc,heap     ] GC(51) y: Young Generation Statistics:
[2026-06-26T13:34:03.932-0300][42.880s][10128][14572][info][gc,heap     ] GC(51) y:                Mark Start          Mark End        Relocate Start      Relocate End    
[2026-06-26T13:34:03.932-0300][42.880s][10128][14572][info][gc,heap     ] GC(51) y:      Used:     1552M (51%)        1682M (55%)        1646M (54%)         626M (20%)    
[2026-06-26T13:34:03.932-0300][42.880s][10128][14572][info][gc,heap     ] GC(51) y:      Live:         -               402M (13%)         364M (12%)         362M (12%)    
[2026-06-26T13:34:03.932-0300][42.880s][10128][14572][info][gc,heap     ] GC(51) y:   Garbage:         -              1149M (37%)        1145M (37%)          21M (1%)     
[2026-06-26T13:34:03.932-0300][42.880s][10128][14572][info][gc,heap     ] GC(51) y: Allocated:         -               130M (4%)          136M (4%)          242M (8%)     
[2026-06-26T13:34:03.932-0300][42.880s][10128][14572][info][gc,heap     ] GC(51) y: Reclaimed:         -                  -                 3M (0%)         1128M (37%)    
[2026-06-26T13:34:03.932-0300][42.880s][10128][14572][info][gc,heap     ] GC(51) y:  Promoted:         -                  -                38M (1%)           40M (1%)     
[2026-06-26T13:34:03.932-0300][42.880s][10128][14572][info][gc,heap     ] GC(51) y: Compacted:         -                  -                  -               161M (5%)     
[2026-06-26T13:34:03.932-0300][42.880s][10128][14572][info][gc,phases   ] GC(51) y: Young Generation 2748M(89%)->1894M(62%) 0.996s
[2026-06-26T13:34:03.932-0300][42.880s][10128][14572][info][gc          ] GC(51) Minor Collection (Allocation Rate) 2748M(89%)->1894M(62%) 0.996s
[2026-06-26T13:34:05.919-0300][44.867s][10128][14572][info][gc          ] GC(52) Minor Collection (Allocation Rate)
[2026-06-26T13:34:05.919-0300][44.867s][10128][14572][info][gc,task     ] GC(52) Using 2 Workers for Young Generation
[2026-06-26T13:34:05.919-0300][44.867s][10128][14572][info][gc,phases   ] GC(52) y: Young Generation
[2026-06-26T13:34:05.919-0300][44.867s][10128][8556 ][info][gc,phases   ] GC(52) y: Pause Mark Start 0.008ms
[2026-06-26T13:34:06.337-0300][45.285s][10128][14572][info][gc,phases   ] GC(52) y: Concurrent Mark 418.295ms
[2026-06-26T13:34:06.337-0300][45.285s][10128][8556 ][info][gc,phases   ] GC(52) y: Pause Mark End 0.013ms
[2026-06-26T13:34:06.337-0300][45.285s][10128][14572][info][gc,phases   ] GC(52) y: Concurrent Mark Free 0.002ms
[2026-06-26T13:34:06.337-0300][45.286s][10128][14572][info][gc,phases   ] GC(52) y: Concurrent Reset Relocation Set 0.301ms
[2026-06-26T13:34:06.338-0300][45.286s][10128][14572][info][gc,reloc    ] GC(52) y: Using tenuring threshold: 2 (Computed)
[2026-06-26T13:34:06.375-0300][45.323s][10128][14572][info][gc,phases   ] GC(52) y: Concurrent Select Relocation Set 37.383ms
[2026-06-26T13:34:06.375-0300][45.323s][10128][8556 ][info][gc,phases   ] GC(52) y: Pause Relocate Start 0.012ms
[2026-06-26T13:34:06.488-0300][45.436s][10128][14572][info][gc,phases   ] GC(52) y: Concurrent Relocate 112.798ms
[2026-06-26T13:34:06.488-0300][45.436s][10128][14572][info][gc,alloc    ] GC(52) y:                         Mark Start        Mark End      Relocate Start    Relocate End   
[2026-06-26T13:34:06.488-0300][45.436s][10128][14572][info][gc,alloc    ] GC(52) y: Allocation Stalls:          0                0                0                0         
[2026-06-26T13:34:06.488-0300][45.436s][10128][14572][info][gc,load     ] GC(52) y: Load: 0.00 (0%) / 0.00 (0%) / 0.00 (0%)
[2026-06-26T13:34:06.488-0300][45.436s][10128][14572][info][gc,mmu      ] GC(52) y: MMU: 2ms/97.5%, 5ms/98.8%, 10ms/99.3%, 20ms/99.7%, 50ms/99.8%, 100ms/99.8%
[2026-06-26T13:34:06.488-0300][45.436s][10128][14572][info][gc,marking  ] GC(52) y: Mark: 2 stripe(s), 10 proactive flush(es), 1 terminate flush(es), 0 completion(s), 0 continuation(s) 
[2026-06-26T13:34:06.488-0300][45.436s][10128][14572][info][gc,nmethod  ] GC(52) y: NMethods: 12419 registered, 219 unregistered
[2026-06-26T13:34:06.488-0300][45.436s][10128][14572][info][gc,metaspace] GC(52) y: Metaspace: 66M used, 67M committed, 1088M reserved
[2026-06-26T13:34:06.488-0300][45.436s][10128][14572][info][gc,reloc    ] GC(52) y:                        Candidates     Selected     In-Place         Size        Empty    Relocated 
[2026-06-26T13:34:06.488-0300][45.436s][10128][14572][info][gc,reloc    ] GC(52) y: Small Pages:                  451          166            0         902M          94M          73M 
[2026-06-26T13:34:06.488-0300][45.436s][10128][14572][info][gc,reloc    ] GC(52) y: Medium Pages:                   1            0            0          32M           0M           0M 
[2026-06-26T13:34:06.488-0300][45.436s][10128][14572][info][gc,reloc    ] GC(52) y: Large Pages:                    4            0            0          48M           0M           0M 
[2026-06-26T13:34:06.488-0300][45.436s][10128][14572][info][gc,reloc    ] GC(52) y: Forwarding Usage: 63M
[2026-06-26T13:34:06.488-0300][45.436s][10128][14572][info][gc,reloc    ] GC(52) y: Age Table:
[2026-06-26T13:34:06.488-0300][45.436s][10128][14572][info][gc,reloc    ] GC(52) y:                    Live             Garbage             Small              Medium             Large        
[2026-06-26T13:34:06.488-0300][45.436s][10128][14572][info][gc,reloc    ] GC(52) y: Eden             123M (4%)          430M (14%)        277 / 159            0 / 0              0 / 0        
[2026-06-26T13:34:06.488-0300][45.436s][10128][14572][info][gc,reloc    ] GC(52) y: Survivor 1       271M (9%)           30M (1%)         151 / 5              0 / 0              0 / 0        
[2026-06-26T13:34:06.488-0300][45.436s][10128][14572][info][gc,reloc    ] GC(52) y: Survivor 2        89M (3%)           36M (1%)          23 / 2              1 / 0              4 / 0        
[2026-06-26T13:34:06.488-0300][45.436s][10128][14572][info][gc,heap     ] GC(52) y: Min Capacity: 8M(0%)
[2026-06-26T13:34:06.488-0300][45.436s][10128][14572][info][gc,heap     ] GC(52) y: Max Capacity: 3072M(100%)
[2026-06-26T13:34:06.488-0300][45.436s][10128][14572][info][gc,heap     ] GC(52) y: Soft Max Capacity: 3072M(100%)
[2026-06-26T13:34:06.488-0300][45.436s][10128][14572][info][gc,heap     ] GC(52) y: Heap Statistics:
[2026-06-26T13:34:06.488-0300][45.436s][10128][14572][info][gc,heap     ] GC(52) y:                Mark Start          Mark End        Relocate Start      Relocate End           High               Low         
[2026-06-26T13:34:06.488-0300][45.436s][10128][14572][info][gc,heap     ] GC(52) y:  Capacity:     3072M (100%)       3072M (100%)       3072M (100%)       3072M (100%)       3072M (100%)       3072M (100%)   
[2026-06-26T13:34:06.488-0300][45.436s][10128][14572][info][gc,heap     ] GC(52) y:      Free:      822M (27%)         746M (24%)         840M (27%)        1156M (38%)        1156M (38%)         746M (24%)    
[2026-06-26T13:34:06.488-0300][45.436s][10128][14572][info][gc,heap     ] GC(52) y:      Used:     2250M (73%)        2326M (76%)        2232M (73%)        1916M (62%)        2326M (76%)        1916M (62%)    
[2026-06-26T13:34:06.488-0300][45.436s][10128][14572][info][gc,heap     ] GC(52) y: Young Generation Statistics:
[2026-06-26T13:34:06.488-0300][45.436s][10128][14572][info][gc,heap     ] GC(52) y:                Mark Start          Mark End        Relocate Start      Relocate End    
[2026-06-26T13:34:06.488-0300][45.436s][10128][14572][info][gc,heap     ] GC(52) y:      Used:      982M (32%)        1058M (34%)         842M (27%)         522M (17%)    
[2026-06-26T13:34:06.488-0300][45.436s][10128][14572][info][gc,heap     ] GC(52) y:      Live:         -               484M (16%)         395M (13%)         395M (13%)    
[2026-06-26T13:34:06.488-0300][45.436s][10128][14572][info][gc,heap     ] GC(52) y:   Garbage:         -               497M (16%)         370M (12%)          22M (1%)     
[2026-06-26T13:34:06.488-0300][45.436s][10128][14572][info][gc,heap     ] GC(52) y: Allocated:         -                76M (2%)           76M (2%)          104M (3%)     
[2026-06-26T13:34:06.488-0300][45.436s][10128][14572][info][gc,heap     ] GC(52) y: Reclaimed:         -                  -               126M (4%)          474M (15%)    
[2026-06-26T13:34:06.488-0300][45.436s][10128][14572][info][gc,heap     ] GC(52) y:  Promoted:         -                  -                89M (3%)           89M (3%)     
[2026-06-26T13:34:06.488-0300][45.436s][10128][14572][info][gc,heap     ] GC(52) y: Compacted:         -                  -                  -               113M (4%)     
[2026-06-26T13:34:06.488-0300][45.436s][10128][14572][info][gc,phases   ] GC(52) y: Young Generation 2250M(73%)->1916M(62%) 0.569s
[2026-06-26T13:34:06.488-0300][45.436s][10128][14572][info][gc          ] GC(52) Minor Collection (Allocation Rate) 2250M(73%)->1916M(62%) 0.570s
[2026-06-26T13:34:09.081-0300][48.029s][10128][7368 ][info][gc          ] GC(53) Major Collection (Allocation Rate)
[2026-06-26T13:34:09.081-0300][48.029s][10128][7368 ][info][gc,task     ] GC(53) Using 2 Workers for Young Generation
[2026-06-26T13:34:09.081-0300][48.029s][10128][7368 ][info][gc,task     ] GC(53) Using 1 Workers for Old Generation
[2026-06-26T13:34:09.081-0300][48.029s][10128][7368 ][info][gc,phases   ] GC(53) Y: Young Generation
[2026-06-26T13:34:09.081-0300][48.029s][10128][8556 ][info][gc,phases   ] GC(53) Y: Pause Mark Start (Major) 0.013ms
[2026-06-26T13:34:09.433-0300][48.381s][10128][7368 ][info][gc,phases   ] GC(53) Y: Concurrent Mark 352.347ms
[2026-06-26T13:34:09.433-0300][48.381s][10128][8556 ][info][gc,phases   ] GC(53) Y: Pause Mark End 0.014ms
[2026-06-26T13:34:09.433-0300][48.381s][10128][7368 ][info][gc,phases   ] GC(53) Y: Concurrent Mark Free 0.004ms
[2026-06-26T13:34:09.434-0300][48.381s][10128][7368 ][info][gc,phases   ] GC(53) Y: Concurrent Reset Relocation Set 0.238ms
[2026-06-26T13:34:09.434-0300][48.382s][10128][7368 ][info][gc,reloc    ] GC(53) Y: Using tenuring threshold: 1 (Computed)
[2026-06-26T13:34:09.525-0300][48.473s][10128][7368 ][info][gc,phases   ] GC(53) Y: Concurrent Select Relocation Set 91.747ms
[2026-06-26T13:34:09.525-0300][48.473s][10128][8556 ][info][gc,phases   ] GC(53) Y: Pause Relocate Start 0.009ms
[2026-06-26T13:34:09.685-0300][48.633s][10128][7368 ][info][gc,phases   ] GC(53) Y: Concurrent Relocate 159.803ms
[2026-06-26T13:34:09.685-0300][48.633s][10128][7368 ][info][gc,alloc    ] GC(53) Y:                         Mark Start        Mark End      Relocate Start    Relocate End   
[2026-06-26T13:34:09.685-0300][48.633s][10128][7368 ][info][gc,alloc    ] GC(53) Y: Allocation Stalls:          0                0                0                0         
[2026-06-26T13:34:09.685-0300][48.633s][10128][7368 ][info][gc,load     ] GC(53) Y: Load: 0.00 (0%) / 0.00 (0%) / 0.00 (0%)
[2026-06-26T13:34:09.685-0300][48.633s][10128][7368 ][info][gc,mmu      ] GC(53) Y: MMU: 2ms/97.5%, 5ms/98.8%, 10ms/99.3%, 20ms/99.7%, 50ms/99.8%, 100ms/99.8%
[2026-06-26T13:34:09.685-0300][48.633s][10128][7368 ][info][gc,marking  ] GC(53) Y: Mark: 2 stripe(s), 10 proactive flush(es), 1 terminate flush(es), 0 completion(s), 0 continuation(s) 
[2026-06-26T13:34:09.685-0300][48.633s][10128][7368 ][info][gc,nmethod  ] GC(53) Y: NMethods: 12461 registered, 219 unregistered
[2026-06-26T13:34:09.685-0300][48.633s][10128][7368 ][info][gc,metaspace] GC(53) Y: Metaspace: 66M used, 67M committed, 1088M reserved
[2026-06-26T13:34:09.685-0300][48.633s][10128][7368 ][info][gc,reloc    ] GC(53) Y:                        Candidates     Selected     In-Place         Size        Empty    Relocated 
[2026-06-26T13:34:09.685-0300][48.633s][10128][7368 ][info][gc,reloc    ] GC(53) Y: Small Pages:                  423           57            0         846M         312M           3M 
[2026-06-26T13:34:09.685-0300][48.633s][10128][7368 ][info][gc,reloc    ] GC(53) Y: Medium Pages:                   0            0            0           0M           0M           0M 
[2026-06-26T13:34:09.685-0300][48.633s][10128][7368 ][info][gc,reloc    ] GC(53) Y: Large Pages:                    0            0            0           0M           0M           0M 
[2026-06-26T13:34:09.685-0300][48.633s][10128][7368 ][info][gc,reloc    ] GC(53) Y: Forwarding Usage: 1M
[2026-06-26T13:34:09.685-0300][48.633s][10128][7368 ][info][gc,reloc    ] GC(53) Y: Age Table:
[2026-06-26T13:34:09.685-0300][48.633s][10128][7368 ][info][gc,reloc    ] GC(53) Y:                    Live             Garbage             Small              Medium             Large        
[2026-06-26T13:34:09.685-0300][48.633s][10128][7368 ][info][gc,reloc    ] GC(53) Y: Eden               3M (0%)          420M (14%)        212 / 56             0 / 0              0 / 0        
[2026-06-26T13:34:09.685-0300][48.633s][10128][7368 ][info][gc,reloc    ] GC(53) Y: Survivor 1       120M (4%)            7M (0%)          64 / 0              0 / 0              0 / 0        
[2026-06-26T13:34:09.685-0300][48.633s][10128][7368 ][info][gc,reloc    ] GC(53) Y: Survivor 2       271M (9%)           22M (1%)         147 / 1              0 / 0              0 / 0        
[2026-06-26T13:34:09.685-0300][48.633s][10128][7368 ][info][gc,heap     ] GC(53) Y: Min Capacity: 8M(0%)
[2026-06-26T13:34:09.685-0300][48.633s][10128][7368 ][info][gc,heap     ] GC(53) Y: Max Capacity: 3072M(100%)
[2026-06-26T13:34:09.685-0300][48.633s][10128][7368 ][info][gc,heap     ] GC(53) Y: Soft Max Capacity: 3072M(100%)
[2026-06-26T13:34:09.685-0300][48.633s][10128][7368 ][info][gc,heap     ] GC(53) Y: Heap Statistics:
[2026-06-26T13:34:09.685-0300][48.633s][10128][7368 ][info][gc,heap     ] GC(53) Y:                Mark Start          Mark End        Relocate Start      Relocate End           High               Low         
[2026-06-26T13:34:09.686-0300][48.633s][10128][7368 ][info][gc,heap     ] GC(53) Y:  Capacity:     3072M (100%)       3072M (100%)       3072M (100%)       3072M (100%)       3072M (100%)       3072M (100%)   
[2026-06-26T13:34:09.686-0300][48.633s][10128][7368 ][info][gc,heap     ] GC(53) Y:      Free:      832M (27%)         800M (26%)        1106M (36%)        1186M (39%)        1214M (40%)         800M (26%)    
[2026-06-26T13:34:09.686-0300][48.633s][10128][7368 ][info][gc,heap     ] GC(53) Y:      Used:     2240M (73%)        2272M (74%)        1966M (64%)        1886M (61%)        2272M (74%)        1858M (60%)    
[2026-06-26T13:34:09.686-0300][48.634s][10128][7368 ][info][gc,heap     ] GC(53) Y: Young Generation Statistics:
[2026-06-26T13:34:09.686-0300][48.634s][10128][7368 ][info][gc,heap     ] GC(53) Y:                Mark Start          Mark End        Relocate Start      Relocate End    
[2026-06-26T13:34:09.686-0300][48.634s][10128][7368 ][info][gc,heap     ] GC(53) Y:      Used:      846M (28%)         878M (29%)         156M (5%)           74M (2%)     
[2026-06-26T13:34:09.686-0300][48.634s][10128][7368 ][info][gc,heap     ] GC(53) Y:      Live:         -               395M (13%)           3M (0%)            3M (0%)     
[2026-06-26T13:34:09.686-0300][48.634s][10128][7368 ][info][gc,heap     ] GC(53) Y:   Garbage:         -               450M (15%)         114M (4%)            0M (0%)     
[2026-06-26T13:34:09.686-0300][48.634s][10128][7368 ][info][gc,heap     ] GC(53) Y: Allocated:         -                32M (1%)           38M (1%)           70M (2%)     
[2026-06-26T13:34:09.686-0300][48.634s][10128][7368 ][info][gc,heap     ] GC(53) Y: Reclaimed:         -                  -               335M (11%)         450M (15%)    
[2026-06-26T13:34:09.686-0300][48.634s][10128][7368 ][info][gc,heap     ] GC(53) Y:  Promoted:         -                  -               392M (13%)         392M (13%)    
[2026-06-26T13:34:09.686-0300][48.634s][10128][7368 ][info][gc,heap     ] GC(53) Y: Compacted:         -                  -                  -                 3M (0%)     
[2026-06-26T13:34:09.686-0300][48.634s][10128][7368 ][info][gc,phases   ] GC(53) Y: Young Generation 2240M(73%)->1886M(61%) 0.605s
[2026-06-26T13:34:09.686-0300][48.634s][10128][7368 ][info][gc,phases   ] GC(53) O: Old Generation
[2026-06-26T13:34:11.601-0300][50.549s][10128][7368 ][info][gc,phases   ] GC(53) O: Concurrent Mark 1915.018ms
[2026-06-26T13:34:11.601-0300][50.549s][10128][8556 ][info][gc,phases   ] GC(53) O: Pause Mark End 0.013ms
[2026-06-26T13:34:11.601-0300][50.549s][10128][7368 ][info][gc,phases   ] GC(53) O: Concurrent Mark Free 0.002ms
[2026-06-26T13:34:11.629-0300][50.578s][10128][7368 ][info][gc,phases   ] GC(53) O: Concurrent Process Non-Strong 29.140ms
[2026-06-26T13:34:11.629-0300][50.578s][10128][7368 ][info][gc,phases   ] GC(53) O: Concurrent Reset Relocation Set 0.008ms
[2026-06-26T13:34:11.632-0300][50.581s][10128][7368 ][info][gc,phases   ] GC(53) O: Concurrent Select Relocation Set 2.639ms
[2026-06-26T13:34:11.632-0300][50.581s][10128][7368 ][info][gc,task     ] GC(53) O: Using 3 Workers for Old Generation
[2026-06-26T13:34:11.639-0300][50.587s][10128][7368 ][info][gc,task     ] GC(53) O: Using 1 Workers for Old Generation
[2026-06-26T13:34:11.639-0300][50.587s][10128][7368 ][info][gc,phases   ] GC(53) O: Concurrent Remap Roots 6.150ms
[2026-06-26T13:34:11.639-0300][50.587s][10128][8556 ][info][gc,phases   ] GC(53) O: Pause Relocate Start 0.009ms
[2026-06-26T13:34:11.697-0300][50.645s][10128][7368 ][info][gc,phases   ] GC(53) O: Concurrent Relocate 58.416ms
[2026-06-26T13:34:11.697-0300][50.645s][10128][7368 ][info][gc,alloc    ] GC(53) O:                         Mark Start        Mark End      Relocate Start    Relocate End   
[2026-06-26T13:34:11.697-0300][50.645s][10128][7368 ][info][gc,alloc    ] GC(53) O: Allocation Stalls:          0                0                0                0         
[2026-06-26T13:34:11.697-0300][50.645s][10128][7368 ][info][gc,load     ] GC(53) O: Load: 0.00 (0%) / 0.00 (0%) / 0.00 (0%)
[2026-06-26T13:34:11.697-0300][50.645s][10128][7368 ][info][gc,mmu      ] GC(53) O: MMU: 2ms/97.5%, 5ms/98.8%, 10ms/99.3%, 20ms/99.7%, 50ms/99.8%, 100ms/99.8%
[2026-06-26T13:34:11.697-0300][50.645s][10128][7368 ][info][gc,marking  ] GC(53) O: Mark: 1 stripe(s), 2 proactive flush(es), 1 terminate flush(es), 0 completion(s), 0 continuation(s) 
[2026-06-26T13:34:11.697-0300][50.646s][10128][7368 ][info][gc,nmethod  ] GC(53) O: NMethods: 11868 registered, 829 unregistered
[2026-06-26T13:34:11.697-0300][50.646s][10128][7368 ][info][gc,metaspace] GC(53) O: Metaspace: 66M used, 67M committed, 1088M reserved
[2026-06-26T13:34:11.697-0300][50.646s][10128][7368 ][info][gc,ref      ] GC(53) O:                       Encountered   Discovered     Enqueued 
[2026-06-26T13:34:11.697-0300][50.646s][10128][7368 ][info][gc,ref      ] GC(53) O: Soft References:             5389            0            0 
[2026-06-26T13:34:11.697-0300][50.646s][10128][7368 ][info][gc,ref      ] GC(53) O: Weak References:             4801         3489           28 
[2026-06-26T13:34:11.697-0300][50.646s][10128][7368 ][info][gc,ref      ] GC(53) O: Final References:              15            2            0 
[2026-06-26T13:34:11.697-0300][50.646s][10128][7368 ][info][gc,ref      ] GC(53) O: Phantom References:        201234        46126        39642 
[2026-06-26T13:34:11.697-0300][50.646s][10128][7368 ][info][gc,reloc    ] GC(53) O:                        Candidates     Selected     In-Place         Size        Empty    Relocated 
[2026-06-26T13:34:11.697-0300][50.646s][10128][7368 ][info][gc,reloc    ] GC(53) O: Small Pages:                  587           14            0        1174M           0M           5M 
[2026-06-26T13:34:11.698-0300][50.646s][10128][7368 ][info][gc,reloc    ] GC(53) O: Medium Pages:                   5            3            0         160M           0M          13M 
[2026-06-26T13:34:11.698-0300][50.646s][10128][7368 ][info][gc,reloc    ] GC(53) O: Large Pages:                    5            0            0          60M           0M           0M 
[2026-06-26T13:34:11.698-0300][50.646s][10128][7368 ][info][gc,reloc    ] GC(53) O: Forwarding Usage: 16M
[2026-06-26T13:34:11.698-0300][50.646s][10128][7368 ][info][gc,heap     ] GC(53) O: Min Capacity: 8M(0%)
[2026-06-26T13:34:11.698-0300][50.646s][10128][7368 ][info][gc,heap     ] GC(53) O: Max Capacity: 3072M(100%)
[2026-06-26T13:34:11.698-0300][50.646s][10128][7368 ][info][gc,heap     ] GC(53) O: Soft Max Capacity: 3072M(100%)
[2026-06-26T13:34:11.698-0300][50.646s][10128][7368 ][info][gc,heap     ] GC(53) O: Heap Statistics:
[2026-06-26T13:34:11.698-0300][50.646s][10128][7368 ][info][gc,heap     ] GC(53) O:                Mark Start          Mark End        Relocate Start      Relocate End           High               Low         
[2026-06-26T13:34:11.698-0300][50.646s][10128][7368 ][info][gc,heap     ] GC(53) O:  Capacity:     3072M (100%)       3072M (100%)       3072M (100%)       3072M (100%)       3072M (100%)       3072M (100%)   
[2026-06-26T13:34:11.698-0300][50.646s][10128][7368 ][info][gc,heap     ] GC(53) O:      Free:      832M (27%)        1150M (37%)        1150M (37%)        1262M (41%)        1268M (41%)         800M (26%)    
[2026-06-26T13:34:11.698-0300][50.646s][10128][7368 ][info][gc,heap     ] GC(53) O:      Used:     2240M (73%)        1922M (63%)        1922M (63%)        1810M (59%)        2272M (74%)        1804M (59%)    
[2026-06-26T13:34:11.698-0300][50.646s][10128][7368 ][info][gc,heap     ] GC(53) O: Old Generation Statistics:
[2026-06-26T13:34:11.698-0300][50.646s][10128][7368 ][info][gc,heap     ] GC(53) O:                Mark Start          Mark End        Relocate Start      Relocate End    
[2026-06-26T13:34:11.698-0300][50.646s][10128][7368 ][info][gc,heap     ] GC(53) O:      Used:     1394M (45%)        1812M (59%)        1812M (59%)        1690M (55%)    
[2026-06-26T13:34:11.698-0300][50.646s][10128][7368 ][info][gc,heap     ] GC(53) O:      Live:         -              1186M (39%)        1186M (39%)        1186M (39%)    
[2026-06-26T13:34:11.698-0300][50.646s][10128][7368 ][info][gc,heap     ] GC(53) O:   Garbage:         -               207M (7%)          207M (7%)           61M (2%)     
[2026-06-26T13:34:11.698-0300][50.646s][10128][7368 ][info][gc,heap     ] GC(53) O: Allocated:         -               418M (14%)         418M (14%)         441M (14%)    
[2026-06-26T13:34:11.698-0300][50.646s][10128][7368 ][info][gc,heap     ] GC(53) O: Reclaimed:         -                  -                 0M (0%)          145M (5%)     
[2026-06-26T13:34:11.698-0300][50.646s][10128][7368 ][info][gc,heap     ] GC(53) O: Compacted:         -                  -                  -                42M (1%)     
[2026-06-26T13:34:11.698-0300][50.646s][10128][7368 ][info][gc,phases   ] GC(53) O: Old Generation 1886M(61%)->1810M(59%) 2.012s
[2026-06-26T13:34:11.698-0300][50.646s][10128][7368 ][info][gc          ] GC(53) Major Collection (Allocation Rate) 2240M(73%)->1810M(59%) 2.617s
[2026-06-26T13:34:23.665-0300][62.614s][10128][14572][info][gc          ] GC(54) Minor Collection (Allocation Rate)
[2026-06-26T13:34:23.665-0300][62.614s][10128][14572][info][gc,task     ] GC(54) Using 2 Workers for Young Generation
[2026-06-26T13:34:23.665-0300][62.614s][10128][14572][info][gc,phases   ] GC(54) y: Young Generation
[2026-06-26T13:34:23.666-0300][62.614s][10128][8556 ][info][gc,phases   ] GC(54) y: Pause Mark Start 0.010ms
[2026-06-26T13:34:23.748-0300][62.696s][10128][14572][info][gc,phases   ] GC(54) y: Concurrent Mark 81.745ms
[2026-06-26T13:34:23.748-0300][62.696s][10128][8556 ][info][gc,phases   ] GC(54) y: Pause Mark End 0.012ms
[2026-06-26T13:34:23.748-0300][62.696s][10128][14572][info][gc,phases   ] GC(54) y: Concurrent Mark Free 0.002ms
[2026-06-26T13:34:23.750-0300][62.697s][10128][14572][info][gc,phases   ] GC(54) y: Concurrent Reset Relocation Set 1.593ms
[2026-06-26T13:34:23.750-0300][62.698s][10128][14572][info][gc,reloc    ] GC(54) y: Using tenuring threshold: 2 (Computed)
[2026-06-26T13:34:23.754-0300][62.702s][10128][14572][info][gc,phases   ] GC(54) y: Concurrent Select Relocation Set 4.740ms
[2026-06-26T13:34:23.754-0300][62.702s][10128][8556 ][info][gc,phases   ] GC(54) y: Pause Relocate Start 0.009ms
[2026-06-26T13:34:23.783-0300][62.731s][10128][14572][info][gc,phases   ] GC(54) y: Concurrent Relocate 28.715ms
[2026-06-26T13:34:23.783-0300][62.731s][10128][14572][info][gc,alloc    ] GC(54) y:                         Mark Start        Mark End      Relocate Start    Relocate End   
[2026-06-26T13:34:23.783-0300][62.731s][10128][14572][info][gc,alloc    ] GC(54) y: Allocation Stalls:          0                0                0                0         
[2026-06-26T13:34:23.783-0300][62.731s][10128][14572][info][gc,load     ] GC(54) y: Load: 0.00 (0%) / 0.00 (0%) / 0.00 (0%)
[2026-06-26T13:34:23.783-0300][62.731s][10128][14572][info][gc,mmu      ] GC(54) y: MMU: 2ms/97.5%, 5ms/98.8%, 10ms/99.3%, 20ms/99.7%, 50ms/99.8%, 100ms/99.8%
[2026-06-26T13:34:23.783-0300][62.731s][10128][14572][info][gc,marking  ] GC(54) y: Mark: 2 stripe(s), 2 proactive flush(es), 1 terminate flush(es), 0 completion(s), 0 continuation(s) 
[2026-06-26T13:34:23.783-0300][62.731s][10128][14572][info][gc,nmethod  ] GC(54) y: NMethods: 19176 registered, 829 unregistered
[2026-06-26T13:34:23.783-0300][62.731s][10128][14572][info][gc,metaspace] GC(54) y: Metaspace: 75M used, 76M committed, 1152M reserved
[2026-06-26T13:34:23.783-0300][62.731s][10128][14572][info][gc,reloc    ] GC(54) y:                        Candidates     Selected     In-Place         Size        Empty    Relocated 
[2026-06-26T13:34:23.783-0300][62.731s][10128][14572][info][gc,reloc    ] GC(54) y: Small Pages:                  242          156            0         484M          76M          34M 
[2026-06-26T13:34:23.783-0300][62.731s][10128][14572][info][gc,reloc    ] GC(54) y: Medium Pages:                   1            0            0          32M           0M           0M 
[2026-06-26T13:34:23.783-0300][62.731s][10128][14572][info][gc,reloc    ] GC(54) y: Large Pages:                    0            0            0           0M           0M           0M 
[2026-06-26T13:34:23.783-0300][62.731s][10128][14572][info][gc,reloc    ] GC(54) y: Forwarding Usage: 21M
[2026-06-26T13:34:23.783-0300][62.731s][10128][14572][info][gc,reloc    ] GC(54) y: Age Table:
[2026-06-26T13:34:23.783-0300][62.731s][10128][14572][info][gc,reloc    ] GC(54) y:                    Live             Garbage             Small              Medium             Large        
[2026-06-26T13:34:23.783-0300][62.731s][10128][14572][info][gc,reloc    ] GC(54) y: Eden              84M (3%)          425M (14%)        239 / 155            1 / 0              0 / 0        
[2026-06-26T13:34:23.783-0300][62.731s][10128][14572][info][gc,reloc    ] GC(54) y: Survivor 1         3M (0%)            2M (0%)           3 / 1              0 / 0              0 / 0        
[2026-06-26T13:34:23.783-0300][62.731s][10128][14572][info][gc,heap     ] GC(54) y: Min Capacity: 8M(0%)
[2026-06-26T13:34:23.783-0300][62.731s][10128][14572][info][gc,heap     ] GC(54) y: Max Capacity: 3072M(100%)
[2026-06-26T13:34:23.783-0300][62.731s][10128][14572][info][gc,heap     ] GC(54) y: Soft Max Capacity: 3072M(100%)
[2026-06-26T13:34:23.783-0300][62.731s][10128][14572][info][gc,heap     ] GC(54) y: Heap Statistics:
[2026-06-26T13:34:23.783-0300][62.731s][10128][14572][info][gc,heap     ] GC(54) y:                Mark Start          Mark End        Relocate Start      Relocate End           High               Low         
[2026-06-26T13:34:23.783-0300][62.731s][10128][14572][info][gc,heap     ] GC(54) y:  Capacity:     3072M (100%)       3072M (100%)       3072M (100%)       3072M (100%)       3072M (100%)       3072M (100%)   
[2026-06-26T13:34:23.783-0300][62.731s][10128][14572][info][gc,heap     ] GC(54) y:      Free:      866M (28%)         832M (27%)         908M (30%)        1220M (40%)        1220M (40%)         832M (27%)    
[2026-06-26T13:34:23.783-0300][62.731s][10128][14572][info][gc,heap     ] GC(54) y:      Used:     2206M (72%)        2240M (73%)        2164M (70%)        1852M (60%)        2240M (73%)        1852M (60%)    
[2026-06-26T13:34:23.783-0300][62.731s][10128][14572][info][gc,heap     ] GC(54) y: Young Generation Statistics:
[2026-06-26T13:34:23.783-0300][62.731s][10128][14572][info][gc,heap     ] GC(54) y:                Mark Start          Mark End        Relocate Start      Relocate End    
[2026-06-26T13:34:23.783-0300][62.731s][10128][14572][info][gc,heap     ] GC(54) y:      Used:      516M (17%)         550M (18%)         474M (15%)         162M (5%)     
[2026-06-26T13:34:23.783-0300][62.731s][10128][14572][info][gc,heap     ] GC(54) y:      Live:         -                87M (3%)           87M (3%)           87M (3%)     
[2026-06-26T13:34:23.783-0300][62.731s][10128][14572][info][gc,heap     ] GC(54) y:   Garbage:         -               428M (14%)         352M (11%)          32M (1%)     
[2026-06-26T13:34:23.783-0300][62.731s][10128][14572][info][gc,heap     ] GC(54) y: Allocated:         -                34M (1%)           34M (1%)           41M (1%)     
[2026-06-26T13:34:23.783-0300][62.731s][10128][14572][info][gc,heap     ] GC(54) y: Reclaimed:         -                  -                76M (2%)          395M (13%)    
[2026-06-26T13:34:23.783-0300][62.731s][10128][14572][info][gc,heap     ] GC(54) y:  Promoted:         -                  -                 0M (0%)            0M (0%)     
[2026-06-26T13:34:23.783-0300][62.731s][10128][14572][info][gc,heap     ] GC(54) y: Compacted:         -                  -                  -                52M (2%)     
[2026-06-26T13:34:23.783-0300][62.731s][10128][14572][info][gc,phases   ] GC(54) y: Young Generation 2206M(72%)->1852M(60%) 0.117s
[2026-06-26T13:34:23.784-0300][62.731s][10128][14572][info][gc          ] GC(54) Minor Collection (Allocation Rate) 2206M(72%)->1852M(60%) 0.118s
[2026-06-26T13:34:24.211-0300][63.159s][10128][13020][info][gc,exit     ] Stopping ZGC
[2026-06-26T13:34:24.211-0300][63.159s][10128][17376][info][gc,stats    ] === Garbage Collection Statistics =======================================================================================================================
[2026-06-26T13:34:24.211-0300][63.159s][10128][17376][info][gc,stats    ]                                                              Last 10s              Last 10m              Last 10h                Total
[2026-06-26T13:34:24.211-0300][63.159s][10128][17376][info][gc,stats    ]                                                              Avg / Max             Avg / Max             Avg / Max             Avg / Max
[2026-06-26T13:34:24.211-0300][63.159s][10128][17376][info][gc,stats    ]        Contention: Mark Segment Reset Contention                     0 / 4                 6 / 173               6 / 173               6 / 173         ops/s
[2026-06-26T13:34:24.211-0300][63.159s][10128][17376][info][gc,stats    ]        Contention: Mark SeqNum Reset Contention                      0 / 3                 2 / 20                2 / 20                2 / 20          ops/s
[2026-06-26T13:34:24.211-0300][63.159s][10128][17376][info][gc,stats    ]          Critical: Allocation Stall                                  0 / 0                 0 / 26                0 / 26                0 / 26          ops/s
[2026-06-26T13:34:24.211-0300][63.159s][10128][17376][info][gc,stats    ]          Critical: Allocation Stall                              0.000 / 0.000        28.577 / 86.916       28.577 / 86.916       28.577 / 86.916      ms
[2026-06-26T13:34:24.211-0300][63.159s][10128][17376][info][gc,stats    ]          Critical: JNI Critical Stall                                0 / 1                 1 / 30                1 / 30                1 / 30          ops/s
[2026-06-26T13:34:24.211-0300][63.159s][10128][17376][info][gc,stats    ]          Critical: JNI Critical Stall                            0.096 / 0.096         2.348 / 31.753        2.348 / 31.753        2.348 / 31.753      ms
[2026-06-26T13:34:24.211-0300][63.159s][10128][17376][info][gc,stats    ]          Critical: Relocation Stall                                  0 / 0                 0 / 11                0 / 11                0 / 11          ops/s
[2026-06-26T13:34:24.211-0300][63.159s][10128][17376][info][gc,stats    ]          Critical: Relocation Stall                              0.000 / 0.000         0.856 / 2.544         0.856 / 2.544         0.856 / 2.544       ms
[2026-06-26T13:34:24.211-0300][63.159s][10128][17376][info][gc,stats    ]  Major Collection: Major Collection                              0.000 / 0.000      1243.601 / 2617.266   1243.601 / 2617.266   1243.601 / 2617.266    ms
[2026-06-26T13:34:24.211-0300][63.159s][10128][17376][info][gc,stats    ]            Memory: Allocation Rate                                  40 / 80              378 / 5842            378 / 5842            378 / 5842        MB/s
[2026-06-26T13:34:24.211-0300][63.159s][10128][17376][info][gc,stats    ]            Memory: Defragment                                        0 / 0                 0 / 0                 0 / 0                 0 / 0           ops/s
[2026-06-26T13:34:24.211-0300][63.159s][10128][17376][info][gc,stats    ]            Memory: Mapped Cache Harvest                              0 / 0                 0 / 32                0 / 32                0 / 32          MB/s
[2026-06-26T13:34:24.211-0300][63.159s][10128][17376][info][gc,stats    ]            Memory: Out Of Memory                                     0 / 0                 0 / 0                 0 / 0                 0 / 0           ops/s
[2026-06-26T13:34:24.211-0300][63.159s][10128][17376][info][gc,stats    ]            Memory: Uncommit                                          0 / 0                 0 / 0                 0 / 0                 0 / 0           MB/s
[2026-06-26T13:34:24.211-0300][63.159s][10128][17376][info][gc,stats    ]            Memory: Undo Object Allocation Failed                     0 / 0                 0 / 0                 0 / 0                 0 / 0           ops/s
[2026-06-26T13:34:24.211-0300][63.159s][10128][17376][info][gc,stats    ]            Memory: Undo Object Allocation Succeeded                  0 / 0                17 / 524              17 / 524              17 / 524         ops/s
[2026-06-26T13:34:24.211-0300][63.159s][10128][17376][info][gc,stats    ]            Memory: Undo Page Allocation                              0 / 0                 0 / 11                0 / 11                0 / 11          ops/s
[2026-06-26T13:34:24.211-0300][63.159s][10128][17376][info][gc,stats    ]  Minor Collection: Minor Collection                            117.677 / 117.677     160.679 / 996.479     160.679 / 996.479     160.679 / 996.479     ms
[2026-06-26T13:34:24.211-0300][63.159s][10128][17376][info][gc,stats    ]    Old Generation: Old Generation                                0.000 / 0.000      1133.087 / 2371.077   1133.087 / 2371.077   1133.087 / 2371.077    ms
[2026-06-26T13:34:24.211-0300][63.159s][10128][17376][info][gc,stats    ]         Old Pause: Pause Mark End                                0.000 / 0.000         0.013 / 0.019         0.013 / 0.019         0.013 / 0.019       ms
[2026-06-26T13:34:24.211-0300][63.159s][10128][17376][info][gc,stats    ]         Old Pause: Pause Relocate Start                          0.000 / 0.000         0.010 / 0.013         0.010 / 0.013         0.010 / 0.013       ms
[2026-06-26T13:34:24.211-0300][63.159s][10128][17376][info][gc,stats    ]         Old Phase: Concurrent Mark                               0.000 / 0.000      1031.481 / 2133.591   1031.481 / 2133.591   1031.481 / 2133.591    ms
[2026-06-26T13:34:24.211-0300][63.159s][10128][17376][info][gc,stats    ]         Old Phase: Concurrent Mark Continue                      0.000 / 0.000         0.179 / 0.179         0.179 / 0.179         0.179 / 0.179       ms
[2026-06-26T13:34:24.211-0300][63.159s][10128][17376][info][gc,stats    ]         Old Phase: Concurrent Mark Free                          0.000 / 0.000         0.002 / 0.005         0.002 / 0.005         0.002 / 0.005       ms
[2026-06-26T13:34:24.211-0300][63.159s][10128][17376][info][gc,stats    ]         Old Phase: Concurrent Process Non-Strong                 0.000 / 0.000        20.718 / 45.105       20.718 / 45.105       20.718 / 45.105      ms
[2026-06-26T13:34:24.211-0300][63.159s][10128][17376][info][gc,stats    ]         Old Phase: Concurrent Relocate                           0.000 / 0.000        40.094 / 130.018      40.094 / 130.018      40.094 / 130.018     ms
[2026-06-26T13:34:24.211-0300][63.159s][10128][17376][info][gc,stats    ]         Old Phase: Concurrent Remap Roots                        0.000 / 0.000         5.811 / 20.259        5.811 / 20.259        5.811 / 20.259      ms
[2026-06-26T13:34:24.211-0300][63.159s][10128][17376][info][gc,stats    ]         Old Phase: Concurrent Reset Relocation Set               0.000 / 0.000         0.003 / 0.008         0.003 / 0.008         0.003 / 0.008       ms
[2026-06-26T13:34:24.211-0300][63.159s][10128][17376][info][gc,stats    ]         Old Phase: Concurrent Select Relocation Set              0.000 / 0.000         2.215 / 8.273         2.215 / 8.273         2.215 / 8.273       ms
[2026-06-26T13:34:24.211-0300][63.159s][10128][17376][info][gc,stats    ]      Old Subphase: Concurrent Classes Purge                      0.000 / 0.000         1.024 / 3.407         1.024 / 3.407         1.024 / 3.407       ms
[2026-06-26T13:34:24.211-0300][63.159s][10128][17376][info][gc,stats    ]      Old Subphase: Concurrent Classes Unlink                     0.000 / 0.000        14.278 / 31.479       14.278 / 31.479       14.278 / 31.479      ms
[2026-06-26T13:34:24.211-0300][63.159s][10128][17376][info][gc,stats    ]      Old Subphase: Concurrent Mark Follow                        0.000 / 0.000       951.919 / 2133.215    951.919 / 2133.215    951.919 / 2133.215    ms
[2026-06-26T13:34:24.211-0300][63.159s][10128][17376][info][gc,stats    ]      Old Subphase: Concurrent Mark Root Colored                  0.000 / 0.000         0.084 / 0.214         0.084 / 0.214         0.084 / 0.214       ms
[2026-06-26T13:34:24.211-0300][63.159s][10128][17376][info][gc,stats    ]      Old Subphase: Concurrent Mark Root Uncolored                0.000 / 0.000         0.122 / 0.223         0.122 / 0.223         0.122 / 0.223       ms
[2026-06-26T13:34:24.211-0300][63.159s][10128][17376][info][gc,stats    ]      Old Subphase: Concurrent Mark Roots                         0.000 / 0.000         0.247 / 0.378         0.247 / 0.378         0.247 / 0.378       ms
[2026-06-26T13:34:24.211-0300][63.159s][10128][17376][info][gc,stats    ]      Old Subphase: Concurrent References Enqueue                 0.000 / 0.000         0.005 / 0.013         0.005 / 0.013         0.005 / 0.013       ms
[2026-06-26T13:34:24.211-0300][63.159s][10128][17376][info][gc,stats    ]      Old Subphase: Concurrent References Process                 0.000 / 0.000         1.633 / 5.726         1.633 / 5.726         1.633 / 5.726       ms
[2026-06-26T13:34:24.211-0300][63.159s][10128][17376][info][gc,stats    ]      Old Subphase: Concurrent Remap Remembered                   0.000 / 0.000         2.621 / 15.489        2.621 / 15.489        2.621 / 15.489      ms
[2026-06-26T13:34:24.211-0300][63.159s][10128][17376][info][gc,stats    ]      Old Subphase: Concurrent Remap Roots Colored                0.000 / 0.000         1.265 / 2.080         1.265 / 2.080         1.265 / 2.080       ms
[2026-06-26T13:34:24.211-0300][63.159s][10128][17376][info][gc,stats    ]      Old Subphase: Concurrent Remap Roots Uncolored              0.000 / 0.000         1.725 / 3.651         1.725 / 3.651         1.725 / 3.651       ms
[2026-06-26T13:34:24.211-0300][63.159s][10128][17376][info][gc,stats    ]      Old Subphase: Concurrent Roots ClassLoaderDataGraph         0.000 / 0.000         0.470 / 0.858         0.470 / 0.858         0.470 / 0.858       ms
[2026-06-26T13:34:24.211-0300][63.159s][10128][17376][info][gc,stats    ]      Old Subphase: Concurrent Roots CodeCache                    0.000 / 0.000         1.712 / 3.624         1.712 / 3.624         1.712 / 3.624       ms
[2026-06-26T13:34:24.211-0300][63.159s][10128][17376][info][gc,stats    ]      Old Subphase: Concurrent Roots JavaThreads                  0.000 / 0.000         0.034 / 0.223         0.034 / 0.223         0.034 / 0.223       ms
[2026-06-26T13:34:24.211-0300][63.159s][10128][17376][info][gc,stats    ]      Old Subphase: Concurrent Roots OopStorageSet                0.000 / 0.000         0.009 / 0.041         0.009 / 0.041         0.009 / 0.041       ms
[2026-06-26T13:34:24.211-0300][63.159s][10128][17376][info][gc,stats    ]      Old Subphase: Concurrent Weak Roots OopStorageSet           0.000 / 0.000         1.414 / 5.763         1.414 / 5.763         1.414 / 5.763       ms
[2026-06-26T13:34:24.211-0300][63.160s][10128][17376][info][gc,stats    ]            System: Java Threads                                     35 / 36               26 / 36               26 / 36               26 / 36          threads
[2026-06-26T13:34:24.211-0300][63.160s][10128][17376][info][gc,stats    ]  Young Generation: Young Generation                              0.000 / 0.000       109.593 / 604.663     109.593 / 604.663     109.593 / 604.663     ms
[2026-06-26T13:34:24.211-0300][63.160s][10128][17376][info][gc,stats    ]  Young Generation: Young Generation                            117.280 / 117.280     160.135 / 996.043     160.135 / 996.043     160.135 / 996.043     ms
[2026-06-26T13:34:24.211-0300][63.160s][10128][17376][info][gc,stats    ]  Young Generation: Young Generation (Collect Roots)              0.000 / 0.000         0.000 / 0.000         0.000 / 0.000         0.000 / 0.000       ms
[2026-06-26T13:34:24.211-0300][63.160s][10128][17376][info][gc,stats    ]  Young Generation: Young Generation (Promote All)                0.000 / 0.000         0.000 / 0.000         0.000 / 0.000         0.000 / 0.000       ms
[2026-06-26T13:34:24.211-0300][63.160s][10128][17376][info][gc,stats    ]       Young Pause: Pause Mark End                                0.012 / 0.012         0.017 / 0.036         0.017 / 0.036         0.017 / 0.036       ms
[2026-06-26T13:34:24.211-0300][63.160s][10128][17376][info][gc,stats    ]       Young Pause: Pause Mark Start                              0.010 / 0.010         0.014 / 0.026         0.014 / 0.026         0.014 / 0.026       ms
[2026-06-26T13:34:24.211-0300][63.160s][10128][17376][info][gc,stats    ]       Young Pause: Pause Mark Start (Major)                      0.000 / 0.000         0.012 / 0.018         0.012 / 0.018         0.012 / 0.018       ms
[2026-06-26T13:34:24.211-0300][63.160s][10128][17376][info][gc,stats    ]       Young Pause: Pause Relocate Start                          0.009 / 0.009         0.013 / 0.034         0.013 / 0.034         0.013 / 0.034       ms
[2026-06-26T13:34:24.211-0300][63.160s][10128][17376][info][gc,stats    ]       Young Phase: Concurrent Mark                              81.745 / 81.745      102.578 / 649.083     102.578 / 649.083     102.578 / 649.083     ms
[2026-06-26T13:34:24.211-0300][63.160s][10128][17376][info][gc,stats    ]       Young Phase: Concurrent Mark Continue                      0.000 / 0.000         0.000 / 0.000         0.000 / 0.000         0.000 / 0.000       ms
[2026-06-26T13:34:24.211-0300][63.160s][10128][17376][info][gc,stats    ]       Young Phase: Concurrent Mark Free                          0.002 / 0.002         0.005 / 0.014         0.005 / 0.014         0.005 / 0.014       ms
[2026-06-26T13:34:24.211-0300][63.160s][10128][17376][info][gc,stats    ]       Young Phase: Concurrent Relocate                          28.715 / 28.715       34.343 / 307.591      34.343 / 307.591      34.343 / 307.591     ms
[2026-06-26T13:34:24.211-0300][63.160s][10128][17376][info][gc,stats    ]       Young Phase: Concurrent Reset Relocation Set               1.593 / 1.593         0.083 / 1.593         0.083 / 1.593         0.083 / 1.593       ms
[2026-06-26T13:34:24.211-0300][63.160s][10128][17376][info][gc,stats    ]       Young Phase: Concurrent Select Relocation Set              4.740 / 4.740        10.852 / 91.747       10.852 / 91.747       10.852 / 91.747      ms
[2026-06-26T13:34:24.211-0300][63.160s][10128][17376][info][gc,stats    ]    Young Subphase: Concurrent Mark Follow                       70.181 / 70.181       95.991 / 630.548      95.991 / 630.548      95.991 / 630.548     ms
[2026-06-26T13:34:24.211-0300][63.160s][10128][17376][info][gc,stats    ]    Young Subphase: Concurrent Mark Root Colored                  4.831 / 4.832         2.990 / 11.487        2.990 / 11.487        2.990 / 11.487      ms
[2026-06-26T13:34:24.211-0300][63.160s][10128][17376][info][gc,stats    ]    Young Subphase: Concurrent Mark Root Uncolored                6.686 / 6.687         3.022 / 9.216         3.022 / 9.216         3.022 / 9.216       ms
[2026-06-26T13:34:24.211-0300][63.160s][10128][17376][info][gc,stats    ]    Young Subphase: Concurrent Mark Roots                        11.561 / 11.561        6.584 / 18.530        6.584 / 18.530        6.584 / 18.530      ms
[2026-06-26T13:34:24.211-0300][63.160s][10128][17376][info][gc,stats    ]    Young Subphase: Concurrent Relocate Remset FP                 0.027 / 0.027        13.088 / 158.183      13.088 / 158.183      13.088 / 158.183     ms
[2026-06-26T13:34:24.211-0300][63.160s][10128][17376][info][gc,stats    ]    Young Subphase: Concurrent Roots ClassLoaderDataGraph         0.653 / 0.675         0.782 / 1.891         0.782 / 1.891         0.782 / 1.891       ms
[2026-06-26T13:34:24.211-0300][63.160s][10128][17376][info][gc,stats    ]    Young Subphase: Concurrent Roots CodeCache                    6.289 / 6.289         2.837 / 8.851         2.837 / 8.851         2.837 / 8.851       ms
[2026-06-26T13:34:24.211-0300][63.160s][10128][17376][info][gc,stats    ]    Young Subphase: Concurrent Roots JavaThreads                  0.200 / 0.396         0.093 / 1.359         0.093 / 1.359         0.093 / 1.359       ms
[2026-06-26T13:34:24.211-0300][63.160s][10128][17376][info][gc,stats    ]    Young Subphase: Concurrent Roots OopStorageSet                0.357 / 0.500         0.049 / 1.394         0.049 / 1.394         0.049 / 1.394       ms
[2026-06-26T13:34:24.211-0300][63.160s][10128][17376][info][gc,stats    ]    Young Subphase: Concurrent Weak Roots OopStorageSet           3.818 / 3.939         2.164 / 10.600        2.164 / 10.600        2.164 / 10.600      ms
[2026-06-26T13:34:24.211-0300][63.160s][10128][17376][info][gc,stats    ] =========================================================================================================================================================
[2026-06-26T13:34:24.212-0300][63.160s][10128][13020][info][gc,exit     ] Heap
[2026-06-26T13:34:24.212-0300][63.160s][10128][13020][info][gc,exit     ]  ZHeap           used 1864M, capacity 3072M, max capacity 3072M
[2026-06-26T13:34:24.212-0300][63.160s][10128][13020][info][gc,exit     ]   Cache          1208M (40)
[2026-06-26T13:34:24.212-0300][63.160s][10128][13020][info][gc,exit     ]    size classes  2M (14), 4M (16), 8M (5), 16M (1), 32M (1), 128M (1), 256M (2)
[2026-06-26T13:34:24.212-0300][63.160s][10128][13020][info][gc,exit     ]  Metaspace       used 77076K, committed 78784K, reserved 1179648K
[2026-06-26T13:34:24.212-0300][63.160s][10128][13020][info][gc,exit     ]   class space    used 6983K, committed 7808K, reserved 1048576K
