[2026-06-26T13:34:32.063-0300][0.008s][3992][3816][info][gc,init] Initializing The Z Garbage Collector
[2026-06-26T13:34:32.063-0300][0.008s][3992][3816][info][gc,init] Version: 25.0.1+8-LTS (release)
[2026-06-26T13:34:32.063-0300][0.008s][3992][3816][info][gc,init] NUMA Support: Disabled
[2026-06-26T13:34:32.063-0300][0.008s][3992][3816][info][gc,init] CPUs: 12 total, 12 available
[2026-06-26T13:34:32.063-0300][0.008s][3992][3816][info][gc,init] Memory: 32693M
[2026-06-26T13:34:32.063-0300][0.008s][3992][3816][info][gc,init] Large Page Support: Disabled
[2026-06-26T13:34:32.063-0300][0.008s][3992][3816][info][gc,init] Address Space Size: limited (137434287388K)
[2026-06-26T13:34:32.063-0300][0.008s][3992][3816][info][gc,init] Reserved Space Type: Contiguous/Unrestricted/Complete
[2026-06-26T13:34:32.063-0300][0.008s][3992][3816][info][gc,init] Reserved Space Size: 48G
[2026-06-26T13:34:32.063-0300][0.008s][3992][3816][info][gc,init] Min Capacity: 8M
[2026-06-26T13:34:32.063-0300][0.008s][3992][3816][info][gc,init] Initial Capacity: 512M
[2026-06-26T13:34:32.063-0300][0.008s][3992][3816][info][gc,init] Max Capacity: 3072M
[2026-06-26T13:34:32.063-0300][0.008s][3992][3816][info][gc,init] Soft Max Capacity: 3072M
[2026-06-26T13:34:32.063-0300][0.008s][3992][3816][info][gc,init] Page Size Medium: Range [4M, 32M]
[2026-06-26T13:34:32.063-0300][0.008s][3992][3816][info][gc,init] Pre-touch: Disabled
[2026-06-26T13:34:32.063-0300][0.008s][3992][3816][info][gc,init] Uncommit: Enabled
[2026-06-26T13:34:32.063-0300][0.008s][3992][3816][info][gc,init] Uncommit Delay: 300s
[2026-06-26T13:34:32.063-0300][0.008s][3992][3816][info][gc,init] GC Workers for Old Generation: 3 (dynamic)
[2026-06-26T13:34:32.063-0300][0.008s][3992][3816][info][gc,init] GC Workers for Young Generation: 3 (dynamic)
[2026-06-26T13:34:32.079-0300][0.018s][3992][3816][info][gc,init] GC Workers Max: 3 (dynamic)
[2026-06-26T13:34:32.079-0300][0.019s][3992][3816][info][gc,init] Runtime Workers: 8
[2026-06-26T13:34:32.079-0300][0.019s][3992][3816][info][gc     ] Using The Z Garbage Collector
[2026-06-26T13:34:32.079-0300][0.024s][3992][3816][info][gc,metaspace] CDS archive(s) mapped at: [0x0000000028000000-0x0000000028d20000-0x0000000028d20000), size 13762560, SharedBaseAddress: 0x0000000028000000, ArchiveRelocationMode: 1.
[2026-06-26T13:34:32.079-0300][0.024s][3992][3816][info][gc,metaspace] Compressed class space mapped at: 0x0000000029000000-0x0000000069000000, reserved size: 1073741824
[2026-06-26T13:34:32.079-0300][0.024s][3992][3816][info][gc,metaspace] UseCompressedClassPointers 1, UseCompactObjectHeaders 0
[2026-06-26T13:34:32.079-0300][0.024s][3992][3816][info][gc,metaspace] Narrow klass pointer bits 32, Max shift 3
[2026-06-26T13:34:32.079-0300][0.024s][3992][3816][info][gc,metaspace] Narrow klass base: 0x0000000028000000, Narrow klass shift: 0
[2026-06-26T13:34:32.079-0300][0.024s][3992][3816][info][gc,metaspace] Encoding Range: [0x0000000028000000 - 0x0000000128000000), (4294967296 bytes)
[2026-06-26T13:34:32.079-0300][0.024s][3992][3816][info][gc,metaspace] Klass Range:    [0x0000000028010000 - 0x0000000069000000), (1090453504 bytes)
[2026-06-26T13:34:32.079-0300][0.024s][3992][3816][info][gc,metaspace] Klass ID Range:  [65536 - 1090519033) (1090453497)
[2026-06-26T13:34:32.079-0300][0.024s][3992][3816][info][gc,metaspace] Protection zone: [0x0000000028000000 - 0x0000000028010000), (65536 bytes)
[2026-06-26T13:34:33.532-0300][1.468s][3992][15924][info][gc          ] GC(0) Major Collection (Metadata GC Threshold)
[2026-06-26T13:34:33.532-0300][1.468s][3992][15924][info][gc,task     ] GC(0) Using 1 Workers for Young Generation
[2026-06-26T13:34:33.532-0300][1.468s][3992][15924][info][gc,task     ] GC(0) Using 1 Workers for Old Generation
[2026-06-26T13:34:33.532-0300][1.468s][3992][15924][info][gc,phases   ] GC(0) Y: Young Generation
[2026-06-26T13:34:33.532-0300][1.468s][3992][11424][info][gc,phases   ] GC(0) Y: Pause Mark Start (Major) 0.014ms
[2026-06-26T13:34:33.548-0300][1.484s][3992][15924][info][gc,phases   ] GC(0) Y: Concurrent Mark 15.675ms
[2026-06-26T13:34:33.548-0300][1.484s][3992][11424][info][gc,phases   ] GC(0) Y: Pause Mark End 0.014ms
[2026-06-26T13:34:33.548-0300][1.484s][3992][15924][info][gc,phases   ] GC(0) Y: Concurrent Mark Free 0.002ms
[2026-06-26T13:34:33.548-0300][1.484s][3992][15924][info][gc,phases   ] GC(0) Y: Concurrent Reset Relocation Set 0.000ms
[2026-06-26T13:34:33.548-0300][1.484s][3992][15924][info][gc,reloc    ] GC(0) Y: Using tenuring threshold: 1 (Computed)
[2026-06-26T13:34:33.548-0300][1.485s][3992][15924][info][gc,phases   ] GC(0) Y: Concurrent Select Relocation Set 0.565ms
[2026-06-26T13:34:33.549-0300][1.485s][3992][11424][info][gc,phases   ] GC(0) Y: Pause Relocate Start 0.005ms
[2026-06-26T13:34:33.556-0300][1.493s][3992][15924][info][gc,phases   ] GC(0) Y: Concurrent Relocate 8.007ms
[2026-06-26T13:34:33.556-0300][1.493s][3992][15924][info][gc,alloc    ] GC(0) Y:                         Mark Start        Mark End      Relocate Start    Relocate End   
[2026-06-26T13:34:33.556-0300][1.493s][3992][15924][info][gc,alloc    ] GC(0) Y: Allocation Stalls:          0                0                0                0         
[2026-06-26T13:34:33.556-0300][1.493s][3992][15924][info][gc,load     ] GC(0) Y: Load: 0.00 (0%) / 0.00 (0%) / 0.00 (0%)
[2026-06-26T13:34:33.556-0300][1.493s][3992][15924][info][gc,mmu      ] GC(0) Y: MMU: 2ms/99.0%, 5ms/99.6%, 10ms/99.8%, 20ms/99.8%, 50ms/99.9%, 100ms/100.0%
[2026-06-26T13:34:33.556-0300][1.493s][3992][15924][info][gc,marking  ] GC(0) Y: Mark: 1 stripe(s), 2 proactive flush(es), 1 terminate flush(es), 0 completion(s), 0 continuation(s) 
[2026-06-26T13:34:33.556-0300][1.493s][3992][15924][info][gc,nmethod  ] GC(0) Y: NMethods: 3294 registered, 0 unregistered
[2026-06-26T13:34:33.556-0300][1.493s][3992][15924][info][gc,metaspace] GC(0) Y: Metaspace: 21M used, 21M committed, 1088M reserved
[2026-06-26T13:34:33.556-0300][1.493s][3992][15924][info][gc,reloc    ] GC(0) Y:                        Candidates     Selected     In-Place         Size        Empty    Relocated 
[2026-06-26T13:34:33.556-0300][1.493s][3992][15924][info][gc,reloc    ] GC(0) Y: Small Pages:                   40           32            0          80M           2M           5M 
[2026-06-26T13:34:33.556-0300][1.493s][3992][15924][info][gc,reloc    ] GC(0) Y: Medium Pages:                   1            0            0          32M           0M           0M 
[2026-06-26T13:34:33.556-0300][1.493s][3992][15924][info][gc,reloc    ] GC(0) Y: Large Pages:                    0            0            0           0M           0M           0M 
[2026-06-26T13:34:33.556-0300][1.493s][3992][15924][info][gc,reloc    ] GC(0) Y: Forwarding Usage: 2M
[2026-06-26T13:34:33.556-0300][1.493s][3992][15924][info][gc,reloc    ] GC(0) Y: Age Table:
[2026-06-26T13:34:33.556-0300][1.493s][3992][15924][info][gc,reloc    ] GC(0) Y:                    Live             Garbage             Small              Medium             Large        
[2026-06-26T13:34:33.556-0300][1.493s][3992][15924][info][gc,reloc    ] GC(0) Y: Eden              13M (0%)           98M (3%)          40 / 32             1 / 0              0 / 0        
[2026-06-26T13:34:33.556-0300][1.493s][3992][15924][info][gc,heap     ] GC(0) Y: Min Capacity: 8M(0%)
[2026-06-26T13:34:33.556-0300][1.493s][3992][15924][info][gc,heap     ] GC(0) Y: Max Capacity: 3072M(100%)
[2026-06-26T13:34:33.556-0300][1.493s][3992][15924][info][gc,heap     ] GC(0) Y: Soft Max Capacity: 3072M(100%)
[2026-06-26T13:34:33.556-0300][1.493s][3992][15924][info][gc,heap     ] GC(0) Y: Heap Statistics:
[2026-06-26T13:34:33.556-0300][1.493s][3992][15924][info][gc,heap     ] GC(0) Y:                Mark Start          Mark End        Relocate Start      Relocate End           High               Low         
[2026-06-26T13:34:33.556-0300][1.493s][3992][15924][info][gc,heap     ] GC(0) Y:  Capacity:      512M (17%)         512M (17%)         512M (17%)         512M (17%)         512M (17%)         512M (17%)    
[2026-06-26T13:34:33.556-0300][1.493s][3992][15924][info][gc,heap     ] GC(0) Y:      Free:     2960M (96%)        2954M (96%)        2956M (96%)        3010M (98%)        3010M (98%)        2954M (96%)    
[2026-06-26T13:34:33.556-0300][1.493s][3992][15924][info][gc,heap     ] GC(0) Y:      Used:      112M (4%)          118M (4%)          116M (4%)           62M (2%)          118M (4%)           62M (2%)     
[2026-06-26T13:34:33.556-0300][1.493s][3992][15924][info][gc,heap     ] GC(0) Y: Young Generation Statistics:
[2026-06-26T13:34:33.556-0300][1.493s][3992][15924][info][gc,heap     ] GC(0) Y:                Mark Start          Mark End        Relocate Start      Relocate End    
[2026-06-26T13:34:33.556-0300][1.493s][3992][15924][info][gc,heap     ] GC(0) Y:      Used:      112M (4%)          118M (4%)          116M (4%)           62M (2%)     
[2026-06-26T13:34:33.556-0300][1.493s][3992][15924][info][gc,heap     ] GC(0) Y:      Live:         -                13M (0%)           13M (0%)           13M (0%)     
[2026-06-26T13:34:33.556-0300][1.493s][3992][15924][info][gc,heap     ] GC(0) Y:   Garbage:         -                98M (3%)           96M (3%)           30M (1%)     
[2026-06-26T13:34:33.556-0300][1.493s][3992][15924][info][gc,heap     ] GC(0) Y: Allocated:         -                 6M (0%)            6M (0%)           17M (1%)     
[2026-06-26T13:34:33.556-0300][1.493s][3992][15924][info][gc,heap     ] GC(0) Y: Reclaimed:         -                  -                 2M (0%)           67M (2%)     
[2026-06-26T13:34:33.556-0300][1.493s][3992][15924][info][gc,heap     ] GC(0) Y:  Promoted:         -                  -                 0M (0%)            0M (0%)     
[2026-06-26T13:34:33.556-0300][1.493s][3992][15924][info][gc,heap     ] GC(0) Y: Compacted:         -                  -                  -                 6M (0%)     
[2026-06-26T13:34:33.556-0300][1.493s][3992][15924][info][gc,phases   ] GC(0) Y: Young Generation 112M(4%)->62M(2%) 0.025s
[2026-06-26T13:34:33.557-0300][1.493s][3992][15924][info][gc,phases   ] GC(0) O: Old Generation
[2026-06-26T13:34:33.557-0300][1.494s][3992][15924][info][gc,phases   ] GC(0) O: Concurrent Mark 0.401ms
[2026-06-26T13:34:33.557-0300][1.494s][3992][11424][info][gc,phases   ] GC(0) O: Pause Mark End 0.011ms
[2026-06-26T13:34:33.557-0300][1.494s][3992][15924][info][gc,phases   ] GC(0) O: Concurrent Mark Free 0.001ms
[2026-06-26T13:34:33.563-0300][1.500s][3992][15924][info][gc,phases   ] GC(0) O: Concurrent Process Non-Strong 5.838ms
[2026-06-26T13:34:33.563-0300][1.500s][3992][15924][info][gc,phases   ] GC(0) O: Concurrent Reset Relocation Set 0.000ms
[2026-06-26T13:34:33.563-0300][1.500s][3992][15924][info][gc,phases   ] GC(0) O: Concurrent Select Relocation Set 0.289ms
[2026-06-26T13:34:33.563-0300][1.500s][3992][15924][info][gc,task     ] GC(0) O: Using 2 Workers for Old Generation
[2026-06-26T13:34:33.564-0300][1.501s][3992][15924][info][gc,task     ] GC(0) O: Using 1 Workers for Old Generation
[2026-06-26T13:34:33.564-0300][1.501s][3992][15924][info][gc,phases   ] GC(0) O: Concurrent Remap Roots 1.117ms
[2026-06-26T13:34:33.564-0300][1.501s][3992][11424][info][gc,phases   ] GC(0) O: Pause Relocate Start 0.014ms
[2026-06-26T13:34:33.565-0300][1.501s][3992][15924][info][gc,phases   ] GC(0) O: Concurrent Relocate 0.045ms
[2026-06-26T13:34:33.565-0300][1.501s][3992][15924][info][gc,alloc    ] GC(0) O:                         Mark Start        Mark End      Relocate Start    Relocate End   
[2026-06-26T13:34:33.565-0300][1.501s][3992][15924][info][gc,alloc    ] GC(0) O: Allocation Stalls:          0                0                0                0         
[2026-06-26T13:34:33.565-0300][1.501s][3992][15924][info][gc,load     ] GC(0) O: Load: 0.00 (0%) / 0.00 (0%) / 0.00 (0%)
[2026-06-26T13:34:33.565-0300][1.501s][3992][15924][info][gc,mmu      ] GC(0) O: MMU: 2ms/99.0%, 5ms/99.6%, 10ms/99.7%, 20ms/99.8%, 50ms/99.9%, 100ms/99.9%
[2026-06-26T13:34:33.565-0300][1.501s][3992][15924][info][gc,marking  ] GC(0) O: Mark: 1 stripe(s), 1 proactive flush(es), 1 terminate flush(es), 0 completion(s), 0 continuation(s) 
[2026-06-26T13:34:33.565-0300][1.501s][3992][15924][info][gc,nmethod  ] GC(0) O: NMethods: 2973 registered, 377 unregistered
[2026-06-26T13:34:33.565-0300][1.501s][3992][15924][info][gc,metaspace] GC(0) O: Metaspace: 21M used, 21M committed, 1088M reserved
[2026-06-26T13:34:33.565-0300][1.501s][3992][15924][info][gc,ref      ] GC(0) O:                       Encountered   Discovered     Enqueued 
[2026-06-26T13:34:33.565-0300][1.501s][3992][15924][info][gc,ref      ] GC(0) O: Soft References:             2984            0            0 
[2026-06-26T13:34:33.565-0300][1.501s][3992][15924][info][gc,ref      ] GC(0) O: Weak References:             3609            0            0 
[2026-06-26T13:34:33.565-0300][1.501s][3992][15924][info][gc,ref      ] GC(0) O: Final References:               8            0            0 
[2026-06-26T13:34:33.565-0300][1.501s][3992][15924][info][gc,ref      ] GC(0) O: Phantom References:          1218            0            0 
[2026-06-26T13:34:33.565-0300][1.501s][3992][15924][info][gc,heap     ] GC(0) O: Min Capacity: 8M(0%)
[2026-06-26T13:34:33.565-0300][1.501s][3992][15924][info][gc,heap     ] GC(0) O: Max Capacity: 3072M(100%)
[2026-06-26T13:34:33.565-0300][1.501s][3992][15924][info][gc,heap     ] GC(0) O: Soft Max Capacity: 3072M(100%)
[2026-06-26T13:34:33.565-0300][1.501s][3992][15924][info][gc,heap     ] GC(0) O: Heap Statistics:
[2026-06-26T13:34:33.565-0300][1.501s][3992][15924][info][gc,heap     ] GC(0) O:                Mark Start          Mark End        Relocate Start      Relocate End           High               Low         
[2026-06-26T13:34:33.565-0300][1.501s][3992][15924][info][gc,heap     ] GC(0) O:  Capacity:      512M (17%)         512M (17%)         512M (17%)         512M (17%)         512M (17%)         512M (17%)    
[2026-06-26T13:34:33.565-0300][1.501s][3992][15924][info][gc,heap     ] GC(0) O:      Free:     2960M (96%)        3010M (98%)        3010M (98%)        3010M (98%)        3010M (98%)        2954M (96%)    
[2026-06-26T13:34:33.565-0300][1.501s][3992][15924][info][gc,heap     ] GC(0) O:      Used:      112M (4%)           62M (2%)           62M (2%)           62M (2%)          118M (4%)           62M (2%)     
[2026-06-26T13:34:33.565-0300][1.501s][3992][15924][info][gc,heap     ] GC(0) O: Old Generation Statistics:
[2026-06-26T13:34:33.565-0300][1.501s][3992][15924][info][gc,heap     ] GC(0) O:                Mark Start          Mark End        Relocate Start      Relocate End    
[2026-06-26T13:34:33.565-0300][1.501s][3992][15924][info][gc,heap     ] GC(0) O:      Used:        0M (0%)            0M (0%)            0M (0%)            0M (0%)     
[2026-06-26T13:34:33.565-0300][1.502s][3992][15924][info][gc,heap     ] GC(0) O:      Live:         -                 0M (0%)            0M (0%)            0M (0%)     
[2026-06-26T13:34:33.565-0300][1.502s][3992][15924][info][gc,heap     ] GC(0) O:   Garbage:         -                 0M (0%)            0M (0%)            0M (0%)     
[2026-06-26T13:34:33.565-0300][1.502s][3992][15924][info][gc,heap     ] GC(0) O: Allocated:         -                 0M (0%)            0M (0%)            0M (0%)     
[2026-06-26T13:34:33.565-0300][1.502s][3992][15924][info][gc,heap     ] GC(0) O: Reclaimed:         -                  -                 0M (0%)            0M (0%)     
[2026-06-26T13:34:33.565-0300][1.502s][3992][15924][info][gc,heap     ] GC(0) O: Compacted:         -                  -                  -                 0M (0%)     
[2026-06-26T13:34:33.565-0300][1.502s][3992][15924][info][gc,phases   ] GC(0) O: Old Generation 62M(2%)->62M(2%) 0.008s
[2026-06-26T13:34:33.565-0300][1.502s][3992][15924][info][gc          ] GC(0) Major Collection (Metadata GC Threshold) 112M(4%)->62M(2%) 0.034s
[2026-06-26T13:34:36.573-0300][4.509s][3992][15924][info][gc          ] GC(1) Major Collection (Warmup)
[2026-06-26T13:34:36.573-0300][4.509s][3992][15924][info][gc,task     ] GC(1) Using 3 Workers for Young Generation
[2026-06-26T13:34:36.573-0300][4.509s][3992][15924][info][gc,task     ] GC(1) Using 2 Workers for Old Generation
[2026-06-26T13:34:36.573-0300][4.509s][3992][15924][info][gc,phases   ] GC(1) Y: Young Generation
[2026-06-26T13:34:36.573-0300][4.509s][3992][11424][info][gc,phases   ] GC(1) Y: Pause Mark Start (Major) 0.009ms
[2026-06-26T13:34:36.601-0300][4.537s][3992][15924][info][gc,phases   ] GC(1) Y: Concurrent Mark 28.434ms
[2026-06-26T13:34:36.601-0300][4.538s][3992][11424][info][gc,phases   ] GC(1) Y: Pause Mark End 0.011ms
[2026-06-26T13:34:36.601-0300][4.538s][3992][15924][info][gc,phases   ] GC(1) Y: Concurrent Mark Free 0.004ms
[2026-06-26T13:34:36.601-0300][4.538s][3992][15924][info][gc,phases   ] GC(1) Y: Concurrent Reset Relocation Set 0.002ms
[2026-06-26T13:34:36.601-0300][4.538s][3992][15924][info][gc,reloc    ] GC(1) Y: Using tenuring threshold: 2 (Computed)
[2026-06-26T13:34:36.603-0300][4.540s][3992][15924][info][gc,phases   ] GC(1) Y: Concurrent Select Relocation Set 2.322ms
[2026-06-26T13:34:36.603-0300][4.540s][3992][11424][info][gc,phases   ] GC(1) Y: Pause Relocate Start 0.009ms
[2026-06-26T13:34:36.617-0300][4.554s][3992][15924][info][gc,phases   ] GC(1) Y: Concurrent Relocate 14.062ms
[2026-06-26T13:34:36.617-0300][4.554s][3992][15924][info][gc,alloc    ] GC(1) Y:                         Mark Start        Mark End      Relocate Start    Relocate End   
[2026-06-26T13:34:36.617-0300][4.554s][3992][15924][info][gc,alloc    ] GC(1) Y: Allocation Stalls:          0                0                0                0         
[2026-06-26T13:34:36.617-0300][4.554s][3992][15924][info][gc,load     ] GC(1) Y: Load: 0.00 (0%) / 0.00 (0%) / 0.00 (0%)
[2026-06-26T13:34:36.618-0300][4.554s][3992][15924][info][gc,mmu      ] GC(1) Y: MMU: 2ms/99.0%, 5ms/99.6%, 10ms/99.7%, 20ms/99.8%, 50ms/99.9%, 100ms/99.9%
[2026-06-26T13:34:36.618-0300][4.554s][3992][15924][info][gc,marking  ] GC(1) Y: Mark: 2 stripe(s), 2 proactive flush(es), 1 terminate flush(es), 0 completion(s), 0 continuation(s) 
[2026-06-26T13:34:36.618-0300][4.554s][3992][15924][info][gc,nmethod  ] GC(1) Y: NMethods: 3918 registered, 377 unregistered
[2026-06-26T13:34:36.618-0300][4.554s][3992][15924][info][gc,metaspace] GC(1) Y: Metaspace: 26M used, 26M committed, 1088M reserved
[2026-06-26T13:34:36.618-0300][4.554s][3992][15924][info][gc,reloc    ] GC(1) Y:                        Candidates     Selected     In-Place         Size        Empty    Relocated 
[2026-06-26T13:34:36.618-0300][4.554s][3992][15924][info][gc,reloc    ] GC(1) Y: Small Pages:                  124           93            0         248M          24M          19M 
[2026-06-26T13:34:36.618-0300][4.554s][3992][15924][info][gc,reloc    ] GC(1) Y: Medium Pages:                   2            1            0          64M           0M           2M 
[2026-06-26T13:34:36.618-0300][4.554s][3992][15924][info][gc,reloc    ] GC(1) Y: Large Pages:                    0            0            0           0M           0M           0M 
[2026-06-26T13:34:36.618-0300][4.554s][3992][15924][info][gc,reloc    ] GC(1) Y: Forwarding Usage: 9M
[2026-06-26T13:34:36.618-0300][4.554s][3992][15924][info][gc,reloc    ] GC(1) Y: Age Table:
[2026-06-26T13:34:36.618-0300][4.554s][3992][15924][info][gc,reloc    ] GC(1) Y:                    Live             Garbage             Small              Medium             Large        
[2026-06-26T13:34:36.618-0300][4.554s][3992][15924][info][gc,reloc    ] GC(1) Y: Eden              23M (1%)          232M (8%)         112 / 91             1 / 0              0 / 0        
[2026-06-26T13:34:36.618-0300][4.554s][3992][15924][info][gc,reloc    ] GC(1) Y: Survivor 1        13M (0%)           42M (1%)          12 / 2              1 / 1              0 / 0        
[2026-06-26T13:34:36.618-0300][4.554s][3992][15924][info][gc,heap     ] GC(1) Y: Min Capacity: 8M(0%)
[2026-06-26T13:34:36.618-0300][4.554s][3992][15924][info][gc,heap     ] GC(1) Y: Max Capacity: 3072M(100%)
[2026-06-26T13:34:36.618-0300][4.554s][3992][15924][info][gc,heap     ] GC(1) Y: Soft Max Capacity: 3072M(100%)
[2026-06-26T13:34:36.618-0300][4.554s][3992][15924][info][gc,heap     ] GC(1) Y: Heap Statistics:
[2026-06-26T13:34:36.618-0300][4.554s][3992][15924][info][gc,heap     ] GC(1) Y:                Mark Start          Mark End        Relocate Start      Relocate End           High               Low         
[2026-06-26T13:34:36.618-0300][4.554s][3992][15924][info][gc,heap     ] GC(1) Y:  Capacity:      512M (17%)         512M (17%)         512M (17%)         512M (17%)         512M (17%)         512M (17%)    
[2026-06-26T13:34:36.618-0300][4.554s][3992][15924][info][gc,heap     ] GC(1) Y:      Free:     2760M (90%)        2746M (89%)        2768M (90%)        2938M (96%)        2938M (96%)        2696M (88%)    
[2026-06-26T13:34:36.618-0300][4.554s][3992][15924][info][gc,heap     ] GC(1) Y:      Used:      312M (10%)         326M (11%)         304M (10%)         134M (4%)          376M (12%)         134M (4%)     
[2026-06-26T13:34:36.618-0300][4.554s][3992][15924][info][gc,heap     ] GC(1) Y: Young Generation Statistics:
[2026-06-26T13:34:36.618-0300][4.554s][3992][15924][info][gc,heap     ] GC(1) Y:                Mark Start          Mark End        Relocate Start      Relocate End    
[2026-06-26T13:34:36.618-0300][4.554s][3992][15924][info][gc,heap     ] GC(1) Y:      Used:      312M (10%)         326M (11%)         304M (10%)         134M (4%)     
[2026-06-26T13:34:36.618-0300][4.554s][3992][15924][info][gc,heap     ] GC(1) Y:      Live:         -                37M (1%)           37M (1%)           37M (1%)     
[2026-06-26T13:34:36.618-0300][4.554s][3992][15924][info][gc,heap     ] GC(1) Y:   Garbage:         -               274M (9%)          250M (8%)            1M (0%)     
[2026-06-26T13:34:36.618-0300][4.554s][3992][15924][info][gc,heap     ] GC(1) Y: Allocated:         -                14M (0%)           16M (1%)           95M (3%)     
[2026-06-26T13:34:36.618-0300][4.554s][3992][15924][info][gc,heap     ] GC(1) Y: Reclaimed:         -                  -                24M (1%)          273M (9%)     
[2026-06-26T13:34:36.618-0300][4.554s][3992][15924][info][gc,heap     ] GC(1) Y:  Promoted:         -                  -                 0M (0%)            0M (0%)     
[2026-06-26T13:34:36.618-0300][4.554s][3992][15924][info][gc,heap     ] GC(1) Y: Compacted:         -                  -                  -                26M (1%)     
[2026-06-26T13:34:36.618-0300][4.554s][3992][15924][info][gc,phases   ] GC(1) Y: Young Generation 312M(10%)->134M(4%) 0.045s
[2026-06-26T13:34:36.618-0300][4.554s][3992][15924][info][gc,phases   ] GC(1) O: Old Generation
[2026-06-26T13:34:36.618-0300][4.555s][3992][15924][info][gc,phases   ] GC(1) O: Concurrent Mark 0.244ms
[2026-06-26T13:34:36.618-0300][4.555s][3992][11424][info][gc,phases   ] GC(1) O: Pause Mark End 0.011ms
[2026-06-26T13:34:36.618-0300][4.555s][3992][15924][info][gc,phases   ] GC(1) O: Concurrent Mark Free 0.000ms
[2026-06-26T13:34:36.621-0300][4.558s][3992][15924][info][gc,phases   ] GC(1) O: Concurrent Process Non-Strong 3.104ms
[2026-06-26T13:34:36.621-0300][4.558s][3992][15924][info][gc,phases   ] GC(1) O: Concurrent Reset Relocation Set 0.000ms
[2026-06-26T13:34:36.621-0300][4.558s][3992][15924][info][gc,phases   ] GC(1) O: Concurrent Select Relocation Set 0.068ms
[2026-06-26T13:34:36.621-0300][4.558s][3992][15924][info][gc,task     ] GC(1) O: Using 3 Workers for Old Generation
[2026-06-26T13:34:36.622-0300][4.559s][3992][15924][info][gc,task     ] GC(1) O: Using 2 Workers for Old Generation
[2026-06-26T13:34:36.622-0300][4.559s][3992][15924][info][gc,phases   ] GC(1) O: Concurrent Remap Roots 0.982ms
[2026-06-26T13:34:36.622-0300][4.559s][3992][11424][info][gc,phases   ] GC(1) O: Pause Relocate Start 0.007ms
[2026-06-26T13:34:36.622-0300][4.559s][3992][15924][info][gc,phases   ] GC(1) O: Concurrent Relocate 0.052ms
[2026-06-26T13:34:36.622-0300][4.559s][3992][15924][info][gc,alloc    ] GC(1) O:                         Mark Start        Mark End      Relocate Start    Relocate End   
[2026-06-26T13:34:36.622-0300][4.559s][3992][15924][info][gc,alloc    ] GC(1) O: Allocation Stalls:          0                0                0                0         
[2026-06-26T13:34:36.622-0300][4.559s][3992][15924][info][gc,load     ] GC(1) O: Load: 0.00 (0%) / 0.00 (0%) / 0.00 (0%)
[2026-06-26T13:34:36.622-0300][4.559s][3992][15924][info][gc,mmu      ] GC(1) O: MMU: 2ms/99.0%, 5ms/99.6%, 10ms/99.7%, 20ms/99.8%, 50ms/99.9%, 100ms/99.9%
[2026-06-26T13:34:36.622-0300][4.559s][3992][15924][info][gc,marking  ] GC(1) O: Mark: 2 stripe(s), 1 proactive flush(es), 1 terminate flush(es), 0 completion(s), 0 continuation(s) 
[2026-06-26T13:34:36.622-0300][4.559s][3992][15924][info][gc,nmethod  ] GC(1) O: NMethods: 3610 registered, 685 unregistered
[2026-06-26T13:34:36.622-0300][4.559s][3992][15924][info][gc,metaspace] GC(1) O: Metaspace: 26M used, 26M committed, 1088M reserved
[2026-06-26T13:34:36.622-0300][4.559s][3992][15924][info][gc,ref      ] GC(1) O:                       Encountered   Discovered     Enqueued 
[2026-06-26T13:34:36.622-0300][4.559s][3992][15924][info][gc,ref      ] GC(1) O: Soft References:             3133            0            0 
[2026-06-26T13:34:36.622-0300][4.559s][3992][15924][info][gc,ref      ] GC(1) O: Weak References:             7348            0            0 
[2026-06-26T13:34:36.622-0300][4.559s][3992][15924][info][gc,ref      ] GC(1) O: Final References:               8            0            0 
[2026-06-26T13:34:36.622-0300][4.559s][3992][15924][info][gc,ref      ] GC(1) O: Phantom References:          4835            0            0 
[2026-06-26T13:34:36.622-0300][4.559s][3992][15924][info][gc,heap     ] GC(1) O: Min Capacity: 8M(0%)
[2026-06-26T13:34:36.622-0300][4.559s][3992][15924][info][gc,heap     ] GC(1) O: Max Capacity: 3072M(100%)
[2026-06-26T13:34:36.623-0300][4.559s][3992][15924][info][gc,heap     ] GC(1) O: Soft Max Capacity: 3072M(100%)
[2026-06-26T13:34:36.623-0300][4.559s][3992][15924][info][gc,heap     ] GC(1) O: Heap Statistics:
[2026-06-26T13:34:36.623-0300][4.559s][3992][15924][info][gc,heap     ] GC(1) O:                Mark Start          Mark End        Relocate Start      Relocate End           High               Low         
[2026-06-26T13:34:36.623-0300][4.559s][3992][15924][info][gc,heap     ] GC(1) O:  Capacity:      512M (17%)         512M (17%)         512M (17%)         512M (17%)         512M (17%)         512M (17%)    
[2026-06-26T13:34:36.623-0300][4.559s][3992][15924][info][gc,heap     ] GC(1) O:      Free:     2760M (90%)        2938M (96%)        2936M (96%)        2936M (96%)        2938M (96%)        2696M (88%)    
[2026-06-26T13:34:36.623-0300][4.559s][3992][15924][info][gc,heap     ] GC(1) O:      Used:      312M (10%)         134M (4%)          136M (4%)          136M (4%)          376M (12%)         134M (4%)     
[2026-06-26T13:34:36.623-0300][4.559s][3992][15924][info][gc,heap     ] GC(1) O: Old Generation Statistics:
[2026-06-26T13:34:36.623-0300][4.559s][3992][15924][info][gc,heap     ] GC(1) O:                Mark Start          Mark End        Relocate Start      Relocate End    
[2026-06-26T13:34:36.623-0300][4.559s][3992][15924][info][gc,heap     ] GC(1) O:      Used:        0M (0%)            0M (0%)            0M (0%)            0M (0%)     
[2026-06-26T13:34:36.623-0300][4.559s][3992][15924][info][gc,heap     ] GC(1) O:      Live:         -                 0M (0%)            0M (0%)            0M (0%)     
[2026-06-26T13:34:36.623-0300][4.559s][3992][15924][info][gc,heap     ] GC(1) O:   Garbage:         -                 0M (0%)            0M (0%)            0M (0%)     
[2026-06-26T13:34:36.623-0300][4.559s][3992][15924][info][gc,heap     ] GC(1) O: Allocated:         -                 0M (0%)            0M (0%)            0M (0%)     
[2026-06-26T13:34:36.623-0300][4.559s][3992][15924][info][gc,heap     ] GC(1) O: Reclaimed:         -                  -                 0M (0%)            0M (0%)     
[2026-06-26T13:34:36.623-0300][4.559s][3992][15924][info][gc,heap     ] GC(1) O: Compacted:         -                  -                  -                 0M (0%)     
[2026-06-26T13:34:36.623-0300][4.559s][3992][15924][info][gc,phases   ] GC(1) O: Old Generation 134M(4%)->136M(4%) 0.005s
[2026-06-26T13:34:36.623-0300][4.559s][3992][15924][info][gc          ] GC(1) Major Collection (Warmup) 312M(10%)->138M(4%) 0.051s
[2026-06-26T13:34:38.761-0300][6.697s][3992][15924][info][gc          ] GC(2) Major Collection (Warmup)
[2026-06-26T13:34:38.761-0300][6.698s][3992][15924][info][gc,task     ] GC(2) Using 3 Workers for Young Generation
[2026-06-26T13:34:38.761-0300][6.698s][3992][15924][info][gc,task     ] GC(2) Using 1 Workers for Old Generation
[2026-06-26T13:34:38.761-0300][6.698s][3992][15924][info][gc,phases   ] GC(2) Y: Young Generation
[2026-06-26T13:34:38.761-0300][6.698s][3992][11424][info][gc,phases   ] GC(2) Y: Pause Mark Start (Major) 0.011ms
[2026-06-26T13:34:38.811-0300][6.748s][3992][15924][info][gc,phases   ] GC(2) Y: Concurrent Mark 50.269ms
[2026-06-26T13:34:38.811-0300][6.748s][3992][11424][info][gc,phases   ] GC(2) Y: Pause Mark End 0.012ms
[2026-06-26T13:34:38.811-0300][6.748s][3992][15924][info][gc,phases   ] GC(2) Y: Concurrent Mark Free 0.003ms
[2026-06-26T13:34:38.811-0300][6.748s][3992][15924][info][gc,phases   ] GC(2) Y: Concurrent Reset Relocation Set 0.007ms
[2026-06-26T13:34:38.811-0300][6.748s][3992][15924][info][gc,reloc    ] GC(2) Y: Using tenuring threshold: 3 (Computed)
[2026-06-26T13:34:38.814-0300][6.751s][3992][15924][info][gc,phases   ] GC(2) Y: Concurrent Select Relocation Set 2.911ms
[2026-06-26T13:34:38.814-0300][6.751s][3992][11424][info][gc,phases   ] GC(2) Y: Pause Relocate Start 0.007ms
[2026-06-26T13:34:38.830-0300][6.767s][3992][15924][info][gc,phases   ] GC(2) Y: Concurrent Relocate 15.898ms
[2026-06-26T13:34:38.830-0300][6.767s][3992][15924][info][gc,alloc    ] GC(2) Y:                         Mark Start        Mark End      Relocate Start    Relocate End   
[2026-06-26T13:34:38.830-0300][6.767s][3992][15924][info][gc,alloc    ] GC(2) Y: Allocation Stalls:          0                0                0                0         
[2026-06-26T13:34:38.830-0300][6.767s][3992][15924][info][gc,load     ] GC(2) Y: Load: 0.00 (0%) / 0.00 (0%) / 0.00 (0%)
[2026-06-26T13:34:38.830-0300][6.767s][3992][15924][info][gc,mmu      ] GC(2) Y: MMU: 2ms/99.0%, 5ms/99.6%, 10ms/99.7%, 20ms/99.8%, 50ms/99.9%, 100ms/99.9%
[2026-06-26T13:34:38.830-0300][6.767s][3992][15924][info][gc,marking  ] GC(2) Y: Mark: 2 stripe(s), 8 proactive flush(es), 1 terminate flush(es), 0 completion(s), 0 continuation(s) 
[2026-06-26T13:34:38.830-0300][6.767s][3992][15924][info][gc,nmethod  ] GC(2) Y: NMethods: 4383 registered, 685 unregistered
[2026-06-26T13:34:38.830-0300][6.767s][3992][15924][info][gc,metaspace] GC(2) Y: Metaspace: 31M used, 32M committed, 1088M reserved
[2026-06-26T13:34:38.830-0300][6.767s][3992][15924][info][gc,reloc    ] GC(2) Y:                        Candidates     Selected     In-Place         Size        Empty    Relocated 
[2026-06-26T13:34:38.830-0300][6.767s][3992][15924][info][gc,reloc    ] GC(2) Y: Small Pages:                  262          162            0         524M         130M          26M 
[2026-06-26T13:34:38.830-0300][6.767s][3992][15924][info][gc,reloc    ] GC(2) Y: Medium Pages:                   3            2            0          96M           0M           8M 
[2026-06-26T13:34:38.830-0300][6.767s][3992][15924][info][gc,reloc    ] GC(2) Y: Large Pages:                    0            0            0           0M           0M           0M 
[2026-06-26T13:34:38.830-0300][6.767s][3992][15924][info][gc,reloc    ] GC(2) Y: Forwarding Usage: 12M
[2026-06-26T13:34:38.830-0300][6.767s][3992][15924][info][gc,reloc    ] GC(2) Y: Age Table:
[2026-06-26T13:34:38.830-0300][6.767s][3992][15924][info][gc,reloc    ] GC(2) Y:                    Live             Garbage             Small              Medium             Large        
[2026-06-26T13:34:38.830-0300][6.767s][3992][15924][info][gc,reloc    ] GC(2) Y: Eden              36M (1%)          469M (15%)        237 / 155            1 / 1              0 / 0        
[2026-06-26T13:34:38.830-0300][6.767s][3992][15924][info][gc,reloc    ] GC(2) Y: Survivor 1        22M (1%)           39M (1%)          15 / 3              1 / 0              0 / 0        
[2026-06-26T13:34:38.830-0300][6.767s][3992][15924][info][gc,reloc    ] GC(2) Y: Survivor 2        13M (0%)           38M (1%)          10 / 4              1 / 1              0 / 0        
[2026-06-26T13:34:38.830-0300][6.767s][3992][15924][info][gc,heap     ] GC(2) Y: Min Capacity: 8M(0%)
[2026-06-26T13:34:38.830-0300][6.767s][3992][15924][info][gc,heap     ] GC(2) Y: Max Capacity: 3072M(100%)
[2026-06-26T13:34:38.830-0300][6.767s][3992][15924][info][gc,heap     ] GC(2) Y: Soft Max Capacity: 3072M(100%)
[2026-06-26T13:34:38.830-0300][6.767s][3992][15924][info][gc,heap     ] GC(2) Y: Heap Statistics:
[2026-06-26T13:34:38.830-0300][6.767s][3992][15924][info][gc,heap     ] GC(2) Y:                Mark Start          Mark End        Relocate Start      Relocate End           High               Low         
[2026-06-26T13:34:38.830-0300][6.767s][3992][15924][info][gc,heap     ] GC(2) Y:  Capacity:      620M (20%)         668M (22%)         668M (22%)         732M (24%)         732M (24%)         620M (20%)    
[2026-06-26T13:34:38.830-0300][6.767s][3992][15924][info][gc,heap     ] GC(2) Y:      Free:     2452M (80%)        2404M (78%)        2534M (82%)        2844M (93%)        2844M (93%)        2404M (78%)    
[2026-06-26T13:34:38.830-0300][6.767s][3992][15924][info][gc,heap     ] GC(2) Y:      Used:      620M (20%)         668M (22%)         538M (18%)         228M (7%)          668M (22%)         228M (7%)     
[2026-06-26T13:34:38.830-0300][6.767s][3992][15924][info][gc,heap     ] GC(2) Y: Young Generation Statistics:
[2026-06-26T13:34:38.830-0300][6.767s][3992][15924][info][gc,heap     ] GC(2) Y:                Mark Start          Mark End        Relocate Start      Relocate End    
[2026-06-26T13:34:38.830-0300][6.767s][3992][15924][info][gc,heap     ] GC(2) Y:      Used:      620M (20%)         668M (22%)         538M (18%)         228M (7%)     
[2026-06-26T13:34:38.830-0300][6.767s][3992][15924][info][gc,heap     ] GC(2) Y:      Live:         -                71M (2%)           71M (2%)           71M (2%)     
[2026-06-26T13:34:38.830-0300][6.767s][3992][15924][info][gc,heap     ] GC(2) Y:   Garbage:         -               548M (18%)         418M (14%)           2M (0%)     
[2026-06-26T13:34:38.830-0300][6.767s][3992][15924][info][gc,heap     ] GC(2) Y: Allocated:         -                48M (2%)           48M (2%)          153M (5%)     
[2026-06-26T13:34:38.830-0300][6.767s][3992][15924][info][gc,heap     ] GC(2) Y: Reclaimed:         -                  -               130M (4%)          545M (18%)    
[2026-06-26T13:34:38.831-0300][6.767s][3992][15924][info][gc,heap     ] GC(2) Y:  Promoted:         -                  -                 0M (0%)            0M (0%)     
[2026-06-26T13:34:38.831-0300][6.767s][3992][15924][info][gc,heap     ] GC(2) Y: Compacted:         -                  -                  -                42M (1%)     
[2026-06-26T13:34:38.831-0300][6.767s][3992][15924][info][gc,phases   ] GC(2) Y: Young Generation 620M(20%)->228M(7%) 0.070s
[2026-06-26T13:34:38.831-0300][6.767s][3992][15924][info][gc,phases   ] GC(2) O: Old Generation
[2026-06-26T13:34:38.831-0300][6.768s][3992][15924][info][gc,phases   ] GC(2) O: Concurrent Mark 0.364ms
[2026-06-26T13:34:38.831-0300][6.768s][3992][11424][info][gc,phases   ] GC(2) O: Pause Mark End 0.010ms
[2026-06-26T13:34:38.831-0300][6.768s][3992][15924][info][gc,phases   ] GC(2) O: Concurrent Mark Free 0.001ms
[2026-06-26T13:34:38.839-0300][6.776s][3992][15924][info][gc,phases   ] GC(2) O: Concurrent Process Non-Strong 7.888ms
[2026-06-26T13:34:38.839-0300][6.776s][3992][15924][info][gc,phases   ] GC(2) O: Concurrent Reset Relocation Set 0.000ms
[2026-06-26T13:34:38.839-0300][6.776s][3992][15924][info][gc,phases   ] GC(2) O: Concurrent Select Relocation Set 0.088ms
[2026-06-26T13:34:38.839-0300][6.776s][3992][15924][info][gc,task     ] GC(2) O: Using 3 Workers for Old Generation
[2026-06-26T13:34:38.841-0300][6.778s][3992][15924][info][gc,task     ] GC(2) O: Using 1 Workers for Old Generation
[2026-06-26T13:34:38.841-0300][6.778s][3992][15924][info][gc,phases   ] GC(2) O: Concurrent Remap Roots 1.293ms
[2026-06-26T13:34:38.841-0300][6.778s][3992][11424][info][gc,phases   ] GC(2) O: Pause Relocate Start 0.010ms
[2026-06-26T13:34:38.841-0300][6.778s][3992][15924][info][gc,phases   ] GC(2) O: Concurrent Relocate 0.045ms
[2026-06-26T13:34:38.841-0300][6.778s][3992][15924][info][gc,alloc    ] GC(2) O:                         Mark Start        Mark End      Relocate Start    Relocate End   
[2026-06-26T13:34:38.841-0300][6.778s][3992][15924][info][gc,alloc    ] GC(2) O: Allocation Stalls:          0                0                0                0         
[2026-06-26T13:34:38.841-0300][6.778s][3992][15924][info][gc,load     ] GC(2) O: Load: 0.00 (0%) / 0.00 (0%) / 0.00 (0%)
[2026-06-26T13:34:38.841-0300][6.778s][3992][15924][info][gc,mmu      ] GC(2) O: MMU: 2ms/99.0%, 5ms/99.6%, 10ms/99.7%, 20ms/99.8%, 50ms/99.9%, 100ms/99.9%
[2026-06-26T13:34:38.841-0300][6.778s][3992][15924][info][gc,marking  ] GC(2) O: Mark: 1 stripe(s), 1 proactive flush(es), 1 terminate flush(es), 0 completion(s), 0 continuation(s) 
[2026-06-26T13:34:38.841-0300][6.778s][3992][15924][info][gc,nmethod  ] GC(2) O: NMethods: 4137 registered, 950 unregistered
[2026-06-26T13:34:38.841-0300][6.778s][3992][15924][info][gc,metaspace] GC(2) O: Metaspace: 31M used, 32M committed, 1088M reserved
[2026-06-26T13:34:38.841-0300][6.778s][3992][15924][info][gc,ref      ] GC(2) O:                       Encountered   Discovered     Enqueued 
[2026-06-26T13:34:38.841-0300][6.778s][3992][15924][info][gc,ref      ] GC(2) O: Soft References:             3157            0            0 
[2026-06-26T13:34:38.841-0300][6.778s][3992][15924][info][gc,ref      ] GC(2) O: Weak References:             9654            0            0 
[2026-06-26T13:34:38.841-0300][6.778s][3992][15924][info][gc,ref      ] GC(2) O: Final References:               8            0            0 
[2026-06-26T13:34:38.841-0300][6.778s][3992][15924][info][gc,ref      ] GC(2) O: Phantom References:          7460            0            0 
[2026-06-26T13:34:38.841-0300][6.778s][3992][15924][info][gc,heap     ] GC(2) O: Min Capacity: 8M(0%)
[2026-06-26T13:34:38.841-0300][6.778s][3992][15924][info][gc,heap     ] GC(2) O: Max Capacity: 3072M(100%)
[2026-06-26T13:34:38.841-0300][6.778s][3992][15924][info][gc,heap     ] GC(2) O: Soft Max Capacity: 3072M(100%)
[2026-06-26T13:34:38.841-0300][6.778s][3992][15924][info][gc,heap     ] GC(2) O: Heap Statistics:
[2026-06-26T13:34:38.841-0300][6.778s][3992][15924][info][gc,heap     ] GC(2) O:                Mark Start          Mark End        Relocate Start      Relocate End           High               Low         
[2026-06-26T13:34:38.841-0300][6.778s][3992][15924][info][gc,heap     ] GC(2) O:  Capacity:      620M (20%)         732M (24%)         732M (24%)         732M (24%)         732M (24%)         620M (20%)    
[2026-06-26T13:34:38.841-0300][6.778s][3992][15924][info][gc,heap     ] GC(2) O:      Free:     2452M (80%)        2844M (93%)        2844M (93%)        2844M (93%)        2844M (93%)        2404M (78%)    
[2026-06-26T13:34:38.841-0300][6.778s][3992][15924][info][gc,heap     ] GC(2) O:      Used:      620M (20%)         228M (7%)          228M (7%)          228M (7%)          668M (22%)         228M (7%)     
[2026-06-26T13:34:38.841-0300][6.778s][3992][15924][info][gc,heap     ] GC(2) O: Old Generation Statistics:
[2026-06-26T13:34:38.841-0300][6.778s][3992][15924][info][gc,heap     ] GC(2) O:                Mark Start          Mark End        Relocate Start      Relocate End    
[2026-06-26T13:34:38.841-0300][6.778s][3992][15924][info][gc,heap     ] GC(2) O:      Used:        0M (0%)            0M (0%)            0M (0%)            0M (0%)     
[2026-06-26T13:34:38.841-0300][6.778s][3992][15924][info][gc,heap     ] GC(2) O:      Live:         -                 0M (0%)            0M (0%)            0M (0%)     
[2026-06-26T13:34:38.841-0300][6.778s][3992][15924][info][gc,heap     ] GC(2) O:   Garbage:         -                 0M (0%)            0M (0%)            0M (0%)     
[2026-06-26T13:34:38.841-0300][6.778s][3992][15924][info][gc,heap     ] GC(2) O: Allocated:         -                 0M (0%)            0M (0%)            0M (0%)     
[2026-06-26T13:34:38.841-0300][6.778s][3992][15924][info][gc,heap     ] GC(2) O: Reclaimed:         -                  -                 0M (0%)            0M (0%)     
[2026-06-26T13:34:38.841-0300][6.778s][3992][15924][info][gc,heap     ] GC(2) O: Compacted:         -                  -                  -                 0M (0%)     
[2026-06-26T13:34:38.841-0300][6.778s][3992][15924][info][gc,phases   ] GC(2) O: Old Generation 228M(7%)->228M(7%) 0.010s
[2026-06-26T13:34:38.841-0300][6.778s][3992][15924][info][gc          ] GC(2) Major Collection (Warmup) 620M(20%)->228M(7%) 0.081s
[2026-06-26T13:34:40.251-0300][8.187s][3992][15924][info][gc          ] GC(3) Major Collection (Warmup)
[2026-06-26T13:34:40.251-0300][8.187s][3992][15924][info][gc,task     ] GC(3) Using 3 Workers for Young Generation
[2026-06-26T13:34:40.251-0300][8.187s][3992][15924][info][gc,task     ] GC(3) Using 1 Workers for Old Generation
[2026-06-26T13:34:40.251-0300][8.187s][3992][15924][info][gc,phases   ] GC(3) Y: Young Generation
[2026-06-26T13:34:40.251-0300][8.188s][3992][11424][info][gc,phases   ] GC(3) Y: Pause Mark Start (Major) 0.014ms
[2026-06-26T13:34:40.351-0300][8.287s][3992][15924][info][gc,phases   ] GC(3) Y: Concurrent Mark 99.379ms
[2026-06-26T13:34:40.351-0300][8.287s][3992][11424][info][gc,phases   ] GC(3) Y: Pause Mark End 0.011ms
[2026-06-26T13:34:40.351-0300][8.287s][3992][15924][info][gc,phases   ] GC(3) Y: Concurrent Mark Free 0.003ms
[2026-06-26T13:34:40.351-0300][8.287s][3992][15924][info][gc,phases   ] GC(3) Y: Concurrent Reset Relocation Set 0.011ms
[2026-06-26T13:34:40.351-0300][8.287s][3992][15924][info][gc,reloc    ] GC(3) Y: Using tenuring threshold: 3 (Computed)
[2026-06-26T13:34:40.358-0300][8.295s][3992][15924][info][gc,phases   ] GC(3) Y: Concurrent Select Relocation Set 7.816ms
[2026-06-26T13:34:40.358-0300][8.295s][3992][11424][info][gc,phases   ] GC(3) Y: Pause Relocate Start 0.009ms
[2026-06-26T13:34:40.389-0300][8.325s][3992][15924][info][gc,phases   ] GC(3) Y: Concurrent Relocate 29.488ms
[2026-06-26T13:34:40.389-0300][8.325s][3992][15924][info][gc,alloc    ] GC(3) Y:                         Mark Start        Mark End      Relocate Start    Relocate End   
[2026-06-26T13:34:40.389-0300][8.325s][3992][15924][info][gc,alloc    ] GC(3) Y: Allocation Stalls:          0                0                0                0         
[2026-06-26T13:34:40.389-0300][8.325s][3992][15924][info][gc,load     ] GC(3) Y: Load: 0.00 (0%) / 0.00 (0%) / 0.00 (0%)
[2026-06-26T13:34:40.389-0300][8.325s][3992][15924][info][gc,mmu      ] GC(3) Y: MMU: 2ms/99.0%, 5ms/99.6%, 10ms/99.7%, 20ms/99.8%, 50ms/99.9%, 100ms/99.9%
[2026-06-26T13:34:40.389-0300][8.325s][3992][15924][info][gc,marking  ] GC(3) Y: Mark: 2 stripe(s), 4 proactive flush(es), 1 terminate flush(es), 0 completion(s), 0 continuation(s) 
[2026-06-26T13:34:40.389-0300][8.325s][3992][15924][info][gc,nmethod  ] GC(3) Y: NMethods: 5257 registered, 0 unregistered
[2026-06-26T13:34:40.389-0300][8.325s][3992][15924][info][gc,metaspace] GC(3) Y: Metaspace: 48M used, 49M committed, 1088M reserved
[2026-06-26T13:34:40.389-0300][8.325s][3992][15924][info][gc,reloc    ] GC(3) Y:                        Candidates     Selected     In-Place         Size        Empty    Relocated 
[2026-06-26T13:34:40.389-0300][8.325s][3992][15924][info][gc,reloc    ] GC(3) Y: Small Pages:                  169           87            0         338M           2M          38M 
[2026-06-26T13:34:40.389-0300][8.325s][3992][15924][info][gc,reloc    ] GC(3) Y: Medium Pages:                  20            4            0         572M         412M          12M 
[2026-06-26T13:34:40.389-0300][8.325s][3992][15924][info][gc,reloc    ] GC(3) Y: Large Pages:                    1            0            0          12M           0M           0M 
[2026-06-26T13:34:40.389-0300][8.325s][3992][15924][info][gc,reloc    ] GC(3) Y: Forwarding Usage: 23M
[2026-06-26T13:34:40.389-0300][8.325s][3992][15924][info][gc,reloc    ] GC(3) Y: Age Table:
[2026-06-26T13:34:40.389-0300][8.325s][3992][15924][info][gc,reloc    ] GC(3) Y:                    Live             Garbage             Small              Medium             Large        
[2026-06-26T13:34:40.389-0300][8.325s][3992][15924][info][gc,reloc    ] GC(3) Y: Eden              97M (3%)          646M (21%)        128 / 78            17 / 2              1 / 0        
[2026-06-26T13:34:40.389-0300][8.325s][3992][15924][info][gc,reloc    ] GC(3) Y: Survivor 1        35M (1%)           32M (1%)          18 / 4              1 / 1              0 / 0        
[2026-06-26T13:34:40.389-0300][8.325s][3992][15924][info][gc,reloc    ] GC(3) Y: Survivor 2        21M (1%)           38M (1%)          14 / 2              1 / 0              0 / 0        
[2026-06-26T13:34:40.389-0300][8.325s][3992][15924][info][gc,reloc    ] GC(3) Y: Survivor 3        13M (0%)           36M (1%)           9 / 3              1 / 1              0 / 0        
[2026-06-26T13:34:40.389-0300][8.325s][3992][15924][info][gc,heap     ] GC(3) Y: Min Capacity: 8M(0%)
[2026-06-26T13:34:40.389-0300][8.325s][3992][15924][info][gc,heap     ] GC(3) Y: Max Capacity: 3072M(100%)
[2026-06-26T13:34:40.389-0300][8.325s][3992][15924][info][gc,heap     ] GC(3) Y: Soft Max Capacity: 3072M(100%)
[2026-06-26T13:34:40.389-0300][8.325s][3992][15924][info][gc,heap     ] GC(3) Y: Heap Statistics:
[2026-06-26T13:34:40.389-0300][8.325s][3992][15924][info][gc,heap     ] GC(3) Y:                Mark Start          Mark End        Relocate Start      Relocate End           High               Low         
[2026-06-26T13:34:40.389-0300][8.325s][3992][15924][info][gc,heap     ] GC(3) Y:  Capacity:      924M (30%)        1144M (37%)        1144M (37%)        1144M (37%)        1144M (37%)         924M (30%)    
[2026-06-26T13:34:40.389-0300][8.325s][3992][15924][info][gc,heap     ] GC(3) Y:      Free:     2150M (70%)        1928M (63%)        2342M (76%)        2378M (77%)        2454M (80%)        1928M (63%)    
[2026-06-26T13:34:40.389-0300][8.325s][3992][15924][info][gc,heap     ] GC(3) Y:      Used:      922M (30%)        1144M (37%)         730M (24%)         694M (23%)        1144M (37%)         618M (20%)    
[2026-06-26T13:34:40.389-0300][8.325s][3992][15924][info][gc,heap     ] GC(3) Y: Young Generation Statistics:
[2026-06-26T13:34:40.389-0300][8.325s][3992][15924][info][gc,heap     ] GC(3) Y:                Mark Start          Mark End        Relocate Start      Relocate End    
[2026-06-26T13:34:40.389-0300][8.325s][3992][15924][info][gc,heap     ] GC(3) Y:      Used:      922M (30%)        1144M (37%)         718M (23%)         644M (21%)    
[2026-06-26T13:34:40.389-0300][8.325s][3992][15924][info][gc,heap     ] GC(3) Y:      Live:         -               168M (5%)          157M (5%)          154M (5%)     
[2026-06-26T13:34:40.389-0300][8.325s][3992][15924][info][gc,heap     ] GC(3) Y:   Garbage:         -               753M (25%)         338M (11%)           5M (0%)     
[2026-06-26T13:34:40.389-0300][8.325s][3992][15924][info][gc,heap     ] GC(3) Y: Allocated:         -               222M (7%)          222M (7%)          483M (16%)    
[2026-06-26T13:34:40.389-0300][8.325s][3992][15924][info][gc,heap     ] GC(3) Y: Reclaimed:         -                  -               415M (14%)         747M (24%)    
[2026-06-26T13:34:40.389-0300][8.325s][3992][15924][info][gc,heap     ] GC(3) Y:  Promoted:         -                  -                10M (0%)           13M (0%)     
[2026-06-26T13:34:40.389-0300][8.325s][3992][15924][info][gc,heap     ] GC(3) Y: Compacted:         -                  -                  -                86M (3%)     
[2026-06-26T13:34:40.389-0300][8.325s][3992][15924][info][gc,phases   ] GC(3) Y: Young Generation 922M(30%)->694M(23%) 0.137s
[2026-06-26T13:34:40.389-0300][8.325s][3992][15924][info][gc,phases   ] GC(3) O: Old Generation
[2026-06-26T13:34:40.389-0300][8.326s][3992][15924][info][gc,phases   ] GC(3) O: Concurrent Mark 0.423ms
[2026-06-26T13:34:40.389-0300][8.326s][3992][11424][info][gc,phases   ] GC(3) O: Pause Mark End 0.013ms
[2026-06-26T13:34:40.389-0300][8.326s][3992][15924][info][gc,phases   ] GC(3) O: Concurrent Mark Free 0.001ms
[2026-06-26T13:34:40.403-0300][8.339s][3992][15924][info][gc,phases   ] GC(3) O: Concurrent Process Non-Strong 13.289ms
[2026-06-26T13:34:40.403-0300][8.339s][3992][15924][info][gc,phases   ] GC(3) O: Concurrent Reset Relocation Set 0.000ms
[2026-06-26T13:34:40.403-0300][8.339s][3992][15924][info][gc,phases   ] GC(3) O: Concurrent Select Relocation Set 0.074ms
[2026-06-26T13:34:40.403-0300][8.339s][3992][15924][info][gc,task     ] GC(3) O: Using 3 Workers for Old Generation
[2026-06-26T13:34:40.405-0300][8.341s][3992][15924][info][gc,task     ] GC(3) O: Using 1 Workers for Old Generation
[2026-06-26T13:34:40.405-0300][8.341s][3992][15924][info][gc,phases   ] GC(3) O: Concurrent Remap Roots 1.912ms
[2026-06-26T13:34:40.405-0300][8.341s][3992][11424][info][gc,phases   ] GC(3) O: Pause Relocate Start 0.008ms
[2026-06-26T13:34:40.405-0300][8.341s][3992][15924][info][gc,phases   ] GC(3) O: Concurrent Relocate 0.037ms
[2026-06-26T13:34:40.405-0300][8.341s][3992][15924][info][gc,alloc    ] GC(3) O:                         Mark Start        Mark End      Relocate Start    Relocate End   
[2026-06-26T13:34:40.405-0300][8.341s][3992][15924][info][gc,alloc    ] GC(3) O: Allocation Stalls:          0                0                0                0         
[2026-06-26T13:34:40.405-0300][8.341s][3992][15924][info][gc,load     ] GC(3) O: Load: 0.00 (0%) / 0.00 (0%) / 0.00 (0%)
[2026-06-26T13:34:40.405-0300][8.341s][3992][15924][info][gc,mmu      ] GC(3) O: MMU: 2ms/99.0%, 5ms/99.6%, 10ms/99.7%, 20ms/99.8%, 50ms/99.9%, 100ms/99.9%
[2026-06-26T13:34:40.405-0300][8.341s][3992][15924][info][gc,marking  ] GC(3) O: Mark: 1 stripe(s), 1 proactive flush(es), 1 terminate flush(es), 0 completion(s), 0 continuation(s) 
[2026-06-26T13:34:40.405-0300][8.341s][3992][15924][info][gc,nmethod  ] GC(3) O: NMethods: 4961 registered, 300 unregistered
[2026-06-26T13:34:40.405-0300][8.341s][3992][15924][info][gc,metaspace] GC(3) O: Metaspace: 48M used, 49M committed, 1088M reserved
[2026-06-26T13:34:40.405-0300][8.341s][3992][15924][info][gc,ref      ] GC(3) O:                       Encountered   Discovered     Enqueued 
[2026-06-26T13:34:40.405-0300][8.341s][3992][15924][info][gc,ref      ] GC(3) O: Soft References:             4379            0            0 
[2026-06-26T13:34:40.405-0300][8.341s][3992][15924][info][gc,ref      ] GC(3) O: Weak References:            10339            0            0 
[2026-06-26T13:34:40.405-0300][8.341s][3992][15924][info][gc,ref      ] GC(3) O: Final References:               8            0            0 
[2026-06-26T13:34:40.405-0300][8.341s][3992][15924][info][gc,ref      ] GC(3) O: Phantom References:          7460            0            0 
[2026-06-26T13:34:40.405-0300][8.342s][3992][15924][info][gc,heap     ] GC(3) O: Min Capacity: 8M(0%)
[2026-06-26T13:34:40.405-0300][8.342s][3992][15924][info][gc,heap     ] GC(3) O: Max Capacity: 3072M(100%)
[2026-06-26T13:34:40.405-0300][8.342s][3992][15924][info][gc,heap     ] GC(3) O: Soft Max Capacity: 3072M(100%)
[2026-06-26T13:34:40.405-0300][8.342s][3992][15924][info][gc,heap     ] GC(3) O: Heap Statistics:
[2026-06-26T13:34:40.405-0300][8.342s][3992][15924][info][gc,heap     ] GC(3) O:                Mark Start          Mark End        Relocate Start      Relocate End           High               Low         
[2026-06-26T13:34:40.405-0300][8.342s][3992][15924][info][gc,heap     ] GC(3) O:  Capacity:      924M (30%)        1144M (37%)        1144M (37%)        1144M (37%)        1144M (37%)         924M (30%)    
[2026-06-26T13:34:40.405-0300][8.342s][3992][15924][info][gc,heap     ] GC(3) O:      Free:     2150M (70%)        2366M (77%)        2320M (76%)        2320M (76%)        2454M (80%)        1928M (63%)    
[2026-06-26T13:34:40.405-0300][8.342s][3992][15924][info][gc,heap     ] GC(3) O:      Used:      922M (30%)         706M (23%)         752M (24%)         752M (24%)        1144M (37%)         618M (20%)    
[2026-06-26T13:34:40.405-0300][8.342s][3992][15924][info][gc,heap     ] GC(3) O: Old Generation Statistics:
[2026-06-26T13:34:40.405-0300][8.342s][3992][15924][info][gc,heap     ] GC(3) O:                Mark Start          Mark End        Relocate Start      Relocate End    
[2026-06-26T13:34:40.405-0300][8.342s][3992][15924][info][gc,heap     ] GC(3) O:      Used:        0M (0%)           50M (2%)           50M (2%)           50M (2%)     
[2026-06-26T13:34:40.405-0300][8.342s][3992][15924][info][gc,heap     ] GC(3) O:      Live:         -                 0M (0%)            0M (0%)            0M (0%)     
[2026-06-26T13:34:40.406-0300][8.342s][3992][15924][info][gc,heap     ] GC(3) O:   Garbage:         -                 0M (0%)            0M (0%)            0M (0%)     
[2026-06-26T13:34:40.406-0300][8.342s][3992][15924][info][gc,heap     ] GC(3) O: Allocated:         -                50M (2%)           50M (2%)           50M (2%)     
[2026-06-26T13:34:40.406-0300][8.342s][3992][15924][info][gc,heap     ] GC(3) O: Reclaimed:         -                  -                 0M (0%)            0M (0%)     
[2026-06-26T13:34:40.406-0300][8.342s][3992][15924][info][gc,heap     ] GC(3) O: Compacted:         -                  -                  -                 0M (0%)     
[2026-06-26T13:34:40.406-0300][8.342s][3992][15924][info][gc,phases   ] GC(3) O: Old Generation 700M(23%)->752M(24%) 0.016s
[2026-06-26T13:34:40.406-0300][8.342s][3992][15924][info][gc          ] GC(3) Major Collection (Warmup) 922M(30%)->752M(24%) 0.154s
[2026-06-26T13:34:41.113-0300][9.049s][3992][8900 ][info][gc          ] GC(4) Minor Collection (Allocation Rate)
[2026-06-26T13:34:41.113-0300][9.049s][3992][8900 ][info][gc,task     ] GC(4) Using 2 Workers for Young Generation
[2026-06-26T13:34:41.113-0300][9.049s][3992][8900 ][info][gc,phases   ] GC(4) y: Young Generation
[2026-06-26T13:34:41.113-0300][9.049s][3992][11424][info][gc,phases   ] GC(4) y: Pause Mark Start 0.008ms
[2026-06-26T13:34:41.282-0300][9.219s][3992][8900 ][info][gc,phases   ] GC(4) y: Concurrent Mark 169.927ms
[2026-06-26T13:34:41.283-0300][9.219s][3992][11424][info][gc,phases   ] GC(4) y: Pause Mark End 0.013ms
[2026-06-26T13:34:41.283-0300][9.220s][3992][8900 ][info][gc,phases   ] GC(4) y: Concurrent Mark Free 0.002ms
[2026-06-26T13:34:41.283-0300][9.220s][3992][8900 ][info][gc,phases   ] GC(4) y: Concurrent Reset Relocation Set 0.034ms
[2026-06-26T13:34:41.283-0300][9.220s][3992][8900 ][info][gc,reloc    ] GC(4) y: Using tenuring threshold: 1 (Computed)
[2026-06-26T13:34:41.321-0300][9.258s][3992][8900 ][info][gc,phases   ] GC(4) y: Concurrent Select Relocation Set 38.729ms
[2026-06-26T13:34:41.322-0300][9.258s][3992][11424][info][gc,phases   ] GC(4) y: Pause Relocate Start 0.012ms
[2026-06-26T13:34:41.410-0300][9.346s][3992][8900 ][info][gc,phases   ] GC(4) y: Concurrent Relocate 87.575ms
[2026-06-26T13:34:41.410-0300][9.346s][3992][8900 ][info][gc,alloc    ] GC(4) y:                         Mark Start        Mark End      Relocate Start    Relocate End   
[2026-06-26T13:34:41.410-0300][9.346s][3992][8900 ][info][gc,alloc    ] GC(4) y: Allocation Stalls:          0                0                0                0         
[2026-06-26T13:34:41.410-0300][9.346s][3992][8900 ][info][gc,load     ] GC(4) y: Load: 0.00 (0%) / 0.00 (0%) / 0.00 (0%)
[2026-06-26T13:34:41.410-0300][9.346s][3992][8900 ][info][gc,mmu      ] GC(4) y: MMU: 2ms/99.0%, 5ms/99.6%, 10ms/99.7%, 20ms/99.8%, 50ms/99.9%, 100ms/99.9%
[2026-06-26T13:34:41.410-0300][9.346s][3992][8900 ][info][gc,marking  ] GC(4) y: Mark: 2 stripe(s), 2 proactive flush(es), 1 terminate flush(es), 0 completion(s), 0 continuation(s) 
[2026-06-26T13:34:41.410-0300][9.346s][3992][8900 ][info][gc,nmethod  ] GC(4) y: NMethods: 5157 registered, 300 unregistered
[2026-06-26T13:34:41.410-0300][9.346s][3992][8900 ][info][gc,metaspace] GC(4) y: Metaspace: 48M used, 49M committed, 1088M reserved
[2026-06-26T13:34:41.410-0300][9.346s][3992][8900 ][info][gc,reloc    ] GC(4) y:                        Candidates     Selected     In-Place         Size        Empty    Relocated 
[2026-06-26T13:34:41.410-0300][9.346s][3992][8900 ][info][gc,reloc    ] GC(4) y: Small Pages:                  682          304            0        1364M         556M          39M 
[2026-06-26T13:34:41.410-0300][9.346s][3992][8900 ][info][gc,reloc    ] GC(4) y: Medium Pages:                  18            3            0         576M         448M           9M 
[2026-06-26T13:34:41.410-0300][9.346s][3992][8900 ][info][gc,reloc    ] GC(4) y: Large Pages:                    1            0            0          12M           0M           0M 
[2026-06-26T13:34:41.410-0300][9.346s][3992][8900 ][info][gc,reloc    ] GC(4) y: Forwarding Usage: 13M
[2026-06-26T13:34:41.410-0300][9.346s][3992][8900 ][info][gc,reloc    ] GC(4) y: Age Table:
[2026-06-26T13:34:41.410-0300][9.346s][3992][8900 ][info][gc,reloc    ] GC(4) y:                    Live             Garbage             Small              Medium             Large        
[2026-06-26T13:34:41.410-0300][9.346s][3992][8900 ][info][gc,reloc    ] GC(4) y: Eden              55M (2%)         1632M (53%)        604 / 297           15 / 1              0 / 0        
[2026-06-26T13:34:41.410-0300][9.346s][3992][8900 ][info][gc,reloc    ] GC(4) y: Survivor 1        94M (3%)           43M (1%)          47 / 3              1 / 0              1 / 0        
[2026-06-26T13:34:41.410-0300][9.346s][3992][8900 ][info][gc,reloc    ] GC(4) y: Survivor 2        35M (1%)           28M (1%)          16 / 1              1 / 1              0 / 0        
[2026-06-26T13:34:41.410-0300][9.346s][3992][8900 ][info][gc,reloc    ] GC(4) y: Survivor 3        21M (1%)           40M (1%)          15 / 3              1 / 1              0 / 0        
[2026-06-26T13:34:41.410-0300][9.346s][3992][8900 ][info][gc,heap     ] GC(4) y: Min Capacity: 8M(0%)
[2026-06-26T13:34:41.410-0300][9.346s][3992][8900 ][info][gc,heap     ] GC(4) y: Max Capacity: 3072M(100%)
[2026-06-26T13:34:41.410-0300][9.346s][3992][8900 ][info][gc,heap     ] GC(4) y: Soft Max Capacity: 3072M(100%)
[2026-06-26T13:34:41.410-0300][9.346s][3992][8900 ][info][gc,heap     ] GC(4) y: Heap Statistics:
[2026-06-26T13:34:41.410-0300][9.346s][3992][8900 ][info][gc,heap     ] GC(4) y:                Mark Start          Mark End        Relocate Start      Relocate End           High               Low         
[2026-06-26T13:34:41.410-0300][9.346s][3992][8900 ][info][gc,heap     ] GC(4) y:  Capacity:     2002M (65%)        2432M (79%)        2432M (79%)        2432M (79%)        2432M (79%)        2002M (65%)    
[2026-06-26T13:34:41.410-0300][9.346s][3992][8900 ][info][gc,heap     ] GC(4) y:      Free:     1070M (35%)         640M (21%)        1256M (41%)        1814M (59%)        1820M (59%)         640M (21%)    
[2026-06-26T13:34:41.410-0300][9.346s][3992][8900 ][info][gc,heap     ] GC(4) y:      Used:     2002M (65%)        2432M (79%)        1816M (59%)        1258M (41%)        2432M (79%)        1252M (41%)    
[2026-06-26T13:34:41.410-0300][9.346s][3992][8900 ][info][gc,heap     ] GC(4) y: Young Generation Statistics:
[2026-06-26T13:34:41.410-0300][9.346s][3992][8900 ][info][gc,heap     ] GC(4) y:                Mark Start          Mark End        Relocate Start      Relocate End    
[2026-06-26T13:34:41.410-0300][9.346s][3992][8900 ][info][gc,heap     ] GC(4) y:      Used:     1952M (64%)        2382M (78%)        1620M (53%)        1020M (33%)    
[2026-06-26T13:34:41.410-0300][9.346s][3992][8900 ][info][gc,heap     ] GC(4) y:      Live:         -               207M (7%)           66M (2%)           55M (2%)     
[2026-06-26T13:34:41.410-0300][9.346s][3992][8900 ][info][gc,heap     ] GC(4) y:   Garbage:         -              1744M (57%)         735M (24%)           0M (0%)     
[2026-06-26T13:34:41.410-0300][9.346s][3992][8900 ][info][gc,heap     ] GC(4) y: Allocated:         -               430M (14%)         818M (27%)         963M (31%)    
[2026-06-26T13:34:41.410-0300][9.346s][3992][8900 ][info][gc,heap     ] GC(4) y: Reclaimed:         -                  -              1009M (33%)        1744M (57%)    
[2026-06-26T13:34:41.410-0300][9.346s][3992][8900 ][info][gc,heap     ] GC(4) y:  Promoted:         -                  -               140M (5%)          151M (5%)     
[2026-06-26T13:34:41.410-0300][9.346s][3992][8900 ][info][gc,heap     ] GC(4) y: Compacted:         -                  -                  -                54M (2%)     
[2026-06-26T13:34:41.410-0300][9.346s][3992][8900 ][info][gc,phases   ] GC(4) y: Young Generation 2002M(65%)->1258M(41%) 0.297s
[2026-06-26T13:34:41.410-0300][9.346s][3992][8900 ][info][gc          ] GC(4) Minor Collection (Allocation Rate) 2002M(65%)->1258M(41%) 0.297s
[2026-06-26T13:34:41.410-0300][9.347s][3992][15924][info][gc          ] GC(5) Major Collection (Allocation Rate)
[2026-06-26T13:34:41.410-0300][9.347s][3992][15924][info][gc,task     ] GC(5) Using 3 Workers for Young Generation
[2026-06-26T13:34:41.410-0300][9.347s][3992][15924][info][gc,task     ] GC(5) Using 1 Workers for Old Generation
[2026-06-26T13:34:41.410-0300][9.347s][3992][15924][info][gc,phases   ] GC(5) Y: Young Generation
[2026-06-26T13:34:41.411-0300][9.347s][3992][11424][info][gc,phases   ] GC(5) Y: Pause Mark Start (Major) 0.009ms
[2026-06-26T13:34:41.452-0300][9.389s][3992][15924][info][gc,phases   ] GC(5) Y: Concurrent Mark 42.134ms
[2026-06-26T13:34:41.452-0300][9.389s][3992][11424][info][gc,phases   ] GC(5) Y: Pause Mark End 0.010ms
[2026-06-26T13:34:41.452-0300][9.389s][3992][15924][info][gc,phases   ] GC(5) Y: Concurrent Mark Free 0.003ms
[2026-06-26T13:34:41.452-0300][9.389s][3992][15924][info][gc,phases   ] GC(5) Y: Concurrent Reset Relocation Set 0.137ms
[2026-06-26T13:34:41.453-0300][9.389s][3992][15924][info][gc,reloc    ] GC(5) Y: Using tenuring threshold: 1 (Computed)
[2026-06-26T13:34:41.463-0300][9.399s][3992][15924][info][gc,phases   ] GC(5) Y: Concurrent Select Relocation Set 10.180ms
[2026-06-26T13:34:41.463-0300][9.399s][3992][11424][info][gc,phases   ] GC(5) Y: Pause Relocate Start 0.011ms
[2026-06-26T13:34:41.482-0300][9.418s][3992][15924][info][gc,phases   ] GC(5) Y: Concurrent Relocate 18.391ms
[2026-06-26T13:34:41.482-0300][9.418s][3992][15924][info][gc,alloc    ] GC(5) Y:                         Mark Start        Mark End      Relocate Start    Relocate End   
[2026-06-26T13:34:41.482-0300][9.418s][3992][15924][info][gc,alloc    ] GC(5) Y: Allocation Stalls:          0                0                0                0         
[2026-06-26T13:34:41.482-0300][9.418s][3992][15924][info][gc,load     ] GC(5) Y: Load: 0.00 (0%) / 0.00 (0%) / 0.00 (0%)
[2026-06-26T13:34:41.482-0300][9.418s][3992][15924][info][gc,mmu      ] GC(5) Y: MMU: 2ms/99.0%, 5ms/99.6%, 10ms/99.7%, 20ms/99.8%, 50ms/99.9%, 100ms/99.9%
[2026-06-26T13:34:41.482-0300][9.418s][3992][15924][info][gc,marking  ] GC(5) Y: Mark: 2 stripe(s), 2 proactive flush(es), 1 terminate flush(es), 0 completion(s), 0 continuation(s) 
[2026-06-26T13:34:41.482-0300][9.418s][3992][15924][info][gc,nmethod  ] GC(5) Y: NMethods: 5196 registered, 300 unregistered
[2026-06-26T13:34:41.482-0300][9.418s][3992][15924][info][gc,metaspace] GC(5) Y: Metaspace: 49M used, 49M committed, 1088M reserved
[2026-06-26T13:34:41.482-0300][9.418s][3992][15924][info][gc,reloc    ] GC(5) Y:                        Candidates     Selected     In-Place         Size        Empty    Relocated 
[2026-06-26T13:34:41.482-0300][9.418s][3992][15924][info][gc,reloc    ] GC(5) Y: Small Pages:                   94           31            0         188M          68M           5M 
[2026-06-26T13:34:41.482-0300][9.418s][3992][15924][info][gc,reloc    ] GC(5) Y: Medium Pages:                  26            0            0         832M         832M           0M 
[2026-06-26T13:34:41.482-0300][9.418s][3992][15924][info][gc,reloc    ] GC(5) Y: Large Pages:                    0            0            0           0M           0M           0M 
[2026-06-26T13:34:41.482-0300][9.418s][3992][15924][info][gc,reloc    ] GC(5) Y: Forwarding Usage: 2M
[2026-06-26T13:34:41.482-0300][9.418s][3992][15924][info][gc,reloc    ] GC(5) Y: Age Table:
[2026-06-26T13:34:41.482-0300][9.418s][3992][15924][info][gc,reloc    ] GC(5) Y:                    Live             Garbage             Small              Medium             Large        
[2026-06-26T13:34:41.482-0300][9.418s][3992][15924][info][gc,reloc    ] GC(5) Y: Eden               4M (0%)          925M (30%)         65 / 28            25 / 0              0 / 0        
[2026-06-26T13:34:41.482-0300][9.418s][3992][15924][info][gc,reloc    ] GC(5) Y: Survivor 1        52M (2%)           37M (1%)          29 / 3              1 / 0              0 / 0        
[2026-06-26T13:34:41.482-0300][9.418s][3992][15924][info][gc,heap     ] GC(5) Y: Min Capacity: 8M(0%)
[2026-06-26T13:34:41.482-0300][9.418s][3992][15924][info][gc,heap     ] GC(5) Y: Max Capacity: 3072M(100%)
[2026-06-26T13:34:41.482-0300][9.418s][3992][15924][info][gc,heap     ] GC(5) Y: Soft Max Capacity: 3072M(100%)
[2026-06-26T13:34:41.482-0300][9.418s][3992][15924][info][gc,heap     ] GC(5) Y: Heap Statistics:
[2026-06-26T13:34:41.482-0300][9.418s][3992][15924][info][gc,heap     ] GC(5) Y:                Mark Start          Mark End        Relocate Start      Relocate End           High               Low         
[2026-06-26T13:34:41.482-0300][9.418s][3992][15924][info][gc,heap     ] GC(5) Y:  Capacity:     2432M (79%)        2432M (79%)        2432M (79%)        2432M (79%)        2432M (79%)        2432M (79%)    
[2026-06-26T13:34:41.482-0300][9.418s][3992][15924][info][gc,heap     ] GC(5) Y:      Free:     1814M (59%)        1808M (59%)        2706M (88%)        2758M (90%)        2760M (90%)        1808M (59%)    
[2026-06-26T13:34:41.482-0300][9.418s][3992][15924][info][gc,heap     ] GC(5) Y:      Used:     1258M (41%)        1264M (41%)         366M (12%)         314M (10%)        1264M (41%)         312M (10%)    
[2026-06-26T13:34:41.482-0300][9.418s][3992][15924][info][gc,heap     ] GC(5) Y: Young Generation Statistics:
[2026-06-26T13:34:41.482-0300][9.418s][3992][15924][info][gc,heap     ] GC(5) Y:                Mark Start          Mark End        Relocate Start      Relocate End    
[2026-06-26T13:34:41.482-0300][9.418s][3992][15924][info][gc,heap     ] GC(5) Y:      Used:     1020M (33%)        1026M (33%)          78M (3%)           18M (1%)     
[2026-06-26T13:34:41.482-0300][9.418s][3992][15924][info][gc,heap     ] GC(5) Y:      Live:         -                56M (2%)            6M (0%)            4M (0%)     
[2026-06-26T13:34:41.482-0300][9.418s][3992][15924][info][gc,heap     ] GC(5) Y:   Garbage:         -               963M (31%)          63M (2%)            0M (0%)     
[2026-06-26T13:34:41.482-0300][9.418s][3992][15924][info][gc,heap     ] GC(5) Y: Allocated:         -                 6M (0%)            8M (0%)           13M (0%)     
[2026-06-26T13:34:41.482-0300][9.418s][3992][15924][info][gc,heap     ] GC(5) Y: Reclaimed:         -                  -               900M (29%)         963M (31%)    
[2026-06-26T13:34:41.482-0300][9.418s][3992][15924][info][gc,heap     ] GC(5) Y:  Promoted:         -                  -                49M (2%)           52M (2%)     
[2026-06-26T13:34:41.482-0300][9.418s][3992][15924][info][gc,heap     ] GC(5) Y: Compacted:         -                  -                  -                 4M (0%)     
[2026-06-26T13:34:41.482-0300][9.418s][3992][15924][info][gc,phases   ] GC(5) Y: Young Generation 1258M(41%)->314M(10%) 0.071s
[2026-06-26T13:34:41.482-0300][9.418s][3992][15924][info][gc,phases   ] GC(5) O: Old Generation
[2026-06-26T13:34:41.716-0300][9.653s][3992][15924][info][gc,phases   ] GC(5) O: Concurrent Mark 234.276ms
[2026-06-26T13:34:41.716-0300][9.653s][3992][11424][info][gc,phases   ] GC(5) O: Pause Mark End 0.012ms
[2026-06-26T13:34:41.716-0300][9.653s][3992][15924][info][gc,phases   ] GC(5) O: Concurrent Mark Free 0.003ms
[2026-06-26T13:34:41.726-0300][9.663s][3992][15924][info][gc,phases   ] GC(5) O: Concurrent Process Non-Strong 9.803ms
[2026-06-26T13:34:41.726-0300][9.663s][3992][15924][info][gc,phases   ] GC(5) O: Concurrent Reset Relocation Set 0.000ms
[2026-06-26T13:34:41.727-0300][9.663s][3992][15924][info][gc,phases   ] GC(5) O: Concurrent Select Relocation Set 0.824ms
[2026-06-26T13:34:41.727-0300][9.663s][3992][15924][info][gc,task     ] GC(5) O: Using 3 Workers for Old Generation
[2026-06-26T13:34:41.730-0300][9.667s][3992][15924][info][gc,task     ] GC(5) O: Using 1 Workers for Old Generation
[2026-06-26T13:34:41.730-0300][9.667s][3992][15924][info][gc,phases   ] GC(5) O: Concurrent Remap Roots 3.169ms
[2026-06-26T13:34:41.730-0300][9.667s][3992][11424][info][gc,phases   ] GC(5) O: Pause Relocate Start 0.009ms
[2026-06-26T13:34:41.743-0300][9.680s][3992][15924][info][gc,phases   ] GC(5) O: Concurrent Relocate 13.496ms
[2026-06-26T13:34:41.743-0300][9.680s][3992][15924][info][gc,alloc    ] GC(5) O:                         Mark Start        Mark End      Relocate Start    Relocate End   
[2026-06-26T13:34:41.743-0300][9.680s][3992][15924][info][gc,alloc    ] GC(5) O: Allocation Stalls:          0                0                0                0         
[2026-06-26T13:34:41.743-0300][9.680s][3992][15924][info][gc,load     ] GC(5) O: Load: 0.00 (0%) / 0.00 (0%) / 0.00 (0%)
[2026-06-26T13:34:41.743-0300][9.680s][3992][15924][info][gc,mmu      ] GC(5) O: MMU: 2ms/99.0%, 5ms/99.6%, 10ms/99.7%, 20ms/99.8%, 50ms/99.9%, 100ms/99.9%
[2026-06-26T13:34:41.743-0300][9.680s][3992][15924][info][gc,marking  ] GC(5) O: Mark: 1 stripe(s), 2 proactive flush(es), 1 terminate flush(es), 0 completion(s), 0 continuation(s) 
[2026-06-26T13:34:41.744-0300][9.680s][3992][15924][info][gc,nmethod  ] GC(5) O: NMethods: 5160 registered, 406 unregistered
[2026-06-26T13:34:41.744-0300][9.680s][3992][15924][info][gc,metaspace] GC(5) O: Metaspace: 49M used, 49M committed, 1088M reserved
[2026-06-26T13:34:41.744-0300][9.680s][3992][15924][info][gc,ref      ] GC(5) O:                       Encountered   Discovered     Enqueued 
[2026-06-26T13:34:41.744-0300][9.680s][3992][15924][info][gc,ref      ] GC(5) O: Soft References:             4386            0            0 
[2026-06-26T13:34:41.744-0300][9.680s][3992][15924][info][gc,ref      ] GC(5) O: Weak References:            10351         9765         7781 
[2026-06-26T13:34:41.744-0300][9.680s][3992][15924][info][gc,ref      ] GC(5) O: Final References:               8            2            1 
[2026-06-26T13:34:41.744-0300][9.680s][3992][15924][info][gc,ref      ] GC(5) O: Phantom References:          7460         7453         1109 
[2026-06-26T13:34:41.744-0300][9.680s][3992][15924][info][gc,reloc    ] GC(5) O:                        Candidates     Selected     In-Place         Size        Empty    Relocated 
[2026-06-26T13:34:41.744-0300][9.680s][3992][15924][info][gc,reloc    ] GC(5) O: Small Pages:                   81            7            0         162M           0M           3M 
[2026-06-26T13:34:41.744-0300][9.680s][3992][15924][info][gc,reloc    ] GC(5) O: Medium Pages:                   2            1            0          64M           0M           6M 
[2026-06-26T13:34:41.744-0300][9.680s][3992][15924][info][gc,reloc    ] GC(5) O: Large Pages:                    1            0            0          12M           0M           0M 
[2026-06-26T13:34:41.744-0300][9.680s][3992][15924][info][gc,reloc    ] GC(5) O: Forwarding Usage: 4M
[2026-06-26T13:34:41.744-0300][9.680s][3992][15924][info][gc,heap     ] GC(5) O: Min Capacity: 8M(0%)
[2026-06-26T13:34:41.744-0300][9.680s][3992][15924][info][gc,heap     ] GC(5) O: Max Capacity: 3072M(100%)
[2026-06-26T13:34:41.744-0300][9.681s][3992][15924][info][gc,heap     ] GC(5) O: Soft Max Capacity: 3072M(100%)
[2026-06-26T13:34:41.744-0300][9.681s][3992][15924][info][gc,heap     ] GC(5) O: Heap Statistics:
[2026-06-26T13:34:41.744-0300][9.681s][3992][15924][info][gc,heap     ] GC(5) O:                Mark Start          Mark End        Relocate Start      Relocate End           High               Low         
[2026-06-26T13:34:41.744-0300][9.681s][3992][15924][info][gc,heap     ] GC(5) O:  Capacity:     2432M (79%)        2432M (79%)        2432M (79%)        2432M (79%)        2432M (79%)        2432M (79%)    
[2026-06-26T13:34:41.744-0300][9.681s][3992][15924][info][gc,heap     ] GC(5) O:      Free:     1814M (59%)        2722M (89%)        2716M (88%)        2758M (90%)        2760M (90%)        1808M (59%)    
[2026-06-26T13:34:41.744-0300][9.681s][3992][15924][info][gc,heap     ] GC(5) O:      Used:     1258M (41%)         350M (11%)         356M (12%)         314M (10%)        1264M (41%)         312M (10%)    
[2026-06-26T13:34:41.744-0300][9.681s][3992][15924][info][gc,heap     ] GC(5) O: Old Generation Statistics:
[2026-06-26T13:34:41.744-0300][9.681s][3992][15924][info][gc,heap     ] GC(5) O:                Mark Start          Mark End        Relocate Start      Relocate End    
[2026-06-26T13:34:41.744-0300][9.681s][3992][15924][info][gc,heap     ] GC(5) O:      Used:      238M (8%)          296M (10%)         296M (10%)         252M (8%)     
[2026-06-26T13:34:41.744-0300][9.681s][3992][15924][info][gc,heap     ] GC(5) O:      Live:         -               164M (5%)          164M (5%)          164M (5%)     
[2026-06-26T13:34:41.744-0300][9.681s][3992][15924][info][gc,heap     ] GC(5) O:   Garbage:         -                73M (2%)           73M (2%)            3M (0%)     
[2026-06-26T13:34:41.744-0300][9.681s][3992][15924][info][gc,heap     ] GC(5) O: Allocated:         -                58M (2%)           58M (2%)           84M (3%)     
[2026-06-26T13:34:41.744-0300][9.681s][3992][15924][info][gc,heap     ] GC(5) O: Reclaimed:         -                  -                 0M (0%)           70M (2%)     
[2026-06-26T13:34:41.744-0300][9.681s][3992][15924][info][gc,heap     ] GC(5) O: Compacted:         -                  -                  -                19M (1%)     
[2026-06-26T13:34:41.744-0300][9.681s][3992][15924][info][gc,phases   ] GC(5) O: Old Generation 314M(10%)->314M(10%) 0.262s
[2026-06-26T13:34:41.744-0300][9.681s][3992][15924][info][gc          ] GC(5) Major Collection (Allocation Rate) 1258M(41%)->314M(10%) 0.334s
[2026-06-26T13:34:42.261-0300][10.197s][3992][8900 ][info][gc          ] GC(6) Minor Collection (Allocation Rate)
[2026-06-26T13:34:42.261-0300][10.197s][3992][8900 ][info][gc,task     ] GC(6) Using 3 Workers for Young Generation
[2026-06-26T13:34:42.261-0300][10.197s][3992][8900 ][info][gc,phases   ] GC(6) y: Young Generation
[2026-06-26T13:34:42.261-0300][10.197s][3992][11424][info][gc,phases   ] GC(6) y: Pause Mark Start 0.012ms
[2026-06-26T13:34:42.279-0300][10.216s][3992][8900 ][info][gc,phases   ] GC(6) y: Concurrent Mark 18.279ms
[2026-06-26T13:34:42.279-0300][10.216s][3992][11424][info][gc,phases   ] GC(6) y: Pause Mark End 0.011ms
[2026-06-26T13:34:42.279-0300][10.216s][3992][8900 ][info][gc,phases   ] GC(6) y: Concurrent Mark Free 0.003ms
[2026-06-26T13:34:42.279-0300][10.216s][3992][8900 ][info][gc,phases   ] GC(6) y: Concurrent Reset Relocation Set 0.065ms
[2026-06-26T13:34:42.279-0300][10.216s][3992][8900 ][info][gc,reloc    ] GC(6) y: Using tenuring threshold: 2 (Computed)
[2026-06-26T13:34:42.281-0300][10.217s][3992][8900 ][info][gc,phases   ] GC(6) y: Concurrent Select Relocation Set 1.474ms
[2026-06-26T13:34:42.281-0300][10.218s][3992][11424][info][gc,phases   ] GC(6) y: Pause Relocate Start 0.009ms
[2026-06-26T13:34:42.288-0300][10.224s][3992][8900 ][info][gc,phases   ] GC(6) y: Concurrent Relocate 6.858ms
[2026-06-26T13:34:42.288-0300][10.225s][3992][8900 ][info][gc,alloc    ] GC(6) y:                         Mark Start        Mark End      Relocate Start    Relocate End   
[2026-06-26T13:34:42.288-0300][10.225s][3992][8900 ][info][gc,alloc    ] GC(6) y: Allocation Stalls:          0                0                0                0         
[2026-06-26T13:34:42.288-0300][10.225s][3992][8900 ][info][gc,load     ] GC(6) y: Load: 0.00 (0%) / 0.00 (0%) / 0.00 (0%)
[2026-06-26T13:34:42.288-0300][10.225s][3992][8900 ][info][gc,mmu      ] GC(6) y: MMU: 2ms/99.0%, 5ms/99.6%, 10ms/99.7%, 20ms/99.8%, 50ms/99.9%, 100ms/99.9%
[2026-06-26T13:34:42.288-0300][10.225s][3992][8900 ][info][gc,marking  ] GC(6) y: Mark: 2 stripe(s), 2 proactive flush(es), 1 terminate flush(es), 0 completion(s), 0 continuation(s) 
[2026-06-26T13:34:42.288-0300][10.225s][3992][8900 ][info][gc,nmethod  ] GC(6) y: NMethods: 5213 registered, 406 unregistered
[2026-06-26T13:34:42.288-0300][10.225s][3992][8900 ][info][gc,metaspace] GC(6) y: Metaspace: 49M used, 49M committed, 1088M reserved
[2026-06-26T13:34:42.288-0300][10.225s][3992][8900 ][info][gc,reloc    ] GC(6) y:                        Candidates     Selected     In-Place         Size        Empty    Relocated 
[2026-06-26T13:34:42.288-0300][10.225s][3992][8900 ][info][gc,reloc    ] GC(6) y: Small Pages:                   77           67            0         154M           2M          10M 
[2026-06-26T13:34:42.288-0300][10.225s][3992][8900 ][info][gc,reloc    ] GC(6) y: Medium Pages:                   0            0            0           0M           0M           0M 
[2026-06-26T13:34:42.288-0300][10.225s][3992][8900 ][info][gc,reloc    ] GC(6) y: Large Pages:                    0            0            0           0M           0M           0M 
[2026-06-26T13:34:42.288-0300][10.225s][3992][8900 ][info][gc,reloc    ] GC(6) y: Forwarding Usage: 5M
[2026-06-26T13:34:42.288-0300][10.225s][3992][8900 ][info][gc,reloc    ] GC(6) y: Age Table:
[2026-06-26T13:34:42.288-0300][10.225s][3992][8900 ][info][gc,reloc    ] GC(6) y:                    Live             Garbage             Small              Medium             Large        
[2026-06-26T13:34:42.288-0300][10.225s][3992][8900 ][info][gc,reloc    ] GC(6) y: Eden              10M (0%)          135M (4%)          73 / 66             0 / 0              0 / 0        
[2026-06-26T13:34:42.288-0300][10.225s][3992][8900 ][info][gc,reloc    ] GC(6) y: Survivor 1         3M (0%)            4M (0%)           4 / 1              0 / 0              0 / 0        
[2026-06-26T13:34:42.288-0300][10.225s][3992][8900 ][info][gc,heap     ] GC(6) y: Min Capacity: 8M(0%)
[2026-06-26T13:34:42.288-0300][10.225s][3992][8900 ][info][gc,heap     ] GC(6) y: Max Capacity: 3072M(100%)
[2026-06-26T13:34:42.288-0300][10.225s][3992][8900 ][info][gc,heap     ] GC(6) y: Soft Max Capacity: 3072M(100%)
[2026-06-26T13:34:42.288-0300][10.225s][3992][8900 ][info][gc,heap     ] GC(6) y: Heap Statistics:
[2026-06-26T13:34:42.288-0300][10.225s][3992][8900 ][info][gc,heap     ] GC(6) y:                Mark Start          Mark End        Relocate Start      Relocate End           High               Low         
[2026-06-26T13:34:42.288-0300][10.225s][3992][8900 ][info][gc,heap     ] GC(6) y:  Capacity:     2432M (79%)        2432M (79%)        2432M (79%)        2432M (79%)        2432M (79%)        2432M (79%)    
[2026-06-26T13:34:42.288-0300][10.225s][3992][8900 ][info][gc,heap     ] GC(6) y:      Free:     2666M (87%)        2662M (87%)        2664M (87%)        2790M (91%)        2790M (91%)        2654M (86%)    
[2026-06-26T13:34:42.288-0300][10.225s][3992][8900 ][info][gc,heap     ] GC(6) y:      Used:      406M (13%)         410M (13%)         408M (13%)         282M (9%)          418M (14%)         282M (9%)     
[2026-06-26T13:34:42.288-0300][10.225s][3992][8900 ][info][gc,heap     ] GC(6) y: Young Generation Statistics:
[2026-06-26T13:34:42.288-0300][10.225s][3992][8900 ][info][gc,heap     ] GC(6) y:                Mark Start          Mark End        Relocate Start      Relocate End    
[2026-06-26T13:34:42.288-0300][10.225s][3992][8900 ][info][gc,heap     ] GC(6) y:      Used:      154M (5%)          158M (5%)          156M (5%)           30M (1%)     
[2026-06-26T13:34:42.288-0300][10.225s][3992][8900 ][info][gc,heap     ] GC(6) y:      Live:         -                14M (0%)           14M (0%)           14M (0%)     
[2026-06-26T13:34:42.288-0300][10.225s][3992][8900 ][info][gc,heap     ] GC(6) y:   Garbage:         -               139M (5%)          137M (4%)            1M (0%)     
[2026-06-26T13:34:42.288-0300][10.225s][3992][8900 ][info][gc,heap     ] GC(6) y: Allocated:         -                 4M (0%)            4M (0%)           14M (0%)     
[2026-06-26T13:34:42.288-0300][10.225s][3992][8900 ][info][gc,heap     ] GC(6) y: Reclaimed:         -                  -                 2M (0%)          138M (4%)     
[2026-06-26T13:34:42.288-0300][10.225s][3992][8900 ][info][gc,heap     ] GC(6) y:  Promoted:         -                  -                 0M (0%)            0M (0%)     
[2026-06-26T13:34:42.288-0300][10.225s][3992][8900 ][info][gc,heap     ] GC(6) y: Compacted:         -                  -                  -                11M (0%)     
[2026-06-26T13:34:42.288-0300][10.225s][3992][8900 ][info][gc,phases   ] GC(6) y: Young Generation 406M(13%)->282M(9%) 0.027s
[2026-06-26T13:34:42.288-0300][10.225s][3992][8900 ][info][gc          ] GC(6) Minor Collection (Allocation Rate) 406M(13%)->282M(9%) 0.028s
[2026-06-26T13:34:50.432-0300][18.368s][3992][8900 ][info][gc          ] GC(7) Minor Collection (Allocation Rate)
[2026-06-26T13:34:50.432-0300][18.368s][3992][8900 ][info][gc,task     ] GC(7) Using 3 Workers for Young Generation
[2026-06-26T13:34:50.432-0300][18.368s][3992][8900 ][info][gc,phases   ] GC(7) y: Young Generation
[2026-06-26T13:34:50.432-0300][18.368s][3992][11424][info][gc,phases   ] GC(7) y: Pause Mark Start 0.009ms
[2026-06-26T13:34:50.569-0300][18.506s][3992][8900 ][info][gc,phases   ] GC(7) y: Concurrent Mark 138.204ms
[2026-06-26T13:34:50.569-0300][18.506s][3992][11424][info][gc,phases   ] GC(7) y: Pause Mark End 0.011ms
[2026-06-26T13:34:50.570-0300][18.506s][3992][8900 ][info][gc,phases   ] GC(7) y: Concurrent Mark Free 0.003ms
[2026-06-26T13:34:50.570-0300][18.506s][3992][8900 ][info][gc,phases   ] GC(7) y: Concurrent Reset Relocation Set 0.004ms
[2026-06-26T13:34:50.570-0300][18.506s][3992][8900 ][info][gc,reloc    ] GC(7) y: Using tenuring threshold: 3 (Computed)
[2026-06-26T13:34:50.584-0300][18.521s][3992][8900 ][info][gc,phases   ] GC(7) y: Concurrent Select Relocation Set 14.444ms
[2026-06-26T13:34:50.584-0300][18.521s][3992][11424][info][gc,phases   ] GC(7) y: Pause Relocate Start 0.011ms
[2026-06-26T13:34:50.656-0300][18.592s][3992][8900 ][info][gc,phases   ] GC(7) y: Concurrent Relocate 71.113ms
[2026-06-26T13:34:50.656-0300][18.592s][3992][8900 ][info][gc,alloc    ] GC(7) y:                         Mark Start        Mark End      Relocate Start    Relocate End   
[2026-06-26T13:34:50.656-0300][18.592s][3992][8900 ][info][gc,alloc    ] GC(7) y: Allocation Stalls:          0                0                0                0         
[2026-06-26T13:34:50.656-0300][18.592s][3992][8900 ][info][gc,load     ] GC(7) y: Load: 0.00 (0%) / 0.00 (0%) / 0.00 (0%)
[2026-06-26T13:34:50.656-0300][18.592s][3992][8900 ][info][gc,mmu      ] GC(7) y: MMU: 2ms/99.0%, 5ms/99.6%, 10ms/99.7%, 20ms/99.8%, 50ms/99.9%, 100ms/99.9%
[2026-06-26T13:34:50.656-0300][18.592s][3992][8900 ][info][gc,marking  ] GC(7) y: Mark: 2 stripe(s), 8 proactive flush(es), 1 terminate flush(es), 0 completion(s), 0 continuation(s) 
[2026-06-26T13:34:50.656-0300][18.592s][3992][8900 ][info][gc,nmethod  ] GC(7) y: NMethods: 8275 registered, 0 unregistered
[2026-06-26T13:34:50.656-0300][18.592s][3992][8900 ][info][gc,metaspace] GC(7) y: Metaspace: 52M used, 53M committed, 1088M reserved
[2026-06-26T13:34:50.656-0300][18.592s][3992][8900 ][info][gc,reloc    ] GC(7) y:                        Candidates     Selected     In-Place         Size        Empty    Relocated 
[2026-06-26T13:34:50.656-0300][18.592s][3992][8900 ][info][gc,reloc    ] GC(7) y: Small Pages:                  698          548            0        1396M          66M         136M 
[2026-06-26T13:34:50.656-0300][18.592s][3992][8900 ][info][gc,reloc    ] GC(7) y: Medium Pages:                   1            0            0          32M           0M           0M 
[2026-06-26T13:34:50.656-0300][18.592s][3992][8900 ][info][gc,reloc    ] GC(7) y: Large Pages:                    2            0            0          16M          16M           0M 
[2026-06-26T13:34:50.656-0300][18.592s][3992][8900 ][info][gc,reloc    ] GC(7) y: Forwarding Usage: 69M
[2026-06-26T13:34:50.656-0300][18.592s][3992][8900 ][info][gc,reloc    ] GC(7) y: Age Table:
[2026-06-26T13:34:50.656-0300][18.592s][3992][8900 ][info][gc,reloc    ] GC(7) y:                    Live             Garbage             Small              Medium             Large        
[2026-06-26T13:34:50.656-0300][18.592s][3992][8900 ][info][gc,reloc    ] GC(7) y: Eden             195M (6%)         1224M (40%)        686 / 544            1 / 0              2 / 0        
[2026-06-26T13:34:50.656-0300][18.592s][3992][8900 ][info][gc,reloc    ] GC(7) y: Survivor 1         8M (0%)            5M (0%)           7 / 2              0 / 0              0 / 0        
[2026-06-26T13:34:50.656-0300][18.592s][3992][8900 ][info][gc,reloc    ] GC(7) y: Survivor 2         3M (0%)            6M (0%)           5 / 2              0 / 0              0 / 0        
[2026-06-26T13:34:50.656-0300][18.592s][3992][8900 ][info][gc,heap     ] GC(7) y: Min Capacity: 8M(0%)
[2026-06-26T13:34:50.656-0300][18.592s][3992][8900 ][info][gc,heap     ] GC(7) y: Max Capacity: 3072M(100%)
[2026-06-26T13:34:50.656-0300][18.592s][3992][8900 ][info][gc,heap     ] GC(7) y: Soft Max Capacity: 3072M(100%)
[2026-06-26T13:34:50.656-0300][18.592s][3992][8900 ][info][gc,heap     ] GC(7) y: Heap Statistics:
[2026-06-26T13:34:50.656-0300][18.592s][3992][8900 ][info][gc,heap     ] GC(7) y:                Mark Start          Mark End        Relocate Start      Relocate End           High               Low         
[2026-06-26T13:34:50.656-0300][18.592s][3992][8900 ][info][gc,heap     ] GC(7) y:  Capacity:     2432M (79%)        2432M (79%)        2432M (79%)        2432M (79%)        2432M (79%)        2432M (79%)    
[2026-06-26T13:34:50.656-0300][18.592s][3992][8900 ][info][gc,heap     ] GC(7) y:      Free:     1376M (45%)        1364M (44%)        1446M (47%)        2544M (83%)        2544M (83%)        1364M (44%)    
[2026-06-26T13:34:50.656-0300][18.592s][3992][8900 ][info][gc,heap     ] GC(7) y:      Used:     1696M (55%)        1708M (56%)        1626M (53%)         528M (17%)        1708M (56%)         528M (17%)    
[2026-06-26T13:34:50.656-0300][18.592s][3992][8900 ][info][gc,heap     ] GC(7) y: Young Generation Statistics:
[2026-06-26T13:34:50.656-0300][18.592s][3992][8900 ][info][gc,heap     ] GC(7) y:                Mark Start          Mark End        Relocate Start      Relocate End    
[2026-06-26T13:34:50.656-0300][18.592s][3992][8900 ][info][gc,heap     ] GC(7) y:      Used:     1444M (47%)        1456M (47%)        1374M (45%)         276M (9%)     
[2026-06-26T13:34:50.656-0300][18.592s][3992][8900 ][info][gc,heap     ] GC(7) y:      Live:         -               208M (7%)          208M (7%)          208M (7%)     
[2026-06-26T13:34:50.656-0300][18.592s][3992][8900 ][info][gc,heap     ] GC(7) y:   Garbage:         -              1235M (40%)        1153M (38%)          32M (1%)     
[2026-06-26T13:34:50.656-0300][18.592s][3992][8900 ][info][gc,heap     ] GC(7) y: Allocated:         -                12M (0%)           12M (0%)           35M (1%)     
[2026-06-26T13:34:50.656-0300][18.592s][3992][8900 ][info][gc,heap     ] GC(7) y: Reclaimed:         -                  -                82M (3%)         1203M (39%)    
[2026-06-26T13:34:50.656-0300][18.592s][3992][8900 ][info][gc,heap     ] GC(7) y:  Promoted:         -                  -                 0M (0%)            0M (0%)     
[2026-06-26T13:34:50.656-0300][18.592s][3992][8900 ][info][gc,heap     ] GC(7) y: Compacted:         -                  -                  -               176M (6%)     
[2026-06-26T13:34:50.656-0300][18.592s][3992][8900 ][info][gc,phases   ] GC(7) y: Young Generation 1696M(55%)->528M(17%) 0.224s
[2026-06-26T13:34:50.656-0300][18.592s][3992][8900 ][info][gc          ] GC(7) Minor Collection (Allocation Rate) 1696M(55%)->528M(17%) 0.225s
[2026-06-26T13:34:50.656-0300][18.592s][3992][8900 ][info][gc          ] GC(8) Minor Collection (Allocation Rate)
[2026-06-26T13:34:50.656-0300][18.592s][3992][8900 ][info][gc,task     ] GC(8) Using 3 Workers for Young Generation
[2026-06-26T13:34:50.656-0300][18.592s][3992][8900 ][info][gc,phases   ] GC(8) y: Young Generation
[2026-06-26T13:34:50.656-0300][18.592s][3992][11424][info][gc,phases   ] GC(8) y: Pause Mark Start 0.009ms
[2026-06-26T13:34:50.844-0300][18.780s][3992][8900 ][info][gc,phases   ] GC(8) y: Concurrent Mark 187.835ms
[2026-06-26T13:34:50.844-0300][18.780s][3992][11424][info][gc,phases   ] GC(8) y: Pause Mark End 0.011ms
[2026-06-26T13:34:50.844-0300][18.780s][3992][8900 ][info][gc,phases   ] GC(8) y: Concurrent Mark Free 0.002ms
[2026-06-26T13:34:50.844-0300][18.780s][3992][8900 ][info][gc,phases   ] GC(8) y: Concurrent Reset Relocation Set 0.038ms
[2026-06-26T13:34:50.844-0300][18.780s][3992][8900 ][info][gc,reloc    ] GC(8) y: Using tenuring threshold: 1 (Computed)
[2026-06-26T13:34:50.886-0300][18.822s][3992][8900 ][info][gc,phases   ] GC(8) y: Concurrent Select Relocation Set 41.664ms
[2026-06-26T13:34:50.886-0300][18.822s][3992][11424][info][gc,phases   ] GC(8) y: Pause Relocate Start 0.013ms
[2026-06-26T13:34:50.954-0300][18.890s][3992][8900 ][info][gc,phases   ] GC(8) y: Concurrent Relocate 68.120ms
[2026-06-26T13:34:50.954-0300][18.890s][3992][8900 ][info][gc,alloc    ] GC(8) y:                         Mark Start        Mark End      Relocate Start    Relocate End   
[2026-06-26T13:34:50.954-0300][18.890s][3992][8900 ][info][gc,alloc    ] GC(8) y: Allocation Stalls:          0                0                0                0         
[2026-06-26T13:34:50.954-0300][18.890s][3992][8900 ][info][gc,load     ] GC(8) y: Load: 0.00 (0%) / 0.00 (0%) / 0.00 (0%)
[2026-06-26T13:34:50.954-0300][18.891s][3992][8900 ][info][gc,mmu      ] GC(8) y: MMU: 2ms/99.0%, 5ms/99.6%, 10ms/99.7%, 20ms/99.8%, 50ms/99.9%, 100ms/99.9%
[2026-06-26T13:34:50.954-0300][18.891s][3992][8900 ][info][gc,marking  ] GC(8) y: Mark: 2 stripe(s), 3 proactive flush(es), 1 terminate flush(es), 0 completion(s), 0 continuation(s) 
[2026-06-26T13:34:50.954-0300][18.891s][3992][8900 ][info][gc,nmethod  ] GC(8) y: NMethods: 8278 registered, 0 unregistered
[2026-06-26T13:34:50.954-0300][18.891s][3992][8900 ][info][gc,metaspace] GC(8) y: Metaspace: 52M used, 53M committed, 1088M reserved
[2026-06-26T13:34:50.954-0300][18.891s][3992][8900 ][info][gc,reloc    ] GC(8) y:                        Candidates     Selected     In-Place         Size        Empty    Relocated 
[2026-06-26T13:34:50.955-0300][18.891s][3992][8900 ][info][gc,reloc    ] GC(8) y: Small Pages:                  122           14            0         244M           6M           4M 
[2026-06-26T13:34:50.955-0300][18.891s][3992][8900 ][info][gc,reloc    ] GC(8) y: Medium Pages:                   1            0            0          32M           0M           0M 
[2026-06-26T13:34:50.955-0300][18.891s][3992][8900 ][info][gc,reloc    ] GC(8) y: Large Pages:                    0            0            0           0M           0M           0M 
[2026-06-26T13:34:50.955-0300][18.891s][3992][8900 ][info][gc,reloc    ] GC(8) y: Forwarding Usage: 2M
[2026-06-26T13:34:50.955-0300][18.891s][3992][8900 ][info][gc,reloc    ] GC(8) y: Age Table:
[2026-06-26T13:34:50.955-0300][18.891s][3992][8900 ][info][gc,reloc    ] GC(8) y:                    Live             Garbage             Small              Medium             Large        
[2026-06-26T13:34:50.955-0300][18.891s][3992][8900 ][info][gc,reloc    ] GC(8) y: Eden               0M (0%)           13M (0%)           7 / 6              0 / 0              0 / 0        
[2026-06-26T13:34:50.955-0300][18.891s][3992][8900 ][info][gc,reloc    ] GC(8) y: Survivor 1       195M (6%)           46M (2%)         105 / 5              1 / 0              0 / 0        
[2026-06-26T13:34:50.955-0300][18.891s][3992][8900 ][info][gc,reloc    ] GC(8) y: Survivor 2         8M (0%)            3M (0%)           6 / 2              0 / 0              0 / 0        
[2026-06-26T13:34:50.955-0300][18.891s][3992][8900 ][info][gc,reloc    ] GC(8) y: Survivor 3         3M (0%)            4M (0%)           4 / 1              0 / 0              0 / 0        
[2026-06-26T13:34:50.955-0300][18.891s][3992][8900 ][info][gc,heap     ] GC(8) y: Min Capacity: 8M(0%)
[2026-06-26T13:34:50.955-0300][18.891s][3992][8900 ][info][gc,heap     ] GC(8) y: Max Capacity: 3072M(100%)
[2026-06-26T13:34:50.955-0300][18.891s][3992][8900 ][info][gc,heap     ] GC(8) y: Soft Max Capacity: 3072M(100%)
[2026-06-26T13:34:50.955-0300][18.891s][3992][8900 ][info][gc,heap     ] GC(8) y: Heap Statistics:
[2026-06-26T13:34:50.955-0300][18.891s][3992][8900 ][info][gc,heap     ] GC(8) y:                Mark Start          Mark End        Relocate Start      Relocate End           High               Low         
[2026-06-26T13:34:50.955-0300][18.891s][3992][8900 ][info][gc,heap     ] GC(8) y:  Capacity:     2432M (79%)        2432M (79%)        2432M (79%)        2432M (79%)        2432M (79%)        2432M (79%)    
[2026-06-26T13:34:50.955-0300][18.891s][3992][8900 ][info][gc,heap     ] GC(8) y:      Free:     2544M (83%)        2532M (82%)        2538M (83%)        2556M (83%)        2556M (83%)        2528M (82%)    
[2026-06-26T13:34:50.955-0300][18.891s][3992][8900 ][info][gc,heap     ] GC(8) y:      Used:      528M (17%)         540M (18%)         534M (17%)         516M (17%)         544M (18%)         516M (17%)    
[2026-06-26T13:34:50.955-0300][18.891s][3992][8900 ][info][gc,heap     ] GC(8) y: Young Generation Statistics:
[2026-06-26T13:34:50.955-0300][18.891s][3992][8900 ][info][gc,heap     ] GC(8) y:                Mark Start          Mark End        Relocate Start      Relocate End    
[2026-06-26T13:34:50.955-0300][18.891s][3992][8900 ][info][gc,heap     ] GC(8) y:      Used:      276M (9%)          288M (9%)           50M (2%)           16M (1%)     
[2026-06-26T13:34:50.955-0300][18.891s][3992][8900 ][info][gc,heap     ] GC(8) y:      Live:         -               207M (7%)            8M (0%)            0M (0%)     
[2026-06-26T13:34:50.955-0300][18.891s][3992][8900 ][info][gc,heap     ] GC(8) y:   Garbage:         -                68M (2%)           29M (1%)            0M (0%)     
[2026-06-26T13:34:50.955-0300][18.891s][3992][8900 ][info][gc,heap     ] GC(8) y: Allocated:         -                12M (0%)           12M (0%)           15M (1%)     
[2026-06-26T13:34:50.955-0300][18.891s][3992][8900 ][info][gc,heap     ] GC(8) y: Reclaimed:         -                  -                38M (1%)           68M (2%)     
[2026-06-26T13:34:50.955-0300][18.891s][3992][8900 ][info][gc,heap     ] GC(8) y:  Promoted:         -                  -               199M (6%)          207M (7%)     
[2026-06-26T13:34:50.955-0300][18.891s][3992][8900 ][info][gc,heap     ] GC(8) y: Compacted:         -                  -                  -                 0M (0%)     
[2026-06-26T13:34:50.955-0300][18.891s][3992][8900 ][info][gc,phases   ] GC(8) y: Young Generation 528M(17%)->516M(17%) 0.298s
[2026-06-26T13:34:50.955-0300][18.891s][3992][8900 ][info][gc          ] GC(8) Minor Collection (Allocation Rate) 528M(17%)->516M(17%) 0.299s
[2026-06-26T13:34:53.447-0300][21.383s][3992][15924][info][gc          ] GC(9) Major Collection (Allocation Rate)
[2026-06-26T13:34:53.447-0300][21.383s][3992][15924][info][gc,task     ] GC(9) Using 3 Workers for Young Generation
[2026-06-26T13:34:53.447-0300][21.383s][3992][15924][info][gc,task     ] GC(9) Using 1 Workers for Old Generation
[2026-06-26T13:34:53.447-0300][21.383s][3992][15924][info][gc,phases   ] GC(9) Y: Young Generation
[2026-06-26T13:34:53.447-0300][21.383s][3992][11424][info][gc,phases   ] GC(9) Y: Pause Mark Start (Major) 0.013ms
[2026-06-26T13:34:53.472-0300][21.409s][3992][15924][info][gc,phases   ] GC(9) Y: Concurrent Mark 26.000ms
[2026-06-26T13:34:53.473-0300][21.409s][3992][11424][info][gc,phases   ] GC(9) Y: Pause Mark End 0.012ms
[2026-06-26T13:34:53.473-0300][21.409s][3992][15924][info][gc,phases   ] GC(9) Y: Concurrent Mark Free 0.003ms
[2026-06-26T13:34:53.473-0300][21.409s][3992][15924][info][gc,phases   ] GC(9) Y: Concurrent Reset Relocation Set 0.123ms
[2026-06-26T13:34:53.473-0300][21.409s][3992][15924][info][gc,reloc    ] GC(9) Y: Using tenuring threshold: 2 (Computed)
[2026-06-26T13:34:53.475-0300][21.412s][3992][15924][info][gc,phases   ] GC(9) Y: Concurrent Select Relocation Set 2.500ms
[2026-06-26T13:34:53.475-0300][21.412s][3992][11424][info][gc,phases   ] GC(9) Y: Pause Relocate Start 0.007ms
[2026-06-26T13:34:53.485-0300][21.422s][3992][15924][info][gc,phases   ] GC(9) Y: Concurrent Relocate 10.681ms
[2026-06-26T13:34:53.486-0300][21.423s][3992][15924][info][gc,alloc    ] GC(9) Y:                         Mark Start        Mark End      Relocate Start    Relocate End   
[2026-06-26T13:34:53.486-0300][21.423s][3992][15924][info][gc,alloc    ] GC(9) Y: Allocation Stalls:          0                0                0                0         
[2026-06-26T13:34:53.486-0300][21.423s][3992][15924][info][gc,load     ] GC(9) Y: Load: 0.00 (0%) / 0.00 (0%) / 0.00 (0%)
[2026-06-26T13:34:53.486-0300][21.423s][3992][15924][info][gc,mmu      ] GC(9) Y: MMU: 2ms/99.0%, 5ms/99.6%, 10ms/99.7%, 20ms/99.8%, 50ms/99.9%, 100ms/99.9%
[2026-06-26T13:34:53.486-0300][21.423s][3992][15924][info][gc,marking  ] GC(9) Y: Mark: 2 stripe(s), 10 proactive flush(es), 1 terminate flush(es), 0 completion(s), 0 continuation(s) 
[2026-06-26T13:34:53.486-0300][21.423s][3992][15924][info][gc,nmethod  ] GC(9) Y: NMethods: 9320 registered, 0 unregistered
[2026-06-26T13:34:53.486-0300][21.423s][3992][15924][info][gc,metaspace] GC(9) Y: Metaspace: 56M used, 57M committed, 1088M reserved
[2026-06-26T13:34:53.486-0300][21.423s][3992][15924][info][gc,reloc    ] GC(9) Y:                        Candidates     Selected     In-Place         Size        Empty    Relocated 
[2026-06-26T13:34:53.486-0300][21.423s][3992][15924][info][gc,reloc    ] GC(9) Y: Small Pages:                   61           40            0         122M           0M          14M 
[2026-06-26T13:34:53.486-0300][21.423s][3992][15924][info][gc,reloc    ] GC(9) Y: Medium Pages:                   1            0            0          32M           0M           0M 
[2026-06-26T13:34:53.486-0300][21.423s][3992][15924][info][gc,reloc    ] GC(9) Y: Large Pages:                    0            0            0           0M           0M           0M 
[2026-06-26T13:34:53.486-0300][21.423s][3992][15924][info][gc,reloc    ] GC(9) Y: Forwarding Usage: 10M
[2026-06-26T13:34:53.486-0300][21.423s][3992][15924][info][gc,reloc    ] GC(9) Y: Age Table:
[2026-06-26T13:34:53.486-0300][21.423s][3992][15924][info][gc,reloc    ] GC(9) Y:                    Live             Garbage             Small              Medium             Large        
[2026-06-26T13:34:53.486-0300][21.423s][3992][15924][info][gc,reloc    ] GC(9) Y: Eden              38M (1%)          111M (4%)          59 / 39             1 / 0              0 / 0        
[2026-06-26T13:34:53.486-0300][21.423s][3992][15924][info][gc,reloc    ] GC(9) Y: Survivor 1         0M (0%)            3M (0%)           2 / 1              0 / 0              0 / 0        
[2026-06-26T13:34:53.486-0300][21.423s][3992][15924][info][gc,heap     ] GC(9) Y: Min Capacity: 8M(0%)
[2026-06-26T13:34:53.486-0300][21.423s][3992][15924][info][gc,heap     ] GC(9) Y: Max Capacity: 3072M(100%)
[2026-06-26T13:34:53.486-0300][21.423s][3992][15924][info][gc,heap     ] GC(9) Y: Soft Max Capacity: 3072M(100%)
[2026-06-26T13:34:53.486-0300][21.423s][3992][15924][info][gc,heap     ] GC(9) Y: Heap Statistics:
[2026-06-26T13:34:53.486-0300][21.423s][3992][15924][info][gc,heap     ] GC(9) Y:                Mark Start          Mark End        Relocate Start      Relocate End           High               Low         
[2026-06-26T13:34:53.486-0300][21.423s][3992][15924][info][gc,heap     ] GC(9) Y:  Capacity:     2432M (79%)        2432M (79%)        2432M (79%)        2432M (79%)        2432M (79%)        2432M (79%)    
[2026-06-26T13:34:53.486-0300][21.423s][3992][15924][info][gc,heap     ] GC(9) Y:      Free:     2418M (79%)        2408M (78%)        2408M (78%)        2476M (81%)        2476M (81%)        2398M (78%)    
[2026-06-26T13:34:53.486-0300][21.423s][3992][15924][info][gc,heap     ] GC(9) Y:      Used:      654M (21%)         664M (22%)         664M (22%)         596M (19%)         674M (22%)         596M (19%)    
[2026-06-26T13:34:53.486-0300][21.423s][3992][15924][info][gc,heap     ] GC(9) Y: Young Generation Statistics:
[2026-06-26T13:34:53.486-0300][21.423s][3992][15924][info][gc,heap     ] GC(9) Y:                Mark Start          Mark End        Relocate Start      Relocate End    
[2026-06-26T13:34:53.486-0300][21.423s][3992][15924][info][gc,heap     ] GC(9) Y:      Used:      154M (5%)          164M (5%)          164M (5%)           96M (3%)     
[2026-06-26T13:34:53.486-0300][21.423s][3992][15924][info][gc,heap     ] GC(9) Y:      Live:         -                38M (1%)           38M (1%)           38M (1%)     
[2026-06-26T13:34:53.486-0300][21.423s][3992][15924][info][gc,heap     ] GC(9) Y:   Garbage:         -               115M (4%)          115M (4%)           31M (1%)     
[2026-06-26T13:34:53.486-0300][21.423s][3992][15924][info][gc,heap     ] GC(9) Y: Allocated:         -                10M (0%)           10M (0%)           25M (1%)     
[2026-06-26T13:34:53.486-0300][21.423s][3992][15924][info][gc,heap     ] GC(9) Y: Reclaimed:         -                  -                 0M (0%)           83M (3%)     
[2026-06-26T13:34:53.486-0300][21.423s][3992][15924][info][gc,heap     ] GC(9) Y:  Promoted:         -                  -                 0M (0%)            0M (0%)     
[2026-06-26T13:34:53.487-0300][21.423s][3992][15924][info][gc,heap     ] GC(9) Y: Compacted:         -                  -                  -                20M (1%)     
[2026-06-26T13:34:53.487-0300][21.423s][3992][15924][info][gc,phases   ] GC(9) Y: Young Generation 654M(21%)->596M(19%) 0.040s
[2026-06-26T13:34:53.487-0300][21.423s][3992][15924][info][gc,phases   ] GC(9) O: Old Generation
[2026-06-26T13:34:53.857-0300][21.793s][3992][5828 ][info][gc,task     ] Adjusting Workers for Old Generation: 1 -> 2
[2026-06-26T13:34:53.857-0300][21.793s][3992][8900 ][info][gc          ] GC(10) Minor Collection (Allocation Rate)
[2026-06-26T13:34:53.857-0300][21.793s][3992][8900 ][info][gc,task     ] GC(10) Using 1 Workers for Young Generation
[2026-06-26T13:34:53.857-0300][21.793s][3992][8900 ][info][gc,phases   ] GC(10) y: Young Generation
[2026-06-26T13:34:53.857-0300][21.793s][3992][11424][info][gc,phases   ] GC(10) y: Pause Mark Start 0.010ms
[2026-06-26T13:34:53.935-0300][21.871s][3992][8900 ][info][gc,phases   ] GC(10) y: Concurrent Mark 77.699ms
[2026-06-26T13:34:53.935-0300][21.871s][3992][11424][info][gc,phases   ] GC(10) y: Pause Mark End 0.013ms
[2026-06-26T13:34:53.935-0300][21.871s][3992][8900 ][info][gc,phases   ] GC(10) y: Concurrent Mark Free 0.004ms
[2026-06-26T13:34:53.935-0300][21.871s][3992][8900 ][info][gc,phases   ] GC(10) y: Concurrent Reset Relocation Set 0.004ms
[2026-06-26T13:34:53.935-0300][21.871s][3992][8900 ][info][gc,reloc    ] GC(10) y: Using tenuring threshold: 1 (Computed)
[2026-06-26T13:34:53.945-0300][21.881s][3992][8900 ][info][gc,phases   ] GC(10) y: Concurrent Select Relocation Set 10.400ms
[2026-06-26T13:34:53.945-0300][21.881s][3992][11424][info][gc,phases   ] GC(10) y: Pause Relocate Start 0.010ms
[2026-06-26T13:34:53.968-0300][21.904s][3992][8900 ][info][gc,phases   ] GC(10) y: Concurrent Relocate 22.622ms
[2026-06-26T13:34:53.968-0300][21.904s][3992][8900 ][info][gc,alloc    ] GC(10) y:                         Mark Start        Mark End      Relocate Start    Relocate End   
[2026-06-26T13:34:53.968-0300][21.904s][3992][8900 ][info][gc,alloc    ] GC(10) y: Allocation Stalls:          0                0                0                0         
[2026-06-26T13:34:53.968-0300][21.904s][3992][8900 ][info][gc,load     ] GC(10) y: Load: 0.00 (0%) / 0.00 (0%) / 0.00 (0%)
[2026-06-26T13:34:53.968-0300][21.904s][3992][8900 ][info][gc,mmu      ] GC(10) y: MMU: 2ms/99.0%, 5ms/99.6%, 10ms/99.7%, 20ms/99.8%, 50ms/99.9%, 100ms/99.9%
[2026-06-26T13:34:53.968-0300][21.904s][3992][8900 ][info][gc,marking  ] GC(10) y: Mark: 1 stripe(s), 2 proactive flush(es), 1 terminate flush(es), 0 completion(s), 0 continuation(s) 
[2026-06-26T13:34:53.968-0300][21.904s][3992][8900 ][info][gc,nmethod  ] GC(10) y: NMethods: 9700 registered, 0 unregistered
[2026-06-26T13:34:53.968-0300][21.904s][3992][8900 ][info][gc,metaspace] GC(10) y: Metaspace: 56M used, 57M committed, 1088M reserved
[2026-06-26T13:34:53.968-0300][21.904s][3992][8900 ][info][gc,reloc    ] GC(10) y:                        Candidates     Selected     In-Place         Size        Empty    Relocated 
[2026-06-26T13:34:53.968-0300][21.904s][3992][8900 ][info][gc,reloc    ] GC(10) y: Small Pages:                   61           38            0         122M           4M           4M 
[2026-06-26T13:34:53.968-0300][21.904s][3992][8900 ][info][gc,reloc    ] GC(10) y: Medium Pages:                   1            0            0          32M           0M           0M 
[2026-06-26T13:34:53.968-0300][21.904s][3992][8900 ][info][gc,reloc    ] GC(10) y: Large Pages:                    0            0            0           0M           0M           0M 
[2026-06-26T13:34:53.968-0300][21.904s][3992][8900 ][info][gc,reloc    ] GC(10) y: Forwarding Usage: 1M
[2026-06-26T13:34:53.968-0300][21.904s][3992][8900 ][info][gc,reloc    ] GC(10) y: Age Table:
[2026-06-26T13:34:53.968-0300][21.904s][3992][8900 ][info][gc,reloc    ] GC(10) y:                    Live             Garbage             Small              Medium             Large        
[2026-06-26T13:34:53.968-0300][21.904s][3992][8900 ][info][gc,reloc    ] GC(10) y: Eden               3M (0%)           64M (2%)          34 / 32             0 / 0              0 / 0        
[2026-06-26T13:34:53.968-0300][21.904s][3992][8900 ][info][gc,reloc    ] GC(10) y: Survivor 1        38M (1%)           43M (1%)          25 / 4              1 / 0              0 / 0        
[2026-06-26T13:34:53.968-0300][21.904s][3992][8900 ][info][gc,reloc    ] GC(10) y: Survivor 2         0M (0%)            3M (0%)           2 / 2              0 / 0              0 / 0        
[2026-06-26T13:34:53.968-0300][21.904s][3992][8900 ][info][gc,heap     ] GC(10) y: Min Capacity: 8M(0%)
[2026-06-26T13:34:53.968-0300][21.904s][3992][8900 ][info][gc,heap     ] GC(10) y: Max Capacity: 3072M(100%)
[2026-06-26T13:34:53.968-0300][21.904s][3992][8900 ][info][gc,heap     ] GC(10) y: Soft Max Capacity: 3072M(100%)
[2026-06-26T13:34:53.968-0300][21.904s][3992][8900 ][info][gc,heap     ] GC(10) y: Heap Statistics:
[2026-06-26T13:34:53.968-0300][21.904s][3992][8900 ][info][gc,heap     ] GC(10) y:                Mark Start          Mark End        Relocate Start      Relocate End           High               Low         
[2026-06-26T13:34:53.968-0300][21.904s][3992][8900 ][info][gc,heap     ] GC(10) y:  Capacity:     2432M (79%)        2432M (79%)        2432M (79%)        2432M (79%)        2432M (79%)        2432M (79%)    
[2026-06-26T13:34:53.968-0300][21.904s][3992][8900 ][info][gc,heap     ] GC(10) y:      Free:     2418M (79%)        2396M (78%)        2398M (78%)        2458M (80%)        2458M (80%)        2396M (78%)    
[2026-06-26T13:34:53.968-0300][21.904s][3992][8900 ][info][gc,heap     ] GC(10) y:      Used:      654M (21%)         676M (22%)         674M (22%)         614M (20%)         676M (22%)         614M (20%)    
[2026-06-26T13:34:53.968-0300][21.904s][3992][8900 ][info][gc,heap     ] GC(10) y: Young Generation Statistics:
[2026-06-26T13:34:53.968-0300][21.904s][3992][8900 ][info][gc,heap     ] GC(10) y:                Mark Start          Mark End        Relocate Start      Relocate End    
[2026-06-26T13:34:53.968-0300][21.904s][3992][8900 ][info][gc,heap     ] GC(10) y:      Used:      154M (5%)          176M (6%)          108M (4%)           40M (1%)     
[2026-06-26T13:34:53.968-0300][21.904s][3992][8900 ][info][gc,heap     ] GC(10) y:      Live:         -                41M (1%)            6M (0%)            3M (0%)     
[2026-06-26T13:34:53.968-0300][21.904s][3992][8900 ][info][gc,heap     ] GC(10) y:   Garbage:         -               112M (4%)           77M (3%)            0M (0%)     
[2026-06-26T13:34:53.968-0300][21.904s][3992][8900 ][info][gc,heap     ] GC(10) y: Allocated:         -                22M (1%)           24M (1%)           36M (1%)     
[2026-06-26T13:34:53.968-0300][21.904s][3992][8900 ][info][gc,heap     ] GC(10) y: Reclaimed:         -                  -                34M (1%)          112M (4%)     
[2026-06-26T13:34:53.968-0300][21.904s][3992][8900 ][info][gc,heap     ] GC(10) y:  Promoted:         -                  -                35M (1%)           38M (1%)     
[2026-06-26T13:34:53.968-0300][21.904s][3992][8900 ][info][gc,heap     ] GC(10) y: Compacted:         -                  -                  -                 3M (0%)     
[2026-06-26T13:34:53.968-0300][21.904s][3992][8900 ][info][gc,phases   ] GC(10) y: Young Generation 654M(21%)->614M(20%) 0.111s
[2026-06-26T13:34:53.968-0300][21.904s][3992][8900 ][info][gc          ] GC(10) Minor Collection (Allocation Rate) 654M(21%)->614M(20%) 0.112s
[2026-06-26T13:34:54.056-0300][21.992s][3992][15924][info][gc,phases   ] GC(9) O: Concurrent Mark 569.223ms
[2026-06-26T13:34:54.056-0300][21.992s][3992][11424][info][gc,phases   ] GC(9) O: Pause Mark End 0.013ms
[2026-06-26T13:34:54.056-0300][21.992s][3992][15924][info][gc,phases   ] GC(9) O: Concurrent Mark Free 0.004ms
[2026-06-26T13:34:54.070-0300][22.006s][3992][15924][info][gc,phases   ] GC(9) O: Concurrent Process Non-Strong 14.042ms
[2026-06-26T13:34:54.070-0300][22.007s][3992][15924][info][gc,phases   ] GC(9) O: Concurrent Reset Relocation Set 0.002ms
[2026-06-26T13:34:54.070-0300][22.007s][3992][15924][info][gc,phases   ] GC(9) O: Concurrent Select Relocation Set 0.329ms
[2026-06-26T13:34:54.070-0300][22.007s][3992][15924][info][gc,task     ] GC(9) O: Using 3 Workers for Old Generation
[2026-06-26T13:34:54.074-0300][22.011s][3992][15924][info][gc,task     ] GC(9) O: Using 2 Workers for Old Generation
[2026-06-26T13:34:54.074-0300][22.011s][3992][15924][info][gc,phases   ] GC(9) O: Concurrent Remap Roots 3.819ms
[2026-06-26T13:34:54.074-0300][22.011s][3992][11424][info][gc,phases   ] GC(9) O: Pause Relocate Start 0.012ms
[2026-06-26T13:34:54.081-0300][22.018s][3992][15924][info][gc,phases   ] GC(9) O: Concurrent Relocate 7.073ms
[2026-06-26T13:34:54.081-0300][22.018s][3992][15924][info][gc,alloc    ] GC(9) O:                         Mark Start        Mark End      Relocate Start    Relocate End   
[2026-06-26T13:34:54.081-0300][22.018s][3992][15924][info][gc,alloc    ] GC(9) O: Allocation Stalls:          0                0                0                0         
[2026-06-26T13:34:54.081-0300][22.018s][3992][15924][info][gc,load     ] GC(9) O: Load: 0.00 (0%) / 0.00 (0%) / 0.00 (0%)
[2026-06-26T13:34:54.082-0300][22.018s][3992][15924][info][gc,mmu      ] GC(9) O: MMU: 2ms/99.0%, 5ms/99.6%, 10ms/99.7%, 20ms/99.8%, 50ms/99.9%, 100ms/99.9%
[2026-06-26T13:34:54.082-0300][22.018s][3992][15924][info][gc,marking  ] GC(9) O: Mark: 1 stripe(s), 10 proactive flush(es), 1 terminate flush(es), 0 completion(s), 0 continuation(s) 
[2026-06-26T13:34:54.082-0300][22.018s][3992][15924][info][gc,nmethod  ] GC(9) O: NMethods: 8414 registered, 1317 unregistered
[2026-06-26T13:34:54.082-0300][22.018s][3992][15924][info][gc,metaspace] GC(9) O: Metaspace: 56M used, 57M committed, 1088M reserved
[2026-06-26T13:34:54.082-0300][22.018s][3992][15924][info][gc,ref      ] GC(9) O:                       Encountered   Discovered     Enqueued 
[2026-06-26T13:34:54.082-0300][22.018s][3992][15924][info][gc,ref      ] GC(9) O: Soft References:             5122            0            0 
[2026-06-26T13:34:54.082-0300][22.018s][3992][15924][info][gc,ref      ] GC(9) O: Weak References:             4694         2357          155 
[2026-06-26T13:34:54.082-0300][22.018s][3992][15924][info][gc,ref      ] GC(9) O: Final References:              23            7            7 
[2026-06-26T13:34:54.082-0300][22.018s][3992][15924][info][gc,ref      ] GC(9) O: Phantom References:         15115         1497            8 
[2026-06-26T13:34:54.082-0300][22.018s][3992][15924][info][gc,reloc    ] GC(9) O:                        Candidates     Selected     In-Place         Size        Empty    Relocated 
[2026-06-26T13:34:54.082-0300][22.018s][3992][15924][info][gc,reloc    ] GC(9) O: Small Pages:                  212            7            0         424M           2M           3M 
[2026-06-26T13:34:54.082-0300][22.018s][3992][15924][info][gc,reloc    ] GC(9) O: Medium Pages:                   2            1            0          64M           0M           9M 
[2026-06-26T13:34:54.082-0300][22.018s][3992][15924][info][gc,reloc    ] GC(9) O: Large Pages:                    1            0            0          12M           0M           0M 
[2026-06-26T13:34:54.082-0300][22.018s][3992][15924][info][gc,reloc    ] GC(9) O: Forwarding Usage: 3M
[2026-06-26T13:34:54.082-0300][22.018s][3992][15924][info][gc,heap     ] GC(9) O: Min Capacity: 8M(0%)
[2026-06-26T13:34:54.082-0300][22.018s][3992][15924][info][gc,heap     ] GC(9) O: Max Capacity: 3072M(100%)
[2026-06-26T13:34:54.082-0300][22.018s][3992][15924][info][gc,heap     ] GC(9) O: Soft Max Capacity: 3072M(100%)
[2026-06-26T13:34:54.082-0300][22.018s][3992][15924][info][gc,heap     ] GC(9) O: Heap Statistics:
[2026-06-26T13:34:54.082-0300][22.018s][3992][15924][info][gc,heap     ] GC(9) O:                Mark Start          Mark End        Relocate Start      Relocate End           High               Low         
[2026-06-26T13:34:54.082-0300][22.018s][3992][15924][info][gc,heap     ] GC(9) O:  Capacity:     2432M (79%)        2432M (79%)        2432M (79%)        2432M (79%)        2432M (79%)        2432M (79%)    
[2026-06-26T13:34:54.082-0300][22.018s][3992][15924][info][gc,heap     ] GC(9) O:      Free:     2418M (79%)        2440M (79%)        2438M (79%)        2474M (81%)        2478M (81%)        2396M (78%)    
[2026-06-26T13:34:54.082-0300][22.018s][3992][15924][info][gc,heap     ] GC(9) O:      Used:      654M (21%)         632M (21%)         634M (21%)         598M (19%)         676M (22%)         594M (19%)    
[2026-06-26T13:34:54.082-0300][22.018s][3992][15924][info][gc,heap     ] GC(9) O: Old Generation Statistics:
[2026-06-26T13:34:54.082-0300][22.018s][3992][15924][info][gc,heap     ] GC(9) O:                Mark Start          Mark End        Relocate Start      Relocate End    
[2026-06-26T13:34:54.082-0300][22.018s][3992][15924][info][gc,heap     ] GC(9) O:      Used:      500M (16%)         574M (19%)         572M (19%)         532M (17%)    
[2026-06-26T13:34:54.082-0300][22.018s][3992][15924][info][gc,heap     ] GC(9) O:      Live:         -               422M (14%)         422M (14%)         422M (14%)    
[2026-06-26T13:34:54.082-0300][22.018s][3992][15924][info][gc,heap     ] GC(9) O:   Garbage:         -                77M (3%)           75M (2%)            8M (0%)     
[2026-06-26T13:34:54.082-0300][22.018s][3992][15924][info][gc,heap     ] GC(9) O: Allocated:         -                74M (2%)           74M (2%)          101M (3%)     
[2026-06-26T13:34:54.082-0300][22.018s][3992][15924][info][gc,heap     ] GC(9) O: Reclaimed:         -                  -                 2M (0%)           69M (2%)     
[2026-06-26T13:34:54.082-0300][22.018s][3992][15924][info][gc,heap     ] GC(9) O: Compacted:         -                  -                  -                20M (1%)     
[2026-06-26T13:34:54.082-0300][22.018s][3992][15924][info][gc,phases   ] GC(9) O: Old Generation 596M(19%)->598M(19%) 0.595s
[2026-06-26T13:34:54.082-0300][22.018s][3992][15924][info][gc          ] GC(9) Major Collection (Allocation Rate) 654M(21%)->598M(19%) 0.636s
[2026-06-26T13:34:57.129-0300][25.066s][3992][8900 ][info][gc          ] GC(11) Minor Collection (Allocation Rate)
[2026-06-26T13:34:57.129-0300][25.066s][3992][8900 ][info][gc,task     ] GC(11) Using 2 Workers for Young Generation
[2026-06-26T13:34:57.129-0300][25.066s][3992][8900 ][info][gc,phases   ] GC(11) y: Young Generation
[2026-06-26T13:34:57.130-0300][25.066s][3992][11424][info][gc,phases   ] GC(11) y: Pause Mark Start 0.011ms
[2026-06-26T13:34:57.238-0300][25.175s][3992][8900 ][info][gc,phases   ] GC(11) y: Concurrent Mark 108.758ms
[2026-06-26T13:34:57.238-0300][25.175s][3992][11424][info][gc,phases   ] GC(11) y: Pause Mark End 0.013ms
[2026-06-26T13:34:57.239-0300][25.175s][3992][8900 ][info][gc,phases   ] GC(11) y: Concurrent Mark Free 0.003ms
[2026-06-26T13:34:57.239-0300][25.175s][3992][8900 ][info][gc,phases   ] GC(11) y: Concurrent Reset Relocation Set 0.071ms
[2026-06-26T13:34:57.239-0300][25.175s][3992][8900 ][info][gc,reloc    ] GC(11) y: Using tenuring threshold: 2 (Computed)
[2026-06-26T13:34:57.252-0300][25.188s][3992][8900 ][info][gc,phases   ] GC(11) y: Concurrent Select Relocation Set 13.345ms
[2026-06-26T13:34:57.252-0300][25.188s][3992][11424][info][gc,phases   ] GC(11) y: Pause Relocate Start 0.017ms
[2026-06-26T13:34:57.342-0300][25.278s][3992][8900 ][info][gc,phases   ] GC(11) y: Concurrent Relocate 89.759ms
[2026-06-26T13:34:57.342-0300][25.278s][3992][8900 ][info][gc,alloc    ] GC(11) y:                         Mark Start        Mark End      Relocate Start    Relocate End   
[2026-06-26T13:34:57.342-0300][25.278s][3992][8900 ][info][gc,alloc    ] GC(11) y: Allocation Stalls:          0                0                0                0         
[2026-06-26T13:34:57.342-0300][25.278s][3992][8900 ][info][gc,load     ] GC(11) y: Load: 0.00 (0%) / 0.00 (0%) / 0.00 (0%)
[2026-06-26T13:34:57.342-0300][25.278s][3992][8900 ][info][gc,mmu      ] GC(11) y: MMU: 2ms/99.0%, 5ms/99.6%, 10ms/99.7%, 20ms/99.8%, 50ms/99.9%, 100ms/99.9%
[2026-06-26T13:34:57.342-0300][25.278s][3992][8900 ][info][gc,marking  ] GC(11) y: Mark: 2 stripe(s), 2 proactive flush(es), 1 terminate flush(es), 0 completion(s), 0 continuation(s) 
[2026-06-26T13:34:57.342-0300][25.278s][3992][8900 ][info][gc,nmethod  ] GC(11) y: NMethods: 8590 registered, 1317 unregistered
[2026-06-26T13:34:57.342-0300][25.278s][3992][8900 ][info][gc,metaspace] GC(11) y: Metaspace: 56M used, 57M committed, 1088M reserved
[2026-06-26T13:34:57.342-0300][25.278s][3992][8900 ][info][gc,reloc    ] GC(11) y:                        Candidates     Selected     In-Place         Size        Empty    Relocated 
[2026-06-26T13:34:57.342-0300][25.278s][3992][8900 ][info][gc,reloc    ] GC(11) y: Small Pages:                  313          236            0         626M           6M          88M 
[2026-06-26T13:34:57.342-0300][25.278s][3992][8900 ][info][gc,reloc    ] GC(11) y: Medium Pages:                   0            0            0           0M           0M           0M 
[2026-06-26T13:34:57.342-0300][25.278s][3992][8900 ][info][gc,reloc    ] GC(11) y: Large Pages:                    0            0            0           0M           0M           0M 
[2026-06-26T13:34:57.342-0300][25.278s][3992][8900 ][info][gc,reloc    ] GC(11) y: Forwarding Usage: 72M
[2026-06-26T13:34:57.342-0300][25.278s][3992][8900 ][info][gc,reloc    ] GC(11) y: Age Table:
[2026-06-26T13:34:57.342-0300][25.278s][3992][8900 ][info][gc,reloc    ] GC(11) y:                    Live             Garbage             Small              Medium             Large        
[2026-06-26T13:34:57.342-0300][25.278s][3992][8900 ][info][gc,reloc    ] GC(11) y: Eden             125M (4%)          488M (16%)        307 / 236            0 / 0              0 / 0        
[2026-06-26T13:34:57.342-0300][25.278s][3992][8900 ][info][gc,reloc    ] GC(11) y: Survivor 1         3M (0%)            8M (0%)           6 / 0              0 / 0              0 / 0        
[2026-06-26T13:34:57.342-0300][25.278s][3992][8900 ][info][gc,heap     ] GC(11) y: Min Capacity: 8M(0%)
[2026-06-26T13:34:57.342-0300][25.278s][3992][8900 ][info][gc,heap     ] GC(11) y: Max Capacity: 3072M(100%)
[2026-06-26T13:34:57.342-0300][25.278s][3992][8900 ][info][gc,heap     ] GC(11) y: Soft Max Capacity: 3072M(100%)
[2026-06-26T13:34:57.342-0300][25.278s][3992][8900 ][info][gc,heap     ] GC(11) y: Heap Statistics:
[2026-06-26T13:34:57.342-0300][25.278s][3992][8900 ][info][gc,heap     ] GC(11) y:                Mark Start          Mark End        Relocate Start      Relocate End           High               Low         
[2026-06-26T13:34:57.342-0300][25.278s][3992][8900 ][info][gc,heap     ] GC(11) y:  Capacity:     2432M (79%)        2432M (79%)        2432M (79%)        2432M (79%)        2432M (79%)        2432M (79%)    
[2026-06-26T13:34:57.342-0300][25.278s][3992][8900 ][info][gc,heap     ] GC(11) y:      Free:     1914M (62%)        1888M (61%)        1892M (62%)        2358M (77%)        2358M (77%)        1888M (61%)    
[2026-06-26T13:34:57.342-0300][25.278s][3992][8900 ][info][gc,heap     ] GC(11) y:      Used:     1158M (38%)        1184M (39%)        1180M (38%)         714M (23%)        1184M (39%)         714M (23%)    
[2026-06-26T13:34:57.342-0300][25.278s][3992][8900 ][info][gc,heap     ] GC(11) y: Young Generation Statistics:
[2026-06-26T13:34:57.342-0300][25.278s][3992][8900 ][info][gc,heap     ] GC(11) y:                Mark Start          Mark End        Relocate Start      Relocate End    
[2026-06-26T13:34:57.342-0300][25.278s][3992][8900 ][info][gc,heap     ] GC(11) y:      Used:      626M (20%)         652M (21%)         648M (21%)         182M (6%)     
[2026-06-26T13:34:57.342-0300][25.278s][3992][8900 ][info][gc,heap     ] GC(11) y:      Live:         -               128M (4%)          128M (4%)          128M (4%)     
[2026-06-26T13:34:57.342-0300][25.278s][3992][8900 ][info][gc,heap     ] GC(11) y:   Garbage:         -               497M (16%)         491M (16%)           1M (0%)     
[2026-06-26T13:34:57.342-0300][25.278s][3992][8900 ][info][gc,heap     ] GC(11) y: Allocated:         -                26M (1%)           28M (1%)           51M (2%)     
[2026-06-26T13:34:57.342-0300][25.279s][3992][8900 ][info][gc,heap     ] GC(11) y: Reclaimed:         -                  -                 6M (0%)          495M (16%)    
[2026-06-26T13:34:57.342-0300][25.279s][3992][8900 ][info][gc,heap     ] GC(11) y:  Promoted:         -                  -                 0M (0%)            0M (0%)     
[2026-06-26T13:34:57.342-0300][25.279s][3992][8900 ][info][gc,heap     ] GC(11) y: Compacted:         -                  -                  -               124M (4%)     
[2026-06-26T13:34:57.342-0300][25.279s][3992][8900 ][info][gc,phases   ] GC(11) y: Young Generation 1158M(38%)->714M(23%) 0.212s
[2026-06-26T13:34:57.342-0300][25.279s][3992][8900 ][info][gc          ] GC(11) Minor Collection (Allocation Rate) 1158M(38%)->714M(23%) 0.213s
[2026-06-26T13:35:02.226-0300][30.163s][3992][8900 ][info][gc          ] GC(12) Minor Collection (Allocation Rate)
[2026-06-26T13:35:02.226-0300][30.163s][3992][8900 ][info][gc,task     ] GC(12) Using 1 Workers for Young Generation
[2026-06-26T13:35:02.226-0300][30.163s][3992][8900 ][info][gc,phases   ] GC(12) y: Young Generation
[2026-06-26T13:35:02.226-0300][30.163s][3992][11424][info][gc,phases   ] GC(12) y: Pause Mark Start 0.010ms
[2026-06-26T13:35:02.811-0300][30.747s][3992][5828 ][info][gc,task     ] Adjusting Workers for Young Generation: 1 -> 3
[2026-06-26T13:35:02.868-0300][30.805s][3992][8900 ][info][gc,phases   ] GC(12) y: Concurrent Mark 641.849ms
[2026-06-26T13:35:02.868-0300][30.805s][3992][11424][info][gc,phases   ] GC(12) y: Pause Mark End 0.018ms
[2026-06-26T13:35:02.868-0300][30.805s][3992][8900 ][info][gc,phases   ] GC(12) y: Concurrent Mark Free 0.005ms
[2026-06-26T13:35:02.868-0300][30.805s][3992][8900 ][info][gc,phases   ] GC(12) y: Concurrent Reset Relocation Set 0.027ms
[2026-06-26T13:35:02.868-0300][30.805s][3992][3616 ][info][gc          ] Allocation Stall (MetaGridLoaderThread0) 7.150ms
[2026-06-26T13:35:02.868-0300][30.805s][3992][8612 ][info][gc          ] Allocation Stall (MetaGridLoaderThread7) 6.407ms
[2026-06-26T13:35:02.868-0300][30.805s][3992][3820 ][info][gc          ] Allocation Stall (MetaGridLoaderThread1) 6.060ms
[2026-06-26T13:35:02.868-0300][30.805s][3992][9224 ][info][gc          ] Allocation Stall (MetaGridLoaderThread2) 10.606ms
[2026-06-26T13:35:02.868-0300][30.805s][3992][8900 ][info][gc,reloc    ] GC(12) y: Using tenuring threshold: 2 (Computed)
[2026-06-26T13:35:02.868-0300][30.805s][3992][15528][info][gc          ] Allocation Stall (MetaGridLoaderThread5) 5.996ms
[2026-06-26T13:35:02.868-0300][30.805s][3992][1452 ][info][gc          ] Allocation Stall (MetaGridLoaderThread6) 5.602ms
[2026-06-26T13:35:02.868-0300][30.805s][3992][6984 ][info][gc          ] Allocation Stall (MetaGridLoaderThread4) 5.079ms
[2026-06-26T13:35:02.868-0300][30.805s][3992][9716 ][info][gc          ] Allocation Stall (MetaGridLoaderThread3) 3.284ms
[2026-06-26T13:35:02.876-0300][30.812s][3992][8900 ][info][gc,phases   ] GC(12) y: Concurrent Select Relocation Set 7.077ms
[2026-06-26T13:35:02.887-0300][30.823s][3992][11424][info][gc,phases   ] GC(12) y: Pause Relocate Start 0.038ms
[2026-06-26T13:35:02.887-0300][30.824s][3992][15636][info][gc          ] Relocation Stall (GameLoadingThread) 0.289ms
[2026-06-26T13:35:02.888-0300][30.824s][3992][3816 ][info][gc          ] Relocation Stall (main) 0.766ms
[2026-06-26T13:35:02.888-0300][30.824s][3992][1452 ][info][gc          ] Allocation Stall (MetaGridLoaderThread6) 1.462ms
[2026-06-26T13:35:02.888-0300][30.824s][3992][3820 ][info][gc          ] Allocation Stall (MetaGridLoaderThread1) 1.382ms
[2026-06-26T13:35:02.888-0300][30.825s][3992][15636][info][gc          ] Relocation Stall (GameLoadingThread) 0.679ms
[2026-06-26T13:35:02.888-0300][30.825s][3992][3616 ][info][gc          ] Relocation Stall (MetaGridLoaderThread0) 1.273ms
[2026-06-26T13:35:02.888-0300][30.825s][3992][3616 ][info][gc          ] Allocation Stall (MetaGridLoaderThread0) 2.592ms
[2026-06-26T13:35:02.896-0300][30.833s][3992][9224 ][info][gc          ] Relocation Stall (MetaGridLoaderThread2) 8.528ms
[2026-06-26T13:35:02.896-0300][30.833s][3992][9224 ][info][gc          ] Allocation Stall (MetaGridLoaderThread2) 9.961ms
[2026-06-26T13:35:02.896-0300][30.833s][3992][8612 ][info][gc          ] Relocation Stall (MetaGridLoaderThread7) 9.468ms
[2026-06-26T13:35:02.897-0300][30.833s][3992][9716 ][info][gc          ] Relocation Stall (MetaGridLoaderThread3) 9.871ms
[2026-06-26T13:35:02.898-0300][30.835s][3992][15528][info][gc          ] Relocation Stall (MetaGridLoaderThread5) 11.451ms
[2026-06-26T13:35:02.898-0300][30.835s][3992][15528][info][gc          ] Allocation Stall (MetaGridLoaderThread5) 12.702ms
[2026-06-26T13:35:02.912-0300][30.848s][3992][6984 ][info][gc          ] Relocation Stall (MetaGridLoaderThread4) 24.610ms
[2026-06-26T13:35:02.961-0300][30.897s][3992][8900 ][info][gc,phases   ] GC(12) y: Concurrent Relocate 73.908ms
[2026-06-26T13:35:02.961-0300][30.898s][3992][8900 ][info][gc,alloc    ] GC(12) y:                         Mark Start        Mark End      Relocate Start    Relocate End   
[2026-06-26T13:35:02.961-0300][30.898s][3992][8900 ][info][gc,alloc    ] GC(12) y: Allocation Stalls:          0                8                5                0         
[2026-06-26T13:35:02.961-0300][30.898s][3992][8900 ][info][gc,load     ] GC(12) y: Load: 0.00 (0%) / 0.00 (0%) / 0.00 (0%)
[2026-06-26T13:35:02.961-0300][30.898s][3992][8900 ][info][gc,mmu      ] GC(12) y: MMU: 2ms/98.1%, 5ms/99.2%, 10ms/99.6%, 20ms/99.7%, 50ms/99.9%, 100ms/99.9%
[2026-06-26T13:35:02.962-0300][30.898s][3992][8900 ][info][gc,marking  ] GC(12) y: Mark: 1 stripe(s), 10 proactive flush(es), 1 terminate flush(es), 0 completion(s), 0 continuation(s) 
[2026-06-26T13:35:02.962-0300][30.898s][3992][8900 ][info][gc,nmethod  ] GC(12) y: NMethods: 10480 registered, 0 unregistered
[2026-06-26T13:35:02.962-0300][30.898s][3992][8900 ][info][gc,metaspace] GC(12) y: Metaspace: 61M used, 62M committed, 1088M reserved
[2026-06-26T13:35:02.962-0300][30.898s][3992][8900 ][info][gc,reloc    ] GC(12) y:                        Candidates     Selected     In-Place         Size        Empty    Relocated 
[2026-06-26T13:35:02.962-0300][30.898s][3992][8900 ][info][gc,reloc    ] GC(12) y: Small Pages:                  517          295            5        1034M         120M          85M 
[2026-06-26T13:35:02.962-0300][30.898s][3992][8900 ][info][gc,reloc    ] GC(12) y: Medium Pages:                   1            0            0          32M           0M           0M 
[2026-06-26T13:35:02.962-0300][30.898s][3992][8900 ][info][gc,reloc    ] GC(12) y: Large Pages:                    0            0            0           0M           0M           0M 
[2026-06-26T13:35:02.962-0300][30.898s][3992][8900 ][info][gc,reloc    ] GC(12) y: Forwarding Usage: 65M
[2026-06-26T13:35:02.962-0300][30.898s][3992][8900 ][info][gc,reloc    ] GC(12) y: Age Table:
[2026-06-26T13:35:02.962-0300][30.898s][3992][8900 ][info][gc,reloc    ] GC(12) y:                    Live             Garbage             Small              Medium             Large        
[2026-06-26T13:35:02.962-0300][30.898s][3992][8900 ][info][gc,reloc    ] GC(12) y: Eden             165M (5%)          760M (25%)        447 / 293            1 / 0              0 / 0        
[2026-06-26T13:35:02.962-0300][30.898s][3992][8900 ][info][gc,reloc    ] GC(12) y: Survivor 1       125M (4%)            8M (0%)          67 / 1              0 / 0              0 / 0        
[2026-06-26T13:35:02.962-0300][30.898s][3992][8900 ][info][gc,reloc    ] GC(12) y: Survivor 2         3M (0%)            2M (0%)           3 / 1              0 / 0              0 / 0        
[2026-06-26T13:35:02.962-0300][30.898s][3992][8900 ][info][gc,heap     ] GC(12) y: Min Capacity: 8M(0%)
[2026-06-26T13:35:02.962-0300][30.898s][3992][8900 ][info][gc,heap     ] GC(12) y: Max Capacity: 3072M(100%)
[2026-06-26T13:35:02.962-0300][30.898s][3992][8900 ][info][gc,heap     ] GC(12) y: Soft Max Capacity: 3072M(100%)
[2026-06-26T13:35:02.962-0300][30.898s][3992][8900 ][info][gc,heap     ] GC(12) y: Heap Statistics:
[2026-06-26T13:35:02.962-0300][30.898s][3992][8900 ][info][gc,heap     ] GC(12) y:                Mark Start          Mark End        Relocate Start      Relocate End           High               Low         
[2026-06-26T13:35:02.962-0300][30.898s][3992][8900 ][info][gc,heap     ] GC(12) y:  Capacity:     2432M (79%)        3072M (100%)       3072M (100%)       3072M (100%)       3072M (100%)       2432M (79%)    
[2026-06-26T13:35:02.962-0300][30.898s][3992][8900 ][info][gc,heap     ] GC(12) y:      Free:     1474M (48%)           0M (0%)            0M (0%)          236M (8%)         1474M (48%)           0M (0%)     
[2026-06-26T13:35:02.962-0300][30.898s][3992][8900 ][info][gc,heap     ] GC(12) y:      Used:     1598M (52%)        3072M (100%)       3072M (100%)       2836M (92%)        3072M (100%)       1598M (52%)    
[2026-06-26T13:35:02.962-0300][30.898s][3992][8900 ][info][gc,heap     ] GC(12) y: Young Generation Statistics:
[2026-06-26T13:35:02.962-0300][30.898s][3992][8900 ][info][gc,heap     ] GC(12) y:                Mark Start          Mark End        Relocate Start      Relocate End    
[2026-06-26T13:35:02.962-0300][30.898s][3992][8900 ][info][gc,heap     ] GC(12) y:      Used:     1066M (35%)        2540M (83%)        2538M (83%)        2298M (75%)    
[2026-06-26T13:35:02.962-0300][30.898s][3992][8900 ][info][gc,heap     ] GC(12) y:      Live:         -               294M (10%)         292M (10%)         290M (9%)     
[2026-06-26T13:35:02.962-0300][30.898s][3992][8900 ][info][gc,heap     ] GC(12) y:   Garbage:         -               771M (25%)         651M (21%)          43M (1%)     
[2026-06-26T13:35:02.962-0300][30.898s][3992][8900 ][info][gc,heap     ] GC(12) y: Allocated:         -              1474M (48%)        1594M (52%)        1963M (64%)    
[2026-06-26T13:35:02.962-0300][30.898s][3992][8900 ][info][gc,heap     ] GC(12) y: Reclaimed:         -                  -               120M (4%)          728M (24%)    
[2026-06-26T13:35:02.962-0300][30.898s][3992][8900 ][info][gc,heap     ] GC(12) y:  Promoted:         -                  -                 1M (0%)            3M (0%)     
[2026-06-26T13:35:02.962-0300][30.898s][3992][8900 ][info][gc,heap     ] GC(12) y: Compacted:         -                  -                  -               124M (4%)     
[2026-06-26T13:35:02.962-0300][30.898s][3992][8900 ][info][gc,phases   ] GC(12) y: Young Generation 1598M(52%)->2836M(92%) 0.735s
[2026-06-26T13:35:02.962-0300][30.898s][3992][8900 ][info][gc          ] GC(12) Minor Collection (Allocation Rate) 1598M(52%)->2840M(92%) 0.735s
[2026-06-26T13:35:02.962-0300][30.898s][3992][8900 ][info][gc          ] GC(13) Minor Collection (Allocation Rate)
[2026-06-26T13:35:02.962-0300][30.898s][3992][8900 ][info][gc,task     ] GC(13) Using 3 Workers for Young Generation
[2026-06-26T13:35:02.962-0300][30.898s][3992][8900 ][info][gc,phases   ] GC(13) y: Young Generation
[2026-06-26T13:35:02.962-0300][30.898s][3992][11424][info][gc,phases   ] GC(13) y: Pause Mark Start 0.013ms
[2026-06-26T13:35:03.196-0300][31.132s][3992][8900 ][info][gc,phases   ] GC(13) y: Concurrent Mark 233.269ms
[2026-06-26T13:35:03.196-0300][31.132s][3992][11424][info][gc,phases   ] GC(13) y: Pause Mark End 0.012ms
[2026-06-26T13:35:03.196-0300][31.132s][3992][8900 ][info][gc,phases   ] GC(13) y: Concurrent Mark Free 0.003ms
[2026-06-26T13:35:03.196-0300][31.132s][3992][8900 ][info][gc,phases   ] GC(13) y: Concurrent Reset Relocation Set 0.024ms
[2026-06-26T13:35:03.196-0300][31.132s][3992][14580][info][gc          ] Allocation Stall (pool-1-thread-3) 166.594ms
[2026-06-26T13:35:03.196-0300][31.132s][3992][1368 ][info][gc          ] Allocation Stall (pool-1-thread-4) 166.620ms
[2026-06-26T13:35:03.196-0300][31.132s][3992][4332 ][info][gc          ] Allocation Stall (pool-1-thread-2) 166.618ms
[2026-06-26T13:35:03.196-0300][31.132s][3992][2552 ][info][gc          ] Allocation Stall (pool-1-thread-1) 166.597ms
[2026-06-26T13:35:03.196-0300][31.132s][3992][3816 ][info][gc          ] Allocation Stall (main) 166.530ms
[2026-06-26T13:35:03.196-0300][31.132s][3992][1452 ][info][gc          ] Allocation Stall (MetaGridLoaderThread6) 191.620ms
[2026-06-26T13:35:03.196-0300][31.132s][3992][3616 ][info][gc          ] Allocation Stall (MetaGridLoaderThread0) 190.858ms
[2026-06-26T13:35:03.196-0300][31.132s][3992][9224 ][info][gc          ] Allocation Stall (MetaGridLoaderThread2) 190.863ms
[2026-06-26T13:35:03.196-0300][31.132s][3992][8612 ][info][gc          ] Allocation Stall (MetaGridLoaderThread7) 190.612ms
[2026-06-26T13:35:03.196-0300][31.132s][3992][3820 ][info][gc          ] Allocation Stall (MetaGridLoaderThread1) 190.562ms
[2026-06-26T13:35:03.196-0300][31.132s][3992][9716 ][info][gc          ] Allocation Stall (MetaGridLoaderThread3) 190.253ms
[2026-06-26T13:35:03.196-0300][31.132s][3992][6984 ][info][gc          ] Allocation Stall (MetaGridLoaderThread4) 190.047ms
[2026-06-26T13:35:03.196-0300][31.132s][3992][8900 ][info][gc,reloc    ] GC(13) y: Using tenuring threshold: 1 (Computed)
[2026-06-26T13:35:03.196-0300][31.132s][3992][15636][info][gc          ] Allocation Stall (GameLoadingThread) 189.160ms
[2026-06-26T13:35:03.196-0300][31.132s][3992][15528][info][gc          ] Allocation Stall (MetaGridLoaderThread5) 190.120ms
[2026-06-26T13:35:03.262-0300][31.199s][3992][8900 ][info][gc,phases   ] GC(13) y: Concurrent Select Relocation Set 66.753ms
[2026-06-26T13:35:03.262-0300][31.199s][3992][11424][info][gc,phases   ] GC(13) y: Pause Relocate Start 0.010ms
[2026-06-26T13:35:03.262-0300][31.199s][3992][9612 ][info][gc          ] Relocation Stall (MainThread) 0.059ms
[2026-06-26T13:35:03.262-0300][31.199s][3992][3820 ][info][gc          ] Allocation Stall (MetaGridLoaderThread1) 20.445ms
[2026-06-26T13:35:03.262-0300][31.199s][3992][8612 ][info][gc          ] Allocation Stall (MetaGridLoaderThread7) 20.693ms
[2026-06-26T13:35:03.263-0300][31.199s][3992][9716 ][info][gc          ] Relocation Stall (MetaGridLoaderThread3) 0.208ms
[2026-06-26T13:35:03.263-0300][31.199s][3992][3820 ][info][gc          ] Relocation Stall (MetaGridLoaderThread1) 0.178ms
[2026-06-26T13:35:03.263-0300][31.199s][3992][8612 ][info][gc          ] Relocation Stall (MetaGridLoaderThread7) 0.132ms
[2026-06-26T13:35:03.263-0300][31.199s][3992][6984 ][info][gc          ] Relocation Stall (MetaGridLoaderThread4) 0.209ms
[2026-06-26T13:35:03.263-0300][31.199s][3992][15636][info][gc          ] Allocation Stall (GameLoadingThread) 11.642ms
[2026-06-26T13:35:03.263-0300][31.199s][3992][9224 ][info][gc          ] Relocation Stall (MetaGridLoaderThread2) 0.301ms
[2026-06-26T13:35:03.263-0300][31.199s][3992][6984 ][info][gc          ] Allocation Stall (MetaGridLoaderThread4) 19.384ms
[2026-06-26T13:35:03.263-0300][31.199s][3992][9716 ][info][gc          ] Allocation Stall (MetaGridLoaderThread3) 19.453ms
[2026-06-26T13:35:03.263-0300][31.199s][3992][9224 ][info][gc          ] Allocation Stall (MetaGridLoaderThread2) 21.166ms
[2026-06-26T13:35:03.263-0300][31.199s][3992][15528][info][gc          ] Relocation Stall (MetaGridLoaderThread5) 0.412ms
[2026-06-26T13:35:03.263-0300][31.199s][3992][15528][info][gc          ] Allocation Stall (MetaGridLoaderThread5) 20.057ms
[2026-06-26T13:35:03.263-0300][31.199s][3992][1452 ][info][gc          ] Relocation Stall (MetaGridLoaderThread6) 0.647ms
[2026-06-26T13:35:03.263-0300][31.200s][3992][1452 ][info][gc          ] Allocation Stall (MetaGridLoaderThread6) 22.480ms
[2026-06-26T13:35:03.264-0300][31.201s][3992][3616 ][info][gc          ] Relocation Stall (MetaGridLoaderThread0) 2.097ms
[2026-06-26T13:35:03.264-0300][31.201s][3992][3616 ][info][gc          ] Allocation Stall (MetaGridLoaderThread0) 22.451ms
[2026-06-26T13:35:03.414-0300][31.350s][3992][8900 ][info][gc,phases   ] GC(13) y: Concurrent Relocate 151.590ms
[2026-06-26T13:35:03.414-0300][31.350s][3992][8900 ][info][gc,alloc    ] GC(13) y:                         Mark Start        Mark End      Relocate Start    Relocate End   
[2026-06-26T13:35:03.414-0300][31.350s][3992][8900 ][info][gc,alloc    ] GC(13) y: Allocation Stalls:          0                14               9                0         
[2026-06-26T13:35:03.414-0300][31.350s][3992][8900 ][info][gc,load     ] GC(13) y: Load: 0.00 (0%) / 0.00 (0%) / 0.00 (0%)
[2026-06-26T13:35:03.414-0300][31.350s][3992][8900 ][info][gc,mmu      ] GC(13) y: MMU: 2ms/98.1%, 5ms/99.2%, 10ms/99.6%, 20ms/99.7%, 50ms/99.9%, 100ms/99.9%
[2026-06-26T13:35:03.414-0300][31.350s][3992][8900 ][info][gc,marking  ] GC(13) y: Mark: 2 stripe(s), 2 proactive flush(es), 1 terminate flush(es), 0 completion(s), 0 continuation(s) 
[2026-06-26T13:35:03.414-0300][31.350s][3992][8900 ][info][gc,nmethod  ] GC(13) y: NMethods: 10595 registered, 0 unregistered
[2026-06-26T13:35:03.414-0300][31.350s][3992][8900 ][info][gc,metaspace] GC(13) y: Metaspace: 61M used, 62M committed, 1088M reserved
[2026-06-26T13:35:03.414-0300][31.350s][3992][8900 ][info][gc,reloc    ] GC(13) y:                        Candidates     Selected     In-Place         Size        Empty    Relocated 
[2026-06-26T13:35:03.414-0300][31.350s][3992][8900 ][info][gc,reloc    ] GC(13) y: Small Pages:                 1120          815            3        2240M         228M          48M 
[2026-06-26T13:35:03.414-0300][31.350s][3992][8900 ][info][gc,reloc    ] GC(13) y: Medium Pages:                   2            1            2          64M           0M           2M 
[2026-06-26T13:35:03.414-0300][31.350s][3992][8900 ][info][gc,reloc    ] GC(13) y: Large Pages:                    0            0            0           0M           0M           0M 
[2026-06-26T13:35:03.414-0300][31.350s][3992][8900 ][info][gc,reloc    ] GC(13) y: Forwarding Usage: 29M
[2026-06-26T13:35:03.414-0300][31.350s][3992][8900 ][info][gc,reloc    ] GC(13) y: Age Table:
[2026-06-26T13:35:03.414-0300][31.351s][3992][8900 ][info][gc,reloc    ] GC(13) y:                    Live             Garbage             Small              Medium             Large        
[2026-06-26T13:35:03.414-0300][31.351s][3992][8900 ][info][gc,reloc    ] GC(13) y: Eden              68M (2%)         1883M (61%)        960 / 807            1 / 0              0 / 0        
[2026-06-26T13:35:03.414-0300][31.351s][3992][8900 ][info][gc,reloc    ] GC(13) y: Survivor 1       165M (5%)           58M (2%)          96 / 7              1 / 1              0 / 0        
[2026-06-26T13:35:03.414-0300][31.351s][3992][8900 ][info][gc,reloc    ] GC(13) y: Survivor 2       125M (4%)            2M (0%)          64 / 1              0 / 0              0 / 0        
[2026-06-26T13:35:03.414-0300][31.351s][3992][8900 ][info][gc,heap     ] GC(13) y: Min Capacity: 8M(0%)
[2026-06-26T13:35:03.414-0300][31.351s][3992][8900 ][info][gc,heap     ] GC(13) y: Max Capacity: 3072M(100%)
[2026-06-26T13:35:03.414-0300][31.351s][3992][8900 ][info][gc,heap     ] GC(13) y: Soft Max Capacity: 3072M(100%)
[2026-06-26T13:35:03.414-0300][31.351s][3992][8900 ][info][gc,heap     ] GC(13) y: Heap Statistics:
[2026-06-26T13:35:03.414-0300][31.351s][3992][8900 ][info][gc,heap     ] GC(13) y:                Mark Start          Mark End        Relocate Start      Relocate End           High               Low         
[2026-06-26T13:35:03.415-0300][31.351s][3992][8900 ][info][gc,heap     ] GC(13) y:  Capacity:     3072M (100%)       3072M (100%)       3072M (100%)       3072M (100%)       3072M (100%)       3072M (100%)   
[2026-06-26T13:35:03.415-0300][31.351s][3992][8900 ][info][gc,heap     ] GC(13) y:      Free:      230M (7%)            0M (0%)            0M (0%)          584M (19%)        1468M (48%)           0M (0%)     
[2026-06-26T13:35:03.415-0300][31.351s][3992][8900 ][info][gc,heap     ] GC(13) y:      Used:     2842M (93%)        3072M (100%)       3072M (100%)       2488M (81%)        3072M (100%)       1604M (52%)    
[2026-06-26T13:35:03.415-0300][31.351s][3992][8900 ][info][gc,heap     ] GC(13) y: Young Generation Statistics:
[2026-06-26T13:35:03.415-0300][31.351s][3992][8900 ][info][gc,heap     ] GC(13) y:                Mark Start          Mark End        Relocate Start      Relocate End    
[2026-06-26T13:35:03.415-0300][31.351s][3992][8900 ][info][gc,heap     ] GC(13) y:      Used:     2304M (75%)        2534M (82%)        2234M (73%)        1612M (52%)    
[2026-06-26T13:35:03.415-0300][31.351s][3992][8900 ][info][gc,heap     ] GC(13) y:      Live:         -               359M (12%)          74M (2%)           68M (2%)     
[2026-06-26T13:35:03.415-0300][31.351s][3992][8900 ][info][gc,heap     ] GC(13) y:   Garbage:         -              1944M (63%)        1701M (55%)           0M (0%)     
[2026-06-26T13:35:03.415-0300][31.351s][3992][8900 ][info][gc,heap     ] GC(13) y: Allocated:         -               230M (7%)          458M (15%)        1543M (50%)    
[2026-06-26T13:35:03.415-0300][31.351s][3992][8900 ][info][gc,heap     ] GC(13) y: Reclaimed:         -                  -               243M (8%)         1944M (63%)    
[2026-06-26T13:35:03.415-0300][31.351s][3992][8900 ][info][gc,heap     ] GC(13) y:  Promoted:         -                  -               284M (9%)          290M (9%)     
[2026-06-26T13:35:03.415-0300][31.351s][3992][8900 ][info][gc,heap     ] GC(13) y: Compacted:         -                  -                  -                68M (2%)     
[2026-06-26T13:35:03.415-0300][31.351s][3992][8900 ][info][gc,phases   ] GC(13) y: Young Generation 2842M(93%)->2488M(81%) 0.452s
[2026-06-26T13:35:03.415-0300][31.351s][3992][8900 ][info][gc          ] GC(13) Minor Collection (Allocation Rate) 2842M(93%)->2492M(81%) 0.453s
[2026-06-26T13:35:03.415-0300][31.351s][3992][15924][info][gc          ] GC(14) Major Collection (Allocation Rate)
[2026-06-26T13:35:03.415-0300][31.351s][3992][15924][info][gc,task     ] GC(14) Using 3 Workers for Young Generation
[2026-06-26T13:35:03.415-0300][31.351s][3992][15924][info][gc,task     ] GC(14) Using 1 Workers for Old Generation
[2026-06-26T13:35:03.415-0300][31.351s][3992][15924][info][gc,phases   ] GC(14) Y: Young Generation
[2026-06-26T13:35:03.416-0300][31.352s][3992][11424][info][gc,phases   ] GC(14) Y: Pause Mark Start (Major) 0.029ms
[2026-06-26T13:35:03.524-0300][31.461s][3992][15924][info][gc,phases   ] GC(14) Y: Concurrent Mark 108.438ms
[2026-06-26T13:35:03.524-0300][31.461s][3992][11424][info][gc,phases   ] GC(14) Y: Pause Mark End 0.011ms
[2026-06-26T13:35:03.524-0300][31.461s][3992][15924][info][gc,phases   ] GC(14) Y: Concurrent Mark Free 0.002ms
[2026-06-26T13:35:03.525-0300][31.461s][3992][15924][info][gc,phases   ] GC(14) Y: Concurrent Reset Relocation Set 0.348ms
[2026-06-26T13:35:03.525-0300][31.462s][3992][15528][info][gc          ] Allocation Stall (MetaGridLoaderThread5) 18.319ms
[2026-06-26T13:35:03.525-0300][31.462s][3992][6984 ][info][gc          ] Allocation Stall (MetaGridLoaderThread4) 18.114ms
[2026-06-26T13:35:03.525-0300][31.462s][3992][9716 ][info][gc          ] Allocation Stall (MetaGridLoaderThread3) 18.654ms
[2026-06-26T13:35:03.525-0300][31.462s][3992][3820 ][info][gc          ] Allocation Stall (MetaGridLoaderThread1) 17.908ms
[2026-06-26T13:35:03.525-0300][31.462s][3992][3616 ][info][gc          ] Allocation Stall (MetaGridLoaderThread0) 17.795ms
[2026-06-26T13:35:03.525-0300][31.462s][3992][15636][info][gc          ] Allocation Stall (GameLoadingThread) 8.988ms
[2026-06-26T13:35:03.525-0300][31.462s][3992][9224 ][info][gc          ] Allocation Stall (MetaGridLoaderThread2) 19.729ms
[2026-06-26T13:35:03.525-0300][31.462s][3992][8612 ][info][gc          ] Allocation Stall (MetaGridLoaderThread7) 19.391ms
[2026-06-26T13:35:03.525-0300][31.462s][3992][1452 ][info][gc          ] Allocation Stall (MetaGridLoaderThread6) 18.931ms
[2026-06-26T13:35:03.525-0300][31.462s][3992][15924][info][gc,reloc    ] GC(14) Y: Using tenuring threshold: 1 (Computed)
[2026-06-26T13:35:03.550-0300][31.486s][3992][15924][info][gc,phases   ] GC(14) Y: Concurrent Select Relocation Set 24.838ms
[2026-06-26T13:35:03.550-0300][31.486s][3992][11424][info][gc,phases   ] GC(14) Y: Pause Relocate Start 0.013ms
[2026-06-26T13:35:03.586-0300][31.522s][3992][15924][info][gc,phases   ] GC(14) Y: Concurrent Relocate 35.797ms
[2026-06-26T13:35:03.586-0300][31.522s][3992][15924][info][gc,alloc    ] GC(14) Y:                         Mark Start        Mark End      Relocate Start    Relocate End   
[2026-06-26T13:35:03.586-0300][31.522s][3992][15924][info][gc,alloc    ] GC(14) Y: Allocation Stalls:          0                9                0                0         
[2026-06-26T13:35:03.586-0300][31.522s][3992][15924][info][gc,load     ] GC(14) Y: Load: 0.00 (0%) / 0.00 (0%) / 0.00 (0%)
[2026-06-26T13:35:03.586-0300][31.522s][3992][15924][info][gc,mmu      ] GC(14) Y: MMU: 2ms/98.1%, 5ms/99.2%, 10ms/99.6%, 20ms/99.7%, 50ms/99.9%, 100ms/99.9%
[2026-06-26T13:35:03.586-0300][31.522s][3992][15924][info][gc,marking  ] GC(14) Y: Mark: 2 stripe(s), 6 proactive flush(es), 1 terminate flush(es), 0 completion(s), 0 continuation(s) 
[2026-06-26T13:35:03.586-0300][31.523s][3992][15924][info][gc,nmethod  ] GC(14) Y: NMethods: 10624 registered, 0 unregistered
[2026-06-26T13:35:03.586-0300][31.523s][3992][15924][info][gc,metaspace] GC(14) Y: Metaspace: 61M used, 62M committed, 1088M reserved
[2026-06-26T13:35:03.586-0300][31.523s][3992][15924][info][gc,reloc    ] GC(14) Y:                        Candidates     Selected     In-Place         Size        Empty    Relocated 
[2026-06-26T13:35:03.587-0300][31.523s][3992][15924][info][gc,reloc    ] GC(14) Y: Small Pages:                  798          664            0        1596M         180M          13M 
[2026-06-26T13:35:03.587-0300][31.523s][3992][15924][info][gc,reloc    ] GC(14) Y: Medium Pages:                   1            0            0          32M           0M           0M 
[2026-06-26T13:35:03.587-0300][31.523s][3992][15924][info][gc,reloc    ] GC(14) Y: Large Pages:                    0            0            0           0M           0M           0M 
[2026-06-26T13:35:03.587-0300][31.523s][3992][15924][info][gc,reloc    ] GC(14) Y: Forwarding Usage: 3M
[2026-06-26T13:35:03.587-0300][31.523s][3992][15924][info][gc,reloc    ] GC(14) Y: Age Table:
[2026-06-26T13:35:03.587-0300][31.523s][3992][15924][info][gc,reloc    ] GC(14) Y:                    Live             Garbage             Small              Medium             Large        
[2026-06-26T13:35:03.587-0300][31.523s][3992][15924][info][gc,reloc    ] GC(14) Y: Eden              15M (0%)         1492M (49%)        754 / 655            0 / 0              0 / 0        
[2026-06-26T13:35:03.587-0300][31.523s][3992][15924][info][gc,reloc    ] GC(14) Y: Survivor 1        68M (2%)           51M (2%)          44 / 9              1 / 0              0 / 0        
[2026-06-26T13:35:03.587-0300][31.523s][3992][15924][info][gc,heap     ] GC(14) Y: Min Capacity: 8M(0%)
[2026-06-26T13:35:03.587-0300][31.523s][3992][15924][info][gc,heap     ] GC(14) Y: Max Capacity: 3072M(100%)
[2026-06-26T13:35:03.587-0300][31.523s][3992][15924][info][gc,heap     ] GC(14) Y: Soft Max Capacity: 3072M(100%)
[2026-06-26T13:35:03.587-0300][31.523s][3992][15924][info][gc,heap     ] GC(14) Y: Heap Statistics:
[2026-06-26T13:35:03.587-0300][31.523s][3992][15924][info][gc,heap     ] GC(14) Y:                Mark Start          Mark End        Relocate Start      Relocate End           High               Low         
[2026-06-26T13:35:03.587-0300][31.523s][3992][15924][info][gc,heap     ] GC(14) Y:  Capacity:     3072M (100%)       3072M (100%)       3072M (100%)       3072M (100%)       3072M (100%)       3072M (100%)   
[2026-06-26T13:35:03.587-0300][31.523s][3992][15924][info][gc,heap     ] GC(14) Y:      Free:      568M (18%)           0M (0%)           32M (1%)         1166M (38%)        1316M (43%)           0M (0%)     
[2026-06-26T13:35:03.587-0300][31.523s][3992][15924][info][gc,heap     ] GC(14) Y:      Used:     2504M (82%)        3072M (100%)       3040M (99%)        1906M (62%)        3072M (100%)       1756M (57%)    
[2026-06-26T13:35:03.587-0300][31.523s][3992][15924][info][gc,heap     ] GC(14) Y: Young Generation Statistics:
[2026-06-26T13:35:03.587-0300][31.523s][3992][15924][info][gc,heap     ] GC(14) Y:                Mark Start          Mark End        Relocate Start      Relocate End    
[2026-06-26T13:35:03.587-0300][31.523s][3992][15924][info][gc,heap     ] GC(14) Y:      Used:     1628M (53%)        2196M (71%)        2064M (67%)         916M (30%)    
[2026-06-26T13:35:03.587-0300][31.523s][3992][15924][info][gc,heap     ] GC(14) Y:      Live:         -                83M (3%)           16M (1%)           15M (0%)     
[2026-06-26T13:35:03.587-0300][31.523s][3992][15924][info][gc,heap     ] GC(14) Y:   Garbage:         -              1544M (50%)        1331M (43%)           0M (0%)     
[2026-06-26T13:35:03.587-0300][31.523s][3992][15924][info][gc,heap     ] GC(14) Y: Allocated:         -               568M (18%)         716M (23%)         899M (29%)    
[2026-06-26T13:35:03.587-0300][31.523s][3992][15924][info][gc,heap     ] GC(14) Y: Reclaimed:         -                  -               213M (7%)         1543M (50%)    
[2026-06-26T13:35:03.587-0300][31.523s][3992][15924][info][gc,heap     ] GC(14) Y:  Promoted:         -                  -                66M (2%)           68M (2%)     
[2026-06-26T13:35:03.587-0300][31.523s][3992][15924][info][gc,heap     ] GC(14) Y: Compacted:         -                  -                  -                14M (0%)     
[2026-06-26T13:35:03.587-0300][31.523s][3992][15924][info][gc,phases   ] GC(14) Y: Young Generation 2492M(81%)->1906M(62%) 0.172s
[2026-06-26T13:35:03.587-0300][31.523s][3992][15924][info][gc,phases   ] GC(14) O: Old Generation
[2026-06-26T13:35:03.587-0300][31.523s][3992][8900 ][info][gc          ] GC(15) Minor Collection (Allocation Stall)
[2026-06-26T13:35:03.587-0300][31.523s][3992][8900 ][info][gc,task     ] GC(15) Using 3 Workers for Young Generation
[2026-06-26T13:35:03.587-0300][31.523s][3992][8900 ][info][gc,phases   ] GC(15) y: Young Generation
[2026-06-26T13:35:03.587-0300][31.523s][3992][11424][info][gc,phases   ] GC(15) y: Pause Mark Start 0.018ms
[2026-06-26T13:35:03.706-0300][31.642s][3992][8900 ][info][gc,phases   ] GC(15) y: Concurrent Mark 118.114ms
[2026-06-26T13:35:03.706-0300][31.642s][3992][11424][info][gc,phases   ] GC(15) y: Pause Mark End 0.021ms
[2026-06-26T13:35:03.706-0300][31.642s][3992][8900 ][info][gc,phases   ] GC(15) y: Concurrent Mark Free 0.009ms
[2026-06-26T13:35:03.706-0300][31.642s][3992][8900 ][info][gc,phases   ] GC(15) y: Concurrent Reset Relocation Set 0.119ms
[2026-06-26T13:35:03.706-0300][31.642s][3992][8900 ][info][gc,reloc    ] GC(15) y: Using tenuring threshold: 2 (Computed)
[2026-06-26T13:35:03.708-0300][31.645s][3992][8900 ][info][gc,phases   ] GC(15) y: Concurrent Select Relocation Set 2.706ms
[2026-06-26T13:35:03.709-0300][31.645s][3992][11424][info][gc,phases   ] GC(15) y: Pause Relocate Start 0.021ms
[2026-06-26T13:35:03.716-0300][31.653s][3992][8900 ][info][gc,phases   ] GC(15) y: Concurrent Relocate 7.601ms
[2026-06-26T13:35:03.716-0300][31.653s][3992][8900 ][info][gc,alloc    ] GC(15) y:                         Mark Start        Mark End      Relocate Start    Relocate End   
[2026-06-26T13:35:03.716-0300][31.653s][3992][8900 ][info][gc,alloc    ] GC(15) y: Allocation Stalls:          0                0                0                0         
[2026-06-26T13:35:03.716-0300][31.653s][3992][8900 ][info][gc,load     ] GC(15) y: Load: 0.00 (0%) / 0.00 (0%) / 0.00 (0%)
[2026-06-26T13:35:03.716-0300][31.653s][3992][8900 ][info][gc,mmu      ] GC(15) y: MMU: 2ms/98.1%, 5ms/99.2%, 10ms/99.6%, 20ms/99.7%, 50ms/99.9%, 100ms/99.9%
[2026-06-26T13:35:03.716-0300][31.653s][3992][8900 ][info][gc,marking  ] GC(15) y: Mark: 2 stripe(s), 2 proactive flush(es), 1 terminate flush(es), 0 completion(s), 0 continuation(s) 
[2026-06-26T13:35:03.716-0300][31.653s][3992][8900 ][info][gc,nmethod  ] GC(15) y: NMethods: 10636 registered, 0 unregistered
[2026-06-26T13:35:03.716-0300][31.653s][3992][8900 ][info][gc,metaspace] GC(15) y: Metaspace: 61M used, 62M committed, 1088M reserved
[2026-06-26T13:35:03.716-0300][31.653s][3992][8900 ][info][gc,reloc    ] GC(15) y:                        Candidates     Selected     In-Place         Size        Empty    Relocated 
[2026-06-26T13:35:03.716-0300][31.653s][3992][8900 ][info][gc,reloc    ] GC(15) y: Small Pages:                  459          390            0         918M         106M          10M 
[2026-06-26T13:35:03.716-0300][31.653s][3992][8900 ][info][gc,reloc    ] GC(15) y: Medium Pages:                   1            0            0           4M           0M           0M 
[2026-06-26T13:35:03.716-0300][31.653s][3992][8900 ][info][gc,reloc    ] GC(15) y: Large Pages:                    0            0            0           0M           0M           0M 
[2026-06-26T13:35:03.716-0300][31.653s][3992][8900 ][info][gc,reloc    ] GC(15) y: Forwarding Usage: 5M
[2026-06-26T13:35:03.716-0300][31.653s][3992][8900 ][info][gc,reloc    ] GC(15) y: Age Table:
[2026-06-26T13:35:03.716-0300][31.653s][3992][8900 ][info][gc,reloc    ] GC(15) y:                    Live             Garbage             Small              Medium             Large        
[2026-06-26T13:35:03.717-0300][31.653s][3992][8900 ][info][gc,reloc    ] GC(15) y: Eden              14M (0%)          885M (29%)        448 / 388            1 / 0              0 / 0        
[2026-06-26T13:35:03.717-0300][31.653s][3992][8900 ][info][gc,reloc    ] GC(15) y: Survivor 1        14M (0%)            7M (0%)          11 / 2              0 / 0              0 / 0        
[2026-06-26T13:35:03.717-0300][31.653s][3992][8900 ][info][gc,heap     ] GC(15) y: Min Capacity: 8M(0%)
[2026-06-26T13:35:03.717-0300][31.653s][3992][8900 ][info][gc,heap     ] GC(15) y: Max Capacity: 3072M(100%)
[2026-06-26T13:35:03.717-0300][31.653s][3992][8900 ][info][gc,heap     ] GC(15) y: Soft Max Capacity: 3072M(100%)
[2026-06-26T13:35:03.717-0300][31.653s][3992][8900 ][info][gc,heap     ] GC(15) y: Heap Statistics:
[2026-06-26T13:35:03.717-0300][31.653s][3992][8900 ][info][gc,heap     ] GC(15) y:                Mark Start          Mark End        Relocate Start      Relocate End           High               Low         
[2026-06-26T13:35:03.717-0300][31.653s][3992][8900 ][info][gc,heap     ] GC(15) y:  Capacity:     3072M (100%)       3072M (100%)       3072M (100%)       3072M (100%)       3072M (100%)       3072M (100%)   
[2026-06-26T13:35:03.717-0300][31.653s][3992][8900 ][info][gc,heap     ] GC(15) y:      Free:     1160M (38%)         586M (19%)         676M (22%)        1404M (46%)        1420M (46%)         586M (19%)    
[2026-06-26T13:35:03.717-0300][31.653s][3992][8900 ][info][gc,heap     ] GC(15) y:      Used:     1912M (62%)        2486M (81%)        2396M (78%)        1668M (54%)        2486M (81%)        1652M (54%)    
[2026-06-26T13:35:03.717-0300][31.653s][3992][8900 ][info][gc,heap     ] GC(15) y: Young Generation Statistics:
[2026-06-26T13:35:03.717-0300][31.653s][3992][8900 ][info][gc,heap     ] GC(15) y:                Mark Start          Mark End        Relocate Start      Relocate End    
[2026-06-26T13:35:03.717-0300][31.653s][3992][8900 ][info][gc,heap     ] GC(15) y:      Used:      922M (30%)        1496M (49%)        1406M (46%)         678M (22%)    
[2026-06-26T13:35:03.717-0300][31.654s][3992][8900 ][info][gc,heap     ] GC(15) y:      Live:         -                28M (1%)           28M (1%)           28M (1%)     
[2026-06-26T13:35:03.717-0300][31.654s][3992][8900 ][info][gc,heap     ] GC(15) y:   Garbage:         -               893M (29%)         787M (26%)           4M (0%)     
[2026-06-26T13:35:03.717-0300][31.654s][3992][8900 ][info][gc,heap     ] GC(15) y: Allocated:         -               574M (19%)         590M (19%)         644M (21%)    
[2026-06-26T13:35:03.717-0300][31.654s][3992][8900 ][info][gc,heap     ] GC(15) y: Reclaimed:         -                  -               106M (3%)          888M (29%)    
[2026-06-26T13:35:03.717-0300][31.654s][3992][8900 ][info][gc,heap     ] GC(15) y:  Promoted:         -                  -                 0M (0%)            0M (0%)     
[2026-06-26T13:35:03.717-0300][31.654s][3992][8900 ][info][gc,heap     ] GC(15) y: Compacted:         -                  -                  -                15M (1%)     
[2026-06-26T13:35:03.717-0300][31.654s][3992][8900 ][info][gc,phases   ] GC(15) y: Young Generation 1914M(62%)->1668M(54%) 0.130s
[2026-06-26T13:35:03.717-0300][31.654s][3992][8900 ][info][gc          ] GC(15) Minor Collection (Allocation Stall) 1914M(62%)->1672M(54%) 0.131s
[2026-06-26T13:35:03.717-0300][31.654s][3992][8900 ][info][gc          ] GC(16) Minor Collection (Allocation Rate)
[2026-06-26T13:35:03.717-0300][31.654s][3992][8900 ][info][gc,task     ] GC(16) Using 2 Workers for Young Generation
[2026-06-26T13:35:03.717-0300][31.654s][3992][8900 ][info][gc,phases   ] GC(16) y: Young Generation
[2026-06-26T13:35:03.717-0300][31.654s][3992][11424][info][gc,phases   ] GC(16) y: Pause Mark Start 0.028ms
[2026-06-26T13:35:03.782-0300][31.718s][3992][8900 ][info][gc,phases   ] GC(16) y: Concurrent Mark 63.649ms
[2026-06-26T13:35:03.782-0300][31.718s][3992][11424][info][gc,phases   ] GC(16) y: Pause Mark End 0.020ms
[2026-06-26T13:35:03.782-0300][31.718s][3992][8900 ][info][gc,phases   ] GC(16) y: Concurrent Mark Free 0.009ms
[2026-06-26T13:35:03.782-0300][31.718s][3992][8900 ][info][gc,phases   ] GC(16) y: Concurrent Reset Relocation Set 0.037ms
[2026-06-26T13:35:03.782-0300][31.718s][3992][8900 ][info][gc,reloc    ] GC(16) y: Using tenuring threshold: 2 (Computed)
[2026-06-26T13:35:03.788-0300][31.724s][3992][8900 ][info][gc,phases   ] GC(16) y: Concurrent Select Relocation Set 6.085ms
[2026-06-26T13:35:03.788-0300][31.724s][3992][11424][info][gc,phases   ] GC(16) y: Pause Relocate Start 0.024ms
[2026-06-26T13:35:03.807-0300][31.743s][3992][8900 ][info][gc,phases   ] GC(16) y: Concurrent Relocate 18.316ms
[2026-06-26T13:35:03.807-0300][31.743s][3992][8900 ][info][gc,alloc    ] GC(16) y:                         Mark Start        Mark End      Relocate Start    Relocate End   
[2026-06-26T13:35:03.807-0300][31.743s][3992][8900 ][info][gc,alloc    ] GC(16) y: Allocation Stalls:          0                0                0                0         
[2026-06-26T13:35:03.807-0300][31.743s][3992][8900 ][info][gc,load     ] GC(16) y: Load: 0.00 (0%) / 0.00 (0%) / 0.00 (0%)
[2026-06-26T13:35:03.807-0300][31.743s][3992][8900 ][info][gc,mmu      ] GC(16) y: MMU: 2ms/98.1%, 5ms/99.2%, 10ms/99.5%, 20ms/99.7%, 50ms/99.9%, 100ms/99.9%
[2026-06-26T13:35:03.807-0300][31.743s][3992][8900 ][info][gc,marking  ] GC(16) y: Mark: 2 stripe(s), 2 proactive flush(es), 1 terminate flush(es), 0 completion(s), 0 continuation(s) 
[2026-06-26T13:35:03.807-0300][31.743s][3992][8900 ][info][gc,nmethod  ] GC(16) y: NMethods: 10640 registered, 0 unregistered
[2026-06-26T13:35:03.807-0300][31.743s][3992][8900 ][info][gc,metaspace] GC(16) y: Metaspace: 61M used, 62M committed, 1088M reserved
[2026-06-26T13:35:03.807-0300][31.743s][3992][8900 ][info][gc,reloc    ] GC(16) y:                        Candidates     Selected     In-Place         Size        Empty    Relocated 
[2026-06-26T13:35:03.807-0300][31.743s][3992][8900 ][info][gc,reloc    ] GC(16) y: Small Pages:                  323          267            0         646M          66M           9M 
[2026-06-26T13:35:03.807-0300][31.743s][3992][8900 ][info][gc,reloc    ] GC(16) y: Medium Pages:                   2            1            0          36M           0M           0M 
[2026-06-26T13:35:03.807-0300][31.743s][3992][8900 ][info][gc,reloc    ] GC(16) y: Large Pages:                    0            0            0           0M           0M           0M 
[2026-06-26T13:35:03.807-0300][31.743s][3992][8900 ][info][gc,reloc    ] GC(16) y: Forwarding Usage: 4M
[2026-06-26T13:35:03.807-0300][31.743s][3992][8900 ][info][gc,reloc    ] GC(16) y: Age Table:
[2026-06-26T13:35:03.807-0300][31.743s][3992][8900 ][info][gc,reloc    ] GC(16) y:                    Live             Garbage             Small              Medium             Large        
[2026-06-26T13:35:03.807-0300][31.743s][3992][8900 ][info][gc,reloc    ] GC(16) y: Eden              13M (0%)          614M (20%)        298 / 257            1 / 0              0 / 0        
[2026-06-26T13:35:03.807-0300][31.743s][3992][8900 ][info][gc,reloc    ] GC(16) y: Survivor 1        13M (0%)           16M (1%)          13 / 6              1 / 1              0 / 0        
[2026-06-26T13:35:03.807-0300][31.743s][3992][8900 ][info][gc,reloc    ] GC(16) y: Survivor 2        14M (0%)            9M (0%)          12 / 4              0 / 0              0 / 0        
[2026-06-26T13:35:03.807-0300][31.743s][3992][8900 ][info][gc,heap     ] GC(16) y: Min Capacity: 8M(0%)
[2026-06-26T13:35:03.807-0300][31.743s][3992][8900 ][info][gc,heap     ] GC(16) y: Max Capacity: 3072M(100%)
[2026-06-26T13:35:03.807-0300][31.743s][3992][8900 ][info][gc,heap     ] GC(16) y: Soft Max Capacity: 3072M(100%)
[2026-06-26T13:35:03.807-0300][31.743s][3992][8900 ][info][gc,heap     ] GC(16) y: Heap Statistics:
[2026-06-26T13:35:03.807-0300][31.743s][3992][8900 ][info][gc,heap     ] GC(16) y:                Mark Start          Mark End        Relocate Start      Relocate End           High               Low         
[2026-06-26T13:35:03.807-0300][31.743s][3992][8900 ][info][gc,heap     ] GC(16) y:  Capacity:     3072M (100%)       3072M (100%)       3072M (100%)       3072M (100%)       3072M (100%)       3072M (100%)   
[2026-06-26T13:35:03.807-0300][31.743s][3992][8900 ][info][gc,heap     ] GC(16) y:      Free:     1400M (46%)        1014M (33%)        1040M (34%)        1422M (46%)        1498M (49%)         962M (31%)    
[2026-06-26T13:35:03.807-0300][31.743s][3992][8900 ][info][gc,heap     ] GC(16) y:      Used:     1672M (54%)        2058M (67%)        2032M (66%)        1650M (54%)        2110M (69%)        1574M (51%)    
[2026-06-26T13:35:03.807-0300][31.743s][3992][8900 ][info][gc,heap     ] GC(16) y: Young Generation Statistics:
[2026-06-26T13:35:03.807-0300][31.743s][3992][8900 ][info][gc,heap     ] GC(16) y:                Mark Start          Mark End        Relocate Start      Relocate End    
[2026-06-26T13:35:03.807-0300][31.743s][3992][8900 ][info][gc,heap     ] GC(16) y:      Used:      682M (22%)        1068M (35%)        1028M (33%)         636M (21%)    
[2026-06-26T13:35:03.807-0300][31.743s][3992][8900 ][info][gc,heap     ] GC(16) y:      Live:         -                41M (1%)           29M (1%)           26M (1%)     
[2026-06-26T13:35:03.807-0300][31.743s][3992][8900 ][info][gc,heap     ] GC(16) y:   Garbage:         -               640M (21%)         572M (19%)           2M (0%)     
[2026-06-26T13:35:03.807-0300][31.743s][3992][8900 ][info][gc,heap     ] GC(16) y: Allocated:         -               386M (13%)         426M (14%)         606M (20%)    
[2026-06-26T13:35:03.807-0300][31.743s][3992][8900 ][info][gc,heap     ] GC(16) y: Reclaimed:         -                  -                67M (2%)          637M (21%)    
[2026-06-26T13:35:03.807-0300][31.743s][3992][8900 ][info][gc,heap     ] GC(16) y:  Promoted:         -                  -                12M (0%)           14M (0%)     
[2026-06-26T13:35:03.807-0300][31.743s][3992][8900 ][info][gc,heap     ] GC(16) y: Compacted:         -                  -                  -                13M (0%)     
[2026-06-26T13:35:03.807-0300][31.743s][3992][8900 ][info][gc,phases   ] GC(16) y: Young Generation 1672M(54%)->1650M(54%) 0.089s
[2026-06-26T13:35:03.807-0300][31.743s][3992][8900 ][info][gc          ] GC(16) Minor Collection (Allocation Rate) 1672M(54%)->1652M(54%) 0.090s
[2026-06-26T13:35:03.807-0300][31.743s][3992][8900 ][info][gc          ] GC(17) Minor Collection (Allocation Rate)
[2026-06-26T13:35:03.807-0300][31.743s][3992][8900 ][info][gc,task     ] GC(17) Using 2 Workers for Young Generation
[2026-06-26T13:35:03.807-0300][31.743s][3992][8900 ][info][gc,phases   ] GC(17) y: Young Generation
[2026-06-26T13:35:03.807-0300][31.743s][3992][11424][info][gc,phases   ] GC(17) y: Pause Mark Start 0.024ms
[2026-06-26T13:35:03.883-0300][31.819s][3992][8900 ][info][gc,phases   ] GC(17) y: Concurrent Mark 75.194ms
[2026-06-26T13:35:03.883-0300][31.819s][3992][11424][info][gc,phases   ] GC(17) y: Pause Mark End 0.025ms
[2026-06-26T13:35:03.883-0300][31.819s][3992][8900 ][info][gc,phases   ] GC(17) y: Concurrent Mark Free 0.011ms
[2026-06-26T13:35:03.883-0300][31.819s][3992][8900 ][info][gc,phases   ] GC(17) y: Concurrent Reset Relocation Set 0.052ms
[2026-06-26T13:35:03.883-0300][31.819s][3992][8900 ][info][gc,reloc    ] GC(17) y: Using tenuring threshold: 1 (Computed)
[2026-06-26T13:35:03.891-0300][31.828s][3992][8900 ][info][gc,phases   ] GC(17) y: Concurrent Select Relocation Set 9.363ms
[2026-06-26T13:35:03.892-0300][31.829s][3992][11424][info][gc,phases   ] GC(17) y: Pause Relocate Start 0.022ms
[2026-06-26T13:35:03.917-0300][31.853s][3992][8900 ][info][gc,phases   ] GC(17) y: Concurrent Relocate 24.264ms
[2026-06-26T13:35:03.917-0300][31.853s][3992][8900 ][info][gc,alloc    ] GC(17) y:                         Mark Start        Mark End      Relocate Start    Relocate End   
[2026-06-26T13:35:03.917-0300][31.853s][3992][8900 ][info][gc,alloc    ] GC(17) y: Allocation Stalls:          0                0                0                0         
[2026-06-26T13:35:03.917-0300][31.853s][3992][8900 ][info][gc,load     ] GC(17) y: Load: 0.00 (0%) / 0.00 (0%) / 0.00 (0%)
[2026-06-26T13:35:03.917-0300][31.853s][3992][8900 ][info][gc,mmu      ] GC(17) y: MMU: 2ms/98.1%, 5ms/99.2%, 10ms/99.5%, 20ms/99.7%, 50ms/99.9%, 100ms/99.9%
[2026-06-26T13:35:03.917-0300][31.853s][3992][8900 ][info][gc,marking  ] GC(17) y: Mark: 2 stripe(s), 2 proactive flush(es), 1 terminate flush(es), 0 completion(s), 0 continuation(s) 
[2026-06-26T13:35:03.917-0300][31.853s][3992][8900 ][info][gc,nmethod  ] GC(17) y: NMethods: 10643 registered, 0 unregistered
[2026-06-26T13:35:03.917-0300][31.853s][3992][8900 ][info][gc,metaspace] GC(17) y: Metaspace: 61M used, 62M committed, 1088M reserved
[2026-06-26T13:35:03.917-0300][31.853s][3992][8900 ][info][gc,reloc    ] GC(17) y:                        Candidates     Selected     In-Place         Size        Empty    Relocated 
[2026-06-26T13:35:03.917-0300][31.853s][3992][8900 ][info][gc,reloc    ] GC(17) y: Small Pages:                  269          219            0         538M          64M           6M 
[2026-06-26T13:35:03.917-0300][31.853s][3992][8900 ][info][gc,reloc    ] GC(17) y: Medium Pages:                   4            2            0         100M          32M           1M 
[2026-06-26T13:35:03.917-0300][31.853s][3992][8900 ][info][gc,reloc    ] GC(17) y: Large Pages:                    0            0            0           0M           0M           0M 
[2026-06-26T13:35:03.917-0300][31.853s][3992][8900 ][info][gc,reloc    ] GC(17) y: Forwarding Usage: 3M
[2026-06-26T13:35:03.917-0300][31.853s][3992][8900 ][info][gc,reloc    ] GC(17) y: Age Table:
[2026-06-26T13:35:03.917-0300][31.853s][3992][8900 ][info][gc,reloc    ] GC(17) y:                    Live             Garbage             Small              Medium             Large        
[2026-06-26T13:35:03.917-0300][31.853s][3992][8900 ][info][gc,reloc    ] GC(17) y: Eden               7M (0%)          520M (17%)        248 / 214            1 / 0              0 / 0        
[2026-06-26T13:35:03.917-0300][31.853s][3992][8900 ][info][gc,reloc    ] GC(17) y: Survivor 1        12M (0%)           75M (2%)          12 / 4              2 / 1              0 / 0        
[2026-06-26T13:35:03.917-0300][31.853s][3992][8900 ][info][gc,reloc    ] GC(17) y: Survivor 2        13M (0%)            8M (0%)           9 / 1              1 / 1              0 / 0        
[2026-06-26T13:35:03.917-0300][31.853s][3992][8900 ][info][gc,heap     ] GC(17) y: Min Capacity: 8M(0%)
[2026-06-26T13:35:03.917-0300][31.853s][3992][8900 ][info][gc,heap     ] GC(17) y: Max Capacity: 3072M(100%)
[2026-06-26T13:35:03.917-0300][31.853s][3992][8900 ][info][gc,heap     ] GC(17) y: Soft Max Capacity: 3072M(100%)
[2026-06-26T13:35:03.917-0300][31.853s][3992][8900 ][info][gc,heap     ] GC(17) y: Heap Statistics:
[2026-06-26T13:35:03.917-0300][31.853s][3992][8900 ][info][gc,heap     ] GC(17) y:                Mark Start          Mark End        Relocate Start      Relocate End           High               Low         
[2026-06-26T13:35:03.917-0300][31.853s][3992][8900 ][info][gc,heap     ] GC(17) y:  Capacity:     3072M (100%)       3072M (100%)       3072M (100%)       3072M (100%)       3072M (100%)       3072M (100%)   
[2026-06-26T13:35:03.917-0300][31.853s][3992][8900 ][info][gc,heap     ] GC(17) y:      Free:     1420M (46%)         986M (32%)        1018M (33%)        1216M (40%)        1420M (46%)         902M (29%)    
[2026-06-26T13:35:03.917-0300][31.853s][3992][8900 ][info][gc,heap     ] GC(17) y:      Used:     1652M (54%)        2086M (68%)        2054M (67%)        1856M (60%)        2170M (71%)        1652M (54%)    
[2026-06-26T13:35:03.917-0300][31.853s][3992][8900 ][info][gc,heap     ] GC(17) y: Young Generation Statistics:
[2026-06-26T13:35:03.917-0300][31.853s][3992][8900 ][info][gc,heap     ] GC(17) y:                Mark Start          Mark End        Relocate Start      Relocate End    
[2026-06-26T13:35:03.917-0300][31.853s][3992][8900 ][info][gc,heap     ] GC(17) y:      Used:      638M (21%)        1072M (35%)        1016M (33%)         748M (24%)    
[2026-06-26T13:35:03.917-0300][31.853s][3992][8900 ][info][gc,heap     ] GC(17) y:      Live:         -                33M (1%)           11M (0%)            7M (0%)     
[2026-06-26T13:35:03.917-0300][31.853s][3992][8900 ][info][gc,heap     ] GC(17) y:   Garbage:         -               604M (20%)         506M (16%)           0M (0%)     
[2026-06-26T13:35:03.917-0300][31.853s][3992][8900 ][info][gc,heap     ] GC(17) y: Allocated:         -               434M (14%)         498M (16%)         740M (24%)    
[2026-06-26T13:35:03.917-0300][31.853s][3992][8900 ][info][gc,heap     ] GC(17) y: Reclaimed:         -                  -                98M (3%)          604M (20%)    
[2026-06-26T13:35:03.917-0300][31.853s][3992][8900 ][info][gc,heap     ] GC(17) y:  Promoted:         -                  -                21M (1%)           26M (1%)     
[2026-06-26T13:35:03.917-0300][31.853s][3992][8900 ][info][gc,heap     ] GC(17) y: Compacted:         -                  -                  -                 7M (0%)     
[2026-06-26T13:35:03.917-0300][31.853s][3992][8900 ][info][gc,phases   ] GC(17) y: Young Generation 1652M(54%)->1856M(60%) 0.110s
[2026-06-26T13:35:03.917-0300][31.853s][3992][8900 ][info][gc          ] GC(17) Minor Collection (Allocation Rate) 1652M(54%)->1858M(60%) 0.110s
[2026-06-26T13:35:03.917-0300][31.854s][3992][8900 ][info][gc          ] GC(18) Minor Collection (Allocation Rate)
[2026-06-26T13:35:03.917-0300][31.854s][3992][8900 ][info][gc,task     ] GC(18) Using 2 Workers for Young Generation
[2026-06-26T13:35:03.918-0300][31.854s][3992][8900 ][info][gc,phases   ] GC(18) y: Young Generation
[2026-06-26T13:35:03.918-0300][31.854s][3992][11424][info][gc,phases   ] GC(18) y: Pause Mark Start 0.016ms
[2026-06-26T13:35:03.980-0300][31.916s][3992][8900 ][info][gc,phases   ] GC(18) y: Concurrent Mark 62.011ms
[2026-06-26T13:35:03.980-0300][31.916s][3992][11424][info][gc,phases   ] GC(18) y: Pause Mark End 0.025ms
[2026-06-26T13:35:03.980-0300][31.916s][3992][8900 ][info][gc,phases   ] GC(18) y: Concurrent Mark Free 0.010ms
[2026-06-26T13:35:03.980-0300][31.916s][3992][8900 ][info][gc,phases   ] GC(18) y: Concurrent Reset Relocation Set 0.059ms
[2026-06-26T13:35:03.980-0300][31.916s][3992][8900 ][info][gc,reloc    ] GC(18) y: Using tenuring threshold: 2 (Computed)
[2026-06-26T13:35:03.982-0300][31.918s][3992][8900 ][info][gc,phases   ] GC(18) y: Concurrent Select Relocation Set 1.629ms
[2026-06-26T13:35:03.982-0300][31.918s][3992][11424][info][gc,phases   ] GC(18) y: Pause Relocate Start 0.012ms
[2026-06-26T13:35:03.989-0300][31.925s][3992][8900 ][info][gc,phases   ] GC(18) y: Concurrent Relocate 7.313ms
[2026-06-26T13:35:03.989-0300][31.925s][3992][8900 ][info][gc,alloc    ] GC(18) y:                         Mark Start        Mark End      Relocate Start    Relocate End   
[2026-06-26T13:35:03.989-0300][31.925s][3992][8900 ][info][gc,alloc    ] GC(18) y: Allocation Stalls:          0                0                0                0         
[2026-06-26T13:35:03.989-0300][31.926s][3992][8900 ][info][gc,load     ] GC(18) y: Load: 0.00 (0%) / 0.00 (0%) / 0.00 (0%)
[2026-06-26T13:35:03.990-0300][31.926s][3992][8900 ][info][gc,mmu      ] GC(18) y: MMU: 2ms/98.1%, 5ms/99.2%, 10ms/99.5%, 20ms/99.7%, 50ms/99.9%, 100ms/99.9%
[2026-06-26T13:35:03.990-0300][31.926s][3992][8900 ][info][gc,marking  ] GC(18) y: Mark: 2 stripe(s), 2 proactive flush(es), 1 terminate flush(es), 0 completion(s), 0 continuation(s) 
[2026-06-26T13:35:03.990-0300][31.926s][3992][8900 ][info][gc,nmethod  ] GC(18) y: NMethods: 10645 registered, 0 unregistered
[2026-06-26T13:35:03.990-0300][31.926s][3992][8900 ][info][gc,metaspace] GC(18) y: Metaspace: 61M used, 62M committed, 1088M reserved
[2026-06-26T13:35:03.990-0300][31.926s][3992][8900 ][info][gc,reloc    ] GC(18) y:                        Candidates     Selected     In-Place         Size        Empty    Relocated 
[2026-06-26T13:35:03.990-0300][31.926s][3992][8900 ][info][gc,reloc    ] GC(18) y: Small Pages:                  327          280            0         654M          72M           7M 
[2026-06-26T13:35:03.990-0300][31.926s][3992][8900 ][info][gc,reloc    ] GC(18) y: Medium Pages:                   3            1            0          96M          32M           1M 
[2026-06-26T13:35:03.990-0300][31.926s][3992][8900 ][info][gc,reloc    ] GC(18) y: Large Pages:                    0            0            0           0M           0M           0M 
[2026-06-26T13:35:03.990-0300][31.926s][3992][8900 ][info][gc,reloc    ] GC(18) y: Forwarding Usage: 3M
[2026-06-26T13:35:03.990-0300][31.926s][3992][8900 ][info][gc,reloc    ] GC(18) y: Age Table:
[2026-06-26T13:35:03.990-0300][31.926s][3992][8900 ][info][gc,reloc    ] GC(18) y:                    Live             Garbage             Small              Medium             Large        
[2026-06-26T13:35:03.990-0300][31.926s][3992][8900 ][info][gc,reloc    ] GC(18) y: Eden              14M (0%)          657M (21%)        320 / 277            1 / 1              0 / 0        
[2026-06-26T13:35:03.990-0300][31.926s][3992][8900 ][info][gc,reloc    ] GC(18) y: Survivor 1         7M (0%)           70M (2%)           7 / 3              2 / 0              0 / 0        
[2026-06-26T13:35:03.990-0300][31.926s][3992][8900 ][info][gc,heap     ] GC(18) y: Min Capacity: 8M(0%)
[2026-06-26T13:35:03.990-0300][31.926s][3992][8900 ][info][gc,heap     ] GC(18) y: Max Capacity: 3072M(100%)
[2026-06-26T13:35:03.990-0300][31.926s][3992][8900 ][info][gc,heap     ] GC(18) y: Soft Max Capacity: 3072M(100%)
[2026-06-26T13:35:03.990-0300][31.926s][3992][8900 ][info][gc,heap     ] GC(18) y: Heap Statistics:
[2026-06-26T13:35:03.990-0300][31.926s][3992][8900 ][info][gc,heap     ] GC(18) y:                Mark Start          Mark End        Relocate Start      Relocate End           High               Low         
[2026-06-26T13:35:03.990-0300][31.926s][3992][8900 ][info][gc,heap     ] GC(18) y:  Capacity:     3072M (100%)       3072M (100%)       3072M (100%)       3072M (100%)       3072M (100%)       3072M (100%)   
[2026-06-26T13:35:03.990-0300][31.926s][3992][8900 ][info][gc,heap     ] GC(18) y:      Free:     1214M (40%)         782M (25%)         872M (28%)        1348M (44%)        1378M (45%)         772M (25%)    
[2026-06-26T13:35:03.990-0300][31.926s][3992][8900 ][info][gc,heap     ] GC(18) y:      Used:     1858M (60%)        2290M (75%)        2200M (72%)        1724M (56%)        2300M (75%)        1694M (55%)    
[2026-06-26T13:35:03.990-0300][31.926s][3992][8900 ][info][gc,heap     ] GC(18) y: Young Generation Statistics:
[2026-06-26T13:35:03.990-0300][31.926s][3992][8900 ][info][gc,heap     ] GC(18) y:                Mark Start          Mark End        Relocate Start      Relocate End    
[2026-06-26T13:35:03.990-0300][31.926s][3992][8900 ][info][gc,heap     ] GC(18) y:      Used:      750M (24%)        1182M (38%)        1092M (36%)         616M (20%)    
[2026-06-26T13:35:03.990-0300][31.926s][3992][8900 ][info][gc,heap     ] GC(18) y:      Live:         -                21M (1%)           21M (1%)           21M (1%)     
[2026-06-26T13:35:03.990-0300][31.926s][3992][8900 ][info][gc,heap     ] GC(18) y:   Garbage:         -               728M (24%)         624M (20%)           0M (0%)     
[2026-06-26T13:35:03.990-0300][31.926s][3992][8900 ][info][gc,heap     ] GC(18) y: Allocated:         -               432M (14%)         446M (15%)         593M (19%)    
[2026-06-26T13:35:03.990-0300][31.926s][3992][8900 ][info][gc,heap     ] GC(18) y: Reclaimed:         -                  -               104M (3%)          727M (24%)    
[2026-06-26T13:35:03.990-0300][31.926s][3992][8900 ][info][gc,heap     ] GC(18) y:  Promoted:         -                  -                 0M (0%)            0M (0%)     
[2026-06-26T13:35:03.990-0300][31.926s][3992][8900 ][info][gc,heap     ] GC(18) y: Compacted:         -                  -                  -                14M (0%)     
[2026-06-26T13:35:03.990-0300][31.926s][3992][8900 ][info][gc,phases   ] GC(18) y: Young Generation 1858M(60%)->1724M(56%) 0.072s
[2026-06-26T13:35:03.990-0300][31.926s][3992][8900 ][info][gc          ] GC(18) Minor Collection (Allocation Rate) 1858M(60%)->1730M(56%) 0.072s
[2026-06-26T13:35:03.990-0300][31.926s][3992][8900 ][info][gc          ] GC(19) Minor Collection (Allocation Rate)
[2026-06-26T13:35:03.990-0300][31.926s][3992][8900 ][info][gc,task     ] GC(19) Using 2 Workers for Young Generation
[2026-06-26T13:35:03.990-0300][31.926s][3992][8900 ][info][gc,phases   ] GC(19) y: Young Generation
[2026-06-26T13:35:03.990-0300][31.926s][3992][11424][info][gc,phases   ] GC(19) y: Pause Mark Start 0.020ms
[2026-06-26T13:35:04.113-0300][32.049s][3992][8900 ][info][gc,phases   ] GC(19) y: Concurrent Mark 122.559ms
[2026-06-26T13:35:04.113-0300][32.049s][3992][11424][info][gc,phases   ] GC(19) y: Pause Mark End 0.020ms
[2026-06-26T13:35:04.113-0300][32.049s][3992][8900 ][info][gc,phases   ] GC(19) y: Concurrent Mark Free 0.005ms
[2026-06-26T13:35:04.113-0300][32.049s][3992][8900 ][info][gc,phases   ] GC(19) y: Concurrent Reset Relocation Set 0.031ms
[2026-06-26T13:35:04.113-0300][32.049s][3992][8900 ][info][gc,reloc    ] GC(19) y: Using tenuring threshold: 2 (Computed)
[2026-06-26T13:35:04.117-0300][32.053s][3992][8900 ][info][gc,phases   ] GC(19) y: Concurrent Select Relocation Set 3.636ms
[2026-06-26T13:35:04.117-0300][32.053s][3992][11424][info][gc,phases   ] GC(19) y: Pause Relocate Start 0.027ms
[2026-06-26T13:35:04.128-0300][32.065s][3992][8900 ][info][gc,phases   ] GC(19) y: Concurrent Relocate 11.580ms
[2026-06-26T13:35:04.128-0300][32.065s][3992][8900 ][info][gc,alloc    ] GC(19) y:                         Mark Start        Mark End      Relocate Start    Relocate End   
[2026-06-26T13:35:04.128-0300][32.065s][3992][8900 ][info][gc,alloc    ] GC(19) y: Allocation Stalls:          0                0                0                0         
[2026-06-26T13:35:04.128-0300][32.065s][3992][8900 ][info][gc,load     ] GC(19) y: Load: 0.00 (0%) / 0.00 (0%) / 0.00 (0%)
[2026-06-26T13:35:04.129-0300][32.065s][3992][8900 ][info][gc,mmu      ] GC(19) y: MMU: 2ms/98.1%, 5ms/99.0%, 10ms/99.5%, 20ms/99.7%, 50ms/99.9%, 100ms/99.9%
[2026-06-26T13:35:04.129-0300][32.065s][3992][8900 ][info][gc,marking  ] GC(19) y: Mark: 2 stripe(s), 2 proactive flush(es), 1 terminate flush(es), 0 completion(s), 0 continuation(s) 
[2026-06-26T13:35:04.129-0300][32.065s][3992][8900 ][info][gc,nmethod  ] GC(19) y: NMethods: 10647 registered, 0 unregistered
[2026-06-26T13:35:04.129-0300][32.065s][3992][8900 ][info][gc,metaspace] GC(19) y: Metaspace: 61M used, 62M committed, 1088M reserved
[2026-06-26T13:35:04.129-0300][32.065s][3992][8900 ][info][gc,reloc    ] GC(19) y:                        Candidates     Selected     In-Place         Size        Empty    Relocated 
[2026-06-26T13:35:04.129-0300][32.065s][3992][8900 ][info][gc,reloc    ] GC(19) y: Small Pages:                  247          203            0         494M          58M           5M 
[2026-06-26T13:35:04.129-0300][32.065s][3992][8900 ][info][gc,reloc    ] GC(19) y: Medium Pages:                   4            3            0         128M           0M           3M 
[2026-06-26T13:35:04.129-0300][32.065s][3992][8900 ][info][gc,reloc    ] GC(19) y: Large Pages:                    0            0            0           0M           0M           0M 
[2026-06-26T13:35:04.129-0300][32.065s][3992][8900 ][info][gc,reloc    ] GC(19) y: Forwarding Usage: 2M
[2026-06-26T13:35:04.129-0300][32.065s][3992][8900 ][info][gc,reloc    ] GC(19) y: Age Table:
[2026-06-26T13:35:04.129-0300][32.065s][3992][8900 ][info][gc,reloc    ] GC(19) y:                    Live             Garbage             Small              Medium             Large        
[2026-06-26T13:35:04.129-0300][32.065s][3992][8900 ][info][gc,reloc    ] GC(19) y: Eden               8M (0%)          491M (16%)        234 / 201            1 / 1              0 / 0        
[2026-06-26T13:35:04.129-0300][32.065s][3992][8900 ][info][gc,reloc    ] GC(19) y: Survivor 1        13M (0%)           66M (2%)           8 / 1              2 / 2              0 / 0        
[2026-06-26T13:35:04.129-0300][32.065s][3992][8900 ][info][gc,reloc    ] GC(19) y: Survivor 2         7M (0%)           34M (1%)           5 / 1              1 / 0              0 / 0        
[2026-06-26T13:35:04.129-0300][32.065s][3992][8900 ][info][gc,heap     ] GC(19) y: Min Capacity: 8M(0%)
[2026-06-26T13:35:04.129-0300][32.065s][3992][8900 ][info][gc,heap     ] GC(19) y: Max Capacity: 3072M(100%)
[2026-06-26T13:35:04.129-0300][32.065s][3992][8900 ][info][gc,heap     ] GC(19) y: Soft Max Capacity: 3072M(100%)
[2026-06-26T13:35:04.129-0300][32.065s][3992][8900 ][info][gc,heap     ] GC(19) y: Heap Statistics:
[2026-06-26T13:35:04.129-0300][32.065s][3992][8900 ][info][gc,heap     ] GC(19) y:                Mark Start          Mark End        Relocate Start      Relocate End           High               Low         
[2026-06-26T13:35:04.129-0300][32.065s][3992][8900 ][info][gc,heap     ] GC(19) y:  Capacity:     3072M (100%)       3072M (100%)       3072M (100%)       3072M (100%)       3072M (100%)       3072M (100%)   
[2026-06-26T13:35:04.129-0300][32.065s][3992][8900 ][info][gc,heap     ] GC(19) y:      Free:     1342M (44%)         510M (17%)         540M (18%)         852M (28%)        1342M (44%)         402M (13%)    
[2026-06-26T13:35:04.129-0300][32.065s][3992][8900 ][info][gc,heap     ] GC(19) y:      Used:     1730M (56%)        2562M (83%)        2532M (82%)        2220M (72%)        2670M (87%)        1730M (56%)    
[2026-06-26T13:35:04.129-0300][32.065s][3992][8900 ][info][gc,heap     ] GC(19) y: Young Generation Statistics:
[2026-06-26T13:35:04.129-0300][32.065s][3992][8900 ][info][gc,heap     ] GC(19) y:                Mark Start          Mark End        Relocate Start      Relocate End    
[2026-06-26T13:35:04.129-0300][32.065s][3992][8900 ][info][gc,heap     ] GC(19) y:      Used:      622M (20%)        1454M (47%)        1418M (46%)        1068M (35%)    
[2026-06-26T13:35:04.129-0300][32.065s][3992][8900 ][info][gc,heap     ] GC(19) y:      Live:         -                29M (1%)           24M (1%)           22M (1%)     
[2026-06-26T13:35:04.129-0300][32.065s][3992][8900 ][info][gc,heap     ] GC(19) y:   Garbage:         -               592M (19%)         533M (17%)           1M (0%)     
[2026-06-26T13:35:04.129-0300][32.065s][3992][8900 ][info][gc,heap     ] GC(19) y: Allocated:         -               832M (27%)         860M (28%)        1043M (34%)    
[2026-06-26T13:35:04.129-0300][32.065s][3992][8900 ][info][gc,heap     ] GC(19) y: Reclaimed:         -                  -                58M (2%)          590M (19%)    
[2026-06-26T13:35:04.129-0300][32.065s][3992][8900 ][info][gc,heap     ] GC(19) y:  Promoted:         -                  -                 5M (0%)            7M (0%)     
[2026-06-26T13:35:04.129-0300][32.065s][3992][8900 ][info][gc,heap     ] GC(19) y: Compacted:         -                  -                  -                10M (0%)     
[2026-06-26T13:35:04.129-0300][32.065s][3992][8900 ][info][gc,phases   ] GC(19) y: Young Generation 1730M(56%)->2220M(72%) 0.139s
[2026-06-26T13:35:04.129-0300][32.065s][3992][8900 ][info][gc          ] GC(19) Minor Collection (Allocation Rate) 1730M(56%)->2224M(72%) 0.139s
[2026-06-26T13:35:04.129-0300][32.065s][3992][8900 ][info][gc          ] GC(20) Minor Collection (Allocation Rate)
[2026-06-26T13:35:04.129-0300][32.065s][3992][8900 ][info][gc,task     ] GC(20) Using 2 Workers for Young Generation
[2026-06-26T13:35:04.129-0300][32.065s][3992][8900 ][info][gc,phases   ] GC(20) y: Young Generation
[2026-06-26T13:35:04.129-0300][32.066s][3992][11424][info][gc,phases   ] GC(20) y: Pause Mark Start 0.020ms
[2026-06-26T13:35:04.193-0300][32.130s][3992][8900 ][info][gc,phases   ] GC(20) y: Concurrent Mark 63.974ms
[2026-06-26T13:35:04.194-0300][32.130s][3992][11424][info][gc,phases   ] GC(20) y: Pause Mark End 0.021ms
[2026-06-26T13:35:04.194-0300][32.130s][3992][8900 ][info][gc,phases   ] GC(20) y: Concurrent Mark Free 0.009ms
[2026-06-26T13:35:04.194-0300][32.130s][3992][8900 ][info][gc,phases   ] GC(20) y: Concurrent Reset Relocation Set 0.030ms
[2026-06-26T13:35:04.194-0300][32.130s][3992][8900 ][info][gc,reloc    ] GC(20) y: Using tenuring threshold: 2 (Computed)
[2026-06-26T13:35:04.200-0300][32.137s][3992][8900 ][info][gc,phases   ] GC(20) y: Concurrent Select Relocation Set 6.690ms
[2026-06-26T13:35:04.201-0300][32.137s][3992][11424][info][gc,phases   ] GC(20) y: Pause Relocate Start 0.027ms
[2026-06-26T13:35:04.218-0300][32.155s][3992][8900 ][info][gc,phases   ] GC(20) y: Concurrent Relocate 17.627ms
[2026-06-26T13:35:04.218-0300][32.155s][3992][8900 ][info][gc,alloc    ] GC(20) y:                         Mark Start        Mark End      Relocate Start    Relocate End   
[2026-06-26T13:35:04.218-0300][32.155s][3992][8900 ][info][gc,alloc    ] GC(20) y: Allocation Stalls:          0                0                0                0         
[2026-06-26T13:35:04.218-0300][32.155s][3992][8900 ][info][gc,load     ] GC(20) y: Load: 0.00 (0%) / 0.00 (0%) / 0.00 (0%)
[2026-06-26T13:35:04.218-0300][32.155s][3992][8900 ][info][gc,mmu      ] GC(20) y: MMU: 2ms/98.1%, 5ms/99.0%, 10ms/99.5%, 20ms/99.7%, 50ms/99.9%, 100ms/99.9%
[2026-06-26T13:35:04.219-0300][32.155s][3992][8900 ][info][gc,marking  ] GC(20) y: Mark: 2 stripe(s), 2 proactive flush(es), 1 terminate flush(es), 0 completion(s), 0 continuation(s) 
[2026-06-26T13:35:04.219-0300][32.155s][3992][8900 ][info][gc,nmethod  ] GC(20) y: NMethods: 10651 registered, 0 unregistered
[2026-06-26T13:35:04.219-0300][32.155s][3992][8900 ][info][gc,metaspace] GC(20) y: Metaspace: 61M used, 62M committed, 1088M reserved
[2026-06-26T13:35:04.219-0300][32.155s][3992][8900 ][info][gc,reloc    ] GC(20) y:                        Candidates     Selected     In-Place         Size        Empty    Relocated 
[2026-06-26T13:35:04.219-0300][32.155s][3992][8900 ][info][gc,reloc    ] GC(20) y: Small Pages:                  473          396            0         946M         102M           8M 
[2026-06-26T13:35:04.219-0300][32.155s][3992][8900 ][info][gc,reloc    ] GC(20) y: Medium Pages:                   4            3            0         128M           0M           3M 
[2026-06-26T13:35:04.219-0300][32.155s][3992][8900 ][info][gc,reloc    ] GC(20) y: Large Pages:                    0            0            0           0M           0M           0M 
[2026-06-26T13:35:04.219-0300][32.155s][3992][8900 ][info][gc,reloc    ] GC(20) y: Forwarding Usage: 3M
[2026-06-26T13:35:04.219-0300][32.155s][3992][8900 ][info][gc,reloc    ] GC(20) y: Age Table:
[2026-06-26T13:35:04.219-0300][32.155s][3992][8900 ][info][gc,reloc    ] GC(20) y:                    Live             Garbage             Small              Medium             Large        
[2026-06-26T13:35:04.219-0300][32.155s][3992][8900 ][info][gc,reloc    ] GC(20) y: Eden              22M (1%)          921M (30%)        456 / 391            1 / 0              0 / 0        
[2026-06-26T13:35:04.219-0300][32.155s][3992][8900 ][info][gc,reloc    ] GC(20) y: Survivor 1         8M (0%)           39M (1%)           8 / 4              1 / 1              0 / 0        
[2026-06-26T13:35:04.219-0300][32.155s][3992][8900 ][info][gc,reloc    ] GC(20) y: Survivor 2        13M (0%)           68M (2%)           9 / 1              2 / 2              0 / 0        
[2026-06-26T13:35:04.219-0300][32.155s][3992][8900 ][info][gc,heap     ] GC(20) y: Min Capacity: 8M(0%)
[2026-06-26T13:35:04.219-0300][32.155s][3992][8900 ][info][gc,heap     ] GC(20) y: Max Capacity: 3072M(100%)
[2026-06-26T13:35:04.219-0300][32.155s][3992][8900 ][info][gc,heap     ] GC(20) y: Soft Max Capacity: 3072M(100%)
[2026-06-26T13:35:04.219-0300][32.155s][3992][8900 ][info][gc,heap     ] GC(20) y: Heap Statistics:
[2026-06-26T13:35:04.219-0300][32.155s][3992][8900 ][info][gc,heap     ] GC(20) y:                Mark Start          Mark End        Relocate Start      Relocate End           High               Low         
[2026-06-26T13:35:04.219-0300][32.155s][3992][8900 ][info][gc,heap     ] GC(20) y:  Capacity:     3072M (100%)       3072M (100%)       3072M (100%)       3072M (100%)       3072M (100%)       3072M (100%)   
[2026-06-26T13:35:04.219-0300][32.155s][3992][8900 ][info][gc,heap     ] GC(20) y:      Free:      846M (28%)         460M (15%)         526M (17%)        1188M (39%)        1256M (41%)         416M (14%)    
[2026-06-26T13:35:04.219-0300][32.155s][3992][8900 ][info][gc,heap     ] GC(20) y:      Used:     2226M (72%)        2612M (85%)        2546M (83%)        1884M (61%)        2656M (86%)        1816M (59%)    
[2026-06-26T13:35:04.219-0300][32.155s][3992][8900 ][info][gc,heap     ] GC(20) y: Young Generation Statistics:
[2026-06-26T13:35:04.219-0300][32.155s][3992][8900 ][info][gc,heap     ] GC(20) y:                Mark Start          Mark End        Relocate Start      Relocate End    
[2026-06-26T13:35:04.219-0300][32.155s][3992][8900 ][info][gc,heap     ] GC(20) y:      Used:     1074M (35%)        1460M (48%)        1382M (45%)         684M (22%)    
[2026-06-26T13:35:04.219-0300][32.155s][3992][8900 ][info][gc,heap     ] GC(20) y:      Live:         -                45M (1%)           34M (1%)           31M (1%)     
[2026-06-26T13:35:04.219-0300][32.155s][3992][8900 ][info][gc,heap     ] GC(20) y:   Garbage:         -              1028M (33%)         925M (30%)           7M (0%)     
[2026-06-26T13:35:04.219-0300][32.155s][3992][8900 ][info][gc,heap     ] GC(20) y: Allocated:         -               386M (13%)         422M (14%)         645M (21%)    
[2026-06-26T13:35:04.219-0300][32.155s][3992][8900 ][info][gc,heap     ] GC(20) y: Reclaimed:         -                  -               103M (3%)         1021M (33%)    
[2026-06-26T13:35:04.219-0300][32.155s][3992][8900 ][info][gc,heap     ] GC(20) y:  Promoted:         -                  -                10M (0%)           13M (0%)     
[2026-06-26T13:35:04.219-0300][32.155s][3992][8900 ][info][gc,heap     ] GC(20) y: Compacted:         -                  -                  -                12M (0%)     
[2026-06-26T13:35:04.219-0300][32.155s][3992][8900 ][info][gc,phases   ] GC(20) y: Young Generation 2226M(72%)->1884M(61%) 0.089s
[2026-06-26T13:35:04.219-0300][32.155s][3992][8900 ][info][gc          ] GC(20) Minor Collection (Allocation Rate) 2224M(72%)->1890M(62%) 0.090s
[2026-06-26T13:35:04.219-0300][32.155s][3992][8900 ][info][gc          ] GC(21) Minor Collection (Allocation Rate)
[2026-06-26T13:35:04.219-0300][32.155s][3992][8900 ][info][gc,task     ] GC(21) Using 2 Workers for Young Generation
[2026-06-26T13:35:04.219-0300][32.155s][3992][8900 ][info][gc,phases   ] GC(21) y: Young Generation
[2026-06-26T13:35:04.219-0300][32.155s][3992][11424][info][gc,phases   ] GC(21) y: Pause Mark Start 0.013ms
[2026-06-26T13:35:04.272-0300][32.208s][3992][8900 ][info][gc,phases   ] GC(21) y: Concurrent Mark 52.421ms
[2026-06-26T13:35:04.272-0300][32.208s][3992][11424][info][gc,phases   ] GC(21) y: Pause Mark End 0.022ms
[2026-06-26T13:35:04.272-0300][32.208s][3992][8900 ][info][gc,phases   ] GC(21) y: Concurrent Mark Free 0.007ms
[2026-06-26T13:35:04.272-0300][32.208s][3992][8900 ][info][gc,phases   ] GC(21) y: Concurrent Reset Relocation Set 0.047ms
[2026-06-26T13:35:04.272-0300][32.208s][3992][8900 ][info][gc,reloc    ] GC(21) y: Using tenuring threshold: 1 (Computed)
[2026-06-26T13:35:04.283-0300][32.220s][3992][8900 ][info][gc,phases   ] GC(21) y: Concurrent Select Relocation Set 11.406ms
[2026-06-26T13:35:04.283-0300][32.220s][3992][11424][info][gc,phases   ] GC(21) y: Pause Relocate Start 0.019ms
[2026-06-26T13:35:04.305-0300][32.241s][3992][8900 ][info][gc,phases   ] GC(21) y: Concurrent Relocate 21.358ms
[2026-06-26T13:35:04.305-0300][32.241s][3992][8900 ][info][gc,alloc    ] GC(21) y:                         Mark Start        Mark End      Relocate Start    Relocate End   
[2026-06-26T13:35:04.305-0300][32.241s][3992][8900 ][info][gc,alloc    ] GC(21) y: Allocation Stalls:          0                0                0                0         
[2026-06-26T13:35:04.305-0300][32.241s][3992][8900 ][info][gc,load     ] GC(21) y: Load: 0.00 (0%) / 0.00 (0%) / 0.00 (0%)
[2026-06-26T13:35:04.305-0300][32.241s][3992][8900 ][info][gc,mmu      ] GC(21) y: MMU: 2ms/98.1%, 5ms/99.0%, 10ms/99.5%, 20ms/99.7%, 50ms/99.9%, 100ms/99.9%
[2026-06-26T13:35:04.305-0300][32.241s][3992][8900 ][info][gc,marking  ] GC(21) y: Mark: 2 stripe(s), 2 proactive flush(es), 1 terminate flush(es), 0 completion(s), 0 continuation(s) 
[2026-06-26T13:35:04.305-0300][32.241s][3992][8900 ][info][gc,nmethod  ] GC(21) y: NMethods: 10654 registered, 0 unregistered
[2026-06-26T13:35:04.305-0300][32.241s][3992][8900 ][info][gc,metaspace] GC(21) y: Metaspace: 61M used, 62M committed, 1088M reserved
[2026-06-26T13:35:04.305-0300][32.241s][3992][8900 ][info][gc,reloc    ] GC(21) y:                        Candidates     Selected     In-Place         Size        Empty    Relocated 
[2026-06-26T13:35:04.305-0300][32.241s][3992][8900 ][info][gc,reloc    ] GC(21) y: Small Pages:                  281          223            0         562M          70M           4M 
[2026-06-26T13:35:04.305-0300][32.241s][3992][8900 ][info][gc,reloc    ] GC(21) y: Medium Pages:                   4            2            0         128M          32M           2M 
[2026-06-26T13:35:04.305-0300][32.241s][3992][8900 ][info][gc,reloc    ] GC(21) y: Large Pages:                    0            0            0           0M           0M           0M 
[2026-06-26T13:35:04.305-0300][32.242s][3992][8900 ][info][gc,reloc    ] GC(21) y: Forwarding Usage: 1M
[2026-06-26T13:35:04.305-0300][32.242s][3992][8900 ][info][gc,reloc    ] GC(21) y: Age Table:
[2026-06-26T13:35:04.305-0300][32.242s][3992][8900 ][info][gc,reloc    ] GC(21) y:                    Live             Garbage             Small              Medium             Large        
[2026-06-26T13:35:04.305-0300][32.242s][3992][8900 ][info][gc,reloc    ] GC(21) y: Eden               8M (0%)          543M (18%)        260 / 221            1 / 1              0 / 0        
[2026-06-26T13:35:04.305-0300][32.242s][3992][8900 ][info][gc,reloc    ] GC(21) y: Survivor 1        22M (1%)           71M (2%)          15 / 1              2 / 0              0 / 0        
[2026-06-26T13:35:04.305-0300][32.242s][3992][8900 ][info][gc,reloc    ] GC(21) y: Survivor 2         8M (0%)           35M (1%)           6 / 1              1 / 1              0 / 0        
[2026-06-26T13:35:04.305-0300][32.242s][3992][8900 ][info][gc,heap     ] GC(21) y: Min Capacity: 8M(0%)
[2026-06-26T13:35:04.306-0300][32.242s][3992][8900 ][info][gc,heap     ] GC(21) y: Max Capacity: 3072M(100%)
[2026-06-26T13:35:04.306-0300][32.242s][3992][8900 ][info][gc,heap     ] GC(21) y: Soft Max Capacity: 3072M(100%)
[2026-06-26T13:35:04.306-0300][32.242s][3992][8900 ][info][gc,heap     ] GC(21) y: Heap Statistics:
[2026-06-26T13:35:04.306-0300][32.242s][3992][8900 ][info][gc,heap     ] GC(21) y:                Mark Start          Mark End        Relocate Start      Relocate End           High               Low         
[2026-06-26T13:35:04.306-0300][32.242s][3992][8900 ][info][gc,heap     ] GC(21) y:  Capacity:     3072M (100%)       3072M (100%)       3072M (100%)       3072M (100%)       3072M (100%)       3072M (100%)   
[2026-06-26T13:35:04.306-0300][32.242s][3992][8900 ][info][gc,heap     ] GC(21) y:      Free:     1182M (38%)         766M (25%)         804M (26%)        1154M (38%)        1236M (40%)         702M (23%)    
[2026-06-26T13:35:04.306-0300][32.242s][3992][8900 ][info][gc,heap     ] GC(21) y:      Used:     1890M (62%)        2306M (75%)        2268M (74%)        1918M (62%)        2370M (77%)        1836M (60%)    
[2026-06-26T13:35:04.306-0300][32.242s][3992][8900 ][info][gc,heap     ] GC(21) y: Young Generation Statistics:
[2026-06-26T13:35:04.306-0300][32.242s][3992][8900 ][info][gc,heap     ] GC(21) y:                Mark Start          Mark End        Relocate Start      Relocate End    
[2026-06-26T13:35:04.306-0300][32.242s][3992][8900 ][info][gc,heap     ] GC(21) y:      Used:      690M (22%)        1106M (36%)        1032M (34%)         680M (22%)    
[2026-06-26T13:35:04.306-0300][32.242s][3992][8900 ][info][gc,heap     ] GC(21) y:      Live:         -                39M (1%)           10M (0%)            8M (0%)     
[2026-06-26T13:35:04.306-0300][32.242s][3992][8900 ][info][gc,heap     ] GC(21) y:   Garbage:         -               650M (21%)         541M (18%)           2M (0%)     
[2026-06-26T13:35:04.306-0300][32.242s][3992][8900 ][info][gc,heap     ] GC(21) y: Allocated:         -               416M (14%)         480M (16%)         669M (22%)    
[2026-06-26T13:35:04.306-0300][32.242s][3992][8900 ][info][gc,heap     ] GC(21) y: Reclaimed:         -                  -               109M (4%)          648M (21%)    
[2026-06-26T13:35:04.306-0300][32.242s][3992][8900 ][info][gc,heap     ] GC(21) y:  Promoted:         -                  -                28M (1%)           31M (1%)     
[2026-06-26T13:35:04.306-0300][32.242s][3992][8900 ][info][gc,heap     ] GC(21) y: Compacted:         -                  -                  -                 6M (0%)     
[2026-06-26T13:35:04.306-0300][32.242s][3992][8900 ][info][gc,phases   ] GC(21) y: Young Generation 1890M(62%)->1918M(62%) 0.086s
[2026-06-26T13:35:04.306-0300][32.242s][3992][8900 ][info][gc          ] GC(21) Minor Collection (Allocation Rate) 1890M(62%)->1920M(62%) 0.087s
[2026-06-26T13:35:04.306-0300][32.242s][3992][8900 ][info][gc          ] GC(22) Minor Collection (Allocation Rate)
[2026-06-26T13:35:04.306-0300][32.242s][3992][8900 ][info][gc,task     ] GC(22) Using 2 Workers for Young Generation
[2026-06-26T13:35:04.306-0300][32.242s][3992][8900 ][info][gc,phases   ] GC(22) y: Young Generation
[2026-06-26T13:35:04.306-0300][32.242s][3992][11424][info][gc,phases   ] GC(22) y: Pause Mark Start 0.018ms
[2026-06-26T13:35:04.337-0300][32.273s][3992][8900 ][info][gc,phases   ] GC(22) y: Concurrent Mark 30.919ms
[2026-06-26T13:35:04.337-0300][32.273s][3992][11424][info][gc,phases   ] GC(22) y: Pause Mark End 0.016ms
[2026-06-26T13:35:04.337-0300][32.273s][3992][8900 ][info][gc,phases   ] GC(22) y: Concurrent Mark Free 0.004ms
[2026-06-26T13:35:04.337-0300][32.273s][3992][8900 ][info][gc,phases   ] GC(22) y: Concurrent Reset Relocation Set 0.055ms
[2026-06-26T13:35:04.337-0300][32.273s][3992][8900 ][info][gc,reloc    ] GC(22) y: Using tenuring threshold: 2 (Computed)
[2026-06-26T13:35:04.338-0300][32.274s][3992][8900 ][info][gc,phases   ] GC(22) y: Concurrent Select Relocation Set 0.935ms
[2026-06-26T13:35:04.338-0300][32.274s][3992][11424][info][gc,phases   ] GC(22) y: Pause Relocate Start 0.012ms
[2026-06-26T13:35:04.345-0300][32.281s][3992][8900 ][info][gc,phases   ] GC(22) y: Concurrent Relocate 6.138ms
[2026-06-26T13:35:04.345-0300][32.281s][3992][8900 ][info][gc,alloc    ] GC(22) y:                         Mark Start        Mark End      Relocate Start    Relocate End   
[2026-06-26T13:35:04.345-0300][32.281s][3992][8900 ][info][gc,alloc    ] GC(22) y: Allocation Stalls:          0                0                0                0         
[2026-06-26T13:35:04.345-0300][32.281s][3992][8900 ][info][gc,load     ] GC(22) y: Load: 0.00 (0%) / 0.00 (0%) / 0.00 (0%)
[2026-06-26T13:35:04.345-0300][32.281s][3992][8900 ][info][gc,mmu      ] GC(22) y: MMU: 2ms/98.1%, 5ms/99.0%, 10ms/99.5%, 20ms/99.7%, 50ms/99.9%, 100ms/99.9%
[2026-06-26T13:35:04.345-0300][32.281s][3992][8900 ][info][gc,marking  ] GC(22) y: Mark: 2 stripe(s), 2 proactive flush(es), 1 terminate flush(es), 0 completion(s), 0 continuation(s) 
[2026-06-26T13:35:04.345-0300][32.281s][3992][8900 ][info][gc,nmethod  ] GC(22) y: NMethods: 10659 registered, 0 unregistered
[2026-06-26T13:35:04.345-0300][32.281s][3992][8900 ][info][gc,metaspace] GC(22) y: Metaspace: 61M used, 62M committed, 1088M reserved
[2026-06-26T13:35:04.345-0300][32.281s][3992][8900 ][info][gc,reloc    ] GC(22) y:                        Candidates     Selected     In-Place         Size        Empty    Relocated 
[2026-06-26T13:35:04.345-0300][32.281s][3992][8900 ][info][gc,reloc    ] GC(22) y: Small Pages:                  293          240            0         586M          88M           5M 
[2026-06-26T13:35:04.345-0300][32.281s][3992][8900 ][info][gc,reloc    ] GC(22) y: Medium Pages:                   3            1            0          96M          32M           4M 
[2026-06-26T13:35:04.345-0300][32.281s][3992][8900 ][info][gc,reloc    ] GC(22) y: Large Pages:                    0            0            0           0M           0M           0M 
[2026-06-26T13:35:04.345-0300][32.281s][3992][8900 ][info][gc,reloc    ] GC(22) y: Forwarding Usage: 2M
[2026-06-26T13:35:04.345-0300][32.281s][3992][8900 ][info][gc,reloc    ] GC(22) y: Age Table:
[2026-06-26T13:35:04.345-0300][32.281s][3992][8900 ][info][gc,reloc    ] GC(22) y:                    Live             Garbage             Small              Medium             Large        
[2026-06-26T13:35:04.345-0300][32.281s][3992][8900 ][info][gc,reloc    ] GC(22) y: Eden              12M (0%)          589M (19%)        285 / 238            1 / 1              0 / 0        
[2026-06-26T13:35:04.345-0300][32.281s][3992][8900 ][info][gc,reloc    ] GC(22) y: Survivor 1         7M (0%)           72M (2%)           8 / 2              2 / 0              0 / 0        
[2026-06-26T13:35:04.345-0300][32.281s][3992][8900 ][info][gc,heap     ] GC(22) y: Min Capacity: 8M(0%)
[2026-06-26T13:35:04.345-0300][32.281s][3992][8900 ][info][gc,heap     ] GC(22) y: Max Capacity: 3072M(100%)
[2026-06-26T13:35:04.345-0300][32.281s][3992][8900 ][info][gc,heap     ] GC(22) y: Soft Max Capacity: 3072M(100%)
[2026-06-26T13:35:04.345-0300][32.281s][3992][8900 ][info][gc,heap     ] GC(22) y: Heap Statistics:
[2026-06-26T13:35:04.345-0300][32.281s][3992][8900 ][info][gc,heap     ] GC(22) y:                Mark Start          Mark End        Relocate Start      Relocate End           High               Low         
[2026-06-26T13:35:04.345-0300][32.281s][3992][8900 ][info][gc,heap     ] GC(22) y:  Capacity:     3072M (100%)       3072M (100%)       3072M (100%)       3072M (100%)       3072M (100%)       3072M (100%)   
[2026-06-26T13:35:04.345-0300][32.281s][3992][8900 ][info][gc,heap     ] GC(22) y:      Free:     1152M (38%)         990M (32%)        1100M (36%)        1542M (50%)        1564M (51%)         986M (32%)    
[2026-06-26T13:35:04.345-0300][32.281s][3992][8900 ][info][gc,heap     ] GC(22) y:      Used:     1920M (62%)        2082M (68%)        1972M (64%)        1530M (50%)        2086M (68%)        1508M (49%)    
[2026-06-26T13:35:04.345-0300][32.281s][3992][8900 ][info][gc,heap     ] GC(22) y: Young Generation Statistics:
[2026-06-26T13:35:04.345-0300][32.281s][3992][8900 ][info][gc,heap     ] GC(22) y:                Mark Start          Mark End        Relocate Start      Relocate End    
[2026-06-26T13:35:04.345-0300][32.281s][3992][8900 ][info][gc,heap     ] GC(22) y:      Used:      682M (22%)         844M (27%)         734M (24%)         292M (10%)    
[2026-06-26T13:35:04.345-0300][32.281s][3992][8900 ][info][gc,heap     ] GC(22) y:      Live:         -                20M (1%)           20M (1%)           20M (1%)     
[2026-06-26T13:35:04.345-0300][32.281s][3992][8900 ][info][gc,heap     ] GC(22) y:   Garbage:         -               661M (22%)         541M (18%)           1M (0%)     
[2026-06-26T13:35:04.345-0300][32.281s][3992][8900 ][info][gc,heap     ] GC(22) y: Allocated:         -               162M (5%)          172M (6%)          269M (9%)     
[2026-06-26T13:35:04.345-0300][32.281s][3992][8900 ][info][gc,heap     ] GC(22) y: Reclaimed:         -                  -               120M (4%)          659M (21%)    
[2026-06-26T13:35:04.345-0300][32.281s][3992][8900 ][info][gc,heap     ] GC(22) y:  Promoted:         -                  -                 0M (0%)            0M (0%)     
[2026-06-26T13:35:04.345-0300][32.281s][3992][8900 ][info][gc,heap     ] GC(22) y: Compacted:         -                  -                  -                14M (0%)     
[2026-06-26T13:35:04.345-0300][32.281s][3992][8900 ][info][gc,phases   ] GC(22) y: Young Generation 1920M(62%)->1530M(50%) 0.039s
[2026-06-26T13:35:04.345-0300][32.281s][3992][8900 ][info][gc          ] GC(22) Minor Collection (Allocation Rate) 1920M(62%)->1532M(50%) 0.039s
[2026-06-26T13:35:04.345-0300][32.281s][3992][8900 ][info][gc          ] GC(23) Minor Collection (Allocation Rate)
[2026-06-26T13:35:04.345-0300][32.281s][3992][8900 ][info][gc,task     ] GC(23) Using 2 Workers for Young Generation
[2026-06-26T13:35:04.345-0300][32.281s][3992][8900 ][info][gc,phases   ] GC(23) y: Young Generation
[2026-06-26T13:35:04.345-0300][32.282s][3992][11424][info][gc,phases   ] GC(23) y: Pause Mark Start 0.024ms
[2026-06-26T13:35:04.396-0300][32.332s][3992][8900 ][info][gc,phases   ] GC(23) y: Concurrent Mark 50.773ms
[2026-06-26T13:35:04.396-0300][32.333s][3992][11424][info][gc,phases   ] GC(23) y: Pause Mark End 0.013ms
[2026-06-26T13:35:04.396-0300][32.333s][3992][8900 ][info][gc,phases   ] GC(23) y: Concurrent Mark Free 0.004ms
[2026-06-26T13:35:04.397-0300][32.333s][3992][8900 ][info][gc,phases   ] GC(23) y: Concurrent Reset Relocation Set 0.019ms
[2026-06-26T13:35:04.397-0300][32.333s][3992][8900 ][info][gc,reloc    ] GC(23) y: Using tenuring threshold: 1 (Computed)
[2026-06-26T13:35:04.404-0300][32.341s][3992][8900 ][info][gc,phases   ] GC(23) y: Concurrent Select Relocation Set 8.275ms
[2026-06-26T13:35:04.404-0300][32.341s][3992][11424][info][gc,phases   ] GC(23) y: Pause Relocate Start 0.031ms
[2026-06-26T13:35:04.421-0300][32.357s][3992][8900 ][info][gc,phases   ] GC(23) y: Concurrent Relocate 15.797ms
[2026-06-26T13:35:04.421-0300][32.357s][3992][8900 ][info][gc,alloc    ] GC(23) y:                         Mark Start        Mark End      Relocate Start    Relocate End   
[2026-06-26T13:35:04.421-0300][32.357s][3992][8900 ][info][gc,alloc    ] GC(23) y: Allocation Stalls:          0                0                0                0         
[2026-06-26T13:35:04.421-0300][32.357s][3992][8900 ][info][gc,load     ] GC(23) y: Load: 0.00 (0%) / 0.00 (0%) / 0.00 (0%)
[2026-06-26T13:35:04.421-0300][32.357s][3992][8900 ][info][gc,mmu      ] GC(23) y: MMU: 2ms/98.1%, 5ms/99.0%, 10ms/99.5%, 20ms/99.7%, 50ms/99.9%, 100ms/99.9%
[2026-06-26T13:35:04.421-0300][32.357s][3992][8900 ][info][gc,marking  ] GC(23) y: Mark: 2 stripe(s), 2 proactive flush(es), 1 terminate flush(es), 0 completion(s), 0 continuation(s) 
[2026-06-26T13:35:04.421-0300][32.357s][3992][8900 ][info][gc,nmethod  ] GC(23) y: NMethods: 10668 registered, 0 unregistered
[2026-06-26T13:35:04.421-0300][32.357s][3992][8900 ][info][gc,metaspace] GC(23) y: Metaspace: 61M used, 62M committed, 1088M reserved
[2026-06-26T13:35:04.421-0300][32.357s][3992][8900 ][info][gc,reloc    ] GC(23) y:                        Candidates     Selected     In-Place         Size        Empty    Relocated 
[2026-06-26T13:35:04.421-0300][32.357s][3992][8900 ][info][gc,reloc    ] GC(23) y: Small Pages:                  115           91            0         230M          26M           3M 
[2026-06-26T13:35:04.421-0300][32.357s][3992][8900 ][info][gc,reloc    ] GC(23) y: Medium Pages:                   2            1            0          64M           0M           4M 
[2026-06-26T13:35:04.421-0300][32.357s][3992][8900 ][info][gc,reloc    ] GC(23) y: Large Pages:                    0            0            0           0M           0M           0M 
[2026-06-26T13:35:04.421-0300][32.357s][3992][8900 ][info][gc,reloc    ] GC(23) y: Forwarding Usage: 1M
[2026-06-26T13:35:04.421-0300][32.357s][3992][8900 ][info][gc,reloc    ] GC(23) y: Age Table:
[2026-06-26T13:35:04.421-0300][32.357s][3992][8900 ][info][gc,reloc    ] GC(23) y:                    Live             Garbage             Small              Medium             Large        
[2026-06-26T13:35:04.421-0300][32.357s][3992][8900 ][info][gc,reloc    ] GC(23) y: Eden               4M (0%)          201M (7%)         103 / 88             0 / 0              0 / 0        
[2026-06-26T13:35:04.421-0300][32.357s][3992][8900 ][info][gc,reloc    ] GC(23) y: Survivor 1        12M (0%)           33M (1%)           7 / 2              1 / 1              0 / 0        
[2026-06-26T13:35:04.421-0300][32.357s][3992][8900 ][info][gc,reloc    ] GC(23) y: Survivor 2         7M (0%)           34M (1%)           5 / 1              1 / 0              0 / 0        
[2026-06-26T13:35:04.421-0300][32.357s][3992][8900 ][info][gc,heap     ] GC(23) y: Min Capacity: 8M(0%)
[2026-06-26T13:35:04.421-0300][32.357s][3992][8900 ][info][gc,heap     ] GC(23) y: Max Capacity: 3072M(100%)
[2026-06-26T13:35:04.421-0300][32.357s][3992][8900 ][info][gc,heap     ] GC(23) y: Soft Max Capacity: 3072M(100%)
[2026-06-26T13:35:04.421-0300][32.357s][3992][8900 ][info][gc,heap     ] GC(23) y: Heap Statistics:
[2026-06-26T13:35:04.421-0300][32.357s][3992][8900 ][info][gc,heap     ] GC(23) y:                Mark Start          Mark End        Relocate Start      Relocate End           High               Low         
[2026-06-26T13:35:04.421-0300][32.357s][3992][8900 ][info][gc,heap     ] GC(23) y:  Capacity:     3072M (100%)       3072M (100%)       3072M (100%)       3072M (100%)       3072M (100%)       3072M (100%)   
[2026-06-26T13:35:04.421-0300][32.357s][3992][8900 ][info][gc,heap     ] GC(23) y:      Free:     1540M (50%)        1238M (40%)        1214M (40%)        1334M (43%)        1540M (50%)        1166M (38%)    
[2026-06-26T13:35:04.421-0300][32.357s][3992][8900 ][info][gc,heap     ] GC(23) y:      Used:     1532M (50%)        1834M (60%)        1858M (60%)        1738M (57%)        1906M (62%)        1532M (50%)    
[2026-06-26T13:35:04.421-0300][32.358s][3992][8900 ][info][gc,heap     ] GC(23) y: Young Generation Statistics:
[2026-06-26T13:35:04.421-0300][32.358s][3992][8900 ][info][gc,heap     ] GC(23) y:                Mark Start          Mark End        Relocate Start      Relocate End    
[2026-06-26T13:35:04.421-0300][32.358s][3992][8900 ][info][gc,heap     ] GC(23) y:      Used:      294M (10%)         596M (19%)         604M (20%)         448M (15%)    
[2026-06-26T13:35:04.421-0300][32.358s][3992][8900 ][info][gc,heap     ] GC(23) y:      Live:         -                24M (1%)           10M (0%)            4M (0%)     
[2026-06-26T13:35:04.422-0300][32.358s][3992][8900 ][info][gc,heap     ] GC(23) y:   Garbage:         -               269M (9%)          241M (8%)            0M (0%)     
[2026-06-26T13:35:04.422-0300][32.358s][3992][8900 ][info][gc,heap     ] GC(23) y: Allocated:         -               302M (10%)         352M (11%)         443M (14%)    
[2026-06-26T13:35:04.422-0300][32.358s][3992][8900 ][info][gc,heap     ] GC(23) y: Reclaimed:         -                  -                27M (1%)          269M (9%)     
[2026-06-26T13:35:04.422-0300][32.358s][3992][8900 ][info][gc,heap     ] GC(23) y:  Promoted:         -                  -                14M (0%)           20M (1%)     
[2026-06-26T13:35:04.422-0300][32.358s][3992][8900 ][info][gc,heap     ] GC(23) y: Compacted:         -                  -                  -                 4M (0%)     
[2026-06-26T13:35:04.422-0300][32.358s][3992][8900 ][info][gc,phases   ] GC(23) y: Young Generation 1532M(50%)->1738M(57%) 0.076s
[2026-06-26T13:35:04.422-0300][32.358s][3992][8900 ][info][gc          ] GC(23) Minor Collection (Allocation Rate) 1532M(50%)->1740M(57%) 0.076s
[2026-06-26T13:35:04.422-0300][32.358s][3992][8900 ][info][gc          ] GC(24) Minor Collection (Allocation Rate)
[2026-06-26T13:35:04.422-0300][32.358s][3992][8900 ][info][gc,task     ] GC(24) Using 2 Workers for Young Generation
[2026-06-26T13:35:04.422-0300][32.358s][3992][8900 ][info][gc,phases   ] GC(24) y: Young Generation
[2026-06-26T13:35:04.422-0300][32.358s][3992][11424][info][gc,phases   ] GC(24) y: Pause Mark Start 0.019ms
[2026-06-26T13:35:04.450-0300][32.386s][3992][8900 ][info][gc,phases   ] GC(24) y: Concurrent Mark 27.994ms
[2026-06-26T13:35:04.450-0300][32.386s][3992][11424][info][gc,phases   ] GC(24) y: Pause Mark End 0.020ms
[2026-06-26T13:35:04.450-0300][32.386s][3992][8900 ][info][gc,phases   ] GC(24) y: Concurrent Mark Free 0.008ms
[2026-06-26T13:35:04.450-0300][32.386s][3992][8900 ][info][gc,phases   ] GC(24) y: Concurrent Reset Relocation Set 0.078ms
[2026-06-26T13:35:04.450-0300][32.386s][3992][8900 ][info][gc,reloc    ] GC(24) y: Using tenuring threshold: 2 (Computed)
[2026-06-26T13:35:04.451-0300][32.387s][3992][8900 ][info][gc,phases   ] GC(24) y: Concurrent Select Relocation Set 0.387ms
[2026-06-26T13:35:04.451-0300][32.387s][3992][11424][info][gc,phases   ] GC(24) y: Pause Relocate Start 0.010ms
[2026-06-26T13:35:04.454-0300][32.390s][3992][8900 ][info][gc,phases   ] GC(24) y: Concurrent Relocate 3.114ms
[2026-06-26T13:35:04.454-0300][32.390s][3992][8900 ][info][gc,alloc    ] GC(24) y:                         Mark Start        Mark End      Relocate Start    Relocate End   
[2026-06-26T13:35:04.454-0300][32.390s][3992][8900 ][info][gc,alloc    ] GC(24) y: Allocation Stalls:          0                0                0                0         
[2026-06-26T13:35:04.454-0300][32.390s][3992][8900 ][info][gc,load     ] GC(24) y: Load: 0.00 (0%) / 0.00 (0%) / 0.00 (0%)
[2026-06-26T13:35:04.454-0300][32.390s][3992][8900 ][info][gc,mmu      ] GC(24) y: MMU: 2ms/98.1%, 5ms/99.0%, 10ms/99.5%, 20ms/99.7%, 50ms/99.8%, 100ms/99.9%
[2026-06-26T13:35:04.454-0300][32.390s][3992][8900 ][info][gc,marking  ] GC(24) y: Mark: 2 stripe(s), 2 proactive flush(es), 1 terminate flush(es), 0 completion(s), 0 continuation(s) 
[2026-06-26T13:35:04.454-0300][32.390s][3992][8900 ][info][gc,nmethod  ] GC(24) y: NMethods: 10701 registered, 0 unregistered
[2026-06-26T13:35:04.454-0300][32.390s][3992][8900 ][info][gc,metaspace] GC(24) y: Metaspace: 61M used, 62M committed, 1088M reserved
[2026-06-26T13:35:04.454-0300][32.390s][3992][8900 ][info][gc,reloc    ] GC(24) y:                        Candidates     Selected     In-Place         Size        Empty    Relocated 
[2026-06-26T13:35:04.454-0300][32.390s][3992][8900 ][info][gc,reloc    ] GC(24) y: Small Pages:                  226          196            0         452M          46M           4M 
[2026-06-26T13:35:04.454-0300][32.390s][3992][8900 ][info][gc,reloc    ] GC(24) y: Medium Pages:                   0            0            0           0M           0M           0M 
[2026-06-26T13:35:04.454-0300][32.390s][3992][8900 ][info][gc,reloc    ] GC(24) y: Large Pages:                    0            0            0           0M           0M           0M 
[2026-06-26T13:35:04.454-0300][32.390s][3992][8900 ][info][gc,reloc    ] GC(24) y: Forwarding Usage: 1M
[2026-06-26T13:35:04.454-0300][32.390s][3992][8900 ][info][gc,reloc    ] GC(24) y: Age Table:
[2026-06-26T13:35:04.454-0300][32.390s][3992][8900 ][info][gc,reloc    ] GC(24) y:                    Live             Garbage             Small              Medium             Large        
[2026-06-26T13:35:04.454-0300][32.390s][3992][8900 ][info][gc,reloc    ] GC(24) y: Eden               6M (0%)          439M (14%)        223 / 195            0 / 0              0 / 0        
[2026-06-26T13:35:04.454-0300][32.390s][3992][8900 ][info][gc,reloc    ] GC(24) y: Survivor 1         4M (0%)            1M (0%)           3 / 1              0 / 0              0 / 0        
[2026-06-26T13:35:04.454-0300][32.390s][3992][8900 ][info][gc,heap     ] GC(24) y: Min Capacity: 8M(0%)
[2026-06-26T13:35:04.454-0300][32.390s][3992][8900 ][info][gc,heap     ] GC(24) y: Max Capacity: 3072M(100%)
[2026-06-26T13:35:04.454-0300][32.390s][3992][8900 ][info][gc,heap     ] GC(24) y: Soft Max Capacity: 3072M(100%)
[2026-06-26T13:35:04.454-0300][32.390s][3992][8900 ][info][gc,heap     ] GC(24) y: Heap Statistics:
[2026-06-26T13:35:04.454-0300][32.390s][3992][8900 ][info][gc,heap     ] GC(24) y:                Mark Start          Mark End        Relocate Start      Relocate End           High               Low         
[2026-06-26T13:35:04.454-0300][32.390s][3992][8900 ][info][gc,heap     ] GC(24) y:  Capacity:     3072M (100%)       3072M (100%)       3072M (100%)       3072M (100%)       3072M (100%)       3072M (100%)   
[2026-06-26T13:35:04.454-0300][32.390s][3992][8900 ][info][gc,heap     ] GC(24) y:      Free:     1330M (43%)        1170M (38%)        1212M (39%)        1582M (51%)        1588M (52%)        1170M (38%)    
[2026-06-26T13:35:04.454-0300][32.390s][3992][8900 ][info][gc,heap     ] GC(24) y:      Used:     1742M (57%)        1902M (62%)        1860M (61%)        1490M (49%)        1902M (62%)        1484M (48%)    
[2026-06-26T13:35:04.454-0300][32.390s][3992][8900 ][info][gc,heap     ] GC(24) y: Young Generation Statistics:
[2026-06-26T13:35:04.454-0300][32.390s][3992][8900 ][info][gc,heap     ] GC(24) y:                Mark Start          Mark End        Relocate Start      Relocate End    
[2026-06-26T13:35:04.454-0300][32.390s][3992][8900 ][info][gc,heap     ] GC(24) y:      Used:      452M (15%)         612M (20%)         570M (19%)         200M (7%)     
[2026-06-26T13:35:04.454-0300][32.390s][3992][8900 ][info][gc,heap     ] GC(24) y:      Live:         -                10M (0%)           10M (0%)           10M (0%)     
[2026-06-26T13:35:04.454-0300][32.390s][3992][8900 ][info][gc,heap     ] GC(24) y:   Garbage:         -               441M (14%)         395M (13%)           2M (0%)     
[2026-06-26T13:35:04.454-0300][32.390s][3992][8900 ][info][gc,heap     ] GC(24) y: Allocated:         -               160M (5%)          164M (5%)          186M (6%)     
[2026-06-26T13:35:04.454-0300][32.390s][3992][8900 ][info][gc,heap     ] GC(24) y: Reclaimed:         -                  -                46M (1%)          438M (14%)    
[2026-06-26T13:35:04.454-0300][32.390s][3992][8900 ][info][gc,heap     ] GC(24) y:  Promoted:         -                  -                 0M (0%)            0M (0%)     
[2026-06-26T13:35:04.454-0300][32.390s][3992][8900 ][info][gc,heap     ] GC(24) y: Compacted:         -                  -                  -                 5M (0%)     
[2026-06-26T13:35:04.454-0300][32.390s][3992][8900 ][info][gc,phases   ] GC(24) y: Young Generation 1742M(57%)->1490M(49%) 0.032s
[2026-06-26T13:35:04.454-0300][32.390s][3992][8900 ][info][gc          ] GC(24) Minor Collection (Allocation Rate) 1742M(57%)->1492M(49%) 0.033s
[2026-06-26T13:35:04.528-0300][32.465s][3992][8900 ][info][gc          ] GC(25) Minor Collection (Allocation Rate)
[2026-06-26T13:35:04.528-0300][32.465s][3992][8900 ][info][gc,task     ] GC(25) Using 2 Workers for Young Generation
[2026-06-26T13:35:04.528-0300][32.465s][3992][8900 ][info][gc,phases   ] GC(25) y: Young Generation
[2026-06-26T13:35:04.528-0300][32.465s][3992][11424][info][gc,phases   ] GC(25) y: Pause Mark Start 0.014ms
[2026-06-26T13:35:04.557-0300][32.493s][3992][8900 ][info][gc,phases   ] GC(25) y: Concurrent Mark 27.822ms
[2026-06-26T13:35:04.557-0300][32.493s][3992][11424][info][gc,phases   ] GC(25) y: Pause Mark End 0.024ms
[2026-06-26T13:35:04.557-0300][32.494s][3992][8900 ][info][gc,phases   ] GC(25) y: Concurrent Mark Free 0.007ms
[2026-06-26T13:35:04.557-0300][32.494s][3992][8900 ][info][gc,phases   ] GC(25) y: Concurrent Reset Relocation Set 0.016ms
[2026-06-26T13:35:04.558-0300][32.494s][3992][8900 ][info][gc,reloc    ] GC(25) y: Using tenuring threshold: 3 (Computed)
[2026-06-26T13:35:04.558-0300][32.494s][3992][8900 ][info][gc,phases   ] GC(25) y: Concurrent Select Relocation Set 0.423ms
[2026-06-26T13:35:04.558-0300][32.494s][3992][11424][info][gc,phases   ] GC(25) y: Pause Relocate Start 0.029ms
[2026-06-26T13:35:04.563-0300][32.500s][3992][8900 ][info][gc,phases   ] GC(25) y: Concurrent Relocate 5.684ms
[2026-06-26T13:35:04.563-0300][32.500s][3992][8900 ][info][gc,alloc    ] GC(25) y:                         Mark Start        Mark End      Relocate Start    Relocate End   
[2026-06-26T13:35:04.563-0300][32.500s][3992][8900 ][info][gc,alloc    ] GC(25) y: Allocation Stalls:          0                0                0                0         
[2026-06-26T13:35:04.563-0300][32.500s][3992][8900 ][info][gc,load     ] GC(25) y: Load: 0.00 (0%) / 0.00 (0%) / 0.00 (0%)
[2026-06-26T13:35:04.563-0300][32.500s][3992][8900 ][info][gc,mmu      ] GC(25) y: MMU: 2ms/97.3%, 5ms/98.9%, 10ms/99.5%, 20ms/99.7%, 50ms/99.8%, 100ms/99.9%
[2026-06-26T13:35:04.563-0300][32.500s][3992][8900 ][info][gc,marking  ] GC(25) y: Mark: 2 stripe(s), 2 proactive flush(es), 1 terminate flush(es), 0 completion(s), 0 continuation(s) 
[2026-06-26T13:35:04.563-0300][32.500s][3992][8900 ][info][gc,nmethod  ] GC(25) y: NMethods: 10777 registered, 0 unregistered
[2026-06-26T13:35:04.563-0300][32.500s][3992][8900 ][info][gc,metaspace] GC(25) y: Metaspace: 61M used, 63M committed, 1088M reserved
[2026-06-26T13:35:04.563-0300][32.500s][3992][8900 ][info][gc,reloc    ] GC(25) y:                        Candidates     Selected     In-Place         Size        Empty    Relocated 
[2026-06-26T13:35:04.563-0300][32.500s][3992][8900 ][info][gc,reloc    ] GC(25) y: Small Pages:                  278          233            0         556M          72M           4M 
[2026-06-26T13:35:04.563-0300][32.500s][3992][8900 ][info][gc,reloc    ] GC(25) y: Medium Pages:                   0            0            0           0M           0M           0M 
[2026-06-26T13:35:04.563-0300][32.500s][3992][8900 ][info][gc,reloc    ] GC(25) y: Large Pages:                    0            0            0           0M           0M           0M 
[2026-06-26T13:35:04.563-0300][32.500s][3992][8900 ][info][gc,reloc    ] GC(25) y: Forwarding Usage: 1M
[2026-06-26T13:35:04.563-0300][32.500s][3992][8900 ][info][gc,reloc    ] GC(25) y: Age Table:
[2026-06-26T13:35:04.563-0300][32.500s][3992][8900 ][info][gc,reloc    ] GC(25) y:                    Live             Garbage             Small              Medium             Large        
[2026-06-26T13:35:04.564-0300][32.500s][3992][8900 ][info][gc,reloc    ] GC(25) y: Eden               3M (0%)          532M (17%)        268 / 231            0 / 0              0 / 0        
[2026-06-26T13:35:04.564-0300][32.500s][3992][8900 ][info][gc,reloc    ] GC(25) y: Survivor 1         6M (0%)            7M (0%)           7 / 1              0 / 0              0 / 0        
[2026-06-26T13:35:04.564-0300][32.500s][3992][8900 ][info][gc,reloc    ] GC(25) y: Survivor 2         4M (0%)            1M (0%)           3 / 1              0 / 0              0 / 0        
[2026-06-26T13:35:04.564-0300][32.500s][3992][8900 ][info][gc,heap     ] GC(25) y: Min Capacity: 8M(0%)
[2026-06-26T13:35:04.564-0300][32.500s][3992][8900 ][info][gc,heap     ] GC(25) y: Max Capacity: 3072M(100%)
[2026-06-26T13:35:04.564-0300][32.500s][3992][8900 ][info][gc,heap     ] GC(25) y: Soft Max Capacity: 3072M(100%)
[2026-06-26T13:35:04.564-0300][32.500s][3992][8900 ][info][gc,heap     ] GC(25) y: Heap Statistics:
[2026-06-26T13:35:04.564-0300][32.500s][3992][8900 ][info][gc,heap     ] GC(25) y:                Mark Start          Mark End        Relocate Start      Relocate End           High               Low         
[2026-06-26T13:35:04.564-0300][32.500s][3992][8900 ][info][gc,heap     ] GC(25) y:  Capacity:     3072M (100%)       3072M (100%)       3072M (100%)       3072M (100%)       3072M (100%)       3072M (100%)   
[2026-06-26T13:35:04.564-0300][32.500s][3992][8900 ][info][gc,heap     ] GC(25) y:      Free:     1226M (40%)        1100M (36%)        1170M (38%)        1600M (52%)        1610M (52%)        1100M (36%)    
[2026-06-26T13:35:04.564-0300][32.500s][3992][8900 ][info][gc,heap     ] GC(25) y:      Used:     1846M (60%)        1972M (64%)        1902M (62%)        1472M (48%)        1972M (64%)        1462M (48%)    
[2026-06-26T13:35:04.564-0300][32.500s][3992][8900 ][info][gc,heap     ] GC(25) y: Young Generation Statistics:
[2026-06-26T13:35:04.564-0300][32.500s][3992][8900 ][info][gc,heap     ] GC(25) y:                Mark Start          Mark End        Relocate Start      Relocate End    
[2026-06-26T13:35:04.564-0300][32.500s][3992][8900 ][info][gc,heap     ] GC(25) y:      Used:      556M (18%)         682M (22%)         612M (20%)         182M (6%)     
[2026-06-26T13:35:04.564-0300][32.500s][3992][8900 ][info][gc,heap     ] GC(25) y:      Live:         -                14M (0%)           14M (0%)           14M (0%)     
[2026-06-26T13:35:04.564-0300][32.500s][3992][8900 ][info][gc,heap     ] GC(25) y:   Garbage:         -               541M (18%)         469M (15%)           2M (0%)     
[2026-06-26T13:35:04.564-0300][32.500s][3992][8900 ][info][gc,heap     ] GC(25) y: Allocated:         -               126M (4%)          128M (4%)          164M (5%)     
[2026-06-26T13:35:04.564-0300][32.501s][3992][8900 ][info][gc,heap     ] GC(25) y: Reclaimed:         -                  -                72M (2%)          538M (18%)    
[2026-06-26T13:35:04.564-0300][32.501s][3992][8900 ][info][gc,heap     ] GC(25) y:  Promoted:         -                  -                 0M (0%)            0M (0%)     
[2026-06-26T13:35:04.564-0300][32.501s][3992][8900 ][info][gc,heap     ] GC(25) y: Compacted:         -                  -                  -                 5M (0%)     
[2026-06-26T13:35:04.564-0300][32.501s][3992][8900 ][info][gc,phases   ] GC(25) y: Young Generation 1846M(60%)->1472M(48%) 0.035s
[2026-06-26T13:35:04.564-0300][32.501s][3992][8900 ][info][gc          ] GC(25) Minor Collection (Allocation Rate) 1844M(60%)->1478M(48%) 0.036s
[2026-06-26T13:35:04.647-0300][32.584s][3992][8900 ][info][gc          ] GC(26) Minor Collection (Allocation Rate)
[2026-06-26T13:35:04.647-0300][32.584s][3992][8900 ][info][gc,task     ] GC(26) Using 2 Workers for Young Generation
[2026-06-26T13:35:04.647-0300][32.584s][3992][8900 ][info][gc,phases   ] GC(26) y: Young Generation
[2026-06-26T13:35:04.647-0300][32.584s][3992][11424][info][gc,phases   ] GC(26) y: Pause Mark Start 0.010ms
[2026-06-26T13:35:04.677-0300][32.613s][3992][8900 ][info][gc,phases   ] GC(26) y: Concurrent Mark 29.502ms
[2026-06-26T13:35:04.677-0300][32.613s][3992][11424][info][gc,phases   ] GC(26) y: Pause Mark End 0.031ms
[2026-06-26T13:35:04.677-0300][32.614s][3992][8900 ][info][gc,phases   ] GC(26) y: Concurrent Mark Free 0.006ms
[2026-06-26T13:35:04.677-0300][32.614s][3992][8900 ][info][gc,phases   ] GC(26) y: Concurrent Reset Relocation Set 0.021ms
[2026-06-26T13:35:04.677-0300][32.614s][3992][8900 ][info][gc,reloc    ] GC(26) y: Using tenuring threshold: 4 (Computed)
[2026-06-26T13:35:04.678-0300][32.615s][3992][8900 ][info][gc,phases   ] GC(26) y: Concurrent Select Relocation Set 0.877ms
[2026-06-26T13:35:04.678-0300][32.615s][3992][11424][info][gc,phases   ] GC(26) y: Pause Relocate Start 0.019ms
[2026-06-26T13:35:04.683-0300][32.619s][3992][8900 ][info][gc,phases   ] GC(26) y: Concurrent Relocate 4.275ms
[2026-06-26T13:35:04.683-0300][32.619s][3992][8900 ][info][gc,alloc    ] GC(26) y:                         Mark Start        Mark End      Relocate Start    Relocate End   
[2026-06-26T13:35:04.683-0300][32.619s][3992][8900 ][info][gc,alloc    ] GC(26) y: Allocation Stalls:          0                0                0                0         
[2026-06-26T13:35:04.683-0300][32.619s][3992][8900 ][info][gc,load     ] GC(26) y: Load: 0.00 (0%) / 0.00 (0%) / 0.00 (0%)
[2026-06-26T13:35:04.683-0300][32.619s][3992][8900 ][info][gc,mmu      ] GC(26) y: MMU: 2ms/97.3%, 5ms/98.9%, 10ms/99.5%, 20ms/99.7%, 50ms/99.8%, 100ms/99.9%
[2026-06-26T13:35:04.683-0300][32.619s][3992][8900 ][info][gc,marking  ] GC(26) y: Mark: 2 stripe(s), 2 proactive flush(es), 1 terminate flush(es), 0 completion(s), 0 continuation(s) 
[2026-06-26T13:35:04.683-0300][32.619s][3992][8900 ][info][gc,nmethod  ] GC(26) y: NMethods: 10818 registered, 0 unregistered
[2026-06-26T13:35:04.683-0300][32.619s][3992][8900 ][info][gc,metaspace] GC(26) y: Metaspace: 61M used, 63M committed, 1088M reserved
[2026-06-26T13:35:04.683-0300][32.619s][3992][8900 ][info][gc,reloc    ] GC(26) y:                        Candidates     Selected     In-Place         Size        Empty    Relocated 
[2026-06-26T13:35:04.683-0300][32.619s][3992][8900 ][info][gc,reloc    ] GC(26) y: Small Pages:                  237          192            0         474M          70M           4M 
[2026-06-26T13:35:04.683-0300][32.619s][3992][8900 ][info][gc,reloc    ] GC(26) y: Medium Pages:                   0            0            0           0M           0M           0M 
[2026-06-26T13:35:04.683-0300][32.619s][3992][8900 ][info][gc,reloc    ] GC(26) y: Large Pages:                    0            0            0           0M           0M           0M 
[2026-06-26T13:35:04.683-0300][32.619s][3992][8900 ][info][gc,reloc    ] GC(26) y: Forwarding Usage: 1M
[2026-06-26T13:35:04.683-0300][32.619s][3992][8900 ][info][gc,reloc    ] GC(26) y: Age Table:
[2026-06-26T13:35:04.683-0300][32.619s][3992][8900 ][info][gc,reloc    ] GC(26) y:                    Live             Garbage             Small              Medium             Large        
[2026-06-26T13:35:04.683-0300][32.619s][3992][8900 ][info][gc,reloc    ] GC(26) y: Eden               2M (0%)          443M (14%)        223 / 187            0 / 0              0 / 0        
[2026-06-26T13:35:04.683-0300][32.619s][3992][8900 ][info][gc,reloc    ] GC(26) y: Survivor 1         3M (0%)            6M (0%)           5 / 1              0 / 0              0 / 0        
[2026-06-26T13:35:04.683-0300][32.619s][3992][8900 ][info][gc,reloc    ] GC(26) y: Survivor 2         6M (0%)            3M (0%)           5 / 1              0 / 0              0 / 0        
[2026-06-26T13:35:04.683-0300][32.619s][3992][8900 ][info][gc,reloc    ] GC(26) y: Survivor 3         4M (0%)            3M (0%)           4 / 3              0 / 0              0 / 0        
[2026-06-26T13:35:04.683-0300][32.619s][3992][8900 ][info][gc,heap     ] GC(26) y: Min Capacity: 8M(0%)
[2026-06-26T13:35:04.683-0300][32.619s][3992][8900 ][info][gc,heap     ] GC(26) y: Max Capacity: 3072M(100%)
[2026-06-26T13:35:04.683-0300][32.619s][3992][8900 ][info][gc,heap     ] GC(26) y: Soft Max Capacity: 3072M(100%)
[2026-06-26T13:35:04.683-0300][32.619s][3992][8900 ][info][gc,heap     ] GC(26) y: Heap Statistics:
[2026-06-26T13:35:04.683-0300][32.619s][3992][8900 ][info][gc,heap     ] GC(26) y:                Mark Start          Mark End        Relocate Start      Relocate End           High               Low         
[2026-06-26T13:35:04.683-0300][32.619s][3992][8900 ][info][gc,heap     ] GC(26) y:  Capacity:     3072M (100%)       3072M (100%)       3072M (100%)       3072M (100%)       3072M (100%)       3072M (100%)   
[2026-06-26T13:35:04.683-0300][32.619s][3992][8900 ][info][gc,heap     ] GC(26) y:      Free:     1308M (43%)        1208M (39%)        1274M (41%)        1626M (53%)        1638M (53%)        1208M (39%)    
[2026-06-26T13:35:04.683-0300][32.619s][3992][8900 ][info][gc,heap     ] GC(26) y:      Used:     1764M (57%)        1864M (61%)        1798M (59%)        1446M (47%)        1864M (61%)        1434M (47%)    
[2026-06-26T13:35:04.683-0300][32.619s][3992][8900 ][info][gc,heap     ] GC(26) y: Young Generation Statistics:
[2026-06-26T13:35:04.683-0300][32.619s][3992][8900 ][info][gc,heap     ] GC(26) y:                Mark Start          Mark End        Relocate Start      Relocate End    
[2026-06-26T13:35:04.683-0300][32.619s][3992][8900 ][info][gc,heap     ] GC(26) y:      Used:      474M (15%)         574M (19%)         508M (17%)         156M (5%)     
[2026-06-26T13:35:04.683-0300][32.619s][3992][8900 ][info][gc,heap     ] GC(26) y:      Live:         -                16M (1%)           16M (1%)           16M (1%)     
[2026-06-26T13:35:04.683-0300][32.619s][3992][8900 ][info][gc,heap     ] GC(26) y:   Garbage:         -               457M (15%)         387M (13%)           1M (0%)     
[2026-06-26T13:35:04.683-0300][32.619s][3992][8900 ][info][gc,heap     ] GC(26) y: Allocated:         -               100M (3%)          104M (3%)          137M (4%)     
[2026-06-26T13:35:04.683-0300][32.619s][3992][8900 ][info][gc,heap     ] GC(26) y: Reclaimed:         -                  -                70M (2%)          455M (15%)    
[2026-06-26T13:35:04.683-0300][32.619s][3992][8900 ][info][gc,heap     ] GC(26) y:  Promoted:         -                  -                 0M (0%)            0M (0%)     
[2026-06-26T13:35:04.683-0300][32.620s][3992][8900 ][info][gc,heap     ] GC(26) y: Compacted:         -                  -                  -                 6M (0%)     
[2026-06-26T13:35:04.683-0300][32.620s][3992][8900 ][info][gc,phases   ] GC(26) y: Young Generation 1764M(57%)->1446M(47%) 0.035s
[2026-06-26T13:35:04.683-0300][32.620s][3992][8900 ][info][gc          ] GC(26) Minor Collection (Allocation Rate) 1764M(57%)->1446M(47%) 0.036s
[2026-06-26T13:35:05.313-0300][33.249s][3992][15924][info][gc,phases   ] GC(14) O: Concurrent Mark 1726.243ms
[2026-06-26T13:35:05.313-0300][33.249s][3992][11424][info][gc,phases   ] GC(14) O: Pause Mark End 0.014ms
[2026-06-26T13:35:05.313-0300][33.249s][3992][15924][info][gc,phases   ] GC(14) O: Concurrent Mark Free 0.004ms
[2026-06-26T13:35:05.352-0300][33.288s][3992][15924][info][gc,phases   ] GC(14) O: Concurrent Process Non-Strong 38.731ms
[2026-06-26T13:35:05.352-0300][33.288s][3992][15924][info][gc,phases   ] GC(14) O: Concurrent Reset Relocation Set 0.002ms
[2026-06-26T13:35:05.355-0300][33.291s][3992][15924][info][gc,phases   ] GC(14) O: Concurrent Select Relocation Set 3.128ms
[2026-06-26T13:35:05.355-0300][33.292s][3992][15924][info][gc,task     ] GC(14) O: Using 3 Workers for Old Generation
[2026-06-26T13:35:05.363-0300][33.299s][3992][15924][info][gc,task     ] GC(14) O: Using 1 Workers for Old Generation
[2026-06-26T13:35:05.363-0300][33.299s][3992][15924][info][gc,phases   ] GC(14) O: Concurrent Remap Roots 7.747ms
[2026-06-26T13:35:05.363-0300][33.299s][3992][11424][info][gc,phases   ] GC(14) O: Pause Relocate Start 0.012ms
[2026-06-26T13:35:05.435-0300][33.371s][3992][15924][info][gc,phases   ] GC(14) O: Concurrent Relocate 71.608ms
[2026-06-26T13:35:05.435-0300][33.371s][3992][15924][info][gc,alloc    ] GC(14) O:                         Mark Start        Mark End      Relocate Start    Relocate End   
[2026-06-26T13:35:05.435-0300][33.371s][3992][15924][info][gc,alloc    ] GC(14) O: Allocation Stalls:          0                0                0                0         
[2026-06-26T13:35:05.435-0300][33.371s][3992][15924][info][gc,load     ] GC(14) O: Load: 0.00 (0%) / 0.00 (0%) / 0.00 (0%)
[2026-06-26T13:35:05.435-0300][33.371s][3992][15924][info][gc,mmu      ] GC(14) O: MMU: 2ms/97.3%, 5ms/98.9%, 10ms/99.5%, 20ms/99.7%, 50ms/99.8%, 100ms/99.9%
[2026-06-26T13:35:05.435-0300][33.371s][3992][15924][info][gc,marking  ] GC(14) O: Mark: 1 stripe(s), 2 proactive flush(es), 1 terminate flush(es), 0 completion(s), 0 continuation(s) 
[2026-06-26T13:35:05.435-0300][33.371s][3992][15924][info][gc,nmethod  ] GC(14) O: NMethods: 10065 registered, 1048 unregistered
[2026-06-26T13:35:05.435-0300][33.371s][3992][15924][info][gc,metaspace] GC(14) O: Metaspace: 62M used, 63M committed, 1088M reserved
[2026-06-26T13:35:05.435-0300][33.371s][3992][15924][info][gc,ref      ] GC(14) O:                       Encountered   Discovered     Enqueued 
[2026-06-26T13:35:05.435-0300][33.371s][3992][15924][info][gc,ref      ] GC(14) O: Soft References:             5187            0            0 
[2026-06-26T13:35:05.435-0300][33.371s][3992][15924][info][gc,ref      ] GC(14) O: Weak References:             5128         4262         1163 
[2026-06-26T13:35:05.435-0300][33.371s][3992][15924][info][gc,ref      ] GC(14) O: Final References:              13            4            0 
[2026-06-26T13:35:05.435-0300][33.371s][3992][15924][info][gc,ref      ] GC(14) O: Phantom References:        121089       118886       114627 
[2026-06-26T13:35:05.435-0300][33.371s][3992][15924][info][gc,reloc    ] GC(14) O:                        Candidates     Selected     In-Place         Size        Empty    Relocated 
[2026-06-26T13:35:05.435-0300][33.371s][3992][15924][info][gc,reloc    ] GC(14) O: Small Pages:                  384           13            0         768M           0M           8M 
[2026-06-26T13:35:05.435-0300][33.371s][3992][15924][info][gc,reloc    ] GC(14) O: Medium Pages:                   3            2            0          96M           0M          15M 
[2026-06-26T13:35:05.435-0300][33.371s][3992][15924][info][gc,reloc    ] GC(14) O: Large Pages:                    1            0            0          12M           0M           0M 
[2026-06-26T13:35:05.435-0300][33.371s][3992][15924][info][gc,reloc    ] GC(14) O: Forwarding Usage: 12M
[2026-06-26T13:35:05.435-0300][33.371s][3992][15924][info][gc,heap     ] GC(14) O: Min Capacity: 8M(0%)
[2026-06-26T13:35:05.435-0300][33.371s][3992][15924][info][gc,heap     ] GC(14) O: Max Capacity: 3072M(100%)
[2026-06-26T13:35:05.435-0300][33.371s][3992][15924][info][gc,heap     ] GC(14) O: Soft Max Capacity: 3072M(100%)
[2026-06-26T13:35:05.435-0300][33.371s][3992][15924][info][gc,heap     ] GC(14) O: Heap Statistics:
[2026-06-26T13:35:05.435-0300][33.371s][3992][15924][info][gc,heap     ] GC(14) O:                Mark Start          Mark End        Relocate Start      Relocate End           High               Low         
[2026-06-26T13:35:05.435-0300][33.371s][3992][15924][info][gc,heap     ] GC(14) O:  Capacity:     3072M (100%)       3072M (100%)       3072M (100%)       3072M (100%)       3072M (100%)       3072M (100%)   
[2026-06-26T13:35:05.435-0300][33.371s][3992][15924][info][gc,heap     ] GC(14) O:      Free:      568M (18%)        1448M (47%)        1438M (47%)        1520M (49%)        1638M (53%)           0M (0%)     
[2026-06-26T13:35:05.435-0300][33.371s][3992][15924][info][gc,heap     ] GC(14) O:      Used:     2504M (82%)        1624M (53%)        1634M (53%)        1552M (51%)        3072M (100%)       1434M (47%)    
[2026-06-26T13:35:05.435-0300][33.371s][3992][15924][info][gc,heap     ] GC(14) O: Old Generation Statistics:
[2026-06-26T13:35:05.435-0300][33.371s][3992][15924][info][gc,heap     ] GC(14) O:                Mark Start          Mark End        Relocate Start      Relocate End    
[2026-06-26T13:35:05.435-0300][33.371s][3992][15924][info][gc,heap     ] GC(14) O:      Used:      876M (29%)        1290M (42%)        1290M (42%)        1194M (39%)    
[2026-06-26T13:35:05.435-0300][33.371s][3992][15924][info][gc,heap     ] GC(14) O:      Live:         -               741M (24%)         741M (24%)         741M (24%)    
[2026-06-26T13:35:05.435-0300][33.371s][3992][15924][info][gc,heap     ] GC(14) O:   Garbage:         -               134M (4%)          134M (4%)           24M (1%)     
[2026-06-26T13:35:05.435-0300][33.371s][3992][15924][info][gc,heap     ] GC(14) O: Allocated:         -               414M (13%)         414M (13%)         427M (14%)    
[2026-06-26T13:35:05.435-0300][33.371s][3992][15924][info][gc,heap     ] GC(14) O: Reclaimed:         -                  -                 0M (0%)          109M (4%)     
[2026-06-26T13:35:05.435-0300][33.371s][3992][15924][info][gc,heap     ] GC(14) O: Compacted:         -                  -                  -                54M (2%)     
[2026-06-26T13:35:05.435-0300][33.371s][3992][15924][info][gc,phases   ] GC(14) O: Old Generation 1914M(62%)->1552M(51%) 1.848s
[2026-06-26T13:35:05.435-0300][33.372s][3992][15924][info][gc          ] GC(14) Major Collection (Allocation Rate) 2492M(81%)->1552M(51%) 2.021s
[2026-06-26T13:35:06.178-0300][34.115s][3992][8900 ][info][gc          ] GC(27) Minor Collection (Allocation Rate)
[2026-06-26T13:35:06.178-0300][34.115s][3992][8900 ][info][gc,task     ] GC(27) Using 2 Workers for Young Generation
[2026-06-26T13:35:06.178-0300][34.115s][3992][8900 ][info][gc,phases   ] GC(27) y: Young Generation
[2026-06-26T13:35:06.178-0300][34.115s][3992][11424][info][gc,phases   ] GC(27) y: Pause Mark Start 0.015ms
[2026-06-26T13:35:06.261-0300][34.198s][3992][8900 ][info][gc,phases   ] GC(27) y: Concurrent Mark 82.246ms
[2026-06-26T13:35:06.261-0300][34.198s][3992][11424][info][gc,phases   ] GC(27) y: Pause Mark End 0.017ms
[2026-06-26T13:35:06.262-0300][34.198s][3992][8900 ][info][gc,phases   ] GC(27) y: Concurrent Mark Free 0.004ms
[2026-06-26T13:35:06.262-0300][34.198s][3992][8900 ][info][gc,phases   ] GC(27) y: Concurrent Reset Relocation Set 0.014ms
[2026-06-26T13:35:06.262-0300][34.198s][3992][8900 ][info][gc,reloc    ] GC(27) y: Using tenuring threshold: 5 (Computed)
[2026-06-26T13:35:06.264-0300][34.201s][3992][8900 ][info][gc,phases   ] GC(27) y: Concurrent Select Relocation Set 3.585ms
[2026-06-26T13:35:06.264-0300][34.202s][3992][11424][info][gc,phases   ] GC(27) y: Pause Relocate Start 0.019ms
[2026-06-26T13:35:06.301-0300][34.237s][3992][8900 ][info][gc,phases   ] GC(27) y: Concurrent Relocate 35.846ms
[2026-06-26T13:35:06.301-0300][34.238s][3992][8900 ][info][gc,alloc    ] GC(27) y:                         Mark Start        Mark End      Relocate Start    Relocate End   
[2026-06-26T13:35:06.301-0300][34.238s][3992][8900 ][info][gc,alloc    ] GC(27) y: Allocation Stalls:          0                0                0                0         
[2026-06-26T13:35:06.301-0300][34.238s][3992][8900 ][info][gc,load     ] GC(27) y: Load: 0.00 (0%) / 0.00 (0%) / 0.00 (0%)
[2026-06-26T13:35:06.301-0300][34.238s][3992][8900 ][info][gc,mmu      ] GC(27) y: MMU: 2ms/97.3%, 5ms/98.9%, 10ms/99.5%, 20ms/99.7%, 50ms/99.8%, 100ms/99.9%
[2026-06-26T13:35:06.301-0300][34.238s][3992][8900 ][info][gc,marking  ] GC(27) y: Mark: 2 stripe(s), 2 proactive flush(es), 1 terminate flush(es), 0 completion(s), 0 continuation(s) 
[2026-06-26T13:35:06.301-0300][34.238s][3992][8900 ][info][gc,nmethod  ] GC(27) y: NMethods: 10311 registered, 1048 unregistered
[2026-06-26T13:35:06.301-0300][34.238s][3992][8900 ][info][gc,metaspace] GC(27) y: Metaspace: 62M used, 63M committed, 1088M reserved
[2026-06-26T13:35:06.301-0300][34.238s][3992][8900 ][info][gc,reloc    ] GC(27) y:                        Candidates     Selected     In-Place         Size        Empty    Relocated 
[2026-06-26T13:35:06.301-0300][34.238s][3992][8900 ][info][gc,reloc    ] GC(27) y: Small Pages:                  261          125            0         522M         194M          24M 
[2026-06-26T13:35:06.301-0300][34.238s][3992][8900 ][info][gc,reloc    ] GC(27) y: Medium Pages:                   1            0            0          32M          32M           0M 
[2026-06-26T13:35:06.301-0300][34.238s][3992][8900 ][info][gc,reloc    ] GC(27) y: Large Pages:                    1            0            0           6M           6M           0M 
[2026-06-26T13:35:06.301-0300][34.238s][3992][8900 ][info][gc,reloc    ] GC(27) y: Forwarding Usage: 16M
[2026-06-26T13:35:06.301-0300][34.238s][3992][8900 ][info][gc,reloc    ] GC(27) y: Age Table:
[2026-06-26T13:35:06.301-0300][34.238s][3992][8900 ][info][gc,reloc    ] GC(27) y:                    Live             Garbage             Small              Medium             Large        
[2026-06-26T13:35:06.301-0300][34.238s][3992][8900 ][info][gc,reloc    ] GC(27) y: Eden              49M (2%)          474M (15%)        243 / 120            1 / 0              1 / 0        
[2026-06-26T13:35:06.301-0300][34.238s][3992][8900 ][info][gc,reloc    ] GC(27) y: Survivor 1         2M (0%)            5M (0%)           4 / 0              0 / 0              0 / 0        
[2026-06-26T13:35:06.301-0300][34.238s][3992][8900 ][info][gc,reloc    ] GC(27) y: Survivor 2         3M (0%)            4M (0%)           4 / 1              0 / 0              0 / 0        
[2026-06-26T13:35:06.301-0300][34.238s][3992][8900 ][info][gc,reloc    ] GC(27) y: Survivor 3         6M (0%)            3M (0%)           5 / 1              0 / 0              0 / 0        
[2026-06-26T13:35:06.301-0300][34.238s][3992][8900 ][info][gc,reloc    ] GC(27) y: Survivor 4         4M (0%)            5M (0%)           5 / 3              0 / 0              0 / 0        
[2026-06-26T13:35:06.301-0300][34.238s][3992][8900 ][info][gc,heap     ] GC(27) y: Min Capacity: 8M(0%)
[2026-06-26T13:35:06.301-0300][34.238s][3992][8900 ][info][gc,heap     ] GC(27) y: Max Capacity: 3072M(100%)
[2026-06-26T13:35:06.301-0300][34.238s][3992][8900 ][info][gc,heap     ] GC(27) y: Soft Max Capacity: 3072M(100%)
[2026-06-26T13:35:06.301-0300][34.238s][3992][8900 ][info][gc,heap     ] GC(27) y: Heap Statistics:
[2026-06-26T13:35:06.301-0300][34.238s][3992][8900 ][info][gc,heap     ] GC(27) y:                Mark Start          Mark End        Relocate Start      Relocate End           High               Low         
[2026-06-26T13:35:06.302-0300][34.238s][3992][8900 ][info][gc,heap     ] GC(27) y:  Capacity:     3072M (100%)       3072M (100%)       3072M (100%)       3072M (100%)       3072M (100%)       3072M (100%)   
[2026-06-26T13:35:06.302-0300][34.238s][3992][8900 ][info][gc,heap     ] GC(27) y:      Free:     1318M (43%)        1290M (42%)        1520M (49%)        1750M (57%)        1750M (57%)        1290M (42%)    
[2026-06-26T13:35:06.302-0300][34.238s][3992][8900 ][info][gc,heap     ] GC(27) y:      Used:     1754M (57%)        1782M (58%)        1552M (51%)        1322M (43%)        1782M (58%)        1322M (43%)    
[2026-06-26T13:35:06.302-0300][34.238s][3992][8900 ][info][gc,heap     ] GC(27) y: Young Generation Statistics:
[2026-06-26T13:35:06.302-0300][34.238s][3992][8900 ][info][gc,heap     ] GC(27) y:                Mark Start          Mark End        Relocate Start      Relocate End    
[2026-06-26T13:35:06.302-0300][34.238s][3992][8900 ][info][gc,heap     ] GC(27) y:      Used:      560M (18%)         588M (19%)         358M (12%)         128M (4%)     
[2026-06-26T13:35:06.302-0300][34.238s][3992][8900 ][info][gc,heap     ] GC(27) y:      Live:         -                66M (2%)           66M (2%)           66M (2%)     
[2026-06-26T13:35:06.302-0300][34.238s][3992][8900 ][info][gc,heap     ] GC(27) y:   Garbage:         -               493M (16%)         261M (9%)            5M (0%)     
[2026-06-26T13:35:06.302-0300][34.238s][3992][8900 ][info][gc,heap     ] GC(27) y: Allocated:         -                28M (1%)           30M (1%)           56M (2%)     
[2026-06-26T13:35:06.302-0300][34.238s][3992][8900 ][info][gc,heap     ] GC(27) y: Reclaimed:         -                  -               232M (8%)          488M (16%)    
[2026-06-26T13:35:06.302-0300][34.238s][3992][8900 ][info][gc,heap     ] GC(27) y:  Promoted:         -                  -                 0M (0%)            0M (0%)     
[2026-06-26T13:35:06.302-0300][34.238s][3992][8900 ][info][gc,heap     ] GC(27) y: Compacted:         -                  -                  -                43M (1%)     
[2026-06-26T13:35:06.302-0300][34.238s][3992][8900 ][info][gc,phases   ] GC(27) y: Young Generation 1754M(57%)->1322M(43%) 0.122s
[2026-06-26T13:35:06.302-0300][34.238s][3992][8900 ][info][gc          ] GC(27) Minor Collection (Allocation Rate) 1754M(57%)->1322M(43%) 0.123s
[2026-06-26T13:35:06.419-0300][34.355s][3992][15924][info][gc          ] GC(28) Major Collection (Allocation Rate)
[2026-06-26T13:35:06.419-0300][34.355s][3992][15924][info][gc,task     ] GC(28) Using 3 Workers for Young Generation
[2026-06-26T13:35:06.419-0300][34.355s][3992][15924][info][gc,task     ] GC(28) Using 1 Workers for Old Generation
[2026-06-26T13:35:06.419-0300][34.355s][3992][15924][info][gc,phases   ] GC(28) Y: Young Generation
[2026-06-26T13:35:06.419-0300][34.355s][3992][11424][info][gc,phases   ] GC(28) Y: Pause Mark Start (Major) 0.014ms
[2026-06-26T13:35:06.503-0300][34.439s][3992][15924][info][gc,phases   ] GC(28) Y: Concurrent Mark 83.743ms
[2026-06-26T13:35:06.503-0300][34.439s][3992][11424][info][gc,phases   ] GC(28) Y: Pause Mark End 0.012ms
[2026-06-26T13:35:06.503-0300][34.439s][3992][15924][info][gc,phases   ] GC(28) Y: Concurrent Mark Free 0.006ms
[2026-06-26T13:35:06.503-0300][34.439s][3992][15924][info][gc,phases   ] GC(28) Y: Concurrent Reset Relocation Set 0.013ms
[2026-06-26T13:35:06.503-0300][34.439s][3992][15924][info][gc,reloc    ] GC(28) Y: Using tenuring threshold: 3 (Computed)
[2026-06-26T13:35:06.508-0300][34.445s][3992][15924][info][gc,phases   ] GC(28) Y: Concurrent Select Relocation Set 5.637ms
[2026-06-26T13:35:06.509-0300][34.445s][3992][11424][info][gc,phases   ] GC(28) Y: Pause Relocate Start 0.018ms
[2026-06-26T13:35:06.518-0300][34.455s][3992][15924][info][gc,phases   ] GC(28) Y: Concurrent Relocate 10.278ms
[2026-06-26T13:35:06.518-0300][34.455s][3992][15924][info][gc,alloc    ] GC(28) Y:                         Mark Start        Mark End      Relocate Start    Relocate End   
[2026-06-26T13:35:06.518-0300][34.455s][3992][15924][info][gc,alloc    ] GC(28) Y: Allocation Stalls:          0                0                0                0         
[2026-06-26T13:35:06.518-0300][34.455s][3992][15924][info][gc,load     ] GC(28) Y: Load: 0.00 (0%) / 0.00 (0%) / 0.00 (0%)
[2026-06-26T13:35:06.518-0300][34.455s][3992][15924][info][gc,mmu      ] GC(28) Y: MMU: 2ms/97.3%, 5ms/98.9%, 10ms/99.5%, 20ms/99.7%, 50ms/99.8%, 100ms/99.9%
[2026-06-26T13:35:06.518-0300][34.455s][3992][15924][info][gc,marking  ] GC(28) Y: Mark: 2 stripe(s), 2 proactive flush(es), 1 terminate flush(es), 0 completion(s), 0 continuation(s) 
[2026-06-26T13:35:06.518-0300][34.455s][3992][15924][info][gc,nmethod  ] GC(28) Y: NMethods: 10349 registered, 1048 unregistered
[2026-06-26T13:35:06.518-0300][34.455s][3992][15924][info][gc,metaspace] GC(28) Y: Metaspace: 63M used, 64M committed, 1088M reserved
[2026-06-26T13:35:06.518-0300][34.455s][3992][15924][info][gc,reloc    ] GC(28) Y:                        Candidates     Selected     In-Place         Size        Empty    Relocated 
[2026-06-26T13:35:06.518-0300][34.455s][3992][15924][info][gc,reloc    ] GC(28) Y: Small Pages:                   77           33            0         154M           2M          11M 
[2026-06-26T13:35:06.518-0300][34.455s][3992][15924][info][gc,reloc    ] GC(28) Y: Medium Pages:                   0            0            0           0M           0M           0M 
[2026-06-26T13:35:06.518-0300][34.455s][3992][15924][info][gc,reloc    ] GC(28) Y: Large Pages:                    0            0            0           0M           0M           0M 
[2026-06-26T13:35:06.518-0300][34.455s][3992][15924][info][gc,reloc    ] GC(28) Y: Forwarding Usage: 2M
[2026-06-26T13:35:06.518-0300][34.455s][3992][15924][info][gc,reloc    ] GC(28) Y: Age Table:
[2026-06-26T13:35:06.518-0300][34.455s][3992][15924][info][gc,reloc    ] GC(28) Y:                    Live             Garbage             Small              Medium             Large        
[2026-06-26T13:35:06.518-0300][34.455s][3992][15924][info][gc,reloc    ] GC(28) Y: Eden              12M (0%)           49M (2%)          31 / 25             0 / 0              0 / 0        
[2026-06-26T13:35:06.518-0300][34.456s][3992][15924][info][gc,reloc    ] GC(28) Y: Survivor 1        49M (2%)           12M (0%)          31 / 3              0 / 0              0 / 0        
[2026-06-26T13:35:06.518-0300][34.456s][3992][15924][info][gc,reloc    ] GC(28) Y: Survivor 2         2M (0%)            3M (0%)           3 / 1              0 / 0              0 / 0        
[2026-06-26T13:35:06.518-0300][34.456s][3992][15924][info][gc,reloc    ] GC(28) Y: Survivor 3         3M (0%)            2M (0%)           3 / 1              0 / 0              0 / 0        
[2026-06-26T13:35:06.518-0300][34.456s][3992][15924][info][gc,reloc    ] GC(28) Y: Survivor 4         6M (0%)            3M (0%)           5 / 1              0 / 0              0 / 0        
[2026-06-26T13:35:06.518-0300][34.456s][3992][15924][info][gc,reloc    ] GC(28) Y: Survivor 5         4M (0%)            3M (0%)           4 / 2              0 / 0              0 / 0        
[2026-06-26T13:35:06.518-0300][34.456s][3992][15924][info][gc,heap     ] GC(28) Y: Min Capacity: 8M(0%)
[2026-06-26T13:35:06.518-0300][34.456s][3992][15924][info][gc,heap     ] GC(28) Y: Max Capacity: 3072M(100%)
[2026-06-26T13:35:06.518-0300][34.456s][3992][15924][info][gc,heap     ] GC(28) Y: Soft Max Capacity: 3072M(100%)
[2026-06-26T13:35:06.518-0300][34.456s][3992][15924][info][gc,heap     ] GC(28) Y: Heap Statistics:
[2026-06-26T13:35:06.518-0300][34.456s][3992][15924][info][gc,heap     ] GC(28) Y:                Mark Start          Mark End        Relocate Start      Relocate End           High               Low         
[2026-06-26T13:35:06.518-0300][34.456s][3992][15924][info][gc,heap     ] GC(28) Y:  Capacity:     3072M (100%)       3072M (100%)       3072M (100%)       3072M (100%)       3072M (100%)       3072M (100%)   
[2026-06-26T13:35:06.518-0300][34.456s][3992][15924][info][gc,heap     ] GC(28) Y:      Free:     1724M (56%)        1668M (54%)        1666M (54%)        1720M (56%)        1724M (56%)        1660M (54%)    
[2026-06-26T13:35:06.518-0300][34.456s][3992][15924][info][gc,heap     ] GC(28) Y:      Used:     1348M (44%)        1404M (46%)        1406M (46%)        1352M (44%)        1412M (46%)        1348M (44%)    
[2026-06-26T13:35:06.518-0300][34.456s][3992][15924][info][gc,heap     ] GC(28) Y: Young Generation Statistics:
[2026-06-26T13:35:06.518-0300][34.456s][3992][15924][info][gc,heap     ] GC(28) Y:                Mark Start          Mark End        Relocate Start      Relocate End    
[2026-06-26T13:35:06.518-0300][34.456s][3992][15924][info][gc,heap     ] GC(28) Y:      Used:      154M (5%)          210M (7%)          198M (6%)          138M (4%)     
[2026-06-26T13:35:06.518-0300][34.456s][3992][15924][info][gc,heap     ] GC(28) Y:      Live:         -                78M (3%)           66M (2%)           64M (2%)     
[2026-06-26T13:35:06.518-0300][34.456s][3992][15924][info][gc,heap     ] GC(28) Y:   Garbage:         -                75M (2%)           71M (2%)            2M (0%)     
[2026-06-26T13:35:06.518-0300][34.456s][3992][15924][info][gc,heap     ] GC(28) Y: Allocated:         -                56M (2%)           60M (2%)           71M (2%)     
[2026-06-26T13:35:06.518-0300][34.456s][3992][15924][info][gc,heap     ] GC(28) Y: Reclaimed:         -                  -                 3M (0%)           72M (2%)     
[2026-06-26T13:35:06.520-0300][34.456s][3992][15924][info][gc,heap     ] GC(28) Y:  Promoted:         -                  -                12M (0%)           14M (0%)     
[2026-06-26T13:35:06.520-0300][34.456s][3992][15924][info][gc,heap     ] GC(28) Y: Compacted:         -                  -                  -                14M (0%)     
[2026-06-26T13:35:06.520-0300][34.456s][3992][15924][info][gc,phases   ] GC(28) Y: Young Generation 1348M(44%)->1352M(44%) 0.100s
[2026-06-26T13:35:06.520-0300][34.456s][3992][15924][info][gc,phases   ] GC(28) O: Old Generation
[2026-06-26T13:35:06.711-0300][34.647s][3992][8900 ][info][gc          ] GC(29) Minor Collection (Allocation Rate)
[2026-06-26T13:35:06.711-0300][34.647s][3992][8900 ][info][gc,task     ] GC(29) Using 2 Workers for Young Generation
[2026-06-26T13:35:06.711-0300][34.647s][3992][8900 ][info][gc,phases   ] GC(29) y: Young Generation
[2026-06-26T13:35:06.711-0300][34.647s][3992][11424][info][gc,phases   ] GC(29) y: Pause Mark Start 0.009ms
[2026-06-26T13:35:06.779-0300][34.715s][3992][8900 ][info][gc,phases   ] GC(29) y: Concurrent Mark 67.927ms
[2026-06-26T13:35:06.779-0300][34.715s][3992][11424][info][gc,phases   ] GC(29) y: Pause Mark End 0.014ms
[2026-06-26T13:35:06.779-0300][34.715s][3992][8900 ][info][gc,phases   ] GC(29) y: Concurrent Mark Free 0.004ms
[2026-06-26T13:35:06.779-0300][34.715s][3992][8900 ][info][gc,phases   ] GC(29) y: Concurrent Reset Relocation Set 0.088ms
[2026-06-26T13:35:06.779-0300][34.715s][3992][8900 ][info][gc,reloc    ] GC(29) y: Using tenuring threshold: 1 (Computed)
[2026-06-26T13:35:06.797-0300][34.734s][3992][8900 ][info][gc,phases   ] GC(29) y: Concurrent Select Relocation Set 18.176ms
[2026-06-26T13:35:06.797-0300][34.734s][3992][11424][info][gc,phases   ] GC(29) y: Pause Relocate Start 0.016ms
[2026-06-26T13:35:06.836-0300][34.772s][3992][8900 ][info][gc,phases   ] GC(29) y: Concurrent Relocate 38.574ms
[2026-06-26T13:35:06.836-0300][34.772s][3992][8900 ][info][gc,alloc    ] GC(29) y:                         Mark Start        Mark End      Relocate Start    Relocate End   
[2026-06-26T13:35:06.836-0300][34.772s][3992][8900 ][info][gc,alloc    ] GC(29) y: Allocation Stalls:          0                0                0                0         
[2026-06-26T13:35:06.836-0300][34.772s][3992][8900 ][info][gc,load     ] GC(29) y: Load: 0.00 (0%) / 0.00 (0%) / 0.00 (0%)
[2026-06-26T13:35:06.836-0300][34.772s][3992][8900 ][info][gc,mmu      ] GC(29) y: MMU: 2ms/97.3%, 5ms/98.9%, 10ms/99.5%, 20ms/99.7%, 50ms/99.8%, 100ms/99.9%
[2026-06-26T13:35:06.836-0300][34.772s][3992][8900 ][info][gc,marking  ] GC(29) y: Mark: 2 stripe(s), 2 proactive flush(es), 1 terminate flush(es), 0 completion(s), 0 continuation(s) 
[2026-06-26T13:35:06.836-0300][34.772s][3992][8900 ][info][gc,nmethod  ] GC(29) y: NMethods: 10557 registered, 0 unregistered
[2026-06-26T13:35:06.836-0300][34.772s][3992][8900 ][info][gc,metaspace] GC(29) y: Metaspace: 63M used, 64M committed, 1088M reserved
[2026-06-26T13:35:06.836-0300][34.772s][3992][8900 ][info][gc,reloc    ] GC(29) y:                        Candidates     Selected     In-Place         Size        Empty    Relocated 
[2026-06-26T13:35:06.836-0300][34.772s][3992][8900 ][info][gc,reloc    ] GC(29) y: Small Pages:                   61           23            0         122M           0M           6M 
[2026-06-26T13:35:06.836-0300][34.772s][3992][8900 ][info][gc,reloc    ] GC(29) y: Medium Pages:                   1            0            0          32M           0M           0M 
[2026-06-26T13:35:06.836-0300][34.772s][3992][8900 ][info][gc,reloc    ] GC(29) y: Large Pages:                    0            0            0           0M           0M           0M 
[2026-06-26T13:35:06.836-0300][34.773s][3992][8900 ][info][gc,reloc    ] GC(29) y: Forwarding Usage: 1M
[2026-06-26T13:35:06.836-0300][34.773s][3992][8900 ][info][gc,reloc    ] GC(29) y: Age Table:
[2026-06-26T13:35:06.836-0300][34.773s][3992][8900 ][info][gc,reloc    ] GC(29) y:                    Live             Garbage             Small              Medium             Large        
[2026-06-26T13:35:06.836-0300][34.773s][3992][8900 ][info][gc,reloc    ] GC(29) y: Eden               7M (0%)           70M (2%)          23 / 20             1 / 0              0 / 0        
[2026-06-26T13:35:06.836-0300][34.773s][3992][8900 ][info][gc,reloc    ] GC(29) y: Survivor 1        11M (0%)            2M (0%)           7 / 0              0 / 0              0 / 0        
[2026-06-26T13:35:06.836-0300][34.773s][3992][8900 ][info][gc,reloc    ] GC(29) y: Survivor 2        49M (2%)            6M (0%)          28 / 2              0 / 0              0 / 0        
[2026-06-26T13:35:06.836-0300][34.773s][3992][8900 ][info][gc,reloc    ] GC(29) y: Survivor 3         2M (0%)            3M (0%)           3 / 1              0 / 0              0 / 0        
[2026-06-26T13:35:06.836-0300][34.773s][3992][8900 ][info][gc,heap     ] GC(29) y: Min Capacity: 8M(0%)
[2026-06-26T13:35:06.836-0300][34.773s][3992][8900 ][info][gc,heap     ] GC(29) y: Max Capacity: 3072M(100%)
[2026-06-26T13:35:06.836-0300][34.773s][3992][8900 ][info][gc,heap     ] GC(29) y: Soft Max Capacity: 3072M(100%)
[2026-06-26T13:35:06.836-0300][34.773s][3992][8900 ][info][gc,heap     ] GC(29) y: Heap Statistics:
[2026-06-26T13:35:06.836-0300][34.773s][3992][8900 ][info][gc,heap     ] GC(29) y:                Mark Start          Mark End        Relocate Start      Relocate End           High               Low         
[2026-06-26T13:35:06.836-0300][34.773s][3992][8900 ][info][gc,heap     ] GC(29) y:  Capacity:     3072M (100%)       3072M (100%)       3072M (100%)       3072M (100%)       3072M (100%)       3072M (100%)   
[2026-06-26T13:35:06.836-0300][34.773s][3992][8900 ][info][gc,heap     ] GC(29) y:      Free:     1704M (55%)        1682M (55%)        1678M (55%)        1716M (56%)        1718M (56%)        1672M (54%)    
[2026-06-26T13:35:06.836-0300][34.773s][3992][8900 ][info][gc,heap     ] GC(29) y:      Used:     1368M (45%)        1390M (45%)        1394M (45%)        1356M (44%)        1400M (46%)        1354M (44%)    
[2026-06-26T13:35:06.836-0300][34.773s][3992][8900 ][info][gc,heap     ] GC(29) y: Young Generation Statistics:
[2026-06-26T13:35:06.836-0300][34.773s][3992][8900 ][info][gc,heap     ] GC(29) y:                Mark Start          Mark End        Relocate Start      Relocate End    
[2026-06-26T13:35:06.836-0300][34.773s][3992][8900 ][info][gc,heap     ] GC(29) y:      Used:      154M (5%)          176M (6%)          114M (4%)           70M (2%)     
[2026-06-26T13:35:06.837-0300][34.773s][3992][8900 ][info][gc,heap     ] GC(29) y:      Live:         -                71M (2%)           10M (0%)            7M (0%)     
[2026-06-26T13:35:06.837-0300][34.773s][3992][8900 ][info][gc,heap     ] GC(29) y:   Garbage:         -                82M (3%)           77M (3%)           29M (1%)     
[2026-06-26T13:35:06.837-0300][34.773s][3992][8900 ][info][gc,heap     ] GC(29) y: Allocated:         -                22M (1%)           26M (1%)           32M (1%)     
[2026-06-26T13:35:06.837-0300][34.773s][3992][8900 ][info][gc,heap     ] GC(29) y: Reclaimed:         -                  -                 4M (0%)           52M (2%)     
[2026-06-26T13:35:06.837-0300][34.773s][3992][8900 ][info][gc,heap     ] GC(29) y:  Promoted:         -                  -                61M (2%)           63M (2%)     
[2026-06-26T13:35:06.837-0300][34.773s][3992][8900 ][info][gc,heap     ] GC(29) y: Compacted:         -                  -                  -                 5M (0%)     
[2026-06-26T13:35:06.837-0300][34.773s][3992][8900 ][info][gc,phases   ] GC(29) y: Young Generation 1368M(45%)->1356M(44%) 0.125s
[2026-06-26T13:35:06.837-0300][34.773s][3992][8900 ][info][gc          ] GC(29) Minor Collection (Allocation Rate) 1368M(45%)->1356M(44%) 0.126s
[2026-06-26T13:35:07.248-0300][35.184s][3992][8900 ][info][gc          ] GC(30) Minor Collection (Allocation Rate)
[2026-06-26T13:35:07.248-0300][35.184s][3992][8900 ][info][gc,task     ] GC(30) Using 2 Workers for Young Generation
[2026-06-26T13:35:07.248-0300][35.184s][3992][8900 ][info][gc,phases   ] GC(30) y: Young Generation
[2026-06-26T13:35:07.248-0300][35.184s][3992][11424][info][gc,phases   ] GC(30) y: Pause Mark Start 0.009ms
[2026-06-26T13:35:07.278-0300][35.214s][3992][8900 ][info][gc,phases   ] GC(30) y: Concurrent Mark 30.046ms
[2026-06-26T13:35:07.278-0300][35.215s][3992][11424][info][gc,phases   ] GC(30) y: Pause Mark End 0.020ms
[2026-06-26T13:35:07.278-0300][35.215s][3992][8900 ][info][gc,phases   ] GC(30) y: Concurrent Mark Free 0.005ms
[2026-06-26T13:35:07.278-0300][35.215s][3992][8900 ][info][gc,phases   ] GC(30) y: Concurrent Reset Relocation Set 0.357ms
[2026-06-26T13:35:07.278-0300][35.215s][3992][8900 ][info][gc,reloc    ] GC(30) y: Using tenuring threshold: 2 (Computed)
[2026-06-26T13:35:07.280-0300][35.216s][3992][8900 ][info][gc,phases   ] GC(30) y: Concurrent Select Relocation Set 1.091ms
[2026-06-26T13:35:07.280-0300][35.216s][3992][11424][info][gc,phases   ] GC(30) y: Pause Relocate Start 0.012ms
[2026-06-26T13:35:07.285-0300][35.222s][3992][8900 ][info][gc,phases   ] GC(30) y: Concurrent Relocate 5.323ms
[2026-06-26T13:35:07.285-0300][35.222s][3992][8900 ][info][gc,alloc    ] GC(30) y:                         Mark Start        Mark End      Relocate Start    Relocate End   
[2026-06-26T13:35:07.285-0300][35.222s][3992][8900 ][info][gc,alloc    ] GC(30) y: Allocation Stalls:          0                0                0                0         
[2026-06-26T13:35:07.285-0300][35.222s][3992][8900 ][info][gc,load     ] GC(30) y: Load: 0.00 (0%) / 0.00 (0%) / 0.00 (0%)
[2026-06-26T13:35:07.285-0300][35.222s][3992][8900 ][info][gc,mmu      ] GC(30) y: MMU: 2ms/97.3%, 5ms/98.9%, 10ms/99.5%, 20ms/99.7%, 50ms/99.8%, 100ms/99.9%
[2026-06-26T13:35:07.285-0300][35.222s][3992][8900 ][info][gc,marking  ] GC(30) y: Mark: 2 stripe(s), 2 proactive flush(es), 1 terminate flush(es), 0 completion(s), 0 continuation(s) 
[2026-06-26T13:35:07.285-0300][35.222s][3992][8900 ][info][gc,nmethod  ] GC(30) y: NMethods: 10913 registered, 0 unregistered
[2026-06-26T13:35:07.286-0300][35.222s][3992][8900 ][info][gc,metaspace] GC(30) y: Metaspace: 63M used, 64M committed, 1088M reserved
[2026-06-26T13:35:07.286-0300][35.222s][3992][8900 ][info][gc,reloc    ] GC(30) y:                        Candidates     Selected     In-Place         Size        Empty    Relocated 
[2026-06-26T13:35:07.286-0300][35.222s][3992][8900 ][info][gc,reloc    ] GC(30) y: Small Pages:                   60           48            0         120M           0M           6M 
[2026-06-26T13:35:07.286-0300][35.222s][3992][8900 ][info][gc,reloc    ] GC(30) y: Medium Pages:                   2            1            0          64M           0M           2M 
[2026-06-26T13:35:07.286-0300][35.222s][3992][8900 ][info][gc,reloc    ] GC(30) y: Large Pages:                    0            0            0           0M           0M           0M 
[2026-06-26T13:35:07.286-0300][35.222s][3992][8900 ][info][gc,reloc    ] GC(30) y: Forwarding Usage: 1M
[2026-06-26T13:35:07.286-0300][35.222s][3992][8900 ][info][gc,reloc    ] GC(30) y: Age Table:
[2026-06-26T13:35:07.286-0300][35.222s][3992][8900 ][info][gc,reloc    ] GC(30) y:                    Live             Garbage             Small              Medium             Large        
[2026-06-26T13:35:07.286-0300][35.222s][3992][8900 ][info][gc,reloc    ] GC(30) y: Eden              14M (0%)          127M (4%)          55 / 46             1 / 0              0 / 0        
[2026-06-26T13:35:07.286-0300][35.222s][3992][8900 ][info][gc,reloc    ] GC(30) y: Survivor 1         7M (0%)           34M (1%)           5 / 2              1 / 1              0 / 0        
[2026-06-26T13:35:07.286-0300][35.222s][3992][8900 ][info][gc,heap     ] GC(30) y: Min Capacity: 8M(0%)
[2026-06-26T13:35:07.286-0300][35.222s][3992][8900 ][info][gc,heap     ] GC(30) y: Max Capacity: 3072M(100%)
[2026-06-26T13:35:07.286-0300][35.222s][3992][8900 ][info][gc,heap     ] GC(30) y: Soft Max Capacity: 3072M(100%)
[2026-06-26T13:35:07.286-0300][35.222s][3992][8900 ][info][gc,heap     ] GC(30) y: Heap Statistics:
[2026-06-26T13:35:07.286-0300][35.222s][3992][8900 ][info][gc,heap     ] GC(30) y:                Mark Start          Mark End        Relocate Start      Relocate End           High               Low         
[2026-06-26T13:35:07.286-0300][35.222s][3992][8900 ][info][gc,heap     ] GC(30) y:  Capacity:     3072M (100%)       3072M (100%)       3072M (100%)       3072M (100%)       3072M (100%)       3072M (100%)   
[2026-06-26T13:35:07.286-0300][35.222s][3992][8900 ][info][gc,heap     ] GC(30) y:      Free:     1602M (52%)        1546M (50%)        1546M (50%)        1628M (53%)        1628M (53%)        1478M (48%)    
[2026-06-26T13:35:07.286-0300][35.222s][3992][8900 ][info][gc,heap     ] GC(30) y:      Used:     1470M (48%)        1526M (50%)        1526M (50%)        1444M (47%)        1594M (52%)        1444M (47%)    
[2026-06-26T13:35:07.286-0300][35.222s][3992][8900 ][info][gc,heap     ] GC(30) y: Young Generation Statistics:
[2026-06-26T13:35:07.286-0300][35.222s][3992][8900 ][info][gc,heap     ] GC(30) y:                Mark Start          Mark End        Relocate Start      Relocate End    
[2026-06-26T13:35:07.286-0300][35.222s][3992][8900 ][info][gc,heap     ] GC(30) y:      Used:      184M (6%)          240M (8%)          240M (8%)          158M (5%)     
[2026-06-26T13:35:07.286-0300][35.222s][3992][8900 ][info][gc,heap     ] GC(30) y:      Live:         -                22M (1%)           22M (1%)           22M (1%)     
[2026-06-26T13:35:07.286-0300][35.222s][3992][8900 ][info][gc,heap     ] GC(30) y:   Garbage:         -               161M (5%)          161M (5%)            2M (0%)     
[2026-06-26T13:35:07.286-0300][35.222s][3992][8900 ][info][gc,heap     ] GC(30) y: Allocated:         -                56M (2%)           56M (2%)          133M (4%)     
[2026-06-26T13:35:07.286-0300][35.222s][3992][8900 ][info][gc,heap     ] GC(30) y: Reclaimed:         -                  -                 0M (0%)          159M (5%)     
[2026-06-26T13:35:07.286-0300][35.222s][3992][8900 ][info][gc,heap     ] GC(30) y:  Promoted:         -                  -                 0M (0%)            0M (0%)     
[2026-06-26T13:35:07.286-0300][35.222s][3992][8900 ][info][gc,heap     ] GC(30) y: Compacted:         -                  -                  -                12M (0%)     
[2026-06-26T13:35:07.286-0300][35.222s][3992][8900 ][info][gc,phases   ] GC(30) y: Young Generation 1470M(48%)->1444M(47%) 0.038s
[2026-06-26T13:35:07.286-0300][35.222s][3992][8900 ][info][gc          ] GC(30) Minor Collection (Allocation Rate) 1470M(48%)->1444M(47%) 0.038s
[2026-06-26T13:35:07.286-0300][35.222s][3992][8900 ][info][gc          ] GC(31) Minor Collection (Allocation Rate)
[2026-06-26T13:35:07.286-0300][35.222s][3992][8900 ][info][gc,task     ] GC(31) Using 2 Workers for Young Generation
[2026-06-26T13:35:07.286-0300][35.222s][3992][8900 ][info][gc,phases   ] GC(31) y: Young Generation
[2026-06-26T13:35:07.286-0300][35.223s][3992][11424][info][gc,phases   ] GC(31) y: Pause Mark Start 0.017ms
[2026-06-26T13:35:07.311-0300][35.248s][3992][8900 ][info][gc,phases   ] GC(31) y: Concurrent Mark 25.191ms
[2026-06-26T13:35:07.312-0300][35.248s][3992][11424][info][gc,phases   ] GC(31) y: Pause Mark End 0.013ms
[2026-06-26T13:35:07.312-0300][35.248s][3992][8900 ][info][gc,phases   ] GC(31) y: Concurrent Mark Free 0.002ms
[2026-06-26T13:35:07.312-0300][35.248s][3992][8900 ][info][gc,phases   ] GC(31) y: Concurrent Reset Relocation Set 0.005ms
[2026-06-26T13:35:07.312-0300][35.248s][3992][8900 ][info][gc,reloc    ] GC(31) y: Using tenuring threshold: 1 (Computed)
[2026-06-26T13:35:07.317-0300][35.254s][3992][8900 ][info][gc,phases   ] GC(31) y: Concurrent Select Relocation Set 5.590ms
[2026-06-26T13:35:07.318-0300][35.254s][3992][11424][info][gc,phases   ] GC(31) y: Pause Relocate Start 0.015ms
[2026-06-26T13:35:07.327-0300][35.264s][3992][8900 ][info][gc,phases   ] GC(31) y: Concurrent Relocate 10.127ms
[2026-06-26T13:35:07.327-0300][35.264s][3992][8900 ][info][gc,alloc    ] GC(31) y:                         Mark Start        Mark End      Relocate Start    Relocate End   
[2026-06-26T13:35:07.327-0300][35.264s][3992][8900 ][info][gc,alloc    ] GC(31) y: Allocation Stalls:          0                0                0                0         
[2026-06-26T13:35:07.327-0300][35.264s][3992][8900 ][info][gc,load     ] GC(31) y: Load: 0.00 (0%) / 0.00 (0%) / 0.00 (0%)
[2026-06-26T13:35:07.327-0300][35.264s][3992][8900 ][info][gc,mmu      ] GC(31) y: MMU: 2ms/97.3%, 5ms/98.9%, 10ms/99.5%, 20ms/99.7%, 50ms/99.8%, 100ms/99.9%
[2026-06-26T13:35:07.327-0300][35.264s][3992][8900 ][info][gc,marking  ] GC(31) y: Mark: 2 stripe(s), 2 proactive flush(es), 1 terminate flush(es), 0 completion(s), 0 continuation(s) 
[2026-06-26T13:35:07.327-0300][35.264s][3992][8900 ][info][gc,nmethod  ] GC(31) y: NMethods: 10913 registered, 0 unregistered
[2026-06-26T13:35:07.327-0300][35.264s][3992][8900 ][info][gc,metaspace] GC(31) y: Metaspace: 63M used, 64M committed, 1088M reserved
[2026-06-26T13:35:07.327-0300][35.264s][3992][8900 ][info][gc,reloc    ] GC(31) y:                        Candidates     Selected     In-Place         Size        Empty    Relocated 
[2026-06-26T13:35:07.327-0300][35.264s][3992][8900 ][info][gc,reloc    ] GC(31) y: Small Pages:                   31           17            0          62M           4M           1M 
[2026-06-26T13:35:07.327-0300][35.264s][3992][8900 ][info][gc,reloc    ] GC(31) y: Medium Pages:                   3            1            0          96M          32M           2M 
[2026-06-26T13:35:07.327-0300][35.264s][3992][8900 ][info][gc,reloc    ] GC(31) y: Large Pages:                    0            0            0           0M           0M           0M 
[2026-06-26T13:35:07.327-0300][35.264s][3992][8900 ][info][gc,reloc    ] GC(31) y: Forwarding Usage: 0M
[2026-06-26T13:35:07.327-0300][35.264s][3992][8900 ][info][gc,reloc    ] GC(31) y: Age Table:
[2026-06-26T13:35:07.327-0300][35.264s][3992][8900 ][info][gc,reloc    ] GC(31) y:                    Live             Garbage             Small              Medium             Large        
[2026-06-26T13:35:07.327-0300][35.264s][3992][8900 ][info][gc,reloc    ] GC(31) y: Eden               1M (0%)           58M (2%)          14 / 12             1 / 0              0 / 0        
[2026-06-26T13:35:07.327-0300][35.264s][3992][8900 ][info][gc,reloc    ] GC(31) y: Survivor 1        14M (0%)           41M (1%)          12 / 3              1 / 0              0 / 0        
[2026-06-26T13:35:07.327-0300][35.264s][3992][8900 ][info][gc,reloc    ] GC(31) y: Survivor 2         7M (0%)           34M (1%)           5 / 2              1 / 1              0 / 0        
[2026-06-26T13:35:07.327-0300][35.264s][3992][8900 ][info][gc,heap     ] GC(31) y: Min Capacity: 8M(0%)
[2026-06-26T13:35:07.327-0300][35.264s][3992][8900 ][info][gc,heap     ] GC(31) y: Max Capacity: 3072M(100%)
[2026-06-26T13:35:07.327-0300][35.264s][3992][8900 ][info][gc,heap     ] GC(31) y: Soft Max Capacity: 3072M(100%)
[2026-06-26T13:35:07.327-0300][35.264s][3992][8900 ][info][gc,heap     ] GC(31) y: Heap Statistics:
[2026-06-26T13:35:07.327-0300][35.264s][3992][8900 ][info][gc,heap     ] GC(31) y:                Mark Start          Mark End        Relocate Start      Relocate End           High               Low         
[2026-06-26T13:35:07.327-0300][35.264s][3992][8900 ][info][gc,heap     ] GC(31) y:  Capacity:     3072M (100%)       3072M (100%)       3072M (100%)       3072M (100%)       3072M (100%)       3072M (100%)   
[2026-06-26T13:35:07.327-0300][35.264s][3992][8900 ][info][gc,heap     ] GC(31) y:      Free:     1628M (53%)        1574M (51%)        1608M (52%)        1624M (53%)        1628M (53%)        1536M (50%)    
[2026-06-26T13:35:07.327-0300][35.264s][3992][8900 ][info][gc,heap     ] GC(31) y:      Used:     1444M (47%)        1498M (49%)        1464M (48%)        1448M (47%)        1536M (50%)        1444M (47%)    
[2026-06-26T13:35:07.327-0300][35.264s][3992][8900 ][info][gc,heap     ] GC(31) y: Young Generation Statistics:
[2026-06-26T13:35:07.327-0300][35.264s][3992][8900 ][info][gc,heap     ] GC(31) y:                Mark Start          Mark End        Relocate Start      Relocate End    
[2026-06-26T13:35:07.327-0300][35.264s][3992][8900 ][info][gc,heap     ] GC(31) y:      Used:      158M (5%)          212M (7%)          156M (5%)          104M (3%)     
[2026-06-26T13:35:07.327-0300][35.264s][3992][8900 ][info][gc,heap     ] GC(31) y:      Live:         -                23M (1%)            4M (0%)            1M (0%)     
[2026-06-26T13:35:07.327-0300][35.264s][3992][8900 ][info][gc,heap     ] GC(31) y:   Garbage:         -               134M (4%)           95M (3%)            0M (0%)     
[2026-06-26T13:35:07.327-0300][35.264s][3992][8900 ][info][gc,heap     ] GC(31) y: Allocated:         -                54M (2%)           56M (2%)          102M (3%)     
[2026-06-26T13:35:07.328-0300][35.264s][3992][8900 ][info][gc,heap     ] GC(31) y: Reclaimed:         -                  -                38M (1%)          134M (4%)     
[2026-06-26T13:35:07.328-0300][35.264s][3992][8900 ][info][gc,heap     ] GC(31) y:  Promoted:         -                  -                19M (1%)           22M (1%)     
[2026-06-26T13:35:07.328-0300][35.264s][3992][8900 ][info][gc,heap     ] GC(31) y: Compacted:         -                  -                  -                 1M (0%)     
[2026-06-26T13:35:07.328-0300][35.265s][3992][8900 ][info][gc,phases   ] GC(31) y: Young Generation 1444M(47%)->1448M(47%) 0.042s
[2026-06-26T13:35:07.328-0300][35.265s][3992][8900 ][info][gc          ] GC(31) Minor Collection (Allocation Rate) 1444M(47%)->1448M(47%) 0.042s
[2026-06-26T13:35:07.452-0300][35.388s][3992][8900 ][info][gc          ] GC(32) Minor Collection (Allocation Rate)
[2026-06-26T13:35:07.452-0300][35.389s][3992][8900 ][info][gc,task     ] GC(32) Using 2 Workers for Young Generation
[2026-06-26T13:35:07.452-0300][35.389s][3992][8900 ][info][gc,phases   ] GC(32) y: Young Generation
[2026-06-26T13:35:07.452-0300][35.389s][3992][11424][info][gc,phases   ] GC(32) y: Pause Mark Start 0.009ms
[2026-06-26T13:35:07.466-0300][35.402s][3992][8900 ][info][gc,phases   ] GC(32) y: Concurrent Mark 13.532ms
[2026-06-26T13:35:07.466-0300][35.402s][3992][11424][info][gc,phases   ] GC(32) y: Pause Mark End 0.015ms
[2026-06-26T13:35:07.466-0300][35.402s][3992][8900 ][info][gc,phases   ] GC(32) y: Concurrent Mark Free 0.004ms
[2026-06-26T13:35:07.466-0300][35.403s][3992][8900 ][info][gc,phases   ] GC(32) y: Concurrent Reset Relocation Set 0.075ms
[2026-06-26T13:35:07.466-0300][35.403s][3992][8900 ][info][gc,reloc    ] GC(32) y: Using tenuring threshold: 2 (Computed)
[2026-06-26T13:35:07.466-0300][35.403s][3992][8900 ][info][gc,phases   ] GC(32) y: Concurrent Select Relocation Set 0.700ms
[2026-06-26T13:35:07.466-0300][35.403s][3992][11424][info][gc,phases   ] GC(32) y: Pause Relocate Start 0.006ms
[2026-06-26T13:35:07.468-0300][35.406s][3992][8900 ][info][gc,phases   ] GC(32) y: Concurrent Relocate 2.100ms
[2026-06-26T13:35:07.468-0300][35.406s][3992][8900 ][info][gc,alloc    ] GC(32) y:                         Mark Start        Mark End      Relocate Start    Relocate End   
[2026-06-26T13:35:07.468-0300][35.406s][3992][8900 ][info][gc,alloc    ] GC(32) y: Allocation Stalls:          0                0                0                0         
[2026-06-26T13:35:07.468-0300][35.406s][3992][8900 ][info][gc,load     ] GC(32) y: Load: 0.00 (0%) / 0.00 (0%) / 0.00 (0%)
[2026-06-26T13:35:07.468-0300][35.406s][3992][8900 ][info][gc,mmu      ] GC(32) y: MMU: 2ms/97.3%, 5ms/98.9%, 10ms/99.5%, 20ms/99.7%, 50ms/99.8%, 100ms/99.9%
[2026-06-26T13:35:07.468-0300][35.406s][3992][8900 ][info][gc,marking  ] GC(32) y: Mark: 2 stripe(s), 2 proactive flush(es), 1 terminate flush(es), 0 completion(s), 0 continuation(s) 
[2026-06-26T13:35:07.468-0300][35.406s][3992][8900 ][info][gc,nmethod  ] GC(32) y: NMethods: 10917 registered, 0 unregistered
[2026-06-26T13:35:07.468-0300][35.406s][3992][8900 ][info][gc,metaspace] GC(32) y: Metaspace: 63M used, 64M committed, 1088M reserved
[2026-06-26T13:35:07.468-0300][35.406s][3992][8900 ][info][gc,reloc    ] GC(32) y:                        Candidates     Selected     In-Place         Size        Empty    Relocated 
[2026-06-26T13:35:07.468-0300][35.406s][3992][8900 ][info][gc,reloc    ] GC(32) y: Small Pages:                   40           36            0          80M           2M           2M 
[2026-06-26T13:35:07.468-0300][35.406s][3992][8900 ][info][gc,reloc    ] GC(32) y: Medium Pages:                   2            0            0          64M          32M           0M 
[2026-06-26T13:35:07.468-0300][35.406s][3992][8900 ][info][gc,reloc    ] GC(32) y: Large Pages:                    2            0            0          12M           0M           0M 
[2026-06-26T13:35:07.468-0300][35.406s][3992][8900 ][info][gc,reloc    ] GC(32) y: Forwarding Usage: 0M
[2026-06-26T13:35:07.468-0300][35.406s][3992][8900 ][info][gc,reloc    ] GC(32) y: Age Table:
[2026-06-26T13:35:07.468-0300][35.406s][3992][8900 ][info][gc,reloc    ] GC(32) y:                    Live             Garbage             Small              Medium             Large        
[2026-06-26T13:35:07.468-0300][35.406s][3992][8900 ][info][gc,reloc    ] GC(32) y: Eden              17M (1%)           94M (3%)          34 / 31             1 / 0              2 / 0        
[2026-06-26T13:35:07.468-0300][35.406s][3992][8900 ][info][gc,reloc    ] GC(32) y: Survivor 1         0M (0%)           43M (1%)           6 / 5              1 / 0              0 / 0        
[2026-06-26T13:35:07.468-0300][35.406s][3992][8900 ][info][gc,heap     ] GC(32) y: Min Capacity: 8M(0%)
[2026-06-26T13:35:07.468-0300][35.406s][3992][8900 ][info][gc,heap     ] GC(32) y: Max Capacity: 3072M(100%)
[2026-06-26T13:35:07.468-0300][35.406s][3992][8900 ][info][gc,heap     ] GC(32) y: Soft Max Capacity: 3072M(100%)
[2026-06-26T13:35:07.468-0300][35.406s][3992][8900 ][info][gc,heap     ] GC(32) y: Heap Statistics:
[2026-06-26T13:35:07.468-0300][35.406s][3992][8900 ][info][gc,heap     ] GC(32) y:                Mark Start          Mark End        Relocate Start      Relocate End           High               Low         
[2026-06-26T13:35:07.468-0300][35.406s][3992][8900 ][info][gc,heap     ] GC(32) y:  Capacity:     3072M (100%)       3072M (100%)       3072M (100%)       3072M (100%)       3072M (100%)       3072M (100%)   
[2026-06-26T13:35:07.468-0300][35.406s][3992][8900 ][info][gc,heap     ] GC(32) y:      Free:     1572M (51%)        1560M (51%)        1594M (52%)        1650M (54%)        1650M (54%)        1560M (51%)    
[2026-06-26T13:35:07.468-0300][35.406s][3992][8900 ][info][gc,heap     ] GC(32) y:      Used:     1500M (49%)        1512M (49%)        1478M (48%)        1422M (46%)        1512M (49%)        1422M (46%)    
[2026-06-26T13:35:07.468-0300][35.406s][3992][8900 ][info][gc,heap     ] GC(32) y: Young Generation Statistics:
[2026-06-26T13:35:07.468-0300][35.406s][3992][8900 ][info][gc,heap     ] GC(32) y:                Mark Start          Mark End        Relocate Start      Relocate End    
[2026-06-26T13:35:07.468-0300][35.406s][3992][8900 ][info][gc,heap     ] GC(32) y:      Used:      156M (5%)          168M (5%)          134M (4%)           78M (3%)     
[2026-06-26T13:35:07.468-0300][35.406s][3992][8900 ][info][gc,heap     ] GC(32) y:      Live:         -                17M (1%)           17M (1%)           17M (1%)     
[2026-06-26T13:35:07.470-0300][35.406s][3992][8900 ][info][gc,heap     ] GC(32) y:   Garbage:         -               138M (5%)          104M (3%)           31M (1%)     
[2026-06-26T13:35:07.470-0300][35.406s][3992][8900 ][info][gc,heap     ] GC(32) y: Allocated:         -                12M (0%)           12M (0%)           28M (1%)     
[2026-06-26T13:35:07.470-0300][35.406s][3992][8900 ][info][gc,heap     ] GC(32) y: Reclaimed:         -                  -                34M (1%)          106M (3%)     
[2026-06-26T13:35:07.470-0300][35.406s][3992][8900 ][info][gc,heap     ] GC(32) y:  Promoted:         -                  -                 0M (0%)            0M (0%)     
[2026-06-26T13:35:07.470-0300][35.406s][3992][8900 ][info][gc,heap     ] GC(32) y: Compacted:         -                  -                  -                 3M (0%)     
[2026-06-26T13:35:07.470-0300][35.406s][3992][8900 ][info][gc,phases   ] GC(32) y: Young Generation 1500M(49%)->1422M(46%) 0.017s
[2026-06-26T13:35:07.470-0300][35.406s][3992][8900 ][info][gc          ] GC(32) Minor Collection (Allocation Rate) 1500M(49%)->1422M(46%) 0.018s
[2026-06-26T13:35:07.552-0300][35.489s][3992][8900 ][info][gc          ] GC(33) Minor Collection (Allocation Rate)
[2026-06-26T13:35:07.552-0300][35.489s][3992][8900 ][info][gc,task     ] GC(33) Using 2 Workers for Young Generation
[2026-06-26T13:35:07.552-0300][35.489s][3992][8900 ][info][gc,phases   ] GC(33) y: Young Generation
[2026-06-26T13:35:07.552-0300][35.489s][3992][11424][info][gc,phases   ] GC(33) y: Pause Mark Start 0.023ms
[2026-06-26T13:35:07.596-0300][35.533s][3992][8900 ][info][gc,phases   ] GC(33) y: Concurrent Mark 44.361ms
[2026-06-26T13:35:07.596-0300][35.533s][3992][11424][info][gc,phases   ] GC(33) y: Pause Mark End 0.015ms
[2026-06-26T13:35:07.596-0300][35.533s][3992][8900 ][info][gc,phases   ] GC(33) y: Concurrent Mark Free 0.006ms
[2026-06-26T13:35:07.596-0300][35.533s][3992][8900 ][info][gc,phases   ] GC(33) y: Concurrent Reset Relocation Set 0.004ms
[2026-06-26T13:35:07.597-0300][35.534s][3992][8900 ][info][gc,reloc    ] GC(33) y: Using tenuring threshold: 3 (Computed)
[2026-06-26T13:35:07.597-0300][35.534s][3992][8900 ][info][gc,phases   ] GC(33) y: Concurrent Select Relocation Set 0.585ms
[2026-06-26T13:35:07.597-0300][35.534s][3992][11424][info][gc,phases   ] GC(33) y: Pause Relocate Start 0.006ms
[2026-06-26T13:35:07.600-0300][35.536s][3992][8900 ][info][gc,phases   ] GC(33) y: Concurrent Relocate 2.023ms
[2026-06-26T13:35:07.600-0300][35.536s][3992][8900 ][info][gc,alloc    ] GC(33) y:                         Mark Start        Mark End      Relocate Start    Relocate End   
[2026-06-26T13:35:07.600-0300][35.536s][3992][8900 ][info][gc,alloc    ] GC(33) y: Allocation Stalls:          0                0                0                0         
[2026-06-26T13:35:07.600-0300][35.536s][3992][8900 ][info][gc,load     ] GC(33) y: Load: 0.00 (0%) / 0.00 (0%) / 0.00 (0%)
[2026-06-26T13:35:07.600-0300][35.536s][3992][8900 ][info][gc,mmu      ] GC(33) y: MMU: 2ms/97.3%, 5ms/98.9%, 10ms/99.5%, 20ms/99.7%, 50ms/99.8%, 100ms/99.9%
[2026-06-26T13:35:07.600-0300][35.536s][3992][8900 ][info][gc,marking  ] GC(33) y: Mark: 2 stripe(s), 2 proactive flush(es), 1 terminate flush(es), 0 completion(s), 0 continuation(s) 
[2026-06-26T13:35:07.600-0300][35.536s][3992][8900 ][info][gc,nmethod  ] GC(33) y: NMethods: 10972 registered, 0 unregistered
[2026-06-26T13:35:07.600-0300][35.536s][3992][8900 ][info][gc,metaspace] GC(33) y: Metaspace: 63M used, 64M committed, 1088M reserved
[2026-06-26T13:35:07.600-0300][35.536s][3992][8900 ][info][gc,reloc    ] GC(33) y:                        Candidates     Selected     In-Place         Size        Empty    Relocated 
[2026-06-26T13:35:07.600-0300][35.536s][3992][8900 ][info][gc,reloc    ] GC(33) y: Small Pages:                   39           20            0          78M           2M           4M 
[2026-06-26T13:35:07.600-0300][35.536s][3992][8900 ][info][gc,reloc    ] GC(33) y: Medium Pages:                   2            0            0          64M          32M           0M 
[2026-06-26T13:35:07.600-0300][35.536s][3992][8900 ][info][gc,reloc    ] GC(33) y: Large Pages:                    2            0            0          12M          12M           0M 
[2026-06-26T13:35:07.600-0300][35.536s][3992][8900 ][info][gc,reloc    ] GC(33) y: Forwarding Usage: 1M
[2026-06-26T13:35:07.600-0300][35.536s][3992][8900 ][info][gc,reloc    ] GC(33) y: Age Table:
[2026-06-26T13:35:07.600-0300][35.536s][3992][8900 ][info][gc,reloc    ] GC(33) y:                    Live             Garbage             Small              Medium             Large        
[2026-06-26T13:35:07.600-0300][35.536s][3992][8900 ][info][gc,reloc    ] GC(33) y: Eden              35M (1%)           54M (2%)          29 / 11             1 / 0              0 / 0        
[2026-06-26T13:35:07.600-0300][35.536s][3992][8900 ][info][gc,reloc    ] GC(33) y: Survivor 1         3M (0%)           54M (2%)           7 / 6              1 / 0              2 / 0        
[2026-06-26T13:35:07.600-0300][35.536s][3992][8900 ][info][gc,reloc    ] GC(33) y: Survivor 2         0M (0%)            5M (0%)           3 / 3              0 / 0              0 / 0        
[2026-06-26T13:35:07.600-0300][35.537s][3992][8900 ][info][gc,heap     ] GC(33) y: Min Capacity: 8M(0%)
[2026-06-26T13:35:07.600-0300][35.537s][3992][8900 ][info][gc,heap     ] GC(33) y: Max Capacity: 3072M(100%)
[2026-06-26T13:35:07.600-0300][35.537s][3992][8900 ][info][gc,heap     ] GC(33) y: Soft Max Capacity: 3072M(100%)
[2026-06-26T13:35:07.600-0300][35.537s][3992][8900 ][info][gc,heap     ] GC(33) y: Heap Statistics:
[2026-06-26T13:35:07.600-0300][35.537s][3992][8900 ][info][gc,heap     ] GC(33) y:                Mark Start          Mark End        Relocate Start      Relocate End           High               Low         
[2026-06-26T13:35:07.600-0300][35.537s][3992][8900 ][info][gc,heap     ] GC(33) y:  Capacity:     3072M (100%)       3072M (100%)       3072M (100%)       3072M (100%)       3072M (100%)       3072M (100%)   
[2026-06-26T13:35:07.600-0300][35.537s][3992][8900 ][info][gc,heap     ] GC(33) y:      Free:     1574M (51%)        1552M (51%)        1598M (52%)        1626M (53%)        1626M (53%)        1552M (51%)    
[2026-06-26T13:35:07.600-0300][35.537s][3992][8900 ][info][gc,heap     ] GC(33) y:      Used:     1498M (49%)        1520M (49%)        1474M (48%)        1446M (47%)        1520M (49%)        1446M (47%)    
[2026-06-26T13:35:07.600-0300][35.537s][3992][8900 ][info][gc,heap     ] GC(33) y: Young Generation Statistics:
[2026-06-26T13:35:07.600-0300][35.537s][3992][8900 ][info][gc,heap     ] GC(33) y:                Mark Start          Mark End        Relocate Start      Relocate End    
[2026-06-26T13:35:07.600-0300][35.537s][3992][8900 ][info][gc,heap     ] GC(33) y:      Used:      154M (5%)          176M (6%)          130M (4%)          102M (3%)     
[2026-06-26T13:35:07.600-0300][35.537s][3992][8900 ][info][gc,heap     ] GC(33) y:      Live:         -                39M (1%)           39M (1%)           39M (1%)     
[2026-06-26T13:35:07.600-0300][35.537s][3992][8900 ][info][gc,heap     ] GC(33) y:   Garbage:         -               114M (4%)           68M (2%)           27M (1%)     
[2026-06-26T13:35:07.600-0300][35.537s][3992][8900 ][info][gc,heap     ] GC(33) y: Allocated:         -                22M (1%)           22M (1%)           34M (1%)     
[2026-06-26T13:35:07.600-0300][35.537s][3992][8900 ][info][gc,heap     ] GC(33) y: Reclaimed:         -                  -                46M (1%)           86M (3%)     
[2026-06-26T13:35:07.600-0300][35.537s][3992][8900 ][info][gc,heap     ] GC(33) y:  Promoted:         -                  -                 0M (0%)            0M (0%)     
[2026-06-26T13:35:07.600-0300][35.537s][3992][8900 ][info][gc,heap     ] GC(33) y: Compacted:         -                  -                  -                 5M (0%)     
[2026-06-26T13:35:07.600-0300][35.537s][3992][8900 ][info][gc,phases   ] GC(33) y: Young Generation 1498M(49%)->1446M(47%) 0.048s
[2026-06-26T13:35:07.600-0300][35.537s][3992][8900 ][info][gc          ] GC(33) Minor Collection (Allocation Rate) 1498M(49%)->1446M(47%) 0.048s
[2026-06-26T13:35:08.007-0300][35.943s][3992][8900 ][info][gc          ] GC(34) Minor Collection (Allocation Rate)
[2026-06-26T13:35:08.007-0300][35.943s][3992][8900 ][info][gc,task     ] GC(34) Using 2 Workers for Young Generation
[2026-06-26T13:35:08.007-0300][35.943s][3992][8900 ][info][gc,phases   ] GC(34) y: Young Generation
[2026-06-26T13:35:08.007-0300][35.943s][3992][11424][info][gc,phases   ] GC(34) y: Pause Mark Start 0.010ms
[2026-06-26T13:35:08.060-0300][35.997s][3992][8900 ][info][gc,phases   ] GC(34) y: Concurrent Mark 54.332ms
[2026-06-26T13:35:08.061-0300][35.998s][3992][11424][info][gc,phases   ] GC(34) y: Pause Mark End 0.017ms
[2026-06-26T13:35:08.061-0300][35.998s][3992][8900 ][info][gc,phases   ] GC(34) y: Concurrent Mark Free 0.007ms
[2026-06-26T13:35:08.061-0300][35.998s][3992][8900 ][info][gc,phases   ] GC(34) y: Concurrent Reset Relocation Set 0.003ms
[2026-06-26T13:35:08.061-0300][35.998s][3992][8900 ][info][gc,reloc    ] GC(34) y: Using tenuring threshold: 4 (Computed)
[2026-06-26T13:35:08.062-0300][35.999s][3992][8900 ][info][gc,phases   ] GC(34) y: Concurrent Select Relocation Set 1.327ms
[2026-06-26T13:35:08.062-0300][35.999s][3992][11424][info][gc,phases   ] GC(34) y: Pause Relocate Start 0.010ms
[2026-06-26T13:35:08.072-0300][36.008s][3992][8900 ][info][gc,phases   ] GC(34) y: Concurrent Relocate 8.606ms
[2026-06-26T13:35:08.072-0300][36.008s][3992][8900 ][info][gc,alloc    ] GC(34) y:                         Mark Start        Mark End      Relocate Start    Relocate End   
[2026-06-26T13:35:08.072-0300][36.008s][3992][8900 ][info][gc,alloc    ] GC(34) y: Allocation Stalls:          0                0                0                0         
[2026-06-26T13:35:08.072-0300][36.008s][3992][8900 ][info][gc,load     ] GC(34) y: Load: 0.00 (0%) / 0.00 (0%) / 0.00 (0%)
[2026-06-26T13:35:08.072-0300][36.008s][3992][8900 ][info][gc,mmu      ] GC(34) y: MMU: 2ms/97.3%, 5ms/98.9%, 10ms/99.5%, 20ms/99.7%, 50ms/99.8%, 100ms/99.9%
[2026-06-26T13:35:08.072-0300][36.008s][3992][8900 ][info][gc,marking  ] GC(34) y: Mark: 2 stripe(s), 2 proactive flush(es), 1 terminate flush(es), 0 completion(s), 0 continuation(s) 
[2026-06-26T13:35:08.072-0300][36.008s][3992][8900 ][info][gc,nmethod  ] GC(34) y: NMethods: 11109 registered, 0 unregistered
[2026-06-26T13:35:08.072-0300][36.008s][3992][8900 ][info][gc,metaspace] GC(34) y: Metaspace: 63M used, 65M committed, 1088M reserved
[2026-06-26T13:35:08.072-0300][36.008s][3992][8900 ][info][gc,reloc    ] GC(34) y:                        Candidates     Selected     In-Place         Size        Empty    Relocated 
[2026-06-26T13:35:08.072-0300][36.008s][3992][8900 ][info][gc,reloc    ] GC(34) y: Small Pages:                   64           19            0         128M          36M           8M 
[2026-06-26T13:35:08.072-0300][36.008s][3992][8900 ][info][gc,reloc    ] GC(34) y: Medium Pages:                   1            0            0          32M           0M           0M 
[2026-06-26T13:35:08.072-0300][36.008s][3992][8900 ][info][gc,reloc    ] GC(34) y: Large Pages:                    0            0            0           0M           0M           0M 
[2026-06-26T13:35:08.072-0300][36.008s][3992][8900 ][info][gc,reloc    ] GC(34) y: Forwarding Usage: 4M
[2026-06-26T13:35:08.072-0300][36.008s][3992][8900 ][info][gc,reloc    ] GC(34) y: Age Table:
[2026-06-26T13:35:08.072-0300][36.008s][3992][8900 ][info][gc,reloc    ] GC(34) y:                    Live             Garbage             Small              Medium             Large        
[2026-06-26T13:35:08.072-0300][36.008s][3992][8900 ][info][gc,reloc    ] GC(34) y: Eden              39M (1%)           40M (1%)          40 / 14             0 / 0              0 / 0        
[2026-06-26T13:35:08.072-0300][36.008s][3992][8900 ][info][gc,reloc    ] GC(34) y: Survivor 1         6M (0%)           63M (2%)          19 / 2              1 / 0              0 / 0        
[2026-06-26T13:35:08.072-0300][36.008s][3992][8900 ][info][gc,reloc    ] GC(34) y: Survivor 2         3M (0%)            2M (0%)           3 / 1              0 / 0              0 / 0        
[2026-06-26T13:35:08.072-0300][36.008s][3992][8900 ][info][gc,reloc    ] GC(34) y: Survivor 3         0M (0%)            3M (0%)           2 / 2              0 / 0              0 / 0        
[2026-06-26T13:35:08.072-0300][36.008s][3992][8900 ][info][gc,heap     ] GC(34) y: Min Capacity: 8M(0%)
[2026-06-26T13:35:08.072-0300][36.008s][3992][8900 ][info][gc,heap     ] GC(34) y: Max Capacity: 3072M(100%)
[2026-06-26T13:35:08.072-0300][36.008s][3992][8900 ][info][gc,heap     ] GC(34) y: Soft Max Capacity: 3072M(100%)
[2026-06-26T13:35:08.072-0300][36.008s][3992][8900 ][info][gc,heap     ] GC(34) y: Heap Statistics:
[2026-06-26T13:35:08.072-0300][36.008s][3992][8900 ][info][gc,heap     ] GC(34) y:                Mark Start          Mark End        Relocate Start      Relocate End           High               Low         
[2026-06-26T13:35:08.072-0300][36.008s][3992][8900 ][info][gc,heap     ] GC(34) y:  Capacity:     3072M (100%)       3072M (100%)       3072M (100%)       3072M (100%)       3072M (100%)       3072M (100%)   
[2026-06-26T13:35:08.072-0300][36.008s][3992][8900 ][info][gc,heap     ] GC(34) y:      Free:     1568M (51%)        1540M (50%)        1576M (51%)        1594M (52%)        1594M (52%)        1540M (50%)    
[2026-06-26T13:35:08.072-0300][36.008s][3992][8900 ][info][gc,heap     ] GC(34) y:      Used:     1504M (49%)        1532M (50%)        1496M (49%)        1478M (48%)        1532M (50%)        1478M (48%)    
[2026-06-26T13:35:08.072-0300][36.008s][3992][8900 ][info][gc,heap     ] GC(34) y: Young Generation Statistics:
[2026-06-26T13:35:08.072-0300][36.008s][3992][8900 ][info][gc,heap     ] GC(34) y:                Mark Start          Mark End        Relocate Start      Relocate End    
[2026-06-26T13:35:08.072-0300][36.008s][3992][8900 ][info][gc,heap     ] GC(34) y:      Used:      160M (5%)          188M (6%)          152M (5%)          134M (4%)     
[2026-06-26T13:35:08.072-0300][36.008s][3992][8900 ][info][gc,heap     ] GC(34) y:      Live:         -                50M (2%)           50M (2%)           50M (2%)     
[2026-06-26T13:35:08.072-0300][36.008s][3992][8900 ][info][gc,heap     ] GC(34) y:   Garbage:         -               109M (4%)           73M (2%)           33M (1%)     
[2026-06-26T13:35:08.072-0300][36.008s][3992][8900 ][info][gc,heap     ] GC(34) y: Allocated:         -                28M (1%)           28M (1%)           50M (2%)     
[2026-06-26T13:35:08.072-0300][36.008s][3992][8900 ][info][gc,heap     ] GC(34) y: Reclaimed:         -                  -                36M (1%)           76M (2%)     
[2026-06-26T13:35:08.072-0300][36.008s][3992][8900 ][info][gc,heap     ] GC(34) y:  Promoted:         -                  -                 0M (0%)            0M (0%)     
[2026-06-26T13:35:08.072-0300][36.008s][3992][8900 ][info][gc,heap     ] GC(34) y: Compacted:         -                  -                  -                13M (0%)     
[2026-06-26T13:35:08.072-0300][36.008s][3992][8900 ][info][gc,phases   ] GC(34) y: Young Generation 1504M(49%)->1478M(48%) 0.065s
[2026-06-26T13:35:08.072-0300][36.008s][3992][8900 ][info][gc          ] GC(34) Minor Collection (Allocation Rate) 1504M(49%)->1478M(48%) 0.066s
[2026-06-26T13:35:08.129-0300][36.065s][3992][8900 ][info][gc          ] GC(35) Minor Collection (Allocation Rate)
[2026-06-26T13:35:08.129-0300][36.065s][3992][8900 ][info][gc,task     ] GC(35) Using 2 Workers for Young Generation
[2026-06-26T13:35:08.129-0300][36.065s][3992][8900 ][info][gc,phases   ] GC(35) y: Young Generation
[2026-06-26T13:35:08.129-0300][36.065s][3992][11424][info][gc,phases   ] GC(35) y: Pause Mark Start 0.010ms
[2026-06-26T13:35:08.223-0300][36.160s][3992][8900 ][info][gc,phases   ] GC(35) y: Concurrent Mark 94.297ms
[2026-06-26T13:35:08.223-0300][36.160s][3992][11424][info][gc,phases   ] GC(35) y: Pause Mark End 0.020ms
[2026-06-26T13:35:08.223-0300][36.160s][3992][8900 ][info][gc,phases   ] GC(35) y: Concurrent Mark Free 0.004ms
[2026-06-26T13:35:08.223-0300][36.160s][3992][8900 ][info][gc,phases   ] GC(35) y: Concurrent Reset Relocation Set 0.003ms
[2026-06-26T13:35:08.223-0300][36.160s][3992][8900 ][info][gc,reloc    ] GC(35) y: Using tenuring threshold: 3 (Computed)
[2026-06-26T13:35:08.226-0300][36.162s][3992][8900 ][info][gc,phases   ] GC(35) y: Concurrent Select Relocation Set 2.531ms
[2026-06-26T13:35:08.226-0300][36.163s][3992][11424][info][gc,phases   ] GC(35) y: Pause Relocate Start 0.015ms
[2026-06-26T13:35:08.236-0300][36.172s][3992][8900 ][info][gc,phases   ] GC(35) y: Concurrent Relocate 9.460ms
[2026-06-26T13:35:08.236-0300][36.172s][3992][8900 ][info][gc,alloc    ] GC(35) y:                         Mark Start        Mark End      Relocate Start    Relocate End   
[2026-06-26T13:35:08.236-0300][36.172s][3992][8900 ][info][gc,alloc    ] GC(35) y: Allocation Stalls:          0                0                0                0         
[2026-06-26T13:35:08.236-0300][36.172s][3992][8900 ][info][gc,load     ] GC(35) y: Load: 0.00 (0%) / 0.00 (0%) / 0.00 (0%)
[2026-06-26T13:35:08.236-0300][36.172s][3992][8900 ][info][gc,mmu      ] GC(35) y: MMU: 2ms/97.3%, 5ms/98.9%, 10ms/99.5%, 20ms/99.7%, 50ms/99.8%, 100ms/99.9%
[2026-06-26T13:35:08.236-0300][36.172s][3992][8900 ][info][gc,marking  ] GC(35) y: Mark: 2 stripe(s), 2 proactive flush(es), 1 terminate flush(es), 0 completion(s), 0 continuation(s) 
[2026-06-26T13:35:08.236-0300][36.172s][3992][8900 ][info][gc,nmethod  ] GC(35) y: NMethods: 11116 registered, 0 unregistered
[2026-06-26T13:35:08.236-0300][36.172s][3992][8900 ][info][gc,metaspace] GC(35) y: Metaspace: 63M used, 65M committed, 1088M reserved
[2026-06-26T13:35:08.236-0300][36.172s][3992][8900 ][info][gc,reloc    ] GC(35) y:                        Candidates     Selected     In-Place         Size        Empty    Relocated 
[2026-06-26T13:35:08.236-0300][36.172s][3992][8900 ][info][gc,reloc    ] GC(35) y: Small Pages:                   62           18            0         124M           2M           7M 
[2026-06-26T13:35:08.236-0300][36.172s][3992][8900 ][info][gc,reloc    ] GC(35) y: Medium Pages:                   1            0            0          32M           0M           0M 
[2026-06-26T13:35:08.236-0300][36.172s][3992][8900 ][info][gc,reloc    ] GC(35) y: Large Pages:                    0            0            0           0M           0M           0M 
[2026-06-26T13:35:08.236-0300][36.172s][3992][8900 ][info][gc,reloc    ] GC(35) y: Forwarding Usage: 5M
[2026-06-26T13:35:08.236-0300][36.172s][3992][8900 ][info][gc,reloc    ] GC(35) y: Age Table:
[2026-06-26T13:35:08.236-0300][36.172s][3992][8900 ][info][gc,reloc    ] GC(35) y:                    Live             Garbage             Small              Medium             Large        
[2026-06-26T13:35:08.236-0300][36.172s][3992][8900 ][info][gc,reloc    ] GC(35) y: Eden              32M (1%)           21M (1%)          27 / 10             0 / 0              0 / 0        
[2026-06-26T13:35:08.236-0300][36.172s][3992][8900 ][info][gc,reloc    ] GC(35) y: Survivor 1        39M (1%)           14M (0%)          27 / 3              0 / 0              0 / 0        
[2026-06-26T13:35:08.236-0300][36.172s][3992][8900 ][info][gc,reloc    ] GC(35) y: Survivor 2         6M (0%)           31M (1%)           3 / 2              1 / 0              0 / 0        
[2026-06-26T13:35:08.236-0300][36.172s][3992][8900 ][info][gc,reloc    ] GC(35) y: Survivor 3         3M (0%)            2M (0%)           3 / 1              0 / 0              0 / 0        
[2026-06-26T13:35:08.236-0300][36.172s][3992][8900 ][info][gc,reloc    ] GC(35) y: Survivor 4         0M (0%)            3M (0%)           2 / 2              0 / 0              0 / 0        
[2026-06-26T13:35:08.236-0300][36.172s][3992][8900 ][info][gc,heap     ] GC(35) y: Min Capacity: 8M(0%)
[2026-06-26T13:35:08.236-0300][36.172s][3992][8900 ][info][gc,heap     ] GC(35) y: Max Capacity: 3072M(100%)
[2026-06-26T13:35:08.236-0300][36.172s][3992][8900 ][info][gc,heap     ] GC(35) y: Soft Max Capacity: 3072M(100%)
[2026-06-26T13:35:08.236-0300][36.172s][3992][8900 ][info][gc,heap     ] GC(35) y: Heap Statistics:
[2026-06-26T13:35:08.236-0300][36.172s][3992][8900 ][info][gc,heap     ] GC(35) y:                Mark Start          Mark End        Relocate Start      Relocate End           High               Low         
[2026-06-26T13:35:08.236-0300][36.172s][3992][8900 ][info][gc,heap     ] GC(35) y:  Capacity:     3072M (100%)       3072M (100%)       3072M (100%)       3072M (100%)       3072M (100%)       3072M (100%)   
[2026-06-26T13:35:08.236-0300][36.172s][3992][8900 ][info][gc,heap     ] GC(35) y:      Free:     1572M (51%)        1486M (48%)        1488M (48%)        1512M (49%)        1572M (51%)        1482M (48%)    
[2026-06-26T13:35:08.236-0300][36.172s][3992][8900 ][info][gc,heap     ] GC(35) y:      Used:     1500M (49%)        1586M (52%)        1584M (52%)        1560M (51%)        1590M (52%)        1500M (49%)    
[2026-06-26T13:35:08.236-0300][36.173s][3992][8900 ][info][gc,heap     ] GC(35) y: Young Generation Statistics:
[2026-06-26T13:35:08.236-0300][36.173s][3992][8900 ][info][gc,heap     ] GC(35) y:                Mark Start          Mark End        Relocate Start      Relocate End    
[2026-06-26T13:35:08.236-0300][36.173s][3992][8900 ][info][gc,heap     ] GC(35) y:      Used:      156M (5%)          242M (8%)          238M (8%)          212M (7%)     
[2026-06-26T13:35:08.236-0300][36.173s][3992][8900 ][info][gc,heap     ] GC(35) y:      Live:         -                82M (3%)           80M (3%)           79M (3%)     
[2026-06-26T13:35:08.236-0300][36.173s][3992][8900 ][info][gc,heap     ] GC(35) y:   Garbage:         -                73M (2%)           71M (2%)           33M (1%)     
[2026-06-26T13:35:08.236-0300][36.173s][3992][8900 ][info][gc,heap     ] GC(35) y: Allocated:         -                86M (3%)           86M (3%)           99M (3%)     
[2026-06-26T13:35:08.236-0300][36.173s][3992][8900 ][info][gc,heap     ] GC(35) y: Reclaimed:         -                  -                 2M (0%)           39M (1%)     
[2026-06-26T13:35:08.236-0300][36.173s][3992][8900 ][info][gc,heap     ] GC(35) y:  Promoted:         -                  -                 1M (0%)            3M (0%)     
[2026-06-26T13:35:08.236-0300][36.173s][3992][8900 ][info][gc,heap     ] GC(35) y: Compacted:         -                  -                  -                10M (0%)     
[2026-06-26T13:35:08.236-0300][36.173s][3992][8900 ][info][gc,phases   ] GC(35) y: Young Generation 1500M(49%)->1560M(51%) 0.107s
[2026-06-26T13:35:08.236-0300][36.173s][3992][8900 ][info][gc          ] GC(35) Minor Collection (Allocation Rate) 1500M(49%)->1560M(51%) 0.108s
[2026-06-26T13:35:08.236-0300][36.173s][3992][8900 ][info][gc          ] GC(36) Minor Collection (Allocation Rate)
[2026-06-26T13:35:08.236-0300][36.173s][3992][8900 ][info][gc,task     ] GC(36) Using 2 Workers for Young Generation
[2026-06-26T13:35:08.236-0300][36.173s][3992][8900 ][info][gc,phases   ] GC(36) y: Young Generation
[2026-06-26T13:35:08.236-0300][36.173s][3992][11424][info][gc,phases   ] GC(36) y: Pause Mark Start 0.014ms
[2026-06-26T13:35:08.351-0300][36.287s][3992][8900 ][info][gc,phases   ] GC(36) y: Concurrent Mark 114.095ms
[2026-06-26T13:35:08.351-0300][36.287s][3992][11424][info][gc,phases   ] GC(36) y: Pause Mark End 0.013ms
[2026-06-26T13:35:08.351-0300][36.287s][3992][8900 ][info][gc,phases   ] GC(36) y: Concurrent Mark Free 0.005ms
[2026-06-26T13:35:08.351-0300][36.287s][3992][8900 ][info][gc,phases   ] GC(36) y: Concurrent Reset Relocation Set 0.019ms
[2026-06-26T13:35:08.351-0300][36.287s][3992][8900 ][info][gc,reloc    ] GC(36) y: Using tenuring threshold: 1 (Computed)
[2026-06-26T13:35:08.377-0300][36.314s][3992][8900 ][info][gc,phases   ] GC(36) y: Concurrent Select Relocation Set 26.813ms
[2026-06-26T13:35:08.377-0300][36.314s][3992][11424][info][gc,phases   ] GC(36) y: Pause Relocate Start 0.011ms
[2026-06-26T13:35:08.434-0300][36.370s][3992][8900 ][info][gc,phases   ] GC(36) y: Concurrent Relocate 55.548ms
[2026-06-26T13:35:08.434-0300][36.370s][3992][8900 ][info][gc,alloc    ] GC(36) y:                         Mark Start        Mark End      Relocate Start    Relocate End   
[2026-06-26T13:35:08.434-0300][36.370s][3992][8900 ][info][gc,alloc    ] GC(36) y: Allocation Stalls:          0                0                0                0         
[2026-06-26T13:35:08.434-0300][36.370s][3992][8900 ][info][gc,load     ] GC(36) y: Load: 0.00 (0%) / 0.00 (0%) / 0.00 (0%)
[2026-06-26T13:35:08.434-0300][36.370s][3992][8900 ][info][gc,mmu      ] GC(36) y: MMU: 2ms/97.3%, 5ms/98.9%, 10ms/99.5%, 20ms/99.7%, 50ms/99.8%, 100ms/99.9%
[2026-06-26T13:35:08.434-0300][36.370s][3992][8900 ][info][gc,marking  ] GC(36) y: Mark: 2 stripe(s), 3 proactive flush(es), 1 terminate flush(es), 0 completion(s), 0 continuation(s) 
[2026-06-26T13:35:08.434-0300][36.370s][3992][8900 ][info][gc,nmethod  ] GC(36) y: NMethods: 11156 registered, 0 unregistered
[2026-06-26T13:35:08.434-0300][36.370s][3992][8900 ][info][gc,metaspace] GC(36) y: Metaspace: 63M used, 65M committed, 1088M reserved
[2026-06-26T13:35:08.434-0300][36.370s][3992][8900 ][info][gc,reloc    ] GC(36) y:                        Candidates     Selected     In-Place         Size        Empty    Relocated 
[2026-06-26T13:35:08.434-0300][36.370s][3992][8900 ][info][gc,reloc    ] GC(36) y: Small Pages:                   74           24            0         148M           0M           7M 
[2026-06-26T13:35:08.434-0300][36.370s][3992][8900 ][info][gc,reloc    ] GC(36) y: Medium Pages:                   2            1            0          64M           0M           5M 
[2026-06-26T13:35:08.434-0300][36.370s][3992][8900 ][info][gc,reloc    ] GC(36) y: Large Pages:                    0            0            0           0M           0M           0M 
[2026-06-26T13:35:08.434-0300][36.370s][3992][8900 ][info][gc,reloc    ] GC(36) y: Forwarding Usage: 6M
[2026-06-26T13:35:08.434-0300][36.370s][3992][8900 ][info][gc,reloc    ] GC(36) y: Age Table:
[2026-06-26T13:35:08.434-0300][36.370s][3992][8900 ][info][gc,reloc    ] GC(36) y:                    Live             Garbage             Small              Medium             Large        
[2026-06-26T13:35:08.434-0300][36.370s][3992][8900 ][info][gc,reloc    ] GC(36) y: Eden              20M (1%)           73M (2%)          31 / 21             1 / 0              0 / 0        
[2026-06-26T13:35:08.434-0300][36.370s][3992][8900 ][info][gc,reloc    ] GC(36) y: Survivor 1        32M (1%)            3M (0%)          18 / 1              0 / 0              0 / 0        
[2026-06-26T13:35:08.434-0300][36.370s][3992][8900 ][info][gc,reloc    ] GC(36) y: Survivor 2        39M (1%)            8M (0%)          24 / 2              0 / 0              0 / 0        
[2026-06-26T13:35:08.434-0300][36.370s][3992][8900 ][info][gc,reloc    ] GC(36) y: Survivor 3         6M (0%)           27M (1%)           1 / 0              1 / 1              0 / 0        
[2026-06-26T13:35:08.434-0300][36.370s][3992][8900 ][info][gc,heap     ] GC(36) y: Min Capacity: 8M(0%)
[2026-06-26T13:35:08.434-0300][36.370s][3992][8900 ][info][gc,heap     ] GC(36) y: Max Capacity: 3072M(100%)
[2026-06-26T13:35:08.434-0300][36.370s][3992][8900 ][info][gc,heap     ] GC(36) y: Soft Max Capacity: 3072M(100%)
[2026-06-26T13:35:08.434-0300][36.370s][3992][8900 ][info][gc,heap     ] GC(36) y: Heap Statistics:
[2026-06-26T13:35:08.434-0300][36.370s][3992][8900 ][info][gc,heap     ] GC(36) y:                Mark Start          Mark End        Relocate Start      Relocate End           High               Low         
[2026-06-26T13:35:08.434-0300][36.370s][3992][8900 ][info][gc,heap     ] GC(36) y:  Capacity:     3072M (100%)       3072M (100%)       3072M (100%)       3072M (100%)       3072M (100%)       3072M (100%)   
[2026-06-26T13:35:08.434-0300][36.370s][3992][8900 ][info][gc,heap     ] GC(36) y:      Free:     1512M (49%)        1446M (47%)        1438M (47%)        1478M (48%)        1512M (49%)        1372M (45%)    
[2026-06-26T13:35:08.434-0300][36.370s][3992][8900 ][info][gc,heap     ] GC(36) y:      Used:     1560M (51%)        1626M (53%)        1634M (53%)        1594M (52%)        1700M (55%)        1560M (51%)    
[2026-06-26T13:35:08.434-0300][36.370s][3992][8900 ][info][gc,heap     ] GC(36) y: Young Generation Statistics:
[2026-06-26T13:35:08.434-0300][36.370s][3992][8900 ][info][gc,heap     ] GC(36) y:                Mark Start          Mark End        Relocate Start      Relocate End    
[2026-06-26T13:35:08.434-0300][36.370s][3992][8900 ][info][gc,heap     ] GC(36) y:      Used:      212M (7%)          278M (9%)          214M (7%)          130M (4%)     
[2026-06-26T13:35:08.434-0300][36.370s][3992][8900 ][info][gc,heap     ] GC(36) y:      Live:         -                99M (3%)           33M (1%)           20M (1%)     
[2026-06-26T13:35:08.434-0300][36.370s][3992][8900 ][info][gc,heap     ] GC(36) y:   Garbage:         -               112M (4%)          106M (3%)            0M (0%)     
[2026-06-26T13:35:08.434-0300][36.370s][3992][8900 ][info][gc,heap     ] GC(36) y: Allocated:         -                66M (2%)           74M (2%)          109M (4%)     
[2026-06-26T13:35:08.434-0300][36.370s][3992][8900 ][info][gc,heap     ] GC(36) y: Reclaimed:         -                  -                 5M (0%)          112M (4%)     
[2026-06-26T13:35:08.434-0300][36.370s][3992][8900 ][info][gc,heap     ] GC(36) y:  Promoted:         -                  -                66M (2%)           78M (3%)     
[2026-06-26T13:35:08.434-0300][36.370s][3992][8900 ][info][gc,heap     ] GC(36) y: Compacted:         -                  -                  -                 8M (0%)     
[2026-06-26T13:35:08.434-0300][36.370s][3992][8900 ][info][gc,phases   ] GC(36) y: Young Generation 1560M(51%)->1594M(52%) 0.197s
[2026-06-26T13:35:08.434-0300][36.371s][3992][8900 ][info][gc          ] GC(36) Minor Collection (Allocation Rate) 1560M(51%)->1594M(52%) 0.198s
[2026-06-26T13:35:08.448-0300][36.385s][3992][15924][info][gc,phases   ] GC(28) O: Concurrent Mark 1928.797ms
[2026-06-26T13:35:08.448-0300][36.385s][3992][11424][info][gc,phases   ] GC(28) O: Pause Mark End 0.018ms
[2026-06-26T13:35:08.448-0300][36.385s][3992][15924][info][gc,phases   ] GC(28) O: Concurrent Mark Free 0.005ms
[2026-06-26T13:35:08.478-0300][36.415s][3992][15924][info][gc,phases   ] GC(28) O: Concurrent Process Non-Strong 29.815ms
[2026-06-26T13:35:08.478-0300][36.415s][3992][15924][info][gc,phases   ] GC(28) O: Concurrent Reset Relocation Set 0.005ms
[2026-06-26T13:35:08.486-0300][36.422s][3992][15924][info][gc,phases   ] GC(28) O: Concurrent Select Relocation Set 7.450ms
[2026-06-26T13:35:08.486-0300][36.422s][3992][15924][info][gc,task     ] GC(28) O: Using 3 Workers for Old Generation
[2026-06-26T13:35:08.497-0300][36.433s][3992][15924][info][gc,task     ] GC(28) O: Using 1 Workers for Old Generation
[2026-06-26T13:35:08.497-0300][36.434s][3992][15924][info][gc,phases   ] GC(28) O: Concurrent Remap Roots 11.149ms
[2026-06-26T13:35:08.497-0300][36.434s][3992][11424][info][gc,phases   ] GC(28) O: Pause Relocate Start 0.011ms
[2026-06-26T13:35:08.575-0300][36.511s][3992][8900 ][info][gc          ] GC(37) Minor Collection (Allocation Rate)
[2026-06-26T13:35:08.575-0300][36.512s][3992][8900 ][info][gc,task     ] GC(37) Using 2 Workers for Young Generation
[2026-06-26T13:35:08.575-0300][36.512s][3992][8900 ][info][gc,phases   ] GC(37) y: Young Generation
[2026-06-26T13:35:08.578-0300][36.515s][3992][11424][info][gc,phases   ] GC(37) y: Pause Mark Start 0.010ms
[2026-06-26T13:35:08.616-0300][36.552s][3992][15924][info][gc,phases   ] GC(28) O: Concurrent Relocate 118.369ms
[2026-06-26T13:35:08.632-0300][36.568s][3992][8900 ][info][gc,phases   ] GC(37) y: Concurrent Mark 53.380ms
[2026-06-26T13:35:08.632-0300][36.568s][3992][11424][info][gc,phases   ] GC(37) y: Pause Mark End 0.012ms
[2026-06-26T13:35:08.632-0300][36.568s][3992][8900 ][info][gc,phases   ] GC(37) y: Concurrent Mark Free 0.005ms
[2026-06-26T13:35:08.632-0300][36.568s][3992][8900 ][info][gc,phases   ] GC(37) y: Concurrent Reset Relocation Set 0.130ms
[2026-06-26T13:35:08.632-0300][36.569s][3992][8900 ][info][gc,reloc    ] GC(37) y: Using tenuring threshold: 2 (Computed)
[2026-06-26T13:35:08.633-0300][36.569s][3992][8900 ][info][gc,phases   ] GC(37) y: Concurrent Select Relocation Set 0.551ms
[2026-06-26T13:35:08.633-0300][36.569s][3992][11424][info][gc,phases   ] GC(37) y: Pause Relocate Start 0.006ms
[2026-06-26T13:35:08.640-0300][36.576s][3992][8900 ][info][gc,phases   ] GC(37) y: Concurrent Relocate 6.995ms
[2026-06-26T13:35:08.640-0300][36.576s][3992][8900 ][info][gc,alloc    ] GC(37) y:                         Mark Start        Mark End      Relocate Start    Relocate End   
[2026-06-26T13:35:08.640-0300][36.576s][3992][8900 ][info][gc,alloc    ] GC(37) y: Allocation Stalls:          0                0                0                0         
[2026-06-26T13:35:08.640-0300][36.576s][3992][8900 ][info][gc,load     ] GC(37) y: Load: 0.00 (0%) / 0.00 (0%) / 0.00 (0%)
[2026-06-26T13:35:08.640-0300][36.576s][3992][8900 ][info][gc,mmu      ] GC(37) y: MMU: 2ms/97.3%, 5ms/98.9%, 10ms/99.5%, 20ms/99.7%, 50ms/99.8%, 100ms/99.9%
[2026-06-26T13:35:08.640-0300][36.576s][3992][8900 ][info][gc,marking  ] GC(37) y: Mark: 2 stripe(s), 2 proactive flush(es), 1 terminate flush(es), 0 completion(s), 0 continuation(s) 
[2026-06-26T13:35:08.640-0300][36.576s][3992][8900 ][info][gc,nmethod  ] GC(37) y: NMethods: 10882 registered, 292 unregistered
[2026-06-26T13:35:08.640-0300][36.576s][3992][8900 ][info][gc,metaspace] GC(37) y: Metaspace: 63M used, 65M committed, 1088M reserved
[2026-06-26T13:35:08.640-0300][36.576s][3992][8900 ][info][gc,reloc    ] GC(37) y:                        Candidates     Selected     In-Place         Size        Empty    Relocated 
[2026-06-26T13:35:08.640-0300][36.576s][3992][8900 ][info][gc,reloc    ] GC(37) y: Small Pages:                   45           27            0          90M           8M           6M 
[2026-06-26T13:35:08.640-0300][36.576s][3992][8900 ][info][gc,reloc    ] GC(37) y: Medium Pages:                   2            0            0          64M          32M           0M 
[2026-06-26T13:35:08.640-0300][36.576s][3992][8900 ][info][gc,reloc    ] GC(37) y: Large Pages:                    0            0            0           0M           0M           0M 
[2026-06-26T13:35:08.640-0300][36.576s][3992][8900 ][info][gc,reloc    ] GC(37) y: Forwarding Usage: 4M
[2026-06-26T13:35:08.640-0300][36.576s][3992][8900 ][info][gc,reloc    ] GC(37) y: Age Table:
[2026-06-26T13:35:08.640-0300][36.576s][3992][8900 ][info][gc,reloc    ] GC(37) y:                    Live             Garbage             Small              Medium             Large        
[2026-06-26T13:35:08.640-0300][36.576s][3992][8900 ][info][gc,reloc    ] GC(37) y: Eden               8M (0%)           91M (3%)          34 / 26             1 / 0              0 / 0        
[2026-06-26T13:35:08.640-0300][36.576s][3992][8900 ][info][gc,reloc    ] GC(37) y: Survivor 1        17M (1%)           36M (1%)          11 / 1              1 / 0              0 / 0        
[2026-06-26T13:35:08.640-0300][36.576s][3992][8900 ][info][gc,heap     ] GC(37) y: Min Capacity: 8M(0%)
[2026-06-26T13:35:08.640-0300][36.576s][3992][8900 ][info][gc,heap     ] GC(37) y: Max Capacity: 3072M(100%)
[2026-06-26T13:35:08.640-0300][36.576s][3992][8900 ][info][gc,heap     ] GC(37) y: Soft Max Capacity: 3072M(100%)
[2026-06-26T13:35:08.640-0300][36.576s][3992][8900 ][info][gc,heap     ] GC(37) y: Heap Statistics:
[2026-06-26T13:35:08.640-0300][36.576s][3992][8900 ][info][gc,heap     ] GC(37) y:                Mark Start          Mark End        Relocate Start      Relocate End           High               Low         
[2026-06-26T13:35:08.640-0300][36.576s][3992][8900 ][info][gc,heap     ] GC(37) y:  Capacity:     3072M (100%)       3072M (100%)       3072M (100%)       3072M (100%)       3072M (100%)       3072M (100%)   
[2026-06-26T13:35:08.640-0300][36.576s][3992][8900 ][info][gc,heap     ] GC(37) y:      Free:     1702M (55%)        1690M (55%)        1730M (56%)        1780M (58%)        1780M (58%)        1686M (55%)    
[2026-06-26T13:35:08.640-0300][36.576s][3992][8900 ][info][gc,heap     ] GC(37) y:      Used:     1370M (45%)        1382M (45%)        1342M (44%)        1292M (42%)        1386M (45%)        1292M (42%)    
[2026-06-26T13:35:08.640-0300][36.577s][3992][8900 ][info][gc,heap     ] GC(37) y: Young Generation Statistics:
[2026-06-26T13:35:08.640-0300][36.577s][3992][8900 ][info][gc,heap     ] GC(37) y:                Mark Start          Mark End        Relocate Start      Relocate End    
[2026-06-26T13:35:08.640-0300][36.577s][3992][8900 ][info][gc,heap     ] GC(37) y:      Used:      154M (5%)          170M (6%)          130M (4%)           80M (3%)     
[2026-06-26T13:35:08.640-0300][36.577s][3992][8900 ][info][gc,heap     ] GC(37) y:      Live:         -                26M (1%)           26M (1%)           26M (1%)     
[2026-06-26T13:35:08.640-0300][36.577s][3992][8900 ][info][gc,heap     ] GC(37) y:   Garbage:         -               127M (4%)           87M (3%)           31M (1%)     
[2026-06-26T13:35:08.640-0300][36.577s][3992][8900 ][info][gc,heap     ] GC(37) y: Allocated:         -                16M (1%)           16M (1%)           21M (1%)     
[2026-06-26T13:35:08.640-0300][36.577s][3992][8900 ][info][gc,heap     ] GC(37) y: Reclaimed:         -                  -                40M (1%)           95M (3%)     
[2026-06-26T13:35:08.640-0300][36.577s][3992][8900 ][info][gc,heap     ] GC(37) y:  Promoted:         -                  -                 0M (0%)            0M (0%)     
[2026-06-26T13:35:08.640-0300][36.577s][3992][8900 ][info][gc,heap     ] GC(37) y: Compacted:         -                  -                  -                 8M (0%)     
[2026-06-26T13:35:08.640-0300][36.577s][3992][8900 ][info][gc,phases   ] GC(37) y: Young Generation 1370M(45%)->1292M(42%) 0.065s
[2026-06-26T13:35:08.640-0300][36.577s][3992][8900 ][info][gc          ] GC(37) Minor Collection (Allocation Rate) 1370M(45%)->1292M(42%) 0.065s
[2026-06-26T13:35:08.640-0300][36.577s][3992][15924][info][gc,alloc    ] GC(28) O:                         Mark Start        Mark End      Relocate Start    Relocate End   
[2026-06-26T13:35:08.640-0300][36.577s][3992][15924][info][gc,alloc    ] GC(28) O: Allocation Stalls:          0                0                0                0         
[2026-06-26T13:35:08.640-0300][36.577s][3992][15924][info][gc,load     ] GC(28) O: Load: 0.00 (0%) / 0.00 (0%) / 0.00 (0%)
[2026-06-26T13:35:08.640-0300][36.577s][3992][15924][info][gc,mmu      ] GC(28) O: MMU: 2ms/97.3%, 5ms/98.9%, 10ms/99.5%, 20ms/99.7%, 50ms/99.8%, 100ms/99.9%
[2026-06-26T13:35:08.640-0300][36.577s][3992][15924][info][gc,marking  ] GC(28) O: Mark: 1 stripe(s), 2 proactive flush(es), 1 terminate flush(es), 0 completion(s), 0 continuation(s) 
[2026-06-26T13:35:08.640-0300][36.577s][3992][15924][info][gc,nmethod  ] GC(28) O: NMethods: 10882 registered, 292 unregistered
[2026-06-26T13:35:08.640-0300][36.577s][3992][15924][info][gc,metaspace] GC(28) O: Metaspace: 63M used, 65M committed, 1088M reserved
[2026-06-26T13:35:08.640-0300][36.577s][3992][15924][info][gc,ref      ] GC(28) O:                       Encountered   Discovered     Enqueued 
[2026-06-26T13:35:08.640-0300][36.577s][3992][15924][info][gc,ref      ] GC(28) O: Soft References:             5503            0            0 
[2026-06-26T13:35:08.640-0300][36.577s][3992][15924][info][gc,ref      ] GC(28) O: Weak References:             5196         3179            3 
[2026-06-26T13:35:08.640-0300][36.577s][3992][15924][info][gc,ref      ] GC(28) O: Final References:              16            0            0 
[2026-06-26T13:35:08.640-0300][36.577s][3992][15924][info][gc,ref      ] GC(28) O: Phantom References:         22675         6424            0 
[2026-06-26T13:35:08.641-0300][36.577s][3992][15924][info][gc,reloc    ] GC(28) O:                        Candidates     Selected     In-Place         Size        Empty    Relocated 
[2026-06-26T13:35:08.641-0300][36.577s][3992][15924][info][gc,reloc    ] GC(28) O: Small Pages:                  479           33            0         958M           2M          15M 
[2026-06-26T13:35:08.641-0300][36.577s][3992][15924][info][gc,reloc    ] GC(28) O: Medium Pages:                   7            3            0         224M          96M          23M 
[2026-06-26T13:35:08.641-0300][36.577s][3992][15924][info][gc,reloc    ] GC(28) O: Large Pages:                    1            0            0          12M           0M           0M 
[2026-06-26T13:35:08.641-0300][36.577s][3992][15924][info][gc,reloc    ] GC(28) O: Forwarding Usage: 30M
[2026-06-26T13:35:08.641-0300][36.577s][3992][15924][info][gc,heap     ] GC(28) O: Min Capacity: 8M(0%)
[2026-06-26T13:35:08.641-0300][36.577s][3992][15924][info][gc,heap     ] GC(28) O: Max Capacity: 3072M(100%)
[2026-06-26T13:35:08.641-0300][36.577s][3992][15924][info][gc,heap     ] GC(28) O: Soft Max Capacity: 3072M(100%)
[2026-06-26T13:35:08.641-0300][36.577s][3992][15924][info][gc,heap     ] GC(28) O: Heap Statistics:
[2026-06-26T13:35:08.641-0300][36.577s][3992][15924][info][gc,heap     ] GC(28) O:                Mark Start          Mark End        Relocate Start      Relocate End           High               Low         
[2026-06-26T13:35:08.641-0300][36.577s][3992][15924][info][gc,heap     ] GC(28) O:  Capacity:     3072M (100%)       3072M (100%)       3072M (100%)       3072M (100%)       3072M (100%)       3072M (100%)   
[2026-06-26T13:35:08.641-0300][36.577s][3992][15924][info][gc,heap     ] GC(28) O:      Free:     1724M (56%)        1472M (48%)        1564M (51%)        1690M (55%)        1724M (56%)        1372M (45%)    
[2026-06-26T13:35:08.641-0300][36.577s][3992][15924][info][gc,heap     ] GC(28) O:      Used:     1348M (44%)        1600M (52%)        1508M (49%)        1382M (45%)        1700M (55%)        1348M (44%)    
[2026-06-26T13:35:08.641-0300][36.577s][3992][15924][info][gc,heap     ] GC(28) O: Old Generation Statistics:
[2026-06-26T13:35:08.641-0300][36.577s][3992][15924][info][gc,heap     ] GC(28) O:                Mark Start          Mark End        Relocate Start      Relocate End    
[2026-06-26T13:35:08.641-0300][36.577s][3992][15924][info][gc,heap     ] GC(28) O:      Used:     1194M (39%)        1464M (48%)        1366M (44%)        1212M (39%)    
[2026-06-26T13:35:08.641-0300][36.577s][3992][15924][info][gc,heap     ] GC(28) O:      Live:         -               881M (29%)         881M (29%)         881M (29%)    
[2026-06-26T13:35:08.641-0300][36.577s][3992][15924][info][gc,heap     ] GC(28) O:   Garbage:         -               312M (10%)         214M (7%)           34M (1%)     
[2026-06-26T13:35:08.641-0300][36.577s][3992][15924][info][gc,heap     ] GC(28) O: Allocated:         -               270M (9%)          270M (9%)          296M (10%)    
[2026-06-26T13:35:08.641-0300][36.577s][3992][15924][info][gc,heap     ] GC(28) O: Reclaimed:         -                  -                98M (3%)          278M (9%)     
[2026-06-26T13:35:08.641-0300][36.577s][3992][15924][info][gc,heap     ] GC(28) O: Compacted:         -                  -                  -                97M (3%)     
[2026-06-26T13:35:08.641-0300][36.577s][3992][15924][info][gc,phases   ] GC(28) O: Old Generation 1352M(44%)->1382M(45%) 2.121s
[2026-06-26T13:35:08.641-0300][36.577s][3992][15924][info][gc          ] GC(28) Major Collection (Allocation Rate) 1348M(44%)->1292M(42%) 2.222s
[2026-06-26T13:35:09.107-0300][37.044s][3992][15924][info][gc          ] GC(38) Major Collection (Allocation Rate)
[2026-06-26T13:35:09.107-0300][37.044s][3992][15924][info][gc,task     ] GC(38) Using 3 Workers for Young Generation
[2026-06-26T13:35:09.107-0300][37.044s][3992][15924][info][gc,task     ] GC(38) Using 1 Workers for Old Generation
[2026-06-26T13:35:09.107-0300][37.044s][3992][15924][info][gc,phases   ] GC(38) Y: Young Generation
[2026-06-26T13:35:09.107-0300][37.044s][3992][11424][info][gc,phases   ] GC(38) Y: Pause Mark Start (Major) 0.010ms
[2026-06-26T13:35:09.146-0300][37.082s][3992][15924][info][gc,phases   ] GC(38) Y: Concurrent Mark 38.608ms
[2026-06-26T13:35:09.146-0300][37.082s][3992][11424][info][gc,phases   ] GC(38) Y: Pause Mark End 0.013ms
[2026-06-26T13:35:09.146-0300][37.083s][3992][15924][info][gc,phases   ] GC(38) Y: Concurrent Mark Free 0.004ms
[2026-06-26T13:35:09.146-0300][37.083s][3992][15924][info][gc,phases   ] GC(38) Y: Concurrent Reset Relocation Set 0.004ms
[2026-06-26T13:35:09.146-0300][37.083s][3992][15924][info][gc,reloc    ] GC(38) Y: Using tenuring threshold: 3 (Computed)
[2026-06-26T13:35:09.149-0300][37.085s][3992][15924][info][gc,phases   ] GC(38) Y: Concurrent Select Relocation Set 2.667ms
[2026-06-26T13:35:09.149-0300][37.085s][3992][11424][info][gc,phases   ] GC(38) Y: Pause Relocate Start 0.012ms
[2026-06-26T13:35:09.159-0300][37.096s][3992][15924][info][gc,phases   ] GC(38) Y: Concurrent Relocate 10.481ms
[2026-06-26T13:35:09.159-0300][37.096s][3992][15924][info][gc,alloc    ] GC(38) Y:                         Mark Start        Mark End      Relocate Start    Relocate End   
[2026-06-26T13:35:09.159-0300][37.096s][3992][15924][info][gc,alloc    ] GC(38) Y: Allocation Stalls:          0                0                0                0         
[2026-06-26T13:35:09.159-0300][37.096s][3992][15924][info][gc,load     ] GC(38) Y: Load: 0.00 (0%) / 0.00 (0%) / 0.00 (0%)
[2026-06-26T13:35:09.159-0300][37.096s][3992][15924][info][gc,mmu      ] GC(38) Y: MMU: 2ms/97.3%, 5ms/98.9%, 10ms/99.5%, 20ms/99.7%, 50ms/99.8%, 100ms/99.9%
[2026-06-26T13:35:09.159-0300][37.096s][3992][15924][info][gc,marking  ] GC(38) Y: Mark: 2 stripe(s), 2 proactive flush(es), 1 terminate flush(es), 0 completion(s), 0 continuation(s) 
[2026-06-26T13:35:09.159-0300][37.096s][3992][15924][info][gc,nmethod  ] GC(38) Y: NMethods: 10894 registered, 292 unregistered
[2026-06-26T13:35:09.159-0300][37.096s][3992][15924][info][gc,metaspace] GC(38) Y: Metaspace: 63M used, 65M committed, 1088M reserved
[2026-06-26T13:35:09.159-0300][37.096s][3992][15924][info][gc,reloc    ] GC(38) Y:                        Candidates     Selected     In-Place         Size        Empty    Relocated 
[2026-06-26T13:35:09.159-0300][37.096s][3992][15924][info][gc,reloc    ] GC(38) Y: Small Pages:                   62           41            0         124M           0M          12M 
[2026-06-26T13:35:09.159-0300][37.096s][3992][15924][info][gc,reloc    ] GC(38) Y: Medium Pages:                   1            0            0          32M           0M           0M 
[2026-06-26T13:35:09.159-0300][37.096s][3992][15924][info][gc,reloc    ] GC(38) Y: Large Pages:                    0            0            0           0M           0M           0M 
[2026-06-26T13:35:09.159-0300][37.096s][3992][15924][info][gc,reloc    ] GC(38) Y: Forwarding Usage: 10M
[2026-06-26T13:35:09.159-0300][37.096s][3992][15924][info][gc,reloc    ] GC(38) Y: Age Table:
[2026-06-26T13:35:09.159-0300][37.096s][3992][15924][info][gc,reloc    ] GC(38) Y:                    Live             Garbage             Small              Medium             Large        
[2026-06-26T13:35:09.159-0300][37.096s][3992][15924][info][gc,reloc    ] GC(38) Y: Eden              13M (0%)           78M (3%)          46 / 39             0 / 0              0 / 0        
[2026-06-26T13:35:09.159-0300][37.096s][3992][15924][info][gc,reloc    ] GC(38) Y: Survivor 1         8M (0%)           33M (1%)           5 / 1              1 / 0              0 / 0        
[2026-06-26T13:35:09.159-0300][37.096s][3992][15924][info][gc,reloc    ] GC(38) Y: Survivor 2        17M (1%)            4M (0%)          11 / 1              0 / 0              0 / 0        
[2026-06-26T13:35:09.159-0300][37.096s][3992][15924][info][gc,heap     ] GC(38) Y: Min Capacity: 8M(0%)
[2026-06-26T13:35:09.159-0300][37.096s][3992][15924][info][gc,heap     ] GC(38) Y: Max Capacity: 3072M(100%)
[2026-06-26T13:35:09.159-0300][37.096s][3992][15924][info][gc,heap     ] GC(38) Y: Soft Max Capacity: 3072M(100%)
[2026-06-26T13:35:09.159-0300][37.096s][3992][15924][info][gc,heap     ] GC(38) Y: Heap Statistics:
[2026-06-26T13:35:09.159-0300][37.096s][3992][15924][info][gc,heap     ] GC(38) Y:                Mark Start          Mark End        Relocate Start      Relocate End           High               Low         
[2026-06-26T13:35:09.159-0300][37.096s][3992][15924][info][gc,heap     ] GC(38) Y:  Capacity:     3072M (100%)       3072M (100%)       3072M (100%)       3072M (100%)       3072M (100%)       3072M (100%)   
[2026-06-26T13:35:09.159-0300][37.096s][3992][15924][info][gc,heap     ] GC(38) Y:      Free:     1704M (55%)        1688M (55%)        1688M (55%)        1758M (57%)        1758M (57%)        1680M (55%)    
[2026-06-26T13:35:09.159-0300][37.096s][3992][15924][info][gc,heap     ] GC(38) Y:      Used:     1368M (45%)        1384M (45%)        1384M (45%)        1314M (43%)        1392M (45%)        1314M (43%)    
[2026-06-26T13:35:09.159-0300][37.096s][3992][15924][info][gc,heap     ] GC(38) Y: Young Generation Statistics:
[2026-06-26T13:35:09.159-0300][37.096s][3992][15924][info][gc,heap     ] GC(38) Y:                Mark Start          Mark End        Relocate Start      Relocate End    
[2026-06-26T13:35:09.159-0300][37.096s][3992][15924][info][gc,heap     ] GC(38) Y:      Used:      156M (5%)          172M (6%)          172M (6%)          102M (3%)     
[2026-06-26T13:35:09.159-0300][37.096s][3992][15924][info][gc,heap     ] GC(38) Y:      Live:         -                39M (1%)           39M (1%)           39M (1%)     
[2026-06-26T13:35:09.159-0300][37.096s][3992][15924][info][gc,heap     ] GC(38) Y:   Garbage:         -               116M (4%)          116M (4%)           31M (1%)     
[2026-06-26T13:35:09.159-0300][37.096s][3992][15924][info][gc,heap     ] GC(38) Y: Allocated:         -                16M (1%)           16M (1%)           30M (1%)     
[2026-06-26T13:35:09.159-0300][37.096s][3992][15924][info][gc,heap     ] GC(38) Y: Reclaimed:         -                  -                 0M (0%)           84M (3%)     
[2026-06-26T13:35:09.159-0300][37.096s][3992][15924][info][gc,heap     ] GC(38) Y:  Promoted:         -                  -                 0M (0%)            0M (0%)     
[2026-06-26T13:35:09.159-0300][37.096s][3992][15924][info][gc,heap     ] GC(38) Y: Compacted:         -                  -                  -                17M (1%)     
[2026-06-26T13:35:09.159-0300][37.096s][3992][15924][info][gc,phases   ] GC(38) Y: Young Generation 1368M(45%)->1314M(43%) 0.052s
[2026-06-26T13:35:09.159-0300][37.096s][3992][15924][info][gc,phases   ] GC(38) O: Old Generation
[2026-06-26T13:35:09.453-0300][37.389s][3992][8900 ][info][gc          ] GC(39) Minor Collection (Allocation Rate)
[2026-06-26T13:35:09.453-0300][37.389s][3992][8900 ][info][gc,task     ] GC(39) Using 2 Workers for Young Generation
[2026-06-26T13:35:09.453-0300][37.389s][3992][8900 ][info][gc,phases   ] GC(39) y: Young Generation
[2026-06-26T13:35:09.453-0300][37.389s][3992][11424][info][gc,phases   ] GC(39) y: Pause Mark Start 0.013ms
[2026-06-26T13:35:09.523-0300][37.459s][3992][8900 ][info][gc,phases   ] GC(39) y: Concurrent Mark 69.727ms
[2026-06-26T13:35:09.523-0300][37.459s][3992][11424][info][gc,phases   ] GC(39) y: Pause Mark End 0.013ms
[2026-06-26T13:35:09.523-0300][37.459s][3992][8900 ][info][gc,phases   ] GC(39) y: Concurrent Mark Free 0.001ms
[2026-06-26T13:35:09.523-0300][37.459s][3992][8900 ][info][gc,phases   ] GC(39) y: Concurrent Reset Relocation Set 0.007ms
[2026-06-26T13:35:09.523-0300][37.459s][3992][8900 ][info][gc,reloc    ] GC(39) y: Using tenuring threshold: 3 (Computed)
[2026-06-26T13:35:09.531-0300][37.467s][3992][8900 ][info][gc,phases   ] GC(39) y: Concurrent Select Relocation Set 7.622ms
[2026-06-26T13:35:09.531-0300][37.467s][3992][11424][info][gc,phases   ] GC(39) y: Pause Relocate Start 0.011ms
[2026-06-26T13:35:09.553-0300][37.489s][3992][8900 ][info][gc,phases   ] GC(39) y: Concurrent Relocate 22.021ms
[2026-06-26T13:35:09.553-0300][37.489s][3992][8900 ][info][gc,alloc    ] GC(39) y:                         Mark Start        Mark End      Relocate Start    Relocate End   
[2026-06-26T13:35:09.553-0300][37.489s][3992][8900 ][info][gc,alloc    ] GC(39) y: Allocation Stalls:          0                0                0                0         
[2026-06-26T13:35:09.553-0300][37.489s][3992][8900 ][info][gc,load     ] GC(39) y: Load: 0.00 (0%) / 0.00 (0%) / 0.00 (0%)
[2026-06-26T13:35:09.553-0300][37.489s][3992][8900 ][info][gc,mmu      ] GC(39) y: MMU: 2ms/97.3%, 5ms/98.9%, 10ms/99.5%, 20ms/99.7%, 50ms/99.8%, 100ms/99.9%
[2026-06-26T13:35:09.553-0300][37.489s][3992][8900 ][info][gc,marking  ] GC(39) y: Mark: 2 stripe(s), 2 proactive flush(es), 1 terminate flush(es), 0 completion(s), 0 continuation(s) 
[2026-06-26T13:35:09.553-0300][37.489s][3992][8900 ][info][gc,nmethod  ] GC(39) y: NMethods: 10897 registered, 292 unregistered
[2026-06-26T13:35:09.553-0300][37.489s][3992][8900 ][info][gc,metaspace] GC(39) y: Metaspace: 63M used, 65M committed, 1088M reserved
[2026-06-26T13:35:09.553-0300][37.489s][3992][8900 ][info][gc,reloc    ] GC(39) y:                        Candidates     Selected     In-Place         Size        Empty    Relocated 
[2026-06-26T13:35:09.553-0300][37.489s][3992][8900 ][info][gc,reloc    ] GC(39) y: Small Pages:                   61           33            0         122M           4M          10M 
[2026-06-26T13:35:09.553-0300][37.489s][3992][8900 ][info][gc,reloc    ] GC(39) y: Medium Pages:                   1            0            0          32M           0M           0M 
[2026-06-26T13:35:09.553-0300][37.489s][3992][8900 ][info][gc,reloc    ] GC(39) y: Large Pages:                    0            0            0           0M           0M           0M 
[2026-06-26T13:35:09.553-0300][37.489s][3992][8900 ][info][gc,reloc    ] GC(39) y: Forwarding Usage: 8M
[2026-06-26T13:35:09.553-0300][37.489s][3992][8900 ][info][gc,reloc    ] GC(39) y: Age Table:
[2026-06-26T13:35:09.553-0300][37.489s][3992][8900 ][info][gc,reloc    ] GC(39) y:                    Live             Garbage             Small              Medium             Large        
[2026-06-26T13:35:09.553-0300][37.489s][3992][8900 ][info][gc,reloc    ] GC(39) y: Eden               9M (0%)           60M (2%)          35 / 27             0 / 0              0 / 0        
[2026-06-26T13:35:09.553-0300][37.489s][3992][8900 ][info][gc,reloc    ] GC(39) y: Survivor 1        13M (0%)            4M (0%)           9 / 2              0 / 0              0 / 0        
[2026-06-26T13:35:09.553-0300][37.489s][3992][8900 ][info][gc,reloc    ] GC(39) y: Survivor 2         8M (0%)           35M (1%)           6 / 3              1 / 0              0 / 0        
[2026-06-26T13:35:09.553-0300][37.490s][3992][8900 ][info][gc,reloc    ] GC(39) y: Survivor 3        17M (1%)            4M (0%)          11 / 1              0 / 0              0 / 0        
[2026-06-26T13:35:09.553-0300][37.490s][3992][8900 ][info][gc,heap     ] GC(39) y: Min Capacity: 8M(0%)
[2026-06-26T13:35:09.553-0300][37.490s][3992][8900 ][info][gc,heap     ] GC(39) y: Max Capacity: 3072M(100%)
[2026-06-26T13:35:09.553-0300][37.490s][3992][8900 ][info][gc,heap     ] GC(39) y: Soft Max Capacity: 3072M(100%)
[2026-06-26T13:35:09.553-0300][37.490s][3992][8900 ][info][gc,heap     ] GC(39) y: Heap Statistics:
[2026-06-26T13:35:09.553-0300][37.490s][3992][8900 ][info][gc,heap     ] GC(39) y:                Mark Start          Mark End        Relocate Start      Relocate End           High               Low         
[2026-06-26T13:35:09.553-0300][37.490s][3992][8900 ][info][gc,heap     ] GC(39) y:  Capacity:     3072M (100%)       3072M (100%)       3072M (100%)       3072M (100%)       3072M (100%)       3072M (100%)   
[2026-06-26T13:35:09.553-0300][37.490s][3992][8900 ][info][gc,heap     ] GC(39) y:      Free:     1706M (56%)        1682M (55%)        1686M (55%)        1742M (57%)        1742M (57%)        1682M (55%)    
[2026-06-26T13:35:09.553-0300][37.490s][3992][8900 ][info][gc,heap     ] GC(39) y:      Used:     1366M (44%)        1390M (45%)        1386M (45%)        1330M (43%)        1390M (45%)        1330M (43%)    
[2026-06-26T13:35:09.553-0300][37.490s][3992][8900 ][info][gc,heap     ] GC(39) y: Young Generation Statistics:
[2026-06-26T13:35:09.554-0300][37.490s][3992][8900 ][info][gc,heap     ] GC(39) y:                Mark Start          Mark End        Relocate Start      Relocate End    
[2026-06-26T13:35:09.554-0300][37.490s][3992][8900 ][info][gc,heap     ] GC(39) y:      Used:      154M (5%)          178M (6%)          156M (5%)           96M (3%)     
[2026-06-26T13:35:09.554-0300][37.490s][3992][8900 ][info][gc,heap     ] GC(39) y:      Live:         -                49M (2%)           32M (1%)           31M (1%)     
[2026-06-26T13:35:09.554-0300][37.490s][3992][8900 ][info][gc,heap     ] GC(39) y:   Garbage:         -               104M (3%)           99M (3%)           31M (1%)     
[2026-06-26T13:35:09.554-0300][37.490s][3992][8900 ][info][gc,heap     ] GC(39) y: Allocated:         -                24M (1%)           24M (1%)           32M (1%)     
[2026-06-26T13:35:09.554-0300][37.490s][3992][8900 ][info][gc,heap     ] GC(39) y: Reclaimed:         -                  -                 5M (0%)           73M (2%)     
[2026-06-26T13:35:09.554-0300][37.490s][3992][8900 ][info][gc,heap     ] GC(39) y:  Promoted:         -                  -                16M (1%)           17M (1%)     
[2026-06-26T13:35:09.554-0300][37.490s][3992][8900 ][info][gc,heap     ] GC(39) y: Compacted:         -                  -                  -                13M (0%)     
[2026-06-26T13:35:09.554-0300][37.490s][3992][8900 ][info][gc,phases   ] GC(39) y: Young Generation 1366M(44%)->1330M(43%) 0.100s
[2026-06-26T13:35:09.554-0300][37.490s][3992][8900 ][info][gc          ] GC(39) Minor Collection (Allocation Rate) 1366M(44%)->1330M(43%) 0.101s
[2026-06-26T13:35:09.879-0300][37.815s][3992][8900 ][info][gc          ] GC(40) Minor Collection (Allocation Rate)
[2026-06-26T13:35:09.879-0300][37.815s][3992][8900 ][info][gc,task     ] GC(40) Using 2 Workers for Young Generation
[2026-06-26T13:35:09.879-0300][37.815s][3992][8900 ][info][gc,phases   ] GC(40) y: Young Generation
[2026-06-26T13:35:09.879-0300][37.815s][3992][11424][info][gc,phases   ] GC(40) y: Pause Mark Start 0.011ms
[2026-06-26T13:35:09.942-0300][37.878s][3992][8900 ][info][gc,phases   ] GC(40) y: Concurrent Mark 63.373ms
[2026-06-26T13:35:09.942-0300][37.878s][3992][11424][info][gc,phases   ] GC(40) y: Pause Mark End 0.012ms
[2026-06-26T13:35:09.942-0300][37.878s][3992][8900 ][info][gc,phases   ] GC(40) y: Concurrent Mark Free 0.005ms
[2026-06-26T13:35:09.942-0300][37.879s][3992][8900 ][info][gc,phases   ] GC(40) y: Concurrent Reset Relocation Set 0.034ms
[2026-06-26T13:35:09.942-0300][37.879s][3992][8900 ][info][gc,reloc    ] GC(40) y: Using tenuring threshold: 4 (Computed)
[2026-06-26T13:35:09.945-0300][37.882s][3992][8900 ][info][gc,phases   ] GC(40) y: Concurrent Select Relocation Set 3.015ms
[2026-06-26T13:35:09.946-0300][37.882s][3992][11424][info][gc,phases   ] GC(40) y: Pause Relocate Start 0.008ms
[2026-06-26T13:35:09.958-0300][37.895s][3992][8900 ][info][gc,phases   ] GC(40) y: Concurrent Relocate 12.964ms
[2026-06-26T13:35:09.959-0300][37.895s][3992][8900 ][info][gc,alloc    ] GC(40) y:                         Mark Start        Mark End      Relocate Start    Relocate End   
[2026-06-26T13:35:09.959-0300][37.895s][3992][8900 ][info][gc,alloc    ] GC(40) y: Allocation Stalls:          0                0                0                0         
[2026-06-26T13:35:09.959-0300][37.895s][3992][8900 ][info][gc,load     ] GC(40) y: Load: 0.00 (0%) / 0.00 (0%) / 0.00 (0%)
[2026-06-26T13:35:09.959-0300][37.895s][3992][8900 ][info][gc,mmu      ] GC(40) y: MMU: 2ms/97.3%, 5ms/98.9%, 10ms/99.5%, 20ms/99.7%, 50ms/99.8%, 100ms/99.9%
[2026-06-26T13:35:09.959-0300][37.895s][3992][8900 ][info][gc,marking  ] GC(40) y: Mark: 2 stripe(s), 2 proactive flush(es), 1 terminate flush(es), 0 completion(s), 0 continuation(s) 
[2026-06-26T13:35:09.959-0300][37.895s][3992][8900 ][info][gc,nmethod  ] GC(40) y: NMethods: 10902 registered, 292 unregistered
[2026-06-26T13:35:09.959-0300][37.895s][3992][8900 ][info][gc,metaspace] GC(40) y: Metaspace: 63M used, 65M committed, 1088M reserved
[2026-06-26T13:35:09.959-0300][37.895s][3992][8900 ][info][gc,reloc    ] GC(40) y:                        Candidates     Selected     In-Place         Size        Empty    Relocated 
[2026-06-26T13:35:09.959-0300][37.895s][3992][8900 ][info][gc,reloc    ] GC(40) y: Small Pages:                   61           35            0         122M           4M          11M 
[2026-06-26T13:35:09.959-0300][37.895s][3992][8900 ][info][gc,reloc    ] GC(40) y: Medium Pages:                   1            0            0          32M           0M           0M 
[2026-06-26T13:35:09.959-0300][37.895s][3992][8900 ][info][gc,reloc    ] GC(40) y: Large Pages:                    0            0            0           0M           0M           0M 
[2026-06-26T13:35:09.959-0300][37.895s][3992][8900 ][info][gc,reloc    ] GC(40) y: Forwarding Usage: 9M
[2026-06-26T13:35:09.959-0300][37.895s][3992][8900 ][info][gc,reloc    ] GC(40) y: Age Table:
[2026-06-26T13:35:09.959-0300][37.895s][3992][8900 ][info][gc,reloc    ] GC(40) y:                    Live             Garbage             Small              Medium             Large        
[2026-06-26T13:35:09.959-0300][37.895s][3992][8900 ][info][gc,reloc    ] GC(40) y: Eden              13M (0%)           70M (2%)          42 / 33             0 / 0              0 / 0        
[2026-06-26T13:35:09.959-0300][37.895s][3992][8900 ][info][gc,reloc    ] GC(40) y: Survivor 1         9M (0%)            2M (0%)           6 / 0              0 / 0              0 / 0        
[2026-06-26T13:35:09.959-0300][37.895s][3992][8900 ][info][gc,reloc    ] GC(40) y: Survivor 2        13M (0%)            2M (0%)           8 / 1              0 / 0              0 / 0        
[2026-06-26T13:35:09.959-0300][37.895s][3992][8900 ][info][gc,reloc    ] GC(40) y: Survivor 3         8M (0%)           33M (1%)           5 / 1              1 / 0              0 / 0        
[2026-06-26T13:35:09.959-0300][37.895s][3992][8900 ][info][gc,heap     ] GC(40) y: Min Capacity: 8M(0%)
[2026-06-26T13:35:09.959-0300][37.895s][3992][8900 ][info][gc,heap     ] GC(40) y: Max Capacity: 3072M(100%)
[2026-06-26T13:35:09.959-0300][37.895s][3992][8900 ][info][gc,heap     ] GC(40) y: Soft Max Capacity: 3072M(100%)
[2026-06-26T13:35:09.959-0300][37.895s][3992][8900 ][info][gc,heap     ] GC(40) y: Heap Statistics:
[2026-06-26T13:35:09.959-0300][37.895s][3992][8900 ][info][gc,heap     ] GC(40) y:                Mark Start          Mark End        Relocate Start      Relocate End           High               Low         
[2026-06-26T13:35:09.959-0300][37.895s][3992][8900 ][info][gc,heap     ] GC(40) y:  Capacity:     3072M (100%)       3072M (100%)       3072M (100%)       3072M (100%)       3072M (100%)       3072M (100%)   
[2026-06-26T13:35:09.959-0300][37.895s][3992][8900 ][info][gc,heap     ] GC(40) y:      Free:     1684M (55%)        1660M (54%)        1664M (54%)        1728M (56%)        1728M (56%)        1660M (54%)    
[2026-06-26T13:35:09.959-0300][37.895s][3992][8900 ][info][gc,heap     ] GC(40) y:      Used:     1388M (45%)        1412M (46%)        1408M (46%)        1344M (44%)        1412M (46%)        1344M (44%)    
[2026-06-26T13:35:09.959-0300][37.895s][3992][8900 ][info][gc,heap     ] GC(40) y: Young Generation Statistics:
[2026-06-26T13:35:09.959-0300][37.895s][3992][8900 ][info][gc,heap     ] GC(40) y:                Mark Start          Mark End        Relocate Start      Relocate End    
[2026-06-26T13:35:09.959-0300][37.895s][3992][8900 ][info][gc,heap     ] GC(40) y:      Used:      154M (5%)          178M (6%)          174M (6%)          110M (4%)     
[2026-06-26T13:35:09.959-0300][37.895s][3992][8900 ][info][gc,heap     ] GC(40) y:      Live:         -                44M (1%)           44M (1%)           44M (1%)     
[2026-06-26T13:35:09.959-0300][37.895s][3992][8900 ][info][gc,heap     ] GC(40) y:   Garbage:         -               109M (4%)          105M (3%)           33M (1%)     
[2026-06-26T13:35:09.959-0300][37.895s][3992][8900 ][info][gc,heap     ] GC(40) y: Allocated:         -                24M (1%)           24M (1%)           32M (1%)     
[2026-06-26T13:35:09.959-0300][37.895s][3992][8900 ][info][gc,heap     ] GC(40) y: Reclaimed:         -                  -                 4M (0%)           76M (2%)     
[2026-06-26T13:35:09.959-0300][37.895s][3992][8900 ][info][gc,heap     ] GC(40) y:  Promoted:         -                  -                 0M (0%)            0M (0%)     
[2026-06-26T13:35:09.959-0300][37.895s][3992][8900 ][info][gc,heap     ] GC(40) y: Compacted:         -                  -                  -                15M (1%)     
[2026-06-26T13:35:09.959-0300][37.895s][3992][8900 ][info][gc,phases   ] GC(40) y: Young Generation 1388M(45%)->1344M(44%) 0.080s
[2026-06-26T13:35:09.959-0300][37.895s][3992][8900 ][info][gc          ] GC(40) Minor Collection (Allocation Rate) 1388M(45%)->1344M(44%) 0.081s
[2026-06-26T13:35:10.229-0300][38.165s][3992][8900 ][info][gc          ] GC(41) Minor Collection (Allocation Rate)
[2026-06-26T13:35:10.229-0300][38.165s][3992][8900 ][info][gc,task     ] GC(41) Using 2 Workers for Young Generation
[2026-06-26T13:35:10.229-0300][38.165s][3992][8900 ][info][gc,phases   ] GC(41) y: Young Generation
[2026-06-26T13:35:10.229-0300][38.165s][3992][11424][info][gc,phases   ] GC(41) y: Pause Mark Start 0.013ms
[2026-06-26T13:35:10.302-0300][38.238s][3992][8900 ][info][gc,phases   ] GC(41) y: Concurrent Mark 73.131ms
[2026-06-26T13:35:10.302-0300][38.238s][3992][11424][info][gc,phases   ] GC(41) y: Pause Mark End 0.012ms
[2026-06-26T13:35:10.302-0300][38.238s][3992][8900 ][info][gc,phases   ] GC(41) y: Concurrent Mark Free 0.005ms
[2026-06-26T13:35:10.302-0300][38.238s][3992][8900 ][info][gc,phases   ] GC(41) y: Concurrent Reset Relocation Set 0.006ms
[2026-06-26T13:35:10.302-0300][38.239s][3992][8900 ][info][gc,reloc    ] GC(41) y: Using tenuring threshold: 3 (Computed)
[2026-06-26T13:35:10.311-0300][38.247s][3992][8900 ][info][gc,phases   ] GC(41) y: Concurrent Select Relocation Set 8.773ms
[2026-06-26T13:35:10.311-0300][38.247s][3992][11424][info][gc,phases   ] GC(41) y: Pause Relocate Start 0.011ms
[2026-06-26T13:35:10.336-0300][38.272s][3992][8900 ][info][gc,phases   ] GC(41) y: Concurrent Relocate 24.969ms
[2026-06-26T13:35:10.336-0300][38.273s][3992][8900 ][info][gc,alloc    ] GC(41) y:                         Mark Start        Mark End      Relocate Start    Relocate End   
[2026-06-26T13:35:10.336-0300][38.273s][3992][8900 ][info][gc,alloc    ] GC(41) y: Allocation Stalls:          0                0                0                0         
[2026-06-26T13:35:10.336-0300][38.273s][3992][8900 ][info][gc,load     ] GC(41) y: Load: 0.00 (0%) / 0.00 (0%) / 0.00 (0%)
[2026-06-26T13:35:10.336-0300][38.273s][3992][8900 ][info][gc,mmu      ] GC(41) y: MMU: 2ms/97.3%, 5ms/98.9%, 10ms/99.5%, 20ms/99.7%, 50ms/99.8%, 100ms/99.9%
[2026-06-26T13:35:10.336-0300][38.273s][3992][8900 ][info][gc,marking  ] GC(41) y: Mark: 2 stripe(s), 2 proactive flush(es), 1 terminate flush(es), 0 completion(s), 0 continuation(s) 
[2026-06-26T13:35:10.336-0300][38.273s][3992][8900 ][info][gc,nmethod  ] GC(41) y: NMethods: 10953 registered, 292 unregistered
[2026-06-26T13:35:10.336-0300][38.273s][3992][8900 ][info][gc,metaspace] GC(41) y: Metaspace: 64M used, 65M committed, 1088M reserved
[2026-06-26T13:35:10.336-0300][38.273s][3992][8900 ][info][gc,reloc    ] GC(41) y:                        Candidates     Selected     In-Place         Size        Empty    Relocated 
[2026-06-26T13:35:10.336-0300][38.273s][3992][8900 ][info][gc,reloc    ] GC(41) y: Small Pages:                   61           30            0         122M           2M          12M 
[2026-06-26T13:35:10.336-0300][38.273s][3992][8900 ][info][gc,reloc    ] GC(41) y: Medium Pages:                   1            0            0          32M           0M           0M 
[2026-06-26T13:35:10.336-0300][38.273s][3992][8900 ][info][gc,reloc    ] GC(41) y: Large Pages:                    0            0            0           0M           0M           0M 
[2026-06-26T13:35:10.336-0300][38.273s][3992][8900 ][info][gc,reloc    ] GC(41) y: Forwarding Usage: 10M
[2026-06-26T13:35:10.337-0300][38.273s][3992][8900 ][info][gc,reloc    ] GC(41) y: Age Table:
[2026-06-26T13:35:10.337-0300][38.273s][3992][8900 ][info][gc,reloc    ] GC(41) y:                    Live             Garbage             Small              Medium             Large        
[2026-06-26T13:35:10.337-0300][38.273s][3992][8900 ][info][gc,reloc    ] GC(41) y: Eden              12M (0%)           55M (2%)          34 / 25             0 / 0              0 / 0        
[2026-06-26T13:35:10.337-0300][38.273s][3992][8900 ][info][gc,reloc    ] GC(41) y: Survivor 1        12M (0%)            3M (0%)           8 / 2              0 / 0              0 / 0        
[2026-06-26T13:35:10.337-0300][38.273s][3992][8900 ][info][gc,reloc    ] GC(41) y: Survivor 2         9M (0%)            2M (0%)           6 / 1              0 / 0              0 / 0        
[2026-06-26T13:35:10.337-0300][38.273s][3992][8900 ][info][gc,reloc    ] GC(41) y: Survivor 3        13M (0%)            2M (0%)           8 / 1              0 / 0              0 / 0        
[2026-06-26T13:35:10.337-0300][38.273s][3992][8900 ][info][gc,reloc    ] GC(41) y: Survivor 4         7M (0%)           34M (1%)           5 / 1              1 / 0              0 / 0        
[2026-06-26T13:35:10.337-0300][38.273s][3992][8900 ][info][gc,heap     ] GC(41) y: Min Capacity: 8M(0%)
[2026-06-26T13:35:10.337-0300][38.273s][3992][8900 ][info][gc,heap     ] GC(41) y: Max Capacity: 3072M(100%)
[2026-06-26T13:35:10.337-0300][38.273s][3992][8900 ][info][gc,heap     ] GC(41) y: Soft Max Capacity: 3072M(100%)
[2026-06-26T13:35:10.337-0300][38.273s][3992][8900 ][info][gc,heap     ] GC(41) y: Heap Statistics:
[2026-06-26T13:35:10.337-0300][38.273s][3992][8900 ][info][gc,heap     ] GC(41) y:                Mark Start          Mark End        Relocate Start      Relocate End           High               Low         
[2026-06-26T13:35:10.337-0300][38.273s][3992][8900 ][info][gc,heap     ] GC(41) y:  Capacity:     3072M (100%)       3072M (100%)       3072M (100%)       3072M (100%)       3072M (100%)       3072M (100%)   
[2026-06-26T13:35:10.337-0300][38.273s][3992][8900 ][info][gc,heap     ] GC(41) y:      Free:     1684M (55%)        1660M (54%)        1662M (54%)        1714M (56%)        1714M (56%)        1656M (54%)    
[2026-06-26T13:35:10.337-0300][38.273s][3992][8900 ][info][gc,heap     ] GC(41) y:      Used:     1388M (45%)        1412M (46%)        1410M (46%)        1358M (44%)        1416M (46%)        1358M (44%)    
[2026-06-26T13:35:10.337-0300][38.273s][3992][8900 ][info][gc,heap     ] GC(41) y: Young Generation Statistics:
[2026-06-26T13:35:10.337-0300][38.273s][3992][8900 ][info][gc,heap     ] GC(41) y:                Mark Start          Mark End        Relocate Start      Relocate End    
[2026-06-26T13:35:10.337-0300][38.273s][3992][8900 ][info][gc,heap     ] GC(41) y:      Used:      154M (5%)          178M (6%)          124M (4%)           68M (2%)     
[2026-06-26T13:35:10.337-0300][38.273s][3992][8900 ][info][gc,heap     ] GC(41) y:      Live:         -                56M (2%)           36M (1%)           35M (1%)     
[2026-06-26T13:35:10.337-0300][38.273s][3992][8900 ][info][gc,heap     ] GC(41) y:   Garbage:         -                97M (3%)           63M (2%)            0M (0%)     
[2026-06-26T13:35:10.337-0300][38.273s][3992][8900 ][info][gc,heap     ] GC(41) y: Allocated:         -                24M (1%)           24M (1%)           32M (1%)     
[2026-06-26T13:35:10.337-0300][38.273s][3992][8900 ][info][gc,heap     ] GC(41) y: Reclaimed:         -                  -                34M (1%)           97M (3%)     
[2026-06-26T13:35:10.337-0300][38.273s][3992][8900 ][info][gc,heap     ] GC(41) y:  Promoted:         -                  -                19M (1%)           21M (1%)     
[2026-06-26T13:35:10.337-0300][38.273s][3992][8900 ][info][gc,heap     ] GC(41) y: Compacted:         -                  -                  -                15M (1%)     
[2026-06-26T13:35:10.337-0300][38.273s][3992][8900 ][info][gc,phases   ] GC(41) y: Young Generation 1388M(45%)->1358M(44%) 0.108s
[2026-06-26T13:35:10.337-0300][38.273s][3992][8900 ][info][gc          ] GC(41) Minor Collection (Allocation Rate) 1388M(45%)->1358M(44%) 0.108s
[2026-06-26T13:35:10.728-0300][38.664s][3992][8900 ][info][gc          ] GC(42) Minor Collection (Allocation Rate)
[2026-06-26T13:35:10.728-0300][38.664s][3992][8900 ][info][gc,task     ] GC(42) Using 2 Workers for Young Generation
[2026-06-26T13:35:10.728-0300][38.664s][3992][8900 ][info][gc,phases   ] GC(42) y: Young Generation
[2026-06-26T13:35:10.728-0300][38.664s][3992][11424][info][gc,phases   ] GC(42) y: Pause Mark Start 0.010ms
[2026-06-26T13:35:10.862-0300][38.798s][3992][8900 ][info][gc,phases   ] GC(42) y: Concurrent Mark 134.173ms
[2026-06-26T13:35:10.862-0300][38.798s][3992][11424][info][gc,phases   ] GC(42) y: Pause Mark End 0.013ms
[2026-06-26T13:35:10.862-0300][38.798s][3992][8900 ][info][gc,phases   ] GC(42) y: Concurrent Mark Free 0.005ms
[2026-06-26T13:35:10.862-0300][38.798s][3992][8900 ][info][gc,phases   ] GC(42) y: Concurrent Reset Relocation Set 0.024ms
[2026-06-26T13:35:10.862-0300][38.799s][3992][8900 ][info][gc,reloc    ] GC(42) y: Using tenuring threshold: 2 (Computed)
[2026-06-26T13:35:10.874-0300][38.810s][3992][8900 ][info][gc,phases   ] GC(42) y: Concurrent Select Relocation Set 11.587ms
[2026-06-26T13:35:10.874-0300][38.810s][3992][11424][info][gc,phases   ] GC(42) y: Pause Relocate Start 0.010ms
[2026-06-26T13:35:10.910-0300][38.846s][3992][8900 ][info][gc,phases   ] GC(42) y: Concurrent Relocate 36.127ms
[2026-06-26T13:35:10.910-0300][38.846s][3992][8900 ][info][gc,alloc    ] GC(42) y:                         Mark Start        Mark End      Relocate Start    Relocate End   
[2026-06-26T13:35:10.910-0300][38.846s][3992][8900 ][info][gc,alloc    ] GC(42) y: Allocation Stalls:          0                0                0                0         
[2026-06-26T13:35:10.910-0300][38.847s][3992][8900 ][info][gc,load     ] GC(42) y: Load: 0.00 (0%) / 0.00 (0%) / 0.00 (0%)
[2026-06-26T13:35:10.910-0300][38.847s][3992][8900 ][info][gc,mmu      ] GC(42) y: MMU: 2ms/97.3%, 5ms/98.9%, 10ms/99.5%, 20ms/99.7%, 50ms/99.8%, 100ms/99.9%
[2026-06-26T13:35:10.910-0300][38.847s][3992][8900 ][info][gc,marking  ] GC(42) y: Mark: 2 stripe(s), 2 proactive flush(es), 1 terminate flush(es), 0 completion(s), 0 continuation(s) 
[2026-06-26T13:35:10.910-0300][38.847s][3992][8900 ][info][gc,nmethod  ] GC(42) y: NMethods: 11012 registered, 292 unregistered
[2026-06-26T13:35:10.910-0300][38.847s][3992][8900 ][info][gc,metaspace] GC(42) y: Metaspace: 64M used, 65M committed, 1088M reserved
[2026-06-26T13:35:10.910-0300][38.847s][3992][8900 ][info][gc,reloc    ] GC(42) y:                        Candidates     Selected     In-Place         Size        Empty    Relocated 
[2026-06-26T13:35:10.910-0300][38.847s][3992][8900 ][info][gc,reloc    ] GC(42) y: Small Pages:                   79           37            0         158M           0M          18M 
[2026-06-26T13:35:10.910-0300][38.847s][3992][8900 ][info][gc,reloc    ] GC(42) y: Medium Pages:                   0            0            0           0M           0M           0M 
[2026-06-26T13:35:10.910-0300][38.847s][3992][8900 ][info][gc,reloc    ] GC(42) y: Large Pages:                    0            0            0           0M           0M           0M 
[2026-06-26T13:35:10.910-0300][38.847s][3992][8900 ][info][gc,reloc    ] GC(42) y: Forwarding Usage: 16M
[2026-06-26T13:35:10.910-0300][38.847s][3992][8900 ][info][gc,reloc    ] GC(42) y: Age Table:
[2026-06-26T13:35:10.910-0300][38.847s][3992][8900 ][info][gc,reloc    ] GC(42) y:                    Live             Garbage             Small              Medium             Large        
[2026-06-26T13:35:10.910-0300][38.847s][3992][8900 ][info][gc,reloc    ] GC(42) y: Eden              40M (1%)           75M (2%)          58 / 35             0 / 0              0 / 0        
[2026-06-26T13:35:10.910-0300][38.847s][3992][8900 ][info][gc,reloc    ] GC(42) y: Survivor 1        11M (0%)            4M (0%)           8 / 1              0 / 0              0 / 0        
[2026-06-26T13:35:10.910-0300][38.847s][3992][8900 ][info][gc,reloc    ] GC(42) y: Survivor 2        12M (0%)            1M (0%)           7 / 1              0 / 0              0 / 0        
[2026-06-26T13:35:10.910-0300][38.847s][3992][8900 ][info][gc,reloc    ] GC(42) y: Survivor 3         9M (0%)            2M (0%)           6 / 0              0 / 0              0 / 0        
[2026-06-26T13:35:10.910-0300][38.847s][3992][8900 ][info][gc,heap     ] GC(42) y: Min Capacity: 8M(0%)
[2026-06-26T13:35:10.911-0300][38.847s][3992][8900 ][info][gc,heap     ] GC(42) y: Max Capacity: 3072M(100%)
[2026-06-26T13:35:10.911-0300][38.847s][3992][8900 ][info][gc,heap     ] GC(42) y: Soft Max Capacity: 3072M(100%)
[2026-06-26T13:35:10.911-0300][38.847s][3992][8900 ][info][gc,heap     ] GC(42) y: Heap Statistics:
[2026-06-26T13:35:10.911-0300][38.847s][3992][8900 ][info][gc,heap     ] GC(42) y:                Mark Start          Mark End        Relocate Start      Relocate End           High               Low         
[2026-06-26T13:35:10.911-0300][38.847s][3992][8900 ][info][gc,heap     ] GC(42) y:  Capacity:     3072M (100%)       3072M (100%)       3072M (100%)       3072M (100%)       3072M (100%)       3072M (100%)   
[2026-06-26T13:35:10.911-0300][38.847s][3992][8900 ][info][gc,heap     ] GC(42) y:      Free:     1624M (53%)        1566M (51%)        1560M (51%)        1620M (53%)        1624M (53%)        1556M (51%)    
[2026-06-26T13:35:10.911-0300][38.847s][3992][8900 ][info][gc,heap     ] GC(42) y:      Used:     1448M (47%)        1506M (49%)        1512M (49%)        1452M (47%)        1516M (49%)        1448M (47%)    
[2026-06-26T13:35:10.911-0300][38.847s][3992][8900 ][info][gc,heap     ] GC(42) y: Young Generation Statistics:
[2026-06-26T13:35:10.911-0300][38.847s][3992][8900 ][info][gc,heap     ] GC(42) y:                Mark Start          Mark End        Relocate Start      Relocate End    
[2026-06-26T13:35:10.911-0300][38.847s][3992][8900 ][info][gc,heap     ] GC(42) y:      Used:      158M (5%)          216M (7%)          200M (7%)          138M (4%)     
[2026-06-26T13:35:10.911-0300][38.847s][3992][8900 ][info][gc,heap     ] GC(42) y:      Live:         -                75M (2%)           54M (2%)           52M (2%)     
[2026-06-26T13:35:10.911-0300][38.847s][3992][8900 ][info][gc,heap     ] GC(42) y:   Garbage:         -                82M (3%)           81M (3%)            3M (0%)     
[2026-06-26T13:35:10.911-0300][38.847s][3992][8900 ][info][gc,heap     ] GC(42) y: Allocated:         -                58M (2%)           64M (2%)           82M (3%)     
[2026-06-26T13:35:10.911-0300][38.847s][3992][8900 ][info][gc,heap     ] GC(42) y: Reclaimed:         -                  -                 1M (0%)           79M (3%)     
[2026-06-26T13:35:10.911-0300][38.847s][3992][8900 ][info][gc,heap     ] GC(42) y:  Promoted:         -                  -                20M (1%)           22M (1%)     
[2026-06-26T13:35:10.911-0300][38.847s][3992][8900 ][info][gc,heap     ] GC(42) y: Compacted:         -                  -                  -                25M (1%)     
[2026-06-26T13:35:10.911-0300][38.847s][3992][8900 ][info][gc,phases   ] GC(42) y: Young Generation 1448M(47%)->1452M(47%) 0.183s
[2026-06-26T13:35:10.911-0300][38.847s][3992][8900 ][info][gc          ] GC(42) Minor Collection (Allocation Rate) 1448M(47%)->1452M(47%) 0.183s
[2026-06-26T13:35:10.941-0300][38.877s][3992][8900 ][info][gc          ] GC(43) Minor Collection (Allocation Rate)
[2026-06-26T13:35:10.941-0300][38.877s][3992][8900 ][info][gc,task     ] GC(43) Using 2 Workers for Young Generation
[2026-06-26T13:35:10.941-0300][38.877s][3992][8900 ][info][gc,phases   ] GC(43) y: Young Generation
[2026-06-26T13:35:10.941-0300][38.877s][3992][11424][info][gc,phases   ] GC(43) y: Pause Mark Start 0.009ms
[2026-06-26T13:35:11.087-0300][39.024s][3992][8900 ][info][gc,phases   ] GC(43) y: Concurrent Mark 146.603ms
[2026-06-26T13:35:11.088-0300][39.024s][3992][11424][info][gc,phases   ] GC(43) y: Pause Mark End 0.014ms
[2026-06-26T13:35:11.088-0300][39.024s][3992][8900 ][info][gc,phases   ] GC(43) y: Concurrent Mark Free 0.005ms
[2026-06-26T13:35:11.088-0300][39.024s][3992][8900 ][info][gc,phases   ] GC(43) y: Concurrent Reset Relocation Set 0.025ms
[2026-06-26T13:35:11.088-0300][39.024s][3992][8900 ][info][gc,reloc    ] GC(43) y: Using tenuring threshold: 3 (Computed)
[2026-06-26T13:35:11.089-0300][39.026s][3992][8900 ][info][gc,phases   ] GC(43) y: Concurrent Select Relocation Set 1.446ms
[2026-06-26T13:35:11.089-0300][39.026s][3992][11424][info][gc,phases   ] GC(43) y: Pause Relocate Start 0.018ms
[2026-06-26T13:35:11.098-0300][39.035s][3992][8900 ][info][gc,phases   ] GC(43) y: Concurrent Relocate 9.316ms
[2026-06-26T13:35:11.098-0300][39.035s][3992][8900 ][info][gc,alloc    ] GC(43) y:                         Mark Start        Mark End      Relocate Start    Relocate End   
[2026-06-26T13:35:11.098-0300][39.035s][3992][8900 ][info][gc,alloc    ] GC(43) y: Allocation Stalls:          0                0                0                0         
[2026-06-26T13:35:11.098-0300][39.035s][3992][8900 ][info][gc,load     ] GC(43) y: Load: 0.00 (0%) / 0.00 (0%) / 0.00 (0%)
[2026-06-26T13:35:11.098-0300][39.035s][3992][8900 ][info][gc,mmu      ] GC(43) y: MMU: 2ms/97.3%, 5ms/98.9%, 10ms/99.5%, 20ms/99.7%, 50ms/99.8%, 100ms/99.9%
[2026-06-26T13:35:11.098-0300][39.035s][3992][8900 ][info][gc,marking  ] GC(43) y: Mark: 2 stripe(s), 2 proactive flush(es), 1 terminate flush(es), 0 completion(s), 0 continuation(s) 
[2026-06-26T13:35:11.098-0300][39.035s][3992][8900 ][info][gc,nmethod  ] GC(43) y: NMethods: 11034 registered, 292 unregistered
[2026-06-26T13:35:11.098-0300][39.035s][3992][8900 ][info][gc,metaspace] GC(43) y: Metaspace: 64M used, 65M committed, 1088M reserved
[2026-06-26T13:35:11.098-0300][39.035s][3992][8900 ][info][gc,reloc    ] GC(43) y:                        Candidates     Selected     In-Place         Size        Empty    Relocated 
[2026-06-26T13:35:11.098-0300][39.035s][3992][8900 ][info][gc,reloc    ] GC(43) y: Small Pages:                   79           17            0         158M           2M           7M 
[2026-06-26T13:35:11.098-0300][39.035s][3992][8900 ][info][gc,reloc    ] GC(43) y: Medium Pages:                   0            0            0           0M           0M           0M 
[2026-06-26T13:35:11.098-0300][39.035s][3992][8900 ][info][gc,reloc    ] GC(43) y: Large Pages:                    0            0            0           0M           0M           0M 
[2026-06-26T13:35:11.098-0300][39.035s][3992][8900 ][info][gc,reloc    ] GC(43) y: Forwarding Usage: 5M
[2026-06-26T13:35:11.098-0300][39.035s][3992][8900 ][info][gc,reloc    ] GC(43) y: Age Table:
[2026-06-26T13:35:11.098-0300][39.035s][3992][8900 ][info][gc,reloc    ] GC(43) y:                    Live             Garbage             Small              Medium             Large        
[2026-06-26T13:35:11.098-0300][39.035s][3992][8900 ][info][gc,reloc    ] GC(43) y: Eden              61M (2%)           38M (1%)          50 / 16             0 / 0              0 / 0        
[2026-06-26T13:35:11.098-0300][39.035s][3992][8900 ][info][gc,reloc    ] GC(43) y: Survivor 1        40M (1%)            3M (0%)          22 / 0              0 / 0              0 / 0        
[2026-06-26T13:35:11.098-0300][39.035s][3992][8900 ][info][gc,reloc    ] GC(43) y: Survivor 2        11M (0%)            2M (0%)           7 / 1              0 / 0              0 / 0        
[2026-06-26T13:35:11.098-0300][39.035s][3992][8900 ][info][gc,heap     ] GC(43) y: Min Capacity: 8M(0%)
[2026-06-26T13:35:11.098-0300][39.035s][3992][8900 ][info][gc,heap     ] GC(43) y: Max Capacity: 3072M(100%)
[2026-06-26T13:35:11.098-0300][39.035s][3992][8900 ][info][gc,heap     ] GC(43) y: Soft Max Capacity: 3072M(100%)
[2026-06-26T13:35:11.098-0300][39.035s][3992][8900 ][info][gc,heap     ] GC(43) y: Heap Statistics:
[2026-06-26T13:35:11.098-0300][39.035s][3992][8900 ][info][gc,heap     ] GC(43) y:                Mark Start          Mark End        Relocate Start      Relocate End           High               Low         
[2026-06-26T13:35:11.098-0300][39.036s][3992][8900 ][info][gc,heap     ] GC(43) y:  Capacity:     3072M (100%)       3072M (100%)       3072M (100%)       3072M (100%)       3072M (100%)       3072M (100%)   
[2026-06-26T13:35:11.098-0300][39.036s][3992][8900 ][info][gc,heap     ] GC(43) y:      Free:     1600M (52%)        1546M (50%)        1548M (50%)        1570M (51%)        1600M (52%)        1544M (50%)    
[2026-06-26T13:35:11.098-0300][39.036s][3992][8900 ][info][gc,heap     ] GC(43) y:      Used:     1472M (48%)        1526M (50%)        1524M (50%)        1502M (49%)        1528M (50%)        1472M (48%)    
[2026-06-26T13:35:11.098-0300][39.036s][3992][8900 ][info][gc,heap     ] GC(43) y: Young Generation Statistics:
[2026-06-26T13:35:11.098-0300][39.036s][3992][8900 ][info][gc,heap     ] GC(43) y:                Mark Start          Mark End        Relocate Start      Relocate End    
[2026-06-26T13:35:11.098-0300][39.036s][3992][8900 ][info][gc,heap     ] GC(43) y:      Used:      158M (5%)          212M (7%)          210M (7%)          188M (6%)     
[2026-06-26T13:35:11.098-0300][39.036s][3992][8900 ][info][gc,heap     ] GC(43) y:      Live:         -               113M (4%)          113M (4%)          113M (4%)     
[2026-06-26T13:35:11.098-0300][39.036s][3992][8900 ][info][gc,heap     ] GC(43) y:   Garbage:         -                44M (1%)           42M (1%)            6M (0%)     
[2026-06-26T13:35:11.098-0300][39.036s][3992][8900 ][info][gc,heap     ] GC(43) y: Allocated:         -                54M (2%)           54M (2%)           67M (2%)     
[2026-06-26T13:35:11.098-0300][39.036s][3992][8900 ][info][gc,heap     ] GC(43) y: Reclaimed:         -                  -                 2M (0%)           37M (1%)     
[2026-06-26T13:35:11.098-0300][39.036s][3992][8900 ][info][gc,heap     ] GC(43) y:  Promoted:         -                  -                 0M (0%)            0M (0%)     
[2026-06-26T13:35:11.098-0300][39.036s][3992][8900 ][info][gc,heap     ] GC(43) y: Compacted:         -                  -                  -                10M (0%)     
[2026-06-26T13:35:11.098-0300][39.036s][3992][8900 ][info][gc,phases   ] GC(43) y: Young Generation 1472M(48%)->1502M(49%) 0.158s
[2026-06-26T13:35:11.098-0300][39.036s][3992][8900 ][info][gc          ] GC(43) Minor Collection (Allocation Rate) 1472M(48%)->1502M(49%) 0.159s
[2026-06-26T13:35:11.098-0300][39.036s][3992][5828 ][info][gc,task     ] Adjusting Workers for Old Generation: 1 -> 2
[2026-06-26T13:35:11.098-0300][39.036s][3992][8900 ][info][gc          ] GC(44) Minor Collection (Allocation Rate)
[2026-06-26T13:35:11.098-0300][39.036s][3992][8900 ][info][gc,task     ] GC(44) Using 1 Workers for Young Generation
[2026-06-26T13:35:11.098-0300][39.036s][3992][8900 ][info][gc,phases   ] GC(44) y: Young Generation
[2026-06-26T13:35:11.100-0300][39.036s][3992][11424][info][gc,phases   ] GC(44) y: Pause Mark Start 0.009ms
[2026-06-26T13:35:11.280-0300][39.217s][3992][15924][info][gc,phases   ] GC(38) O: Concurrent Mark 2121.063ms
[2026-06-26T13:35:11.281-0300][39.218s][3992][11424][info][gc,phases   ] GC(38) O: Pause Mark End 0.021ms
[2026-06-26T13:35:11.281-0300][39.218s][3992][15924][info][gc,phases   ] GC(38) O: Concurrent Mark Free 0.001ms
[2026-06-26T13:35:11.298-0300][39.235s][3992][15924][info][gc,phases   ] GC(38) O: Concurrent Process Non-Strong 17.117ms
[2026-06-26T13:35:11.299-0300][39.235s][3992][15924][info][gc,phases   ] GC(38) O: Concurrent Reset Relocation Set 0.011ms
[2026-06-26T13:35:11.301-0300][39.237s][3992][15924][info][gc,phases   ] GC(38) O: Concurrent Select Relocation Set 2.455ms
[2026-06-26T13:35:11.392-0300][39.329s][3992][8900 ][info][gc,phases   ] GC(44) y: Concurrent Mark 292.585ms
[2026-06-26T13:35:11.392-0300][39.329s][3992][11424][info][gc,phases   ] GC(44) y: Pause Mark End 0.018ms
[2026-06-26T13:35:11.392-0300][39.329s][3992][8900 ][info][gc,phases   ] GC(44) y: Concurrent Mark Free 0.003ms
[2026-06-26T13:35:11.392-0300][39.329s][3992][8900 ][info][gc,phases   ] GC(44) y: Concurrent Reset Relocation Set 0.004ms
[2026-06-26T13:35:11.392-0300][39.329s][3992][8900 ][info][gc,reloc    ] GC(44) y: Using tenuring threshold: 1 (Computed)
[2026-06-26T13:35:11.454-0300][39.390s][3992][8900 ][info][gc,phases   ] GC(44) y: Concurrent Select Relocation Set 60.729ms
[2026-06-26T13:35:11.454-0300][39.390s][3992][11424][info][gc,phases   ] GC(44) y: Pause Relocate Start 0.009ms
[2026-06-26T13:35:11.597-0300][39.533s][3992][8900 ][info][gc,phases   ] GC(44) y: Concurrent Relocate 143.631ms
[2026-06-26T13:35:11.597-0300][39.533s][3992][8900 ][info][gc,alloc    ] GC(44) y:                         Mark Start        Mark End      Relocate Start    Relocate End   
[2026-06-26T13:35:11.597-0300][39.533s][3992][8900 ][info][gc,alloc    ] GC(44) y: Allocation Stalls:          0                0                0                0         
[2026-06-26T13:35:11.597-0300][39.533s][3992][8900 ][info][gc,load     ] GC(44) y: Load: 0.00 (0%) / 0.00 (0%) / 0.00 (0%)
[2026-06-26T13:35:11.597-0300][39.534s][3992][8900 ][info][gc,mmu      ] GC(44) y: MMU: 2ms/97.3%, 5ms/98.9%, 10ms/99.5%, 20ms/99.7%, 50ms/99.8%, 100ms/99.9%
[2026-06-26T13:35:11.597-0300][39.534s][3992][8900 ][info][gc,marking  ] GC(44) y: Mark: 1 stripe(s), 2 proactive flush(es), 1 terminate flush(es), 0 completion(s), 0 continuation(s) 
[2026-06-26T13:35:11.597-0300][39.534s][3992][8900 ][info][gc,nmethod  ] GC(44) y: NMethods: 10958 registered, 0 unregistered
[2026-06-26T13:35:11.597-0300][39.534s][3992][8900 ][info][gc,metaspace] GC(44) y: Metaspace: 64M used, 65M committed, 1088M reserved
[2026-06-26T13:35:11.597-0300][39.534s][3992][8900 ][info][gc,reloc    ] GC(44) y:                        Candidates     Selected     In-Place         Size        Empty    Relocated 
[2026-06-26T13:35:11.597-0300][39.534s][3992][8900 ][info][gc,reloc    ] GC(44) y: Small Pages:                   94           28            0         188M           2M          15M 
[2026-06-26T13:35:11.597-0300][39.534s][3992][8900 ][info][gc,reloc    ] GC(44) y: Medium Pages:                   0            0            0           0M           0M           0M 
[2026-06-26T13:35:11.597-0300][39.534s][3992][8900 ][info][gc,reloc    ] GC(44) y: Large Pages:                    0            0            0           0M           0M           0M 
[2026-06-26T13:35:11.597-0300][39.534s][3992][8900 ][info][gc,reloc    ] GC(44) y: Forwarding Usage: 16M
[2026-06-26T13:35:11.597-0300][39.534s][3992][8900 ][info][gc,reloc    ] GC(44) y: Age Table:
[2026-06-26T13:35:11.597-0300][39.534s][3992][8900 ][info][gc,reloc    ] GC(44) y:                    Live             Garbage             Small              Medium             Large        
[2026-06-26T13:35:11.597-0300][39.534s][3992][8900 ][info][gc,reloc    ] GC(44) y: Eden              24M (1%)           33M (1%)          29 / 13             0 / 0              0 / 0        
[2026-06-26T13:35:11.597-0300][39.534s][3992][8900 ][info][gc,reloc    ] GC(44) y: Survivor 1        41M (1%)           26M (1%)          34 / 12             0 / 0              0 / 0        
[2026-06-26T13:35:11.597-0300][39.534s][3992][8900 ][info][gc,reloc    ] GC(44) y: Survivor 2        39M (1%)            4M (0%)          22 / 1              0 / 0              0 / 0        
[2026-06-26T13:35:11.597-0300][39.534s][3992][8900 ][info][gc,reloc    ] GC(44) y: Survivor 3        11M (0%)            6M (0%)           9 / 2              0 / 0              0 / 0        
[2026-06-26T13:35:11.597-0300][39.534s][3992][8900 ][info][gc,heap     ] GC(44) y: Min Capacity: 8M(0%)
[2026-06-26T13:35:11.597-0300][39.534s][3992][8900 ][info][gc,heap     ] GC(44) y: Max Capacity: 3072M(100%)
[2026-06-26T13:35:11.597-0300][39.534s][3992][8900 ][info][gc,heap     ] GC(44) y: Soft Max Capacity: 3072M(100%)
[2026-06-26T13:35:11.597-0300][39.534s][3992][8900 ][info][gc,heap     ] GC(44) y: Heap Statistics:
[2026-06-26T13:35:11.597-0300][39.534s][3992][8900 ][info][gc,heap     ] GC(44) y:                Mark Start          Mark End        Relocate Start      Relocate End           High               Low         
[2026-06-26T13:35:11.597-0300][39.534s][3992][8900 ][info][gc,heap     ] GC(44) y:  Capacity:     3072M (100%)       3072M (100%)       3072M (100%)       3072M (100%)       3072M (100%)       3072M (100%)   
[2026-06-26T13:35:11.597-0300][39.534s][3992][8900 ][info][gc,heap     ] GC(44) y:      Free:     1570M (51%)        1478M (48%)        1434M (47%)        1376M (45%)        1570M (51%)        1376M (45%)    
[2026-06-26T13:35:11.597-0300][39.534s][3992][8900 ][info][gc,heap     ] GC(44) y:      Used:     1502M (49%)        1594M (52%)        1638M (53%)        1696M (55%)        1696M (55%)        1502M (49%)    
[2026-06-26T13:35:11.598-0300][39.534s][3992][8900 ][info][gc,heap     ] GC(44) y: Young Generation Statistics:
[2026-06-26T13:35:11.598-0300][39.534s][3992][8900 ][info][gc,heap     ] GC(44) y:                Mark Start          Mark End        Relocate Start      Relocate End    
[2026-06-26T13:35:11.598-0300][39.534s][3992][8900 ][info][gc,heap     ] GC(44) y:      Used:      188M (6%)          280M (9%)          246M (8%)          282M (9%)     
[2026-06-26T13:35:11.598-0300][39.534s][3992][8900 ][info][gc,heap     ] GC(44) y:      Live:         -               117M (4%)           46M (2%)           24M (1%)     
[2026-06-26T13:35:11.598-0300][39.534s][3992][8900 ][info][gc,heap     ] GC(44) y:   Garbage:         -                70M (2%)           61M (2%)            1M (0%)     
[2026-06-26T13:35:11.598-0300][39.534s][3992][8900 ][info][gc,heap     ] GC(44) y: Allocated:         -                92M (3%)          138M (4%)          255M (8%)     
[2026-06-26T13:35:11.598-0300][39.534s][3992][8900 ][info][gc,heap     ] GC(44) y: Reclaimed:         -                  -                 8M (0%)           68M (2%)     
[2026-06-26T13:35:11.598-0300][39.534s][3992][8900 ][info][gc,heap     ] GC(44) y:  Promoted:         -                  -                71M (2%)           93M (3%)     
[2026-06-26T13:35:11.598-0300][39.534s][3992][8900 ][info][gc,heap     ] GC(44) y: Compacted:         -                  -                  -                 8M (0%)     
[2026-06-26T13:35:11.598-0300][39.534s][3992][8900 ][info][gc,phases   ] GC(44) y: Young Generation 1502M(49%)->1696M(55%) 0.498s
[2026-06-26T13:35:11.598-0300][39.534s][3992][8900 ][info][gc          ] GC(44) Minor Collection (Allocation Rate) 1502M(49%)->1698M(55%) 0.498s
[2026-06-26T13:35:11.598-0300][39.534s][3992][15924][info][gc,task     ] GC(38) O: Using 3 Workers for Old Generation
[2026-06-26T13:35:11.626-0300][39.562s][3992][15924][info][gc,task     ] GC(38) O: Using 2 Workers for Old Generation
[2026-06-26T13:35:11.626-0300][39.562s][3992][15924][info][gc,phases   ] GC(38) O: Concurrent Remap Roots 28.263ms
[2026-06-26T13:35:11.626-0300][39.562s][3992][11424][info][gc,phases   ] GC(38) O: Pause Relocate Start 0.009ms
[2026-06-26T13:35:11.626-0300][39.562s][3992][8900 ][info][gc          ] GC(45) Minor Collection (Allocation Rate)
[2026-06-26T13:35:11.626-0300][39.562s][3992][8900 ][info][gc,task     ] GC(45) Using 1 Workers for Young Generation
[2026-06-26T13:35:11.626-0300][39.562s][3992][8900 ][info][gc,phases   ] GC(45) y: Young Generation
[2026-06-26T13:35:11.626-0300][39.563s][3992][11424][info][gc,phases   ] GC(45) y: Pause Mark Start 0.007ms
[2026-06-26T13:35:11.661-0300][39.597s][3992][15924][info][gc,phases   ] GC(38) O: Concurrent Relocate 34.825ms
[2026-06-26T13:35:11.685-0300][39.621s][3992][5828 ][info][gc,task     ] Adjusting Workers for Young Generation: 1 -> 3
[2026-06-26T13:35:11.748-0300][39.685s][3992][8900 ][info][gc,phases   ] GC(45) y: Concurrent Mark 121.323ms
[2026-06-26T13:35:11.748-0300][39.685s][3992][11424][info][gc,phases   ] GC(45) y: Pause Mark End 0.015ms
[2026-06-26T13:35:11.748-0300][39.685s][3992][8900 ][info][gc,phases   ] GC(45) y: Concurrent Mark Free 0.006ms
[2026-06-26T13:35:11.748-0300][39.685s][3992][8900 ][info][gc,phases   ] GC(45) y: Concurrent Reset Relocation Set 0.087ms
[2026-06-26T13:35:11.748-0300][39.685s][3992][8900 ][info][gc,reloc    ] GC(45) y: Using tenuring threshold: 2 (Computed)
[2026-06-26T13:35:11.749-0300][39.686s][3992][8900 ][info][gc,phases   ] GC(45) y: Concurrent Select Relocation Set 1.155ms
[2026-06-26T13:35:11.749-0300][39.686s][3992][11424][info][gc,phases   ] GC(45) y: Pause Relocate Start 0.008ms
[2026-06-26T13:35:11.761-0300][39.698s][3992][8900 ][info][gc,phases   ] GC(45) y: Concurrent Relocate 11.425ms
[2026-06-26T13:35:11.761-0300][39.698s][3992][8900 ][info][gc,alloc    ] GC(45) y:                         Mark Start        Mark End      Relocate Start    Relocate End   
[2026-06-26T13:35:11.761-0300][39.698s][3992][8900 ][info][gc,alloc    ] GC(45) y: Allocation Stalls:          0                0                0                0         
[2026-06-26T13:35:11.761-0300][39.698s][3992][8900 ][info][gc,load     ] GC(45) y: Load: 0.00 (0%) / 0.00 (0%) / 0.00 (0%)
[2026-06-26T13:35:11.761-0300][39.698s][3992][8900 ][info][gc,mmu      ] GC(45) y: MMU: 2ms/97.3%, 5ms/98.9%, 10ms/99.5%, 20ms/99.7%, 50ms/99.8%, 100ms/99.9%
[2026-06-26T13:35:11.761-0300][39.698s][3992][8900 ][info][gc,marking  ] GC(45) y: Mark: 1 stripe(s), 2 proactive flush(es), 1 terminate flush(es), 0 completion(s), 0 continuation(s) 
[2026-06-26T13:35:11.761-0300][39.698s][3992][8900 ][info][gc,nmethod  ] GC(45) y: NMethods: 10965 registered, 0 unregistered
[2026-06-26T13:35:11.761-0300][39.698s][3992][8900 ][info][gc,metaspace] GC(45) y: Metaspace: 64M used, 65M committed, 1088M reserved
[2026-06-26T13:35:11.761-0300][39.698s][3992][8900 ][info][gc,reloc    ] GC(45) y:                        Candidates     Selected     In-Place         Size        Empty    Relocated 
[2026-06-26T13:35:11.761-0300][39.698s][3992][8900 ][info][gc,reloc    ] GC(45) y: Small Pages:                  142           43            0         284M         120M          15M 
[2026-06-26T13:35:11.761-0300][39.698s][3992][8900 ][info][gc,reloc    ] GC(45) y: Medium Pages:                   1            0            0          32M           0M           0M 
[2026-06-26T13:35:11.761-0300][39.698s][3992][8900 ][info][gc,reloc    ] GC(45) y: Large Pages:                    0            0            0           0M           0M           0M 
[2026-06-26T13:35:11.761-0300][39.698s][3992][8900 ][info][gc,reloc    ] GC(45) y: Forwarding Usage: 12M
[2026-06-26T13:35:11.761-0300][39.698s][3992][8900 ][info][gc,reloc    ] GC(45) y: Age Table:
[2026-06-26T13:35:11.761-0300][39.698s][3992][8900 ][info][gc,reloc    ] GC(45) y:                    Live             Garbage             Small              Medium             Large        
[2026-06-26T13:35:11.761-0300][39.698s][3992][8900 ][info][gc,reloc    ] GC(45) y: Eden              48M (2%)          239M (8%)         128 / 40             1 / 0              0 / 0        
[2026-06-26T13:35:11.761-0300][39.698s][3992][8900 ][info][gc,reloc    ] GC(45) y: Survivor 1        22M (1%)            5M (0%)          14 / 3              0 / 0              0 / 0        
[2026-06-26T13:35:11.761-0300][39.698s][3992][8900 ][info][gc,heap     ] GC(45) y: Min Capacity: 8M(0%)
[2026-06-26T13:35:11.761-0300][39.698s][3992][8900 ][info][gc,heap     ] GC(45) y: Max Capacity: 3072M(100%)
[2026-06-26T13:35:11.761-0300][39.698s][3992][8900 ][info][gc,heap     ] GC(45) y: Soft Max Capacity: 3072M(100%)
[2026-06-26T13:35:11.761-0300][39.698s][3992][8900 ][info][gc,heap     ] GC(45) y: Heap Statistics:
[2026-06-26T13:35:11.761-0300][39.698s][3992][8900 ][info][gc,heap     ] GC(45) y:                Mark Start          Mark End        Relocate Start      Relocate End           High               Low         
[2026-06-26T13:35:11.761-0300][39.698s][3992][8900 ][info][gc,heap     ] GC(45) y:  Capacity:     3072M (100%)       3072M (100%)       3072M (100%)       3072M (100%)       3072M (100%)       3072M (100%)   
[2026-06-26T13:35:11.761-0300][39.698s][3992][8900 ][info][gc,heap     ] GC(45) y:      Free:     1358M (44%)        1362M (44%)        1482M (48%)        1558M (51%)        1558M (51%)        1350M (44%)    
[2026-06-26T13:35:11.761-0300][39.698s][3992][8900 ][info][gc,heap     ] GC(45) y:      Used:     1714M (56%)        1710M (56%)        1590M (52%)        1514M (49%)        1722M (56%)        1514M (49%)    
[2026-06-26T13:35:11.761-0300][39.698s][3992][8900 ][info][gc,heap     ] GC(45) y: Young Generation Statistics:
[2026-06-26T13:35:11.761-0300][39.698s][3992][8900 ][info][gc,heap     ] GC(45) y:                Mark Start          Mark End        Relocate Start      Relocate End    
[2026-06-26T13:35:11.761-0300][39.698s][3992][8900 ][info][gc,heap     ] GC(45) y:      Used:      316M (10%)         356M (12%)         236M (8%)          160M (5%)     
[2026-06-26T13:35:11.761-0300][39.698s][3992][8900 ][info][gc,heap     ] GC(45) y:      Live:         -                71M (2%)           71M (2%)           71M (2%)     
[2026-06-26T13:35:11.761-0300][39.698s][3992][8900 ][info][gc,heap     ] GC(45) y:   Garbage:         -               244M (8%)          124M (4%)           35M (1%)     
[2026-06-26T13:35:11.761-0300][39.698s][3992][8900 ][info][gc,heap     ] GC(45) y: Allocated:         -                40M (1%)           40M (1%)           53M (2%)     
[2026-06-26T13:35:11.761-0300][39.698s][3992][8900 ][info][gc,heap     ] GC(45) y: Reclaimed:         -                  -               120M (4%)          209M (7%)     
[2026-06-26T13:35:11.761-0300][39.698s][3992][8900 ][info][gc,heap     ] GC(45) y:  Promoted:         -                  -                 0M (0%)            0M (0%)     
[2026-06-26T13:35:11.761-0300][39.698s][3992][8900 ][info][gc,heap     ] GC(45) y: Compacted:         -                  -                  -                22M (1%)     
[2026-06-26T13:35:11.761-0300][39.698s][3992][8900 ][info][gc,phases   ] GC(45) y: Young Generation 1776M(58%)->1514M(49%) 0.135s
[2026-06-26T13:35:11.761-0300][39.698s][3992][8900 ][info][gc          ] GC(45) Minor Collection (Allocation Rate) 1742M(57%)->1514M(49%) 0.136s
[2026-06-26T13:35:11.761-0300][39.698s][3992][15924][info][gc,alloc    ] GC(38) O:                         Mark Start        Mark End      Relocate Start    Relocate End   
[2026-06-26T13:35:11.761-0300][39.698s][3992][15924][info][gc,alloc    ] GC(38) O: Allocation Stalls:          0                0                0                0         
[2026-06-26T13:35:11.761-0300][39.698s][3992][15924][info][gc,load     ] GC(38) O: Load: 0.00 (0%) / 0.00 (0%) / 0.00 (0%)
[2026-06-26T13:35:11.761-0300][39.698s][3992][15924][info][gc,mmu      ] GC(38) O: MMU: 2ms/97.3%, 5ms/98.9%, 10ms/99.5%, 20ms/99.7%, 50ms/99.8%, 100ms/99.9%
[2026-06-26T13:35:11.761-0300][39.698s][3992][15924][info][gc,marking  ] GC(38) O: Mark: 1 stripe(s), 3 proactive flush(es), 1 terminate flush(es), 0 completion(s), 0 continuation(s) 
[2026-06-26T13:35:11.761-0300][39.698s][3992][15924][info][gc,nmethod  ] GC(38) O: NMethods: 10965 registered, 0 unregistered
[2026-06-26T13:35:11.761-0300][39.698s][3992][15924][info][gc,metaspace] GC(38) O: Metaspace: 64M used, 65M committed, 1088M reserved
[2026-06-26T13:35:11.761-0300][39.698s][3992][15924][info][gc,ref      ] GC(38) O:                       Encountered   Discovered     Enqueued 
[2026-06-26T13:35:11.761-0300][39.698s][3992][15924][info][gc,ref      ] GC(38) O: Soft References:             5419            0            0 
[2026-06-26T13:35:11.761-0300][39.698s][3992][15924][info][gc,ref      ] GC(38) O: Weak References:             4622         2034          170 
[2026-06-26T13:35:11.761-0300][39.698s][3992][15924][info][gc,ref      ] GC(38) O: Final References:              14            0            0 
[2026-06-26T13:35:11.761-0300][39.698s][3992][15924][info][gc,ref      ] GC(38) O: Phantom References:        205581        12366         5883 
[2026-06-26T13:35:11.761-0300][39.698s][3992][15924][info][gc,reloc    ] GC(38) O:                        Candidates     Selected     In-Place         Size        Empty    Relocated 
[2026-06-26T13:35:11.762-0300][39.698s][3992][15924][info][gc,reloc    ] GC(38) O: Small Pages:                  552           21            0        1104M           0M          11M 
[2026-06-26T13:35:11.762-0300][39.698s][3992][15924][info][gc,reloc    ] GC(38) O: Medium Pages:                   3            1            0          96M           0M           4M 
[2026-06-26T13:35:11.762-0300][39.699s][3992][15924][info][gc,reloc    ] GC(38) O: Large Pages:                    1            0            0          12M           0M           0M 
[2026-06-26T13:35:11.762-0300][39.699s][3992][15924][info][gc,reloc    ] GC(38) O: Forwarding Usage: 15M
[2026-06-26T13:35:11.762-0300][39.699s][3992][15924][info][gc,heap     ] GC(38) O: Min Capacity: 8M(0%)
[2026-06-26T13:35:11.762-0300][39.699s][3992][15924][info][gc,heap     ] GC(38) O: Max Capacity: 3072M(100%)
[2026-06-26T13:35:11.762-0300][39.699s][3992][15924][info][gc,heap     ] GC(38) O: Soft Max Capacity: 3072M(100%)
[2026-06-26T13:35:11.762-0300][39.699s][3992][15924][info][gc,heap     ] GC(38) O: Heap Statistics:
[2026-06-26T13:35:11.762-0300][39.699s][3992][15924][info][gc,heap     ] GC(38) O:                Mark Start          Mark End        Relocate Start      Relocate End           High               Low         
[2026-06-26T13:35:11.762-0300][39.699s][3992][15924][info][gc,heap     ] GC(38) O:  Capacity:     3072M (100%)       3072M (100%)       3072M (100%)       3072M (100%)       3072M (100%)       3072M (100%)   
[2026-06-26T13:35:11.762-0300][39.699s][3992][15924][info][gc,heap     ] GC(38) O:      Free:     1704M (55%)        1514M (49%)        1342M (44%)        1384M (45%)        1758M (57%)        1292M (42%)    
[2026-06-26T13:35:11.762-0300][39.699s][3992][15924][info][gc,heap     ] GC(38) O:      Used:     1368M (45%)        1558M (51%)        1730M (56%)        1688M (55%)        1780M (58%)        1314M (43%)    
[2026-06-26T13:35:11.762-0300][39.699s][3992][15924][info][gc,heap     ] GC(38) O: Old Generation Statistics:
[2026-06-26T13:35:11.762-0300][39.699s][3992][15924][info][gc,heap     ] GC(38) O:                Mark Start          Mark End        Relocate Start      Relocate End    
[2026-06-26T13:35:11.762-0300][39.699s][3992][15924][info][gc,heap     ] GC(38) O:      Used:     1212M (39%)        1314M (43%)        1414M (46%)        1354M (44%)    
[2026-06-26T13:35:11.762-0300][39.699s][3992][15924][info][gc,heap     ] GC(38) O:      Live:         -              1056M (34%)        1056M (34%)        1056M (34%)    
[2026-06-26T13:35:11.762-0300][39.699s][3992][15924][info][gc,heap     ] GC(38) O:   Garbage:         -               155M (5%)          155M (5%)           48M (2%)     
[2026-06-26T13:35:11.762-0300][39.699s][3992][15924][info][gc,heap     ] GC(38) O: Allocated:         -               102M (3%)          202M (7%)          248M (8%)     
[2026-06-26T13:35:11.762-0300][39.699s][3992][15924][info][gc,heap     ] GC(38) O: Reclaimed:         -                  -                 0M (0%)          106M (3%)     
[2026-06-26T13:35:11.762-0300][39.699s][3992][15924][info][gc,heap     ] GC(38) O: Compacted:         -                  -                  -                55M (2%)     
[2026-06-26T13:35:11.762-0300][39.699s][3992][15924][info][gc,phases   ] GC(38) O: Old Generation 1314M(43%)->1688M(55%) 2.602s
[2026-06-26T13:35:11.762-0300][39.699s][3992][15924][info][gc          ] GC(38) Major Collection (Allocation Rate) 1368M(45%)->1514M(49%) 2.655s
[2026-06-26T13:35:11.772-0300][39.708s][3992][15924][info][gc          ] GC(46) Major Collection (Allocation Rate)
[2026-06-26T13:35:11.772-0300][39.708s][3992][15924][info][gc,task     ] GC(46) Using 3 Workers for Young Generation
[2026-06-26T13:35:11.772-0300][39.708s][3992][15924][info][gc,task     ] GC(46) Using 1 Workers for Old Generation
[2026-06-26T13:35:11.772-0300][39.708s][3992][15924][info][gc,phases   ] GC(46) Y: Young Generation
[2026-06-26T13:35:11.772-0300][39.708s][3992][11424][info][gc,phases   ] GC(46) Y: Pause Mark Start (Major) 0.011ms
[2026-06-26T13:35:11.860-0300][39.796s][3992][15924][info][gc,phases   ] GC(46) Y: Concurrent Mark 88.243ms
[2026-06-26T13:35:11.860-0300][39.796s][3992][11424][info][gc,phases   ] GC(46) Y: Pause Mark End 0.015ms
[2026-06-26T13:35:11.860-0300][39.796s][3992][15924][info][gc,phases   ] GC(46) Y: Concurrent Mark Free 0.008ms
[2026-06-26T13:35:11.860-0300][39.796s][3992][15924][info][gc,phases   ] GC(46) Y: Concurrent Reset Relocation Set 0.008ms
[2026-06-26T13:35:11.860-0300][39.796s][3992][15924][info][gc,reloc    ] GC(46) Y: Using tenuring threshold: 1 (Computed)
[2026-06-26T13:35:11.878-0300][39.815s][3992][15924][info][gc,phases   ] GC(46) Y: Concurrent Select Relocation Set 18.915ms
[2026-06-26T13:35:11.878-0300][39.815s][3992][11424][info][gc,phases   ] GC(46) Y: Pause Relocate Start 0.011ms
[2026-06-26T13:35:11.915-0300][39.851s][3992][15924][info][gc,phases   ] GC(46) Y: Concurrent Relocate 35.591ms
[2026-06-26T13:35:11.915-0300][39.851s][3992][15924][info][gc,alloc    ] GC(46) Y:                         Mark Start        Mark End      Relocate Start    Relocate End   
[2026-06-26T13:35:11.915-0300][39.851s][3992][15924][info][gc,alloc    ] GC(46) Y: Allocation Stalls:          0                0                0                0         
[2026-06-26T13:35:11.915-0300][39.851s][3992][15924][info][gc,load     ] GC(46) Y: Load: 0.00 (0%) / 0.00 (0%) / 0.00 (0%)
[2026-06-26T13:35:11.915-0300][39.851s][3992][15924][info][gc,mmu      ] GC(46) Y: MMU: 2ms/97.3%, 5ms/98.9%, 10ms/99.5%, 20ms/99.7%, 50ms/99.8%, 100ms/99.9%
[2026-06-26T13:35:11.915-0300][39.851s][3992][15924][info][gc,marking  ] GC(46) Y: Mark: 2 stripe(s), 2 proactive flush(es), 1 terminate flush(es), 0 completion(s), 0 continuation(s) 
[2026-06-26T13:35:11.915-0300][39.851s][3992][15924][info][gc,nmethod  ] GC(46) Y: NMethods: 10966 registered, 0 unregistered
[2026-06-26T13:35:11.915-0300][39.851s][3992][15924][info][gc,metaspace] GC(46) Y: Metaspace: 64M used, 65M committed, 1088M reserved
[2026-06-26T13:35:11.915-0300][39.851s][3992][15924][info][gc,reloc    ] GC(46) Y:                        Candidates     Selected     In-Place         Size        Empty    Relocated 
[2026-06-26T13:35:11.915-0300][39.851s][3992][15924][info][gc,reloc    ] GC(46) Y: Small Pages:                   64           18            0         128M          12M           4M 
[2026-06-26T13:35:11.915-0300][39.851s][3992][15924][info][gc,reloc    ] GC(46) Y: Medium Pages:                   1            0            0          32M           0M           0M 
[2026-06-26T13:35:11.915-0300][39.851s][3992][15924][info][gc,reloc    ] GC(46) Y: Large Pages:                    0            0            0           0M           0M           0M 
[2026-06-26T13:35:11.915-0300][39.851s][3992][15924][info][gc,reloc    ] GC(46) Y: Forwarding Usage: 3M
[2026-06-26T13:35:11.915-0300][39.851s][3992][15924][info][gc,reloc    ] GC(46) Y: Age Table:
[2026-06-26T13:35:11.915-0300][39.851s][3992][15924][info][gc,reloc    ] GC(46) Y:                    Live             Garbage             Small              Medium             Large        
[2026-06-26T13:35:11.915-0300][39.851s][3992][15924][info][gc,reloc    ] GC(46) Y: Eden               2M (0%)           39M (1%)          21 / 14             0 / 0              0 / 0        
[2026-06-26T13:35:11.915-0300][39.851s][3992][15924][info][gc,reloc    ] GC(46) Y: Survivor 1        48M (2%)           43M (1%)          30 / 3              1 / 0              0 / 0        
[2026-06-26T13:35:11.915-0300][39.851s][3992][15924][info][gc,reloc    ] GC(46) Y: Survivor 2        22M (1%)            3M (0%)          13 / 1              0 / 0              0 / 0        
[2026-06-26T13:35:11.915-0300][39.851s][3992][15924][info][gc,heap     ] GC(46) Y: Min Capacity: 8M(0%)
[2026-06-26T13:35:11.915-0300][39.851s][3992][15924][info][gc,heap     ] GC(46) Y: Max Capacity: 3072M(100%)
[2026-06-26T13:35:11.915-0300][39.851s][3992][15924][info][gc,heap     ] GC(46) Y: Soft Max Capacity: 3072M(100%)
[2026-06-26T13:35:11.915-0300][39.851s][3992][15924][info][gc,heap     ] GC(46) Y: Heap Statistics:
[2026-06-26T13:35:11.915-0300][39.851s][3992][15924][info][gc,heap     ] GC(46) Y:                Mark Start          Mark End        Relocate Start      Relocate End           High               Low         
[2026-06-26T13:35:11.915-0300][39.851s][3992][15924][info][gc,heap     ] GC(46) Y:  Capacity:     3072M (100%)       3072M (100%)       3072M (100%)       3072M (100%)       3072M (100%)       3072M (100%)   
[2026-06-26T13:35:11.915-0300][39.851s][3992][15924][info][gc,heap     ] GC(46) Y:      Free:     1558M (51%)        1530M (50%)        1542M (50%)        1564M (51%)        1568M (51%)        1530M (50%)    
[2026-06-26T13:35:11.915-0300][39.851s][3992][15924][info][gc,heap     ] GC(46) Y:      Used:     1514M (49%)        1542M (50%)        1530M (50%)        1508M (49%)        1542M (50%)        1504M (49%)    
[2026-06-26T13:35:11.915-0300][39.851s][3992][15924][info][gc,heap     ] GC(46) Y: Young Generation Statistics:
[2026-06-26T13:35:11.915-0300][39.851s][3992][15924][info][gc,heap     ] GC(46) Y:                Mark Start          Mark End        Relocate Start      Relocate End    
[2026-06-26T13:35:11.915-0300][39.851s][3992][15924][info][gc,heap     ] GC(46) Y:      Used:      160M (5%)          188M (6%)           72M (2%)           40M (1%)     
[2026-06-26T13:35:11.915-0300][39.851s][3992][15924][info][gc,heap     ] GC(46) Y:      Live:         -                74M (2%)            6M (0%)            2M (0%)     
[2026-06-26T13:35:11.915-0300][39.851s][3992][15924][info][gc,heap     ] GC(46) Y:   Garbage:         -                85M (3%)           37M (1%)            0M (0%)     
[2026-06-26T13:35:11.915-0300][39.851s][3992][15924][info][gc,heap     ] GC(46) Y: Allocated:         -                28M (1%)           28M (1%)           37M (1%)     
[2026-06-26T13:35:11.915-0300][39.851s][3992][15924][info][gc,heap     ] GC(46) Y: Reclaimed:         -                  -                48M (2%)           85M (3%)     
[2026-06-26T13:35:11.915-0300][39.851s][3992][15924][info][gc,heap     ] GC(46) Y:  Promoted:         -                  -                67M (2%)           71M (2%)     
[2026-06-26T13:35:11.915-0300][39.851s][3992][15924][info][gc,heap     ] GC(46) Y: Compacted:         -                  -                  -                 2M (0%)     
[2026-06-26T13:35:11.915-0300][39.852s][3992][15924][info][gc,phases   ] GC(46) Y: Young Generation 1514M(49%)->1508M(49%) 0.143s
[2026-06-26T13:35:11.915-0300][39.852s][3992][15924][info][gc,phases   ] GC(46) O: Old Generation
[2026-06-26T13:35:12.554-0300][40.491s][3992][8900 ][info][gc          ] GC(47) Minor Collection (Allocation Rate)
[2026-06-26T13:35:12.554-0300][40.491s][3992][8900 ][info][gc,task     ] GC(47) Using 2 Workers for Young Generation
[2026-06-26T13:35:12.554-0300][40.491s][3992][8900 ][info][gc,phases   ] GC(47) y: Young Generation
[2026-06-26T13:35:12.554-0300][40.491s][3992][11424][info][gc,phases   ] GC(47) y: Pause Mark Start 0.014ms
[2026-06-26T13:35:12.595-0300][40.531s][3992][8900 ][info][gc,phases   ] GC(47) y: Concurrent Mark 40.679ms
[2026-06-26T13:35:12.595-0300][40.532s][3992][11424][info][gc,phases   ] GC(47) y: Pause Mark End 0.016ms
[2026-06-26T13:35:12.596-0300][40.532s][3992][8900 ][info][gc,phases   ] GC(47) y: Concurrent Mark Free 0.004ms
[2026-06-26T13:35:12.596-0300][40.532s][3992][8900 ][info][gc,phases   ] GC(47) y: Concurrent Reset Relocation Set 0.058ms
[2026-06-26T13:35:12.596-0300][40.532s][3992][8900 ][info][gc,reloc    ] GC(47) y: Using tenuring threshold: 2 (Computed)
[2026-06-26T13:35:12.598-0300][40.534s][3992][8900 ][info][gc,phases   ] GC(47) y: Concurrent Select Relocation Set 2.436ms
[2026-06-26T13:35:12.598-0300][40.534s][3992][11424][info][gc,phases   ] GC(47) y: Pause Relocate Start 0.010ms
[2026-06-26T13:35:12.612-0300][40.548s][3992][8900 ][info][gc,phases   ] GC(47) y: Concurrent Relocate 14.088ms
[2026-06-26T13:35:12.612-0300][40.548s][3992][8900 ][info][gc,alloc    ] GC(47) y:                         Mark Start        Mark End      Relocate Start    Relocate End   
[2026-06-26T13:35:12.612-0300][40.548s][3992][8900 ][info][gc,alloc    ] GC(47) y: Allocation Stalls:          0                0                0                0         
[2026-06-26T13:35:12.612-0300][40.549s][3992][8900 ][info][gc,load     ] GC(47) y: Load: 0.00 (0%) / 0.00 (0%) / 0.00 (0%)
[2026-06-26T13:35:12.612-0300][40.549s][3992][8900 ][info][gc,mmu      ] GC(47) y: MMU: 2ms/97.3%, 5ms/98.9%, 10ms/99.5%, 20ms/99.7%, 50ms/99.8%, 100ms/99.9%
[2026-06-26T13:35:12.612-0300][40.549s][3992][8900 ][info][gc,marking  ] GC(47) y: Mark: 2 stripe(s), 2 proactive flush(es), 1 terminate flush(es), 0 completion(s), 0 continuation(s) 
[2026-06-26T13:35:12.612-0300][40.549s][3992][8900 ][info][gc,nmethod  ] GC(47) y: NMethods: 10975 registered, 0 unregistered
[2026-06-26T13:35:12.612-0300][40.549s][3992][8900 ][info][gc,metaspace] GC(47) y: Metaspace: 64M used, 65M committed, 1088M reserved
[2026-06-26T13:35:12.612-0300][40.549s][3992][8900 ][info][gc,reloc    ] GC(47) y:                        Candidates     Selected     In-Place         Size        Empty    Relocated 
[2026-06-26T13:35:12.612-0300][40.549s][3992][8900 ][info][gc,reloc    ] GC(47) y: Small Pages:                   80           51            0         160M          36M          14M 
[2026-06-26T13:35:12.612-0300][40.549s][3992][8900 ][info][gc,reloc    ] GC(47) y: Medium Pages:                   0            0            0           0M           0M           0M 
[2026-06-26T13:35:12.612-0300][40.549s][3992][8900 ][info][gc,reloc    ] GC(47) y: Large Pages:                    0            0            0           0M           0M           0M 
[2026-06-26T13:35:12.612-0300][40.549s][3992][8900 ][info][gc,reloc    ] GC(47) y: Forwarding Usage: 9M
[2026-06-26T13:35:12.612-0300][40.549s][3992][8900 ][info][gc,reloc    ] GC(47) y: Age Table:
[2026-06-26T13:35:12.612-0300][40.549s][3992][8900 ][info][gc,reloc    ] GC(47) y:                    Live             Garbage             Small              Medium             Large        
[2026-06-26T13:35:12.612-0300][40.549s][3992][8900 ][info][gc,reloc    ] GC(47) y: Eden              15M (1%)          138M (5%)          77 / 50             0 / 0              0 / 0        
[2026-06-26T13:35:12.612-0300][40.549s][3992][8900 ][info][gc,reloc    ] GC(47) y: Survivor 1         2M (0%)            3M (0%)           3 / 1              0 / 0              0 / 0        
[2026-06-26T13:35:12.612-0300][40.549s][3992][8900 ][info][gc,heap     ] GC(47) y: Min Capacity: 8M(0%)
[2026-06-26T13:35:12.612-0300][40.549s][3992][8900 ][info][gc,heap     ] GC(47) y: Max Capacity: 3072M(100%)
[2026-06-26T13:35:12.612-0300][40.549s][3992][8900 ][info][gc,heap     ] GC(47) y: Soft Max Capacity: 3072M(100%)
[2026-06-26T13:35:12.612-0300][40.549s][3992][8900 ][info][gc,heap     ] GC(47) y: Heap Statistics:
[2026-06-26T13:35:12.612-0300][40.549s][3992][8900 ][info][gc,heap     ] GC(47) y:                Mark Start          Mark End        Relocate Start      Relocate End           High               Low         
[2026-06-26T13:35:12.612-0300][40.549s][3992][8900 ][info][gc,heap     ] GC(47) y:  Capacity:     3072M (100%)       3072M (100%)       3072M (100%)       3072M (100%)       3072M (100%)       3072M (100%)   
[2026-06-26T13:35:12.612-0300][40.549s][3992][8900 ][info][gc,heap     ] GC(47) y:      Free:     1444M (47%)        1400M (46%)        1432M (47%)        1512M (49%)        1512M (49%)        1400M (46%)    
[2026-06-26T13:35:12.612-0300][40.549s][3992][8900 ][info][gc,heap     ] GC(47) y:      Used:     1628M (53%)        1672M (54%)        1640M (53%)        1560M (51%)        1672M (54%)        1560M (51%)    
[2026-06-26T13:35:12.612-0300][40.549s][3992][8900 ][info][gc,heap     ] GC(47) y: Young Generation Statistics:
[2026-06-26T13:35:12.612-0300][40.549s][3992][8900 ][info][gc,heap     ] GC(47) y:                Mark Start          Mark End        Relocate Start      Relocate End    
[2026-06-26T13:35:12.612-0300][40.549s][3992][8900 ][info][gc,heap     ] GC(47) y:      Used:      160M (5%)          204M (7%)          172M (6%)           92M (3%)     
[2026-06-26T13:35:12.612-0300][40.549s][3992][8900 ][info][gc,heap     ] GC(47) y:      Live:         -                18M (1%)           18M (1%)           18M (1%)     
[2026-06-26T13:35:12.612-0300][40.549s][3992][8900 ][info][gc,heap     ] GC(47) y:   Garbage:         -               141M (5%)          105M (3%)            0M (0%)     
[2026-06-26T13:35:12.612-0300][40.549s][3992][8900 ][info][gc,heap     ] GC(47) y: Allocated:         -                44M (1%)           48M (2%)           72M (2%)     
[2026-06-26T13:35:12.612-0300][40.549s][3992][8900 ][info][gc,heap     ] GC(47) y: Reclaimed:         -                  -                36M (1%)          140M (5%)     
[2026-06-26T13:35:12.612-0300][40.549s][3992][8900 ][info][gc,heap     ] GC(47) y:  Promoted:         -                  -                 0M (0%)            0M (0%)     
[2026-06-26T13:35:12.612-0300][40.549s][3992][8900 ][info][gc,heap     ] GC(47) y: Compacted:         -                  -                  -                17M (1%)     
[2026-06-26T13:35:12.612-0300][40.549s][3992][8900 ][info][gc,phases   ] GC(47) y: Young Generation 1628M(53%)->1560M(51%) 0.058s
[2026-06-26T13:35:12.612-0300][40.549s][3992][8900 ][info][gc          ] GC(47) Minor Collection (Allocation Rate) 1628M(53%)->1560M(51%) 0.058s
[2026-06-26T13:35:12.638-0300][40.575s][3992][8900 ][info][gc          ] GC(48) Minor Collection (Allocation Rate)
[2026-06-26T13:35:12.638-0300][40.575s][3992][8900 ][info][gc,task     ] GC(48) Using 2 Workers for Young Generation
[2026-06-26T13:35:12.638-0300][40.575s][3992][8900 ][info][gc,phases   ] GC(48) y: Young Generation
[2026-06-26T13:35:12.639-0300][40.576s][3992][11424][info][gc,phases   ] GC(48) y: Pause Mark Start 0.008ms
[2026-06-26T13:35:12.679-0300][40.616s][3992][8900 ][info][gc,phases   ] GC(48) y: Concurrent Mark 39.798ms
[2026-06-26T13:35:12.679-0300][40.616s][3992][11424][info][gc,phases   ] GC(48) y: Pause Mark End 0.022ms
[2026-06-26T13:35:12.679-0300][40.616s][3992][8900 ][info][gc,phases   ] GC(48) y: Concurrent Mark Free 0.005ms
[2026-06-26T13:35:12.679-0300][40.616s][3992][8900 ][info][gc,phases   ] GC(48) y: Concurrent Reset Relocation Set 0.005ms
[2026-06-26T13:35:12.680-0300][40.616s][3992][8900 ][info][gc,reloc    ] GC(48) y: Using tenuring threshold: 2 (Computed)
[2026-06-26T13:35:12.682-0300][40.618s][3992][8900 ][info][gc,phases   ] GC(48) y: Concurrent Select Relocation Set 2.475ms
[2026-06-26T13:35:12.682-0300][40.618s][3992][11424][info][gc,phases   ] GC(48) y: Pause Relocate Start 0.011ms
[2026-06-26T13:35:12.688-0300][40.624s][3992][8900 ][info][gc,phases   ] GC(48) y: Concurrent Relocate 5.450ms
[2026-06-26T13:35:12.688-0300][40.624s][3992][8900 ][info][gc,alloc    ] GC(48) y:                         Mark Start        Mark End      Relocate Start    Relocate End   
[2026-06-26T13:35:12.688-0300][40.624s][3992][8900 ][info][gc,alloc    ] GC(48) y: Allocation Stalls:          0                0                0                0         
[2026-06-26T13:35:12.688-0300][40.624s][3992][8900 ][info][gc,load     ] GC(48) y: Load: 0.00 (0%) / 0.00 (0%) / 0.00 (0%)
[2026-06-26T13:35:12.688-0300][40.624s][3992][8900 ][info][gc,mmu      ] GC(48) y: MMU: 2ms/97.3%, 5ms/98.9%, 10ms/99.5%, 20ms/99.7%, 50ms/99.8%, 100ms/99.9%
[2026-06-26T13:35:12.688-0300][40.624s][3992][8900 ][info][gc,marking  ] GC(48) y: Mark: 2 stripe(s), 4 proactive flush(es), 1 terminate flush(es), 0 completion(s), 0 continuation(s) 
[2026-06-26T13:35:12.688-0300][40.624s][3992][8900 ][info][gc,nmethod  ] GC(48) y: NMethods: 11002 registered, 0 unregistered
[2026-06-26T13:35:12.688-0300][40.624s][3992][8900 ][info][gc,metaspace] GC(48) y: Metaspace: 64M used, 65M committed, 1088M reserved
[2026-06-26T13:35:12.688-0300][40.624s][3992][8900 ][info][gc,reloc    ] GC(48) y:                        Candidates     Selected     In-Place         Size        Empty    Relocated 
[2026-06-26T13:35:12.688-0300][40.624s][3992][8900 ][info][gc,reloc    ] GC(48) y: Small Pages:                   64           13            0         128M          80M           3M 
[2026-06-26T13:35:12.688-0300][40.624s][3992][8900 ][info][gc,reloc    ] GC(48) y: Medium Pages:                   1            0            0          32M           0M           0M 
[2026-06-26T13:35:12.688-0300][40.624s][3992][8900 ][info][gc,reloc    ] GC(48) y: Large Pages:                    0            0            0           0M           0M           0M 
[2026-06-26T13:35:12.688-0300][40.624s][3992][8900 ][info][gc,reloc    ] GC(48) y: Forwarding Usage: 2M
[2026-06-26T13:35:12.688-0300][40.624s][3992][8900 ][info][gc,reloc    ] GC(48) y: Age Table:
[2026-06-26T13:35:12.688-0300][40.624s][3992][8900 ][info][gc,reloc    ] GC(48) y:                    Live             Garbage             Small              Medium             Large        
[2026-06-26T13:35:12.688-0300][40.624s][3992][8900 ][info][gc,reloc    ] GC(48) y: Eden               3M (0%)          130M (4%)          51 / 10             1 / 0              0 / 0        
[2026-06-26T13:35:12.688-0300][40.624s][3992][8900 ][info][gc,reloc    ] GC(48) y: Survivor 1        15M (1%)            4M (0%)          10 / 1              0 / 0              0 / 0        
[2026-06-26T13:35:12.688-0300][40.624s][3992][8900 ][info][gc,reloc    ] GC(48) y: Survivor 2         2M (0%)            3M (0%)           3 / 2              0 / 0              0 / 0        
[2026-06-26T13:35:12.688-0300][40.624s][3992][8900 ][info][gc,heap     ] GC(48) y: Min Capacity: 8M(0%)
[2026-06-26T13:35:12.688-0300][40.624s][3992][8900 ][info][gc,heap     ] GC(48) y: Max Capacity: 3072M(100%)
[2026-06-26T13:35:12.688-0300][40.624s][3992][8900 ][info][gc,heap     ] GC(48) y: Soft Max Capacity: 3072M(100%)
[2026-06-26T13:35:12.688-0300][40.624s][3992][8900 ][info][gc,heap     ] GC(48) y: Heap Statistics:
[2026-06-26T13:35:12.688-0300][40.624s][3992][8900 ][info][gc,heap     ] GC(48) y:                Mark Start          Mark End        Relocate Start      Relocate End           High               Low         
[2026-06-26T13:35:12.688-0300][40.624s][3992][8900 ][info][gc,heap     ] GC(48) y:  Capacity:     3072M (100%)       3072M (100%)       3072M (100%)       3072M (100%)       3072M (100%)       3072M (100%)   
[2026-06-26T13:35:12.688-0300][40.624s][3992][8900 ][info][gc,heap     ] GC(48) y:      Free:     1444M (47%)        1414M (46%)        1492M (49%)        1510M (49%)        1510M (49%)        1414M (46%)    
[2026-06-26T13:35:12.688-0300][40.624s][3992][8900 ][info][gc,heap     ] GC(48) y:      Used:     1628M (53%)        1658M (54%)        1580M (51%)        1562M (51%)        1658M (54%)        1562M (51%)    
[2026-06-26T13:35:12.688-0300][40.624s][3992][8900 ][info][gc,heap     ] GC(48) y: Young Generation Statistics:
[2026-06-26T13:35:12.688-0300][40.624s][3992][8900 ][info][gc,heap     ] GC(48) y:                Mark Start          Mark End        Relocate Start      Relocate End    
[2026-06-26T13:35:12.688-0300][40.624s][3992][8900 ][info][gc,heap     ] GC(48) y:      Used:      160M (5%)          190M (6%)          110M (4%)           88M (3%)     
[2026-06-26T13:35:12.688-0300][40.624s][3992][8900 ][info][gc,heap     ] GC(48) y:      Live:         -                21M (1%)           20M (1%)           19M (1%)     
[2026-06-26T13:35:12.688-0300][40.624s][3992][8900 ][info][gc,heap     ] GC(48) y:   Garbage:         -               138M (5%)           57M (2%)           30M (1%)     
[2026-06-26T13:35:12.688-0300][40.624s][3992][8900 ][info][gc,heap     ] GC(48) y: Allocated:         -                30M (1%)           32M (1%)           38M (1%)     
[2026-06-26T13:35:12.688-0300][40.624s][3992][8900 ][info][gc,heap     ] GC(48) y: Reclaimed:         -                  -                80M (3%)          107M (3%)     
[2026-06-26T13:35:12.688-0300][40.624s][3992][8900 ][info][gc,heap     ] GC(48) y:  Promoted:         -                  -                 1M (0%)            2M (0%)     
[2026-06-26T13:35:12.688-0300][40.624s][3992][8900 ][info][gc,heap     ] GC(48) y: Compacted:         -                  -                  -                 1M (0%)     
[2026-06-26T13:35:12.688-0300][40.624s][3992][8900 ][info][gc,phases   ] GC(48) y: Young Generation 1628M(53%)->1562M(51%) 0.049s
[2026-06-26T13:35:12.688-0300][40.624s][3992][8900 ][info][gc          ] GC(48) Minor Collection (Allocation Rate) 1628M(53%)->1562M(51%) 0.049s
[2026-06-26T13:35:12.756-0300][40.692s][3992][8900 ][info][gc          ] GC(49) Minor Collection (Allocation Rate)
[2026-06-26T13:35:12.756-0300][40.693s][3992][8900 ][info][gc,task     ] GC(49) Using 2 Workers for Young Generation
[2026-06-26T13:35:12.756-0300][40.693s][3992][8900 ][info][gc,phases   ] GC(49) y: Young Generation
[2026-06-26T13:35:12.757-0300][40.693s][3992][11424][info][gc,phases   ] GC(49) y: Pause Mark Start 0.014ms
[2026-06-26T13:35:12.802-0300][40.738s][3992][8900 ][info][gc,phases   ] GC(49) y: Concurrent Mark 45.463ms
[2026-06-26T13:35:12.802-0300][40.738s][3992][11424][info][gc,phases   ] GC(49) y: Pause Mark End 0.016ms
[2026-06-26T13:35:12.802-0300][40.738s][3992][8900 ][info][gc,phases   ] GC(49) y: Concurrent Mark Free 0.005ms
[2026-06-26T13:35:12.802-0300][40.738s][3992][8900 ][info][gc,phases   ] GC(49) y: Concurrent Reset Relocation Set 0.008ms
[2026-06-26T13:35:12.802-0300][40.739s][3992][8900 ][info][gc,reloc    ] GC(49) y: Using tenuring threshold: 2 (Computed)
[2026-06-26T13:35:12.807-0300][40.744s][3992][8900 ][info][gc,phases   ] GC(49) y: Concurrent Select Relocation Set 5.455ms
[2026-06-26T13:35:12.808-0300][40.744s][3992][11424][info][gc,phases   ] GC(49) y: Pause Relocate Start 0.014ms
[2026-06-26T13:35:12.818-0300][40.755s][3992][8900 ][info][gc,phases   ] GC(49) y: Concurrent Relocate 11.320ms
[2026-06-26T13:35:12.818-0300][40.756s][3992][8900 ][info][gc,alloc    ] GC(49) y:                         Mark Start        Mark End      Relocate Start    Relocate End   
[2026-06-26T13:35:12.818-0300][40.756s][3992][8900 ][info][gc,alloc    ] GC(49) y: Allocation Stalls:          0                0                0                0         
[2026-06-26T13:35:12.818-0300][40.756s][3992][8900 ][info][gc,load     ] GC(49) y: Load: 0.00 (0%) / 0.00 (0%) / 0.00 (0%)
[2026-06-26T13:35:12.820-0300][40.756s][3992][8900 ][info][gc,mmu      ] GC(49) y: MMU: 2ms/97.3%, 5ms/98.9%, 10ms/99.5%, 20ms/99.7%, 50ms/99.8%, 100ms/99.9%
[2026-06-26T13:35:12.820-0300][40.756s][3992][8900 ][info][gc,marking  ] GC(49) y: Mark: 2 stripe(s), 2 proactive flush(es), 1 terminate flush(es), 0 completion(s), 0 continuation(s) 
[2026-06-26T13:35:12.820-0300][40.756s][3992][8900 ][info][gc,nmethod  ] GC(49) y: NMethods: 11050 registered, 0 unregistered
[2026-06-26T13:35:12.820-0300][40.756s][3992][8900 ][info][gc,metaspace] GC(49) y: Metaspace: 64M used, 65M committed, 1088M reserved
[2026-06-26T13:35:12.820-0300][40.756s][3992][8900 ][info][gc,reloc    ] GC(49) y:                        Candidates     Selected     In-Place         Size        Empty    Relocated 
[2026-06-26T13:35:12.820-0300][40.756s][3992][8900 ][info][gc,reloc    ] GC(49) y: Small Pages:                   35           14            0          70M           4M           3M 
[2026-06-26T13:35:12.820-0300][40.756s][3992][8900 ][info][gc,reloc    ] GC(49) y: Medium Pages:                   2            1            0          64M           0M           3M 
[2026-06-26T13:35:12.820-0300][40.756s][3992][8900 ][info][gc,reloc    ] GC(49) y: Large Pages:                    4            0            0          48M           0M           0M 
[2026-06-26T13:35:12.820-0300][40.756s][3992][8900 ][info][gc,reloc    ] GC(49) y: Forwarding Usage: 2M
[2026-06-26T13:35:12.820-0300][40.756s][3992][8900 ][info][gc,reloc    ] GC(49) y: Age Table:
[2026-06-26T13:35:12.820-0300][40.756s][3992][8900 ][info][gc,reloc    ] GC(49) y:                    Live             Garbage             Small              Medium             Large        
[2026-06-26T13:35:12.820-0300][40.756s][3992][8900 ][info][gc,reloc    ] GC(49) y: Eden              69M (2%)           56M (2%)          23 / 12             1 / 1              4 / 0        
[2026-06-26T13:35:12.820-0300][40.756s][3992][8900 ][info][gc,reloc    ] GC(49) y: Survivor 1         3M (0%)           34M (1%)           3 / 1              1 / 0              0 / 0        
[2026-06-26T13:35:12.820-0300][40.756s][3992][8900 ][info][gc,reloc    ] GC(49) y: Survivor 2        15M (1%)            2M (0%)           9 / 1              0 / 0              0 / 0        
[2026-06-26T13:35:12.820-0300][40.756s][3992][8900 ][info][gc,heap     ] GC(49) y: Min Capacity: 8M(0%)
[2026-06-26T13:35:12.820-0300][40.756s][3992][8900 ][info][gc,heap     ] GC(49) y: Max Capacity: 3072M(100%)
[2026-06-26T13:35:12.820-0300][40.756s][3992][8900 ][info][gc,heap     ] GC(49) y: Soft Max Capacity: 3072M(100%)
[2026-06-26T13:35:12.820-0300][40.756s][3992][8900 ][info][gc,heap     ] GC(49) y: Heap Statistics:
[2026-06-26T13:35:12.820-0300][40.756s][3992][8900 ][info][gc,heap     ] GC(49) y:                Mark Start          Mark End        Relocate Start      Relocate End           High               Low         
[2026-06-26T13:35:12.820-0300][40.756s][3992][8900 ][info][gc,heap     ] GC(49) y:  Capacity:     3072M (100%)       3072M (100%)       3072M (100%)       3072M (100%)       3072M (100%)       3072M (100%)   
[2026-06-26T13:35:12.820-0300][40.756s][3992][8900 ][info][gc,heap     ] GC(49) y:      Free:     1416M (46%)        1396M (45%)        1400M (46%)        1424M (46%)        1424M (46%)        1336M (43%)    
[2026-06-26T13:35:12.820-0300][40.756s][3992][8900 ][info][gc,heap     ] GC(49) y:      Used:     1656M (54%)        1676M (55%)        1672M (54%)        1648M (54%)        1736M (57%)        1648M (54%)    
[2026-06-26T13:35:12.820-0300][40.756s][3992][8900 ][info][gc,heap     ] GC(49) y: Young Generation Statistics:
[2026-06-26T13:35:12.820-0300][40.756s][3992][8900 ][info][gc,heap     ] GC(49) y:                Mark Start          Mark End        Relocate Start      Relocate End    
[2026-06-26T13:35:12.820-0300][40.756s][3992][8900 ][info][gc,heap     ] GC(49) y:      Used:      182M (6%)          202M (7%)          182M (6%)          156M (5%)     
[2026-06-26T13:35:12.820-0300][40.756s][3992][8900 ][info][gc,heap     ] GC(49) y:      Live:         -                88M (3%)           73M (2%)           73M (2%)     
[2026-06-26T13:35:12.820-0300][40.756s][3992][8900 ][info][gc,heap     ] GC(49) y:   Garbage:         -                93M (3%)           88M (3%)            0M (0%)     
[2026-06-26T13:35:12.820-0300][40.756s][3992][8900 ][info][gc,heap     ] GC(49) y: Allocated:         -                20M (1%)           20M (1%)           82M (3%)     
[2026-06-26T13:35:12.820-0300][40.756s][3992][8900 ][info][gc,heap     ] GC(49) y: Reclaimed:         -                  -                 4M (0%)           92M (3%)     
[2026-06-26T13:35:12.820-0300][40.756s][3992][8900 ][info][gc,heap     ] GC(49) y:  Promoted:         -                  -                15M (0%)           15M (1%)     
[2026-06-26T13:35:12.820-0300][40.756s][3992][8900 ][info][gc,heap     ] GC(49) y: Compacted:         -                  -                  -                 9M (0%)     
[2026-06-26T13:35:12.820-0300][40.756s][3992][8900 ][info][gc,phases   ] GC(49) y: Young Generation 1656M(54%)->1648M(54%) 0.063s
[2026-06-26T13:35:12.820-0300][40.756s][3992][8900 ][info][gc          ] GC(49) Minor Collection (Allocation Rate) 1656M(54%)->1648M(54%) 0.064s
[2026-06-26T13:35:13.239-0300][41.175s][3992][8900 ][info][gc          ] GC(50) Minor Collection (Allocation Rate)
[2026-06-26T13:35:13.239-0300][41.175s][3992][8900 ][info][gc,task     ] GC(50) Using 1 Workers for Young Generation
[2026-06-26T13:35:13.239-0300][41.175s][3992][8900 ][info][gc,phases   ] GC(50) y: Young Generation
[2026-06-26T13:35:13.239-0300][41.175s][3992][11424][info][gc,phases   ] GC(50) y: Pause Mark Start 0.012ms
[2026-06-26T13:35:13.331-0300][41.267s][3992][8900 ][info][gc,phases   ] GC(50) y: Concurrent Mark 92.078ms
[2026-06-26T13:35:13.331-0300][41.267s][3992][11424][info][gc,phases   ] GC(50) y: Pause Mark End 0.016ms
[2026-06-26T13:35:13.331-0300][41.267s][3992][8900 ][info][gc,phases   ] GC(50) y: Concurrent Mark Free 0.005ms
[2026-06-26T13:35:13.331-0300][41.267s][3992][8900 ][info][gc,phases   ] GC(50) y: Concurrent Reset Relocation Set 0.021ms
[2026-06-26T13:35:13.331-0300][41.267s][3992][8900 ][info][gc,reloc    ] GC(50) y: Using tenuring threshold: 2 (Computed)
[2026-06-26T13:35:13.335-0300][41.271s][3992][8900 ][info][gc,phases   ] GC(50) y: Concurrent Select Relocation Set 3.981ms
[2026-06-26T13:35:13.335-0300][41.271s][3992][11424][info][gc,phases   ] GC(50) y: Pause Relocate Start 0.014ms
[2026-06-26T13:35:13.367-0300][41.303s][3992][8900 ][info][gc,phases   ] GC(50) y: Concurrent Relocate 31.336ms
[2026-06-26T13:35:13.367-0300][41.303s][3992][8900 ][info][gc,alloc    ] GC(50) y:                         Mark Start        Mark End      Relocate Start    Relocate End   
[2026-06-26T13:35:13.367-0300][41.303s][3992][8900 ][info][gc,alloc    ] GC(50) y: Allocation Stalls:          0                0                0                0         
[2026-06-26T13:35:13.367-0300][41.303s][3992][8900 ][info][gc,load     ] GC(50) y: Load: 0.00 (0%) / 0.00 (0%) / 0.00 (0%)
[2026-06-26T13:35:13.367-0300][41.303s][3992][8900 ][info][gc,mmu      ] GC(50) y: MMU: 2ms/97.3%, 5ms/98.9%, 10ms/99.5%, 20ms/99.7%, 50ms/99.8%, 100ms/99.9%
[2026-06-26T13:35:13.367-0300][41.303s][3992][8900 ][info][gc,marking  ] GC(50) y: Mark: 1 stripe(s), 2 proactive flush(es), 1 terminate flush(es), 0 completion(s), 0 continuation(s) 
[2026-06-26T13:35:13.367-0300][41.303s][3992][8900 ][info][gc,nmethod  ] GC(50) y: NMethods: 11411 registered, 0 unregistered
[2026-06-26T13:35:13.367-0300][41.303s][3992][8900 ][info][gc,metaspace] GC(50) y: Metaspace: 65M used, 66M committed, 1088M reserved
[2026-06-26T13:35:13.367-0300][41.303s][3992][8900 ][info][gc,reloc    ] GC(50) y:                        Candidates     Selected     In-Place         Size        Empty    Relocated 
[2026-06-26T13:35:13.367-0300][41.303s][3992][8900 ][info][gc,reloc    ] GC(50) y: Small Pages:                   55           31            0         110M           0M          12M 
[2026-06-26T13:35:13.367-0300][41.303s][3992][8900 ][info][gc,reloc    ] GC(50) y: Medium Pages:                   2            1            0          64M           0M           3M 
[2026-06-26T13:35:13.367-0300][41.303s][3992][8900 ][info][gc,reloc    ] GC(50) y: Large Pages:                    4            0            0          48M           0M           0M 
[2026-06-26T13:35:13.367-0300][41.303s][3992][8900 ][info][gc,reloc    ] GC(50) y: Forwarding Usage: 9M
[2026-06-26T13:35:13.367-0300][41.303s][3992][8900 ][info][gc,reloc    ] GC(50) y: Age Table:
[2026-06-26T13:35:13.367-0300][41.303s][3992][8900 ][info][gc,reloc    ] GC(50) y:                    Live             Garbage             Small              Medium             Large        
[2026-06-26T13:35:13.367-0300][41.303s][3992][8900 ][info][gc,reloc    ] GC(50) y: Eden              24M (1%)           61M (2%)          43 / 29             0 / 0              0 / 0        
[2026-06-26T13:35:13.367-0300][41.303s][3992][8900 ][info][gc,reloc    ] GC(50) y: Survivor 1        69M (2%)           30M (1%)          10 / 1              1 / 1              4 / 0        
[2026-06-26T13:35:13.367-0300][41.303s][3992][8900 ][info][gc,reloc    ] GC(50) y: Survivor 2         3M (0%)           32M (1%)           2 / 1              1 / 0              0 / 0        
[2026-06-26T13:35:13.367-0300][41.303s][3992][8900 ][info][gc,heap     ] GC(50) y: Min Capacity: 8M(0%)
[2026-06-26T13:35:13.367-0300][41.303s][3992][8900 ][info][gc,heap     ] GC(50) y: Max Capacity: 3072M(100%)
[2026-06-26T13:35:13.367-0300][41.303s][3992][8900 ][info][gc,heap     ] GC(50) y: Soft Max Capacity: 3072M(100%)
[2026-06-26T13:35:13.367-0300][41.303s][3992][8900 ][info][gc,heap     ] GC(50) y: Heap Statistics:
[2026-06-26T13:35:13.367-0300][41.303s][3992][8900 ][info][gc,heap     ] GC(50) y:                Mark Start          Mark End        Relocate Start      Relocate End           High               Low         
[2026-06-26T13:35:13.367-0300][41.303s][3992][8900 ][info][gc,heap     ] GC(50) y:  Capacity:     3072M (100%)       3072M (100%)       3072M (100%)       3072M (100%)       3072M (100%)       3072M (100%)   
[2026-06-26T13:35:13.367-0300][41.303s][3992][8900 ][info][gc,heap     ] GC(50) y:      Free:     1358M (44%)        1330M (43%)        1330M (43%)        1370M (45%)        1370M (45%)        1288M (42%)    
[2026-06-26T13:35:13.367-0300][41.303s][3992][8900 ][info][gc,heap     ] GC(50) y:      Used:     1714M (56%)        1742M (57%)        1742M (57%)        1702M (55%)        1784M (58%)        1702M (55%)    
[2026-06-26T13:35:13.367-0300][41.303s][3992][8900 ][info][gc,heap     ] GC(50) y: Young Generation Statistics:
[2026-06-26T13:35:13.367-0300][41.303s][3992][8900 ][info][gc,heap     ] GC(50) y:                Mark Start          Mark End        Relocate Start      Relocate End    
[2026-06-26T13:35:13.367-0300][41.303s][3992][8900 ][info][gc,heap     ] GC(50) y:      Used:      222M (7%)          250M (8%)          250M (8%)          174M (6%)     
[2026-06-26T13:35:13.367-0300][41.303s][3992][8900 ][info][gc,heap     ] GC(50) y:      Live:         -                97M (3%)           97M (3%)           94M (3%)     
[2026-06-26T13:35:13.367-0300][41.303s][3992][8900 ][info][gc,heap     ] GC(50) y:   Garbage:         -               124M (4%)          124M (4%)            1M (0%)     
[2026-06-26T13:35:13.367-0300][41.303s][3992][8900 ][info][gc,heap     ] GC(50) y: Allocated:         -                28M (1%)           28M (1%)           78M (3%)     
[2026-06-26T13:35:13.367-0300][41.303s][3992][8900 ][info][gc,heap     ] GC(50) y: Reclaimed:         -                  -                 0M (0%)          122M (4%)     
[2026-06-26T13:35:13.367-0300][41.303s][3992][8900 ][info][gc,heap     ] GC(50) y:  Promoted:         -                  -                 0M (0%)            3M (0%)     
[2026-06-26T13:35:13.367-0300][41.303s][3992][8900 ][info][gc,heap     ] GC(50) y: Compacted:         -                  -                  -                19M (1%)     
[2026-06-26T13:35:13.367-0300][41.303s][3992][8900 ][info][gc,phases   ] GC(50) y: Young Generation 1714M(56%)->1702M(55%) 0.128s
[2026-06-26T13:35:13.367-0300][41.303s][3992][8900 ][info][gc          ] GC(50) Minor Collection (Allocation Rate) 1714M(56%)->1702M(55%) 0.129s
[2026-06-26T13:35:14.245-0300][42.181s][3992][15924][info][gc,phases   ] GC(46) O: Concurrent Mark 2329.508ms
[2026-06-26T13:35:14.245-0300][42.181s][3992][11424][info][gc,phases   ] GC(46) O: Pause Mark End 0.013ms
[2026-06-26T13:35:14.245-0300][42.181s][3992][15924][info][gc,phases   ] GC(46) O: Concurrent Mark Free 0.005ms
[2026-06-26T13:35:14.277-0300][42.214s][3992][15924][info][gc,phases   ] GC(46) O: Concurrent Process Non-Strong 32.687ms
[2026-06-26T13:35:14.277-0300][42.214s][3992][15924][info][gc,phases   ] GC(46) O: Concurrent Reset Relocation Set 0.008ms
[2026-06-26T13:35:14.287-0300][42.223s][3992][15924][info][gc,phases   ] GC(46) O: Concurrent Select Relocation Set 8.643ms
[2026-06-26T13:35:14.287-0300][42.223s][3992][15924][info][gc,task     ] GC(46) O: Using 2 Workers for Old Generation
[2026-06-26T13:35:14.297-0300][42.234s][3992][15924][info][gc,task     ] GC(46) O: Using 1 Workers for Old Generation
[2026-06-26T13:35:14.297-0300][42.234s][3992][15924][info][gc,phases   ] GC(46) O: Concurrent Remap Roots 10.847ms
[2026-06-26T13:35:14.298-0300][42.234s][3992][11424][info][gc,phases   ] GC(46) O: Pause Relocate Start 0.012ms
[2026-06-26T13:35:14.432-0300][42.369s][3992][15924][info][gc,phases   ] GC(46) O: Concurrent Relocate 134.876ms
[2026-06-26T13:35:14.433-0300][42.369s][3992][15924][info][gc,alloc    ] GC(46) O:                         Mark Start        Mark End      Relocate Start    Relocate End   
[2026-06-26T13:35:14.433-0300][42.369s][3992][15924][info][gc,alloc    ] GC(46) O: Allocation Stalls:          0                0                0                0         
[2026-06-26T13:35:14.433-0300][42.369s][3992][15924][info][gc,load     ] GC(46) O: Load: 0.00 (0%) / 0.00 (0%) / 0.00 (0%)
[2026-06-26T13:35:14.433-0300][42.369s][3992][15924][info][gc,mmu      ] GC(46) O: MMU: 2ms/97.3%, 5ms/98.9%, 10ms/99.5%, 20ms/99.7%, 50ms/99.8%, 100ms/99.9%
[2026-06-26T13:35:14.433-0300][42.369s][3992][15924][info][gc,marking  ] GC(46) O: Mark: 1 stripe(s), 2 proactive flush(es), 1 terminate flush(es), 0 completion(s), 0 continuation(s) 
[2026-06-26T13:35:14.433-0300][42.369s][3992][15924][info][gc,nmethod  ] GC(46) O: NMethods: 11608 registered, 91 unregistered
[2026-06-26T13:35:14.433-0300][42.369s][3992][15924][info][gc,metaspace] GC(46) O: Metaspace: 65M used, 66M committed, 1088M reserved
[2026-06-26T13:35:14.433-0300][42.369s][3992][15924][info][gc,ref      ] GC(46) O:                       Encountered   Discovered     Enqueued 
[2026-06-26T13:35:14.433-0300][42.369s][3992][15924][info][gc,ref      ] GC(46) O: Soft References:             5367            0            0 
[2026-06-26T13:35:14.433-0300][42.369s][3992][15924][info][gc,ref      ] GC(46) O: Weak References:             4530         3533            2 
[2026-06-26T13:35:14.433-0300][42.369s][3992][15924][info][gc,ref      ] GC(46) O: Final References:              15            3            0 
[2026-06-26T13:35:14.433-0300][42.369s][3992][15924][info][gc,ref      ] GC(46) O: Phantom References:        150577        60906        54421 
[2026-06-26T13:35:14.433-0300][42.369s][3992][15924][info][gc,reloc    ] GC(46) O:                        Candidates     Selected     In-Place         Size        Empty    Relocated 
[2026-06-26T13:35:14.433-0300][42.369s][3992][15924][info][gc,reloc    ] GC(46) O: Small Pages:                  623           46            0        1246M          26M          22M 
[2026-06-26T13:35:14.433-0300][42.369s][3992][15924][info][gc,reloc    ] GC(46) O: Medium Pages:                   3            1            0          96M           0M           6M 
[2026-06-26T13:35:14.433-0300][42.369s][3992][15924][info][gc,reloc    ] GC(46) O: Large Pages:                    1            0            0          12M           0M           0M 
[2026-06-26T13:35:14.433-0300][42.369s][3992][15924][info][gc,reloc    ] GC(46) O: Forwarding Usage: 31M
[2026-06-26T13:35:14.433-0300][42.369s][3992][15924][info][gc,heap     ] GC(46) O: Min Capacity: 8M(0%)
[2026-06-26T13:35:14.433-0300][42.369s][3992][15924][info][gc,heap     ] GC(46) O: Max Capacity: 3072M(100%)
[2026-06-26T13:35:14.433-0300][42.369s][3992][15924][info][gc,heap     ] GC(46) O: Soft Max Capacity: 3072M(100%)
[2026-06-26T13:35:14.433-0300][42.369s][3992][15924][info][gc,heap     ] GC(46) O: Heap Statistics:
[2026-06-26T13:35:14.433-0300][42.369s][3992][15924][info][gc,heap     ] GC(46) O:                Mark Start          Mark End        Relocate Start      Relocate End           High               Low         
[2026-06-26T13:35:14.433-0300][42.369s][3992][15924][info][gc,heap     ] GC(46) O:  Capacity:     3072M (100%)       3072M (100%)       3072M (100%)       3072M (100%)       3072M (100%)       3072M (100%)   
[2026-06-26T13:35:14.433-0300][42.369s][3992][15924][info][gc,heap     ] GC(46) O:      Free:     1558M (51%)        1194M (39%)        1208M (39%)        1304M (42%)        1568M (51%)        1172M (38%)    
[2026-06-26T13:35:14.433-0300][42.369s][3992][15924][info][gc,heap     ] GC(46) O:      Used:     1514M (49%)        1878M (61%)        1864M (61%)        1768M (58%)        1900M (62%)        1504M (49%)    
[2026-06-26T13:35:14.433-0300][42.369s][3992][15924][info][gc,heap     ] GC(46) O: Old Generation Statistics:
[2026-06-26T13:35:14.433-0300][42.369s][3992][15924][info][gc,heap     ] GC(46) O:                Mark Start          Mark End        Relocate Start      Relocate End    
[2026-06-26T13:35:14.433-0300][42.369s][3992][15924][info][gc,heap     ] GC(46) O:      Used:     1354M (44%)        1528M (50%)        1502M (49%)        1378M (45%)    
[2026-06-26T13:35:14.433-0300][42.369s][3992][15924][info][gc,heap     ] GC(46) O:      Live:         -              1107M (36%)        1107M (36%)        1107M (36%)    
[2026-06-26T13:35:14.433-0300][42.369s][3992][15924][info][gc,heap     ] GC(46) O:   Garbage:         -               246M (8%)          220M (7%)           61M (2%)     
[2026-06-26T13:35:14.433-0300][42.369s][3992][15924][info][gc,heap     ] GC(46) O: Allocated:         -               174M (6%)          174M (6%)          209M (7%)     
[2026-06-26T13:35:14.433-0300][42.369s][3992][15924][info][gc,heap     ] GC(46) O: Reclaimed:         -                  -                26M (1%)          185M (6%)     
[2026-06-26T13:35:14.433-0300][42.369s][3992][15924][info][gc,heap     ] GC(46) O: Compacted:         -                  -                  -                90M (3%)     
[2026-06-26T13:35:14.433-0300][42.369s][3992][15924][info][gc,phases   ] GC(46) O: Old Generation 1508M(49%)->1768M(58%) 2.517s
[2026-06-26T13:35:14.433-0300][42.369s][3992][15924][info][gc          ] GC(46) Major Collection (Allocation Rate) 1514M(49%)->1768M(58%) 2.661s
[2026-06-26T13:35:17.784-0300][45.720s][3992][8900 ][info][gc          ] GC(51) Minor Collection (Allocation Rate)
[2026-06-26T13:35:17.784-0300][45.720s][3992][8900 ][info][gc,task     ] GC(51) Using 1 Workers for Young Generation
[2026-06-26T13:35:17.784-0300][45.720s][3992][8900 ][info][gc,phases   ] GC(51) y: Young Generation
[2026-06-26T13:35:17.784-0300][45.721s][3992][11424][info][gc,phases   ] GC(51) y: Pause Mark Start 0.009ms
[2026-06-26T13:35:18.241-0300][46.178s][3992][8900 ][info][gc,phases   ] GC(51) y: Concurrent Mark 457.757ms
[2026-06-26T13:35:18.242-0300][46.178s][3992][11424][info][gc,phases   ] GC(51) y: Pause Mark End 0.016ms
[2026-06-26T13:35:18.242-0300][46.178s][3992][8900 ][info][gc,phases   ] GC(51) y: Concurrent Mark Free 0.002ms
[2026-06-26T13:35:18.242-0300][46.179s][3992][8900 ][info][gc,phases   ] GC(51) y: Concurrent Reset Relocation Set 0.007ms
[2026-06-26T13:35:18.242-0300][46.179s][3992][8900 ][info][gc,reloc    ] GC(51) y: Using tenuring threshold: 1 (Computed)
[2026-06-26T13:35:18.313-0300][46.250s][3992][8900 ][info][gc,phases   ] GC(51) y: Concurrent Select Relocation Set 71.357ms
[2026-06-26T13:35:18.313-0300][46.250s][3992][11424][info][gc,phases   ] GC(51) y: Pause Relocate Start 0.010ms
[2026-06-26T13:35:18.588-0300][46.524s][3992][8900 ][info][gc,phases   ] GC(51) y: Concurrent Relocate 274.335ms
[2026-06-26T13:35:18.588-0300][46.524s][3992][8900 ][info][gc,alloc    ] GC(51) y:                         Mark Start        Mark End      Relocate Start    Relocate End   
[2026-06-26T13:35:18.588-0300][46.524s][3992][8900 ][info][gc,alloc    ] GC(51) y: Allocation Stalls:          0                0                0                0         
[2026-06-26T13:35:18.588-0300][46.524s][3992][8900 ][info][gc,load     ] GC(51) y: Load: 0.00 (0%) / 0.00 (0%) / 0.00 (0%)
[2026-06-26T13:35:18.588-0300][46.524s][3992][8900 ][info][gc,mmu      ] GC(51) y: MMU: 2ms/97.3%, 5ms/98.9%, 10ms/99.5%, 20ms/99.7%, 50ms/99.8%, 100ms/99.9%
[2026-06-26T13:35:18.588-0300][46.524s][3992][8900 ][info][gc,marking  ] GC(51) y: Mark: 1 stripe(s), 2 proactive flush(es), 1 terminate flush(es), 0 completion(s), 0 continuation(s) 
[2026-06-26T13:35:18.588-0300][46.525s][3992][8900 ][info][gc,nmethod  ] GC(51) y: NMethods: 12381 registered, 91 unregistered
[2026-06-26T13:35:18.588-0300][46.525s][3992][8900 ][info][gc,metaspace] GC(51) y: Metaspace: 66M used, 67M committed, 1088M reserved
[2026-06-26T13:35:18.589-0300][46.525s][3992][8900 ][info][gc,reloc    ] GC(51) y:                        Candidates     Selected     In-Place         Size        Empty    Relocated 
[2026-06-26T13:35:18.589-0300][46.525s][3992][8900 ][info][gc,reloc    ] GC(51) y: Small Pages:                  690          443            0        1380M         124M         103M 
[2026-06-26T13:35:18.589-0300][46.525s][3992][8900 ][info][gc,reloc    ] GC(51) y: Medium Pages:                   1            0            0          32M           0M           0M 
[2026-06-26T13:35:18.589-0300][46.525s][3992][8900 ][info][gc,reloc    ] GC(51) y: Large Pages:                    4            0            0          48M           0M           0M 
[2026-06-26T13:35:18.589-0300][46.525s][3992][8900 ][info][gc,reloc    ] GC(51) y: Forwarding Usage: 90M
[2026-06-26T13:35:18.589-0300][46.525s][3992][8900 ][info][gc,reloc    ] GC(51) y: Age Table:
[2026-06-26T13:35:18.589-0300][46.525s][3992][8900 ][info][gc,reloc    ] GC(51) y:                    Live             Garbage             Small              Medium             Large        
[2026-06-26T13:35:18.589-0300][46.525s][3992][8900 ][info][gc,reloc    ] GC(51) y: Eden             281M (9%)         1040M (34%)        661 / 439            0 / 0              0 / 0        
[2026-06-26T13:35:18.589-0300][46.525s][3992][8900 ][info][gc,reloc    ] GC(51) y: Survivor 1        24M (1%)            9M (0%)          17 / 3              0 / 0              0 / 0        
[2026-06-26T13:35:18.589-0300][46.525s][3992][8900 ][info][gc,reloc    ] GC(51) y: Survivor 2        69M (2%)           34M (1%)          12 / 1              1 / 0              4 / 0        
[2026-06-26T13:35:18.589-0300][46.525s][3992][8900 ][info][gc,heap     ] GC(51) y: Min Capacity: 8M(0%)
[2026-06-26T13:35:18.589-0300][46.525s][3992][8900 ][info][gc,heap     ] GC(51) y: Max Capacity: 3072M(100%)
[2026-06-26T13:35:18.589-0300][46.525s][3992][8900 ][info][gc,heap     ] GC(51) y: Soft Max Capacity: 3072M(100%)
[2026-06-26T13:35:18.589-0300][46.525s][3992][8900 ][info][gc,heap     ] GC(51) y: Heap Statistics:
[2026-06-26T13:35:18.589-0300][46.525s][3992][8900 ][info][gc,heap     ] GC(51) y:                Mark Start          Mark End        Relocate Start      Relocate End           High               Low         
[2026-06-26T13:35:18.589-0300][46.525s][3992][8900 ][info][gc,heap     ] GC(51) y:  Capacity:     3072M (100%)       3072M (100%)       3072M (100%)       3072M (100%)       3072M (100%)       3072M (100%)   
[2026-06-26T13:35:18.589-0300][46.525s][3992][8900 ][info][gc,heap     ] GC(51) y:      Free:      234M (8%)          158M (5%)          280M (9%)         1150M (37%)        1158M (38%)         158M (5%)     
[2026-06-26T13:35:18.589-0300][46.525s][3992][8900 ][info][gc,heap     ] GC(51) y:      Used:     2838M (92%)        2914M (95%)        2792M (91%)        1922M (63%)        2914M (95%)        1914M (62%)    
[2026-06-26T13:35:18.589-0300][46.525s][3992][8900 ][info][gc,heap     ] GC(51) y: Young Generation Statistics:
[2026-06-26T13:35:18.589-0300][46.525s][3992][8900 ][info][gc,heap     ] GC(51) y:                Mark Start          Mark End        Relocate Start      Relocate End    
[2026-06-26T13:35:18.589-0300][46.525s][3992][8900 ][info][gc,heap     ] GC(51) y:      Used:     1460M (48%)        1536M (50%)        1290M (42%)         418M (14%)    
[2026-06-26T13:35:18.589-0300][46.525s][3992][8900 ][info][gc,heap     ] GC(51) y:      Live:         -               375M (12%)         281M (9%)          281M (9%)     
[2026-06-26T13:35:18.589-0300][46.525s][3992][8900 ][info][gc,heap     ] GC(51) y:   Garbage:         -              1084M (35%)         930M (30%)          21M (1%)     
[2026-06-26T13:35:18.589-0300][46.525s][3992][8900 ][info][gc,heap     ] GC(51) y: Allocated:         -                76M (2%)           78M (3%)          114M (4%)     
[2026-06-26T13:35:18.589-0300][46.525s][3992][8900 ][info][gc,heap     ] GC(51) y: Reclaimed:         -                  -               154M (5%)         1062M (35%)    
[2026-06-26T13:35:18.589-0300][46.525s][3992][8900 ][info][gc,heap     ] GC(51) y:  Promoted:         -                  -                93M (3%)           94M (3%)     
[2026-06-26T13:35:18.589-0300][46.525s][3992][8900 ][info][gc,heap     ] GC(51) y: Compacted:         -                  -                  -               155M (5%)     
[2026-06-26T13:35:18.589-0300][46.525s][3992][8900 ][info][gc,phases   ] GC(51) y: Young Generation 2838M(92%)->1922M(63%) 0.804s
[2026-06-26T13:35:18.589-0300][46.525s][3992][8900 ][info][gc          ] GC(51) Minor Collection (Allocation Rate) 2838M(92%)->1922M(63%) 0.804s
[2026-06-26T13:35:26.276-0300][54.212s][3992][15924][info][gc          ] GC(52) Major Collection (Allocation Rate)
[2026-06-26T13:35:26.276-0300][54.212s][3992][15924][info][gc,task     ] GC(52) Using 2 Workers for Young Generation
[2026-06-26T13:35:26.276-0300][54.212s][3992][15924][info][gc,task     ] GC(52) Using 1 Workers for Old Generation
[2026-06-26T13:35:26.276-0300][54.212s][3992][15924][info][gc,phases   ] GC(52) Y: Young Generation
[2026-06-26T13:35:26.276-0300][54.212s][3992][11424][info][gc,phases   ] GC(52) Y: Pause Mark Start (Major) 0.008ms
[2026-06-26T13:35:26.575-0300][54.511s][3992][15924][info][gc,phases   ] GC(52) Y: Concurrent Mark 299.232ms
[2026-06-26T13:35:26.575-0300][54.511s][3992][11424][info][gc,phases   ] GC(52) Y: Pause Mark End 0.012ms
[2026-06-26T13:35:26.575-0300][54.511s][3992][15924][info][gc,phases   ] GC(52) Y: Concurrent Mark Free 0.003ms
[2026-06-26T13:35:26.575-0300][54.512s][3992][15924][info][gc,phases   ] GC(52) Y: Concurrent Reset Relocation Set 0.095ms
[2026-06-26T13:35:26.575-0300][54.512s][3992][15924][info][gc,reloc    ] GC(52) Y: Using tenuring threshold: 1 (Computed)
[2026-06-26T13:35:26.644-0300][54.581s][3992][15924][info][gc,phases   ] GC(52) Y: Concurrent Select Relocation Set 69.496ms
[2026-06-26T13:35:26.644-0300][54.581s][3992][11424][info][gc,phases   ] GC(52) Y: Pause Relocate Start 0.009ms
[2026-06-26T13:35:26.761-0300][54.698s][3992][15924][info][gc,phases   ] GC(52) Y: Concurrent Relocate 116.560ms
[2026-06-26T13:35:26.761-0300][54.698s][3992][15924][info][gc,alloc    ] GC(52) Y:                         Mark Start        Mark End      Relocate Start    Relocate End   
[2026-06-26T13:35:26.761-0300][54.698s][3992][15924][info][gc,alloc    ] GC(52) Y: Allocation Stalls:          0                0                0                0         
[2026-06-26T13:35:26.761-0300][54.698s][3992][15924][info][gc,load     ] GC(52) Y: Load: 0.00 (0%) / 0.00 (0%) / 0.00 (0%)
[2026-06-26T13:35:26.761-0300][54.698s][3992][15924][info][gc,mmu      ] GC(52) Y: MMU: 2ms/97.3%, 5ms/98.9%, 10ms/99.5%, 20ms/99.7%, 50ms/99.8%, 100ms/99.9%
[2026-06-26T13:35:26.761-0300][54.698s][3992][15924][info][gc,marking  ] GC(52) Y: Mark: 2 stripe(s), 2 proactive flush(es), 1 terminate flush(es), 0 completion(s), 0 continuation(s) 
[2026-06-26T13:35:26.761-0300][54.698s][3992][15924][info][gc,nmethod  ] GC(52) Y: NMethods: 13049 registered, 91 unregistered
[2026-06-26T13:35:26.761-0300][54.698s][3992][15924][info][gc,metaspace] GC(52) Y: Metaspace: 67M used, 68M committed, 1088M reserved
[2026-06-26T13:35:26.761-0300][54.698s][3992][15924][info][gc,reloc    ] GC(52) Y:                        Candidates     Selected     In-Place         Size        Empty    Relocated 
[2026-06-26T13:35:26.761-0300][54.698s][3992][15924][info][gc,reloc    ] GC(52) Y: Small Pages:                  421           91            0         842M         346M           9M 
[2026-06-26T13:35:26.761-0300][54.698s][3992][15924][info][gc,reloc    ] GC(52) Y: Medium Pages:                   0            0            0           0M           0M           0M 
[2026-06-26T13:35:26.761-0300][54.698s][3992][15924][info][gc,reloc    ] GC(52) Y: Large Pages:                    0            0            0           0M           0M           0M 
[2026-06-26T13:35:26.761-0300][54.698s][3992][15924][info][gc,reloc    ] GC(52) Y: Forwarding Usage: 5M
[2026-06-26T13:35:26.761-0300][54.698s][3992][15924][info][gc,reloc    ] GC(52) Y: Age Table:
[2026-06-26T13:35:26.761-0300][54.698s][3992][15924][info][gc,reloc    ] GC(52) Y:                    Live             Garbage             Small              Medium             Large        
[2026-06-26T13:35:26.761-0300][54.698s][3992][15924][info][gc,reloc    ] GC(52) Y: Eden              10M (0%)          521M (17%)        266 / 87             0 / 0              0 / 0        
[2026-06-26T13:35:26.761-0300][54.698s][3992][15924][info][gc,reloc    ] GC(52) Y: Survivor 1       281M (9%)           28M (1%)         155 / 4              0 / 0              0 / 0        
[2026-06-26T13:35:26.761-0300][54.698s][3992][15924][info][gc,heap     ] GC(52) Y: Min Capacity: 8M(0%)
[2026-06-26T13:35:26.761-0300][54.698s][3992][15924][info][gc,heap     ] GC(52) Y: Max Capacity: 3072M(100%)
[2026-06-26T13:35:26.761-0300][54.698s][3992][15924][info][gc,heap     ] GC(52) Y: Soft Max Capacity: 3072M(100%)
[2026-06-26T13:35:26.761-0300][54.698s][3992][15924][info][gc,heap     ] GC(52) Y: Heap Statistics:
[2026-06-26T13:35:26.761-0300][54.698s][3992][15924][info][gc,heap     ] GC(52) Y:                Mark Start          Mark End        Relocate Start      Relocate End           High               Low         
[2026-06-26T13:35:26.761-0300][54.698s][3992][15924][info][gc,heap     ] GC(52) Y:  Capacity:     3072M (100%)       3072M (100%)       3072M (100%)       3072M (100%)       3072M (100%)       3072M (100%)   
[2026-06-26T13:35:26.761-0300][54.698s][3992][15924][info][gc,heap     ] GC(52) Y:      Free:      726M (24%)         666M (22%)        1010M (33%)        1174M (38%)        1184M (39%)         666M (22%)    
[2026-06-26T13:35:26.761-0300][54.698s][3992][15924][info][gc,heap     ] GC(52) Y:      Used:     2346M (76%)        2406M (78%)        2062M (67%)        1898M (62%)        2406M (78%)        1888M (61%)    
[2026-06-26T13:35:26.761-0300][54.698s][3992][15924][info][gc,heap     ] GC(52) Y: Young Generation Statistics:
[2026-06-26T13:35:26.761-0300][54.698s][3992][15924][info][gc,heap     ] GC(52) Y:                Mark Start          Mark End        Relocate Start      Relocate End    
[2026-06-26T13:35:26.761-0300][54.698s][3992][15924][info][gc,heap     ] GC(52) Y:      Used:      842M (27%)         902M (29%)         260M (8%)           90M (3%)     
[2026-06-26T13:35:26.761-0300][54.698s][3992][15924][info][gc,heap     ] GC(52) Y:      Live:         -               291M (9%)           13M (0%)           10M (0%)     
[2026-06-26T13:35:26.761-0300][54.698s][3992][15924][info][gc,heap     ] GC(52) Y:   Garbage:         -               550M (18%)         184M (6%)            0M (0%)     
[2026-06-26T13:35:26.761-0300][54.698s][3992][15924][info][gc,heap     ] GC(52) Y: Allocated:         -                60M (2%)           62M (2%)           79M (3%)     
[2026-06-26T13:35:26.761-0300][54.698s][3992][15924][info][gc,heap     ] GC(52) Y: Reclaimed:         -                  -               366M (12%)         550M (18%)    
[2026-06-26T13:35:26.761-0300][54.698s][3992][15924][info][gc,heap     ] GC(52) Y:  Promoted:         -                  -               277M (9%)          281M (9%)     
[2026-06-26T13:35:26.761-0300][54.698s][3992][15924][info][gc,heap     ] GC(52) Y: Compacted:         -                  -                  -                10M (0%)     
[2026-06-26T13:35:26.761-0300][54.698s][3992][15924][info][gc,phases   ] GC(52) Y: Young Generation 2346M(76%)->1898M(62%) 0.486s
[2026-06-26T13:35:26.761-0300][54.698s][3992][15924][info][gc,phases   ] GC(52) O: Old Generation
[2026-06-26T13:35:28.914-0300][56.851s][3992][15924][info][gc,phases   ] GC(52) O: Concurrent Mark 2152.330ms
[2026-06-26T13:35:28.915-0300][56.851s][3992][11424][info][gc,phases   ] GC(52) O: Pause Mark End 0.017ms
[2026-06-26T13:35:28.915-0300][56.851s][3992][15924][info][gc,phases   ] GC(52) O: Concurrent Mark Free 0.003ms
[2026-06-26T13:35:28.961-0300][56.897s][3992][15924][info][gc,phases   ] GC(52) O: Concurrent Process Non-Strong 46.346ms
[2026-06-26T13:35:28.961-0300][56.897s][3992][15924][info][gc,phases   ] GC(52) O: Concurrent Reset Relocation Set 0.008ms
[2026-06-26T13:35:28.972-0300][56.909s][3992][15924][info][gc,phases   ] GC(52) O: Concurrent Select Relocation Set 11.417ms
[2026-06-26T13:35:28.972-0300][56.909s][3992][15924][info][gc,task     ] GC(52) O: Using 3 Workers for Old Generation
[2026-06-26T13:35:28.986-0300][56.922s][3992][15924][info][gc,task     ] GC(52) O: Using 1 Workers for Old Generation
[2026-06-26T13:35:28.986-0300][56.922s][3992][15924][info][gc,phases   ] GC(52) O: Concurrent Remap Roots 13.658ms
[2026-06-26T13:35:28.986-0300][56.922s][3992][11424][info][gc,phases   ] GC(52) O: Pause Relocate Start 0.016ms
[2026-06-26T13:35:29.118-0300][57.054s][3992][15924][info][gc,phases   ] GC(52) O: Concurrent Relocate 131.177ms
[2026-06-26T13:35:29.118-0300][57.054s][3992][15924][info][gc,alloc    ] GC(52) O:                         Mark Start        Mark End      Relocate Start    Relocate End   
[2026-06-26T13:35:29.118-0300][57.054s][3992][15924][info][gc,alloc    ] GC(52) O: Allocation Stalls:          0                0                0                0         
[2026-06-26T13:35:29.118-0300][57.054s][3992][15924][info][gc,load     ] GC(52) O: Load: 0.00 (0%) / 0.00 (0%) / 0.00 (0%)
[2026-06-26T13:35:29.118-0300][57.054s][3992][15924][info][gc,mmu      ] GC(52) O: MMU: 2ms/97.3%, 5ms/98.9%, 10ms/99.5%, 20ms/99.7%, 50ms/99.8%, 100ms/99.9%
[2026-06-26T13:35:29.118-0300][57.054s][3992][15924][info][gc,marking  ] GC(52) O: Mark: 1 stripe(s), 2 proactive flush(es), 1 terminate flush(es), 0 completion(s), 0 continuation(s) 
[2026-06-26T13:35:29.118-0300][57.054s][3992][15924][info][gc,nmethod  ] GC(52) O: NMethods: 15586 registered, 764 unregistered
[2026-06-26T13:35:29.118-0300][57.054s][3992][15924][info][gc,metaspace] GC(52) O: Metaspace: 72M used, 73M committed, 1152M reserved
[2026-06-26T13:35:29.118-0300][57.054s][3992][15924][info][gc,ref      ] GC(52) O:                       Encountered   Discovered     Enqueued 
[2026-06-26T13:35:29.118-0300][57.054s][3992][15924][info][gc,ref      ] GC(52) O: Soft References:             5444            0            0 
[2026-06-26T13:35:29.118-0300][57.054s][3992][15924][info][gc,ref      ] GC(52) O: Weak References:             5045         3496           45 
[2026-06-26T13:35:29.118-0300][57.054s][3992][15924][info][gc,ref      ] GC(52) O: Final References:              15            1            0 
[2026-06-26T13:35:29.118-0300][57.054s][3992][15924][info][gc,ref      ] GC(52) O: Phantom References:        123920        48885        44567 
[2026-06-26T13:35:29.118-0300][57.054s][3992][15924][info][gc,reloc    ] GC(52) O:                        Candidates     Selected     In-Place         Size        Empty    Relocated 
[2026-06-26T13:35:29.118-0300][57.054s][3992][15924][info][gc,reloc    ] GC(52) O: Small Pages:                  642           16            0        1284M           2M           9M 
[2026-06-26T13:35:29.118-0300][57.054s][3992][15924][info][gc,reloc    ] GC(52) O: Medium Pages:                   5            3            0         160M           0M          13M 
[2026-06-26T13:35:29.118-0300][57.054s][3992][15924][info][gc,reloc    ] GC(52) O: Large Pages:                    5            0            0          60M           0M           0M 
[2026-06-26T13:35:29.118-0300][57.054s][3992][15924][info][gc,reloc    ] GC(52) O: Forwarding Usage: 31M
[2026-06-26T13:35:29.118-0300][57.054s][3992][15924][info][gc,heap     ] GC(52) O: Min Capacity: 8M(0%)
[2026-06-26T13:35:29.118-0300][57.054s][3992][15924][info][gc,heap     ] GC(52) O: Max Capacity: 3072M(100%)
[2026-06-26T13:35:29.118-0300][57.054s][3992][15924][info][gc,heap     ] GC(52) O: Soft Max Capacity: 3072M(100%)
[2026-06-26T13:35:29.118-0300][57.054s][3992][15924][info][gc,heap     ] GC(52) O: Heap Statistics:
[2026-06-26T13:35:29.118-0300][57.054s][3992][15924][info][gc,heap     ] GC(52) O:                Mark Start          Mark End        Relocate Start      Relocate End           High               Low         
[2026-06-26T13:35:29.118-0300][57.054s][3992][15924][info][gc,heap     ] GC(52) O:  Capacity:     3072M (100%)       3072M (100%)       3072M (100%)       3072M (100%)       3072M (100%)       3072M (100%)   
[2026-06-26T13:35:29.118-0300][57.054s][3992][15924][info][gc,heap     ] GC(52) O:      Free:      726M (24%)        1036M (34%)        1024M (33%)        1110M (36%)        1184M (39%)         666M (22%)    
[2026-06-26T13:35:29.118-0300][57.054s][3992][15924][info][gc,heap     ] GC(52) O:      Used:     2346M (76%)        2036M (66%)        2048M (67%)        1962M (64%)        2406M (78%)        1888M (61%)    
[2026-06-26T13:35:29.118-0300][57.054s][3992][15924][info][gc,heap     ] GC(52) O: Old Generation Statistics:
[2026-06-26T13:35:29.118-0300][57.054s][3992][15924][info][gc,heap     ] GC(52) O:                Mark Start          Mark End        Relocate Start      Relocate End    
[2026-06-26T13:35:29.118-0300][57.054s][3992][15924][info][gc,heap     ] GC(52) O:      Used:     1504M (49%)        1808M (59%)        1806M (59%)        1718M (56%)    
[2026-06-26T13:35:29.118-0300][57.054s][3992][15924][info][gc,heap     ] GC(52) O:      Live:         -              1283M (42%)        1283M (42%)        1283M (42%)    
[2026-06-26T13:35:29.118-0300][57.054s][3992][15924][info][gc,heap     ] GC(52) O:   Garbage:         -               220M (7%)          218M (7%)           63M (2%)     
[2026-06-26T13:35:29.118-0300][57.054s][3992][15924][info][gc,heap     ] GC(52) O: Allocated:         -               304M (10%)         304M (10%)         370M (12%)    
[2026-06-26T13:35:29.118-0300][57.054s][3992][15924][info][gc,heap     ] GC(52) O: Reclaimed:         -                  -                 2M (0%)          156M (5%)     
[2026-06-26T13:35:29.118-0300][57.054s][3992][15924][info][gc,heap     ] GC(52) O: Compacted:         -                  -                  -                77M (3%)     
[2026-06-26T13:35:29.118-0300][57.054s][3992][15924][info][gc,phases   ] GC(52) O: Old Generation 1898M(62%)->1962M(64%) 2.356s
[2026-06-26T13:35:29.118-0300][57.054s][3992][15924][info][gc          ] GC(52) Major Collection (Allocation Rate) 2346M(76%)->1962M(64%) 2.842s
[2026-06-26T13:35:35.286-0300][63.222s][3992][3816 ][info][gc,exit     ] Stopping ZGC
[2026-06-26T13:35:35.286-0300][63.222s][3992][4420 ][info][gc,stats    ] === Garbage Collection Statistics =======================================================================================================================
[2026-06-26T13:35:35.286-0300][63.222s][3992][4420 ][info][gc,stats    ]                                                              Last 10s              Last 10m              Last 10h                Total
[2026-06-26T13:35:35.286-0300][63.222s][3992][4420 ][info][gc,stats    ]                                                              Avg / Max             Avg / Max             Avg / Max             Avg / Max
[2026-06-26T13:35:35.286-0300][63.222s][3992][4420 ][info][gc,stats    ]        Contention: Mark Segment Reset Contention                     0 / 4                 7 / 247               7 / 247               7 / 247         ops/s
[2026-06-26T13:35:35.286-0300][63.222s][3992][4420 ][info][gc,stats    ]        Contention: Mark SeqNum Reset Contention                      0 / 3                 2 / 22                2 / 22                2 / 22          ops/s
[2026-06-26T13:35:35.286-0300][63.222s][3992][4420 ][info][gc,stats    ]          Critical: Allocation Stall                                  0 / 0                 0 / 32                0 / 32                0 / 32          ops/s
[2026-06-26T13:35:35.286-0300][63.222s][3992][4420 ][info][gc,stats    ]          Critical: Allocation Stall                              0.000 / 0.000        65.798 / 191.620      65.798 / 191.620      65.798 / 191.620     ms
[2026-06-26T13:35:35.286-0300][63.222s][3992][4420 ][info][gc,stats    ]          Critical: JNI Critical Stall                                0 / 0                 1 / 25                1 / 25                1 / 25          ops/s
[2026-06-26T13:35:35.286-0300][63.222s][3992][4420 ][info][gc,stats    ]          Critical: JNI Critical Stall                            0.000 / 0.000         2.070 / 34.064        2.070 / 34.064        2.070 / 34.064      ms
[2026-06-26T13:35:35.286-0300][63.222s][3992][4420 ][info][gc,stats    ]          Critical: Relocation Stall                                  0 / 0                 0 / 9                 0 / 9                 0 / 9           ops/s
[2026-06-26T13:35:35.286-0300][63.222s][3992][4420 ][info][gc,stats    ]          Critical: Relocation Stall                              0.000 / 0.000         3.954 / 24.610        3.954 / 24.610        3.954 / 24.610      ms
[2026-06-26T13:35:35.286-0300][63.222s][3992][4420 ][info][gc,stats    ]  Major Collection: Major Collection                           2842.320 / 2842.320   1244.638 / 2842.320   1244.638 / 2842.320   1244.638 / 2842.320    ms
[2026-06-26T13:35:35.286-0300][63.222s][3992][4420 ][info][gc,stats    ]            Memory: Allocation Rate                                  44 / 110             376 / 5426            376 / 5426            376 / 5426        MB/s
[2026-06-26T13:35:35.286-0300][63.222s][3992][4420 ][info][gc,stats    ]            Memory: Defragment                                        0 / 0                 0 / 0                 0 / 0                 0 / 0           ops/s
[2026-06-26T13:35:35.286-0300][63.223s][3992][4420 ][info][gc,stats    ]            Memory: Mapped Cache Harvest                              0 / 0                 0 / 0                 0 / 0                 0 / 0           MB/s
[2026-06-26T13:35:35.286-0300][63.223s][3992][4420 ][info][gc,stats    ]            Memory: Out Of Memory                                     0 / 0                 0 / 0                 0 / 0                 0 / 0           ops/s
[2026-06-26T13:35:35.286-0300][63.223s][3992][4420 ][info][gc,stats    ]            Memory: Uncommit                                          0 / 0                 0 / 0                 0 / 0                 0 / 0           MB/s
[2026-06-26T13:35:35.286-0300][63.223s][3992][4420 ][info][gc,stats    ]            Memory: Undo Object Allocation Failed                     0 / 0                 0 / 0                 0 / 0                 0 / 0           ops/s
[2026-06-26T13:35:35.286-0300][63.223s][3992][4420 ][info][gc,stats    ]            Memory: Undo Object Allocation Succeeded                  0 / 3                10 / 615              10 / 615              10 / 615         ops/s
[2026-06-26T13:35:35.286-0300][63.223s][3992][4420 ][info][gc,stats    ]            Memory: Undo Page Allocation                              0 / 1                 0 / 9                 0 / 9                 0 / 9           ops/s
[2026-06-26T13:35:35.286-0300][63.223s][3992][4420 ][info][gc,stats    ]  Minor Collection: Minor Collection                              0.000 / 0.000       154.761 / 804.381     154.761 / 804.381     154.761 / 804.381     ms
[2026-06-26T13:35:35.286-0300][63.223s][3992][4420 ][info][gc,stats    ]    Old Generation: Old Generation                             2355.518 / 2355.518   1121.777 / 2601.985   1121.777 / 2601.985   1121.777 / 2601.985    ms
[2026-06-26T13:35:35.286-0300][63.223s][3992][4420 ][info][gc,stats    ]         Old Pause: Pause Mark End                                0.017 / 0.017         0.014 / 0.021         0.014 / 0.021         0.014 / 0.021       ms
[2026-06-26T13:35:35.286-0300][63.223s][3992][4420 ][info][gc,stats    ]         Old Pause: Pause Relocate Start                          0.016 / 0.016         0.011 / 0.016         0.011 / 0.016         0.011 / 0.016       ms
[2026-06-26T13:35:35.286-0300][63.223s][3992][4420 ][info][gc,stats    ]         Old Phase: Concurrent Mark                            2152.330 / 2152.330   1005.716 / 2329.508   1005.716 / 2329.508   1005.716 / 2329.508    ms
[2026-06-26T13:35:35.286-0300][63.223s][3992][4420 ][info][gc,stats    ]         Old Phase: Concurrent Mark Continue                      0.000 / 0.000         0.000 / 0.000         0.000 / 0.000         0.000 / 0.000       ms
[2026-06-26T13:35:35.286-0300][63.223s][3992][4420 ][info][gc,stats    ]         Old Phase: Concurrent Mark Free                          0.003 / 0.003         0.002 / 0.005         0.002 / 0.005         0.002 / 0.005       ms
[2026-06-26T13:35:35.286-0300][63.223s][3992][4420 ][info][gc,stats    ]         Old Phase: Concurrent Process Non-Strong                46.346 / 46.346       19.878 / 46.346       19.878 / 46.346       19.878 / 46.346      ms
[2026-06-26T13:35:35.286-0300][63.223s][3992][4420 ][info][gc,stats    ]         Old Phase: Concurrent Relocate                         131.177 / 131.177      46.509 / 134.876      46.509 / 134.876      46.509 / 134.876     ms
[2026-06-26T13:35:35.286-0300][63.223s][3992][4420 ][info][gc,stats    ]         Old Phase: Concurrent Remap Roots                       13.658 / 13.658        7.632 / 28.263        7.632 / 28.263        7.632 / 28.263      ms
[2026-06-26T13:35:35.286-0300][63.223s][3992][4420 ][info][gc,stats    ]         Old Phase: Concurrent Reset Relocation Set               0.008 / 0.008         0.003 / 0.011         0.003 / 0.011         0.003 / 0.011       ms
[2026-06-26T13:35:35.286-0300][63.223s][3992][4420 ][info][gc,stats    ]         Old Phase: Concurrent Select Relocation Set             11.417 / 11.417        3.160 / 11.417        3.160 / 11.417        3.160 / 11.417      ms
[2026-06-26T13:35:35.286-0300][63.223s][3992][4420 ][info][gc,stats    ]      Old Subphase: Concurrent Classes Purge                      2.518 / 2.518         1.178 / 3.631         1.178 / 3.631         1.178 / 3.631       ms
[2026-06-26T13:35:35.286-0300][63.223s][3992][4420 ][info][gc,stats    ]      Old Subphase: Concurrent Classes Unlink                    34.418 / 34.418       13.228 / 34.418       13.228 / 34.418       13.228 / 34.418      ms
[2026-06-26T13:35:35.286-0300][63.223s][3992][4420 ][info][gc,stats    ]      Old Subphase: Concurrent Mark Follow                     2152.049 / 2152.049   1005.486 / 2329.221   1005.486 / 2329.221   1005.486 / 2329.221    ms
[2026-06-26T13:35:35.286-0300][63.223s][3992][4420 ][info][gc,stats    ]      Old Subphase: Concurrent Mark Root Colored                  0.116 / 0.116         0.083 / 0.146         0.083 / 0.146         0.083 / 0.146       ms
[2026-06-26T13:35:35.286-0300][63.223s][3992][4420 ][info][gc,stats    ]      Old Subphase: Concurrent Mark Root Uncolored                0.135 / 0.135         0.100 / 0.140         0.100 / 0.140         0.100 / 0.140       ms
[2026-06-26T13:35:35.286-0300][63.223s][3992][4420 ][info][gc,stats    ]      Old Subphase: Concurrent Mark Roots                         0.277 / 0.277         0.226 / 0.307         0.226 / 0.307         0.226 / 0.307       ms
[2026-06-26T13:35:35.286-0300][63.223s][3992][4420 ][info][gc,stats    ]      Old Subphase: Concurrent References Enqueue                 0.006 / 0.006         0.004 / 0.008         0.004 / 0.008         0.004 / 0.008       ms
[2026-06-26T13:35:35.286-0300][63.223s][3992][4420 ][info][gc,stats    ]      Old Subphase: Concurrent References Process                 3.043 / 3.043         2.099 / 8.855         2.099 / 8.855         2.099 / 8.855       ms
[2026-06-26T13:35:35.286-0300][63.223s][3992][4420 ][info][gc,stats    ]      Old Subphase: Concurrent Remap Remembered                   8.193 / 8.193         4.462 / 23.474        4.462 / 23.474        4.462 / 23.474      ms
[2026-06-26T13:35:35.286-0300][63.223s][3992][4420 ][info][gc,stats    ]      Old Subphase: Concurrent Remap Roots Colored                1.473 / 1.474         1.176 / 2.071         1.176 / 2.071         1.176 / 2.071       ms
[2026-06-26T13:35:35.286-0300][63.223s][3992][4420 ][info][gc,stats    ]      Old Subphase: Concurrent Remap Roots Uncolored              3.803 / 3.805         1.768 / 3.805         1.768 / 3.805         1.768 / 3.805       ms
[2026-06-26T13:35:35.286-0300][63.223s][3992][4420 ][info][gc,stats    ]      Old Subphase: Concurrent Roots ClassLoaderDataGraph         0.475 / 0.606         0.430 / 0.795         0.430 / 0.795         0.430 / 0.795       ms
[2026-06-26T13:35:35.286-0300][63.223s][3992][4420 ][info][gc,stats    ]      Old Subphase: Concurrent Roots CodeCache                    3.794 / 3.796         1.754 / 3.796         1.754 / 3.796         1.754 / 3.796       ms
[2026-06-26T13:35:35.286-0300][63.223s][3992][4420 ][info][gc,stats    ]      Old Subphase: Concurrent Roots JavaThreads                  0.035 / 0.135         0.030 / 0.140         0.030 / 0.140         0.030 / 0.140       ms
[2026-06-26T13:35:35.286-0300][63.223s][3992][4420 ][info][gc,stats    ]      Old Subphase: Concurrent Roots OopStorageSet                0.010 / 0.033         0.011 / 0.046         0.011 / 0.046         0.011 / 0.046       ms
[2026-06-26T13:35:35.286-0300][63.223s][3992][4420 ][info][gc,stats    ]      Old Subphase: Concurrent Weak Roots OopStorageSet           1.831 / 4.740         1.275 / 5.863         1.275 / 5.863         1.275 / 5.863       ms
[2026-06-26T13:35:35.286-0300][63.223s][3992][4420 ][info][gc,stats    ]            System: Java Threads                                     33 / 39               25 / 39               25 / 39               25 / 39          threads
[2026-06-26T13:35:35.286-0300][63.223s][3992][4420 ][info][gc,stats    ]  Young Generation: Young Generation                            485.884 / 485.884     121.968 / 485.884     121.968 / 485.884     121.968 / 485.884     ms
[2026-06-26T13:35:35.286-0300][63.223s][3992][4420 ][info][gc,stats    ]  Young Generation: Young Generation                              0.000 / 0.000       154.221 / 803.976     154.221 / 803.976     154.221 / 803.976     ms
[2026-06-26T13:35:35.286-0300][63.223s][3992][4420 ][info][gc,stats    ]  Young Generation: Young Generation (Collect Roots)              0.000 / 0.000         0.000 / 0.000         0.000 / 0.000         0.000 / 0.000       ms
[2026-06-26T13:35:35.286-0300][63.223s][3992][4420 ][info][gc,stats    ]  Young Generation: Young Generation (Promote All)                0.000 / 0.000         0.000 / 0.000         0.000 / 0.000         0.000 / 0.000       ms
[2026-06-26T13:35:35.286-0300][63.223s][3992][4420 ][info][gc,stats    ]       Young Pause: Pause Mark End                                0.012 / 0.012         0.016 / 0.031         0.016 / 0.031         0.016 / 0.031       ms
[2026-06-26T13:35:35.286-0300][63.223s][3992][4420 ][info][gc,stats    ]       Young Pause: Pause Mark Start                              0.000 / 0.000         0.013 / 0.028         0.013 / 0.028         0.013 / 0.028       ms
[2026-06-26T13:35:35.286-0300][63.223s][3992][4420 ][info][gc,stats    ]       Young Pause: Pause Mark Start (Major)                      0.008 / 0.008         0.013 / 0.029         0.013 / 0.029         0.013 / 0.029       ms
[2026-06-26T13:35:35.286-0300][63.223s][3992][4420 ][info][gc,stats    ]       Young Pause: Pause Relocate Start                          0.009 / 0.009         0.014 / 0.038         0.014 / 0.038         0.014 / 0.038       ms
[2026-06-26T13:35:35.286-0300][63.223s][3992][4420 ][info][gc,stats    ]       Young Phase: Concurrent Mark                             299.232 / 299.232     100.698 / 641.849     100.698 / 641.849     100.698 / 641.849     ms
[2026-06-26T13:35:35.286-0300][63.223s][3992][4420 ][info][gc,stats    ]       Young Phase: Concurrent Mark Continue                      0.000 / 0.000         0.000 / 0.000         0.000 / 0.000         0.000 / 0.000       ms
[2026-06-26T13:35:35.286-0300][63.223s][3992][4420 ][info][gc,stats    ]       Young Phase: Concurrent Mark Free                          0.003 / 0.003         0.005 / 0.011         0.005 / 0.011         0.005 / 0.011       ms
[2026-06-26T13:35:35.286-0300][63.223s][3992][4420 ][info][gc,stats    ]       Young Phase: Concurrent Relocate                         116.560 / 116.560      33.800 / 274.335      33.800 / 274.335      33.800 / 274.335     ms
[2026-06-26T13:35:35.286-0300][63.223s][3992][4420 ][info][gc,stats    ]       Young Phase: Concurrent Reset Relocation Set               0.095 / 0.095         0.048 / 0.357         0.048 / 0.357         0.048 / 0.357       ms
[2026-06-26T13:35:35.286-0300][63.223s][3992][4420 ][info][gc,stats    ]       Young Phase: Concurrent Select Relocation Set             69.496 / 69.496       11.983 / 71.357       11.983 / 71.357       11.983 / 71.357      ms
[2026-06-26T13:35:35.286-0300][63.223s][3992][4420 ][info][gc,stats    ]    Young Subphase: Concurrent Mark Follow                      294.274 / 294.274      93.645 / 615.337      93.645 / 615.337      93.645 / 615.337     ms
[2026-06-26T13:35:35.286-0300][63.223s][3992][4420 ][info][gc,stats    ]    Young Subphase: Concurrent Mark Root Colored                  2.295 / 2.297         3.141 / 18.341        3.141 / 18.341        3.141 / 18.341      ms
[2026-06-26T13:35:35.286-0300][63.223s][3992][4420 ][info][gc,stats    ]    Young Subphase: Concurrent Mark Root Uncolored                2.631 / 2.631         3.241 / 9.041         3.241 / 9.041         3.241 / 9.041       ms
[2026-06-26T13:35:35.286-0300][63.223s][3992][4420 ][info][gc,stats    ]    Young Subphase: Concurrent Mark Roots                         4.956 / 4.956         7.049 / 26.507        7.049 / 26.507        7.049 / 26.507      ms
[2026-06-26T13:35:35.286-0300][63.223s][3992][4420 ][info][gc,stats    ]    Young Subphase: Concurrent Relocate Remset FP               107.944 / 107.944      14.215 / 109.332      14.215 / 109.332      14.215 / 109.332     ms
[2026-06-26T13:35:35.286-0300][63.223s][3992][4420 ][info][gc,stats    ]    Young Subphase: Concurrent Roots ClassLoaderDataGraph         0.527 / 0.528         0.801 / 4.956         0.801 / 4.956         0.801 / 4.956       ms
[2026-06-26T13:35:35.286-0300][63.223s][3992][4420 ][info][gc,stats    ]    Young Subphase: Concurrent Roots CodeCache                    2.511 / 2.512         3.005 / 8.897         3.005 / 8.897         3.005 / 8.897       ms
[2026-06-26T13:35:35.286-0300][63.223s][3992][4420 ][info][gc,stats    ]    Young Subphase: Concurrent Roots JavaThreads                  0.061 / 0.120         0.144 / 4.711         0.144 / 4.711         0.144 / 4.711       ms
[2026-06-26T13:35:35.286-0300][63.223s][3992][4420 ][info][gc,stats    ]    Young Subphase: Concurrent Roots OopStorageSet                0.034 / 0.058         0.075 / 4.336         0.075 / 4.336         0.075 / 4.336       ms
[2026-06-26T13:35:35.286-0300][63.223s][3992][4420 ][info][gc,stats    ]    Young Subphase: Concurrent Weak Roots OopStorageSet           1.731 / 1.755         2.282 / 17.847        2.282 / 17.847        2.282 / 17.847      ms
[2026-06-26T13:35:35.286-0300][63.223s][3992][4420 ][info][gc,stats    ] =========================================================================================================================================================
[2026-06-26T13:35:35.286-0300][63.223s][3992][3816 ][info][gc,exit     ] Heap
[2026-06-26T13:35:35.286-0300][63.223s][3992][3816 ][info][gc,exit     ]  ZHeap           used 2106M, capacity 3072M, max capacity 3072M
[2026-06-26T13:35:35.287-0300][63.223s][3992][3816 ][info][gc,exit     ]   Cache          966M (15)
[2026-06-26T13:35:35.287-0300][63.223s][3992][3816 ][info][gc,exit     ]    size classes  2M (1), 4M (3), 8M (3), 16M (2), 32M (1), 64M (2), 128M (2), 256M (1)
[2026-06-26T13:35:35.287-0300][63.223s][3992][3816 ][info][gc,exit     ]  Metaspace       used 77032K, committed 78720K, reserved 1179648K
[2026-06-26T13:35:35.287-0300][63.223s][3992][3816 ][info][gc,exit     ]   class space    used 6990K, committed 7808K, reserved 1048576K
