[2026-06-26T13:52:49.251-0300][0.008s][14796][13112][info][gc,init] Initializing The Z Garbage Collector
[2026-06-26T13:52:49.251-0300][0.008s][14796][13112][info][gc,init] Version: 25.0.1+8-LTS (release)
[2026-06-26T13:52:49.251-0300][0.008s][14796][13112][info][gc,init] NUMA Support: Disabled
[2026-06-26T13:52:49.251-0300][0.008s][14796][13112][info][gc,init] CPUs: 12 total, 12 available
[2026-06-26T13:52:49.251-0300][0.008s][14796][13112][info][gc,init] Memory: 32693M
[2026-06-26T13:52:49.251-0300][0.008s][14796][13112][info][gc,init] Large Page Support: Disabled
[2026-06-26T13:52:49.251-0300][0.008s][14796][13112][info][gc,init] Address Space Size: limited (137434287384K)
[2026-06-26T13:52:49.251-0300][0.008s][14796][13112][info][gc,init] Reserved Space Type: Contiguous/Unrestricted/Complete
[2026-06-26T13:52:49.251-0300][0.008s][14796][13112][info][gc,init] Reserved Space Size: 48G
[2026-06-26T13:52:49.251-0300][0.008s][14796][13112][info][gc,init] Min Capacity: 8M
[2026-06-26T13:52:49.251-0300][0.008s][14796][13112][info][gc,init] Initial Capacity: 512M
[2026-06-26T13:52:49.251-0300][0.008s][14796][13112][info][gc,init] Max Capacity: 3072M
[2026-06-26T13:52:49.251-0300][0.008s][14796][13112][info][gc,init] Soft Max Capacity: 3072M
[2026-06-26T13:52:49.251-0300][0.008s][14796][13112][info][gc,init] Page Size Medium: Range [4M, 32M]
[2026-06-26T13:52:49.251-0300][0.008s][14796][13112][info][gc,init] Pre-touch: Disabled
[2026-06-26T13:52:49.251-0300][0.008s][14796][13112][info][gc,init] Uncommit: Enabled
[2026-06-26T13:52:49.251-0300][0.008s][14796][13112][info][gc,init] Uncommit Delay: 300s
[2026-06-26T13:52:49.251-0300][0.008s][14796][13112][info][gc,init] GC Workers for Old Generation: 3 (dynamic)
[2026-06-26T13:52:49.251-0300][0.009s][14796][13112][info][gc,init] GC Workers for Young Generation: 3 (dynamic)
[2026-06-26T13:52:49.251-0300][0.018s][14796][13112][info][gc,init] GC Workers Max: 3 (dynamic)
[2026-06-26T13:52:49.251-0300][0.018s][14796][13112][info][gc,init] Runtime Workers: 8
[2026-06-26T13:52:49.251-0300][0.018s][14796][13112][info][gc     ] Using The Z Garbage Collector
[2026-06-26T13:52:49.267-0300][0.023s][14796][13112][info][gc,metaspace] CDS archive(s) mapped at: [0x0000000033000000-0x0000000033d20000-0x0000000033d20000), size 13762560, SharedBaseAddress: 0x0000000033000000, ArchiveRelocationMode: 1.
[2026-06-26T13:52:49.267-0300][0.023s][14796][13112][info][gc,metaspace] Compressed class space mapped at: 0x0000000034000000-0x0000000074000000, reserved size: 1073741824
[2026-06-26T13:52:49.267-0300][0.023s][14796][13112][info][gc,metaspace] UseCompressedClassPointers 1, UseCompactObjectHeaders 0
[2026-06-26T13:52:49.267-0300][0.023s][14796][13112][info][gc,metaspace] Narrow klass pointer bits 32, Max shift 3
[2026-06-26T13:52:49.267-0300][0.023s][14796][13112][info][gc,metaspace] Narrow klass base: 0x0000000033000000, Narrow klass shift: 0
[2026-06-26T13:52:49.267-0300][0.023s][14796][13112][info][gc,metaspace] Encoding Range: [0x0000000033000000 - 0x0000000133000000), (4294967296 bytes)
[2026-06-26T13:52:49.267-0300][0.023s][14796][13112][info][gc,metaspace] Klass Range:    [0x0000000033010000 - 0x0000000074000000), (1090453504 bytes)
[2026-06-26T13:52:49.267-0300][0.023s][14796][13112][info][gc,metaspace] Klass ID Range:  [65536 - 1090519033) (1090453497)
[2026-06-26T13:52:49.267-0300][0.023s][14796][13112][info][gc,metaspace] Protection zone: [0x0000000033000000 - 0x0000000033010000), (65536 bytes)
[2026-06-26T13:52:50.677-0300][1.428s][14796][3936 ][info][gc          ] GC(0) Major Collection (Metadata GC Threshold)
[2026-06-26T13:52:50.677-0300][1.428s][14796][3936 ][info][gc,task     ] GC(0) Using 1 Workers for Young Generation
[2026-06-26T13:52:50.677-0300][1.428s][14796][3936 ][info][gc,task     ] GC(0) Using 1 Workers for Old Generation
[2026-06-26T13:52:50.677-0300][1.428s][14796][3936 ][info][gc,phases   ] GC(0) Y: Young Generation
[2026-06-26T13:52:50.677-0300][1.428s][14796][15076][info][gc,phases   ] GC(0) Y: Pause Mark Start (Major) 0.008ms
[2026-06-26T13:52:50.693-0300][1.445s][14796][3936 ][info][gc,phases   ] GC(0) Y: Concurrent Mark 16.475ms
[2026-06-26T13:52:50.693-0300][1.445s][14796][15076][info][gc,phases   ] GC(0) Y: Pause Mark End 0.021ms
[2026-06-26T13:52:50.694-0300][1.445s][14796][3936 ][info][gc,phases   ] GC(0) Y: Concurrent Mark Free 0.001ms
[2026-06-26T13:52:50.694-0300][1.445s][14796][3936 ][info][gc,phases   ] GC(0) Y: Concurrent Reset Relocation Set 0.000ms
[2026-06-26T13:52:50.694-0300][1.445s][14796][3936 ][info][gc,reloc    ] GC(0) Y: Using tenuring threshold: 1 (Computed)
[2026-06-26T13:52:50.694-0300][1.446s][14796][3936 ][info][gc,phases   ] GC(0) Y: Concurrent Select Relocation Set 0.692ms
[2026-06-26T13:52:50.694-0300][1.446s][14796][15076][info][gc,phases   ] GC(0) Y: Pause Relocate Start 0.006ms
[2026-06-26T13:52:50.703-0300][1.455s][14796][3936 ][info][gc,phases   ] GC(0) Y: Concurrent Relocate 8.882ms
[2026-06-26T13:52:50.703-0300][1.455s][14796][3936 ][info][gc,alloc    ] GC(0) Y:                         Mark Start        Mark End      Relocate Start    Relocate End   
[2026-06-26T13:52:50.703-0300][1.455s][14796][3936 ][info][gc,alloc    ] GC(0) Y: Allocation Stalls:          0                0                0                0         
[2026-06-26T13:52:50.703-0300][1.455s][14796][3936 ][info][gc,load     ] GC(0) Y: Load: 0.00 (0%) / 0.00 (0%) / 0.00 (0%)
[2026-06-26T13:52:50.703-0300][1.455s][14796][3936 ][info][gc,mmu      ] GC(0) Y: MMU: 2ms/98.6%, 5ms/99.4%, 10ms/99.7%, 20ms/99.8%, 50ms/99.9%, 100ms/100.0%
[2026-06-26T13:52:50.703-0300][1.455s][14796][3936 ][info][gc,marking  ] GC(0) Y: Mark: 1 stripe(s), 2 proactive flush(es), 1 terminate flush(es), 0 completion(s), 0 continuation(s) 
[2026-06-26T13:52:50.703-0300][1.455s][14796][3936 ][info][gc,nmethod  ] GC(0) Y: NMethods: 3242 registered, 0 unregistered
[2026-06-26T13:52:50.703-0300][1.455s][14796][3936 ][info][gc,metaspace] GC(0) Y: Metaspace: 21M used, 21M committed, 1088M reserved
[2026-06-26T13:52:50.703-0300][1.455s][14796][3936 ][info][gc,reloc    ] GC(0) Y:                        Candidates     Selected     In-Place         Size        Empty    Relocated 
[2026-06-26T13:52:50.703-0300][1.455s][14796][3936 ][info][gc,reloc    ] GC(0) Y: Small Pages:                   39           31            0          78M           2M           5M 
[2026-06-26T13:52:50.703-0300][1.455s][14796][3936 ][info][gc,reloc    ] GC(0) Y: Medium Pages:                   1            0            0          32M           0M           0M 
[2026-06-26T13:52:50.703-0300][1.455s][14796][3936 ][info][gc,reloc    ] GC(0) Y: Large Pages:                    0            0            0           0M           0M           0M 
[2026-06-26T13:52:50.703-0300][1.455s][14796][3936 ][info][gc,reloc    ] GC(0) Y: Forwarding Usage: 2M
[2026-06-26T13:52:50.703-0300][1.455s][14796][3936 ][info][gc,reloc    ] GC(0) Y: Age Table:
[2026-06-26T13:52:50.703-0300][1.455s][14796][3936 ][info][gc,reloc    ] GC(0) Y:                    Live             Garbage             Small              Medium             Large        
[2026-06-26T13:52:50.703-0300][1.455s][14796][3936 ][info][gc,reloc    ] GC(0) Y: Eden              13M (0%)           96M (3%)          39 / 31             1 / 0              0 / 0        
[2026-06-26T13:52:50.703-0300][1.455s][14796][3936 ][info][gc,heap     ] GC(0) Y: Min Capacity: 8M(0%)
[2026-06-26T13:52:50.703-0300][1.455s][14796][3936 ][info][gc,heap     ] GC(0) Y: Max Capacity: 3072M(100%)
[2026-06-26T13:52:50.703-0300][1.455s][14796][3936 ][info][gc,heap     ] GC(0) Y: Soft Max Capacity: 3072M(100%)
[2026-06-26T13:52:50.703-0300][1.455s][14796][3936 ][info][gc,heap     ] GC(0) Y: Heap Statistics:
[2026-06-26T13:52:50.703-0300][1.455s][14796][3936 ][info][gc,heap     ] GC(0) Y:                Mark Start          Mark End        Relocate Start      Relocate End           High               Low         
[2026-06-26T13:52:50.703-0300][1.455s][14796][3936 ][info][gc,heap     ] GC(0) Y:  Capacity:      512M (17%)         512M (17%)         512M (17%)         512M (17%)         512M (17%)         512M (17%)    
[2026-06-26T13:52:50.704-0300][1.455s][14796][3936 ][info][gc,heap     ] GC(0) Y:      Free:     2962M (96%)        2958M (96%)        2960M (96%)        3016M (98%)        3016M (98%)        2956M (96%)    
[2026-06-26T13:52:50.704-0300][1.455s][14796][3936 ][info][gc,heap     ] GC(0) Y:      Used:      110M (4%)          114M (4%)          112M (4%)           56M (2%)          116M (4%)           56M (2%)     
[2026-06-26T13:52:50.704-0300][1.455s][14796][3936 ][info][gc,heap     ] GC(0) Y: Young Generation Statistics:
[2026-06-26T13:52:50.704-0300][1.455s][14796][3936 ][info][gc,heap     ] GC(0) Y:                Mark Start          Mark End        Relocate Start      Relocate End    
[2026-06-26T13:52:50.704-0300][1.455s][14796][3936 ][info][gc,heap     ] GC(0) Y:      Used:      110M (4%)          114M (4%)          112M (4%)           56M (2%)     
[2026-06-26T13:52:50.704-0300][1.455s][14796][3936 ][info][gc,heap     ] GC(0) Y:      Live:         -                13M (0%)           13M (0%)           13M (0%)     
[2026-06-26T13:52:50.704-0300][1.455s][14796][3936 ][info][gc,heap     ] GC(0) Y:   Garbage:         -                96M (3%)           94M (3%)           30M (1%)     
[2026-06-26T13:52:50.704-0300][1.455s][14796][3936 ][info][gc,heap     ] GC(0) Y: Allocated:         -                 4M (0%)            4M (0%)           11M (0%)     
[2026-06-26T13:52:50.704-0300][1.455s][14796][3936 ][info][gc,heap     ] GC(0) Y: Reclaimed:         -                  -                 2M (0%)           65M (2%)     
[2026-06-26T13:52:50.704-0300][1.455s][14796][3936 ][info][gc,heap     ] GC(0) Y:  Promoted:         -                  -                 0M (0%)            0M (0%)     
[2026-06-26T13:52:50.704-0300][1.455s][14796][3936 ][info][gc,heap     ] GC(0) Y: Compacted:         -                  -                  -                 6M (0%)     
[2026-06-26T13:52:50.704-0300][1.455s][14796][3936 ][info][gc,phases   ] GC(0) Y: Young Generation 110M(4%)->56M(2%) 0.027s
[2026-06-26T13:52:50.704-0300][1.455s][14796][3936 ][info][gc,phases   ] GC(0) O: Old Generation
[2026-06-26T13:52:50.704-0300][1.455s][14796][3936 ][info][gc,phases   ] GC(0) O: Concurrent Mark 0.320ms
[2026-06-26T13:52:50.704-0300][1.455s][14796][15076][info][gc,phases   ] GC(0) O: Pause Mark End 0.011ms
[2026-06-26T13:52:50.704-0300][1.455s][14796][3936 ][info][gc,phases   ] GC(0) O: Concurrent Mark Free 0.001ms
[2026-06-26T13:52:50.709-0300][1.461s][14796][3936 ][info][gc,phases   ] GC(0) O: Concurrent Process Non-Strong 5.246ms
[2026-06-26T13:52:50.709-0300][1.461s][14796][3936 ][info][gc,phases   ] GC(0) O: Concurrent Reset Relocation Set 0.000ms
[2026-06-26T13:52:50.710-0300][1.461s][14796][3936 ][info][gc,phases   ] GC(0) O: Concurrent Select Relocation Set 0.252ms
[2026-06-26T13:52:50.710-0300][1.461s][14796][3936 ][info][gc,task     ] GC(0) O: Using 2 Workers for Old Generation
[2026-06-26T13:52:50.711-0300][1.462s][14796][3936 ][info][gc,task     ] GC(0) O: Using 1 Workers for Old Generation
[2026-06-26T13:52:50.711-0300][1.462s][14796][3936 ][info][gc,phases   ] GC(0) O: Concurrent Remap Roots 1.052ms
[2026-06-26T13:52:50.711-0300][1.462s][14796][15076][info][gc,phases   ] GC(0) O: Pause Relocate Start 0.011ms
[2026-06-26T13:52:50.711-0300][1.462s][14796][3936 ][info][gc,phases   ] GC(0) O: Concurrent Relocate 0.038ms
[2026-06-26T13:52:50.711-0300][1.462s][14796][3936 ][info][gc,alloc    ] GC(0) O:                         Mark Start        Mark End      Relocate Start    Relocate End   
[2026-06-26T13:52:50.711-0300][1.462s][14796][3936 ][info][gc,alloc    ] GC(0) O: Allocation Stalls:          0                0                0                0         
[2026-06-26T13:52:50.711-0300][1.462s][14796][3936 ][info][gc,load     ] GC(0) O: Load: 0.00 (0%) / 0.00 (0%) / 0.00 (0%)
[2026-06-26T13:52:50.711-0300][1.462s][14796][3936 ][info][gc,mmu      ] GC(0) O: MMU: 2ms/98.6%, 5ms/99.4%, 10ms/99.7%, 20ms/99.7%, 50ms/99.9%, 100ms/99.9%
[2026-06-26T13:52:50.711-0300][1.462s][14796][3936 ][info][gc,marking  ] GC(0) O: Mark: 1 stripe(s), 1 proactive flush(es), 1 terminate flush(es), 0 completion(s), 0 continuation(s) 
[2026-06-26T13:52:50.711-0300][1.462s][14796][3936 ][info][gc,nmethod  ] GC(0) O: NMethods: 2928 registered, 338 unregistered
[2026-06-26T13:52:50.711-0300][1.462s][14796][3936 ][info][gc,metaspace] GC(0) O: Metaspace: 21M used, 21M committed, 1088M reserved
[2026-06-26T13:52:50.711-0300][1.462s][14796][3936 ][info][gc,ref      ] GC(0) O:                       Encountered   Discovered     Enqueued 
[2026-06-26T13:52:50.711-0300][1.462s][14796][3936 ][info][gc,ref      ] GC(0) O: Soft References:             2984            0            0 
[2026-06-26T13:52:50.711-0300][1.462s][14796][3936 ][info][gc,ref      ] GC(0) O: Weak References:             3619            0            0 
[2026-06-26T13:52:50.711-0300][1.462s][14796][3936 ][info][gc,ref      ] GC(0) O: Final References:               8            0            0 
[2026-06-26T13:52:50.711-0300][1.462s][14796][3936 ][info][gc,ref      ] GC(0) O: Phantom References:          1215            0            0 
[2026-06-26T13:52:50.711-0300][1.462s][14796][3936 ][info][gc,heap     ] GC(0) O: Min Capacity: 8M(0%)
[2026-06-26T13:52:50.711-0300][1.462s][14796][3936 ][info][gc,heap     ] GC(0) O: Max Capacity: 3072M(100%)
[2026-06-26T13:52:50.711-0300][1.462s][14796][3936 ][info][gc,heap     ] GC(0) O: Soft Max Capacity: 3072M(100%)
[2026-06-26T13:52:50.711-0300][1.462s][14796][3936 ][info][gc,heap     ] GC(0) O: Heap Statistics:
[2026-06-26T13:52:50.711-0300][1.462s][14796][3936 ][info][gc,heap     ] GC(0) O:                Mark Start          Mark End        Relocate Start      Relocate End           High               Low         
[2026-06-26T13:52:50.711-0300][1.462s][14796][3936 ][info][gc,heap     ] GC(0) O:  Capacity:      512M (17%)         512M (17%)         512M (17%)         512M (17%)         512M (17%)         512M (17%)    
[2026-06-26T13:52:50.711-0300][1.462s][14796][3936 ][info][gc,heap     ] GC(0) O:      Free:     2962M (96%)        3016M (98%)        3016M (98%)        3016M (98%)        3016M (98%)        2956M (96%)    
[2026-06-26T13:52:50.711-0300][1.462s][14796][3936 ][info][gc,heap     ] GC(0) O:      Used:      110M (4%)           56M (2%)           56M (2%)           56M (2%)          116M (4%)           56M (2%)     
[2026-06-26T13:52:50.711-0300][1.462s][14796][3936 ][info][gc,heap     ] GC(0) O: Old Generation Statistics:
[2026-06-26T13:52:50.711-0300][1.462s][14796][3936 ][info][gc,heap     ] GC(0) O:                Mark Start          Mark End        Relocate Start      Relocate End    
[2026-06-26T13:52:50.711-0300][1.462s][14796][3936 ][info][gc,heap     ] GC(0) O:      Used:        0M (0%)            0M (0%)            0M (0%)            0M (0%)     
[2026-06-26T13:52:50.711-0300][1.462s][14796][3936 ][info][gc,heap     ] GC(0) O:      Live:         -                 0M (0%)            0M (0%)            0M (0%)     
[2026-06-26T13:52:50.711-0300][1.462s][14796][3936 ][info][gc,heap     ] GC(0) O:   Garbage:         -                 0M (0%)            0M (0%)            0M (0%)     
[2026-06-26T13:52:50.711-0300][1.462s][14796][3936 ][info][gc,heap     ] GC(0) O: Allocated:         -                 0M (0%)            0M (0%)            0M (0%)     
[2026-06-26T13:52:50.711-0300][1.462s][14796][3936 ][info][gc,heap     ] GC(0) O: Reclaimed:         -                  -                 0M (0%)            0M (0%)     
[2026-06-26T13:52:50.711-0300][1.462s][14796][3936 ][info][gc,heap     ] GC(0) O: Compacted:         -                  -                  -                 0M (0%)     
[2026-06-26T13:52:50.711-0300][1.462s][14796][3936 ][info][gc,phases   ] GC(0) O: Old Generation 56M(2%)->56M(2%) 0.007s
[2026-06-26T13:52:50.711-0300][1.462s][14796][3936 ][info][gc          ] GC(0) Major Collection (Metadata GC Threshold) 110M(4%)->56M(2%) 0.035s
[2026-06-26T13:52:53.681-0300][4.432s][14796][3936 ][info][gc          ] GC(1) Major Collection (Warmup)
[2026-06-26T13:52:53.681-0300][4.432s][14796][3936 ][info][gc,task     ] GC(1) Using 3 Workers for Young Generation
[2026-06-26T13:52:53.681-0300][4.432s][14796][3936 ][info][gc,task     ] GC(1) Using 2 Workers for Old Generation
[2026-06-26T13:52:53.681-0300][4.432s][14796][3936 ][info][gc,phases   ] GC(1) Y: Young Generation
[2026-06-26T13:52:53.681-0300][4.432s][14796][15076][info][gc,phases   ] GC(1) Y: Pause Mark Start (Major) 0.011ms
[2026-06-26T13:52:53.730-0300][4.481s][14796][3936 ][info][gc,phases   ] GC(1) Y: Concurrent Mark 48.904ms
[2026-06-26T13:52:53.730-0300][4.481s][14796][15076][info][gc,phases   ] GC(1) Y: Pause Mark End 0.011ms
[2026-06-26T13:52:53.730-0300][4.481s][14796][3936 ][info][gc,phases   ] GC(1) Y: Concurrent Mark Free 0.002ms
[2026-06-26T13:52:53.730-0300][4.481s][14796][3936 ][info][gc,phases   ] GC(1) Y: Concurrent Reset Relocation Set 0.002ms
[2026-06-26T13:52:53.730-0300][4.482s][14796][3936 ][info][gc,reloc    ] GC(1) Y: Using tenuring threshold: 2 (Computed)
[2026-06-26T13:52:53.733-0300][4.484s][14796][3936 ][info][gc,phases   ] GC(1) Y: Concurrent Select Relocation Set 2.612ms
[2026-06-26T13:52:53.733-0300][4.484s][14796][15076][info][gc,phases   ] GC(1) Y: Pause Relocate Start 0.005ms
[2026-06-26T13:52:53.746-0300][4.499s][14796][3936 ][info][gc,phases   ] GC(1) Y: Concurrent Relocate 14.433ms
[2026-06-26T13:52:53.746-0300][4.499s][14796][3936 ][info][gc,alloc    ] GC(1) Y:                         Mark Start        Mark End      Relocate Start    Relocate End   
[2026-06-26T13:52:53.746-0300][4.499s][14796][3936 ][info][gc,alloc    ] GC(1) Y: Allocation Stalls:          0                0                0                0         
[2026-06-26T13:52:53.746-0300][4.499s][14796][3936 ][info][gc,load     ] GC(1) Y: Load: 0.00 (0%) / 0.00 (0%) / 0.00 (0%)
[2026-06-26T13:52:53.746-0300][4.499s][14796][3936 ][info][gc,mmu      ] GC(1) Y: MMU: 2ms/98.6%, 5ms/99.4%, 10ms/99.7%, 20ms/99.7%, 50ms/99.9%, 100ms/99.9%
[2026-06-26T13:52:53.746-0300][4.499s][14796][3936 ][info][gc,marking  ] GC(1) Y: Mark: 2 stripe(s), 10 proactive flush(es), 1 terminate flush(es), 0 completion(s), 0 continuation(s) 
[2026-06-26T13:52:53.746-0300][4.499s][14796][3936 ][info][gc,nmethod  ] GC(1) Y: NMethods: 3810 registered, 338 unregistered
[2026-06-26T13:52:53.746-0300][4.499s][14796][3936 ][info][gc,metaspace] GC(1) Y: Metaspace: 25M used, 26M committed, 1088M reserved
[2026-06-26T13:52:53.746-0300][4.499s][14796][3936 ][info][gc,reloc    ] GC(1) Y:                        Candidates     Selected     In-Place         Size        Empty    Relocated 
[2026-06-26T13:52:53.746-0300][4.499s][14796][3936 ][info][gc,reloc    ] GC(1) Y: Small Pages:                  122           90            0         244M          26M          17M 
[2026-06-26T13:52:53.746-0300][4.499s][14796][3936 ][info][gc,reloc    ] GC(1) Y: Medium Pages:                   2            1            0          64M           0M           2M 
[2026-06-26T13:52:53.746-0300][4.499s][14796][3936 ][info][gc,reloc    ] GC(1) Y: Large Pages:                    0            0            0           0M           0M           0M 
[2026-06-26T13:52:53.746-0300][4.499s][14796][3936 ][info][gc,reloc    ] GC(1) Y: Forwarding Usage: 9M
[2026-06-26T13:52:53.746-0300][4.499s][14796][3936 ][info][gc,reloc    ] GC(1) Y: Age Table:
[2026-06-26T13:52:53.746-0300][4.499s][14796][3936 ][info][gc,reloc    ] GC(1) Y:                    Live             Garbage             Small              Medium             Large        
[2026-06-26T13:52:53.746-0300][4.499s][14796][3936 ][info][gc,reloc    ] GC(1) Y: Eden              22M (1%)          235M (8%)         113 / 88             1 / 0              0 / 0        
[2026-06-26T13:52:53.746-0300][4.499s][14796][3936 ][info][gc,reloc    ] GC(1) Y: Survivor 1        13M (0%)           36M (1%)           9 / 2              1 / 1              0 / 0        
[2026-06-26T13:52:53.746-0300][4.499s][14796][3936 ][info][gc,heap     ] GC(1) Y: Min Capacity: 8M(0%)
[2026-06-26T13:52:53.746-0300][4.499s][14796][3936 ][info][gc,heap     ] GC(1) Y: Max Capacity: 3072M(100%)
[2026-06-26T13:52:53.746-0300][4.499s][14796][3936 ][info][gc,heap     ] GC(1) Y: Soft Max Capacity: 3072M(100%)
[2026-06-26T13:52:53.746-0300][4.499s][14796][3936 ][info][gc,heap     ] GC(1) Y: Heap Statistics:
[2026-06-26T13:52:53.746-0300][4.499s][14796][3936 ][info][gc,heap     ] GC(1) Y:                Mark Start          Mark End        Relocate Start      Relocate End           High               Low         
[2026-06-26T13:52:53.746-0300][4.499s][14796][3936 ][info][gc,heap     ] GC(1) Y:  Capacity:      512M (17%)         512M (17%)         512M (17%)         512M (17%)         512M (17%)         512M (17%)    
[2026-06-26T13:52:53.746-0300][4.499s][14796][3936 ][info][gc,heap     ] GC(1) Y:      Free:     2764M (90%)        2756M (90%)        2782M (91%)        2946M (96%)        2946M (96%)        2712M (88%)    
[2026-06-26T13:52:53.746-0300][4.499s][14796][3936 ][info][gc,heap     ] GC(1) Y:      Used:      308M (10%)         316M (10%)         290M (9%)          126M (4%)          360M (12%)         126M (4%)     
[2026-06-26T13:52:53.746-0300][4.499s][14796][3936 ][info][gc,heap     ] GC(1) Y: Young Generation Statistics:
[2026-06-26T13:52:53.746-0300][4.499s][14796][3936 ][info][gc,heap     ] GC(1) Y:                Mark Start          Mark End        Relocate Start      Relocate End    
[2026-06-26T13:52:53.746-0300][4.499s][14796][3936 ][info][gc,heap     ] GC(1) Y:      Used:      308M (10%)         316M (10%)         290M (9%)          126M (4%)     
[2026-06-26T13:52:53.746-0300][4.499s][14796][3936 ][info][gc,heap     ] GC(1) Y:      Live:         -                36M (1%)           36M (1%)           36M (1%)     
[2026-06-26T13:52:53.748-0300][4.499s][14796][3936 ][info][gc,heap     ] GC(1) Y:   Garbage:         -               271M (9%)          245M (8%)            2M (0%)     
[2026-06-26T13:52:53.748-0300][4.499s][14796][3936 ][info][gc,heap     ] GC(1) Y: Allocated:         -                 8M (0%)            8M (0%)           87M (3%)     
[2026-06-26T13:52:53.748-0300][4.499s][14796][3936 ][info][gc,heap     ] GC(1) Y: Reclaimed:         -                  -                26M (1%)          269M (9%)     
[2026-06-26T13:52:53.748-0300][4.499s][14796][3936 ][info][gc,heap     ] GC(1) Y:  Promoted:         -                  -                 0M (0%)            0M (0%)     
[2026-06-26T13:52:53.748-0300][4.499s][14796][3936 ][info][gc,heap     ] GC(1) Y: Compacted:         -                  -                  -                24M (1%)     
[2026-06-26T13:52:53.748-0300][4.499s][14796][3936 ][info][gc,phases   ] GC(1) Y: Young Generation 308M(10%)->126M(4%) 0.066s
[2026-06-26T13:52:53.748-0300][4.499s][14796][3936 ][info][gc,phases   ] GC(1) O: Old Generation
[2026-06-26T13:52:53.748-0300][4.499s][14796][3936 ][info][gc,phases   ] GC(1) O: Concurrent Mark 0.255ms
[2026-06-26T13:52:53.748-0300][4.499s][14796][15076][info][gc,phases   ] GC(1) O: Pause Mark End 0.010ms
[2026-06-26T13:52:53.748-0300][4.499s][14796][3936 ][info][gc,phases   ] GC(1) O: Concurrent Mark Free 0.001ms
[2026-06-26T13:52:53.751-0300][4.503s][14796][3936 ][info][gc,phases   ] GC(1) O: Concurrent Process Non-Strong 3.518ms
[2026-06-26T13:52:53.751-0300][4.503s][14796][3936 ][info][gc,phases   ] GC(1) O: Concurrent Reset Relocation Set 0.001ms
[2026-06-26T13:52:53.751-0300][4.503s][14796][3936 ][info][gc,phases   ] GC(1) O: Concurrent Select Relocation Set 0.057ms
[2026-06-26T13:52:53.751-0300][4.503s][14796][3936 ][info][gc,task     ] GC(1) O: Using 3 Workers for Old Generation
[2026-06-26T13:52:53.752-0300][4.504s][14796][3936 ][info][gc,task     ] GC(1) O: Using 2 Workers for Old Generation
[2026-06-26T13:52:53.752-0300][4.504s][14796][3936 ][info][gc,phases   ] GC(1) O: Concurrent Remap Roots 0.957ms
[2026-06-26T13:52:53.752-0300][4.504s][14796][15076][info][gc,phases   ] GC(1) O: Pause Relocate Start 0.007ms
[2026-06-26T13:52:53.752-0300][4.504s][14796][3936 ][info][gc,phases   ] GC(1) O: Concurrent Relocate 0.054ms
[2026-06-26T13:52:53.752-0300][4.504s][14796][3936 ][info][gc,alloc    ] GC(1) O:                         Mark Start        Mark End      Relocate Start    Relocate End   
[2026-06-26T13:52:53.752-0300][4.504s][14796][3936 ][info][gc,alloc    ] GC(1) O: Allocation Stalls:          0                0                0                0         
[2026-06-26T13:52:53.752-0300][4.504s][14796][3936 ][info][gc,load     ] GC(1) O: Load: 0.00 (0%) / 0.00 (0%) / 0.00 (0%)
[2026-06-26T13:52:53.752-0300][4.504s][14796][3936 ][info][gc,mmu      ] GC(1) O: MMU: 2ms/98.6%, 5ms/99.4%, 10ms/99.7%, 20ms/99.7%, 50ms/99.9%, 100ms/99.9%
[2026-06-26T13:52:53.753-0300][4.504s][14796][3936 ][info][gc,marking  ] GC(1) O: Mark: 2 stripe(s), 1 proactive flush(es), 1 terminate flush(es), 0 completion(s), 0 continuation(s) 
[2026-06-26T13:52:53.753-0300][4.504s][14796][3936 ][info][gc,nmethod  ] GC(1) O: NMethods: 3541 registered, 619 unregistered
[2026-06-26T13:52:53.753-0300][4.504s][14796][3936 ][info][gc,metaspace] GC(1) O: Metaspace: 25M used, 26M committed, 1088M reserved
[2026-06-26T13:52:53.753-0300][4.504s][14796][3936 ][info][gc,ref      ] GC(1) O:                       Encountered   Discovered     Enqueued 
[2026-06-26T13:52:53.753-0300][4.504s][14796][3936 ][info][gc,ref      ] GC(1) O: Soft References:             3124            0            0 
[2026-06-26T13:52:53.753-0300][4.504s][14796][3936 ][info][gc,ref      ] GC(1) O: Weak References:             7149            0            0 
[2026-06-26T13:52:53.753-0300][4.504s][14796][3936 ][info][gc,ref      ] GC(1) O: Final References:               8            0            0 
[2026-06-26T13:52:53.753-0300][4.504s][14796][3936 ][info][gc,ref      ] GC(1) O: Phantom References:          4644            0            0 
[2026-06-26T13:52:53.753-0300][4.504s][14796][3936 ][info][gc,heap     ] GC(1) O: Min Capacity: 8M(0%)
[2026-06-26T13:52:53.753-0300][4.504s][14796][3936 ][info][gc,heap     ] GC(1) O: Max Capacity: 3072M(100%)
[2026-06-26T13:52:53.753-0300][4.504s][14796][3936 ][info][gc,heap     ] GC(1) O: Soft Max Capacity: 3072M(100%)
[2026-06-26T13:52:53.753-0300][4.504s][14796][3936 ][info][gc,heap     ] GC(1) O: Heap Statistics:
[2026-06-26T13:52:53.753-0300][4.504s][14796][3936 ][info][gc,heap     ] GC(1) O:                Mark Start          Mark End        Relocate Start      Relocate End           High               Low         
[2026-06-26T13:52:53.753-0300][4.504s][14796][3936 ][info][gc,heap     ] GC(1) O:  Capacity:      512M (17%)         512M (17%)         512M (17%)         512M (17%)         512M (17%)         512M (17%)    
[2026-06-26T13:52:53.753-0300][4.504s][14796][3936 ][info][gc,heap     ] GC(1) O:      Free:     2764M (90%)        2946M (96%)        2944M (96%)        2944M (96%)        2946M (96%)        2712M (88%)    
[2026-06-26T13:52:53.753-0300][4.504s][14796][3936 ][info][gc,heap     ] GC(1) O:      Used:      308M (10%)         126M (4%)          128M (4%)          128M (4%)          360M (12%)         126M (4%)     
[2026-06-26T13:52:53.753-0300][4.504s][14796][3936 ][info][gc,heap     ] GC(1) O: Old Generation Statistics:
[2026-06-26T13:52:53.753-0300][4.504s][14796][3936 ][info][gc,heap     ] GC(1) O:                Mark Start          Mark End        Relocate Start      Relocate End    
[2026-06-26T13:52:53.753-0300][4.504s][14796][3936 ][info][gc,heap     ] GC(1) O:      Used:        0M (0%)            0M (0%)            0M (0%)            0M (0%)     
[2026-06-26T13:52:53.753-0300][4.504s][14796][3936 ][info][gc,heap     ] GC(1) O:      Live:         -                 0M (0%)            0M (0%)            0M (0%)     
[2026-06-26T13:52:53.753-0300][4.504s][14796][3936 ][info][gc,heap     ] GC(1) O:   Garbage:         -                 0M (0%)            0M (0%)            0M (0%)     
[2026-06-26T13:52:53.753-0300][4.504s][14796][3936 ][info][gc,heap     ] GC(1) O: Allocated:         -                 0M (0%)            0M (0%)            0M (0%)     
[2026-06-26T13:52:53.753-0300][4.504s][14796][3936 ][info][gc,heap     ] GC(1) O: Reclaimed:         -                  -                 0M (0%)            0M (0%)     
[2026-06-26T13:52:53.753-0300][4.504s][14796][3936 ][info][gc,heap     ] GC(1) O: Compacted:         -                  -                  -                 0M (0%)     
[2026-06-26T13:52:53.753-0300][4.504s][14796][3936 ][info][gc,phases   ] GC(1) O: Old Generation 126M(4%)->128M(4%) 0.005s
[2026-06-26T13:52:53.753-0300][4.504s][14796][3936 ][info][gc          ] GC(1) Major Collection (Warmup) 308M(10%)->128M(4%) 0.072s
[2026-06-26T13:52:55.849-0300][6.600s][14796][3936 ][info][gc          ] GC(2) Major Collection (Warmup)
[2026-06-26T13:52:55.849-0300][6.600s][14796][3936 ][info][gc,task     ] GC(2) Using 3 Workers for Young Generation
[2026-06-26T13:52:55.849-0300][6.600s][14796][3936 ][info][gc,task     ] GC(2) Using 1 Workers for Old Generation
[2026-06-26T13:52:55.849-0300][6.600s][14796][3936 ][info][gc,phases   ] GC(2) Y: Young Generation
[2026-06-26T13:52:55.849-0300][6.600s][14796][15076][info][gc,phases   ] GC(2) Y: Pause Mark Start (Major) 0.011ms
[2026-06-26T13:52:55.970-0300][6.722s][14796][3936 ][info][gc,phases   ] GC(2) Y: Concurrent Mark 121.899ms
[2026-06-26T13:52:55.970-0300][6.722s][14796][15076][info][gc,phases   ] GC(2) Y: Pause Mark End 0.010ms
[2026-06-26T13:52:55.970-0300][6.722s][14796][3936 ][info][gc,phases   ] GC(2) Y: Concurrent Mark Free 0.003ms
[2026-06-26T13:52:55.970-0300][6.722s][14796][3936 ][info][gc,phases   ] GC(2) Y: Concurrent Reset Relocation Set 0.006ms
[2026-06-26T13:52:55.970-0300][6.722s][14796][3936 ][info][gc,reloc    ] GC(2) Y: Using tenuring threshold: 3 (Computed)
[2026-06-26T13:52:55.973-0300][6.725s][14796][3936 ][info][gc,phases   ] GC(2) Y: Concurrent Select Relocation Set 2.685ms
[2026-06-26T13:52:55.973-0300][6.725s][14796][15076][info][gc,phases   ] GC(2) Y: Pause Relocate Start 0.008ms
[2026-06-26T13:52:55.990-0300][6.741s][14796][3936 ][info][gc,phases   ] GC(2) Y: Concurrent Relocate 15.960ms
[2026-06-26T13:52:55.990-0300][6.741s][14796][3936 ][info][gc,alloc    ] GC(2) Y:                         Mark Start        Mark End      Relocate Start    Relocate End   
[2026-06-26T13:52:55.990-0300][6.741s][14796][3936 ][info][gc,alloc    ] GC(2) Y: Allocation Stalls:          0                0                0                0         
[2026-06-26T13:52:55.990-0300][6.741s][14796][3936 ][info][gc,load     ] GC(2) Y: Load: 0.00 (0%) / 0.00 (0%) / 0.00 (0%)
[2026-06-26T13:52:55.990-0300][6.741s][14796][3936 ][info][gc,mmu      ] GC(2) Y: MMU: 2ms/98.6%, 5ms/99.4%, 10ms/99.7%, 20ms/99.7%, 50ms/99.9%, 100ms/99.9%
[2026-06-26T13:52:55.990-0300][6.741s][14796][3936 ][info][gc,marking  ] GC(2) Y: Mark: 2 stripe(s), 10 proactive flush(es), 1 terminate flush(es), 0 completion(s), 0 continuation(s) 
[2026-06-26T13:52:55.990-0300][6.741s][14796][3936 ][info][gc,nmethod  ] GC(2) Y: NMethods: 4421 registered, 619 unregistered
[2026-06-26T13:52:55.990-0300][6.741s][14796][3936 ][info][gc,metaspace] GC(2) Y: Metaspace: 31M used, 32M committed, 1088M reserved
[2026-06-26T13:52:55.990-0300][6.741s][14796][3936 ][info][gc,reloc    ] GC(2) Y:                        Candidates     Selected     In-Place         Size        Empty    Relocated 
[2026-06-26T13:52:55.990-0300][6.741s][14796][3936 ][info][gc,reloc    ] GC(2) Y: Small Pages:                  260          162            0         520M         130M          24M 
[2026-06-26T13:52:55.990-0300][6.741s][14796][3936 ][info][gc,reloc    ] GC(2) Y: Medium Pages:                   3            2            0          96M           0M           8M 
[2026-06-26T13:52:55.990-0300][6.741s][14796][3936 ][info][gc,reloc    ] GC(2) Y: Large Pages:                    0            0            0           0M           0M           0M 
[2026-06-26T13:52:55.990-0300][6.741s][14796][3936 ][info][gc,reloc    ] GC(2) Y: Forwarding Usage: 10M
[2026-06-26T13:52:55.990-0300][6.741s][14796][3936 ][info][gc,reloc    ] GC(2) Y: Age Table:
[2026-06-26T13:52:55.990-0300][6.741s][14796][3936 ][info][gc,reloc    ] GC(2) Y:                    Live             Garbage             Small              Medium             Large        
[2026-06-26T13:52:55.990-0300][6.741s][14796][3936 ][info][gc,reloc    ] GC(2) Y: Eden              32M (1%)          471M (15%)        236 / 155            1 / 1              0 / 0        
[2026-06-26T13:52:55.990-0300][6.741s][14796][3936 ][info][gc,reloc    ] GC(2) Y: Survivor 1        21M (1%)           40M (1%)          15 / 5              1 / 0              0 / 0        
[2026-06-26T13:52:55.990-0300][6.741s][14796][3936 ][info][gc,reloc    ] GC(2) Y: Survivor 2        13M (0%)           36M (1%)           9 / 2              1 / 1              0 / 0        
[2026-06-26T13:52:55.990-0300][6.741s][14796][3936 ][info][gc,heap     ] GC(2) Y: Min Capacity: 8M(0%)
[2026-06-26T13:52:55.990-0300][6.741s][14796][3936 ][info][gc,heap     ] GC(2) Y: Max Capacity: 3072M(100%)
[2026-06-26T13:52:55.990-0300][6.741s][14796][3936 ][info][gc,heap     ] GC(2) Y: Soft Max Capacity: 3072M(100%)
[2026-06-26T13:52:55.990-0300][6.741s][14796][3936 ][info][gc,heap     ] GC(2) Y: Heap Statistics:
[2026-06-26T13:52:55.990-0300][6.741s][14796][3936 ][info][gc,heap     ] GC(2) Y:                Mark Start          Mark End        Relocate Start      Relocate End           High               Low         
[2026-06-26T13:52:55.990-0300][6.741s][14796][3936 ][info][gc,heap     ] GC(2) Y:  Capacity:      616M (20%)         688M (22%)         688M (22%)         784M (26%)         784M (26%)         616M (20%)    
[2026-06-26T13:52:55.990-0300][6.741s][14796][3936 ][info][gc,heap     ] GC(2) Y:      Free:     2456M (80%)        2384M (78%)        2514M (82%)        2784M (91%)        2784M (91%)        2384M (78%)    
[2026-06-26T13:52:55.990-0300][6.741s][14796][3936 ][info][gc,heap     ] GC(2) Y:      Used:      616M (20%)         688M (22%)         558M (18%)         288M (9%)          688M (22%)         288M (9%)     
[2026-06-26T13:52:55.990-0300][6.741s][14796][3936 ][info][gc,heap     ] GC(2) Y: Young Generation Statistics:
[2026-06-26T13:52:55.990-0300][6.741s][14796][3936 ][info][gc,heap     ] GC(2) Y:                Mark Start          Mark End        Relocate Start      Relocate End    
[2026-06-26T13:52:55.990-0300][6.741s][14796][3936 ][info][gc,heap     ] GC(2) Y:      Used:      616M (20%)         688M (22%)         558M (18%)         288M (9%)     
[2026-06-26T13:52:55.990-0300][6.741s][14796][3936 ][info][gc,heap     ] GC(2) Y:      Live:         -                68M (2%)           68M (2%)           68M (2%)     
[2026-06-26T13:52:55.990-0300][6.741s][14796][3936 ][info][gc,heap     ] GC(2) Y:   Garbage:         -               547M (18%)         417M (14%)           4M (0%)     
[2026-06-26T13:52:55.990-0300][6.741s][14796][3936 ][info][gc,heap     ] GC(2) Y: Allocated:         -                72M (2%)           72M (2%)          215M (7%)     
[2026-06-26T13:52:55.990-0300][6.741s][14796][3936 ][info][gc,heap     ] GC(2) Y: Reclaimed:         -                  -               130M (4%)          543M (18%)    
[2026-06-26T13:52:55.990-0300][6.741s][14796][3936 ][info][gc,heap     ] GC(2) Y:  Promoted:         -                  -                 0M (0%)            0M (0%)     
[2026-06-26T13:52:55.990-0300][6.741s][14796][3936 ][info][gc,heap     ] GC(2) Y: Compacted:         -                  -                  -                40M (1%)     
[2026-06-26T13:52:55.990-0300][6.742s][14796][3936 ][info][gc,phases   ] GC(2) Y: Young Generation 616M(20%)->288M(9%) 0.141s
[2026-06-26T13:52:55.990-0300][6.742s][14796][3936 ][info][gc,phases   ] GC(2) O: Old Generation
[2026-06-26T13:52:55.990-0300][6.742s][14796][3936 ][info][gc,phases   ] GC(2) O: Concurrent Mark 0.295ms
[2026-06-26T13:52:55.990-0300][6.742s][14796][15076][info][gc,phases   ] GC(2) O: Pause Mark End 0.012ms
[2026-06-26T13:52:55.990-0300][6.742s][14796][3936 ][info][gc,phases   ] GC(2) O: Concurrent Mark Free 0.001ms
[2026-06-26T13:52:55.998-0300][6.749s][14796][3936 ][info][gc,phases   ] GC(2) O: Concurrent Process Non-Strong 7.110ms
[2026-06-26T13:52:55.998-0300][6.749s][14796][3936 ][info][gc,phases   ] GC(2) O: Concurrent Reset Relocation Set 0.000ms
[2026-06-26T13:52:55.998-0300][6.749s][14796][3936 ][info][gc,phases   ] GC(2) O: Concurrent Select Relocation Set 0.056ms
[2026-06-26T13:52:55.998-0300][6.749s][14796][3936 ][info][gc,task     ] GC(2) O: Using 3 Workers for Old Generation
[2026-06-26T13:52:55.998-0300][6.750s][14796][3936 ][info][gc,task     ] GC(2) O: Using 1 Workers for Old Generation
[2026-06-26T13:52:55.998-0300][6.750s][14796][3936 ][info][gc,phases   ] GC(2) O: Concurrent Remap Roots 1.137ms
[2026-06-26T13:52:55.999-0300][6.751s][14796][15076][info][gc,phases   ] GC(2) O: Pause Relocate Start 0.008ms
[2026-06-26T13:52:55.999-0300][6.751s][14796][3936 ][info][gc,phases   ] GC(2) O: Concurrent Relocate 0.041ms
[2026-06-26T13:52:55.999-0300][6.751s][14796][3936 ][info][gc,alloc    ] GC(2) O:                         Mark Start        Mark End      Relocate Start    Relocate End   
[2026-06-26T13:52:55.999-0300][6.751s][14796][3936 ][info][gc,alloc    ] GC(2) O: Allocation Stalls:          0                0                0                0         
[2026-06-26T13:52:55.999-0300][6.751s][14796][3936 ][info][gc,load     ] GC(2) O: Load: 0.00 (0%) / 0.00 (0%) / 0.00 (0%)
[2026-06-26T13:52:55.999-0300][6.751s][14796][3936 ][info][gc,mmu      ] GC(2) O: MMU: 2ms/98.6%, 5ms/99.4%, 10ms/99.7%, 20ms/99.7%, 50ms/99.9%, 100ms/99.9%
[2026-06-26T13:52:55.999-0300][6.751s][14796][3936 ][info][gc,marking  ] GC(2) O: Mark: 1 stripe(s), 1 proactive flush(es), 1 terminate flush(es), 0 completion(s), 0 continuation(s) 
[2026-06-26T13:52:55.999-0300][6.751s][14796][3936 ][info][gc,nmethod  ] GC(2) O: NMethods: 4160 registered, 901 unregistered
[2026-06-26T13:52:55.999-0300][6.751s][14796][3936 ][info][gc,metaspace] GC(2) O: Metaspace: 32M used, 32M committed, 1088M reserved
[2026-06-26T13:52:55.999-0300][6.751s][14796][3936 ][info][gc,ref      ] GC(2) O:                       Encountered   Discovered     Enqueued 
[2026-06-26T13:52:55.999-0300][6.751s][14796][3936 ][info][gc,ref      ] GC(2) O: Soft References:             3157            0            0 
[2026-06-26T13:52:55.999-0300][6.751s][14796][3936 ][info][gc,ref      ] GC(2) O: Weak References:             9650            0            0 
[2026-06-26T13:52:55.999-0300][6.751s][14796][3936 ][info][gc,ref      ] GC(2) O: Final References:               8            0            0 
[2026-06-26T13:52:55.999-0300][6.751s][14796][3936 ][info][gc,ref      ] GC(2) O: Phantom References:          7456            0            0 
[2026-06-26T13:52:55.999-0300][6.751s][14796][3936 ][info][gc,heap     ] GC(2) O: Min Capacity: 8M(0%)
[2026-06-26T13:52:55.999-0300][6.751s][14796][3936 ][info][gc,heap     ] GC(2) O: Max Capacity: 3072M(100%)
[2026-06-26T13:52:55.999-0300][6.751s][14796][3936 ][info][gc,heap     ] GC(2) O: Soft Max Capacity: 3072M(100%)
[2026-06-26T13:52:55.999-0300][6.751s][14796][3936 ][info][gc,heap     ] GC(2) O: Heap Statistics:
[2026-06-26T13:52:55.999-0300][6.751s][14796][3936 ][info][gc,heap     ] GC(2) O:                Mark Start          Mark End        Relocate Start      Relocate End           High               Low         
[2026-06-26T13:52:55.999-0300][6.751s][14796][3936 ][info][gc,heap     ] GC(2) O:  Capacity:      616M (20%)         784M (26%)         784M (26%)         784M (26%)         784M (26%)         616M (20%)    
[2026-06-26T13:52:55.999-0300][6.751s][14796][3936 ][info][gc,heap     ] GC(2) O:      Free:     2456M (80%)        2784M (91%)        2784M (91%)        2784M (91%)        2784M (91%)        2384M (78%)    
[2026-06-26T13:52:55.999-0300][6.751s][14796][3936 ][info][gc,heap     ] GC(2) O:      Used:      616M (20%)         288M (9%)          288M (9%)          288M (9%)          688M (22%)         288M (9%)     
[2026-06-26T13:52:55.999-0300][6.751s][14796][3936 ][info][gc,heap     ] GC(2) O: Old Generation Statistics:
[2026-06-26T13:52:55.999-0300][6.751s][14796][3936 ][info][gc,heap     ] GC(2) O:                Mark Start          Mark End        Relocate Start      Relocate End    
[2026-06-26T13:52:55.999-0300][6.751s][14796][3936 ][info][gc,heap     ] GC(2) O:      Used:        0M (0%)            0M (0%)            0M (0%)            0M (0%)     
[2026-06-26T13:52:55.999-0300][6.751s][14796][3936 ][info][gc,heap     ] GC(2) O:      Live:         -                 0M (0%)            0M (0%)            0M (0%)     
[2026-06-26T13:52:55.999-0300][6.751s][14796][3936 ][info][gc,heap     ] GC(2) O:   Garbage:         -                 0M (0%)            0M (0%)            0M (0%)     
[2026-06-26T13:52:55.999-0300][6.751s][14796][3936 ][info][gc,heap     ] GC(2) O: Allocated:         -                 0M (0%)            0M (0%)            0M (0%)     
[2026-06-26T13:52:55.999-0300][6.751s][14796][3936 ][info][gc,heap     ] GC(2) O: Reclaimed:         -                  -                 0M (0%)            0M (0%)     
[2026-06-26T13:52:55.999-0300][6.751s][14796][3936 ][info][gc,heap     ] GC(2) O: Compacted:         -                  -                  -                 0M (0%)     
[2026-06-26T13:52:55.999-0300][6.751s][14796][3936 ][info][gc,phases   ] GC(2) O: Old Generation 288M(9%)->288M(9%) 0.010s
[2026-06-26T13:52:55.999-0300][6.751s][14796][3936 ][info][gc          ] GC(2) Major Collection (Warmup) 616M(20%)->288M(9%) 0.151s
[2026-06-26T13:52:57.388-0300][8.140s][14796][3936 ][info][gc          ] GC(3) Major Collection (Warmup)
[2026-06-26T13:52:57.388-0300][8.140s][14796][3936 ][info][gc,task     ] GC(3) Using 3 Workers for Young Generation
[2026-06-26T13:52:57.388-0300][8.140s][14796][3936 ][info][gc,task     ] GC(3) Using 1 Workers for Old Generation
[2026-06-26T13:52:57.388-0300][8.140s][14796][3936 ][info][gc,phases   ] GC(3) Y: Young Generation
[2026-06-26T13:52:57.389-0300][8.140s][14796][15076][info][gc,phases   ] GC(3) Y: Pause Mark Start (Major) 0.014ms
[2026-06-26T13:52:57.490-0300][8.242s][14796][3936 ][info][gc,phases   ] GC(3) Y: Concurrent Mark 102.095ms
[2026-06-26T13:52:57.490-0300][8.242s][14796][15076][info][gc,phases   ] GC(3) Y: Pause Mark End 0.010ms
[2026-06-26T13:52:57.490-0300][8.242s][14796][3936 ][info][gc,phases   ] GC(3) Y: Concurrent Mark Free 0.005ms
[2026-06-26T13:52:57.491-0300][8.242s][14796][3936 ][info][gc,phases   ] GC(3) Y: Concurrent Reset Relocation Set 0.010ms
[2026-06-26T13:52:57.491-0300][8.243s][14796][3936 ][info][gc,reloc    ] GC(3) Y: Using tenuring threshold: 3 (Computed)
[2026-06-26T13:52:57.498-0300][8.250s][14796][3936 ][info][gc,phases   ] GC(3) Y: Concurrent Select Relocation Set 7.548ms
[2026-06-26T13:52:57.498-0300][8.250s][14796][15076][info][gc,phases   ] GC(3) Y: Pause Relocate Start 0.011ms
[2026-06-26T13:52:57.532-0300][8.284s][14796][3936 ][info][gc,phases   ] GC(3) Y: Concurrent Relocate 34.110ms
[2026-06-26T13:52:57.532-0300][8.285s][14796][3936 ][info][gc,alloc    ] GC(3) Y:                         Mark Start        Mark End      Relocate Start    Relocate End   
[2026-06-26T13:52:57.532-0300][8.285s][14796][3936 ][info][gc,alloc    ] GC(3) Y: Allocation Stalls:          0                0                0                0         
[2026-06-26T13:52:57.532-0300][8.285s][14796][3936 ][info][gc,load     ] GC(3) Y: Load: 0.00 (0%) / 0.00 (0%) / 0.00 (0%)
[2026-06-26T13:52:57.532-0300][8.285s][14796][3936 ][info][gc,mmu      ] GC(3) Y: MMU: 2ms/98.6%, 5ms/99.4%, 10ms/99.7%, 20ms/99.7%, 50ms/99.9%, 100ms/99.9%
[2026-06-26T13:52:57.532-0300][8.285s][14796][3936 ][info][gc,marking  ] GC(3) Y: Mark: 2 stripe(s), 3 proactive flush(es), 1 terminate flush(es), 0 completion(s), 0 continuation(s) 
[2026-06-26T13:52:57.532-0300][8.285s][14796][3936 ][info][gc,nmethod  ] GC(3) Y: NMethods: 5187 registered, 0 unregistered
[2026-06-26T13:52:57.532-0300][8.285s][14796][3936 ][info][gc,metaspace] GC(3) Y: Metaspace: 48M used, 49M committed, 1088M reserved
[2026-06-26T13:52:57.532-0300][8.285s][14796][3936 ][info][gc,reloc    ] GC(3) Y:                        Candidates     Selected     In-Place         Size        Empty    Relocated 
[2026-06-26T13:52:57.532-0300][8.285s][14796][3936 ][info][gc,reloc    ] GC(3) Y: Small Pages:                  182          100            0         364M           4M          42M 
[2026-06-26T13:52:57.532-0300][8.285s][14796][3936 ][info][gc,reloc    ] GC(3) Y: Medium Pages:                  19            4            0         568M         408M          12M 
[2026-06-26T13:52:57.532-0300][8.285s][14796][3936 ][info][gc,reloc    ] GC(3) Y: Large Pages:                    1            0            0          12M           0M           0M 
[2026-06-26T13:52:57.532-0300][8.285s][14796][3936 ][info][gc,reloc    ] GC(3) Y: Forwarding Usage: 27M
[2026-06-26T13:52:57.532-0300][8.285s][14796][3936 ][info][gc,reloc    ] GC(3) Y: Age Table:
[2026-06-26T13:52:57.532-0300][8.285s][14796][3936 ][info][gc,reloc    ] GC(3) Y:                    Live             Garbage             Small              Medium             Large        
[2026-06-26T13:52:57.532-0300][8.285s][14796][3936 ][info][gc,reloc    ] GC(3) Y: Eden             100M (3%)          629M (20%)        139 / 89            15 / 2              1 / 0        
[2026-06-26T13:52:57.532-0300][8.285s][14796][3936 ][info][gc,reloc    ] GC(3) Y: Survivor 1        32M (1%)           33M (1%)          17 / 2              1 / 1              0 / 0        
[2026-06-26T13:52:57.532-0300][8.285s][14796][3936 ][info][gc,reloc    ] GC(3) Y: Survivor 2        21M (1%)           40M (1%)          15 / 5              1 / 0              0 / 0        
[2026-06-26T13:52:57.533-0300][8.285s][14796][3936 ][info][gc,reloc    ] GC(3) Y: Survivor 3        13M (0%)           72M (2%)          11 / 4              2 / 1              0 / 0        
[2026-06-26T13:52:57.533-0300][8.285s][14796][3936 ][info][gc,heap     ] GC(3) Y: Min Capacity: 8M(0%)
[2026-06-26T13:52:57.533-0300][8.285s][14796][3936 ][info][gc,heap     ] GC(3) Y: Max Capacity: 3072M(100%)
[2026-06-26T13:52:57.533-0300][8.285s][14796][3936 ][info][gc,heap     ] GC(3) Y: Soft Max Capacity: 3072M(100%)
[2026-06-26T13:52:57.533-0300][8.285s][14796][3936 ][info][gc,heap     ] GC(3) Y: Heap Statistics:
[2026-06-26T13:52:57.533-0300][8.285s][14796][3936 ][info][gc,heap     ] GC(3) Y:                Mark Start          Mark End        Relocate Start      Relocate End           High               Low         
[2026-06-26T13:52:57.533-0300][8.285s][14796][3936 ][info][gc,heap     ] GC(3) Y:  Capacity:      944M (31%)        1166M (38%)        1166M (38%)        1166M (38%)        1166M (38%)         944M (31%)    
[2026-06-26T13:52:57.533-0300][8.285s][14796][3936 ][info][gc,heap     ] GC(3) Y:      Free:     2128M (69%)        1906M (62%)        2318M (75%)        2388M (78%)        2462M (80%)        1906M (62%)    
[2026-06-26T13:52:57.533-0300][8.285s][14796][3936 ][info][gc,heap     ] GC(3) Y:      Used:      944M (31%)        1166M (38%)         754M (25%)         684M (22%)        1166M (38%)         610M (20%)    
[2026-06-26T13:52:57.533-0300][8.285s][14796][3936 ][info][gc,heap     ] GC(3) Y: Young Generation Statistics:
[2026-06-26T13:52:57.533-0300][8.285s][14796][3936 ][info][gc,heap     ] GC(3) Y:                Mark Start          Mark End        Relocate Start      Relocate End    
[2026-06-26T13:52:57.533-0300][8.285s][14796][3936 ][info][gc,heap     ] GC(3) Y:      Used:      944M (31%)        1166M (38%)         742M (24%)         630M (21%)    
[2026-06-26T13:52:57.533-0300][8.285s][14796][3936 ][info][gc,heap     ] GC(3) Y:      Live:         -               168M (5%)          157M (5%)          154M (5%)     
[2026-06-26T13:52:57.533-0300][8.285s][14796][3936 ][info][gc,heap     ] GC(3) Y:   Garbage:         -               775M (25%)         362M (12%)           2M (0%)     
[2026-06-26T13:52:57.533-0300][8.285s][14796][3936 ][info][gc,heap     ] GC(3) Y: Allocated:         -               222M (7%)          222M (7%)          473M (15%)    
[2026-06-26T13:52:57.533-0300][8.285s][14796][3936 ][info][gc,heap     ] GC(3) Y: Reclaimed:         -                  -               413M (13%)         773M (25%)    
[2026-06-26T13:52:57.533-0300][8.285s][14796][3936 ][info][gc,heap     ] GC(3) Y:  Promoted:         -                  -                10M (0%)           13M (0%)     
[2026-06-26T13:52:57.533-0300][8.285s][14796][3936 ][info][gc,heap     ] GC(3) Y: Compacted:         -                  -                  -                96M (3%)     
[2026-06-26T13:52:57.533-0300][8.285s][14796][3936 ][info][gc,phases   ] GC(3) Y: Young Generation 944M(31%)->684M(22%) 0.145s
[2026-06-26T13:52:57.533-0300][8.285s][14796][3936 ][info][gc,phases   ] GC(3) O: Old Generation
[2026-06-26T13:52:57.533-0300][8.285s][14796][3936 ][info][gc,phases   ] GC(3) O: Concurrent Mark 0.335ms
[2026-06-26T13:52:57.533-0300][8.285s][14796][15076][info][gc,phases   ] GC(3) O: Pause Mark End 0.011ms
[2026-06-26T13:52:57.533-0300][8.285s][14796][3936 ][info][gc,phases   ] GC(3) O: Concurrent Mark Free 0.001ms
[2026-06-26T13:52:57.547-0300][8.298s][14796][3936 ][info][gc,phases   ] GC(3) O: Concurrent Process Non-Strong 12.487ms
[2026-06-26T13:52:57.547-0300][8.298s][14796][3936 ][info][gc,phases   ] GC(3) O: Concurrent Reset Relocation Set 0.000ms
[2026-06-26T13:52:57.547-0300][8.298s][14796][3936 ][info][gc,phases   ] GC(3) O: Concurrent Select Relocation Set 0.060ms
[2026-06-26T13:52:57.547-0300][8.298s][14796][3936 ][info][gc,task     ] GC(3) O: Using 3 Workers for Old Generation
[2026-06-26T13:52:57.549-0300][8.300s][14796][3936 ][info][gc,task     ] GC(3) O: Using 1 Workers for Old Generation
[2026-06-26T13:52:57.549-0300][8.300s][14796][3936 ][info][gc,phases   ] GC(3) O: Concurrent Remap Roots 2.121ms
[2026-06-26T13:52:57.549-0300][8.300s][14796][15076][info][gc,phases   ] GC(3) O: Pause Relocate Start 0.008ms
[2026-06-26T13:52:57.549-0300][8.300s][14796][3936 ][info][gc,phases   ] GC(3) O: Concurrent Relocate 0.051ms
[2026-06-26T13:52:57.549-0300][8.300s][14796][3936 ][info][gc,alloc    ] GC(3) O:                         Mark Start        Mark End      Relocate Start    Relocate End   
[2026-06-26T13:52:57.549-0300][8.300s][14796][3936 ][info][gc,alloc    ] GC(3) O: Allocation Stalls:          0                0                0                0         
[2026-06-26T13:52:57.549-0300][8.300s][14796][3936 ][info][gc,load     ] GC(3) O: Load: 0.00 (0%) / 0.00 (0%) / 0.00 (0%)
[2026-06-26T13:52:57.549-0300][8.300s][14796][3936 ][info][gc,mmu      ] GC(3) O: MMU: 2ms/98.6%, 5ms/99.4%, 10ms/99.7%, 20ms/99.7%, 50ms/99.9%, 100ms/99.9%
[2026-06-26T13:52:57.549-0300][8.300s][14796][3936 ][info][gc,marking  ] GC(3) O: Mark: 1 stripe(s), 1 proactive flush(es), 1 terminate flush(es), 0 completion(s), 0 continuation(s) 
[2026-06-26T13:52:57.549-0300][8.300s][14796][3936 ][info][gc,nmethod  ] GC(3) O: NMethods: 4884 registered, 303 unregistered
[2026-06-26T13:52:57.549-0300][8.300s][14796][3936 ][info][gc,metaspace] GC(3) O: Metaspace: 48M used, 49M committed, 1088M reserved
[2026-06-26T13:52:57.549-0300][8.300s][14796][3936 ][info][gc,ref      ] GC(3) O:                       Encountered   Discovered     Enqueued 
[2026-06-26T13:52:57.549-0300][8.300s][14796][3936 ][info][gc,ref      ] GC(3) O: Soft References:             4379            0            0 
[2026-06-26T13:52:57.549-0300][8.300s][14796][3936 ][info][gc,ref      ] GC(3) O: Weak References:            10335            0            0 
[2026-06-26T13:52:57.549-0300][8.300s][14796][3936 ][info][gc,ref      ] GC(3) O: Final References:               8            0            0 
[2026-06-26T13:52:57.549-0300][8.300s][14796][3936 ][info][gc,ref      ] GC(3) O: Phantom References:          7456            0            0 
[2026-06-26T13:52:57.549-0300][8.300s][14796][3936 ][info][gc,heap     ] GC(3) O: Min Capacity: 8M(0%)
[2026-06-26T13:52:57.549-0300][8.300s][14796][3936 ][info][gc,heap     ] GC(3) O: Max Capacity: 3072M(100%)
[2026-06-26T13:52:57.549-0300][8.300s][14796][3936 ][info][gc,heap     ] GC(3) O: Soft Max Capacity: 3072M(100%)
[2026-06-26T13:52:57.549-0300][8.300s][14796][3936 ][info][gc,heap     ] GC(3) O: Heap Statistics:
[2026-06-26T13:52:57.549-0300][8.300s][14796][3936 ][info][gc,heap     ] GC(3) O:                Mark Start          Mark End        Relocate Start      Relocate End           High               Low         
[2026-06-26T13:52:57.549-0300][8.300s][14796][3936 ][info][gc,heap     ] GC(3) O:  Capacity:      944M (31%)        1166M (38%)        1166M (38%)        1166M (38%)        1166M (38%)         944M (31%)    
[2026-06-26T13:52:57.549-0300][8.301s][14796][3936 ][info][gc,heap     ] GC(3) O:      Free:     2128M (69%)        2388M (78%)        2312M (75%)        2312M (75%)        2462M (80%)        1906M (62%)    
[2026-06-26T13:52:57.549-0300][8.301s][14796][3936 ][info][gc,heap     ] GC(3) O:      Used:      944M (31%)         684M (22%)         760M (25%)         760M (25%)        1166M (38%)         610M (20%)    
[2026-06-26T13:52:57.549-0300][8.301s][14796][3936 ][info][gc,heap     ] GC(3) O: Old Generation Statistics:
[2026-06-26T13:52:57.549-0300][8.301s][14796][3936 ][info][gc,heap     ] GC(3) O:                Mark Start          Mark End        Relocate Start      Relocate End    
[2026-06-26T13:52:57.549-0300][8.301s][14796][3936 ][info][gc,heap     ] GC(3) O:      Used:        0M (0%)           54M (2%)           54M (2%)           54M (2%)     
[2026-06-26T13:52:57.549-0300][8.301s][14796][3936 ][info][gc,heap     ] GC(3) O:      Live:         -                 0M (0%)            0M (0%)            0M (0%)     
[2026-06-26T13:52:57.549-0300][8.301s][14796][3936 ][info][gc,heap     ] GC(3) O:   Garbage:         -                 0M (0%)            0M (0%)            0M (0%)     
[2026-06-26T13:52:57.549-0300][8.301s][14796][3936 ][info][gc,heap     ] GC(3) O: Allocated:         -                54M (2%)           54M (2%)           54M (2%)     
[2026-06-26T13:52:57.549-0300][8.301s][14796][3936 ][info][gc,heap     ] GC(3) O: Reclaimed:         -                  -                 0M (0%)            0M (0%)     
[2026-06-26T13:52:57.549-0300][8.301s][14796][3936 ][info][gc,heap     ] GC(3) O: Compacted:         -                  -                  -                 0M (0%)     
[2026-06-26T13:52:57.549-0300][8.301s][14796][3936 ][info][gc,phases   ] GC(3) O: Old Generation 684M(22%)->760M(25%) 0.015s
[2026-06-26T13:52:57.549-0300][8.301s][14796][3936 ][info][gc          ] GC(3) Major Collection (Warmup) 944M(31%)->760M(25%) 0.161s
[2026-06-26T13:52:58.228-0300][8.979s][14796][14024][info][gc          ] GC(4) Minor Collection (Allocation Rate)
[2026-06-26T13:52:58.228-0300][8.979s][14796][14024][info][gc,task     ] GC(4) Using 2 Workers for Young Generation
[2026-06-26T13:52:58.228-0300][8.979s][14796][14024][info][gc,phases   ] GC(4) y: Young Generation
[2026-06-26T13:52:58.228-0300][8.979s][14796][15076][info][gc,phases   ] GC(4) y: Pause Mark Start 0.013ms
[2026-06-26T13:52:58.420-0300][9.172s][14796][14024][info][gc,phases   ] GC(4) y: Concurrent Mark 193.148ms
[2026-06-26T13:52:58.421-0300][9.172s][14796][15076][info][gc,phases   ] GC(4) y: Pause Mark End 0.013ms
[2026-06-26T13:52:58.421-0300][9.172s][14796][14024][info][gc,phases   ] GC(4) y: Concurrent Mark Free 0.002ms
[2026-06-26T13:52:58.421-0300][9.172s][14796][14024][info][gc,phases   ] GC(4) y: Concurrent Reset Relocation Set 0.021ms
[2026-06-26T13:52:58.421-0300][9.173s][14796][14024][info][gc,reloc    ] GC(4) y: Using tenuring threshold: 1 (Computed)
[2026-06-26T13:52:58.459-0300][9.211s][14796][14024][info][gc,phases   ] GC(4) y: Concurrent Select Relocation Set 38.239ms
[2026-06-26T13:52:58.459-0300][9.211s][14796][15076][info][gc,phases   ] GC(4) y: Pause Relocate Start 0.011ms
[2026-06-26T13:52:58.539-0300][9.291s][14796][14024][info][gc,phases   ] GC(4) y: Concurrent Relocate 79.786ms
[2026-06-26T13:52:58.539-0300][9.291s][14796][14024][info][gc,alloc    ] GC(4) y:                         Mark Start        Mark End      Relocate Start    Relocate End   
[2026-06-26T13:52:58.539-0300][9.291s][14796][14024][info][gc,alloc    ] GC(4) y: Allocation Stalls:          0                0                0                0         
[2026-06-26T13:52:58.539-0300][9.291s][14796][14024][info][gc,load     ] GC(4) y: Load: 0.00 (0%) / 0.00 (0%) / 0.00 (0%)
[2026-06-26T13:52:58.539-0300][9.291s][14796][14024][info][gc,mmu      ] GC(4) y: MMU: 2ms/98.6%, 5ms/99.4%, 10ms/99.7%, 20ms/99.7%, 50ms/99.9%, 100ms/99.9%
[2026-06-26T13:52:58.539-0300][9.291s][14796][14024][info][gc,marking  ] GC(4) y: Mark: 2 stripe(s), 4 proactive flush(es), 1 terminate flush(es), 0 completion(s), 0 continuation(s) 
[2026-06-26T13:52:58.539-0300][9.291s][14796][14024][info][gc,nmethod  ] GC(4) y: NMethods: 5071 registered, 303 unregistered
[2026-06-26T13:52:58.539-0300][9.291s][14796][14024][info][gc,metaspace] GC(4) y: Metaspace: 48M used, 49M committed, 1088M reserved
[2026-06-26T13:52:58.539-0300][9.291s][14796][14024][info][gc,reloc    ] GC(4) y:                        Candidates     Selected     In-Place         Size        Empty    Relocated 
[2026-06-26T13:52:58.539-0300][9.291s][14796][14024][info][gc,reloc    ] GC(4) y: Small Pages:                  675          300            0        1350M         552M          38M 
[2026-06-26T13:52:58.539-0300][9.291s][14796][14024][info][gc,reloc    ] GC(4) y: Medium Pages:                  20            3            0         640M         512M           9M 
[2026-06-26T13:52:58.539-0300][9.291s][14796][14024][info][gc,reloc    ] GC(4) y: Large Pages:                    1            0            0          12M           0M           0M 
[2026-06-26T13:52:58.539-0300][9.291s][14796][14024][info][gc,reloc    ] GC(4) y: Forwarding Usage: 13M
[2026-06-26T13:52:58.539-0300][9.291s][14796][14024][info][gc,reloc    ] GC(4) y: Age Table:
[2026-06-26T13:52:58.539-0300][9.291s][14796][14024][info][gc,reloc    ] GC(4) y:                    Live             Garbage             Small              Medium             Large        
[2026-06-26T13:52:58.539-0300][9.291s][14796][14024][info][gc,reloc    ] GC(4) y: Eden              55M (2%)         1690M (55%)        601 / 294           17 / 1              0 / 0        
[2026-06-26T13:52:58.539-0300][9.291s][14796][14024][info][gc,reloc    ] GC(4) y: Survivor 1        97M (3%)           40M (1%)          47 / 3              1 / 0              1 / 0        
[2026-06-26T13:52:58.539-0300][9.291s][14796][14024][info][gc,reloc    ] GC(4) y: Survivor 2        32M (1%)           27M (1%)          14 / 1              1 / 1              0 / 0        
[2026-06-26T13:52:58.539-0300][9.291s][14796][14024][info][gc,reloc    ] GC(4) y: Survivor 3        21M (1%)           36M (1%)          13 / 2              1 / 1              0 / 0        
[2026-06-26T13:52:58.539-0300][9.291s][14796][14024][info][gc,heap     ] GC(4) y: Min Capacity: 8M(0%)
[2026-06-26T13:52:58.539-0300][9.291s][14796][14024][info][gc,heap     ] GC(4) y: Max Capacity: 3072M(100%)
[2026-06-26T13:52:58.539-0300][9.291s][14796][14024][info][gc,heap     ] GC(4) y: Soft Max Capacity: 3072M(100%)
[2026-06-26T13:52:58.539-0300][9.291s][14796][14024][info][gc,heap     ] GC(4) y: Heap Statistics:
[2026-06-26T13:52:58.539-0300][9.291s][14796][14024][info][gc,heap     ] GC(4) y:                Mark Start          Mark End        Relocate Start      Relocate End           High               Low         
[2026-06-26T13:52:58.539-0300][9.291s][14796][14024][info][gc,heap     ] GC(4) y:  Capacity:     2056M (67%)        2558M (83%)        2558M (83%)        2558M (83%)        2558M (83%)        2056M (67%)    
[2026-06-26T13:52:58.539-0300][9.291s][14796][14024][info][gc,heap     ] GC(4) y:      Free:     1016M (33%)         514M (17%)        1192M (39%)        1808M (59%)        1814M (59%)         514M (17%)    
[2026-06-26T13:52:58.539-0300][9.291s][14796][14024][info][gc,heap     ] GC(4) y:      Used:     2056M (67%)        2558M (83%)        1880M (61%)        1264M (41%)        2558M (83%)        1258M (41%)    
[2026-06-26T13:52:58.539-0300][9.291s][14796][14024][info][gc,heap     ] GC(4) y: Young Generation Statistics:
[2026-06-26T13:52:58.539-0300][9.291s][14796][14024][info][gc,heap     ] GC(4) y:                Mark Start          Mark End        Relocate Start      Relocate End    
[2026-06-26T13:52:58.539-0300][9.291s][14796][14024][info][gc,heap     ] GC(4) y:      Used:     2002M (65%)        2504M (82%)        1682M (55%)        1028M (33%)    
[2026-06-26T13:52:58.539-0300][9.291s][14796][14024][info][gc,heap     ] GC(4) y:      Live:         -               206M (7%)           65M (2%)           55M (2%)     
[2026-06-26T13:52:58.539-0300][9.291s][14796][14024][info][gc,heap     ] GC(4) y:   Garbage:         -              1795M (58%)         728M (24%)           2M (0%)     
[2026-06-26T13:52:58.539-0300][9.291s][14796][14024][info][gc,heap     ] GC(4) y: Allocated:         -               502M (16%)         888M (29%)         970M (32%)    
[2026-06-26T13:52:58.539-0300][9.291s][14796][14024][info][gc,heap     ] GC(4) y: Reclaimed:         -                  -              1066M (35%)        1792M (58%)    
[2026-06-26T13:52:58.539-0300][9.291s][14796][14024][info][gc,heap     ] GC(4) y:  Promoted:         -                  -               141M (5%)          151M (5%)     
[2026-06-26T13:52:58.539-0300][9.291s][14796][14024][info][gc,heap     ] GC(4) y: Compacted:         -                  -                  -                51M (2%)     
[2026-06-26T13:52:58.539-0300][9.291s][14796][14024][info][gc,phases   ] GC(4) y: Young Generation 2056M(67%)->1264M(41%) 0.312s
[2026-06-26T13:52:58.539-0300][9.291s][14796][14024][info][gc          ] GC(4) Minor Collection (Allocation Rate) 2056M(67%)->1264M(41%) 0.312s
[2026-06-26T13:52:58.539-0300][9.291s][14796][3936 ][info][gc          ] GC(5) Major Collection (Allocation Rate)
[2026-06-26T13:52:58.539-0300][9.291s][14796][3936 ][info][gc,task     ] GC(5) Using 3 Workers for Young Generation
[2026-06-26T13:52:58.539-0300][9.291s][14796][3936 ][info][gc,task     ] GC(5) Using 1 Workers for Old Generation
[2026-06-26T13:52:58.539-0300][9.291s][14796][3936 ][info][gc,phases   ] GC(5) Y: Young Generation
[2026-06-26T13:52:58.539-0300][9.291s][14796][15076][info][gc,phases   ] GC(5) Y: Pause Mark Start (Major) 0.009ms
[2026-06-26T13:52:58.579-0300][9.330s][14796][3936 ][info][gc,phases   ] GC(5) Y: Concurrent Mark 39.147ms
[2026-06-26T13:52:58.579-0300][9.330s][14796][15076][info][gc,phases   ] GC(5) Y: Pause Mark End 0.014ms
[2026-06-26T13:52:58.579-0300][9.330s][14796][3936 ][info][gc,phases   ] GC(5) Y: Concurrent Mark Free 0.005ms
[2026-06-26T13:52:58.579-0300][9.331s][14796][3936 ][info][gc,phases   ] GC(5) Y: Concurrent Reset Relocation Set 0.096ms
[2026-06-26T13:52:58.579-0300][9.331s][14796][3936 ][info][gc,reloc    ] GC(5) Y: Using tenuring threshold: 1 (Computed)
[2026-06-26T13:52:58.589-0300][9.341s][14796][3936 ][info][gc,phases   ] GC(5) Y: Concurrent Select Relocation Set 10.019ms
[2026-06-26T13:52:58.589-0300][9.341s][14796][15076][info][gc,phases   ] GC(5) Y: Pause Relocate Start 0.009ms
[2026-06-26T13:52:58.605-0300][9.356s][14796][3936 ][info][gc,phases   ] GC(5) Y: Concurrent Relocate 15.343ms
[2026-06-26T13:52:58.605-0300][9.356s][14796][3936 ][info][gc,alloc    ] GC(5) Y:                         Mark Start        Mark End      Relocate Start    Relocate End   
[2026-06-26T13:52:58.605-0300][9.356s][14796][3936 ][info][gc,alloc    ] GC(5) Y: Allocation Stalls:          0                0                0                0         
[2026-06-26T13:52:58.605-0300][9.356s][14796][3936 ][info][gc,load     ] GC(5) Y: Load: 0.00 (0%) / 0.00 (0%) / 0.00 (0%)
[2026-06-26T13:52:58.605-0300][9.356s][14796][3936 ][info][gc,mmu      ] GC(5) Y: MMU: 2ms/98.6%, 5ms/99.4%, 10ms/99.7%, 20ms/99.7%, 50ms/99.9%, 100ms/99.9%
[2026-06-26T13:52:58.605-0300][9.356s][14796][3936 ][info][gc,marking  ] GC(5) Y: Mark: 2 stripe(s), 2 proactive flush(es), 1 terminate flush(es), 0 completion(s), 0 continuation(s) 
[2026-06-26T13:52:58.605-0300][9.356s][14796][3936 ][info][gc,nmethod  ] GC(5) Y: NMethods: 5119 registered, 303 unregistered
[2026-06-26T13:52:58.605-0300][9.356s][14796][3936 ][info][gc,metaspace] GC(5) Y: Metaspace: 48M used, 49M committed, 1088M reserved
[2026-06-26T13:52:58.605-0300][9.356s][14796][3936 ][info][gc,reloc    ] GC(5) Y:                        Candidates     Selected     In-Place         Size        Empty    Relocated 
[2026-06-26T13:52:58.605-0300][9.356s][14796][3936 ][info][gc,reloc    ] GC(5) Y: Small Pages:                   98           27            0         196M          82M           5M 
[2026-06-26T13:52:58.605-0300][9.356s][14796][3936 ][info][gc,reloc    ] GC(5) Y: Medium Pages:                  26            0            0         832M         832M           0M 
[2026-06-26T13:52:58.605-0300][9.356s][14796][3936 ][info][gc,reloc    ] GC(5) Y: Large Pages:                    0            0            0           0M           0M           0M 
[2026-06-26T13:52:58.605-0300][9.356s][14796][3936 ][info][gc,reloc    ] GC(5) Y: Forwarding Usage: 2M
[2026-06-26T13:52:58.605-0300][9.356s][14796][3936 ][info][gc,reloc    ] GC(5) Y: Age Table:
[2026-06-26T13:52:58.605-0300][9.356s][14796][3936 ][info][gc,reloc    ] GC(5) Y:                    Live             Garbage             Small              Medium             Large        
[2026-06-26T13:52:58.605-0300][9.356s][14796][3936 ][info][gc,reloc    ] GC(5) Y: Eden               4M (0%)          933M (30%)         69 / 25            25 / 0              0 / 0        
[2026-06-26T13:52:58.605-0300][9.356s][14796][3936 ][info][gc,reloc    ] GC(5) Y: Survivor 1        52M (2%)           37M (1%)          29 / 2              1 / 0              0 / 0        
[2026-06-26T13:52:58.605-0300][9.356s][14796][3936 ][info][gc,heap     ] GC(5) Y: Min Capacity: 8M(0%)
[2026-06-26T13:52:58.605-0300][9.356s][14796][3936 ][info][gc,heap     ] GC(5) Y: Max Capacity: 3072M(100%)
[2026-06-26T13:52:58.605-0300][9.356s][14796][3936 ][info][gc,heap     ] GC(5) Y: Soft Max Capacity: 3072M(100%)
[2026-06-26T13:52:58.605-0300][9.356s][14796][3936 ][info][gc,heap     ] GC(5) Y: Heap Statistics:
[2026-06-26T13:52:58.605-0300][9.356s][14796][3936 ][info][gc,heap     ] GC(5) Y:                Mark Start          Mark End        Relocate Start      Relocate End           High               Low         
[2026-06-26T13:52:58.605-0300][9.356s][14796][3936 ][info][gc,heap     ] GC(5) Y:  Capacity:     2558M (83%)        2558M (83%)        2558M (83%)        2558M (83%)        2558M (83%)        2558M (83%)    
[2026-06-26T13:52:58.605-0300][9.356s][14796][3936 ][info][gc,heap     ] GC(5) Y:      Free:     1808M (59%)        1802M (59%)        2714M (88%)        2760M (90%)        2762M (90%)        1802M (59%)    
[2026-06-26T13:52:58.605-0300][9.356s][14796][3936 ][info][gc,heap     ] GC(5) Y:      Used:     1264M (41%)        1270M (41%)         358M (12%)         312M (10%)        1270M (41%)         310M (10%)    
[2026-06-26T13:52:58.605-0300][9.356s][14796][3936 ][info][gc,heap     ] GC(5) Y: Young Generation Statistics:
[2026-06-26T13:52:58.605-0300][9.356s][14796][3936 ][info][gc,heap     ] GC(5) Y:                Mark Start          Mark End        Relocate Start      Relocate End    
[2026-06-26T13:52:58.605-0300][9.356s][14796][3936 ][info][gc,heap     ] GC(5) Y:      Used:     1028M (33%)        1034M (34%)          70M (2%)           18M (1%)     
[2026-06-26T13:52:58.605-0300][9.356s][14796][3936 ][info][gc,heap     ] GC(5) Y:      Live:         -                56M (2%)            6M (0%)            4M (0%)     
[2026-06-26T13:52:58.605-0300][9.356s][14796][3936 ][info][gc,heap     ] GC(5) Y:   Garbage:         -               971M (32%)          55M (2%)            0M (0%)     
[2026-06-26T13:52:58.605-0300][9.356s][14796][3936 ][info][gc,heap     ] GC(5) Y: Allocated:         -                 6M (0%)            8M (0%)           13M (0%)     
[2026-06-26T13:52:58.605-0300][9.356s][14796][3936 ][info][gc,heap     ] GC(5) Y: Reclaimed:         -                  -               916M (30%)         971M (32%)    
[2026-06-26T13:52:58.605-0300][9.356s][14796][3936 ][info][gc,heap     ] GC(5) Y:  Promoted:         -                  -                49M (2%)           52M (2%)     
[2026-06-26T13:52:58.605-0300][9.357s][14796][3936 ][info][gc,heap     ] GC(5) Y: Compacted:         -                  -                  -                 4M (0%)     
[2026-06-26T13:52:58.605-0300][9.357s][14796][3936 ][info][gc,phases   ] GC(5) Y: Young Generation 1264M(41%)->312M(10%) 0.065s
[2026-06-26T13:52:58.605-0300][9.357s][14796][3936 ][info][gc,phases   ] GC(5) O: Old Generation
[2026-06-26T13:52:58.834-0300][9.585s][14796][3936 ][info][gc,phases   ] GC(5) O: Concurrent Mark 228.802ms
[2026-06-26T13:52:58.834-0300][9.585s][14796][15076][info][gc,phases   ] GC(5) O: Pause Mark End 0.017ms
[2026-06-26T13:52:58.834-0300][9.585s][14796][3936 ][info][gc,phases   ] GC(5) O: Concurrent Mark Free 0.001ms
[2026-06-26T13:52:58.844-0300][9.596s][14796][3936 ][info][gc,phases   ] GC(5) O: Concurrent Process Non-Strong 9.992ms
[2026-06-26T13:52:58.844-0300][9.596s][14796][3936 ][info][gc,phases   ] GC(5) O: Concurrent Reset Relocation Set 0.000ms
[2026-06-26T13:52:58.844-0300][9.596s][14796][3936 ][info][gc,phases   ] GC(5) O: Concurrent Select Relocation Set 0.684ms
[2026-06-26T13:52:58.844-0300][9.596s][14796][3936 ][info][gc,task     ] GC(5) O: Using 3 Workers for Old Generation
[2026-06-26T13:52:58.848-0300][9.599s][14796][3936 ][info][gc,task     ] GC(5) O: Using 1 Workers for Old Generation
[2026-06-26T13:52:58.848-0300][9.599s][14796][3936 ][info][gc,phases   ] GC(5) O: Concurrent Remap Roots 2.772ms
[2026-06-26T13:52:58.848-0300][9.599s][14796][15076][info][gc,phases   ] GC(5) O: Pause Relocate Start 0.010ms
[2026-06-26T13:52:58.859-0300][9.611s][14796][3936 ][info][gc,phases   ] GC(5) O: Concurrent Relocate 11.559ms
[2026-06-26T13:52:58.859-0300][9.611s][14796][3936 ][info][gc,alloc    ] GC(5) O:                         Mark Start        Mark End      Relocate Start    Relocate End   
[2026-06-26T13:52:58.859-0300][9.611s][14796][3936 ][info][gc,alloc    ] GC(5) O: Allocation Stalls:          0                0                0                0         
[2026-06-26T13:52:58.859-0300][9.611s][14796][3936 ][info][gc,load     ] GC(5) O: Load: 0.00 (0%) / 0.00 (0%) / 0.00 (0%)
[2026-06-26T13:52:58.859-0300][9.611s][14796][3936 ][info][gc,mmu      ] GC(5) O: MMU: 2ms/98.6%, 5ms/99.4%, 10ms/99.7%, 20ms/99.7%, 50ms/99.9%, 100ms/99.9%
[2026-06-26T13:52:58.859-0300][9.611s][14796][3936 ][info][gc,marking  ] GC(5) O: Mark: 1 stripe(s), 2 proactive flush(es), 1 terminate flush(es), 0 completion(s), 0 continuation(s) 
[2026-06-26T13:52:58.859-0300][9.611s][14796][3936 ][info][gc,nmethod  ] GC(5) O: NMethods: 5081 registered, 404 unregistered
[2026-06-26T13:52:58.859-0300][9.611s][14796][3936 ][info][gc,metaspace] GC(5) O: Metaspace: 48M used, 49M committed, 1088M reserved
[2026-06-26T13:52:58.859-0300][9.611s][14796][3936 ][info][gc,ref      ] GC(5) O:                       Encountered   Discovered     Enqueued 
[2026-06-26T13:52:58.859-0300][9.611s][14796][3936 ][info][gc,ref      ] GC(5) O: Soft References:             4386            0            0 
[2026-06-26T13:52:58.859-0300][9.611s][14796][3936 ][info][gc,ref      ] GC(5) O: Weak References:            10347         9707         7777 
[2026-06-26T13:52:58.859-0300][9.611s][14796][3936 ][info][gc,ref      ] GC(5) O: Final References:               8            2            1 
[2026-06-26T13:52:58.859-0300][9.611s][14796][3936 ][info][gc,ref      ] GC(5) O: Phantom References:          7456         7449         1105 
[2026-06-26T13:52:58.859-0300][9.611s][14796][3936 ][info][gc,reloc    ] GC(5) O:                        Candidates     Selected     In-Place         Size        Empty    Relocated 
[2026-06-26T13:52:58.859-0300][9.611s][14796][3936 ][info][gc,reloc    ] GC(5) O: Small Pages:                   80            7            0         160M           0M           3M 
[2026-06-26T13:52:58.859-0300][9.611s][14796][3936 ][info][gc,reloc    ] GC(5) O: Medium Pages:                   2            1            0          64M           0M           6M 
[2026-06-26T13:52:58.859-0300][9.611s][14796][3936 ][info][gc,reloc    ] GC(5) O: Large Pages:                    1            0            0          12M           0M           0M 
[2026-06-26T13:52:58.859-0300][9.611s][14796][3936 ][info][gc,reloc    ] GC(5) O: Forwarding Usage: 3M
[2026-06-26T13:52:58.859-0300][9.611s][14796][3936 ][info][gc,heap     ] GC(5) O: Min Capacity: 8M(0%)
[2026-06-26T13:52:58.859-0300][9.611s][14796][3936 ][info][gc,heap     ] GC(5) O: Max Capacity: 3072M(100%)
[2026-06-26T13:52:58.859-0300][9.611s][14796][3936 ][info][gc,heap     ] GC(5) O: Soft Max Capacity: 3072M(100%)
[2026-06-26T13:52:58.859-0300][9.611s][14796][3936 ][info][gc,heap     ] GC(5) O: Heap Statistics:
[2026-06-26T13:52:58.859-0300][9.611s][14796][3936 ][info][gc,heap     ] GC(5) O:                Mark Start          Mark End        Relocate Start      Relocate End           High               Low         
[2026-06-26T13:52:58.859-0300][9.611s][14796][3936 ][info][gc,heap     ] GC(5) O:  Capacity:     2558M (83%)        2558M (83%)        2558M (83%)        2558M (83%)        2558M (83%)        2558M (83%)    
[2026-06-26T13:52:58.859-0300][9.611s][14796][3936 ][info][gc,heap     ] GC(5) O:      Free:     1808M (59%)        2726M (89%)        2722M (89%)        2760M (90%)        2762M (90%)        1802M (59%)    
[2026-06-26T13:52:58.859-0300][9.611s][14796][3936 ][info][gc,heap     ] GC(5) O:      Used:     1264M (41%)         346M (11%)         350M (11%)         312M (10%)        1270M (41%)         310M (10%)    
[2026-06-26T13:52:58.859-0300][9.611s][14796][3936 ][info][gc,heap     ] GC(5) O: Old Generation Statistics:
[2026-06-26T13:52:58.859-0300][9.611s][14796][3936 ][info][gc,heap     ] GC(5) O:                Mark Start          Mark End        Relocate Start      Relocate End    
[2026-06-26T13:52:58.859-0300][9.611s][14796][3936 ][info][gc,heap     ] GC(5) O:      Used:      236M (8%)          294M (10%)         294M (10%)         254M (8%)     
[2026-06-26T13:52:58.859-0300][9.611s][14796][3936 ][info][gc,heap     ] GC(5) O:      Live:         -               164M (5%)          164M (5%)          164M (5%)     
[2026-06-26T13:52:58.859-0300][9.611s][14796][3936 ][info][gc,heap     ] GC(5) O:   Garbage:         -                71M (2%)           71M (2%)            1M (0%)     
[2026-06-26T13:52:58.859-0300][9.611s][14796][3936 ][info][gc,heap     ] GC(5) O: Allocated:         -                58M (2%)           58M (2%)           88M (3%)     
[2026-06-26T13:52:58.859-0300][9.611s][14796][3936 ][info][gc,heap     ] GC(5) O: Reclaimed:         -                  -                 0M (0%)           70M (2%)     
[2026-06-26T13:52:58.859-0300][9.611s][14796][3936 ][info][gc,heap     ] GC(5) O: Compacted:         -                  -                  -                19M (1%)     
[2026-06-26T13:52:58.859-0300][9.611s][14796][3936 ][info][gc,phases   ] GC(5) O: Old Generation 312M(10%)->312M(10%) 0.254s
[2026-06-26T13:52:58.859-0300][9.611s][14796][3936 ][info][gc          ] GC(5) Major Collection (Allocation Rate) 1264M(41%)->312M(10%) 0.320s
[2026-06-26T13:52:59.408-0300][10.159s][14796][14024][info][gc          ] GC(6) Minor Collection (Allocation Rate)
[2026-06-26T13:52:59.408-0300][10.159s][14796][14024][info][gc,task     ] GC(6) Using 3 Workers for Young Generation
[2026-06-26T13:52:59.408-0300][10.159s][14796][14024][info][gc,phases   ] GC(6) y: Young Generation
[2026-06-26T13:52:59.408-0300][10.159s][14796][15076][info][gc,phases   ] GC(6) y: Pause Mark Start 0.010ms
[2026-06-26T13:52:59.424-0300][10.176s][14796][14024][info][gc,phases   ] GC(6) y: Concurrent Mark 16.563ms
[2026-06-26T13:52:59.424-0300][10.176s][14796][15076][info][gc,phases   ] GC(6) y: Pause Mark End 0.013ms
[2026-06-26T13:52:59.424-0300][10.176s][14796][14024][info][gc,phases   ] GC(6) y: Concurrent Mark Free 0.003ms
[2026-06-26T13:52:59.424-0300][10.176s][14796][14024][info][gc,phases   ] GC(6) y: Concurrent Reset Relocation Set 0.081ms
[2026-06-26T13:52:59.424-0300][10.176s][14796][14024][info][gc,reloc    ] GC(6) y: Using tenuring threshold: 2 (Computed)
[2026-06-26T13:52:59.425-0300][10.177s][14796][14024][info][gc,phases   ] GC(6) y: Concurrent Select Relocation Set 1.462ms
[2026-06-26T13:52:59.425-0300][10.177s][14796][15076][info][gc,phases   ] GC(6) y: Pause Relocate Start 0.005ms
[2026-06-26T13:52:59.433-0300][10.184s][14796][14024][info][gc,phases   ] GC(6) y: Concurrent Relocate 6.548ms
[2026-06-26T13:52:59.433-0300][10.184s][14796][14024][info][gc,alloc    ] GC(6) y:                         Mark Start        Mark End      Relocate Start    Relocate End   
[2026-06-26T13:52:59.433-0300][10.184s][14796][14024][info][gc,alloc    ] GC(6) y: Allocation Stalls:          0                0                0                0         
[2026-06-26T13:52:59.433-0300][10.184s][14796][14024][info][gc,load     ] GC(6) y: Load: 0.00 (0%) / 0.00 (0%) / 0.00 (0%)
[2026-06-26T13:52:59.433-0300][10.184s][14796][14024][info][gc,mmu      ] GC(6) y: MMU: 2ms/98.6%, 5ms/99.4%, 10ms/99.7%, 20ms/99.7%, 50ms/99.9%, 100ms/99.9%
[2026-06-26T13:52:59.433-0300][10.184s][14796][14024][info][gc,marking  ] GC(6) y: Mark: 2 stripe(s), 4 proactive flush(es), 1 terminate flush(es), 0 completion(s), 0 continuation(s) 
[2026-06-26T13:52:59.433-0300][10.184s][14796][14024][info][gc,nmethod  ] GC(6) y: NMethods: 5141 registered, 404 unregistered
[2026-06-26T13:52:59.433-0300][10.184s][14796][14024][info][gc,metaspace] GC(6) y: Metaspace: 48M used, 49M committed, 1088M reserved
[2026-06-26T13:52:59.433-0300][10.184s][14796][14024][info][gc,reloc    ] GC(6) y:                        Candidates     Selected     In-Place         Size        Empty    Relocated 
[2026-06-26T13:52:59.433-0300][10.184s][14796][14024][info][gc,reloc    ] GC(6) y: Small Pages:                   77           66            0         154M           4M          10M 
[2026-06-26T13:52:59.433-0300][10.184s][14796][14024][info][gc,reloc    ] GC(6) y: Medium Pages:                   0            0            0           0M           0M           0M 
[2026-06-26T13:52:59.433-0300][10.184s][14796][14024][info][gc,reloc    ] GC(6) y: Large Pages:                    0            0            0           0M           0M           0M 
[2026-06-26T13:52:59.433-0300][10.184s][14796][14024][info][gc,reloc    ] GC(6) y: Forwarding Usage: 4M
[2026-06-26T13:52:59.433-0300][10.184s][14796][14024][info][gc,reloc    ] GC(6) y: Age Table:
[2026-06-26T13:52:59.433-0300][10.184s][14796][14024][info][gc,reloc    ] GC(6) y:                    Live             Garbage             Small              Medium             Large        
[2026-06-26T13:52:59.433-0300][10.184s][14796][14024][info][gc,reloc    ] GC(6) y: Eden              10M (0%)          135M (4%)          73 / 65             0 / 0              0 / 0        
[2026-06-26T13:52:59.433-0300][10.184s][14796][14024][info][gc,reloc    ] GC(6) y: Survivor 1         4M (0%)            3M (0%)           4 / 1              0 / 0              0 / 0        
[2026-06-26T13:52:59.433-0300][10.184s][14796][14024][info][gc,heap     ] GC(6) y: Min Capacity: 8M(0%)
[2026-06-26T13:52:59.433-0300][10.184s][14796][14024][info][gc,heap     ] GC(6) y: Max Capacity: 3072M(100%)
[2026-06-26T13:52:59.433-0300][10.184s][14796][14024][info][gc,heap     ] GC(6) y: Soft Max Capacity: 3072M(100%)
[2026-06-26T13:52:59.433-0300][10.184s][14796][14024][info][gc,heap     ] GC(6) y: Heap Statistics:
[2026-06-26T13:52:59.433-0300][10.184s][14796][14024][info][gc,heap     ] GC(6) y:                Mark Start          Mark End        Relocate Start      Relocate End           High               Low         
[2026-06-26T13:52:59.433-0300][10.184s][14796][14024][info][gc,heap     ] GC(6) y:  Capacity:     2558M (83%)        2558M (83%)        2558M (83%)        2558M (83%)        2558M (83%)        2558M (83%)    
[2026-06-26T13:52:59.433-0300][10.184s][14796][14024][info][gc,heap     ] GC(6) y:      Free:     2664M (87%)        2660M (87%)        2664M (87%)        2790M (91%)        2790M (91%)        2656M (86%)    
[2026-06-26T13:52:59.433-0300][10.184s][14796][14024][info][gc,heap     ] GC(6) y:      Used:      408M (13%)         412M (13%)         408M (13%)         282M (9%)          416M (14%)         282M (9%)     
[2026-06-26T13:52:59.433-0300][10.184s][14796][14024][info][gc,heap     ] GC(6) y: Young Generation Statistics:
[2026-06-26T13:52:59.433-0300][10.184s][14796][14024][info][gc,heap     ] GC(6) y:                Mark Start          Mark End        Relocate Start      Relocate End    
[2026-06-26T13:52:59.433-0300][10.184s][14796][14024][info][gc,heap     ] GC(6) y:      Used:      154M (5%)          158M (5%)          154M (5%)           28M (1%)     
[2026-06-26T13:52:59.433-0300][10.184s][14796][14024][info][gc,heap     ] GC(6) y:      Live:         -                14M (0%)           14M (0%)           14M (0%)     
[2026-06-26T13:52:59.433-0300][10.184s][14796][14024][info][gc,heap     ] GC(6) y:   Garbage:         -               139M (5%)          135M (4%)            0M (0%)     
[2026-06-26T13:52:59.433-0300][10.184s][14796][14024][info][gc,heap     ] GC(6) y: Allocated:         -                 4M (0%)            4M (0%)           12M (0%)     
[2026-06-26T13:52:59.433-0300][10.184s][14796][14024][info][gc,heap     ] GC(6) y: Reclaimed:         -                  -                 4M (0%)          138M (5%)     
[2026-06-26T13:52:59.433-0300][10.184s][14796][14024][info][gc,heap     ] GC(6) y:  Promoted:         -                  -                 0M (0%)            0M (0%)     
[2026-06-26T13:52:59.433-0300][10.184s][14796][14024][info][gc,heap     ] GC(6) y: Compacted:         -                  -                  -                11M (0%)     
[2026-06-26T13:52:59.433-0300][10.184s][14796][14024][info][gc,phases   ] GC(6) y: Young Generation 408M(13%)->282M(9%) 0.025s
[2026-06-26T13:52:59.433-0300][10.184s][14796][14024][info][gc          ] GC(6) Minor Collection (Allocation Rate) 408M(13%)->282M(9%) 0.025s
[2026-06-26T13:53:05.099-0300][15.850s][14796][14024][info][gc          ] GC(7) Minor Collection (Allocation Rate)
[2026-06-26T13:53:05.099-0300][15.850s][14796][14024][info][gc,task     ] GC(7) Using 3 Workers for Young Generation
[2026-06-26T13:53:05.099-0300][15.850s][14796][14024][info][gc,phases   ] GC(7) y: Young Generation
[2026-06-26T13:53:05.099-0300][15.850s][14796][15076][info][gc,phases   ] GC(7) y: Pause Mark Start 0.009ms
[2026-06-26T13:53:05.235-0300][15.987s][14796][14024][info][gc,phases   ] GC(7) y: Concurrent Mark 137.244ms
[2026-06-26T13:53:05.235-0300][15.987s][14796][15076][info][gc,phases   ] GC(7) y: Pause Mark End 0.013ms
[2026-06-26T13:53:05.235-0300][15.987s][14796][14024][info][gc,phases   ] GC(7) y: Concurrent Mark Free 0.003ms
[2026-06-26T13:53:05.235-0300][15.987s][14796][14024][info][gc,phases   ] GC(7) y: Concurrent Reset Relocation Set 0.003ms
[2026-06-26T13:53:05.235-0300][15.988s][14796][14024][info][gc,reloc    ] GC(7) y: Using tenuring threshold: 3 (Computed)
[2026-06-26T13:53:05.252-0300][16.004s][14796][14024][info][gc,phases   ] GC(7) y: Concurrent Select Relocation Set 16.712ms
[2026-06-26T13:53:05.252-0300][16.004s][14796][15076][info][gc,phases   ] GC(7) y: Pause Relocate Start 0.010ms
[2026-06-26T13:53:05.321-0300][16.073s][14796][14024][info][gc,phases   ] GC(7) y: Concurrent Relocate 68.408ms
[2026-06-26T13:53:05.321-0300][16.073s][14796][14024][info][gc,alloc    ] GC(7) y:                         Mark Start        Mark End      Relocate Start    Relocate End   
[2026-06-26T13:53:05.321-0300][16.073s][14796][14024][info][gc,alloc    ] GC(7) y: Allocation Stalls:          0                0                0                0         
[2026-06-26T13:53:05.321-0300][16.073s][14796][14024][info][gc,load     ] GC(7) y: Load: 0.00 (0%) / 0.00 (0%) / 0.00 (0%)
[2026-06-26T13:53:05.321-0300][16.073s][14796][14024][info][gc,mmu      ] GC(7) y: MMU: 2ms/98.6%, 5ms/99.4%, 10ms/99.7%, 20ms/99.7%, 50ms/99.9%, 100ms/99.9%
[2026-06-26T13:53:05.321-0300][16.073s][14796][14024][info][gc,marking  ] GC(7) y: Mark: 2 stripe(s), 2 proactive flush(es), 1 terminate flush(es), 0 completion(s), 0 continuation(s) 
[2026-06-26T13:53:05.321-0300][16.073s][14796][14024][info][gc,nmethod  ] GC(7) y: NMethods: 7795 registered, 0 unregistered
[2026-06-26T13:53:05.321-0300][16.073s][14796][14024][info][gc,metaspace] GC(7) y: Metaspace: 51M used, 52M committed, 1088M reserved
[2026-06-26T13:53:05.321-0300][16.073s][14796][14024][info][gc,reloc    ] GC(7) y:                        Candidates     Selected     In-Place         Size        Empty    Relocated 
[2026-06-26T13:53:05.321-0300][16.073s][14796][14024][info][gc,reloc    ] GC(7) y: Small Pages:                  661          528            0        1322M          50M         134M 
[2026-06-26T13:53:05.321-0300][16.073s][14796][14024][info][gc,reloc    ] GC(7) y: Medium Pages:                   1            0            0          32M           0M           0M 
[2026-06-26T13:53:05.321-0300][16.073s][14796][14024][info][gc,reloc    ] GC(7) y: Large Pages:                    2            0            0          16M          16M           0M 
[2026-06-26T13:53:05.321-0300][16.073s][14796][14024][info][gc,reloc    ] GC(7) y: Forwarding Usage: 70M
[2026-06-26T13:53:05.321-0300][16.073s][14796][14024][info][gc,reloc    ] GC(7) y: Age Table:
[2026-06-26T13:53:05.321-0300][16.073s][14796][14024][info][gc,reloc    ] GC(7) y:                    Live             Garbage             Small              Medium             Large        
[2026-06-26T13:53:05.321-0300][16.073s][14796][14024][info][gc,reloc    ] GC(7) y: Eden             175M (6%)         1170M (38%)        649 / 525            1 / 0              2 / 0        
[2026-06-26T13:53:05.321-0300][16.073s][14796][14024][info][gc,reloc    ] GC(7) y: Survivor 1         9M (0%)            4M (0%)           7 / 1              0 / 0              0 / 0        
[2026-06-26T13:53:05.321-0300][16.073s][14796][14024][info][gc,reloc    ] GC(7) y: Survivor 2         4M (0%)            5M (0%)           5 / 2              0 / 0              0 / 0        
[2026-06-26T13:53:05.321-0300][16.073s][14796][14024][info][gc,heap     ] GC(7) y: Min Capacity: 8M(0%)
[2026-06-26T13:53:05.321-0300][16.073s][14796][14024][info][gc,heap     ] GC(7) y: Max Capacity: 3072M(100%)
[2026-06-26T13:53:05.321-0300][16.073s][14796][14024][info][gc,heap     ] GC(7) y: Soft Max Capacity: 3072M(100%)
[2026-06-26T13:53:05.321-0300][16.073s][14796][14024][info][gc,heap     ] GC(7) y: Heap Statistics:
[2026-06-26T13:53:05.321-0300][16.073s][14796][14024][info][gc,heap     ] GC(7) y:                Mark Start          Mark End        Relocate Start      Relocate End           High               Low         
[2026-06-26T13:53:05.321-0300][16.073s][14796][14024][info][gc,heap     ] GC(7) y:  Capacity:     2558M (83%)        2558M (83%)        2558M (83%)        2558M (83%)        2558M (83%)        2558M (83%)    
[2026-06-26T13:53:05.321-0300][16.073s][14796][14024][info][gc,heap     ] GC(7) y:      Free:     1448M (47%)        1390M (45%)        1452M (47%)        2522M (82%)        2522M (82%)        1390M (45%)    
[2026-06-26T13:53:05.321-0300][16.073s][14796][14024][info][gc,heap     ] GC(7) y:      Used:     1624M (53%)        1682M (55%)        1620M (53%)         550M (18%)        1682M (55%)         550M (18%)    
[2026-06-26T13:53:05.321-0300][16.073s][14796][14024][info][gc,heap     ] GC(7) y: Young Generation Statistics:
[2026-06-26T13:53:05.321-0300][16.073s][14796][14024][info][gc,heap     ] GC(7) y:                Mark Start          Mark End        Relocate Start      Relocate End    
[2026-06-26T13:53:05.322-0300][16.073s][14796][14024][info][gc,heap     ] GC(7) y:      Used:     1370M (45%)        1428M (46%)        1366M (44%)         296M (10%)    
[2026-06-26T13:53:05.322-0300][16.073s][14796][14024][info][gc,heap     ] GC(7) y:      Live:         -               189M (6%)          189M (6%)          189M (6%)     
[2026-06-26T13:53:05.322-0300][16.073s][14796][14024][info][gc,heap     ] GC(7) y:   Garbage:         -              1180M (38%)        1114M (36%)          33M (1%)     
[2026-06-26T13:53:05.322-0300][16.073s][14796][14024][info][gc,heap     ] GC(7) y: Allocated:         -                58M (2%)           62M (2%)           72M (2%)     
[2026-06-26T13:53:05.322-0300][16.073s][14796][14024][info][gc,heap     ] GC(7) y: Reclaimed:         -                  -                66M (2%)         1146M (37%)    
[2026-06-26T13:53:05.322-0300][16.073s][14796][14024][info][gc,heap     ] GC(7) y:  Promoted:         -                  -                 0M (0%)            0M (0%)     
[2026-06-26T13:53:05.322-0300][16.073s][14796][14024][info][gc,heap     ] GC(7) y: Compacted:         -                  -                  -               171M (6%)     
[2026-06-26T13:53:05.322-0300][16.073s][14796][14024][info][gc,phases   ] GC(7) y: Young Generation 1624M(53%)->550M(18%) 0.223s
[2026-06-26T13:53:05.322-0300][16.073s][14796][14024][info][gc          ] GC(7) Minor Collection (Allocation Rate) 1624M(53%)->550M(18%) 0.223s
[2026-06-26T13:53:05.322-0300][16.073s][14796][14024][info][gc          ] GC(8) Minor Collection (Allocation Rate)
[2026-06-26T13:53:05.322-0300][16.073s][14796][14024][info][gc,task     ] GC(8) Using 3 Workers for Young Generation
[2026-06-26T13:53:05.322-0300][16.073s][14796][14024][info][gc,phases   ] GC(8) y: Young Generation
[2026-06-26T13:53:05.322-0300][16.073s][14796][15076][info][gc,phases   ] GC(8) y: Pause Mark Start 0.009ms
[2026-06-26T13:53:05.500-0300][16.252s][14796][14024][info][gc,phases   ] GC(8) y: Concurrent Mark 178.362ms
[2026-06-26T13:53:05.500-0300][16.252s][14796][15076][info][gc,phases   ] GC(8) y: Pause Mark End 0.013ms
[2026-06-26T13:53:05.500-0300][16.252s][14796][14024][info][gc,phases   ] GC(8) y: Concurrent Mark Free 0.005ms
[2026-06-26T13:53:05.500-0300][16.252s][14796][14024][info][gc,phases   ] GC(8) y: Concurrent Reset Relocation Set 0.034ms
[2026-06-26T13:53:05.500-0300][16.252s][14796][14024][info][gc,reloc    ] GC(8) y: Using tenuring threshold: 1 (Computed)
[2026-06-26T13:53:05.537-0300][16.288s][14796][14024][info][gc,phases   ] GC(8) y: Concurrent Select Relocation Set 36.333ms
[2026-06-26T13:53:05.537-0300][16.288s][14796][15076][info][gc,phases   ] GC(8) y: Pause Relocate Start 0.010ms
[2026-06-26T13:53:05.602-0300][16.354s][14796][14024][info][gc,phases   ] GC(8) y: Concurrent Relocate 65.380ms
[2026-06-26T13:53:05.602-0300][16.354s][14796][14024][info][gc,alloc    ] GC(8) y:                         Mark Start        Mark End      Relocate Start    Relocate End   
[2026-06-26T13:53:05.602-0300][16.354s][14796][14024][info][gc,alloc    ] GC(8) y: Allocation Stalls:          0                0                0                0         
[2026-06-26T13:53:05.602-0300][16.354s][14796][14024][info][gc,load     ] GC(8) y: Load: 0.00 (0%) / 0.00 (0%) / 0.00 (0%)
[2026-06-26T13:53:05.602-0300][16.354s][14796][14024][info][gc,mmu      ] GC(8) y: MMU: 2ms/98.6%, 5ms/99.4%, 10ms/99.7%, 20ms/99.7%, 50ms/99.9%, 100ms/99.9%
[2026-06-26T13:53:05.602-0300][16.354s][14796][14024][info][gc,marking  ] GC(8) y: Mark: 2 stripe(s), 2 proactive flush(es), 1 terminate flush(es), 0 completion(s), 0 continuation(s) 
[2026-06-26T13:53:05.602-0300][16.354s][14796][14024][info][gc,nmethod  ] GC(8) y: NMethods: 7813 registered, 0 unregistered
[2026-06-26T13:53:05.602-0300][16.354s][14796][14024][info][gc,metaspace] GC(8) y: Metaspace: 51M used, 52M committed, 1088M reserved
[2026-06-26T13:53:05.602-0300][16.354s][14796][14024][info][gc,reloc    ] GC(8) y:                        Candidates     Selected     In-Place         Size        Empty    Relocated 
[2026-06-26T13:53:05.602-0300][16.354s][14796][14024][info][gc,reloc    ] GC(8) y: Small Pages:                  116           13            0         232M           0M           3M 
[2026-06-26T13:53:05.602-0300][16.354s][14796][14024][info][gc,reloc    ] GC(8) y: Medium Pages:                   2            1            0          64M           0M           1M 
[2026-06-26T13:53:05.602-0300][16.354s][14796][14024][info][gc,reloc    ] GC(8) y: Large Pages:                    0            0            0           0M           0M           0M 
[2026-06-26T13:53:05.602-0300][16.354s][14796][14024][info][gc,reloc    ] GC(8) y: Forwarding Usage: 2M
[2026-06-26T13:53:05.602-0300][16.354s][14796][14024][info][gc,reloc    ] GC(8) y: Age Table:
[2026-06-26T13:53:05.602-0300][16.354s][14796][14024][info][gc,reloc    ] GC(8) y:                    Live             Garbage             Small              Medium             Large        
[2026-06-26T13:53:05.602-0300][16.354s][14796][14024][info][gc,reloc    ] GC(8) y: Eden              12M (0%)           49M (2%)          15 / 9              1 / 0              0 / 0        
[2026-06-26T13:53:05.602-0300][16.354s][14796][14024][info][gc,reloc    ] GC(8) y: Survivor 1       175M (6%)           38M (1%)          91 / 4              1 / 1              0 / 0        
[2026-06-26T13:53:05.602-0300][16.354s][14796][14024][info][gc,reloc    ] GC(8) y: Survivor 2         9M (0%)            2M (0%)           6 / 0              0 / 0              0 / 0        
[2026-06-26T13:53:05.602-0300][16.354s][14796][14024][info][gc,reloc    ] GC(8) y: Survivor 3         4M (0%)            3M (0%)           4 / 0              0 / 0              0 / 0        
[2026-06-26T13:53:05.602-0300][16.354s][14796][14024][info][gc,heap     ] GC(8) y: Min Capacity: 8M(0%)
[2026-06-26T13:53:05.602-0300][16.354s][14796][14024][info][gc,heap     ] GC(8) y: Max Capacity: 3072M(100%)
[2026-06-26T13:53:05.602-0300][16.354s][14796][14024][info][gc,heap     ] GC(8) y: Soft Max Capacity: 3072M(100%)
[2026-06-26T13:53:05.602-0300][16.354s][14796][14024][info][gc,heap     ] GC(8) y: Heap Statistics:
[2026-06-26T13:53:05.602-0300][16.354s][14796][14024][info][gc,heap     ] GC(8) y:                Mark Start          Mark End        Relocate Start      Relocate End           High               Low         
[2026-06-26T13:53:05.602-0300][16.354s][14796][14024][info][gc,heap     ] GC(8) y:  Capacity:     2558M (83%)        2558M (83%)        2558M (83%)        2558M (83%)        2558M (83%)        2558M (83%)    
[2026-06-26T13:53:05.602-0300][16.354s][14796][14024][info][gc,heap     ] GC(8) y:      Free:     2522M (82%)        2520M (82%)        2520M (82%)        2470M (80%)        2522M (82%)        2454M (80%)    
[2026-06-26T13:53:05.602-0300][16.354s][14796][14024][info][gc,heap     ] GC(8) y:      Used:      550M (18%)         552M (18%)         552M (18%)         602M (20%)         618M (20%)         550M (18%)    
[2026-06-26T13:53:05.602-0300][16.354s][14796][14024][info][gc,heap     ] GC(8) y: Young Generation Statistics:
[2026-06-26T13:53:05.602-0300][16.354s][14796][14024][info][gc,heap     ] GC(8) y:                Mark Start          Mark End        Relocate Start      Relocate End    
[2026-06-26T13:53:05.602-0300][16.354s][14796][14024][info][gc,heap     ] GC(8) y:      Used:      296M (10%)         298M (10%)         108M (4%)           88M (3%)     
[2026-06-26T13:53:05.602-0300][16.354s][14796][14024][info][gc,heap     ] GC(8) y:      Live:         -               201M (7%)           16M (1%)           12M (0%)     
[2026-06-26T13:53:05.602-0300][16.354s][14796][14024][info][gc,heap     ] GC(8) y:   Garbage:         -                94M (3%)           89M (3%)            1M (0%)     
[2026-06-26T13:53:05.602-0300][16.354s][14796][14024][info][gc,heap     ] GC(8) y: Allocated:         -                 2M (0%)            2M (0%)           74M (2%)     
[2026-06-26T13:53:05.602-0300][16.354s][14796][14024][info][gc,heap     ] GC(8) y: Reclaimed:         -                  -                 5M (0%)           93M (3%)     
[2026-06-26T13:53:05.602-0300][16.354s][14796][14024][info][gc,heap     ] GC(8) y:  Promoted:         -                  -               184M (6%)          188M (6%)     
[2026-06-26T13:53:05.602-0300][16.354s][14796][14024][info][gc,heap     ] GC(8) y: Compacted:         -                  -                  -                 3M (0%)     
[2026-06-26T13:53:05.602-0300][16.354s][14796][14024][info][gc,phases   ] GC(8) y: Young Generation 550M(18%)->602M(20%) 0.281s
[2026-06-26T13:53:05.602-0300][16.354s][14796][14024][info][gc          ] GC(8) Minor Collection (Allocation Rate) 550M(18%)->602M(20%) 0.281s
[2026-06-26T13:53:08.379-0300][19.131s][14796][3936 ][info][gc          ] GC(9) Major Collection (Allocation Rate)
[2026-06-26T13:53:08.380-0300][19.131s][14796][3936 ][info][gc,task     ] GC(9) Using 3 Workers for Young Generation
[2026-06-26T13:53:08.380-0300][19.131s][14796][3936 ][info][gc,task     ] GC(9) Using 1 Workers for Old Generation
[2026-06-26T13:53:08.380-0300][19.131s][14796][3936 ][info][gc,phases   ] GC(9) Y: Young Generation
[2026-06-26T13:53:08.380-0300][19.131s][14796][15076][info][gc,phases   ] GC(9) Y: Pause Mark Start (Major) 0.013ms
[2026-06-26T13:53:08.405-0300][19.157s][14796][3936 ][info][gc,phases   ] GC(9) Y: Concurrent Mark 25.331ms
[2026-06-26T13:53:08.405-0300][19.157s][14796][15076][info][gc,phases   ] GC(9) Y: Pause Mark End 0.012ms
[2026-06-26T13:53:08.405-0300][19.157s][14796][3936 ][info][gc,phases   ] GC(9) Y: Concurrent Mark Free 0.003ms
[2026-06-26T13:53:08.405-0300][19.157s][14796][3936 ][info][gc,phases   ] GC(9) Y: Concurrent Reset Relocation Set 0.140ms
[2026-06-26T13:53:08.405-0300][19.157s][14796][3936 ][info][gc,reloc    ] GC(9) Y: Using tenuring threshold: 2 (Computed)
[2026-06-26T13:53:08.406-0300][19.158s][14796][3936 ][info][gc,phases   ] GC(9) Y: Concurrent Select Relocation Set 0.262ms
[2026-06-26T13:53:08.406-0300][19.158s][14796][15076][info][gc,phases   ] GC(9) Y: Pause Relocate Start 0.006ms
[2026-06-26T13:53:08.408-0300][19.160s][14796][3936 ][info][gc,phases   ] GC(9) Y: Concurrent Relocate 2.461ms
[2026-06-26T13:53:08.408-0300][19.160s][14796][3936 ][info][gc,alloc    ] GC(9) Y:                         Mark Start        Mark End      Relocate Start    Relocate End   
[2026-06-26T13:53:08.408-0300][19.160s][14796][3936 ][info][gc,alloc    ] GC(9) Y: Allocation Stalls:          0                0                0                0         
[2026-06-26T13:53:08.408-0300][19.160s][14796][3936 ][info][gc,load     ] GC(9) Y: Load: 0.00 (0%) / 0.00 (0%) / 0.00 (0%)
[2026-06-26T13:53:08.408-0300][19.160s][14796][3936 ][info][gc,mmu      ] GC(9) Y: MMU: 2ms/98.6%, 5ms/99.4%, 10ms/99.7%, 20ms/99.7%, 50ms/99.9%, 100ms/99.9%
[2026-06-26T13:53:08.408-0300][19.160s][14796][3936 ][info][gc,marking  ] GC(9) Y: Mark: 2 stripe(s), 3 proactive flush(es), 1 terminate flush(es), 0 completion(s), 0 continuation(s) 
[2026-06-26T13:53:08.408-0300][19.160s][14796][3936 ][info][gc,nmethod  ] GC(9) Y: NMethods: 8541 registered, 0 unregistered
[2026-06-26T13:53:08.408-0300][19.160s][14796][3936 ][info][gc,metaspace] GC(9) Y: Metaspace: 52M used, 53M committed, 1088M reserved
[2026-06-26T13:53:08.408-0300][19.160s][14796][3936 ][info][gc,reloc    ] GC(9) Y:                        Candidates     Selected     In-Place         Size        Empty    Relocated 
[2026-06-26T13:53:08.408-0300][19.160s][14796][3936 ][info][gc,reloc    ] GC(9) Y: Small Pages:                   46           32            0          92M           0M           4M 
[2026-06-26T13:53:08.408-0300][19.160s][14796][3936 ][info][gc,reloc    ] GC(9) Y: Medium Pages:                   2            1            0          64M           0M           1M 
[2026-06-26T13:53:08.408-0300][19.160s][14796][3936 ][info][gc,reloc    ] GC(9) Y: Large Pages:                    0            0            0           0M           0M           0M 
[2026-06-26T13:53:08.408-0300][19.160s][14796][3936 ][info][gc,reloc    ] GC(9) Y: Forwarding Usage: 1M
[2026-06-26T13:53:08.408-0300][19.160s][14796][3936 ][info][gc,reloc    ] GC(9) Y: Age Table:
[2026-06-26T13:53:08.408-0300][19.160s][14796][3936 ][info][gc,reloc    ] GC(9) Y:                    Live             Garbage             Small              Medium             Large        
[2026-06-26T13:53:08.408-0300][19.160s][14796][3936 ][info][gc,reloc    ] GC(9) Y: Eden              12M (0%)           95M (3%)          38 / 32             1 / 0              0 / 0        
[2026-06-26T13:53:08.408-0300][19.160s][14796][3936 ][info][gc,reloc    ] GC(9) Y: Survivor 1        12M (0%)           35M (1%)           8 / 0              1 / 1              0 / 0        
[2026-06-26T13:53:08.408-0300][19.160s][14796][3936 ][info][gc,heap     ] GC(9) Y: Min Capacity: 8M(0%)
[2026-06-26T13:53:08.408-0300][19.160s][14796][3936 ][info][gc,heap     ] GC(9) Y: Max Capacity: 3072M(100%)
[2026-06-26T13:53:08.408-0300][19.160s][14796][3936 ][info][gc,heap     ] GC(9) Y: Soft Max Capacity: 3072M(100%)
[2026-06-26T13:53:08.408-0300][19.160s][14796][3936 ][info][gc,heap     ] GC(9) Y: Heap Statistics:
[2026-06-26T13:53:08.408-0300][19.160s][14796][3936 ][info][gc,heap     ] GC(9) Y:                Mark Start          Mark End        Relocate Start      Relocate End           High               Low         
[2026-06-26T13:53:08.408-0300][19.160s][14796][3936 ][info][gc,heap     ] GC(9) Y:  Capacity:     2558M (83%)        2558M (83%)        2558M (83%)        2558M (83%)        2558M (83%)        2558M (83%)    
[2026-06-26T13:53:08.408-0300][19.160s][14796][3936 ][info][gc,heap     ] GC(9) Y:      Free:     2402M (78%)        2390M (78%)        2390M (78%)        2442M (79%)        2442M (79%)        2318M (75%)    
[2026-06-26T13:53:08.408-0300][19.160s][14796][3936 ][info][gc,heap     ] GC(9) Y:      Used:      670M (22%)         682M (22%)         682M (22%)         630M (21%)         754M (25%)         630M (21%)    
[2026-06-26T13:53:08.408-0300][19.160s][14796][3936 ][info][gc,heap     ] GC(9) Y: Young Generation Statistics:
[2026-06-26T13:53:08.408-0300][19.160s][14796][3936 ][info][gc,heap     ] GC(9) Y:                Mark Start          Mark End        Relocate Start      Relocate End    
[2026-06-26T13:53:08.408-0300][19.160s][14796][3936 ][info][gc,heap     ] GC(9) Y:      Used:      156M (5%)          168M (5%)          168M (5%)          116M (4%)     
[2026-06-26T13:53:08.408-0300][19.160s][14796][3936 ][info][gc,heap     ] GC(9) Y:      Live:         -                25M (1%)           25M (1%)           25M (1%)     
[2026-06-26T13:53:08.408-0300][19.160s][14796][3936 ][info][gc,heap     ] GC(9) Y:   Garbage:         -               130M (4%)          130M (4%)            3M (0%)     
[2026-06-26T13:53:08.408-0300][19.160s][14796][3936 ][info][gc,heap     ] GC(9) Y: Allocated:         -                12M (0%)           12M (0%)           87M (3%)     
[2026-06-26T13:53:08.408-0300][19.160s][14796][3936 ][info][gc,heap     ] GC(9) Y: Reclaimed:         -                  -                 0M (0%)          127M (4%)     
[2026-06-26T13:53:08.408-0300][19.160s][14796][3936 ][info][gc,heap     ] GC(9) Y:  Promoted:         -                  -                 0M (0%)            0M (0%)     
[2026-06-26T13:53:08.409-0300][19.160s][14796][3936 ][info][gc,heap     ] GC(9) Y: Compacted:         -                  -                  -                 6M (0%)     
[2026-06-26T13:53:08.409-0300][19.160s][14796][3936 ][info][gc,phases   ] GC(9) Y: Young Generation 670M(22%)->630M(21%) 0.029s
[2026-06-26T13:53:08.409-0300][19.160s][14796][3936 ][info][gc,phases   ] GC(9) O: Old Generation
[2026-06-26T13:53:08.549-0300][19.300s][14796][14908][info][gc,task     ] Adjusting Workers for Old Generation: 1 -> 2
[2026-06-26T13:53:08.549-0300][19.300s][14796][14024][info][gc          ] GC(10) Minor Collection (Allocation Rate)
[2026-06-26T13:53:08.549-0300][19.300s][14796][14024][info][gc,task     ] GC(10) Using 1 Workers for Young Generation
[2026-06-26T13:53:08.549-0300][19.300s][14796][14024][info][gc,phases   ] GC(10) y: Young Generation
[2026-06-26T13:53:08.549-0300][19.300s][14796][15076][info][gc,phases   ] GC(10) y: Pause Mark Start 0.008ms
[2026-06-26T13:53:08.606-0300][19.358s][14796][14024][info][gc,phases   ] GC(10) y: Concurrent Mark 57.605ms
[2026-06-26T13:53:08.606-0300][19.358s][14796][15076][info][gc,phases   ] GC(10) y: Pause Mark End 0.014ms
[2026-06-26T13:53:08.606-0300][19.358s][14796][14024][info][gc,phases   ] GC(10) y: Concurrent Mark Free 0.002ms
[2026-06-26T13:53:08.606-0300][19.358s][14796][14024][info][gc,phases   ] GC(10) y: Concurrent Reset Relocation Set 0.004ms
[2026-06-26T13:53:08.606-0300][19.358s][14796][14024][info][gc,reloc    ] GC(10) y: Using tenuring threshold: 2 (Computed)
[2026-06-26T13:53:08.616-0300][19.368s][14796][14024][info][gc,phases   ] GC(10) y: Concurrent Select Relocation Set 9.859ms
[2026-06-26T13:53:08.616-0300][19.368s][14796][15076][info][gc,phases   ] GC(10) y: Pause Relocate Start 0.010ms
[2026-06-26T13:53:08.644-0300][19.396s][14796][14024][info][gc,phases   ] GC(10) y: Concurrent Relocate 27.640ms
[2026-06-26T13:53:08.644-0300][19.396s][14796][14024][info][gc,alloc    ] GC(10) y:                         Mark Start        Mark End      Relocate Start    Relocate End   
[2026-06-26T13:53:08.644-0300][19.396s][14796][14024][info][gc,alloc    ] GC(10) y: Allocation Stalls:          0                0                0                0         
[2026-06-26T13:53:08.644-0300][19.396s][14796][14024][info][gc,load     ] GC(10) y: Load: 0.00 (0%) / 0.00 (0%) / 0.00 (0%)
[2026-06-26T13:53:08.644-0300][19.396s][14796][14024][info][gc,mmu      ] GC(10) y: MMU: 2ms/98.6%, 5ms/99.4%, 10ms/99.7%, 20ms/99.7%, 50ms/99.9%, 100ms/99.9%
[2026-06-26T13:53:08.644-0300][19.396s][14796][14024][info][gc,marking  ] GC(10) y: Mark: 1 stripe(s), 2 proactive flush(es), 1 terminate flush(es), 0 completion(s), 0 continuation(s) 
[2026-06-26T13:53:08.644-0300][19.396s][14796][14024][info][gc,nmethod  ] GC(10) y: NMethods: 8811 registered, 0 unregistered
[2026-06-26T13:53:08.644-0300][19.396s][14796][14024][info][gc,metaspace] GC(10) y: Metaspace: 53M used, 54M committed, 1088M reserved
[2026-06-26T13:53:08.644-0300][19.396s][14796][14024][info][gc,reloc    ] GC(10) y:                        Candidates     Selected     In-Place         Size        Empty    Relocated 
[2026-06-26T13:53:08.644-0300][19.396s][14796][14024][info][gc,reloc    ] GC(10) y: Small Pages:                   38           20            0          76M           0M           6M 
[2026-06-26T13:53:08.644-0300][19.396s][14796][14024][info][gc,reloc    ] GC(10) y: Medium Pages:                   3            2            0          96M           0M           1M 
[2026-06-26T13:53:08.644-0300][19.396s][14796][14024][info][gc,reloc    ] GC(10) y: Large Pages:                    0            0            0           0M           0M           0M 
[2026-06-26T13:53:08.644-0300][19.396s][14796][14024][info][gc,reloc    ] GC(10) y: Forwarding Usage: 4M
[2026-06-26T13:53:08.644-0300][19.396s][14796][14024][info][gc,reloc    ] GC(10) y: Age Table:
[2026-06-26T13:53:08.644-0300][19.396s][14796][14024][info][gc,reloc    ] GC(10) y:                    Live             Garbage             Small              Medium             Large        
[2026-06-26T13:53:08.644-0300][19.396s][14796][14024][info][gc,reloc    ] GC(10) y: Eden               7M (0%)           62M (2%)          19 / 15             1 / 1              0 / 0        
[2026-06-26T13:53:08.644-0300][19.396s][14796][14024][info][gc,reloc    ] GC(10) y: Survivor 1        12M (0%)           41M (1%)          11 / 4              1 / 0              0 / 0        
[2026-06-26T13:53:08.644-0300][19.396s][14796][14024][info][gc,reloc    ] GC(10) y: Survivor 2        12M (0%)           35M (1%)           8 / 1              1 / 1              0 / 0        
[2026-06-26T13:53:08.644-0300][19.396s][14796][14024][info][gc,heap     ] GC(10) y: Min Capacity: 8M(0%)
[2026-06-26T13:53:08.644-0300][19.396s][14796][14024][info][gc,heap     ] GC(10) y: Max Capacity: 3072M(100%)
[2026-06-26T13:53:08.644-0300][19.396s][14796][14024][info][gc,heap     ] GC(10) y: Soft Max Capacity: 3072M(100%)
[2026-06-26T13:53:08.644-0300][19.396s][14796][14024][info][gc,heap     ] GC(10) y: Heap Statistics:
[2026-06-26T13:53:08.644-0300][19.396s][14796][14024][info][gc,heap     ] GC(10) y:                Mark Start          Mark End        Relocate Start      Relocate End           High               Low         
[2026-06-26T13:53:08.644-0300][19.396s][14796][14024][info][gc,heap     ] GC(10) y:  Capacity:     2558M (83%)        2558M (83%)        2558M (83%)        2558M (83%)        2558M (83%)        2558M (83%)    
[2026-06-26T13:53:08.644-0300][19.396s][14796][14024][info][gc,heap     ] GC(10) y:      Free:     2386M (78%)        2332M (76%)        2328M (76%)        2362M (77%)        2386M (78%)        2292M (75%)    
[2026-06-26T13:53:08.644-0300][19.396s][14796][14024][info][gc,heap     ] GC(10) y:      Used:      686M (22%)         740M (24%)         744M (24%)         710M (23%)         780M (25%)         686M (22%)    
[2026-06-26T13:53:08.644-0300][19.396s][14796][14024][info][gc,heap     ] GC(10) y: Young Generation Statistics:
[2026-06-26T13:53:08.644-0300][19.396s][14796][14024][info][gc,heap     ] GC(10) y:                Mark Start          Mark End        Relocate Start      Relocate End    
[2026-06-26T13:53:08.644-0300][19.396s][14796][14024][info][gc,heap     ] GC(10) y:      Used:      172M (6%)          226M (7%)          216M (7%)          148M (5%)     
[2026-06-26T13:53:08.644-0300][19.396s][14796][14024][info][gc,heap     ] GC(10) y:      Live:         -                32M (1%)           21M (1%)           20M (1%)     
[2026-06-26T13:53:08.644-0300][19.396s][14796][14024][info][gc,heap     ] GC(10) y:   Garbage:         -               139M (5%)          136M (4%)            1M (0%)     
[2026-06-26T13:53:08.644-0300][19.396s][14796][14024][info][gc,heap     ] GC(10) y: Allocated:         -                54M (2%)           58M (2%)          126M (4%)     
[2026-06-26T13:53:08.644-0300][19.396s][14796][14024][info][gc,heap     ] GC(10) y: Reclaimed:         -                  -                 2M (0%)          138M (5%)     
[2026-06-26T13:53:08.644-0300][19.396s][14796][14024][info][gc,heap     ] GC(10) y:  Promoted:         -                  -                11M (0%)           12M (0%)     
[2026-06-26T13:53:08.644-0300][19.396s][14796][14024][info][gc,heap     ] GC(10) y: Compacted:         -                  -                  -                 9M (0%)     
[2026-06-26T13:53:08.644-0300][19.396s][14796][14024][info][gc,phases   ] GC(10) y: Young Generation 686M(22%)->710M(23%) 0.096s
[2026-06-26T13:53:08.644-0300][19.396s][14796][14024][info][gc          ] GC(10) Minor Collection (Allocation Rate) 686M(22%)->710M(23%) 0.096s
[2026-06-26T13:53:08.835-0300][19.586s][14796][3936 ][info][gc,phases   ] GC(9) O: Concurrent Mark 425.898ms
[2026-06-26T13:53:08.835-0300][19.586s][14796][15076][info][gc,phases   ] GC(9) O: Pause Mark End 0.012ms
[2026-06-26T13:53:08.835-0300][19.587s][14796][3936 ][info][gc,phases   ] GC(9) O: Concurrent Mark Free 0.003ms
[2026-06-26T13:53:08.847-0300][19.598s][14796][3936 ][info][gc,phases   ] GC(9) O: Concurrent Process Non-Strong 11.332ms
[2026-06-26T13:53:08.847-0300][19.598s][14796][3936 ][info][gc,phases   ] GC(9) O: Concurrent Reset Relocation Set 0.004ms
[2026-06-26T13:53:08.847-0300][19.598s][14796][3936 ][info][gc,phases   ] GC(9) O: Concurrent Select Relocation Set 0.248ms
[2026-06-26T13:53:08.847-0300][19.598s][14796][3936 ][info][gc,task     ] GC(9) O: Using 3 Workers for Old Generation
[2026-06-26T13:53:08.850-0300][19.602s][14796][3936 ][info][gc,task     ] GC(9) O: Using 2 Workers for Old Generation
[2026-06-26T13:53:08.850-0300][19.602s][14796][3936 ][info][gc,phases   ] GC(9) O: Concurrent Remap Roots 3.365ms
[2026-06-26T13:53:08.850-0300][19.602s][14796][15076][info][gc,phases   ] GC(9) O: Pause Relocate Start 0.011ms
[2026-06-26T13:53:08.858-0300][19.609s][14796][3936 ][info][gc,phases   ] GC(9) O: Concurrent Relocate 7.526ms
[2026-06-26T13:53:08.858-0300][19.609s][14796][3936 ][info][gc,alloc    ] GC(9) O:                         Mark Start        Mark End      Relocate Start    Relocate End   
[2026-06-26T13:53:08.858-0300][19.609s][14796][3936 ][info][gc,alloc    ] GC(9) O: Allocation Stalls:          0                0                0                0         
[2026-06-26T13:53:08.858-0300][19.609s][14796][3936 ][info][gc,load     ] GC(9) O: Load: 0.00 (0%) / 0.00 (0%) / 0.00 (0%)
[2026-06-26T13:53:08.858-0300][19.609s][14796][3936 ][info][gc,mmu      ] GC(9) O: MMU: 2ms/98.6%, 5ms/99.4%, 10ms/99.7%, 20ms/99.7%, 50ms/99.9%, 100ms/99.9%
[2026-06-26T13:53:08.858-0300][19.609s][14796][3936 ][info][gc,marking  ] GC(9) O: Mark: 1 stripe(s), 10 proactive flush(es), 1 terminate flush(es), 0 completion(s), 0 continuation(s) 
[2026-06-26T13:53:08.858-0300][19.609s][14796][3936 ][info][gc,nmethod  ] GC(9) O: NMethods: 7832 registered, 1089 unregistered
[2026-06-26T13:53:08.858-0300][19.609s][14796][3936 ][info][gc,metaspace] GC(9) O: Metaspace: 53M used, 54M committed, 1088M reserved
[2026-06-26T13:53:08.858-0300][19.609s][14796][3936 ][info][gc,ref      ] GC(9) O:                       Encountered   Discovered     Enqueued 
[2026-06-26T13:53:08.858-0300][19.609s][14796][3936 ][info][gc,ref      ] GC(9) O: Soft References:             4584            0            0 
[2026-06-26T13:53:08.858-0300][19.609s][14796][3936 ][info][gc,ref      ] GC(9) O: Weak References:             3407         2417          140 
[2026-06-26T13:53:08.858-0300][19.609s][14796][3936 ][info][gc,ref      ] GC(9) O: Final References:              19            8            7 
[2026-06-26T13:53:08.858-0300][19.609s][14796][3936 ][info][gc,ref      ] GC(9) O: Phantom References:         12098         6352            8 
[2026-06-26T13:53:08.858-0300][19.609s][14796][3936 ][info][gc,reloc    ] GC(9) O:                        Candidates     Selected     In-Place         Size        Empty    Relocated 
[2026-06-26T13:53:08.858-0300][19.609s][14796][3936 ][info][gc,reloc    ] GC(9) O: Small Pages:                  203            9            0         406M           0M           5M 
[2026-06-26T13:53:08.858-0300][19.609s][14796][3936 ][info][gc,reloc    ] GC(9) O: Medium Pages:                   3            2            0          96M           0M          10M 
[2026-06-26T13:53:08.858-0300][19.609s][14796][3936 ][info][gc,reloc    ] GC(9) O: Large Pages:                    1            0            0          12M           0M           0M 
[2026-06-26T13:53:08.858-0300][19.609s][14796][3936 ][info][gc,reloc    ] GC(9) O: Forwarding Usage: 3M
[2026-06-26T13:53:08.858-0300][19.609s][14796][3936 ][info][gc,heap     ] GC(9) O: Min Capacity: 8M(0%)
[2026-06-26T13:53:08.858-0300][19.609s][14796][3936 ][info][gc,heap     ] GC(9) O: Max Capacity: 3072M(100%)
[2026-06-26T13:53:08.858-0300][19.609s][14796][3936 ][info][gc,heap     ] GC(9) O: Soft Max Capacity: 3072M(100%)
[2026-06-26T13:53:08.858-0300][19.610s][14796][3936 ][info][gc,heap     ] GC(9) O: Heap Statistics:
[2026-06-26T13:53:08.858-0300][19.610s][14796][3936 ][info][gc,heap     ] GC(9) O:                Mark Start          Mark End        Relocate Start      Relocate End           High               Low         
[2026-06-26T13:53:08.858-0300][19.610s][14796][3936 ][info][gc,heap     ] GC(9) O:  Capacity:     2558M (83%)        2558M (83%)        2558M (83%)        2558M (83%)        2558M (83%)        2558M (83%)    
[2026-06-26T13:53:08.858-0300][19.610s][14796][3936 ][info][gc,heap     ] GC(9) O:      Free:     2402M (78%)        2354M (77%)        2352M (77%)        2424M (79%)        2442M (79%)        2292M (75%)    
[2026-06-26T13:53:08.858-0300][19.610s][14796][3936 ][info][gc,heap     ] GC(9) O:      Used:      670M (22%)         718M (23%)         720M (23%)         648M (21%)         780M (25%)         630M (21%)    
[2026-06-26T13:53:08.858-0300][19.610s][14796][3936 ][info][gc,heap     ] GC(9) O: Old Generation Statistics:
[2026-06-26T13:53:08.858-0300][19.610s][14796][3936 ][info][gc,heap     ] GC(9) O:                Mark Start          Mark End        Relocate Start      Relocate End    
[2026-06-26T13:53:08.858-0300][19.610s][14796][3936 ][info][gc,heap     ] GC(9) O:      Used:      514M (17%)         562M (18%)         562M (18%)         488M (16%)    
[2026-06-26T13:53:08.858-0300][19.610s][14796][3936 ][info][gc,heap     ] GC(9) O:      Live:         -               400M (13%)         400M (13%)         400M (13%)    
[2026-06-26T13:53:08.858-0300][19.610s][14796][3936 ][info][gc,heap     ] GC(9) O:   Garbage:         -               113M (4%)          113M (4%)            9M (0%)     
[2026-06-26T13:53:08.858-0300][19.610s][14796][3936 ][info][gc,heap     ] GC(9) O: Allocated:         -                48M (2%)           48M (2%)           78M (3%)     
[2026-06-26T13:53:08.858-0300][19.610s][14796][3936 ][info][gc,heap     ] GC(9) O: Reclaimed:         -                  -                 0M (0%)          104M (3%)     
[2026-06-26T13:53:08.858-0300][19.610s][14796][3936 ][info][gc,heap     ] GC(9) O: Compacted:         -                  -                  -                21M (1%)     
[2026-06-26T13:53:08.858-0300][19.610s][14796][3936 ][info][gc,phases   ] GC(9) O: Old Generation 630M(21%)->648M(21%) 0.449s
[2026-06-26T13:53:08.858-0300][19.610s][14796][3936 ][info][gc          ] GC(9) Major Collection (Allocation Rate) 670M(22%)->648M(21%) 0.478s
[2026-06-26T13:53:13.459-0300][24.211s][14796][14024][info][gc          ] GC(11) Minor Collection (Allocation Rate)
[2026-06-26T13:53:13.459-0300][24.211s][14796][14024][info][gc,task     ] GC(11) Using 3 Workers for Young Generation
[2026-06-26T13:53:13.459-0300][24.211s][14796][14024][info][gc,phases   ] GC(11) y: Young Generation
[2026-06-26T13:53:13.459-0300][24.211s][14796][15076][info][gc,phases   ] GC(11) y: Pause Mark Start 0.010ms
[2026-06-26T13:53:13.512-0300][24.263s][14796][14024][info][gc,phases   ] GC(11) y: Concurrent Mark 52.462ms
[2026-06-26T13:53:13.512-0300][24.263s][14796][15076][info][gc,phases   ] GC(11) y: Pause Mark End 0.011ms
[2026-06-26T13:53:13.512-0300][24.263s][14796][14024][info][gc,phases   ] GC(11) y: Concurrent Mark Free 0.002ms
[2026-06-26T13:53:13.512-0300][24.263s][14796][14024][info][gc,phases   ] GC(11) y: Concurrent Reset Relocation Set 0.012ms
[2026-06-26T13:53:13.512-0300][24.264s][14796][14024][info][gc,reloc    ] GC(11) y: Using tenuring threshold: 3 (Computed)
[2026-06-26T13:53:13.515-0300][24.266s][14796][14024][info][gc,phases   ] GC(11) y: Concurrent Select Relocation Set 2.500ms
[2026-06-26T13:53:13.515-0300][24.266s][14796][15076][info][gc,phases   ] GC(11) y: Pause Relocate Start 0.009ms
[2026-06-26T13:53:13.529-0300][24.281s][14796][14024][info][gc,phases   ] GC(11) y: Concurrent Relocate 14.514ms
[2026-06-26T13:53:13.529-0300][24.281s][14796][14024][info][gc,alloc    ] GC(11) y:                         Mark Start        Mark End      Relocate Start    Relocate End   
[2026-06-26T13:53:13.529-0300][24.281s][14796][14024][info][gc,alloc    ] GC(11) y: Allocation Stalls:          0                0                0                0         
[2026-06-26T13:53:13.529-0300][24.281s][14796][14024][info][gc,load     ] GC(11) y: Load: 0.00 (0%) / 0.00 (0%) / 0.00 (0%)
[2026-06-26T13:53:13.529-0300][24.281s][14796][14024][info][gc,mmu      ] GC(11) y: MMU: 2ms/98.6%, 5ms/99.4%, 10ms/99.7%, 20ms/99.7%, 50ms/99.9%, 100ms/99.9%
[2026-06-26T13:53:13.529-0300][24.281s][14796][14024][info][gc,marking  ] GC(11) y: Mark: 2 stripe(s), 2 proactive flush(es), 1 terminate flush(es), 0 completion(s), 0 continuation(s) 
[2026-06-26T13:53:13.529-0300][24.281s][14796][14024][info][gc,nmethod  ] GC(11) y: NMethods: 9599 registered, 1089 unregistered
[2026-06-26T13:53:13.529-0300][24.281s][14796][14024][info][gc,metaspace] GC(11) y: Metaspace: 60M used, 61M committed, 1088M reserved
[2026-06-26T13:53:13.529-0300][24.281s][14796][14024][info][gc,reloc    ] GC(11) y:                        Candidates     Selected     In-Place         Size        Empty    Relocated 
[2026-06-26T13:53:13.529-0300][24.281s][14796][14024][info][gc,reloc    ] GC(11) y: Small Pages:                  192          138            0         384M           8M          20M 
[2026-06-26T13:53:13.529-0300][24.281s][14796][14024][info][gc,reloc    ] GC(11) y: Medium Pages:                   3            1            0          96M          32M           3M 
[2026-06-26T13:53:13.529-0300][24.281s][14796][14024][info][gc,reloc    ] GC(11) y: Large Pages:                    0            0            0           0M           0M           0M 
[2026-06-26T13:53:13.529-0300][24.281s][14796][14024][info][gc,reloc    ] GC(11) y: Forwarding Usage: 13M
[2026-06-26T13:53:13.529-0300][24.281s][14796][14024][info][gc,reloc    ] GC(11) y: Age Table:
[2026-06-26T13:53:13.529-0300][24.281s][14796][14024][info][gc,reloc    ] GC(11) y:                    Live             Garbage             Small              Medium             Large        
[2026-06-26T13:53:13.529-0300][24.281s][14796][14024][info][gc,reloc    ] GC(11) y: Eden              68M (2%)          321M (10%)        179 / 137            1 / 1              0 / 0        
[2026-06-26T13:53:13.529-0300][24.281s][14796][14024][info][gc,reloc    ] GC(11) y: Survivor 1         7M (0%)           34M (1%)           5 / 0              1 / 0              0 / 0        
[2026-06-26T13:53:13.529-0300][24.281s][14796][14024][info][gc,reloc    ] GC(11) y: Survivor 2        12M (0%)           35M (1%)           8 / 1              1 / 0              0 / 0        
[2026-06-26T13:53:13.529-0300][24.281s][14796][14024][info][gc,heap     ] GC(11) y: Min Capacity: 8M(0%)
[2026-06-26T13:53:13.529-0300][24.281s][14796][14024][info][gc,heap     ] GC(11) y: Max Capacity: 3072M(100%)
[2026-06-26T13:53:13.529-0300][24.281s][14796][14024][info][gc,heap     ] GC(11) y: Soft Max Capacity: 3072M(100%)
[2026-06-26T13:53:13.529-0300][24.281s][14796][14024][info][gc,heap     ] GC(11) y: Heap Statistics:
[2026-06-26T13:53:13.529-0300][24.281s][14796][14024][info][gc,heap     ] GC(11) y:                Mark Start          Mark End        Relocate Start      Relocate End           High               Low         
[2026-06-26T13:53:13.529-0300][24.281s][14796][14024][info][gc,heap     ] GC(11) y:  Capacity:     2558M (83%)        2558M (83%)        2558M (83%)        2558M (83%)        2558M (83%)        2558M (83%)    
[2026-06-26T13:53:13.529-0300][24.281s][14796][14024][info][gc,heap     ] GC(11) y:      Free:     2104M (68%)        2086M (68%)        2126M (69%)        2388M (78%)        2388M (78%)        2060M (67%)    
[2026-06-26T13:53:13.529-0300][24.281s][14796][14024][info][gc,heap     ] GC(11) y:      Used:      968M (32%)         986M (32%)         946M (31%)         684M (22%)        1012M (33%)         684M (22%)    
[2026-06-26T13:53:13.529-0300][24.281s][14796][14024][info][gc,heap     ] GC(11) y: Young Generation Statistics:
[2026-06-26T13:53:13.529-0300][24.281s][14796][14024][info][gc,heap     ] GC(11) y:                Mark Start          Mark End        Relocate Start      Relocate End    
[2026-06-26T13:53:13.529-0300][24.281s][14796][14024][info][gc,heap     ] GC(11) y:      Used:      480M (16%)         498M (16%)         458M (15%)         196M (6%)     
[2026-06-26T13:53:13.529-0300][24.281s][14796][14024][info][gc,heap     ] GC(11) y:      Live:         -                87M (3%)           87M (3%)           87M (3%)     
[2026-06-26T13:53:13.529-0300][24.281s][14796][14024][info][gc,heap     ] GC(11) y:   Garbage:         -               392M (13%)         352M (11%)          11M (0%)     
[2026-06-26T13:53:13.529-0300][24.281s][14796][14024][info][gc,heap     ] GC(11) y: Allocated:         -                18M (1%)           18M (1%)           96M (3%)     
[2026-06-26T13:53:13.529-0300][24.281s][14796][14024][info][gc,heap     ] GC(11) y: Reclaimed:         -                  -                40M (1%)          380M (12%)    
[2026-06-26T13:53:13.529-0300][24.281s][14796][14024][info][gc,heap     ] GC(11) y:  Promoted:         -                  -                 0M (0%)            0M (0%)     
[2026-06-26T13:53:13.529-0300][24.281s][14796][14024][info][gc,heap     ] GC(11) y: Compacted:         -                  -                  -                35M (1%)     
[2026-06-26T13:53:13.529-0300][24.281s][14796][14024][info][gc,phases   ] GC(11) y: Young Generation 968M(32%)->684M(22%) 0.070s
[2026-06-26T13:53:13.529-0300][24.281s][14796][14024][info][gc          ] GC(11) Minor Collection (Allocation Rate) 968M(32%)->684M(22%) 0.070s
[2026-06-26T13:53:15.033-0300][25.785s][14796][14024][info][gc          ] GC(12) Minor Collection (Allocation Rate)
[2026-06-26T13:53:15.033-0300][25.785s][14796][14024][info][gc,task     ] GC(12) Using 1 Workers for Young Generation
[2026-06-26T13:53:15.033-0300][25.785s][14796][14024][info][gc,phases   ] GC(12) y: Young Generation
[2026-06-26T13:53:15.033-0300][25.785s][14796][15076][info][gc,phases   ] GC(12) y: Pause Mark Start 0.014ms
[2026-06-26T13:53:15.288-0300][26.039s][14796][14908][info][gc,task     ] Adjusting Workers for Young Generation: 1 -> 3
[2026-06-26T13:53:15.340-0300][26.091s][14796][14024][info][gc,phases   ] GC(12) y: Concurrent Mark 305.907ms
[2026-06-26T13:53:15.340-0300][26.091s][14796][15076][info][gc,phases   ] GC(12) y: Pause Mark End 0.016ms
[2026-06-26T13:53:15.340-0300][26.091s][14796][14024][info][gc,phases   ] GC(12) y: Concurrent Mark Free 0.002ms
[2026-06-26T13:53:15.340-0300][26.091s][14796][14024][info][gc,phases   ] GC(12) y: Concurrent Reset Relocation Set 0.015ms
[2026-06-26T13:53:15.340-0300][26.092s][14796][14944][info][gc          ] Allocation Stall (MetaGridLoaderThread0) 26.945ms
[2026-06-26T13:53:15.340-0300][26.092s][14796][14712][info][gc          ] Allocation Stall (MetaGridLoaderThread1) 27.340ms
[2026-06-26T13:53:15.340-0300][26.092s][14796][7084 ][info][gc          ] Allocation Stall (MetaGridLoaderThread7) 28.205ms
[2026-06-26T13:53:15.340-0300][26.092s][14796][14284][info][gc          ] Allocation Stall (MetaGridLoaderThread3) 29.029ms
[2026-06-26T13:53:15.340-0300][26.092s][14796][8136 ][info][gc          ] Allocation Stall (MetaGridLoaderThread2) 25.977ms
[2026-06-26T13:53:15.340-0300][26.092s][14796][14732][info][gc          ] Allocation Stall (MetaGridLoaderThread4) 24.423ms
[2026-06-26T13:53:15.340-0300][26.092s][14796][9932 ][info][gc          ] Allocation Stall (GameLoadingThread) 8.969ms
[2026-06-26T13:53:15.340-0300][26.092s][14796][2548 ][info][gc          ] Allocation Stall (MetaGridLoaderThread6) 25.967ms
[2026-06-26T13:53:15.340-0300][26.092s][14796][1396 ][info][gc          ] Allocation Stall (MetaGridLoaderThread5) 29.198ms
[2026-06-26T13:53:15.340-0300][26.092s][14796][14024][info][gc,reloc    ] GC(12) y: Using tenuring threshold: 1 (Computed)
[2026-06-26T13:53:15.389-0300][26.140s][14796][14024][info][gc,phases   ] GC(12) y: Concurrent Select Relocation Set 48.582ms
[2026-06-26T13:53:15.389-0300][26.140s][14796][15076][info][gc,phases   ] GC(12) y: Pause Relocate Start 0.013ms
[2026-06-26T13:53:15.390-0300][26.142s][14796][9932 ][info][gc          ] Allocation Stall (GameLoadingThread) 7.797ms
[2026-06-26T13:53:15.391-0300][26.142s][14796][2548 ][info][gc          ] Relocation Stall (MetaGridLoaderThread6) 0.728ms
[2026-06-26T13:53:15.391-0300][26.142s][14796][14732][info][gc          ] Relocation Stall (MetaGridLoaderThread4) 0.756ms
[2026-06-26T13:53:15.391-0300][26.142s][14796][1396 ][info][gc          ] Relocation Stall (MetaGridLoaderThread5) 1.027ms
[2026-06-26T13:53:15.391-0300][26.142s][14796][14712][info][gc          ] Relocation Stall (MetaGridLoaderThread1) 0.760ms
[2026-06-26T13:53:15.391-0300][26.142s][14796][14944][info][gc          ] Relocation Stall (MetaGridLoaderThread0) 0.731ms
[2026-06-26T13:53:15.391-0300][26.142s][14796][7084 ][info][gc          ] Relocation Stall (MetaGridLoaderThread7) 1.016ms
[2026-06-26T13:53:15.391-0300][26.142s][14796][8136 ][info][gc          ] Relocation Stall (MetaGridLoaderThread2) 1.055ms
[2026-06-26T13:53:15.391-0300][26.142s][14796][14284][info][gc          ] Relocation Stall (MetaGridLoaderThread3) 0.743ms
[2026-06-26T13:53:15.391-0300][26.142s][14796][2548 ][info][gc          ] Allocation Stall (MetaGridLoaderThread6) 23.274ms
[2026-06-26T13:53:15.391-0300][26.143s][14796][14732][info][gc          ] Allocation Stall (MetaGridLoaderThread4) 24.117ms
[2026-06-26T13:53:15.391-0300][26.143s][14796][1396 ][info][gc          ] Allocation Stall (MetaGridLoaderThread5) 25.131ms
[2026-06-26T13:53:15.391-0300][26.143s][14796][14712][info][gc          ] Allocation Stall (MetaGridLoaderThread1) 23.442ms
[2026-06-26T13:53:15.391-0300][26.143s][14796][14944][info][gc          ] Allocation Stall (MetaGridLoaderThread0) 22.236ms
[2026-06-26T13:53:15.391-0300][26.143s][14796][8136 ][info][gc          ] Allocation Stall (MetaGridLoaderThread2) 25.306ms
[2026-06-26T13:53:15.391-0300][26.143s][14796][7084 ][info][gc          ] Allocation Stall (MetaGridLoaderThread7) 24.482ms
[2026-06-26T13:53:15.391-0300][26.143s][14796][14284][info][gc          ] Allocation Stall (MetaGridLoaderThread3) 23.133ms
[2026-06-26T13:53:15.463-0300][26.215s][14796][14024][info][gc,phases   ] GC(12) y: Concurrent Relocate 74.673ms
[2026-06-26T13:53:15.463-0300][26.215s][14796][14024][info][gc,alloc    ] GC(12) y:                         Mark Start        Mark End      Relocate Start    Relocate End   
[2026-06-26T13:53:15.463-0300][26.215s][14796][14024][info][gc,alloc    ] GC(12) y: Allocation Stalls:          0                9                9                0         
[2026-06-26T13:53:15.463-0300][26.215s][14796][14024][info][gc,load     ] GC(12) y: Load: 0.00 (0%) / 0.00 (0%) / 0.00 (0%)
[2026-06-26T13:53:15.463-0300][26.215s][14796][14024][info][gc,mmu      ] GC(12) y: MMU: 2ms/98.6%, 5ms/99.4%, 10ms/99.7%, 20ms/99.7%, 50ms/99.9%, 100ms/99.9%
[2026-06-26T13:53:15.463-0300][26.215s][14796][14024][info][gc,marking  ] GC(12) y: Mark: 1 stripe(s), 5 proactive flush(es), 1 terminate flush(es), 0 completion(s), 0 continuation(s) 
[2026-06-26T13:53:15.463-0300][26.215s][14796][14024][info][gc,nmethod  ] GC(12) y: NMethods: 10423 registered, 0 unregistered
[2026-06-26T13:53:15.463-0300][26.215s][14796][14024][info][gc,metaspace] GC(12) y: Metaspace: 61M used, 62M committed, 1088M reserved
[2026-06-26T13:53:15.463-0300][26.215s][14796][14024][info][gc,reloc    ] GC(12) y:                        Candidates     Selected     In-Place         Size        Empty    Relocated 
[2026-06-26T13:53:15.463-0300][26.215s][14796][14024][info][gc,reloc    ] GC(12) y: Small Pages:                  556          369            3        1112M         162M          52M 
[2026-06-26T13:53:15.463-0300][26.215s][14796][14024][info][gc,reloc    ] GC(12) y: Medium Pages:                   3            2            2          96M           0M           5M 
[2026-06-26T13:53:15.463-0300][26.215s][14796][14024][info][gc,reloc    ] GC(12) y: Large Pages:                    0            0            0           0M           0M           0M 
[2026-06-26T13:53:15.463-0300][26.215s][14796][14024][info][gc,reloc    ] GC(12) y: Forwarding Usage: 37M
[2026-06-26T13:53:15.463-0300][26.215s][14796][14024][info][gc,reloc    ] GC(12) y: Age Table:
[2026-06-26T13:53:15.463-0300][26.215s][14796][14024][info][gc,reloc    ] GC(12) y:                    Live             Garbage             Small              Medium             Large        
[2026-06-26T13:53:15.463-0300][26.215s][14796][14024][info][gc,reloc    ] GC(12) y: Eden             102M (3%)          929M (30%)        500 / 359            1 / 1              0 / 0        
[2026-06-26T13:53:15.464-0300][26.215s][14796][14024][info][gc,reloc    ] GC(12) y: Survivor 1        68M (2%)           45M (1%)          41 / 5              1 / 1              0 / 0        
[2026-06-26T13:53:15.464-0300][26.215s][14796][14024][info][gc,reloc    ] GC(12) y: Survivor 2         7M (0%)            4M (0%)           6 / 2              0 / 0              0 / 0        
[2026-06-26T13:53:15.464-0300][26.215s][14796][14024][info][gc,reloc    ] GC(12) y: Survivor 3        12M (0%)           37M (1%)           9 / 3              1 / 0              0 / 0        
[2026-06-26T13:53:15.464-0300][26.215s][14796][14024][info][gc,heap     ] GC(12) y: Min Capacity: 8M(0%)
[2026-06-26T13:53:15.464-0300][26.215s][14796][14024][info][gc,heap     ] GC(12) y: Max Capacity: 3072M(100%)
[2026-06-26T13:53:15.464-0300][26.215s][14796][14024][info][gc,heap     ] GC(12) y: Soft Max Capacity: 3072M(100%)
[2026-06-26T13:53:15.464-0300][26.215s][14796][14024][info][gc,heap     ] GC(12) y: Heap Statistics:
[2026-06-26T13:53:15.464-0300][26.215s][14796][14024][info][gc,heap     ] GC(12) y:                Mark Start          Mark End        Relocate Start      Relocate End           High               Low         
[2026-06-26T13:53:15.464-0300][26.215s][14796][14024][info][gc,heap     ] GC(12) y:  Capacity:     2558M (83%)        3072M (100%)       3072M (100%)       3072M (100%)       3072M (100%)       2558M (83%)    
[2026-06-26T13:53:15.464-0300][26.215s][14796][14024][info][gc,heap     ] GC(12) y:      Free:     1376M (45%)           0M (0%)            0M (0%)          396M (13%)        1376M (45%)           0M (0%)     
[2026-06-26T13:53:15.464-0300][26.215s][14796][14024][info][gc,heap     ] GC(12) y:      Used:     1696M (55%)        3072M (100%)       3072M (100%)       2676M (87%)        3072M (100%)       1696M (55%)    
[2026-06-26T13:53:15.464-0300][26.215s][14796][14024][info][gc,heap     ] GC(12) y: Young Generation Statistics:
[2026-06-26T13:53:15.464-0300][26.215s][14796][14024][info][gc,heap     ] GC(12) y:                Mark Start          Mark End        Relocate Start      Relocate End    
[2026-06-26T13:53:15.464-0300][26.215s][14796][14024][info][gc,heap     ] GC(12) y:      Used:     1208M (39%)        2584M (84%)        2494M (81%)        2060M (67%)    
[2026-06-26T13:53:15.464-0300][26.215s][14796][14024][info][gc,heap     ] GC(12) y:      Live:         -               189M (6%)          111M (4%)          102M (3%)     
[2026-06-26T13:53:15.464-0300][26.215s][14796][14024][info][gc,heap     ] GC(12) y:   Garbage:         -              1018M (33%)         844M (27%)           4M (0%)     
[2026-06-26T13:53:15.464-0300][26.215s][14796][14024][info][gc,heap     ] GC(12) y: Allocated:         -              1376M (45%)        1538M (50%)        1953M (64%)    
[2026-06-26T13:53:15.464-0300][26.215s][14796][14024][info][gc,heap     ] GC(12) y: Reclaimed:         -                  -               173M (6%)         1013M (33%)    
[2026-06-26T13:53:15.464-0300][26.215s][14796][14024][info][gc,heap     ] GC(12) y:  Promoted:         -                  -                78M (3%)           87M (3%)     
[2026-06-26T13:53:15.464-0300][26.215s][14796][14024][info][gc,heap     ] GC(12) y: Compacted:         -                  -                  -                80M (3%)     
[2026-06-26T13:53:15.464-0300][26.215s][14796][14024][info][gc,phases   ] GC(12) y: Young Generation 1696M(55%)->2676M(87%) 0.430s
[2026-06-26T13:53:15.464-0300][26.215s][14796][14024][info][gc          ] GC(12) Minor Collection (Allocation Rate) 1696M(55%)->2678M(87%) 0.430s
[2026-06-26T13:53:15.464-0300][26.215s][14796][14024][info][gc          ] GC(13) Minor Collection (Allocation Rate)
[2026-06-26T13:53:15.464-0300][26.216s][14796][14024][info][gc,task     ] GC(13) Using 3 Workers for Young Generation
[2026-06-26T13:53:15.464-0300][26.216s][14796][14024][info][gc,phases   ] GC(13) y: Young Generation
[2026-06-26T13:53:15.464-0300][26.216s][14796][15076][info][gc,phases   ] GC(13) y: Pause Mark Start 0.014ms
[2026-06-26T13:53:15.591-0300][26.343s][14796][14024][info][gc,phases   ] GC(13) y: Concurrent Mark 127.456ms
[2026-06-26T13:53:15.591-0300][26.343s][14796][15076][info][gc,phases   ] GC(13) y: Pause Mark End 0.013ms
[2026-06-26T13:53:15.591-0300][26.343s][14796][14024][info][gc,phases   ] GC(13) y: Concurrent Mark Free 0.004ms
[2026-06-26T13:53:15.591-0300][26.343s][14796][14024][info][gc,phases   ] GC(13) y: Concurrent Reset Relocation Set 0.080ms
[2026-06-26T13:53:15.591-0300][26.344s][14796][1396 ][info][gc          ] Allocation Stall (MetaGridLoaderThread5) 65.670ms
[2026-06-26T13:53:15.591-0300][26.344s][14796][14732][info][gc          ] Allocation Stall (MetaGridLoaderThread4) 65.259ms
[2026-06-26T13:53:15.591-0300][26.344s][14796][3744 ][info][gc          ] Allocation Stall (MainThread) 47.154ms
[2026-06-26T13:53:15.591-0300][26.344s][14796][9932 ][info][gc          ] Allocation Stall (GameLoadingThread) 59.523ms
[2026-06-26T13:53:15.591-0300][26.344s][14796][7084 ][info][gc          ] Allocation Stall (MetaGridLoaderThread7) 67.484ms
[2026-06-26T13:53:15.591-0300][26.344s][14796][14284][info][gc          ] Allocation Stall (MetaGridLoaderThread3) 67.170ms
[2026-06-26T13:53:15.591-0300][26.344s][14796][14712][info][gc          ] Allocation Stall (MetaGridLoaderThread1) 66.420ms
[2026-06-26T13:53:15.591-0300][26.344s][14796][8136 ][info][gc          ] Allocation Stall (MetaGridLoaderThread2) 66.414ms
[2026-06-26T13:53:15.591-0300][26.344s][14796][14944][info][gc          ] Allocation Stall (MetaGridLoaderThread0) 66.339ms
[2026-06-26T13:53:15.591-0300][26.344s][14796][2548 ][info][gc          ] Allocation Stall (MetaGridLoaderThread6) 65.923ms
[2026-06-26T13:53:15.591-0300][26.344s][14796][14024][info][gc,reloc    ] GC(13) y: Using tenuring threshold: 1 (Computed)
[2026-06-26T13:53:15.620-0300][26.371s][14796][14024][info][gc,phases   ] GC(13) y: Concurrent Select Relocation Set 27.404ms
[2026-06-26T13:53:15.620-0300][26.371s][14796][15076][info][gc,phases   ] GC(13) y: Pause Relocate Start 0.012ms
[2026-06-26T13:53:15.620-0300][26.371s][14796][3744 ][info][gc          ] Relocation Stall (MainThread) 0.068ms
[2026-06-26T13:53:15.620-0300][26.371s][14796][9932 ][info][gc          ] Relocation Stall (GameLoadingThread) 0.086ms
[2026-06-26T13:53:15.620-0300][26.371s][14796][14284][info][gc          ] Relocation Stall (MetaGridLoaderThread3) 0.056ms
[2026-06-26T13:53:15.620-0300][26.371s][14796][14712][info][gc          ] Relocation Stall (MetaGridLoaderThread1) 0.067ms
[2026-06-26T13:53:15.620-0300][26.371s][14796][1396 ][info][gc          ] Allocation Stall (MetaGridLoaderThread5) 3.945ms
[2026-06-26T13:53:15.620-0300][26.371s][14796][8136 ][info][gc          ] Allocation Stall (MetaGridLoaderThread2) 4.025ms
[2026-06-26T13:53:15.620-0300][26.372s][14796][14732][info][gc          ] Relocation Stall (MetaGridLoaderThread4) 0.435ms
[2026-06-26T13:53:15.620-0300][26.372s][14796][3744 ][info][gc          ] Relocation Stall (MainThread) 0.282ms
[2026-06-26T13:53:15.620-0300][26.372s][14796][14732][info][gc          ] Allocation Stall (MetaGridLoaderThread4) 5.301ms
[2026-06-26T13:53:15.620-0300][26.372s][14796][9932 ][info][gc          ] Relocation Stall (GameLoadingThread) 0.588ms
[2026-06-26T13:53:15.620-0300][26.372s][14796][14712][info][gc          ] Relocation Stall (MetaGridLoaderThread1) 0.530ms
[2026-06-26T13:53:15.620-0300][26.372s][14796][3744 ][info][gc          ] Relocation Stall (MainThread) 0.155ms
[2026-06-26T13:53:15.620-0300][26.372s][14796][14712][info][gc          ] Allocation Stall (MetaGridLoaderThread1) 5.367ms
[2026-06-26T13:53:15.620-0300][26.372s][14796][2548 ][info][gc          ] Relocation Stall (MetaGridLoaderThread6) 0.762ms
[2026-06-26T13:53:15.620-0300][26.372s][14796][2548 ][info][gc          ] Allocation Stall (MetaGridLoaderThread6) 5.233ms
[2026-06-26T13:53:15.620-0300][26.372s][14796][14944][info][gc          ] Relocation Stall (MetaGridLoaderThread0) 1.006ms
[2026-06-26T13:53:15.620-0300][26.372s][14796][14944][info][gc          ] Allocation Stall (MetaGridLoaderThread0) 5.324ms
[2026-06-26T13:53:15.621-0300][26.372s][14796][14284][info][gc          ] Relocation Stall (MetaGridLoaderThread3) 1.232ms
[2026-06-26T13:53:15.621-0300][26.372s][14796][14284][info][gc          ] Allocation Stall (MetaGridLoaderThread3) 6.817ms
[2026-06-26T13:53:15.621-0300][26.373s][14796][7084 ][info][gc          ] Relocation Stall (MetaGridLoaderThread7) 1.529ms
[2026-06-26T13:53:15.621-0300][26.373s][14796][7084 ][info][gc          ] Allocation Stall (MetaGridLoaderThread7) 6.398ms
[2026-06-26T13:53:15.680-0300][26.431s][14796][14024][info][gc,phases   ] GC(13) y: Concurrent Relocate 60.185ms
[2026-06-26T13:53:15.680-0300][26.431s][14796][14024][info][gc,alloc    ] GC(13) y:                         Mark Start        Mark End      Relocate Start    Relocate End   
[2026-06-26T13:53:15.680-0300][26.431s][14796][14024][info][gc,alloc    ] GC(13) y: Allocation Stalls:          0                10               8                0         
[2026-06-26T13:53:15.680-0300][26.431s][14796][14024][info][gc,load     ] GC(13) y: Load: 0.00 (0%) / 0.00 (0%) / 0.00 (0%)
[2026-06-26T13:53:15.680-0300][26.431s][14796][14024][info][gc,mmu      ] GC(13) y: MMU: 2ms/98.6%, 5ms/99.4%, 10ms/99.7%, 20ms/99.7%, 50ms/99.9%, 100ms/99.9%
[2026-06-26T13:53:15.680-0300][26.431s][14796][14024][info][gc,marking  ] GC(13) y: Mark: 2 stripe(s), 2 proactive flush(es), 1 terminate flush(es), 0 completion(s), 0 continuation(s) 
[2026-06-26T13:53:15.680-0300][26.431s][14796][14024][info][gc,nmethod  ] GC(13) y: NMethods: 10481 registered, 0 unregistered
[2026-06-26T13:53:15.680-0300][26.431s][14796][14024][info][gc,metaspace] GC(13) y: Metaspace: 61M used, 62M committed, 1088M reserved
[2026-06-26T13:53:15.680-0300][26.431s][14796][14024][info][gc,reloc    ] GC(13) y:                        Candidates     Selected     In-Place         Size        Empty    Relocated 
[2026-06-26T13:53:15.680-0300][26.431s][14796][14024][info][gc,reloc    ] GC(13) y: Small Pages:                  999          835            3        1998M         186M          25M 
[2026-06-26T13:53:15.680-0300][26.431s][14796][14024][info][gc,reloc    ] GC(13) y: Medium Pages:                   2            1            2          64M           0M           1M 
[2026-06-26T13:53:15.680-0300][26.431s][14796][14024][info][gc,reloc    ] GC(13) y: Large Pages:                    0            0            0           0M           0M           0M 
[2026-06-26T13:53:15.680-0300][26.431s][14796][14024][info][gc,reloc    ] GC(13) y: Forwarding Usage: 9M
[2026-06-26T13:53:15.680-0300][26.431s][14796][14024][info][gc,reloc    ] GC(13) y: Age Table:
[2026-06-26T13:53:15.680-0300][26.431s][14796][14024][info][gc,reloc    ] GC(13) y:                    Live             Garbage             Small              Medium             Large        
[2026-06-26T13:53:15.680-0300][26.431s][14796][14024][info][gc,reloc    ] GC(13) y: Eden              30M (1%)         1875M (61%)        937 / 827            1 / 0              0 / 0        
[2026-06-26T13:53:15.680-0300][26.431s][14796][14024][info][gc,reloc    ] GC(13) y: Survivor 1       101M (3%)           54M (2%)          62 / 8              1 / 1              0 / 0        
[2026-06-26T13:53:15.680-0300][26.431s][14796][14024][info][gc,heap     ] GC(13) y: Min Capacity: 8M(0%)
[2026-06-26T13:53:15.680-0300][26.431s][14796][14024][info][gc,heap     ] GC(13) y: Max Capacity: 3072M(100%)
[2026-06-26T13:53:15.680-0300][26.431s][14796][14024][info][gc,heap     ] GC(13) y: Soft Max Capacity: 3072M(100%)
[2026-06-26T13:53:15.680-0300][26.431s][14796][14024][info][gc,heap     ] GC(13) y: Heap Statistics:
[2026-06-26T13:53:15.680-0300][26.431s][14796][14024][info][gc,heap     ] GC(13) y:                Mark Start          Mark End        Relocate Start      Relocate End           High               Low         
[2026-06-26T13:53:15.680-0300][26.432s][14796][14024][info][gc,heap     ] GC(13) y:  Capacity:     3072M (100%)       3072M (100%)       3072M (100%)       3072M (100%)       3072M (100%)       3072M (100%)   
[2026-06-26T13:53:15.680-0300][26.432s][14796][14024][info][gc,heap     ] GC(13) y:      Free:      394M (13%)           0M (0%)            0M (0%)         1372M (45%)        1524M (50%)           0M (0%)     
[2026-06-26T13:53:15.680-0300][26.432s][14796][14024][info][gc,heap     ] GC(13) y:      Used:     2678M (87%)        3072M (100%)       3072M (100%)       1700M (55%)        3072M (100%)       1548M (50%)    
[2026-06-26T13:53:15.680-0300][26.432s][14796][14024][info][gc,heap     ] GC(13) y: Young Generation Statistics:
[2026-06-26T13:53:15.680-0300][26.432s][14796][14024][info][gc,heap     ] GC(13) y:                Mark Start          Mark End        Relocate Start      Relocate End    
[2026-06-26T13:53:15.680-0300][26.432s][14796][14024][info][gc,heap     ] GC(13) y:      Used:     2062M (67%)        2456M (80%)        2350M (76%)         932M (30%)    
[2026-06-26T13:53:15.680-0300][26.432s][14796][14024][info][gc,heap     ] GC(13) y:      Live:         -               132M (4%)           32M (1%)           30M (1%)     
[2026-06-26T13:53:15.680-0300][26.432s][14796][14024][info][gc,heap     ] GC(13) y:   Garbage:         -              1929M (63%)        1737M (57%)           0M (0%)     
[2026-06-26T13:53:15.680-0300][26.432s][14796][14024][info][gc,heap     ] GC(13) y: Allocated:         -               394M (13%)         580M (19%)         900M (29%)    
[2026-06-26T13:53:15.680-0300][26.432s][14796][14024][info][gc,heap     ] GC(13) y: Reclaimed:         -                  -               192M (6%)         1928M (63%)    
[2026-06-26T13:53:15.680-0300][26.432s][14796][14024][info][gc,heap     ] GC(13) y:  Promoted:         -                  -                99M (3%)          101M (3%)     
[2026-06-26T13:53:15.680-0300][26.432s][14796][14024][info][gc,heap     ] GC(13) y: Compacted:         -                  -                  -                29M (1%)     
[2026-06-26T13:53:15.680-0300][26.432s][14796][14024][info][gc,phases   ] GC(13) y: Young Generation 2678M(87%)->1700M(55%) 0.216s
[2026-06-26T13:53:15.680-0300][26.432s][14796][14024][info][gc          ] GC(13) Minor Collection (Allocation Rate) 2678M(87%)->1704M(55%) 0.216s
[2026-06-26T13:53:15.680-0300][26.432s][14796][14024][info][gc          ] GC(14) Minor Collection (Allocation Rate)
[2026-06-26T13:53:15.680-0300][26.432s][14796][14024][info][gc,task     ] GC(14) Using 3 Workers for Young Generation
[2026-06-26T13:53:15.680-0300][26.432s][14796][14024][info][gc,phases   ] GC(14) y: Young Generation
[2026-06-26T13:53:15.680-0300][26.432s][14796][15076][info][gc,phases   ] GC(14) y: Pause Mark Start 0.022ms
[2026-06-26T13:53:15.729-0300][26.481s][14796][14024][info][gc,phases   ] GC(14) y: Concurrent Mark 48.533ms
[2026-06-26T13:53:15.729-0300][26.481s][14796][15076][info][gc,phases   ] GC(14) y: Pause Mark End 0.026ms
[2026-06-26T13:53:15.729-0300][26.481s][14796][14024][info][gc,phases   ] GC(14) y: Concurrent Mark Free 0.007ms
[2026-06-26T13:53:15.729-0300][26.481s][14796][14024][info][gc,phases   ] GC(14) y: Concurrent Reset Relocation Set 0.191ms
[2026-06-26T13:53:15.729-0300][26.481s][14796][14024][info][gc,reloc    ] GC(14) y: Using tenuring threshold: 1 (Computed)
[2026-06-26T13:53:15.738-0300][26.490s][14796][14024][info][gc,phases   ] GC(14) y: Concurrent Select Relocation Set 8.636ms
[2026-06-26T13:53:15.738-0300][26.490s][14796][15076][info][gc,phases   ] GC(14) y: Pause Relocate Start 0.019ms
[2026-06-26T13:53:15.755-0300][26.507s][14796][14024][info][gc,phases   ] GC(14) y: Concurrent Relocate 16.740ms
[2026-06-26T13:53:15.755-0300][26.507s][14796][14024][info][gc,alloc    ] GC(14) y:                         Mark Start        Mark End      Relocate Start    Relocate End   
[2026-06-26T13:53:15.755-0300][26.507s][14796][14024][info][gc,alloc    ] GC(14) y: Allocation Stalls:          0                0                0                0         
[2026-06-26T13:53:15.755-0300][26.507s][14796][14024][info][gc,load     ] GC(14) y: Load: 0.00 (0%) / 0.00 (0%) / 0.00 (0%)
[2026-06-26T13:53:15.755-0300][26.507s][14796][14024][info][gc,mmu      ] GC(14) y: MMU: 2ms/98.6%, 5ms/99.4%, 10ms/99.6%, 20ms/99.7%, 50ms/99.9%, 100ms/99.9%
[2026-06-26T13:53:15.755-0300][26.507s][14796][14024][info][gc,marking  ] GC(14) y: Mark: 2 stripe(s), 4 proactive flush(es), 1 terminate flush(es), 0 completion(s), 0 continuation(s) 
[2026-06-26T13:53:15.755-0300][26.507s][14796][14024][info][gc,nmethod  ] GC(14) y: NMethods: 10487 registered, 0 unregistered
[2026-06-26T13:53:15.755-0300][26.507s][14796][14024][info][gc,metaspace] GC(14) y: Metaspace: 61M used, 62M committed, 1088M reserved
[2026-06-26T13:53:15.755-0300][26.507s][14796][14024][info][gc,reloc    ] GC(14) y:                        Candidates     Selected     In-Place         Size        Empty    Relocated 
[2026-06-26T13:53:15.755-0300][26.507s][14796][14024][info][gc,reloc    ] GC(14) y: Small Pages:                  452          387            0         904M          88M           8M 
[2026-06-26T13:53:15.755-0300][26.507s][14796][14024][info][gc,reloc    ] GC(14) y: Medium Pages:                   1            0            0          32M           0M           0M 
[2026-06-26T13:53:15.755-0300][26.507s][14796][14024][info][gc,reloc    ] GC(14) y: Large Pages:                    0            0            0           0M           0M           0M 
[2026-06-26T13:53:15.755-0300][26.507s][14796][14024][info][gc,reloc    ] GC(14) y: Forwarding Usage: 2M
[2026-06-26T13:53:15.755-0300][26.507s][14796][14024][info][gc,reloc    ] GC(14) y: Age Table:
[2026-06-26T13:53:15.755-0300][26.507s][14796][14024][info][gc,reloc    ] GC(14) y:                    Live             Garbage             Small              Medium             Large        
[2026-06-26T13:53:15.755-0300][26.507s][14796][14024][info][gc,reloc    ] GC(14) y: Eden               8M (0%)          841M (27%)        425 / 376            0 / 0              0 / 0        
[2026-06-26T13:53:15.755-0300][26.507s][14796][14024][info][gc,reloc    ] GC(14) y: Survivor 1        30M (1%)           55M (2%)          27 / 11             1 / 0              0 / 0        
[2026-06-26T13:53:15.755-0300][26.507s][14796][14024][info][gc,heap     ] GC(14) y: Min Capacity: 8M(0%)
[2026-06-26T13:53:15.755-0300][26.507s][14796][14024][info][gc,heap     ] GC(14) y: Max Capacity: 3072M(100%)
[2026-06-26T13:53:15.755-0300][26.507s][14796][14024][info][gc,heap     ] GC(14) y: Soft Max Capacity: 3072M(100%)
[2026-06-26T13:53:15.755-0300][26.507s][14796][14024][info][gc,heap     ] GC(14) y: Heap Statistics:
[2026-06-26T13:53:15.755-0300][26.507s][14796][14024][info][gc,heap     ] GC(14) y:                Mark Start          Mark End        Relocate Start      Relocate End           High               Low         
[2026-06-26T13:53:15.755-0300][26.507s][14796][14024][info][gc,heap     ] GC(14) y:  Capacity:     3072M (100%)       3072M (100%)       3072M (100%)       3072M (100%)       3072M (100%)       3072M (100%)   
[2026-06-26T13:53:15.755-0300][26.507s][14796][14024][info][gc,heap     ] GC(14) y:      Free:     1368M (45%)        1044M (34%)        1032M (34%)        1672M (54%)        1774M (58%)        1026M (33%)    
[2026-06-26T13:53:15.755-0300][26.507s][14796][14024][info][gc,heap     ] GC(14) y:      Used:     1704M (55%)        2028M (66%)        2040M (66%)        1400M (46%)        2046M (67%)        1298M (42%)    
[2026-06-26T13:53:15.755-0300][26.507s][14796][14024][info][gc,heap     ] GC(14) y: Young Generation Statistics:
[2026-06-26T13:53:15.755-0300][26.507s][14796][14024][info][gc,heap     ] GC(14) y:                Mark Start          Mark End        Relocate Start      Relocate End    
[2026-06-26T13:53:15.755-0300][26.507s][14796][14024][info][gc,heap     ] GC(14) y:      Used:      936M (30%)        1260M (41%)        1210M (39%)         562M (18%)    
[2026-06-26T13:53:15.755-0300][26.507s][14796][14024][info][gc,heap     ] GC(14) y:      Live:         -                38M (1%)            9M (0%)            8M (0%)     
[2026-06-26T13:53:15.755-0300][26.507s][14796][14024][info][gc,heap     ] GC(14) y:   Garbage:         -               897M (29%)         776M (25%)           0M (0%)     
[2026-06-26T13:53:15.755-0300][26.507s][14796][14024][info][gc,heap     ] GC(14) y: Allocated:         -               324M (11%)         424M (14%)         552M (18%)    
[2026-06-26T13:53:15.755-0300][26.507s][14796][14024][info][gc,heap     ] GC(14) y: Reclaimed:         -                  -               121M (4%)          896M (29%)    
[2026-06-26T13:53:15.755-0300][26.507s][14796][14024][info][gc,heap     ] GC(14) y:  Promoted:         -                  -                28M (1%)           30M (1%)     
[2026-06-26T13:53:15.755-0300][26.507s][14796][14024][info][gc,heap     ] GC(14) y: Compacted:         -                  -                  -                 7M (0%)     
[2026-06-26T13:53:15.755-0300][26.507s][14796][14024][info][gc,phases   ] GC(14) y: Young Generation 1704M(55%)->1400M(46%) 0.075s
[2026-06-26T13:53:15.755-0300][26.507s][14796][14024][info][gc          ] GC(14) Minor Collection (Allocation Rate) 1704M(55%)->1400M(46%) 0.075s
[2026-06-26T13:53:15.755-0300][26.507s][14796][3936 ][info][gc          ] GC(15) Major Collection (Allocation Rate)
[2026-06-26T13:53:15.755-0300][26.507s][14796][3936 ][info][gc,task     ] GC(15) Using 3 Workers for Young Generation
[2026-06-26T13:53:15.755-0300][26.507s][14796][3936 ][info][gc,task     ] GC(15) Using 1 Workers for Old Generation
[2026-06-26T13:53:15.755-0300][26.507s][14796][3936 ][info][gc,phases   ] GC(15) Y: Young Generation
[2026-06-26T13:53:15.755-0300][26.507s][14796][15076][info][gc,phases   ] GC(15) Y: Pause Mark Start (Major) 0.029ms
[2026-06-26T13:53:15.783-0300][26.535s][14796][3936 ][info][gc,phases   ] GC(15) Y: Concurrent Mark 27.943ms
[2026-06-26T13:53:15.784-0300][26.535s][14796][15076][info][gc,phases   ] GC(15) Y: Pause Mark End 0.021ms
[2026-06-26T13:53:15.784-0300][26.536s][14796][3936 ][info][gc,phases   ] GC(15) Y: Concurrent Mark Free 0.008ms
[2026-06-26T13:53:15.784-0300][26.536s][14796][3936 ][info][gc,phases   ] GC(15) Y: Concurrent Reset Relocation Set 0.063ms
[2026-06-26T13:53:15.784-0300][26.536s][14796][3936 ][info][gc,reloc    ] GC(15) Y: Using tenuring threshold: 2 (Computed)
[2026-06-26T13:53:15.785-0300][26.537s][14796][3936 ][info][gc,phases   ] GC(15) Y: Concurrent Select Relocation Set 1.626ms
[2026-06-26T13:53:15.785-0300][26.537s][14796][15076][info][gc,phases   ] GC(15) Y: Pause Relocate Start 0.009ms
[2026-06-26T13:53:15.789-0300][26.541s][14796][3936 ][info][gc,phases   ] GC(15) Y: Concurrent Relocate 3.411ms
[2026-06-26T13:53:15.790-0300][26.541s][14796][3936 ][info][gc,alloc    ] GC(15) Y:                         Mark Start        Mark End      Relocate Start    Relocate End   
[2026-06-26T13:53:15.790-0300][26.541s][14796][3936 ][info][gc,alloc    ] GC(15) Y: Allocation Stalls:          0                0                0                0         
[2026-06-26T13:53:15.790-0300][26.541s][14796][3936 ][info][gc,load     ] GC(15) Y: Load: 0.00 (0%) / 0.00 (0%) / 0.00 (0%)
[2026-06-26T13:53:15.790-0300][26.541s][14796][3936 ][info][gc,mmu      ] GC(15) Y: MMU: 2ms/98.5%, 5ms/99.4%, 10ms/99.6%, 20ms/99.7%, 50ms/99.8%, 100ms/99.9%
[2026-06-26T13:53:15.790-0300][26.541s][14796][3936 ][info][gc,marking  ] GC(15) Y: Mark: 2 stripe(s), 2 proactive flush(es), 1 terminate flush(es), 0 completion(s), 0 continuation(s) 
[2026-06-26T13:53:15.790-0300][26.541s][14796][3936 ][info][gc,nmethod  ] GC(15) Y: NMethods: 10495 registered, 0 unregistered
[2026-06-26T13:53:15.790-0300][26.541s][14796][3936 ][info][gc,metaspace] GC(15) Y: Metaspace: 61M used, 62M committed, 1088M reserved
[2026-06-26T13:53:15.790-0300][26.541s][14796][3936 ][info][gc,reloc    ] GC(15) Y:                        Candidates     Selected     In-Place         Size        Empty    Relocated 
[2026-06-26T13:53:15.790-0300][26.541s][14796][3936 ][info][gc,reloc    ] GC(15) Y: Small Pages:                  266          231            0         532M          52M           5M 
[2026-06-26T13:53:15.790-0300][26.541s][14796][3936 ][info][gc,reloc    ] GC(15) Y: Medium Pages:                   1            0            0          32M           0M           0M 
[2026-06-26T13:53:15.790-0300][26.541s][14796][3936 ][info][gc,reloc    ] GC(15) Y: Large Pages:                    0            0            0           0M           0M           0M 
[2026-06-26T13:53:15.790-0300][26.541s][14796][3936 ][info][gc,reloc    ] GC(15) Y: Forwarding Usage: 2M
[2026-06-26T13:53:15.790-0300][26.541s][14796][3936 ][info][gc,reloc    ] GC(15) Y: Age Table:
[2026-06-26T13:53:15.790-0300][26.541s][14796][3936 ][info][gc,reloc    ] GC(15) Y:                    Live             Garbage             Small              Medium             Large        
[2026-06-26T13:53:15.790-0300][26.541s][14796][3936 ][info][gc,reloc    ] GC(15) Y: Eden               7M (0%)          542M (18%)        259 / 230            1 / 0              0 / 0        
[2026-06-26T13:53:15.790-0300][26.541s][14796][3936 ][info][gc,reloc    ] GC(15) Y: Survivor 1         8M (0%)            5M (0%)           7 / 1              0 / 0              0 / 0        
[2026-06-26T13:53:15.790-0300][26.541s][14796][3936 ][info][gc,heap     ] GC(15) Y: Min Capacity: 8M(0%)
[2026-06-26T13:53:15.790-0300][26.541s][14796][3936 ][info][gc,heap     ] GC(15) Y: Max Capacity: 3072M(100%)
[2026-06-26T13:53:15.790-0300][26.541s][14796][3936 ][info][gc,heap     ] GC(15) Y: Soft Max Capacity: 3072M(100%)
[2026-06-26T13:53:15.790-0300][26.541s][14796][3936 ][info][gc,heap     ] GC(15) Y: Heap Statistics:
[2026-06-26T13:53:15.790-0300][26.541s][14796][3936 ][info][gc,heap     ] GC(15) Y:                Mark Start          Mark End        Relocate Start      Relocate End           High               Low         
[2026-06-26T13:53:15.790-0300][26.541s][14796][3936 ][info][gc,heap     ] GC(15) Y:  Capacity:     3072M (100%)       3072M (100%)       3072M (100%)       3072M (100%)       3072M (100%)       3072M (100%)   
[2026-06-26T13:53:15.790-0300][26.541s][14796][3936 ][info][gc,heap     ] GC(15) Y:      Free:     1670M (54%)        1440M (47%)        1482M (48%)        1912M (62%)        1922M (63%)        1440M (47%)    
[2026-06-26T13:53:15.790-0300][26.541s][14796][3936 ][info][gc,heap     ] GC(15) Y:      Used:     1402M (46%)        1632M (53%)        1590M (52%)        1160M (38%)        1632M (53%)        1150M (37%)    
[2026-06-26T13:53:15.790-0300][26.541s][14796][3936 ][info][gc,heap     ] GC(15) Y: Young Generation Statistics:
[2026-06-26T13:53:15.790-0300][26.541s][14796][3936 ][info][gc,heap     ] GC(15) Y:                Mark Start          Mark End        Relocate Start      Relocate End    
[2026-06-26T13:53:15.790-0300][26.541s][14796][3936 ][info][gc,heap     ] GC(15) Y:      Used:      564M (18%)         794M (26%)         752M (24%)         322M (10%)    
[2026-06-26T13:53:15.790-0300][26.541s][14796][3936 ][info][gc,heap     ] GC(15) Y:      Live:         -                16M (1%)           16M (1%)           16M (1%)     
[2026-06-26T13:53:15.790-0300][26.541s][14796][3936 ][info][gc,heap     ] GC(15) Y:   Garbage:         -               547M (18%)         495M (16%)          32M (1%)     
[2026-06-26T13:53:15.790-0300][26.541s][14796][3936 ][info][gc,heap     ] GC(15) Y: Allocated:         -               230M (7%)          240M (8%)          273M (9%)     
[2026-06-26T13:53:15.790-0300][26.541s][14796][3936 ][info][gc,heap     ] GC(15) Y: Reclaimed:         -                  -                52M (2%)          515M (17%)    
[2026-06-26T13:53:15.790-0300][26.541s][14796][3936 ][info][gc,heap     ] GC(15) Y:  Promoted:         -                  -                 0M (0%)            0M (0%)     
[2026-06-26T13:53:15.790-0300][26.541s][14796][3936 ][info][gc,heap     ] GC(15) Y: Compacted:         -                  -                  -                 8M (0%)     
[2026-06-26T13:53:15.790-0300][26.541s][14796][3936 ][info][gc,phases   ] GC(15) Y: Young Generation 1402M(46%)->1160M(38%) 0.034s
[2026-06-26T13:53:15.790-0300][26.541s][14796][3936 ][info][gc,phases   ] GC(15) O: Old Generation
[2026-06-26T13:53:15.790-0300][26.542s][14796][14024][info][gc          ] GC(16) Minor Collection (Allocation Rate)
[2026-06-26T13:53:15.790-0300][26.542s][14796][14024][info][gc,task     ] GC(16) Using 2 Workers for Young Generation
[2026-06-26T13:53:15.790-0300][26.542s][14796][14024][info][gc,phases   ] GC(16) y: Young Generation
[2026-06-26T13:53:15.792-0300][26.543s][14796][15076][info][gc,phases   ] GC(16) y: Pause Mark Start 0.011ms
[2026-06-26T13:53:15.822-0300][26.574s][14796][14024][info][gc,phases   ] GC(16) y: Concurrent Mark 29.971ms
[2026-06-26T13:53:15.822-0300][26.574s][14796][15076][info][gc,phases   ] GC(16) y: Pause Mark End 0.025ms
[2026-06-26T13:53:15.822-0300][26.574s][14796][14024][info][gc,phases   ] GC(16) y: Concurrent Mark Free 0.005ms
[2026-06-26T13:53:15.822-0300][26.574s][14796][14024][info][gc,phases   ] GC(16) y: Concurrent Reset Relocation Set 0.015ms
[2026-06-26T13:53:15.822-0300][26.574s][14796][14024][info][gc,reloc    ] GC(16) y: Using tenuring threshold: 2 (Computed)
[2026-06-26T13:53:15.825-0300][26.577s][14796][14024][info][gc,phases   ] GC(16) y: Concurrent Select Relocation Set 3.409ms
[2026-06-26T13:53:15.825-0300][26.577s][14796][15076][info][gc,phases   ] GC(16) y: Pause Relocate Start 0.019ms
[2026-06-26T13:53:15.834-0300][26.586s][14796][14024][info][gc,phases   ] GC(16) y: Concurrent Relocate 8.657ms
[2026-06-26T13:53:15.834-0300][26.586s][14796][14024][info][gc,alloc    ] GC(16) y:                         Mark Start        Mark End      Relocate Start    Relocate End   
[2026-06-26T13:53:15.834-0300][26.586s][14796][14024][info][gc,alloc    ] GC(16) y: Allocation Stalls:          0                0                0                0         
[2026-06-26T13:53:15.834-0300][26.586s][14796][14024][info][gc,load     ] GC(16) y: Load: 0.00 (0%) / 0.00 (0%) / 0.00 (0%)
[2026-06-26T13:53:15.834-0300][26.586s][14796][14024][info][gc,mmu      ] GC(16) y: MMU: 2ms/98.5%, 5ms/99.1%, 10ms/99.6%, 20ms/99.7%, 50ms/99.8%, 100ms/99.8%
[2026-06-26T13:53:15.834-0300][26.586s][14796][14024][info][gc,marking  ] GC(16) y: Mark: 2 stripe(s), 2 proactive flush(es), 1 terminate flush(es), 0 completion(s), 0 continuation(s) 
[2026-06-26T13:53:15.834-0300][26.586s][14796][14024][info][gc,nmethod  ] GC(16) y: NMethods: 10499 registered, 0 unregistered
[2026-06-26T13:53:15.834-0300][26.586s][14796][14024][info][gc,metaspace] GC(16) y: Metaspace: 61M used, 62M committed, 1088M reserved
[2026-06-26T13:53:15.834-0300][26.586s][14796][14024][info][gc,reloc    ] GC(16) y:                        Candidates     Selected     In-Place         Size        Empty    Relocated 
[2026-06-26T13:53:15.834-0300][26.586s][14796][14024][info][gc,reloc    ] GC(16) y: Small Pages:                  155          124            0         310M          38M           4M 
[2026-06-26T13:53:15.834-0300][26.586s][14796][14024][info][gc,reloc    ] GC(16) y: Medium Pages:                   1            0            0          32M           0M           0M 
[2026-06-26T13:53:15.834-0300][26.586s][14796][14024][info][gc,reloc    ] GC(16) y: Large Pages:                    0            0            0           0M           0M           0M 
[2026-06-26T13:53:15.834-0300][26.586s][14796][14024][info][gc,reloc    ] GC(16) y: Forwarding Usage: 1M
[2026-06-26T13:53:15.834-0300][26.586s][14796][14024][info][gc,reloc    ] GC(16) y: Age Table:
[2026-06-26T13:53:15.834-0300][26.586s][14796][14024][info][gc,reloc    ] GC(16) y:                    Live             Garbage             Small              Medium             Large        
[2026-06-26T13:53:15.834-0300][26.586s][14796][14024][info][gc,reloc    ] GC(16) y: Eden               4M (0%)          279M (9%)         142 / 121            0 / 0              0 / 0        
[2026-06-26T13:53:15.834-0300][26.586s][14796][14024][info][gc,reloc    ] GC(16) y: Survivor 1         7M (0%)           38M (1%)           7 / 2              1 / 0              0 / 0        
[2026-06-26T13:53:15.835-0300][26.586s][14796][14024][info][gc,reloc    ] GC(16) y: Survivor 2         8M (0%)            3M (0%)           6 / 1              0 / 0              0 / 0        
[2026-06-26T13:53:15.835-0300][26.586s][14796][14024][info][gc,heap     ] GC(16) y: Min Capacity: 8M(0%)
[2026-06-26T13:53:15.835-0300][26.586s][14796][14024][info][gc,heap     ] GC(16) y: Max Capacity: 3072M(100%)
[2026-06-26T13:53:15.835-0300][26.586s][14796][14024][info][gc,heap     ] GC(16) y: Soft Max Capacity: 3072M(100%)
[2026-06-26T13:53:15.835-0300][26.587s][14796][14024][info][gc,heap     ] GC(16) y: Heap Statistics:
[2026-06-26T13:53:15.835-0300][26.587s][14796][14024][info][gc,heap     ] GC(16) y:                Mark Start          Mark End        Relocate Start      Relocate End           High               Low         
[2026-06-26T13:53:15.835-0300][26.587s][14796][14024][info][gc,heap     ] GC(16) y:  Capacity:     3072M (100%)       3072M (100%)       3072M (100%)       3072M (100%)       3072M (100%)       3072M (100%)   
[2026-06-26T13:53:15.835-0300][26.587s][14796][14024][info][gc,heap     ] GC(16) y:      Free:     1892M (62%)        1696M (55%)        1706M (56%)        1886M (61%)        1930M (63%)        1696M (55%)    
[2026-06-26T13:53:15.835-0300][26.587s][14796][14024][info][gc,heap     ] GC(16) y:      Used:     1180M (38%)        1376M (45%)        1366M (44%)        1186M (39%)        1376M (45%)        1142M (37%)    
[2026-06-26T13:53:15.835-0300][26.587s][14796][14024][info][gc,heap     ] GC(16) y: Young Generation Statistics:
[2026-06-26T13:53:15.835-0300][26.587s][14796][14024][info][gc,heap     ] GC(16) y:                Mark Start          Mark End        Relocate Start      Relocate End    
[2026-06-26T13:53:15.835-0300][26.587s][14796][14024][info][gc,heap     ] GC(16) y:      Used:      342M (11%)         538M (18%)         518M (17%)         336M (11%)    
[2026-06-26T13:53:15.835-0300][26.587s][14796][14024][info][gc,heap     ] GC(16) y:      Live:         -                20M (1%)           12M (0%)           12M (0%)     
[2026-06-26T13:53:15.835-0300][26.587s][14796][14024][info][gc,heap     ] GC(16) y:   Garbage:         -               321M (10%)         281M (9%)           33M (1%)     
[2026-06-26T13:53:15.835-0300][26.587s][14796][14024][info][gc,heap     ] GC(16) y: Allocated:         -               196M (6%)          224M (7%)          290M (9%)     
[2026-06-26T13:53:15.835-0300][26.587s][14796][14024][info][gc,heap     ] GC(16) y: Reclaimed:         -                  -                39M (1%)          288M (9%)     
[2026-06-26T13:53:15.835-0300][26.587s][14796][14024][info][gc,heap     ] GC(16) y:  Promoted:         -                  -                 8M (0%)            8M (0%)     
[2026-06-26T13:53:15.835-0300][26.587s][14796][14024][info][gc,heap     ] GC(16) y: Compacted:         -                  -                  -                 5M (0%)     
[2026-06-26T13:53:15.835-0300][26.587s][14796][14024][info][gc,phases   ] GC(16) y: Young Generation 1172M(38%)->1186M(39%) 0.044s
[2026-06-26T13:53:15.835-0300][26.587s][14796][14024][info][gc          ] GC(16) Minor Collection (Allocation Rate) 1172M(38%)->1190M(39%) 0.045s
[2026-06-26T13:53:15.835-0300][26.587s][14796][14024][info][gc          ] GC(17) Minor Collection (Allocation Rate)
[2026-06-26T13:53:15.835-0300][26.587s][14796][14024][info][gc,task     ] GC(17) Using 2 Workers for Young Generation
[2026-06-26T13:53:15.835-0300][26.587s][14796][14024][info][gc,phases   ] GC(17) y: Young Generation
[2026-06-26T13:53:15.835-0300][26.587s][14796][15076][info][gc,phases   ] GC(17) y: Pause Mark Start 0.013ms
[2026-06-26T13:53:15.860-0300][26.611s][14796][14024][info][gc,phases   ] GC(17) y: Concurrent Mark 24.331ms
[2026-06-26T13:53:15.860-0300][26.611s][14796][15076][info][gc,phases   ] GC(17) y: Pause Mark End 0.025ms
[2026-06-26T13:53:15.860-0300][26.612s][14796][14024][info][gc,phases   ] GC(17) y: Concurrent Mark Free 0.005ms
[2026-06-26T13:53:15.860-0300][26.612s][14796][14024][info][gc,phases   ] GC(17) y: Concurrent Reset Relocation Set 0.035ms
[2026-06-26T13:53:15.860-0300][26.612s][14796][14024][info][gc,reloc    ] GC(17) y: Using tenuring threshold: 2 (Computed)
[2026-06-26T13:53:15.864-0300][26.616s][14796][14024][info][gc,phases   ] GC(17) y: Concurrent Select Relocation Set 4.456ms
[2026-06-26T13:53:15.864-0300][26.616s][14796][15076][info][gc,phases   ] GC(17) y: Pause Relocate Start 0.015ms
[2026-06-26T13:53:15.874-0300][26.626s][14796][14024][info][gc,phases   ] GC(17) y: Concurrent Relocate 9.578ms
[2026-06-26T13:53:15.874-0300][26.626s][14796][14024][info][gc,alloc    ] GC(17) y:                         Mark Start        Mark End      Relocate Start    Relocate End   
[2026-06-26T13:53:15.874-0300][26.626s][14796][14024][info][gc,alloc    ] GC(17) y: Allocation Stalls:          0                0                0                0         
[2026-06-26T13:53:15.874-0300][26.626s][14796][14024][info][gc,load     ] GC(17) y: Load: 0.00 (0%) / 0.00 (0%) / 0.00 (0%)
[2026-06-26T13:53:15.874-0300][26.626s][14796][14024][info][gc,mmu      ] GC(17) y: MMU: 2ms/98.5%, 5ms/99.1%, 10ms/99.6%, 20ms/99.7%, 50ms/99.8%, 100ms/99.8%
[2026-06-26T13:53:15.874-0300][26.626s][14796][14024][info][gc,marking  ] GC(17) y: Mark: 2 stripe(s), 2 proactive flush(es), 1 terminate flush(es), 0 completion(s), 0 continuation(s) 
[2026-06-26T13:53:15.874-0300][26.626s][14796][14024][info][gc,nmethod  ] GC(17) y: NMethods: 10502 registered, 0 unregistered
[2026-06-26T13:53:15.874-0300][26.626s][14796][14024][info][gc,metaspace] GC(17) y: Metaspace: 61M used, 62M committed, 1088M reserved
[2026-06-26T13:53:15.874-0300][26.626s][14796][14024][info][gc,reloc    ] GC(17) y:                        Candidates     Selected     In-Place         Size        Empty    Relocated 
[2026-06-26T13:53:15.874-0300][26.626s][14796][14024][info][gc,reloc    ] GC(17) y: Small Pages:                  154          132            0         308M          26M           5M 
[2026-06-26T13:53:15.874-0300][26.626s][14796][14024][info][gc,reloc    ] GC(17) y: Medium Pages:                   1            0            0          32M           0M           0M 
[2026-06-26T13:53:15.874-0300][26.626s][14796][14024][info][gc,reloc    ] GC(17) y: Large Pages:                    0            0            0           0M           0M           0M 
[2026-06-26T13:53:15.874-0300][26.626s][14796][14024][info][gc,reloc    ] GC(17) y: Forwarding Usage: 1M
[2026-06-26T13:53:15.874-0300][26.626s][14796][14024][info][gc,reloc    ] GC(17) y: Age Table:
[2026-06-26T13:53:15.874-0300][26.626s][14796][14024][info][gc,reloc    ] GC(17) y:                    Live             Garbage             Small              Medium             Large        
[2026-06-26T13:53:15.874-0300][26.626s][14796][14024][info][gc,reloc    ] GC(17) y: Eden               4M (0%)          283M (9%)         144 / 128            0 / 0              0 / 0        
[2026-06-26T13:53:15.874-0300][26.626s][14796][14024][info][gc,reloc    ] GC(17) y: Survivor 1         4M (0%)            3M (0%)           4 / 1              0 / 0              0 / 0        
[2026-06-26T13:53:15.874-0300][26.626s][14796][14024][info][gc,reloc    ] GC(17) y: Survivor 2         7M (0%)           36M (1%)           6 / 3              1 / 0              0 / 0        
[2026-06-26T13:53:15.874-0300][26.626s][14796][14024][info][gc,heap     ] GC(17) y: Min Capacity: 8M(0%)
[2026-06-26T13:53:15.874-0300][26.626s][14796][14024][info][gc,heap     ] GC(17) y: Max Capacity: 3072M(100%)
[2026-06-26T13:53:15.874-0300][26.626s][14796][14024][info][gc,heap     ] GC(17) y: Soft Max Capacity: 3072M(100%)
[2026-06-26T13:53:15.874-0300][26.626s][14796][14024][info][gc,heap     ] GC(17) y: Heap Statistics:
[2026-06-26T13:53:15.874-0300][26.626s][14796][14024][info][gc,heap     ] GC(17) y:                Mark Start          Mark End        Relocate Start      Relocate End           High               Low         
[2026-06-26T13:53:15.874-0300][26.626s][14796][14024][info][gc,heap     ] GC(17) y:  Capacity:     3072M (100%)       3072M (100%)       3072M (100%)       3072M (100%)       3072M (100%)       3072M (100%)   
[2026-06-26T13:53:15.874-0300][26.626s][14796][14024][info][gc,heap     ] GC(17) y:      Free:     1882M (61%)        1678M (55%)        1634M (53%)        1814M (59%)        1882M (61%)        1624M (53%)    
[2026-06-26T13:53:15.874-0300][26.626s][14796][14024][info][gc,heap     ] GC(17) y:      Used:     1190M (39%)        1394M (45%)        1438M (47%)        1258M (41%)        1448M (47%)        1190M (39%)    
[2026-06-26T13:53:15.874-0300][26.626s][14796][14024][info][gc,heap     ] GC(17) y: Young Generation Statistics:
[2026-06-26T13:53:15.874-0300][26.626s][14796][14024][info][gc,heap     ] GC(17) y:                Mark Start          Mark End        Relocate Start      Relocate End    
[2026-06-26T13:53:15.874-0300][26.626s][14796][14024][info][gc,heap     ] GC(17) y:      Used:      340M (11%)         544M (18%)         550M (18%)         362M (12%)    
[2026-06-26T13:53:15.874-0300][26.626s][14796][14024][info][gc,heap     ] GC(17) y:      Live:         -                16M (1%)           10M (0%)            8M (0%)     
[2026-06-26T13:53:15.874-0300][26.626s][14796][14024][info][gc,heap     ] GC(17) y:   Garbage:         -               323M (11%)         265M (9%)            0M (0%)     
[2026-06-26T13:53:15.874-0300][26.626s][14796][14024][info][gc,heap     ] GC(17) y: Allocated:         -               204M (7%)          274M (9%)          353M (11%)    
[2026-06-26T13:53:15.874-0300][26.626s][14796][14024][info][gc,heap     ] GC(17) y: Reclaimed:         -                  -                58M (2%)          323M (11%)    
[2026-06-26T13:53:15.874-0300][26.626s][14796][14024][info][gc,heap     ] GC(17) y:  Promoted:         -                  -                 5M (0%)            7M (0%)     
[2026-06-26T13:53:15.874-0300][26.626s][14796][14024][info][gc,heap     ] GC(17) y: Compacted:         -                  -                  -                 4M (0%)     
[2026-06-26T13:53:15.874-0300][26.626s][14796][14024][info][gc,phases   ] GC(17) y: Young Generation 1190M(39%)->1258M(41%) 0.039s
[2026-06-26T13:53:15.874-0300][26.626s][14796][14024][info][gc          ] GC(17) Minor Collection (Allocation Rate) 1190M(39%)->1268M(41%) 0.040s
[2026-06-26T13:53:15.924-0300][26.676s][14796][14024][info][gc          ] GC(18) Minor Collection (Allocation Rate)
[2026-06-26T13:53:15.924-0300][26.676s][14796][14024][info][gc,task     ] GC(18) Using 2 Workers for Young Generation
[2026-06-26T13:53:15.924-0300][26.676s][14796][14024][info][gc,phases   ] GC(18) y: Young Generation
[2026-06-26T13:53:15.924-0300][26.676s][14796][15076][info][gc,phases   ] GC(18) y: Pause Mark Start 0.019ms
[2026-06-26T13:53:15.962-0300][26.714s][14796][14024][info][gc,phases   ] GC(18) y: Concurrent Mark 38.183ms
[2026-06-26T13:53:15.962-0300][26.714s][14796][15076][info][gc,phases   ] GC(18) y: Pause Mark End 0.026ms
[2026-06-26T13:53:15.962-0300][26.714s][14796][14024][info][gc,phases   ] GC(18) y: Concurrent Mark Free 0.004ms
[2026-06-26T13:53:15.962-0300][26.714s][14796][14024][info][gc,phases   ] GC(18) y: Concurrent Reset Relocation Set 0.021ms
[2026-06-26T13:53:15.963-0300][26.715s][14796][14024][info][gc,reloc    ] GC(18) y: Using tenuring threshold: 3 (Computed)
[2026-06-26T13:53:15.964-0300][26.716s][14796][14024][info][gc,phases   ] GC(18) y: Concurrent Select Relocation Set 1.272ms
[2026-06-26T13:53:15.964-0300][26.716s][14796][15076][info][gc,phases   ] GC(18) y: Pause Relocate Start 0.009ms
[2026-06-26T13:53:15.972-0300][26.724s][14796][14024][info][gc,phases   ] GC(18) y: Concurrent Relocate 8.106ms
[2026-06-26T13:53:15.972-0300][26.724s][14796][14024][info][gc,alloc    ] GC(18) y:                         Mark Start        Mark End      Relocate Start    Relocate End   
[2026-06-26T13:53:15.972-0300][26.724s][14796][14024][info][gc,alloc    ] GC(18) y: Allocation Stalls:          0                0                0                0         
[2026-06-26T13:53:15.972-0300][26.724s][14796][14024][info][gc,load     ] GC(18) y: Load: 0.00 (0%) / 0.00 (0%) / 0.00 (0%)
[2026-06-26T13:53:15.972-0300][26.724s][14796][14024][info][gc,mmu      ] GC(18) y: MMU: 2ms/98.2%, 5ms/99.1%, 10ms/99.6%, 20ms/99.7%, 50ms/99.8%, 100ms/99.8%
[2026-06-26T13:53:15.972-0300][26.724s][14796][14024][info][gc,marking  ] GC(18) y: Mark: 2 stripe(s), 2 proactive flush(es), 1 terminate flush(es), 0 completion(s), 0 continuation(s) 
[2026-06-26T13:53:15.972-0300][26.724s][14796][14024][info][gc,nmethod  ] GC(18) y: NMethods: 10512 registered, 0 unregistered
[2026-06-26T13:53:15.972-0300][26.724s][14796][14024][info][gc,metaspace] GC(18) y: Metaspace: 61M used, 62M committed, 1088M reserved
[2026-06-26T13:53:15.972-0300][26.724s][14796][14024][info][gc,reloc    ] GC(18) y:                        Candidates     Selected     In-Place         Size        Empty    Relocated 
[2026-06-26T13:53:15.972-0300][26.724s][14796][14024][info][gc,reloc    ] GC(18) y: Small Pages:                  322          282            0         644M          60M           8M 
[2026-06-26T13:53:15.972-0300][26.724s][14796][14024][info][gc,reloc    ] GC(18) y: Medium Pages:                   1            0            0          32M           0M           0M 
[2026-06-26T13:53:15.972-0300][26.724s][14796][14024][info][gc,reloc    ] GC(18) y: Large Pages:                    0            0            0           0M           0M           0M 
[2026-06-26T13:53:15.972-0300][26.724s][14796][14024][info][gc,reloc    ] GC(18) y: Forwarding Usage: 2M
[2026-06-26T13:53:15.972-0300][26.724s][14796][14024][info][gc,reloc    ] GC(18) y: Age Table:
[2026-06-26T13:53:15.972-0300][26.724s][14796][14024][info][gc,reloc    ] GC(18) y:                    Live             Garbage             Small              Medium             Large        
[2026-06-26T13:53:15.972-0300][26.724s][14796][14024][info][gc,reloc    ] GC(18) y: Eden               9M (0%)          646M (21%)        312 / 277            1 / 0              0 / 0        
[2026-06-26T13:53:15.972-0300][26.724s][14796][14024][info][gc,reloc    ] GC(18) y: Survivor 1         4M (0%)            5M (0%)           5 / 3              0 / 0              0 / 0        
[2026-06-26T13:53:15.972-0300][26.724s][14796][14024][info][gc,reloc    ] GC(18) y: Survivor 2         4M (0%)            5M (0%)           5 / 2              0 / 0              0 / 0        
[2026-06-26T13:53:15.972-0300][26.724s][14796][14024][info][gc,heap     ] GC(18) y: Min Capacity: 8M(0%)
[2026-06-26T13:53:15.972-0300][26.724s][14796][14024][info][gc,heap     ] GC(18) y: Max Capacity: 3072M(100%)
[2026-06-26T13:53:15.972-0300][26.724s][14796][14024][info][gc,heap     ] GC(18) y: Soft Max Capacity: 3072M(100%)
[2026-06-26T13:53:15.972-0300][26.724s][14796][14024][info][gc,heap     ] GC(18) y: Heap Statistics:
[2026-06-26T13:53:15.972-0300][26.724s][14796][14024][info][gc,heap     ] GC(18) y:                Mark Start          Mark End        Relocate Start      Relocate End           High               Low         
[2026-06-26T13:53:15.972-0300][26.724s][14796][14024][info][gc,heap     ] GC(18) y:  Capacity:     3072M (100%)       3072M (100%)       3072M (100%)       3072M (100%)       3072M (100%)       3072M (100%)   
[2026-06-26T13:53:15.972-0300][26.724s][14796][14024][info][gc,heap     ] GC(18) y:      Free:     1500M (49%)        1202M (39%)        1252M (41%)        1740M (57%)        1776M (58%)        1202M (39%)    
[2026-06-26T13:53:15.972-0300][26.724s][14796][14024][info][gc,heap     ] GC(18) y:      Used:     1572M (51%)        1870M (61%)        1820M (59%)        1332M (43%)        1870M (61%)        1296M (42%)    
[2026-06-26T13:53:15.972-0300][26.724s][14796][14024][info][gc,heap     ] GC(18) y: Young Generation Statistics:
[2026-06-26T13:53:15.972-0300][26.724s][14796][14024][info][gc,heap     ] GC(18) y:                Mark Start          Mark End        Relocate Start      Relocate End    
[2026-06-26T13:53:15.972-0300][26.724s][14796][14024][info][gc,heap     ] GC(18) y:      Used:      676M (22%)         974M (32%)         924M (30%)         436M (14%)    
[2026-06-26T13:53:15.972-0300][26.724s][14796][14024][info][gc,heap     ] GC(18) y:      Live:         -                18M (1%)           18M (1%)           18M (1%)     
[2026-06-26T13:53:15.972-0300][26.724s][14796][14024][info][gc,heap     ] GC(18) y:   Garbage:         -               657M (21%)         597M (19%)          31M (1%)     
[2026-06-26T13:53:15.972-0300][26.724s][14796][14024][info][gc,heap     ] GC(18) y: Allocated:         -               298M (10%)         308M (10%)         385M (13%)    
[2026-06-26T13:53:15.972-0300][26.725s][14796][14024][info][gc,heap     ] GC(18) y: Reclaimed:         -                  -                60M (2%)          625M (20%)    
[2026-06-26T13:53:15.972-0300][26.725s][14796][14024][info][gc,heap     ] GC(18) y:  Promoted:         -                  -                 0M (0%)            0M (0%)     
[2026-06-26T13:53:15.972-0300][26.725s][14796][14024][info][gc,heap     ] GC(18) y: Compacted:         -                  -                  -                12M (0%)     
[2026-06-26T13:53:15.972-0300][26.725s][14796][14024][info][gc,phases   ] GC(18) y: Young Generation 1572M(51%)->1332M(43%) 0.048s
[2026-06-26T13:53:15.972-0300][26.725s][14796][14024][info][gc          ] GC(18) Minor Collection (Allocation Rate) 1572M(51%)->1336M(43%) 0.049s
[2026-06-26T13:53:16.003-0300][26.755s][14796][14024][info][gc          ] GC(19) Minor Collection (Allocation Rate)
[2026-06-26T13:53:16.003-0300][26.755s][14796][14024][info][gc,task     ] GC(19) Using 2 Workers for Young Generation
[2026-06-26T13:53:16.003-0300][26.755s][14796][14024][info][gc,phases   ] GC(19) y: Young Generation
[2026-06-26T13:53:16.003-0300][26.755s][14796][15076][info][gc,phases   ] GC(19) y: Pause Mark Start 0.016ms
[2026-06-26T13:53:16.065-0300][26.816s][14796][14024][info][gc,phases   ] GC(19) y: Concurrent Mark 60.906ms
[2026-06-26T13:53:16.065-0300][26.816s][14796][15076][info][gc,phases   ] GC(19) y: Pause Mark End 0.027ms
[2026-06-26T13:53:16.065-0300][26.816s][14796][14024][info][gc,phases   ] GC(19) y: Concurrent Mark Free 0.010ms
[2026-06-26T13:53:16.065-0300][26.817s][14796][14024][info][gc,phases   ] GC(19) y: Concurrent Reset Relocation Set 0.018ms
[2026-06-26T13:53:16.065-0300][26.817s][14796][14024][info][gc,reloc    ] GC(19) y: Using tenuring threshold: 2 (Computed)
[2026-06-26T13:53:16.068-0300][26.820s][14796][14024][info][gc,phases   ] GC(19) y: Concurrent Select Relocation Set 3.286ms
[2026-06-26T13:53:16.068-0300][26.820s][14796][15076][info][gc,phases   ] GC(19) y: Pause Relocate Start 0.015ms
[2026-06-26T13:53:16.078-0300][26.829s][14796][14024][info][gc,phases   ] GC(19) y: Concurrent Relocate 9.406ms
[2026-06-26T13:53:16.078-0300][26.829s][14796][14024][info][gc,alloc    ] GC(19) y:                         Mark Start        Mark End      Relocate Start    Relocate End   
[2026-06-26T13:53:16.078-0300][26.830s][14796][14024][info][gc,alloc    ] GC(19) y: Allocation Stalls:          0                0                0                0         
[2026-06-26T13:53:16.078-0300][26.830s][14796][14024][info][gc,load     ] GC(19) y: Load: 0.00 (0%) / 0.00 (0%) / 0.00 (0%)
[2026-06-26T13:53:16.078-0300][26.830s][14796][14024][info][gc,mmu      ] GC(19) y: MMU: 2ms/98.2%, 5ms/99.1%, 10ms/99.6%, 20ms/99.7%, 50ms/99.8%, 100ms/99.8%
[2026-06-26T13:53:16.078-0300][26.830s][14796][14024][info][gc,marking  ] GC(19) y: Mark: 2 stripe(s), 2 proactive flush(es), 1 terminate flush(es), 0 completion(s), 0 continuation(s) 
[2026-06-26T13:53:16.078-0300][26.830s][14796][14024][info][gc,nmethod  ] GC(19) y: NMethods: 10513 registered, 0 unregistered
[2026-06-26T13:53:16.078-0300][26.830s][14796][14024][info][gc,metaspace] GC(19) y: Metaspace: 61M used, 62M committed, 1088M reserved
[2026-06-26T13:53:16.078-0300][26.830s][14796][14024][info][gc,reloc    ] GC(19) y:                        Candidates     Selected     In-Place         Size        Empty    Relocated 
[2026-06-26T13:53:16.078-0300][26.830s][14796][14024][info][gc,reloc    ] GC(19) y: Small Pages:                  327          281            0         654M          66M           6M 
[2026-06-26T13:53:16.078-0300][26.830s][14796][14024][info][gc,reloc    ] GC(19) y: Medium Pages:                   1            0            0          32M           0M           0M 
[2026-06-26T13:53:16.078-0300][26.830s][14796][14024][info][gc,reloc    ] GC(19) y: Large Pages:                    0            0            0           0M           0M           0M 
[2026-06-26T13:53:16.078-0300][26.830s][14796][14024][info][gc,reloc    ] GC(19) y: Forwarding Usage: 2M
[2026-06-26T13:53:16.078-0300][26.830s][14796][14024][info][gc,reloc    ] GC(19) y: Age Table:
[2026-06-26T13:53:16.078-0300][26.830s][14796][14024][info][gc,reloc    ] GC(19) y:                    Live             Garbage             Small              Medium             Large        
[2026-06-26T13:53:16.078-0300][26.830s][14796][14024][info][gc,reloc    ] GC(19) y: Eden               6M (0%)          611M (20%)        309 / 273            0 / 0              0 / 0        
[2026-06-26T13:53:16.078-0300][26.830s][14796][14024][info][gc,reloc    ] GC(19) y: Survivor 1         9M (0%)           38M (1%)           8 / 2              1 / 0              0 / 0        
[2026-06-26T13:53:16.079-0300][26.830s][14796][14024][info][gc,reloc    ] GC(19) y: Survivor 2         4M (0%)            7M (0%)           6 / 4              0 / 0              0 / 0        
[2026-06-26T13:53:16.079-0300][26.830s][14796][14024][info][gc,reloc    ] GC(19) y: Survivor 3         4M (0%)            3M (0%)           4 / 2              0 / 0              0 / 0        
[2026-06-26T13:53:16.079-0300][26.830s][14796][14024][info][gc,heap     ] GC(19) y: Min Capacity: 8M(0%)
[2026-06-26T13:53:16.079-0300][26.830s][14796][14024][info][gc,heap     ] GC(19) y: Max Capacity: 3072M(100%)
[2026-06-26T13:53:16.079-0300][26.830s][14796][14024][info][gc,heap     ] GC(19) y: Soft Max Capacity: 3072M(100%)
[2026-06-26T13:53:16.079-0300][26.830s][14796][14024][info][gc,heap     ] GC(19) y: Heap Statistics:
[2026-06-26T13:53:16.079-0300][26.830s][14796][14024][info][gc,heap     ] GC(19) y:                Mark Start          Mark End        Relocate Start      Relocate End           High               Low         
[2026-06-26T13:53:16.079-0300][26.830s][14796][14024][info][gc,heap     ] GC(19) y:  Capacity:     3072M (100%)       3072M (100%)       3072M (100%)       3072M (100%)       3072M (100%)       3072M (100%)   
[2026-06-26T13:53:16.079-0300][26.830s][14796][14024][info][gc,heap     ] GC(19) y:      Free:     1490M (49%)        1030M (34%)        1076M (35%)        1566M (51%)        1614M (53%)        1028M (33%)    
[2026-06-26T13:53:16.079-0300][26.830s][14796][14024][info][gc,heap     ] GC(19) y:      Used:     1582M (51%)        2042M (66%)        1996M (65%)        1506M (49%)        2044M (67%)        1458M (47%)    
[2026-06-26T13:53:16.079-0300][26.830s][14796][14024][info][gc,heap     ] GC(19) y: Young Generation Statistics:
[2026-06-26T13:53:16.079-0300][26.830s][14796][14024][info][gc,heap     ] GC(19) y:                Mark Start          Mark End        Relocate Start      Relocate End    
[2026-06-26T13:53:16.079-0300][26.830s][14796][14024][info][gc,heap     ] GC(19) y:      Used:      686M (22%)        1146M (37%)        1092M (36%)         598M (19%)    
[2026-06-26T13:53:16.079-0300][26.830s][14796][14024][info][gc,heap     ] GC(19) y:      Live:         -                24M (1%)           16M (1%)           16M (1%)     
[2026-06-26T13:53:16.079-0300][26.830s][14796][14024][info][gc,heap     ] GC(19) y:   Garbage:         -               661M (22%)         595M (19%)          31M (1%)     
[2026-06-26T13:53:16.079-0300][26.830s][14796][14024][info][gc,heap     ] GC(19) y: Allocated:         -               460M (15%)         480M (16%)         550M (18%)    
[2026-06-26T13:53:16.079-0300][26.830s][14796][14024][info][gc,heap     ] GC(19) y: Reclaimed:         -                  -                66M (2%)          630M (21%)    
[2026-06-26T13:53:16.079-0300][26.830s][14796][14024][info][gc,heap     ] GC(19) y:  Promoted:         -                  -                 7M (0%)            8M (0%)     
[2026-06-26T13:53:16.079-0300][26.830s][14796][14024][info][gc,heap     ] GC(19) y: Compacted:         -                  -                  -                 7M (0%)     
[2026-06-26T13:53:16.079-0300][26.830s][14796][14024][info][gc,phases   ] GC(19) y: Young Generation 1582M(51%)->1506M(49%) 0.074s
[2026-06-26T13:53:16.079-0300][26.830s][14796][14024][info][gc          ] GC(19) Minor Collection (Allocation Rate) 1580M(51%)->1506M(49%) 0.075s
[2026-06-26T13:53:16.079-0300][26.830s][14796][14024][info][gc          ] GC(20) Minor Collection (Allocation Rate)
[2026-06-26T13:53:16.079-0300][26.830s][14796][14024][info][gc,task     ] GC(20) Using 2 Workers for Young Generation
[2026-06-26T13:53:16.079-0300][26.830s][14796][14024][info][gc,phases   ] GC(20) y: Young Generation
[2026-06-26T13:53:16.079-0300][26.830s][14796][15076][info][gc,phases   ] GC(20) y: Pause Mark Start 0.023ms
[2026-06-26T13:53:16.152-0300][26.904s][14796][14024][info][gc,phases   ] GC(20) y: Concurrent Mark 73.260ms
[2026-06-26T13:53:16.152-0300][26.904s][14796][15076][info][gc,phases   ] GC(20) y: Pause Mark End 0.042ms
[2026-06-26T13:53:16.152-0300][26.904s][14796][14024][info][gc,phases   ] GC(20) y: Concurrent Mark Free 0.005ms
[2026-06-26T13:53:16.152-0300][26.904s][14796][14024][info][gc,phases   ] GC(20) y: Concurrent Reset Relocation Set 0.036ms
[2026-06-26T13:53:16.152-0300][26.904s][14796][14024][info][gc,reloc    ] GC(20) y: Using tenuring threshold: 2 (Computed)
[2026-06-26T13:53:16.156-0300][26.908s][14796][14024][info][gc,phases   ] GC(20) y: Concurrent Select Relocation Set 4.121ms
[2026-06-26T13:53:16.156-0300][26.908s][14796][15076][info][gc,phases   ] GC(20) y: Pause Relocate Start 0.021ms
[2026-06-26T13:53:16.166-0300][26.918s][14796][14024][info][gc,phases   ] GC(20) y: Concurrent Relocate 9.300ms
[2026-06-26T13:53:16.166-0300][26.918s][14796][14024][info][gc,alloc    ] GC(20) y:                         Mark Start        Mark End      Relocate Start    Relocate End   
[2026-06-26T13:53:16.166-0300][26.918s][14796][14024][info][gc,alloc    ] GC(20) y: Allocation Stalls:          0                0                0                0         
[2026-06-26T13:53:16.166-0300][26.918s][14796][14024][info][gc,load     ] GC(20) y: Load: 0.00 (0%) / 0.00 (0%) / 0.00 (0%)
[2026-06-26T13:53:16.166-0300][26.918s][14796][14024][info][gc,mmu      ] GC(20) y: MMU: 2ms/97.9%, 5ms/98.8%, 10ms/99.4%, 20ms/99.7%, 50ms/99.8%, 100ms/99.8%
[2026-06-26T13:53:16.166-0300][26.918s][14796][14024][info][gc,marking  ] GC(20) y: Mark: 2 stripe(s), 2 proactive flush(es), 1 terminate flush(es), 0 completion(s), 0 continuation(s) 
[2026-06-26T13:53:16.166-0300][26.918s][14796][14024][info][gc,nmethod  ] GC(20) y: NMethods: 10517 registered, 0 unregistered
[2026-06-26T13:53:16.166-0300][26.918s][14796][14024][info][gc,metaspace] GC(20) y: Metaspace: 61M used, 62M committed, 1088M reserved
[2026-06-26T13:53:16.166-0300][26.918s][14796][14024][info][gc,reloc    ] GC(20) y:                        Candidates     Selected     In-Place         Size        Empty    Relocated 
[2026-06-26T13:53:16.166-0300][26.918s][14796][14024][info][gc,reloc    ] GC(20) y: Small Pages:                  267          228            0         534M          52M           5M 
[2026-06-26T13:53:16.166-0300][26.918s][14796][14024][info][gc,reloc    ] GC(20) y: Medium Pages:                   2            1            0          64M           0M           0M 
[2026-06-26T13:53:16.166-0300][26.918s][14796][14024][info][gc,reloc    ] GC(20) y: Large Pages:                    0            0            0           0M           0M           0M 
[2026-06-26T13:53:16.166-0300][26.918s][14796][14024][info][gc,reloc    ] GC(20) y: Forwarding Usage: 1M
[2026-06-26T13:53:16.166-0300][26.918s][14796][14024][info][gc,reloc    ] GC(20) y: Age Table:
[2026-06-26T13:53:16.166-0300][26.918s][14796][14024][info][gc,reloc    ] GC(20) y:                    Live             Garbage             Small              Medium             Large        
[2026-06-26T13:53:16.166-0300][26.918s][14796][14024][info][gc,reloc    ] GC(20) y: Eden               7M (0%)          532M (17%)        254 / 224            1 / 0              0 / 0        
[2026-06-26T13:53:16.166-0300][26.918s][14796][14024][info][gc,reloc    ] GC(20) y: Survivor 1         6M (0%)            5M (0%)           6 / 3              0 / 0              0 / 0        
[2026-06-26T13:53:16.166-0300][26.918s][14796][14024][info][gc,reloc    ] GC(20) y: Survivor 2         9M (0%)           36M (1%)           7 / 1              1 / 1              0 / 0        
[2026-06-26T13:53:16.166-0300][26.918s][14796][14024][info][gc,heap     ] GC(20) y: Min Capacity: 8M(0%)
[2026-06-26T13:53:16.166-0300][26.918s][14796][14024][info][gc,heap     ] GC(20) y: Max Capacity: 3072M(100%)
[2026-06-26T13:53:16.166-0300][26.918s][14796][14024][info][gc,heap     ] GC(20) y: Soft Max Capacity: 3072M(100%)
[2026-06-26T13:53:16.166-0300][26.918s][14796][14024][info][gc,heap     ] GC(20) y: Heap Statistics:
[2026-06-26T13:53:16.166-0300][26.918s][14796][14024][info][gc,heap     ] GC(20) y:                Mark Start          Mark End        Relocate Start      Relocate End           High               Low         
[2026-06-26T13:53:16.166-0300][26.918s][14796][14024][info][gc,heap     ] GC(20) y:  Capacity:     3072M (100%)       3072M (100%)       3072M (100%)       3072M (100%)       3072M (100%)       3072M (100%)   
[2026-06-26T13:53:16.166-0300][26.918s][14796][14024][info][gc,heap     ] GC(20) y:      Free:     1566M (51%)        1032M (34%)        1054M (34%)        1434M (47%)        1566M (51%)         988M (32%)    
[2026-06-26T13:53:16.166-0300][26.918s][14796][14024][info][gc,heap     ] GC(20) y:      Used:     1506M (49%)        2040M (66%)        2018M (66%)        1638M (53%)        2084M (68%)        1506M (49%)    
[2026-06-26T13:53:16.166-0300][26.918s][14796][14024][info][gc,heap     ] GC(20) y: Young Generation Statistics:
[2026-06-26T13:53:16.166-0300][26.918s][14796][14024][info][gc,heap     ] GC(20) y:                Mark Start          Mark End        Relocate Start      Relocate End    
[2026-06-26T13:53:16.166-0300][26.918s][14796][14024][info][gc,heap     ] GC(20) y:      Used:      598M (19%)        1132M (37%)        1100M (36%)         686M (22%)    
[2026-06-26T13:53:16.166-0300][26.918s][14796][14024][info][gc,heap     ] GC(20) y:      Live:         -                23M (1%)           14M (0%)           13M (0%)     
[2026-06-26T13:53:16.166-0300][26.918s][14796][14024][info][gc,heap     ] GC(20) y:   Garbage:         -               574M (19%)         521M (17%)           1M (0%)     
[2026-06-26T13:53:16.166-0300][26.918s][14796][14024][info][gc,heap     ] GC(20) y: Allocated:         -               534M (17%)         564M (18%)         671M (22%)    
[2026-06-26T13:53:16.166-0300][26.918s][14796][14024][info][gc,heap     ] GC(20) y: Reclaimed:         -                  -                52M (2%)          573M (19%)    
[2026-06-26T13:53:16.166-0300][26.918s][14796][14024][info][gc,heap     ] GC(20) y:  Promoted:         -                  -                 9M (0%)            9M (0%)     
[2026-06-26T13:53:16.166-0300][26.918s][14796][14024][info][gc,heap     ] GC(20) y: Compacted:         -                  -                  -                 6M (0%)     
[2026-06-26T13:53:16.166-0300][26.918s][14796][14024][info][gc,phases   ] GC(20) y: Young Generation 1506M(49%)->1638M(53%) 0.088s
[2026-06-26T13:53:16.166-0300][26.918s][14796][14024][info][gc          ] GC(20) Minor Collection (Allocation Rate) 1506M(49%)->1642M(53%) 0.088s
[2026-06-26T13:53:16.166-0300][26.918s][14796][14024][info][gc          ] GC(21) Minor Collection (Allocation Rate)
[2026-06-26T13:53:16.166-0300][26.918s][14796][14024][info][gc,task     ] GC(21) Using 2 Workers for Young Generation
[2026-06-26T13:53:16.166-0300][26.918s][14796][14024][info][gc,phases   ] GC(21) y: Young Generation
[2026-06-26T13:53:16.166-0300][26.918s][14796][15076][info][gc,phases   ] GC(21) y: Pause Mark Start 0.014ms
[2026-06-26T13:53:16.235-0300][26.986s][14796][14024][info][gc,phases   ] GC(21) y: Concurrent Mark 67.954ms
[2026-06-26T13:53:16.235-0300][26.987s][14796][15076][info][gc,phases   ] GC(21) y: Pause Mark End 0.029ms
[2026-06-26T13:53:16.235-0300][26.987s][14796][14024][info][gc,phases   ] GC(21) y: Concurrent Mark Free 0.012ms
[2026-06-26T13:53:16.235-0300][26.987s][14796][14024][info][gc,phases   ] GC(21) y: Concurrent Reset Relocation Set 0.029ms
[2026-06-26T13:53:16.235-0300][26.987s][14796][14024][info][gc,reloc    ] GC(21) y: Using tenuring threshold: 2 (Computed)
[2026-06-26T13:53:16.239-0300][26.991s][14796][14024][info][gc,phases   ] GC(21) y: Concurrent Select Relocation Set 3.855ms
[2026-06-26T13:53:16.239-0300][26.991s][14796][15076][info][gc,phases   ] GC(21) y: Pause Relocate Start 0.019ms
[2026-06-26T13:53:16.248-0300][27.000s][14796][14024][info][gc,phases   ] GC(21) y: Concurrent Relocate 9.479ms
[2026-06-26T13:53:16.248-0300][27.000s][14796][14024][info][gc,alloc    ] GC(21) y:                         Mark Start        Mark End      Relocate Start    Relocate End   
[2026-06-26T13:53:16.248-0300][27.000s][14796][14024][info][gc,alloc    ] GC(21) y: Allocation Stalls:          0                0                0                0         
[2026-06-26T13:53:16.248-0300][27.000s][14796][14024][info][gc,load     ] GC(21) y: Load: 0.00 (0%) / 0.00 (0%) / 0.00 (0%)
[2026-06-26T13:53:16.248-0300][27.000s][14796][14024][info][gc,mmu      ] GC(21) y: MMU: 2ms/97.9%, 5ms/98.8%, 10ms/99.4%, 20ms/99.6%, 50ms/99.8%, 100ms/99.8%
[2026-06-26T13:53:16.248-0300][27.000s][14796][14024][info][gc,marking  ] GC(21) y: Mark: 2 stripe(s), 3 proactive flush(es), 1 terminate flush(es), 0 completion(s), 0 continuation(s) 
[2026-06-26T13:53:16.248-0300][27.000s][14796][14024][info][gc,nmethod  ] GC(21) y: NMethods: 10522 registered, 0 unregistered
[2026-06-26T13:53:16.248-0300][27.000s][14796][14024][info][gc,metaspace] GC(21) y: Metaspace: 61M used, 62M committed, 1088M reserved
[2026-06-26T13:53:16.248-0300][27.001s][14796][14024][info][gc,reloc    ] GC(21) y:                        Candidates     Selected     In-Place         Size        Empty    Relocated 
[2026-06-26T13:53:16.248-0300][27.001s][14796][14024][info][gc,reloc    ] GC(21) y: Small Pages:                  329          281            0         658M          72M           7M 
[2026-06-26T13:53:16.248-0300][27.001s][14796][14024][info][gc,reloc    ] GC(21) y: Medium Pages:                   1            0            0          32M           0M           0M 
[2026-06-26T13:53:16.248-0300][27.001s][14796][14024][info][gc,reloc    ] GC(21) y: Large Pages:                    0            0            0           0M           0M           0M 
[2026-06-26T13:53:16.248-0300][27.001s][14796][14024][info][gc,reloc    ] GC(21) y: Forwarding Usage: 2M
[2026-06-26T13:53:16.249-0300][27.001s][14796][14024][info][gc,reloc    ] GC(21) y: Age Table:
[2026-06-26T13:53:16.249-0300][27.001s][14796][14024][info][gc,reloc    ] GC(21) y:                    Live             Garbage             Small              Medium             Large        
[2026-06-26T13:53:16.249-0300][27.001s][14796][14024][info][gc,reloc    ] GC(21) y: Eden               7M (0%)          630M (21%)        319 / 278            0 / 0              0 / 0        
[2026-06-26T13:53:16.249-0300][27.001s][14796][14024][info][gc,reloc    ] GC(21) y: Survivor 1         7M (0%)           36M (1%)           6 / 3              1 / 0              0 / 0        
[2026-06-26T13:53:16.249-0300][27.001s][14796][14024][info][gc,reloc    ] GC(21) y: Survivor 2         6M (0%)            1M (0%)           4 / 0              0 / 0              0 / 0        
[2026-06-26T13:53:16.249-0300][27.001s][14796][14024][info][gc,heap     ] GC(21) y: Min Capacity: 8M(0%)
[2026-06-26T13:53:16.249-0300][27.001s][14796][14024][info][gc,heap     ] GC(21) y: Max Capacity: 3072M(100%)
[2026-06-26T13:53:16.249-0300][27.001s][14796][14024][info][gc,heap     ] GC(21) y: Soft Max Capacity: 3072M(100%)
[2026-06-26T13:53:16.249-0300][27.001s][14796][14024][info][gc,heap     ] GC(21) y: Heap Statistics:
[2026-06-26T13:53:16.249-0300][27.001s][14796][14024][info][gc,heap     ] GC(21) y:                Mark Start          Mark End        Relocate Start      Relocate End           High               Low         
[2026-06-26T13:53:16.249-0300][27.001s][14796][14024][info][gc,heap     ] GC(21) y:  Capacity:     3072M (100%)       3072M (100%)       3072M (100%)       3072M (100%)       3072M (100%)       3072M (100%)   
[2026-06-26T13:53:16.249-0300][27.001s][14796][14024][info][gc,heap     ] GC(21) y:      Free:     1430M (47%)         958M (31%)        1002M (33%)        1508M (49%)        1544M (50%)         958M (31%)    
[2026-06-26T13:53:16.249-0300][27.001s][14796][14024][info][gc,heap     ] GC(21) y:      Used:     1642M (53%)        2114M (69%)        2070M (67%)        1564M (51%)        2114M (69%)        1528M (50%)    
[2026-06-26T13:53:16.249-0300][27.001s][14796][14024][info][gc,heap     ] GC(21) y: Young Generation Statistics:
[2026-06-26T13:53:16.249-0300][27.001s][14796][14024][info][gc,heap     ] GC(21) y:                Mark Start          Mark End        Relocate Start      Relocate End    
[2026-06-26T13:53:16.249-0300][27.001s][14796][14024][info][gc,heap     ] GC(21) y:      Used:      690M (22%)        1162M (38%)        1112M (36%)         604M (20%)    
[2026-06-26T13:53:16.249-0300][27.001s][14796][14024][info][gc,heap     ] GC(21) y:      Live:         -                21M (1%)           15M (1%)           15M (1%)     
[2026-06-26T13:53:16.249-0300][27.001s][14796][14024][info][gc,heap     ] GC(21) y:   Garbage:         -               668M (22%)         596M (19%)          32M (1%)     
[2026-06-26T13:53:16.249-0300][27.001s][14796][14024][info][gc,heap     ] GC(21) y: Allocated:         -               472M (15%)         500M (16%)         555M (18%)    
[2026-06-26T13:53:16.249-0300][27.001s][14796][14024][info][gc,heap     ] GC(21) y: Reclaimed:         -                  -                72M (2%)          635M (21%)    
[2026-06-26T13:53:16.249-0300][27.001s][14796][14024][info][gc,heap     ] GC(21) y:  Promoted:         -                  -                 5M (0%)            6M (0%)     
[2026-06-26T13:53:16.249-0300][27.001s][14796][14024][info][gc,heap     ] GC(21) y: Compacted:         -                  -                  -                 8M (0%)     
[2026-06-26T13:53:16.249-0300][27.001s][14796][14024][info][gc,phases   ] GC(21) y: Young Generation 1642M(53%)->1564M(51%) 0.082s
[2026-06-26T13:53:16.249-0300][27.001s][14796][14024][info][gc          ] GC(21) Minor Collection (Allocation Rate) 1642M(53%)->1566M(51%) 0.083s
[2026-06-26T13:53:16.249-0300][27.001s][14796][14024][info][gc          ] GC(22) Minor Collection (Allocation Rate)
[2026-06-26T13:53:16.249-0300][27.001s][14796][14024][info][gc,task     ] GC(22) Using 2 Workers for Young Generation
[2026-06-26T13:53:16.249-0300][27.001s][14796][14024][info][gc,phases   ] GC(22) y: Young Generation
[2026-06-26T13:53:16.249-0300][27.001s][14796][15076][info][gc,phases   ] GC(22) y: Pause Mark Start 0.019ms
[2026-06-26T13:53:16.286-0300][27.038s][14796][14024][info][gc,phases   ] GC(22) y: Concurrent Mark 36.335ms
[2026-06-26T13:53:16.286-0300][27.038s][14796][15076][info][gc,phases   ] GC(22) y: Pause Mark End 0.020ms
[2026-06-26T13:53:16.286-0300][27.038s][14796][14024][info][gc,phases   ] GC(22) y: Concurrent Mark Free 0.007ms
[2026-06-26T13:53:16.286-0300][27.038s][14796][14024][info][gc,phases   ] GC(22) y: Concurrent Reset Relocation Set 0.056ms
[2026-06-26T13:53:16.286-0300][27.038s][14796][14024][info][gc,reloc    ] GC(22) y: Using tenuring threshold: 3 (Computed)
[2026-06-26T13:53:16.288-0300][27.040s][14796][14024][info][gc,phases   ] GC(22) y: Concurrent Select Relocation Set 1.874ms
[2026-06-26T13:53:16.288-0300][27.040s][14796][15076][info][gc,phases   ] GC(22) y: Pause Relocate Start 0.013ms
[2026-06-26T13:53:16.297-0300][27.049s][14796][14024][info][gc,phases   ] GC(22) y: Concurrent Relocate 8.921ms
[2026-06-26T13:53:16.297-0300][27.049s][14796][14024][info][gc,alloc    ] GC(22) y:                         Mark Start        Mark End      Relocate Start    Relocate End   
[2026-06-26T13:53:16.297-0300][27.049s][14796][14024][info][gc,alloc    ] GC(22) y: Allocation Stalls:          0                0                0                0         
[2026-06-26T13:53:16.297-0300][27.049s][14796][14024][info][gc,load     ] GC(22) y: Load: 0.00 (0%) / 0.00 (0%) / 0.00 (0%)
[2026-06-26T13:53:16.297-0300][27.049s][14796][14024][info][gc,mmu      ] GC(22) y: MMU: 2ms/97.9%, 5ms/98.8%, 10ms/99.4%, 20ms/99.6%, 50ms/99.8%, 100ms/99.8%
[2026-06-26T13:53:16.297-0300][27.049s][14796][14024][info][gc,marking  ] GC(22) y: Mark: 2 stripe(s), 2 proactive flush(es), 1 terminate flush(es), 0 completion(s), 0 continuation(s) 
[2026-06-26T13:53:16.297-0300][27.049s][14796][14024][info][gc,nmethod  ] GC(22) y: NMethods: 10523 registered, 0 unregistered
[2026-06-26T13:53:16.297-0300][27.049s][14796][14024][info][gc,metaspace] GC(22) y: Metaspace: 61M used, 62M committed, 1088M reserved
[2026-06-26T13:53:16.297-0300][27.049s][14796][14024][info][gc,reloc    ] GC(22) y:                        Candidates     Selected     In-Place         Size        Empty    Relocated 
[2026-06-26T13:53:16.297-0300][27.049s][14796][14024][info][gc,reloc    ] GC(22) y: Small Pages:                  274          226            0         548M          66M           6M 
[2026-06-26T13:53:16.297-0300][27.049s][14796][14024][info][gc,reloc    ] GC(22) y: Medium Pages:                   2            1            0          64M           0M           3M 
[2026-06-26T13:53:16.297-0300][27.049s][14796][14024][info][gc,reloc    ] GC(22) y: Large Pages:                    0            0            0           0M           0M           0M 
[2026-06-26T13:53:16.298-0300][27.049s][14796][14024][info][gc,reloc    ] GC(22) y: Forwarding Usage: 4M
[2026-06-26T13:53:16.298-0300][27.049s][14796][14024][info][gc,reloc    ] GC(22) y: Age Table:
[2026-06-26T13:53:16.298-0300][27.049s][14796][14024][info][gc,reloc    ] GC(22) y:                    Live             Garbage             Small              Medium             Large        
[2026-06-26T13:53:16.298-0300][27.049s][14796][14024][info][gc,reloc    ] GC(22) y: Eden              13M (0%)          544M (18%)        263 / 224            1 / 1              0 / 0        
[2026-06-26T13:53:16.298-0300][27.049s][14796][14024][info][gc,reloc    ] GC(22) y: Survivor 1         7M (0%)            4M (0%)           6 / 0              0 / 0              0 / 0        
[2026-06-26T13:53:16.298-0300][27.049s][14796][14024][info][gc,reloc    ] GC(22) y: Survivor 2         7M (0%)           34M (1%)           5 / 2              1 / 0              0 / 0        
[2026-06-26T13:53:16.298-0300][27.049s][14796][14024][info][gc,heap     ] GC(22) y: Min Capacity: 8M(0%)
[2026-06-26T13:53:16.298-0300][27.049s][14796][14024][info][gc,heap     ] GC(22) y: Max Capacity: 3072M(100%)
[2026-06-26T13:53:16.298-0300][27.049s][14796][14024][info][gc,heap     ] GC(22) y: Soft Max Capacity: 3072M(100%)
[2026-06-26T13:53:16.298-0300][27.049s][14796][14024][info][gc,heap     ] GC(22) y: Heap Statistics:
[2026-06-26T13:53:16.298-0300][27.049s][14796][14024][info][gc,heap     ] GC(22) y:                Mark Start          Mark End        Relocate Start      Relocate End           High               Low         
[2026-06-26T13:53:16.298-0300][27.049s][14796][14024][info][gc,heap     ] GC(22) y:  Capacity:     3072M (100%)       3072M (100%)       3072M (100%)       3072M (100%)       3072M (100%)       3072M (100%)   
[2026-06-26T13:53:16.298-0300][27.049s][14796][14024][info][gc,heap     ] GC(22) y:      Free:     1500M (49%)        1210M (39%)        1262M (41%)        1604M (52%)        1654M (54%)        1160M (38%)    
[2026-06-26T13:53:16.298-0300][27.049s][14796][14024][info][gc,heap     ] GC(22) y:      Used:     1572M (51%)        1862M (61%)        1810M (59%)        1468M (48%)        1912M (62%)        1418M (46%)    
[2026-06-26T13:53:16.298-0300][27.049s][14796][14024][info][gc,heap     ] GC(22) y: Young Generation Statistics:
[2026-06-26T13:53:16.298-0300][27.049s][14796][14024][info][gc,heap     ] GC(22) y:                Mark Start          Mark End        Relocate Start      Relocate End    
[2026-06-26T13:53:16.298-0300][27.049s][14796][14024][info][gc,heap     ] GC(22) y:      Used:      612M (20%)         902M (29%)         850M (28%)         508M (17%)    
[2026-06-26T13:53:16.298-0300][27.049s][14796][14024][info][gc,heap     ] GC(22) y:      Live:         -                28M (1%)           28M (1%)           28M (1%)     
[2026-06-26T13:53:16.298-0300][27.049s][14796][14024][info][gc,heap     ] GC(22) y:   Garbage:         -               583M (19%)         517M (17%)           1M (0%)     
[2026-06-26T13:53:16.298-0300][27.049s][14796][14024][info][gc,heap     ] GC(22) y: Allocated:         -               290M (9%)          304M (10%)         478M (16%)    
[2026-06-26T13:53:16.298-0300][27.049s][14796][14024][info][gc,heap     ] GC(22) y: Reclaimed:         -                  -                66M (2%)          582M (19%)    
[2026-06-26T13:53:16.298-0300][27.049s][14796][14024][info][gc,heap     ] GC(22) y:  Promoted:         -                  -                 0M (0%)            0M (0%)     
[2026-06-26T13:53:16.298-0300][27.049s][14796][14024][info][gc,heap     ] GC(22) y: Compacted:         -                  -                  -                17M (1%)     
[2026-06-26T13:53:16.298-0300][27.049s][14796][14024][info][gc,phases   ] GC(22) y: Young Generation 1572M(51%)->1468M(48%) 0.048s
[2026-06-26T13:53:16.298-0300][27.049s][14796][14024][info][gc          ] GC(22) Minor Collection (Allocation Rate) 1570M(51%)->1472M(48%) 0.048s
[2026-06-26T13:53:16.305-0300][27.057s][14796][14024][info][gc          ] GC(23) Minor Collection (Allocation Rate)
[2026-06-26T13:53:16.305-0300][27.057s][14796][14024][info][gc,task     ] GC(23) Using 2 Workers for Young Generation
[2026-06-26T13:53:16.305-0300][27.057s][14796][14024][info][gc,phases   ] GC(23) y: Young Generation
[2026-06-26T13:53:16.305-0300][27.057s][14796][15076][info][gc,phases   ] GC(23) y: Pause Mark Start 0.017ms
[2026-06-26T13:53:16.358-0300][27.109s][14796][14024][info][gc,phases   ] GC(23) y: Concurrent Mark 52.076ms
[2026-06-26T13:53:16.358-0300][27.109s][14796][15076][info][gc,phases   ] GC(23) y: Pause Mark End 0.022ms
[2026-06-26T13:53:16.358-0300][27.109s][14796][14024][info][gc,phases   ] GC(23) y: Concurrent Mark Free 0.004ms
[2026-06-26T13:53:16.358-0300][27.109s][14796][14024][info][gc,phases   ] GC(23) y: Concurrent Reset Relocation Set 0.017ms
[2026-06-26T13:53:16.358-0300][27.109s][14796][14024][info][gc,reloc    ] GC(23) y: Using tenuring threshold: 2 (Computed)
[2026-06-26T13:53:16.363-0300][27.115s][14796][14024][info][gc,phases   ] GC(23) y: Concurrent Select Relocation Set 5.864ms
[2026-06-26T13:53:16.363-0300][27.115s][14796][15076][info][gc,phases   ] GC(23) y: Pause Relocate Start 0.016ms
[2026-06-26T13:53:16.377-0300][27.128s][14796][14024][info][gc,phases   ] GC(23) y: Concurrent Relocate 12.814ms
[2026-06-26T13:53:16.377-0300][27.128s][14796][14024][info][gc,alloc    ] GC(23) y:                         Mark Start        Mark End      Relocate Start    Relocate End   
[2026-06-26T13:53:16.377-0300][27.128s][14796][14024][info][gc,alloc    ] GC(23) y: Allocation Stalls:          0                0                0                0         
[2026-06-26T13:53:16.377-0300][27.128s][14796][14024][info][gc,load     ] GC(23) y: Load: 0.00 (0%) / 0.00 (0%) / 0.00 (0%)
[2026-06-26T13:53:16.377-0300][27.128s][14796][14024][info][gc,mmu      ] GC(23) y: MMU: 2ms/97.9%, 5ms/98.8%, 10ms/99.4%, 20ms/99.6%, 50ms/99.8%, 100ms/99.8%
[2026-06-26T13:53:16.377-0300][27.128s][14796][14024][info][gc,marking  ] GC(23) y: Mark: 2 stripe(s), 2 proactive flush(es), 1 terminate flush(es), 0 completion(s), 0 continuation(s) 
[2026-06-26T13:53:16.377-0300][27.128s][14796][14024][info][gc,nmethod  ] GC(23) y: NMethods: 10524 registered, 0 unregistered
[2026-06-26T13:53:16.377-0300][27.128s][14796][14024][info][gc,metaspace] GC(23) y: Metaspace: 61M used, 62M committed, 1088M reserved
[2026-06-26T13:53:16.377-0300][27.128s][14796][14024][info][gc,reloc    ] GC(23) y:                        Candidates     Selected     In-Place         Size        Empty    Relocated 
[2026-06-26T13:53:16.377-0300][27.128s][14796][14024][info][gc,reloc    ] GC(23) y: Small Pages:                  239          196            0         478M          44M           4M 
[2026-06-26T13:53:16.377-0300][27.128s][14796][14024][info][gc,reloc    ] GC(23) y: Medium Pages:                   3            2            0          96M           0M           3M 
[2026-06-26T13:53:16.377-0300][27.128s][14796][14024][info][gc,reloc    ] GC(23) y: Large Pages:                    0            0            0           0M           0M           0M 
[2026-06-26T13:53:16.377-0300][27.128s][14796][14024][info][gc,reloc    ] GC(23) y: Forwarding Usage: 1M
[2026-06-26T13:53:16.377-0300][27.128s][14796][14024][info][gc,reloc    ] GC(23) y: Age Table:
[2026-06-26T13:53:16.377-0300][27.128s][14796][14024][info][gc,reloc    ] GC(23) y:                    Live             Garbage             Small              Medium             Large        
[2026-06-26T13:53:16.377-0300][27.128s][14796][14024][info][gc,reloc    ] GC(23) y: Eden              10M (0%)          429M (14%)        220 / 190            0 / 0              0 / 0        
[2026-06-26T13:53:16.377-0300][27.129s][14796][14024][info][gc,reloc    ] GC(23) y: Survivor 1        12M (0%)           67M (2%)           8 / 3              2 / 2              0 / 0        
[2026-06-26T13:53:16.377-0300][27.129s][14796][14024][info][gc,reloc    ] GC(23) y: Survivor 2         7M (0%)            4M (0%)           6 / 2              0 / 0              0 / 0        
[2026-06-26T13:53:16.377-0300][27.129s][14796][14024][info][gc,reloc    ] GC(23) y: Survivor 3         7M (0%)           34M (1%)           5 / 1              1 / 0              0 / 0        
[2026-06-26T13:53:16.377-0300][27.129s][14796][14024][info][gc,heap     ] GC(23) y: Min Capacity: 8M(0%)
[2026-06-26T13:53:16.377-0300][27.129s][14796][14024][info][gc,heap     ] GC(23) y: Max Capacity: 3072M(100%)
[2026-06-26T13:53:16.377-0300][27.129s][14796][14024][info][gc,heap     ] GC(23) y: Soft Max Capacity: 3072M(100%)
[2026-06-26T13:53:16.377-0300][27.129s][14796][14024][info][gc,heap     ] GC(23) y: Heap Statistics:
[2026-06-26T13:53:16.377-0300][27.129s][14796][14024][info][gc,heap     ] GC(23) y:                Mark Start          Mark End        Relocate Start      Relocate End           High               Low         
[2026-06-26T13:53:16.377-0300][27.129s][14796][14024][info][gc,heap     ] GC(23) y:  Capacity:     3072M (100%)       3072M (100%)       3072M (100%)       3072M (100%)       3072M (100%)       3072M (100%)   
[2026-06-26T13:53:16.377-0300][27.129s][14796][14024][info][gc,heap     ] GC(23) y:      Free:     1538M (50%)        1154M (38%)        1150M (37%)        1472M (48%)        1550M (50%)        1082M (35%)    
[2026-06-26T13:53:16.377-0300][27.129s][14796][14024][info][gc,heap     ] GC(23) y:      Used:     1534M (50%)        1918M (62%)        1922M (63%)        1600M (52%)        1990M (65%)        1522M (50%)    
[2026-06-26T13:53:16.377-0300][27.129s][14796][14024][info][gc,heap     ] GC(23) y: Young Generation Statistics:
[2026-06-26T13:53:16.377-0300][27.129s][14796][14024][info][gc,heap     ] GC(23) y:                Mark Start          Mark End        Relocate Start      Relocate End    
[2026-06-26T13:53:16.377-0300][27.129s][14796][14024][info][gc,heap     ] GC(23) y:      Used:      574M (19%)         958M (31%)         948M (31%)         590M (19%)    
[2026-06-26T13:53:16.377-0300][27.129s][14796][14024][info][gc,heap     ] GC(23) y:      Live:         -                38M (1%)           26M (1%)           23M (1%)     
[2026-06-26T13:53:16.377-0300][27.129s][14796][14024][info][gc,heap     ] GC(23) y:   Garbage:         -               535M (17%)         489M (16%)           4M (0%)     
[2026-06-26T13:53:16.377-0300][27.129s][14796][14024][info][gc,heap     ] GC(23) y: Allocated:         -               384M (12%)         432M (14%)         562M (18%)    
[2026-06-26T13:53:16.377-0300][27.129s][14796][14024][info][gc,heap     ] GC(23) y: Reclaimed:         -                  -                45M (1%)          531M (17%)    
[2026-06-26T13:53:16.377-0300][27.129s][14796][14024][info][gc,heap     ] GC(23) y:  Promoted:         -                  -                12M (0%)           15M (0%)     
[2026-06-26T13:53:16.377-0300][27.129s][14796][14024][info][gc,heap     ] GC(23) y: Compacted:         -                  -                  -                 7M (0%)     
[2026-06-26T13:53:16.377-0300][27.129s][14796][14024][info][gc,phases   ] GC(23) y: Young Generation 1534M(50%)->1600M(52%) 0.072s
[2026-06-26T13:53:16.377-0300][27.129s][14796][14024][info][gc          ] GC(23) Minor Collection (Allocation Rate) 1534M(50%)->1602M(52%) 0.072s
[2026-06-26T13:53:16.382-0300][27.134s][14796][14024][info][gc          ] GC(24) Minor Collection (Allocation Rate)
[2026-06-26T13:53:16.382-0300][27.134s][14796][14024][info][gc,task     ] GC(24) Using 2 Workers for Young Generation
[2026-06-26T13:53:16.382-0300][27.134s][14796][14024][info][gc,phases   ] GC(24) y: Young Generation
[2026-06-26T13:53:16.382-0300][27.134s][14796][15076][info][gc,phases   ] GC(24) y: Pause Mark Start 0.015ms
[2026-06-26T13:53:16.442-0300][27.194s][14796][14024][info][gc,phases   ] GC(24) y: Concurrent Mark 59.487ms
[2026-06-26T13:53:16.442-0300][27.194s][14796][15076][info][gc,phases   ] GC(24) y: Pause Mark End 0.018ms
[2026-06-26T13:53:16.442-0300][27.194s][14796][14024][info][gc,phases   ] GC(24) y: Concurrent Mark Free 0.010ms
[2026-06-26T13:53:16.442-0300][27.194s][14796][14024][info][gc,phases   ] GC(24) y: Concurrent Reset Relocation Set 0.044ms
[2026-06-26T13:53:16.442-0300][27.194s][14796][14024][info][gc,reloc    ] GC(24) y: Using tenuring threshold: 2 (Computed)
[2026-06-26T13:53:16.448-0300][27.201s][14796][14024][info][gc,phases   ] GC(24) y: Concurrent Select Relocation Set 6.532ms
[2026-06-26T13:53:16.450-0300][27.201s][14796][15076][info][gc,phases   ] GC(24) y: Pause Relocate Start 0.017ms
[2026-06-26T13:53:16.464-0300][27.216s][14796][14024][info][gc,phases   ] GC(24) y: Concurrent Relocate 14.334ms
[2026-06-26T13:53:16.464-0300][27.216s][14796][14024][info][gc,alloc    ] GC(24) y:                         Mark Start        Mark End      Relocate Start    Relocate End   
[2026-06-26T13:53:16.464-0300][27.216s][14796][14024][info][gc,alloc    ] GC(24) y: Allocation Stalls:          0                0                0                0         
[2026-06-26T13:53:16.464-0300][27.216s][14796][14024][info][gc,load     ] GC(24) y: Load: 0.00 (0%) / 0.00 (0%) / 0.00 (0%)
[2026-06-26T13:53:16.464-0300][27.216s][14796][14024][info][gc,mmu      ] GC(24) y: MMU: 2ms/97.9%, 5ms/98.8%, 10ms/99.4%, 20ms/99.6%, 50ms/99.8%, 100ms/99.8%
[2026-06-26T13:53:16.464-0300][27.216s][14796][14024][info][gc,marking  ] GC(24) y: Mark: 2 stripe(s), 2 proactive flush(es), 1 terminate flush(es), 0 completion(s), 0 continuation(s) 
[2026-06-26T13:53:16.464-0300][27.216s][14796][14024][info][gc,nmethod  ] GC(24) y: NMethods: 10529 registered, 0 unregistered
[2026-06-26T13:53:16.464-0300][27.216s][14796][14024][info][gc,metaspace] GC(24) y: Metaspace: 61M used, 62M committed, 1088M reserved
[2026-06-26T13:53:16.464-0300][27.216s][14796][14024][info][gc,reloc    ] GC(24) y:                        Candidates     Selected     In-Place         Size        Empty    Relocated 
[2026-06-26T13:53:16.464-0300][27.216s][14796][14024][info][gc,reloc    ] GC(24) y: Small Pages:                  283          232            0         566M          64M           6M 
[2026-06-26T13:53:16.464-0300][27.216s][14796][14024][info][gc,reloc    ] GC(24) y: Medium Pages:                   2            1            0          64M           0M           3M 
[2026-06-26T13:53:16.464-0300][27.216s][14796][14024][info][gc,reloc    ] GC(24) y: Large Pages:                    0            0            0           0M           0M           0M 
[2026-06-26T13:53:16.464-0300][27.216s][14796][14024][info][gc,reloc    ] GC(24) y: Forwarding Usage: 2M
[2026-06-26T13:53:16.464-0300][27.216s][14796][14024][info][gc,reloc    ] GC(24) y: Age Table:
[2026-06-26T13:53:16.464-0300][27.216s][14796][14024][info][gc,reloc    ] GC(24) y:                    Live             Garbage             Small              Medium             Large        
[2026-06-26T13:53:16.464-0300][27.216s][14796][14024][info][gc,reloc    ] GC(24) y: Eden              11M (0%)          556M (18%)        268 / 228            1 / 0              0 / 0        
[2026-06-26T13:53:16.464-0300][27.216s][14796][14024][info][gc,reloc    ] GC(24) y: Survivor 1        10M (0%)            7M (0%)           9 / 3              0 / 0              0 / 0        
[2026-06-26T13:53:16.464-0300][27.216s][14796][14024][info][gc,reloc    ] GC(24) y: Survivor 2        12M (0%)           31M (1%)           6 / 1              1 / 1              0 / 0        
[2026-06-26T13:53:16.464-0300][27.216s][14796][14024][info][gc,heap     ] GC(24) y: Min Capacity: 8M(0%)
[2026-06-26T13:53:16.464-0300][27.216s][14796][14024][info][gc,heap     ] GC(24) y: Max Capacity: 3072M(100%)
[2026-06-26T13:53:16.464-0300][27.216s][14796][14024][info][gc,heap     ] GC(24) y: Soft Max Capacity: 3072M(100%)
[2026-06-26T13:53:16.464-0300][27.216s][14796][14024][info][gc,heap     ] GC(24) y: Heap Statistics:
[2026-06-26T13:53:16.464-0300][27.216s][14796][14024][info][gc,heap     ] GC(24) y:                Mark Start          Mark End        Relocate Start      Relocate End           High               Low         
[2026-06-26T13:53:16.464-0300][27.216s][14796][14024][info][gc,heap     ] GC(24) y:  Capacity:     3072M (100%)       3072M (100%)       3072M (100%)       3072M (100%)       3072M (100%)       3072M (100%)   
[2026-06-26T13:53:16.464-0300][27.216s][14796][14024][info][gc,heap     ] GC(24) y:      Free:     1432M (47%)        1052M (34%)        1064M (35%)        1378M (45%)        1432M (47%)         962M (31%)    
[2026-06-26T13:53:16.464-0300][27.216s][14796][14024][info][gc,heap     ] GC(24) y:      Used:     1640M (53%)        2020M (66%)        2008M (65%)        1694M (55%)        2110M (69%)        1640M (53%)    
[2026-06-26T13:53:16.464-0300][27.216s][14796][14024][info][gc,heap     ] GC(24) y: Young Generation Statistics:
[2026-06-26T13:53:16.464-0300][27.216s][14796][14024][info][gc,heap     ] GC(24) y:                Mark Start          Mark End        Relocate Start      Relocate End    
[2026-06-26T13:53:16.464-0300][27.216s][14796][14024][info][gc,heap     ] GC(24) y:      Used:      630M (21%)        1010M (33%)         988M (32%)         606M (20%)    
[2026-06-26T13:53:16.464-0300][27.216s][14796][14024][info][gc,heap     ] GC(24) y:      Live:         -                35M (1%)           25M (1%)           22M (1%)     
[2026-06-26T13:53:16.464-0300][27.216s][14796][14024][info][gc,heap     ] GC(24) y:   Garbage:         -               594M (19%)         530M (17%)           4M (0%)     
[2026-06-26T13:53:16.464-0300][27.216s][14796][14024][info][gc,heap     ] GC(24) y: Allocated:         -               380M (12%)         432M (14%)         579M (19%)    
[2026-06-26T13:53:16.464-0300][27.216s][14796][14024][info][gc,heap     ] GC(24) y: Reclaimed:         -                  -                64M (2%)          590M (19%)    
[2026-06-26T13:53:16.464-0300][27.216s][14796][14024][info][gc,heap     ] GC(24) y:  Promoted:         -                  -                 9M (0%)           12M (0%)     
[2026-06-26T13:53:16.464-0300][27.216s][14796][14024][info][gc,heap     ] GC(24) y: Compacted:         -                  -                  -                10M (0%)     
[2026-06-26T13:53:16.464-0300][27.216s][14796][14024][info][gc,phases   ] GC(24) y: Young Generation 1640M(53%)->1694M(55%) 0.082s
[2026-06-26T13:53:16.464-0300][27.216s][14796][14024][info][gc          ] GC(24) Minor Collection (Allocation Rate) 1640M(53%)->1696M(55%) 0.082s
[2026-06-26T13:53:16.470-0300][27.221s][14796][14024][info][gc          ] GC(25) Minor Collection (Allocation Rate)
[2026-06-26T13:53:16.470-0300][27.221s][14796][14024][info][gc,task     ] GC(25) Using 2 Workers for Young Generation
[2026-06-26T13:53:16.470-0300][27.221s][14796][14024][info][gc,phases   ] GC(25) y: Young Generation
[2026-06-26T13:53:16.470-0300][27.221s][14796][15076][info][gc,phases   ] GC(25) y: Pause Mark Start 0.019ms
[2026-06-26T13:53:16.537-0300][27.289s][14796][14024][info][gc,phases   ] GC(25) y: Concurrent Mark 67.423ms
[2026-06-26T13:53:16.537-0300][27.289s][14796][15076][info][gc,phases   ] GC(25) y: Pause Mark End 0.021ms
[2026-06-26T13:53:16.537-0300][27.289s][14796][14024][info][gc,phases   ] GC(25) y: Concurrent Mark Free 0.009ms
[2026-06-26T13:53:16.537-0300][27.289s][14796][14024][info][gc,phases   ] GC(25) y: Concurrent Reset Relocation Set 0.030ms
[2026-06-26T13:53:16.537-0300][27.289s][14796][14024][info][gc,reloc    ] GC(25) y: Using tenuring threshold: 2 (Computed)
[2026-06-26T13:53:16.541-0300][27.293s][14796][14024][info][gc,phases   ] GC(25) y: Concurrent Select Relocation Set 4.135ms
[2026-06-26T13:53:16.541-0300][27.293s][14796][15076][info][gc,phases   ] GC(25) y: Pause Relocate Start 0.012ms
[2026-06-26T13:53:16.553-0300][27.306s][14796][14024][info][gc,phases   ] GC(25) y: Concurrent Relocate 12.154ms
[2026-06-26T13:53:16.554-0300][27.306s][14796][14024][info][gc,alloc    ] GC(25) y:                         Mark Start        Mark End      Relocate Start    Relocate End   
[2026-06-26T13:53:16.554-0300][27.306s][14796][14024][info][gc,alloc    ] GC(25) y: Allocation Stalls:          0                0                0                0         
[2026-06-26T13:53:16.554-0300][27.306s][14796][14024][info][gc,load     ] GC(25) y: Load: 0.00 (0%) / 0.00 (0%) / 0.00 (0%)
[2026-06-26T13:53:16.554-0300][27.306s][14796][14024][info][gc,mmu      ] GC(25) y: MMU: 2ms/97.9%, 5ms/98.8%, 10ms/99.4%, 20ms/99.6%, 50ms/99.8%, 100ms/99.8%
[2026-06-26T13:53:16.554-0300][27.306s][14796][14024][info][gc,marking  ] GC(25) y: Mark: 2 stripe(s), 2 proactive flush(es), 1 terminate flush(es), 0 completion(s), 0 continuation(s) 
[2026-06-26T13:53:16.554-0300][27.306s][14796][14024][info][gc,nmethod  ] GC(25) y: NMethods: 10534 registered, 0 unregistered
[2026-06-26T13:53:16.554-0300][27.306s][14796][14024][info][gc,metaspace] GC(25) y: Metaspace: 61M used, 62M committed, 1088M reserved
[2026-06-26T13:53:16.554-0300][27.306s][14796][14024][info][gc,reloc    ] GC(25) y:                        Candidates     Selected     In-Place         Size        Empty    Relocated 
[2026-06-26T13:53:16.554-0300][27.306s][14796][14024][info][gc,reloc    ] GC(25) y: Small Pages:                  268          217            0         536M          62M           5M 
[2026-06-26T13:53:16.554-0300][27.306s][14796][14024][info][gc,reloc    ] GC(25) y: Medium Pages:                   3            1            0          96M          32M           3M 
[2026-06-26T13:53:16.554-0300][27.306s][14796][14024][info][gc,reloc    ] GC(25) y: Large Pages:                    0            0            0           0M           0M           0M 
[2026-06-26T13:53:16.554-0300][27.306s][14796][14024][info][gc,reloc    ] GC(25) y: Forwarding Usage: 2M
[2026-06-26T13:53:16.554-0300][27.306s][14796][14024][info][gc,reloc    ] GC(25) y: Age Table:
[2026-06-26T13:53:16.554-0300][27.306s][14796][14024][info][gc,reloc    ] GC(25) y:                    Live             Garbage             Small              Medium             Large        
[2026-06-26T13:53:16.554-0300][27.306s][14796][14024][info][gc,reloc    ] GC(25) y: Eden              13M (0%)          516M (17%)        249 / 212            1 / 1              0 / 0        
[2026-06-26T13:53:16.554-0300][27.306s][14796][14024][info][gc,reloc    ] GC(25) y: Survivor 1        11M (0%)           74M (2%)          11 / 2              2 / 0              0 / 0        
[2026-06-26T13:53:16.554-0300][27.306s][14796][14024][info][gc,reloc    ] GC(25) y: Survivor 2        10M (0%)            5M (0%)           8 / 3              0 / 0              0 / 0        
[2026-06-26T13:53:16.554-0300][27.306s][14796][14024][info][gc,heap     ] GC(25) y: Min Capacity: 8M(0%)
[2026-06-26T13:53:16.554-0300][27.306s][14796][14024][info][gc,heap     ] GC(25) y: Max Capacity: 3072M(100%)
[2026-06-26T13:53:16.554-0300][27.306s][14796][14024][info][gc,heap     ] GC(25) y: Soft Max Capacity: 3072M(100%)
[2026-06-26T13:53:16.554-0300][27.306s][14796][14024][info][gc,heap     ] GC(25) y: Heap Statistics:
[2026-06-26T13:53:16.554-0300][27.306s][14796][14024][info][gc,heap     ] GC(25) y:                Mark Start          Mark End        Relocate Start      Relocate End           High               Low         
[2026-06-26T13:53:16.554-0300][27.306s][14796][14024][info][gc,heap     ] GC(25) y:  Capacity:     3072M (100%)       3072M (100%)       3072M (100%)       3072M (100%)       3072M (100%)       3072M (100%)   
[2026-06-26T13:53:16.554-0300][27.306s][14796][14024][info][gc,heap     ] GC(25) y:      Free:     1352M (44%)         964M (31%)        1038M (34%)        1366M (44%)        1414M (46%)         942M (31%)    
[2026-06-26T13:53:16.554-0300][27.306s][14796][14024][info][gc,heap     ] GC(25) y:      Used:     1720M (56%)        2108M (69%)        2034M (66%)        1706M (56%)        2130M (69%)        1658M (54%)    
[2026-06-26T13:53:16.554-0300][27.306s][14796][14024][info][gc,heap     ] GC(25) y: Young Generation Statistics:
[2026-06-26T13:53:16.554-0300][27.306s][14796][14024][info][gc,heap     ] GC(25) y:                Mark Start          Mark End        Relocate Start      Relocate End    
[2026-06-26T13:53:16.554-0300][27.306s][14796][14024][info][gc,heap     ] GC(25) y:      Used:      632M (21%)        1020M (33%)         936M (30%)         604M (20%)    
[2026-06-26T13:53:16.554-0300][27.306s][14796][14024][info][gc,heap     ] GC(25) y:      Live:         -                35M (1%)           27M (1%)           25M (1%)     
[2026-06-26T13:53:16.554-0300][27.306s][14796][14024][info][gc,heap     ] GC(25) y:   Garbage:         -               596M (19%)         500M (16%)           5M (0%)     
[2026-06-26T13:53:16.554-0300][27.306s][14796][14024][info][gc,heap     ] GC(25) y: Allocated:         -               388M (13%)         408M (13%)         573M (19%)    
[2026-06-26T13:53:16.554-0300][27.306s][14796][14024][info][gc,heap     ] GC(25) y: Reclaimed:         -                  -                95M (3%)          591M (19%)    
[2026-06-26T13:53:16.554-0300][27.306s][14796][14024][info][gc,heap     ] GC(25) y:  Promoted:         -                  -                 8M (0%)           10M (0%)     
[2026-06-26T13:53:16.554-0300][27.306s][14796][14024][info][gc,heap     ] GC(25) y: Compacted:         -                  -                  -                10M (0%)     
[2026-06-26T13:53:16.554-0300][27.306s][14796][14024][info][gc,phases   ] GC(25) y: Young Generation 1720M(56%)->1706M(56%) 0.084s
[2026-06-26T13:53:16.554-0300][27.306s][14796][14024][info][gc          ] GC(25) Minor Collection (Allocation Rate) 1720M(56%)->1708M(56%) 0.085s
[2026-06-26T13:53:16.572-0300][27.324s][14796][14024][info][gc          ] GC(26) Minor Collection (Allocation Rate)
[2026-06-26T13:53:16.572-0300][27.324s][14796][14024][info][gc,task     ] GC(26) Using 2 Workers for Young Generation
[2026-06-26T13:53:16.572-0300][27.324s][14796][14024][info][gc,phases   ] GC(26) y: Young Generation
[2026-06-26T13:53:16.572-0300][27.324s][14796][15076][info][gc,phases   ] GC(26) y: Pause Mark Start 0.018ms
[2026-06-26T13:53:16.629-0300][27.381s][14796][14024][info][gc,phases   ] GC(26) y: Concurrent Mark 56.710ms
[2026-06-26T13:53:16.629-0300][27.381s][14796][15076][info][gc,phases   ] GC(26) y: Pause Mark End 0.014ms
[2026-06-26T13:53:16.629-0300][27.381s][14796][14024][info][gc,phases   ] GC(26) y: Concurrent Mark Free 0.009ms
[2026-06-26T13:53:16.629-0300][27.381s][14796][14024][info][gc,phases   ] GC(26) y: Concurrent Reset Relocation Set 0.036ms
[2026-06-26T13:53:16.629-0300][27.382s][14796][14024][info][gc,reloc    ] GC(26) y: Using tenuring threshold: 2 (Computed)
[2026-06-26T13:53:16.635-0300][27.387s][14796][14024][info][gc,phases   ] GC(26) y: Concurrent Select Relocation Set 5.934ms
[2026-06-26T13:53:16.636-0300][27.388s][14796][15076][info][gc,phases   ] GC(26) y: Pause Relocate Start 0.017ms
[2026-06-26T13:53:16.654-0300][27.405s][14796][14024][info][gc,phases   ] GC(26) y: Concurrent Relocate 17.652ms
[2026-06-26T13:53:16.654-0300][27.405s][14796][14024][info][gc,alloc    ] GC(26) y:                         Mark Start        Mark End      Relocate Start    Relocate End   
[2026-06-26T13:53:16.654-0300][27.405s][14796][14024][info][gc,alloc    ] GC(26) y: Allocation Stalls:          0                0                0                0         
[2026-06-26T13:53:16.654-0300][27.405s][14796][14024][info][gc,load     ] GC(26) y: Load: 0.00 (0%) / 0.00 (0%) / 0.00 (0%)
[2026-06-26T13:53:16.654-0300][27.405s][14796][14024][info][gc,mmu      ] GC(26) y: MMU: 2ms/97.9%, 5ms/98.8%, 10ms/99.4%, 20ms/99.6%, 50ms/99.8%, 100ms/99.8%
[2026-06-26T13:53:16.654-0300][27.406s][14796][14024][info][gc,marking  ] GC(26) y: Mark: 2 stripe(s), 2 proactive flush(es), 1 terminate flush(es), 0 completion(s), 0 continuation(s) 
[2026-06-26T13:53:16.654-0300][27.406s][14796][14024][info][gc,nmethod  ] GC(26) y: NMethods: 10584 registered, 0 unregistered
[2026-06-26T13:53:16.654-0300][27.406s][14796][14024][info][gc,metaspace] GC(26) y: Metaspace: 61M used, 62M committed, 1088M reserved
[2026-06-26T13:53:16.654-0300][27.406s][14796][14024][info][gc,reloc    ] GC(26) y:                        Candidates     Selected     In-Place         Size        Empty    Relocated 
[2026-06-26T13:53:16.654-0300][27.406s][14796][14024][info][gc,reloc    ] GC(26) y: Small Pages:                  300          248            0         600M          62M           8M 
[2026-06-26T13:53:16.654-0300][27.406s][14796][14024][info][gc,reloc    ] GC(26) y: Medium Pages:                   4            2            0         128M          32M           5M 
[2026-06-26T13:53:16.654-0300][27.406s][14796][14024][info][gc,reloc    ] GC(26) y: Large Pages:                    0            0            0           0M           0M           0M 
[2026-06-26T13:53:16.654-0300][27.406s][14796][14024][info][gc,reloc    ] GC(26) y: Forwarding Usage: 5M
[2026-06-26T13:53:16.654-0300][27.406s][14796][14024][info][gc,reloc    ] GC(26) y: Age Table:
[2026-06-26T13:53:16.654-0300][27.406s][14796][14024][info][gc,reloc    ] GC(26) y:                    Live             Garbage             Small              Medium             Large        
[2026-06-26T13:53:16.654-0300][27.406s][14796][14024][info][gc,reloc    ] GC(26) y: Eden              15M (0%)          584M (19%)        284 / 246            1 / 1              0 / 0        
[2026-06-26T13:53:16.654-0300][27.406s][14796][14024][info][gc,reloc    ] GC(26) y: Survivor 1        13M (0%)           66M (2%)           8 / 1              2 / 1              0 / 0        
[2026-06-26T13:53:16.654-0300][27.406s][14796][14024][info][gc,reloc    ] GC(26) y: Survivor 2        11M (0%)           36M (1%)           8 / 1              1 / 0              0 / 0        
[2026-06-26T13:53:16.655-0300][27.406s][14796][14024][info][gc,heap     ] GC(26) y: Min Capacity: 8M(0%)
[2026-06-26T13:53:16.655-0300][27.406s][14796][14024][info][gc,heap     ] GC(26) y: Max Capacity: 3072M(100%)
[2026-06-26T13:53:16.655-0300][27.406s][14796][14024][info][gc,heap     ] GC(26) y: Soft Max Capacity: 3072M(100%)
[2026-06-26T13:53:16.655-0300][27.406s][14796][14024][info][gc,heap     ] GC(26) y: Heap Statistics:
[2026-06-26T13:53:16.655-0300][27.406s][14796][14024][info][gc,heap     ] GC(26) y:                Mark Start          Mark End        Relocate Start      Relocate End           High               Low         
[2026-06-26T13:53:16.655-0300][27.406s][14796][14024][info][gc,heap     ] GC(26) y:  Capacity:     3072M (100%)       3072M (100%)       3072M (100%)       3072M (100%)       3072M (100%)       3072M (100%)   
[2026-06-26T13:53:16.655-0300][27.406s][14796][14024][info][gc,heap     ] GC(26) y:      Free:     1242M (40%)         922M (30%)         994M (32%)        1340M (44%)        1388M (45%)         852M (28%)    
[2026-06-26T13:53:16.655-0300][27.406s][14796][14024][info][gc,heap     ] GC(26) y:      Used:     1830M (60%)        2150M (70%)        2078M (68%)        1732M (56%)        2220M (72%)        1684M (55%)    
[2026-06-26T13:53:16.655-0300][27.406s][14796][14024][info][gc,heap     ] GC(26) y: Young Generation Statistics:
[2026-06-26T13:53:16.655-0300][27.406s][14796][14024][info][gc,heap     ] GC(26) y:                Mark Start          Mark End        Relocate Start      Relocate End    
[2026-06-26T13:53:16.655-0300][27.406s][14796][14024][info][gc,heap     ] GC(26) y:      Used:      728M (24%)        1048M (34%)         966M (31%)         580M (19%)    
[2026-06-26T13:53:16.655-0300][27.406s][14796][14024][info][gc,heap     ] GC(26) y:      Live:         -                40M (1%)           32M (1%)           28M (1%)     
[2026-06-26T13:53:16.655-0300][27.406s][14796][14024][info][gc,heap     ] GC(26) y:   Garbage:         -               687M (22%)         591M (19%)           5M (0%)     
[2026-06-26T13:53:16.655-0300][27.406s][14796][14024][info][gc,heap     ] GC(26) y: Allocated:         -               320M (10%)         342M (11%)         546M (18%)    
[2026-06-26T13:53:16.655-0300][27.406s][14796][14024][info][gc,heap     ] GC(26) y: Reclaimed:         -                  -                95M (3%)          682M (22%)    
[2026-06-26T13:53:16.655-0300][27.406s][14796][14024][info][gc,heap     ] GC(26) y:  Promoted:         -                  -                 8M (0%)           11M (0%)     
[2026-06-26T13:53:16.655-0300][27.406s][14796][14024][info][gc,heap     ] GC(26) y: Compacted:         -                  -                  -                19M (1%)     
[2026-06-26T13:53:16.655-0300][27.406s][14796][14024][info][gc,phases   ] GC(26) y: Young Generation 1830M(60%)->1732M(56%) 0.081s
[2026-06-26T13:53:16.655-0300][27.406s][14796][14024][info][gc          ] GC(26) Minor Collection (Allocation Rate) 1830M(60%)->1738M(57%) 0.082s
[2026-06-26T13:53:16.719-0300][27.471s][14796][14024][info][gc          ] GC(27) Minor Collection (Allocation Rate)
[2026-06-26T13:53:16.719-0300][27.471s][14796][14024][info][gc,task     ] GC(27) Using 2 Workers for Young Generation
[2026-06-26T13:53:16.719-0300][27.471s][14796][14024][info][gc,phases   ] GC(27) y: Young Generation
[2026-06-26T13:53:16.719-0300][27.471s][14796][15076][info][gc,phases   ] GC(27) y: Pause Mark Start 0.015ms
[2026-06-26T13:53:16.768-0300][27.519s][14796][14024][info][gc,phases   ] GC(27) y: Concurrent Mark 48.622ms
[2026-06-26T13:53:16.768-0300][27.520s][14796][15076][info][gc,phases   ] GC(27) y: Pause Mark End 0.027ms
[2026-06-26T13:53:16.768-0300][27.520s][14796][14024][info][gc,phases   ] GC(27) y: Concurrent Mark Free 0.006ms
[2026-06-26T13:53:16.768-0300][27.520s][14796][14024][info][gc,phases   ] GC(27) y: Concurrent Reset Relocation Set 0.045ms
[2026-06-26T13:53:16.768-0300][27.520s][14796][14024][info][gc,reloc    ] GC(27) y: Using tenuring threshold: 2 (Computed)
[2026-06-26T13:53:16.773-0300][27.526s][14796][14024][info][gc,phases   ] GC(27) y: Concurrent Select Relocation Set 5.775ms
[2026-06-26T13:53:16.774-0300][27.526s][14796][15076][info][gc,phases   ] GC(27) y: Pause Relocate Start 0.011ms
[2026-06-26T13:53:16.786-0300][27.538s][14796][14024][info][gc,phases   ] GC(27) y: Concurrent Relocate 11.745ms
[2026-06-26T13:53:16.786-0300][27.538s][14796][14024][info][gc,alloc    ] GC(27) y:                         Mark Start        Mark End      Relocate Start    Relocate End   
[2026-06-26T13:53:16.786-0300][27.538s][14796][14024][info][gc,alloc    ] GC(27) y: Allocation Stalls:          0                0                0                0         
[2026-06-26T13:53:16.786-0300][27.538s][14796][14024][info][gc,load     ] GC(27) y: Load: 0.00 (0%) / 0.00 (0%) / 0.00 (0%)
[2026-06-26T13:53:16.786-0300][27.538s][14796][14024][info][gc,mmu      ] GC(27) y: MMU: 2ms/97.9%, 5ms/98.8%, 10ms/99.4%, 20ms/99.6%, 50ms/99.8%, 100ms/99.8%
[2026-06-26T13:53:16.786-0300][27.538s][14796][14024][info][gc,marking  ] GC(27) y: Mark: 2 stripe(s), 2 proactive flush(es), 1 terminate flush(es), 0 completion(s), 0 continuation(s) 
[2026-06-26T13:53:16.786-0300][27.538s][14796][14024][info][gc,nmethod  ] GC(27) y: NMethods: 10662 registered, 0 unregistered
[2026-06-26T13:53:16.786-0300][27.538s][14796][14024][info][gc,metaspace] GC(27) y: Metaspace: 61M used, 62M committed, 1088M reserved
[2026-06-26T13:53:16.786-0300][27.538s][14796][14024][info][gc,reloc    ] GC(27) y:                        Candidates     Selected     In-Place         Size        Empty    Relocated 
[2026-06-26T13:53:16.786-0300][27.538s][14796][14024][info][gc,reloc    ] GC(27) y: Small Pages:                  322          255            0         644M         102M           5M 
[2026-06-26T13:53:16.786-0300][27.538s][14796][14024][info][gc,reloc    ] GC(27) y: Medium Pages:                   4            2            0         128M          32M           4M 
[2026-06-26T13:53:16.786-0300][27.538s][14796][14024][info][gc,reloc    ] GC(27) y: Large Pages:                    0            0            0           0M           0M           0M 
[2026-06-26T13:53:16.786-0300][27.538s][14796][14024][info][gc,reloc    ] GC(27) y: Forwarding Usage: 1M
[2026-06-26T13:53:16.786-0300][27.538s][14796][14024][info][gc,reloc    ] GC(27) y: Age Table:
[2026-06-26T13:53:16.786-0300][27.538s][14796][14024][info][gc,reloc    ] GC(27) y:                    Live             Garbage             Small              Medium             Large        
[2026-06-26T13:53:16.786-0300][27.538s][14796][14024][info][gc,reloc    ] GC(27) y: Eden               4M (0%)          601M (20%)        303 / 251            0 / 0              0 / 0        
[2026-06-26T13:53:16.786-0300][27.538s][14796][14024][info][gc,reloc    ] GC(27) y: Survivor 1        15M (0%)           70M (2%)          11 / 2              2 / 1              0 / 0        
[2026-06-26T13:53:16.786-0300][27.538s][14796][14024][info][gc,reloc    ] GC(27) y: Survivor 2        13M (0%)           66M (2%)           8 / 2              2 / 1              0 / 0        
[2026-06-26T13:53:16.786-0300][27.538s][14796][14024][info][gc,heap     ] GC(27) y: Min Capacity: 8M(0%)
[2026-06-26T13:53:16.786-0300][27.538s][14796][14024][info][gc,heap     ] GC(27) y: Max Capacity: 3072M(100%)
[2026-06-26T13:53:16.786-0300][27.538s][14796][14024][info][gc,heap     ] GC(27) y: Soft Max Capacity: 3072M(100%)
[2026-06-26T13:53:16.786-0300][27.538s][14796][14024][info][gc,heap     ] GC(27) y: Heap Statistics:
[2026-06-26T13:53:16.786-0300][27.538s][14796][14024][info][gc,heap     ] GC(27) y:                Mark Start          Mark End        Relocate Start      Relocate End           High               Low         
[2026-06-26T13:53:16.786-0300][27.538s][14796][14024][info][gc,heap     ] GC(27) y:  Capacity:     3072M (100%)       3072M (100%)       3072M (100%)       3072M (100%)       3072M (100%)       3072M (100%)   
[2026-06-26T13:53:16.786-0300][27.538s][14796][14024][info][gc,heap     ] GC(27) y:      Free:     1148M (37%)        1028M (33%)        1154M (38%)        1672M (54%)        1678M (55%)        1028M (33%)    
[2026-06-26T13:53:16.786-0300][27.538s][14796][14024][info][gc,heap     ] GC(27) y:      Used:     1924M (63%)        2044M (67%)        1918M (62%)        1400M (46%)        2044M (67%)        1394M (45%)    
[2026-06-26T13:53:16.786-0300][27.538s][14796][14024][info][gc,heap     ] GC(27) y: Young Generation Statistics:
[2026-06-26T13:53:16.786-0300][27.538s][14796][14024][info][gc,heap     ] GC(27) y:                Mark Start          Mark End        Relocate Start      Relocate End    
[2026-06-26T13:53:16.786-0300][27.538s][14796][14024][info][gc,heap     ] GC(27) y:      Used:      772M (25%)         892M (29%)         756M (25%)         202M (7%)     
[2026-06-26T13:53:16.786-0300][27.538s][14796][14024][info][gc,heap     ] GC(27) y:      Live:         -                33M (1%)           25M (1%)           19M (1%)     
[2026-06-26T13:53:16.786-0300][27.538s][14796][14024][info][gc,heap     ] GC(27) y:   Garbage:         -               738M (24%)         602M (20%)           0M (0%)     
[2026-06-26T13:53:16.786-0300][27.538s][14796][14024][info][gc,heap     ] GC(27) y: Allocated:         -               120M (4%)          128M (4%)          181M (6%)     
[2026-06-26T13:53:16.786-0300][27.538s][14796][14024][info][gc,heap     ] GC(27) y: Reclaimed:         -                  -               136M (4%)          737M (24%)    
[2026-06-26T13:53:16.786-0300][27.538s][14796][14024][info][gc,heap     ] GC(27) y:  Promoted:         -                  -                 7M (0%)           13M (0%)     
[2026-06-26T13:53:16.786-0300][27.538s][14796][14024][info][gc,heap     ] GC(27) y: Compacted:         -                  -                  -                 6M (0%)     
[2026-06-26T13:53:16.786-0300][27.538s][14796][14024][info][gc,phases   ] GC(27) y: Young Generation 1924M(63%)->1400M(46%) 0.067s
[2026-06-26T13:53:16.786-0300][27.538s][14796][14024][info][gc          ] GC(27) Minor Collection (Allocation Rate) 1924M(63%)->1400M(46%) 0.067s
[2026-06-26T13:53:16.786-0300][27.538s][14796][14024][info][gc          ] GC(28) Minor Collection (Allocation Rate)
[2026-06-26T13:53:16.786-0300][27.538s][14796][14024][info][gc,task     ] GC(28) Using 2 Workers for Young Generation
[2026-06-26T13:53:16.786-0300][27.538s][14796][14024][info][gc,phases   ] GC(28) y: Young Generation
[2026-06-26T13:53:16.786-0300][27.538s][14796][15076][info][gc,phases   ] GC(28) y: Pause Mark Start 0.011ms
[2026-06-26T13:53:16.818-0300][27.569s][14796][14024][info][gc,phases   ] GC(28) y: Concurrent Mark 30.998ms
[2026-06-26T13:53:16.818-0300][27.569s][14796][15076][info][gc,phases   ] GC(28) y: Pause Mark End 0.011ms
[2026-06-26T13:53:16.818-0300][27.569s][14796][14024][info][gc,phases   ] GC(28) y: Concurrent Mark Free 0.003ms
[2026-06-26T13:53:16.818-0300][27.570s][14796][14024][info][gc,phases   ] GC(28) y: Concurrent Reset Relocation Set 0.051ms
[2026-06-26T13:53:16.818-0300][27.570s][14796][14024][info][gc,reloc    ] GC(28) y: Using tenuring threshold: 1 (Computed)
[2026-06-26T13:53:16.825-0300][27.577s][14796][14024][info][gc,phases   ] GC(28) y: Concurrent Select Relocation Set 7.620ms
[2026-06-26T13:53:16.825-0300][27.577s][14796][15076][info][gc,phases   ] GC(28) y: Pause Relocate Start 0.014ms
[2026-06-26T13:53:16.839-0300][27.591s][14796][14024][info][gc,phases   ] GC(28) y: Concurrent Relocate 13.185ms
[2026-06-26T13:53:16.839-0300][27.591s][14796][14024][info][gc,alloc    ] GC(28) y:                         Mark Start        Mark End      Relocate Start    Relocate End   
[2026-06-26T13:53:16.839-0300][27.591s][14796][14024][info][gc,alloc    ] GC(28) y: Allocation Stalls:          0                0                0                0         
[2026-06-26T13:53:16.839-0300][27.591s][14796][14024][info][gc,load     ] GC(28) y: Load: 0.00 (0%) / 0.00 (0%) / 0.00 (0%)
[2026-06-26T13:53:16.839-0300][27.591s][14796][14024][info][gc,mmu      ] GC(28) y: MMU: 2ms/97.9%, 5ms/98.8%, 10ms/99.4%, 20ms/99.6%, 50ms/99.8%, 100ms/99.8%
[2026-06-26T13:53:16.839-0300][27.591s][14796][14024][info][gc,marking  ] GC(28) y: Mark: 2 stripe(s), 2 proactive flush(es), 1 terminate flush(es), 0 completion(s), 0 continuation(s) 
[2026-06-26T13:53:16.839-0300][27.591s][14796][14024][info][gc,nmethod  ] GC(28) y: NMethods: 10685 registered, 0 unregistered
[2026-06-26T13:53:16.839-0300][27.591s][14796][14024][info][gc,metaspace] GC(28) y: Metaspace: 61M used, 62M committed, 1088M reserved
[2026-06-26T13:53:16.839-0300][27.591s][14796][14024][info][gc,reloc    ] GC(28) y:                        Candidates     Selected     In-Place         Size        Empty    Relocated 
[2026-06-26T13:53:16.839-0300][27.591s][14796][14024][info][gc,reloc    ] GC(28) y: Small Pages:                   85           59            0         170M          32M           2M 
[2026-06-26T13:53:16.840-0300][27.591s][14796][14024][info][gc,reloc    ] GC(28) y: Medium Pages:                   1            0            0          32M           0M           0M 
[2026-06-26T13:53:16.840-0300][27.591s][14796][14024][info][gc,reloc    ] GC(28) y: Large Pages:                    0            0            0           0M           0M           0M 
[2026-06-26T13:53:16.840-0300][27.591s][14796][14024][info][gc,reloc    ] GC(28) y: Forwarding Usage: 1M
[2026-06-26T13:53:16.840-0300][27.591s][14796][14024][info][gc,reloc    ] GC(28) y: Age Table:
[2026-06-26T13:53:16.840-0300][27.591s][14796][14024][info][gc,reloc    ] GC(28) y:                    Live             Garbage             Small              Medium             Large        
[2026-06-26T13:53:16.840-0300][27.591s][14796][14024][info][gc,reloc    ] GC(28) y: Eden               0M (0%)          143M (5%)          72 / 56             0 / 0              0 / 0        
[2026-06-26T13:53:16.840-0300][27.591s][14796][14024][info][gc,reloc    ] GC(28) y: Survivor 1         4M (0%)            5M (0%)           5 / 2              0 / 0              0 / 0        
[2026-06-26T13:53:16.840-0300][27.591s][14796][14024][info][gc,reloc    ] GC(28) y: Survivor 2        15M (0%)           32M (1%)           8 / 1              1 / 0              0 / 0        
[2026-06-26T13:53:16.840-0300][27.591s][14796][14024][info][gc,heap     ] GC(28) y: Min Capacity: 8M(0%)
[2026-06-26T13:53:16.840-0300][27.591s][14796][14024][info][gc,heap     ] GC(28) y: Max Capacity: 3072M(100%)
[2026-06-26T13:53:16.840-0300][27.591s][14796][14024][info][gc,heap     ] GC(28) y: Soft Max Capacity: 3072M(100%)
[2026-06-26T13:53:16.840-0300][27.591s][14796][14024][info][gc,heap     ] GC(28) y: Heap Statistics:
[2026-06-26T13:53:16.840-0300][27.591s][14796][14024][info][gc,heap     ] GC(28) y:                Mark Start          Mark End        Relocate Start      Relocate End           High               Low         
[2026-06-26T13:53:16.840-0300][27.591s][14796][14024][info][gc,heap     ] GC(28) y:  Capacity:     3072M (100%)       3072M (100%)       3072M (100%)       3072M (100%)       3072M (100%)       3072M (100%)   
[2026-06-26T13:53:16.840-0300][27.591s][14796][14024][info][gc,heap     ] GC(28) y:      Free:     1672M (54%)        1628M (53%)        1650M (54%)        1756M (57%)        1756M (57%)        1628M (53%)    
[2026-06-26T13:53:16.840-0300][27.591s][14796][14024][info][gc,heap     ] GC(28) y:      Used:     1400M (46%)        1444M (47%)        1422M (46%)        1316M (43%)        1444M (47%)        1316M (43%)    
[2026-06-26T13:53:16.840-0300][27.591s][14796][14024][info][gc,heap     ] GC(28) y: Young Generation Statistics:
[2026-06-26T13:53:16.840-0300][27.591s][14796][14024][info][gc,heap     ] GC(28) y:                Mark Start          Mark End        Relocate Start      Relocate End    
[2026-06-26T13:53:16.840-0300][27.591s][14796][14024][info][gc,heap     ] GC(28) y:      Used:      202M (7%)          246M (8%)          176M (6%)           66M (2%)     
[2026-06-26T13:53:16.840-0300][27.591s][14796][14024][info][gc,heap     ] GC(28) y:      Live:         -                20M (1%)            3M (0%)            0M (0%)     
[2026-06-26T13:53:16.840-0300][27.591s][14796][14024][info][gc,heap     ] GC(28) y:   Garbage:         -               181M (6%)          118M (4%)            0M (0%)     
[2026-06-26T13:53:16.840-0300][27.591s][14796][14024][info][gc,heap     ] GC(28) y: Allocated:         -                44M (1%)           54M (2%)           65M (2%)     
[2026-06-26T13:53:16.840-0300][27.591s][14796][14024][info][gc,heap     ] GC(28) y: Reclaimed:         -                  -                63M (2%)          181M (6%)     
[2026-06-26T13:53:16.840-0300][27.591s][14796][14024][info][gc,heap     ] GC(28) y:  Promoted:         -                  -                16M (1%)           19M (1%)     
[2026-06-26T13:53:16.840-0300][27.591s][14796][14024][info][gc,heap     ] GC(28) y: Compacted:         -                  -                  -                 0M (0%)     
[2026-06-26T13:53:16.840-0300][27.591s][14796][14024][info][gc,phases   ] GC(28) y: Young Generation 1400M(46%)->1316M(43%) 0.052s
[2026-06-26T13:53:16.840-0300][27.591s][14796][14024][info][gc          ] GC(28) Minor Collection (Allocation Rate) 1400M(46%)->1316M(43%) 0.053s
[2026-06-26T13:53:17.250-0300][28.002s][14796][3936 ][info][gc,phases   ] GC(15) O: Concurrent Mark 1460.941ms
[2026-06-26T13:53:17.250-0300][28.002s][14796][15076][info][gc,phases   ] GC(15) O: Pause Mark End 0.021ms
[2026-06-26T13:53:17.250-0300][28.002s][14796][3936 ][info][gc,phases   ] GC(15) O: Concurrent Mark Free 0.005ms
[2026-06-26T13:53:17.295-0300][28.046s][14796][3936 ][info][gc,phases   ] GC(15) O: Concurrent Process Non-Strong 43.874ms
[2026-06-26T13:53:17.295-0300][28.046s][14796][3936 ][info][gc,phases   ] GC(15) O: Concurrent Reset Relocation Set 0.004ms
[2026-06-26T13:53:17.299-0300][28.050s][14796][3936 ][info][gc,phases   ] GC(15) O: Concurrent Select Relocation Set 3.677ms
[2026-06-26T13:53:17.299-0300][28.050s][14796][3936 ][info][gc,task     ] GC(15) O: Using 3 Workers for Old Generation
[2026-06-26T13:53:17.305-0300][28.057s][14796][3936 ][info][gc,task     ] GC(15) O: Using 1 Workers for Old Generation
[2026-06-26T13:53:17.305-0300][28.057s][14796][3936 ][info][gc,phases   ] GC(15) O: Concurrent Remap Roots 7.115ms
[2026-06-26T13:53:17.305-0300][28.057s][14796][15076][info][gc,phases   ] GC(15) O: Pause Relocate Start 0.025ms
[2026-06-26T13:53:17.361-0300][28.112s][14796][3936 ][info][gc,phases   ] GC(15) O: Concurrent Relocate 54.130ms
[2026-06-26T13:53:17.361-0300][28.112s][14796][3936 ][info][gc,alloc    ] GC(15) O:                         Mark Start        Mark End      Relocate Start    Relocate End   
[2026-06-26T13:53:17.361-0300][28.112s][14796][3936 ][info][gc,alloc    ] GC(15) O: Allocation Stalls:          0                0                0                0         
[2026-06-26T13:53:17.361-0300][28.112s][14796][3936 ][info][gc,load     ] GC(15) O: Load: 0.00 (0%) / 0.00 (0%) / 0.00 (0%)
[2026-06-26T13:53:17.361-0300][28.112s][14796][3936 ][info][gc,mmu      ] GC(15) O: MMU: 2ms/97.9%, 5ms/98.8%, 10ms/99.4%, 20ms/99.6%, 50ms/99.8%, 100ms/99.8%
[2026-06-26T13:53:17.361-0300][28.112s][14796][3936 ][info][gc,marking  ] GC(15) O: Mark: 1 stripe(s), 2 proactive flush(es), 1 terminate flush(es), 0 completion(s), 0 continuation(s) 
[2026-06-26T13:53:17.361-0300][28.112s][14796][3936 ][info][gc,nmethod  ] GC(15) O: NMethods: 9767 registered, 1182 unregistered
[2026-06-26T13:53:17.361-0300][28.112s][14796][3936 ][info][gc,metaspace] GC(15) O: Metaspace: 61M used, 63M committed, 1088M reserved
[2026-06-26T13:53:17.361-0300][28.112s][14796][3936 ][info][gc,ref      ] GC(15) O:                       Encountered   Discovered     Enqueued 
[2026-06-26T13:53:17.361-0300][28.112s][14796][3936 ][info][gc,ref      ] GC(15) O: Soft References:             5199            0            0 
[2026-06-26T13:53:17.361-0300][28.112s][14796][3936 ][info][gc,ref      ] GC(15) O: Weak References:             5099         4115         1162 
[2026-06-26T13:53:17.361-0300][28.112s][14796][3936 ][info][gc,ref      ] GC(15) O: Final References:              13            2            0 
[2026-06-26T13:53:17.361-0300][28.112s][14796][3936 ][info][gc,ref      ] GC(15) O: Phantom References:         14702        14666         8236 
[2026-06-26T13:53:17.361-0300][28.112s][14796][3936 ][info][gc,reloc    ] GC(15) O:                        Candidates     Selected     In-Place         Size        Empty    Relocated 
[2026-06-26T13:53:17.361-0300][28.112s][14796][3936 ][info][gc,reloc    ] GC(15) O: Small Pages:                  333           22            0         666M           0M          11M 
[2026-06-26T13:53:17.361-0300][28.112s][14796][3936 ][info][gc,reloc    ] GC(15) O: Medium Pages:                   5            4            0         160M           0M          17M 
[2026-06-26T13:53:17.361-0300][28.112s][14796][3936 ][info][gc,reloc    ] GC(15) O: Large Pages:                    1            0            0          12M           0M           0M 
[2026-06-26T13:53:17.361-0300][28.112s][14796][3936 ][info][gc,reloc    ] GC(15) O: Forwarding Usage: 13M
[2026-06-26T13:53:17.361-0300][28.112s][14796][3936 ][info][gc,heap     ] GC(15) O: Min Capacity: 8M(0%)
[2026-06-26T13:53:17.361-0300][28.112s][14796][3936 ][info][gc,heap     ] GC(15) O: Max Capacity: 3072M(100%)
[2026-06-26T13:53:17.361-0300][28.112s][14796][3936 ][info][gc,heap     ] GC(15) O: Soft Max Capacity: 3072M(100%)
[2026-06-26T13:53:17.361-0300][28.112s][14796][3936 ][info][gc,heap     ] GC(15) O: Heap Statistics:
[2026-06-26T13:53:17.361-0300][28.112s][14796][3936 ][info][gc,heap     ] GC(15) O:                Mark Start          Mark End        Relocate Start      Relocate End           High               Low         
[2026-06-26T13:53:17.361-0300][28.112s][14796][3936 ][info][gc,heap     ] GC(15) O:  Capacity:     3072M (100%)       3072M (100%)       3072M (100%)       3072M (100%)       3072M (100%)       3072M (100%)   
[2026-06-26T13:53:17.361-0300][28.112s][14796][3936 ][info][gc,heap     ] GC(15) O:      Free:     1670M (54%)        1698M (55%)        1688M (55%)        1852M (60%)        1930M (63%)         852M (28%)    
[2026-06-26T13:53:17.361-0300][28.112s][14796][3936 ][info][gc,heap     ] GC(15) O:      Used:     1402M (46%)        1374M (45%)        1384M (45%)        1220M (40%)        2220M (72%)        1142M (37%)    
[2026-06-26T13:53:17.361-0300][28.112s][14796][3936 ][info][gc,heap     ] GC(15) O: Old Generation Statistics:
[2026-06-26T13:53:17.361-0300][28.112s][14796][3936 ][info][gc,heap     ] GC(15) O:                Mark Start          Mark End        Relocate Start      Relocate End    
[2026-06-26T13:53:17.361-0300][28.112s][14796][3936 ][info][gc,heap     ] GC(15) O:      Used:      838M (27%)        1250M (41%)        1250M (41%)        1078M (35%)    
[2026-06-26T13:53:17.361-0300][28.112s][14796][3936 ][info][gc,heap     ] GC(15) O:      Live:         -               628M (20%)         628M (20%)         628M (20%)    
[2026-06-26T13:53:17.361-0300][28.112s][14796][3936 ][info][gc,heap     ] GC(15) O:   Garbage:         -               209M (7%)          209M (7%)           16M (1%)     
[2026-06-26T13:53:17.361-0300][28.112s][14796][3936 ][info][gc,heap     ] GC(15) O: Allocated:         -               412M (13%)         412M (13%)         433M (14%)    
[2026-06-26T13:53:17.361-0300][28.112s][14796][3936 ][info][gc,heap     ] GC(15) O: Reclaimed:         -                  -                 0M (0%)          193M (6%)     
[2026-06-26T13:53:17.361-0300][28.112s][14796][3936 ][info][gc,heap     ] GC(15) O: Compacted:         -                  -                  -                64M (2%)     
[2026-06-26T13:53:17.361-0300][28.112s][14796][3936 ][info][gc,phases   ] GC(15) O: Old Generation 1164M(38%)->1220M(40%) 1.570s
[2026-06-26T13:53:17.361-0300][28.112s][14796][3936 ][info][gc          ] GC(15) Major Collection (Allocation Rate) 1402M(46%)->1220M(40%) 1.605s
[2026-06-26T13:53:17.478-0300][28.230s][14796][3936 ][info][gc          ] GC(29) Major Collection (Allocation Rate)
[2026-06-26T13:53:17.478-0300][28.230s][14796][3936 ][info][gc,task     ] GC(29) Using 2 Workers for Young Generation
[2026-06-26T13:53:17.478-0300][28.230s][14796][3936 ][info][gc,task     ] GC(29) Using 1 Workers for Old Generation
[2026-06-26T13:53:17.478-0300][28.230s][14796][3936 ][info][gc,phases   ] GC(29) Y: Young Generation
[2026-06-26T13:53:17.478-0300][28.230s][14796][15076][info][gc,phases   ] GC(29) Y: Pause Mark Start (Major) 0.016ms
[2026-06-26T13:53:17.509-0300][28.261s][14796][3936 ][info][gc,phases   ] GC(29) Y: Concurrent Mark 30.145ms
[2026-06-26T13:53:17.509-0300][28.261s][14796][15076][info][gc,phases   ] GC(29) Y: Pause Mark End 0.017ms
[2026-06-26T13:53:17.509-0300][28.261s][14796][3936 ][info][gc,phases   ] GC(29) Y: Concurrent Mark Free 0.006ms
[2026-06-26T13:53:17.509-0300][28.261s][14796][3936 ][info][gc,phases   ] GC(29) Y: Concurrent Reset Relocation Set 0.074ms
[2026-06-26T13:53:17.509-0300][28.261s][14796][3936 ][info][gc,reloc    ] GC(29) Y: Using tenuring threshold: 2 (Computed)
[2026-06-26T13:53:17.511-0300][28.262s][14796][3936 ][info][gc,phases   ] GC(29) Y: Concurrent Select Relocation Set 1.486ms
[2026-06-26T13:53:17.511-0300][28.262s][14796][15076][info][gc,phases   ] GC(29) Y: Pause Relocate Start 0.009ms
[2026-06-26T13:53:17.523-0300][28.275s][14796][3936 ][info][gc,phases   ] GC(29) Y: Concurrent Relocate 12.914ms
[2026-06-26T13:53:17.523-0300][28.275s][14796][3936 ][info][gc,alloc    ] GC(29) Y:                         Mark Start        Mark End      Relocate Start    Relocate End   
[2026-06-26T13:53:17.523-0300][28.275s][14796][3936 ][info][gc,alloc    ] GC(29) Y: Allocation Stalls:          0                0                0                0         
[2026-06-26T13:53:17.523-0300][28.275s][14796][3936 ][info][gc,load     ] GC(29) Y: Load: 0.00 (0%) / 0.00 (0%) / 0.00 (0%)
[2026-06-26T13:53:17.523-0300][28.275s][14796][3936 ][info][gc,mmu      ] GC(29) Y: MMU: 2ms/97.9%, 5ms/98.8%, 10ms/99.4%, 20ms/99.6%, 50ms/99.8%, 100ms/99.8%
[2026-06-26T13:53:17.523-0300][28.275s][14796][3936 ][info][gc,marking  ] GC(29) Y: Mark: 2 stripe(s), 3 proactive flush(es), 1 terminate flush(es), 0 completion(s), 0 continuation(s) 
[2026-06-26T13:53:17.523-0300][28.275s][14796][3936 ][info][gc,nmethod  ] GC(29) Y: NMethods: 9778 registered, 1182 unregistered
[2026-06-26T13:53:17.523-0300][28.275s][14796][3936 ][info][gc,metaspace] GC(29) Y: Metaspace: 61M used, 63M committed, 1088M reserved
[2026-06-26T13:53:17.523-0300][28.276s][14796][3936 ][info][gc,reloc    ] GC(29) Y:                        Candidates     Selected     In-Place         Size        Empty    Relocated 
[2026-06-26T13:53:17.523-0300][28.276s][14796][3936 ][info][gc,reloc    ] GC(29) Y: Small Pages:                   81           42            0         162M          62M           7M 
[2026-06-26T13:53:17.523-0300][28.276s][14796][3936 ][info][gc,reloc    ] GC(29) Y: Medium Pages:                   0            0            0           0M           0M           0M 
[2026-06-26T13:53:17.523-0300][28.276s][14796][3936 ][info][gc,reloc    ] GC(29) Y: Large Pages:                    0            0            0           0M           0M           0M 
[2026-06-26T13:53:17.523-0300][28.276s][14796][3936 ][info][gc,reloc    ] GC(29) Y: Forwarding Usage: 6M
[2026-06-26T13:53:17.523-0300][28.276s][14796][3936 ][info][gc,reloc    ] GC(29) Y: Age Table:
[2026-06-26T13:53:17.523-0300][28.276s][14796][3936 ][info][gc,reloc    ] GC(29) Y:                    Live             Garbage             Small              Medium             Large        
[2026-06-26T13:53:17.523-0300][28.276s][14796][3936 ][info][gc,reloc    ] GC(29) Y: Eden              13M (0%)          138M (5%)          76 / 40             0 / 0              0 / 0        
[2026-06-26T13:53:17.523-0300][28.276s][14796][3936 ][info][gc,reloc    ] GC(29) Y: Survivor 1         0M (0%)            9M (0%)           5 / 2              0 / 0              0 / 0        
[2026-06-26T13:53:17.523-0300][28.276s][14796][3936 ][info][gc,heap     ] GC(29) Y: Min Capacity: 8M(0%)
[2026-06-26T13:53:17.524-0300][28.276s][14796][3936 ][info][gc,heap     ] GC(29) Y: Max Capacity: 3072M(100%)
[2026-06-26T13:53:17.524-0300][28.276s][14796][3936 ][info][gc,heap     ] GC(29) Y: Soft Max Capacity: 3072M(100%)
[2026-06-26T13:53:17.524-0300][28.276s][14796][3936 ][info][gc,heap     ] GC(29) Y: Heap Statistics:
[2026-06-26T13:53:17.524-0300][28.276s][14796][3936 ][info][gc,heap     ] GC(29) Y:                Mark Start          Mark End        Relocate Start      Relocate End           High               Low         
[2026-06-26T13:53:17.524-0300][28.276s][14796][3936 ][info][gc,heap     ] GC(29) Y:  Capacity:     3072M (100%)       3072M (100%)       3072M (100%)       3072M (100%)       3072M (100%)       3072M (100%)   
[2026-06-26T13:53:17.524-0300][28.276s][14796][3936 ][info][gc,heap     ] GC(29) Y:      Free:     1832M (60%)        1812M (59%)        1874M (61%)        1946M (63%)        1946M (63%)        1812M (59%)    
[2026-06-26T13:53:17.524-0300][28.276s][14796][3936 ][info][gc,heap     ] GC(29) Y:      Used:     1240M (40%)        1260M (41%)        1198M (39%)        1126M (37%)        1260M (41%)        1126M (37%)    
[2026-06-26T13:53:17.524-0300][28.276s][14796][3936 ][info][gc,heap     ] GC(29) Y: Young Generation Statistics:
[2026-06-26T13:53:17.524-0300][28.276s][14796][3936 ][info][gc,heap     ] GC(29) Y:                Mark Start          Mark End        Relocate Start      Relocate End    
[2026-06-26T13:53:17.524-0300][28.276s][14796][3936 ][info][gc,heap     ] GC(29) Y:      Used:      162M (5%)          182M (6%)          120M (4%)           48M (2%)     
[2026-06-26T13:53:17.524-0300][28.276s][14796][3936 ][info][gc,heap     ] GC(29) Y:      Live:         -                13M (0%)           13M (0%)           13M (0%)     
[2026-06-26T13:53:17.524-0300][28.276s][14796][3936 ][info][gc,heap     ] GC(29) Y:   Garbage:         -               148M (5%)           86M (3%)            0M (0%)     
[2026-06-26T13:53:17.524-0300][28.276s][14796][3936 ][info][gc,heap     ] GC(29) Y: Allocated:         -                20M (1%)           20M (1%)           34M (1%)     
[2026-06-26T13:53:17.524-0300][28.276s][14796][3936 ][info][gc,heap     ] GC(29) Y: Reclaimed:         -                  -                62M (2%)          148M (5%)     
[2026-06-26T13:53:17.524-0300][28.276s][14796][3936 ][info][gc,heap     ] GC(29) Y:  Promoted:         -                  -                 0M (0%)            0M (0%)     
[2026-06-26T13:53:17.524-0300][28.276s][14796][3936 ][info][gc,heap     ] GC(29) Y: Compacted:         -                  -                  -                13M (0%)     
[2026-06-26T13:53:17.524-0300][28.276s][14796][3936 ][info][gc,phases   ] GC(29) Y: Young Generation 1240M(40%)->1126M(37%) 0.045s
[2026-06-26T13:53:17.524-0300][28.276s][14796][3936 ][info][gc,phases   ] GC(29) O: Old Generation
[2026-06-26T13:53:18.170-0300][28.922s][14796][14024][info][gc          ] GC(30) Minor Collection (Allocation Rate)
[2026-06-26T13:53:18.170-0300][28.922s][14796][14024][info][gc,task     ] GC(30) Using 2 Workers for Young Generation
[2026-06-26T13:53:18.170-0300][28.922s][14796][14024][info][gc,phases   ] GC(30) y: Young Generation
[2026-06-26T13:53:18.170-0300][28.922s][14796][15076][info][gc,phases   ] GC(30) y: Pause Mark Start 0.013ms
[2026-06-26T13:53:18.219-0300][28.971s][14796][14024][info][gc,phases   ] GC(30) y: Concurrent Mark 48.879ms
[2026-06-26T13:53:18.219-0300][28.971s][14796][15076][info][gc,phases   ] GC(30) y: Pause Mark End 0.013ms
[2026-06-26T13:53:18.219-0300][28.971s][14796][14024][info][gc,phases   ] GC(30) y: Concurrent Mark Free 0.004ms
[2026-06-26T13:53:18.219-0300][28.971s][14796][14024][info][gc,phases   ] GC(30) y: Concurrent Reset Relocation Set 0.005ms
[2026-06-26T13:53:18.219-0300][28.971s][14796][14024][info][gc,reloc    ] GC(30) y: Using tenuring threshold: 3 (Computed)
[2026-06-26T13:53:18.224-0300][28.975s][14796][14024][info][gc,phases   ] GC(30) y: Concurrent Select Relocation Set 4.209ms
[2026-06-26T13:53:18.224-0300][28.975s][14796][15076][info][gc,phases   ] GC(30) y: Pause Relocate Start 0.012ms
[2026-06-26T13:53:18.253-0300][29.004s][14796][14024][info][gc,phases   ] GC(30) y: Concurrent Relocate 28.963ms
[2026-06-26T13:53:18.253-0300][29.005s][14796][14024][info][gc,alloc    ] GC(30) y:                         Mark Start        Mark End      Relocate Start    Relocate End   
[2026-06-26T13:53:18.253-0300][29.005s][14796][14024][info][gc,alloc    ] GC(30) y: Allocation Stalls:          0                0                0                0         
[2026-06-26T13:53:18.253-0300][29.005s][14796][14024][info][gc,load     ] GC(30) y: Load: 0.00 (0%) / 0.00 (0%) / 0.00 (0%)
[2026-06-26T13:53:18.253-0300][29.005s][14796][14024][info][gc,mmu      ] GC(30) y: MMU: 2ms/97.9%, 5ms/98.8%, 10ms/99.4%, 20ms/99.6%, 50ms/99.8%, 100ms/99.8%
[2026-06-26T13:53:18.253-0300][29.005s][14796][14024][info][gc,marking  ] GC(30) y: Mark: 2 stripe(s), 2 proactive flush(es), 1 terminate flush(es), 0 completion(s), 0 continuation(s) 
[2026-06-26T13:53:18.253-0300][29.005s][14796][14024][info][gc,nmethod  ] GC(30) y: NMethods: 9861 registered, 1182 unregistered
[2026-06-26T13:53:18.253-0300][29.005s][14796][14024][info][gc,metaspace] GC(30) y: Metaspace: 62M used, 63M committed, 1088M reserved
[2026-06-26T13:53:18.253-0300][29.005s][14796][14024][info][gc,reloc    ] GC(30) y:                        Candidates     Selected     In-Place         Size        Empty    Relocated 
[2026-06-26T13:53:18.253-0300][29.005s][14796][14024][info][gc,reloc    ] GC(30) y: Small Pages:                   91           24            0         182M          90M          14M 
[2026-06-26T13:53:18.253-0300][29.005s][14796][14024][info][gc,reloc    ] GC(30) y: Medium Pages:                   1            0            0          32M           0M           0M 
[2026-06-26T13:53:18.253-0300][29.005s][14796][14024][info][gc,reloc    ] GC(30) y: Large Pages:                    0            0            0           0M           0M           0M 
[2026-06-26T13:53:18.253-0300][29.005s][14796][14024][info][gc,reloc    ] GC(30) y: Forwarding Usage: 14M
[2026-06-26T13:53:18.253-0300][29.005s][14796][14024][info][gc,reloc    ] GC(30) y: Age Table:
[2026-06-26T13:53:18.253-0300][29.005s][14796][14024][info][gc,reloc    ] GC(30) y:                    Live             Garbage             Small              Medium             Large        
[2026-06-26T13:53:18.254-0300][29.005s][14796][14024][info][gc,reloc    ] GC(30) y: Eden              32M (1%)          159M (5%)          80 / 19             1 / 0              0 / 0        
[2026-06-26T13:53:18.254-0300][29.005s][14796][14024][info][gc,reloc    ] GC(30) y: Survivor 1         4M (0%)           15M (0%)          10 / 4              0 / 0              0 / 0        
[2026-06-26T13:53:18.254-0300][29.005s][14796][14024][info][gc,reloc    ] GC(30) y: Survivor 2         0M (0%)            1M (0%)           1 / 1              0 / 0              0 / 0        
[2026-06-26T13:53:18.254-0300][29.005s][14796][14024][info][gc,heap     ] GC(30) y: Min Capacity: 8M(0%)
[2026-06-26T13:53:18.254-0300][29.005s][14796][14024][info][gc,heap     ] GC(30) y: Max Capacity: 3072M(100%)
[2026-06-26T13:53:18.254-0300][29.005s][14796][14024][info][gc,heap     ] GC(30) y: Soft Max Capacity: 3072M(100%)
[2026-06-26T13:53:18.254-0300][29.005s][14796][14024][info][gc,heap     ] GC(30) y: Heap Statistics:
[2026-06-26T13:53:18.254-0300][29.005s][14796][14024][info][gc,heap     ] GC(30) y:                Mark Start          Mark End        Relocate Start      Relocate End           High               Low         
[2026-06-26T13:53:18.254-0300][29.005s][14796][14024][info][gc,heap     ] GC(30) y:  Capacity:     3072M (100%)       3072M (100%)       3072M (100%)       3072M (100%)       3072M (100%)       3072M (100%)   
[2026-06-26T13:53:18.254-0300][29.005s][14796][14024][info][gc,heap     ] GC(30) y:      Free:     1780M (58%)        1732M (56%)        1820M (59%)        1860M (61%)        1860M (61%)        1732M (56%)    
[2026-06-26T13:53:18.254-0300][29.005s][14796][14024][info][gc,heap     ] GC(30) y:      Used:     1292M (42%)        1340M (44%)        1252M (41%)        1212M (39%)        1340M (44%)        1212M (39%)    
[2026-06-26T13:53:18.254-0300][29.005s][14796][14024][info][gc,heap     ] GC(30) y: Young Generation Statistics:
[2026-06-26T13:53:18.254-0300][29.005s][14796][14024][info][gc,heap     ] GC(30) y:                Mark Start          Mark End        Relocate Start      Relocate End    
[2026-06-26T13:53:18.254-0300][29.005s][14796][14024][info][gc,heap     ] GC(30) y:      Used:      214M (7%)          262M (9%)          174M (6%)          134M (4%)     
[2026-06-26T13:53:18.254-0300][29.005s][14796][14024][info][gc,heap     ] GC(30) y:      Live:         -                38M (1%)           38M (1%)           38M (1%)     
[2026-06-26T13:53:18.254-0300][29.005s][14796][14024][info][gc,heap     ] GC(30) y:   Garbage:         -               175M (6%)           85M (3%)           33M (1%)     
[2026-06-26T13:53:18.254-0300][29.005s][14796][14024][info][gc,heap     ] GC(30) y: Allocated:         -                48M (2%)           50M (2%)           62M (2%)     
[2026-06-26T13:53:18.254-0300][29.005s][14796][14024][info][gc,heap     ] GC(30) y: Reclaimed:         -                  -                90M (3%)          142M (5%)     
[2026-06-26T13:53:18.254-0300][29.005s][14796][14024][info][gc,heap     ] GC(30) y:  Promoted:         -                  -                 0M (0%)            0M (0%)     
[2026-06-26T13:53:18.254-0300][29.005s][14796][14024][info][gc,heap     ] GC(30) y: Compacted:         -                  -                  -                29M (1%)     
[2026-06-26T13:53:18.254-0300][29.005s][14796][14024][info][gc,phases   ] GC(30) y: Young Generation 1292M(42%)->1212M(39%) 0.083s
[2026-06-26T13:53:18.254-0300][29.005s][14796][14024][info][gc          ] GC(30) Minor Collection (Allocation Rate) 1292M(42%)->1212M(39%) 0.083s
[2026-06-26T13:53:18.324-0300][29.075s][14796][14024][info][gc          ] GC(31) Minor Collection (Allocation Rate)
[2026-06-26T13:53:18.324-0300][29.075s][14796][14024][info][gc,task     ] GC(31) Using 2 Workers for Young Generation
[2026-06-26T13:53:18.324-0300][29.075s][14796][14024][info][gc,phases   ] GC(31) y: Young Generation
[2026-06-26T13:53:18.324-0300][29.076s][14796][15076][info][gc,phases   ] GC(31) y: Pause Mark Start 0.013ms
[2026-06-26T13:53:18.398-0300][29.149s][14796][14024][info][gc,phases   ] GC(31) y: Concurrent Mark 73.250ms
[2026-06-26T13:53:18.398-0300][29.149s][14796][15076][info][gc,phases   ] GC(31) y: Pause Mark End 0.015ms
[2026-06-26T13:53:18.398-0300][29.149s][14796][14024][info][gc,phases   ] GC(31) y: Concurrent Mark Free 0.007ms
[2026-06-26T13:53:18.398-0300][29.149s][14796][14024][info][gc,phases   ] GC(31) y: Concurrent Reset Relocation Set 0.005ms
[2026-06-26T13:53:18.398-0300][29.149s][14796][14024][info][gc,reloc    ] GC(31) y: Using tenuring threshold: 2 (Computed)
[2026-06-26T13:53:18.401-0300][29.153s][14796][14024][info][gc,phases   ] GC(31) y: Concurrent Select Relocation Set 3.479ms
[2026-06-26T13:53:18.401-0300][29.153s][14796][15076][info][gc,phases   ] GC(31) y: Pause Relocate Start 0.008ms
[2026-06-26T13:53:18.408-0300][29.159s][14796][14024][info][gc,phases   ] GC(31) y: Concurrent Relocate 6.327ms
[2026-06-26T13:53:18.408-0300][29.159s][14796][14024][info][gc,alloc    ] GC(31) y:                         Mark Start        Mark End      Relocate Start    Relocate End   
[2026-06-26T13:53:18.408-0300][29.159s][14796][14024][info][gc,alloc    ] GC(31) y: Allocation Stalls:          0                0                0                0         
[2026-06-26T13:53:18.408-0300][29.159s][14796][14024][info][gc,load     ] GC(31) y: Load: 0.00 (0%) / 0.00 (0%) / 0.00 (0%)
[2026-06-26T13:53:18.408-0300][29.159s][14796][14024][info][gc,mmu      ] GC(31) y: MMU: 2ms/97.9%, 5ms/98.8%, 10ms/99.4%, 20ms/99.6%, 50ms/99.8%, 100ms/99.8%
[2026-06-26T13:53:18.408-0300][29.159s][14796][14024][info][gc,marking  ] GC(31) y: Mark: 2 stripe(s), 2 proactive flush(es), 1 terminate flush(es), 0 completion(s), 0 continuation(s) 
[2026-06-26T13:53:18.408-0300][29.159s][14796][14024][info][gc,nmethod  ] GC(31) y: NMethods: 10007 registered, 1182 unregistered
[2026-06-26T13:53:18.408-0300][29.159s][14796][14024][info][gc,metaspace] GC(31) y: Metaspace: 62M used, 63M committed, 1088M reserved
[2026-06-26T13:53:18.408-0300][29.159s][14796][14024][info][gc,reloc    ] GC(31) y:                        Candidates     Selected     In-Place         Size        Empty    Relocated 
[2026-06-26T13:53:18.408-0300][29.159s][14796][14024][info][gc,reloc    ] GC(31) y: Small Pages:                   45           15            0          90M          12M           3M 
[2026-06-26T13:53:18.408-0300][29.159s][14796][14024][info][gc,reloc    ] GC(31) y: Medium Pages:                   2            0            0          64M          64M           0M 
[2026-06-26T13:53:18.408-0300][29.159s][14796][14024][info][gc,reloc    ] GC(31) y: Large Pages:                    0            0            0           0M           0M           0M 
[2026-06-26T13:53:18.408-0300][29.159s][14796][14024][info][gc,reloc    ] GC(31) y: Forwarding Usage: 1M
[2026-06-26T13:53:18.408-0300][29.159s][14796][14024][info][gc,reloc    ] GC(31) y: Age Table:
[2026-06-26T13:53:18.408-0300][29.159s][14796][14024][info][gc,reloc    ] GC(31) y:                    Live             Garbage             Small              Medium             Large        
[2026-06-26T13:53:18.408-0300][29.159s][14796][14024][info][gc,reloc    ] GC(31) y: Eden               5M (0%)           70M (2%)          22 / 12             1 / 0              0 / 0        
[2026-06-26T13:53:18.408-0300][29.159s][14796][14024][info][gc,reloc    ] GC(31) y: Survivor 1        32M (1%)           35M (1%)          18 / 1              1 / 0              0 / 0        
[2026-06-26T13:53:18.408-0300][29.159s][14796][14024][info][gc,reloc    ] GC(31) y: Survivor 2         4M (0%)            3M (0%)           4 / 1              0 / 0              0 / 0        
[2026-06-26T13:53:18.408-0300][29.159s][14796][14024][info][gc,reloc    ] GC(31) y: Survivor 3         0M (0%)            1M (0%)           1 / 1              0 / 0              0 / 0        
[2026-06-26T13:53:18.408-0300][29.159s][14796][14024][info][gc,heap     ] GC(31) y: Min Capacity: 8M(0%)
[2026-06-26T13:53:18.408-0300][29.159s][14796][14024][info][gc,heap     ] GC(31) y: Max Capacity: 3072M(100%)
[2026-06-26T13:53:18.408-0300][29.159s][14796][14024][info][gc,heap     ] GC(31) y: Soft Max Capacity: 3072M(100%)
[2026-06-26T13:53:18.408-0300][29.159s][14796][14024][info][gc,heap     ] GC(31) y: Heap Statistics:
[2026-06-26T13:53:18.408-0300][29.159s][14796][14024][info][gc,heap     ] GC(31) y:                Mark Start          Mark End        Relocate Start      Relocate End           High               Low         
[2026-06-26T13:53:18.408-0300][29.159s][14796][14024][info][gc,heap     ] GC(31) y:  Capacity:     3072M (100%)       3072M (100%)       3072M (100%)       3072M (100%)       3072M (100%)       3072M (100%)   
[2026-06-26T13:53:18.408-0300][29.160s][14796][14024][info][gc,heap     ] GC(31) y:      Free:     1840M (60%)        1806M (59%)        1880M (61%)        1900M (62%)        1900M (62%)        1806M (59%)    
[2026-06-26T13:53:18.408-0300][29.160s][14796][14024][info][gc,heap     ] GC(31) y:      Used:     1232M (40%)        1266M (41%)        1192M (39%)        1172M (38%)        1266M (41%)        1172M (38%)    
[2026-06-26T13:53:18.408-0300][29.160s][14796][14024][info][gc,heap     ] GC(31) y: Young Generation Statistics:
[2026-06-26T13:53:18.408-0300][29.160s][14796][14024][info][gc,heap     ] GC(31) y:                Mark Start          Mark End        Relocate Start      Relocate End    
[2026-06-26T13:53:18.408-0300][29.160s][14796][14024][info][gc,heap     ] GC(31) y:      Used:      154M (5%)          188M (6%)          108M (4%)           84M (3%)     
[2026-06-26T13:53:18.408-0300][29.160s][14796][14024][info][gc,heap     ] GC(31) y:      Live:         -                43M (1%)           39M (1%)           38M (1%)     
[2026-06-26T13:53:18.408-0300][29.160s][14796][14024][info][gc,heap     ] GC(31) y:   Garbage:         -               110M (4%)           32M (1%)            2M (0%)     
[2026-06-26T13:53:18.408-0300][29.160s][14796][14024][info][gc,heap     ] GC(31) y: Allocated:         -                34M (1%)           36M (1%)           43M (1%)     
[2026-06-26T13:53:18.408-0300][29.160s][14796][14024][info][gc,heap     ] GC(31) y: Reclaimed:         -                  -                77M (3%)          108M (4%)     
[2026-06-26T13:53:18.408-0300][29.160s][14796][14024][info][gc,heap     ] GC(31) y:  Promoted:         -                  -                 4M (0%)            5M (0%)     
[2026-06-26T13:53:18.408-0300][29.160s][14796][14024][info][gc,heap     ] GC(31) y: Compacted:         -                  -                  -                 4M (0%)     
[2026-06-26T13:53:18.408-0300][29.160s][14796][14024][info][gc,phases   ] GC(31) y: Young Generation 1232M(40%)->1172M(38%) 0.084s
[2026-06-26T13:53:18.408-0300][29.160s][14796][14024][info][gc          ] GC(31) Minor Collection (Allocation Rate) 1232M(40%)->1172M(38%) 0.084s
[2026-06-26T13:53:18.608-0300][29.359s][14796][14024][info][gc          ] GC(32) Minor Collection (Allocation Rate)
[2026-06-26T13:53:18.608-0300][29.359s][14796][14024][info][gc,task     ] GC(32) Using 2 Workers for Young Generation
[2026-06-26T13:53:18.608-0300][29.359s][14796][14024][info][gc,phases   ] GC(32) y: Young Generation
[2026-06-26T13:53:18.608-0300][29.359s][14796][15076][info][gc,phases   ] GC(32) y: Pause Mark Start 0.010ms
[2026-06-26T13:53:18.661-0300][29.413s][14796][14024][info][gc,phases   ] GC(32) y: Concurrent Mark 53.508ms
[2026-06-26T13:53:18.661-0300][29.413s][14796][15076][info][gc,phases   ] GC(32) y: Pause Mark End 0.028ms
[2026-06-26T13:53:18.661-0300][29.413s][14796][14024][info][gc,phases   ] GC(32) y: Concurrent Mark Free 0.007ms
[2026-06-26T13:53:18.661-0300][29.413s][14796][14024][info][gc,phases   ] GC(32) y: Concurrent Reset Relocation Set 0.135ms
[2026-06-26T13:53:18.661-0300][29.413s][14796][14024][info][gc,reloc    ] GC(32) y: Using tenuring threshold: 1 (Computed)
[2026-06-26T13:53:18.672-0300][29.424s][14796][14024][info][gc,phases   ] GC(32) y: Concurrent Select Relocation Set 10.372ms
[2026-06-26T13:53:18.672-0300][29.424s][14796][15076][info][gc,phases   ] GC(32) y: Pause Relocate Start 0.016ms
[2026-06-26T13:53:18.696-0300][29.448s][14796][14024][info][gc,phases   ] GC(32) y: Concurrent Relocate 24.026ms
[2026-06-26T13:53:18.696-0300][29.448s][14796][14024][info][gc,alloc    ] GC(32) y:                         Mark Start        Mark End      Relocate Start    Relocate End   
[2026-06-26T13:53:18.696-0300][29.448s][14796][14024][info][gc,alloc    ] GC(32) y: Allocation Stalls:          0                0                0                0         
[2026-06-26T13:53:18.696-0300][29.448s][14796][14024][info][gc,load     ] GC(32) y: Load: 0.00 (0%) / 0.00 (0%) / 0.00 (0%)
[2026-06-26T13:53:18.696-0300][29.448s][14796][14024][info][gc,mmu      ] GC(32) y: MMU: 2ms/97.9%, 5ms/98.8%, 10ms/99.4%, 20ms/99.6%, 50ms/99.8%, 100ms/99.8%
[2026-06-26T13:53:18.696-0300][29.448s][14796][14024][info][gc,marking  ] GC(32) y: Mark: 2 stripe(s), 2 proactive flush(es), 1 terminate flush(es), 0 completion(s), 0 continuation(s) 
[2026-06-26T13:53:18.696-0300][29.448s][14796][14024][info][gc,nmethod  ] GC(32) y: NMethods: 10058 registered, 1182 unregistered
[2026-06-26T13:53:18.696-0300][29.448s][14796][14024][info][gc,metaspace] GC(32) y: Metaspace: 62M used, 63M committed, 1088M reserved
[2026-06-26T13:53:18.696-0300][29.448s][14796][14024][info][gc,reloc    ] GC(32) y:                        Candidates     Selected     In-Place         Size        Empty    Relocated 
[2026-06-26T13:53:18.696-0300][29.448s][14796][14024][info][gc,reloc    ] GC(32) y: Small Pages:                   74           43            0         148M           4M          12M 
[2026-06-26T13:53:18.696-0300][29.448s][14796][14024][info][gc,reloc    ] GC(32) y: Medium Pages:                   0            0            0           0M           0M           0M 
[2026-06-26T13:53:18.696-0300][29.448s][14796][14024][info][gc,reloc    ] GC(32) y: Large Pages:                    1            0            0           6M           6M           0M 
[2026-06-26T13:53:18.696-0300][29.448s][14796][14024][info][gc,reloc    ] GC(32) y: Forwarding Usage: 1M
[2026-06-26T13:53:18.696-0300][29.448s][14796][14024][info][gc,reloc    ] GC(32) y: Age Table:
[2026-06-26T13:53:18.696-0300][29.448s][14796][14024][info][gc,reloc    ] GC(32) y:                    Live             Garbage             Small              Medium             Large        
[2026-06-26T13:53:18.696-0300][29.448s][14796][14024][info][gc,reloc    ] GC(32) y: Eden              14M (0%)           93M (3%)          51 / 41             0 / 0              1 / 0        
[2026-06-26T13:53:18.696-0300][29.448s][14796][14024][info][gc,reloc    ] GC(32) y: Survivor 1         5M (0%)            4M (0%)           5 / 1              0 / 0              0 / 0        
[2026-06-26T13:53:18.696-0300][29.448s][14796][14024][info][gc,reloc    ] GC(32) y: Survivor 2        32M (1%)            3M (0%)          18 / 1              0 / 0              0 / 0        
[2026-06-26T13:53:18.696-0300][29.448s][14796][14024][info][gc,heap     ] GC(32) y: Min Capacity: 8M(0%)
[2026-06-26T13:53:18.696-0300][29.448s][14796][14024][info][gc,heap     ] GC(32) y: Max Capacity: 3072M(100%)
[2026-06-26T13:53:18.696-0300][29.448s][14796][14024][info][gc,heap     ] GC(32) y: Soft Max Capacity: 3072M(100%)
[2026-06-26T13:53:18.696-0300][29.448s][14796][14024][info][gc,heap     ] GC(32) y: Heap Statistics:
[2026-06-26T13:53:18.696-0300][29.448s][14796][14024][info][gc,heap     ] GC(32) y:                Mark Start          Mark End        Relocate Start      Relocate End           High               Low         
[2026-06-26T13:53:18.696-0300][29.448s][14796][14024][info][gc,heap     ] GC(32) y:  Capacity:     3072M (100%)       3072M (100%)       3072M (100%)       3072M (100%)       3072M (100%)       3072M (100%)   
[2026-06-26T13:53:18.696-0300][29.448s][14796][14024][info][gc,heap     ] GC(32) y:      Free:     1830M (60%)        1796M (58%)        1806M (59%)        1880M (61%)        1884M (61%)        1796M (58%)    
[2026-06-26T13:53:18.696-0300][29.448s][14796][14024][info][gc,heap     ] GC(32) y:      Used:     1242M (40%)        1276M (42%)        1266M (41%)        1192M (39%)        1276M (42%)        1188M (39%)    
[2026-06-26T13:53:18.696-0300][29.448s][14796][14024][info][gc,heap     ] GC(32) y: Young Generation Statistics:
[2026-06-26T13:53:18.696-0300][29.448s][14796][14024][info][gc,heap     ] GC(32) y:                Mark Start          Mark End        Relocate Start      Relocate End    
[2026-06-26T13:53:18.696-0300][29.448s][14796][14024][info][gc,heap     ] GC(32) y:      Used:      154M (5%)          188M (6%)          138M (4%)           60M (2%)     
[2026-06-26T13:53:18.696-0300][29.448s][14796][14024][info][gc,heap     ] GC(32) y:      Live:         -                52M (2%)           15M (1%)           14M (0%)     
[2026-06-26T13:53:18.696-0300][29.448s][14796][14024][info][gc,heap     ] GC(32) y:   Garbage:         -               101M (3%)           88M (3%)            0M (0%)     
[2026-06-26T13:53:18.696-0300][29.448s][14796][14024][info][gc,heap     ] GC(32) y: Allocated:         -                34M (1%)           34M (1%)           45M (1%)     
[2026-06-26T13:53:18.696-0300][29.448s][14796][14024][info][gc,heap     ] GC(32) y: Reclaimed:         -                  -                12M (0%)          101M (3%)     
[2026-06-26T13:53:18.696-0300][29.448s][14796][14024][info][gc,heap     ] GC(32) y:  Promoted:         -                  -                37M (1%)           38M (1%)     
[2026-06-26T13:53:18.696-0300][29.448s][14796][14024][info][gc,heap     ] GC(32) y: Compacted:         -                  -                  -                14M (0%)     
[2026-06-26T13:53:18.696-0300][29.448s][14796][14024][info][gc,phases   ] GC(32) y: Young Generation 1242M(40%)->1192M(39%) 0.089s
[2026-06-26T13:53:18.696-0300][29.448s][14796][14024][info][gc          ] GC(32) Minor Collection (Allocation Rate) 1242M(40%)->1192M(39%) 0.089s
[2026-06-26T13:53:19.143-0300][29.895s][14796][3936 ][info][gc,phases   ] GC(29) O: Concurrent Mark 1618.813ms
[2026-06-26T13:53:19.143-0300][29.895s][14796][15076][info][gc,phases   ] GC(29) O: Pause Mark End 0.013ms
[2026-06-26T13:53:19.143-0300][29.895s][14796][3936 ][info][gc,phases   ] GC(29) O: Concurrent Mark Free 0.004ms
[2026-06-26T13:53:19.171-0300][29.923s][14796][3936 ][info][gc,phases   ] GC(29) O: Concurrent Process Non-Strong 28.028ms
[2026-06-26T13:53:19.171-0300][29.923s][14796][3936 ][info][gc,phases   ] GC(29) O: Concurrent Reset Relocation Set 0.005ms
[2026-06-26T13:53:19.178-0300][29.929s][14796][3936 ][info][gc,phases   ] GC(29) O: Concurrent Select Relocation Set 6.424ms
[2026-06-26T13:53:19.178-0300][29.929s][14796][3936 ][info][gc,task     ] GC(29) O: Using 3 Workers for Old Generation
[2026-06-26T13:53:19.184-0300][29.935s][14796][3936 ][info][gc,task     ] GC(29) O: Using 1 Workers for Old Generation
[2026-06-26T13:53:19.184-0300][29.935s][14796][3936 ][info][gc,phases   ] GC(29) O: Concurrent Remap Roots 5.919ms
[2026-06-26T13:53:19.184-0300][29.935s][14796][15076][info][gc,phases   ] GC(29) O: Pause Relocate Start 0.014ms
[2026-06-26T13:53:19.226-0300][29.977s][14796][14024][info][gc          ] GC(33) Minor Collection (Allocation Rate)
[2026-06-26T13:53:19.226-0300][29.977s][14796][14024][info][gc,task     ] GC(33) Using 2 Workers for Young Generation
[2026-06-26T13:53:19.226-0300][29.977s][14796][14024][info][gc,phases   ] GC(33) y: Young Generation
[2026-06-26T13:53:19.226-0300][29.978s][14796][15076][info][gc,phases   ] GC(33) y: Pause Mark Start 0.009ms
[2026-06-26T13:53:19.254-0300][30.006s][14796][14024][info][gc,phases   ] GC(33) y: Concurrent Mark 28.331ms
[2026-06-26T13:53:19.256-0300][30.008s][14796][15076][info][gc,phases   ] GC(33) y: Pause Mark End 0.015ms
[2026-06-26T13:53:19.256-0300][30.008s][14796][14024][info][gc,phases   ] GC(33) y: Concurrent Mark Free 0.006ms
[2026-06-26T13:53:19.256-0300][30.008s][14796][14024][info][gc,phases   ] GC(33) y: Concurrent Reset Relocation Set 0.060ms
[2026-06-26T13:53:19.256-0300][30.008s][14796][14024][info][gc,reloc    ] GC(33) y: Using tenuring threshold: 2 (Computed)
[2026-06-26T13:53:19.256-0300][30.009s][14796][14024][info][gc,phases   ] GC(33) y: Concurrent Select Relocation Set 0.305ms
[2026-06-26T13:53:19.259-0300][30.010s][14796][15076][info][gc,phases   ] GC(33) y: Pause Relocate Start 0.010ms
[2026-06-26T13:53:19.262-0300][30.014s][14796][14024][info][gc,phases   ] GC(33) y: Concurrent Relocate 3.097ms
[2026-06-26T13:53:19.262-0300][30.014s][14796][14024][info][gc,alloc    ] GC(33) y:                         Mark Start        Mark End      Relocate Start    Relocate End   
[2026-06-26T13:53:19.262-0300][30.014s][14796][14024][info][gc,alloc    ] GC(33) y: Allocation Stalls:          0                0                0                0         
[2026-06-26T13:53:19.262-0300][30.014s][14796][14024][info][gc,load     ] GC(33) y: Load: 0.00 (0%) / 0.00 (0%) / 0.00 (0%)
[2026-06-26T13:53:19.262-0300][30.014s][14796][14024][info][gc,mmu      ] GC(33) y: MMU: 2ms/97.9%, 5ms/98.8%, 10ms/99.4%, 20ms/99.6%, 50ms/99.8%, 100ms/99.8%
[2026-06-26T13:53:19.262-0300][30.014s][14796][14024][info][gc,marking  ] GC(33) y: Mark: 2 stripe(s), 4 proactive flush(es), 1 terminate flush(es), 0 completion(s), 0 continuation(s) 
[2026-06-26T13:53:19.262-0300][30.014s][14796][14024][info][gc,nmethod  ] GC(33) y: NMethods: 10211 registered, 182 unregistered
[2026-06-26T13:53:19.262-0300][30.014s][14796][14024][info][gc,metaspace] GC(33) y: Metaspace: 63M used, 64M committed, 1088M reserved
[2026-06-26T13:53:19.262-0300][30.014s][14796][14024][info][gc,reloc    ] GC(33) y:                        Candidates     Selected     In-Place         Size        Empty    Relocated 
[2026-06-26T13:53:19.262-0300][30.014s][14796][14024][info][gc,reloc    ] GC(33) y: Small Pages:                   61           44            0         122M           4M           6M 
[2026-06-26T13:53:19.262-0300][30.014s][14796][14024][info][gc,reloc    ] GC(33) y: Medium Pages:                   1            0            0          32M           0M           0M 
[2026-06-26T13:53:19.262-0300][30.014s][14796][14024][info][gc,reloc    ] GC(33) y: Large Pages:                    0            0            0           0M           0M           0M 
[2026-06-26T13:53:19.262-0300][30.014s][14796][14024][info][gc,reloc    ] GC(33) y: Forwarding Usage: 1M
[2026-06-26T13:53:19.262-0300][30.014s][14796][14024][info][gc,reloc    ] GC(33) y: Age Table:
[2026-06-26T13:53:19.262-0300][30.014s][14796][14024][info][gc,reloc    ] GC(33) y:                    Live             Garbage             Small              Medium             Large        
[2026-06-26T13:53:19.262-0300][30.014s][14796][14024][info][gc,reloc    ] GC(33) y: Eden              13M (0%)          120M (4%)          51 / 43             1 / 0              0 / 0        
[2026-06-26T13:53:19.262-0300][30.014s][14796][14024][info][gc,reloc    ] GC(33) y: Survivor 1        14M (0%)            5M (0%)          10 / 1              0 / 0              0 / 0        
[2026-06-26T13:53:19.262-0300][30.014s][14796][14024][info][gc,heap     ] GC(33) y: Min Capacity: 8M(0%)
[2026-06-26T13:53:19.262-0300][30.014s][14796][14024][info][gc,heap     ] GC(33) y: Max Capacity: 3072M(100%)
[2026-06-26T13:53:19.262-0300][30.014s][14796][14024][info][gc,heap     ] GC(33) y: Soft Max Capacity: 3072M(100%)
[2026-06-26T13:53:19.262-0300][30.014s][14796][14024][info][gc,heap     ] GC(33) y: Heap Statistics:
[2026-06-26T13:53:19.262-0300][30.014s][14796][14024][info][gc,heap     ] GC(33) y:                Mark Start          Mark End        Relocate Start      Relocate End           High               Low         
[2026-06-26T13:53:19.262-0300][30.014s][14796][14024][info][gc,heap     ] GC(33) y:  Capacity:     3072M (100%)       3072M (100%)       3072M (100%)       3072M (100%)       3072M (100%)       3072M (100%)   
[2026-06-26T13:53:19.262-0300][30.014s][14796][14024][info][gc,heap     ] GC(33) y:      Free:     2056M (67%)        2044M (67%)        2048M (67%)        2130M (69%)        2130M (69%)        2040M (66%)    
[2026-06-26T13:53:19.262-0300][30.014s][14796][14024][info][gc,heap     ] GC(33) y:      Used:     1016M (33%)        1028M (33%)        1024M (33%)         942M (31%)        1032M (34%)         942M (31%)    
[2026-06-26T13:53:19.262-0300][30.014s][14796][14024][info][gc,heap     ] GC(33) y: Young Generation Statistics:
[2026-06-26T13:53:19.262-0300][30.014s][14796][14024][info][gc,heap     ] GC(33) y:                Mark Start          Mark End        Relocate Start      Relocate End    
[2026-06-26T13:53:19.262-0300][30.014s][14796][14024][info][gc,heap     ] GC(33) y:      Used:      154M (5%)          174M (6%)          170M (6%)           88M (3%)     
[2026-06-26T13:53:19.262-0300][30.014s][14796][14024][info][gc,heap     ] GC(33) y:      Live:         -                27M (1%)           27M (1%)           27M (1%)     
[2026-06-26T13:53:19.262-0300][30.014s][14796][14024][info][gc,heap     ] GC(33) y:   Garbage:         -               126M (4%)          122M (4%)           32M (1%)     
[2026-06-26T13:53:19.262-0300][30.014s][14796][14024][info][gc,heap     ] GC(33) y: Allocated:         -                20M (1%)           20M (1%)           27M (1%)     
[2026-06-26T13:53:19.262-0300][30.014s][14796][14024][info][gc,heap     ] GC(33) y: Reclaimed:         -                  -                 4M (0%)           93M (3%)     
[2026-06-26T13:53:19.262-0300][30.014s][14796][14024][info][gc,heap     ] GC(33) y:  Promoted:         -                  -                 0M (0%)            0M (0%)     
[2026-06-26T13:53:19.262-0300][30.014s][14796][14024][info][gc,heap     ] GC(33) y: Compacted:         -                  -                  -                 8M (0%)     
[2026-06-26T13:53:19.262-0300][30.014s][14796][14024][info][gc,phases   ] GC(33) y: Young Generation 1016M(33%)->942M(31%) 0.037s
[2026-06-26T13:53:19.262-0300][30.014s][14796][14024][info][gc          ] GC(33) Minor Collection (Allocation Rate) 1016M(33%)->942M(31%) 0.037s
[2026-06-26T13:53:19.263-0300][30.015s][14796][3936 ][info][gc,phases   ] GC(29) O: Concurrent Relocate 79.395ms
[2026-06-26T13:53:19.263-0300][30.015s][14796][3936 ][info][gc,alloc    ] GC(29) O:                         Mark Start        Mark End      Relocate Start    Relocate End   
[2026-06-26T13:53:19.263-0300][30.015s][14796][3936 ][info][gc,alloc    ] GC(29) O: Allocation Stalls:          0                0                0                0         
[2026-06-26T13:53:19.263-0300][30.015s][14796][3936 ][info][gc,load     ] GC(29) O: Load: 0.00 (0%) / 0.00 (0%) / 0.00 (0%)
[2026-06-26T13:53:19.263-0300][30.015s][14796][3936 ][info][gc,mmu      ] GC(29) O: MMU: 2ms/97.9%, 5ms/98.8%, 10ms/99.4%, 20ms/99.6%, 50ms/99.8%, 100ms/99.8%
[2026-06-26T13:53:19.263-0300][30.015s][14796][3936 ][info][gc,marking  ] GC(29) O: Mark: 1 stripe(s), 2 proactive flush(es), 1 terminate flush(es), 0 completion(s), 0 continuation(s) 
[2026-06-26T13:53:19.263-0300][30.015s][14796][3936 ][info][gc,nmethod  ] GC(29) O: NMethods: 10211 registered, 182 unregistered
[2026-06-26T13:53:19.263-0300][30.015s][14796][3936 ][info][gc,metaspace] GC(29) O: Metaspace: 63M used, 64M committed, 1088M reserved
[2026-06-26T13:53:19.263-0300][30.015s][14796][3936 ][info][gc,ref      ] GC(29) O:                       Encountered   Discovered     Enqueued 
[2026-06-26T13:53:19.263-0300][30.015s][14796][3936 ][info][gc,ref      ] GC(29) O: Soft References:             5329            0            0 
[2026-06-26T13:53:19.263-0300][30.015s][14796][3936 ][info][gc,ref      ] GC(29) O: Weak References:             4232         3241            2 
[2026-06-26T13:53:19.263-0300][30.015s][14796][3936 ][info][gc,ref      ] GC(29) O: Final References:              13            1            0 
[2026-06-26T13:53:19.263-0300][30.015s][14796][3936 ][info][gc,ref      ] GC(29) O: Phantom References:          6450         6430            0 
[2026-06-26T13:53:19.263-0300][30.015s][14796][3936 ][info][gc,reloc    ] GC(29) O:                        Candidates     Selected     In-Place         Size        Empty    Relocated 
[2026-06-26T13:53:19.263-0300][30.015s][14796][3936 ][info][gc,reloc    ] GC(29) O: Small Pages:                  389           31            0         778M           2M          16M 
[2026-06-26T13:53:19.263-0300][30.015s][14796][3936 ][info][gc,reloc    ] GC(29) O: Medium Pages:                   9            4            0         288M         128M          23M 
[2026-06-26T13:53:19.263-0300][30.015s][14796][3936 ][info][gc,reloc    ] GC(29) O: Large Pages:                    1            0            0          12M           0M           0M 
[2026-06-26T13:53:19.263-0300][30.015s][14796][3936 ][info][gc,reloc    ] GC(29) O: Forwarding Usage: 18M
[2026-06-26T13:53:19.263-0300][30.015s][14796][3936 ][info][gc,heap     ] GC(29) O: Min Capacity: 8M(0%)
[2026-06-26T13:53:19.263-0300][30.015s][14796][3936 ][info][gc,heap     ] GC(29) O: Max Capacity: 3072M(100%)
[2026-06-26T13:53:19.263-0300][30.015s][14796][3936 ][info][gc,heap     ] GC(29) O: Soft Max Capacity: 3072M(100%)
[2026-06-26T13:53:19.263-0300][30.015s][14796][3936 ][info][gc,heap     ] GC(29) O: Heap Statistics:
[2026-06-26T13:53:19.263-0300][30.015s][14796][3936 ][info][gc,heap     ] GC(29) O:                Mark Start          Mark End        Relocate Start      Relocate End           High               Low         
[2026-06-26T13:53:19.263-0300][30.015s][14796][3936 ][info][gc,heap     ] GC(29) O:  Capacity:     3072M (100%)       3072M (100%)       3072M (100%)       3072M (100%)       3072M (100%)       3072M (100%)   
[2026-06-26T13:53:19.263-0300][30.015s][14796][3936 ][info][gc,heap     ] GC(29) O:      Free:     1832M (60%)        1802M (59%)        1924M (63%)        2130M (69%)        2130M (69%)        1732M (56%)    
[2026-06-26T13:53:19.263-0300][30.015s][14796][3936 ][info][gc,heap     ] GC(29) O:      Used:     1240M (40%)        1270M (41%)        1148M (37%)         942M (31%)        1340M (44%)         942M (31%)    
[2026-06-26T13:53:19.263-0300][30.015s][14796][3936 ][info][gc,heap     ] GC(29) O: Old Generation Statistics:
[2026-06-26T13:53:19.263-0300][30.015s][14796][3936 ][info][gc,heap     ] GC(29) O:                Mark Start          Mark End        Relocate Start      Relocate End    
[2026-06-26T13:53:19.263-0300][30.015s][14796][3936 ][info][gc,heap     ] GC(29) O:      Used:     1078M (35%)        1132M (37%)        1002M (33%)         854M (28%)    
[2026-06-26T13:53:19.263-0300][30.015s][14796][3936 ][info][gc,heap     ] GC(29) O:      Live:         -               720M (23%)         720M (23%)         720M (23%)    
[2026-06-26T13:53:19.263-0300][30.015s][14796][3936 ][info][gc,heap     ] GC(29) O:   Garbage:         -               357M (12%)         227M (7%)           22M (1%)     
[2026-06-26T13:53:19.263-0300][30.015s][14796][3936 ][info][gc,heap     ] GC(29) O: Allocated:         -                54M (2%)           54M (2%)          111M (4%)     
[2026-06-26T13:53:19.263-0300][30.015s][14796][3936 ][info][gc,heap     ] GC(29) O: Reclaimed:         -                  -               130M (4%)          335M (11%)    
[2026-06-26T13:53:19.263-0300][30.015s][14796][3936 ][info][gc,heap     ] GC(29) O: Compacted:         -                  -                  -                74M (2%)     
[2026-06-26T13:53:19.263-0300][30.015s][14796][3936 ][info][gc,phases   ] GC(29) O: Old Generation 1126M(37%)->942M(31%) 1.739s
[2026-06-26T13:53:19.263-0300][30.015s][14796][3936 ][info][gc          ] GC(29) Major Collection (Allocation Rate) 1240M(40%)->942M(31%) 1.785s
[2026-06-26T13:53:19.495-0300][30.247s][14796][14024][info][gc          ] GC(34) Minor Collection (Allocation Rate)
[2026-06-26T13:53:19.495-0300][30.247s][14796][14024][info][gc,task     ] GC(34) Using 3 Workers for Young Generation
[2026-06-26T13:53:19.495-0300][30.247s][14796][14024][info][gc,phases   ] GC(34) y: Young Generation
[2026-06-26T13:53:19.495-0300][30.247s][14796][15076][info][gc,phases   ] GC(34) y: Pause Mark Start 0.010ms
[2026-06-26T13:53:19.521-0300][30.272s][14796][14024][info][gc,phases   ] GC(34) y: Concurrent Mark 25.051ms
[2026-06-26T13:53:19.521-0300][30.273s][14796][15076][info][gc,phases   ] GC(34) y: Pause Mark End 0.017ms
[2026-06-26T13:53:19.521-0300][30.273s][14796][14024][info][gc,phases   ] GC(34) y: Concurrent Mark Free 0.010ms
[2026-06-26T13:53:19.521-0300][30.273s][14796][14024][info][gc,phases   ] GC(34) y: Concurrent Reset Relocation Set 0.010ms
[2026-06-26T13:53:19.521-0300][30.273s][14796][14024][info][gc,reloc    ] GC(34) y: Using tenuring threshold: 2 (Computed)
[2026-06-26T13:53:19.525-0300][30.276s][14796][14024][info][gc,phases   ] GC(34) y: Concurrent Select Relocation Set 3.629ms
[2026-06-26T13:53:19.525-0300][30.276s][14796][15076][info][gc,phases   ] GC(34) y: Pause Relocate Start 0.010ms
[2026-06-26T13:53:19.534-0300][30.286s][14796][14024][info][gc,phases   ] GC(34) y: Concurrent Relocate 8.949ms
[2026-06-26T13:53:19.534-0300][30.286s][14796][14024][info][gc,alloc    ] GC(34) y:                         Mark Start        Mark End      Relocate Start    Relocate End   
[2026-06-26T13:53:19.534-0300][30.286s][14796][14024][info][gc,alloc    ] GC(34) y: Allocation Stalls:          0                0                0                0         
[2026-06-26T13:53:19.534-0300][30.286s][14796][14024][info][gc,load     ] GC(34) y: Load: 0.00 (0%) / 0.00 (0%) / 0.00 (0%)
[2026-06-26T13:53:19.534-0300][30.286s][14796][14024][info][gc,mmu      ] GC(34) y: MMU: 2ms/97.9%, 5ms/98.8%, 10ms/99.4%, 20ms/99.6%, 50ms/99.8%, 100ms/99.8%
[2026-06-26T13:53:19.534-0300][30.286s][14796][14024][info][gc,marking  ] GC(34) y: Mark: 2 stripe(s), 2 proactive flush(es), 1 terminate flush(es), 0 completion(s), 0 continuation(s) 
[2026-06-26T13:53:19.534-0300][30.286s][14796][14024][info][gc,nmethod  ] GC(34) y: NMethods: 10451 registered, 182 unregistered
[2026-06-26T13:53:19.534-0300][30.286s][14796][14024][info][gc,metaspace] GC(34) y: Metaspace: 63M used, 64M committed, 1088M reserved
[2026-06-26T13:53:19.534-0300][30.286s][14796][14024][info][gc,reloc    ] GC(34) y:                        Candidates     Selected     In-Place         Size        Empty    Relocated 
[2026-06-26T13:53:19.534-0300][30.286s][14796][14024][info][gc,reloc    ] GC(34) y: Small Pages:                   55           32            0         110M           2M           5M 
[2026-06-26T13:53:19.534-0300][30.286s][14796][14024][info][gc,reloc    ] GC(34) y: Medium Pages:                   2            1            0          64M           0M           2M 
[2026-06-26T13:53:19.534-0300][30.286s][14796][14024][info][gc,reloc    ] GC(34) y: Large Pages:                    0            0            0           0M           0M           0M 
[2026-06-26T13:53:19.534-0300][30.286s][14796][14024][info][gc,reloc    ] GC(34) y: Forwarding Usage: 1M
[2026-06-26T13:53:19.534-0300][30.286s][14796][14024][info][gc,reloc    ] GC(34) y: Age Table:
[2026-06-26T13:53:19.534-0300][30.286s][14796][14024][info][gc,reloc    ] GC(34) y:                    Live             Garbage             Small              Medium             Large        
[2026-06-26T13:53:19.534-0300][30.286s][14796][14024][info][gc,reloc    ] GC(34) y: Eden              11M (0%)           94M (3%)          37 / 30             1 / 0              0 / 0        
[2026-06-26T13:53:19.534-0300][30.286s][14796][14024][info][gc,reloc    ] GC(34) y: Survivor 1        13M (0%)           36M (1%)           9 / 1              1 / 1              0 / 0        
[2026-06-26T13:53:19.534-0300][30.286s][14796][14024][info][gc,reloc    ] GC(34) y: Survivor 2        14M (0%)            3M (0%)           9 / 1              0 / 0              0 / 0        
[2026-06-26T13:53:19.534-0300][30.286s][14796][14024][info][gc,heap     ] GC(34) y: Min Capacity: 8M(0%)
[2026-06-26T13:53:19.534-0300][30.286s][14796][14024][info][gc,heap     ] GC(34) y: Max Capacity: 3072M(100%)
[2026-06-26T13:53:19.534-0300][30.286s][14796][14024][info][gc,heap     ] GC(34) y: Soft Max Capacity: 3072M(100%)
[2026-06-26T13:53:19.534-0300][30.286s][14796][14024][info][gc,heap     ] GC(34) y: Heap Statistics:
[2026-06-26T13:53:19.534-0300][30.286s][14796][14024][info][gc,heap     ] GC(34) y:                Mark Start          Mark End        Relocate Start      Relocate End           High               Low         
[2026-06-26T13:53:19.534-0300][30.286s][14796][14024][info][gc,heap     ] GC(34) y:  Capacity:     3072M (100%)       3072M (100%)       3072M (100%)       3072M (100%)       3072M (100%)       3072M (100%)   
[2026-06-26T13:53:19.534-0300][30.286s][14796][14024][info][gc,heap     ] GC(34) y:      Free:     2044M (67%)        1992M (65%)        1992M (65%)        2040M (66%)        2044M (67%)        1920M (62%)    
[2026-06-26T13:53:19.534-0300][30.286s][14796][14024][info][gc,heap     ] GC(34) y:      Used:     1028M (33%)        1080M (35%)        1080M (35%)        1032M (34%)        1152M (38%)        1028M (33%)    
[2026-06-26T13:53:19.534-0300][30.286s][14796][14024][info][gc,heap     ] GC(34) y: Young Generation Statistics:
[2026-06-26T13:53:19.534-0300][30.286s][14796][14024][info][gc,heap     ] GC(34) y:                Mark Start          Mark End        Relocate Start      Relocate End    
[2026-06-26T13:53:19.534-0300][30.286s][14796][14024][info][gc,heap     ] GC(34) y:      Used:      174M (6%)          226M (7%)          212M (7%)          160M (5%)     
[2026-06-26T13:53:19.534-0300][30.286s][14796][14024][info][gc,heap     ] GC(34) y:      Live:         -                39M (1%)           26M (1%)           25M (1%)     
[2026-06-26T13:53:19.534-0300][30.286s][14796][14024][info][gc,heap     ] GC(34) y:   Garbage:         -               134M (4%)          131M (4%)            4M (0%)     
[2026-06-26T13:53:19.534-0300][30.286s][14796][14024][info][gc,heap     ] GC(34) y: Allocated:         -                52M (2%)           54M (2%)          129M (4%)     
[2026-06-26T13:53:19.534-0300][30.286s][14796][14024][info][gc,heap     ] GC(34) y: Reclaimed:         -                  -                 2M (0%)          129M (4%)     
[2026-06-26T13:53:19.534-0300][30.286s][14796][14024][info][gc,heap     ] GC(34) y:  Promoted:         -                  -                13M (0%)           14M (0%)     
[2026-06-26T13:53:19.534-0300][30.286s][14796][14024][info][gc,heap     ] GC(34) y: Compacted:         -                  -                  -                 8M (0%)     
[2026-06-26T13:53:19.534-0300][30.286s][14796][14024][info][gc,phases   ] GC(34) y: Young Generation 1028M(33%)->1032M(34%) 0.038s
[2026-06-26T13:53:19.534-0300][30.286s][14796][14024][info][gc          ] GC(34) Minor Collection (Allocation Rate) 1028M(33%)->1032M(34%) 0.039s
[2026-06-26T13:53:19.534-0300][30.286s][14796][14024][info][gc          ] GC(35) Minor Collection (Allocation Rate)
[2026-06-26T13:53:19.534-0300][30.286s][14796][14024][info][gc,task     ] GC(35) Using 3 Workers for Young Generation
[2026-06-26T13:53:19.534-0300][30.286s][14796][14024][info][gc,phases   ] GC(35) y: Young Generation
[2026-06-26T13:53:19.534-0300][30.286s][14796][15076][info][gc,phases   ] GC(35) y: Pause Mark Start 0.009ms
[2026-06-26T13:53:19.555-0300][30.307s][14796][14024][info][gc,phases   ] GC(35) y: Concurrent Mark 20.517ms
[2026-06-26T13:53:19.555-0300][30.307s][14796][15076][info][gc,phases   ] GC(35) y: Pause Mark End 0.016ms
[2026-06-26T13:53:19.555-0300][30.307s][14796][14024][info][gc,phases   ] GC(35) y: Concurrent Mark Free 0.006ms
[2026-06-26T13:53:19.555-0300][30.307s][14796][14024][info][gc,phases   ] GC(35) y: Concurrent Reset Relocation Set 0.065ms
[2026-06-26T13:53:19.555-0300][30.307s][14796][14024][info][gc,reloc    ] GC(35) y: Using tenuring threshold: 1 (Computed)
[2026-06-26T13:53:19.560-0300][30.312s][14796][14024][info][gc,phases   ] GC(35) y: Concurrent Select Relocation Set 4.685ms
[2026-06-26T13:53:19.560-0300][30.312s][14796][15076][info][gc,phases   ] GC(35) y: Pause Relocate Start 0.018ms
[2026-06-26T13:53:19.570-0300][30.322s][14796][14024][info][gc,phases   ] GC(35) y: Concurrent Relocate 9.960ms
[2026-06-26T13:53:19.570-0300][30.322s][14796][14024][info][gc,alloc    ] GC(35) y:                         Mark Start        Mark End      Relocate Start    Relocate End   
[2026-06-26T13:53:19.570-0300][30.322s][14796][14024][info][gc,alloc    ] GC(35) y: Allocation Stalls:          0                0                0                0         
[2026-06-26T13:53:19.570-0300][30.322s][14796][14024][info][gc,load     ] GC(35) y: Load: 0.00 (0%) / 0.00 (0%) / 0.00 (0%)
[2026-06-26T13:53:19.570-0300][30.322s][14796][14024][info][gc,mmu      ] GC(35) y: MMU: 2ms/97.9%, 5ms/98.8%, 10ms/99.4%, 20ms/99.6%, 50ms/99.8%, 100ms/99.8%
[2026-06-26T13:53:19.570-0300][30.322s][14796][14024][info][gc,marking  ] GC(35) y: Mark: 2 stripe(s), 3 proactive flush(es), 1 terminate flush(es), 0 completion(s), 0 continuation(s) 
[2026-06-26T13:53:19.570-0300][30.322s][14796][14024][info][gc,nmethod  ] GC(35) y: NMethods: 10453 registered, 182 unregistered
[2026-06-26T13:53:19.570-0300][30.322s][14796][14024][info][gc,metaspace] GC(35) y: Metaspace: 63M used, 64M committed, 1088M reserved
[2026-06-26T13:53:19.570-0300][30.322s][14796][14024][info][gc,reloc    ] GC(35) y:                        Candidates     Selected     In-Place         Size        Empty    Relocated 
[2026-06-26T13:53:19.570-0300][30.322s][14796][14024][info][gc,reloc    ] GC(35) y: Small Pages:                   33           19            0          66M           0M           2M 
[2026-06-26T13:53:19.570-0300][30.322s][14796][14024][info][gc,reloc    ] GC(35) y: Medium Pages:                   3            1            0          96M          32M           2M 
[2026-06-26T13:53:19.570-0300][30.322s][14796][14024][info][gc,reloc    ] GC(35) y: Large Pages:                    0            0            0           0M           0M           0M 
[2026-06-26T13:53:19.570-0300][30.322s][14796][14024][info][gc,reloc    ] GC(35) y: Forwarding Usage: 1M
[2026-06-26T13:53:19.570-0300][30.322s][14796][14024][info][gc,reloc    ] GC(35) y: Age Table:
[2026-06-26T13:53:19.570-0300][30.322s][14796][14024][info][gc,reloc    ] GC(35) y:                    Live             Garbage             Small              Medium             Large        
[2026-06-26T13:53:19.570-0300][30.322s][14796][14024][info][gc,reloc    ] GC(35) y: Eden               1M (0%)           58M (2%)          14 / 13             1 / 0              0 / 0        
[2026-06-26T13:53:19.570-0300][30.322s][14796][14024][info][gc,reloc    ] GC(35) y: Survivor 1        11M (0%)           42M (1%)          11 / 4              1 / 0              0 / 0        
[2026-06-26T13:53:19.570-0300][30.322s][14796][14024][info][gc,reloc    ] GC(35) y: Survivor 2        13M (0%)           34M (1%)           8 / 2              1 / 1              0 / 0        
[2026-06-26T13:53:19.570-0300][30.322s][14796][14024][info][gc,heap     ] GC(35) y: Min Capacity: 8M(0%)
[2026-06-26T13:53:19.570-0300][30.322s][14796][14024][info][gc,heap     ] GC(35) y: Max Capacity: 3072M(100%)
[2026-06-26T13:53:19.570-0300][30.322s][14796][14024][info][gc,heap     ] GC(35) y: Soft Max Capacity: 3072M(100%)
[2026-06-26T13:53:19.570-0300][30.322s][14796][14024][info][gc,heap     ] GC(35) y: Heap Statistics:
[2026-06-26T13:53:19.570-0300][30.322s][14796][14024][info][gc,heap     ] GC(35) y:                Mark Start          Mark End        Relocate Start      Relocate End           High               Low         
[2026-06-26T13:53:19.570-0300][30.322s][14796][14024][info][gc,heap     ] GC(35) y:  Capacity:     3072M (100%)       3072M (100%)       3072M (100%)       3072M (100%)       3072M (100%)       3072M (100%)   
[2026-06-26T13:53:19.570-0300][30.322s][14796][14024][info][gc,heap     ] GC(35) y:      Free:     2038M (66%)        1986M (65%)        2016M (66%)        2040M (66%)        2042M (66%)        1948M (63%)    
[2026-06-26T13:53:19.570-0300][30.322s][14796][14024][info][gc,heap     ] GC(35) y:      Used:     1034M (34%)        1086M (35%)        1056M (34%)        1032M (34%)        1124M (37%)        1030M (34%)    
[2026-06-26T13:53:19.570-0300][30.322s][14796][14024][info][gc,heap     ] GC(35) y: Young Generation Statistics:
[2026-06-26T13:53:19.570-0300][30.322s][14796][14024][info][gc,heap     ] GC(35) y:                Mark Start          Mark End        Relocate Start      Relocate End    
[2026-06-26T13:53:19.570-0300][30.322s][14796][14024][info][gc,heap     ] GC(35) y:      Used:      162M (5%)          214M (7%)          162M (5%)           98M (3%)     
[2026-06-26T13:53:19.570-0300][30.322s][14796][14024][info][gc,heap     ] GC(35) y:      Live:         -                26M (1%)            7M (0%)            1M (0%)     
[2026-06-26T13:53:19.570-0300][30.322s][14796][14024][info][gc,heap     ] GC(35) y:   Garbage:         -               135M (4%)          100M (3%)            0M (0%)     
[2026-06-26T13:53:19.570-0300][30.322s][14796][14024][info][gc,heap     ] GC(35) y: Allocated:         -                52M (2%)           54M (2%)           96M (3%)     
[2026-06-26T13:53:19.570-0300][30.322s][14796][14024][info][gc,heap     ] GC(35) y: Reclaimed:         -                  -                35M (1%)          135M (4%)     
[2026-06-26T13:53:19.570-0300][30.322s][14796][14024][info][gc,heap     ] GC(35) y:  Promoted:         -                  -                18M (1%)           24M (1%)     
[2026-06-26T13:53:19.570-0300][30.322s][14796][14024][info][gc,heap     ] GC(35) y: Compacted:         -                  -                  -                 1M (0%)     
[2026-06-26T13:53:19.570-0300][30.322s][14796][14024][info][gc,phases   ] GC(35) y: Young Generation 1034M(34%)->1032M(34%) 0.036s
[2026-06-26T13:53:19.570-0300][30.322s][14796][14024][info][gc          ] GC(35) Minor Collection (Allocation Rate) 1034M(34%)->1032M(34%) 0.036s
[2026-06-26T13:53:20.596-0300][31.348s][14796][14024][info][gc          ] GC(36) Minor Collection (Allocation Rate)
[2026-06-26T13:53:20.596-0300][31.348s][14796][14024][info][gc,task     ] GC(36) Using 3 Workers for Young Generation
[2026-06-26T13:53:20.596-0300][31.348s][14796][14024][info][gc,phases   ] GC(36) y: Young Generation
[2026-06-26T13:53:20.596-0300][31.348s][14796][15076][info][gc,phases   ] GC(36) y: Pause Mark Start 0.010ms
[2026-06-26T13:53:20.666-0300][31.418s][14796][14024][info][gc,phases   ] GC(36) y: Concurrent Mark 70.266ms
[2026-06-26T13:53:20.666-0300][31.418s][14796][15076][info][gc,phases   ] GC(36) y: Pause Mark End 0.017ms
[2026-06-26T13:53:20.666-0300][31.418s][14796][14024][info][gc,phases   ] GC(36) y: Concurrent Mark Free 0.005ms
[2026-06-26T13:53:20.666-0300][31.418s][14796][14024][info][gc,phases   ] GC(36) y: Concurrent Reset Relocation Set 0.029ms
[2026-06-26T13:53:20.666-0300][31.418s][14796][14024][info][gc,reloc    ] GC(36) y: Using tenuring threshold: 2 (Computed)
[2026-06-26T13:53:20.670-0300][31.421s][14796][14024][info][gc,phases   ] GC(36) y: Concurrent Select Relocation Set 2.747ms
[2026-06-26T13:53:20.670-0300][31.421s][14796][15076][info][gc,phases   ] GC(36) y: Pause Relocate Start 0.017ms
[2026-06-26T13:53:20.682-0300][31.434s][14796][14024][info][gc,phases   ] GC(36) y: Concurrent Relocate 12.669ms
[2026-06-26T13:53:20.682-0300][31.434s][14796][14024][info][gc,alloc    ] GC(36) y:                         Mark Start        Mark End      Relocate Start    Relocate End   
[2026-06-26T13:53:20.682-0300][31.434s][14796][14024][info][gc,alloc    ] GC(36) y: Allocation Stalls:          0                0                0                0         
[2026-06-26T13:53:20.682-0300][31.434s][14796][14024][info][gc,load     ] GC(36) y: Load: 0.00 (0%) / 0.00 (0%) / 0.00 (0%)
[2026-06-26T13:53:20.682-0300][31.434s][14796][14024][info][gc,mmu      ] GC(36) y: MMU: 2ms/97.9%, 5ms/98.8%, 10ms/99.4%, 20ms/99.6%, 50ms/99.8%, 100ms/99.8%
[2026-06-26T13:53:20.682-0300][31.434s][14796][14024][info][gc,marking  ] GC(36) y: Mark: 2 stripe(s), 2 proactive flush(es), 1 terminate flush(es), 0 completion(s), 0 continuation(s) 
[2026-06-26T13:53:20.682-0300][31.434s][14796][14024][info][gc,nmethod  ] GC(36) y: NMethods: 10707 registered, 182 unregistered
[2026-06-26T13:53:20.682-0300][31.434s][14796][14024][info][gc,metaspace] GC(36) y: Metaspace: 63M used, 64M committed, 1088M reserved
[2026-06-26T13:53:20.682-0300][31.434s][14796][14024][info][gc,reloc    ] GC(36) y:                        Candidates     Selected     In-Place         Size        Empty    Relocated 
[2026-06-26T13:53:20.682-0300][31.434s][14796][14024][info][gc,reloc    ] GC(36) y: Small Pages:                  151           77            0         302M          42M          14M 
[2026-06-26T13:53:20.682-0300][31.434s][14796][14024][info][gc,reloc    ] GC(36) y: Medium Pages:                   2            0            0          64M          32M           0M 
[2026-06-26T13:53:20.682-0300][31.434s][14796][14024][info][gc,reloc    ] GC(36) y: Large Pages:                    2            0            0          12M          12M           0M 
[2026-06-26T13:53:20.682-0300][31.434s][14796][14024][info][gc,reloc    ] GC(36) y: Forwarding Usage: 11M
[2026-06-26T13:53:20.682-0300][31.434s][14796][14024][info][gc,reloc    ] GC(36) y: Age Table:
[2026-06-26T13:53:20.682-0300][31.434s][14796][14024][info][gc,reloc    ] GC(36) y:                    Live             Garbage             Small              Medium             Large        
[2026-06-26T13:53:20.682-0300][31.434s][14796][14024][info][gc,reloc    ] GC(36) y: Eden             101M (3%)          236M (8%)         147 / 73             1 / 0              2 / 0        
[2026-06-26T13:53:20.682-0300][31.434s][14796][14024][info][gc,reloc    ] GC(36) y: Survivor 1         0M (0%)           39M (1%)           4 / 4              1 / 0              0 / 0        
[2026-06-26T13:53:20.682-0300][31.434s][14796][14024][info][gc,heap     ] GC(36) y: Min Capacity: 8M(0%)
[2026-06-26T13:53:20.682-0300][31.434s][14796][14024][info][gc,heap     ] GC(36) y: Max Capacity: 3072M(100%)
[2026-06-26T13:53:20.682-0300][31.434s][14796][14024][info][gc,heap     ] GC(36) y: Soft Max Capacity: 3072M(100%)
[2026-06-26T13:53:20.682-0300][31.434s][14796][14024][info][gc,heap     ] GC(36) y: Heap Statistics:
[2026-06-26T13:53:20.682-0300][31.434s][14796][14024][info][gc,heap     ] GC(36) y:                Mark Start          Mark End        Relocate Start      Relocate End           High               Low         
[2026-06-26T13:53:20.682-0300][31.434s][14796][14024][info][gc,heap     ] GC(36) y:  Capacity:     3072M (100%)       3072M (100%)       3072M (100%)       3072M (100%)       3072M (100%)       3072M (100%)   
[2026-06-26T13:53:20.682-0300][31.434s][14796][14024][info][gc,heap     ] GC(36) y:      Free:     1760M (57%)        1738M (57%)        1820M (59%)        1966M (64%)        1966M (64%)        1736M (57%)    
[2026-06-26T13:53:20.682-0300][31.434s][14796][14024][info][gc,heap     ] GC(36) y:      Used:     1312M (43%)        1334M (43%)        1252M (41%)        1106M (36%)        1336M (43%)        1106M (36%)    
[2026-06-26T13:53:20.682-0300][31.434s][14796][14024][info][gc,heap     ] GC(36) y: Young Generation Statistics:
[2026-06-26T13:53:20.682-0300][31.434s][14796][14024][info][gc,heap     ] GC(36) y:                Mark Start          Mark End        Relocate Start      Relocate End    
[2026-06-26T13:53:20.682-0300][31.435s][14796][14024][info][gc,heap     ] GC(36) y:      Used:      378M (12%)         400M (13%)         318M (10%)         172M (6%)     
[2026-06-26T13:53:20.682-0300][31.435s][14796][14024][info][gc,heap     ] GC(36) y:      Live:         -               102M (3%)          102M (3%)          102M (3%)     
[2026-06-26T13:53:20.683-0300][31.435s][14796][14024][info][gc,heap     ] GC(36) y:   Garbage:         -               275M (9%)          189M (6%)           32M (1%)     
[2026-06-26T13:53:20.683-0300][31.435s][14796][14024][info][gc,heap     ] GC(36) y: Allocated:         -                22M (1%)           26M (1%)           37M (1%)     
[2026-06-26T13:53:20.683-0300][31.435s][14796][14024][info][gc,heap     ] GC(36) y: Reclaimed:         -                  -                86M (3%)          243M (8%)     
[2026-06-26T13:53:20.683-0300][31.435s][14796][14024][info][gc,heap     ] GC(36) y:  Promoted:         -                  -                 0M (0%)            0M (0%)     
[2026-06-26T13:53:20.683-0300][31.435s][14796][14024][info][gc,heap     ] GC(36) y: Compacted:         -                  -                  -                22M (1%)     
[2026-06-26T13:53:20.683-0300][31.435s][14796][14024][info][gc,phases   ] GC(36) y: Young Generation 1312M(43%)->1106M(36%) 0.086s
[2026-06-26T13:53:20.683-0300][31.435s][14796][14024][info][gc          ] GC(36) Minor Collection (Allocation Rate) 1312M(43%)->1106M(36%) 0.087s
[2026-06-26T13:53:20.683-0300][31.435s][14796][3936 ][info][gc          ] GC(37) Major Collection (Allocation Rate)
[2026-06-26T13:53:20.683-0300][31.435s][14796][3936 ][info][gc,task     ] GC(37) Using 3 Workers for Young Generation
[2026-06-26T13:53:20.683-0300][31.435s][14796][3936 ][info][gc,task     ] GC(37) Using 1 Workers for Old Generation
[2026-06-26T13:53:20.683-0300][31.435s][14796][3936 ][info][gc,phases   ] GC(37) Y: Young Generation
[2026-06-26T13:53:20.683-0300][31.435s][14796][15076][info][gc,phases   ] GC(37) Y: Pause Mark Start (Major) 0.012ms
[2026-06-26T13:53:20.764-0300][31.515s][14796][3936 ][info][gc,phases   ] GC(37) Y: Concurrent Mark 80.349ms
[2026-06-26T13:53:20.764-0300][31.515s][14796][15076][info][gc,phases   ] GC(37) Y: Pause Mark End 0.015ms
[2026-06-26T13:53:20.764-0300][31.515s][14796][3936 ][info][gc,phases   ] GC(37) Y: Concurrent Mark Free 0.004ms
[2026-06-26T13:53:20.764-0300][31.515s][14796][3936 ][info][gc,phases   ] GC(37) Y: Concurrent Reset Relocation Set 0.010ms
[2026-06-26T13:53:20.764-0300][31.516s][14796][3936 ][info][gc,reloc    ] GC(37) Y: Using tenuring threshold: 1 (Computed)
[2026-06-26T13:53:20.786-0300][31.538s][14796][3936 ][info][gc,phases   ] GC(37) Y: Concurrent Select Relocation Set 22.955ms
[2026-06-26T13:53:20.787-0300][31.539s][14796][15076][info][gc,phases   ] GC(37) Y: Pause Relocate Start 0.016ms
[2026-06-26T13:53:20.830-0300][31.582s][14796][3936 ][info][gc,phases   ] GC(37) Y: Concurrent Relocate 43.160ms
[2026-06-26T13:53:20.830-0300][31.582s][14796][3936 ][info][gc,alloc    ] GC(37) Y:                         Mark Start        Mark End      Relocate Start    Relocate End   
[2026-06-26T13:53:20.830-0300][31.582s][14796][3936 ][info][gc,alloc    ] GC(37) Y: Allocation Stalls:          0                0                0                0         
[2026-06-26T13:53:20.830-0300][31.582s][14796][3936 ][info][gc,load     ] GC(37) Y: Load: 0.00 (0%) / 0.00 (0%) / 0.00 (0%)
[2026-06-26T13:53:20.830-0300][31.582s][14796][3936 ][info][gc,mmu      ] GC(37) Y: MMU: 2ms/97.9%, 5ms/98.8%, 10ms/99.4%, 20ms/99.6%, 50ms/99.8%, 100ms/99.8%
[2026-06-26T13:53:20.830-0300][31.582s][14796][3936 ][info][gc,marking  ] GC(37) Y: Mark: 2 stripe(s), 2 proactive flush(es), 1 terminate flush(es), 0 completion(s), 0 continuation(s) 
[2026-06-26T13:53:20.830-0300][31.582s][14796][3936 ][info][gc,nmethod  ] GC(37) Y: NMethods: 10712 registered, 182 unregistered
[2026-06-26T13:53:20.830-0300][31.582s][14796][3936 ][info][gc,metaspace] GC(37) Y: Metaspace: 63M used, 64M committed, 1088M reserved
[2026-06-26T13:53:20.830-0300][31.582s][14796][3936 ][info][gc,reloc    ] GC(37) Y:                        Candidates     Selected     In-Place         Size        Empty    Relocated 
[2026-06-26T13:53:20.830-0300][31.582s][14796][3936 ][info][gc,reloc    ] GC(37) Y: Small Pages:                   70           13            0         140M           8M           4M 
[2026-06-26T13:53:20.830-0300][31.582s][14796][3936 ][info][gc,reloc    ] GC(37) Y: Medium Pages:                   1            0            0          32M           0M           0M 
[2026-06-26T13:53:20.830-0300][31.582s][14796][3936 ][info][gc,reloc    ] GC(37) Y: Large Pages:                    0            0            0           0M           0M           0M 
[2026-06-26T13:53:20.830-0300][31.582s][14796][3936 ][info][gc,reloc    ] GC(37) Y: Forwarding Usage: 3M
[2026-06-26T13:53:20.830-0300][31.582s][14796][3936 ][info][gc,reloc    ] GC(37) Y: Age Table:
[2026-06-26T13:53:20.830-0300][31.582s][14796][3936 ][info][gc,reloc    ] GC(37) Y:                    Live             Garbage             Small              Medium             Large        
[2026-06-26T13:53:20.830-0300][31.582s][14796][3936 ][info][gc,reloc    ] GC(37) Y: Eden               2M (0%)           25M (1%)          14 / 9              0 / 0              0 / 0        
[2026-06-26T13:53:20.830-0300][31.582s][14796][3936 ][info][gc,reloc    ] GC(37) Y: Survivor 1       101M (3%)           38M (1%)          54 / 2              1 / 0              0 / 0        
[2026-06-26T13:53:20.830-0300][31.582s][14796][3936 ][info][gc,reloc    ] GC(37) Y: Survivor 2         0M (0%)            3M (0%)           2 / 2              0 / 0              0 / 0        
[2026-06-26T13:53:20.830-0300][31.582s][14796][3936 ][info][gc,heap     ] GC(37) Y: Min Capacity: 8M(0%)
[2026-06-26T13:53:20.830-0300][31.582s][14796][3936 ][info][gc,heap     ] GC(37) Y: Max Capacity: 3072M(100%)
[2026-06-26T13:53:20.830-0300][31.582s][14796][3936 ][info][gc,heap     ] GC(37) Y: Soft Max Capacity: 3072M(100%)
[2026-06-26T13:53:20.830-0300][31.582s][14796][3936 ][info][gc,heap     ] GC(37) Y: Heap Statistics:
[2026-06-26T13:53:20.830-0300][31.582s][14796][3936 ][info][gc,heap     ] GC(37) Y:                Mark Start          Mark End        Relocate Start      Relocate End           High               Low         
[2026-06-26T13:53:20.830-0300][31.582s][14796][3936 ][info][gc,heap     ] GC(37) Y:  Capacity:     3072M (100%)       3072M (100%)       3072M (100%)       3072M (100%)       3072M (100%)       3072M (100%)   
[2026-06-26T13:53:20.830-0300][31.582s][14796][3936 ][info][gc,heap     ] GC(37) Y:      Free:     1966M (64%)        1944M (63%)        1952M (64%)        1958M (64%)        1966M (64%)        1942M (63%)    
[2026-06-26T13:53:20.830-0300][31.582s][14796][3936 ][info][gc,heap     ] GC(37) Y:      Used:     1106M (36%)        1128M (37%)        1120M (36%)        1114M (36%)        1130M (37%)        1106M (36%)    
[2026-06-26T13:53:20.830-0300][31.582s][14796][3936 ][info][gc,heap     ] GC(37) Y: Young Generation Statistics:
[2026-06-26T13:53:20.830-0300][31.582s][14796][3936 ][info][gc,heap     ] GC(37) Y:                Mark Start          Mark End        Relocate Start      Relocate End    
[2026-06-26T13:53:20.830-0300][31.582s][14796][3936 ][info][gc,heap     ] GC(37) Y:      Used:      172M (6%)          194M (6%)           56M (2%)           42M (1%)     
[2026-06-26T13:53:20.830-0300][31.582s][14796][3936 ][info][gc,heap     ] GC(37) Y:      Live:         -               104M (3%)            6M (0%)            2M (0%)     
[2026-06-26T13:53:20.830-0300][31.582s][14796][3936 ][info][gc,heap     ] GC(37) Y:   Garbage:         -                67M (2%)           27M (1%)            0M (0%)     
[2026-06-26T13:53:20.830-0300][31.582s][14796][3936 ][info][gc,heap     ] GC(37) Y: Allocated:         -                22M (1%)           22M (1%)           39M (1%)     
[2026-06-26T13:53:20.830-0300][31.582s][14796][3936 ][info][gc,heap     ] GC(37) Y: Reclaimed:         -                  -                40M (1%)           67M (2%)     
[2026-06-26T13:53:20.830-0300][31.582s][14796][3936 ][info][gc,heap     ] GC(37) Y:  Promoted:         -                  -                97M (3%)          102M (3%)     
[2026-06-26T13:53:20.830-0300][31.582s][14796][3936 ][info][gc,heap     ] GC(37) Y: Compacted:         -                  -                  -                 2M (0%)     
[2026-06-26T13:53:20.830-0300][31.582s][14796][3936 ][info][gc,phases   ] GC(37) Y: Young Generation 1106M(36%)->1114M(36%) 0.147s
[2026-06-26T13:53:20.830-0300][31.582s][14796][3936 ][info][gc,phases   ] GC(37) O: Old Generation
[2026-06-26T13:53:21.513-0300][32.265s][14796][14908][info][gc,task     ] Adjusting Workers for Old Generation: 1 -> 2
[2026-06-26T13:53:21.513-0300][32.265s][14796][14024][info][gc          ] GC(38) Minor Collection (Allocation Rate)
[2026-06-26T13:53:21.513-0300][32.265s][14796][14024][info][gc,task     ] GC(38) Using 1 Workers for Young Generation
[2026-06-26T13:53:21.513-0300][32.265s][14796][14024][info][gc,phases   ] GC(38) y: Young Generation
[2026-06-26T13:53:21.513-0300][32.265s][14796][15076][info][gc,phases   ] GC(38) y: Pause Mark Start 0.012ms
[2026-06-26T13:53:21.600-0300][32.352s][14796][14024][info][gc,phases   ] GC(38) y: Concurrent Mark 86.947ms
[2026-06-26T13:53:21.600-0300][32.352s][14796][15076][info][gc,phases   ] GC(38) y: Pause Mark End 0.012ms
[2026-06-26T13:53:21.600-0300][32.352s][14796][14024][info][gc,phases   ] GC(38) y: Concurrent Mark Free 0.004ms
[2026-06-26T13:53:21.601-0300][32.352s][14796][14024][info][gc,phases   ] GC(38) y: Concurrent Reset Relocation Set 0.045ms
[2026-06-26T13:53:21.601-0300][32.352s][14796][14024][info][gc,reloc    ] GC(38) y: Using tenuring threshold: 2 (Computed)
[2026-06-26T13:53:21.604-0300][32.356s][14796][14024][info][gc,phases   ] GC(38) y: Concurrent Select Relocation Set 4.215ms
[2026-06-26T13:53:21.604-0300][32.356s][14796][15076][info][gc,phases   ] GC(38) y: Pause Relocate Start 0.012ms
[2026-06-26T13:53:21.651-0300][32.403s][14796][14024][info][gc,phases   ] GC(38) y: Concurrent Relocate 46.167ms
[2026-06-26T13:53:21.652-0300][32.403s][14796][14024][info][gc,alloc    ] GC(38) y:                         Mark Start        Mark End      Relocate Start    Relocate End   
[2026-06-26T13:53:21.652-0300][32.403s][14796][14024][info][gc,alloc    ] GC(38) y: Allocation Stalls:          0                0                0                0         
[2026-06-26T13:53:21.652-0300][32.403s][14796][14024][info][gc,load     ] GC(38) y: Load: 0.00 (0%) / 0.00 (0%) / 0.00 (0%)
[2026-06-26T13:53:21.652-0300][32.403s][14796][14024][info][gc,mmu      ] GC(38) y: MMU: 2ms/97.9%, 5ms/98.8%, 10ms/99.4%, 20ms/99.6%, 50ms/99.8%, 100ms/99.8%
[2026-06-26T13:53:21.652-0300][32.403s][14796][14024][info][gc,marking  ] GC(38) y: Mark: 1 stripe(s), 2 proactive flush(es), 1 terminate flush(es), 0 completion(s), 0 continuation(s) 
[2026-06-26T13:53:21.652-0300][32.403s][14796][14024][info][gc,nmethod  ] GC(38) y: NMethods: 10801 registered, 182 unregistered
[2026-06-26T13:53:21.652-0300][32.403s][14796][14024][info][gc,metaspace] GC(38) y: Metaspace: 63M used, 64M committed, 1088M reserved
[2026-06-26T13:53:21.652-0300][32.403s][14796][14024][info][gc,reloc    ] GC(38) y:                        Candidates     Selected     In-Place         Size        Empty    Relocated 
[2026-06-26T13:53:21.652-0300][32.403s][14796][14024][info][gc,reloc    ] GC(38) y: Small Pages:                   77           58            0         154M           0M          21M 
[2026-06-26T13:53:21.652-0300][32.403s][14796][14024][info][gc,reloc    ] GC(38) y: Medium Pages:                   0            0            0           0M           0M           0M 
[2026-06-26T13:53:21.652-0300][32.403s][14796][14024][info][gc,reloc    ] GC(38) y: Large Pages:                    0            0            0           0M           0M           0M 
[2026-06-26T13:53:21.652-0300][32.403s][14796][14024][info][gc,reloc    ] GC(38) y: Forwarding Usage: 18M
[2026-06-26T13:53:21.652-0300][32.403s][14796][14024][info][gc,reloc    ] GC(38) y: Age Table:
[2026-06-26T13:53:21.652-0300][32.403s][14796][14024][info][gc,reloc    ] GC(38) y:                    Live             Garbage             Small              Medium             Large        
[2026-06-26T13:53:21.652-0300][32.403s][14796][14024][info][gc,reloc    ] GC(38) y: Eden              30M (1%)          113M (4%)          72 / 55             0 / 0              0 / 0        
[2026-06-26T13:53:21.652-0300][32.403s][14796][14024][info][gc,reloc    ] GC(38) y: Survivor 1         2M (0%)            7M (0%)           5 / 3              0 / 0              0 / 0        
[2026-06-26T13:53:21.652-0300][32.403s][14796][14024][info][gc,heap     ] GC(38) y: Min Capacity: 8M(0%)
[2026-06-26T13:53:21.652-0300][32.403s][14796][14024][info][gc,heap     ] GC(38) y: Max Capacity: 3072M(100%)
[2026-06-26T13:53:21.652-0300][32.403s][14796][14024][info][gc,heap     ] GC(38) y: Soft Max Capacity: 3072M(100%)
[2026-06-26T13:53:21.652-0300][32.403s][14796][14024][info][gc,heap     ] GC(38) y: Heap Statistics:
[2026-06-26T13:53:21.652-0300][32.403s][14796][14024][info][gc,heap     ] GC(38) y:                Mark Start          Mark End        Relocate Start      Relocate End           High               Low         
[2026-06-26T13:53:21.652-0300][32.403s][14796][14024][info][gc,heap     ] GC(38) y:  Capacity:     3072M (100%)       3072M (100%)       3072M (100%)       3072M (100%)       3072M (100%)       3072M (100%)   
[2026-06-26T13:53:21.652-0300][32.403s][14796][14024][info][gc,heap     ] GC(38) y:      Free:     1846M (60%)        1826M (59%)        1826M (59%)        1930M (63%)        1930M (63%)        1822M (59%)    
[2026-06-26T13:53:21.652-0300][32.403s][14796][14024][info][gc,heap     ] GC(38) y:      Used:     1226M (40%)        1246M (41%)        1246M (41%)        1142M (37%)        1250M (41%)        1142M (37%)    
[2026-06-26T13:53:21.652-0300][32.403s][14796][14024][info][gc,heap     ] GC(38) y: Young Generation Statistics:
[2026-06-26T13:53:21.652-0300][32.403s][14796][14024][info][gc,heap     ] GC(38) y:                Mark Start          Mark End        Relocate Start      Relocate End    
[2026-06-26T13:53:21.652-0300][32.403s][14796][14024][info][gc,heap     ] GC(38) y:      Used:      154M (5%)          174M (6%)          174M (6%)           70M (2%)     
[2026-06-26T13:53:21.652-0300][32.403s][14796][14024][info][gc,heap     ] GC(38) y:      Live:         -                32M (1%)           32M (1%)           32M (1%)     
[2026-06-26T13:53:21.652-0300][32.403s][14796][14024][info][gc,heap     ] GC(38) y:   Garbage:         -               121M (4%)          121M (4%)            0M (0%)     
[2026-06-26T13:53:21.652-0300][32.403s][14796][14024][info][gc,heap     ] GC(38) y: Allocated:         -                20M (1%)           20M (1%)           37M (1%)     
[2026-06-26T13:53:21.652-0300][32.403s][14796][14024][info][gc,heap     ] GC(38) y: Reclaimed:         -                  -                 0M (0%)          121M (4%)     
[2026-06-26T13:53:21.652-0300][32.403s][14796][14024][info][gc,heap     ] GC(38) y:  Promoted:         -                  -                 0M (0%)            0M (0%)     
[2026-06-26T13:53:21.652-0300][32.403s][14796][14024][info][gc,heap     ] GC(38) y: Compacted:         -                  -                  -                30M (1%)     
[2026-06-26T13:53:21.652-0300][32.403s][14796][14024][info][gc,phases   ] GC(38) y: Young Generation 1226M(40%)->1142M(37%) 0.138s
[2026-06-26T13:53:21.652-0300][32.403s][14796][14024][info][gc          ] GC(38) Minor Collection (Allocation Rate) 1226M(40%)->1142M(37%) 0.139s
[2026-06-26T13:53:22.012-0300][32.764s][14796][3936 ][info][gc,phases   ] GC(37) O: Concurrent Mark 1181.170ms
[2026-06-26T13:53:22.012-0300][32.764s][14796][15076][info][gc,phases   ] GC(37) O: Pause Mark End 0.020ms
[2026-06-26T13:53:22.013-0300][32.764s][14796][3936 ][info][gc,phases   ] GC(37) O: Concurrent Mark Free 0.008ms
[2026-06-26T13:53:22.028-0300][32.779s][14796][3936 ][info][gc,phases   ] GC(37) O: Concurrent Process Non-Strong 15.049ms
[2026-06-26T13:53:22.028-0300][32.779s][14796][3936 ][info][gc,phases   ] GC(37) O: Concurrent Reset Relocation Set 0.007ms
[2026-06-26T13:53:22.029-0300][32.780s][14796][3936 ][info][gc,phases   ] GC(37) O: Concurrent Select Relocation Set 1.131ms
[2026-06-26T13:53:22.029-0300][32.780s][14796][3936 ][info][gc,task     ] GC(37) O: Using 3 Workers for Old Generation
[2026-06-26T13:53:22.034-0300][32.785s][14796][3936 ][info][gc,task     ] GC(37) O: Using 2 Workers for Old Generation
[2026-06-26T13:53:22.034-0300][32.786s][14796][3936 ][info][gc,phases   ] GC(37) O: Concurrent Remap Roots 5.449ms
[2026-06-26T13:53:22.034-0300][32.786s][14796][15076][info][gc,phases   ] GC(37) O: Pause Relocate Start 0.011ms
[2026-06-26T13:53:22.060-0300][32.812s][14796][3936 ][info][gc,phases   ] GC(37) O: Concurrent Relocate 26.114ms
[2026-06-26T13:53:22.060-0300][32.812s][14796][3936 ][info][gc,alloc    ] GC(37) O:                         Mark Start        Mark End      Relocate Start    Relocate End   
[2026-06-26T13:53:22.060-0300][32.812s][14796][3936 ][info][gc,alloc    ] GC(37) O: Allocation Stalls:          0                0                0                0         
[2026-06-26T13:53:22.060-0300][32.812s][14796][3936 ][info][gc,load     ] GC(37) O: Load: 0.00 (0%) / 0.00 (0%) / 0.00 (0%)
[2026-06-26T13:53:22.060-0300][32.812s][14796][3936 ][info][gc,mmu      ] GC(37) O: MMU: 2ms/97.9%, 5ms/98.8%, 10ms/99.4%, 20ms/99.6%, 50ms/99.8%, 100ms/99.8%
[2026-06-26T13:53:22.060-0300][32.812s][14796][3936 ][info][gc,marking  ] GC(37) O: Mark: 1 stripe(s), 2 proactive flush(es), 1 terminate flush(es), 0 completion(s), 0 continuation(s) 
[2026-06-26T13:53:22.060-0300][32.812s][14796][3936 ][info][gc,nmethod  ] GC(37) O: NMethods: 10498 registered, 497 unregistered
[2026-06-26T13:53:22.060-0300][32.812s][14796][3936 ][info][gc,metaspace] GC(37) O: Metaspace: 63M used, 64M committed, 1088M reserved
[2026-06-26T13:53:22.060-0300][32.812s][14796][3936 ][info][gc,ref      ] GC(37) O:                       Encountered   Discovered     Enqueued 
[2026-06-26T13:53:22.060-0300][32.812s][14796][3936 ][info][gc,ref      ] GC(37) O: Soft References:             5360            0            0 
[2026-06-26T13:53:22.060-0300][32.812s][14796][3936 ][info][gc,ref      ] GC(37) O: Weak References:             4492         3685          163 
[2026-06-26T13:53:22.060-0300][32.812s][14796][3936 ][info][gc,ref      ] GC(37) O: Final References:              14            0            0 
[2026-06-26T13:53:22.060-0300][32.812s][14796][3936 ][info][gc,ref      ] GC(37) O: Phantom References:         35628         6390            0 
[2026-06-26T13:53:22.061-0300][32.812s][14796][3936 ][info][gc,reloc    ] GC(37) O:                        Candidates     Selected     In-Place         Size        Empty    Relocated 
[2026-06-26T13:53:22.061-0300][32.812s][14796][3936 ][info][gc,reloc    ] GC(37) O: Small Pages:                  413           18            0         826M           0M           8M 
[2026-06-26T13:53:22.061-0300][32.812s][14796][3936 ][info][gc,reloc    ] GC(37) O: Medium Pages:                   3            2            0          96M           0M          24M 
[2026-06-26T13:53:22.061-0300][32.812s][14796][3936 ][info][gc,reloc    ] GC(37) O: Large Pages:                    1            0            0          12M           0M           0M 
[2026-06-26T13:53:22.061-0300][32.812s][14796][3936 ][info][gc,reloc    ] GC(37) O: Forwarding Usage: 12M
[2026-06-26T13:53:22.061-0300][32.812s][14796][3936 ][info][gc,heap     ] GC(37) O: Min Capacity: 8M(0%)
[2026-06-26T13:53:22.061-0300][32.812s][14796][3936 ][info][gc,heap     ] GC(37) O: Max Capacity: 3072M(100%)
[2026-06-26T13:53:22.061-0300][32.812s][14796][3936 ][info][gc,heap     ] GC(37) O: Soft Max Capacity: 3072M(100%)
[2026-06-26T13:53:22.061-0300][32.812s][14796][3936 ][info][gc,heap     ] GC(37) O: Heap Statistics:
[2026-06-26T13:53:22.061-0300][32.812s][14796][3936 ][info][gc,heap     ] GC(37) O:                Mark Start          Mark End        Relocate Start      Relocate End           High               Low         
[2026-06-26T13:53:22.061-0300][32.812s][14796][3936 ][info][gc,heap     ] GC(37) O:  Capacity:     3072M (100%)       3072M (100%)       3072M (100%)       3072M (100%)       3072M (100%)       3072M (100%)   
[2026-06-26T13:53:22.061-0300][32.812s][14796][3936 ][info][gc,heap     ] GC(37) O:      Free:     1966M (64%)        1864M (61%)        1862M (61%)        1950M (63%)        1966M (64%)        1822M (59%)    
[2026-06-26T13:53:22.061-0300][32.812s][14796][3936 ][info][gc,heap     ] GC(37) O:      Used:     1106M (36%)        1208M (39%)        1210M (39%)        1122M (37%)        1250M (41%)        1106M (36%)    
[2026-06-26T13:53:22.061-0300][32.812s][14796][3936 ][info][gc,heap     ] GC(37) O: Old Generation Statistics:
[2026-06-26T13:53:22.061-0300][32.812s][14796][3936 ][info][gc,heap     ] GC(37) O:                Mark Start          Mark End        Relocate Start      Relocate End    
[2026-06-26T13:53:22.061-0300][32.812s][14796][3936 ][info][gc,heap     ] GC(37) O:      Used:      934M (30%)        1072M (35%)        1072M (35%)         978M (32%)    
[2026-06-26T13:53:22.061-0300][32.812s][14796][3936 ][info][gc,heap     ] GC(37) O:      Live:         -               796M (26%)         796M (26%)         796M (26%)    
[2026-06-26T13:53:22.061-0300][32.812s][14796][3936 ][info][gc,heap     ] GC(37) O:   Garbage:         -               137M (4%)          137M (4%)           24M (1%)     
[2026-06-26T13:53:22.061-0300][32.812s][14796][3936 ][info][gc,heap     ] GC(37) O: Allocated:         -               138M (4%)          138M (4%)          156M (5%)     
[2026-06-26T13:53:22.061-0300][32.812s][14796][3936 ][info][gc,heap     ] GC(37) O: Reclaimed:         -                  -                 0M (0%)          112M (4%)     
[2026-06-26T13:53:22.061-0300][32.812s][14796][3936 ][info][gc,heap     ] GC(37) O: Compacted:         -                  -                  -                69M (2%)     
[2026-06-26T13:53:22.061-0300][32.812s][14796][3936 ][info][gc,phases   ] GC(37) O: Old Generation 1114M(36%)->1122M(37%) 1.229s
[2026-06-26T13:53:22.061-0300][32.812s][14796][3936 ][info][gc          ] GC(37) Major Collection (Allocation Rate) 1106M(36%)->1122M(37%) 1.378s
[2026-06-26T13:53:22.119-0300][32.870s][14796][14024][info][gc          ] GC(39) Minor Collection (Allocation Rate)
[2026-06-26T13:53:22.119-0300][32.870s][14796][14024][info][gc,task     ] GC(39) Using 3 Workers for Young Generation
[2026-06-26T13:53:22.119-0300][32.870s][14796][14024][info][gc,phases   ] GC(39) y: Young Generation
[2026-06-26T13:53:22.119-0300][32.870s][14796][15076][info][gc,phases   ] GC(39) y: Pause Mark Start 0.014ms
[2026-06-26T13:53:22.183-0300][32.936s][14796][14024][info][gc,phases   ] GC(39) y: Concurrent Mark 65.361ms
[2026-06-26T13:53:22.183-0300][32.936s][14796][15076][info][gc,phases   ] GC(39) y: Pause Mark End 0.013ms
[2026-06-26T13:53:22.184-0300][32.936s][14796][14024][info][gc,phases   ] GC(39) y: Concurrent Mark Free 0.006ms
[2026-06-26T13:53:22.184-0300][32.936s][14796][14024][info][gc,phases   ] GC(39) y: Concurrent Reset Relocation Set 0.009ms
[2026-06-26T13:53:22.184-0300][32.936s][14796][14024][info][gc,reloc    ] GC(39) y: Using tenuring threshold: 3 (Computed)
[2026-06-26T13:53:22.188-0300][32.940s][14796][14024][info][gc,phases   ] GC(39) y: Concurrent Select Relocation Set 4.509ms
[2026-06-26T13:53:22.188-0300][32.940s][14796][15076][info][gc,phases   ] GC(39) y: Pause Relocate Start 0.011ms
[2026-06-26T13:53:22.208-0300][32.959s][14796][14024][info][gc,phases   ] GC(39) y: Concurrent Relocate 18.315ms
[2026-06-26T13:53:22.208-0300][32.959s][14796][14024][info][gc,alloc    ] GC(39) y:                         Mark Start        Mark End      Relocate Start    Relocate End   
[2026-06-26T13:53:22.208-0300][32.959s][14796][14024][info][gc,alloc    ] GC(39) y: Allocation Stalls:          0                0                0                0         
[2026-06-26T13:53:22.208-0300][32.959s][14796][14024][info][gc,load     ] GC(39) y: Load: 0.00 (0%) / 0.00 (0%) / 0.00 (0%)
[2026-06-26T13:53:22.208-0300][32.959s][14796][14024][info][gc,mmu      ] GC(39) y: MMU: 2ms/97.9%, 5ms/98.8%, 10ms/99.4%, 20ms/99.6%, 50ms/99.8%, 100ms/99.8%
[2026-06-26T13:53:22.208-0300][32.959s][14796][14024][info][gc,marking  ] GC(39) y: Mark: 2 stripe(s), 10 proactive flush(es), 1 terminate flush(es), 0 completion(s), 0 continuation(s) 
[2026-06-26T13:53:22.208-0300][32.959s][14796][14024][info][gc,nmethod  ] GC(39) y: NMethods: 10498 registered, 497 unregistered
[2026-06-26T13:53:22.208-0300][32.959s][14796][14024][info][gc,metaspace] GC(39) y: Metaspace: 63M used, 64M committed, 1088M reserved
[2026-06-26T13:53:22.208-0300][32.959s][14796][14024][info][gc,reloc    ] GC(39) y:                        Candidates     Selected     In-Place         Size        Empty    Relocated 
[2026-06-26T13:53:22.208-0300][32.959s][14796][14024][info][gc,reloc    ] GC(39) y: Small Pages:                   77           44            0         154M           0M          20M 
[2026-06-26T13:53:22.208-0300][32.959s][14796][14024][info][gc,reloc    ] GC(39) y: Medium Pages:                   0            0            0           0M           0M           0M 
[2026-06-26T13:53:22.208-0300][32.959s][14796][14024][info][gc,reloc    ] GC(39) y: Large Pages:                    0            0            0           0M           0M           0M 
[2026-06-26T13:53:22.208-0300][32.959s][14796][14024][info][gc,reloc    ] GC(39) y: Forwarding Usage: 18M
[2026-06-26T13:53:22.208-0300][32.959s][14796][14024][info][gc,reloc    ] GC(39) y: Age Table:
[2026-06-26T13:53:22.208-0300][32.959s][14796][14024][info][gc,reloc    ] GC(39) y:                    Live             Garbage             Small              Medium             Large        
[2026-06-26T13:53:22.208-0300][32.959s][14796][14024][info][gc,reloc    ] GC(39) y: Eden              28M (1%)           83M (3%)          56 / 39             0 / 0              0 / 0        
[2026-06-26T13:53:22.208-0300][32.959s][14796][14024][info][gc,reloc    ] GC(39) y: Survivor 1        29M (1%)            6M (0%)          18 / 3              0 / 0              0 / 0        
[2026-06-26T13:53:22.208-0300][32.959s][14796][14024][info][gc,reloc    ] GC(39) y: Survivor 2         2M (0%)            3M (0%)           3 / 2              0 / 0              0 / 0        
[2026-06-26T13:53:22.208-0300][32.959s][14796][14024][info][gc,heap     ] GC(39) y: Min Capacity: 8M(0%)
[2026-06-26T13:53:22.208-0300][32.959s][14796][14024][info][gc,heap     ] GC(39) y: Max Capacity: 3072M(100%)
[2026-06-26T13:53:22.208-0300][32.959s][14796][14024][info][gc,heap     ] GC(39) y: Soft Max Capacity: 3072M(100%)
[2026-06-26T13:53:22.208-0300][32.959s][14796][14024][info][gc,heap     ] GC(39) y: Heap Statistics:
[2026-06-26T13:53:22.208-0300][32.959s][14796][14024][info][gc,heap     ] GC(39) y:                Mark Start          Mark End        Relocate Start      Relocate End           High               Low         
[2026-06-26T13:53:22.208-0300][32.959s][14796][14024][info][gc,heap     ] GC(39) y:  Capacity:     3072M (100%)       3072M (100%)       3072M (100%)       3072M (100%)       3072M (100%)       3072M (100%)   
[2026-06-26T13:53:22.208-0300][32.959s][14796][14024][info][gc,heap     ] GC(39) y:      Free:     1940M (63%)        1916M (62%)        1916M (62%)        1996M (65%)        1996M (65%)        1910M (62%)    
[2026-06-26T13:53:22.208-0300][32.959s][14796][14024][info][gc,heap     ] GC(39) y:      Used:     1132M (37%)        1156M (38%)        1156M (38%)        1076M (35%)        1162M (38%)        1076M (35%)    
[2026-06-26T13:53:22.208-0300][32.959s][14796][14024][info][gc,heap     ] GC(39) y: Young Generation Statistics:
[2026-06-26T13:53:22.208-0300][32.959s][14796][14024][info][gc,heap     ] GC(39) y:                Mark Start          Mark End        Relocate Start      Relocate End    
[2026-06-26T13:53:22.208-0300][32.959s][14796][14024][info][gc,heap     ] GC(39) y:      Used:      154M (5%)          178M (6%)          178M (6%)           98M (3%)     
[2026-06-26T13:53:22.208-0300][32.959s][14796][14024][info][gc,heap     ] GC(39) y:      Live:         -                60M (2%)           60M (2%)           60M (2%)     
[2026-06-26T13:53:22.208-0300][32.959s][14796][14024][info][gc,heap     ] GC(39) y:   Garbage:         -                93M (3%)           93M (3%)            0M (0%)     
[2026-06-26T13:53:22.208-0300][32.959s][14796][14024][info][gc,heap     ] GC(39) y: Allocated:         -                24M (1%)           24M (1%)           36M (1%)     
[2026-06-26T13:53:22.208-0300][32.959s][14796][14024][info][gc,heap     ] GC(39) y: Reclaimed:         -                  -                 0M (0%)           92M (3%)     
[2026-06-26T13:53:22.208-0300][32.959s][14796][14024][info][gc,heap     ] GC(39) y:  Promoted:         -                  -                 0M (0%)            0M (0%)     
[2026-06-26T13:53:22.208-0300][32.959s][14796][14024][info][gc,heap     ] GC(39) y: Compacted:         -                  -                  -                31M (1%)     
[2026-06-26T13:53:22.208-0300][32.959s][14796][14024][info][gc,phases   ] GC(39) y: Young Generation 1132M(37%)->1076M(35%) 0.089s
[2026-06-26T13:53:22.208-0300][32.959s][14796][14024][info][gc          ] GC(39) Minor Collection (Allocation Rate) 1132M(37%)->1076M(35%) 0.089s
[2026-06-26T13:53:22.495-0300][33.246s][14796][14024][info][gc          ] GC(40) Minor Collection (Allocation Rate)
[2026-06-26T13:53:22.495-0300][33.246s][14796][14024][info][gc,task     ] GC(40) Using 3 Workers for Young Generation
[2026-06-26T13:53:22.495-0300][33.246s][14796][14024][info][gc,phases   ] GC(40) y: Young Generation
[2026-06-26T13:53:22.495-0300][33.246s][14796][15076][info][gc,phases   ] GC(40) y: Pause Mark Start 0.011ms
[2026-06-26T13:53:22.569-0300][33.321s][14796][14024][info][gc,phases   ] GC(40) y: Concurrent Mark 74.528ms
[2026-06-26T13:53:22.569-0300][33.321s][14796][15076][info][gc,phases   ] GC(40) y: Pause Mark End 0.013ms
[2026-06-26T13:53:22.570-0300][33.321s][14796][14024][info][gc,phases   ] GC(40) y: Concurrent Mark Free 0.004ms
[2026-06-26T13:53:22.570-0300][33.321s][14796][14024][info][gc,phases   ] GC(40) y: Concurrent Reset Relocation Set 0.007ms
[2026-06-26T13:53:22.570-0300][33.321s][14796][14024][info][gc,reloc    ] GC(40) y: Using tenuring threshold: 3 (Computed)
[2026-06-26T13:53:22.572-0300][33.323s][14796][14024][info][gc,phases   ] GC(40) y: Concurrent Select Relocation Set 2.273ms
[2026-06-26T13:53:22.572-0300][33.323s][14796][15076][info][gc,phases   ] GC(40) y: Pause Relocate Start 0.010ms
[2026-06-26T13:53:22.586-0300][33.337s][14796][14024][info][gc,phases   ] GC(40) y: Concurrent Relocate 13.720ms
[2026-06-26T13:53:22.586-0300][33.337s][14796][14024][info][gc,alloc    ] GC(40) y:                         Mark Start        Mark End      Relocate Start    Relocate End   
[2026-06-26T13:53:22.586-0300][33.337s][14796][14024][info][gc,alloc    ] GC(40) y: Allocation Stalls:          0                0                0                0         
[2026-06-26T13:53:22.586-0300][33.337s][14796][14024][info][gc,load     ] GC(40) y: Load: 0.00 (0%) / 0.00 (0%) / 0.00 (0%)
[2026-06-26T13:53:22.586-0300][33.337s][14796][14024][info][gc,mmu      ] GC(40) y: MMU: 2ms/97.9%, 5ms/98.8%, 10ms/99.4%, 20ms/99.6%, 50ms/99.8%, 100ms/99.8%
[2026-06-26T13:53:22.586-0300][33.337s][14796][14024][info][gc,marking  ] GC(40) y: Mark: 2 stripe(s), 2 proactive flush(es), 1 terminate flush(es), 0 completion(s), 0 continuation(s) 
[2026-06-26T13:53:22.586-0300][33.337s][14796][14024][info][gc,nmethod  ] GC(40) y: NMethods: 10556 registered, 497 unregistered
[2026-06-26T13:53:22.586-0300][33.337s][14796][14024][info][gc,metaspace] GC(40) y: Metaspace: 63M used, 64M committed, 1088M reserved
[2026-06-26T13:53:22.586-0300][33.337s][14796][14024][info][gc,reloc    ] GC(40) y:                        Candidates     Selected     In-Place         Size        Empty    Relocated 
[2026-06-26T13:53:22.586-0300][33.337s][14796][14024][info][gc,reloc    ] GC(40) y: Small Pages:                   77           33            0         154M           2M          14M 
[2026-06-26T13:53:22.586-0300][33.337s][14796][14024][info][gc,reloc    ] GC(40) y: Medium Pages:                   0            0            0           0M           0M           0M 
[2026-06-26T13:53:22.586-0300][33.337s][14796][14024][info][gc,reloc    ] GC(40) y: Large Pages:                    0            0            0           0M           0M           0M 
[2026-06-26T13:53:22.586-0300][33.337s][14796][14024][info][gc,reloc    ] GC(40) y: Forwarding Usage: 12M
[2026-06-26T13:53:22.586-0300][33.337s][14796][14024][info][gc,reloc    ] GC(40) y: Age Table:
[2026-06-26T13:53:22.586-0300][33.337s][14796][14024][info][gc,reloc    ] GC(40) y:                    Live             Garbage             Small              Medium             Large        
[2026-06-26T13:53:22.586-0300][33.337s][14796][14024][info][gc,reloc    ] GC(40) y: Eden              19M (1%)           64M (2%)          42 / 30             0 / 0              0 / 0        
[2026-06-26T13:53:22.586-0300][33.337s][14796][14024][info][gc,reloc    ] GC(40) y: Survivor 1        28M (1%)            3M (0%)          16 / 1              0 / 0              0 / 0        
[2026-06-26T13:53:22.586-0300][33.337s][14796][14024][info][gc,reloc    ] GC(40) y: Survivor 2        29M (1%)            2M (0%)          16 / 0              0 / 0              0 / 0        
[2026-06-26T13:53:22.586-0300][33.337s][14796][14024][info][gc,reloc    ] GC(40) y: Survivor 3         2M (0%)            3M (0%)           3 / 2              0 / 0              0 / 0        
[2026-06-26T13:53:22.586-0300][33.337s][14796][14024][info][gc,heap     ] GC(40) y: Min Capacity: 8M(0%)
[2026-06-26T13:53:22.586-0300][33.337s][14796][14024][info][gc,heap     ] GC(40) y: Max Capacity: 3072M(100%)
[2026-06-26T13:53:22.586-0300][33.337s][14796][14024][info][gc,heap     ] GC(40) y: Soft Max Capacity: 3072M(100%)
[2026-06-26T13:53:22.586-0300][33.337s][14796][14024][info][gc,heap     ] GC(40) y: Heap Statistics:
[2026-06-26T13:53:22.586-0300][33.337s][14796][14024][info][gc,heap     ] GC(40) y:                Mark Start          Mark End        Relocate Start      Relocate End           High               Low         
[2026-06-26T13:53:22.586-0300][33.337s][14796][14024][info][gc,heap     ] GC(40) y:  Capacity:     3072M (100%)       3072M (100%)       3072M (100%)       3072M (100%)       3072M (100%)       3072M (100%)   
[2026-06-26T13:53:22.586-0300][33.337s][14796][14024][info][gc,heap     ] GC(40) y:      Free:     1940M (63%)        1916M (62%)        1918M (62%)        1970M (64%)        1970M (64%)        1910M (62%)    
[2026-06-26T13:53:22.586-0300][33.337s][14796][14024][info][gc,heap     ] GC(40) y:      Used:     1132M (37%)        1156M (38%)        1154M (38%)        1102M (36%)        1162M (38%)        1102M (36%)    
[2026-06-26T13:53:22.586-0300][33.337s][14796][14024][info][gc,heap     ] GC(40) y: Young Generation Statistics:
[2026-06-26T13:53:22.586-0300][33.337s][14796][14024][info][gc,heap     ] GC(40) y:                Mark Start          Mark End        Relocate Start      Relocate End    
[2026-06-26T13:53:22.586-0300][33.337s][14796][14024][info][gc,heap     ] GC(40) y:      Used:      154M (5%)          178M (6%)          174M (6%)          120M (4%)     
[2026-06-26T13:53:22.586-0300][33.337s][14796][14024][info][gc,heap     ] GC(40) y:      Live:         -                80M (3%)           78M (3%)           78M (3%)     
[2026-06-26T13:53:22.586-0300][33.337s][14796][14024][info][gc,heap     ] GC(40) y:   Garbage:         -                73M (2%)           71M (2%)            2M (0%)     
[2026-06-26T13:53:22.586-0300][33.337s][14796][14024][info][gc,heap     ] GC(40) y: Allocated:         -                24M (1%)           24M (1%)           39M (1%)     
[2026-06-26T13:53:22.586-0300][33.337s][14796][14024][info][gc,heap     ] GC(40) y: Reclaimed:         -                  -                 2M (0%)           71M (2%)     
[2026-06-26T13:53:22.586-0300][33.337s][14796][14024][info][gc,heap     ] GC(40) y:  Promoted:         -                  -                 1M (0%)            2M (0%)     
[2026-06-26T13:53:22.586-0300][33.337s][14796][14024][info][gc,heap     ] GC(40) y: Compacted:         -                  -                  -                20M (1%)     
[2026-06-26T13:53:22.586-0300][33.338s][14796][14024][info][gc,phases   ] GC(40) y: Young Generation 1132M(37%)->1102M(36%) 0.091s
[2026-06-26T13:53:22.586-0300][33.338s][14796][14024][info][gc          ] GC(40) Minor Collection (Allocation Rate) 1132M(37%)->1102M(36%) 0.092s
[2026-06-26T13:53:22.745-0300][33.496s][14796][3936 ][info][gc          ] GC(41) Major Collection (Allocation Rate)
[2026-06-26T13:53:22.745-0300][33.496s][14796][3936 ][info][gc,task     ] GC(41) Using 3 Workers for Young Generation
[2026-06-26T13:53:22.745-0300][33.496s][14796][3936 ][info][gc,task     ] GC(41) Using 1 Workers for Old Generation
[2026-06-26T13:53:22.745-0300][33.497s][14796][3936 ][info][gc,phases   ] GC(41) Y: Young Generation
[2026-06-26T13:53:22.745-0300][33.497s][14796][15076][info][gc,phases   ] GC(41) Y: Pause Mark Start (Major) 0.017ms
[2026-06-26T13:53:22.830-0300][33.582s][14796][3936 ][info][gc,phases   ] GC(41) Y: Concurrent Mark 85.442ms
[2026-06-26T13:53:22.830-0300][33.582s][14796][15076][info][gc,phases   ] GC(41) Y: Pause Mark End 0.013ms
[2026-06-26T13:53:22.830-0300][33.582s][14796][3936 ][info][gc,phases   ] GC(41) Y: Concurrent Mark Free 0.004ms
[2026-06-26T13:53:22.830-0300][33.582s][14796][3936 ][info][gc,phases   ] GC(41) Y: Concurrent Reset Relocation Set 0.006ms
[2026-06-26T13:53:22.831-0300][33.582s][14796][3936 ][info][gc,reloc    ] GC(41) Y: Using tenuring threshold: 2 (Computed)
[2026-06-26T13:53:22.843-0300][33.595s][14796][3936 ][info][gc,phases   ] GC(41) Y: Concurrent Select Relocation Set 12.664ms
[2026-06-26T13:53:22.843-0300][33.595s][14796][15076][info][gc,phases   ] GC(41) Y: Pause Relocate Start 0.011ms
[2026-06-26T13:53:22.869-0300][33.621s][14796][3936 ][info][gc,phases   ] GC(41) Y: Concurrent Relocate 25.962ms
[2026-06-26T13:53:22.870-0300][33.621s][14796][3936 ][info][gc,alloc    ] GC(41) Y:                         Mark Start        Mark End      Relocate Start    Relocate End   
[2026-06-26T13:53:22.870-0300][33.621s][14796][3936 ][info][gc,alloc    ] GC(41) Y: Allocation Stalls:          0                0                0                0         
[2026-06-26T13:53:22.870-0300][33.621s][14796][3936 ][info][gc,load     ] GC(41) Y: Load: 0.00 (0%) / 0.00 (0%) / 0.00 (0%)
[2026-06-26T13:53:22.870-0300][33.621s][14796][3936 ][info][gc,mmu      ] GC(41) Y: MMU: 2ms/97.9%, 5ms/98.8%, 10ms/99.4%, 20ms/99.6%, 50ms/99.8%, 100ms/99.8%
[2026-06-26T13:53:22.870-0300][33.621s][14796][3936 ][info][gc,marking  ] GC(41) Y: Mark: 2 stripe(s), 2 proactive flush(es), 1 terminate flush(es), 0 completion(s), 0 continuation(s) 
[2026-06-26T13:53:22.870-0300][33.621s][14796][3936 ][info][gc,nmethod  ] GC(41) Y: NMethods: 10598 registered, 497 unregistered
[2026-06-26T13:53:22.870-0300][33.621s][14796][3936 ][info][gc,metaspace] GC(41) Y: Metaspace: 63M used, 65M committed, 1088M reserved
[2026-06-26T13:53:22.870-0300][33.621s][14796][3936 ][info][gc,reloc    ] GC(41) Y:                        Candidates     Selected     In-Place         Size        Empty    Relocated 
[2026-06-26T13:53:22.870-0300][33.621s][14796][3936 ][info][gc,reloc    ] GC(41) Y: Small Pages:                   77           24            0         154M           2M           9M 
[2026-06-26T13:53:22.870-0300][33.621s][14796][3936 ][info][gc,reloc    ] GC(41) Y: Medium Pages:                   0            0            0           0M           0M           0M 
[2026-06-26T13:53:22.870-0300][33.621s][14796][3936 ][info][gc,reloc    ] GC(41) Y: Large Pages:                    0            0            0           0M           0M           0M 
[2026-06-26T13:53:22.870-0300][33.621s][14796][3936 ][info][gc,reloc    ] GC(41) Y: Forwarding Usage: 7M
[2026-06-26T13:53:22.870-0300][33.621s][14796][3936 ][info][gc,reloc    ] GC(41) Y: Age Table:
[2026-06-26T13:53:22.870-0300][33.621s][14796][3936 ][info][gc,reloc    ] GC(41) Y:                    Live             Garbage             Small              Medium             Large        
[2026-06-26T13:53:22.870-0300][33.621s][14796][3936 ][info][gc,reloc    ] GC(41) Y: Eden              19M (1%)           42M (1%)          31 / 20             0 / 0              0 / 0        
[2026-06-26T13:53:22.870-0300][33.621s][14796][3936 ][info][gc,reloc    ] GC(41) Y: Survivor 1        19M (1%)            6M (0%)          13 / 1              0 / 0              0 / 0        
[2026-06-26T13:53:22.870-0300][33.621s][14796][3936 ][info][gc,reloc    ] GC(41) Y: Survivor 2        28M (1%)            3M (0%)          16 / 2              0 / 0              0 / 0        
[2026-06-26T13:53:22.870-0300][33.621s][14796][3936 ][info][gc,reloc    ] GC(41) Y: Survivor 3        29M (1%)            4M (0%)          17 / 1              0 / 0              0 / 0        
[2026-06-26T13:53:22.870-0300][33.621s][14796][3936 ][info][gc,heap     ] GC(41) Y: Min Capacity: 8M(0%)
[2026-06-26T13:53:22.870-0300][33.621s][14796][3936 ][info][gc,heap     ] GC(41) Y: Max Capacity: 3072M(100%)
[2026-06-26T13:53:22.870-0300][33.621s][14796][3936 ][info][gc,heap     ] GC(41) Y: Soft Max Capacity: 3072M(100%)
[2026-06-26T13:53:22.870-0300][33.621s][14796][3936 ][info][gc,heap     ] GC(41) Y: Heap Statistics:
[2026-06-26T13:53:22.870-0300][33.621s][14796][3936 ][info][gc,heap     ] GC(41) Y:                Mark Start          Mark End        Relocate Start      Relocate End           High               Low         
[2026-06-26T13:53:22.870-0300][33.622s][14796][3936 ][info][gc,heap     ] GC(41) Y:  Capacity:     3072M (100%)       3072M (100%)       3072M (100%)       3072M (100%)       3072M (100%)       3072M (100%)   
[2026-06-26T13:53:22.870-0300][33.622s][14796][3936 ][info][gc,heap     ] GC(41) Y:      Free:     1936M (63%)        1914M (62%)        1916M (62%)        1954M (64%)        1958M (64%)        1908M (62%)    
[2026-06-26T13:53:22.870-0300][33.622s][14796][3936 ][info][gc,heap     ] GC(41) Y:      Used:     1136M (37%)        1158M (38%)        1156M (38%)        1118M (36%)        1164M (38%)        1114M (36%)    
[2026-06-26T13:53:22.870-0300][33.622s][14796][3936 ][info][gc,heap     ] GC(41) Y: Young Generation Statistics:
[2026-06-26T13:53:22.870-0300][33.622s][14796][3936 ][info][gc,heap     ] GC(41) Y:                Mark Start          Mark End        Relocate Start      Relocate End    
[2026-06-26T13:53:22.870-0300][33.622s][14796][3936 ][info][gc,heap     ] GC(41) Y:      Used:      154M (5%)          176M (6%)          116M (4%)           74M (2%)     
[2026-06-26T13:53:22.870-0300][33.622s][14796][3936 ][info][gc,heap     ] GC(41) Y:      Live:         -                97M (3%)           40M (1%)           38M (1%)     
[2026-06-26T13:53:22.870-0300][33.622s][14796][3936 ][info][gc,heap     ] GC(41) Y:   Garbage:         -                56M (2%)           53M (2%)            2M (0%)     
[2026-06-26T13:53:22.870-0300][33.622s][14796][3936 ][info][gc,heap     ] GC(41) Y: Allocated:         -                22M (1%)           22M (1%)           32M (1%)     
[2026-06-26T13:53:22.870-0300][33.622s][14796][3936 ][info][gc,heap     ] GC(41) Y: Reclaimed:         -                  -                 3M (0%)           54M (2%)     
[2026-06-26T13:53:22.870-0300][33.622s][14796][3936 ][info][gc,heap     ] GC(41) Y:  Promoted:         -                  -                56M (2%)           58M (2%)     
[2026-06-26T13:53:22.870-0300][33.622s][14796][3936 ][info][gc,heap     ] GC(41) Y: Compacted:         -                  -                  -                11M (0%)     
[2026-06-26T13:53:22.870-0300][33.622s][14796][3936 ][info][gc,phases   ] GC(41) Y: Young Generation 1136M(37%)->1118M(36%) 0.125s
[2026-06-26T13:53:22.870-0300][33.622s][14796][3936 ][info][gc,phases   ] GC(41) O: Old Generation
[2026-06-26T13:53:23.109-0300][33.860s][14796][14908][info][gc,task     ] Adjusting Workers for Old Generation: 1 -> 2
[2026-06-26T13:53:23.109-0300][33.860s][14796][14024][info][gc          ] GC(42) Minor Collection (Allocation Rate)
[2026-06-26T13:53:23.109-0300][33.861s][14796][14024][info][gc,task     ] GC(42) Using 1 Workers for Young Generation
[2026-06-26T13:53:23.109-0300][33.861s][14796][14024][info][gc,phases   ] GC(42) y: Young Generation
[2026-06-26T13:53:23.109-0300][33.861s][14796][15076][info][gc,phases   ] GC(42) y: Pause Mark Start 0.011ms
[2026-06-26T13:53:23.383-0300][34.134s][14796][14024][info][gc,phases   ] GC(42) y: Concurrent Mark 273.753ms
[2026-06-26T13:53:23.383-0300][34.135s][14796][15076][info][gc,phases   ] GC(42) y: Pause Mark End 0.013ms
[2026-06-26T13:53:23.383-0300][34.135s][14796][14024][info][gc,phases   ] GC(42) y: Concurrent Mark Free 0.001ms
[2026-06-26T13:53:23.383-0300][34.135s][14796][14024][info][gc,phases   ] GC(42) y: Concurrent Reset Relocation Set 0.032ms
[2026-06-26T13:53:23.383-0300][34.135s][14796][14024][info][gc,reloc    ] GC(42) y: Using tenuring threshold: 2 (Computed)
[2026-06-26T13:53:23.395-0300][34.147s][14796][14024][info][gc,phases   ] GC(42) y: Concurrent Select Relocation Set 12.002ms
[2026-06-26T13:53:23.396-0300][34.147s][14796][15076][info][gc,phases   ] GC(42) y: Pause Relocate Start 0.010ms
[2026-06-26T13:53:23.431-0300][34.183s][14796][14024][info][gc,phases   ] GC(42) y: Concurrent Relocate 35.732ms
[2026-06-26T13:53:23.431-0300][34.183s][14796][14024][info][gc,alloc    ] GC(42) y:                         Mark Start        Mark End      Relocate Start    Relocate End   
[2026-06-26T13:53:23.431-0300][34.183s][14796][14024][info][gc,alloc    ] GC(42) y: Allocation Stalls:          0                0                0                0         
[2026-06-26T13:53:23.431-0300][34.183s][14796][14024][info][gc,load     ] GC(42) y: Load: 0.00 (0%) / 0.00 (0%) / 0.00 (0%)
[2026-06-26T13:53:23.431-0300][34.183s][14796][14024][info][gc,mmu      ] GC(42) y: MMU: 2ms/97.9%, 5ms/98.8%, 10ms/99.4%, 20ms/99.6%, 50ms/99.8%, 100ms/99.8%
[2026-06-26T13:53:23.431-0300][34.183s][14796][14024][info][gc,marking  ] GC(42) y: Mark: 1 stripe(s), 2 proactive flush(es), 1 terminate flush(es), 0 completion(s), 0 continuation(s) 
[2026-06-26T13:53:23.431-0300][34.183s][14796][14024][info][gc,nmethod  ] GC(42) y: NMethods: 10709 registered, 497 unregistered
[2026-06-26T13:53:23.431-0300][34.183s][14796][14024][info][gc,metaspace] GC(42) y: Metaspace: 63M used, 65M committed, 1088M reserved
[2026-06-26T13:53:23.431-0300][34.183s][14796][14024][info][gc,reloc    ] GC(42) y:                        Candidates     Selected     In-Place         Size        Empty    Relocated 
[2026-06-26T13:53:23.431-0300][34.183s][14796][14024][info][gc,reloc    ] GC(42) y: Small Pages:                   77           28            0         154M           0M           9M 
[2026-06-26T13:53:23.431-0300][34.183s][14796][14024][info][gc,reloc    ] GC(42) y: Medium Pages:                   0            0            0           0M           0M           0M 
[2026-06-26T13:53:23.431-0300][34.183s][14796][14024][info][gc,reloc    ] GC(42) y: Large Pages:                    0            0            0           0M           0M           0M 
[2026-06-26T13:53:23.431-0300][34.183s][14796][14024][info][gc,reloc    ] GC(42) y: Forwarding Usage: 6M
[2026-06-26T13:53:23.431-0300][34.183s][14796][14024][info][gc,reloc    ] GC(42) y: Age Table:
[2026-06-26T13:53:23.431-0300][34.183s][14796][14024][info][gc,reloc    ] GC(42) y:                    Live             Garbage             Small              Medium             Large        
[2026-06-26T13:53:23.431-0300][34.183s][14796][14024][info][gc,reloc    ] GC(42) y: Eden              52M (2%)           55M (2%)          54 / 26             0 / 0              0 / 0        
[2026-06-26T13:53:23.431-0300][34.183s][14796][14024][info][gc,reloc    ] GC(42) y: Survivor 1        19M (1%)            4M (0%)          12 / 1              0 / 0              0 / 0        
[2026-06-26T13:53:23.431-0300][34.183s][14796][14024][info][gc,reloc    ] GC(42) y: Survivor 2        19M (1%)            2M (0%)          11 / 1              0 / 0              0 / 0        
[2026-06-26T13:53:23.431-0300][34.183s][14796][14024][info][gc,heap     ] GC(42) y: Min Capacity: 8M(0%)
[2026-06-26T13:53:23.431-0300][34.183s][14796][14024][info][gc,heap     ] GC(42) y: Max Capacity: 3072M(100%)
[2026-06-26T13:53:23.431-0300][34.183s][14796][14024][info][gc,heap     ] GC(42) y: Soft Max Capacity: 3072M(100%)
[2026-06-26T13:53:23.431-0300][34.183s][14796][14024][info][gc,heap     ] GC(42) y: Heap Statistics:
[2026-06-26T13:53:23.431-0300][34.183s][14796][14024][info][gc,heap     ] GC(42) y:                Mark Start          Mark End        Relocate Start      Relocate End           High               Low         
[2026-06-26T13:53:23.431-0300][34.183s][14796][14024][info][gc,heap     ] GC(42) y:  Capacity:     3072M (100%)       3072M (100%)       3072M (100%)       3072M (100%)       3072M (100%)       3072M (100%)   
[2026-06-26T13:53:23.431-0300][34.183s][14796][14024][info][gc,heap     ] GC(42) y:      Free:     1874M (61%)        1770M (58%)        1768M (58%)        1812M (59%)        1874M (61%)        1766M (57%)    
[2026-06-26T13:53:23.431-0300][34.183s][14796][14024][info][gc,heap     ] GC(42) y:      Used:     1198M (39%)        1302M (42%)        1304M (42%)        1260M (41%)        1306M (43%)        1198M (39%)    
[2026-06-26T13:53:23.431-0300][34.183s][14796][14024][info][gc,heap     ] GC(42) y: Young Generation Statistics:
[2026-06-26T13:53:23.431-0300][34.183s][14796][14024][info][gc,heap     ] GC(42) y:                Mark Start          Mark End        Relocate Start      Relocate End    
[2026-06-26T13:53:23.431-0300][34.183s][14796][14024][info][gc,heap     ] GC(42) y:      Used:      154M (5%)          258M (8%)          240M (8%)          194M (6%)     
[2026-06-26T13:53:23.431-0300][34.183s][14796][14024][info][gc,heap     ] GC(42) y:      Live:         -                91M (3%)           72M (2%)           71M (2%)     
[2026-06-26T13:53:23.431-0300][34.183s][14796][14024][info][gc,heap     ] GC(42) y:   Garbage:         -                62M (2%)           61M (2%)            3M (0%)     
[2026-06-26T13:53:23.431-0300][34.183s][14796][14024][info][gc,heap     ] GC(42) y: Allocated:         -               104M (3%)          106M (3%)          118M (4%)     
[2026-06-26T13:53:23.431-0300][34.183s][14796][14024][info][gc,heap     ] GC(42) y: Reclaimed:         -                  -                 1M (0%)           59M (2%)     
[2026-06-26T13:53:23.431-0300][34.183s][14796][14024][info][gc,heap     ] GC(42) y:  Promoted:         -                  -                18M (1%)           19M (1%)     
[2026-06-26T13:53:23.431-0300][34.183s][14796][14024][info][gc,heap     ] GC(42) y: Compacted:         -                  -                  -                11M (0%)     
[2026-06-26T13:53:23.431-0300][34.183s][14796][14024][info][gc,phases   ] GC(42) y: Young Generation 1198M(39%)->1260M(41%) 0.322s
[2026-06-26T13:53:23.431-0300][34.183s][14796][14024][info][gc          ] GC(42) Minor Collection (Allocation Rate) 1198M(39%)->1260M(41%) 0.323s
[2026-06-26T13:53:23.431-0300][34.183s][14796][14908][info][gc,task     ] Adjusting Workers for Old Generation: 2 -> 1
[2026-06-26T13:53:23.432-0300][34.183s][14796][14024][info][gc          ] GC(43) Minor Collection (Allocation Rate)
[2026-06-26T13:53:23.432-0300][34.183s][14796][14024][info][gc,task     ] GC(43) Using 2 Workers for Young Generation
[2026-06-26T13:53:23.432-0300][34.183s][14796][14024][info][gc,phases   ] GC(43) y: Young Generation
[2026-06-26T13:53:23.432-0300][34.183s][14796][15076][info][gc,phases   ] GC(43) y: Pause Mark Start 0.010ms
[2026-06-26T13:53:23.569-0300][34.321s][14796][14024][info][gc,phases   ] GC(43) y: Concurrent Mark 137.452ms
[2026-06-26T13:53:23.569-0300][34.321s][14796][15076][info][gc,phases   ] GC(43) y: Pause Mark End 0.016ms
[2026-06-26T13:53:23.569-0300][34.321s][14796][14024][info][gc,phases   ] GC(43) y: Concurrent Mark Free 0.005ms
[2026-06-26T13:53:23.569-0300][34.321s][14796][14024][info][gc,phases   ] GC(43) y: Concurrent Reset Relocation Set 0.019ms
[2026-06-26T13:53:23.569-0300][34.321s][14796][14024][info][gc,reloc    ] GC(43) y: Using tenuring threshold: 2 (Computed)
[2026-06-26T13:53:23.581-0300][34.333s][14796][14024][info][gc,phases   ] GC(43) y: Concurrent Select Relocation Set 11.378ms
[2026-06-26T13:53:23.581-0300][34.333s][14796][15076][info][gc,phases   ] GC(43) y: Pause Relocate Start 0.010ms
[2026-06-26T13:53:23.631-0300][34.382s][14796][14024][info][gc,phases   ] GC(43) y: Concurrent Relocate 49.507ms
[2026-06-26T13:53:23.631-0300][34.382s][14796][14024][info][gc,alloc    ] GC(43) y:                         Mark Start        Mark End      Relocate Start    Relocate End   
[2026-06-26T13:53:23.631-0300][34.382s][14796][14024][info][gc,alloc    ] GC(43) y: Allocation Stalls:          0                0                0                0         
[2026-06-26T13:53:23.631-0300][34.382s][14796][14024][info][gc,load     ] GC(43) y: Load: 0.00 (0%) / 0.00 (0%) / 0.00 (0%)
[2026-06-26T13:53:23.631-0300][34.382s][14796][14024][info][gc,mmu      ] GC(43) y: MMU: 2ms/97.9%, 5ms/98.8%, 10ms/99.4%, 20ms/99.6%, 50ms/99.8%, 100ms/99.8%
[2026-06-26T13:53:23.631-0300][34.382s][14796][14024][info][gc,marking  ] GC(43) y: Mark: 2 stripe(s), 2 proactive flush(es), 1 terminate flush(es), 0 completion(s), 0 continuation(s) 
[2026-06-26T13:53:23.631-0300][34.382s][14796][14024][info][gc,nmethod  ] GC(43) y: NMethods: 10805 registered, 497 unregistered
[2026-06-26T13:53:23.631-0300][34.382s][14796][14024][info][gc,metaspace] GC(43) y: Metaspace: 64M used, 65M committed, 1088M reserved
[2026-06-26T13:53:23.631-0300][34.382s][14796][14024][info][gc,reloc    ] GC(43) y:                        Candidates     Selected     In-Place         Size        Empty    Relocated 
[2026-06-26T13:53:23.631-0300][34.382s][14796][14024][info][gc,reloc    ] GC(43) y: Small Pages:                   97           43            0         194M           2M          25M 
[2026-06-26T13:53:23.631-0300][34.382s][14796][14024][info][gc,reloc    ] GC(43) y: Medium Pages:                   0            0            0           0M           0M           0M 
[2026-06-26T13:53:23.631-0300][34.382s][14796][14024][info][gc,reloc    ] GC(43) y: Large Pages:                    0            0            0           0M           0M           0M 
[2026-06-26T13:53:23.631-0300][34.382s][14796][14024][info][gc,reloc    ] GC(43) y: Forwarding Usage: 25M
[2026-06-26T13:53:23.631-0300][34.382s][14796][14024][info][gc,reloc    ] GC(43) y: Age Table:
[2026-06-26T13:53:23.631-0300][34.382s][14796][14024][info][gc,reloc    ] GC(43) y:                    Live             Garbage             Small              Medium             Large        
[2026-06-26T13:53:23.631-0300][34.382s][14796][14024][info][gc,reloc    ] GC(43) y: Eden              46M (2%)           69M (2%)          58 / 32             0 / 0              0 / 0        
[2026-06-26T13:53:23.631-0300][34.383s][14796][14024][info][gc,reloc    ] GC(43) y: Survivor 1        30M (1%)           25M (1%)          28 / 10             0 / 0              0 / 0        
[2026-06-26T13:53:23.631-0300][34.383s][14796][14024][info][gc,reloc    ] GC(43) y: Survivor 2        19M (1%)            2M (0%)          11 / 1              0 / 0              0 / 0        
[2026-06-26T13:53:23.631-0300][34.383s][14796][14024][info][gc,heap     ] GC(43) y: Min Capacity: 8M(0%)
[2026-06-26T13:53:23.631-0300][34.383s][14796][14024][info][gc,heap     ] GC(43) y: Max Capacity: 3072M(100%)
[2026-06-26T13:53:23.631-0300][34.383s][14796][14024][info][gc,heap     ] GC(43) y: Soft Max Capacity: 3072M(100%)
[2026-06-26T13:53:23.631-0300][34.383s][14796][14024][info][gc,heap     ] GC(43) y: Heap Statistics:
[2026-06-26T13:53:23.631-0300][34.383s][14796][14024][info][gc,heap     ] GC(43) y:                Mark Start          Mark End        Relocate Start      Relocate End           High               Low         
[2026-06-26T13:53:23.631-0300][34.383s][14796][14024][info][gc,heap     ] GC(43) y:  Capacity:     3072M (100%)       3072M (100%)       3072M (100%)       3072M (100%)       3072M (100%)       3072M (100%)   
[2026-06-26T13:53:23.631-0300][34.383s][14796][14024][info][gc,heap     ] GC(43) y:      Free:     1812M (59%)        1768M (58%)        1766M (57%)        1832M (60%)        1836M (60%)        1762M (57%)    
[2026-06-26T13:53:23.631-0300][34.383s][14796][14024][info][gc,heap     ] GC(43) y:      Used:     1260M (41%)        1304M (42%)        1306M (43%)        1240M (40%)        1310M (43%)        1236M (40%)    
[2026-06-26T13:53:23.631-0300][34.383s][14796][14024][info][gc,heap     ] GC(43) y: Young Generation Statistics:
[2026-06-26T13:53:23.631-0300][34.383s][14796][14024][info][gc,heap     ] GC(43) y:                Mark Start          Mark End        Relocate Start      Relocate End    
[2026-06-26T13:53:23.631-0300][34.383s][14796][14024][info][gc,heap     ] GC(43) y:      Used:      194M (6%)          238M (8%)          222M (7%)          152M (5%)     
[2026-06-26T13:53:23.631-0300][34.383s][14796][14024][info][gc,heap     ] GC(43) y:      Live:         -                96M (3%)           79M (3%)           76M (3%)     
[2026-06-26T13:53:23.631-0300][34.383s][14796][14024][info][gc,heap     ] GC(43) y:   Garbage:         -                97M (3%)           94M (3%)            1M (0%)     
[2026-06-26T13:53:23.631-0300][34.383s][14796][14024][info][gc,heap     ] GC(43) y: Allocated:         -                44M (1%)           48M (2%)           73M (2%)     
[2026-06-26T13:53:23.632-0300][34.383s][14796][14024][info][gc,heap     ] GC(43) y: Reclaimed:         -                  -                 3M (0%)           96M (3%)     
[2026-06-26T13:53:23.632-0300][34.383s][14796][14024][info][gc,heap     ] GC(43) y:  Promoted:         -                  -                16M (1%)           19M (1%)     
[2026-06-26T13:53:23.632-0300][34.383s][14796][14024][info][gc,heap     ] GC(43) y: Compacted:         -                  -                  -                44M (1%)     
[2026-06-26T13:53:23.632-0300][34.383s][14796][14024][info][gc,phases   ] GC(43) y: Young Generation 1260M(41%)->1240M(40%) 0.199s
[2026-06-26T13:53:23.632-0300][34.383s][14796][14024][info][gc          ] GC(43) Minor Collection (Allocation Rate) 1260M(41%)->1240M(40%) 0.200s
[2026-06-26T13:53:23.653-0300][34.405s][14796][14024][info][gc          ] GC(44) Minor Collection (Allocation Rate)
[2026-06-26T13:53:23.653-0300][34.405s][14796][14024][info][gc,task     ] GC(44) Using 2 Workers for Young Generation
[2026-06-26T13:53:23.653-0300][34.405s][14796][14024][info][gc,phases   ] GC(44) y: Young Generation
[2026-06-26T13:53:23.653-0300][34.405s][14796][15076][info][gc,phases   ] GC(44) y: Pause Mark Start 0.014ms
[2026-06-26T13:53:23.838-0300][34.590s][14796][14024][info][gc,phases   ] GC(44) y: Concurrent Mark 184.730ms
[2026-06-26T13:53:23.838-0300][34.590s][14796][15076][info][gc,phases   ] GC(44) y: Pause Mark End 0.015ms
[2026-06-26T13:53:23.838-0300][34.590s][14796][14024][info][gc,phases   ] GC(44) y: Concurrent Mark Free 0.005ms
[2026-06-26T13:53:23.839-0300][34.590s][14796][14024][info][gc,phases   ] GC(44) y: Concurrent Reset Relocation Set 0.023ms
[2026-06-26T13:53:23.839-0300][34.590s][14796][14024][info][gc,reloc    ] GC(44) y: Using tenuring threshold: 1 (Computed)
[2026-06-26T13:53:23.868-0300][34.619s][14796][14024][info][gc,phases   ] GC(44) y: Concurrent Select Relocation Set 29.106ms
[2026-06-26T13:53:23.868-0300][34.619s][14796][15076][info][gc,phases   ] GC(44) y: Pause Relocate Start 0.012ms
[2026-06-26T13:53:23.924-0300][34.675s][14796][14024][info][gc,phases   ] GC(44) y: Concurrent Relocate 56.150ms
[2026-06-26T13:53:23.924-0300][34.675s][14796][14024][info][gc,alloc    ] GC(44) y:                         Mark Start        Mark End      Relocate Start    Relocate End   
[2026-06-26T13:53:23.924-0300][34.675s][14796][14024][info][gc,alloc    ] GC(44) y: Allocation Stalls:          0                0                0                0         
[2026-06-26T13:53:23.924-0300][34.675s][14796][14024][info][gc,load     ] GC(44) y: Load: 0.00 (0%) / 0.00 (0%) / 0.00 (0%)
[2026-06-26T13:53:23.924-0300][34.675s][14796][14024][info][gc,mmu      ] GC(44) y: MMU: 2ms/97.9%, 5ms/98.8%, 10ms/99.4%, 20ms/99.6%, 50ms/99.8%, 100ms/99.8%
[2026-06-26T13:53:23.924-0300][34.675s][14796][14024][info][gc,marking  ] GC(44) y: Mark: 2 stripe(s), 2 proactive flush(es), 1 terminate flush(es), 0 completion(s), 0 continuation(s) 
[2026-06-26T13:53:23.924-0300][34.675s][14796][14024][info][gc,nmethod  ] GC(44) y: NMethods: 10836 registered, 497 unregistered
[2026-06-26T13:53:23.924-0300][34.675s][14796][14024][info][gc,metaspace] GC(44) y: Metaspace: 64M used, 65M committed, 1088M reserved
[2026-06-26T13:53:23.924-0300][34.675s][14796][14024][info][gc,reloc    ] GC(44) y:                        Candidates     Selected     In-Place         Size        Empty    Relocated 
[2026-06-26T13:53:23.924-0300][34.675s][14796][14024][info][gc,reloc    ] GC(44) y: Small Pages:                   77           23            0         154M           2M           9M 
[2026-06-26T13:53:23.924-0300][34.676s][14796][14024][info][gc,reloc    ] GC(44) y: Medium Pages:                   0            0            0           0M           0M           0M 
[2026-06-26T13:53:23.924-0300][34.676s][14796][14024][info][gc,reloc    ] GC(44) y: Large Pages:                    0            0            0           0M           0M           0M 
[2026-06-26T13:53:23.924-0300][34.676s][14796][14024][info][gc,reloc    ] GC(44) y: Forwarding Usage: 7M
[2026-06-26T13:53:23.924-0300][34.676s][14796][14024][info][gc,reloc    ] GC(44) y: Age Table:
[2026-06-26T13:53:23.924-0300][34.676s][14796][14024][info][gc,reloc    ] GC(44) y:                    Live             Garbage             Small              Medium             Large        
[2026-06-26T13:53:23.924-0300][34.676s][14796][14024][info][gc,reloc    ] GC(44) y: Eden              24M (1%)           43M (1%)          34 / 19             0 / 0              0 / 0        
[2026-06-26T13:53:23.924-0300][34.676s][14796][14024][info][gc,reloc    ] GC(44) y: Survivor 1        46M (2%)            5M (0%)          26 / 3              0 / 0              0 / 0        
[2026-06-26T13:53:23.924-0300][34.676s][14796][14024][info][gc,reloc    ] GC(44) y: Survivor 2        30M (1%)            3M (0%)          17 / 1              0 / 0              0 / 0        
[2026-06-26T13:53:23.924-0300][34.676s][14796][14024][info][gc,heap     ] GC(44) y: Min Capacity: 8M(0%)
[2026-06-26T13:53:23.924-0300][34.676s][14796][14024][info][gc,heap     ] GC(44) y: Max Capacity: 3072M(100%)
[2026-06-26T13:53:23.924-0300][34.676s][14796][14024][info][gc,heap     ] GC(44) y: Soft Max Capacity: 3072M(100%)
[2026-06-26T13:53:23.924-0300][34.676s][14796][14024][info][gc,heap     ] GC(44) y: Heap Statistics:
[2026-06-26T13:53:23.924-0300][34.676s][14796][14024][info][gc,heap     ] GC(44) y:                Mark Start          Mark End        Relocate Start      Relocate End           High               Low         
[2026-06-26T13:53:23.924-0300][34.676s][14796][14024][info][gc,heap     ] GC(44) y:  Capacity:     3072M (100%)       3072M (100%)       3072M (100%)       3072M (100%)       3072M (100%)       3072M (100%)   
[2026-06-26T13:53:23.924-0300][34.676s][14796][14024][info][gc,heap     ] GC(44) y:      Free:     1830M (60%)        1638M (53%)        1632M (53%)        1660M (54%)        1830M (60%)        1628M (53%)    
[2026-06-26T13:53:23.924-0300][34.676s][14796][14024][info][gc,heap     ] GC(44) y:      Used:     1242M (40%)        1434M (47%)        1440M (47%)        1412M (46%)        1444M (47%)        1242M (40%)    
[2026-06-26T13:53:23.924-0300][34.676s][14796][14024][info][gc,heap     ] GC(44) y: Young Generation Statistics:
[2026-06-26T13:53:23.924-0300][34.676s][14796][14024][info][gc,heap     ] GC(44) y:                Mark Start          Mark End        Relocate Start      Relocate End    
[2026-06-26T13:53:23.925-0300][34.676s][14796][14024][info][gc,heap     ] GC(44) y:      Used:      154M (5%)          346M (11%)         280M (9%)          244M (8%)     
[2026-06-26T13:53:23.925-0300][34.676s][14796][14024][info][gc,heap     ] GC(44) y:      Live:         -               101M (3%)           30M (1%)           24M (1%)     
[2026-06-26T13:53:23.925-0300][34.676s][14796][14024][info][gc,heap     ] GC(44) y:   Garbage:         -                52M (2%)           49M (2%)            1M (0%)     
[2026-06-26T13:53:23.925-0300][34.676s][14796][14024][info][gc,heap     ] GC(44) y: Allocated:         -               192M (6%)          200M (7%)          218M (7%)     
[2026-06-26T13:53:23.925-0300][34.676s][14796][14024][info][gc,heap     ] GC(44) y: Reclaimed:         -                  -                 3M (0%)           51M (2%)     
[2026-06-26T13:53:23.925-0300][34.676s][14796][14024][info][gc,heap     ] GC(44) y:  Promoted:         -                  -                70M (2%)           76M (3%)     
[2026-06-26T13:53:23.925-0300][34.676s][14796][14024][info][gc,heap     ] GC(44) y: Compacted:         -                  -                  -                 9M (0%)     
[2026-06-26T13:53:23.925-0300][34.676s][14796][14024][info][gc,phases   ] GC(44) y: Young Generation 1242M(40%)->1412M(46%) 0.271s
[2026-06-26T13:53:23.925-0300][34.676s][14796][14024][info][gc          ] GC(44) Minor Collection (Allocation Rate) 1242M(40%)->1412M(46%) 0.271s
[2026-06-26T13:53:23.925-0300][34.676s][14796][14908][info][gc,task     ] Adjusting Workers for Old Generation: 1 -> 2
[2026-06-26T13:53:23.925-0300][34.676s][14796][14024][info][gc          ] GC(45) Minor Collection (Allocation Rate)
[2026-06-26T13:53:23.925-0300][34.676s][14796][14024][info][gc,task     ] GC(45) Using 1 Workers for Young Generation
[2026-06-26T13:53:23.925-0300][34.676s][14796][14024][info][gc,phases   ] GC(45) y: Young Generation
[2026-06-26T13:53:23.925-0300][34.676s][14796][15076][info][gc,phases   ] GC(45) y: Pause Mark Start 0.011ms
[2026-06-26T13:53:24.035-0300][34.787s][14796][14024][info][gc,phases   ] GC(45) y: Concurrent Mark 110.526ms
[2026-06-26T13:53:24.035-0300][34.787s][14796][15076][info][gc,phases   ] GC(45) y: Pause Mark End 0.013ms
[2026-06-26T13:53:24.035-0300][34.787s][14796][14024][info][gc,phases   ] GC(45) y: Concurrent Mark Free 0.004ms
[2026-06-26T13:53:24.035-0300][34.787s][14796][14024][info][gc,phases   ] GC(45) y: Concurrent Reset Relocation Set 0.033ms
[2026-06-26T13:53:24.035-0300][34.787s][14796][14024][info][gc,reloc    ] GC(45) y: Using tenuring threshold: 1 (Computed)
[2026-06-26T13:53:24.053-0300][34.805s][14796][14024][info][gc,phases   ] GC(45) y: Concurrent Select Relocation Set 17.742ms
[2026-06-26T13:53:24.053-0300][34.805s][14796][15076][info][gc,phases   ] GC(45) y: Pause Relocate Start 0.012ms
[2026-06-26T13:53:24.099-0300][34.850s][14796][14024][info][gc,phases   ] GC(45) y: Concurrent Relocate 45.108ms
[2026-06-26T13:53:24.099-0300][34.850s][14796][14024][info][gc,alloc    ] GC(45) y:                         Mark Start        Mark End      Relocate Start    Relocate End   
[2026-06-26T13:53:24.099-0300][34.850s][14796][14024][info][gc,alloc    ] GC(45) y: Allocation Stalls:          0                0                0                0         
[2026-06-26T13:53:24.099-0300][34.850s][14796][14024][info][gc,load     ] GC(45) y: Load: 0.00 (0%) / 0.00 (0%) / 0.00 (0%)
[2026-06-26T13:53:24.099-0300][34.850s][14796][14024][info][gc,mmu      ] GC(45) y: MMU: 2ms/97.9%, 5ms/98.8%, 10ms/99.4%, 20ms/99.6%, 50ms/99.8%, 100ms/99.8%
[2026-06-26T13:53:24.099-0300][34.850s][14796][14024][info][gc,marking  ] GC(45) y: Mark: 1 stripe(s), 2 proactive flush(es), 1 terminate flush(es), 0 completion(s), 0 continuation(s) 
[2026-06-26T13:53:24.099-0300][34.850s][14796][14024][info][gc,nmethod  ] GC(45) y: NMethods: 10837 registered, 497 unregistered
[2026-06-26T13:53:24.099-0300][34.850s][14796][14024][info][gc,metaspace] GC(45) y: Metaspace: 64M used, 65M committed, 1088M reserved
[2026-06-26T13:53:24.099-0300][34.850s][14796][14024][info][gc,reloc    ] GC(45) y:                        Candidates     Selected     In-Place         Size        Empty    Relocated 
[2026-06-26T13:53:24.099-0300][34.850s][14796][14024][info][gc,reloc    ] GC(45) y: Small Pages:                  106           22            0         212M         130M           6M 
[2026-06-26T13:53:24.099-0300][34.850s][14796][14024][info][gc,reloc    ] GC(45) y: Medium Pages:                   1            0            0          32M           0M           0M 
[2026-06-26T13:53:24.099-0300][34.850s][14796][14024][info][gc,reloc    ] GC(45) y: Large Pages:                    0            0            0           0M           0M           0M 
[2026-06-26T13:53:24.099-0300][34.850s][14796][14024][info][gc,reloc    ] GC(45) y: Forwarding Usage: 4M
[2026-06-26T13:53:24.099-0300][34.850s][14796][14024][info][gc,reloc    ] GC(45) y: Age Table:
[2026-06-26T13:53:24.099-0300][34.850s][14796][14024][info][gc,reloc    ] GC(45) y:                    Live             Garbage             Small              Medium             Large        
[2026-06-26T13:53:24.099-0300][34.850s][14796][14024][info][gc,reloc    ] GC(45) y: Eden              10M (0%)          203M (7%)          91 / 21             1 / 0              0 / 0        
[2026-06-26T13:53:24.099-0300][34.850s][14796][14024][info][gc,reloc    ] GC(45) y: Survivor 1        24M (1%)            5M (0%)          15 / 1              0 / 0              0 / 0        
[2026-06-26T13:53:24.099-0300][34.850s][14796][14024][info][gc,heap     ] GC(45) y: Min Capacity: 8M(0%)
[2026-06-26T13:53:24.099-0300][34.850s][14796][14024][info][gc,heap     ] GC(45) y: Max Capacity: 3072M(100%)
[2026-06-26T13:53:24.099-0300][34.850s][14796][14024][info][gc,heap     ] GC(45) y: Soft Max Capacity: 3072M(100%)
[2026-06-26T13:53:24.099-0300][34.850s][14796][14024][info][gc,heap     ] GC(45) y: Heap Statistics:
[2026-06-26T13:53:24.099-0300][34.850s][14796][14024][info][gc,heap     ] GC(45) y:                Mark Start          Mark End        Relocate Start      Relocate End           High               Low         
[2026-06-26T13:53:24.099-0300][34.850s][14796][14024][info][gc,heap     ] GC(45) y:  Capacity:     3072M (100%)       3072M (100%)       3072M (100%)       3072M (100%)       3072M (100%)       3072M (100%)   
[2026-06-26T13:53:24.099-0300][34.850s][14796][14024][info][gc,heap     ] GC(45) y:      Free:     1660M (54%)        1626M (53%)        1754M (57%)        1786M (58%)        1790M (58%)        1626M (53%)    
[2026-06-26T13:53:24.099-0300][34.850s][14796][14024][info][gc,heap     ] GC(45) y:      Used:     1412M (46%)        1446M (47%)        1318M (43%)        1286M (42%)        1446M (47%)        1282M (42%)    
[2026-06-26T13:53:24.099-0300][34.850s][14796][14024][info][gc,heap     ] GC(45) y: Young Generation Statistics:
[2026-06-26T13:53:24.099-0300][34.850s][14796][14024][info][gc,heap     ] GC(45) y:                Mark Start          Mark End        Relocate Start      Relocate End    
[2026-06-26T13:53:24.099-0300][34.850s][14796][14024][info][gc,heap     ] GC(45) y:      Used:      244M (8%)          278M (9%)          124M (4%)           90M (3%)     
[2026-06-26T13:53:24.099-0300][34.850s][14796][14024][info][gc,heap     ] GC(45) y:      Live:         -                34M (1%)           11M (0%)           10M (0%)     
[2026-06-26T13:53:24.099-0300][34.850s][14796][14024][info][gc,heap     ] GC(45) y:   Garbage:         -               209M (7%)           76M (2%)           31M (1%)     
[2026-06-26T13:53:24.099-0300][34.850s][14796][14024][info][gc,heap     ] GC(45) y: Allocated:         -                34M (1%)           36M (1%)           48M (2%)     
[2026-06-26T13:53:24.099-0300][34.850s][14796][14024][info][gc,heap     ] GC(45) y: Reclaimed:         -                  -               132M (4%)          178M (6%)     
[2026-06-26T13:53:24.099-0300][34.851s][14796][14024][info][gc,heap     ] GC(45) y:  Promoted:         -                  -                23M (1%)           24M (1%)     
[2026-06-26T13:53:24.099-0300][34.851s][14796][14024][info][gc,heap     ] GC(45) y: Compacted:         -                  -                  -                 7M (0%)     
[2026-06-26T13:53:24.099-0300][34.851s][14796][14024][info][gc,phases   ] GC(45) y: Young Generation 1412M(46%)->1286M(42%) 0.174s
[2026-06-26T13:53:24.099-0300][34.851s][14796][14024][info][gc          ] GC(45) Minor Collection (Allocation Rate) 1412M(46%)->1286M(42%) 0.175s
[2026-06-26T13:53:24.171-0300][34.923s][14796][3936 ][info][gc,phases   ] GC(41) O: Concurrent Mark 1301.051ms
[2026-06-26T13:53:24.171-0300][34.923s][14796][15076][info][gc,phases   ] GC(41) O: Pause Mark End 0.015ms
[2026-06-26T13:53:24.171-0300][34.923s][14796][3936 ][info][gc,phases   ] GC(41) O: Concurrent Mark Free 0.005ms
[2026-06-26T13:53:24.188-0300][34.939s][14796][3936 ][info][gc,phases   ] GC(41) O: Concurrent Process Non-Strong 16.140ms
[2026-06-26T13:53:24.188-0300][34.939s][14796][3936 ][info][gc,phases   ] GC(41) O: Concurrent Reset Relocation Set 0.006ms
[2026-06-26T13:53:24.193-0300][34.945s][14796][3936 ][info][gc,phases   ] GC(41) O: Concurrent Select Relocation Set 5.408ms
[2026-06-26T13:53:24.193-0300][34.945s][14796][3936 ][info][gc,task     ] GC(41) O: Using 3 Workers for Old Generation
[2026-06-26T13:53:24.199-0300][34.951s][14796][3936 ][info][gc,task     ] GC(41) O: Using 2 Workers for Old Generation
[2026-06-26T13:53:24.199-0300][34.951s][14796][3936 ][info][gc,phases   ] GC(41) O: Concurrent Remap Roots 6.320ms
[2026-06-26T13:53:24.199-0300][34.951s][14796][15076][info][gc,phases   ] GC(41) O: Pause Relocate Start 0.011ms
[2026-06-26T13:53:24.245-0300][34.997s][14796][3936 ][info][gc,phases   ] GC(41) O: Concurrent Relocate 46.369ms
[2026-06-26T13:53:24.245-0300][34.998s][14796][3936 ][info][gc,alloc    ] GC(41) O:                         Mark Start        Mark End      Relocate Start    Relocate End   
[2026-06-26T13:53:24.245-0300][34.998s][14796][3936 ][info][gc,alloc    ] GC(41) O: Allocation Stalls:          0                0                0                0         
[2026-06-26T13:53:24.246-0300][34.998s][14796][3936 ][info][gc,load     ] GC(41) O: Load: 0.00 (0%) / 0.00 (0%) / 0.00 (0%)
[2026-06-26T13:53:24.246-0300][34.998s][14796][3936 ][info][gc,mmu      ] GC(41) O: MMU: 2ms/97.9%, 5ms/98.8%, 10ms/99.4%, 20ms/99.6%, 50ms/99.8%, 100ms/99.8%
[2026-06-26T13:53:24.246-0300][34.998s][14796][3936 ][info][gc,marking  ] GC(41) O: Mark: 1 stripe(s), 2 proactive flush(es), 1 terminate flush(es), 0 completion(s), 0 continuation(s) 
[2026-06-26T13:53:24.246-0300][34.998s][14796][3936 ][info][gc,nmethod  ] GC(41) O: NMethods: 10753 registered, 581 unregistered
[2026-06-26T13:53:24.246-0300][34.998s][14796][3936 ][info][gc,metaspace] GC(41) O: Metaspace: 64M used, 65M committed, 1088M reserved
[2026-06-26T13:53:24.246-0300][34.998s][14796][3936 ][info][gc,ref      ] GC(41) O:                       Encountered   Discovered     Enqueued 
[2026-06-26T13:53:24.246-0300][34.998s][14796][3936 ][info][gc,ref      ] GC(41) O: Soft References:             5383            0            0 
[2026-06-26T13:53:24.246-0300][34.998s][14796][3936 ][info][gc,ref      ] GC(41) O: Weak References:             4524         3287            7 
[2026-06-26T13:53:24.246-0300][34.998s][14796][3936 ][info][gc,ref      ] GC(41) O: Final References:              15            0            0 
[2026-06-26T13:53:24.246-0300][34.998s][14796][3936 ][info][gc,ref      ] GC(41) O: Phantom References:        119015        17575        11093 
[2026-06-26T13:53:24.246-0300][34.998s][14796][3936 ][info][gc,reloc    ] GC(41) O:                        Candidates     Selected     In-Place         Size        Empty    Relocated 
[2026-06-26T13:53:24.246-0300][34.998s][14796][3936 ][info][gc,reloc    ] GC(41) O: Small Pages:                  453           13            0         906M           0M           9M 
[2026-06-26T13:53:24.246-0300][34.998s][14796][3936 ][info][gc,reloc    ] GC(41) O: Medium Pages:                   2            0            0          64M           0M           0M 
[2026-06-26T13:53:24.246-0300][34.998s][14796][3936 ][info][gc,reloc    ] GC(41) O: Large Pages:                    1            0            0          12M           0M           0M 
[2026-06-26T13:53:24.246-0300][34.998s][14796][3936 ][info][gc,reloc    ] GC(41) O: Forwarding Usage: 23M
[2026-06-26T13:53:24.246-0300][34.998s][14796][3936 ][info][gc,heap     ] GC(41) O: Min Capacity: 8M(0%)
[2026-06-26T13:53:24.246-0300][34.998s][14796][3936 ][info][gc,heap     ] GC(41) O: Max Capacity: 3072M(100%)
[2026-06-26T13:53:24.246-0300][34.998s][14796][3936 ][info][gc,heap     ] GC(41) O: Soft Max Capacity: 3072M(100%)
[2026-06-26T13:53:24.246-0300][34.998s][14796][3936 ][info][gc,heap     ] GC(41) O: Heap Statistics:
[2026-06-26T13:53:24.246-0300][34.998s][14796][3936 ][info][gc,heap     ] GC(41) O:                Mark Start          Mark End        Relocate Start      Relocate End           High               Low         
[2026-06-26T13:53:24.246-0300][34.998s][14796][3936 ][info][gc,heap     ] GC(41) O:  Capacity:     3072M (100%)       3072M (100%)       3072M (100%)       3072M (100%)       3072M (100%)       3072M (100%)   
[2026-06-26T13:53:24.246-0300][34.998s][14796][3936 ][info][gc,heap     ] GC(41) O:      Free:     1936M (63%)        1770M (58%)        1766M (57%)        1778M (58%)        1958M (64%)        1626M (53%)    
[2026-06-26T13:53:24.246-0300][34.998s][14796][3936 ][info][gc,heap     ] GC(41) O:      Used:     1136M (37%)        1302M (42%)        1306M (43%)        1294M (42%)        1446M (47%)        1114M (36%)    
[2026-06-26T13:53:24.246-0300][34.998s][14796][3936 ][info][gc,heap     ] GC(41) O: Old Generation Statistics:
[2026-06-26T13:53:24.246-0300][34.998s][14796][3936 ][info][gc,heap     ] GC(41) O:                Mark Start          Mark End        Relocate Start      Relocate End    
[2026-06-26T13:53:24.246-0300][34.998s][14796][3936 ][info][gc,heap     ] GC(41) O:      Used:      982M (32%)        1196M (39%)        1196M (39%)        1174M (38%)    
[2026-06-26T13:53:24.246-0300][34.998s][14796][3936 ][info][gc,heap     ] GC(41) O:      Live:         -               885M (29%)         885M (29%)         885M (29%)    
[2026-06-26T13:53:24.246-0300][34.998s][14796][3936 ][info][gc,heap     ] GC(41) O:   Garbage:         -                96M (3%)           96M (3%)           60M (2%)     
[2026-06-26T13:53:24.246-0300][34.998s][14796][3936 ][info][gc,heap     ] GC(41) O: Allocated:         -               214M (7%)          214M (7%)          227M (7%)     
[2026-06-26T13:53:24.246-0300][34.998s][14796][3936 ][info][gc,heap     ] GC(41) O: Reclaimed:         -                  -                 0M (0%)           35M (1%)     
[2026-06-26T13:53:24.246-0300][34.998s][14796][3936 ][info][gc,heap     ] GC(41) O: Compacted:         -                  -                  -                68M (2%)     
[2026-06-26T13:53:24.246-0300][34.998s][14796][3936 ][info][gc,phases   ] GC(41) O: Old Generation 1118M(36%)->1294M(42%) 1.376s
[2026-06-26T13:53:24.246-0300][34.998s][14796][3936 ][info][gc          ] GC(41) Major Collection (Allocation Rate) 1136M(37%)->1294M(42%) 1.502s
[2026-06-26T13:53:24.431-0300][35.182s][14796][3936 ][info][gc          ] GC(46) Major Collection (Allocation Rate)
[2026-06-26T13:53:24.431-0300][35.182s][14796][3936 ][info][gc,task     ] GC(46) Using 3 Workers for Young Generation
[2026-06-26T13:53:24.431-0300][35.182s][14796][3936 ][info][gc,task     ] GC(46) Using 1 Workers for Old Generation
[2026-06-26T13:53:24.431-0300][35.182s][14796][3936 ][info][gc,phases   ] GC(46) Y: Young Generation
[2026-06-26T13:53:24.431-0300][35.183s][14796][15076][info][gc,phases   ] GC(46) Y: Pause Mark Start (Major) 0.012ms
[2026-06-26T13:53:24.466-0300][35.217s][14796][3936 ][info][gc,phases   ] GC(46) Y: Concurrent Mark 34.544ms
[2026-06-26T13:53:24.466-0300][35.217s][14796][15076][info][gc,phases   ] GC(46) Y: Pause Mark End 0.012ms
[2026-06-26T13:53:24.466-0300][35.217s][14796][3936 ][info][gc,phases   ] GC(46) Y: Concurrent Mark Free 0.004ms
[2026-06-26T13:53:24.466-0300][35.217s][14796][3936 ][info][gc,phases   ] GC(46) Y: Concurrent Reset Relocation Set 0.046ms
[2026-06-26T13:53:24.466-0300][35.217s][14796][3936 ][info][gc,reloc    ] GC(46) Y: Using tenuring threshold: 2 (Computed)
[2026-06-26T13:53:24.469-0300][35.221s][14796][3936 ][info][gc,phases   ] GC(46) Y: Concurrent Select Relocation Set 3.270ms
[2026-06-26T13:53:24.469-0300][35.221s][14796][15076][info][gc,phases   ] GC(46) Y: Pause Relocate Start 0.010ms
[2026-06-26T13:53:24.480-0300][35.231s][14796][3936 ][info][gc,phases   ] GC(46) Y: Concurrent Relocate 10.546ms
[2026-06-26T13:53:24.480-0300][35.232s][14796][3936 ][info][gc,alloc    ] GC(46) Y:                         Mark Start        Mark End      Relocate Start    Relocate End   
[2026-06-26T13:53:24.480-0300][35.232s][14796][3936 ][info][gc,alloc    ] GC(46) Y: Allocation Stalls:          0                0                0                0         
[2026-06-26T13:53:24.480-0300][35.232s][14796][3936 ][info][gc,load     ] GC(46) Y: Load: 0.00 (0%) / 0.00 (0%) / 0.00 (0%)
[2026-06-26T13:53:24.480-0300][35.232s][14796][3936 ][info][gc,mmu      ] GC(46) Y: MMU: 2ms/97.9%, 5ms/98.8%, 10ms/99.4%, 20ms/99.6%, 50ms/99.8%, 100ms/99.8%
[2026-06-26T13:53:24.480-0300][35.232s][14796][3936 ][info][gc,marking  ] GC(46) Y: Mark: 2 stripe(s), 2 proactive flush(es), 1 terminate flush(es), 0 completion(s), 0 continuation(s) 
[2026-06-26T13:53:24.480-0300][35.232s][14796][3936 ][info][gc,nmethod  ] GC(46) Y: NMethods: 10760 registered, 581 unregistered
[2026-06-26T13:53:24.480-0300][35.232s][14796][3936 ][info][gc,metaspace] GC(46) Y: Metaspace: 64M used, 65M committed, 1088M reserved
[2026-06-26T13:53:24.480-0300][35.232s][14796][3936 ][info][gc,reloc    ] GC(46) Y:                        Candidates     Selected     In-Place         Size        Empty    Relocated 
[2026-06-26T13:53:24.480-0300][35.232s][14796][3936 ][info][gc,reloc    ] GC(46) Y: Small Pages:                   62           36            0         124M          18M          13M 
[2026-06-26T13:53:24.480-0300][35.232s][14796][3936 ][info][gc,reloc    ] GC(46) Y: Medium Pages:                   1            0            0          32M           0M           0M 
[2026-06-26T13:53:24.480-0300][35.232s][14796][3936 ][info][gc,reloc    ] GC(46) Y: Large Pages:                    0            0            0           0M           0M           0M 
[2026-06-26T13:53:24.480-0300][35.232s][14796][3936 ][info][gc,reloc    ] GC(46) Y: Forwarding Usage: 10M
[2026-06-26T13:53:24.480-0300][35.232s][14796][3936 ][info][gc,reloc    ] GC(46) Y: Age Table:
[2026-06-26T13:53:24.480-0300][35.232s][14796][3936 ][info][gc,reloc    ] GC(46) Y:                    Live             Garbage             Small              Medium             Large        
[2026-06-26T13:53:24.480-0300][35.232s][14796][3936 ][info][gc,reloc    ] GC(46) Y: Eden              19M (1%)           92M (3%)          56 / 36             0 / 0              0 / 0        
[2026-06-26T13:53:24.480-0300][35.232s][14796][3936 ][info][gc,reloc    ] GC(46) Y: Survivor 1        10M (0%)           33M (1%)           6 / 0              1 / 0              0 / 0        
[2026-06-26T13:53:24.480-0300][35.232s][14796][3936 ][info][gc,heap     ] GC(46) Y: Min Capacity: 8M(0%)
[2026-06-26T13:53:24.480-0300][35.232s][14796][3936 ][info][gc,heap     ] GC(46) Y: Max Capacity: 3072M(100%)
[2026-06-26T13:53:24.480-0300][35.232s][14796][3936 ][info][gc,heap     ] GC(46) Y: Soft Max Capacity: 3072M(100%)
[2026-06-26T13:53:24.480-0300][35.232s][14796][3936 ][info][gc,heap     ] GC(46) Y: Heap Statistics:
[2026-06-26T13:53:24.480-0300][35.232s][14796][3936 ][info][gc,heap     ] GC(46) Y:                Mark Start          Mark End        Relocate Start      Relocate End           High               Low         
[2026-06-26T13:53:24.480-0300][35.232s][14796][3936 ][info][gc,heap     ] GC(46) Y:  Capacity:     3072M (100%)       3072M (100%)       3072M (100%)       3072M (100%)       3072M (100%)       3072M (100%)   
[2026-06-26T13:53:24.480-0300][35.232s][14796][3936 ][info][gc,heap     ] GC(46) Y:      Free:     1742M (57%)        1728M (56%)        1746M (57%)        1812M (59%)        1812M (59%)        1728M (56%)    
[2026-06-26T13:53:24.480-0300][35.232s][14796][3936 ][info][gc,heap     ] GC(46) Y:      Used:     1330M (43%)        1344M (44%)        1326M (43%)        1260M (41%)        1344M (44%)        1260M (41%)    
[2026-06-26T13:53:24.480-0300][35.232s][14796][3936 ][info][gc,heap     ] GC(46) Y: Young Generation Statistics:
[2026-06-26T13:53:24.480-0300][35.232s][14796][3936 ][info][gc,heap     ] GC(46) Y:                Mark Start          Mark End        Relocate Start      Relocate End    
[2026-06-26T13:53:24.480-0300][35.232s][14796][3936 ][info][gc,heap     ] GC(46) Y:      Used:      156M (5%)          170M (6%)          152M (5%)           86M (3%)     
[2026-06-26T13:53:24.480-0300][35.232s][14796][3936 ][info][gc,heap     ] GC(46) Y:      Live:         -                29M (1%)           29M (1%)           29M (1%)     
[2026-06-26T13:53:24.480-0300][35.232s][14796][3936 ][info][gc,heap     ] GC(46) Y:   Garbage:         -               126M (4%)          108M (4%)           32M (1%)     
[2026-06-26T13:53:24.480-0300][35.232s][14796][3936 ][info][gc,heap     ] GC(46) Y: Allocated:         -                14M (0%)           14M (0%)           23M (1%)     
[2026-06-26T13:53:24.480-0300][35.232s][14796][3936 ][info][gc,heap     ] GC(46) Y: Reclaimed:         -                  -                18M (1%)           93M (3%)     
[2026-06-26T13:53:24.480-0300][35.232s][14796][3936 ][info][gc,heap     ] GC(46) Y:  Promoted:         -                  -                 0M (0%)            0M (0%)     
[2026-06-26T13:53:24.480-0300][35.232s][14796][3936 ][info][gc,heap     ] GC(46) Y: Compacted:         -                  -                  -                18M (1%)     
[2026-06-26T13:53:24.480-0300][35.232s][14796][3936 ][info][gc,phases   ] GC(46) Y: Young Generation 1330M(43%)->1260M(41%) 0.049s
[2026-06-26T13:53:24.480-0300][35.232s][14796][3936 ][info][gc,phases   ] GC(46) O: Old Generation
[2026-06-26T13:53:24.756-0300][35.507s][14796][14024][info][gc          ] GC(47) Minor Collection (Allocation Rate)
[2026-06-26T13:53:24.756-0300][35.507s][14796][14024][info][gc,task     ] GC(47) Using 2 Workers for Young Generation
[2026-06-26T13:53:24.756-0300][35.507s][14796][14024][info][gc,phases   ] GC(47) y: Young Generation
[2026-06-26T13:53:24.756-0300][35.508s][14796][15076][info][gc,phases   ] GC(47) y: Pause Mark Start 0.013ms
[2026-06-26T13:53:24.814-0300][35.565s][14796][14024][info][gc,phases   ] GC(47) y: Concurrent Mark 57.827ms
[2026-06-26T13:53:24.814-0300][35.566s][14796][15076][info][gc,phases   ] GC(47) y: Pause Mark End 0.015ms
[2026-06-26T13:53:24.814-0300][35.566s][14796][14024][info][gc,phases   ] GC(47) y: Concurrent Mark Free 0.004ms
[2026-06-26T13:53:24.814-0300][35.566s][14796][14024][info][gc,phases   ] GC(47) y: Concurrent Reset Relocation Set 0.005ms
[2026-06-26T13:53:24.814-0300][35.566s][14796][14024][info][gc,reloc    ] GC(47) y: Using tenuring threshold: 2 (Computed)
[2026-06-26T13:53:24.819-0300][35.570s][14796][14024][info][gc,phases   ] GC(47) y: Concurrent Select Relocation Set 4.739ms
[2026-06-26T13:53:24.819-0300][35.571s][14796][15076][info][gc,phases   ] GC(47) y: Pause Relocate Start 0.013ms
[2026-06-26T13:53:24.834-0300][35.586s][14796][14024][info][gc,phases   ] GC(47) y: Concurrent Relocate 15.434ms
[2026-06-26T13:53:24.834-0300][35.586s][14796][14024][info][gc,alloc    ] GC(47) y:                         Mark Start        Mark End      Relocate Start    Relocate End   
[2026-06-26T13:53:24.834-0300][35.586s][14796][14024][info][gc,alloc    ] GC(47) y: Allocation Stalls:          0                0                0                0         
[2026-06-26T13:53:24.834-0300][35.586s][14796][14024][info][gc,load     ] GC(47) y: Load: 0.00 (0%) / 0.00 (0%) / 0.00 (0%)
[2026-06-26T13:53:24.834-0300][35.586s][14796][14024][info][gc,mmu      ] GC(47) y: MMU: 2ms/97.9%, 5ms/98.8%, 10ms/99.4%, 20ms/99.6%, 50ms/99.8%, 100ms/99.8%
[2026-06-26T13:53:24.834-0300][35.586s][14796][14024][info][gc,marking  ] GC(47) y: Mark: 2 stripe(s), 3 proactive flush(es), 1 terminate flush(es), 0 completion(s), 0 continuation(s) 
[2026-06-26T13:53:24.834-0300][35.586s][14796][14024][info][gc,nmethod  ] GC(47) y: NMethods: 10770 registered, 581 unregistered
[2026-06-26T13:53:24.834-0300][35.586s][14796][14024][info][gc,metaspace] GC(47) y: Metaspace: 64M used, 65M committed, 1088M reserved
[2026-06-26T13:53:24.834-0300][35.586s][14796][14024][info][gc,reloc    ] GC(47) y:                        Candidates     Selected     In-Place         Size        Empty    Relocated 
[2026-06-26T13:53:24.834-0300][35.586s][14796][14024][info][gc,reloc    ] GC(47) y: Small Pages:                   64           26            0         128M          32M           8M 
[2026-06-26T13:53:24.834-0300][35.586s][14796][14024][info][gc,reloc    ] GC(47) y: Medium Pages:                   1            0            0          32M           0M           0M 
[2026-06-26T13:53:24.834-0300][35.586s][14796][14024][info][gc,reloc    ] GC(47) y: Large Pages:                    0            0            0           0M           0M           0M 
[2026-06-26T13:53:24.834-0300][35.586s][14796][14024][info][gc,reloc    ] GC(47) y: Forwarding Usage: 6M
[2026-06-26T13:53:24.834-0300][35.586s][14796][14024][info][gc,reloc    ] GC(47) y: Age Table:
[2026-06-26T13:53:24.834-0300][35.586s][14796][14024][info][gc,reloc    ] GC(47) y:                    Live             Garbage             Small              Medium             Large        
[2026-06-26T13:53:24.834-0300][35.586s][14796][14024][info][gc,reloc    ] GC(47) y: Eden              10M (0%)           81M (3%)          46 / 24             0 / 0              0 / 0        
[2026-06-26T13:53:24.834-0300][35.586s][14796][14024][info][gc,reloc    ] GC(47) y: Survivor 1        19M (1%)            4M (0%)          12 / 2              0 / 0              0 / 0        
[2026-06-26T13:53:24.834-0300][35.586s][14796][14024][info][gc,reloc    ] GC(47) y: Survivor 2        10M (0%)           33M (1%)           6 / 0              1 / 0              0 / 0        
[2026-06-26T13:53:24.834-0300][35.586s][14796][14024][info][gc,heap     ] GC(47) y: Min Capacity: 8M(0%)
[2026-06-26T13:53:24.834-0300][35.586s][14796][14024][info][gc,heap     ] GC(47) y: Max Capacity: 3072M(100%)
[2026-06-26T13:53:24.834-0300][35.586s][14796][14024][info][gc,heap     ] GC(47) y: Soft Max Capacity: 3072M(100%)
[2026-06-26T13:53:24.834-0300][35.586s][14796][14024][info][gc,heap     ] GC(47) y: Heap Statistics:
[2026-06-26T13:53:24.834-0300][35.586s][14796][14024][info][gc,heap     ] GC(47) y:                Mark Start          Mark End        Relocate Start      Relocate End           High               Low         
[2026-06-26T13:53:24.834-0300][35.586s][14796][14024][info][gc,heap     ] GC(47) y:  Capacity:     3072M (100%)       3072M (100%)       3072M (100%)       3072M (100%)       3072M (100%)       3072M (100%)   
[2026-06-26T13:53:24.834-0300][35.586s][14796][14024][info][gc,heap     ] GC(47) y:      Free:     1738M (57%)        1656M (54%)        1682M (55%)        1692M (55%)        1738M (57%)        1656M (54%)    
[2026-06-26T13:53:24.834-0300][35.586s][14796][14024][info][gc,heap     ] GC(47) y:      Used:     1334M (43%)        1416M (46%)        1390M (45%)        1380M (45%)        1416M (46%)        1334M (43%)    
[2026-06-26T13:53:24.834-0300][35.586s][14796][14024][info][gc,heap     ] GC(47) y: Young Generation Statistics:
[2026-06-26T13:53:24.834-0300][35.586s][14796][14024][info][gc,heap     ] GC(47) y:                Mark Start          Mark End        Relocate Start      Relocate End    
[2026-06-26T13:53:24.834-0300][35.586s][14796][14024][info][gc,heap     ] GC(47) y:      Used:      160M (5%)          242M (8%)          174M (6%)          162M (5%)     
[2026-06-26T13:53:24.835-0300][35.586s][14796][14024][info][gc,heap     ] GC(47) y:      Live:         -                40M (1%)           30M (1%)           30M (1%)     
[2026-06-26T13:53:24.835-0300][35.586s][14796][14024][info][gc,heap     ] GC(47) y:   Garbage:         -               119M (4%)           55M (2%)            1M (0%)     
[2026-06-26T13:53:24.835-0300][35.587s][14796][14024][info][gc,heap     ] GC(47) y: Allocated:         -                82M (3%)           88M (3%)          130M (4%)     
[2026-06-26T13:53:24.835-0300][35.587s][14796][14024][info][gc,heap     ] GC(47) y: Reclaimed:         -                  -                63M (2%)          118M (4%)     
[2026-06-26T13:53:24.835-0300][35.587s][14796][14024][info][gc,heap     ] GC(47) y:  Promoted:         -                  -                10M (0%)           10M (0%)     
[2026-06-26T13:53:24.835-0300][35.587s][14796][14024][info][gc,heap     ] GC(47) y: Compacted:         -                  -                  -                11M (0%)     
[2026-06-26T13:53:24.835-0300][35.587s][14796][14024][info][gc,phases   ] GC(47) y: Young Generation 1334M(43%)->1380M(45%) 0.079s
[2026-06-26T13:53:24.835-0300][35.587s][14796][14024][info][gc          ] GC(47) Minor Collection (Allocation Rate) 1334M(43%)->1382M(45%) 0.079s
[2026-06-26T13:53:25.652-0300][36.404s][14796][14024][info][gc          ] GC(48) Minor Collection (Allocation Rate)
[2026-06-26T13:53:25.652-0300][36.404s][14796][14024][info][gc,task     ] GC(48) Using 1 Workers for Young Generation
[2026-06-26T13:53:25.652-0300][36.404s][14796][14024][info][gc,phases   ] GC(48) y: Young Generation
[2026-06-26T13:53:25.652-0300][36.404s][14796][15076][info][gc,phases   ] GC(48) y: Pause Mark Start 0.013ms
[2026-06-26T13:53:25.839-0300][36.591s][14796][14024][info][gc,phases   ] GC(48) y: Concurrent Mark 186.460ms
[2026-06-26T13:53:25.839-0300][36.591s][14796][15076][info][gc,phases   ] GC(48) y: Pause Mark End 0.018ms
[2026-06-26T13:53:25.840-0300][36.591s][14796][14024][info][gc,phases   ] GC(48) y: Concurrent Mark Free 0.002ms
[2026-06-26T13:53:25.840-0300][36.591s][14796][14024][info][gc,phases   ] GC(48) y: Concurrent Reset Relocation Set 0.018ms
[2026-06-26T13:53:25.840-0300][36.591s][14796][14024][info][gc,reloc    ] GC(48) y: Using tenuring threshold: 2 (Computed)
[2026-06-26T13:53:25.855-0300][36.607s][14796][14024][info][gc,phases   ] GC(48) y: Concurrent Select Relocation Set 15.913ms
[2026-06-26T13:53:25.855-0300][36.607s][14796][15076][info][gc,phases   ] GC(48) y: Pause Relocate Start 0.010ms
[2026-06-26T13:53:25.933-0300][36.684s][14796][14024][info][gc,phases   ] GC(48) y: Concurrent Relocate 77.072ms
[2026-06-26T13:53:25.933-0300][36.684s][14796][14024][info][gc,alloc    ] GC(48) y:                         Mark Start        Mark End      Relocate Start    Relocate End   
[2026-06-26T13:53:25.933-0300][36.684s][14796][14024][info][gc,alloc    ] GC(48) y: Allocation Stalls:          0                0                0                0         
[2026-06-26T13:53:25.933-0300][36.684s][14796][14024][info][gc,load     ] GC(48) y: Load: 0.00 (0%) / 0.00 (0%) / 0.00 (0%)
[2026-06-26T13:53:25.933-0300][36.684s][14796][14024][info][gc,mmu      ] GC(48) y: MMU: 2ms/97.9%, 5ms/98.8%, 10ms/99.4%, 20ms/99.6%, 50ms/99.8%, 100ms/99.8%
[2026-06-26T13:53:25.933-0300][36.684s][14796][14024][info][gc,marking  ] GC(48) y: Mark: 1 stripe(s), 2 proactive flush(es), 1 terminate flush(es), 0 completion(s), 0 continuation(s) 
[2026-06-26T13:53:25.933-0300][36.684s][14796][14024][info][gc,nmethod  ] GC(48) y: NMethods: 11303 registered, 0 unregistered
[2026-06-26T13:53:25.933-0300][36.684s][14796][14024][info][gc,metaspace] GC(48) y: Metaspace: 64M used, 66M committed, 1088M reserved
[2026-06-26T13:53:25.933-0300][36.684s][14796][14024][info][gc,reloc    ] GC(48) y:                        Candidates     Selected     In-Place         Size        Empty    Relocated 
[2026-06-26T13:53:25.933-0300][36.684s][14796][14024][info][gc,reloc    ] GC(48) y: Small Pages:                  141           55            0         282M          68M          22M 
[2026-06-26T13:53:25.933-0300][36.684s][14796][14024][info][gc,reloc    ] GC(48) y: Medium Pages:                   1            0            0          32M           0M           0M 
[2026-06-26T13:53:25.933-0300][36.684s][14796][14024][info][gc,reloc    ] GC(48) y: Large Pages:                    4            0            0          48M           0M           0M 
[2026-06-26T13:53:25.933-0300][36.684s][14796][14024][info][gc,reloc    ] GC(48) y: Forwarding Usage: 18M
[2026-06-26T13:53:25.933-0300][36.684s][14796][14024][info][gc,reloc    ] GC(48) y: Age Table:
[2026-06-26T13:53:25.933-0300][36.684s][14796][14024][info][gc,reloc    ] GC(48) y:                    Live             Garbage             Small              Medium             Large        
[2026-06-26T13:53:25.933-0300][36.684s][14796][14024][info][gc,reloc    ] GC(48) y: Eden             117M (4%)          210M (7%)         124 / 53             1 / 0              4 / 0        
[2026-06-26T13:53:25.933-0300][36.684s][14796][14024][info][gc,reloc    ] GC(48) y: Survivor 1        10M (0%)            1M (0%)           6 / 1              0 / 0              0 / 0        
[2026-06-26T13:53:25.933-0300][36.684s][14796][14024][info][gc,reloc    ] GC(48) y: Survivor 2        19M (1%)            2M (0%)          11 / 1              0 / 0              0 / 0        
[2026-06-26T13:53:25.933-0300][36.684s][14796][14024][info][gc,heap     ] GC(48) y: Min Capacity: 8M(0%)
[2026-06-26T13:53:25.933-0300][36.684s][14796][14024][info][gc,heap     ] GC(48) y: Max Capacity: 3072M(100%)
[2026-06-26T13:53:25.933-0300][36.684s][14796][14024][info][gc,heap     ] GC(48) y: Soft Max Capacity: 3072M(100%)
[2026-06-26T13:53:25.933-0300][36.684s][14796][14024][info][gc,heap     ] GC(48) y: Heap Statistics:
[2026-06-26T13:53:25.933-0300][36.685s][14796][14024][info][gc,heap     ] GC(48) y:                Mark Start          Mark End        Relocate Start      Relocate End           High               Low         
[2026-06-26T13:53:25.933-0300][36.685s][14796][14024][info][gc,heap     ] GC(48) y:  Capacity:     3072M (100%)       3072M (100%)       3072M (100%)       3072M (100%)       3072M (100%)       3072M (100%)   
[2026-06-26T13:53:25.933-0300][36.685s][14796][14024][info][gc,heap     ] GC(48) y:      Free:     1492M (49%)        1436M (47%)        1502M (49%)        1590M (52%)        1594M (52%)        1436M (47%)    
[2026-06-26T13:53:25.933-0300][36.685s][14796][14024][info][gc,heap     ] GC(48) y:      Used:     1580M (51%)        1636M (53%)        1570M (51%)        1482M (48%)        1636M (53%)        1478M (48%)    
[2026-06-26T13:53:25.933-0300][36.685s][14796][14024][info][gc,heap     ] GC(48) y: Young Generation Statistics:
[2026-06-26T13:53:25.933-0300][36.685s][14796][14024][info][gc,heap     ] GC(48) y:                Mark Start          Mark End        Relocate Start      Relocate End    
[2026-06-26T13:53:25.933-0300][36.685s][14796][14024][info][gc,heap     ] GC(48) y:      Used:      362M (12%)         418M (14%)         334M (11%)         244M (8%)     
[2026-06-26T13:53:25.933-0300][36.685s][14796][14024][info][gc,heap     ] GC(48) y:      Live:         -               147M (5%)          130M (4%)          128M (4%)     
[2026-06-26T13:53:25.933-0300][36.685s][14796][14024][info][gc,heap     ] GC(48) y:   Garbage:         -               214M (7%)          145M (5%)           30M (1%)     
[2026-06-26T13:53:25.933-0300][36.685s][14796][14024][info][gc,heap     ] GC(48) y: Allocated:         -                56M (2%)           58M (2%)           84M (3%)     
[2026-06-26T13:53:25.933-0300][36.685s][14796][14024][info][gc,heap     ] GC(48) y: Reclaimed:         -                  -                68M (2%)          183M (6%)     
[2026-06-26T13:53:25.933-0300][36.685s][14796][14024][info][gc,heap     ] GC(48) y:  Promoted:         -                  -                17M (1%)           19M (1%)     
[2026-06-26T13:53:25.933-0300][36.685s][14796][14024][info][gc,heap     ] GC(48) y: Compacted:         -                  -                  -                31M (1%)     
[2026-06-26T13:53:25.933-0300][36.685s][14796][14024][info][gc,phases   ] GC(48) y: Young Generation 1580M(51%)->1482M(48%) 0.280s
[2026-06-26T13:53:25.933-0300][36.685s][14796][14024][info][gc          ] GC(48) Minor Collection (Allocation Rate) 1580M(51%)->1482M(48%) 0.281s
[2026-06-26T13:53:26.008-0300][36.760s][14796][14024][info][gc          ] GC(49) Minor Collection (Allocation Rate)
[2026-06-26T13:53:26.008-0300][36.760s][14796][14024][info][gc,task     ] GC(49) Using 1 Workers for Young Generation
[2026-06-26T13:53:26.008-0300][36.760s][14796][14024][info][gc,phases   ] GC(49) y: Young Generation
[2026-06-26T13:53:26.008-0300][36.760s][14796][15076][info][gc,phases   ] GC(49) y: Pause Mark Start 0.013ms
[2026-06-26T13:53:26.240-0300][36.992s][14796][14024][info][gc,phases   ] GC(49) y: Concurrent Mark 231.635ms
[2026-06-26T13:53:26.240-0300][36.992s][14796][15076][info][gc,phases   ] GC(49) y: Pause Mark End 0.013ms
[2026-06-26T13:53:26.240-0300][36.992s][14796][14024][info][gc,phases   ] GC(49) y: Concurrent Mark Free 0.005ms
[2026-06-26T13:53:26.240-0300][36.992s][14796][14024][info][gc,phases   ] GC(49) y: Concurrent Reset Relocation Set 0.029ms
[2026-06-26T13:53:26.240-0300][36.992s][14796][14024][info][gc,reloc    ] GC(49) y: Using tenuring threshold: 1 (Computed)
[2026-06-26T13:53:26.326-0300][37.077s][14796][14024][info][gc,phases   ] GC(49) y: Concurrent Select Relocation Set 85.151ms
[2026-06-26T13:53:26.326-0300][37.078s][14796][15076][info][gc,phases   ] GC(49) y: Pause Relocate Start 0.013ms
[2026-06-26T13:53:26.474-0300][37.225s][14796][14024][info][gc,phases   ] GC(49) y: Concurrent Relocate 147.114ms
[2026-06-26T13:53:26.474-0300][37.225s][14796][14024][info][gc,alloc    ] GC(49) y:                         Mark Start        Mark End      Relocate Start    Relocate End   
[2026-06-26T13:53:26.474-0300][37.225s][14796][14024][info][gc,alloc    ] GC(49) y: Allocation Stalls:          0                0                0                0         
[2026-06-26T13:53:26.474-0300][37.225s][14796][14024][info][gc,load     ] GC(49) y: Load: 0.00 (0%) / 0.00 (0%) / 0.00 (0%)
[2026-06-26T13:53:26.474-0300][37.225s][14796][14024][info][gc,mmu      ] GC(49) y: MMU: 2ms/97.9%, 5ms/98.8%, 10ms/99.4%, 20ms/99.6%, 50ms/99.8%, 100ms/99.8%
[2026-06-26T13:53:26.474-0300][37.225s][14796][14024][info][gc,marking  ] GC(49) y: Mark: 1 stripe(s), 2 proactive flush(es), 1 terminate flush(es), 0 completion(s), 0 continuation(s) 
[2026-06-26T13:53:26.474-0300][37.225s][14796][14024][info][gc,nmethod  ] GC(49) y: NMethods: 11414 registered, 0 unregistered
[2026-06-26T13:53:26.474-0300][37.225s][14796][14024][info][gc,metaspace] GC(49) y: Metaspace: 65M used, 66M committed, 1088M reserved
[2026-06-26T13:53:26.474-0300][37.225s][14796][14024][info][gc,reloc    ] GC(49) y:                        Candidates     Selected     In-Place         Size        Empty    Relocated 
[2026-06-26T13:53:26.474-0300][37.225s][14796][14024][info][gc,reloc    ] GC(49) y: Small Pages:                   89           31            0         178M           6M           9M 
[2026-06-26T13:53:26.474-0300][37.225s][14796][14024][info][gc,reloc    ] GC(49) y: Medium Pages:                   1            0            0          32M           0M           0M 
[2026-06-26T13:53:26.474-0300][37.225s][14796][14024][info][gc,reloc    ] GC(49) y: Large Pages:                    4            0            0          48M           0M           0M 
[2026-06-26T13:53:26.474-0300][37.225s][14796][14024][info][gc,reloc    ] GC(49) y: Forwarding Usage: 7M
[2026-06-26T13:53:26.474-0300][37.225s][14796][14024][info][gc,reloc    ] GC(49) y: Age Table:
[2026-06-26T13:53:26.474-0300][37.225s][14796][14024][info][gc,reloc    ] GC(49) y:                    Live             Garbage             Small              Medium             Large        
[2026-06-26T13:53:26.474-0300][37.225s][14796][14024][info][gc,reloc    ] GC(49) y: Eden              27M (1%)           58M (2%)          43 / 26             0 / 0              0 / 0        
[2026-06-26T13:53:26.474-0300][37.225s][14796][14024][info][gc,reloc    ] GC(49) y: Survivor 1       117M (4%)           42M (1%)          40 / 5              1 / 0              4 / 0        
[2026-06-26T13:53:26.474-0300][37.225s][14796][14024][info][gc,reloc    ] GC(49) y: Survivor 2        10M (0%)            1M (0%)           6 / 0              0 / 0              0 / 0        
[2026-06-26T13:53:26.474-0300][37.225s][14796][14024][info][gc,heap     ] GC(49) y: Min Capacity: 8M(0%)
[2026-06-26T13:53:26.474-0300][37.225s][14796][14024][info][gc,heap     ] GC(49) y: Max Capacity: 3072M(100%)
[2026-06-26T13:53:26.474-0300][37.225s][14796][14024][info][gc,heap     ] GC(49) y: Soft Max Capacity: 3072M(100%)
[2026-06-26T13:53:26.474-0300][37.225s][14796][14024][info][gc,heap     ] GC(49) y: Heap Statistics:
[2026-06-26T13:53:26.474-0300][37.225s][14796][14024][info][gc,heap     ] GC(49) y:                Mark Start          Mark End        Relocate Start      Relocate End           High               Low         
[2026-06-26T13:53:26.474-0300][37.225s][14796][14024][info][gc,heap     ] GC(49) y:  Capacity:     3072M (100%)       3072M (100%)       3072M (100%)       3072M (100%)       3072M (100%)       3072M (100%)   
[2026-06-26T13:53:26.474-0300][37.225s][14796][14024][info][gc,heap     ] GC(49) y:      Free:     1576M (51%)        1512M (49%)        1504M (49%)        1534M (50%)        1576M (51%)        1502M (49%)    
[2026-06-26T13:53:26.474-0300][37.225s][14796][14024][info][gc,heap     ] GC(49) y:      Used:     1496M (49%)        1560M (51%)        1568M (51%)        1538M (50%)        1570M (51%)        1496M (49%)    
[2026-06-26T13:53:26.474-0300][37.225s][14796][14024][info][gc,heap     ] GC(49) y: Young Generation Statistics:
[2026-06-26T13:53:26.474-0300][37.225s][14796][14024][info][gc,heap     ] GC(49) y:                Mark Start          Mark End        Relocate Start      Relocate End    
[2026-06-26T13:53:26.474-0300][37.225s][14796][14024][info][gc,heap     ] GC(49) y:      Used:      258M (8%)          322M (10%)         174M (6%)          140M (5%)     
[2026-06-26T13:53:26.474-0300][37.225s][14796][14024][info][gc,heap     ] GC(49) y:      Live:         -               155M (5%)           29M (1%)           27M (1%)     
[2026-06-26T13:53:26.474-0300][37.225s][14796][14024][info][gc,heap     ] GC(49) y:   Garbage:         -               102M (3%)           66M (2%)            1M (0%)     
[2026-06-26T13:53:26.474-0300][37.225s][14796][14024][info][gc,heap     ] GC(49) y: Allocated:         -                64M (2%)           78M (3%)          110M (4%)     
[2026-06-26T13:53:26.474-0300][37.225s][14796][14024][info][gc,heap     ] GC(49) y: Reclaimed:         -                  -                36M (1%)          100M (3%)     
[2026-06-26T13:53:26.474-0300][37.225s][14796][14024][info][gc,heap     ] GC(49) y:  Promoted:         -                  -               125M (4%)          127M (4%)     
[2026-06-26T13:53:26.474-0300][37.225s][14796][14024][info][gc,heap     ] GC(49) y: Compacted:         -                  -                  -                11M (0%)     
[2026-06-26T13:53:26.474-0300][37.225s][14796][14024][info][gc,phases   ] GC(49) y: Young Generation 1496M(49%)->1538M(50%) 0.465s
[2026-06-26T13:53:26.474-0300][37.225s][14796][14024][info][gc          ] GC(49) Minor Collection (Allocation Rate) 1496M(49%)->1538M(50%) 0.465s
[2026-06-26T13:53:26.623-0300][37.375s][14796][3936 ][info][gc,phases   ] GC(46) O: Concurrent Mark 2142.413ms
[2026-06-26T13:53:26.623-0300][37.375s][14796][15076][info][gc,phases   ] GC(46) O: Pause Mark End 0.016ms
[2026-06-26T13:53:26.623-0300][37.375s][14796][3936 ][info][gc,phases   ] GC(46) O: Concurrent Mark Free 0.003ms
[2026-06-26T13:53:26.656-0300][37.408s][14796][3936 ][info][gc,phases   ] GC(46) O: Concurrent Process Non-Strong 32.914ms
[2026-06-26T13:53:26.656-0300][37.408s][14796][3936 ][info][gc,phases   ] GC(46) O: Concurrent Reset Relocation Set 0.008ms
[2026-06-26T13:53:26.658-0300][37.410s][14796][3936 ][info][gc,phases   ] GC(46) O: Concurrent Select Relocation Set 1.900ms
[2026-06-26T13:53:26.658-0300][37.410s][14796][3936 ][info][gc,task     ] GC(46) O: Using 2 Workers for Old Generation
[2026-06-26T13:53:26.668-0300][37.419s][14796][3936 ][info][gc,task     ] GC(46) O: Using 1 Workers for Old Generation
[2026-06-26T13:53:26.668-0300][37.419s][14796][3936 ][info][gc,phases   ] GC(46) O: Concurrent Remap Roots 9.428ms
[2026-06-26T13:53:26.668-0300][37.419s][14796][15076][info][gc,phases   ] GC(46) O: Pause Relocate Start 0.011ms
[2026-06-26T13:53:26.712-0300][37.464s][14796][3936 ][info][gc,phases   ] GC(46) O: Concurrent Relocate 45.086ms
[2026-06-26T13:53:26.712-0300][37.464s][14796][3936 ][info][gc,alloc    ] GC(46) O:                         Mark Start        Mark End      Relocate Start    Relocate End   
[2026-06-26T13:53:26.712-0300][37.464s][14796][3936 ][info][gc,alloc    ] GC(46) O: Allocation Stalls:          0                0                0                0         
[2026-06-26T13:53:26.712-0300][37.464s][14796][3936 ][info][gc,load     ] GC(46) O: Load: 0.00 (0%) / 0.00 (0%) / 0.00 (0%)
[2026-06-26T13:53:26.712-0300][37.464s][14796][3936 ][info][gc,mmu      ] GC(46) O: MMU: 2ms/97.9%, 5ms/98.8%, 10ms/99.4%, 20ms/99.6%, 50ms/99.8%, 100ms/99.8%
[2026-06-26T13:53:26.712-0300][37.465s][14796][3936 ][info][gc,marking  ] GC(46) O: Mark: 1 stripe(s), 2 proactive flush(es), 1 terminate flush(es), 0 completion(s), 0 continuation(s) 
[2026-06-26T13:53:26.712-0300][37.465s][14796][3936 ][info][gc,nmethod  ] GC(46) O: NMethods: 11411 registered, 74 unregistered
[2026-06-26T13:53:26.712-0300][37.465s][14796][3936 ][info][gc,metaspace] GC(46) O: Metaspace: 65M used, 66M committed, 1088M reserved
[2026-06-26T13:53:26.712-0300][37.465s][14796][3936 ][info][gc,ref      ] GC(46) O:                       Encountered   Discovered     Enqueued 
[2026-06-26T13:53:26.712-0300][37.465s][14796][3936 ][info][gc,ref      ] GC(46) O: Soft References:             5405            0            0 
[2026-06-26T13:53:26.712-0300][37.465s][14796][3936 ][info][gc,ref      ] GC(46) O: Weak References:             4602         2110           20 
[2026-06-26T13:53:26.712-0300][37.465s][14796][3936 ][info][gc,ref      ] GC(46) O: Final References:              16            4            0 
[2026-06-26T13:53:26.712-0300][37.465s][14796][3936 ][info][gc,ref      ] GC(46) O: Phantom References:        158011        63078        56594 
[2026-06-26T13:53:26.713-0300][37.465s][14796][3936 ][info][gc,reloc    ] GC(46) O:                        Candidates     Selected     In-Place         Size        Empty    Relocated 
[2026-06-26T13:53:26.713-0300][37.465s][14796][3936 ][info][gc,reloc    ] GC(46) O: Small Pages:                  549           32            0        1098M          30M          10M 
[2026-06-26T13:53:26.713-0300][37.465s][14796][3936 ][info][gc,reloc    ] GC(46) O: Medium Pages:                   2            0            0          64M           0M           0M 
[2026-06-26T13:53:26.713-0300][37.465s][14796][3936 ][info][gc,reloc    ] GC(46) O: Large Pages:                    1            0            0          12M           0M           0M 
[2026-06-26T13:53:26.713-0300][37.465s][14796][3936 ][info][gc,reloc    ] GC(46) O: Forwarding Usage: 12M
[2026-06-26T13:53:26.713-0300][37.465s][14796][3936 ][info][gc,heap     ] GC(46) O: Min Capacity: 8M(0%)
[2026-06-26T13:53:26.713-0300][37.465s][14796][3936 ][info][gc,heap     ] GC(46) O: Max Capacity: 3072M(100%)
[2026-06-26T13:53:26.713-0300][37.465s][14796][3936 ][info][gc,heap     ] GC(46) O: Soft Max Capacity: 3072M(100%)
[2026-06-26T13:53:26.713-0300][37.465s][14796][3936 ][info][gc,heap     ] GC(46) O: Heap Statistics:
[2026-06-26T13:53:26.713-0300][37.465s][14796][3936 ][info][gc,heap     ] GC(46) O:                Mark Start          Mark End        Relocate Start      Relocate End           High               Low         
[2026-06-26T13:53:26.713-0300][37.465s][14796][3936 ][info][gc,heap     ] GC(46) O:  Capacity:     3072M (100%)       3072M (100%)       3072M (100%)       3072M (100%)       3072M (100%)       3072M (100%)   
[2026-06-26T13:53:26.713-0300][37.465s][14796][3936 ][info][gc,heap     ] GC(46) O:      Free:     1742M (57%)        1500M (49%)        1526M (50%)        1568M (51%)        1812M (59%)        1436M (47%)    
[2026-06-26T13:53:26.713-0300][37.465s][14796][3936 ][info][gc,heap     ] GC(46) O:      Used:     1330M (43%)        1572M (51%)        1546M (50%)        1504M (49%)        1636M (53%)        1260M (41%)    
[2026-06-26T13:53:26.713-0300][37.465s][14796][3936 ][info][gc,heap     ] GC(46) O: Old Generation Statistics:
[2026-06-26T13:53:26.713-0300][37.465s][14796][3936 ][info][gc,heap     ] GC(46) O:                Mark Start          Mark End        Relocate Start      Relocate End    
[2026-06-26T13:53:26.713-0300][37.465s][14796][3936 ][info][gc,heap     ] GC(46) O:      Used:     1174M (38%)        1398M (46%)        1368M (45%)        1318M (43%)    
[2026-06-26T13:53:26.713-0300][37.465s][14796][3936 ][info][gc,heap     ] GC(46) O:      Live:         -              1001M (33%)        1001M (33%)        1001M (33%)    
[2026-06-26T13:53:26.713-0300][37.465s][14796][3936 ][info][gc,heap     ] GC(46) O:   Garbage:         -               172M (6%)          142M (5%)           73M (2%)     
[2026-06-26T13:53:26.713-0300][37.465s][14796][3936 ][info][gc,heap     ] GC(46) O: Allocated:         -               224M (7%)          224M (7%)          242M (8%)     
[2026-06-26T13:53:26.713-0300][37.465s][14796][3936 ][info][gc,heap     ] GC(46) O: Reclaimed:         -                  -                30M (1%)           98M (3%)     
[2026-06-26T13:53:26.713-0300][37.465s][14796][3936 ][info][gc,heap     ] GC(46) O: Compacted:         -                  -                  -                27M (1%)     
[2026-06-26T13:53:26.713-0300][37.465s][14796][3936 ][info][gc,phases   ] GC(46) O: Old Generation 1260M(41%)->1504M(49%) 2.232s
[2026-06-26T13:53:26.713-0300][37.465s][14796][3936 ][info][gc          ] GC(46) Major Collection (Allocation Rate) 1330M(43%)->1504M(49%) 2.282s
[2026-06-26T13:53:31.139-0300][41.891s][14796][3936 ][info][gc          ] GC(50) Major Collection (Allocation Rate)
[2026-06-26T13:53:31.139-0300][41.891s][14796][3936 ][info][gc,task     ] GC(50) Using 2 Workers for Young Generation
[2026-06-26T13:53:31.139-0300][41.891s][14796][3936 ][info][gc,task     ] GC(50) Using 1 Workers for Old Generation
[2026-06-26T13:53:31.139-0300][41.891s][14796][3936 ][info][gc,phases   ] GC(50) Y: Young Generation
[2026-06-26T13:53:31.139-0300][41.891s][14796][15076][info][gc,phases   ] GC(50) Y: Pause Mark Start (Major) 0.010ms
[2026-06-26T13:53:31.443-0300][42.195s][14796][3936 ][info][gc,phases   ] GC(50) Y: Concurrent Mark 304.027ms
[2026-06-26T13:53:31.443-0300][42.195s][14796][15076][info][gc,phases   ] GC(50) Y: Pause Mark End 0.016ms
[2026-06-26T13:53:31.443-0300][42.195s][14796][3936 ][info][gc,phases   ] GC(50) Y: Concurrent Mark Free 0.003ms
[2026-06-26T13:53:31.444-0300][42.196s][14796][3936 ][info][gc,phases   ] GC(50) Y: Concurrent Reset Relocation Set 0.701ms
[2026-06-26T13:53:31.444-0300][42.196s][14796][3936 ][info][gc,reloc    ] GC(50) Y: Using tenuring threshold: 2 (Computed)
[2026-06-26T13:53:31.460-0300][42.212s][14796][3936 ][info][gc,phases   ] GC(50) Y: Concurrent Select Relocation Set 16.166ms
[2026-06-26T13:53:31.460-0300][42.212s][14796][15076][info][gc,phases   ] GC(50) Y: Pause Relocate Start 0.015ms
[2026-06-26T13:53:31.607-0300][42.358s][14796][3936 ][info][gc,phases   ] GC(50) Y: Concurrent Relocate 145.834ms
[2026-06-26T13:53:31.607-0300][42.358s][14796][3936 ][info][gc,alloc    ] GC(50) Y:                         Mark Start        Mark End      Relocate Start    Relocate End   
[2026-06-26T13:53:31.607-0300][42.358s][14796][3936 ][info][gc,alloc    ] GC(50) Y: Allocation Stalls:          0                0                0                0         
[2026-06-26T13:53:31.607-0300][42.358s][14796][3936 ][info][gc,load     ] GC(50) Y: Load: 0.00 (0%) / 0.00 (0%) / 0.00 (0%)
[2026-06-26T13:53:31.607-0300][42.358s][14796][3936 ][info][gc,mmu      ] GC(50) Y: MMU: 2ms/97.9%, 5ms/98.8%, 10ms/99.4%, 20ms/99.6%, 50ms/99.8%, 100ms/99.8%
[2026-06-26T13:53:31.607-0300][42.358s][14796][3936 ][info][gc,marking  ] GC(50) Y: Mark: 2 stripe(s), 2 proactive flush(es), 1 terminate flush(es), 0 completion(s), 0 continuation(s) 
[2026-06-26T13:53:31.607-0300][42.358s][14796][3936 ][info][gc,nmethod  ] GC(50) Y: NMethods: 12110 registered, 74 unregistered
[2026-06-26T13:53:31.607-0300][42.358s][14796][3936 ][info][gc,metaspace] GC(50) Y: Metaspace: 65M used, 67M committed, 1088M reserved
[2026-06-26T13:53:31.607-0300][42.358s][14796][3936 ][info][gc,reloc    ] GC(50) Y:                        Candidates     Selected     In-Place         Size        Empty    Relocated 
[2026-06-26T13:53:31.607-0300][42.358s][14796][3936 ][info][gc,reloc    ] GC(50) Y: Small Pages:                  702          536            0        1404M           0M         123M 
[2026-06-26T13:53:31.607-0300][42.358s][14796][3936 ][info][gc,reloc    ] GC(50) Y: Medium Pages:                   0            0            0           0M           0M           0M 
[2026-06-26T13:53:31.607-0300][42.358s][14796][3936 ][info][gc,reloc    ] GC(50) Y: Large Pages:                    0            0            0           0M           0M           0M 
[2026-06-26T13:53:31.607-0300][42.358s][14796][3936 ][info][gc,reloc    ] GC(50) Y: Forwarding Usage: 96M
[2026-06-26T13:53:31.607-0300][42.358s][14796][3936 ][info][gc,reloc    ] GC(50) Y: Age Table:
[2026-06-26T13:53:31.607-0300][42.358s][14796][3936 ][info][gc,reloc    ] GC(50) Y:                    Live             Garbage             Small              Medium             Large        
[2026-06-26T13:53:31.607-0300][42.358s][14796][3936 ][info][gc,reloc    ] GC(50) Y: Eden             264M (9%)         1109M (36%)        687 / 536            0 / 0              0 / 0        
[2026-06-26T13:53:31.607-0300][42.358s][14796][3936 ][info][gc,reloc    ] GC(50) Y: Survivor 1        26M (1%)            3M (0%)          15 / 0              0 / 0              0 / 0        
[2026-06-26T13:53:31.607-0300][42.358s][14796][3936 ][info][gc,heap     ] GC(50) Y: Min Capacity: 8M(0%)
[2026-06-26T13:53:31.607-0300][42.358s][14796][3936 ][info][gc,heap     ] GC(50) Y: Max Capacity: 3072M(100%)
[2026-06-26T13:53:31.607-0300][42.358s][14796][3936 ][info][gc,heap     ] GC(50) Y: Soft Max Capacity: 3072M(100%)
[2026-06-26T13:53:31.607-0300][42.358s][14796][3936 ][info][gc,heap     ] GC(50) Y: Heap Statistics:
[2026-06-26T13:53:31.607-0300][42.358s][14796][3936 ][info][gc,heap     ] GC(50) Y:                Mark Start          Mark End        Relocate Start      Relocate End           High               Low         
[2026-06-26T13:53:31.607-0300][42.358s][14796][3936 ][info][gc,heap     ] GC(50) Y:  Capacity:     3072M (100%)       3072M (100%)       3072M (100%)       3072M (100%)       3072M (100%)       3072M (100%)   
[2026-06-26T13:53:31.607-0300][42.358s][14796][3936 ][info][gc,heap     ] GC(50) Y:      Free:      350M (11%)         282M (9%)          282M (9%)         1342M (44%)        1342M (44%)         276M (9%)     
[2026-06-26T13:53:31.607-0300][42.358s][14796][3936 ][info][gc,heap     ] GC(50) Y:      Used:     2722M (89%)        2790M (91%)        2790M (91%)        1730M (56%)        2796M (91%)        1730M (56%)    
[2026-06-26T13:53:31.607-0300][42.358s][14796][3936 ][info][gc,heap     ] GC(50) Y: Young Generation Statistics:
[2026-06-26T13:53:31.607-0300][42.358s][14796][3936 ][info][gc,heap     ] GC(50) Y:                Mark Start          Mark End        Relocate Start      Relocate End    
[2026-06-26T13:53:31.607-0300][42.358s][14796][3936 ][info][gc,heap     ] GC(50) Y:      Used:     1404M (46%)        1472M (48%)        1472M (48%)         412M (13%)    
[2026-06-26T13:53:31.607-0300][42.358s][14796][3936 ][info][gc,heap     ] GC(50) Y:      Live:         -               290M (9%)          290M (9%)          290M (9%)     
[2026-06-26T13:53:31.607-0300][42.358s][14796][3936 ][info][gc,heap     ] GC(50) Y:   Garbage:         -              1113M (36%)        1113M (36%)          16M (1%)     
[2026-06-26T13:53:31.607-0300][42.358s][14796][3936 ][info][gc,heap     ] GC(50) Y: Allocated:         -                68M (2%)           68M (2%)          104M (3%)     
[2026-06-26T13:53:31.607-0300][42.358s][14796][3936 ][info][gc,heap     ] GC(50) Y: Reclaimed:         -                  -                 0M (0%)         1096M (36%)    
[2026-06-26T13:53:31.607-0300][42.358s][14796][3936 ][info][gc,heap     ] GC(50) Y:  Promoted:         -                  -                 0M (0%)            0M (0%)     
[2026-06-26T13:53:31.607-0300][42.358s][14796][3936 ][info][gc,heap     ] GC(50) Y: Compacted:         -                  -                  -               167M (5%)     
[2026-06-26T13:53:31.607-0300][42.358s][14796][3936 ][info][gc,phases   ] GC(50) Y: Young Generation 2722M(89%)->1730M(56%) 0.467s
[2026-06-26T13:53:31.607-0300][42.358s][14796][3936 ][info][gc,phases   ] GC(50) O: Old Generation
[2026-06-26T13:53:33.770-0300][44.522s][14796][3936 ][info][gc,phases   ] GC(50) O: Concurrent Mark 2163.204ms
[2026-06-26T13:53:33.770-0300][44.522s][14796][15076][info][gc,phases   ] GC(50) O: Pause Mark End 0.017ms
[2026-06-26T13:53:33.770-0300][44.522s][14796][3936 ][info][gc,phases   ] GC(50) O: Concurrent Mark Free 0.005ms
[2026-06-26T13:53:33.801-0300][44.553s][14796][3936 ][info][gc,phases   ] GC(50) O: Concurrent Process Non-Strong 30.667ms
[2026-06-26T13:53:33.801-0300][44.553s][14796][3936 ][info][gc,phases   ] GC(50) O: Concurrent Reset Relocation Set 0.005ms
[2026-06-26T13:53:33.806-0300][44.558s][14796][3936 ][info][gc,phases   ] GC(50) O: Concurrent Select Relocation Set 4.969ms
[2026-06-26T13:53:33.806-0300][44.558s][14796][3936 ][info][gc,task     ] GC(50) O: Using 3 Workers for Old Generation
[2026-06-26T13:53:33.813-0300][44.565s][14796][3936 ][info][gc,task     ] GC(50) O: Using 1 Workers for Old Generation
[2026-06-26T13:53:33.813-0300][44.565s][14796][3936 ][info][gc,phases   ] GC(50) O: Concurrent Remap Roots 6.928ms
[2026-06-26T13:53:33.813-0300][44.565s][14796][15076][info][gc,phases   ] GC(50) O: Pause Relocate Start 0.013ms
[2026-06-26T13:53:33.882-0300][44.634s][14796][3936 ][info][gc,phases   ] GC(50) O: Concurrent Relocate 69.351ms
[2026-06-26T13:53:33.882-0300][44.634s][14796][3936 ][info][gc,alloc    ] GC(50) O:                         Mark Start        Mark End      Relocate Start    Relocate End   
[2026-06-26T13:53:33.882-0300][44.634s][14796][3936 ][info][gc,alloc    ] GC(50) O: Allocation Stalls:          0                0                0                0         
[2026-06-26T13:53:33.882-0300][44.634s][14796][3936 ][info][gc,load     ] GC(50) O: Load: 0.00 (0%) / 0.00 (0%) / 0.00 (0%)
[2026-06-26T13:53:33.882-0300][44.634s][14796][3936 ][info][gc,mmu      ] GC(50) O: MMU: 2ms/97.9%, 5ms/98.8%, 10ms/99.4%, 20ms/99.6%, 50ms/99.8%, 100ms/99.8%
[2026-06-26T13:53:33.882-0300][44.634s][14796][3936 ][info][gc,marking  ] GC(50) O: Mark: 1 stripe(s), 2 proactive flush(es), 1 terminate flush(es), 0 completion(s), 0 continuation(s) 
[2026-06-26T13:53:33.882-0300][44.634s][14796][3936 ][info][gc,nmethod  ] GC(50) O: NMethods: 10992 registered, 1225 unregistered
[2026-06-26T13:53:33.882-0300][44.634s][14796][3936 ][info][gc,metaspace] GC(50) O: Metaspace: 66M used, 67M committed, 1088M reserved
[2026-06-26T13:53:33.882-0300][44.634s][14796][3936 ][info][gc,ref      ] GC(50) O:                       Encountered   Discovered     Enqueued 
[2026-06-26T13:53:33.882-0300][44.634s][14796][3936 ][info][gc,ref      ] GC(50) O: Soft References:             5399            0            0 
[2026-06-26T13:53:33.882-0300][44.634s][14796][3936 ][info][gc,ref      ] GC(50) O: Weak References:             4764         3426           26 
[2026-06-26T13:53:33.882-0300][44.634s][14796][3936 ][info][gc,ref      ] GC(50) O: Final References:              15            0            0 
[2026-06-26T13:53:33.882-0300][44.634s][14796][3936 ][info][gc,ref      ] GC(50) O: Phantom References:        155624        40846        36531 
[2026-06-26T13:53:33.882-0300][44.634s][14796][3936 ][info][gc,reloc    ] GC(50) O:                        Candidates     Selected     In-Place         Size        Empty    Relocated 
[2026-06-26T13:53:33.882-0300][44.634s][14796][3936 ][info][gc,reloc    ] GC(50) O: Small Pages:                  565           12            0        1130M           2M           5M 
[2026-06-26T13:53:33.882-0300][44.634s][14796][3936 ][info][gc,reloc    ] GC(50) O: Medium Pages:                   4            2            0         128M           0M          11M 
[2026-06-26T13:53:33.882-0300][44.634s][14796][3936 ][info][gc,reloc    ] GC(50) O: Large Pages:                    5            0            0          60M           0M           0M 
[2026-06-26T13:53:33.882-0300][44.634s][14796][3936 ][info][gc,reloc    ] GC(50) O: Forwarding Usage: 19M
[2026-06-26T13:53:33.882-0300][44.634s][14796][3936 ][info][gc,heap     ] GC(50) O: Min Capacity: 8M(0%)
[2026-06-26T13:53:33.882-0300][44.634s][14796][3936 ][info][gc,heap     ] GC(50) O: Max Capacity: 3072M(100%)
[2026-06-26T13:53:33.882-0300][44.634s][14796][3936 ][info][gc,heap     ] GC(50) O: Soft Max Capacity: 3072M(100%)
[2026-06-26T13:53:33.882-0300][44.634s][14796][3936 ][info][gc,heap     ] GC(50) O: Heap Statistics:
[2026-06-26T13:53:33.882-0300][44.634s][14796][3936 ][info][gc,heap     ] GC(50) O:                Mark Start          Mark End        Relocate Start      Relocate End           High               Low         
[2026-06-26T13:53:33.882-0300][44.634s][14796][3936 ][info][gc,heap     ] GC(50) O:  Capacity:     3072M (100%)       3072M (100%)       3072M (100%)       3072M (100%)       3072M (100%)       3072M (100%)   
[2026-06-26T13:53:33.882-0300][44.634s][14796][3936 ][info][gc,heap     ] GC(50) O:      Free:      350M (11%)         946M (31%)         940M (31%)        1016M (33%)        1342M (44%)         276M (9%)     
[2026-06-26T13:53:33.882-0300][44.634s][14796][3936 ][info][gc,heap     ] GC(50) O:      Used:     2722M (89%)        2126M (69%)        2132M (69%)        2056M (67%)        2796M (91%)        1730M (56%)    
[2026-06-26T13:53:33.883-0300][44.634s][14796][3936 ][info][gc,heap     ] GC(50) O: Old Generation Statistics:
[2026-06-26T13:53:33.883-0300][44.634s][14796][3936 ][info][gc,heap     ] GC(50) O:                Mark Start          Mark End        Relocate Start      Relocate End    
[2026-06-26T13:53:33.883-0300][44.634s][14796][3936 ][info][gc,heap     ] GC(50) O:      Used:     1318M (43%)        1318M (43%)        1316M (43%)        1236M (40%)    
[2026-06-26T13:53:33.883-0300][44.634s][14796][3936 ][info][gc,heap     ] GC(50) O:      Live:         -              1150M (37%)        1150M (37%)        1150M (37%)    
[2026-06-26T13:53:33.883-0300][44.634s][14796][3936 ][info][gc,heap     ] GC(50) O:   Garbage:         -               167M (5%)          165M (5%)           53M (2%)     
[2026-06-26T13:53:33.883-0300][44.634s][14796][3936 ][info][gc,heap     ] GC(50) O: Allocated:         -                 0M (0%)            0M (0%)           32M (1%)     
[2026-06-26T13:53:33.883-0300][44.634s][14796][3936 ][info][gc,heap     ] GC(50) O: Reclaimed:         -                  -                 2M (0%)          114M (4%)     
[2026-06-26T13:53:33.883-0300][44.634s][14796][3936 ][info][gc,heap     ] GC(50) O: Compacted:         -                  -                  -                47M (2%)     
[2026-06-26T13:53:33.883-0300][44.634s][14796][3936 ][info][gc,phases   ] GC(50) O: Old Generation 1730M(56%)->2056M(67%) 2.276s
[2026-06-26T13:53:33.883-0300][44.634s][14796][3936 ][info][gc          ] GC(50) Major Collection (Allocation Rate) 2722M(89%)->2056M(67%) 2.744s
[2026-06-26T13:53:36.598-0300][47.349s][14796][14024][info][gc          ] GC(51) Minor Collection (Allocation Rate)
[2026-06-26T13:53:36.598-0300][47.349s][14796][14024][info][gc,task     ] GC(51) Using 2 Workers for Young Generation
[2026-06-26T13:53:36.598-0300][47.349s][14796][14024][info][gc,phases   ] GC(51) y: Young Generation
[2026-06-26T13:53:36.598-0300][47.349s][14796][15076][info][gc,phases   ] GC(51) y: Pause Mark Start 0.009ms
[2026-06-26T13:53:37.042-0300][47.793s][14796][14024][info][gc,phases   ] GC(51) y: Concurrent Mark 444.176ms
[2026-06-26T13:53:37.042-0300][47.794s][14796][15076][info][gc,phases   ] GC(51) y: Pause Mark End 0.015ms
[2026-06-26T13:53:37.042-0300][47.794s][14796][14024][info][gc,phases   ] GC(51) y: Concurrent Mark Free 0.005ms
[2026-06-26T13:53:37.042-0300][47.794s][14796][14024][info][gc,phases   ] GC(51) y: Concurrent Reset Relocation Set 0.036ms
[2026-06-26T13:53:37.042-0300][47.794s][14796][14024][info][gc,reloc    ] GC(51) y: Using tenuring threshold: 3 (Computed)
[2026-06-26T13:53:37.048-0300][47.799s][14796][14024][info][gc,phases   ] GC(51) y: Concurrent Select Relocation Set 5.817ms
[2026-06-26T13:53:37.048-0300][47.800s][14796][15076][info][gc,phases   ] GC(51) y: Pause Relocate Start 0.011ms
[2026-06-26T13:53:37.153-0300][47.904s][14796][14024][info][gc,phases   ] GC(51) y: Concurrent Relocate 104.636ms
[2026-06-26T13:53:37.153-0300][47.904s][14796][14024][info][gc,alloc    ] GC(51) y:                         Mark Start        Mark End      Relocate Start    Relocate End   
[2026-06-26T13:53:37.153-0300][47.904s][14796][14024][info][gc,alloc    ] GC(51) y: Allocation Stalls:          0                0                0                0         
[2026-06-26T13:53:37.153-0300][47.904s][14796][14024][info][gc,load     ] GC(51) y: Load: 0.00 (0%) / 0.00 (0%) / 0.00 (0%)
[2026-06-26T13:53:37.153-0300][47.904s][14796][14024][info][gc,mmu      ] GC(51) y: MMU: 2ms/97.9%, 5ms/98.8%, 10ms/99.4%, 20ms/99.6%, 50ms/99.8%, 100ms/99.8%
[2026-06-26T13:53:37.153-0300][47.904s][14796][14024][info][gc,marking  ] GC(51) y: Mark: 2 stripe(s), 2 proactive flush(es), 1 terminate flush(es), 0 completion(s), 0 continuation(s) 
[2026-06-26T13:53:37.153-0300][47.904s][14796][14024][info][gc,nmethod  ] GC(51) y: NMethods: 11086 registered, 1225 unregistered
[2026-06-26T13:53:37.153-0300][47.904s][14796][14024][info][gc,metaspace] GC(51) y: Metaspace: 66M used, 67M committed, 1088M reserved
[2026-06-26T13:53:37.153-0300][47.904s][14796][14024][info][gc,reloc    ] GC(51) y:                        Candidates     Selected     In-Place         Size        Empty    Relocated 
[2026-06-26T13:53:37.153-0300][47.904s][14796][14024][info][gc,reloc    ] GC(51) y: Small Pages:                  582          222            0        1164M         240M          92M 
[2026-06-26T13:53:37.153-0300][47.904s][14796][14024][info][gc,reloc    ] GC(51) y: Medium Pages:                   0            0            0           0M           0M           0M 
[2026-06-26T13:53:37.153-0300][47.904s][14796][14024][info][gc,reloc    ] GC(51) y: Large Pages:                    0            0            0           0M           0M           0M 
[2026-06-26T13:53:37.153-0300][47.904s][14796][14024][info][gc,reloc    ] GC(51) y: Forwarding Usage: 83M
[2026-06-26T13:53:37.153-0300][47.904s][14796][14024][info][gc,reloc    ] GC(51) y: Age Table:
[2026-06-26T13:53:37.153-0300][47.904s][14796][14024][info][gc,reloc    ] GC(51) y:                    Live             Garbage             Small              Medium             Large        
[2026-06-26T13:53:37.153-0300][47.904s][14796][14024][info][gc,reloc    ] GC(51) y: Eden             148M (5%)          695M (23%)        422 / 217            0 / 0              0 / 0        
[2026-06-26T13:53:37.153-0300][47.904s][14796][14024][info][gc,reloc    ] GC(51) y: Survivor 1       263M (9%)           26M (1%)         145 / 5              0 / 0              0 / 0        
[2026-06-26T13:53:37.153-0300][47.904s][14796][14024][info][gc,reloc    ] GC(51) y: Survivor 2        26M (1%)            3M (0%)          15 / 0              0 / 0              0 / 0        
[2026-06-26T13:53:37.153-0300][47.904s][14796][14024][info][gc,heap     ] GC(51) y: Min Capacity: 8M(0%)
[2026-06-26T13:53:37.153-0300][47.904s][14796][14024][info][gc,heap     ] GC(51) y: Max Capacity: 3072M(100%)
[2026-06-26T13:53:37.153-0300][47.904s][14796][14024][info][gc,heap     ] GC(51) y: Soft Max Capacity: 3072M(100%)
[2026-06-26T13:53:37.153-0300][47.904s][14796][14024][info][gc,heap     ] GC(51) y: Heap Statistics:
[2026-06-26T13:53:37.153-0300][47.905s][14796][14024][info][gc,heap     ] GC(51) y:                Mark Start          Mark End        Relocate Start      Relocate End           High               Low         
[2026-06-26T13:53:37.153-0300][47.905s][14796][14024][info][gc,heap     ] GC(51) y:  Capacity:     3072M (100%)       3072M (100%)       3072M (100%)       3072M (100%)       3072M (100%)       3072M (100%)   
[2026-06-26T13:53:37.153-0300][47.905s][14796][14024][info][gc,heap     ] GC(51) y:      Free:      672M (22%)         590M (19%)         830M (27%)        1272M (41%)        1272M (41%)         590M (19%)    
[2026-06-26T13:53:37.153-0300][47.905s][14796][14024][info][gc,heap     ] GC(51) y:      Used:     2400M (78%)        2482M (81%)        2242M (73%)        1800M (59%)        2482M (81%)        1800M (59%)    
[2026-06-26T13:53:37.153-0300][47.905s][14796][14024][info][gc,heap     ] GC(51) y: Young Generation Statistics:
[2026-06-26T13:53:37.153-0300][47.905s][14796][14024][info][gc,heap     ] GC(51) y:                Mark Start          Mark End        Relocate Start      Relocate End    
[2026-06-26T13:53:37.153-0300][47.905s][14796][14024][info][gc,heap     ] GC(51) y:      Used:     1164M (38%)        1246M (41%)        1006M (33%)         564M (18%)    
[2026-06-26T13:53:37.153-0300][47.905s][14796][14024][info][gc,heap     ] GC(51) y:      Live:         -               439M (14%)         439M (14%)         439M (14%)    
[2026-06-26T13:53:37.153-0300][47.905s][14796][14024][info][gc,heap     ] GC(51) y:   Garbage:         -               724M (24%)         484M (16%)          20M (1%)     
[2026-06-26T13:53:37.153-0300][47.905s][14796][14024][info][gc,heap     ] GC(51) y: Allocated:         -                82M (3%)           82M (3%)          104M (3%)     
[2026-06-26T13:53:37.153-0300][47.905s][14796][14024][info][gc,heap     ] GC(51) y: Reclaimed:         -                  -               240M (8%)          704M (23%)    
[2026-06-26T13:53:37.153-0300][47.905s][14796][14024][info][gc,heap     ] GC(51) y:  Promoted:         -                  -                 0M (0%)            0M (0%)     
[2026-06-26T13:53:37.153-0300][47.905s][14796][14024][info][gc,heap     ] GC(51) y: Compacted:         -                  -                  -               141M (5%)     
[2026-06-26T13:53:37.153-0300][47.905s][14796][14024][info][gc,phases   ] GC(51) y: Young Generation 2400M(78%)->1800M(59%) 0.555s
[2026-06-26T13:53:37.153-0300][47.905s][14796][14024][info][gc          ] GC(51) Minor Collection (Allocation Rate) 2400M(78%)->1800M(59%) 0.556s
[2026-06-26T13:53:45.798-0300][56.549s][14796][14024][info][gc          ] GC(52) Minor Collection (Allocation Rate)
[2026-06-26T13:53:45.798-0300][56.549s][14796][14024][info][gc,task     ] GC(52) Using 2 Workers for Young Generation
[2026-06-26T13:53:45.798-0300][56.549s][14796][14024][info][gc,phases   ] GC(52) y: Young Generation
[2026-06-26T13:53:45.798-0300][56.549s][14796][15076][info][gc,phases   ] GC(52) y: Pause Mark Start 0.010ms
[2026-06-26T13:53:46.334-0300][57.086s][14796][14024][info][gc,phases   ] GC(52) y: Concurrent Mark 536.648ms
[2026-06-26T13:53:46.334-0300][57.086s][14796][15076][info][gc,phases   ] GC(52) y: Pause Mark End 0.013ms
[2026-06-26T13:53:46.334-0300][57.086s][14796][14024][info][gc,phases   ] GC(52) y: Concurrent Mark Free 0.003ms
[2026-06-26T13:53:46.334-0300][57.086s][14796][14024][info][gc,phases   ] GC(52) y: Concurrent Reset Relocation Set 0.032ms
[2026-06-26T13:53:46.335-0300][57.086s][14796][14024][info][gc,reloc    ] GC(52) y: Using tenuring threshold: 2 (Computed)
[2026-06-26T13:53:46.430-0300][57.182s][14796][14024][info][gc,phases   ] GC(52) y: Concurrent Select Relocation Set 96.383ms
[2026-06-26T13:53:46.430-0300][57.182s][14796][15076][info][gc,phases   ] GC(52) y: Pause Relocate Start 0.011ms
[2026-06-26T13:53:46.598-0300][57.350s][14796][14024][info][gc,phases   ] GC(52) y: Concurrent Relocate 167.234ms
[2026-06-26T13:53:46.599-0300][57.350s][14796][14024][info][gc,alloc    ] GC(52) y:                         Mark Start        Mark End      Relocate Start    Relocate End   
[2026-06-26T13:53:46.599-0300][57.350s][14796][14024][info][gc,alloc    ] GC(52) y: Allocation Stalls:          0                0                0                0         
[2026-06-26T13:53:46.599-0300][57.350s][14796][14024][info][gc,load     ] GC(52) y: Load: 0.00 (0%) / 0.00 (0%) / 0.00 (0%)
[2026-06-26T13:53:46.599-0300][57.350s][14796][14024][info][gc,mmu      ] GC(52) y: MMU: 2ms/97.9%, 5ms/98.8%, 10ms/99.4%, 20ms/99.6%, 50ms/99.8%, 100ms/99.8%
[2026-06-26T13:53:46.599-0300][57.350s][14796][14024][info][gc,marking  ] GC(52) y: Mark: 2 stripe(s), 2 proactive flush(es), 1 terminate flush(es), 0 completion(s), 0 continuation(s) 
[2026-06-26T13:53:46.599-0300][57.350s][14796][14024][info][gc,nmethod  ] GC(52) y: NMethods: 14921 registered, 1225 unregistered
[2026-06-26T13:53:46.599-0300][57.350s][14796][14024][info][gc,metaspace] GC(52) y: Metaspace: 71M used, 73M committed, 1152M reserved
[2026-06-26T13:53:46.599-0300][57.350s][14796][14024][info][gc,reloc    ] GC(52) y:                        Candidates     Selected     In-Place         Size        Empty    Relocated 
[2026-06-26T13:53:46.599-0300][57.350s][14796][14024][info][gc,reloc    ] GC(52) y: Small Pages:                  504          127            0        1008M         240M          20M 
[2026-06-26T13:53:46.599-0300][57.350s][14796][14024][info][gc,reloc    ] GC(52) y: Medium Pages:                   1            0            0          32M           0M           0M 
[2026-06-26T13:53:46.599-0300][57.350s][14796][14024][info][gc,reloc    ] GC(52) y: Large Pages:                    0            0            0           0M           0M           0M 
[2026-06-26T13:53:46.599-0300][57.350s][14796][14024][info][gc,reloc    ] GC(52) y: Forwarding Usage: 10M
[2026-06-26T13:53:46.599-0300][57.350s][14796][14024][info][gc,reloc    ] GC(52) y: Age Table:
[2026-06-26T13:53:46.599-0300][57.350s][14796][14024][info][gc,reloc    ] GC(52) y:                    Live             Garbage             Small              Medium             Large        
[2026-06-26T13:53:46.599-0300][57.350s][14796][14024][info][gc,reloc    ] GC(52) y: Eden              55M (2%)          510M (17%)        267 / 121            1 / 0              0 / 0        
[2026-06-26T13:53:46.599-0300][57.350s][14796][14024][info][gc,reloc    ] GC(52) y: Survivor 1       144M (5%)           13M (0%)          79 / 3              0 / 0              0 / 0        
[2026-06-26T13:53:46.599-0300][57.350s][14796][14024][info][gc,reloc    ] GC(52) y: Survivor 2       263M (9%)           22M (1%)         143 / 3              0 / 0              0 / 0        
[2026-06-26T13:53:46.599-0300][57.350s][14796][14024][info][gc,reloc    ] GC(52) y: Survivor 3        26M (1%)            3M (0%)          15 / 0              0 / 0              0 / 0        
[2026-06-26T13:53:46.599-0300][57.350s][14796][14024][info][gc,heap     ] GC(52) y: Min Capacity: 8M(0%)
[2026-06-26T13:53:46.599-0300][57.350s][14796][14024][info][gc,heap     ] GC(52) y: Max Capacity: 3072M(100%)
[2026-06-26T13:53:46.599-0300][57.350s][14796][14024][info][gc,heap     ] GC(52) y: Soft Max Capacity: 3072M(100%)
[2026-06-26T13:53:46.599-0300][57.350s][14796][14024][info][gc,heap     ] GC(52) y: Heap Statistics:
[2026-06-26T13:53:46.599-0300][57.350s][14796][14024][info][gc,heap     ] GC(52) y:                Mark Start          Mark End        Relocate Start      Relocate End           High               Low         
[2026-06-26T13:53:46.599-0300][57.350s][14796][14024][info][gc,heap     ] GC(52) y:  Capacity:     3072M (100%)       3072M (100%)       3072M (100%)       3072M (100%)       3072M (100%)       3072M (100%)   
[2026-06-26T13:53:46.599-0300][57.350s][14796][14024][info][gc,heap     ] GC(52) y:      Free:      796M (26%)         764M (25%)         980M (32%)        1202M (39%)        1212M (39%)         764M (25%)    
[2026-06-26T13:53:46.599-0300][57.350s][14796][14024][info][gc,heap     ] GC(52) y:      Used:     2276M (74%)        2308M (75%)        2092M (68%)        1870M (61%)        2308M (75%)        1860M (61%)    
[2026-06-26T13:53:46.599-0300][57.350s][14796][14024][info][gc,heap     ] GC(52) y: Young Generation Statistics:
[2026-06-26T13:53:46.599-0300][57.350s][14796][14024][info][gc,heap     ] GC(52) y:                Mark Start          Mark End        Relocate Start      Relocate End    
[2026-06-26T13:53:46.599-0300][57.350s][14796][14024][info][gc,heap     ] GC(52) y:      Used:     1040M (34%)        1072M (35%)         548M (18%)         322M (10%)    
[2026-06-26T13:53:46.599-0300][57.350s][14796][14024][info][gc,heap     ] GC(52) y:      Live:         -               490M (16%)         200M (7%)          200M (7%)     
[2026-06-26T13:53:46.599-0300][57.350s][14796][14024][info][gc,heap     ] GC(52) y:   Garbage:         -               549M (18%)         291M (9%)           32M (1%)     
[2026-06-26T13:53:46.599-0300][57.350s][14796][14024][info][gc,heap     ] GC(52) y: Allocated:         -                32M (1%)           56M (2%)           88M (3%)     
[2026-06-26T13:53:46.599-0300][57.350s][14796][14024][info][gc,heap     ] GC(52) y: Reclaimed:         -                  -               257M (8%)          516M (17%)    
[2026-06-26T13:53:46.599-0300][57.350s][14796][14024][info][gc,heap     ] GC(52) y:  Promoted:         -                  -               290M (9%)          290M (9%)     
[2026-06-26T13:53:46.599-0300][57.350s][14796][14024][info][gc,heap     ] GC(52) y: Compacted:         -                  -                  -                29M (1%)     
[2026-06-26T13:53:46.599-0300][57.350s][14796][14024][info][gc,phases   ] GC(52) y: Young Generation 2276M(74%)->1870M(61%) 0.801s
[2026-06-26T13:53:46.599-0300][57.350s][14796][14024][info][gc          ] GC(52) Minor Collection (Allocation Rate) 2276M(74%)->1870M(61%) 0.801s
[2026-06-26T13:53:47.192-0300][57.944s][14796][3936 ][info][gc          ] GC(53) Major Collection (Allocation Rate)
[2026-06-26T13:53:47.192-0300][57.944s][14796][3936 ][info][gc,task     ] GC(53) Using 2 Workers for Young Generation
[2026-06-26T13:53:47.192-0300][57.944s][14796][3936 ][info][gc,task     ] GC(53) Using 1 Workers for Old Generation
[2026-06-26T13:53:47.192-0300][57.944s][14796][3936 ][info][gc,phases   ] GC(53) Y: Young Generation
[2026-06-26T13:53:47.192-0300][57.944s][14796][15076][info][gc,phases   ] GC(53) Y: Pause Mark Start (Major) 0.013ms
[2026-06-26T13:53:47.408-0300][58.160s][14796][3936 ][info][gc,phases   ] GC(53) Y: Concurrent Mark 215.601ms
[2026-06-26T13:53:47.408-0300][58.160s][14796][15076][info][gc,phases   ] GC(53) Y: Pause Mark End 0.013ms
[2026-06-26T13:53:47.409-0300][58.160s][14796][3936 ][info][gc,phases   ] GC(53) Y: Concurrent Mark Free 0.002ms
[2026-06-26T13:53:47.409-0300][58.161s][14796][3936 ][info][gc,phases   ] GC(53) Y: Concurrent Reset Relocation Set 0.706ms
[2026-06-26T13:53:47.409-0300][58.161s][14796][3936 ][info][gc,reloc    ] GC(53) Y: Using tenuring threshold: 2 (Computed)
[2026-06-26T13:53:47.450-0300][58.202s][14796][3936 ][info][gc,phases   ] GC(53) Y: Concurrent Select Relocation Set 41.394ms
[2026-06-26T13:53:47.450-0300][58.202s][14796][15076][info][gc,phases   ] GC(53) Y: Pause Relocate Start 0.008ms
[2026-06-26T13:53:47.525-0300][58.277s][14796][3936 ][info][gc,phases   ] GC(53) Y: Concurrent Relocate 74.920ms
[2026-06-26T13:53:47.525-0300][58.277s][14796][3936 ][info][gc,alloc    ] GC(53) Y:                         Mark Start        Mark End      Relocate Start    Relocate End   
[2026-06-26T13:53:47.525-0300][58.277s][14796][3936 ][info][gc,alloc    ] GC(53) Y: Allocation Stalls:          0                0                0                0         
[2026-06-26T13:53:47.525-0300][58.277s][14796][3936 ][info][gc,load     ] GC(53) Y: Load: 0.00 (0%) / 0.00 (0%) / 0.00 (0%)
[2026-06-26T13:53:47.525-0300][58.277s][14796][3936 ][info][gc,mmu      ] GC(53) Y: MMU: 2ms/97.9%, 5ms/98.8%, 10ms/99.4%, 20ms/99.6%, 50ms/99.8%, 100ms/99.8%
[2026-06-26T13:53:47.525-0300][58.277s][14796][3936 ][info][gc,marking  ] GC(53) Y: Mark: 2 stripe(s), 2 proactive flush(es), 1 terminate flush(es), 0 completion(s), 0 continuation(s) 
[2026-06-26T13:53:47.525-0300][58.277s][14796][3936 ][info][gc,nmethod  ] GC(53) Y: NMethods: 16135 registered, 1225 unregistered
[2026-06-26T13:53:47.525-0300][58.277s][14796][3936 ][info][gc,metaspace] GC(53) Y: Metaspace: 72M used, 74M committed, 1152M reserved
[2026-06-26T13:53:47.525-0300][58.277s][14796][3936 ][info][gc,reloc    ] GC(53) Y:                        Candidates     Selected     In-Place         Size        Empty    Relocated 
[2026-06-26T13:53:47.525-0300][58.277s][14796][3936 ][info][gc,reloc    ] GC(53) Y: Small Pages:                  173           57            0         346M           0M          17M 
[2026-06-26T13:53:47.525-0300][58.277s][14796][3936 ][info][gc,reloc    ] GC(53) Y: Medium Pages:                   1            0            0          32M           0M           0M 
[2026-06-26T13:53:47.525-0300][58.277s][14796][3936 ][info][gc,reloc    ] GC(53) Y: Large Pages:                    0            0            0           0M           0M           0M 
[2026-06-26T13:53:47.525-0300][58.277s][14796][3936 ][info][gc,reloc    ] GC(53) Y: Forwarding Usage: 14M
[2026-06-26T13:53:47.525-0300][58.277s][14796][3936 ][info][gc,reloc    ] GC(53) Y: Age Table:
[2026-06-26T13:53:47.525-0300][58.277s][14796][3936 ][info][gc,reloc    ] GC(53) Y:                    Live             Garbage             Small              Medium             Large        
[2026-06-26T13:53:47.525-0300][58.277s][14796][3936 ][info][gc,reloc    ] GC(53) Y: Eden              27M (1%)           96M (3%)          62 / 48             0 / 0              0 / 0        
[2026-06-26T13:53:47.525-0300][58.277s][14796][3936 ][info][gc,reloc    ] GC(53) Y: Survivor 1        55M (2%)           46M (2%)          35 / 7              1 / 0              0 / 0        
[2026-06-26T13:53:47.525-0300][58.277s][14796][3936 ][info][gc,reloc    ] GC(53) Y: Survivor 2       144M (5%)            7M (0%)          76 / 2              0 / 0              0 / 0        
[2026-06-26T13:53:47.525-0300][58.277s][14796][3936 ][info][gc,heap     ] GC(53) Y: Min Capacity: 8M(0%)
[2026-06-26T13:53:47.525-0300][58.277s][14796][3936 ][info][gc,heap     ] GC(53) Y: Max Capacity: 3072M(100%)
[2026-06-26T13:53:47.525-0300][58.277s][14796][3936 ][info][gc,heap     ] GC(53) Y: Soft Max Capacity: 3072M(100%)
[2026-06-26T13:53:47.525-0300][58.277s][14796][3936 ][info][gc,heap     ] GC(53) Y: Heap Statistics:
[2026-06-26T13:53:47.525-0300][58.277s][14796][3936 ][info][gc,heap     ] GC(53) Y:                Mark Start          Mark End        Relocate Start      Relocate End           High               Low         
[2026-06-26T13:53:47.525-0300][58.277s][14796][3936 ][info][gc,heap     ] GC(53) Y:  Capacity:     3072M (100%)       3072M (100%)       3072M (100%)       3072M (100%)       3072M (100%)       3072M (100%)   
[2026-06-26T13:53:47.525-0300][58.277s][14796][3936 ][info][gc,heap     ] GC(53) Y:      Free:     1146M (37%)        1132M (37%)        1132M (37%)        1230M (40%)        1234M (40%)        1126M (37%)    
[2026-06-26T13:53:47.525-0300][58.277s][14796][3936 ][info][gc,heap     ] GC(53) Y:      Used:     1926M (63%)        1940M (63%)        1940M (63%)        1842M (60%)        1946M (63%)        1838M (60%)    
[2026-06-26T13:53:47.525-0300][58.277s][14796][3936 ][info][gc,heap     ] GC(53) Y: Young Generation Statistics:
[2026-06-26T13:53:47.525-0300][58.277s][14796][3936 ][info][gc,heap     ] GC(53) Y:                Mark Start          Mark End        Relocate Start      Relocate End    
[2026-06-26T13:53:47.525-0300][58.277s][14796][3936 ][info][gc,heap     ] GC(53) Y:      Used:      378M (12%)         392M (13%)         248M (8%)          146M (5%)     
[2026-06-26T13:53:47.525-0300][58.277s][14796][3936 ][info][gc,heap     ] GC(53) Y:      Live:         -               227M (7%)           85M (3%)           83M (3%)     
[2026-06-26T13:53:47.525-0300][58.277s][14796][3936 ][info][gc,heap     ] GC(53) Y:   Garbage:         -               150M (5%)          148M (5%)           29M (1%)     
[2026-06-26T13:53:47.525-0300][58.277s][14796][3936 ][info][gc,heap     ] GC(53) Y: Allocated:         -                14M (0%)           14M (0%)           33M (1%)     
[2026-06-26T13:53:47.525-0300][58.277s][14796][3936 ][info][gc,heap     ] GC(53) Y: Reclaimed:         -                  -                 2M (0%)          120M (4%)     
[2026-06-26T13:53:47.525-0300][58.277s][14796][3936 ][info][gc,heap     ] GC(53) Y:  Promoted:         -                  -               141M (5%)          144M (5%)     
[2026-06-26T13:53:47.525-0300][58.277s][14796][3936 ][info][gc,heap     ] GC(53) Y: Compacted:         -                  -                  -                26M (1%)     
[2026-06-26T13:53:47.525-0300][58.277s][14796][3936 ][info][gc,phases   ] GC(53) Y: Young Generation 1926M(63%)->1842M(60%) 0.333s
[2026-06-26T13:53:47.525-0300][58.277s][14796][3936 ][info][gc,phases   ] GC(53) O: Old Generation
[2026-06-26T13:53:50.045-0300][60.797s][14796][3936 ][info][gc,phases   ] GC(53) O: Concurrent Mark 2519.629ms
[2026-06-26T13:53:50.046-0300][60.797s][14796][15076][info][gc,phases   ] GC(53) O: Pause Mark End 0.015ms
[2026-06-26T13:53:50.046-0300][60.797s][14796][3936 ][info][gc,phases   ] GC(53) O: Concurrent Mark Free 0.002ms
[2026-06-26T13:53:50.097-0300][60.849s][14796][3936 ][info][gc,phases   ] GC(53) O: Concurrent Process Non-Strong 51.563ms
[2026-06-26T13:53:50.097-0300][60.849s][14796][3936 ][info][gc,phases   ] GC(53) O: Concurrent Reset Relocation Set 0.004ms
[2026-06-26T13:53:50.098-0300][60.850s][14796][3936 ][info][gc,phases   ] GC(53) O: Concurrent Select Relocation Set 1.478ms
[2026-06-26T13:53:50.098-0300][60.850s][14796][3936 ][info][gc,task     ] GC(53) O: Using 3 Workers for Old Generation
[2026-06-26T13:53:50.109-0300][60.860s][14796][3936 ][info][gc,task     ] GC(53) O: Using 1 Workers for Old Generation
[2026-06-26T13:53:50.109-0300][60.860s][14796][3936 ][info][gc,phases   ] GC(53) O: Concurrent Remap Roots 9.694ms
[2026-06-26T13:53:50.109-0300][60.860s][14796][15076][info][gc,phases   ] GC(53) O: Pause Relocate Start 0.013ms
[2026-06-26T13:53:50.135-0300][60.887s][14796][3936 ][info][gc,phases   ] GC(53) O: Concurrent Relocate 26.265ms
[2026-06-26T13:53:50.135-0300][60.887s][14796][3936 ][info][gc,alloc    ] GC(53) O:                         Mark Start        Mark End      Relocate Start    Relocate End   
[2026-06-26T13:53:50.135-0300][60.887s][14796][3936 ][info][gc,alloc    ] GC(53) O: Allocation Stalls:          0                0                0                0         
[2026-06-26T13:53:50.135-0300][60.887s][14796][3936 ][info][gc,load     ] GC(53) O: Load: 0.00 (0%) / 0.00 (0%) / 0.00 (0%)
[2026-06-26T13:53:50.135-0300][60.887s][14796][3936 ][info][gc,mmu      ] GC(53) O: MMU: 2ms/97.9%, 5ms/98.8%, 10ms/99.4%, 20ms/99.6%, 50ms/99.8%, 100ms/99.8%
[2026-06-26T13:53:50.135-0300][60.887s][14796][3936 ][info][gc,marking  ] GC(53) O: Mark: 1 stripe(s), 2 proactive flush(es), 1 terminate flush(es), 0 completion(s), 0 continuation(s) 
[2026-06-26T13:53:50.135-0300][60.887s][14796][3936 ][info][gc,nmethod  ] GC(53) O: NMethods: 14929 registered, 4702 unregistered
[2026-06-26T13:53:50.135-0300][60.887s][14796][3936 ][info][gc,metaspace] GC(53) O: Metaspace: 74M used, 76M committed, 1152M reserved
[2026-06-26T13:53:50.135-0300][60.887s][14796][3936 ][info][gc,ref      ] GC(53) O:                       Encountered   Discovered     Enqueued 
[2026-06-26T13:53:50.135-0300][60.887s][14796][3936 ][info][gc,ref      ] GC(53) O: Soft References:             5632            0            0 
[2026-06-26T13:53:50.135-0300][60.887s][14796][3936 ][info][gc,ref      ] GC(53) O: Weak References:             5875         3619          167 
[2026-06-26T13:53:50.135-0300][60.887s][14796][3936 ][info][gc,ref      ] GC(53) O: Final References:              17            8            0 
[2026-06-26T13:53:50.135-0300][60.887s][14796][3936 ][info][gc,ref      ] GC(53) O: Phantom References:        227842       119081       112595 
[2026-06-26T13:53:50.135-0300][60.887s][14796][3936 ][info][gc,reloc    ] GC(53) O:                        Candidates     Selected     In-Place         Size        Empty    Relocated 
[2026-06-26T13:53:50.135-0300][60.887s][14796][3936 ][info][gc,reloc    ] GC(53) O: Small Pages:                  712           10            0        1424M           0M           4M 
[2026-06-26T13:53:50.135-0300][60.887s][14796][3936 ][info][gc,reloc    ] GC(53) O: Medium Pages:                   2            0            0          64M           0M           0M 
[2026-06-26T13:53:50.135-0300][60.887s][14796][3936 ][info][gc,reloc    ] GC(53) O: Large Pages:                    5            0            0          60M           0M           0M 
[2026-06-26T13:53:50.135-0300][60.887s][14796][3936 ][info][gc,reloc    ] GC(53) O: Forwarding Usage: 8M
[2026-06-26T13:53:50.135-0300][60.887s][14796][3936 ][info][gc,heap     ] GC(53) O: Min Capacity: 8M(0%)
[2026-06-26T13:53:50.135-0300][60.887s][14796][3936 ][info][gc,heap     ] GC(53) O: Max Capacity: 3072M(100%)
[2026-06-26T13:53:50.135-0300][60.887s][14796][3936 ][info][gc,heap     ] GC(53) O: Soft Max Capacity: 3072M(100%)
[2026-06-26T13:53:50.135-0300][60.887s][14796][3936 ][info][gc,heap     ] GC(53) O: Heap Statistics:
[2026-06-26T13:53:50.135-0300][60.887s][14796][3936 ][info][gc,heap     ] GC(53) O:                Mark Start          Mark End        Relocate Start      Relocate End           High               Low         
[2026-06-26T13:53:50.135-0300][60.887s][14796][3936 ][info][gc,heap     ] GC(53) O:  Capacity:     3072M (100%)       3072M (100%)       3072M (100%)       3072M (100%)       3072M (100%)       3072M (100%)   
[2026-06-26T13:53:50.135-0300][60.887s][14796][3936 ][info][gc,heap     ] GC(53) O:      Free:     1146M (37%)        1182M (38%)        1182M (38%)        1192M (39%)        1234M (40%)        1126M (37%)    
[2026-06-26T13:53:50.135-0300][60.887s][14796][3936 ][info][gc,heap     ] GC(53) O:      Used:     1926M (63%)        1890M (62%)        1890M (62%)        1880M (61%)        1946M (63%)        1838M (60%)    
[2026-06-26T13:53:50.135-0300][60.887s][14796][3936 ][info][gc,heap     ] GC(53) O: Old Generation Statistics:
[2026-06-26T13:53:50.135-0300][60.887s][14796][3936 ][info][gc,heap     ] GC(53) O:                Mark Start          Mark End        Relocate Start      Relocate End    
[2026-06-26T13:53:50.135-0300][60.887s][14796][3936 ][info][gc,heap     ] GC(53) O:      Used:     1548M (50%)        1696M (55%)        1696M (55%)        1684M (55%)    
[2026-06-26T13:53:50.135-0300][60.887s][14796][3936 ][info][gc,heap     ] GC(53) O:      Live:         -              1427M (46%)        1427M (46%)        1427M (46%)    
[2026-06-26T13:53:50.135-0300][60.887s][14796][3936 ][info][gc,heap     ] GC(53) O:   Garbage:         -               120M (4%)          120M (4%)           98M (3%)     
[2026-06-26T13:53:50.135-0300][60.887s][14796][3936 ][info][gc,heap     ] GC(53) O: Allocated:         -               148M (5%)          148M (5%)          158M (5%)     
[2026-06-26T13:53:50.135-0300][60.887s][14796][3936 ][info][gc,heap     ] GC(53) O: Reclaimed:         -                  -                 0M (0%)           22M (1%)     
[2026-06-26T13:53:50.135-0300][60.887s][14796][3936 ][info][gc,heap     ] GC(53) O: Compacted:         -                  -                  -                17M (1%)     
[2026-06-26T13:53:50.135-0300][60.887s][14796][3936 ][info][gc,phases   ] GC(53) O: Old Generation 1842M(60%)->1880M(61%) 2.609s
[2026-06-26T13:53:50.135-0300][60.887s][14796][3936 ][info][gc          ] GC(53) Major Collection (Allocation Rate) 1926M(63%)->1880M(61%) 2.943s
[2026-06-26T13:53:54.065-0300][64.816s][14796][14024][info][gc          ] GC(54) Minor Collection (Allocation Rate)
[2026-06-26T13:53:54.065-0300][64.816s][14796][14024][info][gc,task     ] GC(54) Using 2 Workers for Young Generation
[2026-06-26T13:53:54.065-0300][64.816s][14796][14024][info][gc,phases   ] GC(54) y: Young Generation
[2026-06-26T13:53:54.065-0300][64.817s][14796][15076][info][gc,phases   ] GC(54) y: Pause Mark Start 0.009ms
[2026-06-26T13:53:54.168-0300][64.920s][14796][14024][info][gc,phases   ] GC(54) y: Concurrent Mark 103.871ms
[2026-06-26T13:53:54.169-0300][64.921s][14796][15076][info][gc,phases   ] GC(54) y: Pause Mark End 0.014ms
[2026-06-26T13:53:54.169-0300][64.921s][14796][14024][info][gc,phases   ] GC(54) y: Concurrent Mark Free 0.003ms
[2026-06-26T13:53:54.171-0300][64.923s][14796][14024][info][gc,phases   ] GC(54) y: Concurrent Reset Relocation Set 2.483ms
[2026-06-26T13:53:54.171-0300][64.923s][14796][14024][info][gc,reloc    ] GC(54) y: Using tenuring threshold: 1 (Computed)
[2026-06-26T13:53:54.192-0300][64.943s][14796][14024][info][gc,phases   ] GC(54) y: Concurrent Select Relocation Set 20.232ms
[2026-06-26T13:53:54.192-0300][64.943s][14796][15076][info][gc,phases   ] GC(54) y: Pause Relocate Start 0.012ms
[2026-06-26T13:53:54.226-0300][64.978s][14796][14024][info][gc,phases   ] GC(54) y: Concurrent Relocate 34.299ms
[2026-06-26T13:53:54.226-0300][64.978s][14796][14024][info][gc,alloc    ] GC(54) y:                         Mark Start        Mark End      Relocate Start    Relocate End   
[2026-06-26T13:53:54.226-0300][64.978s][14796][14024][info][gc,alloc    ] GC(54) y: Allocation Stalls:          0                0                0                0         
[2026-06-26T13:53:54.226-0300][64.978s][14796][14024][info][gc,load     ] GC(54) y: Load: 0.00 (0%) / 0.00 (0%) / 0.00 (0%)
[2026-06-26T13:53:54.226-0300][64.978s][14796][14024][info][gc,mmu      ] GC(54) y: MMU: 2ms/97.9%, 5ms/98.8%, 10ms/99.4%, 20ms/99.6%, 50ms/99.8%, 100ms/99.8%
[2026-06-26T13:53:54.226-0300][64.978s][14796][14024][info][gc,marking  ] GC(54) y: Mark: 2 stripe(s), 2 proactive flush(es), 1 terminate flush(es), 0 completion(s), 0 continuation(s) 
[2026-06-26T13:53:54.226-0300][64.978s][14796][14024][info][gc,nmethod  ] GC(54) y: NMethods: 15720 registered, 4702 unregistered
[2026-06-26T13:53:54.226-0300][64.978s][14796][14024][info][gc,metaspace] GC(54) y: Metaspace: 75M used, 76M committed, 1152M reserved
[2026-06-26T13:53:54.226-0300][64.978s][14796][14024][info][gc,reloc    ] GC(54) y:                        Candidates     Selected     In-Place         Size        Empty    Relocated 
[2026-06-26T13:53:54.226-0300][64.978s][14796][14024][info][gc,reloc    ] GC(54) y: Small Pages:                  120           66            0         240M          24M           3M 
[2026-06-26T13:53:54.226-0300][64.978s][14796][14024][info][gc,reloc    ] GC(54) y: Medium Pages:                   2            1            0          64M           0M           7M 
[2026-06-26T13:53:54.226-0300][64.978s][14796][14024][info][gc,reloc    ] GC(54) y: Large Pages:                    0            0            0           0M           0M           0M 
[2026-06-26T13:53:54.226-0300][64.978s][14796][14024][info][gc,reloc    ] GC(54) y: Forwarding Usage: 1M
[2026-06-26T13:53:54.226-0300][64.978s][14796][14024][info][gc,reloc    ] GC(54) y: Age Table:
[2026-06-26T13:53:54.226-0300][64.978s][14796][14024][info][gc,reloc    ] GC(54) y:                    Live             Garbage             Small              Medium             Large        
[2026-06-26T13:53:54.226-0300][64.978s][14796][14024][info][gc,reloc    ] GC(54) y: Eden               4M (0%)          173M (6%)          73 / 60             1 / 0              0 / 0        
[2026-06-26T13:53:54.226-0300][64.978s][14796][14024][info][gc,reloc    ] GC(54) y: Survivor 1        27M (1%)            8M (0%)          18 / 3              0 / 0              0 / 0        
[2026-06-26T13:53:54.226-0300][64.978s][14796][14024][info][gc,reloc    ] GC(54) y: Survivor 2        55M (2%)           34M (1%)          29 / 3              1 / 1              0 / 0        
[2026-06-26T13:53:54.226-0300][64.978s][14796][14024][info][gc,heap     ] GC(54) y: Min Capacity: 8M(0%)
[2026-06-26T13:53:54.226-0300][64.978s][14796][14024][info][gc,heap     ] GC(54) y: Max Capacity: 3072M(100%)
[2026-06-26T13:53:54.226-0300][64.978s][14796][14024][info][gc,heap     ] GC(54) y: Soft Max Capacity: 3072M(100%)
[2026-06-26T13:53:54.226-0300][64.978s][14796][14024][info][gc,heap     ] GC(54) y: Heap Statistics:
[2026-06-26T13:53:54.226-0300][64.978s][14796][14024][info][gc,heap     ] GC(54) y:                Mark Start          Mark End        Relocate Start      Relocate End           High               Low         
[2026-06-26T13:53:54.226-0300][64.978s][14796][14024][info][gc,heap     ] GC(54) y:  Capacity:     3072M (100%)       3072M (100%)       3072M (100%)       3072M (100%)       3072M (100%)       3072M (100%)   
[2026-06-26T13:53:54.226-0300][64.978s][14796][14024][info][gc,heap     ] GC(54) y:      Free:     1084M (35%)        1066M (35%)        1090M (35%)        1214M (40%)        1216M (40%)        1024M (33%)    
[2026-06-26T13:53:54.226-0300][64.978s][14796][14024][info][gc,heap     ] GC(54) y:      Used:     1988M (65%)        2006M (65%)        1982M (65%)        1858M (60%)        2048M (67%)        1856M (60%)    
[2026-06-26T13:53:54.226-0300][64.978s][14796][14024][info][gc,heap     ] GC(54) y: Young Generation Statistics:
[2026-06-26T13:53:54.226-0300][64.978s][14796][14024][info][gc,heap     ] GC(54) y:                Mark Start          Mark End        Relocate Start      Relocate End    
[2026-06-26T13:53:54.226-0300][64.978s][14796][14024][info][gc,heap     ] GC(54) y:      Used:      304M (10%)         322M (10%)         220M (7%)           58M (2%)     
[2026-06-26T13:53:54.226-0300][64.978s][14796][14024][info][gc,heap     ] GC(54) y:      Live:         -                86M (3%)           14M (0%)            4M (0%)     
[2026-06-26T13:53:54.226-0300][64.978s][14796][14024][info][gc,heap     ] GC(54) y:   Garbage:         -               217M (7%)          187M (6%)            0M (0%)     
[2026-06-26T13:53:54.226-0300][64.978s][14796][14024][info][gc,heap     ] GC(54) y: Allocated:         -                18M (1%)           18M (1%)           53M (2%)     
[2026-06-26T13:53:54.226-0300][64.978s][14796][14024][info][gc,heap     ] GC(54) y: Reclaimed:         -                  -                29M (1%)          217M (7%)     
[2026-06-26T13:53:54.226-0300][64.978s][14796][14024][info][gc,heap     ] GC(54) y:  Promoted:         -                  -                72M (2%)           82M (3%)     
[2026-06-26T13:53:54.226-0300][64.978s][14796][14024][info][gc,heap     ] GC(54) y: Compacted:         -                  -                  -                 4M (0%)     
[2026-06-26T13:53:54.226-0300][64.978s][14796][14024][info][gc,phases   ] GC(54) y: Young Generation 1988M(65%)->1858M(60%) 0.161s
[2026-06-26T13:53:54.226-0300][64.978s][14796][14024][info][gc          ] GC(54) Minor Collection (Allocation Rate) 1988M(65%)->1858M(60%) 0.162s
[2026-06-26T13:53:58.004-0300][68.756s][14796][13112][info][gc,exit     ] Stopping ZGC
[2026-06-26T13:53:58.004-0300][68.756s][14796][15008][info][gc,stats    ] === Garbage Collection Statistics =======================================================================================================================
[2026-06-26T13:53:58.004-0300][68.756s][14796][15008][info][gc,stats    ]                                                              Last 10s              Last 10m              Last 10h                Total
[2026-06-26T13:53:58.004-0300][68.756s][14796][15008][info][gc,stats    ]                                                              Avg / Max             Avg / Max             Avg / Max             Avg / Max
[2026-06-26T13:53:58.004-0300][68.756s][14796][15008][info][gc,stats    ]        Contention: Mark Segment Reset Contention                     0 / 9                 5 / 219               5 / 219               5 / 219         ops/s
[2026-06-26T13:53:58.004-0300][68.756s][14796][15008][info][gc,stats    ]        Contention: Mark SeqNum Reset Contention                      0 / 3                 2 / 20                2 / 20                2 / 20          ops/s
[2026-06-26T13:53:58.004-0300][68.756s][14796][15008][info][gc,stats    ]          Critical: Allocation Stall                                  0 / 0                 0 / 36                0 / 36                0 / 36          ops/s
[2026-06-26T13:53:58.004-0300][68.756s][14796][15008][info][gc,stats    ]          Critical: Allocation Stall                              0.000 / 0.000        30.687 / 67.484       30.687 / 67.484       30.687 / 67.484      ms
[2026-06-26T13:53:58.004-0300][68.756s][14796][15008][info][gc,stats    ]          Critical: JNI Critical Stall                                0 / 0                 1 / 29                1 / 29                1 / 29          ops/s
[2026-06-26T13:53:58.004-0300][68.756s][14796][15008][info][gc,stats    ]          Critical: JNI Critical Stall                            0.000 / 0.000         2.365 / 32.864        2.365 / 32.864        2.365 / 32.864      ms
[2026-06-26T13:53:58.004-0300][68.756s][14796][15008][info][gc,stats    ]          Critical: Relocation Stall                                  0 / 0                 0 / 21                0 / 21                0 / 21          ops/s
[2026-06-26T13:53:58.004-0300][68.756s][14796][15008][info][gc,stats    ]          Critical: Relocation Stall                              0.000 / 0.000         0.648 / 1.529         0.648 / 1.529         0.648 / 1.529       ms
[2026-06-26T13:53:58.004-0300][68.756s][14796][15008][info][gc,stats    ]  Major Collection: Major Collection                           2943.101 / 2943.101   1188.962 / 2943.101   1188.962 / 2943.101   1188.962 / 2943.101    ms
[2026-06-26T13:53:58.004-0300][68.756s][14796][15008][info][gc,stats    ]            Memory: Allocation Rate                                  28 / 50              350 / 5976            350 / 5976            350 / 5976        MB/s
[2026-06-26T13:53:58.004-0300][68.756s][14796][15008][info][gc,stats    ]            Memory: Defragment                                        0 / 0                 0 / 0                 0 / 0                 0 / 0           ops/s
[2026-06-26T13:53:58.004-0300][68.756s][14796][15008][info][gc,stats    ]            Memory: Mapped Cache Harvest                              0 / 0                 0 / 0                 0 / 0                 0 / 0           MB/s
[2026-06-26T13:53:58.004-0300][68.756s][14796][15008][info][gc,stats    ]            Memory: Out Of Memory                                     0 / 0                 0 / 0                 0 / 0                 0 / 0           ops/s
[2026-06-26T13:53:58.004-0300][68.756s][14796][15008][info][gc,stats    ]            Memory: Uncommit                                          0 / 0                 0 / 0                 0 / 0                 0 / 0           MB/s
[2026-06-26T13:53:58.004-0300][68.756s][14796][15008][info][gc,stats    ]            Memory: Undo Object Allocation Failed                     0 / 0                 0 / 0                 0 / 0                 0 / 0           ops/s
[2026-06-26T13:53:58.004-0300][68.756s][14796][15008][info][gc,stats    ]            Memory: Undo Object Allocation Succeeded                  0 / 1                 1 / 37                1 / 37                1 / 37          ops/s
[2026-06-26T13:53:58.004-0300][68.756s][14796][15008][info][gc,stats    ]            Memory: Undo Page Allocation                              0 / 0                 0 / 5                 0 / 5                 0 / 5           ops/s
[2026-06-26T13:53:58.004-0300][68.756s][14796][15008][info][gc,stats    ]  Minor Collection: Minor Collection                            161.886 / 161.886     159.232 / 801.392     159.232 / 801.392     159.232 / 801.392     ms
[2026-06-26T13:53:58.004-0300][68.756s][14796][15008][info][gc,stats    ]    Old Generation: Old Generation                             2609.116 / 2609.116   1059.413 / 2609.116   1059.413 / 2609.116   1059.413 / 2609.116    ms
[2026-06-26T13:53:58.004-0300][68.756s][14796][15008][info][gc,stats    ]         Old Pause: Pause Mark End                                0.015 / 0.015         0.015 / 0.021         0.015 / 0.021         0.015 / 0.021       ms
[2026-06-26T13:53:58.004-0300][68.756s][14796][15008][info][gc,stats    ]         Old Pause: Pause Relocate Start                          0.013 / 0.013         0.012 / 0.025         0.012 / 0.025         0.012 / 0.025       ms
[2026-06-26T13:53:58.004-0300][68.756s][14796][15008][info][gc,stats    ]         Old Phase: Concurrent Mark                            2519.629 / 2519.629   1003.317 / 2519.629   1003.317 / 2519.629   1003.317 / 2519.629    ms
[2026-06-26T13:53:58.004-0300][68.756s][14796][15008][info][gc,stats    ]         Old Phase: Concurrent Mark Continue                      0.000 / 0.000         0.000 / 0.000         0.000 / 0.000         0.000 / 0.000       ms
[2026-06-26T13:53:58.004-0300][68.756s][14796][15008][info][gc,stats    ]         Old Phase: Concurrent Mark Free                          0.002 / 0.002         0.003 / 0.008         0.003 / 0.008         0.003 / 0.008       ms
[2026-06-26T13:53:58.004-0300][68.756s][14796][15008][info][gc,stats    ]         Old Phase: Concurrent Process Non-Strong                51.563 / 51.563       20.609 / 51.563       20.609 / 51.563       20.609 / 51.563      ms
[2026-06-26T13:53:58.004-0300][68.756s][14796][15008][info][gc,stats    ]         Old Phase: Concurrent Relocate                          26.265 / 26.265       28.152 / 79.395       28.152 / 79.395       28.152 / 79.395      ms
[2026-06-26T13:53:58.004-0300][68.756s][14796][15008][info][gc,stats    ]         Old Phase: Concurrent Remap Roots                        9.694 / 9.694         4.789 / 9.694         4.789 / 9.694         4.789 / 9.694       ms
[2026-06-26T13:53:58.004-0300][68.756s][14796][15008][info][gc,stats    ]         Old Phase: Concurrent Reset Relocation Set               0.004 / 0.004         0.003 / 0.008         0.003 / 0.008         0.003 / 0.008       ms
[2026-06-26T13:53:58.004-0300][68.756s][14796][15008][info][gc,stats    ]         Old Phase: Concurrent Select Relocation Set              1.478 / 1.478         2.026 / 6.424         2.026 / 6.424         2.026 / 6.424       ms
[2026-06-26T13:53:58.004-0300][68.756s][14796][15008][info][gc,stats    ]      Old Subphase: Concurrent Classes Purge                      8.286 / 8.286         1.529 / 8.286         1.529 / 8.286         1.529 / 8.286       ms
[2026-06-26T13:53:58.004-0300][68.756s][14796][15008][info][gc,stats    ]      Old Subphase: Concurrent Classes Unlink                    34.228 / 34.228       14.069 / 34.228       14.069 / 34.228       14.069 / 34.228      ms
[2026-06-26T13:53:58.004-0300][68.756s][14796][15008][info][gc,stats    ]      Old Subphase: Concurrent Mark Follow                     2519.324 / 2519.324   1002.964 / 2519.324   1002.964 / 2519.324   1002.964 / 2519.324    ms
[2026-06-26T13:53:58.004-0300][68.756s][14796][15008][info][gc,stats    ]      Old Subphase: Concurrent Mark Root Colored                  0.134 / 0.134         0.075 / 0.134         0.075 / 0.134         0.075 / 0.134       ms
[2026-06-26T13:53:58.004-0300][68.756s][14796][15008][info][gc,stats    ]      Old Subphase: Concurrent Mark Root Uncolored                0.139 / 0.139         0.228 / 1.871         0.228 / 1.871         0.228 / 1.871       ms
[2026-06-26T13:53:58.004-0300][68.756s][14796][15008][info][gc,stats    ]      Old Subphase: Concurrent Mark Roots                         0.301 / 0.301         0.350 / 2.011         0.350 / 2.011         0.350 / 2.011       ms
[2026-06-26T13:53:58.004-0300][68.756s][14796][15008][info][gc,stats    ]      Old Subphase: Concurrent References Enqueue                 0.005 / 0.005         0.004 / 0.006         0.004 / 0.006         0.004 / 0.006       ms
[2026-06-26T13:53:58.004-0300][68.756s][14796][15008][info][gc,stats    ]      Old Subphase: Concurrent References Process                 4.639 / 4.639         1.669 / 5.450         1.669 / 5.450         1.669 / 5.450       ms
[2026-06-26T13:53:58.004-0300][68.756s][14796][15008][info][gc,stats    ]      Old Subphase: Concurrent Remap Remembered                   4.399 / 5.067         1.567 / 5.067         1.567 / 5.067         1.567 / 5.067       ms
[2026-06-26T13:53:58.004-0300][68.756s][14796][15008][info][gc,stats    ]      Old Subphase: Concurrent Remap Roots Colored                1.577 / 1.583         1.191 / 2.035         1.191 / 2.035         1.191 / 2.035       ms
[2026-06-26T13:53:58.004-0300][68.756s][14796][15008][info][gc,stats    ]      Old Subphase: Concurrent Remap Roots Uncolored              2.920 / 2.924         1.744 / 4.042         1.744 / 4.042         1.744 / 4.042       ms
[2026-06-26T13:53:58.004-0300][68.756s][14796][15008][info][gc,stats    ]      Old Subphase: Concurrent Roots ClassLoaderDataGraph         0.550 / 0.704         0.447 / 0.817         0.447 / 0.817         0.447 / 0.817       ms
[2026-06-26T13:53:58.004-0300][68.756s][14796][15008][info][gc,stats    ]      Old Subphase: Concurrent Roots CodeCache                    2.912 / 2.916         1.734 / 4.010         1.734 / 4.010         1.734 / 4.010       ms
[2026-06-26T13:53:58.004-0300][68.756s][14796][15008][info][gc,stats    ]      Old Subphase: Concurrent Roots JavaThreads                  0.032 / 0.139         0.053 / 1.871         0.053 / 1.871         0.053 / 1.871       ms
[2026-06-26T13:53:58.004-0300][68.756s][14796][15008][info][gc,stats    ]      Old Subphase: Concurrent Roots OopStorageSet                0.017 / 0.045         0.010 / 0.045         0.010 / 0.045         0.010 / 0.045       ms
[2026-06-26T13:53:58.005-0300][68.756s][14796][15008][info][gc,stats    ]      Old Subphase: Concurrent Weak Roots OopStorageSet           1.685 / 4.132         1.310 / 5.774         1.310 / 5.774         1.310 / 5.774       ms
[2026-06-26T13:53:58.005-0300][68.756s][14796][15008][info][gc,stats    ]            System: Java Threads                                     39 / 39               26 / 39               26 / 39               26 / 39          threads
[2026-06-26T13:53:58.005-0300][68.756s][14796][15008][info][gc,stats    ]  Young Generation: Young Generation                            333.203 / 333.203     128.659 / 467.285     128.659 / 467.285     128.659 / 467.285     ms
[2026-06-26T13:53:58.005-0300][68.756s][14796][15008][info][gc,stats    ]  Young Generation: Young Generation                            161.469 / 161.469     158.712 / 800.848     158.712 / 800.848     158.712 / 800.848     ms
[2026-06-26T13:53:58.005-0300][68.757s][14796][15008][info][gc,stats    ]  Young Generation: Young Generation (Collect Roots)              0.000 / 0.000         0.000 / 0.000         0.000 / 0.000         0.000 / 0.000       ms
[2026-06-26T13:53:58.005-0300][68.757s][14796][15008][info][gc,stats    ]  Young Generation: Young Generation (Promote All)                0.000 / 0.000         0.000 / 0.000         0.000 / 0.000         0.000 / 0.000       ms
[2026-06-26T13:53:58.005-0300][68.757s][14796][15008][info][gc,stats    ]       Young Pause: Pause Mark End                                0.013 / 0.014         0.017 / 0.042         0.017 / 0.042         0.017 / 0.042       ms
[2026-06-26T13:53:58.005-0300][68.757s][14796][15008][info][gc,stats    ]       Young Pause: Pause Mark Start                              0.009 / 0.009         0.013 / 0.023         0.013 / 0.023         0.013 / 0.023       ms
[2026-06-26T13:53:58.005-0300][68.757s][14796][15008][info][gc,stats    ]       Young Pause: Pause Mark Start (Major)                      0.000 / 0.000         0.013 / 0.029         0.013 / 0.029         0.013 / 0.029       ms
[2026-06-26T13:53:58.005-0300][68.757s][14796][15008][info][gc,stats    ]       Young Pause: Pause Relocate Start                          0.010 / 0.012         0.012 / 0.021         0.012 / 0.021         0.012 / 0.021       ms
[2026-06-26T13:53:58.005-0300][68.757s][14796][15008][info][gc,stats    ]       Young Phase: Concurrent Mark                             159.736 / 215.601     103.803 / 536.648     103.803 / 536.648     103.803 / 536.648     ms
[2026-06-26T13:53:58.005-0300][68.757s][14796][15008][info][gc,stats    ]       Young Phase: Concurrent Mark Continue                      0.000 / 0.000         0.000 / 0.000         0.000 / 0.000         0.000 / 0.000       ms
[2026-06-26T13:53:58.005-0300][68.757s][14796][15008][info][gc,stats    ]       Young Phase: Concurrent Mark Free                          0.003 / 0.003         0.005 / 0.012         0.005 / 0.012         0.005 / 0.012       ms
[2026-06-26T13:53:58.005-0300][68.757s][14796][15008][info][gc,stats    ]       Young Phase: Concurrent Relocate                          54.610 / 74.920       34.029 / 167.234      34.029 / 167.234      34.029 / 167.234     ms
[2026-06-26T13:53:58.005-0300][68.757s][14796][15008][info][gc,stats    ]       Young Phase: Concurrent Reset Relocation Set               1.595 / 2.483         0.106 / 2.483         0.106 / 2.483         0.106 / 2.483       ms
[2026-06-26T13:53:58.005-0300][68.757s][14796][15008][info][gc,stats    ]       Young Phase: Concurrent Select Relocation Set             30.813 / 41.394       12.911 / 96.383       12.911 / 96.383       12.911 / 96.383      ms
[2026-06-26T13:53:58.005-0300][68.757s][14796][15008][info][gc,stats    ]    Young Subphase: Concurrent Mark Follow                      150.113 / 206.420      97.082 / 526.396      97.082 / 526.396      97.082 / 526.396     ms
[2026-06-26T13:53:58.005-0300][68.757s][14796][15008][info][gc,stats    ]    Young Subphase: Concurrent Mark Root Colored                  4.932 / 4.933         2.950 / 11.291        2.950 / 11.291        2.950 / 11.291      ms
[2026-06-26T13:53:58.005-0300][68.757s][14796][15008][info][gc,stats    ]    Young Subphase: Concurrent Mark Root Uncolored                5.077 / 5.079         3.165 / 9.684         3.165 / 9.684         3.165 / 9.684       ms
[2026-06-26T13:53:58.005-0300][68.757s][14796][15008][info][gc,stats    ]    Young Subphase: Concurrent Mark Roots                        10.062 / 10.062        6.717 / 21.021        6.717 / 21.021        6.717 / 21.021      ms
[2026-06-26T13:53:58.005-0300][68.757s][14796][15008][info][gc,stats    ]    Young Subphase: Concurrent Relocate Remset FP                41.688 / 55.697       15.333 / 147.151      15.333 / 147.151      15.333 / 147.151     ms
[2026-06-26T13:53:58.005-0300][68.757s][14796][15008][info][gc,stats    ]    Young Subphase: Concurrent Roots ClassLoaderDataGraph         0.758 / 0.758         0.777 / 1.967         0.777 / 1.967         0.777 / 1.967       ms
[2026-06-26T13:53:58.005-0300][68.757s][14796][15008][info][gc,stats    ]    Young Subphase: Concurrent Roots CodeCache                    4.989 / 4.990         2.871 / 9.291         2.871 / 9.291         2.871 / 9.291       ms
[2026-06-26T13:53:58.005-0300][68.757s][14796][15008][info][gc,stats    ]    Young Subphase: Concurrent Roots JavaThreads                  0.034 / 0.087         0.148 / 3.881         0.148 / 3.881         0.148 / 3.881       ms
[2026-06-26T13:53:58.005-0300][68.757s][14796][15008][info][gc,stats    ]    Young Subphase: Concurrent Roots OopStorageSet                0.140 / 0.264         0.044 / 0.619         0.044 / 0.619         0.044 / 0.619       ms
[2026-06-26T13:53:58.005-0300][68.757s][14796][15008][info][gc,stats    ]    Young Subphase: Concurrent Weak Roots OopStorageSet           4.032 / 4.156         2.139 / 10.651        2.139 / 10.651        2.139 / 10.651      ms
[2026-06-26T13:53:58.005-0300][68.757s][14796][15008][info][gc,stats    ] =========================================================================================================================================================
[2026-06-26T13:53:58.005-0300][68.757s][14796][13112][info][gc,exit     ] Heap
[2026-06-26T13:53:58.005-0300][68.757s][14796][13112][info][gc,exit     ]  ZHeap           used 1932M, capacity 3072M, max capacity 3072M
[2026-06-26T13:53:58.005-0300][68.757s][14796][13112][info][gc,exit     ]   Cache          1140M (18)
[2026-06-26T13:53:58.005-0300][68.757s][14796][13112][info][gc,exit     ]    size classes  2M (5), 4M (2), 8M (1), 16M (2), 32M (1), 64M (3), 128M (3), 256M (1)
[2026-06-26T13:53:58.005-0300][68.757s][14796][13112][info][gc,exit     ]  Metaspace       used 77379K, committed 79168K, reserved 1179648K
[2026-06-26T13:53:58.005-0300][68.757s][14796][13112][info][gc,exit     ]   class space    used 7007K, committed 7872K, reserved 1048576K
