[2026-06-26T13:31:05.521-0300][0.008s][9664][11872][info][gc,init] Initializing The Z Garbage Collector
[2026-06-26T13:31:05.521-0300][0.008s][9664][11872][info][gc,init] Version: 25.0.1+8-LTS (release)
[2026-06-26T13:31:05.521-0300][0.008s][9664][11872][info][gc,init] NUMA Support: Disabled
[2026-06-26T13:31:05.521-0300][0.008s][9664][11872][info][gc,init] CPUs: 12 total, 12 available
[2026-06-26T13:31:05.521-0300][0.009s][9664][11872][info][gc,init] Memory: 32693M
[2026-06-26T13:31:05.521-0300][0.009s][9664][11872][info][gc,init] Large Page Support: Disabled
[2026-06-26T13:31:05.521-0300][0.009s][9664][11872][info][gc,init] Address Space Size: limited (137434287388K)
[2026-06-26T13:31:05.521-0300][0.009s][9664][11872][info][gc,init] Reserved Space Type: Contiguous/Unrestricted/Complete
[2026-06-26T13:31:05.521-0300][0.009s][9664][11872][info][gc,init] Reserved Space Size: 48G
[2026-06-26T13:31:05.521-0300][0.009s][9664][11872][info][gc,init] Min Capacity: 8M
[2026-06-26T13:31:05.521-0300][0.009s][9664][11872][info][gc,init] Initial Capacity: 512M
[2026-06-26T13:31:05.521-0300][0.009s][9664][11872][info][gc,init] Max Capacity: 3072M
[2026-06-26T13:31:05.521-0300][0.009s][9664][11872][info][gc,init] Soft Max Capacity: 3072M
[2026-06-26T13:31:05.521-0300][0.009s][9664][11872][info][gc,init] Page Size Medium: Range [4M, 32M]
[2026-06-26T13:31:05.521-0300][0.009s][9664][11872][info][gc,init] Pre-touch: Disabled
[2026-06-26T13:31:05.521-0300][0.009s][9664][11872][info][gc,init] Uncommit: Enabled
[2026-06-26T13:31:05.521-0300][0.009s][9664][11872][info][gc,init] Uncommit Delay: 300s
[2026-06-26T13:31:05.521-0300][0.009s][9664][11872][info][gc,init] GC Workers for Old Generation: 3 (dynamic)
[2026-06-26T13:31:05.521-0300][0.009s][9664][11872][info][gc,init] GC Workers for Young Generation: 3 (dynamic)
[2026-06-26T13:31:05.531-0300][0.019s][9664][11872][info][gc,init] GC Workers Max: 3 (dynamic)
[2026-06-26T13:31:05.531-0300][0.019s][9664][11872][info][gc,init] Runtime Workers: 8
[2026-06-26T13:31:05.531-0300][0.019s][9664][11872][info][gc     ] Using The Z Garbage Collector
[2026-06-26T13:31:05.536-0300][0.024s][9664][11872][info][gc,metaspace] CDS archive(s) mapped at: [0x0000000082000000-0x0000000082d20000-0x0000000082d20000), size 13762560, SharedBaseAddress: 0x0000000082000000, ArchiveRelocationMode: 1.
[2026-06-26T13:31:05.536-0300][0.024s][9664][11872][info][gc,metaspace] Compressed class space mapped at: 0x0000000083000000-0x00000000c3000000, reserved size: 1073741824
[2026-06-26T13:31:05.536-0300][0.024s][9664][11872][info][gc,metaspace] UseCompressedClassPointers 1, UseCompactObjectHeaders 0
[2026-06-26T13:31:05.536-0300][0.024s][9664][11872][info][gc,metaspace] Narrow klass pointer bits 32, Max shift 3
[2026-06-26T13:31:05.536-0300][0.024s][9664][11872][info][gc,metaspace] Narrow klass base: 0x0000000082000000, Narrow klass shift: 0
[2026-06-26T13:31:05.536-0300][0.024s][9664][11872][info][gc,metaspace] Encoding Range: [0x0000000082000000 - 0x0000000182000000), (4294967296 bytes)
[2026-06-26T13:31:05.536-0300][0.024s][9664][11872][info][gc,metaspace] Klass Range:    [0x0000000082010000 - 0x00000000c3000000), (1090453504 bytes)
[2026-06-26T13:31:05.536-0300][0.024s][9664][11872][info][gc,metaspace] Klass ID Range:  [65536 - 1090519033) (1090453497)
[2026-06-26T13:31:05.536-0300][0.024s][9664][11872][info][gc,metaspace] Protection zone: [0x0000000082000000 - 0x0000000082010000), (65536 bytes)
[2026-06-26T13:31:06.931-0300][1.419s][9664][15316][info][gc          ] GC(0) Major Collection (Metadata GC Threshold)
[2026-06-26T13:31:06.931-0300][1.419s][9664][15316][info][gc,task     ] GC(0) Using 1 Workers for Young Generation
[2026-06-26T13:31:06.931-0300][1.419s][9664][15316][info][gc,task     ] GC(0) Using 1 Workers for Old Generation
[2026-06-26T13:31:06.932-0300][1.420s][9664][15316][info][gc,phases   ] GC(0) Y: Young Generation
[2026-06-26T13:31:06.932-0300][1.420s][9664][9396 ][info][gc,phases   ] GC(0) Y: Pause Mark Start (Major) 0.015ms
[2026-06-26T13:31:06.948-0300][1.436s][9664][15316][info][gc,phases   ] GC(0) Y: Concurrent Mark 16.414ms
[2026-06-26T13:31:06.948-0300][1.436s][9664][9396 ][info][gc,phases   ] GC(0) Y: Pause Mark End 0.018ms
[2026-06-26T13:31:06.948-0300][1.436s][9664][15316][info][gc,phases   ] GC(0) Y: Concurrent Mark Free 0.002ms
[2026-06-26T13:31:06.948-0300][1.436s][9664][15316][info][gc,phases   ] GC(0) Y: Concurrent Reset Relocation Set 0.000ms
[2026-06-26T13:31:06.948-0300][1.437s][9664][15316][info][gc,reloc    ] GC(0) Y: Using tenuring threshold: 1 (Computed)
[2026-06-26T13:31:06.949-0300][1.437s][9664][15316][info][gc,phases   ] GC(0) Y: Concurrent Select Relocation Set 0.590ms
[2026-06-26T13:31:06.949-0300][1.437s][9664][9396 ][info][gc,phases   ] GC(0) Y: Pause Relocate Start 0.005ms
[2026-06-26T13:31:06.957-0300][1.445s][9664][15316][info][gc,phases   ] GC(0) Y: Concurrent Relocate 7.802ms
[2026-06-26T13:31:06.957-0300][1.445s][9664][15316][info][gc,alloc    ] GC(0) Y:                         Mark Start        Mark End      Relocate Start    Relocate End   
[2026-06-26T13:31:06.957-0300][1.445s][9664][15316][info][gc,alloc    ] GC(0) Y: Allocation Stalls:          0                0                0                0         
[2026-06-26T13:31:06.957-0300][1.445s][9664][15316][info][gc,load     ] GC(0) Y: Load: 0.00 (0%) / 0.00 (0%) / 0.00 (0%)
[2026-06-26T13:31:06.957-0300][1.445s][9664][15316][info][gc,mmu      ] GC(0) Y: MMU: 2ms/98.8%, 5ms/99.5%, 10ms/99.8%, 20ms/99.8%, 50ms/99.9%, 100ms/100.0%
[2026-06-26T13:31:06.957-0300][1.445s][9664][15316][info][gc,marking  ] GC(0) Y: Mark: 1 stripe(s), 2 proactive flush(es), 1 terminate flush(es), 0 completion(s), 0 continuation(s) 
[2026-06-26T13:31:06.957-0300][1.445s][9664][15316][info][gc,nmethod  ] GC(0) Y: NMethods: 3303 registered, 0 unregistered
[2026-06-26T13:31:06.957-0300][1.445s][9664][15316][info][gc,metaspace] GC(0) Y: Metaspace: 21M used, 21M committed, 1088M reserved
[2026-06-26T13:31:06.957-0300][1.445s][9664][15316][info][gc,reloc    ] GC(0) Y:                        Candidates     Selected     In-Place         Size        Empty    Relocated 
[2026-06-26T13:31:06.957-0300][1.445s][9664][15316][info][gc,reloc    ] GC(0) Y: Small Pages:                   40           32            0          80M           2M           5M 
[2026-06-26T13:31:06.957-0300][1.445s][9664][15316][info][gc,reloc    ] GC(0) Y: Medium Pages:                   1            0            0          32M           0M           0M 
[2026-06-26T13:31:06.957-0300][1.445s][9664][15316][info][gc,reloc    ] GC(0) Y: Large Pages:                    0            0            0           0M           0M           0M 
[2026-06-26T13:31:06.957-0300][1.445s][9664][15316][info][gc,reloc    ] GC(0) Y: Forwarding Usage: 2M
[2026-06-26T13:31:06.957-0300][1.445s][9664][15316][info][gc,reloc    ] GC(0) Y: Age Table:
[2026-06-26T13:31:06.957-0300][1.445s][9664][15316][info][gc,reloc    ] GC(0) Y:                    Live             Garbage             Small              Medium             Large        
[2026-06-26T13:31:06.957-0300][1.445s][9664][15316][info][gc,reloc    ] GC(0) Y: Eden              13M (0%)           98M (3%)          40 / 32             1 / 0              0 / 0        
[2026-06-26T13:31:06.957-0300][1.445s][9664][15316][info][gc,heap     ] GC(0) Y: Min Capacity: 8M(0%)
[2026-06-26T13:31:06.957-0300][1.445s][9664][15316][info][gc,heap     ] GC(0) Y: Max Capacity: 3072M(100%)
[2026-06-26T13:31:06.957-0300][1.445s][9664][15316][info][gc,heap     ] GC(0) Y: Soft Max Capacity: 3072M(100%)
[2026-06-26T13:31:06.957-0300][1.445s][9664][15316][info][gc,heap     ] GC(0) Y: Heap Statistics:
[2026-06-26T13:31:06.957-0300][1.445s][9664][15316][info][gc,heap     ] GC(0) Y:                Mark Start          Mark End        Relocate Start      Relocate End           High               Low         
[2026-06-26T13:31:06.957-0300][1.445s][9664][15316][info][gc,heap     ] GC(0) Y:  Capacity:      512M (17%)         512M (17%)         512M (17%)         512M (17%)         512M (17%)         512M (17%)    
[2026-06-26T13:31:06.957-0300][1.445s][9664][15316][info][gc,heap     ] GC(0) Y:      Free:     2960M (96%)        2954M (96%)        2956M (96%)        3016M (98%)        3016M (98%)        2954M (96%)    
[2026-06-26T13:31:06.957-0300][1.445s][9664][15316][info][gc,heap     ] GC(0) Y:      Used:      112M (4%)          118M (4%)          116M (4%)           56M (2%)          118M (4%)           56M (2%)     
[2026-06-26T13:31:06.957-0300][1.445s][9664][15316][info][gc,heap     ] GC(0) Y: Young Generation Statistics:
[2026-06-26T13:31:06.957-0300][1.445s][9664][15316][info][gc,heap     ] GC(0) Y:                Mark Start          Mark End        Relocate Start      Relocate End    
[2026-06-26T13:31:06.957-0300][1.445s][9664][15316][info][gc,heap     ] GC(0) Y:      Used:      112M (4%)          118M (4%)          116M (4%)           56M (2%)     
[2026-06-26T13:31:06.957-0300][1.445s][9664][15316][info][gc,heap     ] GC(0) Y:      Live:         -                13M (0%)           13M (0%)           13M (0%)     
[2026-06-26T13:31:06.957-0300][1.445s][9664][15316][info][gc,heap     ] GC(0) Y:   Garbage:         -                98M (3%)           96M (3%)           30M (1%)     
[2026-06-26T13:31:06.957-0300][1.445s][9664][15316][info][gc,heap     ] GC(0) Y: Allocated:         -                 6M (0%)            6M (0%)           11M (0%)     
[2026-06-26T13:31:06.957-0300][1.445s][9664][15316][info][gc,heap     ] GC(0) Y: Reclaimed:         -                  -                 2M (0%)           67M (2%)     
[2026-06-26T13:31:06.957-0300][1.445s][9664][15316][info][gc,heap     ] GC(0) Y:  Promoted:         -                  -                 0M (0%)            0M (0%)     
[2026-06-26T13:31:06.957-0300][1.445s][9664][15316][info][gc,heap     ] GC(0) Y: Compacted:         -                  -                  -                 6M (0%)     
[2026-06-26T13:31:06.957-0300][1.445s][9664][15316][info][gc,phases   ] GC(0) Y: Young Generation 112M(4%)->56M(2%) 0.026s
[2026-06-26T13:31:06.957-0300][1.445s][9664][15316][info][gc,phases   ] GC(0) O: Old Generation
[2026-06-26T13:31:06.957-0300][1.446s][9664][15316][info][gc,phases   ] GC(0) O: Concurrent Mark 0.373ms
[2026-06-26T13:31:06.957-0300][1.446s][9664][9396 ][info][gc,phases   ] GC(0) O: Pause Mark End 0.015ms
[2026-06-26T13:31:06.958-0300][1.446s][9664][15316][info][gc,phases   ] GC(0) O: Concurrent Mark Free 0.000ms
[2026-06-26T13:31:06.964-0300][1.451s][9664][15316][info][gc,phases   ] GC(0) O: Concurrent Process Non-Strong 5.596ms
[2026-06-26T13:31:06.964-0300][1.451s][9664][15316][info][gc,phases   ] GC(0) O: Concurrent Reset Relocation Set 0.000ms
[2026-06-26T13:31:06.964-0300][1.452s][9664][15316][info][gc,phases   ] GC(0) O: Concurrent Select Relocation Set 0.271ms
[2026-06-26T13:31:06.964-0300][1.452s][9664][15316][info][gc,task     ] GC(0) O: Using 2 Workers for Old Generation
[2026-06-26T13:31:06.965-0300][1.453s][9664][15316][info][gc,task     ] GC(0) O: Using 1 Workers for Old Generation
[2026-06-26T13:31:06.965-0300][1.453s][9664][15316][info][gc,phases   ] GC(0) O: Concurrent Remap Roots 1.136ms
[2026-06-26T13:31:06.965-0300][1.453s][9664][9396 ][info][gc,phases   ] GC(0) O: Pause Relocate Start 0.014ms
[2026-06-26T13:31:06.965-0300][1.453s][9664][15316][info][gc,phases   ] GC(0) O: Concurrent Relocate 0.049ms
[2026-06-26T13:31:06.965-0300][1.453s][9664][15316][info][gc,alloc    ] GC(0) O:                         Mark Start        Mark End      Relocate Start    Relocate End   
[2026-06-26T13:31:06.965-0300][1.453s][9664][15316][info][gc,alloc    ] GC(0) O: Allocation Stalls:          0                0                0                0         
[2026-06-26T13:31:06.965-0300][1.453s][9664][15316][info][gc,load     ] GC(0) O: Load: 0.00 (0%) / 0.00 (0%) / 0.00 (0%)
[2026-06-26T13:31:06.965-0300][1.453s][9664][15316][info][gc,mmu      ] GC(0) O: MMU: 2ms/98.8%, 5ms/99.5%, 10ms/99.6%, 20ms/99.7%, 50ms/99.9%, 100ms/99.9%
[2026-06-26T13:31:06.965-0300][1.453s][9664][15316][info][gc,marking  ] GC(0) O: Mark: 1 stripe(s), 1 proactive flush(es), 1 terminate flush(es), 0 completion(s), 0 continuation(s) 
[2026-06-26T13:31:06.965-0300][1.453s][9664][15316][info][gc,nmethod  ] GC(0) O: NMethods: 2975 registered, 379 unregistered
[2026-06-26T13:31:06.965-0300][1.453s][9664][15316][info][gc,metaspace] GC(0) O: Metaspace: 21M used, 21M committed, 1088M reserved
[2026-06-26T13:31:06.966-0300][1.454s][9664][15316][info][gc,ref      ] GC(0) O:                       Encountered   Discovered     Enqueued 
[2026-06-26T13:31:06.966-0300][1.454s][9664][15316][info][gc,ref      ] GC(0) O: Soft References:             2984            0            0 
[2026-06-26T13:31:06.966-0300][1.454s][9664][15316][info][gc,ref      ] GC(0) O: Weak References:             3615            0            0 
[2026-06-26T13:31:06.966-0300][1.454s][9664][15316][info][gc,ref      ] GC(0) O: Final References:               8            0            0 
[2026-06-26T13:31:06.966-0300][1.454s][9664][15316][info][gc,ref      ] GC(0) O: Phantom References:          1218            0            0 
[2026-06-26T13:31:06.966-0300][1.454s][9664][15316][info][gc,heap     ] GC(0) O: Min Capacity: 8M(0%)
[2026-06-26T13:31:06.966-0300][1.454s][9664][15316][info][gc,heap     ] GC(0) O: Max Capacity: 3072M(100%)
[2026-06-26T13:31:06.966-0300][1.454s][9664][15316][info][gc,heap     ] GC(0) O: Soft Max Capacity: 3072M(100%)
[2026-06-26T13:31:06.966-0300][1.454s][9664][15316][info][gc,heap     ] GC(0) O: Heap Statistics:
[2026-06-26T13:31:06.966-0300][1.454s][9664][15316][info][gc,heap     ] GC(0) O:                Mark Start          Mark End        Relocate Start      Relocate End           High               Low         
[2026-06-26T13:31:06.966-0300][1.454s][9664][15316][info][gc,heap     ] GC(0) O:  Capacity:      512M (17%)         512M (17%)         512M (17%)         512M (17%)         512M (17%)         512M (17%)    
[2026-06-26T13:31:06.966-0300][1.454s][9664][15316][info][gc,heap     ] GC(0) O:      Free:     2960M (96%)        3014M (98%)        3014M (98%)        3014M (98%)        3016M (98%)        2954M (96%)    
[2026-06-26T13:31:06.966-0300][1.454s][9664][15316][info][gc,heap     ] GC(0) O:      Used:      112M (4%)           58M (2%)           58M (2%)           58M (2%)          118M (4%)           56M (2%)     
[2026-06-26T13:31:06.966-0300][1.454s][9664][15316][info][gc,heap     ] GC(0) O: Old Generation Statistics:
[2026-06-26T13:31:06.966-0300][1.454s][9664][15316][info][gc,heap     ] GC(0) O:                Mark Start          Mark End        Relocate Start      Relocate End    
[2026-06-26T13:31:06.966-0300][1.454s][9664][15316][info][gc,heap     ] GC(0) O:      Used:        0M (0%)            0M (0%)            0M (0%)            0M (0%)     
[2026-06-26T13:31:06.966-0300][1.454s][9664][15316][info][gc,heap     ] GC(0) O:      Live:         -                 0M (0%)            0M (0%)            0M (0%)     
[2026-06-26T13:31:06.966-0300][1.454s][9664][15316][info][gc,heap     ] GC(0) O:   Garbage:         -                 0M (0%)            0M (0%)            0M (0%)     
[2026-06-26T13:31:06.966-0300][1.454s][9664][15316][info][gc,heap     ] GC(0) O: Allocated:         -                 0M (0%)            0M (0%)            0M (0%)     
[2026-06-26T13:31:06.966-0300][1.454s][9664][15316][info][gc,heap     ] GC(0) O: Reclaimed:         -                  -                 0M (0%)            0M (0%)     
[2026-06-26T13:31:06.966-0300][1.454s][9664][15316][info][gc,heap     ] GC(0) O: Compacted:         -                  -                  -                 0M (0%)     
[2026-06-26T13:31:06.966-0300][1.454s][9664][15316][info][gc,phases   ] GC(0) O: Old Generation 56M(2%)->58M(2%) 0.008s
[2026-06-26T13:31:06.966-0300][1.454s][9664][15316][info][gc          ] GC(0) Major Collection (Metadata GC Threshold) 112M(4%)->58M(2%) 0.035s
[2026-06-26T13:31:10.055-0300][4.542s][9664][15316][info][gc          ] GC(1) Major Collection (Warmup)
[2026-06-26T13:31:10.055-0300][4.543s][9664][15316][info][gc,task     ] GC(1) Using 3 Workers for Young Generation
[2026-06-26T13:31:10.055-0300][4.543s][9664][15316][info][gc,task     ] GC(1) Using 2 Workers for Old Generation
[2026-06-26T13:31:10.055-0300][4.543s][9664][15316][info][gc,phases   ] GC(1) Y: Young Generation
[2026-06-26T13:31:10.055-0300][4.543s][9664][9396 ][info][gc,phases   ] GC(1) Y: Pause Mark Start (Major) 0.009ms
[2026-06-26T13:31:10.085-0300][4.572s][9664][15316][info][gc,phases   ] GC(1) Y: Concurrent Mark 29.456ms
[2026-06-26T13:31:10.085-0300][4.572s][9664][9396 ][info][gc,phases   ] GC(1) Y: Pause Mark End 0.011ms
[2026-06-26T13:31:10.085-0300][4.572s][9664][15316][info][gc,phases   ] GC(1) Y: Concurrent Mark Free 0.004ms
[2026-06-26T13:31:10.085-0300][4.572s][9664][15316][info][gc,phases   ] GC(1) Y: Concurrent Reset Relocation Set 0.002ms
[2026-06-26T13:31:10.085-0300][4.572s][9664][15316][info][gc,reloc    ] GC(1) Y: Using tenuring threshold: 2 (Computed)
[2026-06-26T13:31:10.087-0300][4.574s][9664][15316][info][gc,phases   ] GC(1) Y: Concurrent Select Relocation Set 1.990ms
[2026-06-26T13:31:10.087-0300][4.574s][9664][9396 ][info][gc,phases   ] GC(1) Y: Pause Relocate Start 0.008ms
[2026-06-26T13:31:10.102-0300][4.590s][9664][15316][info][gc,phases   ] GC(1) Y: Concurrent Relocate 15.227ms
[2026-06-26T13:31:10.102-0300][4.590s][9664][15316][info][gc,alloc    ] GC(1) Y:                         Mark Start        Mark End      Relocate Start    Relocate End   
[2026-06-26T13:31:10.102-0300][4.590s][9664][15316][info][gc,alloc    ] GC(1) Y: Allocation Stalls:          0                0                0                0         
[2026-06-26T13:31:10.102-0300][4.590s][9664][15316][info][gc,load     ] GC(1) Y: Load: 0.00 (0%) / 0.00 (0%) / 0.00 (0%)
[2026-06-26T13:31:10.102-0300][4.590s][9664][15316][info][gc,mmu      ] GC(1) Y: MMU: 2ms/98.8%, 5ms/99.5%, 10ms/99.6%, 20ms/99.7%, 50ms/99.9%, 100ms/99.9%
[2026-06-26T13:31:10.102-0300][4.590s][9664][15316][info][gc,marking  ] GC(1) Y: Mark: 2 stripe(s), 3 proactive flush(es), 1 terminate flush(es), 0 completion(s), 0 continuation(s) 
[2026-06-26T13:31:10.102-0300][4.590s][9664][15316][info][gc,nmethod  ] GC(1) Y: NMethods: 3908 registered, 379 unregistered
[2026-06-26T13:31:10.102-0300][4.590s][9664][15316][info][gc,metaspace] GC(1) Y: Metaspace: 26M used, 26M committed, 1088M reserved
[2026-06-26T13:31:10.102-0300][4.590s][9664][15316][info][gc,reloc    ] GC(1) Y:                        Candidates     Selected     In-Place         Size        Empty    Relocated 
[2026-06-26T13:31:10.102-0300][4.590s][9664][15316][info][gc,reloc    ] GC(1) Y: Small Pages:                  123           92            0         246M          24M          18M 
[2026-06-26T13:31:10.102-0300][4.590s][9664][15316][info][gc,reloc    ] GC(1) Y: Medium Pages:                   2            1            0          64M           0M           2M 
[2026-06-26T13:31:10.102-0300][4.590s][9664][15316][info][gc,reloc    ] GC(1) Y: Large Pages:                    0            0            0           0M           0M           0M 
[2026-06-26T13:31:10.102-0300][4.590s][9664][15316][info][gc,reloc    ] GC(1) Y: Forwarding Usage: 9M
[2026-06-26T13:31:10.102-0300][4.590s][9664][15316][info][gc,reloc    ] GC(1) Y: Age Table:
[2026-06-26T13:31:10.102-0300][4.590s][9664][15316][info][gc,reloc    ] GC(1) Y:                    Live             Garbage             Small              Medium             Large        
[2026-06-26T13:31:10.102-0300][4.590s][9664][15316][info][gc,reloc    ] GC(1) Y: Eden              23M (1%)          236M (8%)         114 / 90             1 / 0              0 / 0        
[2026-06-26T13:31:10.102-0300][4.590s][9664][15316][info][gc,reloc    ] GC(1) Y: Survivor 1        13M (0%)           36M (1%)           9 / 2              1 / 1              0 / 0        
[2026-06-26T13:31:10.102-0300][4.590s][9664][15316][info][gc,heap     ] GC(1) Y: Min Capacity: 8M(0%)
[2026-06-26T13:31:10.102-0300][4.590s][9664][15316][info][gc,heap     ] GC(1) Y: Max Capacity: 3072M(100%)
[2026-06-26T13:31:10.102-0300][4.590s][9664][15316][info][gc,heap     ] GC(1) Y: Soft Max Capacity: 3072M(100%)
[2026-06-26T13:31:10.102-0300][4.590s][9664][15316][info][gc,heap     ] GC(1) Y: Heap Statistics:
[2026-06-26T13:31:10.102-0300][4.590s][9664][15316][info][gc,heap     ] GC(1) Y:                Mark Start          Mark End        Relocate Start      Relocate End           High               Low         
[2026-06-26T13:31:10.102-0300][4.590s][9664][15316][info][gc,heap     ] GC(1) Y:  Capacity:      512M (17%)         512M (17%)         512M (17%)         512M (17%)         512M (17%)         512M (17%)    
[2026-06-26T13:31:10.102-0300][4.590s][9664][15316][info][gc,heap     ] GC(1) Y:      Free:     2762M (90%)        2752M (90%)        2774M (90%)        2932M (95%)        2932M (95%)        2700M (88%)    
[2026-06-26T13:31:10.102-0300][4.590s][9664][15316][info][gc,heap     ] GC(1) Y:      Used:      310M (10%)         320M (10%)         298M (10%)         140M (5%)          372M (12%)         140M (5%)     
[2026-06-26T13:31:10.102-0300][4.590s][9664][15316][info][gc,heap     ] GC(1) Y: Young Generation Statistics:
[2026-06-26T13:31:10.102-0300][4.590s][9664][15316][info][gc,heap     ] GC(1) Y:                Mark Start          Mark End        Relocate Start      Relocate End    
[2026-06-26T13:31:10.102-0300][4.590s][9664][15316][info][gc,heap     ] GC(1) Y:      Used:      310M (10%)         320M (10%)         298M (10%)         140M (5%)     
[2026-06-26T13:31:10.102-0300][4.590s][9664][15316][info][gc,heap     ] GC(1) Y:      Live:         -                36M (1%)           36M (1%)           36M (1%)     
[2026-06-26T13:31:10.102-0300][4.590s][9664][15316][info][gc,heap     ] GC(1) Y:   Garbage:         -               273M (9%)          249M (8%)            1M (0%)     
[2026-06-26T13:31:10.102-0300][4.590s][9664][15316][info][gc,heap     ] GC(1) Y: Allocated:         -                10M (0%)           12M (0%)          101M (3%)     
[2026-06-26T13:31:10.102-0300][4.590s][9664][15316][info][gc,heap     ] GC(1) Y: Reclaimed:         -                  -                24M (1%)          271M (9%)     
[2026-06-26T13:31:10.102-0300][4.590s][9664][15316][info][gc,heap     ] GC(1) Y:  Promoted:         -                  -                 0M (0%)            0M (0%)     
[2026-06-26T13:31:10.102-0300][4.590s][9664][15316][info][gc,heap     ] GC(1) Y: Compacted:         -                  -                  -                26M (1%)     
[2026-06-26T13:31:10.102-0300][4.590s][9664][15316][info][gc,phases   ] GC(1) Y: Young Generation 310M(10%)->140M(5%) 0.047s
[2026-06-26T13:31:10.102-0300][4.590s][9664][15316][info][gc,phases   ] GC(1) O: Old Generation
[2026-06-26T13:31:10.103-0300][4.590s][9664][15316][info][gc,phases   ] GC(1) O: Concurrent Mark 0.305ms
[2026-06-26T13:31:10.103-0300][4.590s][9664][9396 ][info][gc,phases   ] GC(1) O: Pause Mark End 0.011ms
[2026-06-26T13:31:10.103-0300][4.591s][9664][15316][info][gc,phases   ] GC(1) O: Concurrent Mark Free 0.001ms
[2026-06-26T13:31:10.106-0300][4.594s][9664][15316][info][gc,phases   ] GC(1) O: Concurrent Process Non-Strong 3.555ms
[2026-06-26T13:31:10.106-0300][4.594s][9664][15316][info][gc,phases   ] GC(1) O: Concurrent Reset Relocation Set 0.000ms
[2026-06-26T13:31:10.106-0300][4.594s][9664][15316][info][gc,phases   ] GC(1) O: Concurrent Select Relocation Set 0.079ms
[2026-06-26T13:31:10.106-0300][4.594s][9664][15316][info][gc,task     ] GC(1) O: Using 3 Workers for Old Generation
[2026-06-26T13:31:10.107-0300][4.595s][9664][15316][info][gc,task     ] GC(1) O: Using 2 Workers for Old Generation
[2026-06-26T13:31:10.107-0300][4.595s][9664][15316][info][gc,phases   ] GC(1) O: Concurrent Remap Roots 1.052ms
[2026-06-26T13:31:10.107-0300][4.595s][9664][9396 ][info][gc,phases   ] GC(1) O: Pause Relocate Start 0.008ms
[2026-06-26T13:31:10.108-0300][4.595s][9664][15316][info][gc,phases   ] GC(1) O: Concurrent Relocate 0.034ms
[2026-06-26T13:31:10.108-0300][4.595s][9664][15316][info][gc,alloc    ] GC(1) O:                         Mark Start        Mark End      Relocate Start    Relocate End   
[2026-06-26T13:31:10.108-0300][4.595s][9664][15316][info][gc,alloc    ] GC(1) O: Allocation Stalls:          0                0                0                0         
[2026-06-26T13:31:10.108-0300][4.595s][9664][15316][info][gc,load     ] GC(1) O: Load: 0.00 (0%) / 0.00 (0%) / 0.00 (0%)
[2026-06-26T13:31:10.108-0300][4.595s][9664][15316][info][gc,mmu      ] GC(1) O: MMU: 2ms/98.8%, 5ms/99.5%, 10ms/99.6%, 20ms/99.7%, 50ms/99.9%, 100ms/99.9%
[2026-06-26T13:31:10.108-0300][4.595s][9664][15316][info][gc,marking  ] GC(1) O: Mark: 2 stripe(s), 1 proactive flush(es), 1 terminate flush(es), 0 completion(s), 0 continuation(s) 
[2026-06-26T13:31:10.108-0300][4.595s][9664][15316][info][gc,nmethod  ] GC(1) O: NMethods: 3616 registered, 671 unregistered
[2026-06-26T13:31:10.108-0300][4.595s][9664][15316][info][gc,metaspace] GC(1) O: Metaspace: 26M used, 26M committed, 1088M reserved
[2026-06-26T13:31:10.108-0300][4.595s][9664][15316][info][gc,ref      ] GC(1) O:                       Encountered   Discovered     Enqueued 
[2026-06-26T13:31:10.108-0300][4.596s][9664][15316][info][gc,ref      ] GC(1) O: Soft References:             3126            0            0 
[2026-06-26T13:31:10.108-0300][4.596s][9664][15316][info][gc,ref      ] GC(1) O: Weak References:             7340            0            0 
[2026-06-26T13:31:10.108-0300][4.596s][9664][15316][info][gc,ref      ] GC(1) O: Final References:               8            0            0 
[2026-06-26T13:31:10.108-0300][4.596s][9664][15316][info][gc,ref      ] GC(1) O: Phantom References:          4835            0            0 
[2026-06-26T13:31:10.108-0300][4.596s][9664][15316][info][gc,heap     ] GC(1) O: Min Capacity: 8M(0%)
[2026-06-26T13:31:10.108-0300][4.596s][9664][15316][info][gc,heap     ] GC(1) O: Max Capacity: 3072M(100%)
[2026-06-26T13:31:10.108-0300][4.596s][9664][15316][info][gc,heap     ] GC(1) O: Soft Max Capacity: 3072M(100%)
[2026-06-26T13:31:10.108-0300][4.596s][9664][15316][info][gc,heap     ] GC(1) O: Heap Statistics:
[2026-06-26T13:31:10.108-0300][4.596s][9664][15316][info][gc,heap     ] GC(1) O:                Mark Start          Mark End        Relocate Start      Relocate End           High               Low         
[2026-06-26T13:31:10.108-0300][4.596s][9664][15316][info][gc,heap     ] GC(1) O:  Capacity:      512M (17%)         512M (17%)         512M (17%)         512M (17%)         512M (17%)         512M (17%)    
[2026-06-26T13:31:10.108-0300][4.596s][9664][15316][info][gc,heap     ] GC(1) O:      Free:     2762M (90%)        2932M (95%)        2930M (95%)        2930M (95%)        2932M (95%)        2700M (88%)    
[2026-06-26T13:31:10.108-0300][4.596s][9664][15316][info][gc,heap     ] GC(1) O:      Used:      310M (10%)         140M (5%)          142M (5%)          142M (5%)          372M (12%)         140M (5%)     
[2026-06-26T13:31:10.108-0300][4.596s][9664][15316][info][gc,heap     ] GC(1) O: Old Generation Statistics:
[2026-06-26T13:31:10.108-0300][4.596s][9664][15316][info][gc,heap     ] GC(1) O:                Mark Start          Mark End        Relocate Start      Relocate End    
[2026-06-26T13:31:10.108-0300][4.596s][9664][15316][info][gc,heap     ] GC(1) O:      Used:        0M (0%)            0M (0%)            0M (0%)            0M (0%)     
[2026-06-26T13:31:10.108-0300][4.596s][9664][15316][info][gc,heap     ] GC(1) O:      Live:         -                 0M (0%)            0M (0%)            0M (0%)     
[2026-06-26T13:31:10.108-0300][4.596s][9664][15316][info][gc,heap     ] GC(1) O:   Garbage:         -                 0M (0%)            0M (0%)            0M (0%)     
[2026-06-26T13:31:10.108-0300][4.596s][9664][15316][info][gc,heap     ] GC(1) O: Allocated:         -                 0M (0%)            0M (0%)            0M (0%)     
[2026-06-26T13:31:10.108-0300][4.596s][9664][15316][info][gc,heap     ] GC(1) O: Reclaimed:         -                  -                 0M (0%)            0M (0%)     
[2026-06-26T13:31:10.108-0300][4.596s][9664][15316][info][gc,heap     ] GC(1) O: Compacted:         -                  -                  -                 0M (0%)     
[2026-06-26T13:31:10.108-0300][4.596s][9664][15316][info][gc,phases   ] GC(1) O: Old Generation 140M(5%)->142M(5%) 0.005s
[2026-06-26T13:31:10.108-0300][4.596s][9664][15316][info][gc          ] GC(1) Major Collection (Warmup) 310M(10%)->142M(5%) 0.053s
[2026-06-26T13:31:12.220-0300][6.708s][9664][15316][info][gc          ] GC(2) Major Collection (Warmup)
[2026-06-26T13:31:12.220-0300][6.708s][9664][15316][info][gc,task     ] GC(2) Using 3 Workers for Young Generation
[2026-06-26T13:31:12.220-0300][6.708s][9664][15316][info][gc,task     ] GC(2) Using 1 Workers for Old Generation
[2026-06-26T13:31:12.220-0300][6.708s][9664][15316][info][gc,phases   ] GC(2) Y: Young Generation
[2026-06-26T13:31:12.220-0300][6.708s][9664][9396 ][info][gc,phases   ] GC(2) Y: Pause Mark Start (Major) 0.012ms
[2026-06-26T13:31:12.271-0300][6.759s][9664][15316][info][gc,phases   ] GC(2) Y: Concurrent Mark 50.709ms
[2026-06-26T13:31:12.271-0300][6.759s][9664][9396 ][info][gc,phases   ] GC(2) Y: Pause Mark End 0.012ms
[2026-06-26T13:31:12.271-0300][6.759s][9664][15316][info][gc,phases   ] GC(2) Y: Concurrent Mark Free 0.005ms
[2026-06-26T13:31:12.271-0300][6.759s][9664][15316][info][gc,phases   ] GC(2) Y: Concurrent Reset Relocation Set 0.006ms
[2026-06-26T13:31:12.271-0300][6.759s][9664][15316][info][gc,reloc    ] GC(2) Y: Using tenuring threshold: 3 (Computed)
[2026-06-26T13:31:12.274-0300][6.762s][9664][15316][info][gc,phases   ] GC(2) Y: Concurrent Select Relocation Set 2.759ms
[2026-06-26T13:31:12.274-0300][6.762s][9664][9396 ][info][gc,phases   ] GC(2) Y: Pause Relocate Start 0.009ms
[2026-06-26T13:31:12.287-0300][6.775s][9664][15316][info][gc,phases   ] GC(2) Y: Concurrent Relocate 13.152ms
[2026-06-26T13:31:12.287-0300][6.775s][9664][15316][info][gc,alloc    ] GC(2) Y:                         Mark Start        Mark End      Relocate Start    Relocate End   
[2026-06-26T13:31:12.287-0300][6.775s][9664][15316][info][gc,alloc    ] GC(2) Y: Allocation Stalls:          0                0                0                0         
[2026-06-26T13:31:12.287-0300][6.775s][9664][15316][info][gc,load     ] GC(2) Y: Load: 0.00 (0%) / 0.00 (0%) / 0.00 (0%)
[2026-06-26T13:31:12.287-0300][6.775s][9664][15316][info][gc,mmu      ] GC(2) Y: MMU: 2ms/98.8%, 5ms/99.5%, 10ms/99.6%, 20ms/99.7%, 50ms/99.9%, 100ms/99.9%
[2026-06-26T13:31:12.287-0300][6.775s][9664][15316][info][gc,marking  ] GC(2) Y: Mark: 2 stripe(s), 8 proactive flush(es), 1 terminate flush(es), 0 completion(s), 0 continuation(s) 
[2026-06-26T13:31:12.287-0300][6.775s][9664][15316][info][gc,nmethod  ] GC(2) Y: NMethods: 4388 registered, 671 unregistered
[2026-06-26T13:31:12.287-0300][6.775s][9664][15316][info][gc,metaspace] GC(2) Y: Metaspace: 31M used, 31M committed, 1088M reserved
[2026-06-26T13:31:12.287-0300][6.775s][9664][15316][info][gc,reloc    ] GC(2) Y:                        Candidates     Selected     In-Place         Size        Empty    Relocated 
[2026-06-26T13:31:12.287-0300][6.775s][9664][15316][info][gc,reloc    ] GC(2) Y: Small Pages:                  260          162            0         520M         128M          22M 
[2026-06-26T13:31:12.287-0300][6.775s][9664][15316][info][gc,reloc    ] GC(2) Y: Medium Pages:                   3            2            0          96M           0M           9M 
[2026-06-26T13:31:12.287-0300][6.775s][9664][15316][info][gc,reloc    ] GC(2) Y: Large Pages:                    0            0            0           0M           0M           0M 
[2026-06-26T13:31:12.287-0300][6.775s][9664][15316][info][gc,reloc    ] GC(2) Y: Forwarding Usage: 9M
[2026-06-26T13:31:12.287-0300][6.775s][9664][15316][info][gc,reloc    ] GC(2) Y: Age Table:
[2026-06-26T13:31:12.287-0300][6.775s][9664][15316][info][gc,reloc    ] GC(2) Y:                    Live             Garbage             Small              Medium             Large        
[2026-06-26T13:31:12.287-0300][6.775s][9664][15316][info][gc,reloc    ] GC(2) Y: Eden              34M (1%)          461M (15%)        232 / 152            1 / 1              0 / 0        
[2026-06-26T13:31:12.287-0300][6.775s][9664][15316][info][gc,reloc    ] GC(2) Y: Survivor 1        21M (1%)           42M (1%)          16 / 4              1 / 0              0 / 0        
[2026-06-26T13:31:12.288-0300][6.775s][9664][15316][info][gc,reloc    ] GC(2) Y: Survivor 2        13M (0%)           42M (1%)          12 / 6              1 / 1              0 / 0        
[2026-06-26T13:31:12.288-0300][6.775s][9664][15316][info][gc,heap     ] GC(2) Y: Min Capacity: 8M(0%)
[2026-06-26T13:31:12.288-0300][6.775s][9664][15316][info][gc,heap     ] GC(2) Y: Max Capacity: 3072M(100%)
[2026-06-26T13:31:12.288-0300][6.775s][9664][15316][info][gc,heap     ] GC(2) Y: Soft Max Capacity: 3072M(100%)
[2026-06-26T13:31:12.288-0300][6.775s][9664][15316][info][gc,heap     ] GC(2) Y: Heap Statistics:
[2026-06-26T13:31:12.288-0300][6.775s][9664][15316][info][gc,heap     ] GC(2) Y:                Mark Start          Mark End        Relocate Start      Relocate End           High               Low         
[2026-06-26T13:31:12.288-0300][6.775s][9664][15316][info][gc,heap     ] GC(2) Y:  Capacity:      616M (20%)         672M (22%)         672M (22%)         736M (24%)         736M (24%)         616M (20%)    
[2026-06-26T13:31:12.288-0300][6.775s][9664][15316][info][gc,heap     ] GC(2) Y:      Free:     2456M (80%)        2400M (78%)        2526M (82%)        2830M (92%)        2830M (92%)        2400M (78%)    
[2026-06-26T13:31:12.288-0300][6.775s][9664][15316][info][gc,heap     ] GC(2) Y:      Used:      616M (20%)         672M (22%)         546M (18%)         242M (8%)          672M (22%)         242M (8%)     
[2026-06-26T13:31:12.288-0300][6.775s][9664][15316][info][gc,heap     ] GC(2) Y: Young Generation Statistics:
[2026-06-26T13:31:12.288-0300][6.775s][9664][15316][info][gc,heap     ] GC(2) Y:                Mark Start          Mark End        Relocate Start      Relocate End    
[2026-06-26T13:31:12.288-0300][6.775s][9664][15316][info][gc,heap     ] GC(2) Y:      Used:      616M (20%)         672M (22%)         546M (18%)         242M (8%)     
[2026-06-26T13:31:12.288-0300][6.775s][9664][15316][info][gc,heap     ] GC(2) Y:      Live:         -                69M (2%)           69M (2%)           69M (2%)     
[2026-06-26T13:31:12.288-0300][6.775s][9664][15316][info][gc,heap     ] GC(2) Y:   Garbage:         -               546M (18%)         418M (14%)           4M (0%)     
[2026-06-26T13:31:12.288-0300][6.775s][9664][15316][info][gc,heap     ] GC(2) Y: Allocated:         -                56M (2%)           58M (2%)          167M (5%)     
[2026-06-26T13:31:12.288-0300][6.775s][9664][15316][info][gc,heap     ] GC(2) Y: Reclaimed:         -                  -               128M (4%)          541M (18%)    
[2026-06-26T13:31:12.288-0300][6.775s][9664][15316][info][gc,heap     ] GC(2) Y:  Promoted:         -                  -                 0M (0%)            0M (0%)     
[2026-06-26T13:31:12.288-0300][6.775s][9664][15316][info][gc,heap     ] GC(2) Y: Compacted:         -                  -                  -                36M (1%)     
[2026-06-26T13:31:12.288-0300][6.775s][9664][15316][info][gc,phases   ] GC(2) Y: Young Generation 616M(20%)->242M(8%) 0.067s
[2026-06-26T13:31:12.288-0300][6.775s][9664][15316][info][gc,phases   ] GC(2) O: Old Generation
[2026-06-26T13:31:12.288-0300][6.776s][9664][15316][info][gc,phases   ] GC(2) O: Concurrent Mark 0.342ms
[2026-06-26T13:31:12.288-0300][6.776s][9664][9396 ][info][gc,phases   ] GC(2) O: Pause Mark End 0.015ms
[2026-06-26T13:31:12.288-0300][6.776s][9664][15316][info][gc,phases   ] GC(2) O: Concurrent Mark Free 0.001ms
[2026-06-26T13:31:12.295-0300][6.782s][9664][15316][info][gc,phases   ] GC(2) O: Concurrent Process Non-Strong 6.597ms
[2026-06-26T13:31:12.295-0300][6.782s][9664][15316][info][gc,phases   ] GC(2) O: Concurrent Reset Relocation Set 0.000ms
[2026-06-26T13:31:12.295-0300][6.783s][9664][15316][info][gc,phases   ] GC(2) O: Concurrent Select Relocation Set 0.054ms
[2026-06-26T13:31:12.295-0300][6.783s][9664][15316][info][gc,task     ] GC(2) O: Using 3 Workers for Old Generation
[2026-06-26T13:31:12.296-0300][6.784s][9664][15316][info][gc,task     ] GC(2) O: Using 1 Workers for Old Generation
[2026-06-26T13:31:12.296-0300][6.784s][9664][15316][info][gc,phases   ] GC(2) O: Concurrent Remap Roots 1.046ms
[2026-06-26T13:31:12.296-0300][6.784s][9664][9396 ][info][gc,phases   ] GC(2) O: Pause Relocate Start 0.007ms
[2026-06-26T13:31:12.296-0300][6.784s][9664][15316][info][gc,phases   ] GC(2) O: Concurrent Relocate 0.042ms
[2026-06-26T13:31:12.296-0300][6.784s][9664][15316][info][gc,alloc    ] GC(2) O:                         Mark Start        Mark End      Relocate Start    Relocate End   
[2026-06-26T13:31:12.296-0300][6.784s][9664][15316][info][gc,alloc    ] GC(2) O: Allocation Stalls:          0                0                0                0         
[2026-06-26T13:31:12.296-0300][6.784s][9664][15316][info][gc,load     ] GC(2) O: Load: 0.00 (0%) / 0.00 (0%) / 0.00 (0%)
[2026-06-26T13:31:12.296-0300][6.784s][9664][15316][info][gc,mmu      ] GC(2) O: MMU: 2ms/98.8%, 5ms/99.5%, 10ms/99.6%, 20ms/99.7%, 50ms/99.9%, 100ms/99.9%
[2026-06-26T13:31:12.296-0300][6.784s][9664][15316][info][gc,marking  ] GC(2) O: Mark: 1 stripe(s), 1 proactive flush(es), 1 terminate flush(es), 0 completion(s), 0 continuation(s) 
[2026-06-26T13:31:12.296-0300][6.784s][9664][15316][info][gc,nmethod  ] GC(2) O: NMethods: 4111 registered, 952 unregistered
[2026-06-26T13:31:12.296-0300][6.784s][9664][15316][info][gc,metaspace] GC(2) O: Metaspace: 31M used, 31M committed, 1088M reserved
[2026-06-26T13:31:12.296-0300][6.784s][9664][15316][info][gc,ref      ] GC(2) O:                       Encountered   Discovered     Enqueued 
[2026-06-26T13:31:12.296-0300][6.784s][9664][15316][info][gc,ref      ] GC(2) O: Soft References:             3157            0            0 
[2026-06-26T13:31:12.296-0300][6.784s][9664][15316][info][gc,ref      ] GC(2) O: Weak References:             9654            0            0 
[2026-06-26T13:31:12.296-0300][6.784s][9664][15316][info][gc,ref      ] GC(2) O: Final References:               8            0            0 
[2026-06-26T13:31:12.296-0300][6.784s][9664][15316][info][gc,ref      ] GC(2) O: Phantom References:          7460            0            0 
[2026-06-26T13:31:12.296-0300][6.784s][9664][15316][info][gc,heap     ] GC(2) O: Min Capacity: 8M(0%)
[2026-06-26T13:31:12.296-0300][6.784s][9664][15316][info][gc,heap     ] GC(2) O: Max Capacity: 3072M(100%)
[2026-06-26T13:31:12.296-0300][6.784s][9664][15316][info][gc,heap     ] GC(2) O: Soft Max Capacity: 3072M(100%)
[2026-06-26T13:31:12.296-0300][6.784s][9664][15316][info][gc,heap     ] GC(2) O: Heap Statistics:
[2026-06-26T13:31:12.296-0300][6.784s][9664][15316][info][gc,heap     ] GC(2) O:                Mark Start          Mark End        Relocate Start      Relocate End           High               Low         
[2026-06-26T13:31:12.296-0300][6.784s][9664][15316][info][gc,heap     ] GC(2) O:  Capacity:      616M (20%)         736M (24%)         736M (24%)         736M (24%)         736M (24%)         616M (20%)    
[2026-06-26T13:31:12.296-0300][6.784s][9664][15316][info][gc,heap     ] GC(2) O:      Free:     2456M (80%)        2830M (92%)        2828M (92%)        2828M (92%)        2830M (92%)        2400M (78%)    
[2026-06-26T13:31:12.296-0300][6.784s][9664][15316][info][gc,heap     ] GC(2) O:      Used:      616M (20%)         242M (8%)          244M (8%)          244M (8%)          672M (22%)         242M (8%)     
[2026-06-26T13:31:12.296-0300][6.784s][9664][15316][info][gc,heap     ] GC(2) O: Old Generation Statistics:
[2026-06-26T13:31:12.296-0300][6.784s][9664][15316][info][gc,heap     ] GC(2) O:                Mark Start          Mark End        Relocate Start      Relocate End    
[2026-06-26T13:31:12.296-0300][6.784s][9664][15316][info][gc,heap     ] GC(2) O:      Used:        0M (0%)            0M (0%)            0M (0%)            0M (0%)     
[2026-06-26T13:31:12.296-0300][6.784s][9664][15316][info][gc,heap     ] GC(2) O:      Live:         -                 0M (0%)            0M (0%)            0M (0%)     
[2026-06-26T13:31:12.296-0300][6.784s][9664][15316][info][gc,heap     ] GC(2) O:   Garbage:         -                 0M (0%)            0M (0%)            0M (0%)     
[2026-06-26T13:31:12.296-0300][6.784s][9664][15316][info][gc,heap     ] GC(2) O: Allocated:         -                 0M (0%)            0M (0%)            0M (0%)     
[2026-06-26T13:31:12.296-0300][6.784s][9664][15316][info][gc,heap     ] GC(2) O: Reclaimed:         -                  -                 0M (0%)            0M (0%)     
[2026-06-26T13:31:12.296-0300][6.784s][9664][15316][info][gc,heap     ] GC(2) O: Compacted:         -                  -                  -                 0M (0%)     
[2026-06-26T13:31:12.296-0300][6.784s][9664][15316][info][gc,phases   ] GC(2) O: Old Generation 242M(8%)->244M(8%) 0.008s
[2026-06-26T13:31:12.296-0300][6.784s][9664][15316][info][gc          ] GC(2) Major Collection (Warmup) 616M(20%)->244M(8%) 0.076s
[2026-06-26T13:31:13.764-0300][8.252s][9664][15316][info][gc          ] GC(3) Major Collection (Warmup)
[2026-06-26T13:31:13.765-0300][8.252s][9664][15316][info][gc,task     ] GC(3) Using 3 Workers for Young Generation
[2026-06-26T13:31:13.765-0300][8.252s][9664][15316][info][gc,task     ] GC(3) Using 1 Workers for Old Generation
[2026-06-26T13:31:13.765-0300][8.252s][9664][15316][info][gc,phases   ] GC(3) Y: Young Generation
[2026-06-26T13:31:13.765-0300][8.253s][9664][9396 ][info][gc,phases   ] GC(3) Y: Pause Mark Start (Major) 0.014ms
[2026-06-26T13:31:13.865-0300][8.353s][9664][15316][info][gc,phases   ] GC(3) Y: Concurrent Mark 100.615ms
[2026-06-26T13:31:13.865-0300][8.353s][9664][9396 ][info][gc,phases   ] GC(3) Y: Pause Mark End 0.011ms
[2026-06-26T13:31:13.865-0300][8.353s][9664][15316][info][gc,phases   ] GC(3) Y: Concurrent Mark Free 0.003ms
[2026-06-26T13:31:13.865-0300][8.353s][9664][15316][info][gc,phases   ] GC(3) Y: Concurrent Reset Relocation Set 0.010ms
[2026-06-26T13:31:13.865-0300][8.354s][9664][15316][info][gc,reloc    ] GC(3) Y: Using tenuring threshold: 3 (Computed)
[2026-06-26T13:31:13.873-0300][8.361s][9664][15316][info][gc,phases   ] GC(3) Y: Concurrent Select Relocation Set 7.352ms
[2026-06-26T13:31:13.873-0300][8.361s][9664][9396 ][info][gc,phases   ] GC(3) Y: Pause Relocate Start 0.010ms
[2026-06-26T13:31:13.909-0300][8.397s][9664][15316][info][gc,phases   ] GC(3) Y: Concurrent Relocate 35.889ms
[2026-06-26T13:31:13.909-0300][8.397s][9664][15316][info][gc,alloc    ] GC(3) Y:                         Mark Start        Mark End      Relocate Start    Relocate End   
[2026-06-26T13:31:13.909-0300][8.397s][9664][15316][info][gc,alloc    ] GC(3) Y: Allocation Stalls:          0                0                0                0         
[2026-06-26T13:31:13.909-0300][8.397s][9664][15316][info][gc,load     ] GC(3) Y: Load: 0.00 (0%) / 0.00 (0%) / 0.00 (0%)
[2026-06-26T13:31:13.909-0300][8.397s][9664][15316][info][gc,mmu      ] GC(3) Y: MMU: 2ms/98.8%, 5ms/99.5%, 10ms/99.6%, 20ms/99.7%, 50ms/99.9%, 100ms/99.9%
[2026-06-26T13:31:13.909-0300][8.397s][9664][15316][info][gc,marking  ] GC(3) Y: Mark: 2 stripe(s), 10 proactive flush(es), 1 terminate flush(es), 0 completion(s), 0 continuation(s) 
[2026-06-26T13:31:13.909-0300][8.397s][9664][15316][info][gc,nmethod  ] GC(3) Y: NMethods: 5262 registered, 0 unregistered
[2026-06-26T13:31:13.909-0300][8.397s][9664][15316][info][gc,metaspace] GC(3) Y: Metaspace: 48M used, 49M committed, 1088M reserved
[2026-06-26T13:31:13.909-0300][8.397s][9664][15316][info][gc,reloc    ] GC(3) Y:                        Candidates     Selected     In-Place         Size        Empty    Relocated 
[2026-06-26T13:31:13.909-0300][8.397s][9664][15316][info][gc,reloc    ] GC(3) Y: Small Pages:                  178           97            0         356M           2M          41M 
[2026-06-26T13:31:13.909-0300][8.397s][9664][15316][info][gc,reloc    ] GC(3) Y: Medium Pages:                  18            4            0         560M         400M          12M 
[2026-06-26T13:31:13.909-0300][8.397s][9664][15316][info][gc,reloc    ] GC(3) Y: Large Pages:                    1            0            0          12M           0M           0M 
[2026-06-26T13:31:13.909-0300][8.397s][9664][15316][info][gc,reloc    ] GC(3) Y: Forwarding Usage: 27M
[2026-06-26T13:31:13.909-0300][8.397s][9664][15316][info][gc,reloc    ] GC(3) Y: Age Table:
[2026-06-26T13:31:13.909-0300][8.397s][9664][15316][info][gc,reloc    ] GC(3) Y:                    Live             Garbage             Small              Medium             Large        
[2026-06-26T13:31:13.909-0300][8.397s][9664][15316][info][gc,reloc    ] GC(3) Y: Eden             100M (3%)          651M (21%)        138 / 90            15 / 2              1 / 0        
[2026-06-26T13:31:13.909-0300][8.397s][9664][15316][info][gc,reloc    ] GC(3) Y: Survivor 1        33M (1%)           32M (1%)          17 / 3              1 / 1              0 / 0        
[2026-06-26T13:31:13.909-0300][8.397s][9664][15316][info][gc,reloc    ] GC(3) Y: Survivor 2        21M (1%)           38M (1%)          14 / 2              1 / 0              0 / 0        
[2026-06-26T13:31:13.909-0300][8.397s][9664][15316][info][gc,reloc    ] GC(3) Y: Survivor 3        13M (0%)           36M (1%)           9 / 2              1 / 1              0 / 0        
[2026-06-26T13:31:13.909-0300][8.397s][9664][15316][info][gc,heap     ] GC(3) Y: Min Capacity: 8M(0%)
[2026-06-26T13:31:13.909-0300][8.397s][9664][15316][info][gc,heap     ] GC(3) Y: Max Capacity: 3072M(100%)
[2026-06-26T13:31:13.909-0300][8.397s][9664][15316][info][gc,heap     ] GC(3) Y: Soft Max Capacity: 3072M(100%)
[2026-06-26T13:31:13.909-0300][8.397s][9664][15316][info][gc,heap     ] GC(3) Y: Heap Statistics:
[2026-06-26T13:31:13.909-0300][8.397s][9664][15316][info][gc,heap     ] GC(3) Y:                Mark Start          Mark End        Relocate Start      Relocate End           High               Low         
[2026-06-26T13:31:13.909-0300][8.397s][9664][15316][info][gc,heap     ] GC(3) Y:  Capacity:      928M (30%)        1118M (36%)        1118M (36%)        1118M (36%)        1118M (36%)         928M (30%)    
[2026-06-26T13:31:13.909-0300][8.397s][9664][15316][info][gc,heap     ] GC(3) Y:      Free:     2144M (70%)        1954M (64%)        2356M (77%)        2424M (79%)        2478M (81%)        1954M (64%)    
[2026-06-26T13:31:13.909-0300][8.397s][9664][15316][info][gc,heap     ] GC(3) Y:      Used:      928M (30%)        1118M (36%)         716M (23%)         648M (21%)        1118M (36%)         594M (19%)    
[2026-06-26T13:31:13.909-0300][8.397s][9664][15316][info][gc,heap     ] GC(3) Y: Young Generation Statistics:
[2026-06-26T13:31:13.909-0300][8.397s][9664][15316][info][gc,heap     ] GC(3) Y:                Mark Start          Mark End        Relocate Start      Relocate End    
[2026-06-26T13:31:13.909-0300][8.397s][9664][15316][info][gc,heap     ] GC(3) Y:      Used:      928M (30%)        1118M (36%)         704M (23%)         598M (19%)    
[2026-06-26T13:31:13.909-0300][8.397s][9664][15316][info][gc,heap     ] GC(3) Y:      Live:         -               168M (5%)          157M (5%)          154M (5%)     
[2026-06-26T13:31:13.909-0300][8.397s][9664][15316][info][gc,heap     ] GC(3) Y:   Garbage:         -               759M (25%)         356M (12%)           2M (0%)     
[2026-06-26T13:31:13.909-0300][8.397s][9664][15316][info][gc,heap     ] GC(3) Y: Allocated:         -               190M (6%)          190M (6%)          440M (14%)    
[2026-06-26T13:31:13.909-0300][8.397s][9664][15316][info][gc,heap     ] GC(3) Y: Reclaimed:         -                  -               403M (13%)         756M (25%)    
[2026-06-26T13:31:13.909-0300][8.397s][9664][15316][info][gc,heap     ] GC(3) Y:  Promoted:         -                  -                10M (0%)           13M (0%)     
[2026-06-26T13:31:13.909-0300][8.397s][9664][15316][info][gc,heap     ] GC(3) Y: Compacted:         -                  -                  -                95M (3%)     
[2026-06-26T13:31:13.909-0300][8.397s][9664][15316][info][gc,phases   ] GC(3) Y: Young Generation 928M(30%)->648M(21%) 0.145s
[2026-06-26T13:31:13.909-0300][8.397s][9664][15316][info][gc,phases   ] GC(3) O: Old Generation
[2026-06-26T13:31:13.910-0300][8.398s][9664][15316][info][gc,phases   ] GC(3) O: Concurrent Mark 0.340ms
[2026-06-26T13:31:13.910-0300][8.398s][9664][9396 ][info][gc,phases   ] GC(3) O: Pause Mark End 0.014ms
[2026-06-26T13:31:13.910-0300][8.398s][9664][15316][info][gc,phases   ] GC(3) O: Concurrent Mark Free 0.001ms
[2026-06-26T13:31:13.923-0300][8.412s][9664][15316][info][gc,phases   ] GC(3) O: Concurrent Process Non-Strong 14.050ms
[2026-06-26T13:31:13.923-0300][8.412s][9664][15316][info][gc,phases   ] GC(3) O: Concurrent Reset Relocation Set 0.001ms
[2026-06-26T13:31:13.924-0300][8.412s][9664][15316][info][gc,phases   ] GC(3) O: Concurrent Select Relocation Set 0.073ms
[2026-06-26T13:31:13.924-0300][8.412s][9664][15316][info][gc,task     ] GC(3) O: Using 3 Workers for Old Generation
[2026-06-26T13:31:13.926-0300][8.414s][9664][15316][info][gc,task     ] GC(3) O: Using 1 Workers for Old Generation
[2026-06-26T13:31:13.926-0300][8.414s][9664][15316][info][gc,phases   ] GC(3) O: Concurrent Remap Roots 2.170ms
[2026-06-26T13:31:13.926-0300][8.414s][9664][9396 ][info][gc,phases   ] GC(3) O: Pause Relocate Start 0.011ms
[2026-06-26T13:31:13.926-0300][8.414s][9664][15316][info][gc,phases   ] GC(3) O: Concurrent Relocate 0.036ms
[2026-06-26T13:31:13.926-0300][8.414s][9664][15316][info][gc,alloc    ] GC(3) O:                         Mark Start        Mark End      Relocate Start    Relocate End   
[2026-06-26T13:31:13.926-0300][8.414s][9664][15316][info][gc,alloc    ] GC(3) O: Allocation Stalls:          0                0                0                0         
[2026-06-26T13:31:13.926-0300][8.414s][9664][15316][info][gc,load     ] GC(3) O: Load: 0.00 (0%) / 0.00 (0%) / 0.00 (0%)
[2026-06-26T13:31:13.926-0300][8.414s][9664][15316][info][gc,mmu      ] GC(3) O: MMU: 2ms/98.8%, 5ms/99.5%, 10ms/99.6%, 20ms/99.7%, 50ms/99.9%, 100ms/99.9%
[2026-06-26T13:31:13.926-0300][8.414s][9664][15316][info][gc,marking  ] GC(3) O: Mark: 1 stripe(s), 1 proactive flush(es), 1 terminate flush(es), 0 completion(s), 0 continuation(s) 
[2026-06-26T13:31:13.926-0300][8.414s][9664][15316][info][gc,nmethod  ] GC(3) O: NMethods: 4944 registered, 320 unregistered
[2026-06-26T13:31:13.926-0300][8.414s][9664][15316][info][gc,metaspace] GC(3) O: Metaspace: 48M used, 49M committed, 1088M reserved
[2026-06-26T13:31:13.926-0300][8.414s][9664][15316][info][gc,ref      ] GC(3) O:                       Encountered   Discovered     Enqueued 
[2026-06-26T13:31:13.926-0300][8.414s][9664][15316][info][gc,ref      ] GC(3) O: Soft References:             4379            0            0 
[2026-06-26T13:31:13.926-0300][8.414s][9664][15316][info][gc,ref      ] GC(3) O: Weak References:            10339            0            0 
[2026-06-26T13:31:13.926-0300][8.414s][9664][15316][info][gc,ref      ] GC(3) O: Final References:               8            0            0 
[2026-06-26T13:31:13.926-0300][8.414s][9664][15316][info][gc,ref      ] GC(3) O: Phantom References:          7460            0            0 
[2026-06-26T13:31:13.926-0300][8.414s][9664][15316][info][gc,heap     ] GC(3) O: Min Capacity: 8M(0%)
[2026-06-26T13:31:13.926-0300][8.414s][9664][15316][info][gc,heap     ] GC(3) O: Max Capacity: 3072M(100%)
[2026-06-26T13:31:13.926-0300][8.414s][9664][15316][info][gc,heap     ] GC(3) O: Soft Max Capacity: 3072M(100%)
[2026-06-26T13:31:13.926-0300][8.414s][9664][15316][info][gc,heap     ] GC(3) O: Heap Statistics:
[2026-06-26T13:31:13.926-0300][8.414s][9664][15316][info][gc,heap     ] GC(3) O:                Mark Start          Mark End        Relocate Start      Relocate End           High               Low         
[2026-06-26T13:31:13.926-0300][8.414s][9664][15316][info][gc,heap     ] GC(3) O:  Capacity:      928M (30%)        1118M (36%)        1118M (36%)        1118M (36%)        1118M (36%)         928M (30%)    
[2026-06-26T13:31:13.926-0300][8.414s][9664][15316][info][gc,heap     ] GC(3) O:      Free:     2144M (70%)        2416M (79%)        2332M (76%)        2332M (76%)        2478M (81%)        1954M (64%)    
[2026-06-26T13:31:13.926-0300][8.414s][9664][15316][info][gc,heap     ] GC(3) O:      Used:      928M (30%)         656M (21%)         740M (24%)         740M (24%)        1118M (36%)         594M (19%)    
[2026-06-26T13:31:13.926-0300][8.415s][9664][15316][info][gc,heap     ] GC(3) O: Old Generation Statistics:
[2026-06-26T13:31:13.926-0300][8.415s][9664][15316][info][gc,heap     ] GC(3) O:                Mark Start          Mark End        Relocate Start      Relocate End    
[2026-06-26T13:31:13.926-0300][8.415s][9664][15316][info][gc,heap     ] GC(3) O:      Used:        0M (0%)           50M (2%)           50M (2%)           50M (2%)     
[2026-06-26T13:31:13.926-0300][8.415s][9664][15316][info][gc,heap     ] GC(3) O:      Live:         -                 0M (0%)            0M (0%)            0M (0%)     
[2026-06-26T13:31:13.926-0300][8.415s][9664][15316][info][gc,heap     ] GC(3) O:   Garbage:         -                 0M (0%)            0M (0%)            0M (0%)     
[2026-06-26T13:31:13.926-0300][8.415s][9664][15316][info][gc,heap     ] GC(3) O: Allocated:         -                50M (2%)           50M (2%)           50M (2%)     
[2026-06-26T13:31:13.926-0300][8.415s][9664][15316][info][gc,heap     ] GC(3) O: Reclaimed:         -                  -                 0M (0%)            0M (0%)     
[2026-06-26T13:31:13.926-0300][8.415s][9664][15316][info][gc,heap     ] GC(3) O: Compacted:         -                  -                  -                 0M (0%)     
[2026-06-26T13:31:13.926-0300][8.415s][9664][15316][info][gc,phases   ] GC(3) O: Old Generation 650M(21%)->740M(24%) 0.017s
[2026-06-26T13:31:13.926-0300][8.415s][9664][15316][info][gc          ] GC(3) Major Collection (Warmup) 928M(30%)->740M(24%) 0.162s
[2026-06-26T13:31:14.619-0300][9.106s][9664][15868][info][gc          ] GC(4) Minor Collection (Allocation Rate)
[2026-06-26T13:31:14.619-0300][9.106s][9664][15868][info][gc,task     ] GC(4) Using 2 Workers for Young Generation
[2026-06-26T13:31:14.619-0300][9.106s][9664][15868][info][gc,phases   ] GC(4) y: Young Generation
[2026-06-26T13:31:14.619-0300][9.106s][9664][9396 ][info][gc,phases   ] GC(4) y: Pause Mark Start 0.012ms
[2026-06-26T13:31:14.813-0300][9.301s][9664][15868][info][gc,phases   ] GC(4) y: Concurrent Mark 194.586ms
[2026-06-26T13:31:14.813-0300][9.301s][9664][9396 ][info][gc,phases   ] GC(4) y: Pause Mark End 0.014ms
[2026-06-26T13:31:14.813-0300][9.301s][9664][15868][info][gc,phases   ] GC(4) y: Concurrent Mark Free 0.004ms
[2026-06-26T13:31:14.813-0300][9.301s][9664][15868][info][gc,phases   ] GC(4) y: Concurrent Reset Relocation Set 0.028ms
[2026-06-26T13:31:14.813-0300][9.302s][9664][15868][info][gc,reloc    ] GC(4) y: Using tenuring threshold: 1 (Computed)
[2026-06-26T13:31:14.852-0300][9.340s][9664][15868][info][gc,phases   ] GC(4) y: Concurrent Select Relocation Set 38.868ms
[2026-06-26T13:31:14.852-0300][9.340s][9664][9396 ][info][gc,phases   ] GC(4) y: Pause Relocate Start 0.013ms
[2026-06-26T13:31:14.940-0300][9.427s][9664][15868][info][gc,phases   ] GC(4) y: Concurrent Relocate 87.163ms
[2026-06-26T13:31:14.940-0300][9.427s][9664][15868][info][gc,alloc    ] GC(4) y:                         Mark Start        Mark End      Relocate Start    Relocate End   
[2026-06-26T13:31:14.940-0300][9.427s][9664][15868][info][gc,alloc    ] GC(4) y: Allocation Stalls:          0                0                0                0         
[2026-06-26T13:31:14.940-0300][9.427s][9664][15868][info][gc,load     ] GC(4) y: Load: 0.00 (0%) / 0.00 (0%) / 0.00 (0%)
[2026-06-26T13:31:14.940-0300][9.427s][9664][15868][info][gc,mmu      ] GC(4) y: MMU: 2ms/98.8%, 5ms/99.5%, 10ms/99.6%, 20ms/99.7%, 50ms/99.9%, 100ms/99.9%
[2026-06-26T13:31:14.940-0300][9.428s][9664][15868][info][gc,marking  ] GC(4) y: Mark: 2 stripe(s), 3 proactive flush(es), 1 terminate flush(es), 0 completion(s), 0 continuation(s) 
[2026-06-26T13:31:14.940-0300][9.428s][9664][15868][info][gc,nmethod  ] GC(4) y: NMethods: 5158 registered, 320 unregistered
[2026-06-26T13:31:14.940-0300][9.428s][9664][15868][info][gc,metaspace] GC(4) y: Metaspace: 49M used, 49M committed, 1088M reserved
[2026-06-26T13:31:14.940-0300][9.428s][9664][15868][info][gc,reloc    ] GC(4) y:                        Candidates     Selected     In-Place         Size        Empty    Relocated 
[2026-06-26T13:31:14.940-0300][9.428s][9664][15868][info][gc,reloc    ] GC(4) y: Small Pages:                  674          286            0        1348M         576M          38M 
[2026-06-26T13:31:14.940-0300][9.428s][9664][15868][info][gc,reloc    ] GC(4) y: Medium Pages:                  19            3            0         608M         480M           9M 
[2026-06-26T13:31:14.940-0300][9.428s][9664][15868][info][gc,reloc    ] GC(4) y: Large Pages:                    1            0            0          12M           0M           0M 
[2026-06-26T13:31:14.940-0300][9.428s][9664][15868][info][gc,reloc    ] GC(4) y: Forwarding Usage: 12M
[2026-06-26T13:31:14.940-0300][9.428s][9664][15868][info][gc,reloc    ] GC(4) y: Age Table:
[2026-06-26T13:31:14.940-0300][9.428s][9664][15868][info][gc,reloc    ] GC(4) y:                    Live             Garbage             Small              Medium             Large        
[2026-06-26T13:31:14.940-0300][9.428s][9664][15868][info][gc,reloc    ] GC(4) y: Eden              55M (2%)         1658M (54%)        601 / 280           16 / 1              0 / 0        
[2026-06-26T13:31:14.940-0300][9.428s][9664][15868][info][gc,reloc    ] GC(4) y: Survivor 1        96M (3%)           37M (1%)          45 / 3              1 / 0              1 / 0        
[2026-06-26T13:31:14.940-0300][9.428s][9664][15868][info][gc,reloc    ] GC(4) y: Survivor 2        33M (1%)           26M (1%)          14 / 0              1 / 1              0 / 0        
[2026-06-26T13:31:14.940-0300][9.428s][9664][15868][info][gc,reloc    ] GC(4) y: Survivor 3        21M (1%)           38M (1%)          14 / 3              1 / 1              0 / 0        
[2026-06-26T13:31:14.940-0300][9.428s][9664][15868][info][gc,heap     ] GC(4) y: Min Capacity: 8M(0%)
[2026-06-26T13:31:14.940-0300][9.428s][9664][15868][info][gc,heap     ] GC(4) y: Max Capacity: 3072M(100%)
[2026-06-26T13:31:14.940-0300][9.428s][9664][15868][info][gc,heap     ] GC(4) y: Soft Max Capacity: 3072M(100%)
[2026-06-26T13:31:14.940-0300][9.428s][9664][15868][info][gc,heap     ] GC(4) y: Heap Statistics:
[2026-06-26T13:31:14.940-0300][9.428s][9664][15868][info][gc,heap     ] GC(4) y:                Mark Start          Mark End        Relocate Start      Relocate End           High               Low         
[2026-06-26T13:31:14.940-0300][9.428s][9664][15868][info][gc,heap     ] GC(4) y:  Capacity:     2018M (66%)        2518M (82%)        2518M (82%)        2518M (82%)        2518M (82%)        2018M (66%)    
[2026-06-26T13:31:14.940-0300][9.428s][9664][15868][info][gc,heap     ] GC(4) y:      Free:     1054M (34%)         554M (18%)        1232M (40%)        1804M (59%)        1812M (59%)         554M (18%)    
[2026-06-26T13:31:14.940-0300][9.428s][9664][15868][info][gc,heap     ] GC(4) y:      Used:     2018M (66%)        2518M (82%)        1840M (60%)        1268M (41%)        2518M (82%)        1260M (41%)    
[2026-06-26T13:31:14.940-0300][9.428s][9664][15868][info][gc,heap     ] GC(4) y: Young Generation Statistics:
[2026-06-26T13:31:14.940-0300][9.428s][9664][15868][info][gc,heap     ] GC(4) y:                Mark Start          Mark End        Relocate Start      Relocate End    
[2026-06-26T13:31:14.940-0300][9.428s][9664][15868][info][gc,heap     ] GC(4) y:      Used:     1968M (64%)        2468M (80%)        1644M (54%)        1034M (34%)    
[2026-06-26T13:31:14.940-0300][9.428s][9664][15868][info][gc,heap     ] GC(4) y:      Live:         -               206M (7%)           64M (2%)           55M (2%)     
[2026-06-26T13:31:14.940-0300][9.428s][9664][15868][info][gc,heap     ] GC(4) y:   Garbage:         -              1761M (57%)         701M (23%)           3M (0%)     
[2026-06-26T13:31:14.940-0300][9.428s][9664][15868][info][gc,heap     ] GC(4) y: Allocated:         -               500M (16%)         878M (29%)         975M (32%)    
[2026-06-26T13:31:14.940-0300][9.428s][9664][15868][info][gc,heap     ] GC(4) y: Reclaimed:         -                  -              1060M (35%)        1758M (57%)    
[2026-06-26T13:31:14.940-0300][9.428s][9664][15868][info][gc,heap     ] GC(4) y:  Promoted:         -                  -               141M (5%)          151M (5%)     
[2026-06-26T13:31:14.940-0300][9.428s][9664][15868][info][gc,heap     ] GC(4) y: Compacted:         -                  -                  -                50M (2%)     
[2026-06-26T13:31:14.940-0300][9.428s][9664][15868][info][gc,phases   ] GC(4) y: Young Generation 2018M(66%)->1268M(41%) 0.321s
[2026-06-26T13:31:14.940-0300][9.428s][9664][15868][info][gc          ] GC(4) Minor Collection (Allocation Rate) 2016M(66%)->1268M(41%) 0.322s
[2026-06-26T13:31:14.940-0300][9.428s][9664][15316][info][gc          ] GC(5) Major Collection (Allocation Rate)
[2026-06-26T13:31:14.940-0300][9.428s][9664][15316][info][gc,task     ] GC(5) Using 3 Workers for Young Generation
[2026-06-26T13:31:14.940-0300][9.428s][9664][15316][info][gc,task     ] GC(5) Using 1 Workers for Old Generation
[2026-06-26T13:31:14.940-0300][9.428s][9664][15316][info][gc,phases   ] GC(5) Y: Young Generation
[2026-06-26T13:31:14.940-0300][9.428s][9664][9396 ][info][gc,phases   ] GC(5) Y: Pause Mark Start (Major) 0.011ms
[2026-06-26T13:31:14.981-0300][9.469s][9664][15316][info][gc,phases   ] GC(5) Y: Concurrent Mark 41.019ms
[2026-06-26T13:31:14.981-0300][9.469s][9664][9396 ][info][gc,phases   ] GC(5) Y: Pause Mark End 0.011ms
[2026-06-26T13:31:14.981-0300][9.469s][9664][15316][info][gc,phases   ] GC(5) Y: Concurrent Mark Free 0.003ms
[2026-06-26T13:31:14.982-0300][9.469s][9664][15316][info][gc,phases   ] GC(5) Y: Concurrent Reset Relocation Set 0.161ms
[2026-06-26T13:31:14.982-0300][9.470s][9664][15316][info][gc,reloc    ] GC(5) Y: Using tenuring threshold: 1 (Computed)
[2026-06-26T13:31:14.991-0300][9.479s][9664][15316][info][gc,phases   ] GC(5) Y: Concurrent Select Relocation Set 9.810ms
[2026-06-26T13:31:14.992-0300][9.479s][9664][9396 ][info][gc,phases   ] GC(5) Y: Pause Relocate Start 0.010ms
[2026-06-26T13:31:15.008-0300][9.496s][9664][15316][info][gc,phases   ] GC(5) Y: Concurrent Relocate 16.742ms
[2026-06-26T13:31:15.008-0300][9.496s][9664][15316][info][gc,alloc    ] GC(5) Y:                         Mark Start        Mark End      Relocate Start    Relocate End   
[2026-06-26T13:31:15.008-0300][9.496s][9664][15316][info][gc,alloc    ] GC(5) Y: Allocation Stalls:          0                0                0                0         
[2026-06-26T13:31:15.008-0300][9.496s][9664][15316][info][gc,load     ] GC(5) Y: Load: 0.00 (0%) / 0.00 (0%) / 0.00 (0%)
[2026-06-26T13:31:15.008-0300][9.496s][9664][15316][info][gc,mmu      ] GC(5) Y: MMU: 2ms/98.8%, 5ms/99.5%, 10ms/99.6%, 20ms/99.7%, 50ms/99.9%, 100ms/99.9%
[2026-06-26T13:31:15.008-0300][9.496s][9664][15316][info][gc,marking  ] GC(5) Y: Mark: 2 stripe(s), 2 proactive flush(es), 1 terminate flush(es), 0 completion(s), 0 continuation(s) 
[2026-06-26T13:31:15.008-0300][9.496s][9664][15316][info][gc,nmethod  ] GC(5) Y: NMethods: 5181 registered, 320 unregistered
[2026-06-26T13:31:15.008-0300][9.496s][9664][15316][info][gc,metaspace] GC(5) Y: Metaspace: 49M used, 49M committed, 1088M reserved
[2026-06-26T13:31:15.008-0300][9.496s][9664][15316][info][gc,reloc    ] GC(5) Y:                        Candidates     Selected     In-Place         Size        Empty    Relocated 
[2026-06-26T13:31:15.008-0300][9.496s][9664][15316][info][gc,reloc    ] GC(5) Y: Small Pages:                  101           29            0         202M          84M           5M 
[2026-06-26T13:31:15.008-0300][9.496s][9664][15316][info][gc,reloc    ] GC(5) Y: Medium Pages:                  26            0            0         832M         832M           0M 
[2026-06-26T13:31:15.008-0300][9.496s][9664][15316][info][gc,reloc    ] GC(5) Y: Large Pages:                    0            0            0           0M           0M           0M 
[2026-06-26T13:31:15.008-0300][9.497s][9664][15316][info][gc,reloc    ] GC(5) Y: Forwarding Usage: 2M
[2026-06-26T13:31:15.008-0300][9.497s][9664][15316][info][gc,reloc    ] GC(5) Y: Age Table:
[2026-06-26T13:31:15.008-0300][9.497s][9664][15316][info][gc,reloc    ] GC(5) Y:                    Live             Garbage             Small              Medium             Large        
[2026-06-26T13:31:15.008-0300][9.497s][9664][15316][info][gc,reloc    ] GC(5) Y: Eden               4M (0%)          937M (31%)         71 / 26            25 / 0              0 / 0        
[2026-06-26T13:31:15.008-0300][9.497s][9664][15316][info][gc,reloc    ] GC(5) Y: Survivor 1        52M (2%)           39M (1%)          30 / 3              1 / 0              0 / 0        
[2026-06-26T13:31:15.008-0300][9.497s][9664][15316][info][gc,heap     ] GC(5) Y: Min Capacity: 8M(0%)
[2026-06-26T13:31:15.008-0300][9.497s][9664][15316][info][gc,heap     ] GC(5) Y: Max Capacity: 3072M(100%)
[2026-06-26T13:31:15.008-0300][9.497s][9664][15316][info][gc,heap     ] GC(5) Y: Soft Max Capacity: 3072M(100%)
[2026-06-26T13:31:15.008-0300][9.497s][9664][15316][info][gc,heap     ] GC(5) Y: Heap Statistics:
[2026-06-26T13:31:15.008-0300][9.497s][9664][15316][info][gc,heap     ] GC(5) Y:                Mark Start          Mark End        Relocate Start      Relocate End           High               Low         
[2026-06-26T13:31:15.008-0300][9.497s][9664][15316][info][gc,heap     ] GC(5) Y:  Capacity:     2518M (82%)        2518M (82%)        2518M (82%)        2518M (82%)        2518M (82%)        2518M (82%)    
[2026-06-26T13:31:15.008-0300][9.497s][9664][15316][info][gc,heap     ] GC(5) Y:      Free:     1804M (59%)        1798M (59%)        2712M (88%)        2760M (90%)        2762M (90%)        1798M (59%)    
[2026-06-26T13:31:15.008-0300][9.497s][9664][15316][info][gc,heap     ] GC(5) Y:      Used:     1268M (41%)        1274M (41%)         360M (12%)         312M (10%)        1274M (41%)         310M (10%)    
[2026-06-26T13:31:15.008-0300][9.497s][9664][15316][info][gc,heap     ] GC(5) Y: Young Generation Statistics:
[2026-06-26T13:31:15.008-0300][9.497s][9664][15316][info][gc,heap     ] GC(5) Y:                Mark Start          Mark End        Relocate Start      Relocate End    
[2026-06-26T13:31:15.008-0300][9.497s][9664][15316][info][gc,heap     ] GC(5) Y:      Used:     1034M (34%)        1040M (34%)          76M (2%)           20M (1%)     
[2026-06-26T13:31:15.008-0300][9.497s][9664][15316][info][gc,heap     ] GC(5) Y:      Live:         -                56M (2%)            8M (0%)            4M (0%)     
[2026-06-26T13:31:15.008-0300][9.497s][9664][15316][info][gc,heap     ] GC(5) Y:   Garbage:         -               977M (32%)          59M (2%)            0M (0%)     
[2026-06-26T13:31:15.008-0300][9.497s][9664][15316][info][gc,heap     ] GC(5) Y: Allocated:         -                 6M (0%)            8M (0%)           15M (1%)     
[2026-06-26T13:31:15.008-0300][9.497s][9664][15316][info][gc,heap     ] GC(5) Y: Reclaimed:         -                  -               917M (30%)         977M (32%)    
[2026-06-26T13:31:15.008-0300][9.497s][9664][15316][info][gc,heap     ] GC(5) Y:  Promoted:         -                  -                48M (2%)           52M (2%)     
[2026-06-26T13:31:15.008-0300][9.497s][9664][15316][info][gc,heap     ] GC(5) Y: Compacted:         -                  -                  -                 4M (0%)     
[2026-06-26T13:31:15.008-0300][9.497s][9664][15316][info][gc,phases   ] GC(5) Y: Young Generation 1268M(41%)->312M(10%) 0.068s
[2026-06-26T13:31:15.008-0300][9.497s][9664][15316][info][gc,phases   ] GC(5) O: Old Generation
[2026-06-26T13:31:15.238-0300][9.727s][9664][15316][info][gc,phases   ] GC(5) O: Concurrent Mark 229.933ms
[2026-06-26T13:31:15.238-0300][9.727s][9664][9396 ][info][gc,phases   ] GC(5) O: Pause Mark End 0.014ms
[2026-06-26T13:31:15.238-0300][9.727s][9664][15316][info][gc,phases   ] GC(5) O: Concurrent Mark Free 0.003ms
[2026-06-26T13:31:15.248-0300][9.737s][9664][15316][info][gc,phases   ] GC(5) O: Concurrent Process Non-Strong 9.653ms
[2026-06-26T13:31:15.248-0300][9.737s][9664][15316][info][gc,phases   ] GC(5) O: Concurrent Reset Relocation Set 0.000ms
[2026-06-26T13:31:15.249-0300][9.737s][9664][15316][info][gc,phases   ] GC(5) O: Concurrent Select Relocation Set 0.526ms
[2026-06-26T13:31:15.249-0300][9.737s][9664][15316][info][gc,task     ] GC(5) O: Using 3 Workers for Old Generation
[2026-06-26T13:31:15.253-0300][9.740s][9664][15316][info][gc,task     ] GC(5) O: Using 1 Workers for Old Generation
[2026-06-26T13:31:15.253-0300][9.740s][9664][15316][info][gc,phases   ] GC(5) O: Concurrent Remap Roots 3.062ms
[2026-06-26T13:31:15.253-0300][9.740s][9664][9396 ][info][gc,phases   ] GC(5) O: Pause Relocate Start 0.009ms
[2026-06-26T13:31:15.261-0300][9.749s][9664][15316][info][gc,phases   ] GC(5) O: Concurrent Relocate 8.269ms
[2026-06-26T13:31:15.261-0300][9.749s][9664][15316][info][gc,alloc    ] GC(5) O:                         Mark Start        Mark End      Relocate Start    Relocate End   
[2026-06-26T13:31:15.261-0300][9.749s][9664][15316][info][gc,alloc    ] GC(5) O: Allocation Stalls:          0                0                0                0         
[2026-06-26T13:31:15.261-0300][9.749s][9664][15316][info][gc,load     ] GC(5) O: Load: 0.00 (0%) / 0.00 (0%) / 0.00 (0%)
[2026-06-26T13:31:15.261-0300][9.749s][9664][15316][info][gc,mmu      ] GC(5) O: MMU: 2ms/98.8%, 5ms/99.5%, 10ms/99.6%, 20ms/99.7%, 50ms/99.9%, 100ms/99.9%
[2026-06-26T13:31:15.261-0300][9.749s][9664][15316][info][gc,marking  ] GC(5) O: Mark: 1 stripe(s), 2 proactive flush(es), 1 terminate flush(es), 0 completion(s), 0 continuation(s) 
[2026-06-26T13:31:15.261-0300][9.749s][9664][15316][info][gc,nmethod  ] GC(5) O: NMethods: 5137 registered, 427 unregistered
[2026-06-26T13:31:15.261-0300][9.749s][9664][15316][info][gc,metaspace] GC(5) O: Metaspace: 49M used, 49M committed, 1088M reserved
[2026-06-26T13:31:15.261-0300][9.749s][9664][15316][info][gc,ref      ] GC(5) O:                       Encountered   Discovered     Enqueued 
[2026-06-26T13:31:15.261-0300][9.749s][9664][15316][info][gc,ref      ] GC(5) O: Soft References:             4386            0            0 
[2026-06-26T13:31:15.261-0300][9.749s][9664][15316][info][gc,ref      ] GC(5) O: Weak References:            10351         9706         7781 
[2026-06-26T13:31:15.261-0300][9.749s][9664][15316][info][gc,ref      ] GC(5) O: Final References:               8            1            1 
[2026-06-26T13:31:15.261-0300][9.749s][9664][15316][info][gc,ref      ] GC(5) O: Phantom References:          7460         7452         1109 
[2026-06-26T13:31:15.261-0300][9.749s][9664][15316][info][gc,reloc    ] GC(5) O:                        Candidates     Selected     In-Place         Size        Empty    Relocated 
[2026-06-26T13:31:15.261-0300][9.749s][9664][15316][info][gc,reloc    ] GC(5) O: Small Pages:                   79            5            0         158M           0M           2M 
[2026-06-26T13:31:15.261-0300][9.749s][9664][15316][info][gc,reloc    ] GC(5) O: Medium Pages:                   2            1            0          64M           0M           6M 
[2026-06-26T13:31:15.261-0300][9.749s][9664][15316][info][gc,reloc    ] GC(5) O: Large Pages:                    1            0            0          12M           0M           0M 
[2026-06-26T13:31:15.261-0300][9.749s][9664][15316][info][gc,reloc    ] GC(5) O: Forwarding Usage: 2M
[2026-06-26T13:31:15.261-0300][9.749s][9664][15316][info][gc,heap     ] GC(5) O: Min Capacity: 8M(0%)
[2026-06-26T13:31:15.261-0300][9.749s][9664][15316][info][gc,heap     ] GC(5) O: Max Capacity: 3072M(100%)
[2026-06-26T13:31:15.261-0300][9.749s][9664][15316][info][gc,heap     ] GC(5) O: Soft Max Capacity: 3072M(100%)
[2026-06-26T13:31:15.261-0300][9.749s][9664][15316][info][gc,heap     ] GC(5) O: Heap Statistics:
[2026-06-26T13:31:15.261-0300][9.749s][9664][15316][info][gc,heap     ] GC(5) O:                Mark Start          Mark End        Relocate Start      Relocate End           High               Low         
[2026-06-26T13:31:15.261-0300][9.749s][9664][15316][info][gc,heap     ] GC(5) O:  Capacity:     2518M (82%)        2518M (82%)        2518M (82%)        2518M (82%)        2518M (82%)        2518M (82%)    
[2026-06-26T13:31:15.261-0300][9.749s][9664][15316][info][gc,heap     ] GC(5) O:      Free:     1804M (59%)        2728M (89%)        2722M (89%)        2726M (89%)        2762M (90%)        1798M (59%)    
[2026-06-26T13:31:15.261-0300][9.749s][9664][15316][info][gc,heap     ] GC(5) O:      Used:     1268M (41%)         344M (11%)         350M (11%)         346M (11%)        1274M (41%)         310M (10%)    
[2026-06-26T13:31:15.261-0300][9.749s][9664][15316][info][gc,heap     ] GC(5) O: Old Generation Statistics:
[2026-06-26T13:31:15.261-0300][9.749s][9664][15316][info][gc,heap     ] GC(5) O:                Mark Start          Mark End        Relocate Start      Relocate End    
[2026-06-26T13:31:15.261-0300][9.749s][9664][15316][info][gc,heap     ] GC(5) O:      Used:      234M (8%)          292M (10%)         292M (10%)         288M (9%)     
[2026-06-26T13:31:15.261-0300][9.749s][9664][15316][info][gc,heap     ] GC(5) O:      Live:         -               164M (5%)          164M (5%)          164M (5%)     
[2026-06-26T13:31:15.261-0300][9.749s][9664][15316][info][gc,heap     ] GC(5) O:   Garbage:         -                69M (2%)           69M (2%)            5M (0%)     
[2026-06-26T13:31:15.261-0300][9.749s][9664][15316][info][gc,heap     ] GC(5) O: Allocated:         -                58M (2%)           58M (2%)          118M (4%)     
[2026-06-26T13:31:15.261-0300][9.749s][9664][15316][info][gc,heap     ] GC(5) O: Reclaimed:         -                  -                 0M (0%)           64M (2%)     
[2026-06-26T13:31:15.261-0300][9.749s][9664][15316][info][gc,heap     ] GC(5) O: Compacted:         -                  -                  -                15M (1%)     
[2026-06-26T13:31:15.261-0300][9.749s][9664][15316][info][gc,phases   ] GC(5) O: Old Generation 312M(10%)->346M(11%) 0.252s
[2026-06-26T13:31:15.261-0300][9.749s][9664][15316][info][gc          ] GC(5) Major Collection (Allocation Rate) 1268M(41%)->346M(11%) 0.321s
[2026-06-26T13:31:15.785-0300][10.273s][9664][15868][info][gc          ] GC(6) Minor Collection (Allocation Rate)
[2026-06-26T13:31:15.785-0300][10.273s][9664][15868][info][gc,task     ] GC(6) Using 3 Workers for Young Generation
[2026-06-26T13:31:15.785-0300][10.273s][9664][15868][info][gc,phases   ] GC(6) y: Young Generation
[2026-06-26T13:31:15.785-0300][10.273s][9664][9396 ][info][gc,phases   ] GC(6) y: Pause Mark Start 0.011ms
[2026-06-26T13:31:15.802-0300][10.290s][9664][15868][info][gc,phases   ] GC(6) y: Concurrent Mark 16.593ms
[2026-06-26T13:31:15.802-0300][10.290s][9664][9396 ][info][gc,phases   ] GC(6) y: Pause Mark End 0.013ms
[2026-06-26T13:31:15.802-0300][10.290s][9664][15868][info][gc,phases   ] GC(6) y: Concurrent Mark Free 0.004ms
[2026-06-26T13:31:15.802-0300][10.290s][9664][15868][info][gc,phases   ] GC(6) y: Concurrent Reset Relocation Set 0.103ms
[2026-06-26T13:31:15.802-0300][10.290s][9664][15868][info][gc,reloc    ] GC(6) y: Using tenuring threshold: 2 (Computed)
[2026-06-26T13:31:15.803-0300][10.291s][9664][15868][info][gc,phases   ] GC(6) y: Concurrent Select Relocation Set 1.172ms
[2026-06-26T13:31:15.804-0300][10.291s][9664][9396 ][info][gc,phases   ] GC(6) y: Pause Relocate Start 0.006ms
[2026-06-26T13:31:15.808-0300][10.297s][9664][15868][info][gc,phases   ] GC(6) y: Concurrent Relocate 5.921ms
[2026-06-26T13:31:15.808-0300][10.297s][9664][15868][info][gc,alloc    ] GC(6) y:                         Mark Start        Mark End      Relocate Start    Relocate End   
[2026-06-26T13:31:15.810-0300][10.297s][9664][15868][info][gc,alloc    ] GC(6) y: Allocation Stalls:          0                0                0                0         
[2026-06-26T13:31:15.810-0300][10.297s][9664][15868][info][gc,load     ] GC(6) y: Load: 0.00 (0%) / 0.00 (0%) / 0.00 (0%)
[2026-06-26T13:31:15.810-0300][10.297s][9664][15868][info][gc,mmu      ] GC(6) y: MMU: 2ms/98.8%, 5ms/99.5%, 10ms/99.6%, 20ms/99.7%, 50ms/99.9%, 100ms/99.9%
[2026-06-26T13:31:15.810-0300][10.297s][9664][15868][info][gc,marking  ] GC(6) y: Mark: 2 stripe(s), 2 proactive flush(es), 1 terminate flush(es), 0 completion(s), 0 continuation(s) 
[2026-06-26T13:31:15.810-0300][10.297s][9664][15868][info][gc,nmethod  ] GC(6) y: NMethods: 5189 registered, 427 unregistered
[2026-06-26T13:31:15.810-0300][10.297s][9664][15868][info][gc,metaspace] GC(6) y: Metaspace: 49M used, 49M committed, 1088M reserved
[2026-06-26T13:31:15.810-0300][10.297s][9664][15868][info][gc,reloc    ] GC(6) y:                        Candidates     Selected     In-Place         Size        Empty    Relocated 
[2026-06-26T13:31:15.810-0300][10.297s][9664][15868][info][gc,reloc    ] GC(6) y: Small Pages:                   77           67            0         154M           2M           9M 
[2026-06-26T13:31:15.810-0300][10.297s][9664][15868][info][gc,reloc    ] GC(6) y: Medium Pages:                   0            0            0           0M           0M           0M 
[2026-06-26T13:31:15.810-0300][10.297s][9664][15868][info][gc,reloc    ] GC(6) y: Large Pages:                    0            0            0           0M           0M           0M 
[2026-06-26T13:31:15.810-0300][10.297s][9664][15868][info][gc,reloc    ] GC(6) y: Forwarding Usage: 4M
[2026-06-26T13:31:15.810-0300][10.297s][9664][15868][info][gc,reloc    ] GC(6) y: Age Table:
[2026-06-26T13:31:15.810-0300][10.297s][9664][15868][info][gc,reloc    ] GC(6) y:                    Live             Garbage             Small              Medium             Large        
[2026-06-26T13:31:15.810-0300][10.297s][9664][15868][info][gc,reloc    ] GC(6) y: Eden              10M (0%)          133M (4%)          72 / 66             0 / 0              0 / 0        
[2026-06-26T13:31:15.810-0300][10.297s][9664][15868][info][gc,reloc    ] GC(6) y: Survivor 1         4M (0%)            5M (0%)           5 / 1              0 / 0              0 / 0        
[2026-06-26T13:31:15.810-0300][10.297s][9664][15868][info][gc,heap     ] GC(6) y: Min Capacity: 8M(0%)
[2026-06-26T13:31:15.810-0300][10.297s][9664][15868][info][gc,heap     ] GC(6) y: Max Capacity: 3072M(100%)
[2026-06-26T13:31:15.810-0300][10.297s][9664][15868][info][gc,heap     ] GC(6) y: Soft Max Capacity: 3072M(100%)
[2026-06-26T13:31:15.810-0300][10.297s][9664][15868][info][gc,heap     ] GC(6) y: Heap Statistics:
[2026-06-26T13:31:15.810-0300][10.297s][9664][15868][info][gc,heap     ] GC(6) y:                Mark Start          Mark End        Relocate Start      Relocate End           High               Low         
[2026-06-26T13:31:15.810-0300][10.297s][9664][15868][info][gc,heap     ] GC(6) y:  Capacity:     2518M (82%)        2518M (82%)        2518M (82%)        2518M (82%)        2518M (82%)        2518M (82%)    
[2026-06-26T13:31:15.810-0300][10.297s][9664][15868][info][gc,heap     ] GC(6) y:      Free:     2630M (86%)        2626M (85%)        2628M (86%)        2756M (90%)        2756M (90%)        2618M (85%)    
[2026-06-26T13:31:15.810-0300][10.297s][9664][15868][info][gc,heap     ] GC(6) y:      Used:      442M (14%)         446M (15%)         444M (14%)         316M (10%)         454M (15%)         316M (10%)    
[2026-06-26T13:31:15.810-0300][10.297s][9664][15868][info][gc,heap     ] GC(6) y: Young Generation Statistics:
[2026-06-26T13:31:15.810-0300][10.297s][9664][15868][info][gc,heap     ] GC(6) y:                Mark Start          Mark End        Relocate Start      Relocate End    
[2026-06-26T13:31:15.810-0300][10.297s][9664][15868][info][gc,heap     ] GC(6) y:      Used:      154M (5%)          158M (5%)          156M (5%)           28M (1%)     
[2026-06-26T13:31:15.810-0300][10.297s][9664][15868][info][gc,heap     ] GC(6) y:      Live:         -                14M (0%)           14M (0%)           14M (0%)     
[2026-06-26T13:31:15.810-0300][10.297s][9664][15868][info][gc,heap     ] GC(6) y:   Garbage:         -               139M (5%)          137M (4%)            1M (0%)     
[2026-06-26T13:31:15.810-0300][10.297s][9664][15868][info][gc,heap     ] GC(6) y: Allocated:         -                 4M (0%)            4M (0%)           11M (0%)     
[2026-06-26T13:31:15.810-0300][10.297s][9664][15868][info][gc,heap     ] GC(6) y: Reclaimed:         -                  -                 2M (0%)          137M (4%)     
[2026-06-26T13:31:15.810-0300][10.297s][9664][15868][info][gc,heap     ] GC(6) y:  Promoted:         -                  -                 0M (0%)            0M (0%)     
[2026-06-26T13:31:15.810-0300][10.297s][9664][15868][info][gc,heap     ] GC(6) y: Compacted:         -                  -                  -                10M (0%)     
[2026-06-26T13:31:15.810-0300][10.297s][9664][15868][info][gc,phases   ] GC(6) y: Young Generation 442M(14%)->316M(10%) 0.024s
[2026-06-26T13:31:15.810-0300][10.297s][9664][15868][info][gc          ] GC(6) Minor Collection (Allocation Rate) 442M(14%)->316M(10%) 0.025s
[2026-06-26T13:31:21.225-0300][15.712s][9664][15868][info][gc          ] GC(7) Minor Collection (Allocation Rate)
[2026-06-26T13:31:21.225-0300][15.712s][9664][15868][info][gc,task     ] GC(7) Using 3 Workers for Young Generation
[2026-06-26T13:31:21.225-0300][15.712s][9664][15868][info][gc,phases   ] GC(7) y: Young Generation
[2026-06-26T13:31:21.225-0300][15.712s][9664][9396 ][info][gc,phases   ] GC(7) y: Pause Mark Start 0.009ms
[2026-06-26T13:31:21.370-0300][15.857s][9664][15868][info][gc,phases   ] GC(7) y: Concurrent Mark 144.975ms
[2026-06-26T13:31:21.370-0300][15.857s][9664][9396 ][info][gc,phases   ] GC(7) y: Pause Mark End 0.013ms
[2026-06-26T13:31:21.370-0300][15.857s][9664][15868][info][gc,phases   ] GC(7) y: Concurrent Mark Free 0.002ms
[2026-06-26T13:31:21.370-0300][15.857s][9664][15868][info][gc,phases   ] GC(7) y: Concurrent Reset Relocation Set 0.004ms
[2026-06-26T13:31:21.370-0300][15.858s][9664][15868][info][gc,reloc    ] GC(7) y: Using tenuring threshold: 3 (Computed)
[2026-06-26T13:31:21.384-0300][15.872s][9664][15868][info][gc,phases   ] GC(7) y: Concurrent Select Relocation Set 15.025ms
[2026-06-26T13:31:21.384-0300][15.873s][9664][9396 ][info][gc,phases   ] GC(7) y: Pause Relocate Start 0.010ms
[2026-06-26T13:31:21.458-0300][15.947s][9664][15868][info][gc,phases   ] GC(7) y: Concurrent Relocate 74.244ms
[2026-06-26T13:31:21.458-0300][15.947s][9664][15868][info][gc,alloc    ] GC(7) y:                         Mark Start        Mark End      Relocate Start    Relocate End   
[2026-06-26T13:31:21.458-0300][15.947s][9664][15868][info][gc,alloc    ] GC(7) y: Allocation Stalls:          0                0                0                0         
[2026-06-26T13:31:21.458-0300][15.947s][9664][15868][info][gc,load     ] GC(7) y: Load: 0.00 (0%) / 0.00 (0%) / 0.00 (0%)
[2026-06-26T13:31:21.458-0300][15.947s][9664][15868][info][gc,mmu      ] GC(7) y: MMU: 2ms/98.8%, 5ms/99.5%, 10ms/99.6%, 20ms/99.7%, 50ms/99.9%, 100ms/99.9%
[2026-06-26T13:31:21.458-0300][15.947s][9664][15868][info][gc,marking  ] GC(7) y: Mark: 2 stripe(s), 7 proactive flush(es), 1 terminate flush(es), 0 completion(s), 0 continuation(s) 
[2026-06-26T13:31:21.458-0300][15.947s][9664][15868][info][gc,nmethod  ] GC(7) y: NMethods: 7856 registered, 0 unregistered
[2026-06-26T13:31:21.458-0300][15.947s][9664][15868][info][gc,metaspace] GC(7) y: Metaspace: 52M used, 52M committed, 1088M reserved
[2026-06-26T13:31:21.458-0300][15.947s][9664][15868][info][gc,reloc    ] GC(7) y:                        Candidates     Selected     In-Place         Size        Empty    Relocated 
[2026-06-26T13:31:21.458-0300][15.947s][9664][15868][info][gc,reloc    ] GC(7) y: Small Pages:                  655          524            0        1310M          48M         133M 
[2026-06-26T13:31:21.458-0300][15.947s][9664][15868][info][gc,reloc    ] GC(7) y: Medium Pages:                   1            0            0          32M           0M           0M 
[2026-06-26T13:31:21.458-0300][15.947s][9664][15868][info][gc,reloc    ] GC(7) y: Large Pages:                    2            0            0          16M          16M           0M 
[2026-06-26T13:31:21.458-0300][15.947s][9664][15868][info][gc,reloc    ] GC(7) y: Forwarding Usage: 71M
[2026-06-26T13:31:21.458-0300][15.947s][9664][15868][info][gc,reloc    ] GC(7) y: Age Table:
[2026-06-26T13:31:21.458-0300][15.947s][9664][15868][info][gc,reloc    ] GC(7) y:                    Live             Garbage             Small              Medium             Large        
[2026-06-26T13:31:21.458-0300][15.947s][9664][15868][info][gc,reloc    ] GC(7) y: Eden             174M (6%)         1159M (38%)        643 / 521            1 / 0              2 / 0        
[2026-06-26T13:31:21.458-0300][15.947s][9664][15868][info][gc,reloc    ] GC(7) y: Survivor 1         9M (0%)            4M (0%)           7 / 2              0 / 0              0 / 0        
[2026-06-26T13:31:21.458-0300][15.947s][9664][15868][info][gc,reloc    ] GC(7) y: Survivor 2         4M (0%)            5M (0%)           5 / 1              0 / 0              0 / 0        
[2026-06-26T13:31:21.458-0300][15.947s][9664][15868][info][gc,heap     ] GC(7) y: Min Capacity: 8M(0%)
[2026-06-26T13:31:21.458-0300][15.947s][9664][15868][info][gc,heap     ] GC(7) y: Max Capacity: 3072M(100%)
[2026-06-26T13:31:21.458-0300][15.947s][9664][15868][info][gc,heap     ] GC(7) y: Soft Max Capacity: 3072M(100%)
[2026-06-26T13:31:21.458-0300][15.947s][9664][15868][info][gc,heap     ] GC(7) y: Heap Statistics:
[2026-06-26T13:31:21.458-0300][15.947s][9664][15868][info][gc,heap     ] GC(7) y:                Mark Start          Mark End        Relocate Start      Relocate End           High               Low         
[2026-06-26T13:31:21.460-0300][15.947s][9664][15868][info][gc,heap     ] GC(7) y:  Capacity:     2518M (82%)        2518M (82%)        2518M (82%)        2518M (82%)        2518M (82%)        2518M (82%)    
[2026-06-26T13:31:21.460-0300][15.947s][9664][15868][info][gc,heap     ] GC(7) y:      Free:     1426M (46%)        1394M (45%)        1424M (46%)        2472M (80%)        2472M (80%)        1394M (45%)    
[2026-06-26T13:31:21.460-0300][15.947s][9664][15868][info][gc,heap     ] GC(7) y:      Used:     1646M (54%)        1678M (55%)        1648M (54%)         600M (20%)        1678M (55%)         600M (20%)    
[2026-06-26T13:31:21.460-0300][15.947s][9664][15868][info][gc,heap     ] GC(7) y: Young Generation Statistics:
[2026-06-26T13:31:21.460-0300][15.947s][9664][15868][info][gc,heap     ] GC(7) y:                Mark Start          Mark End        Relocate Start      Relocate End    
[2026-06-26T13:31:21.460-0300][15.947s][9664][15868][info][gc,heap     ] GC(7) y:      Used:     1358M (44%)        1390M (45%)        1360M (44%)         312M (10%)    
[2026-06-26T13:31:21.460-0300][15.947s][9664][15868][info][gc,heap     ] GC(7) y:      Live:         -               187M (6%)          187M (6%)          187M (6%)     
[2026-06-26T13:31:21.460-0300][15.947s][9664][15868][info][gc,heap     ] GC(7) y:   Garbage:         -              1170M (38%)        1106M (36%)          33M (1%)     
[2026-06-26T13:31:21.460-0300][15.947s][9664][15868][info][gc,heap     ] GC(7) y: Allocated:         -                32M (1%)           66M (2%)           90M (3%)     
[2026-06-26T13:31:21.460-0300][15.947s][9664][15868][info][gc,heap     ] GC(7) y: Reclaimed:         -                  -                64M (2%)         1136M (37%)    
[2026-06-26T13:31:21.460-0300][15.947s][9664][15868][info][gc,heap     ] GC(7) y:  Promoted:         -                  -                 0M (0%)            0M (0%)     
[2026-06-26T13:31:21.460-0300][15.947s][9664][15868][info][gc,heap     ] GC(7) y: Compacted:         -                  -                  -               171M (6%)     
[2026-06-26T13:31:21.460-0300][15.947s][9664][15868][info][gc,phases   ] GC(7) y: Young Generation 1646M(54%)->600M(20%) 0.235s
[2026-06-26T13:31:21.460-0300][15.947s][9664][15868][info][gc          ] GC(7) Minor Collection (Allocation Rate) 1646M(54%)->600M(20%) 0.235s
[2026-06-26T13:31:21.460-0300][15.947s][9664][15868][info][gc          ] GC(8) Minor Collection (Allocation Rate)
[2026-06-26T13:31:21.460-0300][15.947s][9664][15868][info][gc,task     ] GC(8) Using 3 Workers for Young Generation
[2026-06-26T13:31:21.460-0300][15.947s][9664][15868][info][gc,phases   ] GC(8) y: Young Generation
[2026-06-26T13:31:21.460-0300][15.947s][9664][9396 ][info][gc,phases   ] GC(8) y: Pause Mark Start 0.012ms
[2026-06-26T13:31:21.650-0300][16.138s][9664][15868][info][gc,phases   ] GC(8) y: Concurrent Mark 190.508ms
[2026-06-26T13:31:21.650-0300][16.138s][9664][9396 ][info][gc,phases   ] GC(8) y: Pause Mark End 0.013ms
[2026-06-26T13:31:21.650-0300][16.138s][9664][15868][info][gc,phases   ] GC(8) y: Concurrent Mark Free 0.004ms
[2026-06-26T13:31:21.650-0300][16.138s][9664][15868][info][gc,phases   ] GC(8) y: Concurrent Reset Relocation Set 0.036ms
[2026-06-26T13:31:21.650-0300][16.138s][9664][15868][info][gc,reloc    ] GC(8) y: Using tenuring threshold: 1 (Computed)
[2026-06-26T13:31:21.690-0300][16.178s][9664][15868][info][gc,phases   ] GC(8) y: Concurrent Select Relocation Set 40.104ms
[2026-06-26T13:31:21.690-0300][16.178s][9664][9396 ][info][gc,phases   ] GC(8) y: Pause Relocate Start 0.011ms
[2026-06-26T13:31:21.755-0300][16.243s][9664][15868][info][gc,phases   ] GC(8) y: Concurrent Relocate 64.291ms
[2026-06-26T13:31:21.755-0300][16.243s][9664][15868][info][gc,alloc    ] GC(8) y:                         Mark Start        Mark End      Relocate Start    Relocate End   
[2026-06-26T13:31:21.755-0300][16.243s][9664][15868][info][gc,alloc    ] GC(8) y: Allocation Stalls:          0                0                0                0         
[2026-06-26T13:31:21.755-0300][16.243s][9664][15868][info][gc,load     ] GC(8) y: Load: 0.00 (0%) / 0.00 (0%) / 0.00 (0%)
[2026-06-26T13:31:21.755-0300][16.243s][9664][15868][info][gc,mmu      ] GC(8) y: MMU: 2ms/98.8%, 5ms/99.5%, 10ms/99.6%, 20ms/99.7%, 50ms/99.9%, 100ms/99.9%
[2026-06-26T13:31:21.755-0300][16.243s][9664][15868][info][gc,marking  ] GC(8) y: Mark: 2 stripe(s), 2 proactive flush(es), 1 terminate flush(es), 0 completion(s), 0 continuation(s) 
[2026-06-26T13:31:21.755-0300][16.243s][9664][15868][info][gc,nmethod  ] GC(8) y: NMethods: 7874 registered, 0 unregistered
[2026-06-26T13:31:21.755-0300][16.243s][9664][15868][info][gc,metaspace] GC(8) y: Metaspace: 52M used, 52M committed, 1088M reserved
[2026-06-26T13:31:21.755-0300][16.243s][9664][15868][info][gc,reloc    ] GC(8) y:                        Candidates     Selected     In-Place         Size        Empty    Relocated 
[2026-06-26T13:31:21.755-0300][16.243s][9664][15868][info][gc,reloc    ] GC(8) y: Small Pages:                  124           21            0         248M           0M           5M 
[2026-06-26T13:31:21.755-0300][16.243s][9664][15868][info][gc,reloc    ] GC(8) y: Medium Pages:                   2            1            0          64M           0M           1M 
[2026-06-26T13:31:21.755-0300][16.243s][9664][15868][info][gc,reloc    ] GC(8) y: Large Pages:                    0            0            0           0M           0M           0M 
[2026-06-26T13:31:21.755-0300][16.243s][9664][15868][info][gc,reloc    ] GC(8) y: Forwarding Usage: 2M
[2026-06-26T13:31:21.755-0300][16.243s][9664][15868][info][gc,reloc    ] GC(8) y: Age Table:
[2026-06-26T13:31:21.755-0300][16.243s][9664][15868][info][gc,reloc    ] GC(8) y:                    Live             Garbage             Small              Medium             Large        
[2026-06-26T13:31:21.755-0300][16.243s][9664][15868][info][gc,reloc    ] GC(8) y: Eden              13M (0%)           62M (2%)          22 / 15             1 / 0              0 / 0        
[2026-06-26T13:31:21.755-0300][16.243s][9664][15868][info][gc,reloc    ] GC(8) y: Survivor 1       174M (6%)           39M (1%)          91 / 2              1 / 1              0 / 0        
[2026-06-26T13:31:21.755-0300][16.243s][9664][15868][info][gc,reloc    ] GC(8) y: Survivor 2         9M (0%)            4M (0%)           7 / 3              0 / 0              0 / 0        
[2026-06-26T13:31:21.755-0300][16.243s][9664][15868][info][gc,reloc    ] GC(8) y: Survivor 3         4M (0%)            3M (0%)           4 / 1              0 / 0              0 / 0        
[2026-06-26T13:31:21.755-0300][16.243s][9664][15868][info][gc,heap     ] GC(8) y: Min Capacity: 8M(0%)
[2026-06-26T13:31:21.755-0300][16.243s][9664][15868][info][gc,heap     ] GC(8) y: Max Capacity: 3072M(100%)
[2026-06-26T13:31:21.755-0300][16.243s][9664][15868][info][gc,heap     ] GC(8) y: Soft Max Capacity: 3072M(100%)
[2026-06-26T13:31:21.755-0300][16.243s][9664][15868][info][gc,heap     ] GC(8) y: Heap Statistics:
[2026-06-26T13:31:21.755-0300][16.243s][9664][15868][info][gc,heap     ] GC(8) y:                Mark Start          Mark End        Relocate Start      Relocate End           High               Low         
[2026-06-26T13:31:21.755-0300][16.243s][9664][15868][info][gc,heap     ] GC(8) y:  Capacity:     2518M (82%)        2518M (82%)        2518M (82%)        2518M (82%)        2518M (82%)        2518M (82%)    
[2026-06-26T13:31:21.755-0300][16.243s][9664][15868][info][gc,heap     ] GC(8) y:      Free:     2472M (80%)        2468M (80%)        2468M (80%)        2470M (80%)        2506M (82%)        2402M (78%)    
[2026-06-26T13:31:21.755-0300][16.243s][9664][15868][info][gc,heap     ] GC(8) y:      Used:      600M (20%)         604M (20%)         604M (20%)         602M (20%)         670M (22%)         566M (18%)    
[2026-06-26T13:31:21.755-0300][16.243s][9664][15868][info][gc,heap     ] GC(8) y: Young Generation Statistics:
[2026-06-26T13:31:21.755-0300][16.243s][9664][15868][info][gc,heap     ] GC(8) y:                Mark Start          Mark End        Relocate Start      Relocate End    
[2026-06-26T13:31:21.755-0300][16.243s][9664][15868][info][gc,heap     ] GC(8) y:      Used:      312M (10%)         316M (10%)         128M (4%)           88M (3%)     
[2026-06-26T13:31:21.755-0300][16.243s][9664][15868][info][gc,heap     ] GC(8) y:      Live:         -               201M (7%)           17M (1%)           13M (0%)     
[2026-06-26T13:31:21.755-0300][16.243s][9664][15868][info][gc,heap     ] GC(8) y:   Garbage:         -               110M (4%)          106M (3%)            1M (0%)     
[2026-06-26T13:31:21.755-0300][16.243s][9664][15868][info][gc,heap     ] GC(8) y: Allocated:         -                 4M (0%)            4M (0%)           72M (2%)     
[2026-06-26T13:31:21.755-0300][16.243s][9664][15868][info][gc,heap     ] GC(8) y: Reclaimed:         -                  -                 4M (0%)          109M (4%)     
[2026-06-26T13:31:21.755-0300][16.243s][9664][15868][info][gc,heap     ] GC(8) y:  Promoted:         -                  -               183M (6%)          187M (6%)     
[2026-06-26T13:31:21.755-0300][16.243s][9664][15868][info][gc,heap     ] GC(8) y: Compacted:         -                  -                  -                 5M (0%)     
[2026-06-26T13:31:21.755-0300][16.243s][9664][15868][info][gc,phases   ] GC(8) y: Young Generation 600M(20%)->602M(20%) 0.295s
[2026-06-26T13:31:21.755-0300][16.243s][9664][15868][info][gc          ] GC(8) Minor Collection (Allocation Rate) 600M(20%)->602M(20%) 0.296s
[2026-06-26T13:31:24.559-0300][19.046s][9664][15316][info][gc          ] GC(9) Major Collection (Allocation Rate)
[2026-06-26T13:31:24.559-0300][19.046s][9664][15316][info][gc,task     ] GC(9) Using 3 Workers for Young Generation
[2026-06-26T13:31:24.559-0300][19.046s][9664][15316][info][gc,task     ] GC(9) Using 1 Workers for Old Generation
[2026-06-26T13:31:24.559-0300][19.046s][9664][15316][info][gc,phases   ] GC(9) Y: Young Generation
[2026-06-26T13:31:24.559-0300][19.046s][9664][9396 ][info][gc,phases   ] GC(9) Y: Pause Mark Start (Major) 0.011ms
[2026-06-26T13:31:24.588-0300][19.076s][9664][15316][info][gc,phases   ] GC(9) Y: Concurrent Mark 29.215ms
[2026-06-26T13:31:24.588-0300][19.076s][9664][9396 ][info][gc,phases   ] GC(9) Y: Pause Mark End 0.013ms
[2026-06-26T13:31:24.588-0300][19.076s][9664][15316][info][gc,phases   ] GC(9) Y: Concurrent Mark Free 0.005ms
[2026-06-26T13:31:24.588-0300][19.076s][9664][15316][info][gc,phases   ] GC(9) Y: Concurrent Reset Relocation Set 0.271ms
[2026-06-26T13:31:24.588-0300][19.076s][9664][15316][info][gc,reloc    ] GC(9) Y: Using tenuring threshold: 2 (Computed)
[2026-06-26T13:31:24.588-0300][19.076s][9664][15316][info][gc,phases   ] GC(9) Y: Concurrent Select Relocation Set 0.338ms
[2026-06-26T13:31:24.588-0300][19.077s][9664][9396 ][info][gc,phases   ] GC(9) Y: Pause Relocate Start 0.006ms
[2026-06-26T13:31:24.592-0300][19.080s][9664][15316][info][gc,phases   ] GC(9) Y: Concurrent Relocate 3.400ms
[2026-06-26T13:31:24.592-0300][19.080s][9664][15316][info][gc,alloc    ] GC(9) Y:                         Mark Start        Mark End      Relocate Start    Relocate End   
[2026-06-26T13:31:24.592-0300][19.080s][9664][15316][info][gc,alloc    ] GC(9) Y: Allocation Stalls:          0                0                0                0         
[2026-06-26T13:31:24.592-0300][19.080s][9664][15316][info][gc,load     ] GC(9) Y: Load: 0.00 (0%) / 0.00 (0%) / 0.00 (0%)
[2026-06-26T13:31:24.592-0300][19.080s][9664][15316][info][gc,mmu      ] GC(9) Y: MMU: 2ms/98.8%, 5ms/99.5%, 10ms/99.6%, 20ms/99.7%, 50ms/99.9%, 100ms/99.9%
[2026-06-26T13:31:24.592-0300][19.080s][9664][15316][info][gc,marking  ] GC(9) Y: Mark: 2 stripe(s), 2 proactive flush(es), 1 terminate flush(es), 0 completion(s), 0 continuation(s) 
[2026-06-26T13:31:24.592-0300][19.080s][9664][15316][info][gc,nmethod  ] GC(9) Y: NMethods: 8590 registered, 0 unregistered
[2026-06-26T13:31:24.592-0300][19.080s][9664][15316][info][gc,metaspace] GC(9) Y: Metaspace: 52M used, 53M committed, 1088M reserved
[2026-06-26T13:31:24.592-0300][19.080s][9664][15316][info][gc,reloc    ] GC(9) Y:                        Candidates     Selected     In-Place         Size        Empty    Relocated 
[2026-06-26T13:31:24.592-0300][19.080s][9664][15316][info][gc,reloc    ] GC(9) Y: Small Pages:                   45           31            0          90M           0M           4M 
[2026-06-26T13:31:24.592-0300][19.080s][9664][15316][info][gc,reloc    ] GC(9) Y: Medium Pages:                   2            1            0          64M           0M           1M 
[2026-06-26T13:31:24.592-0300][19.080s][9664][15316][info][gc,reloc    ] GC(9) Y: Large Pages:                    0            0            0           0M           0M           0M 
[2026-06-26T13:31:24.592-0300][19.080s][9664][15316][info][gc,reloc    ] GC(9) Y: Forwarding Usage: 1M
[2026-06-26T13:31:24.592-0300][19.080s][9664][15316][info][gc,reloc    ] GC(9) Y: Age Table:
[2026-06-26T13:31:24.592-0300][19.080s][9664][15316][info][gc,reloc    ] GC(9) Y:                    Live             Garbage             Small              Medium             Large        
[2026-06-26T13:31:24.592-0300][19.080s][9664][15316][info][gc,reloc    ] GC(9) Y: Eden              12M (0%)           93M (3%)          37 / 29             1 / 0              0 / 0        
[2026-06-26T13:31:24.592-0300][19.080s][9664][15316][info][gc,reloc    ] GC(9) Y: Survivor 1        13M (0%)           34M (1%)           8 / 2              1 / 1              0 / 0        
[2026-06-26T13:31:24.592-0300][19.080s][9664][15316][info][gc,heap     ] GC(9) Y: Min Capacity: 8M(0%)
[2026-06-26T13:31:24.592-0300][19.080s][9664][15316][info][gc,heap     ] GC(9) Y: Max Capacity: 3072M(100%)
[2026-06-26T13:31:24.592-0300][19.080s][9664][15316][info][gc,heap     ] GC(9) Y: Soft Max Capacity: 3072M(100%)
[2026-06-26T13:31:24.592-0300][19.080s][9664][15316][info][gc,heap     ] GC(9) Y: Heap Statistics:
[2026-06-26T13:31:24.592-0300][19.080s][9664][15316][info][gc,heap     ] GC(9) Y:                Mark Start          Mark End        Relocate Start      Relocate End           High               Low         
[2026-06-26T13:31:24.592-0300][19.080s][9664][15316][info][gc,heap     ] GC(9) Y:  Capacity:     2518M (82%)        2518M (82%)        2518M (82%)        2518M (82%)        2518M (82%)        2518M (82%)    
[2026-06-26T13:31:24.592-0300][19.080s][9664][15316][info][gc,heap     ] GC(9) Y:      Free:     2404M (78%)        2394M (78%)        2394M (78%)        2438M (79%)        2438M (79%)        2324M (76%)    
[2026-06-26T13:31:24.592-0300][19.080s][9664][15316][info][gc,heap     ] GC(9) Y:      Used:      668M (22%)         678M (22%)         678M (22%)         634M (21%)         748M (24%)         634M (21%)    
[2026-06-26T13:31:24.592-0300][19.080s][9664][15316][info][gc,heap     ] GC(9) Y: Young Generation Statistics:
[2026-06-26T13:31:24.592-0300][19.080s][9664][15316][info][gc,heap     ] GC(9) Y:                Mark Start          Mark End        Relocate Start      Relocate End    
[2026-06-26T13:31:24.592-0300][19.080s][9664][15316][info][gc,heap     ] GC(9) Y:      Used:      154M (5%)          164M (5%)          164M (5%)          120M (4%)     
[2026-06-26T13:31:24.592-0300][19.080s][9664][15316][info][gc,heap     ] GC(9) Y:      Live:         -                25M (1%)           25M (1%)           25M (1%)     
[2026-06-26T13:31:24.592-0300][19.080s][9664][15316][info][gc,heap     ] GC(9) Y:   Garbage:         -               128M (4%)          128M (4%)            2M (0%)     
[2026-06-26T13:31:24.592-0300][19.080s][9664][15316][info][gc,heap     ] GC(9) Y: Allocated:         -                10M (0%)           10M (0%)           91M (3%)     
[2026-06-26T13:31:24.592-0300][19.080s][9664][15316][info][gc,heap     ] GC(9) Y: Reclaimed:         -                  -                 0M (0%)          125M (4%)     
[2026-06-26T13:31:24.592-0300][19.080s][9664][15316][info][gc,heap     ] GC(9) Y:  Promoted:         -                  -                 0M (0%)            0M (0%)     
[2026-06-26T13:31:24.592-0300][19.080s][9664][15316][info][gc,heap     ] GC(9) Y: Compacted:         -                  -                  -                 6M (0%)     
[2026-06-26T13:31:24.592-0300][19.080s][9664][15316][info][gc,phases   ] GC(9) Y: Young Generation 668M(22%)->634M(21%) 0.034s
[2026-06-26T13:31:24.592-0300][19.081s][9664][15316][info][gc,phases   ] GC(9) O: Old Generation
[2026-06-26T13:31:24.728-0300][19.217s][9664][12364][info][gc,task     ] Adjusting Workers for Old Generation: 1 -> 2
[2026-06-26T13:31:24.728-0300][19.217s][9664][15868][info][gc          ] GC(10) Minor Collection (Allocation Rate)
[2026-06-26T13:31:24.728-0300][19.217s][9664][15868][info][gc,task     ] GC(10) Using 1 Workers for Young Generation
[2026-06-26T13:31:24.728-0300][19.217s][9664][15868][info][gc,phases   ] GC(10) y: Young Generation
[2026-06-26T13:31:24.728-0300][19.217s][9664][9396 ][info][gc,phases   ] GC(10) y: Pause Mark Start 0.009ms
[2026-06-26T13:31:24.796-0300][19.285s][9664][15868][info][gc,phases   ] GC(10) y: Concurrent Mark 67.680ms
[2026-06-26T13:31:24.796-0300][19.285s][9664][9396 ][info][gc,phases   ] GC(10) y: Pause Mark End 0.012ms
[2026-06-26T13:31:24.796-0300][19.285s][9664][15868][info][gc,phases   ] GC(10) y: Concurrent Mark Free 0.002ms
[2026-06-26T13:31:24.796-0300][19.285s][9664][15868][info][gc,phases   ] GC(10) y: Concurrent Reset Relocation Set 0.003ms
[2026-06-26T13:31:24.796-0300][19.285s][9664][15868][info][gc,reloc    ] GC(10) y: Using tenuring threshold: 2 (Computed)
[2026-06-26T13:31:24.805-0300][19.293s][9664][15868][info][gc,phases   ] GC(10) y: Concurrent Select Relocation Set 8.495ms
[2026-06-26T13:31:24.805-0300][19.293s][9664][9396 ][info][gc,phases   ] GC(10) y: Pause Relocate Start 0.008ms
[2026-06-26T13:31:24.831-0300][19.318s][9664][15868][info][gc,phases   ] GC(10) y: Concurrent Relocate 25.049ms
[2026-06-26T13:31:24.831-0300][19.319s][9664][15868][info][gc,alloc    ] GC(10) y:                         Mark Start        Mark End      Relocate Start    Relocate End   
[2026-06-26T13:31:24.831-0300][19.319s][9664][15868][info][gc,alloc    ] GC(10) y: Allocation Stalls:          0                0                0                0         
[2026-06-26T13:31:24.831-0300][19.319s][9664][15868][info][gc,load     ] GC(10) y: Load: 0.00 (0%) / 0.00 (0%) / 0.00 (0%)
[2026-06-26T13:31:24.831-0300][19.319s][9664][15868][info][gc,mmu      ] GC(10) y: MMU: 2ms/98.8%, 5ms/99.5%, 10ms/99.6%, 20ms/99.7%, 50ms/99.9%, 100ms/99.9%
[2026-06-26T13:31:24.831-0300][19.319s][9664][15868][info][gc,marking  ] GC(10) y: Mark: 1 stripe(s), 2 proactive flush(es), 1 terminate flush(es), 0 completion(s), 0 continuation(s) 
[2026-06-26T13:31:24.831-0300][19.319s][9664][15868][info][gc,nmethod  ] GC(10) y: NMethods: 8861 registered, 0 unregistered
[2026-06-26T13:31:24.831-0300][19.319s][9664][15868][info][gc,metaspace] GC(10) y: Metaspace: 53M used, 54M committed, 1088M reserved
[2026-06-26T13:31:24.831-0300][19.319s][9664][15868][info][gc,reloc    ] GC(10) y:                        Candidates     Selected     In-Place         Size        Empty    Relocated 
[2026-06-26T13:31:24.831-0300][19.319s][9664][15868][info][gc,reloc    ] GC(10) y: Small Pages:                   40           21            0          80M           0M           6M 
[2026-06-26T13:31:24.831-0300][19.319s][9664][15868][info][gc,reloc    ] GC(10) y: Medium Pages:                   3            2            0          96M           0M           1M 
[2026-06-26T13:31:24.831-0300][19.319s][9664][15868][info][gc,reloc    ] GC(10) y: Large Pages:                    0            0            0           0M           0M           0M 
[2026-06-26T13:31:24.831-0300][19.319s][9664][15868][info][gc,reloc    ] GC(10) y: Forwarding Usage: 5M
[2026-06-26T13:31:24.831-0300][19.319s][9664][15868][info][gc,reloc    ] GC(10) y: Age Table:
[2026-06-26T13:31:24.831-0300][19.319s][9664][15868][info][gc,reloc    ] GC(10) y:                    Live             Garbage             Small              Medium             Large        
[2026-06-26T13:31:24.831-0300][19.319s][9664][15868][info][gc,reloc    ] GC(10) y: Eden               7M (0%)           62M (2%)          19 / 15             1 / 1              0 / 0        
[2026-06-26T13:31:24.831-0300][19.319s][9664][15868][info][gc,reloc    ] GC(10) y: Survivor 1        12M (0%)           45M (1%)          13 / 4              1 / 0              0 / 0        
[2026-06-26T13:31:24.831-0300][19.319s][9664][15868][info][gc,reloc    ] GC(10) y: Survivor 2        13M (0%)           34M (1%)           8 / 2              1 / 1              0 / 0        
[2026-06-26T13:31:24.831-0300][19.319s][9664][15868][info][gc,heap     ] GC(10) y: Min Capacity: 8M(0%)
[2026-06-26T13:31:24.831-0300][19.319s][9664][15868][info][gc,heap     ] GC(10) y: Max Capacity: 3072M(100%)
[2026-06-26T13:31:24.831-0300][19.319s][9664][15868][info][gc,heap     ] GC(10) y: Soft Max Capacity: 3072M(100%)
[2026-06-26T13:31:24.831-0300][19.319s][9664][15868][info][gc,heap     ] GC(10) y: Heap Statistics:
[2026-06-26T13:31:24.831-0300][19.319s][9664][15868][info][gc,heap     ] GC(10) y:                Mark Start          Mark End        Relocate Start      Relocate End           High               Low         
[2026-06-26T13:31:24.831-0300][19.319s][9664][15868][info][gc,heap     ] GC(10) y:  Capacity:     2518M (82%)        2518M (82%)        2518M (82%)        2518M (82%)        2518M (82%)        2518M (82%)    
[2026-06-26T13:31:24.831-0300][19.319s][9664][15868][info][gc,heap     ] GC(10) y:      Free:     2382M (78%)        2322M (76%)        2322M (76%)        2360M (77%)        2382M (78%)        2288M (74%)    
[2026-06-26T13:31:24.831-0300][19.319s][9664][15868][info][gc,heap     ] GC(10) y:      Used:      690M (22%)         750M (24%)         750M (24%)         712M (23%)         784M (26%)         690M (22%)    
[2026-06-26T13:31:24.831-0300][19.319s][9664][15868][info][gc,heap     ] GC(10) y: Young Generation Statistics:
[2026-06-26T13:31:24.831-0300][19.319s][9664][15868][info][gc,heap     ] GC(10) y:                Mark Start          Mark End        Relocate Start      Relocate End    
[2026-06-26T13:31:24.831-0300][19.319s][9664][15868][info][gc,heap     ] GC(10) y:      Used:      176M (6%)          236M (8%)          224M (7%)          152M (5%)     
[2026-06-26T13:31:24.831-0300][19.319s][9664][15868][info][gc,heap     ] GC(10) y:      Live:         -                33M (1%)           22M (1%)           20M (1%)     
[2026-06-26T13:31:24.831-0300][19.319s][9664][15868][info][gc,heap     ] GC(10) y:   Garbage:         -               142M (5%)          141M (5%)            3M (0%)     
[2026-06-26T13:31:24.831-0300][19.319s][9664][15868][info][gc,heap     ] GC(10) y: Allocated:         -                60M (2%)           60M (2%)          128M (4%)     
[2026-06-26T13:31:24.831-0300][19.319s][9664][15868][info][gc,heap     ] GC(10) y: Reclaimed:         -                  -                 0M (0%)          138M (5%)     
[2026-06-26T13:31:24.831-0300][19.319s][9664][15868][info][gc,heap     ] GC(10) y:  Promoted:         -                  -                11M (0%)           13M (0%)     
[2026-06-26T13:31:24.831-0300][19.319s][9664][15868][info][gc,heap     ] GC(10) y: Compacted:         -                  -                  -                 9M (0%)     
[2026-06-26T13:31:24.831-0300][19.319s][9664][15868][info][gc,phases   ] GC(10) y: Young Generation 690M(22%)->712M(23%) 0.102s
[2026-06-26T13:31:24.832-0300][19.319s][9664][15868][info][gc          ] GC(10) Minor Collection (Allocation Rate) 690M(22%)->712M(23%) 0.102s
[2026-06-26T13:31:25.023-0300][19.511s][9664][15316][info][gc,phases   ] GC(9) O: Concurrent Mark 430.041ms
[2026-06-26T13:31:25.023-0300][19.511s][9664][9396 ][info][gc,phases   ] GC(9) O: Pause Mark End 0.012ms
[2026-06-26T13:31:25.023-0300][19.511s][9664][15316][info][gc,phases   ] GC(9) O: Concurrent Mark Free 0.001ms
[2026-06-26T13:31:25.036-0300][19.524s][9664][15316][info][gc,phases   ] GC(9) O: Concurrent Process Non-Strong 13.132ms
[2026-06-26T13:31:25.036-0300][19.524s][9664][15316][info][gc,phases   ] GC(9) O: Concurrent Reset Relocation Set 0.002ms
[2026-06-26T13:31:25.037-0300][19.525s][9664][15316][info][gc,phases   ] GC(9) O: Concurrent Select Relocation Set 1.222ms
[2026-06-26T13:31:25.037-0300][19.525s][9664][15316][info][gc,task     ] GC(9) O: Using 3 Workers for Old Generation
[2026-06-26T13:31:25.041-0300][19.529s][9664][15316][info][gc,task     ] GC(9) O: Using 2 Workers for Old Generation
[2026-06-26T13:31:25.041-0300][19.529s][9664][15316][info][gc,phases   ] GC(9) O: Concurrent Remap Roots 3.958ms
[2026-06-26T13:31:25.041-0300][19.529s][9664][9396 ][info][gc,phases   ] GC(9) O: Pause Relocate Start 0.009ms
[2026-06-26T13:31:25.053-0300][19.541s][9664][15316][info][gc,phases   ] GC(9) O: Concurrent Relocate 11.580ms
[2026-06-26T13:31:25.053-0300][19.541s][9664][15316][info][gc,alloc    ] GC(9) O:                         Mark Start        Mark End      Relocate Start    Relocate End   
[2026-06-26T13:31:25.053-0300][19.541s][9664][15316][info][gc,alloc    ] GC(9) O: Allocation Stalls:          0                0                0                0         
[2026-06-26T13:31:25.053-0300][19.541s][9664][15316][info][gc,load     ] GC(9) O: Load: 0.00 (0%) / 0.00 (0%) / 0.00 (0%)
[2026-06-26T13:31:25.053-0300][19.541s][9664][15316][info][gc,mmu      ] GC(9) O: MMU: 2ms/98.8%, 5ms/99.5%, 10ms/99.6%, 20ms/99.7%, 50ms/99.9%, 100ms/99.9%
[2026-06-26T13:31:25.053-0300][19.541s][9664][15316][info][gc,marking  ] GC(9) O: Mark: 1 stripe(s), 2 proactive flush(es), 1 terminate flush(es), 0 completion(s), 0 continuation(s) 
[2026-06-26T13:31:25.053-0300][19.541s][9664][15316][info][gc,nmethod  ] GC(9) O: NMethods: 7861 registered, 1095 unregistered
[2026-06-26T13:31:25.053-0300][19.541s][9664][15316][info][gc,metaspace] GC(9) O: Metaspace: 55M used, 55M committed, 1088M reserved
[2026-06-26T13:31:25.053-0300][19.541s][9664][15316][info][gc,ref      ] GC(9) O:                       Encountered   Discovered     Enqueued 
[2026-06-26T13:31:25.053-0300][19.541s][9664][15316][info][gc,ref      ] GC(9) O: Soft References:             4584            0            0 
[2026-06-26T13:31:25.053-0300][19.541s][9664][15316][info][gc,ref      ] GC(9) O: Weak References:             3404         2331          140 
[2026-06-26T13:31:25.053-0300][19.541s][9664][15316][info][gc,ref      ] GC(9) O: Final References:              19            7            7 
[2026-06-26T13:31:25.053-0300][19.541s][9664][15316][info][gc,ref      ] GC(9) O: Phantom References:         11896         6342            8 
[2026-06-26T13:31:25.053-0300][19.541s][9664][15316][info][gc,reloc    ] GC(9) O:                        Candidates     Selected     In-Place         Size        Empty    Relocated 
[2026-06-26T13:31:25.053-0300][19.541s][9664][15316][info][gc,reloc    ] GC(9) O: Small Pages:                  203            9            0         406M           0M           6M 
[2026-06-26T13:31:25.053-0300][19.541s][9664][15316][info][gc,reloc    ] GC(9) O: Medium Pages:                   3            2            0          96M           0M           9M 
[2026-06-26T13:31:25.053-0300][19.541s][9664][15316][info][gc,reloc    ] GC(9) O: Large Pages:                    1            0            0          12M           0M           0M 
[2026-06-26T13:31:25.053-0300][19.541s][9664][15316][info][gc,reloc    ] GC(9) O: Forwarding Usage: 6M
[2026-06-26T13:31:25.053-0300][19.541s][9664][15316][info][gc,heap     ] GC(9) O: Min Capacity: 8M(0%)
[2026-06-26T13:31:25.053-0300][19.541s][9664][15316][info][gc,heap     ] GC(9) O: Max Capacity: 3072M(100%)
[2026-06-26T13:31:25.053-0300][19.541s][9664][15316][info][gc,heap     ] GC(9) O: Soft Max Capacity: 3072M(100%)
[2026-06-26T13:31:25.053-0300][19.541s][9664][15316][info][gc,heap     ] GC(9) O: Heap Statistics:
[2026-06-26T13:31:25.053-0300][19.541s][9664][15316][info][gc,heap     ] GC(9) O:                Mark Start          Mark End        Relocate Start      Relocate End           High               Low         
[2026-06-26T13:31:25.053-0300][19.541s][9664][15316][info][gc,heap     ] GC(9) O:  Capacity:     2518M (82%)        2518M (82%)        2518M (82%)        2518M (82%)        2518M (82%)        2518M (82%)    
[2026-06-26T13:31:25.053-0300][19.541s][9664][15316][info][gc,heap     ] GC(9) O:      Free:     2404M (78%)        2350M (76%)        2348M (76%)        2422M (79%)        2438M (79%)        2288M (74%)    
[2026-06-26T13:31:25.053-0300][19.541s][9664][15316][info][gc,heap     ] GC(9) O:      Used:      668M (22%)         722M (24%)         724M (24%)         650M (21%)         784M (26%)         634M (21%)    
[2026-06-26T13:31:25.053-0300][19.541s][9664][15316][info][gc,heap     ] GC(9) O: Old Generation Statistics:
[2026-06-26T13:31:25.053-0300][19.541s][9664][15316][info][gc,heap     ] GC(9) O:                Mark Start          Mark End        Relocate Start      Relocate End    
[2026-06-26T13:31:25.053-0300][19.541s][9664][15316][info][gc,heap     ] GC(9) O:      Used:      514M (17%)         560M (18%)         560M (18%)         486M (16%)    
[2026-06-26T13:31:25.053-0300][19.541s][9664][15316][info][gc,heap     ] GC(9) O:      Live:         -               399M (13%)         399M (13%)         399M (13%)    
[2026-06-26T13:31:25.053-0300][19.541s][9664][15316][info][gc,heap     ] GC(9) O:   Garbage:         -               114M (4%)          114M (4%)            8M (0%)     
[2026-06-26T13:31:25.053-0300][19.541s][9664][15316][info][gc,heap     ] GC(9) O: Allocated:         -                46M (1%)           46M (1%)           78M (3%)     
[2026-06-26T13:31:25.053-0300][19.541s][9664][15316][info][gc,heap     ] GC(9) O: Reclaimed:         -                  -                 0M (0%)          106M (3%)     
[2026-06-26T13:31:25.053-0300][19.541s][9664][15316][info][gc,heap     ] GC(9) O: Compacted:         -                  -                  -                29M (1%)     
[2026-06-26T13:31:25.053-0300][19.541s][9664][15316][info][gc,phases   ] GC(9) O: Old Generation 634M(21%)->650M(21%) 0.460s
[2026-06-26T13:31:25.053-0300][19.541s][9664][15316][info][gc          ] GC(9) Major Collection (Allocation Rate) 668M(22%)->650M(21%) 0.495s
[2026-06-26T13:31:29.663-0300][24.151s][9664][15868][info][gc          ] GC(11) Minor Collection (Allocation Rate)
[2026-06-26T13:31:29.663-0300][24.151s][9664][15868][info][gc,task     ] GC(11) Using 3 Workers for Young Generation
[2026-06-26T13:31:29.663-0300][24.151s][9664][15868][info][gc,phases   ] GC(11) y: Young Generation
[2026-06-26T13:31:29.663-0300][24.151s][9664][9396 ][info][gc,phases   ] GC(11) y: Pause Mark Start 0.008ms
[2026-06-26T13:31:29.713-0300][24.201s][9664][15868][info][gc,phases   ] GC(11) y: Concurrent Mark 50.283ms
[2026-06-26T13:31:29.713-0300][24.201s][9664][9396 ][info][gc,phases   ] GC(11) y: Pause Mark End 0.013ms
[2026-06-26T13:31:29.713-0300][24.201s][9664][15868][info][gc,phases   ] GC(11) y: Concurrent Mark Free 0.003ms
[2026-06-26T13:31:29.713-0300][24.201s][9664][15868][info][gc,phases   ] GC(11) y: Concurrent Reset Relocation Set 0.017ms
[2026-06-26T13:31:29.714-0300][24.201s][9664][15868][info][gc,reloc    ] GC(11) y: Using tenuring threshold: 3 (Computed)
[2026-06-26T13:31:29.716-0300][24.204s][9664][15868][info][gc,phases   ] GC(11) y: Concurrent Select Relocation Set 2.784ms
[2026-06-26T13:31:29.716-0300][24.204s][9664][9396 ][info][gc,phases   ] GC(11) y: Pause Relocate Start 0.008ms
[2026-06-26T13:31:29.730-0300][24.219s][9664][15868][info][gc,phases   ] GC(11) y: Concurrent Relocate 14.374ms
[2026-06-26T13:31:29.730-0300][24.219s][9664][15868][info][gc,alloc    ] GC(11) y:                         Mark Start        Mark End      Relocate Start    Relocate End   
[2026-06-26T13:31:29.730-0300][24.219s][9664][15868][info][gc,alloc    ] GC(11) y: Allocation Stalls:          0                0                0                0         
[2026-06-26T13:31:29.730-0300][24.219s][9664][15868][info][gc,load     ] GC(11) y: Load: 0.00 (0%) / 0.00 (0%) / 0.00 (0%)
[2026-06-26T13:31:29.730-0300][24.219s][9664][15868][info][gc,mmu      ] GC(11) y: MMU: 2ms/98.8%, 5ms/99.5%, 10ms/99.6%, 20ms/99.7%, 50ms/99.9%, 100ms/99.9%
[2026-06-26T13:31:29.730-0300][24.219s][9664][15868][info][gc,marking  ] GC(11) y: Mark: 2 stripe(s), 3 proactive flush(es), 1 terminate flush(es), 0 completion(s), 0 continuation(s) 
[2026-06-26T13:31:29.730-0300][24.219s][9664][15868][info][gc,nmethod  ] GC(11) y: NMethods: 9619 registered, 1095 unregistered
[2026-06-26T13:31:29.730-0300][24.219s][9664][15868][info][gc,metaspace] GC(11) y: Metaspace: 60M used, 61M committed, 1088M reserved
[2026-06-26T13:31:29.730-0300][24.219s][9664][15868][info][gc,reloc    ] GC(11) y:                        Candidates     Selected     In-Place         Size        Empty    Relocated 
[2026-06-26T13:31:29.730-0300][24.219s][9664][15868][info][gc,reloc    ] GC(11) y: Small Pages:                  180          127            0         360M           6M          21M 
[2026-06-26T13:31:29.730-0300][24.219s][9664][15868][info][gc,reloc    ] GC(11) y: Medium Pages:                   3            1            0          96M          32M           3M 
[2026-06-26T13:31:29.730-0300][24.219s][9664][15868][info][gc,reloc    ] GC(11) y: Large Pages:                    0            0            0           0M           0M           0M 
[2026-06-26T13:31:29.730-0300][24.219s][9664][15868][info][gc,reloc    ] GC(11) y: Forwarding Usage: 13M
[2026-06-26T13:31:29.730-0300][24.219s][9664][15868][info][gc,reloc    ] GC(11) y: Age Table:
[2026-06-26T13:31:29.730-0300][24.219s][9664][15868][info][gc,reloc    ] GC(11) y:                    Live             Garbage             Small              Medium             Large        
[2026-06-26T13:31:29.730-0300][24.219s][9664][15868][info][gc,reloc    ] GC(11) y: Eden              67M (2%)          298M (10%)        167 / 125            1 / 1              0 / 0        
[2026-06-26T13:31:29.730-0300][24.219s][9664][15868][info][gc,reloc    ] GC(11) y: Survivor 1         7M (0%)           32M (1%)           4 / 0              1 / 0              0 / 0        
[2026-06-26T13:31:29.730-0300][24.219s][9664][15868][info][gc,reloc    ] GC(11) y: Survivor 2        12M (0%)           37M (1%)           9 / 2              1 / 0              0 / 0        
[2026-06-26T13:31:29.730-0300][24.219s][9664][15868][info][gc,heap     ] GC(11) y: Min Capacity: 8M(0%)
[2026-06-26T13:31:29.730-0300][24.219s][9664][15868][info][gc,heap     ] GC(11) y: Max Capacity: 3072M(100%)
[2026-06-26T13:31:29.730-0300][24.219s][9664][15868][info][gc,heap     ] GC(11) y: Soft Max Capacity: 3072M(100%)
[2026-06-26T13:31:29.730-0300][24.219s][9664][15868][info][gc,heap     ] GC(11) y: Heap Statistics:
[2026-06-26T13:31:29.730-0300][24.219s][9664][15868][info][gc,heap     ] GC(11) y:                Mark Start          Mark End        Relocate Start      Relocate End           High               Low         
[2026-06-26T13:31:29.730-0300][24.219s][9664][15868][info][gc,heap     ] GC(11) y:  Capacity:     2518M (82%)        2518M (82%)        2518M (82%)        2518M (82%)        2518M (82%)        2518M (82%)    
[2026-06-26T13:31:29.730-0300][24.219s][9664][15868][info][gc,heap     ] GC(11) y:      Free:     2130M (69%)        2116M (69%)        2152M (70%)        2374M (77%)        2374M (77%)        2068M (67%)    
[2026-06-26T13:31:29.732-0300][24.219s][9664][15868][info][gc,heap     ] GC(11) y:      Used:      942M (31%)         956M (31%)         920M (30%)         698M (23%)        1004M (33%)         698M (23%)    
[2026-06-26T13:31:29.732-0300][24.219s][9664][15868][info][gc,heap     ] GC(11) y: Young Generation Statistics:
[2026-06-26T13:31:29.732-0300][24.219s][9664][15868][info][gc,heap     ] GC(11) y:                Mark Start          Mark End        Relocate Start      Relocate End    
[2026-06-26T13:31:29.732-0300][24.219s][9664][15868][info][gc,heap     ] GC(11) y:      Used:      456M (15%)         470M (15%)         434M (14%)         212M (7%)     
[2026-06-26T13:31:29.732-0300][24.219s][9664][15868][info][gc,heap     ] GC(11) y:      Live:         -                87M (3%)           87M (3%)           87M (3%)     
[2026-06-26T13:31:29.732-0300][24.219s][9664][15868][info][gc,heap     ] GC(11) y:   Garbage:         -               368M (12%)         330M (11%)          12M (0%)     
[2026-06-26T13:31:29.732-0300][24.219s][9664][15868][info][gc,heap     ] GC(11) y: Allocated:         -                14M (0%)           16M (1%)          112M (4%)     
[2026-06-26T13:31:29.732-0300][24.219s][9664][15868][info][gc,heap     ] GC(11) y: Reclaimed:         -                  -                38M (1%)          356M (12%)    
[2026-06-26T13:31:29.732-0300][24.219s][9664][15868][info][gc,heap     ] GC(11) y:  Promoted:         -                  -                 0M (0%)            0M (0%)     
[2026-06-26T13:31:29.732-0300][24.219s][9664][15868][info][gc,heap     ] GC(11) y: Compacted:         -                  -                  -                37M (1%)     
[2026-06-26T13:31:29.732-0300][24.219s][9664][15868][info][gc,phases   ] GC(11) y: Young Generation 942M(31%)->698M(23%) 0.068s
[2026-06-26T13:31:29.732-0300][24.219s][9664][15868][info][gc          ] GC(11) Minor Collection (Allocation Rate) 942M(31%)->698M(23%) 0.069s
[2026-06-26T13:31:31.734-0300][26.221s][9664][15868][info][gc          ] GC(12) Minor Collection (Allocation Rate)
[2026-06-26T13:31:31.734-0300][26.221s][9664][15868][info][gc,task     ] GC(12) Using 1 Workers for Young Generation
[2026-06-26T13:31:31.734-0300][26.221s][9664][15868][info][gc,phases   ] GC(12) y: Young Generation
[2026-06-26T13:31:31.745-0300][26.232s][9664][9396 ][info][gc,phases   ] GC(12) y: Pause Mark Start 0.019ms
[2026-06-26T13:31:31.963-0300][26.451s][9664][12364][info][gc,task     ] Adjusting Workers for Young Generation: 1 -> 3
[2026-06-26T13:31:32.038-0300][26.526s][9664][15868][info][gc,phases   ] GC(12) y: Concurrent Mark 293.658ms
[2026-06-26T13:31:32.038-0300][26.526s][9664][9396 ][info][gc,phases   ] GC(12) y: Pause Mark End 0.016ms
[2026-06-26T13:31:32.038-0300][26.526s][9664][15868][info][gc,phases   ] GC(12) y: Concurrent Mark Free 0.004ms
[2026-06-26T13:31:32.038-0300][26.526s][9664][15868][info][gc,phases   ] GC(12) y: Concurrent Reset Relocation Set 0.013ms
[2026-06-26T13:31:32.038-0300][26.526s][9664][5292 ][info][gc          ] Allocation Stall (MetaGridLoaderThread3) 30.425ms
[2026-06-26T13:31:32.038-0300][26.526s][9664][10580][info][gc          ] Allocation Stall (MetaGridLoaderThread5) 30.247ms
[2026-06-26T13:31:32.038-0300][26.526s][9664][5908 ][info][gc          ] Allocation Stall (MetaGridLoaderThread6) 30.951ms
[2026-06-26T13:31:32.038-0300][26.526s][9664][2124 ][info][gc          ] Allocation Stall (MetaGridLoaderThread0) 31.244ms
[2026-06-26T13:31:32.038-0300][26.526s][9664][7716 ][info][gc          ] Allocation Stall (MetaGridLoaderThread1) 29.306ms
[2026-06-26T13:31:32.038-0300][26.526s][9664][13072][info][gc          ] Allocation Stall (GameLoadingThread) 28.626ms
[2026-06-26T13:31:32.038-0300][26.527s][9664][14564][info][gc          ] Allocation Stall (MetaGridLoaderThread4) 31.526ms
[2026-06-26T13:31:32.038-0300][26.527s][9664][10616][info][gc          ] Allocation Stall (MetaGridLoaderThread2) 31.375ms
[2026-06-26T13:31:32.038-0300][26.527s][9664][5068 ][info][gc          ] Allocation Stall (MetaGridLoaderThread7) 31.374ms
[2026-06-26T13:31:32.038-0300][26.527s][9664][15868][info][gc,reloc    ] GC(12) y: Using tenuring threshold: 1 (Computed)
[2026-06-26T13:31:32.078-0300][26.566s][9664][15868][info][gc,phases   ] GC(12) y: Concurrent Select Relocation Set 39.283ms
[2026-06-26T13:31:32.078-0300][26.566s][9664][9396 ][info][gc,phases   ] GC(12) y: Pause Relocate Start 0.012ms
[2026-06-26T13:31:32.081-0300][26.568s][9664][13072][info][gc          ] Relocation Stall (GameLoadingThread) 0.310ms
[2026-06-26T13:31:32.081-0300][26.569s][9664][2124 ][info][gc          ] Relocation Stall (MetaGridLoaderThread0) 0.889ms
[2026-06-26T13:31:32.081-0300][26.569s][9664][5292 ][info][gc          ] Relocation Stall (MetaGridLoaderThread3) 0.876ms
[2026-06-26T13:31:32.081-0300][26.569s][9664][10616][info][gc          ] Relocation Stall (MetaGridLoaderThread2) 0.608ms
[2026-06-26T13:31:32.081-0300][26.569s][9664][7716 ][info][gc          ] Relocation Stall (MetaGridLoaderThread1) 0.615ms
[2026-06-26T13:31:32.081-0300][26.569s][9664][5908 ][info][gc          ] Relocation Stall (MetaGridLoaderThread6) 0.869ms
[2026-06-26T13:31:32.081-0300][26.569s][9664][10580][info][gc          ] Relocation Stall (MetaGridLoaderThread5) 0.672ms
[2026-06-26T13:31:32.081-0300][26.569s][9664][14564][info][gc          ] Relocation Stall (MetaGridLoaderThread4) 0.657ms
[2026-06-26T13:31:32.081-0300][26.569s][9664][5068 ][info][gc          ] Relocation Stall (MetaGridLoaderThread7) 0.883ms
[2026-06-26T13:31:32.081-0300][26.569s][9664][2124 ][info][gc          ] Allocation Stall (MetaGridLoaderThread0) 15.550ms
[2026-06-26T13:31:32.081-0300][26.569s][9664][5292 ][info][gc          ] Allocation Stall (MetaGridLoaderThread3) 15.503ms
[2026-06-26T13:31:32.081-0300][26.569s][9664][10616][info][gc          ] Allocation Stall (MetaGridLoaderThread2) 13.196ms
[2026-06-26T13:31:32.081-0300][26.569s][9664][7716 ][info][gc          ] Allocation Stall (MetaGridLoaderThread1) 13.303ms
[2026-06-26T13:31:32.081-0300][26.569s][9664][5908 ][info][gc          ] Allocation Stall (MetaGridLoaderThread6) 14.600ms
[2026-06-26T13:31:32.081-0300][26.569s][9664][10580][info][gc          ] Allocation Stall (MetaGridLoaderThread5) 14.354ms
[2026-06-26T13:31:32.081-0300][26.569s][9664][14564][info][gc          ] Allocation Stall (MetaGridLoaderThread4) 14.084ms
[2026-06-26T13:31:32.081-0300][26.569s][9664][5068 ][info][gc          ] Allocation Stall (MetaGridLoaderThread7) 15.500ms
[2026-06-26T13:31:32.081-0300][26.569s][9664][13072][info][gc          ] Allocation Stall (GameLoadingThread) 13.545ms
[2026-06-26T13:31:32.163-0300][26.651s][9664][15868][info][gc,phases   ] GC(12) y: Concurrent Relocate 84.809ms
[2026-06-26T13:31:32.163-0300][26.651s][9664][15868][info][gc,alloc    ] GC(12) y:                         Mark Start        Mark End      Relocate Start    Relocate End   
[2026-06-26T13:31:32.163-0300][26.651s][9664][15868][info][gc,alloc    ] GC(12) y: Allocation Stalls:          0                9                9                0         
[2026-06-26T13:31:32.163-0300][26.651s][9664][15868][info][gc,load     ] GC(12) y: Load: 0.00 (0%) / 0.00 (0%) / 0.00 (0%)
[2026-06-26T13:31:32.163-0300][26.651s][9664][15868][info][gc,mmu      ] GC(12) y: MMU: 2ms/98.8%, 5ms/99.5%, 10ms/99.6%, 20ms/99.7%, 50ms/99.9%, 100ms/99.9%
[2026-06-26T13:31:32.163-0300][26.651s][9664][15868][info][gc,marking  ] GC(12) y: Mark: 1 stripe(s), 3 proactive flush(es), 1 terminate flush(es), 0 completion(s), 0 continuation(s) 
[2026-06-26T13:31:32.163-0300][26.651s][9664][15868][info][gc,nmethod  ] GC(12) y: NMethods: 10565 registered, 0 unregistered
[2026-06-26T13:31:32.163-0300][26.651s][9664][15868][info][gc,metaspace] GC(12) y: Metaspace: 61M used, 62M committed, 1088M reserved
[2026-06-26T13:31:32.163-0300][26.651s][9664][15868][info][gc,reloc    ] GC(12) y:                        Candidates     Selected     In-Place         Size        Empty    Relocated 
[2026-06-26T13:31:32.163-0300][26.651s][9664][15868][info][gc,reloc    ] GC(12) y: Small Pages:                  659          458            4        1318M         172M          65M 
[2026-06-26T13:31:32.163-0300][26.651s][9664][15868][info][gc,reloc    ] GC(12) y: Medium Pages:                   3            2            2          96M           0M           5M 
[2026-06-26T13:31:32.163-0300][26.651s][9664][15868][info][gc,reloc    ] GC(12) y: Large Pages:                    0            0            0           0M           0M           0M 
[2026-06-26T13:31:32.163-0300][26.651s][9664][15868][info][gc,reloc    ] GC(12) y: Forwarding Usage: 43M
[2026-06-26T13:31:32.163-0300][26.651s][9664][15868][info][gc,reloc    ] GC(12) y: Age Table:
[2026-06-26T13:31:32.163-0300][26.651s][9664][15868][info][gc,reloc    ] GC(12) y:                    Live             Garbage             Small              Medium             Large        
[2026-06-26T13:31:32.163-0300][26.651s][9664][15868][info][gc,reloc    ] GC(12) y: Eden             116M (4%)         1107M (36%)        596 / 443            1 / 1              0 / 0        
[2026-06-26T13:31:32.163-0300][26.651s][9664][15868][info][gc,reloc    ] GC(12) y: Survivor 1        67M (2%)           54M (2%)          45 / 9              1 / 1              0 / 0        
[2026-06-26T13:31:32.163-0300][26.651s][9664][15868][info][gc,reloc    ] GC(12) y: Survivor 2         7M (0%)            0M (0%)           4 / 0              0 / 0              0 / 0        
[2026-06-26T13:31:32.163-0300][26.651s][9664][15868][info][gc,reloc    ] GC(12) y: Survivor 3        12M (0%)           47M (2%)          14 / 6              1 / 0              0 / 0        
[2026-06-26T13:31:32.163-0300][26.651s][9664][15868][info][gc,heap     ] GC(12) y: Min Capacity: 8M(0%)
[2026-06-26T13:31:32.163-0300][26.651s][9664][15868][info][gc,heap     ] GC(12) y: Max Capacity: 3072M(100%)
[2026-06-26T13:31:32.163-0300][26.651s][9664][15868][info][gc,heap     ] GC(12) y: Soft Max Capacity: 3072M(100%)
[2026-06-26T13:31:32.163-0300][26.651s][9664][15868][info][gc,heap     ] GC(12) y: Heap Statistics:
[2026-06-26T13:31:32.163-0300][26.651s][9664][15868][info][gc,heap     ] GC(12) y:                Mark Start          Mark End        Relocate Start      Relocate End           High               Low         
[2026-06-26T13:31:32.163-0300][26.651s][9664][15868][info][gc,heap     ] GC(12) y:  Capacity:     2518M (82%)        3072M (100%)       3072M (100%)       3072M (100%)       3072M (100%)       2518M (82%)    
[2026-06-26T13:31:32.163-0300][26.651s][9664][15868][info][gc,heap     ] GC(12) y:      Free:     1172M (38%)           0M (0%)            0M (0%)          340M (11%)        1172M (38%)           0M (0%)     
[2026-06-26T13:31:32.163-0300][26.651s][9664][15868][info][gc,heap     ] GC(12) y:      Used:     1900M (62%)        3072M (100%)       3072M (100%)       2732M (89%)        3072M (100%)       1900M (62%)    
[2026-06-26T13:31:32.163-0300][26.651s][9664][15868][info][gc,heap     ] GC(12) y: Young Generation Statistics:
[2026-06-26T13:31:32.163-0300][26.651s][9664][15868][info][gc,heap     ] GC(12) y:                Mark Start          Mark End        Relocate Start      Relocate End    
[2026-06-26T13:31:32.163-0300][26.651s][9664][15868][info][gc,heap     ] GC(12) y:      Used:     1414M (46%)        2586M (84%)        2494M (81%)        2116M (69%)    
[2026-06-26T13:31:32.164-0300][26.651s][9664][15868][info][gc,heap     ] GC(12) y:      Live:         -               204M (7%)          124M (4%)          116M (4%)     
[2026-06-26T13:31:32.164-0300][26.651s][9664][15868][info][gc,heap     ] GC(12) y:   Garbage:         -              1209M (39%)        1025M (33%)           4M (0%)     
[2026-06-26T13:31:32.164-0300][26.651s][9664][15868][info][gc,heap     ] GC(12) y: Allocated:         -              1172M (38%)        1344M (44%)        1994M (65%)    
[2026-06-26T13:31:32.164-0300][26.651s][9664][15868][info][gc,heap     ] GC(12) y: Reclaimed:         -                  -               184M (6%)         1205M (39%)    
[2026-06-26T13:31:32.164-0300][26.651s][9664][15868][info][gc,heap     ] GC(12) y:  Promoted:         -                  -                79M (3%)           87M (3%)     
[2026-06-26T13:31:32.164-0300][26.651s][9664][15868][info][gc,heap     ] GC(12) y: Compacted:         -                  -                  -                95M (3%)     
[2026-06-26T13:31:32.164-0300][26.651s][9664][15868][info][gc,phases   ] GC(12) y: Young Generation 1836M(60%)->2732M(89%) 0.429s
[2026-06-26T13:31:32.164-0300][26.651s][9664][15868][info][gc          ] GC(12) Minor Collection (Allocation Rate) 1836M(60%)->2736M(89%) 0.430s
[2026-06-26T13:31:32.164-0300][26.651s][9664][15868][info][gc          ] GC(13) Minor Collection (Allocation Rate)
[2026-06-26T13:31:32.164-0300][26.651s][9664][15868][info][gc,task     ] GC(13) Using 3 Workers for Young Generation
[2026-06-26T13:31:32.164-0300][26.651s][9664][15868][info][gc,phases   ] GC(13) y: Young Generation
[2026-06-26T13:31:32.164-0300][26.652s][9664][9396 ][info][gc,phases   ] GC(13) y: Pause Mark Start 0.028ms
[2026-06-26T13:31:32.318-0300][26.806s][9664][15868][info][gc,phases   ] GC(13) y: Concurrent Mark 154.080ms
[2026-06-26T13:31:32.318-0300][26.806s][9664][9396 ][info][gc,phases   ] GC(13) y: Pause Mark End 0.012ms
[2026-06-26T13:31:32.318-0300][26.806s][9664][15868][info][gc,phases   ] GC(13) y: Concurrent Mark Free 0.002ms
[2026-06-26T13:31:32.318-0300][26.806s][9664][15868][info][gc,phases   ] GC(13) y: Concurrent Reset Relocation Set 0.111ms
[2026-06-26T13:31:32.318-0300][26.806s][9664][2124 ][info][gc          ] Allocation Stall (MetaGridLoaderThread0) 100.660ms
[2026-06-26T13:31:32.318-0300][26.806s][9664][10616][info][gc          ] Allocation Stall (MetaGridLoaderThread2) 98.726ms
[2026-06-26T13:31:32.318-0300][26.806s][9664][14564][info][gc          ] Allocation Stall (MetaGridLoaderThread4) 100.400ms
[2026-06-26T13:31:32.318-0300][26.806s][9664][13072][info][gc          ] Allocation Stall (GameLoadingThread) 100.487ms
[2026-06-26T13:31:32.318-0300][26.806s][9664][5908 ][info][gc          ] Allocation Stall (MetaGridLoaderThread6) 97.959ms
[2026-06-26T13:31:32.318-0300][26.806s][9664][5292 ][info][gc          ] Allocation Stall (MetaGridLoaderThread3) 96.956ms
[2026-06-26T13:31:32.318-0300][26.806s][9664][10716][info][gc          ] Allocation Stall (pool-1-thread-1) 23.248ms
[2026-06-26T13:31:32.318-0300][26.806s][9664][10580][info][gc          ] Allocation Stall (MetaGridLoaderThread5) 102.270ms
[2026-06-26T13:31:32.318-0300][26.806s][9664][5068 ][info][gc          ] Allocation Stall (MetaGridLoaderThread7) 102.216ms
[2026-06-26T13:31:32.318-0300][26.806s][9664][7716 ][info][gc          ] Allocation Stall (MetaGridLoaderThread1) 100.996ms
[2026-06-26T13:31:32.318-0300][26.806s][9664][15868][info][gc,reloc    ] GC(13) y: Using tenuring threshold: 1 (Computed)
[2026-06-26T13:31:32.361-0300][26.849s][9664][15868][info][gc,phases   ] GC(13) y: Concurrent Select Relocation Set 42.522ms
[2026-06-26T13:31:32.361-0300][26.849s][9664][9396 ][info][gc,phases   ] GC(13) y: Pause Relocate Start 0.011ms
[2026-06-26T13:31:32.361-0300][26.849s][9664][7716 ][info][gc          ] Relocation Stall (MetaGridLoaderThread1) 0.104ms
[2026-06-26T13:31:32.361-0300][26.849s][9664][5908 ][info][gc          ] Relocation Stall (MetaGridLoaderThread6) 0.089ms
[2026-06-26T13:31:32.361-0300][26.849s][9664][5292 ][info][gc          ] Relocation Stall (MetaGridLoaderThread3) 0.113ms
[2026-06-26T13:31:32.362-0300][26.849s][9664][13072][info][gc          ] Relocation Stall (GameLoadingThread) 0.199ms
[2026-06-26T13:31:32.362-0300][26.850s][9664][10580][info][gc          ] Relocation Stall (MetaGridLoaderThread5) 0.802ms
[2026-06-26T13:31:32.362-0300][26.850s][9664][10580][info][gc          ] Allocation Stall (MetaGridLoaderThread5) 16.200ms
[2026-06-26T13:31:32.362-0300][26.850s][9664][10616][info][gc          ] Allocation Stall (MetaGridLoaderThread2) 16.108ms
[2026-06-26T13:31:32.362-0300][26.850s][9664][2124 ][info][gc          ] Allocation Stall (MetaGridLoaderThread0) 15.477ms
[2026-06-26T13:31:32.362-0300][26.850s][9664][7716 ][info][gc          ] Allocation Stall (MetaGridLoaderThread1) 16.273ms
[2026-06-26T13:31:32.362-0300][26.850s][9664][14564][info][gc          ] Allocation Stall (MetaGridLoaderThread4) 15.395ms
[2026-06-26T13:31:32.362-0300][26.850s][9664][5908 ][info][gc          ] Allocation Stall (MetaGridLoaderThread6) 15.552ms
[2026-06-26T13:31:32.362-0300][26.850s][9664][5068 ][info][gc          ] Allocation Stall (MetaGridLoaderThread7) 15.275ms
[2026-06-26T13:31:32.362-0300][26.850s][9664][13072][info][gc          ] Allocation Stall (GameLoadingThread) 15.339ms
[2026-06-26T13:31:32.362-0300][26.850s][9664][5292 ][info][gc          ] Allocation Stall (MetaGridLoaderThread3) 16.089ms
[2026-06-26T13:31:32.433-0300][26.921s][9664][15868][info][gc,phases   ] GC(13) y: Concurrent Relocate 72.076ms
[2026-06-26T13:31:32.433-0300][26.921s][9664][15868][info][gc,alloc    ] GC(13) y:                         Mark Start        Mark End      Relocate Start    Relocate End   
[2026-06-26T13:31:32.433-0300][26.921s][9664][15868][info][gc,alloc    ] GC(13) y: Allocation Stalls:          0                10               9                0         
[2026-06-26T13:31:32.433-0300][26.921s][9664][15868][info][gc,load     ] GC(13) y: Load: 0.00 (0%) / 0.00 (0%) / 0.00 (0%)
[2026-06-26T13:31:32.433-0300][26.921s][9664][15868][info][gc,mmu      ] GC(13) y: MMU: 2ms/98.6%, 5ms/99.4%, 10ms/99.6%, 20ms/99.7%, 50ms/99.9%, 100ms/99.9%
[2026-06-26T13:31:32.433-0300][26.921s][9664][15868][info][gc,marking  ] GC(13) y: Mark: 2 stripe(s), 2 proactive flush(es), 1 terminate flush(es), 0 completion(s), 0 continuation(s) 
[2026-06-26T13:31:32.433-0300][26.921s][9664][15868][info][gc,nmethod  ] GC(13) y: NMethods: 10607 registered, 0 unregistered
[2026-06-26T13:31:32.433-0300][26.921s][9664][15868][info][gc,metaspace] GC(13) y: Metaspace: 61M used, 62M committed, 1088M reserved
[2026-06-26T13:31:32.433-0300][26.921s][9664][15868][info][gc,reloc    ] GC(13) y:                        Candidates     Selected     In-Place         Size        Empty    Relocated 
[2026-06-26T13:31:32.433-0300][26.921s][9664][15868][info][gc,reloc    ] GC(13) y: Small Pages:                 1029          844            4        2058M         218M          24M 
[2026-06-26T13:31:32.433-0300][26.921s][9664][15868][info][gc,reloc    ] GC(13) y: Medium Pages:                   2            1            2          64M           0M           1M 
[2026-06-26T13:31:32.433-0300][26.921s][9664][15868][info][gc,reloc    ] GC(13) y: Large Pages:                    0            0            0           0M           0M           0M 
[2026-06-26T13:31:32.433-0300][26.921s][9664][15868][info][gc,reloc    ] GC(13) y: Forwarding Usage: 11M
[2026-06-26T13:31:32.433-0300][26.921s][9664][15868][info][gc,reloc    ] GC(13) y: Age Table:
[2026-06-26T13:31:32.433-0300][26.921s][9664][15868][info][gc,reloc    ] GC(13) y:                    Live             Garbage             Small              Medium             Large        
[2026-06-26T13:31:32.433-0300][26.921s][9664][15868][info][gc,reloc    ] GC(13) y: Eden              28M (1%)         1923M (63%)        960 / 835            1 / 0              0 / 0        
[2026-06-26T13:31:32.433-0300][26.921s][9664][15868][info][gc,reloc    ] GC(13) y: Survivor 1       116M (4%)           53M (2%)          69 / 9              1 / 1              0 / 0        
[2026-06-26T13:31:32.433-0300][26.921s][9664][15868][info][gc,heap     ] GC(13) y: Min Capacity: 8M(0%)
[2026-06-26T13:31:32.433-0300][26.921s][9664][15868][info][gc,heap     ] GC(13) y: Max Capacity: 3072M(100%)
[2026-06-26T13:31:32.433-0300][26.921s][9664][15868][info][gc,heap     ] GC(13) y: Soft Max Capacity: 3072M(100%)
[2026-06-26T13:31:32.433-0300][26.921s][9664][15868][info][gc,heap     ] GC(13) y: Heap Statistics:
[2026-06-26T13:31:32.433-0300][26.921s][9664][15868][info][gc,heap     ] GC(13) y:                Mark Start          Mark End        Relocate Start      Relocate End           High               Low         
[2026-06-26T13:31:32.433-0300][26.921s][9664][15868][info][gc,heap     ] GC(13) y:  Capacity:     3072M (100%)       3072M (100%)       3072M (100%)       3072M (100%)       3072M (100%)       3072M (100%)   
[2026-06-26T13:31:32.433-0300][26.921s][9664][15868][info][gc,heap     ] GC(13) y:      Free:      334M (11%)           0M (0%)            0M (0%)         1186M (39%)        1554M (51%)           0M (0%)     
[2026-06-26T13:31:32.433-0300][26.921s][9664][15868][info][gc,heap     ] GC(13) y:      Used:     2738M (89%)        3072M (100%)       3072M (100%)       1886M (61%)        3072M (100%)       1518M (49%)    
[2026-06-26T13:31:32.433-0300][26.921s][9664][15868][info][gc,heap     ] GC(13) y: Young Generation Statistics:
[2026-06-26T13:31:32.433-0300][26.921s][9664][15868][info][gc,heap     ] GC(13) y:                Mark Start          Mark End        Relocate Start      Relocate End    
[2026-06-26T13:31:32.433-0300][26.921s][9664][15868][info][gc,heap     ] GC(13) y:      Used:     2122M (69%)        2456M (80%)        2342M (76%)        1106M (36%)    
[2026-06-26T13:31:32.433-0300][26.921s][9664][15868][info][gc,heap     ] GC(13) y:      Live:         -               144M (5%)           35M (1%)           28M (1%)     
[2026-06-26T13:31:32.433-0300][26.921s][9664][15868][info][gc,heap     ] GC(13) y:   Garbage:         -              1977M (64%)        1754M (57%)           0M (0%)     
[2026-06-26T13:31:32.433-0300][26.921s][9664][15868][info][gc,heap     ] GC(13) y: Allocated:         -               334M (11%)         552M (18%)        1077M (35%)    
[2026-06-26T13:31:32.433-0300][26.921s][9664][15868][info][gc,heap     ] GC(13) y: Reclaimed:         -                  -               222M (7%)         1977M (64%)    
[2026-06-26T13:31:32.433-0300][26.921s][9664][15868][info][gc,heap     ] GC(13) y:  Promoted:         -                  -               109M (4%)          116M (4%)     
[2026-06-26T13:31:32.433-0300][26.921s][9664][15868][info][gc,heap     ] GC(13) y: Compacted:         -                  -                  -                28M (1%)     
[2026-06-26T13:31:32.433-0300][26.921s][9664][15868][info][gc,phases   ] GC(13) y: Young Generation 2738M(89%)->1886M(61%) 0.269s
[2026-06-26T13:31:32.433-0300][26.921s][9664][15868][info][gc          ] GC(13) Minor Collection (Allocation Rate) 2736M(89%)->1888M(61%) 0.270s
[2026-06-26T13:31:32.433-0300][26.921s][9664][15868][info][gc          ] GC(14) Minor Collection (Allocation Rate)
[2026-06-26T13:31:32.433-0300][26.921s][9664][15868][info][gc,task     ] GC(14) Using 3 Workers for Young Generation
[2026-06-26T13:31:32.434-0300][26.921s][9664][15868][info][gc,phases   ] GC(14) y: Young Generation
[2026-06-26T13:31:32.434-0300][26.921s][9664][9396 ][info][gc,phases   ] GC(14) y: Pause Mark Start 0.023ms
[2026-06-26T13:31:32.476-0300][26.964s][9664][15868][info][gc,phases   ] GC(14) y: Concurrent Mark 42.330ms
[2026-06-26T13:31:32.476-0300][26.964s][9664][9396 ][info][gc,phases   ] GC(14) y: Pause Mark End 0.055ms
[2026-06-26T13:31:32.476-0300][26.964s][9664][15868][info][gc,phases   ] GC(14) y: Concurrent Mark Free 0.011ms
[2026-06-26T13:31:32.477-0300][26.965s][9664][15868][info][gc,phases   ] GC(14) y: Concurrent Reset Relocation Set 0.315ms
[2026-06-26T13:31:32.477-0300][26.965s][9664][15868][info][gc,reloc    ] GC(14) y: Using tenuring threshold: 1 (Computed)
[2026-06-26T13:31:32.486-0300][26.974s][9664][15868][info][gc,phases   ] GC(14) y: Concurrent Select Relocation Set 9.449ms
[2026-06-26T13:31:32.486-0300][26.974s][9664][9396 ][info][gc,phases   ] GC(14) y: Pause Relocate Start 0.020ms
[2026-06-26T13:31:32.504-0300][26.992s][9664][15868][info][gc,phases   ] GC(14) y: Concurrent Relocate 17.208ms
[2026-06-26T13:31:32.504-0300][26.992s][9664][15868][info][gc,alloc    ] GC(14) y:                         Mark Start        Mark End      Relocate Start    Relocate End   
[2026-06-26T13:31:32.504-0300][26.992s][9664][15868][info][gc,alloc    ] GC(14) y: Allocation Stalls:          0                0                0                0         
[2026-06-26T13:31:32.504-0300][26.992s][9664][15868][info][gc,load     ] GC(14) y: Load: 0.00 (0%) / 0.00 (0%) / 0.00 (0%)
[2026-06-26T13:31:32.504-0300][26.992s][9664][15868][info][gc,mmu      ] GC(14) y: MMU: 2ms/97.3%, 5ms/98.9%, 10ms/99.5%, 20ms/99.6%, 50ms/99.8%, 100ms/99.9%
[2026-06-26T13:31:32.504-0300][26.992s][9664][15868][info][gc,marking  ] GC(14) y: Mark: 2 stripe(s), 2 proactive flush(es), 1 terminate flush(es), 0 completion(s), 0 continuation(s) 
[2026-06-26T13:31:32.504-0300][26.992s][9664][15868][info][gc,nmethod  ] GC(14) y: NMethods: 10649 registered, 0 unregistered
[2026-06-26T13:31:32.504-0300][26.992s][9664][15868][info][gc,metaspace] GC(14) y: Metaspace: 61M used, 62M committed, 1088M reserved
[2026-06-26T13:31:32.504-0300][26.992s][9664][15868][info][gc,reloc    ] GC(14) y:                        Candidates     Selected     In-Place         Size        Empty    Relocated 
[2026-06-26T13:31:32.504-0300][26.992s][9664][15868][info][gc,reloc    ] GC(14) y: Small Pages:                  538          461            0        1076M         116M           8M 
[2026-06-26T13:31:32.504-0300][26.992s][9664][15868][info][gc,reloc    ] GC(14) y: Medium Pages:                   1            0            0          32M           0M           0M 
[2026-06-26T13:31:32.504-0300][26.992s][9664][15868][info][gc,reloc    ] GC(14) y: Large Pages:                    0            0            0           0M           0M           0M 
[2026-06-26T13:31:32.504-0300][26.992s][9664][15868][info][gc,reloc    ] GC(14) y: Forwarding Usage: 1M
[2026-06-26T13:31:32.504-0300][26.992s][9664][15868][info][gc,reloc    ] GC(14) y: Age Table:
[2026-06-26T13:31:32.504-0300][26.992s][9664][15868][info][gc,reloc    ] GC(14) y:                    Live             Garbage             Small              Medium             Large        
[2026-06-26T13:31:32.504-0300][26.992s][9664][15868][info][gc,reloc    ] GC(14) y: Eden               7M (0%)         1022M (33%)        515 / 454            0 / 0              0 / 0        
[2026-06-26T13:31:32.504-0300][26.992s][9664][15868][info][gc,reloc    ] GC(14) y: Survivor 1        27M (1%)           50M (2%)          23 / 7              1 / 0              0 / 0        
[2026-06-26T13:31:32.504-0300][26.992s][9664][15868][info][gc,heap     ] GC(14) y: Min Capacity: 8M(0%)
[2026-06-26T13:31:32.504-0300][26.992s][9664][15868][info][gc,heap     ] GC(14) y: Max Capacity: 3072M(100%)
[2026-06-26T13:31:32.504-0300][26.992s][9664][15868][info][gc,heap     ] GC(14) y: Soft Max Capacity: 3072M(100%)
[2026-06-26T13:31:32.504-0300][26.992s][9664][15868][info][gc,heap     ] GC(14) y: Heap Statistics:
[2026-06-26T13:31:32.504-0300][26.992s][9664][15868][info][gc,heap     ] GC(14) y:                Mark Start          Mark End        Relocate Start      Relocate End           High               Low         
[2026-06-26T13:31:32.504-0300][26.992s][9664][15868][info][gc,heap     ] GC(14) y:  Capacity:     3072M (100%)       3072M (100%)       3072M (100%)       3072M (100%)       3072M (100%)       3072M (100%)   
[2026-06-26T13:31:32.504-0300][26.992s][9664][15868][info][gc,heap     ] GC(14) y:      Free:     1184M (39%)         876M (29%)         926M (30%)        1736M (57%)        1812M (59%)         874M (28%)    
[2026-06-26T13:31:32.504-0300][26.992s][9664][15868][info][gc,heap     ] GC(14) y:      Used:     1888M (61%)        2196M (71%)        2146M (70%)        1336M (43%)        2198M (72%)        1260M (41%)    
[2026-06-26T13:31:32.504-0300][26.992s][9664][15868][info][gc,heap     ] GC(14) y: Young Generation Statistics:
[2026-06-26T13:31:32.504-0300][26.992s][9664][15868][info][gc,heap     ] GC(14) y:                Mark Start          Mark End        Relocate Start      Relocate End    
[2026-06-26T13:31:32.504-0300][26.992s][9664][15868][info][gc,heap     ] GC(14) y:      Used:     1108M (36%)        1416M (46%)        1306M (43%)         490M (16%)    
[2026-06-26T13:31:32.504-0300][26.992s][9664][15868][info][gc,heap     ] GC(14) y:      Live:         -                35M (1%)            8M (0%)            7M (0%)     
[2026-06-26T13:31:32.504-0300][26.992s][9664][15868][info][gc,heap     ] GC(14) y:   Garbage:         -              1072M (35%)         923M (30%)           0M (0%)     
[2026-06-26T13:31:32.504-0300][26.992s][9664][15868][info][gc,heap     ] GC(14) y: Allocated:         -               308M (10%)         374M (12%)         482M (16%)    
[2026-06-26T13:31:32.504-0300][26.992s][9664][15868][info][gc,heap     ] GC(14) y: Reclaimed:         -                  -               148M (5%)         1072M (35%)    
[2026-06-26T13:31:32.504-0300][26.992s][9664][15868][info][gc,heap     ] GC(14) y:  Promoted:         -                  -                27M (1%)           27M (1%)     
[2026-06-26T13:31:32.504-0300][26.992s][9664][15868][info][gc,heap     ] GC(14) y: Compacted:         -                  -                  -                 7M (0%)     
[2026-06-26T13:31:32.504-0300][26.992s][9664][15868][info][gc,phases   ] GC(14) y: Young Generation 1888M(61%)->1336M(43%) 0.070s
[2026-06-26T13:31:32.505-0300][26.992s][9664][15868][info][gc          ] GC(14) Minor Collection (Allocation Rate) 1888M(61%)->1340M(44%) 0.071s
[2026-06-26T13:31:32.505-0300][26.992s][9664][15316][info][gc          ] GC(15) Major Collection (Allocation Rate)
[2026-06-26T13:31:32.505-0300][26.992s][9664][15316][info][gc,task     ] GC(15) Using 3 Workers for Young Generation
[2026-06-26T13:31:32.505-0300][26.992s][9664][15316][info][gc,task     ] GC(15) Using 1 Workers for Old Generation
[2026-06-26T13:31:32.505-0300][26.992s][9664][15316][info][gc,phases   ] GC(15) Y: Young Generation
[2026-06-26T13:31:32.505-0300][26.993s][9664][9396 ][info][gc,phases   ] GC(15) Y: Pause Mark Start (Major) 0.035ms
[2026-06-26T13:31:32.554-0300][27.042s][9664][15316][info][gc,phases   ] GC(15) Y: Concurrent Mark 48.912ms
[2026-06-26T13:31:32.554-0300][27.042s][9664][9396 ][info][gc,phases   ] GC(15) Y: Pause Mark End 0.016ms
[2026-06-26T13:31:32.554-0300][27.042s][9664][15316][info][gc,phases   ] GC(15) Y: Concurrent Mark Free 0.005ms
[2026-06-26T13:31:32.554-0300][27.042s][9664][15316][info][gc,phases   ] GC(15) Y: Concurrent Reset Relocation Set 0.067ms
[2026-06-26T13:31:32.554-0300][27.042s][9664][15316][info][gc,reloc    ] GC(15) Y: Using tenuring threshold: 2 (Computed)
[2026-06-26T13:31:32.555-0300][27.043s][9664][15316][info][gc,phases   ] GC(15) Y: Concurrent Select Relocation Set 1.491ms
[2026-06-26T13:31:32.555-0300][27.044s][9664][9396 ][info][gc,phases   ] GC(15) Y: Pause Relocate Start 0.013ms
[2026-06-26T13:31:32.560-0300][27.047s][9664][15316][info][gc,phases   ] GC(15) Y: Concurrent Relocate 3.510ms
[2026-06-26T13:31:32.560-0300][27.047s][9664][15316][info][gc,alloc    ] GC(15) Y:                         Mark Start        Mark End      Relocate Start    Relocate End   
[2026-06-26T13:31:32.560-0300][27.047s][9664][15316][info][gc,alloc    ] GC(15) Y: Allocation Stalls:          0                0                0                0         
[2026-06-26T13:31:32.560-0300][27.047s][9664][15316][info][gc,load     ] GC(15) Y: Load: 0.00 (0%) / 0.00 (0%) / 0.00 (0%)
[2026-06-26T13:31:32.560-0300][27.047s][9664][15316][info][gc,mmu      ] GC(15) Y: MMU: 2ms/97.3%, 5ms/98.9%, 10ms/99.5%, 20ms/99.6%, 50ms/99.8%, 100ms/99.9%
[2026-06-26T13:31:32.560-0300][27.047s][9664][15316][info][gc,marking  ] GC(15) Y: Mark: 2 stripe(s), 3 proactive flush(es), 1 terminate flush(es), 0 completion(s), 0 continuation(s) 
[2026-06-26T13:31:32.560-0300][27.047s][9664][15316][info][gc,nmethod  ] GC(15) Y: NMethods: 10674 registered, 0 unregistered
[2026-06-26T13:31:32.560-0300][27.047s][9664][15316][info][gc,metaspace] GC(15) Y: Metaspace: 61M used, 62M committed, 1088M reserved
[2026-06-26T13:31:32.560-0300][27.047s][9664][15316][info][gc,reloc    ] GC(15) Y:                        Candidates     Selected     In-Place         Size        Empty    Relocated 
[2026-06-26T13:31:32.560-0300][27.047s][9664][15316][info][gc,reloc    ] GC(15) Y: Small Pages:                  248          215            0         496M          48M           7M 
[2026-06-26T13:31:32.560-0300][27.047s][9664][15316][info][gc,reloc    ] GC(15) Y: Medium Pages:                   0            0            0           0M           0M           0M 
[2026-06-26T13:31:32.560-0300][27.047s][9664][15316][info][gc,reloc    ] GC(15) Y: Large Pages:                    0            0            0           0M           0M           0M 
[2026-06-26T13:31:32.560-0300][27.047s][9664][15316][info][gc,reloc    ] GC(15) Y: Forwarding Usage: 2M
[2026-06-26T13:31:32.560-0300][27.047s][9664][15316][info][gc,reloc    ] GC(15) Y: Age Table:
[2026-06-26T13:31:32.560-0300][27.047s][9664][15316][info][gc,reloc    ] GC(15) Y:                    Live             Garbage             Small              Medium             Large        
[2026-06-26T13:31:32.560-0300][27.047s][9664][15316][info][gc,reloc    ] GC(15) Y: Eden               7M (0%)          470M (15%)        239 / 212            0 / 0              0 / 0        
[2026-06-26T13:31:32.560-0300][27.047s][9664][15316][info][gc,reloc    ] GC(15) Y: Survivor 1         7M (0%)           10M (0%)           9 / 3              0 / 0              0 / 0        
[2026-06-26T13:31:32.560-0300][27.047s][9664][15316][info][gc,heap     ] GC(15) Y: Min Capacity: 8M(0%)
[2026-06-26T13:31:32.560-0300][27.047s][9664][15316][info][gc,heap     ] GC(15) Y: Max Capacity: 3072M(100%)
[2026-06-26T13:31:32.560-0300][27.047s][9664][15316][info][gc,heap     ] GC(15) Y: Soft Max Capacity: 3072M(100%)
[2026-06-26T13:31:32.560-0300][27.047s][9664][15316][info][gc,heap     ] GC(15) Y: Heap Statistics:
[2026-06-26T13:31:32.560-0300][27.047s][9664][15316][info][gc,heap     ] GC(15) Y:                Mark Start          Mark End        Relocate Start      Relocate End           High               Low         
[2026-06-26T13:31:32.560-0300][27.047s][9664][15316][info][gc,heap     ] GC(15) Y:  Capacity:     3072M (100%)       3072M (100%)       3072M (100%)       3072M (100%)       3072M (100%)       3072M (100%)   
[2026-06-26T13:31:32.560-0300][27.047s][9664][15316][info][gc,heap     ] GC(15) Y:      Free:     1730M (56%)        1394M (45%)        1432M (47%)        1836M (60%)        1844M (60%)        1392M (45%)    
[2026-06-26T13:31:32.560-0300][27.047s][9664][15316][info][gc,heap     ] GC(15) Y:      Used:     1342M (44%)        1678M (55%)        1640M (53%)        1236M (40%)        1680M (55%)        1228M (40%)    
[2026-06-26T13:31:32.560-0300][27.048s][9664][15316][info][gc,heap     ] GC(15) Y: Young Generation Statistics:
[2026-06-26T13:31:32.560-0300][27.048s][9664][15316][info][gc,heap     ] GC(15) Y:                Mark Start          Mark End        Relocate Start      Relocate End    
[2026-06-26T13:31:32.560-0300][27.048s][9664][15316][info][gc,heap     ] GC(15) Y:      Used:      496M (16%)         832M (27%)         794M (26%)         390M (13%)    
[2026-06-26T13:31:32.560-0300][27.048s][9664][15316][info][gc,heap     ] GC(15) Y:      Live:         -                15M (0%)           15M (0%)           15M (0%)     
[2026-06-26T13:31:32.560-0300][27.048s][9664][15316][info][gc,heap     ] GC(15) Y:   Garbage:         -               480M (16%)         432M (14%)           1M (0%)     
[2026-06-26T13:31:32.560-0300][27.048s][9664][15316][info][gc,heap     ] GC(15) Y: Allocated:         -               336M (11%)         346M (11%)         373M (12%)    
[2026-06-26T13:31:32.560-0300][27.048s][9664][15316][info][gc,heap     ] GC(15) Y: Reclaimed:         -                  -                48M (2%)          479M (16%)    
[2026-06-26T13:31:32.560-0300][27.048s][9664][15316][info][gc,heap     ] GC(15) Y:  Promoted:         -                  -                 0M (0%)            0M (0%)     
[2026-06-26T13:31:32.560-0300][27.048s][9664][15316][info][gc,heap     ] GC(15) Y: Compacted:         -                  -                  -                 8M (0%)     
[2026-06-26T13:31:32.560-0300][27.048s][9664][15316][info][gc,phases   ] GC(15) Y: Young Generation 1340M(44%)->1236M(40%) 0.055s
[2026-06-26T13:31:32.560-0300][27.048s][9664][15316][info][gc,phases   ] GC(15) O: Old Generation
[2026-06-26T13:31:32.563-0300][27.051s][9664][15868][info][gc          ] GC(16) Minor Collection (Allocation Rate)
[2026-06-26T13:31:32.563-0300][27.051s][9664][15868][info][gc,task     ] GC(16) Using 2 Workers for Young Generation
[2026-06-26T13:31:32.563-0300][27.051s][9664][15868][info][gc,phases   ] GC(16) y: Young Generation
[2026-06-26T13:31:32.563-0300][27.051s][9664][9396 ][info][gc,phases   ] GC(16) y: Pause Mark Start 0.028ms
[2026-06-26T13:31:32.610-0300][27.098s][9664][15868][info][gc,phases   ] GC(16) y: Concurrent Mark 46.876ms
[2026-06-26T13:31:32.610-0300][27.098s][9664][9396 ][info][gc,phases   ] GC(16) y: Pause Mark End 0.021ms
[2026-06-26T13:31:32.610-0300][27.098s][9664][15868][info][gc,phases   ] GC(16) y: Concurrent Mark Free 0.006ms
[2026-06-26T13:31:32.610-0300][27.098s][9664][15868][info][gc,phases   ] GC(16) y: Concurrent Reset Relocation Set 0.018ms
[2026-06-26T13:31:32.610-0300][27.099s][9664][15868][info][gc,reloc    ] GC(16) y: Using tenuring threshold: 2 (Computed)
[2026-06-26T13:31:32.615-0300][27.103s][9664][15868][info][gc,phases   ] GC(16) y: Concurrent Select Relocation Set 4.442ms
[2026-06-26T13:31:32.615-0300][27.103s][9664][9396 ][info][gc,phases   ] GC(16) y: Pause Relocate Start 0.019ms
[2026-06-26T13:31:32.626-0300][27.114s][9664][15868][info][gc,phases   ] GC(16) y: Concurrent Relocate 11.430ms
[2026-06-26T13:31:32.626-0300][27.114s][9664][15868][info][gc,alloc    ] GC(16) y:                         Mark Start        Mark End      Relocate Start    Relocate End   
[2026-06-26T13:31:32.626-0300][27.114s][9664][15868][info][gc,alloc    ] GC(16) y: Allocation Stalls:          0                0                0                0         
[2026-06-26T13:31:32.626-0300][27.114s][9664][15868][info][gc,load     ] GC(16) y: Load: 0.00 (0%) / 0.00 (0%) / 0.00 (0%)
[2026-06-26T13:31:32.626-0300][27.114s][9664][15868][info][gc,mmu      ] GC(16) y: MMU: 2ms/97.3%, 5ms/98.9%, 10ms/99.4%, 20ms/99.6%, 50ms/99.8%, 100ms/99.8%
[2026-06-26T13:31:32.626-0300][27.115s][9664][15868][info][gc,marking  ] GC(16) y: Mark: 2 stripe(s), 2 proactive flush(es), 1 terminate flush(es), 0 completion(s), 0 continuation(s) 
[2026-06-26T13:31:32.626-0300][27.115s][9664][15868][info][gc,nmethod  ] GC(16) y: NMethods: 10692 registered, 0 unregistered
[2026-06-26T13:31:32.626-0300][27.115s][9664][15868][info][gc,metaspace] GC(16) y: Metaspace: 61M used, 62M committed, 1088M reserved
[2026-06-26T13:31:32.626-0300][27.115s][9664][15868][info][gc,reloc    ] GC(16) y:                        Candidates     Selected     In-Place         Size        Empty    Relocated 
[2026-06-26T13:31:32.626-0300][27.115s][9664][15868][info][gc,reloc    ] GC(16) y: Small Pages:                  209          177            0         418M          40M           5M 
[2026-06-26T13:31:32.626-0300][27.115s][9664][15868][info][gc,reloc    ] GC(16) y: Medium Pages:                   0            0            0           0M           0M           0M 
[2026-06-26T13:31:32.626-0300][27.115s][9664][15868][info][gc,reloc    ] GC(16) y: Large Pages:                    0            0            0           0M           0M           0M 
[2026-06-26T13:31:32.626-0300][27.115s][9664][15868][info][gc,reloc    ] GC(16) y: Forwarding Usage: 1M
[2026-06-26T13:31:32.626-0300][27.115s][9664][15868][info][gc,reloc    ] GC(16) y: Age Table:
[2026-06-26T13:31:32.626-0300][27.115s][9664][15868][info][gc,reloc    ] GC(16) y:                    Live             Garbage             Small              Medium             Large        
[2026-06-26T13:31:32.626-0300][27.115s][9664][15868][info][gc,reloc    ] GC(16) y: Eden               5M (0%)          390M (13%)        198 / 175            0 / 0              0 / 0        
[2026-06-26T13:31:32.626-0300][27.115s][9664][15868][info][gc,reloc    ] GC(16) y: Survivor 1         7M (0%)            4M (0%)           6 / 1              0 / 0              0 / 0        
[2026-06-26T13:31:32.626-0300][27.115s][9664][15868][info][gc,reloc    ] GC(16) y: Survivor 2         7M (0%)            2M (0%)           5 / 1              0 / 0              0 / 0        
[2026-06-26T13:31:32.626-0300][27.115s][9664][15868][info][gc,heap     ] GC(16) y: Min Capacity: 8M(0%)
[2026-06-26T13:31:32.626-0300][27.115s][9664][15868][info][gc,heap     ] GC(16) y: Max Capacity: 3072M(100%)
[2026-06-26T13:31:32.626-0300][27.115s][9664][15868][info][gc,heap     ] GC(16) y: Soft Max Capacity: 3072M(100%)
[2026-06-26T13:31:32.626-0300][27.115s][9664][15868][info][gc,heap     ] GC(16) y: Heap Statistics:
[2026-06-26T13:31:32.626-0300][27.115s][9664][15868][info][gc,heap     ] GC(16) y:                Mark Start          Mark End        Relocate Start      Relocate End           High               Low         
[2026-06-26T13:31:32.626-0300][27.115s][9664][15868][info][gc,heap     ] GC(16) y:  Capacity:     3072M (100%)       3072M (100%)       3072M (100%)       3072M (100%)       3072M (100%)       3072M (100%)   
[2026-06-26T13:31:32.627-0300][27.115s][9664][15868][info][gc,heap     ] GC(16) y:      Free:     1808M (59%)        1454M (47%)        1466M (48%)        1740M (57%)        1808M (59%)        1450M (47%)    
[2026-06-26T13:31:32.627-0300][27.115s][9664][15868][info][gc,heap     ] GC(16) y:      Used:     1264M (41%)        1618M (53%)        1606M (52%)        1332M (43%)        1622M (53%)        1264M (41%)    
[2026-06-26T13:31:32.627-0300][27.115s][9664][15868][info][gc,heap     ] GC(16) y: Young Generation Statistics:
[2026-06-26T13:31:32.627-0300][27.115s][9664][15868][info][gc,heap     ] GC(16) y:                Mark Start          Mark End        Relocate Start      Relocate End    
[2026-06-26T13:31:32.627-0300][27.115s][9664][15868][info][gc,heap     ] GC(16) y:      Used:      418M (14%)         772M (25%)         754M (25%)         470M (15%)    
[2026-06-26T13:31:32.627-0300][27.115s][9664][15868][info][gc,heap     ] GC(16) y:      Live:         -                20M (1%)           14M (0%)           12M (0%)     
[2026-06-26T13:31:32.627-0300][27.115s][9664][15868][info][gc,heap     ] GC(16) y:   Garbage:         -               397M (13%)         357M (12%)           2M (0%)     
[2026-06-26T13:31:32.627-0300][27.115s][9664][15868][info][gc,heap     ] GC(16) y: Allocated:         -               354M (12%)         382M (12%)         455M (15%)    
[2026-06-26T13:31:32.627-0300][27.115s][9664][15868][info][gc,heap     ] GC(16) y: Reclaimed:         -                  -                40M (1%)          395M (13%)    
[2026-06-26T13:31:32.627-0300][27.115s][9664][15868][info][gc,heap     ] GC(16) y:  Promoted:         -                  -                 5M (0%)            7M (0%)     
[2026-06-26T13:31:32.627-0300][27.115s][9664][15868][info][gc,heap     ] GC(16) y: Compacted:         -                  -                  -                 4M (0%)     
[2026-06-26T13:31:32.627-0300][27.115s][9664][15868][info][gc,phases   ] GC(16) y: Young Generation 1264M(41%)->1332M(43%) 0.064s
[2026-06-26T13:31:32.627-0300][27.115s][9664][15868][info][gc          ] GC(16) Minor Collection (Allocation Rate) 1262M(41%)->1336M(43%) 0.064s
[2026-06-26T13:31:32.627-0300][27.115s][9664][15868][info][gc          ] GC(17) Minor Collection (Allocation Rate)
[2026-06-26T13:31:32.627-0300][27.115s][9664][15868][info][gc,task     ] GC(17) Using 2 Workers for Young Generation
[2026-06-26T13:31:32.627-0300][27.115s][9664][15868][info][gc,phases   ] GC(17) y: Young Generation
[2026-06-26T13:31:32.627-0300][27.115s][9664][9396 ][info][gc,phases   ] GC(17) y: Pause Mark Start 0.021ms
[2026-06-26T13:31:32.682-0300][27.169s][9664][15868][info][gc,phases   ] GC(17) y: Concurrent Mark 54.064ms
[2026-06-26T13:31:32.682-0300][27.169s][9664][9396 ][info][gc,phases   ] GC(17) y: Pause Mark End 0.024ms
[2026-06-26T13:31:32.682-0300][27.170s][9664][15868][info][gc,phases   ] GC(17) y: Concurrent Mark Free 0.004ms
[2026-06-26T13:31:32.682-0300][27.170s][9664][15868][info][gc,phases   ] GC(17) y: Concurrent Reset Relocation Set 0.032ms
[2026-06-26T13:31:32.682-0300][27.170s][9664][15868][info][gc,reloc    ] GC(17) y: Using tenuring threshold: 2 (Computed)
[2026-06-26T13:31:32.686-0300][27.174s][9664][15868][info][gc,phases   ] GC(17) y: Concurrent Select Relocation Set 4.057ms
[2026-06-26T13:31:32.686-0300][27.174s][9664][9396 ][info][gc,phases   ] GC(17) y: Pause Relocate Start 0.019ms
[2026-06-26T13:31:32.695-0300][27.183s][9664][15868][info][gc,phases   ] GC(17) y: Concurrent Relocate 9.048ms
[2026-06-26T13:31:32.695-0300][27.183s][9664][15868][info][gc,alloc    ] GC(17) y:                         Mark Start        Mark End      Relocate Start    Relocate End   
[2026-06-26T13:31:32.695-0300][27.183s][9664][15868][info][gc,alloc    ] GC(17) y: Allocation Stalls:          0                0                0                0         
[2026-06-26T13:31:32.695-0300][27.183s][9664][15868][info][gc,load     ] GC(17) y: Load: 0.00 (0%) / 0.00 (0%) / 0.00 (0%)
[2026-06-26T13:31:32.695-0300][27.183s][9664][15868][info][gc,mmu      ] GC(17) y: MMU: 2ms/97.3%, 5ms/98.9%, 10ms/99.4%, 20ms/99.6%, 50ms/99.8%, 100ms/99.8%
[2026-06-26T13:31:32.695-0300][27.183s][9664][15868][info][gc,marking  ] GC(17) y: Mark: 2 stripe(s), 2 proactive flush(es), 1 terminate flush(es), 0 completion(s), 0 continuation(s) 
[2026-06-26T13:31:32.695-0300][27.183s][9664][15868][info][gc,nmethod  ] GC(17) y: NMethods: 10701 registered, 0 unregistered
[2026-06-26T13:31:32.695-0300][27.183s][9664][15868][info][gc,metaspace] GC(17) y: Metaspace: 61M used, 62M committed, 1088M reserved
[2026-06-26T13:31:32.695-0300][27.183s][9664][15868][info][gc,reloc    ] GC(17) y:                        Candidates     Selected     In-Place         Size        Empty    Relocated 
[2026-06-26T13:31:32.695-0300][27.183s][9664][15868][info][gc,reloc    ] GC(17) y: Small Pages:                  221          189            0         442M          40M           5M 
[2026-06-26T13:31:32.695-0300][27.183s][9664][15868][info][gc,reloc    ] GC(17) y: Medium Pages:                   1            0            0          32M           0M           0M 
[2026-06-26T13:31:32.695-0300][27.183s][9664][15868][info][gc,reloc    ] GC(17) y: Large Pages:                    0            0            0           0M           0M           0M 
[2026-06-26T13:31:32.695-0300][27.183s][9664][15868][info][gc,reloc    ] GC(17) y: Forwarding Usage: 1M
[2026-06-26T13:31:32.695-0300][27.183s][9664][15868][info][gc,reloc    ] GC(17) y: Age Table:
[2026-06-26T13:31:32.695-0300][27.183s][9664][15868][info][gc,reloc    ] GC(17) y:                    Live             Garbage             Small              Medium             Large        
[2026-06-26T13:31:32.695-0300][27.183s][9664][15868][info][gc,reloc    ] GC(17) y: Eden               8M (0%)          437M (14%)        207 / 182            1 / 0              0 / 0        
[2026-06-26T13:31:32.695-0300][27.183s][9664][15868][info][gc,reloc    ] GC(17) y: Survivor 1         4M (0%)            7M (0%)           6 / 3              0 / 0              0 / 0        
[2026-06-26T13:31:32.695-0300][27.183s][9664][15868][info][gc,reloc    ] GC(17) y: Survivor 2         7M (0%)            8M (0%)           8 / 4              0 / 0              0 / 0        
[2026-06-26T13:31:32.695-0300][27.183s][9664][15868][info][gc,heap     ] GC(17) y: Min Capacity: 8M(0%)
[2026-06-26T13:31:32.695-0300][27.183s][9664][15868][info][gc,heap     ] GC(17) y: Max Capacity: 3072M(100%)
[2026-06-26T13:31:32.695-0300][27.183s][9664][15868][info][gc,heap     ] GC(17) y: Soft Max Capacity: 3072M(100%)
[2026-06-26T13:31:32.695-0300][27.183s][9664][15868][info][gc,heap     ] GC(17) y: Heap Statistics:
[2026-06-26T13:31:32.695-0300][27.183s][9664][15868][info][gc,heap     ] GC(17) y:                Mark Start          Mark End        Relocate Start      Relocate End           High               Low         
[2026-06-26T13:31:32.695-0300][27.183s][9664][15868][info][gc,heap     ] GC(17) y:  Capacity:     3072M (100%)       3072M (100%)       3072M (100%)       3072M (100%)       3072M (100%)       3072M (100%)   
[2026-06-26T13:31:32.695-0300][27.183s][9664][15868][info][gc,heap     ] GC(17) y:      Free:     1736M (57%)        1490M (49%)        1502M (49%)        1826M (59%)        1860M (61%)        1488M (48%)    
[2026-06-26T13:31:32.695-0300][27.183s][9664][15868][info][gc,heap     ] GC(17) y:      Used:     1336M (43%)        1582M (51%)        1570M (51%)        1246M (41%)        1584M (52%)        1212M (39%)    
[2026-06-26T13:31:32.695-0300][27.183s][9664][15868][info][gc,heap     ] GC(17) y: Young Generation Statistics:
[2026-06-26T13:31:32.695-0300][27.183s][9664][15868][info][gc,heap     ] GC(17) y:                Mark Start          Mark End        Relocate Start      Relocate End    
[2026-06-26T13:31:32.695-0300][27.183s][9664][15868][info][gc,heap     ] GC(17) y:      Used:      474M (15%)         720M (23%)         702M (23%)         374M (12%)    
[2026-06-26T13:31:32.695-0300][27.183s][9664][15868][info][gc,heap     ] GC(17) y:      Live:         -                20M (1%)           14M (0%)           13M (0%)     
[2026-06-26T13:31:32.695-0300][27.183s][9664][15868][info][gc,heap     ] GC(17) y:   Garbage:         -               453M (15%)         413M (13%)          34M (1%)     
[2026-06-26T13:31:32.695-0300][27.183s][9664][15868][info][gc,heap     ] GC(17) y: Allocated:         -               246M (8%)          274M (9%)          326M (11%)    
[2026-06-26T13:31:32.695-0300][27.183s][9664][15868][info][gc,heap     ] GC(17) y: Reclaimed:         -                  -                40M (1%)          419M (14%)    
[2026-06-26T13:31:32.695-0300][27.183s][9664][15868][info][gc,heap     ] GC(17) y:  Promoted:         -                  -                 5M (0%)            7M (0%)     
[2026-06-26T13:31:32.695-0300][27.184s][9664][15868][info][gc,heap     ] GC(17) y: Compacted:         -                  -                  -                 5M (0%)     
[2026-06-26T13:31:32.695-0300][27.184s][9664][15868][info][gc,phases   ] GC(17) y: Young Generation 1336M(43%)->1246M(41%) 0.068s
[2026-06-26T13:31:32.695-0300][27.184s][9664][15868][info][gc          ] GC(17) Minor Collection (Allocation Rate) 1336M(43%)->1252M(41%) 0.069s
[2026-06-26T13:31:32.707-0300][27.195s][9664][15868][info][gc          ] GC(18) Minor Collection (Allocation Rate)
[2026-06-26T13:31:32.708-0300][27.196s][9664][15868][info][gc,task     ] GC(18) Using 2 Workers for Young Generation
[2026-06-26T13:31:32.708-0300][27.196s][9664][15868][info][gc,phases   ] GC(18) y: Young Generation
[2026-06-26T13:31:32.726-0300][27.214s][9664][9396 ][info][gc,phases   ] GC(18) y: Pause Mark Start 0.050ms
[2026-06-26T13:31:32.801-0300][27.289s][9664][15868][info][gc,phases   ] GC(18) y: Concurrent Mark 74.641ms
[2026-06-26T13:31:32.801-0300][27.289s][9664][9396 ][info][gc,phases   ] GC(18) y: Pause Mark End 0.025ms
[2026-06-26T13:31:32.801-0300][27.289s][9664][15868][info][gc,phases   ] GC(18) y: Concurrent Mark Free 0.012ms
[2026-06-26T13:31:32.801-0300][27.289s][9664][15868][info][gc,phases   ] GC(18) y: Concurrent Reset Relocation Set 0.034ms
[2026-06-26T13:31:32.801-0300][27.289s][9664][15868][info][gc,reloc    ] GC(18) y: Using tenuring threshold: 2 (Computed)
[2026-06-26T13:31:32.805-0300][27.293s][9664][15868][info][gc,phases   ] GC(18) y: Concurrent Select Relocation Set 3.718ms
[2026-06-26T13:31:32.805-0300][27.293s][9664][9396 ][info][gc,phases   ] GC(18) y: Pause Relocate Start 0.024ms
[2026-06-26T13:31:32.817-0300][27.305s][9664][15868][info][gc,phases   ] GC(18) y: Concurrent Relocate 12.128ms
[2026-06-26T13:31:32.817-0300][27.305s][9664][15868][info][gc,alloc    ] GC(18) y:                         Mark Start        Mark End      Relocate Start    Relocate End   
[2026-06-26T13:31:32.817-0300][27.305s][9664][15868][info][gc,alloc    ] GC(18) y: Allocation Stalls:          0                0                0                0         
[2026-06-26T13:31:32.817-0300][27.305s][9664][15868][info][gc,load     ] GC(18) y: Load: 0.00 (0%) / 0.00 (0%) / 0.00 (0%)
[2026-06-26T13:31:32.817-0300][27.305s][9664][15868][info][gc,mmu      ] GC(18) y: MMU: 2ms/97.3%, 5ms/98.9%, 10ms/99.4%, 20ms/99.6%, 50ms/99.8%, 100ms/99.8%
[2026-06-26T13:31:32.817-0300][27.305s][9664][15868][info][gc,marking  ] GC(18) y: Mark: 2 stripe(s), 2 proactive flush(es), 1 terminate flush(es), 0 completion(s), 0 continuation(s) 
[2026-06-26T13:31:32.817-0300][27.305s][9664][15868][info][gc,nmethod  ] GC(18) y: NMethods: 10713 registered, 0 unregistered
[2026-06-26T13:31:32.817-0300][27.305s][9664][15868][info][gc,metaspace] GC(18) y: Metaspace: 61M used, 62M committed, 1088M reserved
[2026-06-26T13:31:32.817-0300][27.305s][9664][15868][info][gc,reloc    ] GC(18) y:                        Candidates     Selected     In-Place         Size        Empty    Relocated 
[2026-06-26T13:31:32.817-0300][27.305s][9664][15868][info][gc,reloc    ] GC(18) y: Small Pages:                  282          244            0         564M          54M           8M 
[2026-06-26T13:31:32.817-0300][27.305s][9664][15868][info][gc,reloc    ] GC(18) y: Medium Pages:                   1            0            0          32M           0M           0M 
[2026-06-26T13:31:32.817-0300][27.305s][9664][15868][info][gc,reloc    ] GC(18) y: Large Pages:                    0            0            0           0M           0M           0M 
[2026-06-26T13:31:32.817-0300][27.305s][9664][15868][info][gc,reloc    ] GC(18) y: Forwarding Usage: 3M
[2026-06-26T13:31:32.817-0300][27.305s][9664][15868][info][gc,reloc    ] GC(18) y: Age Table:
[2026-06-26T13:31:32.817-0300][27.305s][9664][15868][info][gc,reloc    ] GC(18) y:                    Live             Garbage             Small              Medium             Large        
[2026-06-26T13:31:32.817-0300][27.305s][9664][15868][info][gc,reloc    ] GC(18) y: Eden               6M (0%)          535M (17%)        271 / 240            0 / 0              0 / 0        
[2026-06-26T13:31:32.817-0300][27.305s][9664][15868][info][gc,reloc    ] GC(18) y: Survivor 1         7M (0%)           38M (1%)           7 / 1              1 / 0              0 / 0        
[2026-06-26T13:31:32.817-0300][27.305s][9664][15868][info][gc,reloc    ] GC(18) y: Survivor 2         4M (0%)            3M (0%)           4 / 3              0 / 0              0 / 0        
[2026-06-26T13:31:32.817-0300][27.305s][9664][15868][info][gc,heap     ] GC(18) y: Min Capacity: 8M(0%)
[2026-06-26T13:31:32.817-0300][27.305s][9664][15868][info][gc,heap     ] GC(18) y: Max Capacity: 3072M(100%)
[2026-06-26T13:31:32.817-0300][27.305s][9664][15868][info][gc,heap     ] GC(18) y: Soft Max Capacity: 3072M(100%)
[2026-06-26T13:31:32.817-0300][27.305s][9664][15868][info][gc,heap     ] GC(18) y: Heap Statistics:
[2026-06-26T13:31:32.817-0300][27.305s][9664][15868][info][gc,heap     ] GC(18) y:                Mark Start          Mark End        Relocate Start      Relocate End           High               Low         
[2026-06-26T13:31:32.817-0300][27.305s][9664][15868][info][gc,heap     ] GC(18) y:  Capacity:     3072M (100%)       3072M (100%)       3072M (100%)       3072M (100%)       3072M (100%)       3072M (100%)   
[2026-06-26T13:31:32.817-0300][27.305s][9664][15868][info][gc,heap     ] GC(18) y:      Free:     1604M (52%)        1158M (38%)        1188M (39%)        1568M (51%)        1642M (53%)        1158M (38%)    
[2026-06-26T13:31:32.817-0300][27.306s][9664][15868][info][gc,heap     ] GC(18) y:      Used:     1468M (48%)        1914M (62%)        1884M (61%)        1504M (49%)        1914M (62%)        1430M (47%)    
[2026-06-26T13:31:32.817-0300][27.306s][9664][15868][info][gc,heap     ] GC(18) y: Young Generation Statistics:
[2026-06-26T13:31:32.817-0300][27.306s][9664][15868][info][gc,heap     ] GC(18) y:                Mark Start          Mark End        Relocate Start      Relocate End    
[2026-06-26T13:31:32.817-0300][27.306s][9664][15868][info][gc,heap     ] GC(18) y:      Used:      596M (19%)        1042M (34%)        1010M (33%)         618M (20%)    
[2026-06-26T13:31:32.817-0300][27.306s][9664][15868][info][gc,heap     ] GC(18) y:      Live:         -                19M (1%)           18M (1%)           14M (0%)     
[2026-06-26T13:31:32.817-0300][27.306s][9664][15868][info][gc,heap     ] GC(18) y:   Garbage:         -               576M (19%)         521M (17%)          32M (1%)     
[2026-06-26T13:31:32.817-0300][27.306s][9664][15868][info][gc,heap     ] GC(18) y: Allocated:         -               446M (15%)         470M (15%)         570M (19%)    
[2026-06-26T13:31:32.817-0300][27.306s][9664][15868][info][gc,heap     ] GC(18) y: Reclaimed:         -                  -                54M (2%)          544M (18%)    
[2026-06-26T13:31:32.817-0300][27.306s][9664][15868][info][gc,heap     ] GC(18) y:  Promoted:         -                  -                 1M (0%)            4M (0%)     
[2026-06-26T13:31:32.817-0300][27.306s][9664][15868][info][gc,heap     ] GC(18) y: Compacted:         -                  -                  -                 9M (0%)     
[2026-06-26T13:31:32.817-0300][27.306s][9664][15868][info][gc,phases   ] GC(18) y: Young Generation 1342M(44%)->1504M(49%) 0.110s
[2026-06-26T13:31:32.817-0300][27.306s][9664][15868][info][gc          ] GC(18) Minor Collection (Allocation Rate) 1340M(44%)->1506M(49%) 0.110s
[2026-06-26T13:31:32.817-0300][27.306s][9664][15868][info][gc          ] GC(19) Minor Collection (Allocation Rate)
[2026-06-26T13:31:32.817-0300][27.306s][9664][15868][info][gc,task     ] GC(19) Using 2 Workers for Young Generation
[2026-06-26T13:31:32.817-0300][27.306s][9664][15868][info][gc,phases   ] GC(19) y: Young Generation
[2026-06-26T13:31:32.818-0300][27.306s][9664][9396 ][info][gc,phases   ] GC(19) y: Pause Mark Start 0.017ms
[2026-06-26T13:31:32.871-0300][27.358s][9664][15868][info][gc,phases   ] GC(19) y: Concurrent Mark 52.261ms
[2026-06-26T13:31:32.871-0300][27.358s][9664][9396 ][info][gc,phases   ] GC(19) y: Pause Mark End 0.022ms
[2026-06-26T13:31:32.871-0300][27.358s][9664][15868][info][gc,phases   ] GC(19) y: Concurrent Mark Free 0.010ms
[2026-06-26T13:31:32.871-0300][27.359s][9664][15868][info][gc,phases   ] GC(19) y: Concurrent Reset Relocation Set 0.039ms
[2026-06-26T13:31:32.871-0300][27.359s][9664][15868][info][gc,reloc    ] GC(19) y: Using tenuring threshold: 2 (Computed)
[2026-06-26T13:31:32.873-0300][27.362s][9664][15868][info][gc,phases   ] GC(19) y: Concurrent Select Relocation Set 3.174ms
[2026-06-26T13:31:32.873-0300][27.362s][9664][9396 ][info][gc,phases   ] GC(19) y: Pause Relocate Start 0.016ms
[2026-06-26T13:31:32.887-0300][27.375s][9664][15868][info][gc,phases   ] GC(19) y: Concurrent Relocate 12.681ms
[2026-06-26T13:31:32.887-0300][27.375s][9664][15868][info][gc,alloc    ] GC(19) y:                         Mark Start        Mark End      Relocate Start    Relocate End   
[2026-06-26T13:31:32.887-0300][27.375s][9664][15868][info][gc,alloc    ] GC(19) y: Allocation Stalls:          0                0                0                0         
[2026-06-26T13:31:32.887-0300][27.375s][9664][15868][info][gc,load     ] GC(19) y: Load: 0.00 (0%) / 0.00 (0%) / 0.00 (0%)
[2026-06-26T13:31:32.887-0300][27.375s][9664][15868][info][gc,mmu      ] GC(19) y: MMU: 2ms/97.3%, 5ms/98.9%, 10ms/99.4%, 20ms/99.6%, 50ms/99.8%, 100ms/99.8%
[2026-06-26T13:31:32.887-0300][27.375s][9664][15868][info][gc,marking  ] GC(19) y: Mark: 2 stripe(s), 2 proactive flush(es), 1 terminate flush(es), 0 completion(s), 0 continuation(s) 
[2026-06-26T13:31:32.887-0300][27.375s][9664][15868][info][gc,nmethod  ] GC(19) y: NMethods: 10720 registered, 0 unregistered
[2026-06-26T13:31:32.887-0300][27.375s][9664][15868][info][gc,metaspace] GC(19) y: Metaspace: 61M used, 62M committed, 1088M reserved
[2026-06-26T13:31:32.887-0300][27.375s][9664][15868][info][gc,reloc    ] GC(19) y:                        Candidates     Selected     In-Place         Size        Empty    Relocated 
[2026-06-26T13:31:32.887-0300][27.375s][9664][15868][info][gc,reloc    ] GC(19) y: Small Pages:                  279          243            0         558M          46M           6M 
[2026-06-26T13:31:32.887-0300][27.375s][9664][15868][info][gc,reloc    ] GC(19) y: Medium Pages:                   2            1            0          64M           0M           0M 
[2026-06-26T13:31:32.887-0300][27.375s][9664][15868][info][gc,reloc    ] GC(19) y: Large Pages:                    0            0            0           0M           0M           0M 
[2026-06-26T13:31:32.887-0300][27.375s][9664][15868][info][gc,reloc    ] GC(19) y: Forwarding Usage: 2M
[2026-06-26T13:31:32.887-0300][27.375s][9664][15868][info][gc,reloc    ] GC(19) y: Age Table:
[2026-06-26T13:31:32.887-0300][27.375s][9664][15868][info][gc,reloc    ] GC(19) y:                    Live             Garbage             Small              Medium             Large        
[2026-06-26T13:31:32.887-0300][27.375s][9664][15868][info][gc,reloc    ] GC(19) y: Eden               8M (0%)          553M (18%)        265 / 238            1 / 0              0 / 0        
[2026-06-26T13:31:32.887-0300][27.375s][9664][15868][info][gc,reloc    ] GC(19) y: Survivor 1         6M (0%)            7M (0%)           7 / 3              0 / 0              0 / 0        
[2026-06-26T13:31:32.887-0300][27.375s][9664][15868][info][gc,reloc    ] GC(19) y: Survivor 2         7M (0%)           38M (1%)           7 / 2              1 / 1              0 / 0        
[2026-06-26T13:31:32.887-0300][27.375s][9664][15868][info][gc,heap     ] GC(19) y: Min Capacity: 8M(0%)
[2026-06-26T13:31:32.887-0300][27.375s][9664][15868][info][gc,heap     ] GC(19) y: Max Capacity: 3072M(100%)
[2026-06-26T13:31:32.887-0300][27.375s][9664][15868][info][gc,heap     ] GC(19) y: Soft Max Capacity: 3072M(100%)
[2026-06-26T13:31:32.887-0300][27.375s][9664][15868][info][gc,heap     ] GC(19) y: Heap Statistics:
[2026-06-26T13:31:32.887-0300][27.375s][9664][15868][info][gc,heap     ] GC(19) y:                Mark Start          Mark End        Relocate Start      Relocate End           High               Low         
[2026-06-26T13:31:32.887-0300][27.375s][9664][15868][info][gc,heap     ] GC(19) y:  Capacity:     3072M (100%)       3072M (100%)       3072M (100%)       3072M (100%)       3072M (100%)       3072M (100%)   
[2026-06-26T13:31:32.887-0300][27.375s][9664][15868][info][gc,heap     ] GC(19) y:      Free:     1564M (51%)        1198M (39%)        1226M (40%)        1612M (52%)        1648M (54%)        1124M (37%)    
[2026-06-26T13:31:32.887-0300][27.375s][9664][15868][info][gc,heap     ] GC(19) y:      Used:     1508M (49%)        1874M (61%)        1846M (60%)        1460M (48%)        1948M (63%)        1424M (46%)    
[2026-06-26T13:31:32.887-0300][27.375s][9664][15868][info][gc,heap     ] GC(19) y: Young Generation Statistics:
[2026-06-26T13:31:32.887-0300][27.375s][9664][15868][info][gc,heap     ] GC(19) y:                Mark Start          Mark End        Relocate Start      Relocate End    
[2026-06-26T13:31:32.887-0300][27.375s][9664][15868][info][gc,heap     ] GC(19) y:      Used:      622M (20%)         988M (32%)         954M (31%)         532M (17%)    
[2026-06-26T13:31:32.887-0300][27.375s][9664][15868][info][gc,heap     ] GC(19) y:      Live:         -                23M (1%)           18M (1%)           15M (1%)     
[2026-06-26T13:31:32.887-0300][27.375s][9664][15868][info][gc,heap     ] GC(19) y:   Garbage:         -               598M (19%)         551M (18%)           1M (0%)     
[2026-06-26T13:31:32.887-0300][27.375s][9664][15868][info][gc,heap     ] GC(19) y: Allocated:         -               366M (12%)         384M (12%)         514M (17%)    
[2026-06-26T13:31:32.887-0300][27.375s][9664][15868][info][gc,heap     ] GC(19) y: Reclaimed:         -                  -                47M (2%)          597M (19%)    
[2026-06-26T13:31:32.887-0300][27.375s][9664][15868][info][gc,heap     ] GC(19) y:  Promoted:         -                  -                 4M (0%)            7M (0%)     
[2026-06-26T13:31:32.887-0300][27.375s][9664][15868][info][gc,heap     ] GC(19) y: Compacted:         -                  -                  -                 9M (0%)     
[2026-06-26T13:31:32.887-0300][27.375s][9664][15868][info][gc,phases   ] GC(19) y: Young Generation 1506M(49%)->1460M(48%) 0.069s
[2026-06-26T13:31:32.887-0300][27.375s][9664][15868][info][gc          ] GC(19) Minor Collection (Allocation Rate) 1506M(49%)->1460M(48%) 0.069s
[2026-06-26T13:31:32.887-0300][27.375s][9664][15868][info][gc          ] GC(20) Minor Collection (Allocation Rate)
[2026-06-26T13:31:32.887-0300][27.375s][9664][15868][info][gc,task     ] GC(20) Using 2 Workers for Young Generation
[2026-06-26T13:31:32.887-0300][27.375s][9664][15868][info][gc,phases   ] GC(20) y: Young Generation
[2026-06-26T13:31:32.888-0300][27.375s][9664][9396 ][info][gc,phases   ] GC(20) y: Pause Mark Start 0.027ms
[2026-06-26T13:31:32.969-0300][27.457s][9664][15868][info][gc,phases   ] GC(20) y: Concurrent Mark 81.408ms
[2026-06-26T13:31:32.969-0300][27.457s][9664][9396 ][info][gc,phases   ] GC(20) y: Pause Mark End 0.025ms
[2026-06-26T13:31:32.969-0300][27.457s][9664][15868][info][gc,phases   ] GC(20) y: Concurrent Mark Free 0.012ms
[2026-06-26T13:31:32.969-0300][27.457s][9664][15868][info][gc,phases   ] GC(20) y: Concurrent Reset Relocation Set 0.034ms
[2026-06-26T13:31:32.969-0300][27.457s][9664][15868][info][gc,reloc    ] GC(20) y: Using tenuring threshold: 2 (Computed)
[2026-06-26T13:31:32.973-0300][27.462s][9664][15868][info][gc,phases   ] GC(20) y: Concurrent Select Relocation Set 4.248ms
[2026-06-26T13:31:32.988-0300][27.476s][9664][9396 ][info][gc,phases   ] GC(20) y: Pause Relocate Start 0.016ms
[2026-06-26T13:31:33.000-0300][27.487s][9664][15868][info][gc,phases   ] GC(20) y: Concurrent Relocate 11.168ms
[2026-06-26T13:31:33.000-0300][27.487s][9664][15868][info][gc,alloc    ] GC(20) y:                         Mark Start        Mark End      Relocate Start    Relocate End   
[2026-06-26T13:31:33.000-0300][27.488s][9664][15868][info][gc,alloc    ] GC(20) y: Allocation Stalls:          0                0                0                0         
[2026-06-26T13:31:33.000-0300][27.488s][9664][15868][info][gc,load     ] GC(20) y: Load: 0.00 (0%) / 0.00 (0%) / 0.00 (0%)
[2026-06-26T13:31:33.000-0300][27.488s][9664][15868][info][gc,mmu      ] GC(20) y: MMU: 2ms/97.3%, 5ms/98.9%, 10ms/99.4%, 20ms/99.6%, 50ms/99.8%, 100ms/99.8%
[2026-06-26T13:31:33.000-0300][27.488s][9664][15868][info][gc,marking  ] GC(20) y: Mark: 2 stripe(s), 2 proactive flush(es), 1 terminate flush(es), 0 completion(s), 0 continuation(s) 
[2026-06-26T13:31:33.000-0300][27.488s][9664][15868][info][gc,nmethod  ] GC(20) y: NMethods: 10727 registered, 0 unregistered
[2026-06-26T13:31:33.000-0300][27.488s][9664][15868][info][gc,metaspace] GC(20) y: Metaspace: 61M used, 62M committed, 1088M reserved
[2026-06-26T13:31:33.000-0300][27.488s][9664][15868][info][gc,reloc    ] GC(20) y:                        Candidates     Selected     In-Place         Size        Empty    Relocated 
[2026-06-26T13:31:33.000-0300][27.488s][9664][15868][info][gc,reloc    ] GC(20) y: Small Pages:                  218          184            0         436M          44M           6M 
[2026-06-26T13:31:33.000-0300][27.488s][9664][15868][info][gc,reloc    ] GC(20) y: Medium Pages:                   3            2            0          96M           0M           0M 
[2026-06-26T13:31:33.000-0300][27.488s][9664][15868][info][gc,reloc    ] GC(20) y: Large Pages:                    0            0            0           0M           0M           0M 
[2026-06-26T13:31:33.000-0300][27.488s][9664][15868][info][gc,reloc    ] GC(20) y: Forwarding Usage: 3M
[2026-06-26T13:31:33.000-0300][27.488s][9664][15868][info][gc,reloc    ] GC(20) y: Age Table:
[2026-06-26T13:31:33.000-0300][27.488s][9664][15868][info][gc,reloc    ] GC(20) y:                    Live             Garbage             Small              Medium             Large        
[2026-06-26T13:31:33.000-0300][27.488s][9664][15868][info][gc,reloc    ] GC(20) y: Eden               7M (0%)          436M (14%)        206 / 181            1 / 0              0 / 0        
[2026-06-26T13:31:33.000-0300][27.488s][9664][15868][info][gc,reloc    ] GC(20) y: Survivor 1         8M (0%)           71M (2%)           8 / 3              2 / 2              0 / 0        
[2026-06-26T13:31:33.000-0300][27.488s][9664][15868][info][gc,reloc    ] GC(20) y: Survivor 2         6M (0%)            1M (0%)           4 / 0              0 / 0              0 / 0        
[2026-06-26T13:31:33.000-0300][27.488s][9664][15868][info][gc,heap     ] GC(20) y: Min Capacity: 8M(0%)
[2026-06-26T13:31:33.000-0300][27.488s][9664][15868][info][gc,heap     ] GC(20) y: Max Capacity: 3072M(100%)
[2026-06-26T13:31:33.000-0300][27.488s][9664][15868][info][gc,heap     ] GC(20) y: Soft Max Capacity: 3072M(100%)
[2026-06-26T13:31:33.000-0300][27.488s][9664][15868][info][gc,heap     ] GC(20) y: Heap Statistics:
[2026-06-26T13:31:33.000-0300][27.488s][9664][15868][info][gc,heap     ] GC(20) y:                Mark Start          Mark End        Relocate Start      Relocate End           High               Low         
[2026-06-26T13:31:33.000-0300][27.488s][9664][15868][info][gc,heap     ] GC(20) y:  Capacity:     3072M (100%)       3072M (100%)       3072M (100%)       3072M (100%)       3072M (100%)       3072M (100%)   
[2026-06-26T13:31:33.000-0300][27.488s][9664][15868][info][gc,heap     ] GC(20) y:      Free:     1612M (52%)        1114M (36%)        1020M (33%)        1344M (44%)        1612M (52%)         952M (31%)    
[2026-06-26T13:31:33.000-0300][27.488s][9664][15868][info][gc,heap     ] GC(20) y:      Used:     1460M (48%)        1958M (64%)        2052M (67%)        1728M (56%)        2120M (69%)        1460M (48%)    
[2026-06-26T13:31:33.000-0300][27.488s][9664][15868][info][gc,heap     ] GC(20) y: Young Generation Statistics:
[2026-06-26T13:31:33.000-0300][27.488s][9664][15868][info][gc,heap     ] GC(20) y:                Mark Start          Mark End        Relocate Start      Relocate End    
[2026-06-26T13:31:33.000-0300][27.488s][9664][15868][info][gc,heap     ] GC(20) y:      Used:      532M (17%)        1030M (34%)        1118M (36%)         792M (26%)    
[2026-06-26T13:31:33.000-0300][27.488s][9664][15868][info][gc,heap     ] GC(20) y:      Live:         -                22M (1%)           16M (1%)           15M (1%)     
[2026-06-26T13:31:33.000-0300][27.488s][9664][15868][info][gc,heap     ] GC(20) y:   Garbage:         -               509M (17%)         465M (15%)           0M (0%)     
[2026-06-26T13:31:33.000-0300][27.488s][9664][15868][info][gc,heap     ] GC(20) y: Allocated:         -               498M (16%)         636M (21%)         775M (25%)    
[2026-06-26T13:31:33.000-0300][27.488s][9664][15868][info][gc,heap     ] GC(20) y: Reclaimed:         -                  -                44M (1%)          509M (17%)    
[2026-06-26T13:31:33.000-0300][27.488s][9664][15868][info][gc,heap     ] GC(20) y:  Promoted:         -                  -                 5M (0%)            6M (0%)     
[2026-06-26T13:31:33.000-0300][27.488s][9664][15868][info][gc,heap     ] GC(20) y: Compacted:         -                  -                  -                10M (0%)     
[2026-06-26T13:31:33.000-0300][27.488s][9664][15868][info][gc,phases   ] GC(20) y: Young Generation 1460M(48%)->1728M(56%) 0.112s
[2026-06-26T13:31:33.000-0300][27.488s][9664][15868][info][gc          ] GC(20) Minor Collection (Allocation Rate) 1460M(48%)->1730M(56%) 0.113s
[2026-06-26T13:31:33.000-0300][27.488s][9664][15868][info][gc          ] GC(21) Minor Collection (Allocation Rate)
[2026-06-26T13:31:33.000-0300][27.488s][9664][15868][info][gc,task     ] GC(21) Using 2 Workers for Young Generation
[2026-06-26T13:31:33.000-0300][27.488s][9664][15868][info][gc,phases   ] GC(21) y: Young Generation
[2026-06-26T13:31:33.000-0300][27.488s][9664][9396 ][info][gc,phases   ] GC(21) y: Pause Mark Start 0.014ms
[2026-06-26T13:31:33.106-0300][27.594s][9664][15868][info][gc,phases   ] GC(21) y: Concurrent Mark 105.644ms
[2026-06-26T13:31:33.106-0300][27.594s][9664][9396 ][info][gc,phases   ] GC(21) y: Pause Mark End 0.022ms
[2026-06-26T13:31:33.106-0300][27.594s][9664][15868][info][gc,phases   ] GC(21) y: Concurrent Mark Free 0.003ms
[2026-06-26T13:31:33.106-0300][27.594s][9664][15868][info][gc,phases   ] GC(21) y: Concurrent Reset Relocation Set 0.029ms
[2026-06-26T13:31:33.106-0300][27.594s][9664][15868][info][gc,reloc    ] GC(21) y: Using tenuring threshold: 2 (Computed)
[2026-06-26T13:31:33.111-0300][27.599s][9664][15868][info][gc,phases   ] GC(21) y: Concurrent Select Relocation Set 4.764ms
[2026-06-26T13:31:33.111-0300][27.599s][9664][9396 ][info][gc,phases   ] GC(21) y: Pause Relocate Start 0.020ms
[2026-06-26T13:31:33.126-0300][27.614s][9664][15868][info][gc,phases   ] GC(21) y: Concurrent Relocate 14.217ms
[2026-06-26T13:31:33.126-0300][27.614s][9664][15868][info][gc,alloc    ] GC(21) y:                         Mark Start        Mark End      Relocate Start    Relocate End   
[2026-06-26T13:31:33.126-0300][27.614s][9664][15868][info][gc,alloc    ] GC(21) y: Allocation Stalls:          0                0                0                0         
[2026-06-26T13:31:33.126-0300][27.614s][9664][15868][info][gc,load     ] GC(21) y: Load: 0.00 (0%) / 0.00 (0%) / 0.00 (0%)
[2026-06-26T13:31:33.126-0300][27.614s][9664][15868][info][gc,mmu      ] GC(21) y: MMU: 2ms/97.3%, 5ms/98.9%, 10ms/99.4%, 20ms/99.6%, 50ms/99.8%, 100ms/99.8%
[2026-06-26T13:31:33.126-0300][27.614s][9664][15868][info][gc,marking  ] GC(21) y: Mark: 2 stripe(s), 3 proactive flush(es), 1 terminate flush(es), 0 completion(s), 0 continuation(s) 
[2026-06-26T13:31:33.126-0300][27.614s][9664][15868][info][gc,nmethod  ] GC(21) y: NMethods: 10734 registered, 0 unregistered
[2026-06-26T13:31:33.126-0300][27.614s][9664][15868][info][gc,metaspace] GC(21) y: Metaspace: 61M used, 62M committed, 1088M reserved
[2026-06-26T13:31:33.126-0300][27.614s][9664][15868][info][gc,reloc    ] GC(21) y:                        Candidates     Selected     In-Place         Size        Empty    Relocated 
[2026-06-26T13:31:33.126-0300][27.614s][9664][15868][info][gc,reloc    ] GC(21) y: Small Pages:                  350          302            0         700M          64M           9M 
[2026-06-26T13:31:33.126-0300][27.614s][9664][15868][info][gc,reloc    ] GC(21) y: Medium Pages:                   3            1            0          96M          32M           1M 
[2026-06-26T13:31:33.126-0300][27.614s][9664][15868][info][gc,reloc    ] GC(21) y: Large Pages:                    0            0            0           0M           0M           0M 
[2026-06-26T13:31:33.126-0300][27.614s][9664][15868][info][gc,reloc    ] GC(21) y: Forwarding Usage: 3M
[2026-06-26T13:31:33.126-0300][27.614s][9664][15868][info][gc,reloc    ] GC(21) y: Age Table:
[2026-06-26T13:31:33.126-0300][27.614s][9664][15868][info][gc,reloc    ] GC(21) y:                    Live             Garbage             Small              Medium             Large        
[2026-06-26T13:31:33.126-0300][27.614s][9664][15868][info][gc,reloc    ] GC(21) y: Eden              15M (0%)          692M (23%)        338 / 298            1 / 1              0 / 0        
[2026-06-26T13:31:33.126-0300][27.614s][9664][15868][info][gc,reloc    ] GC(21) y: Survivor 1         6M (0%)           37M (1%)           6 / 2              1 / 0              0 / 0        
[2026-06-26T13:31:33.126-0300][27.614s][9664][15868][info][gc,reloc    ] GC(21) y: Survivor 2         7M (0%)           36M (1%)           6 / 2              1 / 0              0 / 0        
[2026-06-26T13:31:33.126-0300][27.614s][9664][15868][info][gc,heap     ] GC(21) y: Min Capacity: 8M(0%)
[2026-06-26T13:31:33.126-0300][27.614s][9664][15868][info][gc,heap     ] GC(21) y: Max Capacity: 3072M(100%)
[2026-06-26T13:31:33.126-0300][27.614s][9664][15868][info][gc,heap     ] GC(21) y: Soft Max Capacity: 3072M(100%)
[2026-06-26T13:31:33.126-0300][27.614s][9664][15868][info][gc,heap     ] GC(21) y: Heap Statistics:
[2026-06-26T13:31:33.126-0300][27.614s][9664][15868][info][gc,heap     ] GC(21) y:                Mark Start          Mark End        Relocate Start      Relocate End           High               Low         
[2026-06-26T13:31:33.126-0300][27.614s][9664][15868][info][gc,heap     ] GC(21) y:  Capacity:     3072M (100%)       3072M (100%)       3072M (100%)       3072M (100%)       3072M (100%)       3072M (100%)   
[2026-06-26T13:31:33.126-0300][27.614s][9664][15868][info][gc,heap     ] GC(21) y:      Free:     1340M (44%)         718M (23%)         784M (26%)        1240M (40%)        1340M (44%)         686M (22%)    
[2026-06-26T13:31:33.126-0300][27.614s][9664][15868][info][gc,heap     ] GC(21) y:      Used:     1732M (56%)        2354M (77%)        2288M (74%)        1832M (60%)        2386M (78%)        1732M (56%)    
[2026-06-26T13:31:33.126-0300][27.614s][9664][15868][info][gc,heap     ] GC(21) y: Young Generation Statistics:
[2026-06-26T13:31:33.126-0300][27.614s][9664][15868][info][gc,heap     ] GC(21) y:                Mark Start          Mark End        Relocate Start      Relocate End    
[2026-06-26T13:31:33.126-0300][27.614s][9664][15868][info][gc,heap     ] GC(21) y:      Used:      796M (26%)        1418M (46%)        1346M (44%)         884M (29%)    
[2026-06-26T13:31:33.126-0300][27.614s][9664][15868][info][gc,heap     ] GC(21) y:      Live:         -                29M (1%)           24M (1%)           22M (1%)     
[2026-06-26T13:31:33.126-0300][27.614s][9664][15868][info][gc,heap     ] GC(21) y:   Garbage:         -               766M (25%)         669M (22%)           1M (0%)     
[2026-06-26T13:31:33.126-0300][27.614s][9664][15868][info][gc,heap     ] GC(21) y: Allocated:         -               622M (20%)         652M (21%)         860M (28%)    
[2026-06-26T13:31:33.126-0300][27.614s][9664][15868][info][gc,heap     ] GC(21) y: Reclaimed:         -                  -                96M (3%)          764M (25%)    
[2026-06-26T13:31:33.126-0300][27.614s][9664][15868][info][gc,heap     ] GC(21) y:  Promoted:         -                  -                 5M (0%)            7M (0%)     
[2026-06-26T13:31:33.126-0300][27.614s][9664][15868][info][gc,heap     ] GC(21) y: Compacted:         -                  -                  -                13M (0%)     
[2026-06-26T13:31:33.126-0300][27.614s][9664][15868][info][gc,phases   ] GC(21) y: Young Generation 1730M(56%)->1832M(60%) 0.125s
[2026-06-26T13:31:33.126-0300][27.614s][9664][15868][info][gc          ] GC(21) Minor Collection (Allocation Rate) 1730M(56%)->1834M(60%) 0.126s
[2026-06-26T13:31:33.126-0300][27.614s][9664][15868][info][gc          ] GC(22) Minor Collection (Allocation Rate)
[2026-06-26T13:31:33.126-0300][27.614s][9664][15868][info][gc,task     ] GC(22) Using 2 Workers for Young Generation
[2026-06-26T13:31:33.126-0300][27.614s][9664][15868][info][gc,phases   ] GC(22) y: Young Generation
[2026-06-26T13:31:33.127-0300][27.614s][9664][9396 ][info][gc,phases   ] GC(22) y: Pause Mark Start 0.019ms
[2026-06-26T13:31:33.247-0300][27.734s][9664][15868][info][gc,phases   ] GC(22) y: Concurrent Mark 119.866ms
[2026-06-26T13:31:33.247-0300][27.734s][9664][9396 ][info][gc,phases   ] GC(22) y: Pause Mark End 0.024ms
[2026-06-26T13:31:33.247-0300][27.735s][9664][15868][info][gc,phases   ] GC(22) y: Concurrent Mark Free 0.005ms
[2026-06-26T13:31:33.247-0300][27.735s][9664][15868][info][gc,phases   ] GC(22) y: Concurrent Reset Relocation Set 0.035ms
[2026-06-26T13:31:33.247-0300][27.735s][9664][15868][info][gc,reloc    ] GC(22) y: Using tenuring threshold: 3 (Computed)
[2026-06-26T13:31:33.247-0300][27.735s][9664][15868][info][gc,phases   ] GC(22) y: Concurrent Select Relocation Set 0.607ms
[2026-06-26T13:31:33.248-0300][27.735s][9664][9396 ][info][gc,phases   ] GC(22) y: Pause Relocate Start 0.009ms
[2026-06-26T13:31:33.254-0300][27.741s][9664][15868][info][gc,phases   ] GC(22) y: Concurrent Relocate 5.913ms
[2026-06-26T13:31:33.254-0300][27.742s][9664][15868][info][gc,alloc    ] GC(22) y:                         Mark Start        Mark End      Relocate Start    Relocate End   
[2026-06-26T13:31:33.254-0300][27.742s][9664][15868][info][gc,alloc    ] GC(22) y: Allocation Stalls:          0                0                0                0         
[2026-06-26T13:31:33.254-0300][27.742s][9664][15868][info][gc,load     ] GC(22) y: Load: 0.00 (0%) / 0.00 (0%) / 0.00 (0%)
[2026-06-26T13:31:33.254-0300][27.742s][9664][15868][info][gc,mmu      ] GC(22) y: MMU: 2ms/97.3%, 5ms/98.9%, 10ms/99.4%, 20ms/99.6%, 50ms/99.8%, 100ms/99.8%
[2026-06-26T13:31:33.254-0300][27.742s][9664][15868][info][gc,marking  ] GC(22) y: Mark: 2 stripe(s), 2 proactive flush(es), 1 terminate flush(es), 0 completion(s), 0 continuation(s) 
[2026-06-26T13:31:33.254-0300][27.742s][9664][15868][info][gc,nmethod  ] GC(22) y: NMethods: 10736 registered, 0 unregistered
[2026-06-26T13:31:33.254-0300][27.742s][9664][15868][info][gc,metaspace] GC(22) y: Metaspace: 61M used, 62M committed, 1088M reserved
[2026-06-26T13:31:33.254-0300][27.742s][9664][15868][info][gc,reloc    ] GC(22) y:                        Candidates     Selected     In-Place         Size        Empty    Relocated 
[2026-06-26T13:31:33.254-0300][27.742s][9664][15868][info][gc,reloc    ] GC(22) y: Small Pages:                  380          316            0         760M          78M           7M 
[2026-06-26T13:31:33.254-0300][27.742s][9664][15868][info][gc,reloc    ] GC(22) y: Medium Pages:                   4            2            0         128M          32M           2M 
[2026-06-26T13:31:33.254-0300][27.742s][9664][15868][info][gc,reloc    ] GC(22) y: Large Pages:                    0            0            0           0M           0M           0M 
[2026-06-26T13:31:33.254-0300][27.742s][9664][15868][info][gc,reloc    ] GC(22) y: Forwarding Usage: 2M
[2026-06-26T13:31:33.254-0300][27.742s][9664][15868][info][gc,reloc    ] GC(22) y: Age Table:
[2026-06-26T13:31:33.254-0300][27.742s][9664][15868][info][gc,reloc    ] GC(22) y:                    Live             Garbage             Small              Medium             Large        
[2026-06-26T13:31:33.254-0300][27.742s][9664][15868][info][gc,reloc    ] GC(22) y: Eden              22M (1%)          739M (24%)        365 / 312            1 / 1              0 / 0        
[2026-06-26T13:31:33.254-0300][27.742s][9664][15868][info][gc,reloc    ] GC(22) y: Survivor 1        14M (0%)           69M (2%)          10 / 3              2 / 1              0 / 0        
[2026-06-26T13:31:33.254-0300][27.742s][9664][15868][info][gc,reloc    ] GC(22) y: Survivor 2         6M (0%)           35M (1%)           5 / 1              1 / 0              0 / 0        
[2026-06-26T13:31:33.254-0300][27.742s][9664][15868][info][gc,heap     ] GC(22) y: Min Capacity: 8M(0%)
[2026-06-26T13:31:33.254-0300][27.742s][9664][15868][info][gc,heap     ] GC(22) y: Max Capacity: 3072M(100%)
[2026-06-26T13:31:33.254-0300][27.742s][9664][15868][info][gc,heap     ] GC(22) y: Soft Max Capacity: 3072M(100%)
[2026-06-26T13:31:33.254-0300][27.742s][9664][15868][info][gc,heap     ] GC(22) y: Heap Statistics:
[2026-06-26T13:31:33.254-0300][27.742s][9664][15868][info][gc,heap     ] GC(22) y:                Mark Start          Mark End        Relocate Start      Relocate End           High               Low         
[2026-06-26T13:31:33.254-0300][27.742s][9664][15868][info][gc,heap     ] GC(22) y:  Capacity:     3072M (100%)       3072M (100%)       3072M (100%)       3072M (100%)       3072M (100%)       3072M (100%)   
[2026-06-26T13:31:33.254-0300][27.742s][9664][15868][info][gc,heap     ] GC(22) y:      Free:     1236M (40%)         518M (17%)         624M (20%)        1216M (40%)        1236M (40%)         518M (17%)    
[2026-06-26T13:31:33.254-0300][27.742s][9664][15868][info][gc,heap     ] GC(22) y:      Used:     1836M (60%)        2554M (83%)        2448M (80%)        1856M (60%)        2554M (83%)        1836M (60%)    
[2026-06-26T13:31:33.254-0300][27.742s][9664][15868][info][gc,heap     ] GC(22) y: Young Generation Statistics:
[2026-06-26T13:31:33.254-0300][27.742s][9664][15868][info][gc,heap     ] GC(22) y:                Mark Start          Mark End        Relocate Start      Relocate End    
[2026-06-26T13:31:33.254-0300][27.742s][9664][15868][info][gc,heap     ] GC(22) y:      Used:      888M (29%)        1606M (52%)        1500M (49%)         908M (30%)    
[2026-06-26T13:31:33.254-0300][27.742s][9664][15868][info][gc,heap     ] GC(22) y:      Live:         -                44M (1%)           44M (1%)           44M (1%)     
[2026-06-26T13:31:33.254-0300][27.742s][9664][15868][info][gc,heap     ] GC(22) y:   Garbage:         -               843M (27%)         733M (24%)           8M (0%)     
[2026-06-26T13:31:33.254-0300][27.742s][9664][15868][info][gc,heap     ] GC(22) y: Allocated:         -               718M (23%)         722M (24%)         855M (28%)    
[2026-06-26T13:31:33.254-0300][27.742s][9664][15868][info][gc,heap     ] GC(22) y: Reclaimed:         -                  -               110M (4%)          835M (27%)    
[2026-06-26T13:31:33.254-0300][27.742s][9664][15868][info][gc,heap     ] GC(22) y:  Promoted:         -                  -                 0M (0%)            0M (0%)     
[2026-06-26T13:31:33.254-0300][27.742s][9664][15868][info][gc,heap     ] GC(22) y: Compacted:         -                  -                  -                12M (0%)     
[2026-06-26T13:31:33.254-0300][27.742s][9664][15868][info][gc,phases   ] GC(22) y: Young Generation 1836M(60%)->1856M(60%) 0.127s
[2026-06-26T13:31:33.254-0300][27.742s][9664][15868][info][gc          ] GC(22) Minor Collection (Allocation Rate) 1834M(60%)->1864M(61%) 0.128s
[2026-06-26T13:31:33.254-0300][27.742s][9664][15868][info][gc          ] GC(23) Minor Collection (Allocation Rate)
[2026-06-26T13:31:33.254-0300][27.742s][9664][15868][info][gc,task     ] GC(23) Using 2 Workers for Young Generation
[2026-06-26T13:31:33.254-0300][27.742s][9664][15868][info][gc,phases   ] GC(23) y: Young Generation
[2026-06-26T13:31:33.254-0300][27.742s][9664][9396 ][info][gc,phases   ] GC(23) y: Pause Mark Start 0.017ms
[2026-06-26T13:31:33.334-0300][27.821s][9664][15868][info][gc,phases   ] GC(23) y: Concurrent Mark 79.082ms
[2026-06-26T13:31:33.334-0300][27.821s][9664][9396 ][info][gc,phases   ] GC(23) y: Pause Mark End 0.020ms
[2026-06-26T13:31:33.334-0300][27.822s][9664][15868][info][gc,phases   ] GC(23) y: Concurrent Mark Free 0.003ms
[2026-06-26T13:31:33.334-0300][27.822s][9664][15868][info][gc,phases   ] GC(23) y: Concurrent Reset Relocation Set 0.024ms
[2026-06-26T13:31:33.334-0300][27.822s][9664][15868][info][gc,reloc    ] GC(23) y: Using tenuring threshold: 2 (Computed)
[2026-06-26T13:31:33.342-0300][27.830s][9664][15868][info][gc,phases   ] GC(23) y: Concurrent Select Relocation Set 8.245ms
[2026-06-26T13:31:33.342-0300][27.830s][9664][9396 ][info][gc,phases   ] GC(23) y: Pause Relocate Start 0.023ms
[2026-06-26T13:31:33.363-0300][27.851s][9664][15868][info][gc,phases   ] GC(23) y: Concurrent Relocate 20.469ms
[2026-06-26T13:31:33.363-0300][27.851s][9664][15868][info][gc,alloc    ] GC(23) y:                         Mark Start        Mark End      Relocate Start    Relocate End   
[2026-06-26T13:31:33.363-0300][27.851s][9664][15868][info][gc,alloc    ] GC(23) y: Allocation Stalls:          0                0                0                0         
[2026-06-26T13:31:33.363-0300][27.851s][9664][15868][info][gc,load     ] GC(23) y: Load: 0.00 (0%) / 0.00 (0%) / 0.00 (0%)
[2026-06-26T13:31:33.363-0300][27.851s][9664][15868][info][gc,mmu      ] GC(23) y: MMU: 2ms/97.3%, 5ms/98.9%, 10ms/99.4%, 20ms/99.6%, 50ms/99.8%, 100ms/99.8%
[2026-06-26T13:31:33.363-0300][27.851s][9664][15868][info][gc,marking  ] GC(23) y: Mark: 2 stripe(s), 2 proactive flush(es), 1 terminate flush(es), 0 completion(s), 0 continuation(s) 
[2026-06-26T13:31:33.363-0300][27.851s][9664][15868][info][gc,nmethod  ] GC(23) y: NMethods: 10748 registered, 0 unregistered
[2026-06-26T13:31:33.363-0300][27.851s][9664][15868][info][gc,metaspace] GC(23) y: Metaspace: 61M used, 62M committed, 1088M reserved
[2026-06-26T13:31:33.363-0300][27.851s][9664][15868][info][gc,reloc    ] GC(23) y:                        Candidates     Selected     In-Place         Size        Empty    Relocated 
[2026-06-26T13:31:33.363-0300][27.851s][9664][15868][info][gc,reloc    ] GC(23) y: Small Pages:                  394          323            0         788M          70M           8M 
[2026-06-26T13:31:33.363-0300][27.851s][9664][15868][info][gc,reloc    ] GC(23) y: Medium Pages:                   4            2            0         128M          32M           4M 
[2026-06-26T13:31:33.363-0300][27.851s][9664][15868][info][gc,reloc    ] GC(23) y: Large Pages:                    0            0            0           0M           0M           0M 
[2026-06-26T13:31:33.363-0300][27.851s][9664][15868][info][gc,reloc    ] GC(23) y: Forwarding Usage: 3M
[2026-06-26T13:31:33.363-0300][27.851s][9664][15868][info][gc,reloc    ] GC(23) y: Age Table:
[2026-06-26T13:31:33.363-0300][27.851s][9664][15868][info][gc,reloc    ] GC(23) y:                    Live             Garbage             Small              Medium             Large        
[2026-06-26T13:31:33.363-0300][27.851s][9664][15868][info][gc,reloc    ] GC(23) y: Eden              21M (1%)          734M (24%)        362 / 315            1 / 1              0 / 0        
[2026-06-26T13:31:33.363-0300][27.851s][9664][15868][info][gc,reloc    ] GC(23) y: Survivor 1        22M (1%)           77M (3%)          18 / 3              2 / 1              0 / 0        
[2026-06-26T13:31:33.363-0300][27.851s][9664][15868][info][gc,reloc    ] GC(23) y: Survivor 2        13M (0%)           36M (1%)           9 / 3              1 / 0              0 / 0        
[2026-06-26T13:31:33.363-0300][27.851s][9664][15868][info][gc,reloc    ] GC(23) y: Survivor 3         6M (0%)            3M (0%)           5 / 2              0 / 0              0 / 0        
[2026-06-26T13:31:33.363-0300][27.851s][9664][15868][info][gc,heap     ] GC(23) y: Min Capacity: 8M(0%)
[2026-06-26T13:31:33.363-0300][27.851s][9664][15868][info][gc,heap     ] GC(23) y: Max Capacity: 3072M(100%)
[2026-06-26T13:31:33.363-0300][27.851s][9664][15868][info][gc,heap     ] GC(23) y: Soft Max Capacity: 3072M(100%)
[2026-06-26T13:31:33.363-0300][27.851s][9664][15868][info][gc,heap     ] GC(23) y: Heap Statistics:
[2026-06-26T13:31:33.363-0300][27.851s][9664][15868][info][gc,heap     ] GC(23) y:                Mark Start          Mark End        Relocate Start      Relocate End           High               Low         
[2026-06-26T13:31:33.363-0300][27.851s][9664][15868][info][gc,heap     ] GC(23) y:  Capacity:     3072M (100%)       3072M (100%)       3072M (100%)       3072M (100%)       3072M (100%)       3072M (100%)   
[2026-06-26T13:31:33.363-0300][27.851s][9664][15868][info][gc,heap     ] GC(23) y:      Free:     1208M (39%)         676M (22%)         714M (23%)        1248M (41%)        1356M (44%)         674M (22%)    
[2026-06-26T13:31:33.363-0300][27.851s][9664][15868][info][gc,heap     ] GC(23) y:      Used:     1864M (61%)        2396M (78%)        2358M (77%)        1824M (59%)        2398M (78%)        1716M (56%)    
[2026-06-26T13:31:33.363-0300][27.851s][9664][15868][info][gc,heap     ] GC(23) y: Young Generation Statistics:
[2026-06-26T13:31:33.363-0300][27.851s][9664][15868][info][gc,heap     ] GC(23) y:                Mark Start          Mark End        Relocate Start      Relocate End    
[2026-06-26T13:31:33.363-0300][27.851s][9664][15868][info][gc,heap     ] GC(23) y:      Used:      916M (30%)        1448M (47%)        1392M (45%)         852M (28%)    
[2026-06-26T13:31:33.363-0300][27.851s][9664][15868][info][gc,heap     ] GC(23) y:      Live:         -                63M (2%)           46M (2%)           43M (1%)     
[2026-06-26T13:31:33.363-0300][27.851s][9664][15868][info][gc,heap     ] GC(23) y:   Garbage:         -               852M (28%)         749M (24%)          11M (0%)     
[2026-06-26T13:31:33.363-0300][27.851s][9664][15868][info][gc,heap     ] GC(23) y: Allocated:         -               532M (17%)         596M (19%)         797M (26%)    
[2026-06-26T13:31:33.363-0300][27.851s][9664][15868][info][gc,heap     ] GC(23) y: Reclaimed:         -                  -               102M (3%)          841M (27%)    
[2026-06-26T13:31:33.363-0300][27.851s][9664][15868][info][gc,heap     ] GC(23) y:  Promoted:         -                  -                17M (1%)           19M (1%)     
[2026-06-26T13:31:33.363-0300][27.851s][9664][15868][info][gc,heap     ] GC(23) y: Compacted:         -                  -                  -                14M (0%)     
[2026-06-26T13:31:33.363-0300][27.851s][9664][15868][info][gc,phases   ] GC(23) y: Young Generation 1864M(61%)->1824M(59%) 0.109s
[2026-06-26T13:31:33.363-0300][27.851s][9664][15868][info][gc          ] GC(23) Minor Collection (Allocation Rate) 1864M(61%)->1828M(60%) 0.109s
[2026-06-26T13:31:33.363-0300][27.851s][9664][15868][info][gc          ] GC(24) Minor Collection (Allocation Rate)
[2026-06-26T13:31:33.363-0300][27.851s][9664][15868][info][gc,task     ] GC(24) Using 2 Workers for Young Generation
[2026-06-26T13:31:33.363-0300][27.851s][9664][15868][info][gc,phases   ] GC(24) y: Young Generation
[2026-06-26T13:31:33.364-0300][27.851s][9664][9396 ][info][gc,phases   ] GC(24) y: Pause Mark Start 0.065ms
[2026-06-26T13:31:33.460-0300][27.947s][9664][15868][info][gc,phases   ] GC(24) y: Concurrent Mark 95.527ms
[2026-06-26T13:31:33.460-0300][27.947s][9664][9396 ][info][gc,phases   ] GC(24) y: Pause Mark End 0.024ms
[2026-06-26T13:31:33.460-0300][27.947s][9664][15868][info][gc,phases   ] GC(24) y: Concurrent Mark Free 0.012ms
[2026-06-26T13:31:33.460-0300][27.947s][9664][15868][info][gc,phases   ] GC(24) y: Concurrent Reset Relocation Set 0.044ms
[2026-06-26T13:31:33.460-0300][27.948s][9664][15868][info][gc,reloc    ] GC(24) y: Using tenuring threshold: 2 (Computed)
[2026-06-26T13:31:33.470-0300][27.957s][9664][15868][info][gc,phases   ] GC(24) y: Concurrent Select Relocation Set 9.738ms
[2026-06-26T13:31:33.470-0300][27.957s][9664][9396 ][info][gc,phases   ] GC(24) y: Pause Relocate Start 0.020ms
[2026-06-26T13:31:33.494-0300][27.981s][9664][15868][info][gc,phases   ] GC(24) y: Concurrent Relocate 24.038ms
[2026-06-26T13:31:33.494-0300][27.982s][9664][15868][info][gc,alloc    ] GC(24) y:                         Mark Start        Mark End      Relocate Start    Relocate End   
[2026-06-26T13:31:33.494-0300][27.982s][9664][15868][info][gc,alloc    ] GC(24) y: Allocation Stalls:          0                0                0                0         
[2026-06-26T13:31:33.494-0300][27.982s][9664][15868][info][gc,load     ] GC(24) y: Load: 0.00 (0%) / 0.00 (0%) / 0.00 (0%)
[2026-06-26T13:31:33.494-0300][27.982s][9664][15868][info][gc,mmu      ] GC(24) y: MMU: 2ms/96.8%, 5ms/98.7%, 10ms/99.4%, 20ms/99.6%, 50ms/99.8%, 100ms/99.8%
[2026-06-26T13:31:33.494-0300][27.982s][9664][15868][info][gc,marking  ] GC(24) y: Mark: 2 stripe(s), 2 proactive flush(es), 1 terminate flush(es), 0 completion(s), 0 continuation(s) 
[2026-06-26T13:31:33.494-0300][27.982s][9664][15868][info][gc,nmethod  ] GC(24) y: NMethods: 10853 registered, 0 unregistered
[2026-06-26T13:31:33.494-0300][27.982s][9664][15868][info][gc,metaspace] GC(24) y: Metaspace: 61M used, 63M committed, 1088M reserved
[2026-06-26T13:31:33.494-0300][27.982s][9664][15868][info][gc,reloc    ] GC(24) y:                        Candidates     Selected     In-Place         Size        Empty    Relocated 
[2026-06-26T13:31:33.494-0300][27.982s][9664][15868][info][gc,reloc    ] GC(24) y: Small Pages:                  381          312            0         762M          76M           8M 
[2026-06-26T13:31:33.494-0300][27.982s][9664][15868][info][gc,reloc    ] GC(24) y: Medium Pages:                   3            2            0          96M           0M           5M 
[2026-06-26T13:31:33.494-0300][27.982s][9664][15868][info][gc,reloc    ] GC(24) y: Large Pages:                    0            0            0           0M           0M           0M 
[2026-06-26T13:31:33.494-0300][27.982s][9664][15868][info][gc,reloc    ] GC(24) y: Forwarding Usage: 4M
[2026-06-26T13:31:33.494-0300][27.982s][9664][15868][info][gc,reloc    ] GC(24) y: Age Table:
[2026-06-26T13:31:33.494-0300][27.982s][9664][15868][info][gc,reloc    ] GC(24) y:                    Live             Garbage             Small              Medium             Large        
[2026-06-26T13:31:33.494-0300][27.982s][9664][15868][info][gc,reloc    ] GC(24) y: Eden              13M (0%)          726M (24%)        354 / 309            1 / 0              0 / 0        
[2026-06-26T13:31:33.494-0300][27.982s][9664][15868][info][gc,reloc    ] GC(24) y: Survivor 1        20M (1%)           35M (1%)          12 / 1              1 / 1              0 / 0        
[2026-06-26T13:31:33.494-0300][27.982s][9664][15868][info][gc,reloc    ] GC(24) y: Survivor 2        22M (1%)           39M (1%)          15 / 2              1 / 1              0 / 0        
[2026-06-26T13:31:33.494-0300][27.982s][9664][15868][info][gc,heap     ] GC(24) y: Min Capacity: 8M(0%)
[2026-06-26T13:31:33.494-0300][27.982s][9664][15868][info][gc,heap     ] GC(24) y: Max Capacity: 3072M(100%)
[2026-06-26T13:31:33.494-0300][27.982s][9664][15868][info][gc,heap     ] GC(24) y: Soft Max Capacity: 3072M(100%)
[2026-06-26T13:31:33.494-0300][27.982s][9664][15868][info][gc,heap     ] GC(24) y: Heap Statistics:
[2026-06-26T13:31:33.494-0300][27.982s][9664][15868][info][gc,heap     ] GC(24) y:                Mark Start          Mark End        Relocate Start      Relocate End           High               Low         
[2026-06-26T13:31:33.494-0300][27.982s][9664][15868][info][gc,heap     ] GC(24) y:  Capacity:     3072M (100%)       3072M (100%)       3072M (100%)       3072M (100%)       3072M (100%)       3072M (100%)   
[2026-06-26T13:31:33.494-0300][27.982s][9664][15868][info][gc,heap     ] GC(24) y:      Free:     1242M (40%)         850M (28%)         874M (28%)        1302M (42%)        1406M (46%)         756M (25%)    
[2026-06-26T13:31:33.494-0300][27.982s][9664][15868][info][gc,heap     ] GC(24) y:      Used:     1830M (60%)        2222M (72%)        2198M (72%)        1770M (58%)        2316M (75%)        1666M (54%)    
[2026-06-26T13:31:33.494-0300][27.982s][9664][15868][info][gc,heap     ] GC(24) y: Young Generation Statistics:
[2026-06-26T13:31:33.494-0300][27.982s][9664][15868][info][gc,heap     ] GC(24) y:                Mark Start          Mark End        Relocate Start      Relocate End    
[2026-06-26T13:31:33.494-0300][27.982s][9664][15868][info][gc,heap     ] GC(24) y:      Used:      858M (28%)        1250M (41%)        1204M (39%)         738M (24%)    
[2026-06-26T13:31:33.494-0300][27.982s][9664][15868][info][gc,heap     ] GC(24) y:      Live:         -                56M (2%)           39M (1%)           34M (1%)     
[2026-06-26T13:31:33.494-0300][27.982s][9664][15868][info][gc,heap     ] GC(24) y:   Garbage:         -               801M (26%)         720M (23%)           5M (0%)     
[2026-06-26T13:31:33.494-0300][27.982s][9664][15868][info][gc,heap     ] GC(24) y: Allocated:         -               392M (13%)         444M (14%)         697M (23%)    
[2026-06-26T13:31:33.494-0300][27.982s][9664][15868][info][gc,heap     ] GC(24) y: Reclaimed:         -                  -                80M (3%)          795M (26%)    
[2026-06-26T13:31:33.494-0300][27.982s][9664][15868][info][gc,heap     ] GC(24) y:  Promoted:         -                  -                17M (1%)           22M (1%)     
[2026-06-26T13:31:33.494-0300][27.982s][9664][15868][info][gc,heap     ] GC(24) y: Compacted:         -                  -                  -                16M (1%)     
[2026-06-26T13:31:33.494-0300][27.982s][9664][15868][info][gc,phases   ] GC(24) y: Young Generation 1830M(60%)->1770M(58%) 0.130s
[2026-06-26T13:31:33.494-0300][27.982s][9664][15868][info][gc          ] GC(24) Minor Collection (Allocation Rate) 1828M(60%)->1770M(58%) 0.131s
[2026-06-26T13:31:33.494-0300][27.982s][9664][15868][info][gc          ] GC(25) Minor Collection (Allocation Rate)
[2026-06-26T13:31:33.494-0300][27.982s][9664][15868][info][gc,task     ] GC(25) Using 2 Workers for Young Generation
[2026-06-26T13:31:33.494-0300][27.982s][9664][15868][info][gc,phases   ] GC(25) y: Young Generation
[2026-06-26T13:31:33.495-0300][27.982s][9664][9396 ][info][gc,phases   ] GC(25) y: Pause Mark Start 0.018ms
[2026-06-26T13:31:33.554-0300][28.042s][9664][15868][info][gc,phases   ] GC(25) y: Concurrent Mark 59.321ms
[2026-06-26T13:31:33.554-0300][28.042s][9664][9396 ][info][gc,phases   ] GC(25) y: Pause Mark End 0.021ms
[2026-06-26T13:31:33.554-0300][28.042s][9664][15868][info][gc,phases   ] GC(25) y: Concurrent Mark Free 0.003ms
[2026-06-26T13:31:33.554-0300][28.042s][9664][15868][info][gc,phases   ] GC(25) y: Concurrent Reset Relocation Set 0.052ms
[2026-06-26T13:31:33.554-0300][28.042s][9664][15868][info][gc,reloc    ] GC(25) y: Using tenuring threshold: 2 (Computed)
[2026-06-26T13:31:33.561-0300][28.049s][9664][15868][info][gc,phases   ] GC(25) y: Concurrent Select Relocation Set 6.833ms
[2026-06-26T13:31:33.561-0300][28.049s][9664][9396 ][info][gc,phases   ] GC(25) y: Pause Relocate Start 0.016ms
[2026-06-26T13:31:33.578-0300][28.066s][9664][15868][info][gc,phases   ] GC(25) y: Concurrent Relocate 16.893ms
[2026-06-26T13:31:33.578-0300][28.066s][9664][15868][info][gc,alloc    ] GC(25) y:                         Mark Start        Mark End      Relocate Start    Relocate End   
[2026-06-26T13:31:33.578-0300][28.066s][9664][15868][info][gc,alloc    ] GC(25) y: Allocation Stalls:          0                0                0                0         
[2026-06-26T13:31:33.578-0300][28.066s][9664][15868][info][gc,load     ] GC(25) y: Load: 0.00 (0%) / 0.00 (0%) / 0.00 (0%)
[2026-06-26T13:31:33.578-0300][28.066s][9664][15868][info][gc,mmu      ] GC(25) y: MMU: 2ms/96.8%, 5ms/98.7%, 10ms/99.4%, 20ms/99.6%, 50ms/99.8%, 100ms/99.8%
[2026-06-26T13:31:33.578-0300][28.066s][9664][15868][info][gc,marking  ] GC(25) y: Mark: 2 stripe(s), 2 proactive flush(es), 1 terminate flush(es), 0 completion(s), 0 continuation(s) 
[2026-06-26T13:31:33.578-0300][28.066s][9664][15868][info][gc,nmethod  ] GC(25) y: NMethods: 10877 registered, 0 unregistered
[2026-06-26T13:31:33.578-0300][28.066s][9664][15868][info][gc,metaspace] GC(25) y: Metaspace: 61M used, 63M committed, 1088M reserved
[2026-06-26T13:31:33.578-0300][28.066s][9664][15868][info][gc,reloc    ] GC(25) y:                        Candidates     Selected     In-Place         Size        Empty    Relocated 
[2026-06-26T13:31:33.578-0300][28.066s][9664][15868][info][gc,reloc    ] GC(25) y: Small Pages:                  321          254            0         642M          94M           5M 
[2026-06-26T13:31:33.578-0300][28.066s][9664][15868][info][gc,reloc    ] GC(25) y: Medium Pages:                   3            2            0          96M           0M           4M 
[2026-06-26T13:31:33.578-0300][28.066s][9664][15868][info][gc,reloc    ] GC(25) y: Large Pages:                    0            0            0           0M           0M           0M 
[2026-06-26T13:31:33.578-0300][28.066s][9664][15868][info][gc,reloc    ] GC(25) y: Forwarding Usage: 1M
[2026-06-26T13:31:33.578-0300][28.066s][9664][15868][info][gc,reloc    ] GC(25) y: Age Table:
[2026-06-26T13:31:33.578-0300][28.066s][9664][15868][info][gc,reloc    ] GC(25) y:                    Live             Garbage             Small              Medium             Large        
[2026-06-26T13:31:33.578-0300][28.066s][9664][15868][info][gc,reloc    ] GC(25) y: Eden               3M (0%)          582M (19%)        293 / 245            0 / 0              0 / 0        
[2026-06-26T13:31:33.578-0300][28.066s][9664][15868][info][gc,reloc    ] GC(25) y: Survivor 1        13M (0%)           44M (1%)          13 / 5              1 / 1              0 / 0        
[2026-06-26T13:31:33.578-0300][28.066s][9664][15868][info][gc,reloc    ] GC(25) y: Survivor 2        20M (1%)           73M (2%)          15 / 4              2 / 1              0 / 0        
[2026-06-26T13:31:33.578-0300][28.066s][9664][15868][info][gc,heap     ] GC(25) y: Min Capacity: 8M(0%)
[2026-06-26T13:31:33.578-0300][28.066s][9664][15868][info][gc,heap     ] GC(25) y: Max Capacity: 3072M(100%)
[2026-06-26T13:31:33.578-0300][28.066s][9664][15868][info][gc,heap     ] GC(25) y: Soft Max Capacity: 3072M(100%)
[2026-06-26T13:31:33.578-0300][28.066s][9664][15868][info][gc,heap     ] GC(25) y: Heap Statistics:
[2026-06-26T13:31:33.578-0300][28.066s][9664][15868][info][gc,heap     ] GC(25) y:                Mark Start          Mark End        Relocate Start      Relocate End           High               Low         
[2026-06-26T13:31:33.578-0300][28.066s][9664][15868][info][gc,heap     ] GC(25) y:  Capacity:     3072M (100%)       3072M (100%)       3072M (100%)       3072M (100%)       3072M (100%)       3072M (100%)   
[2026-06-26T13:31:33.578-0300][28.066s][9664][15868][info][gc,heap     ] GC(25) y:      Free:     1302M (42%)        1150M (37%)        1228M (40%)        1690M (55%)        1706M (56%)        1128M (37%)    
[2026-06-26T13:31:33.578-0300][28.066s][9664][15868][info][gc,heap     ] GC(25) y:      Used:     1770M (58%)        1922M (63%)        1844M (60%)        1382M (45%)        1944M (63%)        1366M (44%)    
[2026-06-26T13:31:33.578-0300][28.066s][9664][15868][info][gc,heap     ] GC(25) y: Young Generation Statistics:
[2026-06-26T13:31:33.578-0300][28.066s][9664][15868][info][gc,heap     ] GC(25) y:                Mark Start          Mark End        Relocate Start      Relocate End    
[2026-06-26T13:31:33.578-0300][28.066s][9664][15868][info][gc,heap     ] GC(25) y:      Used:      738M (24%)         890M (29%)         792M (26%)         262M (9%)     
[2026-06-26T13:31:33.578-0300][28.066s][9664][15868][info][gc,heap     ] GC(25) y:      Live:         -                37M (1%)           21M (1%)           16M (1%)     
[2026-06-26T13:31:33.578-0300][28.066s][9664][15868][info][gc,heap     ] GC(25) y:   Garbage:         -               700M (23%)         602M (20%)           2M (0%)     
[2026-06-26T13:31:33.578-0300][28.066s][9664][15868][info][gc,heap     ] GC(25) y: Allocated:         -               152M (5%)          168M (5%)          242M (8%)     
[2026-06-26T13:31:33.578-0300][28.067s][9664][15868][info][gc,heap     ] GC(25) y: Reclaimed:         -                  -                98M (3%)          697M (23%)    
[2026-06-26T13:31:33.578-0300][28.067s][9664][15868][info][gc,heap     ] GC(25) y:  Promoted:         -                  -                15M (1%)           20M (1%)     
[2026-06-26T13:31:33.578-0300][28.067s][9664][15868][info][gc,heap     ] GC(25) y: Compacted:         -                  -                  -                 7M (0%)     
[2026-06-26T13:31:33.578-0300][28.067s][9664][15868][info][gc,phases   ] GC(25) y: Young Generation 1770M(58%)->1382M(45%) 0.084s
[2026-06-26T13:31:33.578-0300][28.067s][9664][15868][info][gc          ] GC(25) Minor Collection (Allocation Rate) 1770M(58%)->1382M(45%) 0.085s
[2026-06-26T13:31:33.578-0300][28.067s][9664][15868][info][gc          ] GC(26) Minor Collection (Allocation Rate)
[2026-06-26T13:31:33.578-0300][28.067s][9664][15868][info][gc,task     ] GC(26) Using 2 Workers for Young Generation
[2026-06-26T13:31:33.578-0300][28.067s][9664][15868][info][gc,phases   ] GC(26) y: Young Generation
[2026-06-26T13:31:33.578-0300][28.067s][9664][9396 ][info][gc,phases   ] GC(26) y: Pause Mark Start 0.011ms
[2026-06-26T13:31:33.613-0300][28.102s][9664][15868][info][gc,phases   ] GC(26) y: Concurrent Mark 34.682ms
[2026-06-26T13:31:33.613-0300][28.102s][9664][9396 ][info][gc,phases   ] GC(26) y: Pause Mark End 0.015ms
[2026-06-26T13:31:33.613-0300][28.102s][9664][15868][info][gc,phases   ] GC(26) y: Concurrent Mark Free 0.007ms
[2026-06-26T13:31:33.614-0300][28.102s][9664][15868][info][gc,phases   ] GC(26) y: Concurrent Reset Relocation Set 0.068ms
[2026-06-26T13:31:33.614-0300][28.102s][9664][15868][info][gc,reloc    ] GC(26) y: Using tenuring threshold: 2 (Computed)
[2026-06-26T13:31:33.620-0300][28.109s][9664][15868][info][gc,phases   ] GC(26) y: Concurrent Select Relocation Set 6.788ms
[2026-06-26T13:31:33.621-0300][28.109s][9664][9396 ][info][gc,phases   ] GC(26) y: Pause Relocate Start 0.013ms
[2026-06-26T13:31:33.634-0300][28.121s][9664][15868][info][gc,phases   ] GC(26) y: Concurrent Relocate 12.470ms
[2026-06-26T13:31:33.634-0300][28.121s][9664][15868][info][gc,alloc    ] GC(26) y:                         Mark Start        Mark End      Relocate Start    Relocate End   
[2026-06-26T13:31:33.634-0300][28.121s][9664][15868][info][gc,alloc    ] GC(26) y: Allocation Stalls:          0                0                0                0         
[2026-06-26T13:31:33.634-0300][28.121s][9664][15868][info][gc,load     ] GC(26) y: Load: 0.00 (0%) / 0.00 (0%) / 0.00 (0%)
[2026-06-26T13:31:33.634-0300][28.122s][9664][15868][info][gc,mmu      ] GC(26) y: MMU: 2ms/96.8%, 5ms/98.7%, 10ms/99.4%, 20ms/99.6%, 50ms/99.8%, 100ms/99.8%
[2026-06-26T13:31:33.634-0300][28.122s][9664][15868][info][gc,marking  ] GC(26) y: Mark: 2 stripe(s), 5 proactive flush(es), 1 terminate flush(es), 0 completion(s), 0 continuation(s) 
[2026-06-26T13:31:33.634-0300][28.122s][9664][15868][info][gc,nmethod  ] GC(26) y: NMethods: 10888 registered, 0 unregistered
[2026-06-26T13:31:33.634-0300][28.122s][9664][15868][info][gc,metaspace] GC(26) y: Metaspace: 61M used, 63M committed, 1088M reserved
[2026-06-26T13:31:33.634-0300][28.122s][9664][15868][info][gc,reloc    ] GC(26) y:                        Candidates     Selected     In-Place         Size        Empty    Relocated 
[2026-06-26T13:31:33.634-0300][28.122s][9664][15868][info][gc,reloc    ] GC(26) y: Small Pages:                  115           83            0         230M          46M           4M 
[2026-06-26T13:31:33.634-0300][28.122s][9664][15868][info][gc,reloc    ] GC(26) y: Medium Pages:                   1            0            0          32M           0M           0M 
[2026-06-26T13:31:33.634-0300][28.122s][9664][15868][info][gc,reloc    ] GC(26) y: Large Pages:                    0            0            0           0M           0M           0M 
[2026-06-26T13:31:33.634-0300][28.122s][9664][15868][info][gc,reloc    ] GC(26) y: Forwarding Usage: 2M
[2026-06-26T13:31:33.634-0300][28.122s][9664][15868][info][gc,reloc    ] GC(26) y: Age Table:
[2026-06-26T13:31:33.634-0300][28.122s][9664][15868][info][gc,reloc    ] GC(26) y:                    Live             Garbage             Small              Medium             Large        
[2026-06-26T13:31:33.634-0300][28.122s][9664][15868][info][gc,reloc    ] GC(26) y: Eden               1M (0%)          198M (6%)         100 / 76             0 / 0              0 / 0        
[2026-06-26T13:31:33.634-0300][28.122s][9664][15868][info][gc,reloc    ] GC(26) y: Survivor 1         3M (0%)            6M (0%)           5 / 2              0 / 0              0 / 0        
[2026-06-26T13:31:33.634-0300][28.122s][9664][15868][info][gc,reloc    ] GC(26) y: Survivor 2        13M (0%)           38M (1%)          10 / 5              1 / 0              0 / 0        
[2026-06-26T13:31:33.634-0300][28.122s][9664][15868][info][gc,heap     ] GC(26) y: Min Capacity: 8M(0%)
[2026-06-26T13:31:33.634-0300][28.122s][9664][15868][info][gc,heap     ] GC(26) y: Max Capacity: 3072M(100%)
[2026-06-26T13:31:33.634-0300][28.122s][9664][15868][info][gc,heap     ] GC(26) y: Soft Max Capacity: 3072M(100%)
[2026-06-26T13:31:33.634-0300][28.122s][9664][15868][info][gc,heap     ] GC(26) y: Heap Statistics:
[2026-06-26T13:31:33.634-0300][28.122s][9664][15868][info][gc,heap     ] GC(26) y:                Mark Start          Mark End        Relocate Start      Relocate End           High               Low         
[2026-06-26T13:31:33.634-0300][28.122s][9664][15868][info][gc,heap     ] GC(26) y:  Capacity:     3072M (100%)       3072M (100%)       3072M (100%)       3072M (100%)       3072M (100%)       3072M (100%)   
[2026-06-26T13:31:33.634-0300][28.122s][9664][15868][info][gc,heap     ] GC(26) y:      Free:     1690M (55%)        1642M (53%)        1680M (55%)        1822M (59%)        1828M (60%)        1642M (53%)    
[2026-06-26T13:31:33.634-0300][28.122s][9664][15868][info][gc,heap     ] GC(26) y:      Used:     1382M (45%)        1430M (47%)        1392M (45%)        1250M (41%)        1430M (47%)        1244M (40%)    
[2026-06-26T13:31:33.634-0300][28.122s][9664][15868][info][gc,heap     ] GC(26) y: Young Generation Statistics:
[2026-06-26T13:31:33.634-0300][28.122s][9664][15868][info][gc,heap     ] GC(26) y:                Mark Start          Mark End        Relocate Start      Relocate End    
[2026-06-26T13:31:33.634-0300][28.122s][9664][15868][info][gc,heap     ] GC(26) y:      Used:      262M (9%)          310M (10%)         232M (8%)           82M (3%)     
[2026-06-26T13:31:33.634-0300][28.122s][9664][15868][info][gc,heap     ] GC(26) y:      Live:         -                18M (1%)            8M (0%)            4M (0%)     
[2026-06-26T13:31:33.634-0300][28.122s][9664][15868][info][gc,heap     ] GC(26) y:   Garbage:         -               243M (8%)          167M (5%)            0M (0%)     
[2026-06-26T13:31:33.634-0300][28.122s][9664][15868][info][gc,heap     ] GC(26) y: Allocated:         -                48M (2%)           56M (2%)           77M (3%)     
[2026-06-26T13:31:33.634-0300][28.122s][9664][15868][info][gc,heap     ] GC(26) y: Reclaimed:         -                  -                76M (3%)          243M (8%)     
[2026-06-26T13:31:33.634-0300][28.122s][9664][15868][info][gc,heap     ] GC(26) y:  Promoted:         -                  -                 9M (0%)           13M (0%)     
[2026-06-26T13:31:33.634-0300][28.122s][9664][15868][info][gc,heap     ] GC(26) y: Compacted:         -                  -                  -                 2M (0%)     
[2026-06-26T13:31:33.634-0300][28.122s][9664][15868][info][gc,phases   ] GC(26) y: Young Generation 1382M(45%)->1250M(41%) 0.055s
[2026-06-26T13:31:33.634-0300][28.122s][9664][15868][info][gc          ] GC(26) Minor Collection (Allocation Rate) 1382M(45%)->1250M(41%) 0.055s
[2026-06-26T13:31:34.054-0300][28.542s][9664][15316][info][gc,phases   ] GC(15) O: Concurrent Mark 1494.090ms
[2026-06-26T13:31:34.054-0300][28.542s][9664][9396 ][info][gc,phases   ] GC(15) O: Pause Mark End 0.018ms
[2026-06-26T13:31:34.054-0300][28.542s][9664][15316][info][gc,phases   ] GC(15) O: Concurrent Mark Free 0.006ms
[2026-06-26T13:31:34.100-0300][28.588s][9664][15316][info][gc,phases   ] GC(15) O: Concurrent Process Non-Strong 46.087ms
[2026-06-26T13:31:34.100-0300][28.588s][9664][15316][info][gc,phases   ] GC(15) O: Concurrent Reset Relocation Set 0.004ms
[2026-06-26T13:31:34.104-0300][28.592s][9664][15316][info][gc,phases   ] GC(15) O: Concurrent Select Relocation Set 4.093ms
[2026-06-26T13:31:34.104-0300][28.592s][9664][15316][info][gc,task     ] GC(15) O: Using 3 Workers for Old Generation
[2026-06-26T13:31:34.111-0300][28.600s][9664][15316][info][gc,task     ] GC(15) O: Using 1 Workers for Old Generation
[2026-06-26T13:31:34.111-0300][28.600s][9664][15316][info][gc,phases   ] GC(15) O: Concurrent Remap Roots 7.554ms
[2026-06-26T13:31:34.111-0300][28.600s][9664][9396 ][info][gc,phases   ] GC(15) O: Pause Relocate Start 0.012ms
[2026-06-26T13:31:34.111-0300][28.600s][9664][15868][info][gc          ] GC(27) Minor Collection (Allocation Rate)
[2026-06-26T13:31:34.111-0300][28.600s][9664][15868][info][gc,task     ] GC(27) Using 2 Workers for Young Generation
[2026-06-26T13:31:34.111-0300][28.600s][9664][15868][info][gc,phases   ] GC(27) y: Young Generation
[2026-06-26T13:31:34.111-0300][28.600s][9664][9396 ][info][gc,phases   ] GC(27) y: Pause Mark Start 0.007ms
[2026-06-26T13:31:34.170-0300][28.658s][9664][15868][info][gc,phases   ] GC(27) y: Concurrent Mark 57.559ms
[2026-06-26T13:31:34.170-0300][28.659s][9664][9396 ][info][gc,phases   ] GC(27) y: Pause Mark End 0.017ms
[2026-06-26T13:31:34.170-0300][28.659s][9664][15868][info][gc,phases   ] GC(27) y: Concurrent Mark Free 0.005ms
[2026-06-26T13:31:34.170-0300][28.659s][9664][15868][info][gc,phases   ] GC(27) y: Concurrent Reset Relocation Set 0.040ms
[2026-06-26T13:31:34.171-0300][28.659s][9664][15868][info][gc,reloc    ] GC(27) y: Using tenuring threshold: 3 (Computed)
[2026-06-26T13:31:34.175-0300][28.663s][9664][15868][info][gc,phases   ] GC(27) y: Concurrent Select Relocation Set 3.664ms
[2026-06-26T13:31:34.176-0300][28.664s][9664][9396 ][info][gc,phases   ] GC(27) y: Pause Relocate Start 0.013ms
[2026-06-26T13:31:34.183-0300][28.671s][9664][15316][info][gc,phases   ] GC(15) O: Concurrent Relocate 70.912ms
[2026-06-26T13:31:34.205-0300][28.693s][9664][15868][info][gc,phases   ] GC(27) y: Concurrent Relocate 29.148ms
[2026-06-26T13:31:34.205-0300][28.693s][9664][15868][info][gc,alloc    ] GC(27) y:                         Mark Start        Mark End      Relocate Start    Relocate End   
[2026-06-26T13:31:34.205-0300][28.693s][9664][15868][info][gc,alloc    ] GC(27) y: Allocation Stalls:          0                0                0                0         
[2026-06-26T13:31:34.205-0300][28.693s][9664][15868][info][gc,load     ] GC(27) y: Load: 0.00 (0%) / 0.00 (0%) / 0.00 (0%)
[2026-06-26T13:31:34.205-0300][28.693s][9664][15868][info][gc,mmu      ] GC(27) y: MMU: 2ms/96.8%, 5ms/98.7%, 10ms/99.4%, 20ms/99.6%, 50ms/99.8%, 100ms/99.8%
[2026-06-26T13:31:34.205-0300][28.693s][9664][15868][info][gc,marking  ] GC(27) y: Mark: 2 stripe(s), 3 proactive flush(es), 1 terminate flush(es), 0 completion(s), 0 continuation(s) 
[2026-06-26T13:31:34.205-0300][28.693s][9664][15868][info][gc,nmethod  ] GC(27) y: NMethods: 10050 registered, 1136 unregistered
[2026-06-26T13:31:34.205-0300][28.693s][9664][15868][info][gc,metaspace] GC(27) y: Metaspace: 62M used, 63M committed, 1088M reserved
[2026-06-26T13:31:34.205-0300][28.693s][9664][15868][info][gc,reloc    ] GC(27) y:                        Candidates     Selected     In-Place         Size        Empty    Relocated 
[2026-06-26T13:31:34.205-0300][28.693s][9664][15868][info][gc,reloc    ] GC(27) y: Small Pages:                   93           60            0         186M          28M          16M 
[2026-06-26T13:31:34.205-0300][28.693s][9664][15868][info][gc,reloc    ] GC(27) y: Medium Pages:                   0            0            0           0M           0M           0M 
[2026-06-26T13:31:34.205-0300][28.693s][9664][15868][info][gc,reloc    ] GC(27) y: Large Pages:                    0            0            0           0M           0M           0M 
[2026-06-26T13:31:34.205-0300][28.693s][9664][15868][info][gc,reloc    ] GC(27) y: Forwarding Usage: 14M
[2026-06-26T13:31:34.205-0300][28.693s][9664][15868][info][gc,reloc    ] GC(27) y: Age Table:
[2026-06-26T13:31:34.205-0300][28.693s][9664][15868][info][gc,reloc    ] GC(27) y:                    Live             Garbage             Small              Medium             Large        
[2026-06-26T13:31:34.205-0300][28.693s][9664][15868][info][gc,reloc    ] GC(27) y: Eden              28M (1%)          141M (5%)          85 / 56             0 / 0              0 / 0        
[2026-06-26T13:31:34.205-0300][28.693s][9664][15868][info][gc,reloc    ] GC(27) y: Survivor 1         1M (0%)            6M (0%)           4 / 2              0 / 0              0 / 0        
[2026-06-26T13:31:34.205-0300][28.693s][9664][15868][info][gc,reloc    ] GC(27) y: Survivor 2         3M (0%)            4M (0%)           4 / 2              0 / 0              0 / 0        
[2026-06-26T13:31:34.205-0300][28.693s][9664][15868][info][gc,heap     ] GC(27) y: Min Capacity: 8M(0%)
[2026-06-26T13:31:34.205-0300][28.693s][9664][15868][info][gc,heap     ] GC(27) y: Max Capacity: 3072M(100%)
[2026-06-26T13:31:34.205-0300][28.693s][9664][15868][info][gc,heap     ] GC(27) y: Soft Max Capacity: 3072M(100%)
[2026-06-26T13:31:34.205-0300][28.693s][9664][15868][info][gc,heap     ] GC(27) y: Heap Statistics:
[2026-06-26T13:31:34.205-0300][28.693s][9664][15868][info][gc,heap     ] GC(27) y:                Mark Start          Mark End        Relocate Start      Relocate End           High               Low         
[2026-06-26T13:31:34.205-0300][28.693s][9664][15868][info][gc,heap     ] GC(27) y:  Capacity:     3072M (100%)       3072M (100%)       3072M (100%)       3072M (100%)       3072M (100%)       3072M (100%)   
[2026-06-26T13:31:34.205-0300][28.693s][9664][15868][info][gc,heap     ] GC(27) y:      Free:     1746M (57%)        1852M (60%)        1880M (61%)        1990M (65%)        1990M (65%)        1742M (57%)    
[2026-06-26T13:31:34.205-0300][28.693s][9664][15868][info][gc,heap     ] GC(27) y:      Used:     1326M (43%)        1220M (40%)        1192M (39%)        1082M (35%)        1330M (43%)        1082M (35%)    
[2026-06-26T13:31:34.205-0300][28.693s][9664][15868][info][gc,heap     ] GC(27) y: Young Generation Statistics:
[2026-06-26T13:31:34.205-0300][28.693s][9664][15868][info][gc,heap     ] GC(27) y:                Mark Start          Mark End        Relocate Start      Relocate End    
[2026-06-26T13:31:34.205-0300][28.693s][9664][15868][info][gc,heap     ] GC(27) y:      Used:      186M (6%)          214M (7%)          188M (6%)           78M (3%)     
[2026-06-26T13:31:34.205-0300][28.693s][9664][15868][info][gc,heap     ] GC(27) y:      Live:         -                33M (1%)           33M (1%)           33M (1%)     
[2026-06-26T13:31:34.206-0300][28.694s][9664][15868][info][gc,heap     ] GC(27) y:   Garbage:         -               152M (5%)          124M (4%)            0M (0%)     
[2026-06-26T13:31:34.206-0300][28.694s][9664][15868][info][gc,heap     ] GC(27) y: Allocated:         -                28M (1%)           30M (1%)           44M (1%)     
[2026-06-26T13:31:34.206-0300][28.694s][9664][15868][info][gc,heap     ] GC(27) y: Reclaimed:         -                  -                28M (1%)          152M (5%)     
[2026-06-26T13:31:34.206-0300][28.694s][9664][15868][info][gc,heap     ] GC(27) y:  Promoted:         -                  -                 0M (0%)            0M (0%)     
[2026-06-26T13:31:34.206-0300][28.694s][9664][15868][info][gc,heap     ] GC(27) y: Compacted:         -                  -                  -                31M (1%)     
[2026-06-26T13:31:34.206-0300][28.694s][9664][15868][info][gc,phases   ] GC(27) y: Young Generation 1390M(45%)->1082M(35%) 0.093s
[2026-06-26T13:31:34.206-0300][28.694s][9664][15868][info][gc          ] GC(27) Minor Collection (Allocation Rate) 1390M(45%)->1082M(35%) 0.093s
[2026-06-26T13:31:34.206-0300][28.694s][9664][15316][info][gc,alloc    ] GC(15) O:                         Mark Start        Mark End      Relocate Start    Relocate End   
[2026-06-26T13:31:34.206-0300][28.694s][9664][15316][info][gc,alloc    ] GC(15) O: Allocation Stalls:          0                0                0                0         
[2026-06-26T13:31:34.206-0300][28.694s][9664][15316][info][gc,load     ] GC(15) O: Load: 0.00 (0%) / 0.00 (0%) / 0.00 (0%)
[2026-06-26T13:31:34.206-0300][28.694s][9664][15316][info][gc,mmu      ] GC(15) O: MMU: 2ms/96.8%, 5ms/98.7%, 10ms/99.4%, 20ms/99.6%, 50ms/99.8%, 100ms/99.8%
[2026-06-26T13:31:34.206-0300][28.694s][9664][15316][info][gc,marking  ] GC(15) O: Mark: 1 stripe(s), 2 proactive flush(es), 1 terminate flush(es), 0 completion(s), 0 continuation(s) 
[2026-06-26T13:31:34.206-0300][28.694s][9664][15316][info][gc,nmethod  ] GC(15) O: NMethods: 10050 registered, 1136 unregistered
[2026-06-26T13:31:34.206-0300][28.694s][9664][15316][info][gc,metaspace] GC(15) O: Metaspace: 62M used, 63M committed, 1088M reserved
[2026-06-26T13:31:34.206-0300][28.694s][9664][15316][info][gc,ref      ] GC(15) O:                       Encountered   Discovered     Enqueued 
[2026-06-26T13:31:34.206-0300][28.694s][9664][15316][info][gc,ref      ] GC(15) O: Soft References:             5184            0            0 
[2026-06-26T13:31:34.206-0300][28.694s][9664][15316][info][gc,ref      ] GC(15) O: Weak References:             5108         4105         1164 
[2026-06-26T13:31:34.206-0300][28.694s][9664][15316][info][gc,ref      ] GC(15) O: Final References:              13            0            0 
[2026-06-26T13:31:34.206-0300][28.694s][9664][15316][info][gc,ref      ] GC(15) O: Phantom References:         27131        27095        20664 
[2026-06-26T13:31:34.206-0300][28.694s][9664][15316][info][gc,reloc    ] GC(15) O:                        Candidates     Selected     In-Place         Size        Empty    Relocated 
[2026-06-26T13:31:34.206-0300][28.694s][9664][15316][info][gc,reloc    ] GC(15) O: Small Pages:                  337           19            0         674M           0M           9M 
[2026-06-26T13:31:34.206-0300][28.694s][9664][15316][info][gc,reloc    ] GC(15) O: Medium Pages:                   5            4            0         160M           0M          17M 
[2026-06-26T13:31:34.206-0300][28.694s][9664][15316][info][gc,reloc    ] GC(15) O: Large Pages:                    1            0            0          12M           0M           0M 
[2026-06-26T13:31:34.206-0300][28.694s][9664][15316][info][gc,reloc    ] GC(15) O: Forwarding Usage: 15M
[2026-06-26T13:31:34.206-0300][28.694s][9664][15316][info][gc,heap     ] GC(15) O: Min Capacity: 8M(0%)
[2026-06-26T13:31:34.206-0300][28.694s][9664][15316][info][gc,heap     ] GC(15) O: Max Capacity: 3072M(100%)
[2026-06-26T13:31:34.206-0300][28.694s][9664][15316][info][gc,heap     ] GC(15) O: Soft Max Capacity: 3072M(100%)
[2026-06-26T13:31:34.206-0300][28.694s][9664][15316][info][gc,heap     ] GC(15) O: Heap Statistics:
[2026-06-26T13:31:34.206-0300][28.694s][9664][15316][info][gc,heap     ] GC(15) O:                Mark Start          Mark End        Relocate Start      Relocate End           High               Low         
[2026-06-26T13:31:34.206-0300][28.694s][9664][15316][info][gc,heap     ] GC(15) O:  Capacity:     3072M (100%)       3072M (100%)       3072M (100%)       3072M (100%)       3072M (100%)       3072M (100%)   
[2026-06-26T13:31:34.206-0300][28.694s][9664][15316][info][gc,heap     ] GC(15) O:      Free:     1730M (56%)        1732M (56%)        1718M (56%)        1970M (64%)        1972M (64%)         518M (17%)    
[2026-06-26T13:31:34.206-0300][28.694s][9664][15316][info][gc,heap     ] GC(15) O:      Used:     1342M (44%)        1340M (44%)        1354M (44%)        1102M (36%)        2554M (83%)        1100M (36%)    
[2026-06-26T13:31:34.206-0300][28.694s][9664][15316][info][gc,heap     ] GC(15) O: Old Generation Statistics:
[2026-06-26T13:31:34.206-0300][28.694s][9664][15316][info][gc,heap     ] GC(15) O:                Mark Start          Mark End        Relocate Start      Relocate End    
[2026-06-26T13:31:34.206-0300][28.694s][9664][15316][info][gc,heap     ] GC(15) O:      Used:      846M (28%)        1168M (38%)        1168M (38%)        1004M (33%)    
[2026-06-26T13:31:34.206-0300][28.694s][9664][15316][info][gc,heap     ] GC(15) O:      Live:         -               639M (21%)         639M (21%)         639M (21%)    
[2026-06-26T13:31:34.206-0300][28.694s][9664][15316][info][gc,heap     ] GC(15) O:   Garbage:         -               206M (7%)          206M (7%)           19M (1%)     
[2026-06-26T13:31:34.206-0300][28.694s][9664][15316][info][gc,heap     ] GC(15) O: Allocated:         -               322M (10%)         322M (10%)         345M (11%)    
[2026-06-26T13:31:34.206-0300][28.694s][9664][15316][info][gc,heap     ] GC(15) O: Reclaimed:         -                  -                 0M (0%)          187M (6%)     
[2026-06-26T13:31:34.206-0300][28.694s][9664][15316][info][gc,heap     ] GC(15) O: Compacted:         -                  -                  -                64M (2%)     
[2026-06-26T13:31:34.206-0300][28.694s][9664][15316][info][gc,phases   ] GC(15) O: Old Generation 1238M(40%)->1102M(36%) 1.646s
[2026-06-26T13:31:34.206-0300][28.694s][9664][15316][info][gc          ] GC(15) Major Collection (Allocation Rate) 1340M(44%)->1082M(35%) 1.702s
[2026-06-26T13:31:34.481-0300][28.970s][9664][15316][info][gc          ] GC(28) Major Collection (Allocation Rate)
[2026-06-26T13:31:34.481-0300][28.970s][9664][15316][info][gc,task     ] GC(28) Using 3 Workers for Young Generation
[2026-06-26T13:31:34.481-0300][28.970s][9664][15316][info][gc,task     ] GC(28) Using 1 Workers for Old Generation
[2026-06-26T13:31:34.481-0300][28.970s][9664][15316][info][gc,phases   ] GC(28) Y: Young Generation
[2026-06-26T13:31:34.481-0300][28.970s][9664][9396 ][info][gc,phases   ] GC(28) Y: Pause Mark Start (Major) 0.012ms
[2026-06-26T13:31:34.520-0300][29.007s][9664][15316][info][gc,phases   ] GC(28) Y: Concurrent Mark 37.633ms
[2026-06-26T13:31:34.520-0300][29.007s][9664][9396 ][info][gc,phases   ] GC(28) Y: Pause Mark End 0.013ms
[2026-06-26T13:31:34.520-0300][29.008s][9664][15316][info][gc,phases   ] GC(28) Y: Concurrent Mark Free 0.003ms
[2026-06-26T13:31:34.520-0300][29.008s][9664][15316][info][gc,phases   ] GC(28) Y: Concurrent Reset Relocation Set 0.005ms
[2026-06-26T13:31:34.520-0300][29.008s][9664][15316][info][gc,reloc    ] GC(28) Y: Using tenuring threshold: 4 (Computed)
[2026-06-26T13:31:34.520-0300][29.009s][9664][15316][info][gc,phases   ] GC(28) Y: Concurrent Select Relocation Set 1.021ms
[2026-06-26T13:31:34.521-0300][29.009s][9664][9396 ][info][gc,phases   ] GC(28) Y: Pause Relocate Start 0.007ms
[2026-06-26T13:31:34.538-0300][29.026s][9664][15316][info][gc,phases   ] GC(28) Y: Concurrent Relocate 17.476ms
[2026-06-26T13:31:34.538-0300][29.026s][9664][15316][info][gc,alloc    ] GC(28) Y:                         Mark Start        Mark End      Relocate Start    Relocate End   
[2026-06-26T13:31:34.538-0300][29.026s][9664][15316][info][gc,alloc    ] GC(28) Y: Allocation Stalls:          0                0                0                0         
[2026-06-26T13:31:34.538-0300][29.026s][9664][15316][info][gc,load     ] GC(28) Y: Load: 0.00 (0%) / 0.00 (0%) / 0.00 (0%)
[2026-06-26T13:31:34.538-0300][29.026s][9664][15316][info][gc,mmu      ] GC(28) Y: MMU: 2ms/96.8%, 5ms/98.7%, 10ms/99.4%, 20ms/99.6%, 50ms/99.8%, 100ms/99.8%
[2026-06-26T13:31:34.538-0300][29.026s][9664][15316][info][gc,marking  ] GC(28) Y: Mark: 2 stripe(s), 10 proactive flush(es), 1 terminate flush(es), 0 completion(s), 0 continuation(s) 
[2026-06-26T13:31:34.538-0300][29.026s][9664][15316][info][gc,nmethod  ] GC(28) Y: NMethods: 10058 registered, 1136 unregistered
[2026-06-26T13:31:34.538-0300][29.026s][9664][15316][info][gc,metaspace] GC(28) Y: Metaspace: 62M used, 63M committed, 1088M reserved
[2026-06-26T13:31:34.538-0300][29.026s][9664][15316][info][gc,reloc    ] GC(28) Y:                        Candidates     Selected     In-Place         Size        Empty    Relocated 
[2026-06-26T13:31:34.538-0300][29.026s][9664][15316][info][gc,reloc    ] GC(28) Y: Small Pages:                   77           26            0         154M          58M          14M 
[2026-06-26T13:31:34.538-0300][29.026s][9664][15316][info][gc,reloc    ] GC(28) Y: Medium Pages:                   0            0            0           0M           0M           0M 
[2026-06-26T13:31:34.538-0300][29.026s][9664][15316][info][gc,reloc    ] GC(28) Y: Large Pages:                    0            0            0           0M           0M           0M 
[2026-06-26T13:31:34.538-0300][29.026s][9664][15316][info][gc,reloc    ] GC(28) Y: Forwarding Usage: 13M
[2026-06-26T13:31:34.538-0300][29.026s][9664][15316][info][gc,reloc    ] GC(28) Y: Age Table:
[2026-06-26T13:31:34.538-0300][29.026s][9664][15316][info][gc,reloc    ] GC(28) Y:                    Live             Garbage             Small              Medium             Large        
[2026-06-26T13:31:34.538-0300][29.026s][9664][15316][info][gc,reloc    ] GC(28) Y: Eden              27M (1%)           84M (3%)          56 / 20             0 / 0              0 / 0        
[2026-06-26T13:31:34.538-0300][29.026s][9664][15316][info][gc,reloc    ] GC(28) Y: Survivor 1         6M (0%)           25M (1%)          16 / 4              0 / 0              0 / 0        
[2026-06-26T13:31:34.538-0300][29.026s][9664][15316][info][gc,reloc    ] GC(28) Y: Survivor 2         1M (0%)            2M (0%)           2 / 1              0 / 0              0 / 0        
[2026-06-26T13:31:34.538-0300][29.026s][9664][15316][info][gc,reloc    ] GC(28) Y: Survivor 3         3M (0%)            2M (0%)           3 / 1              0 / 0              0 / 0        
[2026-06-26T13:31:34.538-0300][29.027s][9664][15316][info][gc,heap     ] GC(28) Y: Min Capacity: 8M(0%)
[2026-06-26T13:31:34.538-0300][29.027s][9664][15316][info][gc,heap     ] GC(28) Y: Max Capacity: 3072M(100%)
[2026-06-26T13:31:34.538-0300][29.027s][9664][15316][info][gc,heap     ] GC(28) Y: Soft Max Capacity: 3072M(100%)
[2026-06-26T13:31:34.538-0300][29.027s][9664][15316][info][gc,heap     ] GC(28) Y: Heap Statistics:
[2026-06-26T13:31:34.538-0300][29.027s][9664][15316][info][gc,heap     ] GC(28) Y:                Mark Start          Mark End        Relocate Start      Relocate End           High               Low         
[2026-06-26T13:31:34.538-0300][29.027s][9664][15316][info][gc,heap     ] GC(28) Y:  Capacity:     3072M (100%)       3072M (100%)       3072M (100%)       3072M (100%)       3072M (100%)       3072M (100%)   
[2026-06-26T13:31:34.538-0300][29.027s][9664][15316][info][gc,heap     ] GC(28) Y:      Free:     1914M (62%)        1894M (62%)        1952M (64%)        1990M (65%)        1990M (65%)        1894M (62%)    
[2026-06-26T13:31:34.538-0300][29.027s][9664][15316][info][gc,heap     ] GC(28) Y:      Used:     1158M (38%)        1178M (38%)        1120M (36%)        1082M (35%)        1178M (38%)        1082M (35%)    
[2026-06-26T13:31:34.538-0300][29.027s][9664][15316][info][gc,heap     ] GC(28) Y: Young Generation Statistics:
[2026-06-26T13:31:34.538-0300][29.027s][9664][15316][info][gc,heap     ] GC(28) Y:                Mark Start          Mark End        Relocate Start      Relocate End    
[2026-06-26T13:31:34.538-0300][29.027s][9664][15316][info][gc,heap     ] GC(28) Y:      Used:      154M (5%)          174M (6%)          116M (4%)           78M (3%)     
[2026-06-26T13:31:34.538-0300][29.027s][9664][15316][info][gc,heap     ] GC(28) Y:      Live:         -                38M (1%)           38M (1%)           38M (1%)     
[2026-06-26T13:31:34.538-0300][29.027s][9664][15316][info][gc,heap     ] GC(28) Y:   Garbage:         -               115M (4%)           57M (2%)            0M (0%)     
[2026-06-26T13:31:34.538-0300][29.027s][9664][15316][info][gc,heap     ] GC(28) Y: Allocated:         -                20M (1%)           20M (1%)           39M (1%)     
[2026-06-26T13:31:34.538-0300][29.027s][9664][15316][info][gc,heap     ] GC(28) Y: Reclaimed:         -                  -                58M (2%)          115M (4%)     
[2026-06-26T13:31:34.538-0300][29.027s][9664][15316][info][gc,heap     ] GC(28) Y:  Promoted:         -                  -                 0M (0%)            0M (0%)     
[2026-06-26T13:31:34.538-0300][29.027s][9664][15316][info][gc,heap     ] GC(28) Y: Compacted:         -                  -                  -                32M (1%)     
[2026-06-26T13:31:34.538-0300][29.027s][9664][15316][info][gc,phases   ] GC(28) Y: Young Generation 1158M(38%)->1082M(35%) 0.057s
[2026-06-26T13:31:34.538-0300][29.027s][9664][15316][info][gc,phases   ] GC(28) O: Old Generation
[2026-06-26T13:31:35.113-0300][29.601s][9664][15868][info][gc          ] GC(29) Minor Collection (Allocation Rate)
[2026-06-26T13:31:35.113-0300][29.601s][9664][15868][info][gc,task     ] GC(29) Using 2 Workers for Young Generation
[2026-06-26T13:31:35.113-0300][29.601s][9664][15868][info][gc,phases   ] GC(29) y: Young Generation
[2026-06-26T13:31:35.113-0300][29.601s][9664][9396 ][info][gc,phases   ] GC(29) y: Pause Mark Start 0.009ms
[2026-06-26T13:31:35.177-0300][29.665s][9664][15868][info][gc,phases   ] GC(29) y: Concurrent Mark 63.322ms
[2026-06-26T13:31:35.177-0300][29.665s][9664][9396 ][info][gc,phases   ] GC(29) y: Pause Mark End 0.019ms
[2026-06-26T13:31:35.177-0300][29.665s][9664][15868][info][gc,phases   ] GC(29) y: Concurrent Mark Free 0.003ms
[2026-06-26T13:31:35.177-0300][29.665s][9664][15868][info][gc,phases   ] GC(29) y: Concurrent Reset Relocation Set 0.008ms
[2026-06-26T13:31:35.178-0300][29.665s][9664][15868][info][gc,reloc    ] GC(29) y: Using tenuring threshold: 2 (Computed)
[2026-06-26T13:31:35.187-0300][29.674s][9664][15868][info][gc,phases   ] GC(29) y: Concurrent Select Relocation Set 9.094ms
[2026-06-26T13:31:35.187-0300][29.674s][9664][9396 ][info][gc,phases   ] GC(29) y: Pause Relocate Start 0.012ms
[2026-06-26T13:31:35.222-0300][29.710s][9664][15868][info][gc,phases   ] GC(29) y: Concurrent Relocate 35.224ms
[2026-06-26T13:31:35.222-0300][29.710s][9664][15868][info][gc,alloc    ] GC(29) y:                         Mark Start        Mark End      Relocate Start    Relocate End   
[2026-06-26T13:31:35.222-0300][29.710s][9664][15868][info][gc,alloc    ] GC(29) y: Allocation Stalls:          0                0                0                0         
[2026-06-26T13:31:35.222-0300][29.710s][9664][15868][info][gc,load     ] GC(29) y: Load: 0.00 (0%) / 0.00 (0%) / 0.00 (0%)
[2026-06-26T13:31:35.222-0300][29.710s][9664][15868][info][gc,mmu      ] GC(29) y: MMU: 2ms/96.8%, 5ms/98.7%, 10ms/99.4%, 20ms/99.6%, 50ms/99.8%, 100ms/99.8%
[2026-06-26T13:31:35.222-0300][29.710s][9664][15868][info][gc,marking  ] GC(29) y: Mark: 2 stripe(s), 2 proactive flush(es), 1 terminate flush(es), 0 completion(s), 0 continuation(s) 
[2026-06-26T13:31:35.222-0300][29.710s][9664][15868][info][gc,nmethod  ] GC(29) y: NMethods: 10312 registered, 1136 unregistered
[2026-06-26T13:31:35.222-0300][29.710s][9664][15868][info][gc,metaspace] GC(29) y: Metaspace: 62M used, 63M committed, 1088M reserved
[2026-06-26T13:31:35.222-0300][29.710s][9664][15868][info][gc,reloc    ] GC(29) y:                        Candidates     Selected     In-Place         Size        Empty    Relocated 
[2026-06-26T13:31:35.222-0300][29.710s][9664][15868][info][gc,reloc    ] GC(29) y: Small Pages:                  105           53            0         210M          34M          23M 
[2026-06-26T13:31:35.222-0300][29.710s][9664][15868][info][gc,reloc    ] GC(29) y: Medium Pages:                   1            0            0          32M          32M           0M 
[2026-06-26T13:31:35.222-0300][29.710s][9664][15868][info][gc,reloc    ] GC(29) y: Large Pages:                    1            0            0           6M           6M           0M 
[2026-06-26T13:31:35.222-0300][29.710s][9664][15868][info][gc,reloc    ] GC(29) y: Forwarding Usage: 15M
[2026-06-26T13:31:35.222-0300][29.710s][9664][15868][info][gc,reloc    ] GC(29) y: Age Table:
[2026-06-26T13:31:35.222-0300][29.710s][9664][15868][info][gc,reloc    ] GC(29) y:                    Live             Garbage             Small              Medium             Large        
[2026-06-26T13:31:35.222-0300][29.710s][9664][15868][info][gc,reloc    ] GC(29) y: Eden              44M (1%)          149M (5%)          78 / 43             1 / 0              1 / 0        
[2026-06-26T13:31:35.222-0300][29.710s][9664][15868][info][gc,reloc    ] GC(29) y: Survivor 1         4M (0%)           29M (1%)          17 / 8              0 / 0              0 / 0        
[2026-06-26T13:31:35.222-0300][29.710s][9664][15868][info][gc,reloc    ] GC(29) y: Survivor 2         6M (0%)            5M (0%)           6 / 1              0 / 0              0 / 0        
[2026-06-26T13:31:35.222-0300][29.710s][9664][15868][info][gc,reloc    ] GC(29) y: Survivor 3         1M (0%)            0M (0%)           1 / 0              0 / 0              0 / 0        
[2026-06-26T13:31:35.222-0300][29.710s][9664][15868][info][gc,reloc    ] GC(29) y: Survivor 4         3M (0%)            2M (0%)           3 / 1              0 / 0              0 / 0        
[2026-06-26T13:31:35.222-0300][29.710s][9664][15868][info][gc,heap     ] GC(29) y: Min Capacity: 8M(0%)
[2026-06-26T13:31:35.222-0300][29.710s][9664][15868][info][gc,heap     ] GC(29) y: Max Capacity: 3072M(100%)
[2026-06-26T13:31:35.222-0300][29.710s][9664][15868][info][gc,heap     ] GC(29) y: Soft Max Capacity: 3072M(100%)
[2026-06-26T13:31:35.222-0300][29.710s][9664][15868][info][gc,heap     ] GC(29) y: Heap Statistics:
[2026-06-26T13:31:35.222-0300][29.710s][9664][15868][info][gc,heap     ] GC(29) y:                Mark Start          Mark End        Relocate Start      Relocate End           High               Low         
[2026-06-26T13:31:35.222-0300][29.710s][9664][15868][info][gc,heap     ] GC(29) y:  Capacity:     3072M (100%)       3072M (100%)       3072M (100%)       3072M (100%)       3072M (100%)       3072M (100%)   
[2026-06-26T13:31:35.222-0300][29.710s][9664][15868][info][gc,heap     ] GC(29) y:      Free:     1820M (59%)        1792M (58%)        1862M (61%)        1958M (64%)        1958M (64%)        1792M (58%)    
[2026-06-26T13:31:35.222-0300][29.710s][9664][15868][info][gc,heap     ] GC(29) y:      Used:     1252M (41%)        1280M (42%)        1210M (39%)        1114M (36%)        1280M (42%)        1114M (36%)    
[2026-06-26T13:31:35.222-0300][29.710s][9664][15868][info][gc,heap     ] GC(29) y: Young Generation Statistics:
[2026-06-26T13:31:35.222-0300][29.710s][9664][15868][info][gc,heap     ] GC(29) y:                Mark Start          Mark End        Relocate Start      Relocate End    
[2026-06-26T13:31:35.222-0300][29.710s][9664][15868][info][gc,heap     ] GC(29) y:      Used:      248M (8%)          276M (9%)          198M (6%)           98M (3%)     
[2026-06-26T13:31:35.222-0300][29.710s][9664][15868][info][gc,heap     ] GC(29) y:      Live:         -                60M (2%)           52M (2%)           49M (2%)     
[2026-06-26T13:31:35.222-0300][29.710s][9664][15868][info][gc,heap     ] GC(29) y:   Garbage:         -               187M (6%)          115M (4%)            2M (0%)     
[2026-06-26T13:31:35.222-0300][29.710s][9664][15868][info][gc,heap     ] GC(29) y: Allocated:         -                28M (1%)           30M (1%)           45M (1%)     
[2026-06-26T13:31:35.222-0300][29.710s][9664][15868][info][gc,heap     ] GC(29) y: Reclaimed:         -                  -                72M (2%)          184M (6%)     
[2026-06-26T13:31:35.222-0300][29.710s][9664][15868][info][gc,heap     ] GC(29) y:  Promoted:         -                  -                 7M (0%)           11M (0%)     
[2026-06-26T13:31:35.222-0300][29.710s][9664][15868][info][gc,heap     ] GC(29) y: Compacted:         -                  -                  -                40M (1%)     
[2026-06-26T13:31:35.222-0300][29.710s][9664][15868][info][gc,phases   ] GC(29) y: Young Generation 1252M(41%)->1114M(36%) 0.108s
[2026-06-26T13:31:35.222-0300][29.710s][9664][15868][info][gc          ] GC(29) Minor Collection (Allocation Rate) 1252M(41%)->1114M(36%) 0.109s
[2026-06-26T13:31:35.453-0300][29.940s][9664][15868][info][gc          ] GC(30) Minor Collection (Allocation Rate)
[2026-06-26T13:31:35.453-0300][29.940s][9664][15868][info][gc,task     ] GC(30) Using 2 Workers for Young Generation
[2026-06-26T13:31:35.453-0300][29.940s][9664][15868][info][gc,phases   ] GC(30) y: Young Generation
[2026-06-26T13:31:35.453-0300][29.940s][9664][9396 ][info][gc,phases   ] GC(30) y: Pause Mark Start 0.011ms
[2026-06-26T13:31:35.538-0300][30.026s][9664][15868][info][gc,phases   ] GC(30) y: Concurrent Mark 84.988ms
[2026-06-26T13:31:35.538-0300][30.026s][9664][9396 ][info][gc,phases   ] GC(30) y: Pause Mark End 0.016ms
[2026-06-26T13:31:35.538-0300][30.026s][9664][15868][info][gc,phases   ] GC(30) y: Concurrent Mark Free 0.003ms
[2026-06-26T13:31:35.538-0300][30.026s][9664][15868][info][gc,phases   ] GC(30) y: Concurrent Reset Relocation Set 0.031ms
[2026-06-26T13:31:35.538-0300][30.026s][9664][15868][info][gc,reloc    ] GC(30) y: Using tenuring threshold: 3 (Computed)
[2026-06-26T13:31:35.539-0300][30.027s][9664][15868][info][gc,phases   ] GC(30) y: Concurrent Select Relocation Set 1.625ms
[2026-06-26T13:31:35.539-0300][30.027s][9664][9396 ][info][gc,phases   ] GC(30) y: Pause Relocate Start 0.009ms
[2026-06-26T13:31:35.545-0300][30.033s][9664][15868][info][gc,phases   ] GC(30) y: Concurrent Relocate 5.671ms
[2026-06-26T13:31:35.545-0300][30.033s][9664][15868][info][gc,alloc    ] GC(30) y:                         Mark Start        Mark End      Relocate Start    Relocate End   
[2026-06-26T13:31:35.545-0300][30.033s][9664][15868][info][gc,alloc    ] GC(30) y: Allocation Stalls:          0                0                0                0         
[2026-06-26T13:31:35.545-0300][30.033s][9664][15868][info][gc,load     ] GC(30) y: Load: 0.00 (0%) / 0.00 (0%) / 0.00 (0%)
[2026-06-26T13:31:35.545-0300][30.033s][9664][15868][info][gc,mmu      ] GC(30) y: MMU: 2ms/96.8%, 5ms/98.7%, 10ms/99.4%, 20ms/99.6%, 50ms/99.8%, 100ms/99.8%
[2026-06-26T13:31:35.545-0300][30.033s][9664][15868][info][gc,marking  ] GC(30) y: Mark: 2 stripe(s), 2 proactive flush(es), 1 terminate flush(es), 0 completion(s), 0 continuation(s) 
[2026-06-26T13:31:35.545-0300][30.033s][9664][15868][info][gc,nmethod  ] GC(30) y: NMethods: 10491 registered, 0 unregistered
[2026-06-26T13:31:35.545-0300][30.033s][9664][15868][info][gc,metaspace] GC(30) y: Metaspace: 63M used, 64M committed, 1088M reserved
[2026-06-26T13:31:35.545-0300][30.033s][9664][15868][info][gc,reloc    ] GC(30) y:                        Candidates     Selected     In-Place         Size        Empty    Relocated 
[2026-06-26T13:31:35.545-0300][30.033s][9664][15868][info][gc,reloc    ] GC(30) y: Small Pages:                   61           26            0         122M           6M           8M 
[2026-06-26T13:31:35.545-0300][30.033s][9664][15868][info][gc,reloc    ] GC(30) y: Medium Pages:                   1            0            0          32M           0M           0M 
[2026-06-26T13:31:35.545-0300][30.033s][9664][15868][info][gc,reloc    ] GC(30) y: Large Pages:                    0            0            0           0M           0M           0M 
[2026-06-26T13:31:35.545-0300][30.033s][9664][15868][info][gc,reloc    ] GC(30) y: Forwarding Usage: 1M
[2026-06-26T13:31:35.545-0300][30.034s][9664][15868][info][gc,reloc    ] GC(30) y: Age Table:
[2026-06-26T13:31:35.545-0300][30.034s][9664][15868][info][gc,reloc    ] GC(30) y:                    Live             Garbage             Small              Medium             Large        
[2026-06-26T13:31:35.545-0300][30.034s][9664][15868][info][gc,reloc    ] GC(30) y: Eden              12M (0%)           79M (3%)          30 / 23             1 / 0              0 / 0        
[2026-06-26T13:31:35.545-0300][30.034s][9664][15868][info][gc,reloc    ] GC(30) y: Survivor 1        44M (1%)            9M (0%)          27 / 1              0 / 0              0 / 0        
[2026-06-26T13:31:35.545-0300][30.034s][9664][15868][info][gc,reloc    ] GC(30) y: Survivor 2         4M (0%)            3M (0%)           4 / 2              0 / 0              0 / 0        
[2026-06-26T13:31:35.545-0300][30.034s][9664][15868][info][gc,heap     ] GC(30) y: Min Capacity: 8M(0%)
[2026-06-26T13:31:35.545-0300][30.034s][9664][15868][info][gc,heap     ] GC(30) y: Max Capacity: 3072M(100%)
[2026-06-26T13:31:35.546-0300][30.034s][9664][15868][info][gc,heap     ] GC(30) y: Soft Max Capacity: 3072M(100%)
[2026-06-26T13:31:35.546-0300][30.034s][9664][15868][info][gc,heap     ] GC(30) y: Heap Statistics:
[2026-06-26T13:31:35.546-0300][30.034s][9664][15868][info][gc,heap     ] GC(30) y:                Mark Start          Mark End        Relocate Start      Relocate End           High               Low         
[2026-06-26T13:31:35.546-0300][30.034s][9664][15868][info][gc,heap     ] GC(30) y:  Capacity:     3072M (100%)       3072M (100%)       3072M (100%)       3072M (100%)       3072M (100%)       3072M (100%)   
[2026-06-26T13:31:35.546-0300][30.034s][9664][15868][info][gc,heap     ] GC(30) y:      Free:     1902M (62%)        1878M (61%)        1884M (61%)        1930M (63%)        1930M (63%)        1878M (61%)    
[2026-06-26T13:31:35.546-0300][30.034s][9664][15868][info][gc,heap     ] GC(30) y:      Used:     1170M (38%)        1194M (39%)        1188M (39%)        1142M (37%)        1194M (39%)        1142M (37%)    
[2026-06-26T13:31:35.546-0300][30.034s][9664][15868][info][gc,heap     ] GC(30) y: Young Generation Statistics:
[2026-06-26T13:31:35.546-0300][30.034s][9664][15868][info][gc,heap     ] GC(30) y:                Mark Start          Mark End        Relocate Start      Relocate End    
[2026-06-26T13:31:35.546-0300][30.034s][9664][15868][info][gc,heap     ] GC(30) y:      Used:      154M (5%)          178M (6%)          172M (6%)          126M (4%)     
[2026-06-26T13:31:35.546-0300][30.034s][9664][15868][info][gc,heap     ] GC(30) y:      Live:         -                61M (2%)           61M (2%)           61M (2%)     
[2026-06-26T13:31:35.546-0300][30.034s][9664][15868][info][gc,heap     ] GC(30) y:   Garbage:         -                92M (3%)           86M (3%)           32M (1%)     
[2026-06-26T13:31:35.546-0300][30.034s][9664][15868][info][gc,heap     ] GC(30) y: Allocated:         -                24M (1%)           24M (1%)           31M (1%)     
[2026-06-26T13:31:35.546-0300][30.034s][9664][15868][info][gc,heap     ] GC(30) y: Reclaimed:         -                  -                 6M (0%)           59M (2%)     
[2026-06-26T13:31:35.546-0300][30.034s][9664][15868][info][gc,heap     ] GC(30) y:  Promoted:         -                  -                 0M (0%)            0M (0%)     
[2026-06-26T13:31:35.546-0300][30.034s][9664][15868][info][gc,heap     ] GC(30) y: Compacted:         -                  -                  -                12M (0%)     
[2026-06-26T13:31:35.546-0300][30.034s][9664][15868][info][gc,phases   ] GC(30) y: Young Generation 1170M(38%)->1142M(37%) 0.093s
[2026-06-26T13:31:35.546-0300][30.034s][9664][15868][info][gc          ] GC(30) Minor Collection (Allocation Rate) 1170M(38%)->1142M(37%) 0.094s
[2026-06-26T13:31:35.747-0300][30.235s][9664][15868][info][gc          ] GC(31) Minor Collection (Allocation Rate)
[2026-06-26T13:31:35.747-0300][30.235s][9664][15868][info][gc,task     ] GC(31) Using 2 Workers for Young Generation
[2026-06-26T13:31:35.747-0300][30.235s][9664][15868][info][gc,phases   ] GC(31) y: Young Generation
[2026-06-26T13:31:35.747-0300][30.235s][9664][9396 ][info][gc,phases   ] GC(31) y: Pause Mark Start 0.012ms
[2026-06-26T13:31:35.806-0300][30.294s][9664][15868][info][gc,phases   ] GC(31) y: Concurrent Mark 59.415ms
[2026-06-26T13:31:35.806-0300][30.295s][9664][9396 ][info][gc,phases   ] GC(31) y: Pause Mark End 0.020ms
[2026-06-26T13:31:35.806-0300][30.295s][9664][15868][info][gc,phases   ] GC(31) y: Concurrent Mark Free 0.006ms
[2026-06-26T13:31:35.806-0300][30.295s][9664][15868][info][gc,phases   ] GC(31) y: Concurrent Reset Relocation Set 0.004ms
[2026-06-26T13:31:35.806-0300][30.295s][9664][15868][info][gc,reloc    ] GC(31) y: Using tenuring threshold: 1 (Computed)
[2026-06-26T13:31:35.823-0300][30.311s][9664][15868][info][gc,phases   ] GC(31) y: Concurrent Select Relocation Set 16.201ms
[2026-06-26T13:31:35.823-0300][30.311s][9664][9396 ][info][gc,phases   ] GC(31) y: Pause Relocate Start 0.015ms
[2026-06-26T13:31:35.856-0300][30.344s][9664][15868][info][gc,phases   ] GC(31) y: Concurrent Relocate 32.354ms
[2026-06-26T13:31:35.856-0300][30.344s][9664][15868][info][gc,alloc    ] GC(31) y:                         Mark Start        Mark End      Relocate Start    Relocate End   
[2026-06-26T13:31:35.856-0300][30.344s][9664][15868][info][gc,alloc    ] GC(31) y: Allocation Stalls:          0                0                0                0         
[2026-06-26T13:31:35.856-0300][30.344s][9664][15868][info][gc,load     ] GC(31) y: Load: 0.00 (0%) / 0.00 (0%) / 0.00 (0%)
[2026-06-26T13:31:35.856-0300][30.344s][9664][15868][info][gc,mmu      ] GC(31) y: MMU: 2ms/96.8%, 5ms/98.7%, 10ms/99.4%, 20ms/99.6%, 50ms/99.8%, 100ms/99.8%
[2026-06-26T13:31:35.856-0300][30.344s][9664][15868][info][gc,marking  ] GC(31) y: Mark: 2 stripe(s), 5 proactive flush(es), 1 terminate flush(es), 0 completion(s), 0 continuation(s) 
[2026-06-26T13:31:35.856-0300][30.344s][9664][15868][info][gc,nmethod  ] GC(31) y: NMethods: 10688 registered, 0 unregistered
[2026-06-26T13:31:35.856-0300][30.344s][9664][15868][info][gc,metaspace] GC(31) y: Metaspace: 63M used, 64M committed, 1088M reserved
[2026-06-26T13:31:35.856-0300][30.344s][9664][15868][info][gc,reloc    ] GC(31) y:                        Candidates     Selected     In-Place         Size        Empty    Relocated 
[2026-06-26T13:31:35.856-0300][30.344s][9664][15868][info][gc,reloc    ] GC(31) y: Small Pages:                   61           27            0         122M           0M           3M 
[2026-06-26T13:31:35.856-0300][30.344s][9664][15868][info][gc,reloc    ] GC(31) y: Medium Pages:                   1            0            0          32M           0M           0M 
[2026-06-26T13:31:35.856-0300][30.344s][9664][15868][info][gc,reloc    ] GC(31) y: Large Pages:                    0            0            0           0M           0M           0M 
[2026-06-26T13:31:35.856-0300][30.344s][9664][15868][info][gc,reloc    ] GC(31) y: Forwarding Usage: 0M
[2026-06-26T13:31:35.856-0300][30.344s][9664][15868][info][gc,reloc    ] GC(31) y: Age Table:
[2026-06-26T13:31:35.856-0300][30.344s][9664][15868][info][gc,reloc    ] GC(31) y:                    Live             Garbage             Small              Medium             Large        
[2026-06-26T13:31:35.856-0300][30.344s][9664][15868][info][gc,reloc    ] GC(31) y: Eden               3M (0%)           48M (2%)          26 / 24             0 / 0              0 / 0        
[2026-06-26T13:31:35.856-0300][30.344s][9664][15868][info][gc,reloc    ] GC(31) y: Survivor 1        12M (0%)           33M (1%)           7 / 2              1 / 0              0 / 0        
[2026-06-26T13:31:35.856-0300][30.344s][9664][15868][info][gc,reloc    ] GC(31) y: Survivor 2        44M (1%)            5M (0%)          25 / 0              0 / 0              0 / 0        
[2026-06-26T13:31:35.856-0300][30.344s][9664][15868][info][gc,reloc    ] GC(31) y: Survivor 3         4M (0%)            1M (0%)           3 / 1              0 / 0              0 / 0        
[2026-06-26T13:31:35.856-0300][30.344s][9664][15868][info][gc,heap     ] GC(31) y: Min Capacity: 8M(0%)
[2026-06-26T13:31:35.856-0300][30.344s][9664][15868][info][gc,heap     ] GC(31) y: Max Capacity: 3072M(100%)
[2026-06-26T13:31:35.856-0300][30.344s][9664][15868][info][gc,heap     ] GC(31) y: Soft Max Capacity: 3072M(100%)
[2026-06-26T13:31:35.856-0300][30.344s][9664][15868][info][gc,heap     ] GC(31) y: Heap Statistics:
[2026-06-26T13:31:35.856-0300][30.344s][9664][15868][info][gc,heap     ] GC(31) y:                Mark Start          Mark End        Relocate Start      Relocate End           High               Low         
[2026-06-26T13:31:35.856-0300][30.344s][9664][15868][info][gc,heap     ] GC(31) y:  Capacity:     3072M (100%)       3072M (100%)       3072M (100%)       3072M (100%)       3072M (100%)       3072M (100%)   
[2026-06-26T13:31:35.856-0300][30.344s][9664][15868][info][gc,heap     ] GC(31) y:      Free:     1902M (62%)        1876M (61%)        1870M (61%)        1906M (62%)        1916M (62%)        1864M (61%)    
[2026-06-26T13:31:35.856-0300][30.344s][9664][15868][info][gc,heap     ] GC(31) y:      Used:     1170M (38%)        1196M (39%)        1202M (39%)        1166M (38%)        1208M (39%)        1156M (38%)    
[2026-06-26T13:31:35.856-0300][30.344s][9664][15868][info][gc,heap     ] GC(31) y: Young Generation Statistics:
[2026-06-26T13:31:35.856-0300][30.344s][9664][15868][info][gc,heap     ] GC(31) y:                Mark Start          Mark End        Relocate Start      Relocate End    
[2026-06-26T13:31:35.856-0300][30.344s][9664][15868][info][gc,heap     ] GC(31) y:      Used:      154M (5%)          180M (6%)           92M (3%)           50M (2%)     
[2026-06-26T13:31:35.856-0300][30.344s][9664][15868][info][gc,heap     ] GC(31) y:      Live:         -                65M (2%)            4M (0%)            3M (0%)     
[2026-06-26T13:31:35.856-0300][30.344s][9664][15868][info][gc,heap     ] GC(31) y:   Garbage:         -                88M (3%)           55M (2%)            0M (0%)     
[2026-06-26T13:31:35.856-0300][30.344s][9664][15868][info][gc,heap     ] GC(31) y: Allocated:         -                26M (1%)           32M (1%)           46M (2%)     
[2026-06-26T13:31:35.856-0300][30.344s][9664][15868][info][gc,heap     ] GC(31) y: Reclaimed:         -                  -                33M (1%)           88M (3%)     
[2026-06-26T13:31:35.856-0300][30.344s][9664][15868][info][gc,heap     ] GC(31) y:  Promoted:         -                  -                60M (2%)           61M (2%)     
[2026-06-26T13:31:35.856-0300][30.344s][9664][15868][info][gc,heap     ] GC(31) y: Compacted:         -                  -                  -                 3M (0%)     
[2026-06-26T13:31:35.856-0300][30.344s][9664][15868][info][gc,phases   ] GC(31) y: Young Generation 1170M(38%)->1166M(38%) 0.109s
[2026-06-26T13:31:35.856-0300][30.344s][9664][15868][info][gc          ] GC(31) Minor Collection (Allocation Rate) 1170M(38%)->1166M(38%) 0.109s
[2026-06-26T13:31:36.146-0300][30.633s][9664][15868][info][gc          ] GC(32) Minor Collection (Allocation Rate)
[2026-06-26T13:31:36.146-0300][30.633s][9664][15868][info][gc,task     ] GC(32) Using 2 Workers for Young Generation
[2026-06-26T13:31:36.146-0300][30.633s][9664][15868][info][gc,phases   ] GC(32) y: Young Generation
[2026-06-26T13:31:36.146-0300][30.633s][9664][9396 ][info][gc,phases   ] GC(32) y: Pause Mark Start 0.009ms
[2026-06-26T13:31:36.166-0300][30.654s][9664][15316][info][gc,phases   ] GC(28) O: Concurrent Mark 1626.950ms
[2026-06-26T13:31:36.166-0300][30.654s][9664][9396 ][info][gc,phases   ] GC(28) O: Pause Mark End 0.014ms
[2026-06-26T13:31:36.166-0300][30.654s][9664][15316][info][gc,phases   ] GC(28) O: Concurrent Mark Free 0.005ms
[2026-06-26T13:31:36.172-0300][30.660s][9664][15868][info][gc,phases   ] GC(32) y: Concurrent Mark 26.237ms
[2026-06-26T13:31:36.172-0300][30.660s][9664][9396 ][info][gc,phases   ] GC(32) y: Pause Mark End 0.017ms
[2026-06-26T13:31:36.172-0300][30.660s][9664][15868][info][gc,phases   ] GC(32) y: Concurrent Mark Free 0.008ms
[2026-06-26T13:31:36.172-0300][30.660s][9664][15868][info][gc,phases   ] GC(32) y: Concurrent Reset Relocation Set 0.126ms
[2026-06-26T13:31:36.172-0300][30.660s][9664][15868][info][gc,reloc    ] GC(32) y: Using tenuring threshold: 2 (Computed)
[2026-06-26T13:31:36.173-0300][30.661s][9664][15868][info][gc,phases   ] GC(32) y: Concurrent Select Relocation Set 0.713ms
[2026-06-26T13:31:36.188-0300][30.677s][9664][9396 ][info][gc,phases   ] GC(32) y: Pause Relocate Start 0.014ms
[2026-06-26T13:31:36.189-0300][30.678s][9664][15316][info][gc,phases   ] GC(28) O: Concurrent Process Non-Strong 23.780ms
[2026-06-26T13:31:36.189-0300][30.678s][9664][15316][info][gc,phases   ] GC(28) O: Concurrent Reset Relocation Set 0.008ms
[2026-06-26T13:31:36.194-0300][30.682s][9664][15868][info][gc,phases   ] GC(32) y: Concurrent Relocate 4.634ms
[2026-06-26T13:31:36.194-0300][30.682s][9664][15868][info][gc,alloc    ] GC(32) y:                         Mark Start        Mark End      Relocate Start    Relocate End   
[2026-06-26T13:31:36.194-0300][30.682s][9664][15868][info][gc,alloc    ] GC(32) y: Allocation Stalls:          0                0                0                0         
[2026-06-26T13:31:36.194-0300][30.682s][9664][15868][info][gc,load     ] GC(32) y: Load: 0.00 (0%) / 0.00 (0%) / 0.00 (0%)
[2026-06-26T13:31:36.194-0300][30.682s][9664][15868][info][gc,mmu      ] GC(32) y: MMU: 2ms/96.8%, 5ms/98.7%, 10ms/99.4%, 20ms/99.6%, 50ms/99.8%, 100ms/99.8%
[2026-06-26T13:31:36.194-0300][30.682s][9664][15868][info][gc,marking  ] GC(32) y: Mark: 2 stripe(s), 2 proactive flush(es), 1 terminate flush(es), 0 completion(s), 0 continuation(s) 
[2026-06-26T13:31:36.194-0300][30.682s][9664][15868][info][gc,nmethod  ] GC(32) y: NMethods: 10662 registered, 231 unregistered
[2026-06-26T13:31:36.194-0300][30.682s][9664][15868][info][gc,metaspace] GC(32) y: Metaspace: 63M used, 64M committed, 1088M reserved
[2026-06-26T13:31:36.194-0300][30.682s][9664][15868][info][gc,reloc    ] GC(32) y:                        Candidates     Selected     In-Place         Size        Empty    Relocated 
[2026-06-26T13:31:36.194-0300][30.682s][9664][15868][info][gc,reloc    ] GC(32) y: Small Pages:                   62           51            0         124M           0M           5M 
[2026-06-26T13:31:36.194-0300][30.682s][9664][15868][info][gc,reloc    ] GC(32) y: Medium Pages:                   1            0            0          32M           0M           0M 
[2026-06-26T13:31:36.194-0300][30.682s][9664][15868][info][gc,reloc    ] GC(32) y: Large Pages:                    0            0            0           0M           0M           0M 
[2026-06-26T13:31:36.194-0300][30.682s][9664][15868][info][gc,reloc    ] GC(32) y: Forwarding Usage: 1M
[2026-06-26T13:31:36.194-0300][30.682s][9664][15868][info][gc,reloc    ] GC(32) y: Age Table:
[2026-06-26T13:31:36.194-0300][30.682s][9664][15868][info][gc,reloc    ] GC(32) y:                    Live             Garbage             Small              Medium             Large        
[2026-06-26T13:31:36.194-0300][30.682s][9664][15868][info][gc,reloc    ] GC(32) y: Eden              17M (1%)          130M (4%)          58 / 50             1 / 0              0 / 0        
[2026-06-26T13:31:36.194-0300][30.682s][9664][15868][info][gc,reloc    ] GC(32) y: Survivor 1         3M (0%)            4M (0%)           4 / 1              0 / 0              0 / 0        
[2026-06-26T13:31:36.194-0300][30.682s][9664][15868][info][gc,heap     ] GC(32) y: Min Capacity: 8M(0%)
[2026-06-26T13:31:36.194-0300][30.682s][9664][15868][info][gc,heap     ] GC(32) y: Max Capacity: 3072M(100%)
[2026-06-26T13:31:36.194-0300][30.682s][9664][15868][info][gc,heap     ] GC(32) y: Soft Max Capacity: 3072M(100%)
[2026-06-26T13:31:36.194-0300][30.682s][9664][15868][info][gc,heap     ] GC(32) y: Heap Statistics:
[2026-06-26T13:31:36.194-0300][30.682s][9664][15868][info][gc,heap     ] GC(32) y:                Mark Start          Mark End        Relocate Start      Relocate End           High               Low         
[2026-06-26T13:31:36.194-0300][30.682s][9664][15868][info][gc,heap     ] GC(32) y:  Capacity:     3072M (100%)       3072M (100%)       3072M (100%)       3072M (100%)       3072M (100%)       3072M (100%)   
[2026-06-26T13:31:36.194-0300][30.682s][9664][15868][info][gc,heap     ] GC(32) y:      Free:     1800M (59%)        1782M (58%)        1772M (58%)        1894M (62%)        1894M (62%)        1764M (57%)    
[2026-06-26T13:31:36.194-0300][30.682s][9664][15868][info][gc,heap     ] GC(32) y:      Used:     1272M (41%)        1290M (42%)        1300M (42%)        1178M (38%)        1308M (43%)        1178M (38%)    
[2026-06-26T13:31:36.194-0300][30.682s][9664][15868][info][gc,heap     ] GC(32) y: Young Generation Statistics:
[2026-06-26T13:31:36.194-0300][30.682s][9664][15868][info][gc,heap     ] GC(32) y:                Mark Start          Mark End        Relocate Start      Relocate End    
[2026-06-26T13:31:36.194-0300][30.682s][9664][15868][info][gc,heap     ] GC(32) y:      Used:      156M (5%)          174M (6%)          184M (6%)           94M (3%)     
[2026-06-26T13:31:36.194-0300][30.682s][9664][15868][info][gc,heap     ] GC(32) y:      Live:         -                21M (1%)           21M (1%)           21M (1%)     
[2026-06-26T13:31:36.194-0300][30.682s][9664][15868][info][gc,heap     ] GC(32) y:   Garbage:         -               134M (4%)          134M (4%)           31M (1%)     
[2026-06-26T13:31:36.194-0300][30.682s][9664][15868][info][gc,heap     ] GC(32) y: Allocated:         -                18M (1%)           28M (1%)           41M (1%)     
[2026-06-26T13:31:36.194-0300][30.682s][9664][15868][info][gc,heap     ] GC(32) y: Reclaimed:         -                  -                 0M (0%)          103M (3%)     
[2026-06-26T13:31:36.194-0300][30.682s][9664][15868][info][gc,heap     ] GC(32) y:  Promoted:         -                  -                 0M (0%)            0M (0%)     
[2026-06-26T13:31:36.194-0300][30.682s][9664][15868][info][gc,heap     ] GC(32) y: Compacted:         -                  -                  -                 6M (0%)     
[2026-06-26T13:31:36.194-0300][30.682s][9664][15868][info][gc,phases   ] GC(32) y: Young Generation 1272M(41%)->1178M(38%) 0.048s
[2026-06-26T13:31:36.194-0300][30.682s][9664][15868][info][gc          ] GC(32) Minor Collection (Allocation Rate) 1272M(41%)->1178M(38%) 0.049s
[2026-06-26T13:31:36.196-0300][30.684s][9664][15316][info][gc,phases   ] GC(28) O: Concurrent Select Relocation Set 6.126ms
[2026-06-26T13:31:36.196-0300][30.684s][9664][15316][info][gc,task     ] GC(28) O: Using 3 Workers for Old Generation
[2026-06-26T13:31:36.202-0300][30.690s][9664][15316][info][gc,task     ] GC(28) O: Using 1 Workers for Old Generation
[2026-06-26T13:31:36.202-0300][30.690s][9664][15316][info][gc,phases   ] GC(28) O: Concurrent Remap Roots 6.154ms
[2026-06-26T13:31:36.203-0300][30.690s][9664][9396 ][info][gc,phases   ] GC(28) O: Pause Relocate Start 0.010ms
[2026-06-26T13:31:36.254-0300][30.742s][9664][15868][info][gc          ] GC(33) Minor Collection (Allocation Rate)
[2026-06-26T13:31:36.254-0300][30.742s][9664][15868][info][gc,task     ] GC(33) Using 2 Workers for Young Generation
[2026-06-26T13:31:36.254-0300][30.742s][9664][15868][info][gc,phases   ] GC(33) y: Young Generation
[2026-06-26T13:31:36.256-0300][30.743s][9664][9396 ][info][gc,phases   ] GC(33) y: Pause Mark Start 0.014ms
[2026-06-26T13:31:36.285-0300][30.773s][9664][15868][info][gc,phases   ] GC(33) y: Concurrent Mark 29.131ms
[2026-06-26T13:31:36.285-0300][30.773s][9664][9396 ][info][gc,phases   ] GC(33) y: Pause Mark End 0.017ms
[2026-06-26T13:31:36.285-0300][30.773s][9664][15868][info][gc,phases   ] GC(33) y: Concurrent Mark Free 0.003ms
[2026-06-26T13:31:36.285-0300][30.773s][9664][15868][info][gc,phases   ] GC(33) y: Concurrent Reset Relocation Set 0.005ms
[2026-06-26T13:31:36.285-0300][30.773s][9664][15868][info][gc,reloc    ] GC(33) y: Using tenuring threshold: 2 (Computed)
[2026-06-26T13:31:36.286-0300][30.774s][9664][15868][info][gc,phases   ] GC(33) y: Concurrent Select Relocation Set 0.716ms
[2026-06-26T13:31:36.286-0300][30.774s][9664][9396 ][info][gc,phases   ] GC(33) y: Pause Relocate Start 0.012ms
[2026-06-26T13:31:36.288-0300][30.776s][9664][15868][info][gc,phases   ] GC(33) y: Concurrent Relocate 1.960ms
[2026-06-26T13:31:36.288-0300][30.776s][9664][15868][info][gc,alloc    ] GC(33) y:                         Mark Start        Mark End      Relocate Start    Relocate End   
[2026-06-26T13:31:36.288-0300][30.776s][9664][15868][info][gc,alloc    ] GC(33) y: Allocation Stalls:          0                0                0                0         
[2026-06-26T13:31:36.288-0300][30.776s][9664][15868][info][gc,load     ] GC(33) y: Load: 0.00 (0%) / 0.00 (0%) / 0.00 (0%)
[2026-06-26T13:31:36.288-0300][30.776s][9664][15868][info][gc,mmu      ] GC(33) y: MMU: 2ms/96.8%, 5ms/98.7%, 10ms/99.4%, 20ms/99.6%, 50ms/99.8%, 100ms/99.8%
[2026-06-26T13:31:36.288-0300][30.776s][9664][15868][info][gc,marking  ] GC(33) y: Mark: 2 stripe(s), 10 proactive flush(es), 1 terminate flush(es), 0 completion(s), 0 continuation(s) 
[2026-06-26T13:31:36.288-0300][30.777s][9664][15868][info][gc,nmethod  ] GC(33) y: NMethods: 10663 registered, 231 unregistered
[2026-06-26T13:31:36.288-0300][30.777s][9664][15868][info][gc,metaspace] GC(33) y: Metaspace: 63M used, 64M committed, 1088M reserved
[2026-06-26T13:31:36.288-0300][30.777s][9664][15868][info][gc,reloc    ] GC(33) y:                        Candidates     Selected     In-Place         Size        Empty    Relocated 
[2026-06-26T13:31:36.288-0300][30.777s][9664][15868][info][gc,reloc    ] GC(33) y: Small Pages:                   43           32            0          86M           0M           3M 
[2026-06-26T13:31:36.288-0300][30.777s][9664][15868][info][gc,reloc    ] GC(33) y: Medium Pages:                   2            0            0          64M          32M           0M 
[2026-06-26T13:31:36.288-0300][30.777s][9664][15868][info][gc,reloc    ] GC(33) y: Large Pages:                    2            0            0          12M          12M           0M 
[2026-06-26T13:31:36.288-0300][30.777s][9664][15868][info][gc,reloc    ] GC(33) y: Forwarding Usage: 0M
[2026-06-26T13:31:36.288-0300][30.777s][9664][15868][info][gc,reloc    ] GC(33) y: Age Table:
[2026-06-26T13:31:36.288-0300][30.777s][9664][15868][info][gc,reloc    ] GC(33) y:                    Live             Garbage             Small              Medium             Large        
[2026-06-26T13:31:36.288-0300][30.777s][9664][15868][info][gc,reloc    ] GC(33) y: Eden               6M (0%)           91M (3%)          27 / 26             1 / 0              2 / 0        
[2026-06-26T13:31:36.288-0300][30.777s][9664][15868][info][gc,reloc    ] GC(33) y: Survivor 1        13M (0%)           44M (1%)          13 / 5              1 / 0              0 / 0        
[2026-06-26T13:31:36.288-0300][30.777s][9664][15868][info][gc,reloc    ] GC(33) y: Survivor 2         3M (0%)            2M (0%)           3 / 1              0 / 0              0 / 0        
[2026-06-26T13:31:36.288-0300][30.777s][9664][15868][info][gc,heap     ] GC(33) y: Min Capacity: 8M(0%)
[2026-06-26T13:31:36.288-0300][30.777s][9664][15868][info][gc,heap     ] GC(33) y: Max Capacity: 3072M(100%)
[2026-06-26T13:31:36.288-0300][30.777s][9664][15868][info][gc,heap     ] GC(33) y: Soft Max Capacity: 3072M(100%)
[2026-06-26T13:31:36.288-0300][30.777s][9664][15868][info][gc,heap     ] GC(33) y: Heap Statistics:
[2026-06-26T13:31:36.288-0300][30.777s][9664][15868][info][gc,heap     ] GC(33) y:                Mark Start          Mark End        Relocate Start      Relocate End           High               Low         
[2026-06-26T13:31:36.288-0300][30.777s][9664][15868][info][gc,heap     ] GC(33) y:  Capacity:     3072M (100%)       3072M (100%)       3072M (100%)       3072M (100%)       3072M (100%)       3072M (100%)   
[2026-06-26T13:31:36.288-0300][30.777s][9664][15868][info][gc,heap     ] GC(33) y:      Free:     1980M (64%)        1914M (62%)        1958M (64%)        2012M (65%)        2012M (65%)        1912M (62%)    
[2026-06-26T13:31:36.288-0300][30.777s][9664][15868][info][gc,heap     ] GC(33) y:      Used:     1092M (36%)        1158M (38%)        1114M (36%)        1060M (35%)        1160M (38%)        1060M (35%)    
[2026-06-26T13:31:36.288-0300][30.777s][9664][15868][info][gc,heap     ] GC(33) y: Young Generation Statistics:
[2026-06-26T13:31:36.288-0300][30.777s][9664][15868][info][gc,heap     ] GC(33) y:                Mark Start          Mark End        Relocate Start      Relocate End    
[2026-06-26T13:31:36.288-0300][30.777s][9664][15868][info][gc,heap     ] GC(33) y:      Used:      162M (5%)          234M (8%)          186M (6%)          130M (4%)     
[2026-06-26T13:31:36.288-0300][30.777s][9664][15868][info][gc,heap     ] GC(33) y:      Live:         -                23M (1%)           19M (1%)           19M (1%)     
[2026-06-26T13:31:36.288-0300][30.777s][9664][15868][info][gc,heap     ] GC(33) y:   Garbage:         -               138M (5%)           94M (3%)           29M (1%)     
[2026-06-26T13:31:36.288-0300][30.777s][9664][15868][info][gc,heap     ] GC(33) y: Allocated:         -                72M (2%)           72M (2%)           80M (3%)     
[2026-06-26T13:31:36.288-0300][30.777s][9664][15868][info][gc,heap     ] GC(33) y: Reclaimed:         -                  -                44M (1%)          109M (4%)     
[2026-06-26T13:31:36.288-0300][30.777s][9664][15868][info][gc,heap     ] GC(33) y:  Promoted:         -                  -                 3M (0%)            3M (0%)     
[2026-06-26T13:31:36.288-0300][30.777s][9664][15868][info][gc,heap     ] GC(33) y: Compacted:         -                  -                  -                 3M (0%)     
[2026-06-26T13:31:36.288-0300][30.777s][9664][15868][info][gc,phases   ] GC(33) y: Young Generation 1092M(36%)->1060M(35%) 0.034s
[2026-06-26T13:31:36.288-0300][30.777s][9664][15868][info][gc          ] GC(33) Minor Collection (Allocation Rate) 1090M(35%)->1060M(35%) 0.035s
[2026-06-26T13:31:36.289-0300][30.777s][9664][15316][info][gc,phases   ] GC(28) O: Concurrent Relocate 86.771ms
[2026-06-26T13:31:36.289-0300][30.777s][9664][15316][info][gc,alloc    ] GC(28) O:                         Mark Start        Mark End      Relocate Start    Relocate End   
[2026-06-26T13:31:36.289-0300][30.777s][9664][15316][info][gc,alloc    ] GC(28) O: Allocation Stalls:          0                0                0                0         
[2026-06-26T13:31:36.289-0300][30.777s][9664][15316][info][gc,load     ] GC(28) O: Load: 0.00 (0%) / 0.00 (0%) / 0.00 (0%)
[2026-06-26T13:31:36.289-0300][30.777s][9664][15316][info][gc,mmu      ] GC(28) O: MMU: 2ms/96.8%, 5ms/98.7%, 10ms/99.4%, 20ms/99.6%, 50ms/99.8%, 100ms/99.8%
[2026-06-26T13:31:36.289-0300][30.777s][9664][15316][info][gc,marking  ] GC(28) O: Mark: 1 stripe(s), 2 proactive flush(es), 1 terminate flush(es), 0 completion(s), 0 continuation(s) 
[2026-06-26T13:31:36.289-0300][30.777s][9664][15316][info][gc,nmethod  ] GC(28) O: NMethods: 10663 registered, 231 unregistered
[2026-06-26T13:31:36.289-0300][30.777s][9664][15316][info][gc,metaspace] GC(28) O: Metaspace: 63M used, 64M committed, 1088M reserved
[2026-06-26T13:31:36.289-0300][30.777s][9664][15316][info][gc,ref      ] GC(28) O:                       Encountered   Discovered     Enqueued 
[2026-06-26T13:31:36.289-0300][30.777s][9664][15316][info][gc,ref      ] GC(28) O: Soft References:             5339            0            0 
[2026-06-26T13:31:36.289-0300][30.777s][9664][15316][info][gc,ref      ] GC(28) O: Weak References:             4599         3225            3 
[2026-06-26T13:31:36.289-0300][30.777s][9664][15316][info][gc,ref      ] GC(28) O: Final References:              15            0            0 
[2026-06-26T13:31:36.289-0300][30.777s][9664][15316][info][gc,ref      ] GC(28) O: Phantom References:          6460         6425            0 
[2026-06-26T13:31:36.289-0300][30.777s][9664][15316][info][gc,reloc    ] GC(28) O:                        Candidates     Selected     In-Place         Size        Empty    Relocated 
[2026-06-26T13:31:36.289-0300][30.777s][9664][15316][info][gc,reloc    ] GC(28) O: Small Pages:                  400           37            0         800M           0M          17M 
[2026-06-26T13:31:36.289-0300][30.777s][9664][15316][info][gc,reloc    ] GC(28) O: Medium Pages:                   6            4            0         192M          32M          22M 
[2026-06-26T13:31:36.289-0300][30.777s][9664][15316][info][gc,reloc    ] GC(28) O: Large Pages:                    1            0            0          12M           0M           0M 
[2026-06-26T13:31:36.289-0300][30.777s][9664][15316][info][gc,reloc    ] GC(28) O: Forwarding Usage: 18M
[2026-06-26T13:31:36.289-0300][30.777s][9664][15316][info][gc,heap     ] GC(28) O: Min Capacity: 8M(0%)
[2026-06-26T13:31:36.289-0300][30.777s][9664][15316][info][gc,heap     ] GC(28) O: Max Capacity: 3072M(100%)
[2026-06-26T13:31:36.289-0300][30.777s][9664][15316][info][gc,heap     ] GC(28) O: Soft Max Capacity: 3072M(100%)
[2026-06-26T13:31:36.289-0300][30.777s][9664][15316][info][gc,heap     ] GC(28) O: Heap Statistics:
[2026-06-26T13:31:36.289-0300][30.777s][9664][15316][info][gc,heap     ] GC(28) O:                Mark Start          Mark End        Relocate Start      Relocate End           High               Low         
[2026-06-26T13:31:36.289-0300][30.777s][9664][15316][info][gc,heap     ] GC(28) O:  Capacity:     3072M (100%)       3072M (100%)       3072M (100%)       3072M (100%)       3072M (100%)       3072M (100%)   
[2026-06-26T13:31:36.289-0300][30.777s][9664][15316][info][gc,heap     ] GC(28) O:      Free:     1914M (62%)        1782M (58%)        1890M (62%)        2014M (66%)        2020M (66%)        1764M (57%)    
[2026-06-26T13:31:36.289-0300][30.777s][9664][15316][info][gc,heap     ] GC(28) O:      Used:     1158M (38%)        1290M (42%)        1182M (38%)        1058M (34%)        1308M (43%)        1052M (34%)    
[2026-06-26T13:31:36.289-0300][30.777s][9664][15316][info][gc,heap     ] GC(28) O: Old Generation Statistics:
[2026-06-26T13:31:36.289-0300][30.777s][9664][15316][info][gc,heap     ] GC(28) O:                Mark Start          Mark End        Relocate Start      Relocate End    
[2026-06-26T13:31:36.289-0300][30.777s][9664][15316][info][gc,heap     ] GC(28) O:      Used:     1004M (33%)        1116M (36%)        1084M (35%)         928M (30%)    
[2026-06-26T13:31:36.289-0300][30.777s][9664][15316][info][gc,heap     ] GC(28) O:      Live:         -               728M (24%)         728M (24%)         728M (24%)    
[2026-06-26T13:31:36.289-0300][30.777s][9664][15316][info][gc,heap     ] GC(28) O:   Garbage:         -               275M (9%)          243M (8%)           25M (1%)     
[2026-06-26T13:31:36.289-0300][30.777s][9664][15316][info][gc,heap     ] GC(28) O: Allocated:         -               112M (4%)          112M (4%)          173M (6%)     
[2026-06-26T13:31:36.289-0300][30.777s][9664][15316][info][gc,heap     ] GC(28) O: Reclaimed:         -                  -                32M (1%)          249M (8%)     
[2026-06-26T13:31:36.289-0300][30.777s][9664][15316][info][gc,heap     ] GC(28) O: Compacted:         -                  -                  -                76M (2%)     
[2026-06-26T13:31:36.289-0300][30.777s][9664][15316][info][gc,phases   ] GC(28) O: Old Generation 1084M(35%)->1058M(34%) 1.750s
[2026-06-26T13:31:36.289-0300][30.777s][9664][15316][info][gc          ] GC(28) Major Collection (Allocation Rate) 1158M(38%)->1058M(34%) 1.808s
[2026-06-26T13:31:36.456-0300][30.943s][9664][15868][info][gc          ] GC(34) Minor Collection (Allocation Rate)
[2026-06-26T13:31:36.456-0300][30.943s][9664][15868][info][gc,task     ] GC(34) Using 3 Workers for Young Generation
[2026-06-26T13:31:36.456-0300][30.943s][9664][15868][info][gc,phases   ] GC(34) y: Young Generation
[2026-06-26T13:31:36.456-0300][30.943s][9664][9396 ][info][gc,phases   ] GC(34) y: Pause Mark Start 0.010ms
[2026-06-26T13:31:36.497-0300][30.985s][9664][15868][info][gc,phases   ] GC(34) y: Concurrent Mark 41.137ms
[2026-06-26T13:31:36.497-0300][30.985s][9664][9396 ][info][gc,phases   ] GC(34) y: Pause Mark End 0.025ms
[2026-06-26T13:31:36.497-0300][30.985s][9664][15868][info][gc,phases   ] GC(34) y: Concurrent Mark Free 0.008ms
[2026-06-26T13:31:36.497-0300][30.985s][9664][15868][info][gc,phases   ] GC(34) y: Concurrent Reset Relocation Set 0.063ms
[2026-06-26T13:31:36.497-0300][30.985s][9664][15868][info][gc,reloc    ] GC(34) y: Using tenuring threshold: 3 (Computed)
[2026-06-26T13:31:36.498-0300][30.986s][9664][15868][info][gc,phases   ] GC(34) y: Concurrent Select Relocation Set 0.987ms
[2026-06-26T13:31:36.498-0300][30.986s][9664][9396 ][info][gc,phases   ] GC(34) y: Pause Relocate Start 0.019ms
[2026-06-26T13:31:36.503-0300][30.991s][9664][15868][info][gc,phases   ] GC(34) y: Concurrent Relocate 4.664ms
[2026-06-26T13:31:36.503-0300][30.991s][9664][15868][info][gc,alloc    ] GC(34) y:                         Mark Start        Mark End      Relocate Start    Relocate End   
[2026-06-26T13:31:36.503-0300][30.991s][9664][15868][info][gc,alloc    ] GC(34) y: Allocation Stalls:          0                0                0                0         
[2026-06-26T13:31:36.503-0300][30.991s][9664][15868][info][gc,load     ] GC(34) y: Load: 0.00 (0%) / 0.00 (0%) / 0.00 (0%)
[2026-06-26T13:31:36.503-0300][30.991s][9664][15868][info][gc,mmu      ] GC(34) y: MMU: 2ms/96.8%, 5ms/98.7%, 10ms/99.4%, 20ms/99.6%, 50ms/99.8%, 100ms/99.8%
[2026-06-26T13:31:36.503-0300][30.991s][9664][15868][info][gc,marking  ] GC(34) y: Mark: 2 stripe(s), 4 proactive flush(es), 1 terminate flush(es), 0 completion(s), 0 continuation(s) 
[2026-06-26T13:31:36.503-0300][30.991s][9664][15868][info][gc,nmethod  ] GC(34) y: NMethods: 10765 registered, 231 unregistered
[2026-06-26T13:31:36.503-0300][30.991s][9664][15868][info][gc,metaspace] GC(34) y: Metaspace: 63M used, 65M committed, 1088M reserved
[2026-06-26T13:31:36.503-0300][30.991s][9664][15868][info][gc,reloc    ] GC(34) y:                        Candidates     Selected     In-Place         Size        Empty    Relocated 
[2026-06-26T13:31:36.503-0300][30.991s][9664][15868][info][gc,reloc    ] GC(34) y: Small Pages:                   45           13            0          90M           4M           6M 
[2026-06-26T13:31:36.503-0300][30.991s][9664][15868][info][gc,reloc    ] GC(34) y: Medium Pages:                   2            1            0          64M           0M           4M 
[2026-06-26T13:31:36.503-0300][30.991s][9664][15868][info][gc,reloc    ] GC(34) y: Large Pages:                    0            0            0           0M           0M           0M 
[2026-06-26T13:31:36.503-0300][30.991s][9664][15868][info][gc,reloc    ] GC(34) y: Forwarding Usage: 3M
[2026-06-26T13:31:36.503-0300][30.991s][9664][15868][info][gc,reloc    ] GC(34) y: Age Table:
[2026-06-26T13:31:36.503-0300][30.991s][9664][15868][info][gc,reloc    ] GC(34) y:                    Live             Garbage             Small              Medium             Large        
[2026-06-26T13:31:36.503-0300][30.991s][9664][15868][info][gc,reloc    ] GC(34) y: Eden              39M (1%)           56M (2%)          32 / 10             1 / 0              0 / 0        
[2026-06-26T13:31:36.503-0300][30.991s][9664][15868][info][gc,reloc    ] GC(34) y: Survivor 1         6M (0%)           31M (1%)           3 / 1              1 / 1              0 / 0        
[2026-06-26T13:31:36.503-0300][30.991s][9664][15868][info][gc,reloc    ] GC(34) y: Survivor 2        12M (0%)            7M (0%)          10 / 2              0 / 0              0 / 0        
[2026-06-26T13:31:36.503-0300][30.991s][9664][15868][info][gc,heap     ] GC(34) y: Min Capacity: 8M(0%)
[2026-06-26T13:31:36.503-0300][30.991s][9664][15868][info][gc,heap     ] GC(34) y: Max Capacity: 3072M(100%)
[2026-06-26T13:31:36.503-0300][30.991s][9664][15868][info][gc,heap     ] GC(34) y: Soft Max Capacity: 3072M(100%)
[2026-06-26T13:31:36.503-0300][30.991s][9664][15868][info][gc,heap     ] GC(34) y: Heap Statistics:
[2026-06-26T13:31:36.503-0300][30.991s][9664][15868][info][gc,heap     ] GC(34) y:                Mark Start          Mark End        Relocate Start      Relocate End           High               Low         
[2026-06-26T13:31:36.503-0300][30.991s][9664][15868][info][gc,heap     ] GC(34) y:  Capacity:     3072M (100%)       3072M (100%)       3072M (100%)       3072M (100%)       3072M (100%)       3072M (100%)   
[2026-06-26T13:31:36.503-0300][30.991s][9664][15868][info][gc,heap     ] GC(34) y:      Free:     1990M (65%)        1974M (64%)        1978M (64%)        1988M (65%)        1990M (65%)        1906M (62%)    
[2026-06-26T13:31:36.503-0300][30.991s][9664][15868][info][gc,heap     ] GC(34) y:      Used:     1082M (35%)        1098M (36%)        1094M (36%)        1084M (35%)        1166M (38%)        1082M (35%)    
[2026-06-26T13:31:36.503-0300][30.991s][9664][15868][info][gc,heap     ] GC(34) y: Young Generation Statistics:
[2026-06-26T13:31:36.503-0300][30.991s][9664][15868][info][gc,heap     ] GC(34) y:                Mark Start          Mark End        Relocate Start      Relocate End    
[2026-06-26T13:31:36.503-0300][30.991s][9664][15868][info][gc,heap     ] GC(34) y:      Used:      154M (5%)          170M (6%)          166M (5%)          156M (5%)     
[2026-06-26T13:31:36.503-0300][30.991s][9664][15868][info][gc,heap     ] GC(34) y:      Live:         -                58M (2%)           58M (2%)           58M (2%)     
[2026-06-26T13:31:36.503-0300][30.991s][9664][15868][info][gc,heap     ] GC(34) y:   Garbage:         -                95M (3%)           91M (3%)            5M (0%)     
[2026-06-26T13:31:36.503-0300][30.991s][9664][15868][info][gc,heap     ] GC(34) y: Allocated:         -                16M (1%)           16M (1%)           92M (3%)     
[2026-06-26T13:31:36.503-0300][30.991s][9664][15868][info][gc,heap     ] GC(34) y: Reclaimed:         -                  -                 4M (0%)           90M (3%)     
[2026-06-26T13:31:36.503-0300][30.991s][9664][15868][info][gc,heap     ] GC(34) y:  Promoted:         -                  -                 0M (0%)            0M (0%)     
[2026-06-26T13:31:36.503-0300][30.991s][9664][15868][info][gc,heap     ] GC(34) y: Compacted:         -                  -                  -                17M (1%)     
[2026-06-26T13:31:36.503-0300][30.991s][9664][15868][info][gc,phases   ] GC(34) y: Young Generation 1082M(35%)->1084M(35%) 0.048s
[2026-06-26T13:31:36.503-0300][30.991s][9664][15868][info][gc          ] GC(34) Minor Collection (Allocation Rate) 1082M(35%)->1084M(35%) 0.048s
[2026-06-26T13:31:36.504-0300][30.991s][9664][15316][info][gc          ] GC(35) Major Collection (Allocation Rate)
[2026-06-26T13:31:36.504-0300][30.991s][9664][15316][info][gc,task     ] GC(35) Using 3 Workers for Young Generation
[2026-06-26T13:31:36.504-0300][30.991s][9664][15316][info][gc,task     ] GC(35) Using 1 Workers for Old Generation
[2026-06-26T13:31:36.504-0300][30.991s][9664][15316][info][gc,phases   ] GC(35) Y: Young Generation
[2026-06-26T13:31:36.504-0300][30.991s][9664][9396 ][info][gc,phases   ] GC(35) Y: Pause Mark Start (Major) 0.022ms
[2026-06-26T13:31:36.555-0300][31.043s][9664][15316][info][gc,phases   ] GC(35) Y: Concurrent Mark 51.234ms
[2026-06-26T13:31:36.555-0300][31.043s][9664][9396 ][info][gc,phases   ] GC(35) Y: Pause Mark End 0.017ms
[2026-06-26T13:31:36.555-0300][31.043s][9664][15316][info][gc,phases   ] GC(35) Y: Concurrent Mark Free 0.011ms
[2026-06-26T13:31:36.555-0300][31.043s][9664][15316][info][gc,phases   ] GC(35) Y: Concurrent Reset Relocation Set 0.003ms
[2026-06-26T13:31:36.555-0300][31.043s][9664][15316][info][gc,reloc    ] GC(35) Y: Using tenuring threshold: 1 (Computed)
[2026-06-26T13:31:36.568-0300][31.056s][9664][15316][info][gc,phases   ] GC(35) Y: Concurrent Select Relocation Set 13.217ms
[2026-06-26T13:31:36.568-0300][31.056s][9664][9396 ][info][gc,phases   ] GC(35) Y: Pause Relocate Start 0.017ms
[2026-06-26T13:31:36.596-0300][31.084s][9664][15316][info][gc,phases   ] GC(35) Y: Concurrent Relocate 27.721ms
[2026-06-26T13:31:36.596-0300][31.084s][9664][15316][info][gc,alloc    ] GC(35) Y:                         Mark Start        Mark End      Relocate Start    Relocate End   
[2026-06-26T13:31:36.596-0300][31.084s][9664][15316][info][gc,alloc    ] GC(35) Y: Allocation Stalls:          0                0                0                0         
[2026-06-26T13:31:36.596-0300][31.084s][9664][15316][info][gc,load     ] GC(35) Y: Load: 0.00 (0%) / 0.00 (0%) / 0.00 (0%)
[2026-06-26T13:31:36.596-0300][31.084s][9664][15316][info][gc,mmu      ] GC(35) Y: MMU: 2ms/96.8%, 5ms/98.7%, 10ms/99.3%, 20ms/99.6%, 50ms/99.8%, 100ms/99.8%
[2026-06-26T13:31:36.596-0300][31.084s][9664][15316][info][gc,marking  ] GC(35) Y: Mark: 2 stripe(s), 3 proactive flush(es), 1 terminate flush(es), 0 completion(s), 0 continuation(s) 
[2026-06-26T13:31:36.596-0300][31.084s][9664][15316][info][gc,nmethod  ] GC(35) Y: NMethods: 10816 registered, 231 unregistered
[2026-06-26T13:31:36.596-0300][31.084s][9664][15316][info][gc,metaspace] GC(35) Y: Metaspace: 63M used, 65M committed, 1088M reserved
[2026-06-26T13:31:36.596-0300][31.084s][9664][15316][info][gc,reloc    ] GC(35) Y:                        Candidates     Selected     In-Place         Size        Empty    Relocated 
[2026-06-26T13:31:36.596-0300][31.084s][9664][15316][info][gc,reloc    ] GC(35) Y: Small Pages:                   46           14            0          92M           2M           3M 
[2026-06-26T13:31:36.596-0300][31.084s][9664][15316][info][gc,reloc    ] GC(35) Y: Medium Pages:                   2            1            0          64M           0M           4M 
[2026-06-26T13:31:36.596-0300][31.084s][9664][15316][info][gc,reloc    ] GC(35) Y: Large Pages:                    0            0            0           0M           0M           0M 
[2026-06-26T13:31:36.596-0300][31.085s][9664][15316][info][gc,reloc    ] GC(35) Y: Forwarding Usage: 1M
[2026-06-26T13:31:36.596-0300][31.085s][9664][15316][info][gc,reloc    ] GC(35) Y: Age Table:
[2026-06-26T13:31:36.596-0300][31.085s][9664][15316][info][gc,reloc    ] GC(35) Y:                    Live             Garbage             Small              Medium             Large        
[2026-06-26T13:31:36.596-0300][31.085s][9664][15316][info][gc,reloc    ] GC(35) Y: Eden               2M (0%)           13M (0%)           8 / 6              0 / 0              0 / 0        
[2026-06-26T13:31:36.596-0300][31.085s][9664][15316][info][gc,reloc    ] GC(35) Y: Survivor 1        38M (1%)           43M (1%)          25 / 4              1 / 0              0 / 0        
[2026-06-26T13:31:36.596-0300][31.085s][9664][15316][info][gc,reloc    ] GC(35) Y: Survivor 2         6M (0%)           31M (1%)           3 / 2              1 / 1              0 / 0        
[2026-06-26T13:31:36.596-0300][31.085s][9664][15316][info][gc,reloc    ] GC(35) Y: Survivor 3        12M (0%)            7M (0%)          10 / 2              0 / 0              0 / 0        
[2026-06-26T13:31:36.596-0300][31.085s][9664][15316][info][gc,heap     ] GC(35) Y: Min Capacity: 8M(0%)
[2026-06-26T13:31:36.596-0300][31.085s][9664][15316][info][gc,heap     ] GC(35) Y: Max Capacity: 3072M(100%)
[2026-06-26T13:31:36.596-0300][31.085s][9664][15316][info][gc,heap     ] GC(35) Y: Soft Max Capacity: 3072M(100%)
[2026-06-26T13:31:36.596-0300][31.085s][9664][15316][info][gc,heap     ] GC(35) Y: Heap Statistics:
[2026-06-26T13:31:36.596-0300][31.085s][9664][15316][info][gc,heap     ] GC(35) Y:                Mark Start          Mark End        Relocate Start      Relocate End           High               Low         
[2026-06-26T13:31:36.596-0300][31.085s][9664][15316][info][gc,heap     ] GC(35) Y:  Capacity:     3072M (100%)       3072M (100%)       3072M (100%)       3072M (100%)       3072M (100%)       3072M (100%)   
[2026-06-26T13:31:36.596-0300][31.085s][9664][15316][info][gc,heap     ] GC(35) Y:      Free:     1988M (65%)        1970M (64%)        1972M (64%)        2022M (66%)        2024M (66%)        1936M (63%)    
[2026-06-26T13:31:36.596-0300][31.085s][9664][15316][info][gc,heap     ] GC(35) Y:      Used:     1084M (35%)        1102M (36%)        1100M (36%)        1050M (34%)        1136M (37%)        1048M (34%)    
[2026-06-26T13:31:36.596-0300][31.085s][9664][15316][info][gc,heap     ] GC(35) Y: Young Generation Statistics:
[2026-06-26T13:31:36.596-0300][31.085s][9664][15316][info][gc,heap     ] GC(35) Y:                Mark Start          Mark End        Relocate Start      Relocate End    
[2026-06-26T13:31:36.596-0300][31.085s][9664][15316][info][gc,heap     ] GC(35) Y:      Used:      156M (5%)          174M (6%)          120M (4%)           28M (1%)     
[2026-06-26T13:31:36.596-0300][31.085s][9664][15316][info][gc,heap     ] GC(35) Y:      Live:         -                59M (2%)           13M (0%)            2M (0%)     
[2026-06-26T13:31:36.596-0300][31.085s][9664][15316][info][gc,heap     ] GC(35) Y:   Garbage:         -                96M (3%)           88M (3%)            0M (0%)     
[2026-06-26T13:31:36.596-0300][31.085s][9664][15316][info][gc,heap     ] GC(35) Y: Allocated:         -                18M (1%)           18M (1%)           25M (1%)     
[2026-06-26T13:31:36.597-0300][31.085s][9664][15316][info][gc,heap     ] GC(35) Y: Reclaimed:         -                  -                 8M (0%)           96M (3%)     
[2026-06-26T13:31:36.597-0300][31.085s][9664][15316][info][gc,heap     ] GC(35) Y:  Promoted:         -                  -                45M (1%)           56M (2%)     
[2026-06-26T13:31:36.597-0300][31.085s][9664][15316][info][gc,heap     ] GC(35) Y: Compacted:         -                  -                  -                 0M (0%)     
[2026-06-26T13:31:36.597-0300][31.085s][9664][15316][info][gc,phases   ] GC(35) Y: Young Generation 1084M(35%)->1050M(34%) 0.093s
[2026-06-26T13:31:36.597-0300][31.085s][9664][15316][info][gc,phases   ] GC(35) O: Old Generation
[2026-06-26T13:31:36.986-0300][31.474s][9664][15868][info][gc          ] GC(36) Minor Collection (Allocation Rate)
[2026-06-26T13:31:36.986-0300][31.474s][9664][15868][info][gc,task     ] GC(36) Using 2 Workers for Young Generation
[2026-06-26T13:31:36.986-0300][31.474s][9664][15868][info][gc,phases   ] GC(36) y: Young Generation
[2026-06-26T13:31:36.986-0300][31.474s][9664][9396 ][info][gc,phases   ] GC(36) y: Pause Mark Start 0.009ms
[2026-06-26T13:31:37.078-0300][31.567s][9664][15868][info][gc,phases   ] GC(36) y: Concurrent Mark 92.487ms
[2026-06-26T13:31:37.078-0300][31.567s][9664][9396 ][info][gc,phases   ] GC(36) y: Pause Mark End 0.021ms
[2026-06-26T13:31:37.078-0300][31.567s][9664][15868][info][gc,phases   ] GC(36) y: Concurrent Mark Free 0.006ms
[2026-06-26T13:31:37.079-0300][31.567s][9664][15868][info][gc,phases   ] GC(36) y: Concurrent Reset Relocation Set 0.227ms
[2026-06-26T13:31:37.079-0300][31.567s][9664][15868][info][gc,reloc    ] GC(36) y: Using tenuring threshold: 2 (Computed)
[2026-06-26T13:31:37.080-0300][31.569s][9664][15868][info][gc,phases   ] GC(36) y: Concurrent Select Relocation Set 1.582ms
[2026-06-26T13:31:37.080-0300][31.569s][9664][9396 ][info][gc,phases   ] GC(36) y: Pause Relocate Start 0.009ms
[2026-06-26T13:31:37.092-0300][31.580s][9664][15868][info][gc,phases   ] GC(36) y: Concurrent Relocate 11.168ms
[2026-06-26T13:31:37.092-0300][31.580s][9664][15868][info][gc,alloc    ] GC(36) y:                         Mark Start        Mark End      Relocate Start    Relocate End   
[2026-06-26T13:31:37.092-0300][31.580s][9664][15868][info][gc,alloc    ] GC(36) y: Allocation Stalls:          0                0                0                0         
[2026-06-26T13:31:37.092-0300][31.580s][9664][15868][info][gc,load     ] GC(36) y: Load: 0.00 (0%) / 0.00 (0%) / 0.00 (0%)
[2026-06-26T13:31:37.092-0300][31.580s][9664][15868][info][gc,mmu      ] GC(36) y: MMU: 2ms/96.8%, 5ms/98.7%, 10ms/99.3%, 20ms/99.6%, 50ms/99.8%, 100ms/99.8%
[2026-06-26T13:31:37.092-0300][31.580s][9664][15868][info][gc,marking  ] GC(36) y: Mark: 2 stripe(s), 2 proactive flush(es), 1 terminate flush(es), 0 completion(s), 0 continuation(s) 
[2026-06-26T13:31:37.092-0300][31.580s][9664][15868][info][gc,nmethod  ] GC(36) y: NMethods: 10890 registered, 231 unregistered
[2026-06-26T13:31:37.092-0300][31.580s][9664][15868][info][gc,metaspace] GC(36) y: Metaspace: 63M used, 65M committed, 1088M reserved
[2026-06-26T13:31:37.093-0300][31.580s][9664][15868][info][gc,reloc    ] GC(36) y:                        Candidates     Selected     In-Place         Size        Empty    Relocated 
[2026-06-26T13:31:37.093-0300][31.580s][9664][15868][info][gc,reloc    ] GC(36) y: Small Pages:                   67           22            0         134M           2M           9M 
[2026-06-26T13:31:37.093-0300][31.580s][9664][15868][info][gc,reloc    ] GC(36) y: Medium Pages:                   1            0            0          32M           0M           0M 
[2026-06-26T13:31:37.093-0300][31.580s][9664][15868][info][gc,reloc    ] GC(36) y: Large Pages:                    0            0            0           0M           0M           0M 
[2026-06-26T13:31:37.093-0300][31.580s][9664][15868][info][gc,reloc    ] GC(36) y: Forwarding Usage: 6M
[2026-06-26T13:31:37.093-0300][31.580s][9664][15868][info][gc,reloc    ] GC(36) y: Age Table:
[2026-06-26T13:31:37.093-0300][31.580s][9664][15868][info][gc,reloc    ] GC(36) y:                    Live             Garbage             Small              Medium             Large        
[2026-06-26T13:31:37.093-0300][31.580s][9664][15868][info][gc,reloc    ] GC(36) y: Eden              79M (3%)           80M (3%)          64 / 21             1 / 0              0 / 0        
[2026-06-26T13:31:37.093-0300][31.580s][9664][15868][info][gc,reloc    ] GC(36) y: Survivor 1         2M (0%)            3M (0%)           3 / 1              0 / 0              0 / 0        
[2026-06-26T13:31:37.093-0300][31.580s][9664][15868][info][gc,heap     ] GC(36) y: Min Capacity: 8M(0%)
[2026-06-26T13:31:37.093-0300][31.580s][9664][15868][info][gc,heap     ] GC(36) y: Max Capacity: 3072M(100%)
[2026-06-26T13:31:37.093-0300][31.580s][9664][15868][info][gc,heap     ] GC(36) y: Soft Max Capacity: 3072M(100%)
[2026-06-26T13:31:37.093-0300][31.580s][9664][15868][info][gc,heap     ] GC(36) y: Heap Statistics:
[2026-06-26T13:31:37.093-0300][31.580s][9664][15868][info][gc,heap     ] GC(36) y:                Mark Start          Mark End        Relocate Start      Relocate End           High               Low         
[2026-06-26T13:31:37.093-0300][31.580s][9664][15868][info][gc,heap     ] GC(36) y:  Capacity:     3072M (100%)       3072M (100%)       3072M (100%)       3072M (100%)       3072M (100%)       3072M (100%)   
[2026-06-26T13:31:37.093-0300][31.580s][9664][15868][info][gc,heap     ] GC(36) y:      Free:     1884M (61%)        1804M (59%)        1806M (59%)        1844M (60%)        1884M (61%)        1802M (59%)    
[2026-06-26T13:31:37.093-0300][31.581s][9664][15868][info][gc,heap     ] GC(36) y:      Used:     1188M (39%)        1268M (41%)        1266M (41%)        1228M (40%)        1270M (41%)        1188M (39%)    
[2026-06-26T13:31:37.093-0300][31.581s][9664][15868][info][gc,heap     ] GC(36) y: Young Generation Statistics:
[2026-06-26T13:31:37.093-0300][31.581s][9664][15868][info][gc,heap     ] GC(36) y:                Mark Start          Mark End        Relocate Start      Relocate End    
[2026-06-26T13:31:37.093-0300][31.581s][9664][15868][info][gc,heap     ] GC(36) y:      Used:      166M (5%)          246M (8%)          244M (8%)          206M (7%)     
[2026-06-26T13:31:37.093-0300][31.581s][9664][15868][info][gc,heap     ] GC(36) y:      Live:         -                81M (3%)           81M (3%)           81M (3%)     
[2026-06-26T13:31:37.093-0300][31.581s][9664][15868][info][gc,heap     ] GC(36) y:   Garbage:         -                84M (3%)           82M (3%)           35M (1%)     
[2026-06-26T13:31:37.093-0300][31.581s][9664][15868][info][gc,heap     ] GC(36) y: Allocated:         -                80M (3%)           80M (3%)           88M (3%)     
[2026-06-26T13:31:37.093-0300][31.581s][9664][15868][info][gc,heap     ] GC(36) y: Reclaimed:         -                  -                 2M (0%)           48M (2%)     
[2026-06-26T13:31:37.093-0300][31.581s][9664][15868][info][gc,heap     ] GC(36) y:  Promoted:         -                  -                 0M (0%)            0M (0%)     
[2026-06-26T13:31:37.093-0300][31.581s][9664][15868][info][gc,heap     ] GC(36) y: Compacted:         -                  -                  -                15M (0%)     
[2026-06-26T13:31:37.093-0300][31.581s][9664][15868][info][gc,phases   ] GC(36) y: Young Generation 1188M(39%)->1228M(40%) 0.106s
[2026-06-26T13:31:37.093-0300][31.581s][9664][15868][info][gc          ] GC(36) Minor Collection (Allocation Rate) 1188M(39%)->1228M(40%) 0.107s
[2026-06-26T13:31:37.093-0300][31.581s][9664][15868][info][gc          ] GC(37) Minor Collection (Allocation Rate)
[2026-06-26T13:31:37.093-0300][31.581s][9664][15868][info][gc,task     ] GC(37) Using 2 Workers for Young Generation
[2026-06-26T13:31:37.093-0300][31.581s][9664][15868][info][gc,phases   ] GC(37) y: Young Generation
[2026-06-26T13:31:37.093-0300][31.581s][9664][9396 ][info][gc,phases   ] GC(37) y: Pause Mark Start 0.014ms
[2026-06-26T13:31:37.201-0300][31.688s][9664][15868][info][gc,phases   ] GC(37) y: Concurrent Mark 107.415ms
[2026-06-26T13:31:37.201-0300][31.688s][9664][9396 ][info][gc,phases   ] GC(37) y: Pause Mark End 0.018ms
[2026-06-26T13:31:37.201-0300][31.689s][9664][15868][info][gc,phases   ] GC(37) y: Concurrent Mark Free 0.004ms
[2026-06-26T13:31:37.201-0300][31.689s][9664][15868][info][gc,phases   ] GC(37) y: Concurrent Reset Relocation Set 0.005ms
[2026-06-26T13:31:37.201-0300][31.689s][9664][15868][info][gc,reloc    ] GC(37) y: Using tenuring threshold: 1 (Computed)
[2026-06-26T13:31:37.229-0300][31.717s][9664][15868][info][gc,phases   ] GC(37) y: Concurrent Select Relocation Set 28.519ms
[2026-06-26T13:31:37.229-0300][31.717s][9664][9396 ][info][gc,phases   ] GC(37) y: Pause Relocate Start 0.017ms
[2026-06-26T13:31:37.281-0300][31.769s][9664][15868][info][gc,phases   ] GC(37) y: Concurrent Relocate 51.645ms
[2026-06-26T13:31:37.281-0300][31.769s][9664][15868][info][gc,alloc    ] GC(37) y:                         Mark Start        Mark End      Relocate Start    Relocate End   
[2026-06-26T13:31:37.281-0300][31.769s][9664][15868][info][gc,alloc    ] GC(37) y: Allocation Stalls:          0                0                0                0         
[2026-06-26T13:31:37.281-0300][31.769s][9664][15868][info][gc,load     ] GC(37) y: Load: 0.00 (0%) / 0.00 (0%) / 0.00 (0%)
[2026-06-26T13:31:37.281-0300][31.769s][9664][15868][info][gc,mmu      ] GC(37) y: MMU: 2ms/96.8%, 5ms/98.7%, 10ms/99.3%, 20ms/99.6%, 50ms/99.8%, 100ms/99.8%
[2026-06-26T13:31:37.281-0300][31.769s][9664][15868][info][gc,marking  ] GC(37) y: Mark: 2 stripe(s), 2 proactive flush(es), 1 terminate flush(es), 0 completion(s), 0 continuation(s) 
[2026-06-26T13:31:37.281-0300][31.769s][9664][15868][info][gc,nmethod  ] GC(37) y: NMethods: 10920 registered, 231 unregistered
[2026-06-26T13:31:37.281-0300][31.769s][9664][15868][info][gc,metaspace] GC(37) y: Metaspace: 63M used, 65M committed, 1088M reserved
[2026-06-26T13:31:37.281-0300][31.769s][9664][15868][info][gc,reloc    ] GC(37) y:                        Candidates     Selected     In-Place         Size        Empty    Relocated 
[2026-06-26T13:31:37.281-0300][31.769s][9664][15868][info][gc,reloc    ] GC(37) y: Small Pages:                   71           23            0         142M           8M           4M 
[2026-06-26T13:31:37.281-0300][31.769s][9664][15868][info][gc,reloc    ] GC(37) y: Medium Pages:                   2            0            0          64M          32M           0M 
[2026-06-26T13:31:37.281-0300][31.769s][9664][15868][info][gc,reloc    ] GC(37) y: Large Pages:                    0            0            0           0M           0M           0M 
[2026-06-26T13:31:37.281-0300][31.769s][9664][15868][info][gc,reloc    ] GC(37) y: Forwarding Usage: 2M
[2026-06-26T13:31:37.281-0300][31.769s][9664][15868][info][gc,reloc    ] GC(37) y: Age Table:
[2026-06-26T13:31:37.281-0300][31.769s][9664][15868][info][gc,reloc    ] GC(37) y:                    Live             Garbage             Small              Medium             Large        
[2026-06-26T13:31:37.281-0300][31.769s][9664][15868][info][gc,reloc    ] GC(37) y: Eden               3M (0%)           78M (3%)          25 / 20             1 / 0              0 / 0        
[2026-06-26T13:31:37.281-0300][31.769s][9664][15868][info][gc,reloc    ] GC(37) y: Survivor 1        78M (3%)           41M (1%)          44 / 2              1 / 0              0 / 0        
[2026-06-26T13:31:37.281-0300][31.769s][9664][15868][info][gc,reloc    ] GC(37) y: Survivor 2         2M (0%)            1M (0%)           2 / 1              0 / 0              0 / 0        
[2026-06-26T13:31:37.281-0300][31.769s][9664][15868][info][gc,heap     ] GC(37) y: Min Capacity: 8M(0%)
[2026-06-26T13:31:37.281-0300][31.769s][9664][15868][info][gc,heap     ] GC(37) y: Max Capacity: 3072M(100%)
[2026-06-26T13:31:37.281-0300][31.769s][9664][15868][info][gc,heap     ] GC(37) y: Soft Max Capacity: 3072M(100%)
[2026-06-26T13:31:37.282-0300][31.769s][9664][15868][info][gc,heap     ] GC(37) y: Heap Statistics:
[2026-06-26T13:31:37.282-0300][31.769s][9664][15868][info][gc,heap     ] GC(37) y:                Mark Start          Mark End        Relocate Start      Relocate End           High               Low         
[2026-06-26T13:31:37.282-0300][31.769s][9664][15868][info][gc,heap     ] GC(37) y:  Capacity:     3072M (100%)       3072M (100%)       3072M (100%)       3072M (100%)       3072M (100%)       3072M (100%)   
[2026-06-26T13:31:37.282-0300][31.769s][9664][15868][info][gc,heap     ] GC(37) y:      Free:     1844M (60%)        1814M (59%)        1848M (60%)        1878M (61%)        1884M (61%)        1814M (59%)    
[2026-06-26T13:31:37.282-0300][31.769s][9664][15868][info][gc,heap     ] GC(37) y:      Used:     1228M (40%)        1258M (41%)        1224M (40%)        1194M (39%)        1258M (41%)        1188M (39%)    
[2026-06-26T13:31:37.282-0300][31.769s][9664][15868][info][gc,heap     ] GC(37) y: Young Generation Statistics:
[2026-06-26T13:31:37.282-0300][31.769s][9664][15868][info][gc,heap     ] GC(37) y:                Mark Start          Mark End        Relocate Start      Relocate End    
[2026-06-26T13:31:37.282-0300][31.770s][9664][15868][info][gc,heap     ] GC(37) y:      Used:      206M (7%)          236M (8%)          122M (4%)           84M (3%)     
[2026-06-26T13:31:37.282-0300][31.770s][9664][15868][info][gc,heap     ] GC(37) y:      Live:         -                84M (3%)            8M (0%)            3M (0%)     
[2026-06-26T13:31:37.282-0300][31.770s][9664][15868][info][gc,heap     ] GC(37) y:   Garbage:         -               121M (4%)           77M (3%)           30M (1%)     
[2026-06-26T13:31:37.282-0300][31.770s][9664][15868][info][gc,heap     ] GC(37) y: Allocated:         -                30M (1%)           36M (1%)           49M (2%)     
[2026-06-26T13:31:37.282-0300][31.770s][9664][15868][info][gc,heap     ] GC(37) y: Reclaimed:         -                  -                43M (1%)           90M (3%)     
[2026-06-26T13:31:37.282-0300][31.770s][9664][15868][info][gc,heap     ] GC(37) y:  Promoted:         -                  -                76M (2%)           80M (3%)     
[2026-06-26T13:31:37.282-0300][31.770s][9664][15868][info][gc,heap     ] GC(37) y: Compacted:         -                  -                  -                 2M (0%)     
[2026-06-26T13:31:37.282-0300][31.770s][9664][15868][info][gc,phases   ] GC(37) y: Young Generation 1228M(40%)->1194M(39%) 0.188s
[2026-06-26T13:31:37.282-0300][31.770s][9664][15868][info][gc          ] GC(37) Minor Collection (Allocation Rate) 1228M(40%)->1194M(39%) 0.189s
[2026-06-26T13:31:37.683-0300][32.170s][9664][12364][info][gc,task     ] Adjusting Workers for Old Generation: 1 -> 2
[2026-06-26T13:31:37.683-0300][32.170s][9664][15868][info][gc          ] GC(38) Minor Collection (Allocation Rate)
[2026-06-26T13:31:37.683-0300][32.171s][9664][15868][info][gc,task     ] GC(38) Using 1 Workers for Young Generation
[2026-06-26T13:31:37.683-0300][32.171s][9664][15868][info][gc,phases   ] GC(38) y: Young Generation
[2026-06-26T13:31:37.683-0300][32.171s][9664][9396 ][info][gc,phases   ] GC(38) y: Pause Mark Start 0.013ms
[2026-06-26T13:31:37.780-0300][32.268s][9664][15868][info][gc,phases   ] GC(38) y: Concurrent Mark 97.079ms
[2026-06-26T13:31:37.780-0300][32.268s][9664][9396 ][info][gc,phases   ] GC(38) y: Pause Mark End 0.013ms
[2026-06-26T13:31:37.780-0300][32.268s][9664][15868][info][gc,phases   ] GC(38) y: Concurrent Mark Free 0.006ms
[2026-06-26T13:31:37.780-0300][32.268s][9664][15868][info][gc,phases   ] GC(38) y: Concurrent Reset Relocation Set 0.063ms
[2026-06-26T13:31:37.780-0300][32.268s][9664][15868][info][gc,reloc    ] GC(38) y: Using tenuring threshold: 2 (Computed)
[2026-06-26T13:31:37.783-0300][32.272s][9664][15868][info][gc,phases   ] GC(38) y: Concurrent Select Relocation Set 3.553ms
[2026-06-26T13:31:37.783-0300][32.272s][9664][9396 ][info][gc,phases   ] GC(38) y: Pause Relocate Start 0.007ms
[2026-06-26T13:31:37.825-0300][32.314s][9664][15868][info][gc,phases   ] GC(38) y: Concurrent Relocate 41.753ms
[2026-06-26T13:31:37.825-0300][32.314s][9664][15868][info][gc,alloc    ] GC(38) y:                         Mark Start        Mark End      Relocate Start    Relocate End   
[2026-06-26T13:31:37.825-0300][32.314s][9664][15868][info][gc,alloc    ] GC(38) y: Allocation Stalls:          0                0                0                0         
[2026-06-26T13:31:37.825-0300][32.314s][9664][15868][info][gc,load     ] GC(38) y: Load: 0.00 (0%) / 0.00 (0%) / 0.00 (0%)
[2026-06-26T13:31:37.825-0300][32.314s][9664][15868][info][gc,mmu      ] GC(38) y: MMU: 2ms/96.8%, 5ms/98.7%, 10ms/99.3%, 20ms/99.6%, 50ms/99.8%, 100ms/99.8%
[2026-06-26T13:31:37.825-0300][32.314s][9664][15868][info][gc,marking  ] GC(38) y: Mark: 1 stripe(s), 2 proactive flush(es), 1 terminate flush(es), 0 completion(s), 0 continuation(s) 
[2026-06-26T13:31:37.825-0300][32.314s][9664][15868][info][gc,nmethod  ] GC(38) y: NMethods: 10948 registered, 231 unregistered
[2026-06-26T13:31:37.825-0300][32.314s][9664][15868][info][gc,metaspace] GC(38) y: Metaspace: 63M used, 65M committed, 1088M reserved
[2026-06-26T13:31:37.825-0300][32.314s][9664][15868][info][gc,reloc    ] GC(38) y:                        Candidates     Selected     In-Place         Size        Empty    Relocated 
[2026-06-26T13:31:37.825-0300][32.314s][9664][15868][info][gc,reloc    ] GC(38) y: Small Pages:                   61           40            0         122M           4M          18M 
[2026-06-26T13:31:37.825-0300][32.314s][9664][15868][info][gc,reloc    ] GC(38) y: Medium Pages:                   1            0            0          32M           0M           0M 
[2026-06-26T13:31:37.825-0300][32.314s][9664][15868][info][gc,reloc    ] GC(38) y: Large Pages:                    0            0            0           0M           0M           0M 
[2026-06-26T13:31:37.825-0300][32.314s][9664][15868][info][gc,reloc    ] GC(38) y: Forwarding Usage: 14M
[2026-06-26T13:31:37.825-0300][32.314s][9664][15868][info][gc,reloc    ] GC(38) y: Age Table:
[2026-06-26T13:31:37.825-0300][32.314s][9664][15868][info][gc,reloc    ] GC(38) y:                    Live             Garbage             Small              Medium             Large        
[2026-06-26T13:31:37.825-0300][32.314s][9664][15868][info][gc,reloc    ] GC(38) y: Eden              28M (1%)           87M (3%)          58 / 40             0 / 0              0 / 0        
[2026-06-26T13:31:37.825-0300][32.314s][9664][15868][info][gc,reloc    ] GC(38) y: Survivor 1         3M (0%)           34M (1%)           3 / 0              1 / 0              0 / 0        
[2026-06-26T13:31:37.825-0300][32.314s][9664][15868][info][gc,heap     ] GC(38) y: Min Capacity: 8M(0%)
[2026-06-26T13:31:37.825-0300][32.314s][9664][15868][info][gc,heap     ] GC(38) y: Max Capacity: 3072M(100%)
[2026-06-26T13:31:37.825-0300][32.314s][9664][15868][info][gc,heap     ] GC(38) y: Soft Max Capacity: 3072M(100%)
[2026-06-26T13:31:37.825-0300][32.314s][9664][15868][info][gc,heap     ] GC(38) y: Heap Statistics:
[2026-06-26T13:31:37.825-0300][32.314s][9664][15868][info][gc,heap     ] GC(38) y:                Mark Start          Mark End        Relocate Start      Relocate End           High               Low         
[2026-06-26T13:31:37.825-0300][32.314s][9664][15868][info][gc,heap     ] GC(38) y:  Capacity:     3072M (100%)       3072M (100%)       3072M (100%)       3072M (100%)       3072M (100%)       3072M (100%)   
[2026-06-26T13:31:37.826-0300][32.314s][9664][15868][info][gc,heap     ] GC(38) y:      Free:     1808M (59%)        1784M (58%)        1782M (58%)        1856M (60%)        1856M (60%)        1778M (58%)    
[2026-06-26T13:31:37.826-0300][32.314s][9664][15868][info][gc,heap     ] GC(38) y:      Used:     1264M (41%)        1288M (42%)        1290M (42%)        1216M (40%)        1294M (42%)        1216M (40%)    
[2026-06-26T13:31:37.826-0300][32.314s][9664][15868][info][gc,heap     ] GC(38) y: Young Generation Statistics:
[2026-06-26T13:31:37.826-0300][32.314s][9664][15868][info][gc,heap     ] GC(38) y:                Mark Start          Mark End        Relocate Start      Relocate End    
[2026-06-26T13:31:37.826-0300][32.314s][9664][15868][info][gc,heap     ] GC(38) y:      Used:      154M (5%)          178M (6%)          180M (6%)          106M (3%)     
[2026-06-26T13:31:37.826-0300][32.314s][9664][15868][info][gc,heap     ] GC(38) y:      Live:         -                32M (1%)           32M (1%)           32M (1%)     
[2026-06-26T13:31:37.826-0300][32.314s][9664][15868][info][gc,heap     ] GC(38) y:   Garbage:         -               121M (4%)          117M (4%)           33M (1%)     
[2026-06-26T13:31:37.826-0300][32.314s][9664][15868][info][gc,heap     ] GC(38) y: Allocated:         -                24M (1%)           30M (1%)           39M (1%)     
[2026-06-26T13:31:37.826-0300][32.314s][9664][15868][info][gc,heap     ] GC(38) y: Reclaimed:         -                  -                 4M (0%)           87M (3%)     
[2026-06-26T13:31:37.826-0300][32.314s][9664][15868][info][gc,heap     ] GC(38) y:  Promoted:         -                  -                 0M (0%)            0M (0%)     
[2026-06-26T13:31:37.826-0300][32.314s][9664][15868][info][gc,heap     ] GC(38) y: Compacted:         -                  -                  -                26M (1%)     
[2026-06-26T13:31:37.826-0300][32.314s][9664][15868][info][gc,phases   ] GC(38) y: Young Generation 1264M(41%)->1216M(40%) 0.143s
[2026-06-26T13:31:37.826-0300][32.314s][9664][15868][info][gc          ] GC(38) Minor Collection (Allocation Rate) 1264M(41%)->1216M(40%) 0.144s
[2026-06-26T13:31:38.024-0300][32.512s][9664][15316][info][gc,phases   ] GC(35) O: Concurrent Mark 1426.808ms
[2026-06-26T13:31:38.024-0300][32.512s][9664][9396 ][info][gc,phases   ] GC(35) O: Pause Mark End 0.015ms
[2026-06-26T13:31:38.024-0300][32.512s][9664][15316][info][gc,phases   ] GC(35) O: Concurrent Mark Free 0.006ms
[2026-06-26T13:31:38.038-0300][32.526s][9664][15316][info][gc,phases   ] GC(35) O: Concurrent Process Non-Strong 14.608ms
[2026-06-26T13:31:38.038-0300][32.526s][9664][15316][info][gc,phases   ] GC(35) O: Concurrent Reset Relocation Set 0.006ms
[2026-06-26T13:31:38.040-0300][32.528s][9664][15316][info][gc,phases   ] GC(35) O: Concurrent Select Relocation Set 1.275ms
[2026-06-26T13:31:38.040-0300][32.528s][9664][15316][info][gc,task     ] GC(35) O: Using 3 Workers for Old Generation
[2026-06-26T13:31:38.045-0300][32.533s][9664][15316][info][gc,task     ] GC(35) O: Using 2 Workers for Old Generation
[2026-06-26T13:31:38.045-0300][32.533s][9664][15316][info][gc,phases   ] GC(35) O: Concurrent Remap Roots 5.011ms
[2026-06-26T13:31:38.045-0300][32.533s][9664][9396 ][info][gc,phases   ] GC(35) O: Pause Relocate Start 0.011ms
[2026-06-26T13:31:38.070-0300][32.558s][9664][15316][info][gc,phases   ] GC(35) O: Concurrent Relocate 24.970ms
[2026-06-26T13:31:38.070-0300][32.558s][9664][15316][info][gc,alloc    ] GC(35) O:                         Mark Start        Mark End      Relocate Start    Relocate End   
[2026-06-26T13:31:38.070-0300][32.558s][9664][15316][info][gc,alloc    ] GC(35) O: Allocation Stalls:          0                0                0                0         
[2026-06-26T13:31:38.070-0300][32.558s][9664][15316][info][gc,load     ] GC(35) O: Load: 0.00 (0%) / 0.00 (0%) / 0.00 (0%)
[2026-06-26T13:31:38.070-0300][32.558s][9664][15316][info][gc,mmu      ] GC(35) O: MMU: 2ms/96.8%, 5ms/98.7%, 10ms/99.3%, 20ms/99.6%, 50ms/99.8%, 100ms/99.8%
[2026-06-26T13:31:38.070-0300][32.558s][9664][15316][info][gc,marking  ] GC(35) O: Mark: 1 stripe(s), 2 proactive flush(es), 1 terminate flush(es), 0 completion(s), 0 continuation(s) 
[2026-06-26T13:31:38.070-0300][32.558s][9664][15316][info][gc,nmethod  ] GC(35) O: NMethods: 10712 registered, 482 unregistered
[2026-06-26T13:31:38.070-0300][32.558s][9664][15316][info][gc,metaspace] GC(35) O: Metaspace: 63M used, 65M committed, 1088M reserved
[2026-06-26T13:31:38.070-0300][32.558s][9664][15316][info][gc,ref      ] GC(35) O:                       Encountered   Discovered     Enqueued 
[2026-06-26T13:31:38.070-0300][32.558s][9664][15316][info][gc,ref      ] GC(35) O: Soft References:             5361            0            0 
[2026-06-26T13:31:38.070-0300][32.558s][9664][15316][info][gc,ref      ] GC(35) O: Weak References:             4511         3242           50 
[2026-06-26T13:31:38.070-0300][32.558s][9664][15316][info][gc,ref      ] GC(35) O: Final References:              14            3            0 
[2026-06-26T13:31:38.070-0300][32.558s][9664][15316][info][gc,ref      ] GC(35) O: Phantom References:         34671         4254            0 
[2026-06-26T13:31:38.070-0300][32.558s][9664][15316][info][gc,reloc    ] GC(35) O:                        Candidates     Selected     In-Place         Size        Empty    Relocated 
[2026-06-26T13:31:38.070-0300][32.558s][9664][15316][info][gc,reloc    ] GC(35) O: Small Pages:                  410           13            0         820M           0M           5M 
[2026-06-26T13:31:38.070-0300][32.558s][9664][15316][info][gc,reloc    ] GC(35) O: Medium Pages:                   3            2            0          96M           0M          24M 
[2026-06-26T13:31:38.070-0300][32.558s][9664][15316][info][gc,reloc    ] GC(35) O: Large Pages:                    1            0            0          12M           0M           0M 
[2026-06-26T13:31:38.070-0300][32.558s][9664][15316][info][gc,reloc    ] GC(35) O: Forwarding Usage: 11M
[2026-06-26T13:31:38.070-0300][32.558s][9664][15316][info][gc,heap     ] GC(35) O: Min Capacity: 8M(0%)
[2026-06-26T13:31:38.070-0300][32.558s][9664][15316][info][gc,heap     ] GC(35) O: Max Capacity: 3072M(100%)
[2026-06-26T13:31:38.070-0300][32.558s][9664][15316][info][gc,heap     ] GC(35) O: Soft Max Capacity: 3072M(100%)
[2026-06-26T13:31:38.070-0300][32.558s][9664][15316][info][gc,heap     ] GC(35) O: Heap Statistics:
[2026-06-26T13:31:38.070-0300][32.558s][9664][15316][info][gc,heap     ] GC(35) O:                Mark Start          Mark End        Relocate Start      Relocate End           High               Low         
[2026-06-26T13:31:38.070-0300][32.558s][9664][15316][info][gc,heap     ] GC(35) O:  Capacity:     3072M (100%)       3072M (100%)       3072M (100%)       3072M (100%)       3072M (100%)       3072M (100%)   
[2026-06-26T13:31:38.070-0300][32.558s][9664][15316][info][gc,heap     ] GC(35) O:      Free:     1988M (65%)        1818M (59%)        1816M (59%)        1896M (62%)        2024M (66%)        1778M (58%)    
[2026-06-26T13:31:38.070-0300][32.558s][9664][15316][info][gc,heap     ] GC(35) O:      Used:     1084M (35%)        1254M (41%)        1256M (41%)        1176M (38%)        1294M (42%)        1048M (34%)    
[2026-06-26T13:31:38.070-0300][32.558s][9664][15316][info][gc,heap     ] GC(35) O: Old Generation Statistics:
[2026-06-26T13:31:38.070-0300][32.558s][9664][15316][info][gc,heap     ] GC(35) O:                Mark Start          Mark End        Relocate Start      Relocate End    
[2026-06-26T13:31:38.070-0300][32.558s][9664][15316][info][gc,heap     ] GC(35) O:      Used:      928M (30%)        1110M (36%)        1110M (36%)        1024M (33%)    
[2026-06-26T13:31:38.070-0300][32.558s][9664][15316][info][gc,heap     ] GC(35) O:      Live:         -               798M (26%)         798M (26%)         798M (26%)    
[2026-06-26T13:31:38.070-0300][32.558s][9664][15316][info][gc,heap     ] GC(35) O:   Garbage:         -               129M (4%)          129M (4%)           28M (1%)     
[2026-06-26T13:31:38.070-0300][32.558s][9664][15316][info][gc,heap     ] GC(35) O: Allocated:         -               182M (6%)          182M (6%)          196M (6%)     
[2026-06-26T13:31:38.070-0300][32.558s][9664][15316][info][gc,heap     ] GC(35) O: Reclaimed:         -                  -                 0M (0%)          100M (3%)     
[2026-06-26T13:31:38.070-0300][32.558s][9664][15316][info][gc,heap     ] GC(35) O: Compacted:         -                  -                  -                55M (2%)     
[2026-06-26T13:31:38.070-0300][32.558s][9664][15316][info][gc,phases   ] GC(35) O: Old Generation 1050M(34%)->1176M(38%) 1.473s
[2026-06-26T13:31:38.070-0300][32.558s][9664][15316][info][gc          ] GC(35) Major Collection (Allocation Rate) 1084M(35%)->1178M(38%) 1.567s
[2026-06-26T13:31:38.076-0300][32.564s][9664][15316][info][gc          ] GC(39) Major Collection (Allocation Rate)
[2026-06-26T13:31:38.076-0300][32.564s][9664][15316][info][gc,task     ] GC(39) Using 3 Workers for Young Generation
[2026-06-26T13:31:38.076-0300][32.564s][9664][15316][info][gc,task     ] GC(39) Using 1 Workers for Old Generation
[2026-06-26T13:31:38.076-0300][32.564s][9664][15316][info][gc,phases   ] GC(39) Y: Young Generation
[2026-06-26T13:31:38.076-0300][32.564s][9664][9396 ][info][gc,phases   ] GC(39) Y: Pause Mark Start (Major) 0.013ms
[2026-06-26T13:31:38.136-0300][32.624s][9664][15316][info][gc,phases   ] GC(39) Y: Concurrent Mark 59.259ms
[2026-06-26T13:31:38.136-0300][32.624s][9664][9396 ][info][gc,phases   ] GC(39) Y: Pause Mark End 0.013ms
[2026-06-26T13:31:38.136-0300][32.624s][9664][15316][info][gc,phases   ] GC(39) Y: Concurrent Mark Free 0.002ms
[2026-06-26T13:31:38.136-0300][32.624s][9664][15316][info][gc,phases   ] GC(39) Y: Concurrent Reset Relocation Set 0.004ms
[2026-06-26T13:31:38.136-0300][32.624s][9664][15316][info][gc,reloc    ] GC(39) Y: Using tenuring threshold: 3 (Computed)
[2026-06-26T13:31:38.137-0300][32.625s][9664][15316][info][gc,phases   ] GC(39) Y: Concurrent Select Relocation Set 0.911ms
[2026-06-26T13:31:38.137-0300][32.625s][9664][9396 ][info][gc,phases   ] GC(39) Y: Pause Relocate Start 0.007ms
[2026-06-26T13:31:38.150-0300][32.639s][9664][15316][info][gc,phases   ] GC(39) Y: Concurrent Relocate 13.770ms
[2026-06-26T13:31:38.150-0300][32.639s][9664][15316][info][gc,alloc    ] GC(39) Y:                         Mark Start        Mark End      Relocate Start    Relocate End   
[2026-06-26T13:31:38.150-0300][32.639s][9664][15316][info][gc,alloc    ] GC(39) Y: Allocation Stalls:          0                0                0                0         
[2026-06-26T13:31:38.150-0300][32.639s][9664][15316][info][gc,load     ] GC(39) Y: Load: 0.00 (0%) / 0.00 (0%) / 0.00 (0%)
[2026-06-26T13:31:38.150-0300][32.639s][9664][15316][info][gc,mmu      ] GC(39) Y: MMU: 2ms/96.8%, 5ms/98.7%, 10ms/99.3%, 20ms/99.6%, 50ms/99.8%, 100ms/99.8%
[2026-06-26T13:31:38.150-0300][32.639s][9664][15316][info][gc,marking  ] GC(39) Y: Mark: 2 stripe(s), 8 proactive flush(es), 1 terminate flush(es), 0 completion(s), 0 continuation(s) 
[2026-06-26T13:31:38.151-0300][32.639s][9664][15316][info][gc,nmethod  ] GC(39) Y: NMethods: 10712 registered, 482 unregistered
[2026-06-26T13:31:38.151-0300][32.639s][9664][15316][info][gc,metaspace] GC(39) Y: Metaspace: 63M used, 65M committed, 1088M reserved
[2026-06-26T13:31:38.151-0300][32.639s][9664][15316][info][gc,reloc    ] GC(39) Y:                        Candidates     Selected     In-Place         Size        Empty    Relocated 
[2026-06-26T13:31:38.151-0300][32.639s][9664][15316][info][gc,reloc    ] GC(39) Y: Small Pages:                   61           32            0         122M           2M          15M 
[2026-06-26T13:31:38.151-0300][32.639s][9664][15316][info][gc,reloc    ] GC(39) Y: Medium Pages:                   1            0            0          32M           0M           0M 
[2026-06-26T13:31:38.151-0300][32.639s][9664][15316][info][gc,reloc    ] GC(39) Y: Large Pages:                    0            0            0           0M           0M           0M 
[2026-06-26T13:31:38.151-0300][32.639s][9664][15316][info][gc,reloc    ] GC(39) Y: Forwarding Usage: 13M
[2026-06-26T13:31:38.151-0300][32.639s][9664][15316][info][gc,reloc    ] GC(39) Y: Age Table:
[2026-06-26T13:31:38.151-0300][32.639s][9664][15316][info][gc,reloc    ] GC(39) Y:                    Live             Garbage             Small              Medium             Large        
[2026-06-26T13:31:38.151-0300][32.639s][9664][15316][info][gc,reloc    ] GC(39) Y: Eden              20M (1%)           63M (2%)          42 / 29             0 / 0              0 / 0        
[2026-06-26T13:31:38.151-0300][32.639s][9664][15316][info][gc,reloc    ] GC(39) Y: Survivor 1        28M (1%)            5M (0%)          17 / 2              0 / 0              0 / 0        
[2026-06-26T13:31:38.151-0300][32.639s][9664][15316][info][gc,reloc    ] GC(39) Y: Survivor 2         3M (0%)           32M (1%)           2 / 1              1 / 0              0 / 0        
[2026-06-26T13:31:38.151-0300][32.639s][9664][15316][info][gc,heap     ] GC(39) Y: Min Capacity: 8M(0%)
[2026-06-26T13:31:38.151-0300][32.639s][9664][15316][info][gc,heap     ] GC(39) Y: Max Capacity: 3072M(100%)
[2026-06-26T13:31:38.151-0300][32.639s][9664][15316][info][gc,heap     ] GC(39) Y: Soft Max Capacity: 3072M(100%)
[2026-06-26T13:31:38.151-0300][32.639s][9664][15316][info][gc,heap     ] GC(39) Y: Heap Statistics:
[2026-06-26T13:31:38.151-0300][32.639s][9664][15316][info][gc,heap     ] GC(39) Y:                Mark Start          Mark End        Relocate Start      Relocate End           High               Low         
[2026-06-26T13:31:38.151-0300][32.639s][9664][15316][info][gc,heap     ] GC(39) Y:  Capacity:     3072M (100%)       3072M (100%)       3072M (100%)       3072M (100%)       3072M (100%)       3072M (100%)   
[2026-06-26T13:31:38.151-0300][32.639s][9664][15316][info][gc,heap     ] GC(39) Y:      Free:     1894M (62%)        1870M (61%)        1872M (61%)        1930M (63%)        1930M (63%)        1866M (61%)    
[2026-06-26T13:31:38.151-0300][32.639s][9664][15316][info][gc,heap     ] GC(39) Y:      Used:     1178M (38%)        1202M (39%)        1200M (39%)        1142M (37%)        1206M (39%)        1142M (37%)    
[2026-06-26T13:31:38.151-0300][32.639s][9664][15316][info][gc,heap     ] GC(39) Y: Young Generation Statistics:
[2026-06-26T13:31:38.151-0300][32.639s][9664][15316][info][gc,heap     ] GC(39) Y:                Mark Start          Mark End        Relocate Start      Relocate End    
[2026-06-26T13:31:38.151-0300][32.639s][9664][15316][info][gc,heap     ] GC(39) Y:      Used:      154M (5%)          178M (6%)          176M (6%)          118M (4%)     
[2026-06-26T13:31:38.151-0300][32.639s][9664][15316][info][gc,heap     ] GC(39) Y:      Live:         -                52M (2%)           52M (2%)           52M (2%)     
[2026-06-26T13:31:38.151-0300][32.639s][9664][15316][info][gc,heap     ] GC(39) Y:   Garbage:         -               101M (3%)           99M (3%)           31M (1%)     
[2026-06-26T13:31:38.151-0300][32.639s][9664][15316][info][gc,heap     ] GC(39) Y: Allocated:         -                24M (1%)           24M (1%)           33M (1%)     
[2026-06-26T13:31:38.151-0300][32.639s][9664][15316][info][gc,heap     ] GC(39) Y: Reclaimed:         -                  -                 2M (0%)           69M (2%)     
[2026-06-26T13:31:38.151-0300][32.639s][9664][15316][info][gc,heap     ] GC(39) Y:  Promoted:         -                  -                 0M (0%)            0M (0%)     
[2026-06-26T13:31:38.151-0300][32.639s][9664][15316][info][gc,heap     ] GC(39) Y: Compacted:         -                  -                  -                24M (1%)     
[2026-06-26T13:31:38.151-0300][32.639s][9664][15316][info][gc,phases   ] GC(39) Y: Young Generation 1178M(38%)->1142M(37%) 0.074s
[2026-06-26T13:31:38.151-0300][32.639s][9664][15316][info][gc,phases   ] GC(39) O: Old Generation
[2026-06-26T13:31:38.349-0300][32.837s][9664][15868][info][gc          ] GC(40) Minor Collection (Allocation Rate)
[2026-06-26T13:31:38.349-0300][32.837s][9664][15868][info][gc,task     ] GC(40) Using 2 Workers for Young Generation
[2026-06-26T13:31:38.349-0300][32.837s][9664][15868][info][gc,phases   ] GC(40) y: Young Generation
[2026-06-26T13:31:38.349-0300][32.837s][9664][9396 ][info][gc,phases   ] GC(40) y: Pause Mark Start 0.012ms
[2026-06-26T13:31:38.436-0300][32.924s][9664][15868][info][gc,phases   ] GC(40) y: Concurrent Mark 86.319ms
[2026-06-26T13:31:38.436-0300][32.924s][9664][9396 ][info][gc,phases   ] GC(40) y: Pause Mark End 0.019ms
[2026-06-26T13:31:38.436-0300][32.924s][9664][15868][info][gc,phases   ] GC(40) y: Concurrent Mark Free 0.003ms
[2026-06-26T13:31:38.436-0300][32.924s][9664][15868][info][gc,phases   ] GC(40) y: Concurrent Reset Relocation Set 0.005ms
[2026-06-26T13:31:38.436-0300][32.924s][9664][15868][info][gc,reloc    ] GC(40) y: Using tenuring threshold: 3 (Computed)
[2026-06-26T13:31:38.438-0300][32.926s][9664][15868][info][gc,phases   ] GC(40) y: Concurrent Select Relocation Set 2.588ms
[2026-06-26T13:31:38.438-0300][32.927s][9664][9396 ][info][gc,phases   ] GC(40) y: Pause Relocate Start 0.008ms
[2026-06-26T13:31:38.454-0300][32.942s][9664][15868][info][gc,phases   ] GC(40) y: Concurrent Relocate 15.130ms
[2026-06-26T13:31:38.454-0300][32.942s][9664][15868][info][gc,alloc    ] GC(40) y:                         Mark Start        Mark End      Relocate Start    Relocate End   
[2026-06-26T13:31:38.454-0300][32.942s][9664][15868][info][gc,alloc    ] GC(40) y: Allocation Stalls:          0                0                0                0         
[2026-06-26T13:31:38.454-0300][32.942s][9664][15868][info][gc,load     ] GC(40) y: Load: 0.00 (0%) / 0.00 (0%) / 0.00 (0%)
[2026-06-26T13:31:38.454-0300][32.942s][9664][15868][info][gc,mmu      ] GC(40) y: MMU: 2ms/96.8%, 5ms/98.7%, 10ms/99.3%, 20ms/99.6%, 50ms/99.8%, 100ms/99.8%
[2026-06-26T13:31:38.454-0300][32.942s][9664][15868][info][gc,marking  ] GC(40) y: Mark: 2 stripe(s), 3 proactive flush(es), 1 terminate flush(es), 0 completion(s), 0 continuation(s) 
[2026-06-26T13:31:38.454-0300][32.942s][9664][15868][info][gc,nmethod  ] GC(40) y: NMethods: 10718 registered, 482 unregistered
[2026-06-26T13:31:38.454-0300][32.942s][9664][15868][info][gc,metaspace] GC(40) y: Metaspace: 63M used, 65M committed, 1088M reserved
[2026-06-26T13:31:38.454-0300][32.942s][9664][15868][info][gc,reloc    ] GC(40) y:                        Candidates     Selected     In-Place         Size        Empty    Relocated 
[2026-06-26T13:31:38.454-0300][32.942s][9664][15868][info][gc,reloc    ] GC(40) y: Small Pages:                   61           27            0         122M           0M          10M 
[2026-06-26T13:31:38.454-0300][32.942s][9664][15868][info][gc,reloc    ] GC(40) y: Medium Pages:                   1            0            0          32M           0M           0M 
[2026-06-26T13:31:38.454-0300][32.942s][9664][15868][info][gc,reloc    ] GC(40) y: Large Pages:                    0            0            0           0M           0M           0M 
[2026-06-26T13:31:38.454-0300][32.942s][9664][15868][info][gc,reloc    ] GC(40) y: Forwarding Usage: 8M
[2026-06-26T13:31:38.454-0300][32.942s][9664][15868][info][gc,reloc    ] GC(40) y: Age Table:
[2026-06-26T13:31:38.454-0300][32.942s][9664][15868][info][gc,reloc    ] GC(40) y:                    Live             Garbage             Small              Medium             Large        
[2026-06-26T13:31:38.454-0300][32.942s][9664][15868][info][gc,reloc    ] GC(40) y: Eden              12M (0%)           49M (2%)          31 / 23             0 / 0              0 / 0        
[2026-06-26T13:31:38.454-0300][32.942s][9664][15868][info][gc,reloc    ] GC(40) y: Survivor 1        20M (1%)            3M (0%)          12 / 2              0 / 0              0 / 0        
[2026-06-26T13:31:38.454-0300][32.942s][9664][15868][info][gc,reloc    ] GC(40) y: Survivor 2        28M (1%)            3M (0%)          16 / 1              0 / 0              0 / 0        
[2026-06-26T13:31:38.454-0300][32.942s][9664][15868][info][gc,reloc    ] GC(40) y: Survivor 3         3M (0%)           32M (1%)           2 / 1              1 / 0              0 / 0        
[2026-06-26T13:31:38.454-0300][32.942s][9664][15868][info][gc,heap     ] GC(40) y: Min Capacity: 8M(0%)
[2026-06-26T13:31:38.454-0300][32.942s][9664][15868][info][gc,heap     ] GC(40) y: Max Capacity: 3072M(100%)
[2026-06-26T13:31:38.454-0300][32.942s][9664][15868][info][gc,heap     ] GC(40) y: Soft Max Capacity: 3072M(100%)
[2026-06-26T13:31:38.454-0300][32.942s][9664][15868][info][gc,heap     ] GC(40) y: Heap Statistics:
[2026-06-26T13:31:38.454-0300][32.942s][9664][15868][info][gc,heap     ] GC(40) y:                Mark Start          Mark End        Relocate Start      Relocate End           High               Low         
[2026-06-26T13:31:38.454-0300][32.942s][9664][15868][info][gc,heap     ] GC(40) y:  Capacity:     3072M (100%)       3072M (100%)       3072M (100%)       3072M (100%)       3072M (100%)       3072M (100%)   
[2026-06-26T13:31:38.454-0300][32.942s][9664][15868][info][gc,heap     ] GC(40) y:      Free:     1894M (62%)        1868M (61%)        1868M (61%)        1912M (62%)        1912M (62%)        1860M (61%)    
[2026-06-26T13:31:38.454-0300][32.942s][9664][15868][info][gc,heap     ] GC(40) y:      Used:     1178M (38%)        1204M (39%)        1204M (39%)        1160M (38%)        1212M (39%)        1160M (38%)    
[2026-06-26T13:31:38.454-0300][32.942s][9664][15868][info][gc,heap     ] GC(40) y: Young Generation Statistics:
[2026-06-26T13:31:38.454-0300][32.942s][9664][15868][info][gc,heap     ] GC(40) y:                Mark Start          Mark End        Relocate Start      Relocate End    
[2026-06-26T13:31:38.454-0300][32.942s][9664][15868][info][gc,heap     ] GC(40) y:      Used:      154M (5%)          180M (6%)          146M (5%)          100M (3%)     
[2026-06-26T13:31:38.454-0300][32.942s][9664][15868][info][gc,heap     ] GC(40) y:      Live:         -                64M (2%)           62M (2%)           60M (2%)     
[2026-06-26T13:31:38.454-0300][32.942s][9664][15868][info][gc,heap     ] GC(40) y:   Garbage:         -                89M (3%)           57M (2%)            1M (0%)     
[2026-06-26T13:31:38.454-0300][32.942s][9664][15868][info][gc,heap     ] GC(40) y: Allocated:         -                26M (1%)           26M (1%)           37M (1%)     
[2026-06-26T13:31:38.454-0300][32.942s][9664][15868][info][gc,heap     ] GC(40) y: Reclaimed:         -                  -                31M (1%)           87M (3%)     
[2026-06-26T13:31:38.454-0300][32.942s][9664][15868][info][gc,heap     ] GC(40) y:  Promoted:         -                  -                 2M (0%)            3M (0%)     
[2026-06-26T13:31:38.454-0300][32.942s][9664][15868][info][gc,heap     ] GC(40) y: Compacted:         -                  -                  -                14M (0%)     
[2026-06-26T13:31:38.454-0300][32.942s][9664][15868][info][gc,phases   ] GC(40) y: Young Generation 1178M(38%)->1160M(38%) 0.105s
[2026-06-26T13:31:38.454-0300][32.942s][9664][15868][info][gc          ] GC(40) Minor Collection (Allocation Rate) 1178M(38%)->1160M(38%) 0.105s
[2026-06-26T13:31:38.776-0300][33.264s][9664][15868][info][gc          ] GC(41) Minor Collection (Allocation Rate)
[2026-06-26T13:31:38.776-0300][33.264s][9664][15868][info][gc,task     ] GC(41) Using 2 Workers for Young Generation
[2026-06-26T13:31:38.776-0300][33.264s][9664][15868][info][gc,phases   ] GC(41) y: Young Generation
[2026-06-26T13:31:38.776-0300][33.264s][9664][9396 ][info][gc,phases   ] GC(41) y: Pause Mark Start 0.011ms
[2026-06-26T13:31:38.872-0300][33.360s][9664][15868][info][gc,phases   ] GC(41) y: Concurrent Mark 96.541ms
[2026-06-26T13:31:38.872-0300][33.360s][9664][9396 ][info][gc,phases   ] GC(41) y: Pause Mark End 0.013ms
[2026-06-26T13:31:38.872-0300][33.360s][9664][15868][info][gc,phases   ] GC(41) y: Concurrent Mark Free 0.004ms
[2026-06-26T13:31:38.872-0300][33.361s][9664][15868][info][gc,phases   ] GC(41) y: Concurrent Reset Relocation Set 0.008ms
[2026-06-26T13:31:38.873-0300][33.361s][9664][15868][info][gc,reloc    ] GC(41) y: Using tenuring threshold: 2 (Computed)
[2026-06-26T13:31:38.888-0300][33.377s][9664][15868][info][gc,phases   ] GC(41) y: Concurrent Select Relocation Set 16.088ms
[2026-06-26T13:31:38.888-0300][33.377s][9664][9396 ][info][gc,phases   ] GC(41) y: Pause Relocate Start 0.010ms
[2026-06-26T13:31:38.933-0300][33.421s][9664][15868][info][gc,phases   ] GC(41) y: Concurrent Relocate 43.816ms
[2026-06-26T13:31:38.933-0300][33.421s][9664][15868][info][gc,alloc    ] GC(41) y:                         Mark Start        Mark End      Relocate Start    Relocate End   
[2026-06-26T13:31:38.933-0300][33.421s][9664][15868][info][gc,alloc    ] GC(41) y: Allocation Stalls:          0                0                0                0         
[2026-06-26T13:31:38.933-0300][33.421s][9664][15868][info][gc,load     ] GC(41) y: Load: 0.00 (0%) / 0.00 (0%) / 0.00 (0%)
[2026-06-26T13:31:38.933-0300][33.421s][9664][15868][info][gc,mmu      ] GC(41) y: MMU: 2ms/96.8%, 5ms/98.7%, 10ms/99.3%, 20ms/99.6%, 50ms/99.8%, 100ms/99.8%
[2026-06-26T13:31:38.933-0300][33.421s][9664][15868][info][gc,marking  ] GC(41) y: Mark: 2 stripe(s), 3 proactive flush(es), 1 terminate flush(es), 0 completion(s), 0 continuation(s) 
[2026-06-26T13:31:38.933-0300][33.421s][9664][15868][info][gc,nmethod  ] GC(41) y: NMethods: 10726 registered, 482 unregistered
[2026-06-26T13:31:38.933-0300][33.421s][9664][15868][info][gc,metaspace] GC(41) y: Metaspace: 63M used, 65M committed, 1088M reserved
[2026-06-26T13:31:38.933-0300][33.421s][9664][15868][info][gc,reloc    ] GC(41) y:                        Candidates     Selected     In-Place         Size        Empty    Relocated 
[2026-06-26T13:31:38.933-0300][33.421s][9664][15868][info][gc,reloc    ] GC(41) y: Small Pages:                   78           35            0         156M           4M          13M 
[2026-06-26T13:31:38.933-0300][33.421s][9664][15868][info][gc,reloc    ] GC(41) y: Medium Pages:                   0            0            0           0M           0M           0M 
[2026-06-26T13:31:38.933-0300][33.421s][9664][15868][info][gc,reloc    ] GC(41) y: Large Pages:                    0            0            0           0M           0M           0M 
[2026-06-26T13:31:38.933-0300][33.421s][9664][15868][info][gc,reloc    ] GC(41) y: Forwarding Usage: 11M
[2026-06-26T13:31:38.933-0300][33.421s][9664][15868][info][gc,reloc    ] GC(41) y: Age Table:
[2026-06-26T13:31:38.933-0300][33.421s][9664][15868][info][gc,reloc    ] GC(41) y:                    Live             Garbage             Small              Medium             Large        
[2026-06-26T13:31:38.933-0300][33.421s][9664][15868][info][gc,reloc    ] GC(41) y: Eden              16M (1%)           69M (2%)          43 / 32             0 / 0              0 / 0        
[2026-06-26T13:31:38.933-0300][33.421s][9664][15868][info][gc,reloc    ] GC(41) y: Survivor 1        12M (0%)            3M (0%)           8 / 2              0 / 0              0 / 0        
[2026-06-26T13:31:38.933-0300][33.421s][9664][15868][info][gc,reloc    ] GC(41) y: Survivor 2        20M (1%)            1M (0%)          11 / 0              0 / 0              0 / 0        
[2026-06-26T13:31:38.933-0300][33.421s][9664][15868][info][gc,reloc    ] GC(41) y: Survivor 3        28M (1%)            3M (0%)          16 / 1              0 / 0              0 / 0        
[2026-06-26T13:31:38.933-0300][33.421s][9664][15868][info][gc,heap     ] GC(41) y: Min Capacity: 8M(0%)
[2026-06-26T13:31:38.933-0300][33.421s][9664][15868][info][gc,heap     ] GC(41) y: Max Capacity: 3072M(100%)
[2026-06-26T13:31:38.933-0300][33.421s][9664][15868][info][gc,heap     ] GC(41) y: Soft Max Capacity: 3072M(100%)
[2026-06-26T13:31:38.933-0300][33.421s][9664][15868][info][gc,heap     ] GC(41) y: Heap Statistics:
[2026-06-26T13:31:38.933-0300][33.421s][9664][15868][info][gc,heap     ] GC(41) y:                Mark Start          Mark End        Relocate Start      Relocate End           High               Low         
[2026-06-26T13:31:38.933-0300][33.421s][9664][15868][info][gc,heap     ] GC(41) y:  Capacity:     3072M (100%)       3072M (100%)       3072M (100%)       3072M (100%)       3072M (100%)       3072M (100%)   
[2026-06-26T13:31:38.933-0300][33.421s][9664][15868][info][gc,heap     ] GC(41) y:      Free:     1856M (60%)        1828M (60%)        1832M (60%)        1890M (62%)        1892M (62%)        1826M (59%)    
[2026-06-26T13:31:38.933-0300][33.421s][9664][15868][info][gc,heap     ] GC(41) y:      Used:     1216M (40%)        1244M (40%)        1240M (40%)        1182M (38%)        1246M (41%)        1180M (38%)    
[2026-06-26T13:31:38.933-0300][33.421s][9664][15868][info][gc,heap     ] GC(41) y: Young Generation Statistics:
[2026-06-26T13:31:38.933-0300][33.421s][9664][15868][info][gc,heap     ] GC(41) y:                Mark Start          Mark End        Relocate Start      Relocate End    
[2026-06-26T13:31:38.933-0300][33.421s][9664][15868][info][gc,heap     ] GC(41) y:      Used:      156M (5%)          184M (6%)          132M (4%)           70M (2%)     
[2026-06-26T13:31:38.933-0300][33.421s][9664][15868][info][gc,heap     ] GC(41) y:      Live:         -                77M (3%)           31M (1%)           28M (1%)     
[2026-06-26T13:31:38.933-0300][33.421s][9664][15868][info][gc,heap     ] GC(41) y:   Garbage:         -                78M (3%)           72M (2%)            0M (0%)     
[2026-06-26T13:31:38.933-0300][33.421s][9664][15868][info][gc,heap     ] GC(41) y: Allocated:         -                28M (1%)           28M (1%)           40M (1%)     
[2026-06-26T13:31:38.934-0300][33.421s][9664][15868][info][gc,heap     ] GC(41) y: Reclaimed:         -                  -                 5M (0%)           78M (3%)     
[2026-06-26T13:31:38.934-0300][33.421s][9664][15868][info][gc,heap     ] GC(41) y:  Promoted:         -                  -                46M (2%)           48M (2%)     
[2026-06-26T13:31:38.934-0300][33.421s][9664][15868][info][gc,heap     ] GC(41) y: Compacted:         -                  -                  -                17M (1%)     
[2026-06-26T13:31:38.934-0300][33.421s][9664][15868][info][gc,phases   ] GC(41) y: Young Generation 1216M(40%)->1182M(38%) 0.157s
[2026-06-26T13:31:38.934-0300][33.421s][9664][15868][info][gc          ] GC(41) Minor Collection (Allocation Rate) 1216M(40%)->1182M(38%) 0.158s
[2026-06-26T13:31:39.450-0300][33.937s][9664][15868][info][gc          ] GC(42) Minor Collection (Allocation Rate)
[2026-06-26T13:31:39.450-0300][33.937s][9664][15868][info][gc,task     ] GC(42) Using 2 Workers for Young Generation
[2026-06-26T13:31:39.450-0300][33.937s][9664][15868][info][gc,phases   ] GC(42) y: Young Generation
[2026-06-26T13:31:39.450-0300][33.937s][9664][9396 ][info][gc,phases   ] GC(42) y: Pause Mark Start 0.013ms
[2026-06-26T13:31:39.547-0300][34.035s][9664][15868][info][gc,phases   ] GC(42) y: Concurrent Mark 97.364ms
[2026-06-26T13:31:39.547-0300][34.035s][9664][9396 ][info][gc,phases   ] GC(42) y: Pause Mark End 0.015ms
[2026-06-26T13:31:39.547-0300][34.035s][9664][15868][info][gc,phases   ] GC(42) y: Concurrent Mark Free 0.002ms
[2026-06-26T13:31:39.547-0300][34.035s][9664][15868][info][gc,phases   ] GC(42) y: Concurrent Reset Relocation Set 0.029ms
[2026-06-26T13:31:39.547-0300][34.035s][9664][15868][info][gc,reloc    ] GC(42) y: Using tenuring threshold: 3 (Computed)
[2026-06-26T13:31:39.551-0300][34.039s][9664][15868][info][gc,phases   ] GC(42) y: Concurrent Select Relocation Set 3.931ms
[2026-06-26T13:31:39.551-0300][34.039s][9664][9396 ][info][gc,phases   ] GC(42) y: Pause Relocate Start 0.010ms
[2026-06-26T13:31:39.568-0300][34.057s][9664][15868][info][gc,phases   ] GC(42) y: Concurrent Relocate 17.526ms
[2026-06-26T13:31:39.568-0300][34.057s][9664][15868][info][gc,alloc    ] GC(42) y:                         Mark Start        Mark End      Relocate Start    Relocate End   
[2026-06-26T13:31:39.568-0300][34.057s][9664][15868][info][gc,alloc    ] GC(42) y: Allocation Stalls:          0                0                0                0         
[2026-06-26T13:31:39.568-0300][34.057s][9664][15868][info][gc,load     ] GC(42) y: Load: 0.00 (0%) / 0.00 (0%) / 0.00 (0%)
[2026-06-26T13:31:39.568-0300][34.057s][9664][15868][info][gc,mmu      ] GC(42) y: MMU: 2ms/96.8%, 5ms/98.7%, 10ms/99.3%, 20ms/99.6%, 50ms/99.8%, 100ms/99.8%
[2026-06-26T13:31:39.568-0300][34.057s][9664][15868][info][gc,marking  ] GC(42) y: Mark: 2 stripe(s), 2 proactive flush(es), 1 terminate flush(es), 0 completion(s), 0 continuation(s) 
[2026-06-26T13:31:39.568-0300][34.057s][9664][15868][info][gc,nmethod  ] GC(42) y: NMethods: 10816 registered, 482 unregistered
[2026-06-26T13:31:39.568-0300][34.057s][9664][15868][info][gc,metaspace] GC(42) y: Metaspace: 63M used, 65M committed, 1088M reserved
[2026-06-26T13:31:39.568-0300][34.057s][9664][15868][info][gc,reloc    ] GC(42) y:                        Candidates     Selected     In-Place         Size        Empty    Relocated 
[2026-06-26T13:31:39.568-0300][34.057s][9664][15868][info][gc,reloc    ] GC(42) y: Small Pages:                   77           46            0         154M           2M          15M 
[2026-06-26T13:31:39.568-0300][34.057s][9664][15868][info][gc,reloc    ] GC(42) y: Medium Pages:                   0            0            0           0M           0M           0M 
[2026-06-26T13:31:39.568-0300][34.057s][9664][15868][info][gc,reloc    ] GC(42) y: Large Pages:                    0            0            0           0M           0M           0M 
[2026-06-26T13:31:39.568-0300][34.057s][9664][15868][info][gc,reloc    ] GC(42) y: Forwarding Usage: 11M
[2026-06-26T13:31:39.568-0300][34.057s][9664][15868][info][gc,reloc    ] GC(42) y: Age Table:
[2026-06-26T13:31:39.568-0300][34.057s][9664][15868][info][gc,reloc    ] GC(42) y:                    Live             Garbage             Small              Medium             Large        
[2026-06-26T13:31:39.568-0300][34.057s][9664][15868][info][gc,reloc    ] GC(42) y: Eden              26M (1%)           93M (3%)          60 / 43             0 / 0              0 / 0        
[2026-06-26T13:31:39.568-0300][34.057s][9664][15868][info][gc,reloc    ] GC(42) y: Survivor 1        16M (1%)            3M (0%)          10 / 2              0 / 0              0 / 0        
[2026-06-26T13:31:39.568-0300][34.057s][9664][15868][info][gc,reloc    ] GC(42) y: Survivor 2        12M (0%)            1M (0%)           7 / 1              0 / 0              0 / 0        
[2026-06-26T13:31:39.568-0300][34.057s][9664][15868][info][gc,heap     ] GC(42) y: Min Capacity: 8M(0%)
[2026-06-26T13:31:39.568-0300][34.057s][9664][15868][info][gc,heap     ] GC(42) y: Max Capacity: 3072M(100%)
[2026-06-26T13:31:39.568-0300][34.057s][9664][15868][info][gc,heap     ] GC(42) y: Soft Max Capacity: 3072M(100%)
[2026-06-26T13:31:39.570-0300][34.057s][9664][15868][info][gc,heap     ] GC(42) y: Heap Statistics:
[2026-06-26T13:31:39.570-0300][34.057s][9664][15868][info][gc,heap     ] GC(42) y:                Mark Start          Mark End        Relocate Start      Relocate End           High               Low         
[2026-06-26T13:31:39.570-0300][34.057s][9664][15868][info][gc,heap     ] GC(42) y:  Capacity:     3072M (100%)       3072M (100%)       3072M (100%)       3072M (100%)       3072M (100%)       3072M (100%)   
[2026-06-26T13:31:39.570-0300][34.057s][9664][15868][info][gc,heap     ] GC(42) y:      Free:     1806M (59%)        1774M (58%)        1776M (58%)        1858M (60%)        1858M (60%)        1772M (58%)    
[2026-06-26T13:31:39.570-0300][34.057s][9664][15868][info][gc,heap     ] GC(42) y:      Used:     1266M (41%)        1298M (42%)        1296M (42%)        1214M (40%)        1300M (42%)        1214M (40%)    
[2026-06-26T13:31:39.570-0300][34.057s][9664][15868][info][gc,heap     ] GC(42) y: Young Generation Statistics:
[2026-06-26T13:31:39.570-0300][34.057s][9664][15868][info][gc,heap     ] GC(42) y:                Mark Start          Mark End        Relocate Start      Relocate End    
[2026-06-26T13:31:39.570-0300][34.057s][9664][15868][info][gc,heap     ] GC(42) y:      Used:      154M (5%)          186M (6%)          184M (6%)          102M (3%)     
[2026-06-26T13:31:39.570-0300][34.057s][9664][15868][info][gc,heap     ] GC(42) y:      Live:         -                54M (2%)           54M (2%)           54M (2%)     
[2026-06-26T13:31:39.570-0300][34.057s][9664][15868][info][gc,heap     ] GC(42) y:   Garbage:         -                99M (3%)           97M (3%)            2M (0%)     
[2026-06-26T13:31:39.570-0300][34.057s][9664][15868][info][gc,heap     ] GC(42) y: Allocated:         -                32M (1%)           32M (1%)           45M (1%)     
[2026-06-26T13:31:39.570-0300][34.057s][9664][15868][info][gc,heap     ] GC(42) y: Reclaimed:         -                  -                 2M (0%)           97M (3%)     
[2026-06-26T13:31:39.570-0300][34.057s][9664][15868][info][gc,heap     ] GC(42) y:  Promoted:         -                  -                 0M (0%)            0M (0%)     
[2026-06-26T13:31:39.570-0300][34.057s][9664][15868][info][gc,heap     ] GC(42) y: Compacted:         -                  -                  -                20M (1%)     
[2026-06-26T13:31:39.570-0300][34.057s][9664][15868][info][gc,phases   ] GC(42) y: Young Generation 1266M(41%)->1214M(40%) 0.120s
[2026-06-26T13:31:39.570-0300][34.057s][9664][15868][info][gc          ] GC(42) Minor Collection (Allocation Rate) 1266M(41%)->1214M(40%) 0.120s
[2026-06-26T13:31:39.711-0300][34.199s][9664][15868][info][gc          ] GC(43) Minor Collection (Allocation Rate)
[2026-06-26T13:31:39.711-0300][34.199s][9664][15868][info][gc,task     ] GC(43) Using 2 Workers for Young Generation
[2026-06-26T13:31:39.711-0300][34.199s][9664][15868][info][gc,phases   ] GC(43) y: Young Generation
[2026-06-26T13:31:39.711-0300][34.199s][9664][9396 ][info][gc,phases   ] GC(43) y: Pause Mark Start 0.011ms
[2026-06-26T13:31:39.849-0300][34.337s][9664][15868][info][gc,phases   ] GC(43) y: Concurrent Mark 138.621ms
[2026-06-26T13:31:39.849-0300][34.338s][9664][9396 ][info][gc,phases   ] GC(43) y: Pause Mark End 0.019ms
[2026-06-26T13:31:39.849-0300][34.338s][9664][15868][info][gc,phases   ] GC(43) y: Concurrent Mark Free 0.005ms
[2026-06-26T13:31:39.849-0300][34.338s][9664][15868][info][gc,phases   ] GC(43) y: Concurrent Reset Relocation Set 0.011ms
[2026-06-26T13:31:39.849-0300][34.338s][9664][15868][info][gc,reloc    ] GC(43) y: Using tenuring threshold: 2 (Computed)
[2026-06-26T13:31:39.860-0300][34.347s][9664][15868][info][gc,phases   ] GC(43) y: Concurrent Select Relocation Set 9.644ms
[2026-06-26T13:31:39.860-0300][34.348s][9664][9396 ][info][gc,phases   ] GC(43) y: Pause Relocate Start 0.025ms
[2026-06-26T13:31:39.878-0300][34.367s][9664][15868][info][gc,phases   ] GC(43) y: Concurrent Relocate 19.079ms
[2026-06-26T13:31:39.878-0300][34.367s][9664][15868][info][gc,alloc    ] GC(43) y:                         Mark Start        Mark End      Relocate Start    Relocate End   
[2026-06-26T13:31:39.878-0300][34.367s][9664][15868][info][gc,alloc    ] GC(43) y: Allocation Stalls:          0                0                0                0         
[2026-06-26T13:31:39.878-0300][34.367s][9664][15868][info][gc,load     ] GC(43) y: Load: 0.00 (0%) / 0.00 (0%) / 0.00 (0%)
[2026-06-26T13:31:39.878-0300][34.367s][9664][15868][info][gc,mmu      ] GC(43) y: MMU: 2ms/96.8%, 5ms/98.7%, 10ms/99.3%, 20ms/99.6%, 50ms/99.8%, 100ms/99.8%
[2026-06-26T13:31:39.878-0300][34.367s][9664][15868][info][gc,marking  ] GC(43) y: Mark: 2 stripe(s), 2 proactive flush(es), 1 terminate flush(es), 0 completion(s), 0 continuation(s) 
[2026-06-26T13:31:39.878-0300][34.367s][9664][15868][info][gc,nmethod  ] GC(43) y: NMethods: 10845 registered, 482 unregistered
[2026-06-26T13:31:39.878-0300][34.367s][9664][15868][info][gc,metaspace] GC(43) y: Metaspace: 64M used, 65M committed, 1088M reserved
[2026-06-26T13:31:39.878-0300][34.367s][9664][15868][info][gc,reloc    ] GC(43) y:                        Candidates     Selected     In-Place         Size        Empty    Relocated 
[2026-06-26T13:31:39.878-0300][34.367s][9664][15868][info][gc,reloc    ] GC(43) y: Small Pages:                   77           24            0         154M           0M           4M 
[2026-06-26T13:31:39.878-0300][34.367s][9664][15868][info][gc,reloc    ] GC(43) y: Medium Pages:                   0            0            0           0M           0M           0M 
[2026-06-26T13:31:39.878-0300][34.367s][9664][15868][info][gc,reloc    ] GC(43) y: Large Pages:                    0            0            0           0M           0M           0M 
[2026-06-26T13:31:39.878-0300][34.367s][9664][15868][info][gc,reloc    ] GC(43) y: Forwarding Usage: 2M
[2026-06-26T13:31:39.878-0300][34.367s][9664][15868][info][gc,reloc    ] GC(43) y: Age Table:
[2026-06-26T13:31:39.878-0300][34.367s][9664][15868][info][gc,reloc    ] GC(43) y:                    Live             Garbage             Small              Medium             Large        
[2026-06-26T13:31:39.878-0300][34.367s][9664][15868][info][gc,reloc    ] GC(43) y: Eden              45M (1%)           42M (1%)          44 / 20             0 / 0              0 / 0        
[2026-06-26T13:31:39.878-0300][34.367s][9664][15868][info][gc,reloc    ] GC(43) y: Survivor 1        25M (1%)            6M (0%)          16 / 1              0 / 0              0 / 0        
[2026-06-26T13:31:39.878-0300][34.367s][9664][15868][info][gc,reloc    ] GC(43) y: Survivor 2        16M (1%)            3M (0%)          10 / 2              0 / 0              0 / 0        
[2026-06-26T13:31:39.878-0300][34.367s][9664][15868][info][gc,reloc    ] GC(43) y: Survivor 3        12M (0%)            1M (0%)           7 / 1              0 / 0              0 / 0        
[2026-06-26T13:31:39.878-0300][34.367s][9664][15868][info][gc,heap     ] GC(43) y: Min Capacity: 8M(0%)
[2026-06-26T13:31:39.879-0300][34.367s][9664][15868][info][gc,heap     ] GC(43) y: Max Capacity: 3072M(100%)
[2026-06-26T13:31:39.879-0300][34.367s][9664][15868][info][gc,heap     ] GC(43) y: Soft Max Capacity: 3072M(100%)
[2026-06-26T13:31:39.879-0300][34.367s][9664][15868][info][gc,heap     ] GC(43) y: Heap Statistics:
[2026-06-26T13:31:39.879-0300][34.367s][9664][15868][info][gc,heap     ] GC(43) y:                Mark Start          Mark End        Relocate Start      Relocate End           High               Low         
[2026-06-26T13:31:39.879-0300][34.367s][9664][15868][info][gc,heap     ] GC(43) y:  Capacity:     3072M (100%)       3072M (100%)       3072M (100%)       3072M (100%)       3072M (100%)       3072M (100%)   
[2026-06-26T13:31:39.879-0300][34.367s][9664][15868][info][gc,heap     ] GC(43) y:      Free:     1806M (59%)        1746M (57%)        1746M (57%)        1782M (58%)        1806M (59%)        1742M (57%)    
[2026-06-26T13:31:39.879-0300][34.367s][9664][15868][info][gc,heap     ] GC(43) y:      Used:     1266M (41%)        1326M (43%)        1326M (43%)        1290M (42%)        1330M (43%)        1266M (41%)    
[2026-06-26T13:31:39.879-0300][34.367s][9664][15868][info][gc,heap     ] GC(43) y: Young Generation Statistics:
[2026-06-26T13:31:39.879-0300][34.367s][9664][15868][info][gc,heap     ] GC(43) y:                Mark Start          Mark End        Relocate Start      Relocate End    
[2026-06-26T13:31:39.879-0300][34.367s][9664][15868][info][gc,heap     ] GC(43) y:      Used:      154M (5%)          214M (7%)          186M (6%)          146M (5%)     
[2026-06-26T13:31:39.879-0300][34.367s][9664][15868][info][gc,heap     ] GC(43) y:      Live:         -                99M (3%)           72M (2%)           71M (2%)     
[2026-06-26T13:31:39.879-0300][34.367s][9664][15868][info][gc,heap     ] GC(43) y:   Garbage:         -                54M (2%)           53M (2%)            4M (0%)     
[2026-06-26T13:31:39.879-0300][34.367s][9664][15868][info][gc,heap     ] GC(43) y: Allocated:         -                60M (2%)           60M (2%)           70M (2%)     
[2026-06-26T13:31:39.879-0300][34.367s][9664][15868][info][gc,heap     ] GC(43) y: Reclaimed:         -                  -                 0M (0%)           49M (2%)     
[2026-06-26T13:31:39.879-0300][34.367s][9664][15868][info][gc,heap     ] GC(43) y:  Promoted:         -                  -                27M (1%)           28M (1%)     
[2026-06-26T13:31:39.879-0300][34.367s][9664][15868][info][gc,heap     ] GC(43) y: Compacted:         -                  -                  -                 3M (0%)     
[2026-06-26T13:31:39.879-0300][34.367s][9664][15868][info][gc,phases   ] GC(43) y: Young Generation 1266M(41%)->1290M(42%) 0.168s
[2026-06-26T13:31:39.879-0300][34.367s][9664][15868][info][gc          ] GC(43) Minor Collection (Allocation Rate) 1266M(41%)->1292M(42%) 0.169s
[2026-06-26T13:31:39.900-0300][34.388s][9664][15868][info][gc          ] GC(44) Minor Collection (Allocation Rate)
[2026-06-26T13:31:39.900-0300][34.388s][9664][15868][info][gc,task     ] GC(44) Using 2 Workers for Young Generation
[2026-06-26T13:31:39.900-0300][34.388s][9664][15868][info][gc,phases   ] GC(44) y: Young Generation
[2026-06-26T13:31:39.900-0300][34.388s][9664][9396 ][info][gc,phases   ] GC(44) y: Pause Mark Start 0.019ms
[2026-06-26T13:31:40.023-0300][34.511s][9664][15868][info][gc,phases   ] GC(44) y: Concurrent Mark 122.472ms
[2026-06-26T13:31:40.023-0300][34.511s][9664][9396 ][info][gc,phases   ] GC(44) y: Pause Mark End 0.014ms
[2026-06-26T13:31:40.023-0300][34.511s][9664][15868][info][gc,phases   ] GC(44) y: Concurrent Mark Free 0.005ms
[2026-06-26T13:31:40.023-0300][34.511s][9664][15868][info][gc,phases   ] GC(44) y: Concurrent Reset Relocation Set 0.023ms
[2026-06-26T13:31:40.023-0300][34.511s][9664][15868][info][gc,reloc    ] GC(44) y: Using tenuring threshold: 1 (Computed)
[2026-06-26T13:31:40.031-0300][34.519s][9664][15316][info][gc,phases   ] GC(39) O: Concurrent Mark 1879.551ms
[2026-06-26T13:31:40.032-0300][34.520s][9664][9396 ][info][gc,phases   ] GC(39) O: Pause Mark End 0.016ms
[2026-06-26T13:31:40.032-0300][34.520s][9664][15316][info][gc,phases   ] GC(39) O: Concurrent Mark Free 0.005ms
[2026-06-26T13:31:40.048-0300][34.536s][9664][15868][info][gc,phases   ] GC(44) y: Concurrent Select Relocation Set 24.803ms
[2026-06-26T13:31:40.061-0300][34.549s][9664][9396 ][info][gc,phases   ] GC(44) y: Pause Relocate Start 0.016ms
[2026-06-26T13:31:40.062-0300][34.550s][9664][15316][info][gc,phases   ] GC(39) O: Concurrent Process Non-Strong 29.625ms
[2026-06-26T13:31:40.062-0300][34.550s][9664][15316][info][gc,phases   ] GC(39) O: Concurrent Reset Relocation Set 0.004ms
[2026-06-26T13:31:40.063-0300][34.551s][9664][15316][info][gc,phases   ] GC(39) O: Concurrent Select Relocation Set 1.435ms
[2026-06-26T13:31:40.111-0300][34.598s][9664][15868][info][gc,phases   ] GC(44) y: Concurrent Relocate 49.055ms
[2026-06-26T13:31:40.111-0300][34.598s][9664][15868][info][gc,alloc    ] GC(44) y:                         Mark Start        Mark End      Relocate Start    Relocate End   
[2026-06-26T13:31:40.111-0300][34.598s][9664][15868][info][gc,alloc    ] GC(44) y: Allocation Stalls:          0                0                0                0         
[2026-06-26T13:31:40.111-0300][34.598s][9664][15868][info][gc,load     ] GC(44) y: Load: 0.00 (0%) / 0.00 (0%) / 0.00 (0%)
[2026-06-26T13:31:40.111-0300][34.598s][9664][15868][info][gc,mmu      ] GC(44) y: MMU: 2ms/96.8%, 5ms/98.7%, 10ms/99.3%, 20ms/99.6%, 50ms/99.8%, 100ms/99.8%
[2026-06-26T13:31:40.111-0300][34.598s][9664][15868][info][gc,marking  ] GC(44) y: Mark: 2 stripe(s), 2 proactive flush(es), 1 terminate flush(es), 0 completion(s), 0 continuation(s) 
[2026-06-26T13:31:40.111-0300][34.598s][9664][15868][info][gc,nmethod  ] GC(44) y: NMethods: 10872 registered, 560 unregistered
[2026-06-26T13:31:40.111-0300][34.598s][9664][15868][info][gc,metaspace] GC(44) y: Metaspace: 64M used, 65M committed, 1088M reserved
[2026-06-26T13:31:40.111-0300][34.598s][9664][15868][info][gc,reloc    ] GC(44) y:                        Candidates     Selected     In-Place         Size        Empty    Relocated 
[2026-06-26T13:31:40.111-0300][34.598s][9664][15868][info][gc,reloc    ] GC(44) y: Small Pages:                   77           19            0         154M           2M           7M 
[2026-06-26T13:31:40.111-0300][34.598s][9664][15868][info][gc,reloc    ] GC(44) y: Medium Pages:                   0            0            0           0M           0M           0M 
[2026-06-26T13:31:40.111-0300][34.598s][9664][15868][info][gc,reloc    ] GC(44) y: Large Pages:                    0            0            0           0M           0M           0M 
[2026-06-26T13:31:40.111-0300][34.598s][9664][15868][info][gc,reloc    ] GC(44) y: Forwarding Usage: 6M
[2026-06-26T13:31:40.111-0300][34.598s][9664][15868][info][gc,reloc    ] GC(44) y: Age Table:
[2026-06-26T13:31:40.111-0300][34.598s][9664][15868][info][gc,reloc    ] GC(44) y:                    Live             Garbage             Small              Medium             Large        
[2026-06-26T13:31:40.111-0300][34.598s][9664][15868][info][gc,reloc    ] GC(44) y: Eden              35M (1%)           38M (1%)          37 / 16             0 / 0              0 / 0        
[2026-06-26T13:31:40.111-0300][34.598s][9664][15868][info][gc,reloc    ] GC(44) y: Survivor 1        42M (1%)            7M (0%)          25 / 2              0 / 0              0 / 0        
[2026-06-26T13:31:40.111-0300][34.598s][9664][15868][info][gc,reloc    ] GC(44) y: Survivor 2        25M (1%)            4M (0%)          15 / 1              0 / 0              0 / 0        
[2026-06-26T13:31:40.111-0300][34.598s][9664][15868][info][gc,heap     ] GC(44) y: Min Capacity: 8M(0%)
[2026-06-26T13:31:40.111-0300][34.598s][9664][15868][info][gc,heap     ] GC(44) y: Max Capacity: 3072M(100%)
[2026-06-26T13:31:40.111-0300][34.599s][9664][15868][info][gc,heap     ] GC(44) y: Soft Max Capacity: 3072M(100%)
[2026-06-26T13:31:40.111-0300][34.599s][9664][15868][info][gc,heap     ] GC(44) y: Heap Statistics:
[2026-06-26T13:31:40.111-0300][34.599s][9664][15868][info][gc,heap     ] GC(44) y:                Mark Start          Mark End        Relocate Start      Relocate End           High               Low         
[2026-06-26T13:31:40.111-0300][34.599s][9664][15868][info][gc,heap     ] GC(44) y:  Capacity:     3072M (100%)       3072M (100%)       3072M (100%)       3072M (100%)       3072M (100%)       3072M (100%)   
[2026-06-26T13:31:40.111-0300][34.599s][9664][15868][info][gc,heap     ] GC(44) y:      Free:     1774M (58%)        1720M (56%)        1710M (56%)        1764M (57%)        1774M (58%)        1706M (56%)    
[2026-06-26T13:31:40.111-0300][34.599s][9664][15868][info][gc,heap     ] GC(44) y:      Used:     1298M (42%)        1352M (44%)        1362M (44%)        1308M (43%)        1366M (44%)        1298M (42%)    
[2026-06-26T13:31:40.111-0300][34.599s][9664][15868][info][gc,heap     ] GC(44) y: Young Generation Statistics:
[2026-06-26T13:31:40.111-0300][34.599s][9664][15868][info][gc,heap     ] GC(44) y:                Mark Start          Mark End        Relocate Start      Relocate End    
[2026-06-26T13:31:40.111-0300][34.599s][9664][15868][info][gc,heap     ] GC(44) y:      Used:      154M (5%)          208M (7%)          144M (5%)          116M (4%)     
[2026-06-26T13:31:40.111-0300][34.599s][9664][15868][info][gc,heap     ] GC(44) y:      Live:         -               103M (3%)           36M (1%)           35M (1%)     
[2026-06-26T13:31:40.111-0300][34.599s][9664][15868][info][gc,heap     ] GC(44) y:   Garbage:         -                50M (2%)           41M (1%)            1M (0%)     
[2026-06-26T13:31:40.111-0300][34.599s][9664][15868][info][gc,heap     ] GC(44) y: Allocated:         -                54M (2%)           66M (2%)           79M (3%)     
[2026-06-26T13:31:40.111-0300][34.599s][9664][15868][info][gc,heap     ] GC(44) y: Reclaimed:         -                  -                 8M (0%)           48M (2%)     
[2026-06-26T13:31:40.111-0300][34.599s][9664][15868][info][gc,heap     ] GC(44) y:  Promoted:         -                  -                67M (2%)           68M (2%)     
[2026-06-26T13:31:40.111-0300][34.599s][9664][15868][info][gc,heap     ] GC(44) y: Compacted:         -                  -                  -                10M (0%)     
[2026-06-26T13:31:40.111-0300][34.599s][9664][15868][info][gc,phases   ] GC(44) y: Young Generation 1298M(42%)->1308M(43%) 0.210s
[2026-06-26T13:31:40.111-0300][34.599s][9664][15868][info][gc          ] GC(44) Minor Collection (Allocation Rate) 1298M(42%)->1308M(43%) 0.211s
[2026-06-26T13:31:40.111-0300][34.599s][9664][15316][info][gc,task     ] GC(39) O: Using 3 Workers for Old Generation
[2026-06-26T13:31:40.127-0300][34.614s][9664][15316][info][gc,task     ] GC(39) O: Using 1 Workers for Old Generation
[2026-06-26T13:31:40.127-0300][34.614s][9664][15316][info][gc,phases   ] GC(39) O: Concurrent Remap Roots 15.528ms
[2026-06-26T13:31:40.127-0300][34.614s][9664][9396 ][info][gc,phases   ] GC(39) O: Pause Relocate Start 0.010ms
[2026-06-26T13:31:40.156-0300][34.644s][9664][15316][info][gc,phases   ] GC(39) O: Concurrent Relocate 29.898ms
[2026-06-26T13:31:40.156-0300][34.644s][9664][15316][info][gc,alloc    ] GC(39) O:                         Mark Start        Mark End      Relocate Start    Relocate End   
[2026-06-26T13:31:40.156-0300][34.644s][9664][15316][info][gc,alloc    ] GC(39) O: Allocation Stalls:          0                0                0                0         
[2026-06-26T13:31:40.156-0300][34.644s][9664][15316][info][gc,load     ] GC(39) O: Load: 0.00 (0%) / 0.00 (0%) / 0.00 (0%)
[2026-06-26T13:31:40.156-0300][34.644s][9664][15316][info][gc,mmu      ] GC(39) O: MMU: 2ms/96.8%, 5ms/98.7%, 10ms/99.3%, 20ms/99.6%, 50ms/99.8%, 100ms/99.8%
[2026-06-26T13:31:40.156-0300][34.644s][9664][15316][info][gc,marking  ] GC(39) O: Mark: 1 stripe(s), 2 proactive flush(es), 1 terminate flush(es), 0 completion(s), 0 continuation(s) 
[2026-06-26T13:31:40.156-0300][34.644s][9664][15316][info][gc,nmethod  ] GC(39) O: NMethods: 10878 registered, 560 unregistered
[2026-06-26T13:31:40.157-0300][34.645s][9664][15316][info][gc,metaspace] GC(39) O: Metaspace: 64M used, 65M committed, 1088M reserved
[2026-06-26T13:31:40.157-0300][34.645s][9664][15316][info][gc,ref      ] GC(39) O:                       Encountered   Discovered     Enqueued 
[2026-06-26T13:31:40.157-0300][34.645s][9664][15316][info][gc,ref      ] GC(39) O: Soft References:             5359            0            0 
[2026-06-26T13:31:40.157-0300][34.645s][9664][15316][info][gc,ref      ] GC(39) O: Weak References:             4496         3501          120 
[2026-06-26T13:31:40.157-0300][34.645s][9664][15316][info][gc,ref      ] GC(39) O: Final References:              14            0            0 
[2026-06-26T13:31:40.157-0300][34.645s][9664][15316][info][gc,ref      ] GC(39) O: Phantom References:        168760        12703         6218 
[2026-06-26T13:31:40.157-0300][34.645s][9664][15316][info][gc,reloc    ] GC(39) O:                        Candidates     Selected     In-Place         Size        Empty    Relocated 
[2026-06-26T13:31:40.157-0300][34.645s][9664][15316][info][gc,reloc    ] GC(39) O: Small Pages:                  474           12            0         948M          28M           6M 
[2026-06-26T13:31:40.157-0300][34.645s][9664][15316][info][gc,reloc    ] GC(39) O: Medium Pages:                   2            0            0          64M           0M           0M 
[2026-06-26T13:31:40.157-0300][34.645s][9664][15316][info][gc,reloc    ] GC(39) O: Large Pages:                    1            0            0          12M           0M           0M 
[2026-06-26T13:31:40.157-0300][34.645s][9664][15316][info][gc,reloc    ] GC(39) O: Forwarding Usage: 6M
[2026-06-26T13:31:40.157-0300][34.645s][9664][15316][info][gc,heap     ] GC(39) O: Min Capacity: 8M(0%)
[2026-06-26T13:31:40.157-0300][34.645s][9664][15316][info][gc,heap     ] GC(39) O: Max Capacity: 3072M(100%)
[2026-06-26T13:31:40.157-0300][34.645s][9664][15316][info][gc,heap     ] GC(39) O: Soft Max Capacity: 3072M(100%)
[2026-06-26T13:31:40.157-0300][34.645s][9664][15316][info][gc,heap     ] GC(39) O: Heap Statistics:
[2026-06-26T13:31:40.157-0300][34.645s][9664][15316][info][gc,heap     ] GC(39) O:                Mark Start          Mark End        Relocate Start      Relocate End           High               Low         
[2026-06-26T13:31:40.157-0300][34.645s][9664][15316][info][gc,heap     ] GC(39) O:  Capacity:     3072M (100%)       3072M (100%)       3072M (100%)       3072M (100%)       3072M (100%)       3072M (100%)   
[2026-06-26T13:31:40.157-0300][34.645s][9664][15316][info][gc,heap     ] GC(39) O:      Free:     1894M (62%)        1716M (56%)        1762M (57%)        1774M (58%)        1930M (63%)        1706M (56%)    
[2026-06-26T13:31:40.157-0300][34.645s][9664][15316][info][gc,heap     ] GC(39) O:      Used:     1178M (38%)        1356M (44%)        1310M (43%)        1298M (42%)        1366M (44%)        1142M (37%)    
[2026-06-26T13:31:40.157-0300][34.645s][9664][15316][info][gc,heap     ] GC(39) O: Old Generation Statistics:
[2026-06-26T13:31:40.157-0300][34.645s][9664][15316][info][gc,heap     ] GC(39) O:                Mark Start          Mark End        Relocate Start      Relocate End    
[2026-06-26T13:31:40.157-0300][34.645s][9664][15316][info][gc,heap     ] GC(39) O:      Used:     1024M (33%)        1166M (38%)        1192M (39%)        1174M (38%)    
[2026-06-26T13:31:40.157-0300][34.645s][9664][15316][info][gc,heap     ] GC(39) O:      Live:         -               903M (29%)         903M (29%)         903M (29%)    
[2026-06-26T13:31:40.157-0300][34.645s][9664][15316][info][gc,heap     ] GC(39) O:   Garbage:         -               120M (4%)           92M (3%)           65M (2%)     
[2026-06-26T13:31:40.157-0300][34.645s][9664][15316][info][gc,heap     ] GC(39) O: Allocated:         -               142M (5%)          196M (6%)          204M (7%)     
[2026-06-26T13:31:40.157-0300][34.645s][9664][15316][info][gc,heap     ] GC(39) O: Reclaimed:         -                  -                28M (1%)           54M (2%)     
[2026-06-26T13:31:40.157-0300][34.645s][9664][15316][info][gc,heap     ] GC(39) O: Compacted:         -                  -                  -                19M (1%)     
[2026-06-26T13:31:40.157-0300][34.645s][9664][15316][info][gc,phases   ] GC(39) O: Old Generation 1142M(37%)->1298M(42%) 2.005s
[2026-06-26T13:31:40.157-0300][34.645s][9664][15316][info][gc          ] GC(39) Major Collection (Allocation Rate) 1178M(38%)->1298M(42%) 2.081s
[2026-06-26T13:31:40.254-0300][34.742s][9664][15316][info][gc          ] GC(45) Major Collection (Allocation Rate)
[2026-06-26T13:31:40.254-0300][34.742s][9664][15316][info][gc,task     ] GC(45) Using 3 Workers for Young Generation
[2026-06-26T13:31:40.254-0300][34.742s][9664][15316][info][gc,task     ] GC(45) Using 1 Workers for Old Generation
[2026-06-26T13:31:40.254-0300][34.742s][9664][15316][info][gc,phases   ] GC(45) Y: Young Generation
[2026-06-26T13:31:40.254-0300][34.742s][9664][9396 ][info][gc,phases   ] GC(45) Y: Pause Mark Start (Major) 0.014ms
[2026-06-26T13:31:40.344-0300][34.832s][9664][15316][info][gc,phases   ] GC(45) Y: Concurrent Mark 89.733ms
[2026-06-26T13:31:40.344-0300][34.832s][9664][9396 ][info][gc,phases   ] GC(45) Y: Pause Mark End 0.015ms
[2026-06-26T13:31:40.344-0300][34.832s][9664][15316][info][gc,phases   ] GC(45) Y: Concurrent Mark Free 0.004ms
[2026-06-26T13:31:40.344-0300][34.832s][9664][15316][info][gc,phases   ] GC(45) Y: Concurrent Reset Relocation Set 0.057ms
[2026-06-26T13:31:40.344-0300][34.832s][9664][15316][info][gc,reloc    ] GC(45) Y: Using tenuring threshold: 2 (Computed)
[2026-06-26T13:31:40.348-0300][34.836s][9664][15316][info][gc,phases   ] GC(45) Y: Concurrent Select Relocation Set 3.744ms
[2026-06-26T13:31:40.348-0300][34.836s][9664][9396 ][info][gc,phases   ] GC(45) Y: Pause Relocate Start 0.010ms
[2026-06-26T13:31:40.368-0300][34.857s][9664][15316][info][gc,phases   ] GC(45) Y: Concurrent Relocate 20.519ms
[2026-06-26T13:31:40.368-0300][34.857s][9664][15316][info][gc,alloc    ] GC(45) Y:                         Mark Start        Mark End      Relocate Start    Relocate End   
[2026-06-26T13:31:40.368-0300][34.857s][9664][15316][info][gc,alloc    ] GC(45) Y: Allocation Stalls:          0                0                0                0         
[2026-06-26T13:31:40.368-0300][34.857s][9664][15316][info][gc,load     ] GC(45) Y: Load: 0.00 (0%) / 0.00 (0%) / 0.00 (0%)
[2026-06-26T13:31:40.368-0300][34.857s][9664][15316][info][gc,mmu      ] GC(45) Y: MMU: 2ms/96.8%, 5ms/98.7%, 10ms/99.3%, 20ms/99.6%, 50ms/99.8%, 100ms/99.8%
[2026-06-26T13:31:40.368-0300][34.857s][9664][15316][info][gc,marking  ] GC(45) Y: Mark: 2 stripe(s), 2 proactive flush(es), 1 terminate flush(es), 0 completion(s), 0 continuation(s) 
[2026-06-26T13:31:40.368-0300][34.857s][9664][15316][info][gc,nmethod  ] GC(45) Y: NMethods: 10952 registered, 0 unregistered
[2026-06-26T13:31:40.368-0300][34.857s][9664][15316][info][gc,metaspace] GC(45) Y: Metaspace: 64M used, 65M committed, 1088M reserved
[2026-06-26T13:31:40.368-0300][34.857s][9664][15316][info][gc,reloc    ] GC(45) Y:                        Candidates     Selected     In-Place         Size        Empty    Relocated 
[2026-06-26T13:31:40.368-0300][34.857s][9664][15316][info][gc,reloc    ] GC(45) Y: Small Pages:                   80           39            0         160M           0M          19M 
[2026-06-26T13:31:40.368-0300][34.857s][9664][15316][info][gc,reloc    ] GC(45) Y: Medium Pages:                   0            0            0           0M           0M           0M 
[2026-06-26T13:31:40.368-0300][34.857s][9664][15316][info][gc,reloc    ] GC(45) Y: Large Pages:                    0            0            0           0M           0M           0M 
[2026-06-26T13:31:40.368-0300][34.857s][9664][15316][info][gc,reloc    ] GC(45) Y: Forwarding Usage: 17M
[2026-06-26T13:31:40.368-0300][34.857s][9664][15316][info][gc,reloc    ] GC(45) Y: Age Table:
[2026-06-26T13:31:40.368-0300][34.857s][9664][15316][info][gc,reloc    ] GC(45) Y:                    Live             Garbage             Small              Medium             Large        
[2026-06-26T13:31:40.370-0300][34.857s][9664][15316][info][gc,reloc    ] GC(45) Y: Eden              52M (2%)           67M (2%)          60 / 32             0 / 0              0 / 0        
[2026-06-26T13:31:40.370-0300][34.857s][9664][15316][info][gc,reloc    ] GC(45) Y: Survivor 1        22M (1%)           17M (1%)          20 / 7              0 / 0              0 / 0        
[2026-06-26T13:31:40.370-0300][34.857s][9664][15316][info][gc,heap     ] GC(45) Y: Min Capacity: 8M(0%)
[2026-06-26T13:31:40.370-0300][34.857s][9664][15316][info][gc,heap     ] GC(45) Y: Max Capacity: 3072M(100%)
[2026-06-26T13:31:40.370-0300][34.857s][9664][15316][info][gc,heap     ] GC(45) Y: Soft Max Capacity: 3072M(100%)
[2026-06-26T13:31:40.370-0300][34.857s][9664][15316][info][gc,heap     ] GC(45) Y: Heap Statistics:
[2026-06-26T13:31:40.370-0300][34.857s][9664][15316][info][gc,heap     ] GC(45) Y:                Mark Start          Mark End        Relocate Start      Relocate End           High               Low         
[2026-06-26T13:31:40.370-0300][34.857s][9664][15316][info][gc,heap     ] GC(45) Y:  Capacity:     3072M (100%)       3072M (100%)       3072M (100%)       3072M (100%)       3072M (100%)       3072M (100%)   
[2026-06-26T13:31:40.370-0300][34.857s][9664][15316][info][gc,heap     ] GC(45) Y:      Free:     1738M (57%)        1676M (55%)        1676M (55%)        1744M (57%)        1744M (57%)        1670M (54%)    
[2026-06-26T13:31:40.370-0300][34.857s][9664][15316][info][gc,heap     ] GC(45) Y:      Used:     1334M (43%)        1396M (45%)        1396M (45%)        1328M (43%)        1402M (46%)        1328M (43%)    
[2026-06-26T13:31:40.370-0300][34.857s][9664][15316][info][gc,heap     ] GC(45) Y: Young Generation Statistics:
[2026-06-26T13:31:40.370-0300][34.857s][9664][15316][info][gc,heap     ] GC(45) Y:                Mark Start          Mark End        Relocate Start      Relocate End    
[2026-06-26T13:31:40.370-0300][34.857s][9664][15316][info][gc,heap     ] GC(45) Y:      Used:      160M (5%)          222M (7%)          222M (7%)          154M (5%)     
[2026-06-26T13:31:40.370-0300][34.857s][9664][15316][info][gc,heap     ] GC(45) Y:      Live:         -                74M (2%)           74M (2%)           74M (2%)     
[2026-06-26T13:31:40.370-0300][34.857s][9664][15316][info][gc,heap     ] GC(45) Y:   Garbage:         -                85M (3%)           85M (3%)            2M (0%)     
[2026-06-26T13:31:40.370-0300][34.857s][9664][15316][info][gc,heap     ] GC(45) Y: Allocated:         -                62M (2%)           62M (2%)           76M (2%)     
[2026-06-26T13:31:40.370-0300][34.857s][9664][15316][info][gc,heap     ] GC(45) Y: Reclaimed:         -                  -                 0M (0%)           82M (3%)     
[2026-06-26T13:31:40.370-0300][34.857s][9664][15316][info][gc,heap     ] GC(45) Y:  Promoted:         -                  -                 0M (0%)            0M (0%)     
[2026-06-26T13:31:40.370-0300][34.857s][9664][15316][info][gc,heap     ] GC(45) Y: Compacted:         -                  -                  -                33M (1%)     
[2026-06-26T13:31:40.370-0300][34.857s][9664][15316][info][gc,phases   ] GC(45) Y: Young Generation 1334M(43%)->1328M(43%) 0.115s
[2026-06-26T13:31:40.370-0300][34.857s][9664][15316][info][gc,phases   ] GC(45) O: Old Generation
[2026-06-26T13:31:40.376-0300][34.863s][9664][15868][info][gc          ] GC(46) Minor Collection (Allocation Rate)
[2026-06-26T13:31:40.376-0300][34.863s][9664][15868][info][gc,task     ] GC(46) Using 2 Workers for Young Generation
[2026-06-26T13:31:40.376-0300][34.863s][9664][15868][info][gc,phases   ] GC(46) y: Young Generation
[2026-06-26T13:31:40.376-0300][34.863s][9664][9396 ][info][gc,phases   ] GC(46) y: Pause Mark Start 0.013ms
[2026-06-26T13:31:40.517-0300][35.004s][9664][15868][info][gc,phases   ] GC(46) y: Concurrent Mark 140.773ms
[2026-06-26T13:31:40.517-0300][35.004s][9664][9396 ][info][gc,phases   ] GC(46) y: Pause Mark End 0.018ms
[2026-06-26T13:31:40.517-0300][35.004s][9664][15868][info][gc,phases   ] GC(46) y: Concurrent Mark Free 0.003ms
[2026-06-26T13:31:40.517-0300][35.004s][9664][15868][info][gc,phases   ] GC(46) y: Concurrent Reset Relocation Set 0.005ms
[2026-06-26T13:31:40.517-0300][35.004s][9664][15868][info][gc,reloc    ] GC(46) y: Using tenuring threshold: 1 (Computed)
[2026-06-26T13:31:40.543-0300][35.031s][9664][15868][info][gc,phases   ] GC(46) y: Concurrent Select Relocation Set 27.050ms
[2026-06-26T13:31:40.544-0300][35.032s][9664][9396 ][info][gc,phases   ] GC(46) y: Pause Relocate Start 0.013ms
[2026-06-26T13:31:40.598-0300][35.086s][9664][15868][info][gc,phases   ] GC(46) y: Concurrent Relocate 54.553ms
[2026-06-26T13:31:40.598-0300][35.086s][9664][15868][info][gc,alloc    ] GC(46) y:                         Mark Start        Mark End      Relocate Start    Relocate End   
[2026-06-26T13:31:40.598-0300][35.086s][9664][15868][info][gc,alloc    ] GC(46) y: Allocation Stalls:          0                0                0                0         
[2026-06-26T13:31:40.598-0300][35.086s][9664][15868][info][gc,load     ] GC(46) y: Load: 0.00 (0%) / 0.00 (0%) / 0.00 (0%)
[2026-06-26T13:31:40.598-0300][35.086s][9664][15868][info][gc,mmu      ] GC(46) y: MMU: 2ms/96.8%, 5ms/98.7%, 10ms/99.3%, 20ms/99.6%, 50ms/99.8%, 100ms/99.8%
[2026-06-26T13:31:40.598-0300][35.086s][9664][15868][info][gc,marking  ] GC(46) y: Mark: 2 stripe(s), 2 proactive flush(es), 1 terminate flush(es), 0 completion(s), 0 continuation(s) 
[2026-06-26T13:31:40.598-0300][35.086s][9664][15868][info][gc,nmethod  ] GC(46) y: NMethods: 10963 registered, 0 unregistered
[2026-06-26T13:31:40.598-0300][35.086s][9664][15868][info][gc,metaspace] GC(46) y: Metaspace: 64M used, 65M committed, 1088M reserved
[2026-06-26T13:31:40.598-0300][35.086s][9664][15868][info][gc,reloc    ] GC(46) y:                        Candidates     Selected     In-Place         Size        Empty    Relocated 
[2026-06-26T13:31:40.598-0300][35.086s][9664][15868][info][gc,reloc    ] GC(46) y: Small Pages:                   62           14            0         124M           6M           5M 
[2026-06-26T13:31:40.598-0300][35.086s][9664][15868][info][gc,reloc    ] GC(46) y: Medium Pages:                   1            0            0          32M           0M           0M 
[2026-06-26T13:31:40.598-0300][35.086s][9664][15868][info][gc,reloc    ] GC(46) y: Large Pages:                    0            0            0           0M           0M           0M 
[2026-06-26T13:31:40.598-0300][35.086s][9664][15868][info][gc,reloc    ] GC(46) y: Forwarding Usage: 5M
[2026-06-26T13:31:40.598-0300][35.086s][9664][15868][info][gc,reloc    ] GC(46) y: Age Table:
[2026-06-26T13:31:40.598-0300][35.086s][9664][15868][info][gc,reloc    ] GC(46) y:                    Live             Garbage             Small              Medium             Large        
[2026-06-26T13:31:40.598-0300][35.086s][9664][15868][info][gc,reloc    ] GC(46) y: Eden              11M (0%)           60M (2%)          20 / 14             1 / 0              0 / 0        
[2026-06-26T13:31:40.598-0300][35.086s][9664][15868][info][gc,reloc    ] GC(46) y: Survivor 1        52M (2%)            5M (0%)          29 / 0              0 / 0              0 / 0        
[2026-06-26T13:31:40.598-0300][35.087s][9664][15868][info][gc,reloc    ] GC(46) y: Survivor 2        22M (1%)            3M (0%)          13 / 0              0 / 0              0 / 0        
[2026-06-26T13:31:40.598-0300][35.087s][9664][15868][info][gc,heap     ] GC(46) y: Min Capacity: 8M(0%)
[2026-06-26T13:31:40.598-0300][35.087s][9664][15868][info][gc,heap     ] GC(46) y: Max Capacity: 3072M(100%)
[2026-06-26T13:31:40.598-0300][35.087s][9664][15868][info][gc,heap     ] GC(46) y: Soft Max Capacity: 3072M(100%)
[2026-06-26T13:31:40.598-0300][35.087s][9664][15868][info][gc,heap     ] GC(46) y: Heap Statistics:
[2026-06-26T13:31:40.598-0300][35.087s][9664][15868][info][gc,heap     ] GC(46) y:                Mark Start          Mark End        Relocate Start      Relocate End           High               Low         
[2026-06-26T13:31:40.598-0300][35.087s][9664][15868][info][gc,heap     ] GC(46) y:  Capacity:     3072M (100%)       3072M (100%)       3072M (100%)       3072M (100%)       3072M (100%)       3072M (100%)   
[2026-06-26T13:31:40.598-0300][35.087s][9664][15868][info][gc,heap     ] GC(46) y:      Free:     1742M (57%)        1608M (52%)        1600M (52%)        1614M (53%)        1742M (57%)        1594M (52%)    
[2026-06-26T13:31:40.598-0300][35.087s][9664][15868][info][gc,heap     ] GC(46) y:      Used:     1330M (43%)        1464M (48%)        1472M (48%)        1458M (47%)        1478M (48%)        1330M (43%)    
[2026-06-26T13:31:40.598-0300][35.087s][9664][15868][info][gc,heap     ] GC(46) y: Young Generation Statistics:
[2026-06-26T13:31:40.598-0300][35.087s][9664][15868][info][gc,heap     ] GC(46) y:                Mark Start          Mark End        Relocate Start      Relocate End    
[2026-06-26T13:31:40.598-0300][35.087s][9664][15868][info][gc,heap     ] GC(46) y:      Used:      156M (5%)          290M (9%)          224M (7%)          204M (7%)     
[2026-06-26T13:31:40.598-0300][35.087s][9664][15868][info][gc,heap     ] GC(46) y:      Live:         -                86M (3%)           15M (1%)           11M (0%)     
[2026-06-26T13:31:40.598-0300][35.087s][9664][15868][info][gc,heap     ] GC(46) y:   Garbage:         -                69M (2%)           60M (2%)           31M (1%)     
[2026-06-26T13:31:40.598-0300][35.087s][9664][15868][info][gc,heap     ] GC(46) y: Allocated:         -               134M (4%)          148M (5%)          161M (5%)     
[2026-06-26T13:31:40.598-0300][35.087s][9664][15868][info][gc,heap     ] GC(46) y: Reclaimed:         -                  -                 9M (0%)           38M (1%)     
[2026-06-26T13:31:40.598-0300][35.087s][9664][15868][info][gc,heap     ] GC(46) y:  Promoted:         -                  -                70M (2%)           74M (2%)     
[2026-06-26T13:31:40.598-0300][35.087s][9664][15868][info][gc,heap     ] GC(46) y: Compacted:         -                  -                  -                 6M (0%)     
[2026-06-26T13:31:40.598-0300][35.087s][9664][15868][info][gc,phases   ] GC(46) y: Young Generation 1330M(43%)->1458M(47%) 0.223s
[2026-06-26T13:31:40.598-0300][35.087s][9664][15868][info][gc          ] GC(46) Minor Collection (Allocation Rate) 1330M(43%)->1458M(47%) 0.224s
[2026-06-26T13:31:40.598-0300][35.087s][9664][15868][info][gc          ] GC(47) Minor Collection (Allocation Rate)
[2026-06-26T13:31:40.598-0300][35.087s][9664][15868][info][gc,task     ] GC(47) Using 2 Workers for Young Generation
[2026-06-26T13:31:40.598-0300][35.087s][9664][15868][info][gc,phases   ] GC(47) y: Young Generation
[2026-06-26T13:31:40.598-0300][35.087s][9664][9396 ][info][gc,phases   ] GC(47) y: Pause Mark Start 0.008ms
[2026-06-26T13:31:40.642-0300][35.130s][9664][15868][info][gc,phases   ] GC(47) y: Concurrent Mark 42.617ms
[2026-06-26T13:31:40.642-0300][35.130s][9664][9396 ][info][gc,phases   ] GC(47) y: Pause Mark End 0.015ms
[2026-06-26T13:31:40.642-0300][35.130s][9664][15868][info][gc,phases   ] GC(47) y: Concurrent Mark Free 0.006ms
[2026-06-26T13:31:40.643-0300][35.130s][9664][15868][info][gc,phases   ] GC(47) y: Concurrent Reset Relocation Set 0.351ms
[2026-06-26T13:31:40.643-0300][35.130s][9664][15868][info][gc,reloc    ] GC(47) y: Using tenuring threshold: 1 (Computed)
[2026-06-26T13:31:40.647-0300][35.135s][9664][15868][info][gc,phases   ] GC(47) y: Concurrent Select Relocation Set 4.306ms
[2026-06-26T13:31:40.647-0300][35.135s][9664][9396 ][info][gc,phases   ] GC(47) y: Pause Relocate Start 0.011ms
[2026-06-26T13:31:40.658-0300][35.146s][9664][15868][info][gc,phases   ] GC(47) y: Concurrent Relocate 11.014ms
[2026-06-26T13:31:40.658-0300][35.146s][9664][15868][info][gc,alloc    ] GC(47) y:                         Mark Start        Mark End      Relocate Start    Relocate End   
[2026-06-26T13:31:40.658-0300][35.146s][9664][15868][info][gc,alloc    ] GC(47) y: Allocation Stalls:          0                0                0                0         
[2026-06-26T13:31:40.658-0300][35.146s][9664][15868][info][gc,load     ] GC(47) y: Load: 0.00 (0%) / 0.00 (0%) / 0.00 (0%)
[2026-06-26T13:31:40.658-0300][35.146s][9664][15868][info][gc,mmu      ] GC(47) y: MMU: 2ms/96.8%, 5ms/98.7%, 10ms/99.3%, 20ms/99.6%, 50ms/99.8%, 100ms/99.8%
[2026-06-26T13:31:40.658-0300][35.146s][9664][15868][info][gc,marking  ] GC(47) y: Mark: 2 stripe(s), 2 proactive flush(es), 1 terminate flush(es), 0 completion(s), 0 continuation(s) 
[2026-06-26T13:31:40.658-0300][35.146s][9664][15868][info][gc,nmethod  ] GC(47) y: NMethods: 10963 registered, 0 unregistered
[2026-06-26T13:31:40.658-0300][35.146s][9664][15868][info][gc,metaspace] GC(47) y: Metaspace: 64M used, 65M committed, 1088M reserved
[2026-06-26T13:31:40.658-0300][35.146s][9664][15868][info][gc,reloc    ] GC(47) y:                        Candidates     Selected     In-Place         Size        Empty    Relocated 
[2026-06-26T13:31:40.658-0300][35.146s][9664][15868][info][gc,reloc    ] GC(47) y: Small Pages:                   86           16            0         172M         122M           4M 
[2026-06-26T13:31:40.658-0300][35.146s][9664][15868][info][gc,reloc    ] GC(47) y: Medium Pages:                   1            0            0          32M           0M           0M 
[2026-06-26T13:31:40.658-0300][35.146s][9664][15868][info][gc,reloc    ] GC(47) y: Large Pages:                    0            0            0           0M           0M           0M 
[2026-06-26T13:31:40.658-0300][35.146s][9664][15868][info][gc,reloc    ] GC(47) y: Forwarding Usage: 2M
[2026-06-26T13:31:40.658-0300][35.146s][9664][15868][info][gc,reloc    ] GC(47) y: Age Table:
[2026-06-26T13:31:40.658-0300][35.146s][9664][15868][info][gc,reloc    ] GC(47) y:                    Live             Garbage             Small              Medium             Large        
[2026-06-26T13:31:40.658-0300][35.146s][9664][15868][info][gc,reloc    ] GC(47) y: Eden               5M (0%)          152M (5%)          79 / 15             0 / 0              0 / 0        
[2026-06-26T13:31:40.658-0300][35.146s][9664][15868][info][gc,reloc    ] GC(47) y: Survivor 1        11M (0%)           34M (1%)           7 / 1              1 / 0              0 / 0        
[2026-06-26T13:31:40.658-0300][35.146s][9664][15868][info][gc,heap     ] GC(47) y: Min Capacity: 8M(0%)
[2026-06-26T13:31:40.659-0300][35.146s][9664][15868][info][gc,heap     ] GC(47) y: Max Capacity: 3072M(100%)
[2026-06-26T13:31:40.659-0300][35.146s][9664][15868][info][gc,heap     ] GC(47) y: Soft Max Capacity: 3072M(100%)
[2026-06-26T13:31:40.659-0300][35.146s][9664][15868][info][gc,heap     ] GC(47) y: Heap Statistics:
[2026-06-26T13:31:40.659-0300][35.146s][9664][15868][info][gc,heap     ] GC(47) y:                Mark Start          Mark End        Relocate Start      Relocate End           High               Low         
[2026-06-26T13:31:40.659-0300][35.146s][9664][15868][info][gc,heap     ] GC(47) y:  Capacity:     3072M (100%)       3072M (100%)       3072M (100%)       3072M (100%)       3072M (100%)       3072M (100%)   
[2026-06-26T13:31:40.659-0300][35.146s][9664][15868][info][gc,heap     ] GC(47) y:      Free:     1614M (53%)        1592M (52%)        1714M (56%)        1738M (57%)        1740M (57%)        1592M (52%)    
[2026-06-26T13:31:40.659-0300][35.146s][9664][15868][info][gc,heap     ] GC(47) y:      Used:     1458M (47%)        1480M (48%)        1358M (44%)        1334M (43%)        1480M (48%)        1332M (43%)    
[2026-06-26T13:31:40.659-0300][35.146s][9664][15868][info][gc,heap     ] GC(47) y: Young Generation Statistics:
[2026-06-26T13:31:40.659-0300][35.146s][9664][15868][info][gc,heap     ] GC(47) y:                Mark Start          Mark End        Relocate Start      Relocate End    
[2026-06-26T13:31:40.659-0300][35.146s][9664][15868][info][gc,heap     ] GC(47) y:      Used:      204M (7%)          226M (7%)           60M (2%)           32M (1%)     
[2026-06-26T13:31:40.659-0300][35.146s][9664][15868][info][gc,heap     ] GC(47) y:      Live:         -                16M (1%)            5M (0%)            5M (0%)     
[2026-06-26T13:31:40.659-0300][35.146s][9664][15868][info][gc,heap     ] GC(47) y:   Garbage:         -               187M (6%)           32M (1%)            0M (0%)     
[2026-06-26T13:31:40.659-0300][35.146s][9664][15868][info][gc,heap     ] GC(47) y: Allocated:         -                22M (1%)           22M (1%)           26M (1%)     
[2026-06-26T13:31:40.659-0300][35.146s][9664][15868][info][gc,heap     ] GC(47) y: Reclaimed:         -                  -               154M (5%)          187M (6%)     
[2026-06-26T13:31:40.659-0300][35.146s][9664][15868][info][gc,heap     ] GC(47) y:  Promoted:         -                  -                11M (0%)           11M (0%)     
[2026-06-26T13:31:40.659-0300][35.146s][9664][15868][info][gc,heap     ] GC(47) y: Compacted:         -                  -                  -                 5M (0%)     
[2026-06-26T13:31:40.659-0300][35.146s][9664][15868][info][gc,phases   ] GC(47) y: Young Generation 1458M(47%)->1334M(43%) 0.059s
[2026-06-26T13:31:40.659-0300][35.146s][9664][15868][info][gc          ] GC(47) Minor Collection (Allocation Rate) 1458M(47%)->1336M(43%) 0.059s
[2026-06-26T13:31:41.260-0300][35.748s][9664][15868][info][gc          ] GC(48) Minor Collection (Allocation Rate)
[2026-06-26T13:31:41.260-0300][35.748s][9664][15868][info][gc,task     ] GC(48) Using 2 Workers for Young Generation
[2026-06-26T13:31:41.260-0300][35.748s][9664][15868][info][gc,phases   ] GC(48) y: Young Generation
[2026-06-26T13:31:41.260-0300][35.748s][9664][9396 ][info][gc,phases   ] GC(48) y: Pause Mark Start 0.009ms
[2026-06-26T13:31:41.296-0300][35.784s][9664][15868][info][gc,phases   ] GC(48) y: Concurrent Mark 35.945ms
[2026-06-26T13:31:41.296-0300][35.784s][9664][9396 ][info][gc,phases   ] GC(48) y: Pause Mark End 0.013ms
[2026-06-26T13:31:41.296-0300][35.784s][9664][15868][info][gc,phases   ] GC(48) y: Concurrent Mark Free 0.002ms
[2026-06-26T13:31:41.296-0300][35.784s][9664][15868][info][gc,phases   ] GC(48) y: Concurrent Reset Relocation Set 0.015ms
[2026-06-26T13:31:41.297-0300][35.784s][9664][15868][info][gc,reloc    ] GC(48) y: Using tenuring threshold: 2 (Computed)
[2026-06-26T13:31:41.299-0300][35.787s][9664][15868][info][gc,phases   ] GC(48) y: Concurrent Select Relocation Set 2.578ms
[2026-06-26T13:31:41.299-0300][35.787s][9664][9396 ][info][gc,phases   ] GC(48) y: Pause Relocate Start 0.009ms
[2026-06-26T13:31:41.319-0300][35.807s][9664][15868][info][gc,phases   ] GC(48) y: Concurrent Relocate 20.156ms
[2026-06-26T13:31:41.319-0300][35.807s][9664][15868][info][gc,alloc    ] GC(48) y:                         Mark Start        Mark End      Relocate Start    Relocate End   
[2026-06-26T13:31:41.319-0300][35.807s][9664][15868][info][gc,alloc    ] GC(48) y: Allocation Stalls:          0                0                0                0         
[2026-06-26T13:31:41.319-0300][35.807s][9664][15868][info][gc,load     ] GC(48) y: Load: 0.00 (0%) / 0.00 (0%) / 0.00 (0%)
[2026-06-26T13:31:41.319-0300][35.807s][9664][15868][info][gc,mmu      ] GC(48) y: MMU: 2ms/96.8%, 5ms/98.7%, 10ms/99.3%, 20ms/99.6%, 50ms/99.8%, 100ms/99.8%
[2026-06-26T13:31:41.319-0300][35.807s][9664][15868][info][gc,marking  ] GC(48) y: Mark: 2 stripe(s), 2 proactive flush(es), 1 terminate flush(es), 0 completion(s), 0 continuation(s) 
[2026-06-26T13:31:41.319-0300][35.807s][9664][15868][info][gc,nmethod  ] GC(48) y: NMethods: 10970 registered, 0 unregistered
[2026-06-26T13:31:41.319-0300][35.807s][9664][15868][info][gc,metaspace] GC(48) y: Metaspace: 64M used, 65M committed, 1088M reserved
[2026-06-26T13:31:41.319-0300][35.807s][9664][15868][info][gc,reloc    ] GC(48) y:                        Candidates     Selected     In-Place         Size        Empty    Relocated 
[2026-06-26T13:31:41.319-0300][35.807s][9664][15868][info][gc,reloc    ] GC(48) y: Small Pages:                   77           47            0         154M          28M          17M 
[2026-06-26T13:31:41.319-0300][35.807s][9664][15868][info][gc,reloc    ] GC(48) y: Medium Pages:                   0            0            0           0M           0M           0M 
[2026-06-26T13:31:41.319-0300][35.807s][9664][15868][info][gc,reloc    ] GC(48) y: Large Pages:                    0            0            0           0M           0M           0M 
[2026-06-26T13:31:41.320-0300][35.807s][9664][15868][info][gc,reloc    ] GC(48) y: Forwarding Usage: 14M
[2026-06-26T13:31:41.320-0300][35.807s][9664][15868][info][gc,reloc    ] GC(48) y: Age Table:
[2026-06-26T13:31:41.320-0300][35.807s][9664][15868][info][gc,reloc    ] GC(48) y:                    Live             Garbage             Small              Medium             Large        
[2026-06-26T13:31:41.320-0300][35.807s][9664][15868][info][gc,reloc    ] GC(48) y: Eden              22M (1%)          123M (4%)          73 / 46             0 / 0              0 / 0        
[2026-06-26T13:31:41.320-0300][35.807s][9664][15868][info][gc,reloc    ] GC(48) y: Survivor 1         4M (0%)            3M (0%)           4 / 1              0 / 0              0 / 0        
[2026-06-26T13:31:41.320-0300][35.807s][9664][15868][info][gc,heap     ] GC(48) y: Min Capacity: 8M(0%)
[2026-06-26T13:31:41.320-0300][35.807s][9664][15868][info][gc,heap     ] GC(48) y: Max Capacity: 3072M(100%)
[2026-06-26T13:31:41.320-0300][35.807s][9664][15868][info][gc,heap     ] GC(48) y: Soft Max Capacity: 3072M(100%)
[2026-06-26T13:31:41.320-0300][35.807s][9664][15868][info][gc,heap     ] GC(48) y: Heap Statistics:
[2026-06-26T13:31:41.320-0300][35.807s][9664][15868][info][gc,heap     ] GC(48) y:                Mark Start          Mark End        Relocate Start      Relocate End           High               Low         
[2026-06-26T13:31:41.320-0300][35.807s][9664][15868][info][gc,heap     ] GC(48) y:  Capacity:     3072M (100%)       3072M (100%)       3072M (100%)       3072M (100%)       3072M (100%)       3072M (100%)   
[2026-06-26T13:31:41.320-0300][35.807s][9664][15868][info][gc,heap     ] GC(48) y:      Free:     1616M (53%)        1598M (52%)        1626M (53%)        1718M (56%)        1718M (56%)        1598M (52%)    
[2026-06-26T13:31:41.320-0300][35.807s][9664][15868][info][gc,heap     ] GC(48) y:      Used:     1456M (47%)        1474M (48%)        1446M (47%)        1354M (44%)        1474M (48%)        1354M (44%)    
[2026-06-26T13:31:41.320-0300][35.807s][9664][15868][info][gc,heap     ] GC(48) y: Young Generation Statistics:
[2026-06-26T13:31:41.320-0300][35.807s][9664][15868][info][gc,heap     ] GC(48) y:                Mark Start          Mark End        Relocate Start      Relocate End    
[2026-06-26T13:31:41.320-0300][35.807s][9664][15868][info][gc,heap     ] GC(48) y:      Used:      154M (5%)          172M (6%)          144M (5%)           52M (2%)     
[2026-06-26T13:31:41.320-0300][35.807s][9664][15868][info][gc,heap     ] GC(48) y:      Live:         -                27M (1%)           27M (1%)           27M (1%)     
[2026-06-26T13:31:41.320-0300][35.807s][9664][15868][info][gc,heap     ] GC(48) y:   Garbage:         -               126M (4%)           98M (3%)            0M (0%)     
[2026-06-26T13:31:41.320-0300][35.807s][9664][15868][info][gc,heap     ] GC(48) y: Allocated:         -                18M (1%)           18M (1%)           24M (1%)     
[2026-06-26T13:31:41.320-0300][35.807s][9664][15868][info][gc,heap     ] GC(48) y: Reclaimed:         -                  -                28M (1%)          126M (4%)     
[2026-06-26T13:31:41.320-0300][35.808s][9664][15868][info][gc,heap     ] GC(48) y:  Promoted:         -                  -                 0M (0%)            0M (0%)     
[2026-06-26T13:31:41.320-0300][35.808s][9664][15868][info][gc,heap     ] GC(48) y: Compacted:         -                  -                  -                23M (1%)     
[2026-06-26T13:31:41.320-0300][35.808s][9664][15868][info][gc,phases   ] GC(48) y: Young Generation 1456M(47%)->1354M(44%) 0.059s
[2026-06-26T13:31:41.320-0300][35.808s][9664][15868][info][gc          ] GC(48) Minor Collection (Allocation Rate) 1456M(47%)->1354M(44%) 0.060s
[2026-06-26T13:31:42.235-0300][36.723s][9664][15316][info][gc,phases   ] GC(45) O: Concurrent Mark 1865.581ms
[2026-06-26T13:31:42.235-0300][36.723s][9664][9396 ][info][gc,phases   ] GC(45) O: Pause Mark End 0.016ms
[2026-06-26T13:31:42.235-0300][36.723s][9664][15316][info][gc,phases   ] GC(45) O: Concurrent Mark Free 0.003ms
[2026-06-26T13:31:42.270-0300][36.758s][9664][15316][info][gc,phases   ] GC(45) O: Concurrent Process Non-Strong 35.123ms
[2026-06-26T13:31:42.270-0300][36.758s][9664][15316][info][gc,phases   ] GC(45) O: Concurrent Reset Relocation Set 0.003ms
[2026-06-26T13:31:42.277-0300][36.765s][9664][15316][info][gc,phases   ] GC(45) O: Concurrent Select Relocation Set 6.385ms
[2026-06-26T13:31:42.277-0300][36.765s][9664][15316][info][gc,task     ] GC(45) O: Using 3 Workers for Old Generation
[2026-06-26T13:31:42.283-0300][36.771s][9664][15316][info][gc,task     ] GC(45) O: Using 1 Workers for Old Generation
[2026-06-26T13:31:42.283-0300][36.771s][9664][15316][info][gc,phases   ] GC(45) O: Concurrent Remap Roots 6.092ms
[2026-06-26T13:31:42.283-0300][36.771s][9664][9396 ][info][gc,phases   ] GC(45) O: Pause Relocate Start 0.011ms
[2026-06-26T13:31:42.388-0300][36.875s][9664][15316][info][gc,phases   ] GC(45) O: Concurrent Relocate 104.286ms
[2026-06-26T13:31:42.388-0300][36.875s][9664][15316][info][gc,alloc    ] GC(45) O:                         Mark Start        Mark End      Relocate Start    Relocate End   
[2026-06-26T13:31:42.388-0300][36.875s][9664][15316][info][gc,alloc    ] GC(45) O: Allocation Stalls:          0                0                0                0         
[2026-06-26T13:31:42.388-0300][36.875s][9664][15316][info][gc,load     ] GC(45) O: Load: 0.00 (0%) / 0.00 (0%) / 0.00 (0%)
[2026-06-26T13:31:42.388-0300][36.875s][9664][15316][info][gc,mmu      ] GC(45) O: MMU: 2ms/96.8%, 5ms/98.7%, 10ms/99.3%, 20ms/99.6%, 50ms/99.8%, 100ms/99.8%
[2026-06-26T13:31:42.388-0300][36.875s][9664][15316][info][gc,marking  ] GC(45) O: Mark: 1 stripe(s), 2 proactive flush(es), 1 terminate flush(es), 0 completion(s), 0 continuation(s) 
[2026-06-26T13:31:42.388-0300][36.875s][9664][15316][info][gc,nmethod  ] GC(45) O: NMethods: 11445 registered, 85 unregistered
[2026-06-26T13:31:42.388-0300][36.875s][9664][15316][info][gc,metaspace] GC(45) O: Metaspace: 65M used, 66M committed, 1088M reserved
[2026-06-26T13:31:42.388-0300][36.875s][9664][15316][info][gc,ref      ] GC(45) O:                       Encountered   Discovered     Enqueued 
[2026-06-26T13:31:42.388-0300][36.875s][9664][15316][info][gc,ref      ] GC(45) O: Soft References:             5339            0            0 
[2026-06-26T13:31:42.388-0300][36.875s][9664][15316][info][gc,ref      ] GC(45) O: Weak References:             4489         2153            2 
[2026-06-26T13:31:42.388-0300][36.875s][9664][15316][info][gc,ref      ] GC(45) O: Final References:              16            2            0 
[2026-06-26T13:31:42.388-0300][36.875s][9664][15316][info][gc,ref      ] GC(45) O: Phantom References:        102953        57795        51309 
[2026-06-26T13:31:42.388-0300][36.875s][9664][15316][info][gc,reloc    ] GC(45) O:                        Candidates     Selected     In-Place         Size        Empty    Relocated 
[2026-06-26T13:31:42.388-0300][36.876s][9664][15316][info][gc,reloc    ] GC(45) O: Small Pages:                  533           42            0        1066M          30M          21M 
[2026-06-26T13:31:42.388-0300][36.876s][9664][15316][info][gc,reloc    ] GC(45) O: Medium Pages:                   3            1            0          96M           0M           4M 
[2026-06-26T13:31:42.388-0300][36.876s][9664][15316][info][gc,reloc    ] GC(45) O: Large Pages:                    1            0            0          12M           0M           0M 
[2026-06-26T13:31:42.388-0300][36.876s][9664][15316][info][gc,reloc    ] GC(45) O: Forwarding Usage: 27M
[2026-06-26T13:31:42.388-0300][36.876s][9664][15316][info][gc,heap     ] GC(45) O: Min Capacity: 8M(0%)
[2026-06-26T13:31:42.388-0300][36.876s][9664][15316][info][gc,heap     ] GC(45) O: Max Capacity: 3072M(100%)
[2026-06-26T13:31:42.388-0300][36.876s][9664][15316][info][gc,heap     ] GC(45) O: Soft Max Capacity: 3072M(100%)
[2026-06-26T13:31:42.388-0300][36.876s][9664][15316][info][gc,heap     ] GC(45) O: Heap Statistics:
[2026-06-26T13:31:42.388-0300][36.876s][9664][15316][info][gc,heap     ] GC(45) O:                Mark Start          Mark End        Relocate Start      Relocate End           High               Low         
[2026-06-26T13:31:42.388-0300][36.876s][9664][15316][info][gc,heap     ] GC(45) O:  Capacity:     3072M (100%)       3072M (100%)       3072M (100%)       3072M (100%)       3072M (100%)       3072M (100%)   
[2026-06-26T13:31:42.388-0300][36.876s][9664][15316][info][gc,heap     ] GC(45) O:      Free:     1738M (57%)        1352M (44%)        1378M (45%)        1464M (48%)        1744M (57%)        1336M (43%)    
[2026-06-26T13:31:42.388-0300][36.876s][9664][15316][info][gc,heap     ] GC(45) O:      Used:     1334M (43%)        1720M (56%)        1694M (55%)        1608M (52%)        1736M (57%)        1328M (43%)    
[2026-06-26T13:31:42.388-0300][36.876s][9664][15316][info][gc,heap     ] GC(45) O: Old Generation Statistics:
[2026-06-26T13:31:42.388-0300][36.876s][9664][15316][info][gc,heap     ] GC(45) O:                Mark Start          Mark End        Relocate Start      Relocate End    
[2026-06-26T13:31:42.388-0300][36.876s][9664][15316][info][gc,heap     ] GC(45) O:      Used:     1174M (38%)        1302M (42%)        1272M (41%)        1162M (38%)    
[2026-06-26T13:31:42.388-0300][36.876s][9664][15316][info][gc,heap     ] GC(45) O:      Live:         -               947M (31%)         947M (31%)         947M (31%)    
[2026-06-26T13:31:42.388-0300][36.876s][9664][15316][info][gc,heap     ] GC(45) O:   Garbage:         -               226M (7%)          196M (6%)           46M (1%)     
[2026-06-26T13:31:42.388-0300][36.876s][9664][15316][info][gc,heap     ] GC(45) O: Allocated:         -               128M (4%)          128M (4%)          168M (5%)     
[2026-06-26T13:31:42.388-0300][36.876s][9664][15316][info][gc,heap     ] GC(45) O: Reclaimed:         -                  -                30M (1%)          180M (6%)     
[2026-06-26T13:31:42.388-0300][36.876s][9664][15316][info][gc,heap     ] GC(45) O: Compacted:         -                  -                  -                61M (2%)     
[2026-06-26T13:31:42.388-0300][36.876s][9664][15316][info][gc,phases   ] GC(45) O: Old Generation 1328M(43%)->1608M(52%) 2.018s
[2026-06-26T13:31:42.388-0300][36.876s][9664][15316][info][gc          ] GC(45) Major Collection (Allocation Rate) 1332M(43%)->1608M(52%) 2.134s
[2026-06-26T13:31:42.767-0300][37.255s][9664][15868][info][gc          ] GC(49) Minor Collection (Allocation Rate)
[2026-06-26T13:31:42.767-0300][37.255s][9664][15868][info][gc,task     ] GC(49) Using 1 Workers for Young Generation
[2026-06-26T13:31:42.767-0300][37.255s][9664][15868][info][gc,phases   ] GC(49) y: Young Generation
[2026-06-26T13:31:42.767-0300][37.255s][9664][9396 ][info][gc,phases   ] GC(49) y: Pause Mark Start 0.009ms
[2026-06-26T13:31:43.107-0300][37.595s][9664][15868][info][gc,phases   ] GC(49) y: Concurrent Mark 340.361ms
[2026-06-26T13:31:43.107-0300][37.595s][9664][9396 ][info][gc,phases   ] GC(49) y: Pause Mark End 0.016ms
[2026-06-26T13:31:43.107-0300][37.595s][9664][15868][info][gc,phases   ] GC(49) y: Concurrent Mark Free 0.002ms
[2026-06-26T13:31:43.107-0300][37.595s][9664][15868][info][gc,phases   ] GC(49) y: Concurrent Reset Relocation Set 0.008ms
[2026-06-26T13:31:43.107-0300][37.596s][9664][15868][info][gc,reloc    ] GC(49) y: Using tenuring threshold: 3 (Computed)
[2026-06-26T13:31:43.116-0300][37.604s][9664][15868][info][gc,phases   ] GC(49) y: Concurrent Select Relocation Set 8.397ms
[2026-06-26T13:31:43.116-0300][37.604s][9664][9396 ][info][gc,phases   ] GC(49) y: Pause Relocate Start 0.015ms
[2026-06-26T13:31:43.200-0300][37.688s][9664][15868][info][gc,phases   ] GC(49) y: Concurrent Relocate 84.413ms
[2026-06-26T13:31:43.200-0300][37.689s][9664][15868][info][gc,alloc    ] GC(49) y:                         Mark Start        Mark End      Relocate Start    Relocate End   
[2026-06-26T13:31:43.200-0300][37.689s][9664][15868][info][gc,alloc    ] GC(49) y: Allocation Stalls:          0                0                0                0         
[2026-06-26T13:31:43.200-0300][37.689s][9664][15868][info][gc,load     ] GC(49) y: Load: 0.00 (0%) / 0.00 (0%) / 0.00 (0%)
[2026-06-26T13:31:43.200-0300][37.689s][9664][15868][info][gc,mmu      ] GC(49) y: MMU: 2ms/96.8%, 5ms/98.7%, 10ms/99.3%, 20ms/99.6%, 50ms/99.8%, 100ms/99.8%
[2026-06-26T13:31:43.200-0300][37.689s][9664][15868][info][gc,marking  ] GC(49) y: Mark: 1 stripe(s), 2 proactive flush(es), 1 terminate flush(es), 0 completion(s), 0 continuation(s) 
[2026-06-26T13:31:43.200-0300][37.689s][9664][15868][info][gc,nmethod  ] GC(49) y: NMethods: 11824 registered, 85 unregistered
[2026-06-26T13:31:43.200-0300][37.689s][9664][15868][info][gc,metaspace] GC(49) y: Metaspace: 65M used, 66M committed, 1088M reserved
[2026-06-26T13:31:43.200-0300][37.689s][9664][15868][info][gc,reloc    ] GC(49) y:                        Candidates     Selected     In-Place         Size        Empty    Relocated 
[2026-06-26T13:31:43.200-0300][37.689s][9664][15868][info][gc,reloc    ] GC(49) y: Small Pages:                  226           88            0         452M          90M          36M 
[2026-06-26T13:31:43.200-0300][37.689s][9664][15868][info][gc,reloc    ] GC(49) y: Medium Pages:                   1            0            0          32M           0M           0M 
[2026-06-26T13:31:43.200-0300][37.689s][9664][15868][info][gc,reloc    ] GC(49) y: Large Pages:                    4            0            0          48M           0M           0M 
[2026-06-26T13:31:43.200-0300][37.689s][9664][15868][info][gc,reloc    ] GC(49) y: Forwarding Usage: 29M
[2026-06-26T13:31:43.200-0300][37.689s][9664][15868][info][gc,reloc    ] GC(49) y: Age Table:
[2026-06-26T13:31:43.200-0300][37.689s][9664][15868][info][gc,reloc    ] GC(49) y:                    Live             Garbage             Small              Medium             Large        
[2026-06-26T13:31:43.200-0300][37.689s][9664][15868][info][gc,reloc    ] GC(49) y: Eden             191M (6%)          308M (10%)        210 / 87             1 / 0              4 / 0        
[2026-06-26T13:31:43.200-0300][37.689s][9664][15868][info][gc,reloc    ] GC(49) y: Survivor 1        22M (1%)            1M (0%)          12 / 0              0 / 0              0 / 0        
[2026-06-26T13:31:43.200-0300][37.689s][9664][15868][info][gc,reloc    ] GC(49) y: Survivor 2         4M (0%)            3M (0%)           4 / 1              0 / 0              0 / 0        
[2026-06-26T13:31:43.200-0300][37.689s][9664][15868][info][gc,heap     ] GC(49) y: Min Capacity: 8M(0%)
[2026-06-26T13:31:43.200-0300][37.689s][9664][15868][info][gc,heap     ] GC(49) y: Max Capacity: 3072M(100%)
[2026-06-26T13:31:43.200-0300][37.689s][9664][15868][info][gc,heap     ] GC(49) y: Soft Max Capacity: 3072M(100%)
[2026-06-26T13:31:43.200-0300][37.689s][9664][15868][info][gc,heap     ] GC(49) y: Heap Statistics:
[2026-06-26T13:31:43.200-0300][37.689s][9664][15868][info][gc,heap     ] GC(49) y:                Mark Start          Mark End        Relocate Start      Relocate End           High               Low         
[2026-06-26T13:31:43.200-0300][37.689s][9664][15868][info][gc,heap     ] GC(49) y:  Capacity:     3072M (100%)       3072M (100%)       3072M (100%)       3072M (100%)       3072M (100%)       3072M (100%)   
[2026-06-26T13:31:43.200-0300][37.689s][9664][15868][info][gc,heap     ] GC(49) y:      Free:     1378M (45%)        1276M (42%)        1366M (44%)        1510M (49%)        1512M (49%)        1276M (42%)    
[2026-06-26T13:31:43.200-0300][37.689s][9664][15868][info][gc,heap     ] GC(49) y:      Used:     1694M (55%)        1796M (58%)        1706M (56%)        1562M (51%)        1796M (58%)        1560M (51%)    
[2026-06-26T13:31:43.201-0300][37.689s][9664][15868][info][gc,heap     ] GC(49) y: Young Generation Statistics:
[2026-06-26T13:31:43.201-0300][37.689s][9664][15868][info][gc,heap     ] GC(49) y:                Mark Start          Mark End        Relocate Start      Relocate End    
[2026-06-26T13:31:43.201-0300][37.689s][9664][15868][info][gc,heap     ] GC(49) y:      Used:      532M (17%)         634M (21%)         544M (18%)         400M (13%)    
[2026-06-26T13:31:43.201-0300][37.689s][9664][15868][info][gc,heap     ] GC(49) y:      Live:         -               219M (7%)          219M (7%)          219M (7%)     
[2026-06-26T13:31:43.201-0300][37.689s][9664][15868][info][gc,heap     ] GC(49) y:   Garbage:         -               312M (10%)         222M (7%)           38M (1%)     
[2026-06-26T13:31:43.201-0300][37.689s][9664][15868][info][gc,heap     ] GC(49) y: Allocated:         -               102M (3%)          102M (3%)          142M (5%)     
[2026-06-26T13:31:43.201-0300][37.689s][9664][15868][info][gc,heap     ] GC(49) y: Reclaimed:         -                  -                90M (3%)          274M (9%)     
[2026-06-26T13:31:43.201-0300][37.689s][9664][15868][info][gc,heap     ] GC(49) y:  Promoted:         -                  -                 0M (0%)            0M (0%)     
[2026-06-26T13:31:43.201-0300][37.689s][9664][15868][info][gc,heap     ] GC(49) y: Compacted:         -                  -                  -                53M (2%)     
[2026-06-26T13:31:43.201-0300][37.689s][9664][15868][info][gc,phases   ] GC(49) y: Young Generation 1694M(55%)->1562M(51%) 0.434s
[2026-06-26T13:31:43.201-0300][37.689s][9664][15868][info][gc          ] GC(49) Minor Collection (Allocation Rate) 1694M(55%)->1562M(51%) 0.434s
[2026-06-26T13:31:47.197-0300][41.684s][9664][15316][info][gc          ] GC(50) Major Collection (Allocation Rate)
[2026-06-26T13:31:47.197-0300][41.684s][9664][15316][info][gc,task     ] GC(50) Using 2 Workers for Young Generation
[2026-06-26T13:31:47.197-0300][41.684s][9664][15316][info][gc,task     ] GC(50) Using 1 Workers for Old Generation
[2026-06-26T13:31:47.197-0300][41.685s][9664][15316][info][gc,phases   ] GC(50) Y: Young Generation
[2026-06-26T13:31:47.197-0300][41.685s][9664][9396 ][info][gc,phases   ] GC(50) Y: Pause Mark Start (Major) 0.015ms
[2026-06-26T13:31:47.596-0300][42.084s][9664][15316][info][gc,phases   ] GC(50) Y: Concurrent Mark 399.226ms
[2026-06-26T13:31:47.596-0300][42.084s][9664][9396 ][info][gc,phases   ] GC(50) Y: Pause Mark End 0.013ms
[2026-06-26T13:31:47.596-0300][42.084s][9664][15316][info][gc,phases   ] GC(50) Y: Concurrent Mark Free 0.003ms
[2026-06-26T13:31:47.596-0300][42.084s][9664][15316][info][gc,phases   ] GC(50) Y: Concurrent Reset Relocation Set 0.013ms
[2026-06-26T13:31:47.596-0300][42.084s][9664][15316][info][gc,reloc    ] GC(50) Y: Using tenuring threshold: 3 (Computed)
[2026-06-26T13:31:47.617-0300][42.106s][9664][15316][info][gc,phases   ] GC(50) Y: Concurrent Select Relocation Set 21.756ms
[2026-06-26T13:31:47.617-0300][42.106s][9664][9396 ][info][gc,phases   ] GC(50) Y: Pause Relocate Start 0.014ms
[2026-06-26T13:31:47.746-0300][42.234s][9664][15316][info][gc,phases   ] GC(50) Y: Concurrent Relocate 127.698ms
[2026-06-26T13:31:47.746-0300][42.234s][9664][15316][info][gc,alloc    ] GC(50) Y:                         Mark Start        Mark End      Relocate Start    Relocate End   
[2026-06-26T13:31:47.746-0300][42.234s][9664][15316][info][gc,alloc    ] GC(50) Y: Allocation Stalls:          0                0                0                0         
[2026-06-26T13:31:47.746-0300][42.234s][9664][15316][info][gc,load     ] GC(50) Y: Load: 0.00 (0%) / 0.00 (0%) / 0.00 (0%)
[2026-06-26T13:31:47.746-0300][42.234s][9664][15316][info][gc,mmu      ] GC(50) Y: MMU: 2ms/96.8%, 5ms/98.7%, 10ms/99.3%, 20ms/99.6%, 50ms/99.8%, 100ms/99.8%
[2026-06-26T13:31:47.746-0300][42.234s][9664][15316][info][gc,marking  ] GC(50) Y: Mark: 2 stripe(s), 4 proactive flush(es), 1 terminate flush(es), 0 completion(s), 0 continuation(s) 
[2026-06-26T13:31:47.746-0300][42.234s][9664][15316][info][gc,nmethod  ] GC(50) Y: NMethods: 12359 registered, 85 unregistered
[2026-06-26T13:31:47.746-0300][42.234s][9664][15316][info][gc,metaspace] GC(50) Y: Metaspace: 66M used, 67M committed, 1088M reserved
[2026-06-26T13:31:47.746-0300][42.234s][9664][15316][info][gc,reloc    ] GC(50) Y:                        Candidates     Selected     In-Place         Size        Empty    Relocated 
[2026-06-26T13:31:47.746-0300][42.234s][9664][15316][info][gc,reloc    ] GC(50) Y: Small Pages:                  715          504            0        1430M           4M         112M 
[2026-06-26T13:31:47.746-0300][42.234s][9664][15316][info][gc,reloc    ] GC(50) Y: Medium Pages:                   1            0            0          32M           0M           0M 
[2026-06-26T13:31:47.746-0300][42.234s][9664][15316][info][gc,reloc    ] GC(50) Y: Large Pages:                    4            0            0          48M           0M           0M 
[2026-06-26T13:31:47.746-0300][42.234s][9664][15316][info][gc,reloc    ] GC(50) Y: Forwarding Usage: 87M
[2026-06-26T13:31:47.746-0300][42.234s][9664][15316][info][gc,reloc    ] GC(50) Y: Age Table:
[2026-06-26T13:31:47.746-0300][42.234s][9664][15316][info][gc,reloc    ] GC(50) Y:                    Live             Garbage             Small              Medium             Large        
[2026-06-26T13:31:47.746-0300][42.234s][9664][15316][info][gc,reloc    ] GC(50) Y: Eden             209M (7%)         1026M (33%)        618 / 497            0 / 0              0 / 0        
[2026-06-26T13:31:47.746-0300][42.234s][9664][15316][info][gc,reloc    ] GC(50) Y: Survivor 1       191M (6%)           52M (2%)          82 / 6              1 / 0              4 / 0        
[2026-06-26T13:31:47.746-0300][42.234s][9664][15316][info][gc,reloc    ] GC(50) Y: Survivor 2        22M (1%)            1M (0%)          12 / 0              0 / 0              0 / 0        
[2026-06-26T13:31:47.746-0300][42.234s][9664][15316][info][gc,reloc    ] GC(50) Y: Survivor 3         4M (0%)            1M (0%)           3 / 1              0 / 0              0 / 0        
[2026-06-26T13:31:47.746-0300][42.234s][9664][15316][info][gc,heap     ] GC(50) Y: Min Capacity: 8M(0%)
[2026-06-26T13:31:47.746-0300][42.234s][9664][15316][info][gc,heap     ] GC(50) Y: Max Capacity: 3072M(100%)
[2026-06-26T13:31:47.746-0300][42.234s][9664][15316][info][gc,heap     ] GC(50) Y: Soft Max Capacity: 3072M(100%)
[2026-06-26T13:31:47.746-0300][42.234s][9664][15316][info][gc,heap     ] GC(50) Y: Heap Statistics:
[2026-06-26T13:31:47.746-0300][42.234s][9664][15316][info][gc,heap     ] GC(50) Y:                Mark Start          Mark End        Relocate Start      Relocate End           High               Low         
[2026-06-26T13:31:47.746-0300][42.234s][9664][15316][info][gc,heap     ] GC(50) Y:  Capacity:     3072M (100%)       3072M (100%)       3072M (100%)       3072M (100%)       3072M (100%)       3072M (100%)   
[2026-06-26T13:31:47.746-0300][42.234s][9664][15316][info][gc,heap     ] GC(50) Y:      Free:      400M (13%)         322M (10%)         322M (10%)        1310M (43%)        1312M (43%)         314M (10%)    
[2026-06-26T13:31:47.746-0300][42.234s][9664][15316][info][gc,heap     ] GC(50) Y:      Used:     2672M (87%)        2750M (90%)        2750M (90%)        1762M (57%)        2758M (90%)        1760M (57%)    
[2026-06-26T13:31:47.746-0300][42.234s][9664][15316][info][gc,heap     ] GC(50) Y: Young Generation Statistics:
[2026-06-26T13:31:47.746-0300][42.234s][9664][15316][info][gc,heap     ] GC(50) Y:                Mark Start          Mark End        Relocate Start      Relocate End    
[2026-06-26T13:31:47.746-0300][42.234s][9664][15316][info][gc,heap     ] GC(50) Y:      Used:     1510M (49%)        1588M (52%)        1584M (52%)         594M (19%)    
[2026-06-26T13:31:47.746-0300][42.234s][9664][15316][info][gc,heap     ] GC(50) Y:      Live:         -               428M (14%)         424M (14%)         423M (14%)    
[2026-06-26T13:31:47.746-0300][42.234s][9664][15316][info][gc,heap     ] GC(50) Y:   Garbage:         -              1081M (35%)        1077M (35%)          47M (2%)     
[2026-06-26T13:31:47.746-0300][42.234s][9664][15316][info][gc,heap     ] GC(50) Y: Allocated:         -                78M (3%)           82M (3%)          123M (4%)     
[2026-06-26T13:31:47.746-0300][42.234s][9664][15316][info][gc,heap     ] GC(50) Y: Reclaimed:         -                  -                 4M (0%)         1034M (34%)    
[2026-06-26T13:31:47.746-0300][42.234s][9664][15316][info][gc,heap     ] GC(50) Y:  Promoted:         -                  -                 3M (0%)            4M (0%)     
[2026-06-26T13:31:47.746-0300][42.234s][9664][15316][info][gc,heap     ] GC(50) Y: Compacted:         -                  -                  -               150M (5%)     
[2026-06-26T13:31:47.746-0300][42.234s][9664][15316][info][gc,phases   ] GC(50) Y: Young Generation 2672M(87%)->1762M(57%) 0.549s
[2026-06-26T13:31:47.746-0300][42.234s][9664][15316][info][gc,phases   ] GC(50) O: Old Generation
[2026-06-26T13:31:49.866-0300][44.354s][9664][15316][info][gc,phases   ] GC(50) O: Concurrent Mark 2119.544ms
[2026-06-26T13:31:49.866-0300][44.354s][9664][9396 ][info][gc,phases   ] GC(50) O: Pause Mark End 0.018ms
[2026-06-26T13:31:49.866-0300][44.354s][9664][15316][info][gc,phases   ] GC(50) O: Concurrent Mark Free 0.005ms
[2026-06-26T13:31:49.903-0300][44.391s][9664][15316][info][gc,phases   ] GC(50) O: Concurrent Process Non-Strong 37.534ms
[2026-06-26T13:31:49.903-0300][44.391s][9664][15316][info][gc,phases   ] GC(50) O: Concurrent Reset Relocation Set 0.008ms
[2026-06-26T13:31:49.905-0300][44.393s][9664][15316][info][gc,phases   ] GC(50) O: Concurrent Select Relocation Set 2.002ms
[2026-06-26T13:31:49.905-0300][44.393s][9664][15316][info][gc,task     ] GC(50) O: Using 3 Workers for Old Generation
[2026-06-26T13:31:49.913-0300][44.401s][9664][15316][info][gc,task     ] GC(50) O: Using 1 Workers for Old Generation
[2026-06-26T13:31:49.913-0300][44.401s][9664][15316][info][gc,phases   ] GC(50) O: Concurrent Remap Roots 7.786ms
[2026-06-26T13:31:49.913-0300][44.401s][9664][9396 ][info][gc,phases   ] GC(50) O: Pause Relocate Start 0.015ms
[2026-06-26T13:31:49.982-0300][44.470s][9664][15316][info][gc,phases   ] GC(50) O: Concurrent Relocate 68.148ms
[2026-06-26T13:31:49.982-0300][44.470s][9664][15316][info][gc,alloc    ] GC(50) O:                         Mark Start        Mark End      Relocate Start    Relocate End   
[2026-06-26T13:31:49.982-0300][44.470s][9664][15316][info][gc,alloc    ] GC(50) O: Allocation Stalls:          0                0                0                0         
[2026-06-26T13:31:49.982-0300][44.470s][9664][15316][info][gc,load     ] GC(50) O: Load: 0.00 (0%) / 0.00 (0%) / 0.00 (0%)
[2026-06-26T13:31:49.982-0300][44.470s][9664][15316][info][gc,mmu      ] GC(50) O: MMU: 2ms/96.8%, 5ms/98.7%, 10ms/99.3%, 20ms/99.6%, 50ms/99.8%, 100ms/99.8%
[2026-06-26T13:31:49.982-0300][44.470s][9664][15316][info][gc,marking  ] GC(50) O: Mark: 1 stripe(s), 2 proactive flush(es), 1 terminate flush(es), 0 completion(s), 0 continuation(s) 
[2026-06-26T13:31:49.982-0300][44.470s][9664][15316][info][gc,nmethod  ] GC(50) O: NMethods: 11871 registered, 627 unregistered
[2026-06-26T13:31:49.982-0300][44.470s][9664][15316][info][gc,metaspace] GC(50) O: Metaspace: 66M used, 67M committed, 1088M reserved
[2026-06-26T13:31:49.982-0300][44.470s][9664][15316][info][gc,ref      ] GC(50) O:                       Encountered   Discovered     Enqueued 
[2026-06-26T13:31:49.982-0300][44.470s][9664][15316][info][gc,ref      ] GC(50) O: Soft References:             5369            0            0 
[2026-06-26T13:31:49.982-0300][44.470s][9664][15316][info][gc,ref      ] GC(50) O: Weak References:             4767         3380           23 
[2026-06-26T13:31:49.982-0300][44.470s][9664][15316][info][gc,ref      ] GC(50) O: Final References:              15            2            0 
[2026-06-26T13:31:49.982-0300][44.470s][9664][15316][info][gc,ref      ] GC(50) O: Phantom References:        158123        18325        11844 
[2026-06-26T13:31:49.982-0300][44.470s][9664][15316][info][gc,reloc    ] GC(50) O:                        Candidates     Selected     In-Place         Size        Empty    Relocated 
[2026-06-26T13:31:49.982-0300][44.470s][9664][15316][info][gc,reloc    ] GC(50) O: Small Pages:                  527           11            0        1054M           2M           5M 
[2026-06-26T13:31:49.982-0300][44.470s][9664][15316][info][gc,reloc    ] GC(50) O: Medium Pages:                   3            1            0          96M           0M           5M 
[2026-06-26T13:31:49.982-0300][44.470s][9664][15316][info][gc,reloc    ] GC(50) O: Large Pages:                    1            0            0          12M           0M           0M 
[2026-06-26T13:31:49.982-0300][44.470s][9664][15316][info][gc,reloc    ] GC(50) O: Forwarding Usage: 21M
[2026-06-26T13:31:49.982-0300][44.470s][9664][15316][info][gc,heap     ] GC(50) O: Min Capacity: 8M(0%)
[2026-06-26T13:31:49.982-0300][44.470s][9664][15316][info][gc,heap     ] GC(50) O: Max Capacity: 3072M(100%)
[2026-06-26T13:31:49.982-0300][44.470s][9664][15316][info][gc,heap     ] GC(50) O: Soft Max Capacity: 3072M(100%)
[2026-06-26T13:31:49.982-0300][44.470s][9664][15316][info][gc,heap     ] GC(50) O: Heap Statistics:
[2026-06-26T13:31:49.982-0300][44.470s][9664][15316][info][gc,heap     ] GC(50) O:                Mark Start          Mark End        Relocate Start      Relocate End           High               Low         
[2026-06-26T13:31:49.982-0300][44.470s][9664][15316][info][gc,heap     ] GC(50) O:  Capacity:     3072M (100%)       3072M (100%)       3072M (100%)       3072M (100%)       3072M (100%)       3072M (100%)   
[2026-06-26T13:31:49.982-0300][44.470s][9664][15316][info][gc,heap     ] GC(50) O:      Free:      400M (13%)         934M (30%)         936M (30%)         964M (31%)        1312M (43%)         314M (10%)    
[2026-06-26T13:31:49.982-0300][44.470s][9664][15316][info][gc,heap     ] GC(50) O:      Used:     2672M (87%)        2138M (70%)        2136M (70%)        2108M (69%)        2758M (90%)        1760M (57%)    
[2026-06-26T13:31:49.982-0300][44.470s][9664][15316][info][gc,heap     ] GC(50) O: Old Generation Statistics:
[2026-06-26T13:31:49.982-0300][44.470s][9664][15316][info][gc,heap     ] GC(50) O:                Mark Start          Mark End        Relocate Start      Relocate End    
[2026-06-26T13:31:49.982-0300][44.470s][9664][15316][info][gc,heap     ] GC(50) O:      Used:     1162M (38%)        1168M (38%)        1166M (38%)        1120M (36%)    
[2026-06-26T13:31:49.982-0300][44.470s][9664][15316][info][gc,heap     ] GC(50) O:      Live:         -              1027M (33%)        1027M (33%)        1027M (33%)    
[2026-06-26T13:31:49.982-0300][44.470s][9664][15316][info][gc,heap     ] GC(50) O:   Garbage:         -               134M (4%)          132M (4%)           48M (2%)     
[2026-06-26T13:31:49.982-0300][44.470s][9664][15316][info][gc,heap     ] GC(50) O: Allocated:         -                 6M (0%)            6M (0%)           44M (1%)     
[2026-06-26T13:31:49.982-0300][44.470s][9664][15316][info][gc,heap     ] GC(50) O: Reclaimed:         -                  -                 2M (0%)           86M (3%)     
[2026-06-26T13:31:49.982-0300][44.470s][9664][15316][info][gc,heap     ] GC(50) O: Compacted:         -                  -                  -                45M (1%)     
[2026-06-26T13:31:49.982-0300][44.470s][9664][15316][info][gc,phases   ] GC(50) O: Old Generation 1762M(57%)->2108M(69%) 2.236s
[2026-06-26T13:31:49.982-0300][44.470s][9664][15316][info][gc          ] GC(50) Major Collection (Allocation Rate) 2672M(87%)->2108M(69%) 2.786s
[2026-06-26T13:31:50.625-0300][45.112s][9664][15868][info][gc          ] GC(51) Minor Collection (Allocation Rate)
[2026-06-26T13:31:50.625-0300][45.112s][9664][15868][info][gc,task     ] GC(51) Using 2 Workers for Young Generation
[2026-06-26T13:31:50.625-0300][45.112s][9664][15868][info][gc,phases   ] GC(51) y: Young Generation
[2026-06-26T13:31:50.625-0300][45.112s][9664][9396 ][info][gc,phases   ] GC(51) y: Pause Mark Start 0.016ms
[2026-06-26T13:31:51.091-0300][45.578s][9664][15868][info][gc,phases   ] GC(51) y: Concurrent Mark 465.878ms
[2026-06-26T13:31:51.091-0300][45.578s][9664][9396 ][info][gc,phases   ] GC(51) y: Pause Mark End 0.013ms
[2026-06-26T13:31:51.091-0300][45.578s][9664][15868][info][gc,phases   ] GC(51) y: Concurrent Mark Free 0.003ms
[2026-06-26T13:31:51.091-0300][45.578s][9664][15868][info][gc,phases   ] GC(51) y: Concurrent Reset Relocation Set 0.048ms
[2026-06-26T13:31:51.091-0300][45.579s][9664][15868][info][gc,reloc    ] GC(51) y: Using tenuring threshold: 3 (Computed)
[2026-06-26T13:31:51.100-0300][45.589s][9664][15868][info][gc,phases   ] GC(51) y: Concurrent Select Relocation Set 10.136ms
[2026-06-26T13:31:51.101-0300][45.589s][9664][9396 ][info][gc,phases   ] GC(51) y: Pause Relocate Start 0.012ms
[2026-06-26T13:31:51.200-0300][45.688s][9664][15868][info][gc,phases   ] GC(51) y: Concurrent Relocate 99.656ms
[2026-06-26T13:31:51.200-0300][45.689s][9664][15868][info][gc,alloc    ] GC(51) y:                         Mark Start        Mark End      Relocate Start    Relocate End   
[2026-06-26T13:31:51.200-0300][45.689s][9664][15868][info][gc,alloc    ] GC(51) y: Allocation Stalls:          0                0                0                0         
[2026-06-26T13:31:51.200-0300][45.689s][9664][15868][info][gc,load     ] GC(51) y: Load: 0.00 (0%) / 0.00 (0%) / 0.00 (0%)
[2026-06-26T13:31:51.200-0300][45.689s][9664][15868][info][gc,mmu      ] GC(51) y: MMU: 2ms/96.8%, 5ms/98.7%, 10ms/99.3%, 20ms/99.6%, 50ms/99.8%, 100ms/99.8%
[2026-06-26T13:31:51.200-0300][45.689s][9664][15868][info][gc,marking  ] GC(51) y: Mark: 2 stripe(s), 10 proactive flush(es), 1 terminate flush(es), 0 completion(s), 0 continuation(s) 
[2026-06-26T13:31:51.200-0300][45.689s][9664][15868][info][gc,nmethod  ] GC(51) y: NMethods: 11902 registered, 627 unregistered
[2026-06-26T13:31:51.200-0300][45.689s][9664][15868][info][gc,metaspace] GC(51) y: Metaspace: 66M used, 67M committed, 1088M reserved
[2026-06-26T13:31:51.200-0300][45.689s][9664][15868][info][gc,reloc    ] GC(51) y:                        Candidates     Selected     In-Place         Size        Empty    Relocated 
[2026-06-26T13:31:51.200-0300][45.689s][9664][15868][info][gc,reloc    ] GC(51) y: Small Pages:                  514          192            0        1028M          94M          85M 
[2026-06-26T13:31:51.200-0300][45.689s][9664][15868][info][gc,reloc    ] GC(51) y: Medium Pages:                   1            0            0          32M           0M           0M 
[2026-06-26T13:31:51.200-0300][45.689s][9664][15868][info][gc,reloc    ] GC(51) y: Large Pages:                    4            0            0          48M           0M           0M 
[2026-06-26T13:31:51.200-0300][45.689s][9664][15868][info][gc,reloc    ] GC(51) y: Forwarding Usage: 77M
[2026-06-26T13:31:51.200-0300][45.689s][9664][15868][info][gc,reloc    ] GC(51) y: Age Table:
[2026-06-26T13:31:51.200-0300][45.689s][9664][15868][info][gc,reloc    ] GC(51) y:                    Live             Garbage             Small              Medium             Large        
[2026-06-26T13:31:51.200-0300][45.689s][9664][15868][info][gc,reloc    ] GC(51) y: Eden             137M (4%)          480M (16%)        309 / 183            0 / 0              0 / 0        
[2026-06-26T13:31:51.200-0300][45.689s][9664][15868][info][gc,reloc    ] GC(51) y: Survivor 1       209M (7%)           22M (1%)         116 / 6              0 / 0              0 / 0        
[2026-06-26T13:31:51.200-0300][45.689s][9664][15868][info][gc,reloc    ] GC(51) y: Survivor 2       191M (6%)           42M (1%)          77 / 3              1 / 0              4 / 0        
[2026-06-26T13:31:51.200-0300][45.689s][9664][15868][info][gc,reloc    ] GC(51) y: Survivor 3        22M (1%)            1M (0%)          12 / 0              0 / 0              0 / 0        
[2026-06-26T13:31:51.200-0300][45.689s][9664][15868][info][gc,heap     ] GC(51) y: Min Capacity: 8M(0%)
[2026-06-26T13:31:51.200-0300][45.689s][9664][15868][info][gc,heap     ] GC(51) y: Max Capacity: 3072M(100%)
[2026-06-26T13:31:51.200-0300][45.689s][9664][15868][info][gc,heap     ] GC(51) y: Soft Max Capacity: 3072M(100%)
[2026-06-26T13:31:51.200-0300][45.689s][9664][15868][info][gc,heap     ] GC(51) y: Heap Statistics:
[2026-06-26T13:31:51.200-0300][45.689s][9664][15868][info][gc,heap     ] GC(51) y:                Mark Start          Mark End        Relocate Start      Relocate End           High               Low         
[2026-06-26T13:31:51.200-0300][45.689s][9664][15868][info][gc,heap     ] GC(51) y:  Capacity:     3072M (100%)       3072M (100%)       3072M (100%)       3072M (100%)       3072M (100%)       3072M (100%)   
[2026-06-26T13:31:51.200-0300][45.689s][9664][15868][info][gc,heap     ] GC(51) y:      Free:      844M (27%)         770M (25%)         864M (28%)        1220M (40%)        1224M (40%)         770M (25%)    
[2026-06-26T13:31:51.200-0300][45.689s][9664][15868][info][gc,heap     ] GC(51) y:      Used:     2228M (73%)        2302M (75%)        2208M (72%)        1852M (60%)        2302M (75%)        1848M (60%)    
[2026-06-26T13:31:51.200-0300][45.689s][9664][15868][info][gc,heap     ] GC(51) y: Young Generation Statistics:
[2026-06-26T13:31:51.200-0300][45.689s][9664][15868][info][gc,heap     ] GC(51) y:                Mark Start          Mark End        Relocate Start      Relocate End    
[2026-06-26T13:31:51.200-0300][45.689s][9664][15868][info][gc,heap     ] GC(51) y:      Used:     1108M (36%)        1182M (38%)        1064M (35%)         708M (23%)    
[2026-06-26T13:31:51.200-0300][45.689s][9664][15868][info][gc,heap     ] GC(51) y:      Live:         -               561M (18%)         538M (18%)         538M (18%)    
[2026-06-26T13:31:51.200-0300][45.689s][9664][15868][info][gc,heap     ] GC(51) y:   Garbage:         -               546M (18%)         451M (15%)          48M (2%)     
[2026-06-26T13:31:51.200-0300][45.689s][9664][15868][info][gc,heap     ] GC(51) y: Allocated:         -                74M (2%)           74M (2%)          120M (4%)     
[2026-06-26T13:31:51.200-0300][45.689s][9664][15868][info][gc,heap     ] GC(51) y: Reclaimed:         -                  -                95M (3%)          498M (16%)    
[2026-06-26T13:31:51.200-0300][45.689s][9664][15868][info][gc,heap     ] GC(51) y:  Promoted:         -                  -                22M (1%)           22M (1%)     
[2026-06-26T13:31:51.200-0300][45.689s][9664][15868][info][gc,heap     ] GC(51) y: Compacted:         -                  -                  -               131M (4%)     
[2026-06-26T13:31:51.200-0300][45.689s][9664][15868][info][gc,phases   ] GC(51) y: Young Generation 2228M(73%)->1852M(60%) 0.576s
[2026-06-26T13:31:51.201-0300][45.689s][9664][15868][info][gc          ] GC(51) Minor Collection (Allocation Rate) 2228M(73%)->1852M(60%) 0.577s
[2026-06-26T13:31:55.173-0300][49.660s][9664][15868][info][gc          ] GC(52) Minor Collection (Allocation Rate)
[2026-06-26T13:31:55.173-0300][49.660s][9664][15868][info][gc,task     ] GC(52) Using 2 Workers for Young Generation
[2026-06-26T13:31:55.173-0300][49.660s][9664][15868][info][gc,phases   ] GC(52) y: Young Generation
[2026-06-26T13:31:55.173-0300][49.660s][9664][9396 ][info][gc,phases   ] GC(52) y: Pause Mark Start 0.009ms
[2026-06-26T13:31:55.565-0300][50.053s][9664][15868][info][gc,phases   ] GC(52) y: Concurrent Mark 392.459ms
[2026-06-26T13:31:55.565-0300][50.053s][9664][9396 ][info][gc,phases   ] GC(52) y: Pause Mark End 0.015ms
[2026-06-26T13:31:55.565-0300][50.053s][9664][15868][info][gc,phases   ] GC(52) y: Concurrent Mark Free 0.003ms
[2026-06-26T13:31:55.565-0300][50.053s][9664][15868][info][gc,phases   ] GC(52) y: Concurrent Reset Relocation Set 0.074ms
[2026-06-26T13:31:55.566-0300][50.053s][9664][15868][info][gc,reloc    ] GC(52) y: Using tenuring threshold: 1 (Computed)
[2026-06-26T13:31:55.730-0300][50.218s][9664][15868][info][gc,phases   ] GC(52) y: Concurrent Select Relocation Set 164.716ms
[2026-06-26T13:31:55.730-0300][50.218s][9664][9396 ][info][gc,phases   ] GC(52) y: Pause Relocate Start 0.011ms
[2026-06-26T13:31:55.941-0300][50.429s][9664][15868][info][gc,phases   ] GC(52) y: Concurrent Relocate 210.649ms
[2026-06-26T13:31:55.941-0300][50.429s][9664][15868][info][gc,alloc    ] GC(52) y:                         Mark Start        Mark End      Relocate Start    Relocate End   
[2026-06-26T13:31:55.941-0300][50.429s][9664][15868][info][gc,alloc    ] GC(52) y: Allocation Stalls:          0                0                0                0         
[2026-06-26T13:31:55.941-0300][50.429s][9664][15868][info][gc,load     ] GC(52) y: Load: 0.00 (0%) / 0.00 (0%) / 0.00 (0%)
[2026-06-26T13:31:55.941-0300][50.429s][9664][15868][info][gc,mmu      ] GC(52) y: MMU: 2ms/96.8%, 5ms/98.7%, 10ms/99.3%, 20ms/99.6%, 50ms/99.8%, 100ms/99.8%
[2026-06-26T13:31:55.941-0300][50.429s][9664][15868][info][gc,marking  ] GC(52) y: Mark: 2 stripe(s), 2 proactive flush(es), 1 terminate flush(es), 0 completion(s), 0 continuation(s) 
[2026-06-26T13:31:55.941-0300][50.429s][9664][15868][info][gc,nmethod  ] GC(52) y: NMethods: 11961 registered, 627 unregistered
[2026-06-26T13:31:55.941-0300][50.429s][9664][15868][info][gc,metaspace] GC(52) y: Metaspace: 66M used, 67M committed, 1088M reserved
[2026-06-26T13:31:55.941-0300][50.429s][9664][15868][info][gc,reloc    ] GC(52) y:                        Candidates     Selected     In-Place         Size        Empty    Relocated 
[2026-06-26T13:31:55.941-0300][50.429s][9664][15868][info][gc,reloc    ] GC(52) y: Small Pages:                  505           75            0        1010M         352M           5M 
[2026-06-26T13:31:55.941-0300][50.429s][9664][15868][info][gc,reloc    ] GC(52) y: Medium Pages:                   1            0            0          32M           0M           0M 
[2026-06-26T13:31:55.941-0300][50.429s][9664][15868][info][gc,reloc    ] GC(52) y: Large Pages:                    4            0            0          48M           0M           0M 
[2026-06-26T13:31:55.941-0300][50.429s][9664][15868][info][gc,reloc    ] GC(52) y: Forwarding Usage: 2M
[2026-06-26T13:31:55.941-0300][50.429s][9664][15868][info][gc,reloc    ] GC(52) y: Age Table:
[2026-06-26T13:31:55.941-0300][50.429s][9664][15868][info][gc,reloc    ] GC(52) y:                    Live             Garbage             Small              Medium             Large        
[2026-06-26T13:31:55.941-0300][50.429s][9664][15868][info][gc,reloc    ] GC(52) y: Eden               4M (0%)          483M (16%)        244 / 68             0 / 0              0 / 0        
[2026-06-26T13:31:55.941-0300][50.429s][9664][15868][info][gc,reloc    ] GC(52) y: Survivor 1       132M (4%)           11M (0%)          72 / 3              0 / 0              0 / 0        
[2026-06-26T13:31:55.941-0300][50.429s][9664][15868][info][gc,reloc    ] GC(52) y: Survivor 2       209M (7%)           14M (0%)         112 / 1              0 / 0              0 / 0        
[2026-06-26T13:31:55.941-0300][50.429s][9664][15868][info][gc,reloc    ] GC(52) y: Survivor 3       191M (6%)           42M (1%)          77 / 3              1 / 0              4 / 0        
[2026-06-26T13:31:55.941-0300][50.429s][9664][15868][info][gc,heap     ] GC(52) y: Min Capacity: 8M(0%)
[2026-06-26T13:31:55.941-0300][50.429s][9664][15868][info][gc,heap     ] GC(52) y: Max Capacity: 3072M(100%)
[2026-06-26T13:31:55.941-0300][50.429s][9664][15868][info][gc,heap     ] GC(52) y: Soft Max Capacity: 3072M(100%)
[2026-06-26T13:31:55.941-0300][50.429s][9664][15868][info][gc,heap     ] GC(52) y: Heap Statistics:
[2026-06-26T13:31:55.941-0300][50.429s][9664][15868][info][gc,heap     ] GC(52) y:                Mark Start          Mark End        Relocate Start      Relocate End           High               Low         
[2026-06-26T13:31:55.941-0300][50.429s][9664][15868][info][gc,heap     ] GC(52) y:  Capacity:     3072M (100%)       3072M (100%)       3072M (100%)       3072M (100%)       3072M (100%)       3072M (100%)   
[2026-06-26T13:31:55.941-0300][50.429s][9664][15868][info][gc,heap     ] GC(52) y:      Free:      838M (27%)         814M (26%)        1164M (38%)        1294M (42%)        1300M (42%)         814M (26%)    
[2026-06-26T13:31:55.941-0300][50.429s][9664][15868][info][gc,heap     ] GC(52) y:      Used:     2234M (73%)        2258M (74%)        1908M (62%)        1778M (58%)        2258M (74%)        1772M (58%)    
[2026-06-26T13:31:55.941-0300][50.429s][9664][15868][info][gc,heap     ] GC(52) y: Young Generation Statistics:
[2026-06-26T13:31:55.941-0300][50.429s][9664][15868][info][gc,heap     ] GC(52) y:                Mark Start          Mark End        Relocate Start      Relocate End    
[2026-06-26T13:31:55.941-0300][50.429s][9664][15868][info][gc,heap     ] GC(52) y:      Used:     1090M (35%)        1114M (36%)         184M (6%)           44M (1%)     
[2026-06-26T13:31:55.941-0300][50.429s][9664][15868][info][gc,heap     ] GC(52) y:      Live:         -               538M (18%)           6M (0%)            4M (0%)     
[2026-06-26T13:31:55.941-0300][50.429s][9664][15868][info][gc,heap     ] GC(52) y:   Garbage:         -               551M (18%)         151M (5%)            0M (0%)     
[2026-06-26T13:31:55.941-0300][50.429s][9664][15868][info][gc,heap     ] GC(52) y: Allocated:         -                24M (1%)           26M (1%)           39M (1%)     
[2026-06-26T13:31:55.941-0300][50.429s][9664][15868][info][gc,heap     ] GC(52) y: Reclaimed:         -                  -               400M (13%)         551M (18%)    
[2026-06-26T13:31:55.941-0300][50.429s][9664][15868][info][gc,heap     ] GC(52) y:  Promoted:         -                  -               531M (17%)         533M (17%)    
[2026-06-26T13:31:55.941-0300][50.429s][9664][15868][info][gc,heap     ] GC(52) y: Compacted:         -                  -                  -                 4M (0%)     
[2026-06-26T13:31:55.941-0300][50.429s][9664][15868][info][gc,phases   ] GC(52) y: Young Generation 2234M(73%)->1778M(58%) 0.768s
[2026-06-26T13:31:55.941-0300][50.429s][9664][15868][info][gc          ] GC(52) Minor Collection (Allocation Rate) 2234M(73%)->1778M(58%) 0.769s
[2026-06-26T13:32:00.281-0300][54.768s][9664][15316][info][gc          ] GC(53) Major Collection (Allocation Rate)
[2026-06-26T13:32:00.281-0300][54.768s][9664][15316][info][gc,task     ] GC(53) Using 2 Workers for Young Generation
[2026-06-26T13:32:00.281-0300][54.768s][9664][15316][info][gc,task     ] GC(53) Using 1 Workers for Old Generation
[2026-06-26T13:32:00.281-0300][54.768s][9664][15316][info][gc,phases   ] GC(53) Y: Young Generation
[2026-06-26T13:32:00.281-0300][54.768s][9664][9396 ][info][gc,phases   ] GC(53) Y: Pause Mark Start (Major) 0.014ms
[2026-06-26T13:32:00.353-0300][54.840s][9664][15316][info][gc,phases   ] GC(53) Y: Concurrent Mark 71.815ms
[2026-06-26T13:32:00.353-0300][54.840s][9664][9396 ][info][gc,phases   ] GC(53) Y: Pause Mark End 0.014ms
[2026-06-26T13:32:00.353-0300][54.840s][9664][15316][info][gc,phases   ] GC(53) Y: Concurrent Mark Free 0.003ms
[2026-06-26T13:32:00.354-0300][54.841s][9664][15316][info][gc,phases   ] GC(53) Y: Concurrent Reset Relocation Set 0.687ms
[2026-06-26T13:32:00.354-0300][54.841s][9664][15316][info][gc,reloc    ] GC(53) Y: Using tenuring threshold: 2 (Computed)
[2026-06-26T13:32:00.356-0300][54.844s][9664][15316][info][gc,phases   ] GC(53) Y: Concurrent Select Relocation Set 3.104ms
[2026-06-26T13:32:00.356-0300][54.844s][9664][9396 ][info][gc,phases   ] GC(53) Y: Pause Relocate Start 0.010ms
[2026-06-26T13:32:00.371-0300][54.859s][9664][15316][info][gc,phases   ] GC(53) Y: Concurrent Relocate 14.504ms
[2026-06-26T13:32:00.371-0300][54.859s][9664][15316][info][gc,alloc    ] GC(53) Y:                         Mark Start        Mark End      Relocate Start    Relocate End   
[2026-06-26T13:32:00.371-0300][54.859s][9664][15316][info][gc,alloc    ] GC(53) Y: Allocation Stalls:          0                0                0                0         
[2026-06-26T13:32:00.371-0300][54.859s][9664][15316][info][gc,load     ] GC(53) Y: Load: 0.00 (0%) / 0.00 (0%) / 0.00 (0%)
[2026-06-26T13:32:00.371-0300][54.859s][9664][15316][info][gc,mmu      ] GC(53) Y: MMU: 2ms/96.8%, 5ms/98.7%, 10ms/99.3%, 20ms/99.6%, 50ms/99.8%, 100ms/99.8%
[2026-06-26T13:32:00.371-0300][54.859s][9664][15316][info][gc,marking  ] GC(53) Y: Mark: 2 stripe(s), 10 proactive flush(es), 1 terminate flush(es), 0 completion(s), 0 continuation(s) 
[2026-06-26T13:32:00.371-0300][54.859s][9664][15316][info][gc,nmethod  ] GC(53) Y: NMethods: 14829 registered, 627 unregistered
[2026-06-26T13:32:00.371-0300][54.859s][9664][15316][info][gc,metaspace] GC(53) Y: Metaspace: 71M used, 72M committed, 1152M reserved
[2026-06-26T13:32:00.371-0300][54.859s][9664][15316][info][gc,reloc    ] GC(53) Y:                        Candidates     Selected     In-Place         Size        Empty    Relocated 
[2026-06-26T13:32:00.371-0300][54.859s][9664][15316][info][gc,reloc    ] GC(53) Y: Small Pages:                  118           73            0         236M          28M          16M 
[2026-06-26T13:32:00.371-0300][54.859s][9664][15316][info][gc,reloc    ] GC(53) Y: Medium Pages:                   1            0            0          32M           0M           0M 
[2026-06-26T13:32:00.371-0300][54.859s][9664][15316][info][gc,reloc    ] GC(53) Y: Large Pages:                    0            0            0           0M           0M           0M 
[2026-06-26T13:32:00.371-0300][54.859s][9664][15316][info][gc,reloc    ] GC(53) Y: Forwarding Usage: 9M
[2026-06-26T13:32:00.371-0300][54.859s][9664][15316][info][gc,reloc    ] GC(53) Y: Age Table:
[2026-06-26T13:32:00.371-0300][54.859s][9664][15316][info][gc,reloc    ] GC(53) Y:                    Live             Garbage             Small              Medium             Large        
[2026-06-26T13:32:00.371-0300][54.859s][9664][15316][info][gc,reloc    ] GC(53) Y: Eden              55M (2%)          200M (7%)         112 / 70             1 / 0              0 / 0        
[2026-06-26T13:32:00.371-0300][54.859s][9664][15316][info][gc,reloc    ] GC(53) Y: Survivor 1         4M (0%)            7M (0%)           6 / 3              0 / 0              0 / 0        
[2026-06-26T13:32:00.371-0300][54.859s][9664][15316][info][gc,heap     ] GC(53) Y: Min Capacity: 8M(0%)
[2026-06-26T13:32:00.371-0300][54.859s][9664][15316][info][gc,heap     ] GC(53) Y: Max Capacity: 3072M(100%)
[2026-06-26T13:32:00.371-0300][54.859s][9664][15316][info][gc,heap     ] GC(53) Y: Soft Max Capacity: 3072M(100%)
[2026-06-26T13:32:00.371-0300][54.859s][9664][15316][info][gc,heap     ] GC(53) Y: Heap Statistics:
[2026-06-26T13:32:00.371-0300][54.859s][9664][15316][info][gc,heap     ] GC(53) Y:                Mark Start          Mark End        Relocate Start      Relocate End           High               Low         
[2026-06-26T13:32:00.371-0300][54.859s][9664][15316][info][gc,heap     ] GC(53) Y:  Capacity:     3072M (100%)       3072M (100%)       3072M (100%)       3072M (100%)       3072M (100%)       3072M (100%)   
[2026-06-26T13:32:00.371-0300][54.859s][9664][15316][info][gc,heap     ] GC(53) Y:      Free:     1070M (35%)        1048M (34%)        1076M (35%)        1204M (39%)        1204M (39%)        1048M (34%)    
[2026-06-26T13:32:00.371-0300][54.859s][9664][15316][info][gc,heap     ] GC(53) Y:      Used:     2002M (65%)        2024M (66%)        1996M (65%)        1868M (61%)        2024M (66%)        1868M (61%)    
[2026-06-26T13:32:00.371-0300][54.859s][9664][15316][info][gc,heap     ] GC(53) Y: Young Generation Statistics:
[2026-06-26T13:32:00.371-0300][54.859s][9664][15316][info][gc,heap     ] GC(53) Y:                Mark Start          Mark End        Relocate Start      Relocate End    
[2026-06-26T13:32:00.371-0300][54.859s][9664][15316][info][gc,heap     ] GC(53) Y:      Used:      268M (9%)          290M (9%)          262M (9%)          134M (4%)     
[2026-06-26T13:32:00.371-0300][54.859s][9664][15316][info][gc,heap     ] GC(53) Y:      Live:         -                60M (2%)           60M (2%)           60M (2%)     
[2026-06-26T13:32:00.371-0300][54.859s][9664][15316][info][gc,heap     ] GC(53) Y:   Garbage:         -               207M (7%)          179M (6%)           29M (1%)     
[2026-06-26T13:32:00.371-0300][54.859s][9664][15316][info][gc,heap     ] GC(53) Y: Allocated:         -                22M (1%)           22M (1%)           44M (1%)     
[2026-06-26T13:32:00.371-0300][54.859s][9664][15316][info][gc,heap     ] GC(53) Y: Reclaimed:         -                  -                28M (1%)          178M (6%)     
[2026-06-26T13:32:00.371-0300][54.859s][9664][15316][info][gc,heap     ] GC(53) Y:  Promoted:         -                  -                 0M (0%)            0M (0%)     
[2026-06-26T13:32:00.371-0300][54.859s][9664][15316][info][gc,heap     ] GC(53) Y: Compacted:         -                  -                  -                25M (1%)     
[2026-06-26T13:32:00.371-0300][54.859s][9664][15316][info][gc,phases   ] GC(53) Y: Young Generation 2002M(65%)->1868M(61%) 0.091s
[2026-06-26T13:32:00.371-0300][54.859s][9664][15316][info][gc,phases   ] GC(53) O: Old Generation
[2026-06-26T13:32:00.698-0300][55.186s][9664][15868][info][gc          ] GC(54) Minor Collection (Allocation Rate)
[2026-06-26T13:32:00.698-0300][55.186s][9664][15868][info][gc,task     ] GC(54) Using 2 Workers for Young Generation
[2026-06-26T13:32:00.698-0300][55.186s][9664][15868][info][gc,phases   ] GC(54) y: Young Generation
[2026-06-26T13:32:00.698-0300][55.186s][9664][9396 ][info][gc,phases   ] GC(54) y: Pause Mark Start 0.011ms
[2026-06-26T13:32:00.780-0300][55.268s][9664][15868][info][gc,phases   ] GC(54) y: Concurrent Mark 81.603ms
[2026-06-26T13:32:00.780-0300][55.268s][9664][9396 ][info][gc,phases   ] GC(54) y: Pause Mark End 0.015ms
[2026-06-26T13:32:00.780-0300][55.268s][9664][15868][info][gc,phases   ] GC(54) y: Concurrent Mark Free 0.003ms
[2026-06-26T13:32:00.780-0300][55.268s][9664][15868][info][gc,phases   ] GC(54) y: Concurrent Reset Relocation Set 0.011ms
[2026-06-26T13:32:00.781-0300][55.268s][9664][15868][info][gc,reloc    ] GC(54) y: Using tenuring threshold: 1 (Computed)
[2026-06-26T13:32:00.800-0300][55.288s][9664][15868][info][gc,phases   ] GC(54) y: Concurrent Select Relocation Set 19.725ms
[2026-06-26T13:32:00.800-0300][55.288s][9664][9396 ][info][gc,phases   ] GC(54) y: Pause Relocate Start 0.017ms
[2026-06-26T13:32:00.837-0300][55.325s][9664][15868][info][gc,phases   ] GC(54) y: Concurrent Relocate 36.805ms
[2026-06-26T13:32:00.837-0300][55.325s][9664][15868][info][gc,alloc    ] GC(54) y:                         Mark Start        Mark End      Relocate Start    Relocate End   
[2026-06-26T13:32:00.837-0300][55.325s][9664][15868][info][gc,alloc    ] GC(54) y: Allocation Stalls:          0                0                0                0         
[2026-06-26T13:32:00.837-0300][55.325s][9664][15868][info][gc,load     ] GC(54) y: Load: 0.00 (0%) / 0.00 (0%) / 0.00 (0%)
[2026-06-26T13:32:00.837-0300][55.325s][9664][15868][info][gc,mmu      ] GC(54) y: MMU: 2ms/96.8%, 5ms/98.7%, 10ms/99.3%, 20ms/99.6%, 50ms/99.8%, 100ms/99.8%
[2026-06-26T13:32:00.837-0300][55.325s][9664][15868][info][gc,marking  ] GC(54) y: Mark: 2 stripe(s), 2 proactive flush(es), 1 terminate flush(es), 0 completion(s), 0 continuation(s) 
[2026-06-26T13:32:00.837-0300][55.325s][9664][15868][info][gc,nmethod  ] GC(54) y: NMethods: 15691 registered, 627 unregistered
[2026-06-26T13:32:00.838-0300][55.325s][9664][15868][info][gc,metaspace] GC(54) y: Metaspace: 72M used, 73M committed, 1152M reserved
[2026-06-26T13:32:00.838-0300][55.325s][9664][15868][info][gc,reloc    ] GC(54) y:                        Candidates     Selected     In-Place         Size        Empty    Relocated 
[2026-06-26T13:32:00.838-0300][55.325s][9664][15868][info][gc,reloc    ] GC(54) y: Small Pages:                   61           29            0         122M           4M           3M 
[2026-06-26T13:32:00.838-0300][55.325s][9664][15868][info][gc,reloc    ] GC(54) y: Medium Pages:                   1            0            0          32M           0M           0M 
[2026-06-26T13:32:00.838-0300][55.325s][9664][15868][info][gc,reloc    ] GC(54) y: Large Pages:                    0            0            0           0M           0M           0M 
[2026-06-26T13:32:00.838-0300][55.325s][9664][15868][info][gc,reloc    ] GC(54) y: Forwarding Usage: 2M
[2026-06-26T13:32:00.838-0300][55.325s][9664][15868][info][gc,reloc    ] GC(54) y: Age Table:
[2026-06-26T13:32:00.838-0300][55.325s][9664][15868][info][gc,reloc    ] GC(54) y:                    Live             Garbage             Small              Medium             Large        
[2026-06-26T13:32:00.838-0300][55.325s][9664][15868][info][gc,reloc    ] GC(54) y: Eden               2M (0%)           39M (1%)          21 / 20             0 / 0              0 / 0        
[2026-06-26T13:32:00.838-0300][55.325s][9664][15868][info][gc,reloc    ] GC(54) y: Survivor 1        55M (2%)           48M (2%)          36 / 7              1 / 0              0 / 0        
[2026-06-26T13:32:00.838-0300][55.325s][9664][15868][info][gc,reloc    ] GC(54) y: Survivor 2         4M (0%)            3M (0%)           4 / 2              0 / 0              0 / 0        
[2026-06-26T13:32:00.838-0300][55.325s][9664][15868][info][gc,heap     ] GC(54) y: Min Capacity: 8M(0%)
[2026-06-26T13:32:00.838-0300][55.325s][9664][15868][info][gc,heap     ] GC(54) y: Max Capacity: 3072M(100%)
[2026-06-26T13:32:00.838-0300][55.325s][9664][15868][info][gc,heap     ] GC(54) y: Soft Max Capacity: 3072M(100%)
[2026-06-26T13:32:00.838-0300][55.325s][9664][15868][info][gc,heap     ] GC(54) y: Heap Statistics:
[2026-06-26T13:32:00.838-0300][55.326s][9664][15868][info][gc,heap     ] GC(54) y:                Mark Start          Mark End        Relocate Start      Relocate End           High               Low         
[2026-06-26T13:32:00.838-0300][55.326s][9664][15868][info][gc,heap     ] GC(54) y:  Capacity:     3072M (100%)       3072M (100%)       3072M (100%)       3072M (100%)       3072M (100%)       3072M (100%)   
[2026-06-26T13:32:00.838-0300][55.326s][9664][15868][info][gc,heap     ] GC(54) y:      Free:     1184M (39%)        1166M (38%)        1168M (38%)        1218M (40%)        1218M (40%)        1160M (38%)    
[2026-06-26T13:32:00.838-0300][55.326s][9664][15868][info][gc,heap     ] GC(54) y:      Used:     1888M (61%)        1906M (62%)        1904M (62%)        1854M (60%)        1912M (62%)        1854M (60%)    
[2026-06-26T13:32:00.838-0300][55.326s][9664][15868][info][gc,heap     ] GC(54) y: Young Generation Statistics:
[2026-06-26T13:32:00.838-0300][55.326s][9664][15868][info][gc,heap     ] GC(54) y:                Mark Start          Mark End        Relocate Start      Relocate End    
[2026-06-26T13:32:00.838-0300][55.326s][9664][15868][info][gc,heap     ] GC(54) y:      Used:      154M (5%)          172M (6%)           86M (3%)           28M (1%)     
[2026-06-26T13:32:00.838-0300][55.326s][9664][15868][info][gc,heap     ] GC(54) y:      Live:         -                62M (2%)            6M (0%)            2M (0%)     
[2026-06-26T13:32:00.838-0300][55.326s][9664][15868][info][gc,heap     ] GC(54) y:   Garbage:         -                91M (3%)           59M (2%)            0M (0%)     
[2026-06-26T13:32:00.838-0300][55.326s][9664][15868][info][gc,heap     ] GC(54) y: Allocated:         -                18M (1%)           20M (1%)           25M (1%)     
[2026-06-26T13:32:00.838-0300][55.326s][9664][15868][info][gc,heap     ] GC(54) y: Reclaimed:         -                  -                32M (1%)           91M (3%)     
[2026-06-26T13:32:00.838-0300][55.326s][9664][15868][info][gc,heap     ] GC(54) y:  Promoted:         -                  -                55M (2%)           60M (2%)     
[2026-06-26T13:32:00.838-0300][55.326s][9664][15868][info][gc,heap     ] GC(54) y: Compacted:         -                  -                  -                 2M (0%)     
[2026-06-26T13:32:00.838-0300][55.326s][9664][15868][info][gc,phases   ] GC(54) y: Young Generation 1888M(61%)->1854M(60%) 0.139s
[2026-06-26T13:32:00.838-0300][55.326s][9664][15868][info][gc          ] GC(54) Minor Collection (Allocation Rate) 1888M(61%)->1854M(60%) 0.139s
[2026-06-26T13:32:03.343-0300][57.831s][9664][15316][info][gc,phases   ] GC(53) O: Concurrent Mark 2971.731ms
[2026-06-26T13:32:03.343-0300][57.831s][9664][9396 ][info][gc,phases   ] GC(53) O: Pause Mark End 0.013ms
[2026-06-26T13:32:03.343-0300][57.831s][9664][15316][info][gc,phases   ] GC(53) O: Concurrent Mark Free 0.003ms
[2026-06-26T13:32:03.393-0300][57.880s][9664][15316][info][gc,phases   ] GC(53) O: Concurrent Process Non-Strong 49.148ms
[2026-06-26T13:32:03.393-0300][57.880s][9664][15316][info][gc,phases   ] GC(53) O: Concurrent Reset Relocation Set 0.006ms
[2026-06-26T13:32:03.395-0300][57.882s][9664][15316][info][gc,phases   ] GC(53) O: Concurrent Select Relocation Set 2.024ms
[2026-06-26T13:32:03.395-0300][57.883s][9664][15316][info][gc,task     ] GC(53) O: Using 3 Workers for Old Generation
[2026-06-26T13:32:03.406-0300][57.894s][9664][15316][info][gc,task     ] GC(53) O: Using 1 Workers for Old Generation
[2026-06-26T13:32:03.406-0300][57.894s][9664][15316][info][gc,phases   ] GC(53) O: Concurrent Remap Roots 11.673ms
[2026-06-26T13:32:03.406-0300][57.894s][9664][9396 ][info][gc,phases   ] GC(53) O: Pause Relocate Start 0.012ms
[2026-06-26T13:32:03.443-0300][57.930s][9664][15316][info][gc,phases   ] GC(53) O: Concurrent Relocate 35.753ms
[2026-06-26T13:32:03.443-0300][57.930s][9664][15316][info][gc,alloc    ] GC(53) O:                         Mark Start        Mark End      Relocate Start    Relocate End   
[2026-06-26T13:32:03.443-0300][57.930s][9664][15316][info][gc,alloc    ] GC(53) O: Allocation Stalls:          0                0                0                0         
[2026-06-26T13:32:03.443-0300][57.930s][9664][15316][info][gc,load     ] GC(53) O: Load: 0.00 (0%) / 0.00 (0%) / 0.00 (0%)
[2026-06-26T13:32:03.443-0300][57.930s][9664][15316][info][gc,mmu      ] GC(53) O: MMU: 2ms/96.8%, 5ms/98.7%, 10ms/99.3%, 20ms/99.6%, 50ms/99.8%, 100ms/99.8%
[2026-06-26T13:32:03.443-0300][57.930s][9664][15316][info][gc,marking  ] GC(53) O: Mark: 1 stripe(s), 2 proactive flush(es), 1 terminate flush(es), 0 completion(s), 0 continuation(s) 
[2026-06-26T13:32:03.443-0300][57.930s][9664][15316][info][gc,nmethod  ] GC(53) O: NMethods: 16437 registered, 2664 unregistered
[2026-06-26T13:32:03.443-0300][57.930s][9664][15316][info][gc,metaspace] GC(53) O: Metaspace: 74M used, 76M committed, 1152M reserved
[2026-06-26T13:32:03.443-0300][57.930s][9664][15316][info][gc,ref      ] GC(53) O:                       Encountered   Discovered     Enqueued 
[2026-06-26T13:32:03.443-0300][57.930s][9664][15316][info][gc,ref      ] GC(53) O: Soft References:             5852            0            0 
[2026-06-26T13:32:03.443-0300][57.930s][9664][15316][info][gc,ref      ] GC(53) O: Weak References:             6990         3641          189 
[2026-06-26T13:32:03.443-0300][57.930s][9664][15316][info][gc,ref      ] GC(53) O: Final References:              19           14            0 
[2026-06-26T13:32:03.443-0300][57.930s][9664][15316][info][gc,ref      ] GC(53) O: Phantom References:        212974       208805       202311 
[2026-06-26T13:32:03.443-0300][57.930s][9664][15316][info][gc,reloc    ] GC(53) O:                        Candidates     Selected     In-Place         Size        Empty    Relocated 
[2026-06-26T13:32:03.443-0300][57.930s][9664][15316][info][gc,reloc    ] GC(53) O: Small Pages:                  789           12            0        1578M           2M           5M 
[2026-06-26T13:32:03.443-0300][57.930s][9664][15316][info][gc,reloc    ] GC(53) O: Medium Pages:                   3            1            0          96M           0M           6M 
[2026-06-26T13:32:03.443-0300][57.930s][9664][15316][info][gc,reloc    ] GC(53) O: Large Pages:                    5            0            0          60M           0M           0M 
[2026-06-26T13:32:03.443-0300][57.930s][9664][15316][info][gc,reloc    ] GC(53) O: Forwarding Usage: 10M
[2026-06-26T13:32:03.443-0300][57.930s][9664][15316][info][gc,heap     ] GC(53) O: Min Capacity: 8M(0%)
[2026-06-26T13:32:03.443-0300][57.930s][9664][15316][info][gc,heap     ] GC(53) O: Max Capacity: 3072M(100%)
[2026-06-26T13:32:03.443-0300][57.930s][9664][15316][info][gc,heap     ] GC(53) O: Soft Max Capacity: 3072M(100%)
[2026-06-26T13:32:03.443-0300][57.930s][9664][15316][info][gc,heap     ] GC(53) O: Heap Statistics:
[2026-06-26T13:32:03.443-0300][57.931s][9664][15316][info][gc,heap     ] GC(53) O:                Mark Start          Mark End        Relocate Start      Relocate End           High               Low         
[2026-06-26T13:32:03.443-0300][57.931s][9664][15316][info][gc,heap     ] GC(53) O:  Capacity:     3072M (100%)       3072M (100%)       3072M (100%)       3072M (100%)       3072M (100%)       3072M (100%)   
[2026-06-26T13:32:03.443-0300][57.931s][9664][15316][info][gc,heap     ] GC(53) O:      Free:     1070M (35%)        1132M (37%)        1134M (37%)        1188M (39%)        1218M (40%)        1048M (34%)    
[2026-06-26T13:32:03.443-0300][57.931s][9664][15316][info][gc,heap     ] GC(53) O:      Used:     2002M (65%)        1940M (63%)        1938M (63%)        1884M (61%)        2024M (66%)        1854M (60%)    
[2026-06-26T13:32:03.443-0300][57.931s][9664][15316][info][gc,heap     ] GC(53) O: Old Generation Statistics:
[2026-06-26T13:32:03.443-0300][57.931s][9664][15316][info][gc,heap     ] GC(53) O:                Mark Start          Mark End        Relocate Start      Relocate End    
[2026-06-26T13:32:03.443-0300][57.931s][9664][15316][info][gc,heap     ] GC(53) O:      Used:     1734M (56%)        1826M (59%)        1824M (59%)        1770M (58%)    
[2026-06-26T13:32:03.443-0300][57.931s][9664][15316][info][gc,heap     ] GC(53) O:      Live:         -              1569M (51%)        1569M (51%)        1569M (51%)    
[2026-06-26T13:32:03.443-0300][57.931s][9664][15316][info][gc,heap     ] GC(53) O:   Garbage:         -               164M (5%)          162M (5%)           83M (3%)     
[2026-06-26T13:32:03.443-0300][57.931s][9664][15316][info][gc,heap     ] GC(53) O: Allocated:         -                92M (3%)           92M (3%)          116M (4%)     
[2026-06-26T13:32:03.443-0300][57.931s][9664][15316][info][gc,heap     ] GC(53) O: Reclaimed:         -                  -                 2M (0%)           80M (3%)     
[2026-06-26T13:32:03.443-0300][57.931s][9664][15316][info][gc,heap     ] GC(53) O: Compacted:         -                  -                  -                33M (1%)     
[2026-06-26T13:32:03.443-0300][57.931s][9664][15316][info][gc,phases   ] GC(53) O: Old Generation 1868M(61%)->1884M(61%) 3.071s
[2026-06-26T13:32:03.443-0300][57.931s][9664][15316][info][gc          ] GC(53) Major Collection (Allocation Rate) 2002M(65%)->1884M(61%) 3.163s
[2026-06-26T13:32:22.417-0300][76.905s][9664][15868][info][gc          ] GC(55) Minor Collection (Allocation Rate)
[2026-06-26T13:32:22.417-0300][76.905s][9664][15868][info][gc,task     ] GC(55) Using 2 Workers for Young Generation
[2026-06-26T13:32:22.417-0300][76.905s][9664][15868][info][gc,phases   ] GC(55) y: Young Generation
[2026-06-26T13:32:22.417-0300][76.905s][9664][9396 ][info][gc,phases   ] GC(55) y: Pause Mark Start 0.011ms
[2026-06-26T13:32:22.495-0300][76.983s][9664][15868][info][gc,phases   ] GC(55) y: Concurrent Mark 77.549ms
[2026-06-26T13:32:22.495-0300][76.983s][9664][9396 ][info][gc,phases   ] GC(55) y: Pause Mark End 0.012ms
[2026-06-26T13:32:22.495-0300][76.983s][9664][15868][info][gc,phases   ] GC(55) y: Concurrent Mark Free 0.002ms
[2026-06-26T13:32:22.496-0300][76.983s][9664][15868][info][gc,phases   ] GC(55) y: Concurrent Reset Relocation Set 0.546ms
[2026-06-26T13:32:22.496-0300][76.983s][9664][15868][info][gc,reloc    ] GC(55) y: Using tenuring threshold: 2 (Computed)
[2026-06-26T13:32:22.499-0300][76.986s][9664][15868][info][gc,phases   ] GC(55) y: Concurrent Select Relocation Set 2.964ms
[2026-06-26T13:32:22.499-0300][76.986s][9664][9396 ][info][gc,phases   ] GC(55) y: Pause Relocate Start 0.008ms
[2026-06-26T13:32:22.525-0300][77.013s][9664][15868][info][gc,phases   ] GC(55) y: Concurrent Relocate 26.715ms
[2026-06-26T13:32:22.525-0300][77.013s][9664][15868][info][gc,alloc    ] GC(55) y:                         Mark Start        Mark End      Relocate Start    Relocate End   
[2026-06-26T13:32:22.525-0300][77.013s][9664][15868][info][gc,alloc    ] GC(55) y: Allocation Stalls:          0                0                0                0         
[2026-06-26T13:32:22.525-0300][77.013s][9664][15868][info][gc,load     ] GC(55) y: Load: 0.00 (0%) / 0.00 (0%) / 0.00 (0%)
[2026-06-26T13:32:22.525-0300][77.013s][9664][15868][info][gc,mmu      ] GC(55) y: MMU: 2ms/96.8%, 5ms/98.7%, 10ms/99.3%, 20ms/99.6%, 50ms/99.8%, 100ms/99.8%
[2026-06-26T13:32:22.525-0300][77.013s][9664][15868][info][gc,marking  ] GC(55) y: Mark: 2 stripe(s), 8 proactive flush(es), 1 terminate flush(es), 0 completion(s), 0 continuation(s) 
[2026-06-26T13:32:22.525-0300][77.013s][9664][15868][info][gc,nmethod  ] GC(55) y: NMethods: 19782 registered, 2664 unregistered
[2026-06-26T13:32:22.525-0300][77.013s][9664][15868][info][gc,metaspace] GC(55) y: Metaspace: 76M used, 77M committed, 1152M reserved
[2026-06-26T13:32:22.525-0300][77.013s][9664][15868][info][gc,reloc    ] GC(55) y:                        Candidates     Selected     In-Place         Size        Empty    Relocated 
[2026-06-26T13:32:22.525-0300][77.013s][9664][15868][info][gc,reloc    ] GC(55) y: Small Pages:                  249          196            0         498M          50M          21M 
[2026-06-26T13:32:22.526-0300][77.013s][9664][15868][info][gc,reloc    ] GC(55) y: Medium Pages:                   0            0            0           0M           0M           0M 
[2026-06-26T13:32:22.526-0300][77.013s][9664][15868][info][gc,reloc    ] GC(55) y: Large Pages:                    0            0            0           0M           0M           0M 
[2026-06-26T13:32:22.526-0300][77.013s][9664][15868][info][gc,reloc    ] GC(55) y: Forwarding Usage: 15M
[2026-06-26T13:32:22.526-0300][77.013s][9664][15868][info][gc,reloc    ] GC(55) y: Age Table:
[2026-06-26T13:32:22.526-0300][77.013s][9664][15868][info][gc,reloc    ] GC(55) y:                    Live             Garbage             Small              Medium             Large        
[2026-06-26T13:32:22.526-0300][77.013s][9664][15868][info][gc,reloc    ] GC(55) y: Eden              44M (1%)          447M (15%)        246 / 194            0 / 0              0 / 0        
[2026-06-26T13:32:22.526-0300][77.013s][9664][15868][info][gc,reloc    ] GC(55) y: Survivor 1         2M (0%)            3M (0%)           3 / 2              0 / 0              0 / 0        
[2026-06-26T13:32:22.526-0300][77.013s][9664][15868][info][gc,heap     ] GC(55) y: Min Capacity: 8M(0%)
[2026-06-26T13:32:22.526-0300][77.013s][9664][15868][info][gc,heap     ] GC(55) y: Max Capacity: 3072M(100%)
[2026-06-26T13:32:22.526-0300][77.013s][9664][15868][info][gc,heap     ] GC(55) y: Soft Max Capacity: 3072M(100%)
[2026-06-26T13:32:22.526-0300][77.013s][9664][15868][info][gc,heap     ] GC(55) y: Heap Statistics:
[2026-06-26T13:32:22.526-0300][77.013s][9664][15868][info][gc,heap     ] GC(55) y:                Mark Start          Mark End        Relocate Start      Relocate End           High               Low         
[2026-06-26T13:32:22.526-0300][77.013s][9664][15868][info][gc,heap     ] GC(55) y:  Capacity:     3072M (100%)       3072M (100%)       3072M (100%)       3072M (100%)       3072M (100%)       3072M (100%)   
[2026-06-26T13:32:22.526-0300][77.013s][9664][15868][info][gc,heap     ] GC(55) y:      Free:      804M (26%)         788M (26%)         838M (27%)        1210M (39%)        1210M (39%)         788M (26%)    
[2026-06-26T13:32:22.526-0300][77.013s][9664][15868][info][gc,heap     ] GC(55) y:      Used:     2268M (74%)        2284M (74%)        2234M (73%)        1862M (61%)        2284M (74%)        1862M (61%)    
[2026-06-26T13:32:22.526-0300][77.013s][9664][15868][info][gc,heap     ] GC(55) y: Young Generation Statistics:
[2026-06-26T13:32:22.526-0300][77.013s][9664][15868][info][gc,heap     ] GC(55) y:                Mark Start          Mark End        Relocate Start      Relocate End    
[2026-06-26T13:32:22.526-0300][77.013s][9664][15868][info][gc,heap     ] GC(55) y:      Used:      498M (16%)         514M (17%)         464M (15%)          92M (3%)     
[2026-06-26T13:32:22.526-0300][77.013s][9664][15868][info][gc,heap     ] GC(55) y:      Live:         -                46M (2%)           46M (2%)           46M (2%)     
[2026-06-26T13:32:22.526-0300][77.013s][9664][15868][info][gc,heap     ] GC(55) y:   Garbage:         -               451M (15%)         401M (13%)           3M (0%)     
[2026-06-26T13:32:22.526-0300][77.013s][9664][15868][info][gc,heap     ] GC(55) y: Allocated:         -                16M (1%)           16M (1%)           41M (1%)     
[2026-06-26T13:32:22.526-0300][77.014s][9664][15868][info][gc,heap     ] GC(55) y: Reclaimed:         -                  -                50M (2%)          447M (15%)    
[2026-06-26T13:32:22.526-0300][77.014s][9664][15868][info][gc,heap     ] GC(55) y:  Promoted:         -                  -                 0M (0%)            0M (0%)     
[2026-06-26T13:32:22.526-0300][77.014s][9664][15868][info][gc,heap     ] GC(55) y: Compacted:         -                  -                  -                36M (1%)     
[2026-06-26T13:32:22.526-0300][77.014s][9664][15868][info][gc,phases   ] GC(55) y: Young Generation 2268M(74%)->1862M(61%) 0.108s
[2026-06-26T13:32:22.526-0300][77.014s][9664][15868][info][gc          ] GC(55) Minor Collection (Allocation Rate) 2268M(74%)->1862M(61%) 0.109s
[2026-06-26T13:32:33.074-0300][87.561s][9664][15868][info][gc          ] GC(56) Minor Collection (Allocation Rate)
[2026-06-26T13:32:33.074-0300][87.561s][9664][15868][info][gc,task     ] GC(56) Using 1 Workers for Young Generation
[2026-06-26T13:32:33.074-0300][87.561s][9664][15868][info][gc,phases   ] GC(56) y: Young Generation
[2026-06-26T13:32:33.074-0300][87.561s][9664][9396 ][info][gc,phases   ] GC(56) y: Pause Mark Start 0.013ms
[2026-06-26T13:32:33.211-0300][87.700s][9664][15868][info][gc,phases   ] GC(56) y: Concurrent Mark 138.404ms
[2026-06-26T13:32:33.211-0300][87.700s][9664][9396 ][info][gc,phases   ] GC(56) y: Pause Mark End 0.013ms
[2026-06-26T13:32:33.211-0300][87.700s][9664][15868][info][gc,phases   ] GC(56) y: Concurrent Mark Free 0.001ms
[2026-06-26T13:32:33.211-0300][87.700s][9664][15868][info][gc,phases   ] GC(56) y: Concurrent Reset Relocation Set 0.012ms
[2026-06-26T13:32:33.211-0300][87.700s][9664][15868][info][gc,reloc    ] GC(56) y: Using tenuring threshold: 1 (Computed)
[2026-06-26T13:32:33.233-0300][87.721s][9664][15868][info][gc,phases   ] GC(56) y: Concurrent Select Relocation Set 21.641ms
[2026-06-26T13:32:33.234-0300][87.722s][9664][9396 ][info][gc,phases   ] GC(56) y: Pause Relocate Start 0.010ms
[2026-06-26T13:32:33.275-0300][87.763s][9664][15868][info][gc,phases   ] GC(56) y: Concurrent Relocate 40.855ms
[2026-06-26T13:32:33.275-0300][87.763s][9664][15868][info][gc,alloc    ] GC(56) y:                         Mark Start        Mark End      Relocate Start    Relocate End   
[2026-06-26T13:32:33.275-0300][87.763s][9664][15868][info][gc,alloc    ] GC(56) y: Allocation Stalls:          0                0                0                0         
[2026-06-26T13:32:33.275-0300][87.763s][9664][15868][info][gc,load     ] GC(56) y: Load: 0.00 (0%) / 0.00 (0%) / 0.00 (0%)
[2026-06-26T13:32:33.275-0300][87.763s][9664][15868][info][gc,mmu      ] GC(56) y: MMU: 2ms/96.8%, 5ms/98.7%, 10ms/99.3%, 20ms/99.6%, 50ms/99.8%, 100ms/99.8%
[2026-06-26T13:32:33.275-0300][87.763s][9664][15868][info][gc,marking  ] GC(56) y: Mark: 1 stripe(s), 2 proactive flush(es), 1 terminate flush(es), 0 completion(s), 0 continuation(s) 
[2026-06-26T13:32:33.275-0300][87.763s][9664][15868][info][gc,nmethod  ] GC(56) y: NMethods: 20831 registered, 0 unregistered
[2026-06-26T13:32:33.275-0300][87.763s][9664][15868][info][gc,metaspace] GC(56) y: Metaspace: 76M used, 78M committed, 1152M reserved
[2026-06-26T13:32:33.275-0300][87.763s][9664][15868][info][gc,reloc    ] GC(56) y:                        Candidates     Selected     In-Place         Size        Empty    Relocated 
[2026-06-26T13:32:33.275-0300][87.763s][9664][15868][info][gc,reloc    ] GC(56) y: Small Pages:                  159          131            0         318M           4M           5M 
[2026-06-26T13:32:33.275-0300][87.763s][9664][15868][info][gc,reloc    ] GC(56) y: Medium Pages:                   0            0            0           0M           0M           0M 
[2026-06-26T13:32:33.275-0300][87.763s][9664][15868][info][gc,reloc    ] GC(56) y: Large Pages:                    0            0            0           0M           0M           0M 
[2026-06-26T13:32:33.275-0300][87.763s][9664][15868][info][gc,reloc    ] GC(56) y: Forwarding Usage: 2M
[2026-06-26T13:32:33.275-0300][87.763s][9664][15868][info][gc,reloc    ] GC(56) y: Age Table:
[2026-06-26T13:32:33.275-0300][87.763s][9664][15868][info][gc,reloc    ] GC(56) y:                    Live             Garbage             Small              Medium             Large        
[2026-06-26T13:32:33.275-0300][87.763s][9664][15868][info][gc,reloc    ] GC(56) y: Eden               3M (0%)          240M (8%)         122 / 120            0 / 0              0 / 0        
[2026-06-26T13:32:33.275-0300][87.763s][9664][15868][info][gc,reloc    ] GC(56) y: Survivor 1        43M (1%)           20M (1%)          32 / 9              0 / 0              0 / 0        
[2026-06-26T13:32:33.275-0300][87.763s][9664][15868][info][gc,reloc    ] GC(56) y: Survivor 2         2M (0%)            7M (0%)           5 / 2              0 / 0              0 / 0        
[2026-06-26T13:32:33.275-0300][87.763s][9664][15868][info][gc,heap     ] GC(56) y: Min Capacity: 8M(0%)
[2026-06-26T13:32:33.275-0300][87.763s][9664][15868][info][gc,heap     ] GC(56) y: Max Capacity: 3072M(100%)
[2026-06-26T13:32:33.275-0300][87.763s][9664][15868][info][gc,heap     ] GC(56) y: Soft Max Capacity: 3072M(100%)
[2026-06-26T13:32:33.275-0300][87.763s][9664][15868][info][gc,heap     ] GC(56) y: Heap Statistics:
[2026-06-26T13:32:33.275-0300][87.763s][9664][15868][info][gc,heap     ] GC(56) y:                Mark Start          Mark End        Relocate Start      Relocate End           High               Low         
[2026-06-26T13:32:33.275-0300][87.763s][9664][15868][info][gc,heap     ] GC(56) y:  Capacity:     3072M (100%)       3072M (100%)       3072M (100%)       3072M (100%)       3072M (100%)       3072M (100%)   
[2026-06-26T13:32:33.275-0300][87.763s][9664][15868][info][gc,heap     ] GC(56) y:      Free:      984M (32%)         968M (32%)         972M (32%)        1232M (40%)        1232M (40%)         968M (32%)    
[2026-06-26T13:32:33.275-0300][87.763s][9664][15868][info][gc,heap     ] GC(56) y:      Used:     2088M (68%)        2104M (68%)        2100M (68%)        1840M (60%)        2104M (68%)        1840M (60%)    
[2026-06-26T13:32:33.275-0300][87.763s][9664][15868][info][gc,heap     ] GC(56) y: Young Generation Statistics:
[2026-06-26T13:32:33.275-0300][87.763s][9664][15868][info][gc,heap     ] GC(56) y:                Mark Start          Mark End        Relocate Start      Relocate End    
[2026-06-26T13:32:33.275-0300][87.763s][9664][15868][info][gc,heap     ] GC(56) y:      Used:      318M (10%)         334M (11%)         288M (9%)           22M (1%)     
[2026-06-26T13:32:33.275-0300][87.763s][9664][15868][info][gc,heap     ] GC(56) y:      Live:         -                48M (2%)            8M (0%)            3M (0%)     
[2026-06-26T13:32:33.275-0300][87.763s][9664][15868][info][gc,heap     ] GC(56) y:   Garbage:         -               269M (9%)          263M (9%)            0M (0%)     
[2026-06-26T13:32:33.275-0300][87.763s][9664][15868][info][gc,heap     ] GC(56) y: Allocated:         -                16M (1%)           16M (1%)           18M (1%)     
[2026-06-26T13:32:33.275-0300][87.763s][9664][15868][info][gc,heap     ] GC(56) y: Reclaimed:         -                  -                 6M (0%)          269M (9%)     
[2026-06-26T13:32:33.275-0300][87.763s][9664][15868][info][gc,heap     ] GC(56) y:  Promoted:         -                  -                39M (1%)           45M (1%)     
[2026-06-26T13:32:33.275-0300][87.763s][9664][15868][info][gc,heap     ] GC(56) y: Compacted:         -                  -                  -                 3M (0%)     
[2026-06-26T13:32:33.275-0300][87.763s][9664][15868][info][gc,phases   ] GC(56) y: Young Generation 2088M(68%)->1840M(60%) 0.201s
[2026-06-26T13:32:33.275-0300][87.763s][9664][15868][info][gc          ] GC(56) Minor Collection (Allocation Rate) 2088M(68%)->1840M(60%) 0.202s
[2026-06-26T13:32:43.188-0300][97.676s][9664][15316][info][gc          ] GC(57) Major Collection (CodeCache GC Threshold)
[2026-06-26T13:32:43.188-0300][97.676s][9664][15316][info][gc,task     ] GC(57) Using 1 Workers for Young Generation
[2026-06-26T13:32:43.188-0300][97.676s][9664][15316][info][gc,task     ] GC(57) Using 1 Workers for Old Generation
[2026-06-26T13:32:43.188-0300][97.677s][9664][15316][info][gc,phases   ] GC(57) Y: Young Generation
[2026-06-26T13:32:43.188-0300][97.677s][9664][9396 ][info][gc,phases   ] GC(57) Y: Pause Mark Start (Major) 0.015ms
[2026-06-26T13:32:43.230-0300][97.718s][9664][15316][info][gc,phases   ] GC(57) Y: Concurrent Mark 41.510ms
[2026-06-26T13:32:43.230-0300][97.718s][9664][9396 ][info][gc,phases   ] GC(57) Y: Pause Mark End 0.012ms
[2026-06-26T13:32:43.230-0300][97.718s][9664][15316][info][gc,phases   ] GC(57) Y: Concurrent Mark Free 0.002ms
[2026-06-26T13:32:43.231-0300][97.719s][9664][15316][info][gc,phases   ] GC(57) Y: Concurrent Reset Relocation Set 0.334ms
[2026-06-26T13:32:43.231-0300][97.719s][9664][15316][info][gc,reloc    ] GC(57) Y: Using tenuring threshold: 2 (Computed)
[2026-06-26T13:32:43.232-0300][97.719s][9664][15316][info][gc,phases   ] GC(57) Y: Concurrent Select Relocation Set 0.500ms
[2026-06-26T13:32:43.232-0300][97.719s][9664][9396 ][info][gc,phases   ] GC(57) Y: Pause Relocate Start 0.011ms
[2026-06-26T13:32:43.235-0300][97.722s][9664][15316][info][gc,phases   ] GC(57) Y: Concurrent Relocate 2.882ms
[2026-06-26T13:32:43.235-0300][97.722s][9664][15316][info][gc,alloc    ] GC(57) Y:                         Mark Start        Mark End      Relocate Start    Relocate End   
[2026-06-26T13:32:43.235-0300][97.722s][9664][15316][info][gc,alloc    ] GC(57) Y: Allocation Stalls:          0                0                0                0         
[2026-06-26T13:32:43.235-0300][97.722s][9664][15316][info][gc,load     ] GC(57) Y: Load: 0.00 (0%) / 0.00 (0%) / 0.00 (0%)
[2026-06-26T13:32:43.235-0300][97.722s][9664][15316][info][gc,mmu      ] GC(57) Y: MMU: 2ms/96.8%, 5ms/98.7%, 10ms/99.3%, 20ms/99.6%, 50ms/99.8%, 100ms/99.8%
[2026-06-26T13:32:43.235-0300][97.722s][9664][15316][info][gc,marking  ] GC(57) Y: Mark: 1 stripe(s), 2 proactive flush(es), 1 terminate flush(es), 0 completion(s), 0 continuation(s) 
[2026-06-26T13:32:43.235-0300][97.722s][9664][15316][info][gc,nmethod  ] GC(57) Y: NMethods: 21409 registered, 0 unregistered
[2026-06-26T13:32:43.235-0300][97.722s][9664][15316][info][gc,metaspace] GC(57) Y: Metaspace: 76M used, 78M committed, 1152M reserved
[2026-06-26T13:32:43.235-0300][97.722s][9664][15316][info][gc,reloc    ] GC(57) Y:                        Candidates     Selected     In-Place         Size        Empty    Relocated 
[2026-06-26T13:32:43.235-0300][97.722s][9664][15316][info][gc,reloc    ] GC(57) Y: Small Pages:                  118           67            0         236M          96M           0M 
[2026-06-26T13:32:43.235-0300][97.722s][9664][15316][info][gc,reloc    ] GC(57) Y: Medium Pages:                   0            0            0           0M           0M           0M 
[2026-06-26T13:32:43.235-0300][97.722s][9664][15316][info][gc,reloc    ] GC(57) Y: Large Pages:                    0            0            0           0M           0M           0M 
[2026-06-26T13:32:43.235-0300][97.722s][9664][15316][info][gc,reloc    ] GC(57) Y: Forwarding Usage: 0M
[2026-06-26T13:32:43.235-0300][97.722s][9664][15316][info][gc,reloc    ] GC(57) Y: Age Table:
[2026-06-26T13:32:43.235-0300][97.722s][9664][15316][info][gc,reloc    ] GC(57) Y:                    Live             Garbage             Small              Medium             Large        
[2026-06-26T13:32:43.235-0300][97.722s][9664][15316][info][gc,reloc    ] GC(57) Y: Eden               0M (0%)          229M (7%)         115 / 66             0 / 0              0 / 0        
[2026-06-26T13:32:43.235-0300][97.722s][9664][15316][info][gc,reloc    ] GC(57) Y: Survivor 1         2M (0%)            3M (0%)           3 / 1              0 / 0              0 / 0        
[2026-06-26T13:32:43.235-0300][97.722s][9664][15316][info][gc,heap     ] GC(57) Y: Min Capacity: 8M(0%)
[2026-06-26T13:32:43.235-0300][97.722s][9664][15316][info][gc,heap     ] GC(57) Y: Max Capacity: 3072M(100%)
[2026-06-26T13:32:43.235-0300][97.722s][9664][15316][info][gc,heap     ] GC(57) Y: Soft Max Capacity: 3072M(100%)
[2026-06-26T13:32:43.235-0300][97.722s][9664][15316][info][gc,heap     ] GC(57) Y: Heap Statistics:
[2026-06-26T13:32:43.235-0300][97.722s][9664][15316][info][gc,heap     ] GC(57) Y:                Mark Start          Mark End        Relocate Start      Relocate End           High               Low         
[2026-06-26T13:32:43.235-0300][97.723s][9664][15316][info][gc,heap     ] GC(57) Y:  Capacity:     3072M (100%)       3072M (100%)       3072M (100%)       3072M (100%)       3072M (100%)       3072M (100%)   
[2026-06-26T13:32:43.235-0300][97.723s][9664][15316][info][gc,heap     ] GC(57) Y:      Free:     1018M (33%)        1000M (33%)        1096M (36%)        1224M (40%)        1224M (40%)        1000M (33%)    
[2026-06-26T13:32:43.235-0300][97.723s][9664][15316][info][gc,heap     ] GC(57) Y:      Used:     2054M (67%)        2072M (67%)        1976M (64%)        1848M (60%)        2072M (67%)        1848M (60%)    
[2026-06-26T13:32:43.235-0300][97.723s][9664][15316][info][gc,heap     ] GC(57) Y: Young Generation Statistics:
[2026-06-26T13:32:43.235-0300][97.723s][9664][15316][info][gc,heap     ] GC(57) Y:                Mark Start          Mark End        Relocate Start      Relocate End    
[2026-06-26T13:32:43.235-0300][97.723s][9664][15316][info][gc,heap     ] GC(57) Y:      Used:      236M (8%)          254M (8%)          158M (5%)           30M (1%)     
[2026-06-26T13:32:43.235-0300][97.723s][9664][15316][info][gc,heap     ] GC(57) Y:      Live:         -                 3M (0%)            3M (0%)            3M (0%)     
[2026-06-26T13:32:43.235-0300][97.723s][9664][15316][info][gc,heap     ] GC(57) Y:   Garbage:         -               232M (8%)          136M (4%)            1M (0%)     
[2026-06-26T13:32:43.235-0300][97.723s][9664][15316][info][gc,heap     ] GC(57) Y: Allocated:         -                18M (1%)           18M (1%)           25M (1%)     
[2026-06-26T13:32:43.235-0300][97.723s][9664][15316][info][gc,heap     ] GC(57) Y: Reclaimed:         -                  -                96M (3%)          231M (8%)     
[2026-06-26T13:32:43.235-0300][97.723s][9664][15316][info][gc,heap     ] GC(57) Y:  Promoted:         -                  -                 0M (0%)            0M (0%)     
[2026-06-26T13:32:43.235-0300][97.723s][9664][15316][info][gc,heap     ] GC(57) Y: Compacted:         -                  -                  -                 0M (0%)     
[2026-06-26T13:32:43.235-0300][97.723s][9664][15316][info][gc,phases   ] GC(57) Y: Young Generation 2054M(67%)->1848M(60%) 0.046s
[2026-06-26T13:32:43.235-0300][97.723s][9664][15316][info][gc,phases   ] GC(57) O: Old Generation
[2026-06-26T13:32:45.874-0300][100.362s][9664][15316][info][gc,phases   ] GC(57) O: Concurrent Mark 2638.881ms
[2026-06-26T13:32:45.874-0300][100.362s][9664][9396 ][info][gc,phases   ] GC(57) O: Pause Mark End 0.014ms
[2026-06-26T13:32:45.874-0300][100.362s][9664][15316][info][gc,phases   ] GC(57) O: Concurrent Mark Free 0.002ms
[2026-06-26T13:32:45.940-0300][100.429s][9664][15316][info][gc,phases   ] GC(57) O: Concurrent Process Non-Strong 67.122ms
[2026-06-26T13:32:45.940-0300][100.429s][9664][15316][info][gc,phases   ] GC(57) O: Concurrent Reset Relocation Set 0.004ms
[2026-06-26T13:32:45.950-0300][100.438s][9664][15316][info][gc,phases   ] GC(57) O: Concurrent Select Relocation Set 9.305ms
[2026-06-26T13:32:45.950-0300][100.438s][9664][15316][info][gc,task     ] GC(57) O: Using 2 Workers for Old Generation
[2026-06-26T13:32:45.958-0300][100.446s][9664][15316][info][gc,task     ] GC(57) O: Using 1 Workers for Old Generation
[2026-06-26T13:32:45.958-0300][100.446s][9664][15316][info][gc,phases   ] GC(57) O: Concurrent Remap Roots 8.020ms
[2026-06-26T13:32:45.958-0300][100.446s][9664][9396 ][info][gc,phases   ] GC(57) O: Pause Relocate Start 0.011ms
[2026-06-26T13:32:46.122-0300][100.610s][9664][15316][info][gc,phases   ] GC(57) O: Concurrent Relocate 164.076ms
[2026-06-26T13:32:46.122-0300][100.611s][9664][15316][info][gc,alloc    ] GC(57) O:                         Mark Start        Mark End      Relocate Start    Relocate End   
[2026-06-26T13:32:46.122-0300][100.611s][9664][15316][info][gc,alloc    ] GC(57) O: Allocation Stalls:          0                0                0                0         
[2026-06-26T13:32:46.122-0300][100.611s][9664][15316][info][gc,load     ] GC(57) O: Load: 0.00 (0%) / 0.00 (0%) / 0.00 (0%)
[2026-06-26T13:32:46.122-0300][100.611s][9664][15316][info][gc,mmu      ] GC(57) O: MMU: 2ms/96.8%, 5ms/98.7%, 10ms/99.3%, 20ms/99.6%, 50ms/99.8%, 100ms/99.8%
[2026-06-26T13:32:46.122-0300][100.611s][9664][15316][info][gc,marking  ] GC(57) O: Mark: 1 stripe(s), 2 proactive flush(es), 1 terminate flush(es), 0 completion(s), 0 continuation(s) 
[2026-06-26T13:32:46.122-0300][100.611s][9664][15316][info][gc,nmethod  ] GC(57) O: NMethods: 13509 registered, 7975 unregistered
[2026-06-26T13:32:46.122-0300][100.611s][9664][15316][info][gc,metaspace] GC(57) O: Metaspace: 76M used, 78M committed, 1152M reserved
[2026-06-26T13:32:46.122-0300][100.611s][9664][15316][info][gc,ref      ] GC(57) O:                       Encountered   Discovered     Enqueued 
[2026-06-26T13:32:46.122-0300][100.611s][9664][15316][info][gc,ref      ] GC(57) O: Soft References:             5675            0            0 
[2026-06-26T13:32:46.122-0300][100.611s][9664][15316][info][gc,ref      ] GC(57) O: Weak References:             5882         4909          344 
[2026-06-26T13:32:46.122-0300][100.611s][9664][15316][info][gc,ref      ] GC(57) O: Final References:              17            1            1 
[2026-06-26T13:32:46.122-0300][100.611s][9664][15316][info][gc,ref      ] GC(57) O: Phantom References:         53000        51269        43899 
[2026-06-26T13:32:46.122-0300][100.611s][9664][15316][info][gc,reloc    ] GC(57) O:                        Candidates     Selected     In-Place         Size        Empty    Relocated 
[2026-06-26T13:32:46.122-0300][100.611s][9664][15316][info][gc,reloc    ] GC(57) O: Small Pages:                  831           10            0        1662M           0M          11M 
[2026-06-26T13:32:46.122-0300][100.611s][9664][15316][info][gc,reloc    ] GC(57) O: Medium Pages:                   3            1            0          96M           0M          12M 
[2026-06-26T13:32:46.122-0300][100.611s][9664][15316][info][gc,reloc    ] GC(57) O: Large Pages:                    5            0            0          60M           0M           0M 
[2026-06-26T13:32:46.122-0300][100.611s][9664][15316][info][gc,reloc    ] GC(57) O: Forwarding Usage: 48M
[2026-06-26T13:32:46.122-0300][100.611s][9664][15316][info][gc,heap     ] GC(57) O: Min Capacity: 8M(0%)
[2026-06-26T13:32:46.122-0300][100.611s][9664][15316][info][gc,heap     ] GC(57) O: Max Capacity: 3072M(100%)
[2026-06-26T13:32:46.122-0300][100.611s][9664][15316][info][gc,heap     ] GC(57) O: Soft Max Capacity: 3072M(100%)
[2026-06-26T13:32:46.122-0300][100.611s][9664][15316][info][gc,heap     ] GC(57) O: Heap Statistics:
[2026-06-26T13:32:46.122-0300][100.611s][9664][15316][info][gc,heap     ] GC(57) O:                Mark Start          Mark End        Relocate Start      Relocate End           High               Low         
[2026-06-26T13:32:46.122-0300][100.611s][9664][15316][info][gc,heap     ] GC(57) O:  Capacity:     3072M (100%)       3072M (100%)       3072M (100%)       3072M (100%)       3072M (100%)       3072M (100%)   
[2026-06-26T13:32:46.122-0300][100.611s][9664][15316][info][gc,heap     ] GC(57) O:      Free:     1018M (33%)        1154M (38%)        1150M (37%)        1196M (39%)        1224M (40%)        1000M (33%)    
[2026-06-26T13:32:46.122-0300][100.611s][9664][15316][info][gc,heap     ] GC(57) O:      Used:     2054M (67%)        1918M (62%)        1922M (63%)        1876M (61%)        2072M (67%)        1848M (60%)    
[2026-06-26T13:32:46.122-0300][100.611s][9664][15316][info][gc,heap     ] GC(57) O: Old Generation Statistics:
[2026-06-26T13:32:46.122-0300][100.611s][9664][15316][info][gc,heap     ] GC(57) O:                Mark Start          Mark End        Relocate Start      Relocate End    
[2026-06-26T13:32:46.122-0300][100.611s][9664][15316][info][gc,heap     ] GC(57) O:      Used:     1818M (59%)        1818M (59%)        1818M (59%)        1770M (58%)    
[2026-06-26T13:32:46.122-0300][100.611s][9664][15316][info][gc,heap     ] GC(57) O:      Live:         -              1647M (54%)        1647M (54%)        1647M (54%)    
[2026-06-26T13:32:46.122-0300][100.611s][9664][15316][info][gc,heap     ] GC(57) O:   Garbage:         -               170M (6%)          170M (6%)           92M (3%)     
[2026-06-26T13:32:46.122-0300][100.611s][9664][15316][info][gc,heap     ] GC(57) O: Allocated:         -                 0M (0%)            0M (0%)           29M (1%)     
[2026-06-26T13:32:46.122-0300][100.611s][9664][15316][info][gc,heap     ] GC(57) O: Reclaimed:         -                  -                 0M (0%)           77M (3%)     
[2026-06-26T13:32:46.122-0300][100.611s][9664][15316][info][gc,heap     ] GC(57) O: Compacted:         -                  -                  -               114M (4%)     
[2026-06-26T13:32:46.122-0300][100.611s][9664][15316][info][gc,phases   ] GC(57) O: Old Generation 1848M(60%)->1876M(61%) 2.888s
[2026-06-26T13:32:46.122-0300][100.611s][9664][15316][info][gc          ] GC(57) Major Collection (CodeCache GC Threshold) 2054M(67%)->1876M(61%) 2.935s
[2026-06-26T13:33:12.997-0300][127.485s][9664][11872][info][gc,exit     ] Stopping ZGC
[2026-06-26T13:33:12.997-0300][127.485s][9664][15828][info][gc,stats    ] === Garbage Collection Statistics =======================================================================================================================
[2026-06-26T13:33:12.997-0300][127.485s][9664][15828][info][gc,stats    ]                                                              Last 10s              Last 10m              Last 10h                Total
[2026-06-26T13:33:12.997-0300][127.485s][9664][15828][info][gc,stats    ]                                                              Avg / Max             Avg / Max             Avg / Max             Avg / Max
[2026-06-26T13:33:12.997-0300][127.485s][9664][15828][info][gc,stats    ]        Contention: Mark Segment Reset Contention                     0 / 0                 3 / 167               3 / 167               3 / 167         ops/s
[2026-06-26T13:33:12.997-0300][127.485s][9664][15828][info][gc,stats    ]        Contention: Mark SeqNum Reset Contention                      0 / 0                 1 / 34                1 / 34                1 / 34          ops/s
[2026-06-26T13:33:12.997-0300][127.485s][9664][15828][info][gc,stats    ]          Critical: Allocation Stall                                  0 / 0                 0 / 37                0 / 37                0 / 37          ops/s
[2026-06-26T13:33:12.997-0300][127.485s][9664][15828][info][gc,stats    ]          Critical: Allocation Stall                              0.000 / 0.000        39.739 / 102.270      39.739 / 102.270      39.739 / 102.270     ms
[2026-06-26T13:33:12.997-0300][127.485s][9664][15828][info][gc,stats    ]          Critical: JNI Critical Stall                                0 / 0                 0 / 32                0 / 32                0 / 32          ops/s
[2026-06-26T13:33:12.997-0300][127.485s][9664][15828][info][gc,stats    ]          Critical: JNI Critical Stall                            0.000 / 0.000         3.022 / 28.123        3.022 / 28.123        3.022 / 28.123      ms
[2026-06-26T13:33:12.997-0300][127.485s][9664][15828][info][gc,stats    ]          Critical: Relocation Stall                                  0 / 0                 0 / 14                0 / 14                0 / 14          ops/s
[2026-06-26T13:33:12.997-0300][127.485s][9664][15828][info][gc,stats    ]          Critical: Relocation Stall                              0.000 / 0.000         0.549 / 0.889         0.549 / 0.889         0.549 / 0.889       ms
[2026-06-26T13:33:12.997-0300][127.485s][9664][15828][info][gc,stats    ]  Major Collection: Major Collection                              0.000 / 0.000      1379.841 / 3162.580   1379.841 / 3162.580   1379.841 / 3162.580    ms
[2026-06-26T13:33:12.997-0300][127.485s][9664][15828][info][gc,stats    ]            Memory: Allocation Rate                                  15 / 50              197 / 6046            197 / 6046            197 / 6046        MB/s
[2026-06-26T13:33:12.997-0300][127.485s][9664][15828][info][gc,stats    ]            Memory: Defragment                                        0 / 0                 0 / 0                 0 / 0                 0 / 0           ops/s
[2026-06-26T13:33:12.997-0300][127.485s][9664][15828][info][gc,stats    ]            Memory: Mapped Cache Harvest                              0 / 0                 0 / 0                 0 / 0                 0 / 0           MB/s
[2026-06-26T13:33:12.997-0300][127.485s][9664][15828][info][gc,stats    ]            Memory: Out Of Memory                                     0 / 0                 0 / 0                 0 / 0                 0 / 0           ops/s
[2026-06-26T13:33:12.997-0300][127.485s][9664][15828][info][gc,stats    ]            Memory: Uncommit                                          0 / 0                 0 / 0                 0 / 0                 0 / 0           MB/s
[2026-06-26T13:33:12.997-0300][127.485s][9664][15828][info][gc,stats    ]            Memory: Undo Object Allocation Failed                     0 / 0                 0 / 0                 0 / 0                 0 / 0           ops/s
[2026-06-26T13:33:12.997-0300][127.485s][9664][15828][info][gc,stats    ]            Memory: Undo Object Allocation Succeeded                  0 / 0                 9 / 1174              9 / 1174              9 / 1174        ops/s
[2026-06-26T13:33:12.997-0300][127.485s][9664][15828][info][gc,stats    ]            Memory: Undo Page Allocation                              0 / 0                 0 / 7                 0 / 7                 0 / 7           ops/s
[2026-06-26T13:33:12.997-0300][127.485s][9664][15828][info][gc,stats    ]  Minor Collection: Minor Collection                              0.000 / 0.000       163.394 / 768.855     163.394 / 768.855     163.394 / 768.855     ms
[2026-06-26T13:33:12.997-0300][127.485s][9664][15828][info][gc,stats    ]    Old Generation: Old Generation                                0.000 / 0.000      1274.143 / 3070.937   1274.143 / 3070.937   1274.143 / 3070.937    ms
[2026-06-26T13:33:12.997-0300][127.485s][9664][15828][info][gc,stats    ]         Old Pause: Pause Mark End                                0.000 / 0.000         0.015 / 0.018         0.015 / 0.018         0.015 / 0.018       ms
[2026-06-26T13:33:12.997-0300][127.485s][9664][15828][info][gc,stats    ]         Old Pause: Pause Relocate Start                          0.000 / 0.000         0.011 / 0.015         0.011 / 0.015         0.011 / 0.015       ms
[2026-06-26T13:33:12.997-0300][127.485s][9664][15828][info][gc,stats    ]         Old Phase: Concurrent Mark                               0.000 / 0.000      1191.748 / 2971.731   1191.748 / 2971.731   1191.748 / 2971.731    ms
[2026-06-26T13:33:12.997-0300][127.485s][9664][15828][info][gc,stats    ]         Old Phase: Concurrent Mark Continue                      0.000 / 0.000         0.000 / 0.000         0.000 / 0.000         0.000 / 0.000       ms
[2026-06-26T13:33:12.997-0300][127.486s][9664][15828][info][gc,stats    ]         Old Phase: Concurrent Mark Free                          0.000 / 0.000         0.003 / 0.006         0.003 / 0.006         0.003 / 0.006       ms
[2026-06-26T13:33:12.997-0300][127.486s][9664][15828][info][gc,stats    ]         Old Phase: Concurrent Process Non-Strong                 0.000 / 0.000        25.401 / 67.122       25.401 / 67.122       25.401 / 67.122      ms
[2026-06-26T13:33:12.997-0300][127.486s][9664][15828][info][gc,stats    ]         Old Phase: Concurrent Relocate                           0.000 / 0.000        43.201 / 164.076      43.201 / 164.076      43.201 / 164.076     ms
[2026-06-26T13:33:12.997-0300][127.486s][9664][15828][info][gc,stats    ]         Old Phase: Concurrent Remap Roots                        0.000 / 0.000         5.731 / 15.528        5.731 / 15.528        5.731 / 15.528      ms
[2026-06-26T13:33:12.997-0300][127.486s][9664][15828][info][gc,stats    ]         Old Phase: Concurrent Reset Relocation Set               0.000 / 0.000         0.003 / 0.008         0.003 / 0.008         0.003 / 0.008       ms
[2026-06-26T13:33:12.997-0300][127.486s][9664][15828][info][gc,stats    ]         Old Phase: Concurrent Select Relocation Set              0.000 / 0.000         2.491 / 9.305         2.491 / 9.305         2.491 / 9.305       ms
[2026-06-26T13:33:12.997-0300][127.486s][9664][15828][info][gc,stats    ]      Old Subphase: Concurrent Classes Purge                      0.000 / 0.000         2.725 / 22.951        2.725 / 22.951        2.725 / 22.951      ms
[2026-06-26T13:33:12.998-0300][127.486s][9664][15828][info][gc,stats    ]      Old Subphase: Concurrent Classes Unlink                     0.000 / 0.000        16.840 / 36.641       16.840 / 36.641       16.840 / 36.641      ms
[2026-06-26T13:33:12.998-0300][127.486s][9664][15828][info][gc,stats    ]      Old Subphase: Concurrent Mark Follow                        0.000 / 0.000      1191.493 / 2971.268   1191.493 / 2971.268   1191.493 / 2971.268    ms
[2026-06-26T13:33:12.998-0300][127.486s][9664][15828][info][gc,stats    ]      Old Subphase: Concurrent Mark Root Colored                  0.000 / 0.000         0.083 / 0.167         0.083 / 0.167         0.083 / 0.167       ms
[2026-06-26T13:33:12.998-0300][127.486s][9664][15828][info][gc,stats    ]      Old Subphase: Concurrent Mark Root Uncolored                0.000 / 0.000         0.126 / 0.258         0.126 / 0.258         0.126 / 0.258       ms
[2026-06-26T13:33:12.998-0300][127.486s][9664][15828][info][gc,stats    ]      Old Subphase: Concurrent Mark Roots                         0.000 / 0.000         0.252 / 0.459         0.252 / 0.459         0.252 / 0.459       ms
[2026-06-26T13:33:12.998-0300][127.486s][9664][15828][info][gc,stats    ]      Old Subphase: Concurrent References Enqueue                 0.000 / 0.000         0.004 / 0.007         0.004 / 0.007         0.004 / 0.007       ms
[2026-06-26T13:33:12.998-0300][127.486s][9664][15828][info][gc,stats    ]      Old Subphase: Concurrent References Process                 0.000 / 0.000         1.912 / 7.204         1.912 / 7.204         1.912 / 7.204       ms
[2026-06-26T13:33:12.998-0300][127.486s][9664][15828][info][gc,stats    ]      Old Subphase: Concurrent Remap Remembered                   0.000 / 0.000         2.315 / 10.927        2.315 / 10.927        2.315 / 10.927      ms
[2026-06-26T13:33:12.998-0300][127.486s][9664][15828][info][gc,stats    ]      Old Subphase: Concurrent Remap Roots Colored                0.000 / 0.000         1.248 / 1.875         1.248 / 1.875         1.248 / 1.875       ms
[2026-06-26T13:33:12.998-0300][127.486s][9664][15828][info][gc,stats    ]      Old Subphase: Concurrent Remap Roots Uncolored              0.000 / 0.000         1.923 / 3.809         1.923 / 3.809         1.923 / 3.809       ms
[2026-06-26T13:33:12.998-0300][127.486s][9664][15828][info][gc,stats    ]      Old Subphase: Concurrent Roots ClassLoaderDataGraph         0.000 / 0.000         0.441 / 0.931         0.441 / 0.931         0.441 / 0.931       ms
[2026-06-26T13:33:12.998-0300][127.486s][9664][15828][info][gc,stats    ]      Old Subphase: Concurrent Roots CodeCache                    0.000 / 0.000         1.896 / 3.780         1.896 / 3.780         1.896 / 3.780       ms
[2026-06-26T13:33:12.998-0300][127.486s][9664][15828][info][gc,stats    ]      Old Subphase: Concurrent Roots JavaThreads                  0.000 / 0.000         0.042 / 0.499         0.042 / 0.499         0.042 / 0.499       ms
[2026-06-26T13:33:12.998-0300][127.486s][9664][15828][info][gc,stats    ]      Old Subphase: Concurrent Roots OopStorageSet                0.000 / 0.000         0.010 / 0.050         0.010 / 0.050         0.010 / 0.050       ms
[2026-06-26T13:33:12.998-0300][127.486s][9664][15828][info][gc,stats    ]      Old Subphase: Concurrent Weak Roots OopStorageSet           0.000 / 0.000         1.458 / 6.298         1.458 / 6.298         1.458 / 6.298       ms
[2026-06-26T13:33:12.998-0300][127.486s][9664][15828][info][gc,stats    ]            System: Java Threads                                      0 / 0                27 / 39               27 / 39               27 / 39          threads
[2026-06-26T13:33:12.998-0300][127.486s][9664][15828][info][gc,stats    ]  Young Generation: Young Generation                              0.000 / 0.000       104.767 / 549.219     104.767 / 549.219     104.767 / 549.219     ms
[2026-06-26T13:33:12.998-0300][127.486s][9664][15828][info][gc,stats    ]  Young Generation: Young Generation                              0.000 / 0.000       162.865 / 768.413     162.865 / 768.413     162.865 / 768.413     ms
[2026-06-26T13:33:12.998-0300][127.486s][9664][15828][info][gc,stats    ]  Young Generation: Young Generation (Collect Roots)              0.000 / 0.000         0.000 / 0.000         0.000 / 0.000         0.000 / 0.000       ms
[2026-06-26T13:33:12.998-0300][127.486s][9664][15828][info][gc,stats    ]  Young Generation: Young Generation (Promote All)                0.000 / 0.000         0.000 / 0.000         0.000 / 0.000         0.000 / 0.000       ms
[2026-06-26T13:33:12.998-0300][127.486s][9664][15828][info][gc,stats    ]       Young Pause: Pause Mark End                                0.000 / 0.000         0.017 / 0.055         0.017 / 0.055         0.017 / 0.055       ms
[2026-06-26T13:33:12.998-0300][127.486s][9664][15828][info][gc,stats    ]       Young Pause: Pause Mark Start                              0.000 / 0.000         0.016 / 0.065         0.016 / 0.065         0.016 / 0.065       ms
[2026-06-26T13:33:12.998-0300][127.486s][9664][15828][info][gc,stats    ]       Young Pause: Pause Mark Start (Major)                      0.000 / 0.000         0.015 / 0.035         0.015 / 0.035         0.015 / 0.035       ms
[2026-06-26T13:33:12.998-0300][127.486s][9664][15828][info][gc,stats    ]       Young Pause: Pause Relocate Start                          0.000 / 0.000         0.013 / 0.025         0.013 / 0.025         0.013 / 0.025       ms
[2026-06-26T13:33:12.998-0300][127.486s][9664][15828][info][gc,stats    ]       Young Phase: Concurrent Mark                               0.000 / 0.000       102.422 / 465.878     102.422 / 465.878     102.422 / 465.878     ms
[2026-06-26T13:33:12.998-0300][127.486s][9664][15828][info][gc,stats    ]       Young Phase: Concurrent Mark Continue                      0.000 / 0.000         0.000 / 0.000         0.000 / 0.000         0.000 / 0.000       ms
[2026-06-26T13:33:12.998-0300][127.486s][9664][15828][info][gc,stats    ]       Young Phase: Concurrent Mark Free                          0.000 / 0.000         0.004 / 0.012         0.004 / 0.012         0.004 / 0.012       ms
[2026-06-26T13:33:12.998-0300][127.486s][9664][15828][info][gc,stats    ]       Young Phase: Concurrent Relocate                           0.000 / 0.000        32.130 / 210.649      32.130 / 210.649      32.130 / 210.649     ms
[2026-06-26T13:33:12.998-0300][127.486s][9664][15828][info][gc,stats    ]       Young Phase: Concurrent Reset Relocation Set               0.000 / 0.000         0.075 / 0.687         0.075 / 0.687         0.075 / 0.687       ms
[2026-06-26T13:33:12.998-0300][127.486s][9664][15828][info][gc,stats    ]       Young Phase: Concurrent Select Relocation Set              0.000 / 0.000        12.209 / 164.716      12.209 / 164.716      12.209 / 164.716     ms
[2026-06-26T13:33:12.998-0300][127.486s][9664][15828][info][gc,stats    ]    Young Subphase: Concurrent Mark Follow                        0.000 / 0.000        95.422 / 458.510      95.422 / 458.510      95.422 / 458.510     ms
[2026-06-26T13:33:12.998-0300][127.486s][9664][15828][info][gc,stats    ]    Young Subphase: Concurrent Mark Root Colored                  0.000 / 0.000         3.055 / 7.844         3.055 / 7.844         3.055 / 7.844       ms
[2026-06-26T13:33:12.998-0300][127.486s][9664][15828][info][gc,stats    ]    Young Subphase: Concurrent Mark Root Uncolored                0.000 / 0.000         3.330 / 13.139        3.330 / 13.139        3.330 / 13.139      ms
[2026-06-26T13:33:12.998-0300][127.486s][9664][15828][info][gc,stats    ]    Young Subphase: Concurrent Mark Roots                         0.000 / 0.000         6.997 / 18.051        6.997 / 18.051        6.997 / 18.051      ms
[2026-06-26T13:33:12.998-0300][127.486s][9664][15828][info][gc,stats    ]    Young Subphase: Concurrent Relocate Remset FP                 0.000 / 0.000        13.518 / 205.439      13.518 / 205.439      13.518 / 205.439     ms
[2026-06-26T13:33:12.998-0300][127.486s][9664][15828][info][gc,stats    ]    Young Subphase: Concurrent Roots ClassLoaderDataGraph         0.000 / 0.000         0.835 / 4.250         0.835 / 4.250         0.835 / 4.250       ms
[2026-06-26T13:33:12.998-0300][127.486s][9664][15828][info][gc,stats    ]    Young Subphase: Concurrent Roots CodeCache                    0.000 / 0.000         3.120 / 12.976        3.120 / 12.976        3.120 / 12.976      ms
[2026-06-26T13:33:12.998-0300][127.486s][9664][15828][info][gc,stats    ]    Young Subphase: Concurrent Roots JavaThreads                  0.000 / 0.000         0.107 / 3.725         0.107 / 3.725         0.107 / 3.725       ms
[2026-06-26T13:33:12.998-0300][127.486s][9664][15828][info][gc,stats    ]    Young Subphase: Concurrent Roots OopStorageSet                0.000 / 0.000         0.043 / 0.481         0.043 / 0.481         0.043 / 0.481       ms
[2026-06-26T13:33:12.998-0300][127.486s][9664][15828][info][gc,stats    ]    Young Subphase: Concurrent Weak Roots OopStorageSet           0.000 / 0.000         2.188 / 7.033         2.188 / 7.033         2.188 / 7.033       ms
[2026-06-26T13:33:12.998-0300][127.486s][9664][15828][info][gc,stats    ] =========================================================================================================================================================
[2026-06-26T13:33:12.998-0300][127.487s][9664][11872][info][gc,exit     ] Heap
[2026-06-26T13:33:12.999-0300][127.487s][9664][11872][info][gc,exit     ]  ZHeap           used 2394M, capacity 3072M, max capacity 3072M
[2026-06-26T13:33:12.999-0300][127.487s][9664][11872][info][gc,exit     ]   Cache          678M (2)
[2026-06-26T13:33:12.999-0300][127.487s][9664][11872][info][gc,exit     ]    size classes  256M (2)
[2026-06-26T13:33:12.999-0300][127.487s][9664][11872][info][gc,exit     ]  Metaspace       used 79037K, committed 80832K, reserved 1179648K
[2026-06-26T13:33:12.999-0300][127.487s][9664][11872][info][gc,exit     ]   class space    used 7132K, committed 8000K, reserved 1048576K
